10-20 22:58:40.011 21163 28188 E gle.android.gms: hiddenapi: Accessing hidden method Landroid/telephony/ServiceState;->getVoiceNetworkType()I (runtime_flags=0, domain=platform, api=max-target-p) from Lbcxo; (domain=app) using reflection: denied
10-20 22:58:40.012 21163 28188 E gle.android.gms: hiddenapi: Accessing hidden method Landroid/telephony/ServiceState;->getDataNetworkType()I (runtime_flags=0, domain=platform, api=blocked,test-api) from Lbcxo; (domain=app) using reflection: denied
10-20 22:58:40.013 21163 28188 W gle.android.gms: hiddenapi: If this is a platform test consider enabling VMRuntime.ALLOW_TEST_API_ACCESS change id for this package.
10-20 22:58:40.014 21163 28056 E gle.android.gms: hiddenapi: Accessing hidden method Landroid/telephony/ServiceState;->getVoiceNetworkType()I (runtime_flags=0, domain=platform, api=max-target-p) from Lbcxo; (domain=app) using reflection: denied
10-20 22:58:40.015 21163 28056 E gle.android.gms: hiddenapi: Accessing hidden method Landroid/telephony/ServiceState;->getDataNetworkType()I (runtime_flags=0, domain=platform, api=blocked,test-api) from Lbcxo; (domain=app) using reflection: denied
10-20 22:58:40.015 21163 28056 W gle.android.gms: hiddenapi: If this is a platform test consider enabling VMRuntime.ALLOW_TEST_API_ACCESS change id for this package.
10-20 22:58:41.058 21163 21163 D BoundBrokerSvc: onUnbind: Intent { act=com.google.android.gms.people.contactssync.service.START dat=chimera-action:/... cmp=com.google.android.gms/.chimera.GmsBoundBrokerService }
10-20 22:58:41.430 21163 21163 D BoundBrokerSvc: onUnbind: Intent { act=com.google.android.gms.feedback.internal.IFeedbackService dat=chimera-action:/... cmp=com.google.android.gms/.chimera.GmsBoundBrokerService }
10-20 22:58:41.453 27060 27485 I ReactNativeJS: ğŸ”„ Auto-refreshing rides (2-second interval)...
10-20 22:58:41.454 27060 27485 I ReactNativeJS: === LOADING RIDES ===
10-20 22:58:41.454 27060 27485 I ReactNativeJS: 'Driver ID:', 'eb91d7e5-e2f2-4021-a8c8-3739a3d4cae4'
10-20 22:58:41.454 27060 27485 I ReactNativeJS: 'Driver User ID:', '1c4ac410-54d8-4b5e-960b-3afcbebd115d'
10-20 22:58:41.458 27060 27485 I ReactNativeJS: 'ğŸ¯ğŸ¯ğŸ¯ TripCompletionModal RENDER - visible:', false
10-20 22:58:41.458 27060 27485 I ReactNativeJS: 'ğŸ¯ğŸ¯ğŸ¯ tripData:', '{\n  "distance": 0,\n  "duration": 0,\n  "fareBreakdown": {\n    "booking_type": "regular",\n    "vehicle_type": "sedan",\n    "base_fare": 0,\n    "distance_fare": 0,\n    "time_fare": 0,\n    "surge_charges": 0,\n    "deadhead_charges": 0,\n    "platform_fee": 0,\n    "gst_on_charges": 0,\n    "gst_on_platform_fee": 0,\n    "extra_km_charges": 0,\n    "driver_allowance": 0,\n    "total_fare": 0,\n    "details": {\n      "actual_distance_km": 0,\n      "actual_duration_minutes": 0,\n      "per_km_rate": 0\n    }\n  },\n  "pickup_address": "",\n  "destination_address": "",\n  "booking_type": "regular",\n  "rental_hours": null\n}'
10-20 22:58:41.458 27060 27485 I ReactNativeJS: âŒ Not visible - returning null
10-20 22:58:41.459 27060 27485 I ReactNativeJS: ğŸ” Loading current ride...
10-20 22:58:41.460 27060 27485 I ReactNativeJS: === RIDES SCREEN STATE DEBUG ===
10-20 22:58:41.461 27060 27485 I ReactNativeJS: ğŸ”„ Component state updated:
10-20 22:58:41.461 27060 27485 I ReactNativeJS: '  - Current ride:', 'null'
10-20 22:58:41.461 27060 27485 I ReactNativeJS: '  - Pending rides count:', 0
10-20 22:58:41.461 27060 27485 I ReactNativeJS: '  - Driver status:', 'online'
10-20 22:58:41.461 27060 27485 I ReactNativeJS: '  - Loading:', true
10-20 22:58:41.461 27060 27485 I ReactNativeJS: '  - Error:', null
10-20 22:58:41.461 27060 27485 I ReactNativeJS: '  - Show modal:', false
10-20 22:58:41.461 27060 27485 I ReactNativeJS: '  - Timestamp:', '2025-10-20T17:28:41.461Z'
10-20 22:58:41.461 27060 27485 I ReactNativeJS: âŒ NO CURRENT RIDE - showing empty state
10-20 22:58:41.846 27060 27485 I ReactNativeJS: 'âœ… Current ride loaded:', 'none'
10-20 22:58:41.847 27060 27485 I ReactNativeJS: ğŸ” Loading pending ride notifications...
10-20 22:58:42.106 27060 27485 I ReactNativeJS: ğŸ“‹ Found 0 unread ride notifications
10-20 22:58:42.112 27060 27485 I ReactNativeJS: 'ğŸ¯ğŸ¯ğŸ¯ TripCompletionModal RENDER - visible:', false
10-20 22:58:42.112 27060 27485 I ReactNativeJS: 'ğŸ¯ğŸ¯ğŸ¯ tripData:', '{\n  "distance": 0,\n  "duration": 0,\n  "fareBreakdown": {\n    "booking_type": "regular",\n    "vehicle_type": "sedan",\n    "base_fare": 0,\n    "distance_fare": 0,\n    "time_fare": 0,\n    "surge_charges": 0,\n    "deadhead_charges": 0,\n    "platform_fee": 0,\n    "gst_on_charges": 0,\n    "gst_on_platform_fee": 0,\n    "extra_km_charges": 0,\n    "driver_allowance": 0,\n    "total_fare": 0,\n    "details": {\n      "actual_distance_km": 0,\n      "actual_duration_minutes": 0,\n      "per_km_rate": 0\n    }\n  },\n  "pickup_address": "",\n  "destination_address": "",\n  "booking_type": "regular",\n  "rental_hours": null\n}'
10-20 22:58:42.112 27060 27485 I ReactNativeJS: âŒ Not visible - returning null
10-20 22:58:42.114 27060 27485 I ReactNativeJS: âœ… No pending ride notifications
10-20 22:58:42.115 27060 27485 I ReactNativeJS: === RIDES SCREEN STATE DEBUG ===
10-20 22:58:42.115 27060 27485 I ReactNativeJS: ğŸ”„ Component state updated:
10-20 22:58:42.115 27060 27485 I ReactNativeJS: '  - Current ride:', 'null'
10-20 22:58:42.115 27060 27485 I ReactNativeJS: '  - Pending rides count:', 0
10-20 22:58:42.115 27060 27485 I ReactNativeJS: '  - Driver status:', 'online'
10-20 22:58:42.115 27060 27485 I ReactNativeJS: '  - Loading:', true
10-20 22:58:42.115 27060 27485 I ReactNativeJS: '  - Error:', null
10-20 22:58:42.115 27060 27485 I ReactNativeJS: '  - Show modal:', false
10-20 22:58:42.115 27060 27485 I ReactNativeJS: '  - Timestamp:', '2025-10-20T17:28:42.115Z'
10-20 22:58:42.115 27060 27485 I ReactNativeJS: âŒ NO CURRENT RIDE - showing empty state
10-20 22:58:42.115 27060 27485 I ReactNativeJS: === RIDE REQUEST MODAL LOGIC DEBUG ===
10-20 22:58:42.115 27060 27485 I ReactNativeJS: ğŸ”„ Checking if should show ride request modal:
10-20 22:58:42.115 27060 27485 I ReactNativeJS: '  - Pending rides:', 0
10-20 22:58:42.115 27060 27485 I ReactNativeJS: '  - Modal already showing:', false
10-20 22:58:42.115 27060 27485 I ReactNativeJS: '  - Driver status:', 'online'
10-20 22:58:42.115 27060 27485 I ReactNativeJS: '  - Has current ride:', false
10-20 22:58:42.115 27060 27485 I ReactNativeJS: âŒ NOT SHOWING MODAL - reasons:
10-20 22:58:42.116 27060 27485 I ReactNativeJS: 'ğŸš— Analysis:', { pendingRidesCount: 0,
10-20 22:58:42.116 27060 27485 I ReactNativeJS:   modalAlreadyShowing: false,
10-20 22:58:42.116 27060 27485 I ReactNativeJS:   driverStatus: 'online',
10-20 22:58:42.116 27060 27485 I ReactNativeJS:   hasCurrentRide: false }
10-20 22:58:42.122 27060 27485 I ReactNativeJS: 'ğŸ¯ğŸ¯ğŸ¯ TripCompletionModal RENDER - visible:', false
10-20 22:58:42.122 27060 27485 I ReactNativeJS: 'ğŸ¯ğŸ¯ğŸ¯ tripData:', '{\n  "distance": 0,\n  "duration": 0,\n  "fareBreakdown": {\n    "booking_type": "regular",\n    "vehicle_type": "sedan",\n    "base_fare": 0,\n    "distance_fare": 0,\n    "time_fare": 0,\n    "surge_charges": 0,\n    "deadhead_charges": 0,\n    "platform_fee": 0,\n    "gst_on_charges": 0,\n    "gst_on_platform_fee": 0,\n    "extra_km_charges": 0,\n    "driver_allowance": 0,\n    "total_fare": 0,\n    "details": {\n      "actual_distance_km": 0,\n      "actual_duration_minutes": 0,\n      "per_km_rate": 0\n    }\n  },\n  "pickup_address": "",\n  "destination_address": "",\n  "booking_type": "regular",\n  "rental_hours": null\n}'
10-20 22:58:42.122 27060 27485 I ReactNativeJS: âŒ Not visible - returning null
10-20 22:58:42.123 27060 27485 I ReactNativeJS: === RIDES SCREEN STATE DEBUG ===
10-20 22:58:42.123 27060 27485 I ReactNativeJS: ğŸ”„ Component state updated:
10-20 22:58:42.123 27060 27485 I ReactNativeJS: '  - Current ride:', 'null'
10-20 22:58:42.123 27060 27485 I ReactNativeJS: '  - Pending rides count:', 0
10-20 22:58:42.123 27060 27485 I ReactNativeJS: '  - Driver status:', 'online'
10-20 22:58:42.123 27060 27485 I ReactNativeJS: '  - Loading:', false
10-20 22:58:42.124 27060 27485 I ReactNativeJS: '  - Error:', null
10-20 22:58:42.124 27060 27485 I ReactNativeJS: '  - Show modal:', false
10-20 22:58:42.124 27060 27485 I ReactNativeJS: '  - Timestamp:', '2025-10-20T17:28:42.124Z'
10-20 22:58:42.124 27060 27485 I ReactNativeJS: âŒ NO CURRENT RIDE - showing empty state
10-20 22:58:42.846 11248 12559 W .apps.messaging: Reducing the number of considered missed Gc histogram windows from 304 to 100
10-20 22:58:43.453 27060 27485 I ReactNativeJS: ğŸ”„ Auto-refreshing rides (2-second interval)...
10-20 22:58:43.453 27060 27485 I ReactNativeJS: === LOADING RIDES ===
10-20 22:58:43.453 27060 27485 I ReactNativeJS: 'Driver ID:', 'eb91d7e5-e2f2-4021-a8c8-3739a3d4cae4'
10-20 22:58:43.454 27060 27485 I ReactNativeJS: 'Driver User ID:', '1c4ac410-54d8-4b5e-960b-3afcbebd115d'
10-20 22:58:43.466 27060 27485 I ReactNativeJS: 'ğŸ¯ğŸ¯ğŸ¯ TripCompletionModal RENDER - visible:', false
10-20 22:58:43.466 27060 27485 I ReactNativeJS: 'ğŸ¯ğŸ¯ğŸ¯ tripData:', '{\n  "distance": 0,\n  "duration": 0,\n  "fareBreakdown": {\n    "booking_type": "regular",\n    "vehicle_type": "sedan",\n    "base_fare": 0,\n    "distance_fare": 0,\n    "time_fare": 0,\n    "surge_charges": 0,\n    "deadhead_charges": 0,\n    "platform_fee": 0,\n    "gst_on_charges": 0,\n    "gst_on_platform_fee": 0,\n    "extra_km_charges": 0,\n    "driver_allowance": 0,\n    "total_fare": 0,\n    "details": {\n      "actual_distance_km": 0,\n      "actual_duration_minutes": 0,\n      "per_km_rate": 0\n    }\n  },\n  "pickup_address": "",\n  "destination_address": "",\n  "booking_type": "regular",\n  "rental_hours": null\n}'
10-20 22:58:43.467 27060 27485 I ReactNativeJS: âŒ Not visible - returning null
10-20 22:58:43.469 27060 27485 I ReactNativeJS: ğŸ” Loading current ride...
10-20 22:58:43.471 27060 27485 I ReactNativeJS: === RIDES SCREEN STATE DEBUG ===
10-20 22:58:43.471 27060 27485 I ReactNativeJS: ğŸ”„ Component state updated:
10-20 22:58:43.471 27060 27485 I ReactNativeJS: '  - Current ride:', 'null'
10-20 22:58:43.471 27060 27485 I ReactNativeJS: '  - Pending rides count:', 0
10-20 22:58:43.471 27060 27485 I ReactNativeJS: '  - Driver status:', 'online'
10-20 22:58:43.471 27060 27485 I ReactNativeJS: '  - Loading:', true
10-20 22:58:43.471 27060 27485 I ReactNativeJS: '  - Error:', null
10-20 22:58:43.472 27060 27485 I ReactNativeJS: '  - Show modal:', false
10-20 22:58:43.472 27060 27485 I ReactNativeJS: '  - Timestamp:', '2025-10-20T17:28:43.472Z'
10-20 22:58:43.472 27060 27485 I ReactNativeJS: âŒ NO CURRENT RIDE - showing empty state
10-20 22:58:43.730 27060 27485 I ReactNativeJS: 'âœ… Current ride loaded:', 'none'
10-20 22:58:43.730 27060 27485 I ReactNativeJS: ğŸ” Loading pending ride notifications...
10-20 22:58:43.963 21163 27924 I Authzen : [DeviceStateSyncManager] The server is in sync with current state. Nothing to do
10-20 22:58:44.023 27060 27485 I ReactNativeJS: ğŸ“‹ Found 0 unread ride notifications
10-20 22:58:44.038 27060 27485 I ReactNativeJS: 'ğŸ¯ğŸ¯ğŸ¯ TripCompletionModal RENDER - visible:', false
10-20 22:58:44.039 27060 27485 I ReactNativeJS: 'ğŸ¯ğŸ¯ğŸ¯ tripData:', '{\n  "distance": 0,\n  "duration": 0,\n  "fareBreakdown": {\n    "booking_type": "regular",\n    "vehicle_type": "sedan",\n    "base_fare": 0,\n    "distance_fare": 0,\n    "time_fare": 0,\n    "surge_charges": 0,\n    "deadhead_charges": 0,\n    "platform_fee": 0,\n    "gst_on_charges": 0,\n    "gst_on_platform_fee": 0,\n    "extra_km_charges": 0,\n    "driver_allowance": 0,\n    "total_fare": 0,\n    "details": {\n      "actual_distance_km": 0,\n      "actual_duration_minutes": 0,\n      "per_km_rate": 0\n    }\n  },\n  "pickup_address": "",\n  "destination_address": "",\n  "booking_type": "regular",\n  "rental_hours": null\n}'
10-20 22:58:44.039 27060 27485 I ReactNativeJS: âŒ Not visible - returning null
10-20 22:58:44.041 27060 27485 I ReactNativeJS: âœ… No pending ride notifications
10-20 22:58:44.042 27060 27485 I ReactNativeJS: === RIDES SCREEN STATE DEBUG ===
10-20 22:58:44.042 27060 27485 I ReactNativeJS: ğŸ”„ Component state updated:
10-20 22:58:44.042 27060 27485 I ReactNativeJS: '  - Current ride:', 'null'
10-20 22:58:44.042 27060 27485 I ReactNativeJS: '  - Pending rides count:', 0
10-20 22:58:44.042 27060 27485 I ReactNativeJS: '  - Driver status:', 'online'
10-20 22:58:44.042 27060 27485 I ReactNativeJS: '  - Loading:', true
10-20 22:58:44.042 27060 27485 I ReactNativeJS: '  - Error:', null
10-20 22:58:44.042 27060 27485 I ReactNativeJS: '  - Show modal:', false
10-20 22:58:44.042 27060 27485 I ReactNativeJS: '  - Timestamp:', '2025-10-20T17:28:44.042Z'
10-20 22:58:44.042 27060 27485 I ReactNativeJS: âŒ NO CURRENT RIDE - showing empty state
10-20 22:58:44.042 27060 27485 I ReactNativeJS: === RIDE REQUEST MODAL LOGIC DEBUG ===
10-20 22:58:44.042 27060 27485 I ReactNativeJS: ğŸ”„ Checking if should show ride request modal:
10-20 22:58:44.042 27060 27485 I ReactNativeJS: '  - Pending rides:', 0
10-20 22:58:44.042 27060 27485 I ReactNativeJS: '  - Modal already showing:', false
10-20 22:58:44.042 27060 27485 I ReactNativeJS: '  - Driver status:', 'online'
10-20 22:58:44.042 27060 27485 I ReactNativeJS: '  - Has current ride:', false
10-20 22:58:44.042 27060 27485 I ReactNativeJS: âŒ NOT SHOWING MODAL - reasons:
10-20 22:58:44.043 27060 27485 I ReactNativeJS: 'ğŸš— Analysis:', { pendingRidesCount: 0,
10-20 22:58:44.043 27060 27485 I ReactNativeJS:   modalAlreadyShowing: false,
10-20 22:58:44.043 27060 27485 I ReactNativeJS:   driverStatus: 'online',
10-20 22:58:44.043 27060 27485 I ReactNativeJS:   hasCurrentRide: false }
10-20 22:58:44.049 27060 27485 I ReactNativeJS: 'ğŸ¯ğŸ¯ğŸ¯ TripCompletionModal RENDER - visible:', false
10-20 22:58:44.049 27060 27485 I ReactNativeJS: 'ğŸ¯ğŸ¯ğŸ¯ tripData:', '{\n  "distance": 0,\n  "duration": 0,\n  "fareBreakdown": {\n    "booking_type": "regular",\n    "vehicle_type": "sedan",\n    "base_fare": 0,\n    "distance_fare": 0,\n    "time_fare": 0,\n    "surge_charges": 0,\n    "deadhead_charges": 0,\n    "platform_fee": 0,\n    "gst_on_charges": 0,\n    "gst_on_platform_fee": 0,\n    "extra_km_charges": 0,\n    "driver_allowance": 0,\n    "total_fare": 0,\n    "details": {\n      "actual_distance_km": 0,\n      "actual_duration_minutes": 0,\n      "per_km_rate": 0\n    }\n  },\n  "pickup_address": "",\n  "destination_address": "",\n  "booking_type": "regular",\n  "rental_hours": null\n}'
10-20 22:58:44.049 27060 27485 I ReactNativeJS: âŒ Not visible - returning null
10-20 22:58:44.050 27060 27485 I ReactNativeJS: === RIDES SCREEN STATE DEBUG ===
10-20 22:58:44.050 27060 27485 I ReactNativeJS: ğŸ”„ Component state updated:
10-20 22:58:44.051 27060 27485 I ReactNativeJS: '  - Current ride:', 'null'
10-20 22:58:44.051 27060 27485 I ReactNativeJS: '  - Pending rides count:', 0
10-20 22:58:44.051 27060 27485 I ReactNativeJS: '  - Driver status:', 'online'
10-20 22:58:44.051 27060 27485 I ReactNativeJS: '  - Loading:', false
10-20 22:58:44.051 27060 27485 I ReactNativeJS: '  - Error:', null
10-20 22:58:44.051 27060 27485 I ReactNativeJS: '  - Show modal:', false
10-20 22:58:44.051 27060 27485 I ReactNativeJS: '  - Timestamp:', '2025-10-20T17:28:44.051Z'
10-20 22:58:44.051 27060 27485 I ReactNativeJS: âŒ NO CURRENT RIDE - showing empty state
10-20 22:58:44.192 21104 21188 W Settings: Setting airplane_mode_on has moved from android.provider.Settings.System to android.provider.Settings.Global, returning read-only value.
10-20 22:58:44.202 21104 27066 W SystemServiceRegistry: No service published for: wifirtt
10-20 22:58:44.496 21104 21184 I FusedLocation: (REDACTED) location delivery to %s blocked - too close
10-20 22:58:44.498 21104 21184 I FusedLocation: (REDACTED) location delivery to %s blocked - too fast
10-20 22:58:44.500 21104 21184 I FusedLocation: (REDACTED) location delivery to %s blocked - too close
10-20 22:58:44.501 21104 21184 I FusedLocation: (REDACTED) location delivery to %s blocked - too close
10-20 22:58:44.501 21104 21184 I FusedLocation: (REDACTED) location delivery to %s blocked - too close
10-20 22:58:44.569 21104 27974 I TFLite-in-PlayServices: Created interpreter.
10-20 22:58:44.593 21104 27974 I TFLite-in-PlayServices: Created interpreter.
10-20 22:58:44.618 21104 27974 I SemanticLocation: (REDACTED) [Inferrer] %s%s
10-20 22:58:45.453 27060 27485 I ReactNativeJS: ğŸ”„ Auto-refreshing rides (2-second interval)...
10-20 22:58:45.454 27060 27485 I ReactNativeJS: === LOADING RIDES ===
10-20 22:58:45.454 27060 27485 I ReactNativeJS: 'Driver ID:', 'eb91d7e5-e2f2-4021-a8c8-3739a3d4cae4'
10-20 22:58:45.454 27060 27485 I ReactNativeJS: 'Driver User ID:', '1c4ac410-54d8-4b5e-960b-3afcbebd115d'
10-20 22:58:45.458 27060 27485 I ReactNativeJS: 'ğŸ¯ğŸ¯ğŸ¯ TripCompletionModal RENDER - visible:', false
10-20 22:58:45.458 27060 27485 I ReactNativeJS: 'ğŸ¯ğŸ¯ğŸ¯ tripData:', '{\n  "distance": 0,\n  "duration": 0,\n  "fareBreakdown": {\n    "booking_type": "regular",\n    "vehicle_type": "sedan",\n    "base_fare": 0,\n    "distance_fare": 0,\n    "time_fare": 0,\n    "surge_charges": 0,\n    "deadhead_charges": 0,\n    "platform_fee": 0,\n    "gst_on_charges": 0,\n    "gst_on_platform_fee": 0,\n    "extra_km_charges": 0,\n    "driver_allowance": 0,\n    "total_fare": 0,\n    "details": {\n      "actual_distance_km": 0,\n      "actual_duration_minutes": 0,\n      "per_km_rate": 0\n    }\n  },\n  "pickup_address": "",\n  "destination_address": "",\n  "booking_type": "regular",\n  "rental_hours": null\n}'
10-20 22:58:45.459 27060 27485 I ReactNativeJS: âŒ Not visible - returning null
10-20 22:58:45.459 27060 27485 I ReactNativeJS: ğŸ” Loading current ride...
10-20 22:58:45.461 27060 27485 I ReactNativeJS: === RIDES SCREEN STATE DEBUG ===
10-20 22:58:45.461 27060 27485 I ReactNativeJS: ğŸ”„ Component state updated:
10-20 22:58:45.461 27060 27485 I ReactNativeJS: '  - Current ride:', 'null'
10-20 22:58:45.461 27060 27485 I ReactNativeJS: '  - Pending rides count:', 0
10-20 22:58:45.461 27060 27485 I ReactNativeJS: '  - Driver status:', 'online'
10-20 22:58:45.461 27060 27485 I ReactNativeJS: '  - Loading:', true
10-20 22:58:45.461 27060 27485 I ReactNativeJS: '  - Error:', null
10-20 22:58:45.461 27060 27485 I ReactNativeJS: '  - Show modal:', false
10-20 22:58:45.461 27060 27485 I ReactNativeJS: '  - Timestamp:', '2025-10-20T17:28:45.461Z'
10-20 22:58:45.461 27060 27485 I ReactNativeJS: âŒ NO CURRENT RIDE - showing empty state
10-20 22:58:45.790 27060 27485 I ReactNativeJS: 'âœ… Current ride loaded:', 'none'
10-20 22:58:45.790 27060 27485 I ReactNativeJS: ğŸ” Loading pending ride notifications...
10-20 22:58:46.109 27060 27485 I ReactNativeJS: ğŸ“‹ Found 0 unread ride notifications
10-20 22:58:46.122 27060 27485 I ReactNativeJS: 'ğŸ¯ğŸ¯ğŸ¯ TripCompletionModal RENDER - visible:', false
10-20 22:58:46.122 27060 27485 I ReactNativeJS: 'ğŸ¯ğŸ¯ğŸ¯ tripData:', '{\n  "distance": 0,\n  "duration": 0,\n  "fareBreakdown": {\n    "booking_type": "regular",\n    "vehicle_type": "sedan",\n    "base_fare": 0,\n    "distance_fare": 0,\n    "time_fare": 0,\n    "surge_charges": 0,\n    "deadhead_charges": 0,\n    "platform_fee": 0,\n    "gst_on_charges": 0,\n    "gst_on_platform_fee": 0,\n    "extra_km_charges": 0,\n    "driver_allowance": 0,\n    "total_fare": 0,\n    "details": {\n      "actual_distance_km": 0,\n      "actual_duration_minutes": 0,\n      "per_km_rate": 0\n    }\n  },\n  "pickup_address": "",\n  "destination_address": "",\n  "booking_type": "regular",\n  "rental_hours": null\n}'
10-20 22:58:46.122 27060 27485 I ReactNativeJS: âŒ Not visible - returning null
10-20 22:58:46.125 27060 27485 I ReactNativeJS: âœ… No pending ride notifications
10-20 22:58:46.125 27060 27485 I ReactNativeJS: === RIDES SCREEN STATE DEBUG ===
10-20 22:58:46.125 27060 27485 I ReactNativeJS: ğŸ”„ Component state updated:
10-20 22:58:46.125 27060 27485 I ReactNativeJS: '  - Current ride:', 'null'
10-20 22:58:46.125 27060 27485 I ReactNativeJS: '  - Pending rides count:', 0
10-20 22:58:46.125 27060 27485 I ReactNativeJS: '  - Driver status:', 'online'
10-20 22:58:46.125 27060 27485 I ReactNativeJS: '  - Loading:', true
10-20 22:58:46.125 27060 27485 I ReactNativeJS: '  - Error:', null
10-20 22:58:46.126 27060 27485 I ReactNativeJS: '  - Show modal:', false
10-20 22:58:46.126 27060 27485 I ReactNativeJS: '  - Timestamp:', '2025-10-20T17:28:46.126Z'
10-20 22:58:46.126 27060 27485 I ReactNativeJS: âŒ NO CURRENT RIDE - showing empty state
10-20 22:58:46.126 27060 27485 I ReactNativeJS: === RIDE REQUEST MODAL LOGIC DEBUG ===
10-20 22:58:46.126 27060 27485 I ReactNativeJS: ğŸ”„ Checking if should show ride request modal:
10-20 22:58:46.126 27060 27485 I ReactNativeJS: '  - Pending rides:', 0
10-20 22:58:46.126 27060 27485 I ReactNativeJS: '  - Modal already showing:', false
10-20 22:58:46.126 27060 27485 I ReactNativeJS: '  - Driver status:', 'online'
10-20 22:58:46.126 27060 27485 I ReactNativeJS: '  - Has current ride:', false
10-20 22:58:46.126 27060 27485 I ReactNativeJS: âŒ NOT SHOWING MODAL - reasons:
10-20 22:58:46.126 27060 27485 I ReactNativeJS: 'ğŸš— Analysis:', { pendingRidesCount: 0,
10-20 22:58:46.126 27060 27485 I ReactNativeJS:   modalAlreadyShowing: false,
10-20 22:58:46.126 27060 27485 I ReactNativeJS:   driverStatus: 'online',
10-20 22:58:46.126 27060 27485 I ReactNativeJS:   hasCurrentRide: false }
10-20 22:58:46.132 27060 27485 I ReactNativeJS: 'ğŸ¯ğŸ¯ğŸ¯ TripCompletionModal RENDER - visible:', false
10-20 22:58:46.132 27060 27485 I ReactNativeJS: 'ğŸ¯ğŸ¯ğŸ¯ tripData:', '{\n  "distance": 0,\n  "duration": 0,\n  "fareBreakdown": {\n    "booking_type": "regular",\n    "vehicle_type": "sedan",\n    "base_fare": 0,\n    "distance_fare": 0,\n    "time_fare": 0,\n    "surge_charges": 0,\n    "deadhead_charges": 0,\n    "platform_fee": 0,\n    "gst_on_charges": 0,\n    "gst_on_platform_fee": 0,\n    "extra_km_charges": 0,\n    "driver_allowance": 0,\n    "total_fare": 0,\n    "details": {\n      "actual_distance_km": 0,\n      "actual_duration_minutes": 0,\n      "per_km_rate": 0\n    }\n  },\n  "pickup_address": "",\n  "destination_address": "",\n  "booking_type": "regular",\n  "rental_hours": null\n}'
10-20 22:58:46.132 27060 27485 I ReactNativeJS: âŒ Not visible - returning null
10-20 22:58:46.134 27060 27485 I ReactNativeJS: === RIDES SCREEN STATE DEBUG ===
10-20 22:58:46.134 27060 27485 I ReactNativeJS: ğŸ”„ Component state updated:
10-20 22:58:46.134 27060 27485 I ReactNativeJS: '  - Current ride:', 'null'
10-20 22:58:46.134 27060 27485 I ReactNativeJS: '  - Pending rides count:', 0
10-20 22:58:46.134 27060 27485 I ReactNativeJS: '  - Driver status:', 'online'
10-20 22:58:46.134 27060 27485 I ReactNativeJS: '  - Loading:', false
10-20 22:58:46.134 27060 27485 I ReactNativeJS: '  - Error:', null
10-20 22:58:46.134 27060 27485 I ReactNativeJS: '  - Show modal:', false
10-20 22:58:46.134 27060 27485 I ReactNativeJS: '  - Timestamp:', '2025-10-20T17:28:46.134Z'
10-20 22:58:46.134 27060 27485 I ReactNativeJS: âŒ NO CURRENT RIDE - showing empty state
10-20 22:58:46.799 21104 24145 I WifiScanner: onFullResults
10-20 22:58:46.800 21104 21140 I WifiScanner: onFullResults
10-20 22:58:46.801 21104 21143 I WifiScanner: onFullResults
10-20 22:58:46.819 21104 27974 I FrewleTileCacheManagerV: (REDACTED) Fetched %d AP models from cache
10-20 22:58:46.847 21104 21184 I FusedLocation: (REDACTED) location delivery to %s blocked - too fast
10-20 22:58:46.848 21104 21184 I FusedLocation: (REDACTED) location delivery to %s blocked - too close
10-20 22:58:46.849 21104 21184 I FusedLocation: (REDACTED) location delivery to %s blocked - too fast
10-20 22:58:46.850 21104 21184 I FusedLocation: (REDACTED) location delivery to %s blocked - too close
10-20 22:58:46.851 21104 21184 I FusedLocation: (REDACTED) location delivery to %s blocked - too close
10-20 22:58:46.851 21104 21184 I FusedLocation: (REDACTED) location delivery to %s blocked - too close
10-20 22:58:46.851 21104 21184 I FusedLocation: (REDACTED) location delivery to %s blocked - too fast
10-20 22:58:46.868 21104 21184 I fznc    : Received empty WiFi-RTT scan. [CONTEXT service_id=6 ]
10-20 22:58:47.454 27060 27485 I ReactNativeJS: ğŸ”„ Auto-refreshing rides (2-second interval)...
10-20 22:58:47.454 27060 27485 I ReactNativeJS: === LOADING RIDES ===
10-20 22:58:47.454 27060 27485 I ReactNativeJS: 'Driver ID:', 'eb91d7e5-e2f2-4021-a8c8-3739a3d4cae4'
10-20 22:58:47.454 27060 27485 I ReactNativeJS: 'Driver User ID:', '1c4ac410-54d8-4b5e-960b-3afcbebd115d'
10-20 22:58:47.458 27060 27485 I ReactNativeJS: 'ğŸ¯ğŸ¯ğŸ¯ TripCompletionModal RENDER - visible:', false
10-20 22:58:47.458 27060 27485 I ReactNativeJS: 'ğŸ¯ğŸ¯ğŸ¯ tripData:', '{\n  "distance": 0,\n  "duration": 0,\n  "fareBreakdown": {\n    "booking_type": "regular",\n    "vehicle_type": "sedan",\n    "base_fare": 0,\n    "distance_fare": 0,\n    "time_fare": 0,\n    "surge_charges": 0,\n    "deadhead_charges": 0,\n    "platform_fee": 0,\n    "gst_on_charges": 0,\n    "gst_on_platform_fee": 0,\n    "extra_km_charges": 0,\n    "driver_allowance": 0,\n    "total_fare": 0,\n    "details": {\n      "actual_distance_km": 0,\n      "actual_duration_minutes": 0,\n      "per_km_rate": 0\n    }\n  },\n  "pickup_address": "",\n  "destination_address": "",\n  "booking_type": "regular",\n  "rental_hours": null\n}'
10-20 22:58:47.458 27060 27485 I ReactNativeJS: âŒ Not visible - returning null
10-20 22:58:47.459 27060 27485 I ReactNativeJS: ğŸ” Loading current ride...
10-20 22:58:47.461 27060 27485 I ReactNativeJS: === RIDES SCREEN STATE DEBUG ===
10-20 22:58:47.461 27060 27485 I ReactNativeJS: ğŸ”„ Component state updated:
10-20 22:58:47.461 27060 27485 I ReactNativeJS: '  - Current ride:', 'null'
10-20 22:58:47.461 27060 27485 I ReactNativeJS: '  - Pending rides count:', 0
10-20 22:58:47.461 27060 27485 I ReactNativeJS: '  - Driver status:', 'online'
10-20 22:58:47.461 27060 27485 I ReactNativeJS: '  - Loading:', true
10-20 22:58:47.461 27060 27485 I ReactNativeJS: '  - Error:', null
10-20 22:58:47.461 27060 27485 I ReactNativeJS: '  - Show modal:', false
10-20 22:58:47.461 27060 27485 I ReactNativeJS: '  - Timestamp:', '2025-10-20T17:28:47.461Z'
10-20 22:58:47.461 27060 27485 I ReactNativeJS: âŒ NO CURRENT RIDE - showing empty state
10-20 22:58:47.738 27060 27485 I ReactNativeJS: 'âœ… Current ride loaded:', 'none'
10-20 22:58:47.738 27060 27485 I ReactNativeJS: ğŸ” Loading pending ride notifications...
10-20 22:58:47.901  7096  7120 I native  : I0000 00:00:1760981327.900996    7120 soda_async_impl.cc:1383] Current audio timestamp: 1760981327791141
10-20 22:58:48.010 27060 27485 I ReactNativeJS: ğŸ“‹ Found 0 unread ride notifications
10-20 22:58:48.025 27060 27485 I ReactNativeJS: 'ğŸ¯ğŸ¯ğŸ¯ TripCompletionModal RENDER - visible:', false
10-20 22:58:48.026 27060 27485 I ReactNativeJS: 'ğŸ¯ğŸ¯ğŸ¯ tripData:', '{\n  "distance": 0,\n  "duration": 0,\n  "fareBreakdown": {\n    "booking_type": "regular",\n    "vehicle_type": "sedan",\n    "base_fare": 0,\n    "distance_fare": 0,\n    "time_fare": 0,\n    "surge_charges": 0,\n    "deadhead_charges": 0,\n    "platform_fee": 0,\n    "gst_on_charges": 0,\n    "gst_on_platform_fee": 0,\n    "extra_km_charges": 0,\n    "driver_allowance": 0,\n    "total_fare": 0,\n    "details": {\n      "actual_distance_km": 0,\n      "actual_duration_minutes": 0,\n      "per_km_rate": 0\n    }\n  },\n  "pickup_address": "",\n  "destination_address": "",\n  "booking_type": "regular",\n  "rental_hours": null\n}'
10-20 22:58:48.026 27060 27485 I ReactNativeJS: âŒ Not visible - returning null
10-20 22:58:48.028 27060 27485 I ReactNativeJS: âœ… No pending ride notifications
10-20 22:58:48.028 27060 27485 I ReactNativeJS: === RIDES SCREEN STATE DEBUG ===
10-20 22:58:48.029 27060 27485 I ReactNativeJS: ğŸ”„ Component state updated:
10-20 22:58:48.029 27060 27485 I ReactNativeJS: '  - Current ride:', 'null'
10-20 22:58:48.029 27060 27485 I ReactNativeJS: '  - Pending rides count:', 0
10-20 22:58:48.029 27060 27485 I ReactNativeJS: '  - Driver status:', 'online'
10-20 22:58:48.029 27060 27485 I ReactNativeJS: '  - Loading:', true
10-20 22:58:48.029 27060 27485 I ReactNativeJS: '  - Error:', null
10-20 22:58:48.029 27060 27485 I ReactNativeJS: '  - Show modal:', false
10-20 22:58:48.029 27060 27485 I ReactNativeJS: '  - Timestamp:', '2025-10-20T17:28:48.029Z'
10-20 22:58:48.029 27060 27485 I ReactNativeJS: âŒ NO CURRENT RIDE - showing empty state
10-20 22:58:48.029 27060 27485 I ReactNativeJS: === RIDE REQUEST MODAL LOGIC DEBUG ===
10-20 22:58:48.029 27060 27485 I ReactNativeJS: ğŸ”„ Checking if should show ride request modal:
10-20 22:58:48.029 27060 27485 I ReactNativeJS: '  - Pending rides:', 0
10-20 22:58:48.029 27060 27485 I ReactNativeJS: '  - Modal already showing:', false
10-20 22:58:48.029 27060 27485 I ReactNativeJS: '  - Driver status:', 'online'
10-20 22:58:48.029 27060 27485 I ReactNativeJS: '  - Has current ride:', false
10-20 22:58:48.030 27060 27485 I ReactNativeJS: âŒ NOT SHOWING MODAL - reasons:
10-20 22:58:48.030 27060 27485 I ReactNativeJS: 'ğŸš— Analysis:', { pendingRidesCount: 0,
10-20 22:58:48.030 27060 27485 I ReactNativeJS:   modalAlreadyShowing: false,
10-20 22:58:48.030 27060 27485 I ReactNativeJS:   driverStatus: 'online',
10-20 22:58:48.030 27060 27485 I ReactNativeJS:   hasCurrentRide: false }
10-20 22:58:48.036 27060 27485 I ReactNativeJS: 'ğŸ¯ğŸ¯ğŸ¯ TripCompletionModal RENDER - visible:', false
10-20 22:58:48.036 27060 27485 I ReactNativeJS: 'ğŸ¯ğŸ¯ğŸ¯ tripData:', '{\n  "distance": 0,\n  "duration": 0,\n  "fareBreakdown": {\n    "booking_type": "regular",\n    "vehicle_type": "sedan",\n    "base_fare": 0,\n    "distance_fare": 0,\n    "time_fare": 0,\n    "surge_charges": 0,\n    "deadhead_charges": 0,\n    "platform_fee": 0,\n    "gst_on_charges": 0,\n    "gst_on_platform_fee": 0,\n    "extra_km_charges": 0,\n    "driver_allowance": 0,\n    "total_fare": 0,\n    "details": {\n      "actual_distance_km": 0,\n      "actual_duration_minutes": 0,\n      "per_km_rate": 0\n    }\n  },\n  "pickup_address": "",\n  "destination_address": "",\n  "booking_type": "regular",\n  "rental_hours": null\n}'
10-20 22:58:48.036 27060 27485 I ReactNativeJS: âŒ Not visible - returning null
10-20 22:58:48.038 27060 27485 I ReactNativeJS: === RIDES SCREEN STATE DEBUG ===
10-20 22:58:48.038 27060 27485 I ReactNativeJS: ğŸ”„ Component state updated:
10-20 22:58:48.038 27060 27485 I ReactNativeJS: '  - Current ride:', 'null'
10-20 22:58:48.038 27060 27485 I ReactNativeJS: '  - Pending rides count:', 0
10-20 22:58:48.038 27060 27485 I ReactNativeJS: '  - Driver status:', 'online'
10-20 22:58:48.038 27060 27485 I ReactNativeJS: '  - Loading:', false
10-20 22:58:48.038 27060 27485 I ReactNativeJS: '  - Error:', null
10-20 22:58:48.038 27060 27485 I ReactNativeJS: '  - Show modal:', false
10-20 22:58:48.038 27060 27485 I ReactNativeJS: '  - Timestamp:', '2025-10-20T17:28:48.038Z'
10-20 22:58:48.038 27060 27485 I ReactNativeJS: âŒ NO CURRENT RIDE - showing empty state
10-20 22:58:48.577 21104 27964 I GmsCoreXrpcWrapper: (REDACTED) Returning a channel provider with trafficStatsTag=%d trafficStatsUid=%d
10-20 22:58:48.593 21163 21163 D BoundBrokerSvc: onBind: Intent { act=com.google.android.gms.auth.service.START pkg=com.google.android.gms }
10-20 22:58:48.593 21163 21163 D BoundBrokerSvc: Loading bound service for intent: Intent { act=com.google.android.gms.auth.service.START pkg=com.google.android.gms }
10-20 22:58:48.629 21104 27964 E ievv    : *~*~*~ Previous channel {0} was garbage collected without being shut down! ~*~*~*
10-20 22:58:48.629 21104 27964 E ievv    :     Make sure to call shutdown()/shutdownNow()
10-20 22:58:48.629 21104 27964 E ievv    : java.lang.RuntimeException: ManagedChannel allocation site
10-20 22:58:48.629 21104 27964 E ievv    : 	at ievu.<init>(:com.google.android.gms@254031035@25.40.31 (260400-816341114):21)
10-20 22:58:48.629 21104 27964 E ievv    : 	at ievv.<init>(:com.google.android.gms@254031035@25.40.31 (260400-816341114):10)
10-20 22:58:48.629 21104 27964 E ievv    : 	at ievt.a(:com.google.android.gms@254031035@25.40.31 (260400-816341114):250)
10-20 22:58:48.629 21104 27964 E ievv    : 	at iegb.a(:com.google.android.gms@254031035@25.40.31 (260400-816341114):5)
10-20 22:58:48.629 21104 27964 E ievv    : 	at cnxf.h(:com.google.android.gms@254031035@25.40.31 (260400-816341114):150)
10-20 22:58:48.629 21104 27964 E ievv    : 	at gsvy.a(:com.google.android.gms@254031035@25.40.31 (260400-816341114):154)
10-20 22:58:48.629 21104 27964 E ievv    : 	at ghbq.a(:com.google.android.gms@254031035@25.40.31 (260400-816341114):13)
10-20 22:58:48.629 21104 27964 E ievv    : 	at gpol.a(:com.google.android.gms@254031035@25.40.31 (260400-816341114):3)
10-20 22:58:48.629 21104 27964 E ievv    : 	at gpnm.run(:com.google.android.gms@254031035@25.40.31 (260400-816341114):19)
10-20 22:58:48.629 21104 27964 E ievv    : 	at gpon.run(:com.google.android.gms@254031035@25.40.31 (260400-816341114):5)
10-20 22:58:48.629 21104 27964 E ievv    : 	at bckr.c(:com.google.android.gms@254031035@25.40.31 (260400-816341114):50)
10-20 22:58:48.629 21104 27964 E ievv    : 	at bckr.run(:com.google.android.gms@254031035@25.40.31 (260400-816341114):73)
10-20 22:58:48.629 21104 27964 E ievv    : 	at java.util.concurrent.ThreadPoolExecutor.runWorker(ThreadPoolExecutor.java:1156)
10-20 22:58:48.629 21104 27964 E ievv    : 	at java.util.concurrent.ThreadPoolExecutor$Worker.run(ThreadPoolExecutor.java:651)
10-20 22:58:48.629 21104 27964 E ievv    : 	at bcqi.run(:com.google.android.gms@254031035@25.40.31 (260400-816341114):8)
10-20 22:58:48.629 21104 27964 E ievv    : 	at java.lang.Thread.run(Thread.java:1119)
10-20 22:58:48.629 21104 27964 E ievv    : *~*~*~ Previous channel {0} was garbage collected without being shut down! ~*~*~*
10-20 22:58:48.629 21104 27964 E ievv    :     Make sure to call shutdown()/shutdownNow()
10-20 22:58:48.629 21104 27964 E ievv    : java.lang.RuntimeException: ManagedChannel allocation site
10-20 22:58:48.629 21104 27964 E ievv    : 	at ievu.<init>(:com.google.android.gms@254031035@25.40.31 (260400-816341114):21)
10-20 22:58:48.629 21104 27964 E ievv    : 	at ievv.<init>(:com.google.android.gms@254031035@25.40.31 (260400-816341114):10)
10-20 22:58:48.629 21104 27964 E ievv    : 	at ievt.a(:com.google.android.gms@254031035@25.40.31 (260400-816341114):250)
10-20 22:58:48.629 21104 27964 E ievv    : 	at iegb.a(:com.google.android.gms@254031035@25.40.31 (260400-816341114):5)
10-20 22:58:48.629 21104 27964 E ievv    : 	at cnxf.h(:com.google.android.gms@254031035@25.40.31 (260400-816341114):150)
10-20 22:58:48.629 21104 27964 E ievv    : 	at gsvy.a(:com.google.android.gms@254031035@25.40.31 (260400-816341114):154)
10-20 22:58:48.629 21104 27964 E ievv    : 	at ghbq.a(:com.google.android.gms@254031035@25.40.31 (260400-816341114):13)
10-20 22:58:48.629 21104 27964 E ievv    : 	at gpol.a(:com.google.android.gms@254031035@25.40.31 (260400-816341114):3)
10-20 22:58:48.629 21104 27964 E ievv    : 	at gpnm.run(:com.google.android.gms@254031035@25.40.31 (260400-816341114):19)
10-20 22:58:48.629 21104 27964 E ievv    : 	at gpon.run(:com.google.android.gms@254031035@25.40.31 (260400-816341114):5)
10-20 22:58:48.629 21104 27964 E ievv    : 	at bckr.c(:com.google.android.gms@254031035@25.40.31 (260400-816341114):50)
10-20 22:58:48.629 21104 27964 E ievv    : 	at bckr.run(:com.google.android.gms@254031035@25.40.31 (260400-816341114):73)
10-20 22:58:48.629 21104 27964 E ievv    : 	at java.util.concurrent.ThreadPoolExecutor.runWorker(ThreadPoolExecutor.java:1156)
10-20 22:58:48.629 21104 27964 E ievv    : 	at java.util.concurrent.ThreadPoolExecutor$Worker.run(ThreadPoolExecutor.java:651)
10-20 22:58:48.629 21104 27964 E ievv    : 	at bcqi.run(:com.google.android.gms@254031035@25.40.31 (260400-816341114):8)
10-20 22:58:48.629 21104 27964 E ievv    : 	at java.lang.Thread.run(Thread.java:1119)
10-20 22:58:48.753 21104 22161 I cn_CronetUrlRequestContext: destroyNativeStreamLocked org.chromium.net.impl.CronetBidirectionalStream@3c921bd
10-20 22:58:49.453 27060 27485 I ReactNativeJS: ğŸ”„ Auto-refreshing rides (2-second interval)...
10-20 22:58:49.453 27060 27485 I ReactNativeJS: === LOADING RIDES ===
10-20 22:58:49.453 27060 27485 I ReactNativeJS: 'Driver ID:', 'eb91d7e5-e2f2-4021-a8c8-3739a3d4cae4'
10-20 22:58:49.453 27060 27485 I ReactNativeJS: 'Driver User ID:', '1c4ac410-54d8-4b5e-960b-3afcbebd115d'
10-20 22:58:49.459 27060 27485 I ReactNativeJS: 'ğŸ¯ğŸ¯ğŸ¯ TripCompletionModal RENDER - visible:', false
10-20 22:58:49.459 27060 27485 I ReactNativeJS: 'ğŸ¯ğŸ¯ğŸ¯ tripData:', '{\n  "distance": 0,\n  "duration": 0,\n  "fareBreakdown": {\n    "booking_type": "regular",\n    "vehicle_type": "sedan",\n    "base_fare": 0,\n    "distance_fare": 0,\n    "time_fare": 0,\n    "surge_charges": 0,\n    "deadhead_charges": 0,\n    "platform_fee": 0,\n    "gst_on_charges": 0,\n    "gst_on_platform_fee": 0,\n    "extra_km_charges": 0,\n    "driver_allowance": 0,\n    "total_fare": 0,\n    "details": {\n      "actual_distance_km": 0,\n      "actual_duration_minutes": 0,\n      "per_km_rate": 0\n    }\n  },\n  "pickup_address": "",\n  "destination_address": "",\n  "booking_type": "regular",\n  "rental_hours": null\n}'
10-20 22:58:49.459 27060 27485 I ReactNativeJS: âŒ Not visible - returning null
10-20 22:58:49.460 27060 27485 I ReactNativeJS: ğŸ” Loading current ride...
10-20 22:58:49.462 27060 27485 I ReactNativeJS: === RIDES SCREEN STATE DEBUG ===
10-20 22:58:49.462 27060 27485 I ReactNativeJS: ğŸ”„ Component state updated:
10-20 22:58:49.462 27060 27485 I ReactNativeJS: '  - Current ride:', 'null'
10-20 22:58:49.462 27060 27485 I ReactNativeJS: '  - Pending rides count:', 0
10-20 22:58:49.462 27060 27485 I ReactNativeJS: '  - Driver status:', 'online'
10-20 22:58:49.462 27060 27485 I ReactNativeJS: '  - Loading:', true
10-20 22:58:49.462 27060 27485 I ReactNativeJS: '  - Error:', null
10-20 22:58:49.462 27060 27485 I ReactNativeJS: '  - Show modal:', false
10-20 22:58:49.462 27060 27485 I ReactNativeJS: '  - Timestamp:', '2025-10-20T17:28:49.462Z'
10-20 22:58:49.462 27060 27485 I ReactNativeJS: âŒ NO CURRENT RIDE - showing empty state
10-20 22:58:49.492 21104 21184 I FusedLocation: (REDACTED) location delivery to %s blocked - too close
10-20 22:58:49.493 21104 21184 I FusedLocation: (REDACTED) location delivery to %s blocked - too fast
10-20 22:58:49.495 21104 21184 I FusedLocation: (REDACTED) location delivery to %s blocked - too close
10-20 22:58:49.496 21104 21184 I FusedLocation: (REDACTED) location delivery to %s blocked - too close
10-20 22:58:49.497 21104 21184 I FusedLocation: (REDACTED) location delivery to %s blocked - too close
10-20 22:58:49.497 21104 21184 I FusedLocation: (REDACTED) location delivery to %s blocked - too fast
10-20 22:58:49.763 27060 27485 I ReactNativeJS: 'âœ… Current ride loaded:', 'none'
10-20 22:58:49.763 27060 27485 I ReactNativeJS: ğŸ” Loading pending ride notifications...
10-20 22:58:50.072 27060 27485 I ReactNativeJS: ğŸ“‹ Found 0 unread ride notifications
10-20 22:58:50.077 27060 27485 I ReactNativeJS: 'ğŸ¯ğŸ¯ğŸ¯ TripCompletionModal RENDER - visible:', false
10-20 22:58:50.077 27060 27485 I ReactNativeJS: 'ğŸ¯ğŸ¯ğŸ¯ tripData:', '{\n  "distance": 0,\n  "duration": 0,\n  "fareBreakdown": {\n    "booking_type": "regular",\n    "vehicle_type": "sedan",\n    "base_fare": 0,\n    "distance_fare": 0,\n    "time_fare": 0,\n    "surge_charges": 0,\n    "deadhead_charges": 0,\n    "platform_fee": 0,\n    "gst_on_charges": 0,\n    "gst_on_platform_fee": 0,\n    "extra_km_charges": 0,\n    "driver_allowance": 0,\n    "total_fare": 0,\n    "details": {\n      "actual_distance_km": 0,\n      "actual_duration_minutes": 0,\n      "per_km_rate": 0\n    }\n  },\n  "pickup_address": "",\n  "destination_address": "",\n  "booking_type": "regular",\n  "rental_hours": null\n}'
10-20 22:58:50.077 27060 27485 I ReactNativeJS: âŒ Not visible - returning null
10-20 22:58:50.078 27060 27485 I ReactNativeJS: âœ… No pending ride notifications
10-20 22:58:50.078 27060 27485 I ReactNativeJS: === RIDES SCREEN STATE DEBUG ===
10-20 22:58:50.078 27060 27485 I ReactNativeJS: ğŸ”„ Component state updated:
10-20 22:58:50.078 27060 27485 I ReactNativeJS: '  - Current ride:', 'null'
10-20 22:58:50.078 27060 27485 I ReactNativeJS: '  - Pending rides count:', 0
10-20 22:58:50.078 27060 27485 I ReactNativeJS: '  - Driver status:', 'online'
10-20 22:58:50.078 27060 27485 I ReactNativeJS: '  - Loading:', true
10-20 22:58:50.078 27060 27485 I ReactNativeJS: '  - Error:', null
10-20 22:58:50.078 27060 27485 I ReactNativeJS: '  - Show modal:', false
10-20 22:58:50.078 27060 27485 I ReactNativeJS: '  - Timestamp:', '2025-10-20T17:28:50.078Z'
10-20 22:58:50.078 27060 27485 I ReactNativeJS: âŒ NO CURRENT RIDE - showing empty state
10-20 22:58:50.078 27060 27485 I ReactNativeJS: === RIDE REQUEST MODAL LOGIC DEBUG ===
10-20 22:58:50.078 27060 27485 I ReactNativeJS: ğŸ”„ Checking if should show ride request modal:
10-20 22:58:50.078 27060 27485 I ReactNativeJS: '  - Pending rides:', 0
10-20 22:58:50.078 27060 27485 I ReactNativeJS: '  - Modal already showing:', false
10-20 22:58:50.078 27060 27485 I ReactNativeJS: '  - Driver status:', 'online'
10-20 22:58:50.078 27060 27485 I ReactNativeJS: '  - Has current ride:', false
10-20 22:58:50.078 27060 27485 I ReactNativeJS: âŒ NOT SHOWING MODAL - reasons:
10-20 22:58:50.078 27060 27485 I ReactNativeJS: 'ğŸš— Analysis:', { pendingRidesCount: 0,
10-20 22:58:50.078 27060 27485 I ReactNativeJS:   modalAlreadyShowing: false,
10-20 22:58:50.078 27060 27485 I ReactNativeJS:   driverStatus: 'online',
10-20 22:58:50.078 27060 27485 I ReactNativeJS:   hasCurrentRide: false }
10-20 22:58:50.081 27060 27485 I ReactNativeJS: 'ğŸ¯ğŸ¯ğŸ¯ TripCompletionModal RENDER - visible:', false
10-20 22:58:50.081 27060 27485 I ReactNativeJS: 'ğŸ¯ğŸ¯ğŸ¯ tripData:', '{\n  "distance": 0,\n  "duration": 0,\n  "fareBreakdown": {\n    "booking_type": "regular",\n    "vehicle_type": "sedan",\n    "base_fare": 0,\n    "distance_fare": 0,\n    "time_fare": 0,\n    "surge_charges": 0,\n    "deadhead_charges": 0,\n    "platform_fee": 0,\n    "gst_on_charges": 0,\n    "gst_on_platform_fee": 0,\n    "extra_km_charges": 0,\n    "driver_allowance": 0,\n    "total_fare": 0,\n    "details": {\n      "actual_distance_km": 0,\n      "actual_duration_minutes": 0,\n      "per_km_rate": 0\n    }\n  },\n  "pickup_address": "",\n  "destination_address": "",\n  "booking_type": "regular",\n  "rental_hours": null\n}'
10-20 22:58:50.081 27060 27485 I ReactNativeJS: âŒ Not visible - returning null
10-20 22:58:50.082 27060 27485 I ReactNativeJS: === RIDES SCREEN STATE DEBUG ===
10-20 22:58:50.082 27060 27485 I ReactNativeJS: ğŸ”„ Component state updated:
10-20 22:58:50.082 27060 27485 I ReactNativeJS: '  - Current ride:', 'null'
10-20 22:58:50.082 27060 27485 I ReactNativeJS: '  - Pending rides count:', 0
10-20 22:58:50.082 27060 27485 I ReactNativeJS: '  - Driver status:', 'online'
10-20 22:58:50.082 27060 27485 I ReactNativeJS: '  - Loading:', false
10-20 22:58:50.082 27060 27485 I ReactNativeJS: '  - Error:', null
10-20 22:58:50.082 27060 27485 I ReactNativeJS: '  - Show modal:', false
10-20 22:58:50.082 27060 27485 I ReactNativeJS: '  - Timestamp:', '2025-10-20T17:28:50.082Z'
10-20 22:58:50.082 27060 27485 I ReactNativeJS: âŒ NO CURRENT RIDE - showing empty state
10-20 22:58:51.452 27060 27485 I ReactNativeJS: ğŸ”„ Auto-refreshing rides (2-second interval)...
10-20 22:58:51.452 27060 27485 I ReactNativeJS: === LOADING RIDES ===
10-20 22:58:51.452 27060 27485 I ReactNativeJS: 'Driver ID:', 'eb91d7e5-e2f2-4021-a8c8-3739a3d4cae4'
10-20 22:58:51.452 27060 27485 I ReactNativeJS: 'Driver User ID:', '1c4ac410-54d8-4b5e-960b-3afcbebd115d'
10-20 22:58:51.458 27060 27485 I ReactNativeJS: 'ğŸ¯ğŸ¯ğŸ¯ TripCompletionModal RENDER - visible:', false
10-20 22:58:51.458 27060 27485 I ReactNativeJS: 'ğŸ¯ğŸ¯ğŸ¯ tripData:', '{\n  "distance": 0,\n  "duration": 0,\n  "fareBreakdown": {\n    "booking_type": "regular",\n    "vehicle_type": "sedan",\n    "base_fare": 0,\n    "distance_fare": 0,\n    "time_fare": 0,\n    "surge_charges": 0,\n    "deadhead_charges": 0,\n    "platform_fee": 0,\n    "gst_on_charges": 0,\n    "gst_on_platform_fee": 0,\n    "extra_km_charges": 0,\n    "driver_allowance": 0,\n    "total_fare": 0,\n    "details": {\n      "actual_distance_km": 0,\n      "actual_duration_minutes": 0,\n      "per_km_rate": 0\n    }\n  },\n  "pickup_address": "",\n  "destination_address": "",\n  "booking_type": "regular",\n  "rental_hours": null\n}'
10-20 22:58:51.458 27060 27485 I ReactNativeJS: âŒ Not visible - returning null
10-20 22:58:51.459 27060 27485 I ReactNativeJS: ğŸ” Loading current ride...
10-20 22:58:51.463 27060 27485 I ReactNativeJS: === RIDES SCREEN STATE DEBUG ===
10-20 22:58:51.463 27060 27485 I ReactNativeJS: ğŸ”„ Component state updated:
10-20 22:58:51.463 27060 27485 I ReactNativeJS: '  - Current ride:', 'null'
10-20 22:58:51.463 27060 27485 I ReactNativeJS: '  - Pending rides count:', 0
10-20 22:58:51.463 27060 27485 I ReactNativeJS: '  - Driver status:', 'online'
10-20 22:58:51.463 27060 27485 I ReactNativeJS: '  - Loading:', true
10-20 22:58:51.463 27060 27485 I ReactNativeJS: '  - Error:', null
10-20 22:58:51.463 27060 27485 I ReactNativeJS: '  - Show modal:', false
10-20 22:58:51.463 27060 27485 I ReactNativeJS: '  - Timestamp:', '2025-10-20T17:28:51.463Z'
10-20 22:58:51.463 27060 27485 I ReactNativeJS: âŒ NO CURRENT RIDE - showing empty state
10-20 22:58:51.675 28249 28258 I om.vivo.hiboard: Background concurrent copying GC freed 23MB AllocSpace bytes, 62(4264KB) LOS objects, 58% free, 4363KB/10MB, paused 191us,78us total 170.027ms
10-20 22:58:51.695 28249 28260 W om.vivo.hiboard: ApkAssets: Deleting an ApkAssets object '<empty> and /system/app/Calculator/Calculator.apk' with 1 weak references
10-20 22:58:51.698 28249 28260 W om.vivo.hiboard: ApkAssets: Deleting an ApkAssets object '<empty> and /data/app/~~eCrvdpce8cKhF_o5XuPylw==/com.google.android.gms-3JM2t0qN4ruXi9hkKZ22Bw==/base.apk' with 1 weak references
10-20 22:58:51.699 28249 28260 W om.vivo.hiboard: ApkAssets: Deleting an ApkAssets object '<empty> and /data/app/~~eCrvdpce8cKhF_o5XuPylw==/com.google.android.gms-3JM2t0qN4ruXi9hkKZ22Bw==/split_config.en.apk' with 1 weak references
10-20 22:58:51.700 28249 28260 W om.vivo.hiboard: ApkAssets: Deleting an ApkAssets object '<empty> and /data/app/~~eCrvdpce8cKhF_o5XuPylw==/com.google.android.gms-3JM2t0qN4ruXi9hkKZ22Bw==/split_config.xxhdpi.apk' with 1 weak references
10-20 22:58:51.795 21104 21188 W Settings: Setting airplane_mode_on has moved from android.provider.Settings.System to android.provider.Settings.Global, returning read-only value.
10-20 22:58:51.804 21104 27973 W SystemServiceRegistry: No service published for: wifirtt
10-20 22:58:51.823 27060 27485 I ReactNativeJS: 'âœ… Current ride loaded:', 'none'
10-20 22:58:51.823 27060 27485 I ReactNativeJS: ğŸ” Loading pending ride notifications...
10-20 22:58:52.146 27060 27485 I ReactNativeJS: ğŸ“‹ Found 0 unread ride notifications
10-20 22:58:52.158 27060 27485 I ReactNativeJS: 'ğŸ¯ğŸ¯ğŸ¯ TripCompletionModal RENDER - visible:', false
10-20 22:58:52.159 27060 27485 I ReactNativeJS: 'ğŸ¯ğŸ¯ğŸ¯ tripData:', '{\n  "distance": 0,\n  "duration": 0,\n  "fareBreakdown": {\n    "booking_type": "regular",\n    "vehicle_type": "sedan",\n    "base_fare": 0,\n    "distance_fare": 0,\n    "time_fare": 0,\n    "surge_charges": 0,\n    "deadhead_charges": 0,\n    "platform_fee": 0,\n    "gst_on_charges": 0,\n    "gst_on_platform_fee": 0,\n    "extra_km_charges": 0,\n    "driver_allowance": 0,\n    "total_fare": 0,\n    "details": {\n      "actual_distance_km": 0,\n      "actual_duration_minutes": 0,\n      "per_km_rate": 0\n    }\n  },\n  "pickup_address": "",\n  "destination_address": "",\n  "booking_type": "regular",\n  "rental_hours": null\n}'
10-20 22:58:52.159 27060 27485 I ReactNativeJS: âŒ Not visible - returning null
10-20 22:58:52.161 27060 27485 I ReactNativeJS: âœ… No pending ride notifications
10-20 22:58:52.161 27060 27485 I ReactNativeJS: === RIDES SCREEN STATE DEBUG ===
10-20 22:58:52.162 27060 27485 I ReactNativeJS: ğŸ”„ Component state updated:
10-20 22:58:52.162 27060 27485 I ReactNativeJS: '  - Current ride:', 'null'
10-20 22:58:52.162 27060 27485 I ReactNativeJS: '  - Pending rides count:', 0
10-20 22:58:52.162 27060 27485 I ReactNativeJS: '  - Driver status:', 'online'
10-20 22:58:52.162 27060 27485 I ReactNativeJS: '  - Loading:', true
10-20 22:58:52.162 27060 27485 I ReactNativeJS: '  - Error:', null
10-20 22:58:52.162 27060 27485 I ReactNativeJS: '  - Show modal:', false
10-20 22:58:52.162 27060 27485 I ReactNativeJS: '  - Timestamp:', '2025-10-20T17:28:52.162Z'
10-20 22:58:52.162 27060 27485 I ReactNativeJS: âŒ NO CURRENT RIDE - showing empty state
10-20 22:58:52.162 27060 27485 I ReactNativeJS: === RIDE REQUEST MODAL LOGIC DEBUG ===
10-20 22:58:52.162 27060 27485 I ReactNativeJS: ğŸ”„ Checking if should show ride request modal:
10-20 22:58:52.162 27060 27485 I ReactNativeJS: '  - Pending rides:', 0
10-20 22:58:52.162 27060 27485 I ReactNativeJS: '  - Modal already showing:', false
10-20 22:58:52.162 27060 27485 I ReactNativeJS: '  - Driver status:', 'online'
10-20 22:58:52.162 27060 27485 I ReactNativeJS: '  - Has current ride:', false
10-20 22:58:52.162 27060 27485 I ReactNativeJS: âŒ NOT SHOWING MODAL - reasons:
10-20 22:58:52.163 27060 27485 I ReactNativeJS: 'ğŸš— Analysis:', { pendingRidesCount: 0,
10-20 22:58:52.163 27060 27485 I ReactNativeJS:   modalAlreadyShowing: false,
10-20 22:58:52.163 27060 27485 I ReactNativeJS:   driverStatus: 'online',
10-20 22:58:52.163 27060 27485 I ReactNativeJS:   hasCurrentRide: false }
