10-20 00:38:46.850 19438 19568 V AconfigFlags: Read Aconfig default flag value android.app.modes_api = true
10-20 00:38:46.850 19438 19568 V AconfigFlags: Read Aconfig default flag value android.app.modes_ui = false
10-20 00:38:46.851 19438 19568 V AconfigFlags: Read Aconfig default flag value android.app.notification_channel_vibration_effect_api = true
10-20 00:38:46.851 19438 19568 V AconfigFlags: Read Aconfig default flag value android.app.notification_expansion_optional = false
10-20 00:38:46.851 19438 19568 V AconfigFlags: Read Aconfig default flag value android.app.notifications_use_app_icon = false
10-20 00:38:46.851 19438 19568 V AconfigFlags: Read Aconfig default flag value android.app.notifications_use_app_icon_in_row = false
10-20 00:38:46.851 19438 19568 V AconfigFlags: Read Aconfig default flag value android.app.notifications_use_monochrome_app_icon = false
10-20 00:38:46.851 19438 19568 V AconfigFlags: Read Aconfig default flag value android.app.ondeviceintelligence.flags.enable_on_device_intelligence = true
10-20 00:38:46.851 19438 19568 V AconfigFlags: Read Aconfig default flag value android.app.pinner_service_client_api = true
10-20 00:38:46.851 19438 19568 V AconfigFlags: Read Aconfig default flag value android.app.redact_sensitive_content_notifications_on_lockscreen = false
10-20 00:38:46.851 19438 19568 V AconfigFlags: Read Aconfig default flag value android.app.remove_remote_views = false
10-20 00:38:46.851 19438 19568 V AconfigFlags: Read Aconfig default flag value android.app.restrict_audio_attributes_alarm = false
10-20 00:38:46.851 19438 19568 V AconfigFlags: Read Aconfig default flag value android.app.restrict_audio_attributes_call = false
10-20 00:38:46.851 19438 19568 V AconfigFlags: Read Aconfig default flag value android.app.restrict_audio_attributes_media = false
10-20 00:38:46.851 19438 19568 V AconfigFlags: Read Aconfig default flag value android.app.secure_allowlist_token = false
10-20 00:38:46.851 19438 19568 V AconfigFlags: Read Aconfig default flag value android.app.skip_bg_mem_trim_on_fg_app = false
10-20 00:38:46.851 19438 19568 V AconfigFlags: Read Aconfig default flag value android.app.smartspace.flags.access_smartspace = true
10-20 00:38:46.851 19438 19568 V AconfigFlags: Read Aconfig default flag value android.app.smartspace.flags.remote_views = true
10-20 00:38:46.851 19438 19568 V AconfigFlags: Read Aconfig default flag value android.app.sort_section_by_time = false
10-20 00:38:46.851 19438 19568 V AconfigFlags: Read Aconfig default flag value android.app.system_terms_of_address_enabled = true
10-20 00:38:46.851 19438 19568 V AconfigFlags: Read Aconfig default flag value android.app.uid_importance_listener_for_uids = false
10-20 00:38:46.851 19438 19568 V AconfigFlags: Read Aconfig default flag value android.app.update_ranking_time = false
10-20 00:38:46.851 19438 19568 V AconfigFlags: Read Aconfig default flag value android.app.usage.disable_idle_check = false
10-20 00:38:46.851 19438 19568 V AconfigFlags: Read Aconfig default flag value android.app.usage.filter_based_event_query_api = true
10-20 00:38:46.851 19438 19568 V AconfigFlags: Read Aconfig default flag value android.app.usage.get_app_bytes_by_data_type_api = true
10-20 00:38:46.851 19438 19568 V AconfigFlags: Read Aconfig default flag value android.app.usage.report_usage_stats_permission = true
10-20 00:38:46.851 19438 19568 V AconfigFlags: Read Aconfig default flag value android.app.usage.use_dedicated_handler_thread = true
10-20 00:38:46.851 19438 19568 V AconfigFlags: Read Aconfig default flag value android.app.usage.use_parceled_list = true
10-20 00:38:46.851 19438 19568 V AconfigFlags: Read Aconfig default flag value android.app.usage.user_interaction_type_api = true
10-20 00:38:46.851 19438 19568 V AconfigFlags: Read Aconfig default flag value android.app.visit_person_uri = false
10-20 00:38:46.851 19438 19568 V AconfigFlags: Read Aconfig default flag value android.app.wearable.enable_data_request_observer_api = true
10-20 00:38:46.851 19438 19568 V AconfigFlags: Read Aconfig default flag value android.app.wearable.enable_hotword_wearable_sensing_api = true
10-20 00:38:46.851 19438 19568 V AconfigFlags: Read Aconfig default flag value android.app.wearable.enable_provide_wearable_connection_api = true
10-20 00:38:46.851 19438 19568 V AconfigFlags: Read Aconfig default flag value android.app.wearable.enable_restart_wss_process = true
10-20 00:38:46.851 19438 19568 V AconfigFlags: Read Aconfig default flag value android.app.wearable.enable_unsupported_operation_status_code = true
10-20 00:38:46.851 19438 19568 V AconfigFlags: Read Aconfig default flag value android.appwidget.flags.draw_data_parcel = true
10-20 00:38:46.851 19438 19568 V AconfigFlags: Read Aconfig default flag value android.appwidget.flags.generated_previews = true
10-20 00:38:46.851 19438 19568 V AconfigFlags: Read Aconfig default flag value android.appwidget.flags.remote_adapter_conversion = false
10-20 00:38:46.852 19438 19568 V AconfigFlags: Read Aconfig default flag value android.appwidget.flags.remove_app_widget_service_io_from_critical_path = true
10-20 00:38:46.852 19438 19568 V AconfigFlags: Read Aconfig default flag value android.appwidget.flags.support_resume_restore_after_reboot = false
10-20 00:38:46.852 19438 19568 V AconfigFlags: Read Aconfig default flag value android.appwidget.flags.throttle_widget_updates = false
10-20 00:38:46.852 19438 19568 V AconfigFlags: Read Aconfig default flag value android.car.feature.android_vic_vehicle_properties = true
10-20 00:38:46.852 19438 19568 V AconfigFlags: Read Aconfig default flag value android.car.feature.area_id_config_access = true
10-20 00:38:46.852 19438 19568 V AconfigFlags: Read Aconfig default flag value android.car.feature.batched_subscriptions = true
10-20 00:38:46.852 19438 19568 V AconfigFlags: Read Aconfig default flag value android.car.feature.car_app_card = true
10-20 00:38:46.852 19438 19568 V AconfigFlags: Read Aconfig default flag value android.car.feature.car_audio_dynamic_devices = true
10-20 00:38:46.852 19438 19568 V AconfigFlags: Read Aconfig default flag value android.car.feature.car_audio_fade_manager_configuration = true
10-20 00:38:46.852 19438 19568 V AconfigFlags: Read Aconfig default flag value android.car.feature.car_audio_min_max_activation_volume = true
10-20 00:38:46.852 19438 19568 V AconfigFlags: Read Aconfig default flag value android.car.feature.car_audio_mute_ambiguity = true
10-20 00:38:46.852 19438 19568 V AconfigFlags: Read Aconfig default flag value android.car.feature.car_dump_to_proto = true
10-20 00:38:46.852 19438 19568 V AconfigFlags: Read Aconfig default flag value android.car.feature.car_evs_query_service_status = true
10-20 00:38:46.852 19438 19568 V AconfigFlags: Read Aconfig default flag value android.car.feature.car_evs_stream_management = true
10-20 00:38:46.852 19438 19568 V AconfigFlags: Read Aconfig default flag value android.car.feature.car_night_global_setting = true
10-20 00:38:46.852 19438 19568 V AconfigFlags: Read Aconfig default flag value android.car.feature.car_power_cancel_shell_command = false
10-20 00:38:46.852 19438 19568 V AconfigFlags: Read Aconfig default flag value android.car.feature.car_power_policy_refactoring = true
10-20 00:38:46.852 19438 19568 V AconfigFlags: Read Aconfig default flag value android.car.feature.car_property_detailed_error_codes = true
10-20 00:38:46.852 19438 19568 V AconfigFlags: Read Aconfig default flag value android.car.feature.car_property_value_property_status = true
10-20 00:38:46.852 19438 19568 V AconfigFlags: Read Aconfig default flag value android.car.feature.car_watchdog_memory_profiling = true
10-20 00:38:46.852 19438 19568 V AconfigFlags: Read Aconfig default flag value android.car.feature.cluster_health_monitoring = true
10-20 00:38:46.852 19438 19568 V AconfigFlags: Read Aconfig default flag value android.car.feature.display_compatibility = true
10-20 00:38:46.852 19438 19568 V AconfigFlags: Read Aconfig default flag value android.car.feature.per_display_max_brightness = true
10-20 00:38:46.852 19438 19568 V AconfigFlags: Read Aconfig default flag value android.car.feature.persist_ap_settings = true
10-20 00:38:46.852 19438 19568 V AconfigFlags: Read Aconfig default flag value android.car.feature.projection_query_bt_profile_inhibit = true
10-20 00:38:46.852 19438 19568 V AconfigFlags: Read Aconfig default flag value android.car.feature.serverless_remote_access = true
10-20 00:38:46.852 19438 19568 V AconfigFlags: Read Aconfig default flag value android.car.feature.stop_process_before_suspend_to_disk = false
10-20 00:38:46.852 19438 19568 V AconfigFlags: Read Aconfig default flag value android.car.feature.subscription_with_resolution = true
10-20 00:38:46.853 19438 19568 V AconfigFlags: Read Aconfig default flag value android.car.feature.switch_user_ignoring_uxr = true
10-20 00:38:46.853 19438 19568 V AconfigFlags: Read Aconfig default flag value android.car.feature.variable_update_rate = true
10-20 00:38:46.853 19438 19568 V AconfigFlags: Read Aconfig default flag value android.chre.flags.abort_if_no_context_hub_found = false
10-20 00:38:46.853 19438 19568 V AconfigFlags: Read Aconfig default flag value android.chre.flags.bug_fix_reduce_lock_holding_period = true
10-20 00:38:46.853 19438 19568 V AconfigFlags: Read Aconfig default flag value android.chre.flags.context_hub_callback_uuid_enabled = true
10-20 00:38:46.853 19438 19568 V AconfigFlags: Read Aconfig default flag value android.chre.flags.flag_log_nanoapp_load_metrics = true
10-20 00:38:46.853 19438 19568 V AconfigFlags: Read Aconfig default flag value android.chre.flags.metrics_reporter_in_the_daemon = true
10-20 00:38:46.853 19438 19568 V AconfigFlags: Read Aconfig default flag value android.chre.flags.reconnect_host_endpoints_after_hal_restart = false
10-20 00:38:46.853 19438 19568 V AconfigFlags: Read Aconfig default flag value android.chre.flags.reduce_lock_holding_period = false
10-20 00:38:46.853 19438 19568 V AconfigFlags: Read Aconfig default flag value android.chre.flags.reliable_message = true
10-20 00:38:46.853 19438 19568 V AconfigFlags: Read Aconfig default flag value android.chre.flags.reliable_message_duplicate_detection_service = false
10-20 00:38:46.853 19438 19568 V AconfigFlags: Read Aconfig default flag value android.chre.flags.reliable_message_implementation = true
10-20 00:38:46.853 19438 19568 V AconfigFlags: Read Aconfig default flag value android.chre.flags.reliable_message_retry_support_service = false
10-20 00:38:46.853 19438 19568 V AconfigFlags: Read Aconfig default flag value android.chre.flags.reliable_message_test_mode_behavior = false
10-20 00:38:46.853 19438 19568 V AconfigFlags: Read Aconfig default flag value android.chre.flags.remove_ap_wakeup_metric_report_limit = true
10-20 00:38:46.853 19438 19568 V AconfigFlags: Read Aconfig default flag value android.chre.flags.wait_for_preloaded_nanoapp_start = false
10-20 00:38:46.853 19438 19568 V AconfigFlags: Read Aconfig default flag value android.companion.association_tag = false
10-20 00:38:46.853 19438 19568 V AconfigFlags: Read Aconfig default flag value android.companion.companion_transport_apis = false
10-20 00:38:46.853 19438 19568 V AconfigFlags: Read Aconfig default flag value android.companion.device_presence = false
10-20 00:38:46.853 19438 19568 V AconfigFlags: Read Aconfig default flag value android.companion.new_association_builder = true
10-20 00:38:46.853 19438 19568 V AconfigFlags: Read Aconfig default flag value android.companion.ongoing_perm_sync = false
10-20 00:38:46.853 19438 19568 V AconfigFlags: Read Aconfig default flag value android.companion.perm_sync_user_consent = true
10-20 00:38:46.853 19438 19568 V AconfigFlags: Read Aconfig default flag value android.companion.unpair_associated_device = false
10-20 00:38:46.853 19438 19568 V AconfigFlags: Read Aconfig default flag value android.companion.virtual.flags.consistent_display_flags = true
10-20 00:38:46.853 19438 19568 V AconfigFlags: Read Aconfig default flag value android.companion.virtual.flags.cross_device_clipboard = true
10-20 00:38:46.853 19438 19568 V AconfigFlags: Read Aconfig default flag value android.companion.virtual.flags.dynamic_policy = true
10-20 00:38:46.853 19438 19568 V AconfigFlags: Read Aconfig default flag value android.companion.virtual.flags.enable_native_vdm = true
10-20 00:38:46.853 19438 19568 V AconfigFlags: Read Aconfig default flag value android.companion.virtual.flags.express_metrics = true
10-20 00:38:46.853 19438 19568 V AconfigFlags: Read Aconfig default flag value android.companion.virtual.flags.impulse_velocity_strategy_for_touch_navigation = true
10-20 00:38:46.853 19438 19568 V AconfigFlags: Read Aconfig default flag value android.companion.virtual.flags.interactive_screen_mirror = true
10-20 00:38:46.853 19438 19568 V AconfigFlags: Read Aconfig default flag value android.companion.virtual.flags.intercept_intents_before_applying_policy = true
10-20 00:38:46.853 19438 19568 V AconfigFlags: Read Aconfig default flag value android.companion.virtual.flags.persistent_device_id_api = true
10-20 00:38:46.854 19438 19568 V AconfigFlags: Read Aconfig default flag value android.companion.virtual.flags.stream_camera = false
10-20 00:38:46.854 19438 19568 V AconfigFlags: Read Aconfig default flag value android.companion.virtual.flags.stream_permissions = true
10-20 00:38:46.854 19438 19568 V AconfigFlags: Read Aconfig default flag value android.companion.virtual.flags.vdm_custom_home = true
10-20 00:38:46.854 19438 19568 V AconfigFlags: Read Aconfig default flag value android.companion.virtual.flags.vdm_custom_ime = true
10-20 00:38:46.854 19438 19568 V AconfigFlags: Read Aconfig default flag value android.companion.virtual.flags.vdm_public_apis = true
10-20 00:38:46.854 19438 19568 V AconfigFlags: Read Aconfig default flag value android.companion.virtual.flags.virtual_camera = true
10-20 00:38:46.854 19438 19568 V AconfigFlags: Read Aconfig default flag value android.companion.virtual.flags.virtual_stylus = true
10-20 00:38:46.854 19438 19568 V AconfigFlags: Read Aconfig default flag value android.companion.virtualdevice.flags.camera_device_awareness = true
10-20 00:38:46.854 19438 19568 V AconfigFlags: Read Aconfig default flag value android.companion.virtualdevice.flags.device_aware_drm = true
10-20 00:38:46.854 19438 19568 V AconfigFlags: Read Aconfig default flag value android.companion.virtualdevice.flags.device_aware_record_audio_permission = true
10-20 00:38:46.854 19438 19568 V AconfigFlags: Read Aconfig default flag value android.companion.virtualdevice.flags.intent_interception_action_matching_fix = true
10-20 00:38:46.854 19438 19568 V AconfigFlags: Read Aconfig default flag value android.companion.virtualdevice.flags.metrics_collection = true
10-20 00:38:46.854 19438 19568 V AconfigFlags: Read Aconfig default flag value android.companion.virtualdevice.flags.virtual_camera_service_discovery = true
10-20 00:38:46.854 19438 19568 V AconfigFlags: Read Aconfig default flag value android.companion.virtualdevice.flags.virtual_display_multi_window_mode_support = true
10-20 00:38:46.854 19438 19568 V AconfigFlags: Read Aconfig default flag value android.content.flags.enable_bind_package_isolated_process = true
10-20 00:38:46.854 19438 19568 V AconfigFlags: Read Aconfig default flag value android.content.pm.allow_sdk_sandbox_query_intent_activities = true
10-20 00:38:46.854 19438 19568 V AconfigFlags: Read Aconfig default flag value android.content.pm.archiving = true
10-20 00:38:46.854 19438 19568 V AconfigFlags: Read Aconfig default flag value android.content.pm.asl_in_apk_app_metadata_source = true
10-20 00:38:46.854 19438 19568 V AconfigFlags: Read Aconfig default flag value android.content.pm.component_state_changed_metrics = true
10-20 00:38:46.854 19438 19568 V AconfigFlags: Read Aconfig default flag value android.content.pm.disallow_sdk_libs_to_be_apps = false
10-20 00:38:46.854 19438 19568 V AconfigFlags: Read Aconfig default flag value android.content.pm.emergency_install_permission = true
10-20 00:38:46.854 19438 19568 V AconfigFlags: Read Aconfig default flag value android.content.pm.encode_app_intent = true
10-20 00:38:46.854 19438 19568 V AconfigFlags: Read Aconfig default flag value android.content.pm.fix_duplicated_flags = true
10-20 00:38:46.854 19438 19568 V AconfigFlags: Read Aconfig default flag value android.content.pm.fix_system_apps_first_install_time = true
10-20 00:38:46.854 19438 19568 V AconfigFlags: Read Aconfig default flag value android.content.pm.force_multi_arch_native_libs_match = true
10-20 00:38:46.854 19438 19568 V AconfigFlags: Read Aconfig default flag value android.content.pm.get_package_info = true
10-20 00:38:46.854 19438 19568 V AconfigFlags: Read Aconfig default flag value android.content.pm.get_package_info_with_fd = false
10-20 00:38:46.854 19438 19568 V AconfigFlags: Read Aconfig default flag value android.content.pm.get_package_storage_stats = true
10-20 00:38:47.176 19438 19453 W ratelimit: Single process limit 250/s drop 2266 lines.
10-20 00:38:47.176 19438 19453 I ager:releasable: Background concurrent copying GC freed 99KB AllocSpace bytes, 410(94MB) LOS objects, 27% free, 62MB/86MB, paused 166us,629us total 101.198ms
10-20 00:38:47.241 19438 19568 V avast-partner-antiviru*: Cert: FF976F2C411661485A4093C1345D47D64ACA9A9C
10-20 00:38:47.411 19438 19453 I ager:releasable: Background concurrent copying GC freed 455KB AllocSpace bytes, 374(74MB) LOS objects, 31% free, 51MB/75MB, paused 451us,253us total 109.736ms
10-20 00:38:48.462 21104 19070 I NearbyMediums: No BLE Fast/GATT advertisements found in the latest cycle.
10-20 00:38:48.462 21104 19070 I NearbyMediums: Current Tracked Scanning Clients are : {NearbyConnections.EnvironmentMonitor, NearbySharing}
10-20 00:38:48.878 18831 18874 I Finsky  : [45997] Installer package name of package com.android.contacts is 
10-20 00:38:48.878 18831 18874 I Finsky  : [45997] Installer package name of package com.android.deskclock is 
10-20 00:38:48.878 18831 18874 I Finsky  : [45997] Installer package name of package com.android.dialer is 
10-20 00:38:48.878 18831 18874 I Finsky  : [45997] Installer package name of package com.android.settings is 
10-20 00:38:48.879 18831 18874 I Finsky  : [45997] Installer package name of package com.vivo.gallery is 
10-20 00:38:48.879 18831 18874 I Finsky  : [45997] Installer package name of package com.vivo.soundrecorder is 
10-20 00:38:48.879 18831 18874 I Finsky  : [45997] Installer package name of package com.vivo.vhome is 
10-20 00:38:48.879 18831 18874 I Finsky  : [45997] Installer package name of package com.vivo.website is com.vivo.website
10-20 00:38:48.880 18831 18874 I Finsky  : [45997] Installer package name of package com.google.android.apps.docs.editors.docs is 
10-20 00:38:48.880 18831 18874 I Finsky  : [45997] Installer package name of package com.google.android.apps.docs.editors.slides is 
10-20 00:38:48.880 18831 18874 I Finsky  : [45997] Installer package name of package com.grofers.customerapp is com.vivo.easyshare
10-20 00:38:48.880 18831 18874 I Finsky  : [45997] Installer package name of package com.spotify.music is 
10-20 00:38:48.880 18831 18874 I Finsky  : [45997] Installer package name of package com.android.VideoPlayer is 
10-20 00:38:48.880 18831 18874 I Finsky  : [45997] Installer package name of package com.android.bbk.lockscreen3 is 
10-20 00:38:48.881 18831 18874 I Finsky  : [45997] Installer package name of package com.android.bbkmusic is 
10-20 00:38:48.881 18831 18874 I Finsky  : [45997] Installer package name of package com.android.camera is 
10-20 00:38:48.881 18831 18874 I Finsky  : [45997] Installer package name of package com.android.stk is 
10-20 00:38:48.881 18831 18874 I Finsky  : [45997] Installer package name of package com.bbk.cloud is 
10-20 00:38:48.881 18831 18874 I Finsky  : [45997] Installer package name of package com.vivo.Tips is 
10-20 00:38:48.881 18831 18874 I Finsky  : [45997] Installer package name of package com.vivo.appstore is com.vivo.appstore
10-20 00:38:48.882 18831 18874 I Finsky  : [45997] Installer package name of package com.vivo.browser is 
10-20 00:38:48.882 18831 18874 I Finsky  : [45997] Installer package name of package com.vivo.calculator is 
10-20 00:38:48.882 18831 18874 I Finsky  : [45997] Installer package name of package com.vivo.compass is 
10-20 00:38:48.882 18831 18874 I Finsky  : [45997] Installer package name of package com.vivo.easyshare is 
10-20 00:38:48.882 18831 18874 I Finsky  : [45997] Installer package name of package com.vivo.feedback is 
10-20 00:38:48.882 18831 18874 I Finsky  : [45997] Installer package name of package com.vivo.game is com.vivo.appstore
10-20 00:38:48.882 18831 18874 I Finsky  : [45997] Installer package name of package com.vivo.imanager is 
10-20 00:38:48.882 18831 18874 I Finsky  : [45997] Installer package name of package com.vivo.notes is 
10-20 00:38:48.883 18831 18874 I Finsky  : [45997] Installer package name of package com.vivo.simplelauncher is 
10-20 00:38:48.883 18831 18874 I Finsky  : [45997] Installer package name of package com.vivo.weather is 
10-20 00:38:48.883 18831 18874 I Finsky  : [45997] Installer package name of package com.a1taxi.a1taxicustomer is com.google.android.packageinstaller
10-20 00:38:48.883 18831 18874 I Finsky  : [45997] Installer package name of package com.a1taxi.driverpro is com.google.android.packageinstaller
10-20 00:38:48.883 18831 18874 I Finsky  : [45997] Installer package name of package com.airbnb.android is com.vivo.easyshare
10-20 00:38:48.883 18831 18874 I Finsky  : [45997] Installer package name of package com.atomczak.notepat is com.vivo.easyshare
10-20 00:38:48.884 18831 18874 I Finsky  : [45997] Installer package name of package com.blockchainvault is com.vivo.easyshare
10-20 00:38:48.884 18831 18874 I Finsky  : [45997] Installer package name of package com.facebook.katana is com.facebook.system
10-20 00:38:48.884 18831 18874 I Finsky  : [45997] Installer package name of package com.instagram.android is com.facebook.system
10-20 00:38:48.884 18831 18874 I Finsky  : [45997] Installer package name of package com.mediocre.smashhit is com.vivo.appstore
10-20 00:38:48.884 18831 18874 I Finsky  : [45997] Installer package name of package com.meesho.supply is com.vivo.appstore
10-20 00:38:48.884 18831 18874 I Finsky  : [45997] Installer package name of package com.microsoft.office.excel is com.vivo.easyshare
10-20 00:38:48.885 18831 18874 I Finsky  : [45997] Installer package name of package net.skyscanner.android.main is com.vivo.easyshare
10-20 00:38:49.142 21104 21188 W Settings: Setting airplane_mode_on has moved from android.provider.Settings.System to android.provider.Settings.Global, returning read-only value.
10-20 00:38:49.150 21104 18141 W SystemServiceRegistry: No service published for: wifirtt
10-20 00:38:49.260 18831 18831 E Finsky  : [2] Failed to load an Item com.android.vending, no data available.
10-20 00:38:49.261 18831 18831 E Finsky  : [2] Required items [com.android.vending]
10-20 00:38:49.261 18831 18831 E Finsky  : [2] Requested items [[com.android.vending]]
10-20 00:38:49.261 18831 18831 E Finsky  : [2] Retrieved items []
10-20 00:38:50.590 19438 19568 V avast-partner-antiviru*: Skipping detection verification in cloud
10-20 00:38:50.596 19438 19568 D avast-partner-sdk: releaseContext: 0
10-20 00:38:51.472 21104 21119 I WifiScanner: onFullResults
10-20 00:38:51.472 21104 22647 I WifiScanner: onFullResults
10-20 00:38:51.474 21104 21143 I WifiScanner: onFullResults
10-20 00:38:51.496 21104 18141 I FrewleTileCacheManagerV: (REDACTED) Fetched %d AP models from cache
10-20 00:38:51.567 21104 21184 I FusedLocation: (REDACTED) location delivery to %s blocked - too fast
10-20 00:38:51.569 21104 21184 I FusedLocation: (REDACTED) location delivery to %s blocked - too close
10-20 00:38:51.578 21104 18141 I SemanticLocation: [InfMgr] No location reports after filtering [CONTEXT service_id=173 ]
10-20 00:38:51.581 21104 21734 W PersonalSafety: Reject: No sufficient displacement. [CONTEXT service_id=310 ]
10-20 00:38:51.585 21104 21734 W PersonalSafety: Ble scanner not running, ignore location update [CONTEXT service_id=310 ]
10-20 00:38:54.945 21104 19486 I NetworkScheduler.Stats: (REDACTED) Task %s/%s started execution. cause:%s exec_start_elapsed_seconds: %s
10-20 00:38:54.963 21163  9698 I PlayGamesServices[GamesSyncAdapter]: Starting sync for 2cfab88c
10-20 00:38:54.973 21163  9698 I PlayGamesServices[GamesSyncAdapter]: Sync duration for 2cfab88c: 3
10-20 00:38:54.988 21163  9698 D SQLiteQueryBuilder: SELECT _id FROM players WHERE ((external_player_id=?))
10-20 00:38:54.993 21163  9698 D SQLiteQueryBuilder: SELECT current_level, profile_icon_image_id, is_profile_visible, current_xp_total, 0 AS is_muted, (SELECT url FROM images innerimage WHERE innerimage._id=players.banner_image_portrait_id LIMIT 1) AS banner_image_portrait_url, has_debug_access, has_all_public_acls, profile_name, play_together_nickname, is_in_circles, next_level, player_title, (SELECT url FROM images innerimage WHERE innerimage._id=players.profile_icon_image_id LIMIT 1) AS profile_icon_image_url, external_player_id, 'content://com.google.android.gms.games.background/images/2cfab88c/'||profile_icon_image_id AS profile_icon_image_uri, always_auto_sign_in, next_level_max_xp, 0 AS gamer_friend_status, last_updated, last_level_up_timestamp, 0 AS gamer_friend_update_timestamp, 'content://com.google.android.gms.games.background/images/2cfab88c/'||most_recent_game_hi_res_id AS most_recent_game_hi_res_uri, friends_list_visibility, most_recent_game_hi_res_id, most_recent_game_icon_id, banner_image_portrait_id, 'content://com.google.android.gms.games.background/images/2cfab88c/'||banner_image_portrait_id AS banner_image_portrait_uri, gamer_tag, 'content://com.google.android.gms.games.background/images/2cfab88c/'||banner_image_landscape_id AS banner_image_landscape_uri, _id, (SELECT url FROM images innerimage WHERE innerimage._id=players.banner_image_landscape_id LIMIT 1) AS banner_image_landscape_url, most_recent_external_game_id, banner_image_landscape_id, profile_creation_timestamp, 'content://com.google.android.gms.games.background/images/2cfab88c/'||most_recent_game_featured_id AS most_recent_game_featured_uri, most_recent_game_name, most_recent_game_featured_id, real_name, current_level_max_xp, current_level_min_xp, play_together_invitation_nickname, nickname_abuse_report_token, play_together_friend_status, (SELECT url FROM images innerimage WHERE innerimage._id=players.profile_hi_res_image_id LIMIT 1) AS profile_hi_res_image_url, total_unlocked_achievements, 'content://com.google.android.gms.games.background/images/2cfab88c/'||profile_hi_res_image_id AS profile_hi_res_image_uri, 'content://com.google.android.gms.games.background/images/2cfab88c/'||most_recent_game_icon_id AS most_recent_game_icon_uri, most_recent_activity_timestamp, profile_hi_res_image_id FROM players WHERE ((external_player_id=?))
10-20 00:38:55.013 21104 18141 I NetworkScheduler.Stats: (REDACTED) Task %s/%s finished executing. cause:%s result: %s elapsed_millis: %s uptime_millis: %s exec_start_elapsed_seconds: %s
10-20 00:38:55.025 21163 22696 W PlayGamesServices[UiUtils]: AppVersion: Cannot find the installed destination app.
10-20 00:38:55.025 21163 22696 I GetServiceValidatorImpl: (REDACTED) onGetService() from Client SDK version [%s], Module version [%s], PGA version [%s], Account [%s], Calling package [%s], Game package [%s]
10-20 00:38:55.027 21163 22696 W GetGamesServiceReqFacto: Parsing request with ignored arguments. signInOptionsBundle [Bundle[{com.google.android.gms.signin.internal.serverClientId=null, com.google.android.gms.signin.internal.usePromptModeForAuthCode=true, com.google.android.gms.signin.internal.logSessionId=null, com.google.android.gms.signin.internal.hostedDomain=null, com.google.android.gms.signin.internal.offlineAccessRequested=false, com.google.android.gms.signin.internal.waitForAccessTokenRefresh=false, com.google.android.gms.signin.internal.clientRequestedAccount=Account {name=<<default account>>, type=com.google}, com.google.android.gms.signin.internal.idTokenRequested=false, com.google.android.gms.signin.internal.forceCodeForRefreshToken=false}]], isRetryingSignIn [false], skipWelcomePopup [false], requireGooglePlus [false]
10-20 00:38:55.028 21163 22696 I GetGamesServiceReqFacto: Replacing request for `games` scope with `games_lite`
10-20 00:38:55.040 21163 19597 I SignInPerformer-30: (REDACTED) Handling request [%s], isFirstPartyCaller [%s]
10-20 00:38:55.041 21163 19597 I SignInPerformer-30: Successfully brokered first-party unauthenticated GamesService [CONTEXT service_id=1 ]
10-20 00:38:55.042 21163 19597 I GetGamesServiceV2Op: (REDACTED) Successfully brokered GamesService for request %s
10-20 00:38:55.044 21163 22696 W PlayGamesServices[UiUtils]: AppVersion: Cannot find the installed destination app.
10-20 00:38:55.045 21163 22696 W PlayGamesServices[UiUtils]: AppVersionName: Cannot find the installed destination app.
10-20 00:38:55.082 21104 19596 I NetworkScheduler.Stats: (REDACTED) Task %s/%s started execution. cause:%s exec_start_elapsed_seconds: %s
10-20 00:38:55.115 21104 19596 I NetworkScheduler.Stats: (REDACTED) Task %s/%s finished executing. cause:%s result: %s elapsed_millis: %s uptime_millis: %s exec_start_elapsed_seconds: %s
10-20 00:38:55.628 12475 15901 I cr_BindingManager: Release visible connections: 3
10-20 00:38:58.464 21104 19070 I NearbyMediums: No BLE Fast/GATT advertisements found in the latest cycle.
10-20 00:38:58.464 21104 19070 I NearbyMediums: Current Tracked Scanning Clients are : {NearbyConnections.EnvironmentMonitor, NearbySharing}
10-20 00:38:58.701  7096  7120 I native  : I0000 00:00:1760900938.701050    7120 soda_async_impl.cc:1383] Current audio timestamp: 1760900938590380
10-20 00:38:58.724  7096  7126 W ProxyAndroidLoggerBackend: Too many Flogger logs received before configuration. Dropping old logs.
10-20 00:38:59.213 21163 21163 D BoundBrokerSvc: onUnbind: Intent { act=com.google.android.gms.backup.GMS_MODULE_RESTORE dat=chimera-action:/... cmp=com.google.android.gms/.chimera.GmsInternalBoundBrokerService }
10-20 00:39:00.615 21163 21163 D BoundBrokerSvc: onUnbind: Intent { act=com.google.android.gms.safebrowsing.SafeBrowsingService.START dat=chimera-action:/... cmp=com.google.android.gms/.chimera.GmsBoundBrokerService }
10-20 00:39:00.622 21163 21163 D BoundBrokerSvc: onUnbind: Intent { act=com.google.android.gms.chromesync.service.firstparty.START dat=chimera-action:/... cmp=com.google.android.gms/.chimera.GmsApiService }
10-20 00:39:01.494 21163 21175 W gle.android.gms: ApkAssets: Deleting an ApkAssets object '<empty> and /data/app/~~cbG-YjOP44jOlX9mg9SGEg==/com.a1taxi.a1taxicustomer-61J6uCEzulrUn2jS9vZfNA==/base.apk' with 1 weak references
10-20 00:39:01.500 21163 21175 W gle.android.gms: ApkAssets: Deleting an ApkAssets object '<empty> and /data/app/~~5-EtbKhINSN2xUSXFAKqOA==/com.a1taxi.driverpro-Esb-bMEGDnyrmLPRDdzhdQ==/base.apk' with 1 weak references
10-20 00:39:01.501 21163 21175 W gle.android.gms: ApkAssets: Deleting an ApkAssets object '<empty> and /data/app/~~O6rl15dJb50drM-hNT-o5A==/host.exp.exponent-VV2RWFguikxSwJOsrbvgyA==/base.apk' with 1 weak references
10-20 00:39:01.502 21163 21175 W gle.android.gms: ApkAssets: Deleting an ApkAssets object '<empty> and /data/app/~~O6rl15dJb50drM-hNT-o5A==/host.exp.exponent-VV2RWFguikxSwJOsrbvgyA==/split_config.arm64_v8a.apk' with 1 weak references
10-20 00:39:01.502 21163 21175 W gle.android.gms: ApkAssets: Deleting an ApkAssets object '<empty> and /data/app/~~O6rl15dJb50drM-hNT-o5A==/host.exp.exponent-VV2RWFguikxSwJOsrbvgyA==/split_config.en.apk' with 1 weak references
10-20 00:39:01.503 21163 21175 W gle.android.gms: ApkAssets: Deleting an ApkAssets object '<empty> and /data/app/~~O6rl15dJb50drM-hNT-o5A==/host.exp.exponent-VV2RWFguikxSwJOsrbvgyA==/split_config.xxhdpi.apk' with 1 weak references
10-20 00:39:01.503 21163 21175 W gle.android.gms: ApkAssets: Deleting an ApkAssets object '<empty> and /data/app/~~JmuPTYBTj-jaJNIstZq-9w==/com.android.chrome-bNbZsDOoFREdLvLbMoksJw==/base.apk' with 1 weak references
10-20 00:39:01.504 21163 21175 W gle.android.gms: ApkAssets: Deleting an ApkAssets object '<empty> and /data/app/~~JmuPTYBTj-jaJNIstZq-9w==/com.android.chrome-bNbZsDOoFREdLvLbMoksJw==/split_chrome.apk' with 1 weak references
10-20 00:39:01.504 21163 21175 W gle.android.gms: ApkAssets: Deleting an ApkAssets object '<empty> and /data/app/~~JmuPTYBTj-jaJNIstZq-9w==/com.android.chrome-bNbZsDOoFREdLvLbMoksJw==/split_config.en.apk' with 1 weak references
10-20 00:39:01.504 21163 21175 W gle.android.gms: ApkAssets: Deleting an ApkAssets object '<empty> and /data/app/~~JmuPTYBTj-jaJNIstZq-9w==/com.android.chrome-bNbZsDOoFREdLvLbMoksJw==/split_dev_ui.apk' with 1 weak references
10-20 00:39:01.504 21163 21175 W gle.android.gms: ApkAssets: Deleting an ApkAssets object '<empty> and /data/app/~~JmuPTYBTj-jaJNIstZq-9w==/com.android.chrome-bNbZsDOoFREdLvLbMoksJw==/split_on_demand.apk' with 1 weak references
10-20 00:39:01.504 21163 21175 W gle.android.gms: ApkAssets: Deleting an ApkAssets object '<empty> and /data/app/~~JmuPTYBTj-jaJNIstZq-9w==/com.android.chrome-bNbZsDOoFREdLvLbMoksJw==/split_stack_unwinder.apk' with 1 weak references
10-20 00:39:01.505 21163 21175 W gle.android.gms: ApkAssets: Deleting an ApkAssets object '<empty> and /data/app/~~JmuPTYBTj-jaJNIstZq-9w==/com.android.chrome-bNbZsDOoFREdLvLbMoksJw==/split_test_dummy.apk' with 1 weak references
10-20 00:39:01.505 21163 21175 W gle.android.gms: ApkAssets: Deleting an ApkAssets object '<empty> and /data/app/~~y8c-7G8746PBceSb85X2WQ==/com.google.android.trichromelibrary_739011133-eYqA66OgqxH0rGEpyXHuGg==/base.apk' with 1 weak references
10-20 00:39:01.505 21163 21175 W gle.android.gms: ApkAssets: Deleting an ApkAssets object '<empty> and /data/app/~~_0FdKpcvWfW-KZlgXOUC5w==/com.vivo.appstore-5USa7T1qGISffp-EA1DvdA==/base.apk' with 1 weak references
10-20 00:39:02.700 18831 18857 I Finsky  : [45982] Stats for Executor: LightweightExecutor ubw@691a097[Running, pool size = 4, active threads = 0, queued tasks = 0, completed tasks = 9067]
10-20 00:39:02.701 18831 18857 I Finsky  : [45982] Stats for Executor: BlockingExecutor ubw@6b99284[Running, pool size = 2, active threads = 0, queued tasks = 0, completed tasks = 995]
10-20 00:39:02.702 18831 18857 I Finsky  : [45982] Stats for Executor: bgExecutor ubw@dbfca6d[Running, pool size = 4, active threads = 0, queued tasks = 0, completed tasks = 19693]
10-20 00:39:05.877 10567 10567 D VRI[Launcher]: visibilityChanged oldVisibility=false newVisibility=true
10-20 00:39:05.907 10567 10567 D ViewRootImpl: AppSizeAfterRelayout, size: Point(1080, 2392), rotation: ROTATION_0
10-20 00:39:05.908 10567 10567 D BufferQueueConsumer: [](id:294700000007,api:0,p:-1,c:10567) connect: controlledByApp=false
10-20 00:39:05.908 10567 10567 D BLASTBufferQueue: [VRI[Launcher]#7](f:0,a:0) constructor()
10-20 00:39:05.908 10567 10567 D BLASTBufferQueue: [VRI[Launcher]#7](f:0,a:0) update width=1080 height=2392 format=-2 mTransformHint=0
10-20 00:39:05.936 10567 10622 D BLASTBufferQueue: [VRI[Launcher]#7](f:0,a:1) acquireNextBufferLocked size=1080x2392 mFrameNumber=1 applyTransaction=true mTimestamp=661867811970987(auto) mPendingTransactions.size=0 graphicBufferId=45384919416884 transform=0
10-20 00:39:05.940 10567 10567 I bnlz    : onStart
10-20 00:39:05.951 18831 18831 I Finsky  : [2] SCH: job service start with id 9164.
10-20 00:39:05.966 18831 19464 I Finsky  : [47332] SCH: Satisfied jobs for 9164 are: 12-1
10-20 00:39:05.968 18831 19564 I Finsky  : [47339] SCH: Job 12-1 starting
10-20 00:39:05.990 18831 18831 I Finsky  : [2] WM::SCH: Logging work start for 12-1
10-20 00:39:05.991 18831 18831 I Finsky  : [2] [ContentSync] job started
10-20 00:39:06.005 10567 10567 I bldh    : (REDACTED) [%s] onStart()
10-20 00:39:06.006 10567 10567 I blfn    : Reloading theme data
10-20 00:39:06.023 21163 21163 D BoundBrokerSvc: onRebind: Intent { act=com.google.android.gms.inappreach.service.START dat=chimera-action:/... cmp=com.google.android.gms/.chimera.GmsApiService }
10-20 00:39:06.035  5589  5589 I GoogleInputMethodService: GoogleInputMethodService.onFinishInput():2085 
10-20 00:39:06.036  5589  5589 I Module  : DeviceLockedStatusModuleProvider$Module.updateDeviceLockedStatus():100 repeatCheckTimes = 0, locked = false
10-20 00:39:06.036  5589  5589 I GoogleInputMethodService: GoogleInputMethodService.onStartInput():1346 onStartInput(EditorInfo{EditorInfo{packageName=com.android.launcher3, inputType=0, inputTypeString=NULL, enableLearning=false, autoCorrection=false, autoComplete=false, imeOptions=0, privateImeOptions=null, actionName=UNSPECIFIED, actionLabel=null, initialSelStart=-1, initialSelEnd=-1, initialCapsMode=0, label=null, fieldId=0, fieldName=null, extras=null, hintText=null, hintLocales=[]}}, false)
10-20 00:39:06.039  5589  5589 I Module  : DeviceLockedStatusModuleProvider$Module.updateDeviceLockedStatus():100 repeatCheckTimes = 1, locked = false
10-20 00:39:06.047 10567 10567 I bnlz    : onResume
10-20 00:39:06.809 28490 29125 W ackageinstaller: ApkAssets: Deleting an ApkAssets object '<empty> and /data/app/vmdl1657579144.tmp/PackageInstaller' with 1 weak references
10-20 00:39:06.946 18831 18843 I android.vending: Background young concurrent copying GC freed 12MB AllocSpace bytes, 7(288KB) LOS objects, 37% free, 20MB/33MB, paused 535us,126us total 153.500ms
10-20 00:39:07.070 18831 18831 W Finsky  : [2] STU: Failed to get storage stats for package 'com.google.mainline.primary.libs' (1601: Error getting stats: android.content.pm.PackageManager.NameNotFoundException)
10-20 00:39:07.111 18831 18831 W Finsky  : [2] STU: Failed to get storage stats for package 'com.google.android.widevine.nonupdatable' (1601: Error getting stats: android.content.pm.PackageManager.NameNotFoundException)
10-20 00:39:07.211 18831 18831 W Finsky  : [2] STU: Failed to get storage stats for package 'com.google.android.devicelock' (1601: Error getting stats: android.content.pm.PackageManager.NameNotFoundException)
10-20 00:39:07.362 18831 18831 W Finsky  : [2] STU: Failed to get storage stats for package 'com.android.apex.cts.shim' (1601: Error getting stats: android.content.pm.PackageManager.NameNotFoundException)
10-20 00:39:07.583 18831 18831 W Finsky  : [2] STU: Failed to get storage stats for package 'com.google.android.appsearch' (1601: Error getting stats: android.content.pm.PackageManager.NameNotFoundException)
10-20 00:39:07.697 18831 18831 W Finsky  : [2] STU: Failed to get storage stats for package 'com.google.android.art' (1601: Error getting stats: android.content.pm.PackageManager.NameNotFoundException)
10-20 00:39:07.989 18831 18831 W Finsky  : [2] STU: Failed to get storage stats for package 'com.google.android.mediaprovider' (1601: Error getting stats: android.content.pm.PackageManager.NameNotFoundException)
10-20 00:39:08.016 18831 18831 W Finsky  : [2] STU: Failed to get storage stats for package 'com.android.virt' (1601: Error getting stats: android.content.pm.PackageManager.NameNotFoundException)
10-20 00:39:08.018 18831 18831 W Finsky  : [2] STU: Failed to get storage stats for package 'com.android.btservices' (1601: Error getting stats: android.content.pm.PackageManager.NameNotFoundException)
10-20 00:39:08.077 18831 18831 W Finsky  : [2] STU: Failed to get storage stats for package 'com.google.android.resolv' (1601: Error getting stats: android.content.pm.PackageManager.NameNotFoundException)
10-20 00:39:08.150 18831 18831 W Finsky  : [2] STU: Failed to get storage stats for package 'com.google.android.configinfrastructure' (1601: Error getting stats: android.content.pm.PackageManager.NameNotFoundException)
10-20 00:39:08.151 18831 18831 W Finsky  : [2] STU: Failed to get storage stats for package 'com.google.android.media' (1601: Error getting stats: android.content.pm.PackageManager.NameNotFoundException)
10-20 00:39:08.275 18831 18954 I PlayCommon: [46008] Preparing logs for uploading
10-20 00:39:08.285 18831 18954 I PlayCommon: [46008] Connecting to server: https://play.googleapis.com/play/log?format=raw&proto_v2=true
10-20 00:39:08.406 18831 18831 W Finsky  : [2] STU: Failed to get storage stats for package 'com.android.vndk.v31' (1601: Error getting stats: android.content.pm.PackageManager.NameNotFoundException)
10-20 00:39:08.410 18831 18831 W Finsky  : [2] STU: Failed to get storage stats for package 'com.android.vndk.v33' (1601: Error getting stats: android.content.pm.PackageManager.NameNotFoundException)
10-20 00:39:08.429 18831 18831 W Finsky  : [2] STU: Failed to get storage stats for package 'com.android.vndk.v34' (1601: Error getting stats: android.content.pm.PackageManager.NameNotFoundException)
10-20 00:39:08.466 21104 19602 I NearbyMediums: No BLE Fast/GATT advertisements found in the latest cycle.
10-20 00:39:08.467 21104 19602 I NearbyMediums: Current Tracked Scanning Clients are : {NearbyConnections.EnvironmentMonitor, NearbySharing}
10-20 00:39:08.537 18831 18954 I PlayCommon: [46008] Successfully uploaded logs.
10-20 00:39:08.581 15711 15711 I 1taxi.driverpro: Using CollectorTypeCC GC.
10-20 00:39:08.584 15711 15711 E 1taxi.driverpro: Not starting debugger since process cannot load the jdwp agent.
10-20 00:39:08.587 15711 15711 D nativeloader: Load libframework-connectivity-tiramisu-jni.so using APEX ns com_android_tethering for caller /apex/com.android.tethering/javalib/framework-connectivity-t.jar: ok
10-20 00:39:08.596 15711 15711 E 1taxi.driverpro: BBinder_init Processname  <pre-initialized>  
10-20 00:39:08.596 15711 15711 E 1taxi.driverpro: BBinder_init hasGetProcessName  <pre-initialized>
10-20 00:39:08.605 15711 15711 D CompatChangeReporter: Compat change id reported: 242716250; UID 10408; state: ENABLED
10-20 00:39:08.618 15711 15711 D ApplicationLoaders: Returning zygote-cached class loader: /system/framework/org.apache.http.legacy.jar
10-20 00:39:08.628 15711 15711 D nativeloader: Configuring clns-7 for other apk /data/app/~~5-EtbKhINSN2xUSXFAKqOA==/com.a1taxi.driverpro-Esb-bMEGDnyrmLPRDdzhdQ==/base.apk. target_sdk_version=34, uses_libraries=, library_path=/data/app/~~5-EtbKhINSN2xUSXFAKqOA==/com.a1taxi.driverpro-Esb-bMEGDnyrmLPRDdzhdQ==/lib/arm64:/data/app/~~5-EtbKhINSN2xUSXFAKqOA==/com.a1taxi.driverpro-Esb-bMEGDnyrmLPRDdzhdQ==/base.apk!/lib/arm64-v8a, permitted_path=/data:/mnt/expand:/data/user/0/com.a1taxi.driverpro
10-20 00:39:08.644 18831 18831 W Finsky  : [2] STU: Failed to get storage stats for package 'com.google.android.sdkext' (1601: Error getting stats: android.content.pm.PackageManager.NameNotFoundException)
10-20 00:39:08.649 15711 15711 V GraphicsEnvironment: Currently set values for:
10-20 00:39:08.649 15711 15711 V GraphicsEnvironment:   angle_gl_driver_selection_pkgs=[com.android.angle, com.linecorp.b612.android, com.campmobile.snow, com.google.android.apps.tachyon]
10-20 00:39:08.649 15711 15711 V GraphicsEnvironment:   angle_gl_driver_selection_values=[angle, native, native, native]
10-20 00:39:08.649 15711 15711 V GraphicsEnvironment: com.a1taxi.driverpro is not listed in per-application setting
10-20 00:39:08.649 15711 15711 V GraphicsEnvironment: App is not on the allowlist for updatable production driver.
10-20 00:39:08.809 18831 18831 W Finsky  : [2] STU: Failed to get storage stats for package 'com.google.android.adservices' (1601: Error getting stats: android.content.pm.PackageManager.NameNotFoundException)
10-20 00:39:08.811 18831 18831 W Finsky  : [2] STU: Failed to get storage stats for package 'com.google.android.tethering' (1601: Error getting stats: android.content.pm.PackageManager.NameNotFoundException)
10-20 00:39:08.819 10567 10567 I bnlz    : onPause
10-20 00:39:08.825 15711 15711 W FirebaseApp: Default FirebaseApp failed to initialize because no default options were found. This usually means that com.google.gms:google-services was not applied to your gradle project.
10-20 00:39:08.825 15711 15711 I FirebaseInitProvider: FirebaseApp initialization unsuccessful
10-20 00:39:08.829 15711 15711 D WM-WrkMgrInitializer: Initializing WorkManager with default configuration.
10-20 00:39:08.851 15711 15711 V SoLoader: Init SoLoader delegate
10-20 00:39:08.867 15711 15711 D AppCompatDelegate: Checking for metadata for AppLocalesMetadataHolderService : Service not found
10-20 00:39:08.912 15711 15711 V SoLoader: libhermes.so not found on /data/app/~~5-EtbKhINSN2xUSXFAKqOA==/com.a1taxi.driverpro-Esb-bMEGDnyrmLPRDdzhdQ==/lib/arm64
10-20 00:39:08.914 15711 15711 V SoLoader: libjsi.so not found on /data/app/~~5-EtbKhINSN2xUSXFAKqOA==/com.a1taxi.driverpro-Esb-bMEGDnyrmLPRDdzhdQ==/lib/arm64
10-20 00:39:08.915 15711 15711 V SoLoader: libfolly_runtime.so not found on /data/app/~~5-EtbKhINSN2xUSXFAKqOA==/com.a1taxi.driverpro-Esb-bMEGDnyrmLPRDdzhdQ==/lib/arm64
10-20 00:39:08.915 15711 15711 V SoLoader: libglog.so not found on /data/app/~~5-EtbKhINSN2xUSXFAKqOA==/com.a1taxi.driverpro-Esb-bMEGDnyrmLPRDdzhdQ==/lib/arm64
10-20 00:39:08.916 15711 15711 V SoLoader: libm.so not found on /data/app/~~5-EtbKhINSN2xUSXFAKqOA==/com.a1taxi.driverpro-Esb-bMEGDnyrmLPRDdzhdQ==/lib/arm64
10-20 00:39:08.916 15711 15711 V SoLoader: libm.so not found on /data/app/~~5-EtbKhINSN2xUSXFAKqOA==/com.a1taxi.driverpro-Esb-bMEGDnyrmLPRDdzhdQ==/base.apk!/lib/arm64-v8a
10-20 00:39:08.916 15711 15711 D SoLoader: libm.so found on /system/lib64
10-20 00:39:08.916 15711 15711 D SoLoader: libm.so loaded implicitly
10-20 00:39:08.916 15711 15711 V SoLoader: libc++_shared.so not found on /data/app/~~5-EtbKhINSN2xUSXFAKqOA==/com.a1taxi.driverpro-Esb-bMEGDnyrmLPRDdzhdQ==/lib/arm64
10-20 00:39:08.917 15711 15711 V SoLoader: libc.so not found on /data/app/~~5-EtbKhINSN2xUSXFAKqOA==/com.a1taxi.driverpro-Esb-bMEGDnyrmLPRDdzhdQ==/lib/arm64
10-20 00:39:08.917 15711 15711 V SoLoader: libc.so not found on /data/app/~~5-EtbKhINSN2xUSXFAKqOA==/com.a1taxi.driverpro-Esb-bMEGDnyrmLPRDdzhdQ==/base.apk!/lib/arm64-v8a
10-20 00:39:08.917 15711 15711 D SoLoader: libc.so found on /system/lib64
10-20 00:39:08.917 15711 15711 D SoLoader: libc.so loaded implicitly
10-20 00:39:08.917 15711 15711 V SoLoader: libdl.so not found on /data/app/~~5-EtbKhINSN2xUSXFAKqOA==/com.a1taxi.driverpro-Esb-bMEGDnyrmLPRDdzhdQ==/lib/arm64
10-20 00:39:08.917 15711 15711 V SoLoader: libdl.so not found on /data/app/~~5-EtbKhINSN2xUSXFAKqOA==/com.a1taxi.driverpro-Esb-bMEGDnyrmLPRDdzhdQ==/base.apk!/lib/arm64-v8a
10-20 00:39:08.917 15711 15711 D SoLoader: libdl.so found on /system/lib64
10-20 00:39:08.917 15711 15711 D SoLoader: libdl.so loaded implicitly
10-20 00:39:08.919 15711 15711 D nativeloader: Load /data/app/~~5-EtbKhINSN2xUSXFAKqOA==/com.a1taxi.driverpro-Esb-bMEGDnyrmLPRDdzhdQ==/base.apk!/lib/arm64-v8a/libc++_shared.so using class loader ns clns-7 (caller=/data/app/~~5-EtbKhINSN2xUSXFAKqOA==/com.a1taxi.driverpro-Esb-bMEGDnyrmLPRDdzhdQ==/base.apk): ok
10-20 00:39:08.919 15711 15711 D SoLoader: libc++_shared.so found on /data/app/~~5-EtbKhINSN2xUSXFAKqOA==/com.a1taxi.driverpro-Esb-bMEGDnyrmLPRDdzhdQ==/base.apk!/lib/arm64-v8a
10-20 00:39:08.920 15711 15711 D nativeloader: Load /data/app/~~5-EtbKhINSN2xUSXFAKqOA==/com.a1taxi.driverpro-Esb-bMEGDnyrmLPRDdzhdQ==/base.apk!/lib/arm64-v8a/libglog.so using class loader ns clns-7 (caller=/data/app/~~5-EtbKhINSN2xUSXFAKqOA==/com.a1taxi.driverpro-Esb-bMEGDnyrmLPRDdzhdQ==/base.apk): ok
10-20 00:39:08.920 15711 15711 D SoLoader: libglog.so found on /data/app/~~5-EtbKhINSN2xUSXFAKqOA==/com.a1taxi.driverpro-Esb-bMEGDnyrmLPRDdzhdQ==/base.apk!/lib/arm64-v8a
10-20 00:39:08.921 15711 15711 D nativeloader: Load /data/app/~~5-EtbKhINSN2xUSXFAKqOA==/com.a1taxi.driverpro-Esb-bMEGDnyrmLPRDdzhdQ==/base.apk!/lib/arm64-v8a/libfolly_runtime.so using class loader ns clns-7 (caller=/data/app/~~5-EtbKhINSN2xUSXFAKqOA==/com.a1taxi.driverpro-Esb-bMEGDnyrmLPRDdzhdQ==/base.apk): ok
10-20 00:39:08.922 15711 15711 D SoLoader: libfolly_runtime.so found on /data/app/~~5-EtbKhINSN2xUSXFAKqOA==/com.a1taxi.driverpro-Esb-bMEGDnyrmLPRDdzhdQ==/base.apk!/lib/arm64-v8a
10-20 00:39:08.922 15711 15711 D nativeloader: Load /data/app/~~5-EtbKhINSN2xUSXFAKqOA==/com.a1taxi.driverpro-Esb-bMEGDnyrmLPRDdzhdQ==/base.apk!/lib/arm64-v8a/libjsi.so using class loader ns clns-7 (caller=/data/app/~~5-EtbKhINSN2xUSXFAKqOA==/com.a1taxi.driverpro-Esb-bMEGDnyrmLPRDdzhdQ==/base.apk): ok
10-20 00:39:08.923 15711 15711 D SoLoader: libjsi.so found on /data/app/~~5-EtbKhINSN2xUSXFAKqOA==/com.a1taxi.driverpro-Esb-bMEGDnyrmLPRDdzhdQ==/base.apk!/lib/arm64-v8a
10-20 00:39:08.923 15711 15711 V SoLoader: libfbjni.so not found on /data/app/~~5-EtbKhINSN2xUSXFAKqOA==/com.a1taxi.driverpro-Esb-bMEGDnyrmLPRDdzhdQ==/lib/arm64
10-20 00:39:08.924 15711 15711 V SoLoader: libandroid.so not found on /data/app/~~5-EtbKhINSN2xUSXFAKqOA==/com.a1taxi.driverpro-Esb-bMEGDnyrmLPRDdzhdQ==/lib/arm64
10-20 00:39:08.924 15711 15711 V SoLoader: libandroid.so not found on /data/app/~~5-EtbKhINSN2xUSXFAKqOA==/com.a1taxi.driverpro-Esb-bMEGDnyrmLPRDdzhdQ==/base.apk!/lib/arm64-v8a
10-20 00:39:08.924 15711 15711 D SoLoader: libandroid.so found on /system/lib64
10-20 00:39:08.924 15711 15711 D SoLoader: libandroid.so loaded implicitly
10-20 00:39:08.924 15711 15711 V SoLoader: liblog.so not found on /data/app/~~5-EtbKhINSN2xUSXFAKqOA==/com.a1taxi.driverpro-Esb-bMEGDnyrmLPRDdzhdQ==/lib/arm64
10-20 00:39:08.924 15711 15711 V SoLoader: liblog.so not found on /data/app/~~5-EtbKhINSN2xUSXFAKqOA==/com.a1taxi.driverpro-Esb-bMEGDnyrmLPRDdzhdQ==/base.apk!/lib/arm64-v8a
10-20 00:39:08.924 15711 15711 D SoLoader: liblog.so found on /system/lib64
10-20 00:39:08.924 15711 15711 D SoLoader: liblog.so loaded implicitly
