10-29 15:56:40.336  4678  6358 I ReactNativeJS: ðŸ”„ Component state updated:
10-29 15:56:40.336  4678  6358 I ReactNativeJS: '  - Current ride:', 'null'
10-29 15:56:40.336  4678  6358 I ReactNativeJS: '  - Pending rides count:', 0
10-29 15:56:40.336  4678  6358 I ReactNativeJS: '  - Driver status:', 'online'
10-29 15:56:40.336  4678  6358 I ReactNativeJS: '  - Loading:', true
10-29 15:56:40.336  4678  6358 I ReactNativeJS: '  - Error:', null
10-29 15:56:40.336  4678  6358 I ReactNativeJS: '  - Show modal:', false
10-29 15:56:40.336  4678  6358 I ReactNativeJS: '  - Timestamp:', '2025-10-29T10:26:40.336Z'
10-29 15:56:40.336  4678  6358 I ReactNativeJS: âŒ NO CURRENT RIDE - showing empty state
10-29 15:56:40.369 10830  8714 I FrewleTileCacheManagerV: (REDACTED) Fetched %d AP models from cache
10-29 15:56:40.412 10830 10931 I FusedLocation: (REDACTED) location delivery to %s blocked - too close
10-29 15:56:40.414 10830 10931 I FusedLocation: (REDACTED) location delivery to %s blocked - too fast
10-29 15:56:40.416 10830 10931 I FusedLocation: (REDACTED) location delivery to %s blocked - too close
10-29 15:56:40.417 10830 10931 I FusedLocation: (REDACTED) location delivery to %s blocked - too fast
10-29 15:56:40.418 10830 10931 I gbkh    : Received empty WiFi-RTT scan. [CONTEXT service_id=6 ]
10-29 15:56:40.423  4678  4678 I TaskService: Handling intent with task name 'background-location-task' and app scoping identifier 'com.a1taxi.driverpro'.
10-29 15:56:40.423 10830  8714 I SemanticLocation: [InfMgr] No location reports after filtering [CONTEXT service_id=173 ]
10-29 15:56:40.424  4678  4678 W JobInfo : Job 'com.a1taxi.driverpro/expo.modules.taskManager.TaskJobService#0' has a deadline with no functional constraints. The deadline won't improve job execution latency. Consider removing the deadline.
10-29 15:56:40.432  4678  4678 I TaskService: Handling job with task name 'background-location-task' for app with scoping identifier 'com.a1taxi.driverpro'.
10-29 15:56:40.432  4678  6358 I ReactNativeJS: [2025-10-29T10:26:40.432Z] ðŸ“ Background location task triggered with 1 locations
10-29 15:56:40.433  4678  6358 I ReactNativeJS: [2025-10-29T10:26:40.432Z] ðŸ“ Processing location: 12.7485883, 77.8299967
10-29 15:56:40.435  4678  6358 I ReactNativeJS: 'ðŸ“¤ Background location update via RPC...', { driverId: 'eb91d7e5-e2f2-4021-a8c8-3739a3d4cae4',
10-29 15:56:40.435  4678  6358 I ReactNativeJS:   lat: 12.7485883,
10-29 15:56:40.435  4678  6358 I ReactNativeJS:   lng: 77.8299967 }
10-29 15:56:40.435  4678  6358 E ReactNativeJS: âŒ Supabase credentials not configured
10-29 15:56:40.436  4678  6358 I ReactNativeJS: [2025-10-29T10:26:40.432Z] âš ï¸ Location not sent (driver might be offline or network issue)
10-29 15:56:40.436  4678  6358 I ReactNativeJS: [2025-10-29T10:26:40.432Z] âœ… Background location task completed
10-29 15:56:40.437  4678  6347 I TaskService: Finished task 'background-location-task' with eventId 'b7a90f8d-dd92-4f1e-a970-277b6606d2fa'.
10-29 15:56:40.438  4678  6359 E unknown:ReactNative: console.error: âŒ Supabase credentials not configured, js engine: hermes, stack:
10-29 15:56:40.438  4678  6359 E unknown:ReactNative: _construct@1:127661
10-29 15:56:40.438  4678  6359 E unknown:ReactNative: Wrapper@1:127315
10-29 15:56:40.438  4678  6359 E unknown:ReactNative: _callSuper@1:125297
10-29 15:56:40.438  4678  6359 E unknown:ReactNative: SyntheticError@1:126802
10-29 15:56:40.438  4678  6359 E unknown:ReactNative: reactConsoleErrorHandler@1:126448
10-29 15:56:40.438  4678  6359 E unknown:ReactNative: ?anon_0_@1:2123375
10-29 15:56:40.438  4678  6359 E unknown:ReactNative: asyncGeneratorStep@1:583372
10-29 15:56:40.438  4678  6359 E unknown:ReactNative: _next@1:583631
10-29 15:56:40.438  4678  6359 E unknown:ReactNative: anonymous@1:146045
10-29 15:56:40.438  4678  6359 E unknown:ReactNative: _callTimer@1:145044
10-29 15:56:40.438  4678  6359 E unknown:ReactNative: _callReactNativeMicrotasksPass@1:145188
10-29 15:56:40.438  4678  6359 E unknown:ReactNative: callReactNativeMicrotasks@1:147108
10-29 15:56:40.438  4678  6359 E unknown:ReactNative: __callReactNativeMicrotasks@1:110857
10-29 15:56:40.438  4678  6359 E unknown:ReactNative: anonymous@1:109993
10-29 15:56:40.438  4678  6359 E unknown:ReactNative: __guard@1:110731
10-29 15:56:40.438  4678  6359 E unknown:ReactNative: flushedQueue@1:109904
10-29 15:56:40.438  4678  6359 E unknown:ReactNative: invokeCallbackAndReturnFlushedQueue@1:109847
10-29 15:56:40.488 10830 10931 I FusedLocation: (REDACTED) location delivery to %s blocked - too fast
10-29 15:56:40.489 10830 10931 I FusedLocation: (REDACTED) location delivery to %s blocked - too fast
10-29 15:56:40.490 10830 10931 I FusedLocation: (REDACTED) location delivery to %s blocked - too close
10-29 15:56:40.491 10830 10931 I FusedLocation: (REDACTED) location delivery to %s blocked - too fast
10-29 15:56:40.492 10830 10931 I FusedLocation: (REDACTED) location delivery to %s blocked - too fast
10-29 15:56:40.493 10830 10931 I FusedLocation: (REDACTED) location delivery to %s blocked - too close
10-29 15:56:40.493 10830 10931 I FusedLocation: (REDACTED) location delivery to %s blocked - too fast
10-29 15:56:40.494 10830 10931 I FusedLocation: (REDACTED) location delivery to %s blocked - too fast
10-29 15:56:40.590  4678  6358 I ReactNativeJS: 'âœ… Current ride loaded:', 'none'
10-29 15:56:40.591  4678  6358 I ReactNativeJS: ðŸ” Loading pending ride notifications...
10-29 15:56:40.816 10830 10830 D BoundBrokerSvc: onUnbind: Intent { act=com.google.android.gms.libs.gmscorelogger.service.START dat=chimera-action:/... cmp=com.google.android.gms/.chimera.PersistentDirectBootAwareApiService }
10-29 15:56:40.859  4678  6358 I ReactNativeJS: ðŸ“‹ Found 0 unread ride notifications
10-29 15:56:40.874  4678  6358 I ReactNativeJS: 'ðŸŽ¯ðŸŽ¯ðŸŽ¯ TripCompletionModal RENDER - visible:', false
10-29 15:56:40.875  4678  6358 I ReactNativeJS: 'ðŸŽ¯ðŸŽ¯ðŸŽ¯ tripData:', '{\n  "distance": 0,\n  "duration": 0,\n  "fareBreakdown": {\n    "booking_type": "regular",\n    "vehicle_type": "sedan",\n    "base_fare": 0,\n    "distance_fare": 0,\n    "time_fare": 0,\n    "surge_charges": 0,\n    "deadhead_charges": 0,\n    "platform_fee": 0,\n    "gst_on_charges": 0,\n    "gst_on_platform_fee": 0,\n    "extra_km_charges": 0,\n    "driver_allowance": 0,\n    "total_fare": 0,\n    "details": {\n      "actual_distance_km": 0,\n      "actual_duration_minutes": 0,\n      "per_km_rate": 0\n    }\n  },\n  "pickup_address": "",\n  "destination_address": "",\n  "booking_type": "regular",\n  "rental_hours": null\n}'
10-29 15:56:40.875  4678  6358 I ReactNativeJS: âŒ Not visible - returning null
10-29 15:56:40.878  4678  6358 I ReactNativeJS: âœ… No pending ride notifications
10-29 15:56:40.878  4678  6358 I ReactNativeJS: === RIDES SCREEN STATE DEBUG ===
10-29 15:56:40.878  4678  6358 I ReactNativeJS: ðŸ”„ Component state updated:
10-29 15:56:40.878  4678  6358 I ReactNativeJS: '  - Current ride:', 'null'
10-29 15:56:40.878  4678  6358 I ReactNativeJS: '  - Pending rides count:', 0
10-29 15:56:40.878  4678  6358 I ReactNativeJS: '  - Driver status:', 'online'
10-29 15:56:40.878  4678  6358 I ReactNativeJS: '  - Loading:', true
10-29 15:56:40.878  4678  6358 I ReactNativeJS: '  - Error:', null
10-29 15:56:40.879  4678  6358 I ReactNativeJS: '  - Show modal:', false
10-29 15:56:40.879  4678  6358 I ReactNativeJS: '  - Timestamp:', '2025-10-29T10:26:40.879Z'
10-29 15:56:40.879  4678  6358 I ReactNativeJS: âŒ NO CURRENT RIDE - showing empty state
10-29 15:56:40.879  4678  6358 I ReactNativeJS: === RIDE REQUEST MODAL LOGIC DEBUG ===
10-29 15:56:40.879  4678  6358 I ReactNativeJS: ðŸ”„ Checking if should show ride request modal:
10-29 15:56:40.879  4678  6358 I ReactNativeJS: '  - Pending rides:', 0
10-29 15:56:40.879  4678  6358 I ReactNativeJS: '  - Modal already showing:', false
10-29 15:56:40.879  4678  6358 I ReactNativeJS: '  - Driver status:', 'online'
10-29 15:56:40.879  4678  6358 I ReactNativeJS: '  - Has current ride:', false
10-29 15:56:40.879  4678  6358 I ReactNativeJS: âŒ NOT SHOWING MODAL - reasons:
10-29 15:56:40.879  4678  6358 I ReactNativeJS: 'ðŸš— Analysis:', { pendingRidesCount: 0,
10-29 15:56:40.879  4678  6358 I ReactNativeJS:   modalAlreadyShowing: false,
10-29 15:56:40.879  4678  6358 I ReactNativeJS:   driverStatus: 'online',
10-29 15:56:40.879  4678  6358 I ReactNativeJS:   hasCurrentRide: false }
10-29 15:56:40.885  4678  6358 I ReactNativeJS: 'ðŸŽ¯ðŸŽ¯ðŸŽ¯ TripCompletionModal RENDER - visible:', false
10-29 15:56:40.886  4678  6358 I ReactNativeJS: 'ðŸŽ¯ðŸŽ¯ðŸŽ¯ tripData:', '{\n  "distance": 0,\n  "duration": 0,\n  "fareBreakdown": {\n    "booking_type": "regular",\n    "vehicle_type": "sedan",\n    "base_fare": 0,\n    "distance_fare": 0,\n    "time_fare": 0,\n    "surge_charges": 0,\n    "deadhead_charges": 0,\n    "platform_fee": 0,\n    "gst_on_charges": 0,\n    "gst_on_platform_fee": 0,\n    "extra_km_charges": 0,\n    "driver_allowance": 0,\n    "total_fare": 0,\n    "details": {\n      "actual_distance_km": 0,\n      "actual_duration_minutes": 0,\n      "per_km_rate": 0\n    }\n  },\n  "pickup_address": "",\n  "destination_address": "",\n  "booking_type": "regular",\n  "rental_hours": null\n}'
10-29 15:56:40.886  4678  6358 I ReactNativeJS: âŒ Not visible - returning null
10-29 15:56:40.887  4678  6358 I ReactNativeJS: === RIDES SCREEN STATE DEBUG ===
10-29 15:56:40.887  4678  6358 I ReactNativeJS: ðŸ”„ Component state updated:
10-29 15:56:40.887  4678  6358 I ReactNativeJS: '  - Current ride:', 'null'
10-29 15:56:40.887  4678  6358 I ReactNativeJS: '  - Pending rides count:', 0
10-29 15:56:40.887  4678  6358 I ReactNativeJS: '  - Driver status:', 'online'
10-29 15:56:40.887  4678  6358 I ReactNativeJS: '  - Loading:', false
10-29 15:56:40.887  4678  6358 I ReactNativeJS: '  - Error:', null
10-29 15:56:40.887  4678  6358 I ReactNativeJS: '  - Show modal:', false
10-29 15:56:40.888  4678  6358 I ReactNativeJS: '  - Timestamp:', '2025-10-29T10:26:40.887Z'
10-29 15:56:40.888  4678  6358 I ReactNativeJS: âŒ NO CURRENT RIDE - showing empty state
10-29 15:56:40.891  4678  6358 I ReactNativeJS: 'ðŸŽ¯ðŸŽ¯ðŸŽ¯ TripCompletionModal RENDER - visible:', false
10-29 15:56:40.891  4678  6358 I ReactNativeJS: 'ðŸŽ¯ðŸŽ¯ðŸŽ¯ tripData:', '{\n  "distance": 0,\n  "duration": 0,\n  "fareBreakdown": {\n    "booking_type": "regular",\n    "vehicle_type": "sedan",\n    "base_fare": 0,\n    "distance_fare": 0,\n    "time_fare": 0,\n    "surge_charges": 0,\n    "deadhead_charges": 0,\n    "platform_fee": 0,\n    "gst_on_charges": 0,\n    "gst_on_platform_fee": 0,\n    "extra_km_charges": 0,\n    "driver_allowance": 0,\n    "total_fare": 0,\n    "details": {\n      "actual_distance_km": 0,\n      "actual_duration_minutes": 0,\n      "per_km_rate": 0\n    }\n  },\n  "pickup_address": "",\n  "destination_address": "",\n  "booking_type": "regular",\n  "rental_hours": null\n}'
10-29 15:56:40.891  4678  6358 I ReactNativeJS: âŒ Not visible - returning null
10-29 15:56:41.433 10830 10830 D BoundBrokerSvc: onRebind: Intent { act=com.google.android.gms.libs.gmscorelogger.service.START dat=chimera-action:/... cmp=com.google.android.gms/.chimera.PersistentDirectBootAwareApiService }
10-29 15:56:42.330  4678  6358 I ReactNativeJS: ðŸ”„ Auto-refreshing rides (2-second interval)...
10-29 15:56:42.334  4678  6358 I ReactNativeJS: 'ðŸŽ¯ðŸŽ¯ðŸŽ¯ TripCompletionModal RENDER - visible:', false
10-29 15:56:42.334  4678  6358 I ReactNativeJS: 'ðŸŽ¯ðŸŽ¯ðŸŽ¯ tripData:', '{\n  "distance": 0,\n  "duration": 0,\n  "fareBreakdown": {\n    "booking_type": "regular",\n    "vehicle_type": "sedan",\n    "base_fare": 0,\n    "distance_fare": 0,\n    "time_fare": 0,\n    "surge_charges": 0,\n    "deadhead_charges": 0,\n    "platform_fee": 0,\n    "gst_on_charges": 0,\n    "gst_on_platform_fee": 0,\n    "extra_km_charges": 0,\n    "driver_allowance": 0,\n    "total_fare": 0,\n    "details": {\n      "actual_distance_km": 0,\n      "actual_duration_minutes": 0,\n      "per_km_rate": 0\n    }\n  },\n  "pickup_address": "",\n  "destination_address": "",\n  "booking_type": "regular",\n  "rental_hours": null\n}'
10-29 15:56:42.334  4678  6358 I ReactNativeJS: âŒ Not visible - returning null
10-29 15:56:42.335  4678  6358 I ReactNativeJS: === LOADING RIDES ===
10-29 15:56:42.335  4678  6358 I ReactNativeJS: 'Driver ID:', 'eb91d7e5-e2f2-4021-a8c8-3739a3d4cae4'
10-29 15:56:42.335  4678  6358 I ReactNativeJS: 'Driver User ID:', '1c4ac410-54d8-4b5e-960b-3afcbebd115d'
10-29 15:56:42.338  4678  6358 I ReactNativeJS: 'ðŸŽ¯ðŸŽ¯ðŸŽ¯ TripCompletionModal RENDER - visible:', false
10-29 15:56:42.338  4678  6358 I ReactNativeJS: 'ðŸŽ¯ðŸŽ¯ðŸŽ¯ tripData:', '{\n  "distance": 0,\n  "duration": 0,\n  "fareBreakdown": {\n    "booking_type": "regular",\n    "vehicle_type": "sedan",\n    "base_fare": 0,\n    "distance_fare": 0,\n    "time_fare": 0,\n    "surge_charges": 0,\n    "deadhead_charges": 0,\n    "platform_fee": 0,\n    "gst_on_charges": 0,\n    "gst_on_platform_fee": 0,\n    "extra_km_charges": 0,\n    "driver_allowance": 0,\n    "total_fare": 0,\n    "details": {\n      "actual_distance_km": 0,\n      "actual_duration_minutes": 0,\n      "per_km_rate": 0\n    }\n  },\n  "pickup_address": "",\n  "destination_address": "",\n  "booking_type": "regular",\n  "rental_hours": null\n}'
10-29 15:56:42.338  4678  6358 I ReactNativeJS: âŒ Not visible - returning null
10-29 15:56:42.339  4678  6358 I ReactNativeJS: ðŸ” Loading current ride...
10-29 15:56:42.340  4678  6358 I ReactNativeJS: === RIDES SCREEN STATE DEBUG ===
10-29 15:56:42.340  4678  6358 I ReactNativeJS: ðŸ”„ Component state updated:
10-29 15:56:42.340  4678  6358 I ReactNativeJS: '  - Current ride:', 'null'
10-29 15:56:42.340  4678  6358 I ReactNativeJS: '  - Pending rides count:', 0
10-29 15:56:42.340  4678  6358 I ReactNativeJS: '  - Driver status:', 'online'
10-29 15:56:42.340  4678  6358 I ReactNativeJS: '  - Loading:', true
10-29 15:56:42.340  4678  6358 I ReactNativeJS: '  - Error:', null
10-29 15:56:42.340  4678  6358 I ReactNativeJS: '  - Show modal:', false
10-29 15:56:42.340  4678  6358 I ReactNativeJS: '  - Timestamp:', '2025-10-29T10:26:42.340Z'
10-29 15:56:42.340  4678  6358 I ReactNativeJS: âŒ NO CURRENT RIDE - showing empty state
10-29 15:56:42.469 18285 18614 I ProtoXDBBufferWrapper: ProtoXDBBufferWrapper.flushToStorage():158 Flushed 6 data item(s) to storage.
10-29 15:56:42.613  4678  6358 I ReactNativeJS: 'âœ… Current ride loaded:', 'none'
10-29 15:56:42.613  4678  6358 I ReactNativeJS: ðŸ” Loading pending ride notifications...
10-29 15:56:42.902  4678  6358 I ReactNativeJS: ðŸ“‹ Found 0 unread ride notifications
10-29 15:56:42.914  4678  6358 I ReactNativeJS: 'ðŸŽ¯ðŸŽ¯ðŸŽ¯ TripCompletionModal RENDER - visible:', false
10-29 15:56:42.915  4678  6358 I ReactNativeJS: 'ðŸŽ¯ðŸŽ¯ðŸŽ¯ tripData:', '{\n  "distance": 0,\n  "duration": 0,\n  "fareBreakdown": {\n    "booking_type": "regular",\n    "vehicle_type": "sedan",\n    "base_fare": 0,\n    "distance_fare": 0,\n    "time_fare": 0,\n    "surge_charges": 0,\n    "deadhead_charges": 0,\n    "platform_fee": 0,\n    "gst_on_charges": 0,\n    "gst_on_platform_fee": 0,\n    "extra_km_charges": 0,\n    "driver_allowance": 0,\n    "total_fare": 0,\n    "details": {\n      "actual_distance_km": 0,\n      "actual_duration_minutes": 0,\n      "per_km_rate": 0\n    }\n  },\n  "pickup_address": "",\n  "destination_address": "",\n  "booking_type": "regular",\n  "rental_hours": null\n}'
10-29 15:56:42.915  4678  6358 I ReactNativeJS: âŒ Not visible - returning null
10-29 15:56:42.917  4678  6358 I ReactNativeJS: âœ… No pending ride notifications
10-29 15:56:42.918  4678  6358 I ReactNativeJS: === RIDES SCREEN STATE DEBUG ===
10-29 15:56:42.918  4678  6358 I ReactNativeJS: ðŸ”„ Component state updated:
10-29 15:56:42.918  4678  6358 I ReactNativeJS: '  - Current ride:', 'null'
10-29 15:56:42.918  4678  6358 I ReactNativeJS: '  - Pending rides count:', 0
10-29 15:56:42.918  4678  6358 I ReactNativeJS: '  - Driver status:', 'online'
10-29 15:56:42.918  4678  6358 I ReactNativeJS: '  - Loading:', true
10-29 15:56:42.918  4678  6358 I ReactNativeJS: '  - Error:', null
10-29 15:56:42.918  4678  6358 I ReactNativeJS: '  - Show modal:', false
10-29 15:56:42.918  4678  6358 I ReactNativeJS: '  - Timestamp:', '2025-10-29T10:26:42.918Z'
10-29 15:56:42.918  4678  6358 I ReactNativeJS: âŒ NO CURRENT RIDE - showing empty state
10-29 15:56:42.918  4678  6358 I ReactNativeJS: === RIDE REQUEST MODAL LOGIC DEBUG ===
10-29 15:56:42.918  4678  6358 I ReactNativeJS: ðŸ”„ Checking if should show ride request modal:
10-29 15:56:42.918  4678  6358 I ReactNativeJS: '  - Pending rides:', 0
10-29 15:56:42.918  4678  6358 I ReactNativeJS: '  - Modal already showing:', false
10-29 15:56:42.919  4678  6358 I ReactNativeJS: '  - Driver status:', 'online'
10-29 15:56:42.919  4678  6358 I ReactNativeJS: '  - Has current ride:', false
10-29 15:56:42.919  4678  6358 I ReactNativeJS: âŒ NOT SHOWING MODAL - reasons:
10-29 15:56:42.919  4678  6358 I ReactNativeJS: 'ðŸš— Analysis:', { pendingRidesCount: 0,
10-29 15:56:42.919  4678  6358 I ReactNativeJS:   modalAlreadyShowing: false,
10-29 15:56:42.919  4678  6358 I ReactNativeJS:   driverStatus: 'online',
10-29 15:56:42.919  4678  6358 I ReactNativeJS:   hasCurrentRide: false }
10-29 15:56:42.924  4678  6358 I ReactNativeJS: 'ðŸŽ¯ðŸŽ¯ðŸŽ¯ TripCompletionModal RENDER - visible:', false
10-29 15:56:42.924  4678  6358 I ReactNativeJS: 'ðŸŽ¯ðŸŽ¯ðŸŽ¯ tripData:', '{\n  "distance": 0,\n  "duration": 0,\n  "fareBreakdown": {\n    "booking_type": "regular",\n    "vehicle_type": "sedan",\n    "base_fare": 0,\n    "distance_fare": 0,\n    "time_fare": 0,\n    "surge_charges": 0,\n    "deadhead_charges": 0,\n    "platform_fee": 0,\n    "gst_on_charges": 0,\n    "gst_on_platform_fee": 0,\n    "extra_km_charges": 0,\n    "driver_allowance": 0,\n    "total_fare": 0,\n    "details": {\n      "actual_distance_km": 0,\n      "actual_duration_minutes": 0,\n      "per_km_rate": 0\n    }\n  },\n  "pickup_address": "",\n  "destination_address": "",\n  "booking_type": "regular",\n  "rental_hours": null\n}'
10-29 15:56:42.924  4678  6358 I ReactNativeJS: âŒ Not visible - returning null
10-29 15:56:42.926  4678  6358 I ReactNativeJS: === RIDES SCREEN STATE DEBUG ===
10-29 15:56:42.926  4678  6358 I ReactNativeJS: ðŸ”„ Component state updated:
10-29 15:56:42.926  4678  6358 I ReactNativeJS: '  - Current ride:', 'null'
10-29 15:56:42.926  4678  6358 I ReactNativeJS: '  - Pending rides count:', 0
10-29 15:56:42.926  4678  6358 I ReactNativeJS: '  - Driver status:', 'online'
10-29 15:56:42.926  4678  6358 I ReactNativeJS: '  - Loading:', false
10-29 15:56:42.926  4678  6358 I ReactNativeJS: '  - Error:', null
10-29 15:56:42.926  4678  6358 I ReactNativeJS: '  - Show modal:', false
10-29 15:56:42.926  4678  6358 I ReactNativeJS: '  - Timestamp:', '2025-10-29T10:26:42.926Z'
10-29 15:56:42.926  4678  6358 I ReactNativeJS: âŒ NO CURRENT RIDE - showing empty state
10-29 15:56:42.930  4678  6358 I ReactNativeJS: 'ðŸŽ¯ðŸŽ¯ðŸŽ¯ TripCompletionModal RENDER - visible:', false
10-29 15:56:42.930  4678  6358 I ReactNativeJS: 'ðŸŽ¯ðŸŽ¯ðŸŽ¯ tripData:', '{\n  "distance": 0,\n  "duration": 0,\n  "fareBreakdown": {\n    "booking_type": "regular",\n    "vehicle_type": "sedan",\n    "base_fare": 0,\n    "distance_fare": 0,\n    "time_fare": 0,\n    "surge_charges": 0,\n    "deadhead_charges": 0,\n    "platform_fee": 0,\n    "gst_on_charges": 0,\n    "gst_on_platform_fee": 0,\n    "extra_km_charges": 0,\n    "driver_allowance": 0,\n    "total_fare": 0,\n    "details": {\n      "actual_distance_km": 0,\n      "actual_duration_minutes": 0,\n      "per_km_rate": 0\n    }\n  },\n  "pickup_address": "",\n  "destination_address": "",\n  "booking_type": "regular",\n  "rental_hours": null\n}'
10-29 15:56:42.930  4678  6358 I ReactNativeJS: âŒ Not visible - returning null
10-29 15:56:43.494 10830 10931 I FusedLocation: (REDACTED) location delivery to %s blocked - too close
10-29 15:56:43.495 10830 10931 I FusedLocation: (REDACTED) location delivery to %s blocked - too fast
10-29 15:56:43.496 10830 10931 I FusedLocation: (REDACTED) location delivery to %s blocked - too fast
10-29 15:56:43.498 10830 10931 I FusedLocation: (REDACTED) location delivery to %s blocked - too fast
10-29 15:56:43.498 10830 10931 I FusedLocation: (REDACTED) location delivery to %s blocked - too fast
10-29 15:56:43.500  4678  6358 I ReactNativeJS: 'ðŸ“ 5-second location watch update:', { altitude: 772.3999633789062,
10-29 15:56:43.500  4678  6358 I ReactNativeJS:   heading: 0,
10-29 15:56:43.500  4678  6358 I ReactNativeJS:   altitudeAccuracy: 1.280934453010559,
10-29 15:56:43.500  4678  6358 I ReactNativeJS:   latitude: 12.7486305,
10-29 15:56:43.500  4678  6358 I ReactNativeJS:   speed: 0.0021318893413990736,
10-29 15:56:43.500  4678  6358 I ReactNativeJS:   longitude: 77.8299904,
10-29 15:56:43.500  4678  6358 I ReactNativeJS:   accuracy: 1.7000000476837158 }
10-29 15:56:43.502  4678  4678 I TaskService: Handling intent with task name 'background-location-task' and app scoping identifier 'com.a1taxi.driverpro'.
10-29 15:56:43.503  4678  4678 W JobInfo : Job 'com.a1taxi.driverpro/expo.modules.taskManager.TaskJobService#0' has a deadline with no functional constraints. The deadline won't improve job execution latency. Consider removing the deadline.
10-29 15:56:43.512  4678  4678 I TaskService: Handling job with task name 'background-location-task' for app with scoping identifier 'com.a1taxi.driverpro'.
10-29 15:56:43.514  4678  6358 I ReactNativeJS: [2025-10-29T10:26:43.514Z] ðŸ“ Background location task triggered with 1 locations
10-29 15:56:43.514  4678  6358 I ReactNativeJS: [2025-10-29T10:26:43.514Z] ðŸ“ Processing location: 12.7486305, 77.8299904
10-29 15:56:43.518  4678  6358 I ReactNativeJS: 'ðŸ“¤ Background location update via RPC...', { driverId: 'eb91d7e5-e2f2-4021-a8c8-3739a3d4cae4',
10-29 15:56:43.518  4678  6358 I ReactNativeJS:   lat: 12.7486305,
10-29 15:56:43.518  4678  6358 I ReactNativeJS:   lng: 77.8299904 }
10-29 15:56:43.518  4678  6358 E ReactNativeJS: âŒ Supabase credentials not configured
10-29 15:56:43.519  4678  6358 I ReactNativeJS: [2025-10-29T10:26:43.514Z] âš ï¸ Location not sent (driver might be offline or network issue)
10-29 15:56:43.519  4678  6358 I ReactNativeJS: [2025-10-29T10:26:43.514Z] âœ… Background location task completed
10-29 15:56:43.520  4678  6347 I TaskService: Finished task 'background-location-task' with eventId '86926d5d-04a0-4b98-bce5-7bd123c176dc'.
10-29 15:56:43.521  4678  6359 E unknown:ReactNative: console.error: âŒ Supabase credentials not configured, js engine: hermes, stack:
10-29 15:56:43.521  4678  6359 E unknown:ReactNative: _construct@1:127661
10-29 15:56:43.521  4678  6359 E unknown:ReactNative: Wrapper@1:127315
10-29 15:56:43.521  4678  6359 E unknown:ReactNative: _callSuper@1:125297
10-29 15:56:43.521  4678  6359 E unknown:ReactNative: SyntheticError@1:126802
10-29 15:56:43.521  4678  6359 E unknown:ReactNative: reactConsoleErrorHandler@1:126448
10-29 15:56:43.521  4678  6359 E unknown:ReactNative: ?anon_0_@1:2123375
10-29 15:56:43.521  4678  6359 E unknown:ReactNative: asyncGeneratorStep@1:583372
10-29 15:56:43.521  4678  6359 E unknown:ReactNative: _next@1:583631
10-29 15:56:43.521  4678  6359 E unknown:ReactNative: anonymous@1:146045
10-29 15:56:43.521  4678  6359 E unknown:ReactNative: _callTimer@1:145044
10-29 15:56:43.521  4678  6359 E unknown:ReactNative: _callReactNativeMicrotasksPass@1:145188
10-29 15:56:43.521  4678  6359 E unknown:ReactNative: callReactNativeMicrotasks@1:147108
10-29 15:56:43.521  4678  6359 E unknown:ReactNative: __callReactNativeMicrotasks@1:110857
10-29 15:56:43.521  4678  6359 E unknown:ReactNative: anonymous@1:109993
10-29 15:56:43.521  4678  6359 E unknown:ReactNative: __guard@1:110731
10-29 15:56:43.521  4678  6359 E unknown:ReactNative: flushedQueue@1:109904
10-29 15:56:43.521  4678  6359 E unknown:ReactNative: invokeCallbackAndReturnFlushedQueue@1:109847
10-29 15:56:43.635  4678  6358 I ReactNativeJS: === SENDING LOCATION TO EDGE FUNCTION ===
10-29 15:56:43.635  4678  6358 I ReactNativeJS: 'Driver User ID:', '1c4ac410-54d8-4b5e-960b-3afcbebd115d'
10-29 15:56:43.635  4678  6358 I ReactNativeJS: 'Location:', { latitude: 12.7486305,
10-29 15:56:43.635  4678  6358 I ReactNativeJS:   longitude: 77.8299904,
10-29 15:56:43.635  4678  6358 I ReactNativeJS:   accuracy: 1.7000000476837158 }
10-29 15:56:43.635  4678  6358 I ReactNativeJS: ðŸ“¤ Updating location via RPC...
10-29 15:56:43.901  4678  6358 I ReactNativeJS: 'âœ… Location', 'updated', 'successfully via RPC'
10-29 15:56:44.329  4678  6358 I ReactNativeJS: ðŸ”„ Auto-refreshing rides (2-second interval)...
10-29 15:56:44.334  4678  6358 I ReactNativeJS: 'ðŸŽ¯ðŸŽ¯ðŸŽ¯ TripCompletionModal RENDER - visible:', false
10-29 15:56:44.335  4678  6358 I ReactNativeJS: 'ðŸŽ¯ðŸŽ¯ðŸŽ¯ tripData:', '{\n  "distance": 0,\n  "duration": 0,\n  "fareBreakdown": {\n    "booking_type": "regular",\n    "vehicle_type": "sedan",\n    "base_fare": 0,\n    "distance_fare": 0,\n    "time_fare": 0,\n    "surge_charges": 0,\n    "deadhead_charges": 0,\n    "platform_fee": 0,\n    "gst_on_charges": 0,\n    "gst_on_platform_fee": 0,\n    "extra_km_charges": 0,\n    "driver_allowance": 0,\n    "total_fare": 0,\n    "details": {\n      "actual_distance_km": 0,\n      "actual_duration_minutes": 0,\n      "per_km_rate": 0\n    }\n  },\n  "pickup_address": "",\n  "destination_address": "",\n  "booking_type": "regular",\n  "rental_hours": null\n}'
10-29 15:56:44.335  4678  6358 I ReactNativeJS: âŒ Not visible - returning null
10-29 15:56:44.336  4678  6358 I ReactNativeJS: === LOADING RIDES ===
10-29 15:56:44.336  4678  6358 I ReactNativeJS: 'Driver ID:', 'eb91d7e5-e2f2-4021-a8c8-3739a3d4cae4'
10-29 15:56:44.336  4678  6358 I ReactNativeJS: 'Driver User ID:', '1c4ac410-54d8-4b5e-960b-3afcbebd115d'
10-29 15:56:44.341  4678  6358 I ReactNativeJS: 'ðŸŽ¯ðŸŽ¯ðŸŽ¯ TripCompletionModal RENDER - visible:', false
10-29 15:56:44.342  4678  6358 I ReactNativeJS: 'ðŸŽ¯ðŸŽ¯ðŸŽ¯ tripData:', '{\n  "distance": 0,\n  "duration": 0,\n  "fareBreakdown": {\n    "booking_type": "regular",\n    "vehicle_type": "sedan",\n    "base_fare": 0,\n    "distance_fare": 0,\n    "time_fare": 0,\n    "surge_charges": 0,\n    "deadhead_charges": 0,\n    "platform_fee": 0,\n    "gst_on_charges": 0,\n    "gst_on_platform_fee": 0,\n    "extra_km_charges": 0,\n    "driver_allowance": 0,\n    "total_fare": 0,\n    "details": {\n      "actual_distance_km": 0,\n      "actual_duration_minutes": 0,\n      "per_km_rate": 0\n    }\n  },\n  "pickup_address": "",\n  "destination_address": "",\n  "booking_type": "regular",\n  "rental_hours": null\n}'
10-29 15:56:44.342  4678  6358 I ReactNativeJS: âŒ Not visible - returning null
10-29 15:56:44.343  4678  6358 I ReactNativeJS: ðŸ” Loading current ride...
10-29 15:56:44.346  4678  6358 I ReactNativeJS: === RIDES SCREEN STATE DEBUG ===
10-29 15:56:44.346  4678  6358 I ReactNativeJS: ðŸ”„ Component state updated:
10-29 15:56:44.346  4678  6358 I ReactNativeJS: '  - Current ride:', 'null'
10-29 15:56:44.346  4678  6358 I ReactNativeJS: '  - Pending rides count:', 0
10-29 15:56:44.346  4678  6358 I ReactNativeJS: '  - Driver status:', 'online'
10-29 15:56:44.346  4678  6358 I ReactNativeJS: '  - Loading:', true
10-29 15:56:44.346  4678  6358 I ReactNativeJS: '  - Error:', null
10-29 15:56:44.346  4678  6358 I ReactNativeJS: '  - Show modal:', false
10-29 15:56:44.346  4678  6358 I ReactNativeJS: '  - Timestamp:', '2025-10-29T10:26:44.346Z'
10-29 15:56:44.346  4678  6358 I ReactNativeJS: âŒ NO CURRENT RIDE - showing empty state
10-29 15:56:44.348  4678  6358 I ReactNativeJS: ðŸ“ Background location status check:
10-29 15:56:44.348  4678  6358 I ReactNativeJS: '  - Task registered:', true
10-29 15:56:44.348  4678  6358 I ReactNativeJS: '  - Background permission:', 'granted'
10-29 15:56:44.348  4678  6358 I ReactNativeJS: '  - Is active:', true
10-29 15:56:44.348  4678  6358 I ReactNativeJS: 'ðŸ“ Background tracking status check:', true
10-29 15:56:44.348  4678  6358 I ReactNativeJS: âœ… Background tracking is active and working correctly
10-29 15:56:44.447  4678  4678 W WindowOnBackDispatcher: sendCancelIfRunning: isInProgress=false callback=android.view.ViewRootImpl$$ExternalSyntheticLambda11@6aa998f
10-29 15:56:44.456  4678  6333 D HWUI    : endAllActiveAnimators on 0xb4000077801dc490 (RippleDrawable) with handle 0xb4000077d00d78c0
10-29 15:56:44.465  4678  6364 D BLASTBufferQueue: [VRI[MainActivity]#12](f:0,a:4) destructor()
10-29 15:56:44.465  4678  6364 D BufferQueueConsumer: [VRI[MainActivity]#12(BLAST Consumer)12](id:12460000000c,api:0,p:-1,c:4678) disconnect
10-29 15:56:44.475  4678  4678 W WindowOnBackDispatcher: OnBackInvokedCallback is not enabled for the application.
10-29 15:56:44.475  4678  4678 W WindowOnBackDispatcher: Set 'android:enableOnBackInvokedCallback="true"' in the application manifest.
10-29 15:56:44.501  4678  4678 V ImeFocusController: onWindowFocus: com.android.internal.policy.DecorView{450ca88 V.E...... R......D 0,0-1080,2392 aid=3}[MainActivity] softInputMode=STATE_UNSPECIFIED|ADJUST_RESIZE
10-29 15:56:44.506 18285 18285 I GoogleInputMethodService: GoogleInputMethodService.onFinishInput():2086 
10-29 15:56:44.507 18285 18285 I Module  : DeviceLockedStatusModuleProvider$Module.updateDeviceLockedStatus():103 repeatCheckTimes = 0, locked = false
10-29 15:56:44.508 18285 18285 I GoogleInputMethodService: GoogleInputMethodService.onStartInput():1347 onStartInput(EditorInfo{EditorInfo{packageName=com.a1taxi.driverpro, inputType=0, inputTypeString=NULL, enableLearning=false, autoCorrection=false, autoComplete=false, imeOptions=0, privateImeOptions=null, actionName=UNSPECIFIED, actionLabel=null, initialSelStart=-1, initialSelEnd=-1, initialCapsMode=0, label=null, fieldId=0, fieldName=null, extras=null, hintText=null, hintLocales=[]}}, false)
10-29 15:56:44.509 18285 18285 I Module  : DeviceLockedStatusModuleProvider$Module.updateDeviceLockedStatus():103 repeatCheckTimes = 1, locked = false
10-29 15:56:44.509 18285 18285 I HardKeyTracker: HardKeyTracker.registerKeySequence():170 Register key sequence njr{labelResId=0, callback=gfq@95bbc8f, lastModifier=0, keyCodes=[57, 57], actions=[1, 0]}
10-29 15:56:44.510 18285 18285 I HardKeyTracker: HardKeyTracker.registerKeySequence():170 Register key sequence njr{labelResId=0, callback=gfq@51d0b1c, lastModifier=0, keyCodes=[58, 58], actions=[1, 0]}
10-29 15:56:44.620  4678  6358 I ReactNativeJS: 'âœ… Current ride loaded:', 'none'
10-29 15:56:44.620  4678  6358 I ReactNativeJS: ðŸ” Loading pending ride notifications...
10-29 15:56:44.923  4678  6358 I ReactNativeJS: ðŸ“‹ Found 0 unread ride notifications
10-29 15:56:44.934  4678  6358 I ReactNativeJS: 'ðŸŽ¯ðŸŽ¯ðŸŽ¯ TripCompletionModal RENDER - visible:', false
10-29 15:56:44.935  4678  6358 I ReactNativeJS: 'ðŸŽ¯ðŸŽ¯ðŸŽ¯ tripData:', '{\n  "distance": 0,\n  "duration": 0,\n  "fareBreakdown": {\n    "booking_type": "regular",\n    "vehicle_type": "sedan",\n    "base_fare": 0,\n    "distance_fare": 0,\n    "time_fare": 0,\n    "surge_charges": 0,\n    "deadhead_charges": 0,\n    "platform_fee": 0,\n    "gst_on_charges": 0,\n    "gst_on_platform_fee": 0,\n    "extra_km_charges": 0,\n    "driver_allowance": 0,\n    "total_fare": 0,\n    "details": {\n      "actual_distance_km": 0,\n      "actual_duration_minutes": 0,\n      "per_km_rate": 0\n    }\n  },\n  "pickup_address": "",\n  "destination_address": "",\n  "booking_type": "regular",\n  "rental_hours": null\n}'
10-29 15:56:44.935  4678  6358 I ReactNativeJS: âŒ Not visible - returning null
10-29 15:56:44.937  4678  6358 I ReactNativeJS: âœ… No pending ride notifications
10-29 15:56:44.937  4678  6358 I ReactNativeJS: === RIDES SCREEN STATE DEBUG ===
10-29 15:56:44.937  4678  6358 I ReactNativeJS: ðŸ”„ Component state updated:
10-29 15:56:44.937  4678  6358 I ReactNativeJS: '  - Current ride:', 'null'
10-29 15:56:44.937  4678  6358 I ReactNativeJS: '  - Pending rides count:', 0
10-29 15:56:44.937  4678  6358 I ReactNativeJS: '  - Driver status:', 'online'
10-29 15:56:44.938  4678  6358 I ReactNativeJS: '  - Loading:', true
10-29 15:56:44.938  4678  6358 I ReactNativeJS: '  - Error:', null
10-29 15:56:44.938  4678  6358 I ReactNativeJS: '  - Show modal:', false
10-29 15:56:44.938  4678  6358 I ReactNativeJS: '  - Timestamp:', '2025-10-29T10:26:44.938Z'
10-29 15:56:44.938  4678  6358 I ReactNativeJS: âŒ NO CURRENT RIDE - showing empty state
10-29 15:56:44.938  4678  6358 I ReactNativeJS: === RIDE REQUEST MODAL LOGIC DEBUG ===
10-29 15:56:44.938  4678  6358 I ReactNativeJS: ðŸ”„ Checking if should show ride request modal:
10-29 15:56:44.938  4678  6358 I ReactNativeJS: '  - Pending rides:', 0
10-29 15:56:44.938  4678  6358 I ReactNativeJS: '  - Modal already showing:', false
10-29 15:56:44.938  4678  6358 I ReactNativeJS: '  - Driver status:', 'online'
10-29 15:56:44.938  4678  6358 I ReactNativeJS: '  - Has current ride:', false
10-29 15:56:44.938  4678  6358 I ReactNativeJS: âŒ NOT SHOWING MODAL - reasons:
10-29 15:56:44.938  4678  6358 I ReactNativeJS: 'ðŸš— Analysis:', { pendingRidesCount: 0,
10-29 15:56:44.938  4678  6358 I ReactNativeJS:   modalAlreadyShowing: false,
10-29 15:56:44.938  4678  6358 I ReactNativeJS:   driverStatus: 'online',
10-29 15:56:44.938  4678  6358 I ReactNativeJS:   hasCurrentRide: false }
10-29 15:56:44.943  4678  6358 I ReactNativeJS: 'ðŸŽ¯ðŸŽ¯ðŸŽ¯ TripCompletionModal RENDER - visible:', false
10-29 15:56:44.944  4678  6358 I ReactNativeJS: 'ðŸŽ¯ðŸŽ¯ðŸŽ¯ tripData:', '{\n  "distance": 0,\n  "duration": 0,\n  "fareBreakdown": {\n    "booking_type": "regular",\n    "vehicle_type": "sedan",\n    "base_fare": 0,\n    "distance_fare": 0,\n    "time_fare": 0,\n    "surge_charges": 0,\n    "deadhead_charges": 0,\n    "platform_fee": 0,\n    "gst_on_charges": 0,\n    "gst_on_platform_fee": 0,\n    "extra_km_charges": 0,\n    "driver_allowance": 0,\n    "total_fare": 0,\n    "details": {\n      "actual_distance_km": 0,\n      "actual_duration_minutes": 0,\n      "per_km_rate": 0\n    }\n  },\n  "pickup_address": "",\n  "destination_address": "",\n  "booking_type": "regular",\n  "rental_hours": null\n}'
10-29 15:56:44.944  4678  6358 I ReactNativeJS: âŒ Not visible - returning null
10-29 15:56:44.945  4678  6358 I ReactNativeJS: === RIDES SCREEN STATE DEBUG ===
10-29 15:56:44.945  4678  6358 I ReactNativeJS: ðŸ”„ Component state updated:
10-29 15:56:44.945  4678  6358 I ReactNativeJS: '  - Current ride:', 'null'
10-29 15:56:44.945  4678  6358 I ReactNativeJS: '  - Pending rides count:', 0
10-29 15:56:44.945  4678  6358 I ReactNativeJS: '  - Driver status:', 'online'
10-29 15:56:44.945  4678  6358 I ReactNativeJS: '  - Loading:', false
10-29 15:56:44.945  4678  6358 I ReactNativeJS: '  - Error:', null
10-29 15:56:44.945  4678  6358 I ReactNativeJS: '  - Show modal:', false
10-29 15:56:44.946  4678  6358 I ReactNativeJS: '  - Timestamp:', '2025-10-29T10:26:44.945Z'
10-29 15:56:44.946  4678  6358 I ReactNativeJS: âŒ NO CURRENT RIDE - showing empty state
10-29 15:56:44.949  4678  6358 I ReactNativeJS: 'ðŸŽ¯ðŸŽ¯ðŸŽ¯ TripCompletionModal RENDER - visible:', false
10-29 15:56:44.949  4678  6358 I ReactNativeJS: 'ðŸŽ¯ðŸŽ¯ðŸŽ¯ tripData:', '{\n  "distance": 0,\n  "duration": 0,\n  "fareBreakdown": {\n    "booking_type": "regular",\n    "vehicle_type": "sedan",\n    "base_fare": 0,\n    "distance_fare": 0,\n    "time_fare": 0,\n    "surge_charges": 0,\n    "deadhead_charges": 0,\n    "platform_fee": 0,\n    "gst_on_charges": 0,\n    "gst_on_platform_fee": 0,\n    "extra_km_charges": 0,\n    "driver_allowance": 0,\n    "total_fare": 0,\n    "details": {\n      "actual_distance_km": 0,\n      "actual_duration_minutes": 0,\n      "per_km_rate": 0\n    }\n  },\n  "pickup_address": "",\n  "destination_address": "",\n  "booking_type": "regular",\n  "rental_hours": null\n}'
10-29 15:56:44.949  4678  6358 I ReactNativeJS: âŒ Not visible - returning null
10-29 15:56:45.001  9313  9945 I Authzen : [DeviceStateSyncManager] The server is in sync with current state. Nothing to do
10-29 15:56:45.336 10830 10894 W Settings: Setting airplane_mode_on has moved from android.provider.Settings.System to android.provider.Settings.Global, returning read-only value.
10-29 15:56:45.340 10830  8566 W SystemServiceRegistry: No service published for: wifirtt
10-29 15:56:45.608  9749  9767 I om.vivo.hiboard: Background concurrent copying GC freed 19MB AllocSpace bytes, 62(4264KB) LOS objects, 58% free, 4405KB/10MB, paused 204us,70us total 160.613ms
10-29 15:56:45.616  9749  9770 W om.vivo.hiboard: ApkAssets: Deleting an ApkAssets object '<empty> and /system/app/Calculator/Calculator.apk' with 1 weak references
10-29 15:56:45.618  9749  9770 W om.vivo.hiboard: ApkAssets: Deleting an ApkAssets object '<empty> and /data/app/~~XOMKV9KsCmARXPQ-AwM1VQ==/com.google.android.gms-YwHSVqQSNa3ByZujF-Mqag==/base.apk' with 1 weak references
10-29 15:56:45.619  9749  9770 W om.vivo.hiboard: ApkAssets: Deleting an ApkAssets object '<empty> and /data/app/~~XOMKV9KsCmARXPQ-AwM1VQ==/com.google.android.gms-YwHSVqQSNa3ByZujF-Mqag==/split_config.en.apk' with 1 weak references
10-29 15:56:45.619  9749  9770 W om.vivo.hiboard: ApkAssets: Deleting an ApkAssets object '<empty> and /data/app/~~XOMKV9KsCmARXPQ-AwM1VQ==/com.google.android.gms-YwHSVqQSNa3ByZujF-Mqag==/split_config.xxhdpi.apk' with 1 weak references
10-29 15:56:45.622  4678  6358 I ReactNativeJS: === LOADING SCHEDULED BOOKINGS ===
10-29 15:56:45.622  4678  6358 I ReactNativeJS: 'Driver ID:', 'eb91d7e5-e2f2-4021-a8c8-3739a3d4cae4'
10-29 15:56:45.626  4678  6358 I ReactNativeJS: === NAVIGATION CHECK ===
10-29 15:56:45.626  4678  6358 I ReactNativeJS: 'In auth group:', false
10-29 15:56:45.626  4678  6358 I ReactNativeJS: 'Has session:', false
10-29 15:56:45.626  4678  6358 I ReactNativeJS: 'Has driver:', true
10-29 15:56:45.626  4678  6358 I ReactNativeJS: 'Current segments:', [ '(tabs)', 'scheduled' ]
10-29 15:56:45.626  4678  6358 I ReactNativeJS: 'Loading state:', false
10-29 15:56:45.626  4678  6358 I ReactNativeJS: 'Is authenticated:', { id: 'eb91d7e5-e2f2-4021-a8c8-3739a3d4cae4',
10-29 15:56:45.626  4678  6358 I ReactNativeJS:   user_id: '1c4ac410-54d8-4b5e-960b-3afcbebd115d',
10-29 15:56:45.626  4678  6358 I ReactNativeJS:   license_number: 'TY58971234',
10-29 15:56:45.626  4678  6358 I ReactNativeJS:   license_expiry: '2025-10-04',
10-29 15:56:45.626  4678  6358 I ReactNativeJS:   status: 'online',
10-29 15:56:45.626  4678  6358 I ReactNativeJS:   rating: 5,
10-29 15:56:45.626  4678  6358 I ReactNativeJS:   total_rides: 1,
10-29 15:56:45.626  4678  6358 I ReactNativeJS:   is_verified: true,
10-29 15:56:45.626  4678  6358 I ReactNativeJS:   vehicle_id: 'e7591bc7-c083-49f6-b30d-cc0d6964f3a1',
10-29 15:56:45.626  4678  6358 I ReactNativeJS:   vendor_id: null,
10-29 15:56:45.626  4678  6358 I ReactNativeJS:   phone_number: '9598972325',
10-29 15:56:45.626  4678  6358 I ReactNativeJS:   name: 'john',
10-29 15:56:45.626  4678  6358 I ReactNativeJS:   created_at: '2025-09-16T17:06:10.397003+00:00',
10-29 15:56:45.626  4678  6358 I ReactNativeJS:   updated_at: '2025-10-29T10:24:50.868239+00:00',
10-29 15:56:45.626  4678  6358 I ReactNativeJS:   vehicles: 
10-29 15:56:45.626  4678  6358 I ReactNativeJS:    { id: 'e7591bc7-c083-49f6-b30d-cc0d6964f3a1',
10-29 15:56:45.626  4678  6358 I ReactNativeJS:      registration_number: 'KA51MN1111',
10-29 15:56:45.626  4678  6358 I ReactNativeJS:      make: 'Maruti',
10-29 15:56:45.626  4678  6358 I ReactNativeJS:      model: 'Ciaz',
10-29 15:56:45.626  4678  6358 I ReactNativeJS:      year: 2022,
10-29 15:56:45.626  4678  6358 I ReactNativeJS:      color: 'Silver',
10-29 15:56:45.626  4678  6358 I ReactNativeJS:      vehicle_type: 'sedan',
10-29 15:56:45.626  4678  6358 I ReactNativeJS:      capacity: 4 },
10-29 15:56:45.626  4678  6358 I ReactNativeJS:   user: 
10-29 15:56:45.626  4678  6358 I ReactNativeJS:    { id: '1c4ac410-54d8-4b5e-960b-3afcbebd115d',
10-29 15:56:45.626  4678  6358 I ReactNativeJS:      email: 'john@gmail.com',
10-29 15:56:45.626  4678  6358 I ReactNativeJS:      role: 'driver',
10-29 15:56:45.626  4678  6358 I ReactNativeJS:      full_name: 'john',
10-29 15:56:45.626  4678  6358 I ReactNativeJS:      phone_number: '9598972325',
10-29 15:56:45.626  4678  6358 I ReactNativeJS:      avatar_url: null,
10-29 15:56:45.626  4678  6358 I ReactNativeJS:      is_active: true,
10-29 15:56:45.626  4678  6358 I ReactNativeJS:      created_at: '2025-09-16T17:06:09.397142+00:00',
10-29 15:56:45.626  4678  6358 I ReactNativeJS:      updated_at: '2025-09-16T17:06:09.397142+00:00' },
10-29 15:56:45.626  4678  6358 I ReactNativeJS:   vehicle: 
10-29 15:56:45.626  4678  6358 I ReactNativeJS:    { id: 'e7591bc7-c083-49f6-b30d-cc0d6964f3a1',
10-29 15:56:45.626  4678  6358 I ReactNativeJS:      registration_number: 'KA51MN1111',
10-29 15:56:45.626  4678  6358 I ReactNativeJS:      make: 'Maruti',
10-29 15:56:45.626  4678  6358 I ReactNativeJS:      model: 'Ciaz',
10-29 15:56:45.626  4678  6358 I ReactNativeJS:      year: 2022,
10-29 15:56:45.626  4678  6358 I ReactNativeJS:      color: 'Silver',
10-29 15:56:45.626  4678  6358 I ReactNativeJS:      vehicle_type: 'sedan',
10-29 15:56:45.626  4678  6358 I ReactNativeJS:      capacity: 4 } }
10-29 15:56:45.626  4678  6358 I ReactNativeJS: No navigation needed - staying in current route
10-29 15:56:45.874  8979  8994 V ClearcutMetricXmitter: Transmission is done.
10-29 15:56:45.895 10830 15980 I WifiScanner: onFullResults
10-29 15:56:45.896 10830 10884 I WifiScanner: onFullResults
10-29 15:56:45.897 10830 10877 I WifiScanner: onFullResults
10-29 15:56:45.907 10830  8714 I FrewleTileCacheManagerV: (REDACTED) Fetched %d AP models from cache
10-29 15:56:45.908  4678  6358 I ReactNativeJS: 'Current booking:', undefined
10-29 15:56:45.930 10830 10931 I FusedLocation: (REDACTED) location delivery to %s blocked - too fast
10-29 15:56:45.931 10830 10931 I FusedLocation: (REDACTED) location delivery to %s blocked - too close
10-29 15:56:45.935 10830 10931 I FusedLocation: (REDACTED) location delivery to %s blocked - too fast
10-29 15:56:45.937 10830 10931 I FusedLocation: (REDACTED) location delivery to %s blocked - too fast
10-29 15:56:45.937 10830 10931 I FusedLocation: (REDACTED) location delivery to %s blocked - too fast
10-29 15:56:45.937 10830 10931 I FusedLocation: (REDACTED) location delivery to %s blocked - too fast
10-29 15:56:45.938 10830 10931 I gbkh    : Received empty WiFi-RTT scan. [CONTEXT service_id=6 ]
10-29 15:56:46.207  4678  6358 I ReactNativeJS: 'Available bookings:', 0
10-29 15:56:46.329  4678  6358 I ReactNativeJS: ðŸ”„ Auto-refreshing rides (2-second interval)...
10-29 15:56:46.336  4678  6358 I ReactNativeJS: 'ðŸŽ¯ðŸŽ¯ðŸŽ¯ TripCompletionModal RENDER - visible:', false
10-29 15:56:46.336  4678  6358 I ReactNativeJS: 'ðŸŽ¯ðŸŽ¯ðŸŽ¯ tripData:', '{\n  "distance": 0,\n  "duration": 0,\n  "fareBreakdown": {\n    "booking_type": "regular",\n    "vehicle_type": "sedan",\n    "base_fare": 0,\n    "distance_fare": 0,\n    "time_fare": 0,\n    "surge_charges": 0,\n    "deadhead_charges": 0,\n    "platform_fee": 0,\n    "gst_on_charges": 0,\n    "gst_on_platform_fee": 0,\n    "extra_km_charges": 0,\n    "driver_allowance": 0,\n    "total_fare": 0,\n    "details": {\n      "actual_distance_km": 0,\n      "actual_duration_minutes": 0,\n      "per_km_rate": 0\n    }\n  },\n  "pickup_address": "",\n  "destination_address": "",\n  "booking_type": "regular",\n  "rental_hours": null\n}'
10-29 15:56:46.336  4678  6358 I ReactNativeJS: âŒ Not visible - returning null
10-29 15:56:46.338  4678  6358 I ReactNativeJS: === LOADING RIDES ===
10-29 15:56:46.338  4678  6358 I ReactNativeJS: 'Driver ID:', 'eb91d7e5-e2f2-4021-a8c8-3739a3d4cae4'
10-29 15:56:46.338  4678  6358 I ReactNativeJS: 'Driver User ID:', '1c4ac410-54d8-4b5e-960b-3afcbebd115d'
10-29 15:56:46.344  4678  6358 I ReactNativeJS: 'ðŸŽ¯ðŸŽ¯ðŸŽ¯ TripCompletionModal RENDER - visible:', false
10-29 15:56:46.344  4678  6358 I ReactNativeJS: 'ðŸŽ¯ðŸŽ¯ðŸŽ¯ tripData:', '{\n  "distance": 0,\n  "duration": 0,\n  "fareBreakdown": {\n    "booking_type": "regular",\n    "vehicle_type": "sedan",\n    "base_fare": 0,\n    "distance_fare": 0,\n    "time_fare": 0,\n    "surge_charges": 0,\n    "deadhead_charges": 0,\n    "platform_fee": 0,\n    "gst_on_charges": 0,\n    "gst_on_platform_fee": 0,\n    "extra_km_charges": 0,\n    "driver_allowance": 0,\n    "total_fare": 0,\n    "details": {\n      "actual_distance_km": 0,\n      "actual_duration_minutes": 0,\n      "per_km_rate": 0\n    }\n  },\n  "pickup_address": "",\n  "destination_address": "",\n  "booking_type": "regular",\n  "rental_hours": null\n}'
10-29 15:56:46.344  4678  6358 I ReactNativeJS: âŒ Not visible - returning null
10-29 15:56:46.346  4678  6358 I ReactNativeJS: ðŸ” Loading current ride...
10-29 15:56:46.348  4678  6358 I ReactNativeJS: === RIDES SCREEN STATE DEBUG ===
10-29 15:56:46.348  4678  6358 I ReactNativeJS: ðŸ”„ Component state updated:
10-29 15:56:46.348  4678  6358 I ReactNativeJS: '  - Current ride:', 'null'
10-29 15:56:46.348  4678  6358 I ReactNativeJS: '  - Pending rides count:', 0
10-29 15:56:46.348  4678  6358 I ReactNativeJS: '  - Driver status:', 'online'
10-29 15:56:46.348  4678  6358 I ReactNativeJS: '  - Loading:', true
10-29 15:56:46.348  4678  6358 I ReactNativeJS: '  - Error:', null
10-29 15:56:46.348  4678  6358 I ReactNativeJS: '  - Show modal:', false
10-29 15:56:46.348  4678  6358 I ReactNativeJS: '  - Timestamp:', '2025-10-29T10:26:46.348Z'
10-29 15:56:46.348  4678  6358 I ReactNativeJS: âŒ NO CURRENT RIDE - showing empty state
10-29 15:56:46.494 10830 10931 I FusedLocation: (REDACTED) location delivery to %s blocked - too fast
10-29 15:56:46.498 10830 10931 I FusedLocation: (REDACTED) location delivery to %s blocked - too close
10-29 15:56:46.499 10830 10931 I FusedLocation: (REDACTED) location delivery to %s blocked - too fast
10-29 15:56:46.499 10830 10931 I FusedLocation: (REDACTED) location delivery to %s blocked - too fast
10-29 15:56:46.500 10830 10931 I FusedLocation: (REDACTED) location delivery to %s blocked - too fast
10-29 15:56:46.500 10830 10931 I FusedLocation: (REDACTED) location delivery to %s blocked - too fast
10-29 15:56:46.501 10830 10931 I FusedLocation: (REDACTED) location delivery to %s blocked - too fast
10-29 15:56:46.506  4678  4678 I TaskService: Handling intent with task name 'background-location-task' and app scoping identifier 'com.a1taxi.driverpro'.
10-29 15:56:46.507  4678  4678 W JobInfo : Job 'com.a1taxi.driverpro/expo.modules.taskManager.TaskJobService#0' has a deadline with no functional constraints. The deadline won't improve job execution latency. Consider removing the deadline.
10-29 15:56:46.516  4678  4678 I TaskService: Handling job with task name 'background-location-task' for app with scoping identifier 'com.a1taxi.driverpro'.
10-29 15:56:46.517  4678  6358 I ReactNativeJS: [2025-10-29T10:26:46.517Z] ðŸ“ Background location task triggered with 1 locations
10-29 15:56:46.518  4678  6358 I ReactNativeJS: [2025-10-29T10:26:46.517Z] ðŸ“ Processing location: 12.7486395, 77.82999
10-29 15:56:46.520  4678  6358 I ReactNativeJS: 'ðŸ“¤ Background location update via RPC...', { driverId: 'eb91d7e5-e2f2-4021-a8c8-3739a3d4cae4',
10-29 15:56:46.520  4678  6358 I ReactNativeJS:   lat: 12.7486395,
10-29 15:56:46.520  4678  6358 I ReactNativeJS:   lng: 77.82999 }
10-29 15:56:46.521  4678  6358 E ReactNativeJS: âŒ Supabase credentials not configured
10-29 15:56:46.522  4678  6358 I ReactNativeJS: [2025-10-29T10:26:46.517Z] âš ï¸ Location not sent (driver might be offline or network issue)
10-29 15:56:46.522  4678  6358 I ReactNativeJS: [2025-10-29T10:26:46.517Z] âœ… Background location task completed
10-29 15:56:46.523  4678  6347 I TaskService: Finished task 'background-location-task' with eventId 'fe07475b-5deb-42f7-a813-6bef12f5e244'.
10-29 15:56:46.525  4678  6359 E unknown:ReactNative: console.error: âŒ Supabase credentials not configured, js engine: hermes, stack:
10-29 15:56:46.525  4678  6359 E unknown:ReactNative: _construct@1:127661
10-29 15:56:46.525  4678  6359 E unknown:ReactNative: Wrapper@1:127315
10-29 15:56:46.525  4678  6359 E unknown:ReactNative: _callSuper@1:125297
10-29 15:56:46.525  4678  6359 E unknown:ReactNative: SyntheticError@1:126802
10-29 15:56:46.525  4678  6359 E unknown:ReactNative: reactConsoleErrorHandler@1:126448
10-29 15:56:46.525  4678  6359 E unknown:ReactNative: ?anon_0_@1:2123375
10-29 15:56:46.525  4678  6359 E unknown:ReactNative: asyncGeneratorStep@1:583372
10-29 15:56:46.525  4678  6359 E unknown:ReactNative: _next@1:583631
10-29 15:56:46.525  4678  6359 E unknown:ReactNative: anonymous@1:146045
10-29 15:56:46.525  4678  6359 E unknown:ReactNative: _callTimer@1:145044
10-29 15:56:46.525  4678  6359 E unknown:ReactNative: _callReactNativeMicrotasksPass@1:145188
10-29 15:56:46.525  4678  6359 E unknown:ReactNative: callReactNativeMicrotasks@1:147108
10-29 15:56:46.525  4678  6359 E unknown:ReactNative: __callReactNativeMicrotasks@1:110857
10-29 15:56:46.525  4678  6359 E unknown:ReactNative: anonymous@1:109993
10-29 15:56:46.525  4678  6359 E unknown:ReactNative: __guard@1:110731
10-29 15:56:46.525  4678  6359 E unknown:ReactNative: flushedQueue@1:109904
10-29 15:56:46.525  4678  6359 E unknown:ReactNative: invokeCallbackAndReturnFlushedQueue@1:109847
10-29 15:56:46.627  4678  6358 I ReactNativeJS: 'âœ… Current ride loaded:', 'none'
10-29 15:56:46.627  4678  6358 I ReactNativeJS: ðŸ” Loading pending ride notifications...
10-29 15:56:46.842  4678  6358 I ReactNativeJS: === NAVIGATION CHECK ===
10-29 15:56:46.842  4678  6358 I ReactNativeJS: 'In auth group:', false
10-29 15:56:46.842  4678  6358 I ReactNativeJS: 'Has session:', false
10-29 15:56:46.842  4678  6358 I ReactNativeJS: 'Has driver:', true
