10-23 15:52:39.676 32480  8539 I ReactNativeJS:   'booking_completed',
10-23 15:52:39.676 32480  8539 I ReactNativeJS:   'booking_completed',
10-23 15:52:39.676 32480  8539 I ReactNativeJS:   'booking_completed',
10-23 15:52:39.676 32480  8539 I ReactNativeJS:   'booking_completed',
10-23 15:52:39.676 32480  8539 I ReactNativeJS:   'ride_status_changed',
10-23 15:52:39.676 32480  8539 I ReactNativeJS:   'ride_status_changed',
10-23 15:52:39.676 32480  8539 I ReactNativeJS:   'ride_status_changed',
10-23 15:52:39.676 32480  8539 I ReactNativeJS:   'ride_completed',
10-23 15:52:39.676 32480  8539 I ReactNativeJS:   'ride_status_changed',
10-23 15:52:39.676 32480  8539 I ReactNativeJS:   'ride_status_changed',
10-23 15:52:39.676 32480  8539 I ReactNativeJS:   'ride_status_changed',
10-23 15:52:39.676 32480  8539 I ReactNativeJS:   'ride_completed',
10-23 15:52:39.676 32480  8539 I ReactNativeJS:   'ride_status_changed',
10-23 15:52:39.676 32480  8539 I ReactNativeJS:   'ride_status_changed',
10-23 15:52:39.676 32480  8539 I ReactNativeJS:   'ride_status_changed',
10-23 15:52:39.676 32480  8539 I ReactNativeJS:   'ride_status_changed',
10-23 15:52:39.676 32480  8539 I ReactNativeJS:   'ride_cancelled',
10-23 15:52:39.676 32480  8539 I ReactNativeJS:   'ride_status_changed',
10-23 15:52:39.676 32480  8539 I ReactNativeJS:   'ride_completed',
10-23 15:52:39.676 32480  8539 I ReactNativeJS:   'ride_status_changed',
10-23 15:52:39.676 32480  8539 I ReactNativeJS:   'ride_status_changed',
10-23 15:52:39.676 32480  8539 I ReactNativeJS:   'ride_status_changed',
10-23 15:52:39.676 32480  8539 I ReactNativeJS:   'ride_status_changed',
10-23 15:52:39.676 32480  8539 I ReactNativeJS:   'ride_completed',
10-23 15:52:39.676 32480  8539 I ReactNativeJS:   'ride_status_changed',
10-23 15:52:39.676 32480  8539 I ReactNativeJS:   'ride_status_changed',
10-23 15:52:39.676 32480  8539 I ReactNativeJS:   'ride_status_changed',
10-23 15:52:39.676 32480  8539 I ReactNativeJS:   'ride_status_changed',
10-23 15:52:39.676 32480  8539 I ReactNativeJS:   'ride_completed',
10-23 15:52:39.676 32480  8539 I ReactNativeJS:   'ride_status_changed',
10-23 15:52:39.676 32480  8539 I ReactNativeJS:   'ride_status_changed',
10-23 15:52:39.676 32480  8539 I ReactNativeJS:   'ride_status_changed',
10-23 15:52:39.676 32480  8539 I ReactNativeJS:   'ride_status_changed',
10-23 15:52:39.676 32480  8539 I ReactNativeJS:   'ride_status_changed',
10-23 15:52:39.676 32480  8539 I ReactNativeJS:   'ride_completed',
10-23 15:52:39.676 32480  8539 I ReactNativeJS:   'ride_status_changed',
10-23 15:52:39.676 32480  8539 I ReactNativeJS:   'ride_status_changed',
10-23 15:52:39.676 32480  8539 I ReactNativeJS:   'ride_status_changed',
10-23 15:52:39.676 32480  8539 I ReactNativeJS:   'ride_status_changed',
10-23 15:52:39.676 32480  8539 I ReactNativeJS:   'ride_completed',
10-23 15:52:39.676 32480  8539 I ReactNativeJS:   'ride_status_changed',
10-23 15:52:39.676 32480  8539 I ReactNativeJS:   'ride_status_changed',
10-23 15:52:39.676 32480  8539 I ReactNativeJS:   'ride_status_changed',
10-23 15:52:39.676 32480  8539 I ReactNativeJS:   'ride_status_changed',
10-23 15:52:39.676 32480  8539 I ReactNativeJS:   'ride_status_changed' ]
10-23 15:52:39.676 32480  8539 I ReactNativeJS: '❌ [NOTIFICATIONS] Trip completed notifications (all statuses):', []
10-23 15:52:39.807 32480  8539 I ReactNativeJS: '✅ Proxy response received:', 'OK'
10-23 15:52:39.807 32480  8539 I ReactNativeJS: '✅ Geocoded address:', 'PRXJ+F32, Brindavan Nagar, Plot 87, NGGO\'s Colony, Anand Nagar, Hosur, Tamil Nadu 635109, India'
10-23 15:52:39.807 32480  8539 I ReactNativeJS: '✅ Geocoded address:', 'PRXJ+F32, Brindavan Nagar, Plot 87, NGGO\'s Colony, Anand Nagar, Hosur, Tamil Nadu 635109, India'
10-23 15:52:39.807 32480  8539 I ReactNativeJS: '🏠 Enhanced Location Service: Got address:', 'PRXJ+F32, Brindavan Nagar, Plot 87, NGGO\'s Colony, Anand Nagar, Hosur, Tamil Nadu 635109, India'
10-23 15:52:39.807 32480  8539 I ReactNativeJS: '✅ [HOME] Location obtained:', { lat: 12.7486666,
10-23 15:52:39.807 32480  8539 I ReactNativeJS:   lng: 77.8299906,
10-23 15:52:39.807 32480  8539 I ReactNativeJS:   address: 'PRXJ+F32, Brindavan Nagar, Plot 87, NGGO\'s Colony, Anand Nagar, Hosur, Tamil Nadu 635109, India' }
10-23 15:52:39.811 32480  8539 I ReactNativeJS: 🚗 [HOME] ===== STARTING IMMEDIATE DRIVER DISPLAY =====
10-23 15:52:39.811 32480  8539 I ReactNativeJS: 🚗 [HOME] Current location available, showing drivers immediately
10-23 15:52:39.811 32480  8539 I ReactNativeJS: '🚗 [HOME] Location details:', { latitude: 12.7486666,
10-23 15:52:39.811 32480  8539 I ReactNativeJS:   longitude: 77.8299906,
10-23 15:52:39.811 32480  8539 I ReactNativeJS:   accuracy: 2.0999999046325684 }
10-23 15:52:39.811 32480  8539 I ReactNativeJS: 🚗 [HOME] Showing ALL vehicle types (no filter applied)
10-23 15:52:39.811 32480  8539 I ReactNativeJS: '🚗 [HOME] Should show drivers on map:', true
10-23 15:52:39.811 32480  8539 I ReactNativeJS: '🔄 [HOME] Starting driver location polling with:', { currentLocation: { latitude: 12.7486666, longitude: 77.8299906 },
10-23 15:52:39.811 32480  8539 I ReactNativeJS:   vehicleType: 'sedan',
10-23 15:52:39.811 32480  8539 I ReactNativeJS:   radius: 10 }
10-23 15:52:39.812 32480  8539 I ReactNativeJS: 🛑 [HOME] Stopping driver location polling
10-23 15:52:39.812 32480  8539 I ReactNativeJS: '🔄 [DRIVER-SERVICE] Starting driver location polling every', 10, 'seconds'
10-23 15:52:39.812 32480  8539 I ReactNativeJS: '🔄 [DRIVER-SERVICE] Polling parameters:', { customerLocation: { lat: 12.7486666, lng: 77.8299906 },
10-23 15:52:39.812 32480  8539 I ReactNativeJS:   vehicleType: 'all',
10-23 15:52:39.812 32480  8539 I ReactNativeJS:   interval: '10000ms' }
10-23 15:52:39.812 32480  8539 I ReactNativeJS: '🗺️ [DRIVER-SERVICE] Fetching available drivers via edge function:', { location: { lat: 12.7486666, lng: 77.8299906 },
10-23 15:52:39.812 32480  8539 I ReactNativeJS:   radius: '10km',
10-23 15:52:39.812 32480  8539 I ReactNativeJS:   vehicleType: 'all',
10-23 15:52:39.812 32480  8539 I ReactNativeJS:   timestamp: '2025-10-23T10:22:39.812Z' }
10-23 15:52:39.813 32480  8539 I ReactNativeJS: '🌐 [DRIVER-SERVICE] Constructed Edge Function URL:', 'https://whubaypabojomdyfqxcf.supabase.co/functions/v1/get-drivers-with-locations?lat=12.7486666&lng=77.8299906&radius=10'
10-23 15:52:39.818 32480  8539 I ReactNativeJS: 🚗 [HOME] ===== SHOWING DRIVERS AGAIN =====
10-23 15:52:39.818 32480  8539 I ReactNativeJS: 🚗 [HOME] Not both locations selected, showing drivers on map
10-23 15:52:39.818 32480  8539 I ReactNativeJS: '🚗 [HOME] Pickup coords:', true, 'Destination coords:', false
10-23 15:52:39.818 32480  8539 I ReactNativeJS: '🔄 [HOME] Starting driver location polling with:', { currentLocation: { latitude: 12.7486666, longitude: 77.8299906 },
10-23 15:52:39.818 32480  8539 I ReactNativeJS:   vehicleType: 'sedan',
10-23 15:52:39.818 32480  8539 I ReactNativeJS:   radius: 10 }
10-23 15:52:39.819 32480  8539 I ReactNativeJS: 🛑 [HOME] Stopping driver location polling
10-23 15:52:39.819 32480  8539 I ReactNativeJS: 🛑 [DRIVER-SERVICE] Stopped driver location polling
10-23 15:52:39.819 32480  8539 I ReactNativeJS: '🔄 [DRIVER-SERVICE] Starting driver location polling every', 10, 'seconds'
10-23 15:52:39.819 32480  8539 I ReactNativeJS: '🔄 [DRIVER-SERVICE] Polling parameters:', { customerLocation: { lat: 12.7486666, lng: 77.8299906 },
10-23 15:52:39.819 32480  8539 I ReactNativeJS:   vehicleType: 'all',
10-23 15:52:39.819 32480  8539 I ReactNativeJS:   interval: '10000ms' }
10-23 15:52:39.820 32480  8539 I ReactNativeJS: '🗺️ [DRIVER-SERVICE] Fetching available drivers via edge function:', { location: { lat: 12.7486666, lng: 77.8299906 },
10-23 15:52:39.820 32480  8539 I ReactNativeJS:   radius: '10km',
10-23 15:52:39.820 32480  8539 I ReactNativeJS:   vehicleType: 'all',
10-23 15:52:39.820 32480  8539 I ReactNativeJS:   timestamp: '2025-10-23T10:22:39.819Z' }
10-23 15:52:39.820 32480  8539 I ReactNativeJS: '🌐 [DRIVER-SERVICE] Constructed Edge Function URL:', 'https://whubaypabojomdyfqxcf.supabase.co/functions/v1/get-drivers-with-locations?lat=12.7486666&lng=77.8299906&radius=10'
10-23 15:52:39.822 32480  8539 I ReactNativeJS: ✅ [HOME] Location state updated successfully
10-23 15:52:39.823 32480  8539 W ReactNativeJS: 🏠 [HOME] ===== RENDERING HOME SCREEN =====
10-23 15:52:39.823 32480  8539 W ReactNativeJS: '🏠 [HOME] currentLocation:', '{"latitude":12.7486666,"longitude":77.8299906,"altitude":771.7999877929688,"accuracy":2.0999999046325684,"altitudeAccuracy":null,"heading":null,"speed":null}'
10-23 15:52:39.823 32480  8539 W ReactNativeJS: '🏠 [HOME] pickupCoords:', '{"latitude":12.7486666,"longitude":77.8299906}'
10-23 15:52:39.823 32480  8539 W ReactNativeJS: '🏠 [HOME] destinationCoords:', 'null'
10-23 15:52:39.823 32480  8539 W ReactNativeJS: '🏠 [HOME] pickupLocation text:', 'PRXJ+F32, Brindavan Nagar, Plot 87, NGGO\'s Colony, Anand Nagar, Hosur, Tamil Nadu 635109, India'
10-23 15:52:39.823 32480  8539 W ReactNativeJS: '🏠 [HOME] availableDrivers count:', 0
10-23 15:52:39.823 32480  8539 W ReactNativeJS: '🏠 [HOME] showDriversOnMap:', true
10-23 15:52:39.824 32480  8539 I ReactNativeJS: '🏠🏠🏠 [HOME-V2] ABOUT TO RENDER SimpleHosurMap with props:', { hasUserLocation: true,
10-23 15:52:39.824 32480  8539 I ReactNativeJS:   hasPickup: true,
10-23 15:52:39.824 32480  8539 I ReactNativeJS:   hasDestination: false,
10-23 15:52:39.824 32480  8539 I ReactNativeJS:   showDriversOnMap: true,
10-23 15:52:39.824 32480  8539 I ReactNativeJS:   timestamp: '2025-10-23T10:22:39.824Z' }
10-23 15:52:39.824 32480  8539 I ReactNativeJS: 🔥🔥🔥 [SIMPLE-MAP-V2] NEW CODE IS LOADED - VERSION 2.0 🔥🔥🔥
10-23 15:52:39.824 32480  8539 I ReactNativeJS: 🗺️ [SIMPLE-MAP] ===== RENDERING MAP =====
10-23 15:52:39.824 32480  8539 I ReactNativeJS: '🗺️ [SIMPLE-MAP] Props received:', { hasUserLocation: true,
10-23 15:52:39.824 32480  8539 I ReactNativeJS:   hasPickupLocation: true,
10-23 15:52:39.824 32480  8539 I ReactNativeJS:   hasDestinationLocation: false,
10-23 15:52:39.824 32480  8539 I ReactNativeJS:   showCenteredPin: true,
10-23 15:52:39.824 32480  8539 I ReactNativeJS:   userLocation: { latitude: 12.7486666, longitude: 77.8299906 },
10-23 15:52:39.824 32480  8539 I ReactNativeJS:   pickupLocation: { latitude: 12.7486666, longitude: 77.8299906 },
10-23 15:52:39.824 32480  8539 I ReactNativeJS:   destinationLocation: null,
10-23 15:52:39.824 32480  8539 I ReactNativeJS:   availableDriversCount: 0,
10-23 15:52:39.824 32480  8539 I ReactNativeJS:   showDrivers: true }
10-23 15:52:39.824 32480  8539 I ReactNativeJS: '🟢🟢🟢 [V3] RENDERING ULTRA-VISIBLE PICKUP MARKER at:', { latitude: 12.7486666, longitude: 77.8299906 }
10-23 15:52:39.837 32480  8539 I ReactNativeJS: 📍 [HOME] Location loading state set to false
10-23 15:52:39.837 32480  8539 I ReactNativeJS: 🗺️ [MAP] Smoothly animating to user location
10-23 15:52:39.845  5589  5589 W TooltipLifecycleManager: TooltipLifecycleManager.dismissTooltips():153 Tooltip with id undo_access_point_promotion_banner not found in tooltipManager.
10-23 15:52:39.863  5589  5589 D ViewRootImpl: AppSizeAfterRelayout, size: Point(1080, 2287), rotation: ROTATION_0
10-23 15:52:39.864  5589  5589 D BLASTBufferQueue: [VRI[InputMethod]#3997](f:0,a:4) destructor()
10-23 15:52:39.864  5589  5589 D BufferQueueConsumer: [VRI[InputMethod]#3997(BLAST Consumer)3997](id:15d500000f9d,api:0,p:-1,c:5589) disconnect
10-23 15:52:39.866 32480 32480 D MapsInitializer: preferredRenderer: null
10-23 15:52:39.866 32480 32480 D zzcc    : preferredRenderer: null
10-23 15:52:39.874 32480 32480 I Google Android Maps SDK: Google Play services package version: 254031035
10-23 15:52:39.874 32480 32480 I Google Android Maps SDK: Google Play services maps renderer version(maps_core): 253425402
10-23 15:52:39.884 32480 32480 W ProxyAndroidLoggerBackend: Too many Flogger logs received before configuration. Dropping old logs.
10-23 15:52:39.888 32480 32480 W ProxyAndroidLoggerBackend: Too many Flogger logs received before configuration. Dropping old logs.
10-23 15:52:39.890 32480 32480 W ProxyAndroidLoggerBackend: Too many Flogger logs received before configuration. Dropping old logs.
10-23 15:52:39.890 32480 32480 W ProxyAndroidLoggerBackend: Too many Flogger logs received before configuration. Dropping old logs.
10-23 15:52:39.891 32480 13493 W ProxyAndroidLoggerBackend: Too many Flogger logs received before configuration. Dropping old logs.
10-23 15:52:39.893 32480 32480 W ProxyAndroidLoggerBackend: Too many Flogger logs received before configuration. Dropping old logs.
10-23 15:52:39.894 32480 13495 W ProxyAndroidLoggerBackend: Too many Flogger logs received before configuration. Dropping old logs.
10-23 15:52:39.895 32480 32480 W ProxyAndroidLoggerBackend: Too many Flogger logs received before configuration. Dropping old logs.
10-23 15:52:39.895 32480 32480 W ProxyAndroidLoggerBackend: Too many Flogger logs received before configuration. Dropping old logs.
10-23 15:52:39.914 32480 32480 D BufferQueueConsumer: [](id:7ee000000008,api:0,p:-1,c:32480) connect: controlledByApp=true
10-23 15:52:39.914 32480 13492 W ProxyAndroidLoggerBackend: Too many Flogger logs received before configuration. Dropping old logs.
10-23 15:52:39.915 32480 13492 W ProxyAndroidLoggerBackend: Too many Flogger logs received before configuration. Dropping old logs.
10-23 15:52:39.919 32480 13495 W ProxyAndroidLoggerBackend: Too many Flogger logs received before configuration. Dropping old logs.
10-23 15:52:39.919 32480 13495 W ProxyAndroidLoggerBackend: Too many Flogger logs received before configuration. Dropping old logs.
10-23 15:52:39.930 32480 13495 W ProxyAndroidLoggerBackend: Too many Flogger logs received before configuration. Dropping old logs.
10-23 15:52:39.930 32480 13495 W ProxyAndroidLoggerBackend: Too many Flogger logs received before configuration. Dropping old logs.
10-23 15:52:39.931 32480 13495 W ProxyAndroidLoggerBackend: Too many Flogger logs received before configuration. Dropping old logs.
10-23 15:52:39.931 32480 13495 W ProxyAndroidLoggerBackend: Too many Flogger logs received before configuration. Dropping old logs.
10-23 15:52:39.934  9275 13475 I PhenotypeResourceReader: unable to find any Phenotype resource metadata for com.a1taxi.a1taxicustomer
10-23 15:52:39.937 32480 13495 W ProxyAndroidLoggerBackend: Too many Flogger logs received before configuration. Dropping old logs.
10-23 15:52:39.937 32480 13495 W ProxyAndroidLoggerBackend: Too many Flogger logs received before configuration. Dropping old logs.
10-23 15:52:39.941 32480 13493 W ProxyAndroidLoggerBackend: Too many Flogger logs received before configuration. Dropping old logs.
10-23 15:52:39.941 32480 13493 W ProxyAndroidLoggerBackend: Too many Flogger logs received before configuration. Dropping old logs.
10-23 15:52:39.942 32480 13493 W ProxyAndroidLoggerBackend: Too many Flogger logs received before configuration. Dropping old logs.
10-23 15:52:39.943 32480 13493 W ProxyAndroidLoggerBackend: Too many Flogger logs received before configuration. Dropping old logs.
10-23 15:52:39.947 32480 13492 W ProxyAndroidLoggerBackend: Too many Flogger logs received before configuration. Dropping old logs.
10-23 15:52:39.947 32480 13492 W ProxyAndroidLoggerBackend: Too many Flogger logs received before configuration. Dropping old logs.
10-23 15:52:39.949  1870  3343 D BatteryStatsService: noteVideoSurfaceChanged  noteWhich: 49,arg1: 1080, arg2: 2056, arg3: 32480, arg4: 890, name: com.a1taxi.a1taxicustomer
10-23 15:52:39.954 32480 13495 W ProxyAndroidLoggerBackend: Too many Flogger logs received before configuration. Dropping old logs.
10-23 15:52:39.954 32480 13495 W ProxyAndroidLoggerBackend: Too many Flogger logs received before configuration. Dropping old logs.
10-23 15:52:39.957 32480 13495 W ProxyAndroidLoggerBackend: Too many Flogger logs received before configuration. Dropping old logs.
10-23 15:52:39.957 32480 13495 W ProxyAndroidLoggerBackend: Too many Flogger logs received before configuration. Dropping old logs.
10-23 15:52:39.959 32480 13492 W ProxyAndroidLoggerBackend: Too many Flogger logs received before configuration. Dropping old logs.
10-23 15:52:39.959 32480 13492 W ProxyAndroidLoggerBackend: Too many Flogger logs received before configuration. Dropping old logs.
10-23 15:52:39.960 32480 13495 W ProxyAndroidLoggerBackend: Too many Flogger logs received before configuration. Dropping old logs.
10-23 15:52:39.960 32480 13495 W ProxyAndroidLoggerBackend: Too many Flogger logs received before configuration. Dropping old logs.
10-23 15:52:40.019 32480 13498 W ProxyAndroidLoggerBackend: Too many Flogger logs received before configuration. Dropping old logs.
10-23 15:52:40.064 32480  8539 I ReactNativeJS: 📍 [GPS] Starting live GPS tracking (Uber-style)...
10-23 15:52:40.069 32480  8539 W ReactNativeJS: 🏠 [HOME] ===== RENDERING HOME SCREEN =====
10-23 15:52:40.069 32480  8539 W ReactNativeJS: '🏠 [HOME] currentLocation:', '{"latitude":12.7486666,"longitude":77.8299906,"altitude":771.7999877929688,"accuracy":2.0999999046325684,"altitudeAccuracy":null,"heading":null,"speed":null}'
10-23 15:52:40.069 32480  8539 W ReactNativeJS: '🏠 [HOME] pickupCoords:', '{"latitude":12.7486666,"longitude":77.8299906}'
10-23 15:52:40.069 32480  8539 W ReactNativeJS: '🏠 [HOME] destinationCoords:', 'null'
10-23 15:52:40.069 32480  8539 W ReactNativeJS: '🏠 [HOME] pickupLocation text:', 'PRXJ+F32, Brindavan Nagar, Plot 87, NGGO\'s Colony, Anand Nagar, Hosur, Tamil Nadu 635109, India'
10-23 15:52:40.069 32480  8539 W ReactNativeJS: '🏠 [HOME] availableDrivers count:', 0
10-23 15:52:40.069 32480  8539 W ReactNativeJS: '🏠 [HOME] showDriversOnMap:', true
10-23 15:52:40.069 32480  8539 I ReactNativeJS: '🏠🏠🏠 [HOME-V2] ABOUT TO RENDER SimpleHosurMap with props:', { hasUserLocation: true,
10-23 15:52:40.069 32480  8539 I ReactNativeJS:   hasPickup: true,
10-23 15:52:40.069 32480  8539 I ReactNativeJS:   hasDestination: false,
10-23 15:52:40.069 32480  8539 I ReactNativeJS:   showDriversOnMap: true,
10-23 15:52:40.069 32480  8539 I ReactNativeJS:   timestamp: '2025-10-23T10:22:40.069Z' }
10-23 15:52:40.069 32480  8539 I ReactNativeJS: 🔥🔥🔥 [SIMPLE-MAP-V2] NEW CODE IS LOADED - VERSION 2.0 🔥🔥🔥
10-23 15:52:40.069 32480  8539 I ReactNativeJS: 🗺️ [SIMPLE-MAP] ===== RENDERING MAP =====
10-23 15:52:40.070 32480  8539 I ReactNativeJS: '🗺️ [SIMPLE-MAP] Props received:', { hasUserLocation: true,
10-23 15:52:40.070 32480  8539 I ReactNativeJS:   hasPickupLocation: true,
10-23 15:52:40.070 32480  8539 I ReactNativeJS:   hasDestinationLocation: false,
10-23 15:52:40.070 32480  8539 I ReactNativeJS:   showCenteredPin: true,
10-23 15:52:40.070 32480  8539 I ReactNativeJS:   userLocation: { latitude: 12.7486666, longitude: 77.8299906 },
10-23 15:52:40.070 32480  8539 I ReactNativeJS:   pickupLocation: { latitude: 12.7486666, longitude: 77.8299906 },
10-23 15:52:40.070 32480  8539 I ReactNativeJS:   destinationLocation: null,
10-23 15:52:40.070 32480  8539 I ReactNativeJS:   availableDriversCount: 0,
10-23 15:52:40.070 32480  8539 I ReactNativeJS:   showDrivers: true }
10-23 15:52:40.070 32480  8539 I ReactNativeJS: '🟢🟢🟢 [V3] RENDERING ULTRA-VISIBLE PICKUP MARKER at:', { latitude: 12.7486666, longitude: 77.8299906 }
10-23 15:52:40.078 32480  8539 I ReactNativeJS: ✅ [GPS] Live GPS tracking started successfully
10-23 15:52:40.078 32480  8539 I ReactNativeJS: '📍 [GPS] Live location update:', { lat: '12.748675', lng: '77.829989', accuracy: '2.10m' }
10-23 15:52:40.079 32480  8539 I ReactNativeJS: 🗺️ [MAP] Smoothly animating to user location
10-23 15:52:40.079 32480  8539 W ReactNativeJS: 🏠 [HOME] ===== RENDERING HOME SCREEN =====
10-23 15:52:40.080 32480  8539 W ReactNativeJS: '🏠 [HOME] currentLocation:', '{"altitude":771.7999877929688,"heading":0,"altitudeAccuracy":1.1814720630645752,"latitude":12.7486751,"speed":0.0001163746346719563,"longitude":77.8299887,"accuracy":2.0999999046325684}'
10-23 15:52:40.080 32480  8539 W ReactNativeJS: '🏠 [HOME] pickupCoords:', '{"latitude":12.7486666,"longitude":77.8299906}'
10-23 15:52:40.080 32480  8539 W ReactNativeJS: '🏠 [HOME] destinationCoords:', 'null'
10-23 15:52:40.080 32480  8539 W ReactNativeJS: '🏠 [HOME] pickupLocation text:', 'PRXJ+F32, Brindavan Nagar, Plot 87, NGGO\'s Colony, Anand Nagar, Hosur, Tamil Nadu 635109, India'
10-23 15:52:40.080 32480  8539 W ReactNativeJS: '🏠 [HOME] availableDrivers count:', 0
10-23 15:52:40.080 32480  8539 W ReactNativeJS: '🏠 [HOME] showDriversOnMap:', true
10-23 15:52:40.080 32480  8539 I ReactNativeJS: '🏠🏠🏠 [HOME-V2] ABOUT TO RENDER SimpleHosurMap with props:', { hasUserLocation: true,
10-23 15:52:40.080 32480  8539 I ReactNativeJS:   hasPickup: true,
10-23 15:52:40.080 32480  8539 I ReactNativeJS:   hasDestination: false,
10-23 15:52:40.080 32480  8539 I ReactNativeJS:   showDriversOnMap: true,
10-23 15:52:40.080 32480  8539 I ReactNativeJS:   timestamp: '2025-10-23T10:22:40.080Z' }
10-23 15:52:40.080 32480  8539 I ReactNativeJS: 🔥🔥🔥 [SIMPLE-MAP-V2] NEW CODE IS LOADED - VERSION 2.0 🔥🔥🔥
10-23 15:52:40.080 32480  8539 I ReactNativeJS: 🗺️ [SIMPLE-MAP] ===== RENDERING MAP =====
10-23 15:52:40.081 32480  8539 I ReactNativeJS: '🗺️ [SIMPLE-MAP] Props received:', { hasUserLocation: true,
10-23 15:52:40.081 32480  8539 I ReactNativeJS:   hasPickupLocation: true,
10-23 15:52:40.081 32480  8539 I ReactNativeJS:   hasDestinationLocation: false,
10-23 15:52:40.081 32480  8539 I ReactNativeJS:   showCenteredPin: true,
10-23 15:52:40.081 32480  8539 I ReactNativeJS:   userLocation: { latitude: 12.7486751, longitude: 77.8299887 },
10-23 15:52:40.081 32480  8539 I ReactNativeJS:   pickupLocation: { latitude: 12.7486666, longitude: 77.8299906 },
10-23 15:52:40.081 32480  8539 I ReactNativeJS:   destinationLocation: null,
10-23 15:52:40.081 32480  8539 I ReactNativeJS:   availableDriversCount: 0,
10-23 15:52:40.081 32480  8539 I ReactNativeJS:   showDrivers: true }
10-23 15:52:40.081 32480  8539 I ReactNativeJS: '🟢🟢🟢 [V3] RENDERING ULTRA-VISIBLE PICKUP MARKER at:', { latitude: 12.7486666, longitude: 77.8299906 }
10-23 15:52:40.088 32480  8539 I ReactNativeJS: 🗺️ [MAP] Smoothly animating to user location
10-23 15:52:40.088 32480  8539 I ReactNativeJS: 🚗 [HOME] ===== STARTING IMMEDIATE DRIVER DISPLAY =====
10-23 15:52:40.088 32480  8539 I ReactNativeJS: 🚗 [HOME] Current location available, showing drivers immediately
10-23 15:52:40.088 32480  8539 I ReactNativeJS: '🚗 [HOME] Location details:', { latitude: 12.7486751,
10-23 15:52:40.088 32480  8539 I ReactNativeJS:   longitude: 77.8299887,
10-23 15:52:40.088 32480  8539 I ReactNativeJS:   accuracy: 2.0999999046325684 }
10-23 15:52:40.088 32480  8539 I ReactNativeJS: 🚗 [HOME] Showing ALL vehicle types (no filter applied)
10-23 15:52:40.088 32480  8539 I ReactNativeJS: '🚗 [HOME] Should show drivers on map:', true
10-23 15:52:40.088 32480  8539 I ReactNativeJS: '🔄 [HOME] Starting driver location polling with:', { currentLocation: { latitude: 12.7486751, longitude: 77.8299887 },
10-23 15:52:40.088 32480  8539 I ReactNativeJS:   vehicleType: 'sedan',
10-23 15:52:40.088 32480  8539 I ReactNativeJS:   radius: 10 }
10-23 15:52:40.088 32480  8539 I ReactNativeJS: 🛑 [HOME] Stopping driver location polling
10-23 15:52:40.088 32480  8539 I ReactNativeJS: 🛑 [DRIVER-SERVICE] Stopped driver location polling
10-23 15:52:40.088 32480  8539 I ReactNativeJS: '🔄 [DRIVER-SERVICE] Starting driver location polling every', 10, 'seconds'
10-23 15:52:40.088 32480  8539 I ReactNativeJS: '🔄 [DRIVER-SERVICE] Polling parameters:', { customerLocation: { lat: 12.7486751, lng: 77.8299887 },
10-23 15:52:40.088 32480  8539 I ReactNativeJS:   vehicleType: 'all',
10-23 15:52:40.088 32480  8539 I ReactNativeJS:   interval: '10000ms' }
10-23 15:52:40.089 32480  8539 I ReactNativeJS: '🗺️ [DRIVER-SERVICE] Fetching available drivers via edge function:', { location: { lat: 12.7486751, lng: 77.8299887 },
10-23 15:52:40.089 32480  8539 I ReactNativeJS:   radius: '10km',
10-23 15:52:40.089 32480  8539 I ReactNativeJS:   vehicleType: 'all',
10-23 15:52:40.089 32480  8539 I ReactNativeJS:   timestamp: '2025-10-23T10:22:40.089Z' }
10-23 15:52:40.089 32480  8539 I ReactNativeJS: '🌐 [DRIVER-SERVICE] Constructed Edge Function URL:', 'https://whubaypabojomdyfqxcf.supabase.co/functions/v1/get-drivers-with-locations?lat=12.7486751&lng=77.8299887&radius=10'
10-23 15:52:40.141 32480  8539 W ReactNativeJS: '⚠️ [DRIVER-SERVICE] Edge function failed, using direct database access:', 'Edge function failed: 500 - {"code":"WORKER_ERROR","message":"Function exited due to an error (please check logs)"}'
10-23 15:52:40.141 32480  8539 I ReactNativeJS: 🔍 [DRIVER-SERVICE] ===== USING DIRECT DATABASE ACCESS =====
10-23 15:52:40.141 32480  8539 I ReactNativeJS: '🔍 [DRIVER-SERVICE] Parameters:', { customerLocation: { lat: 12.7486666, lng: 77.8299906 },
10-23 15:52:40.141 32480  8539 I ReactNativeJS:   radius: '10km',
10-23 15:52:40.141 32480  8539 I ReactNativeJS:   vehicleType: 'all' }
10-23 15:52:40.141 32480  8539 I ReactNativeJS: 📊 [DRIVER-SERVICE] Step 1: Fetching online verified drivers...
10-23 15:52:40.233 32480  8539 W ReactNativeJS: '⚠️ [DRIVER-SERVICE] Edge function failed, using direct database access:', 'Edge function failed: 500 - {"code":"WORKER_ERROR","message":"Function exited due to an error (please check logs)"}'
10-23 15:52:40.233 32480  8539 I ReactNativeJS: 🔍 [DRIVER-SERVICE] ===== USING DIRECT DATABASE ACCESS =====
10-23 15:52:40.233 32480  8539 I ReactNativeJS: '🔍 [DRIVER-SERVICE] Parameters:', { customerLocation: { lat: 12.7486666, lng: 77.8299906 },
10-23 15:52:40.233 32480  8539 I ReactNativeJS:   radius: '10km',
10-23 15:52:40.233 32480  8539 I ReactNativeJS:   vehicleType: 'all' }
10-23 15:52:40.233 32480  8539 I ReactNativeJS: 📊 [DRIVER-SERVICE] Step 1: Fetching online verified drivers...
10-23 15:52:40.283 32480 13495 W ProxyAndroidLoggerBackend: Too many Flogger logs received before configuration. Dropping old logs.
10-23 15:52:40.372 32480 13500 W ProxyAndroidLoggerBackend: Too many Flogger logs received before configuration. Dropping old logs.
10-23 15:52:40.372 32480 13500 W ProxyAndroidLoggerBackend: Too many Flogger logs received before configuration. Dropping old logs.
10-23 15:52:40.383 32480  8539 I ReactNativeJS: '📊 [DRIVER-SERVICE] Found drivers:', { total: 21,
10-23 15:52:40.383 32480  8539 I ReactNativeJS:   details: 
10-23 15:52:40.383 32480  8539 I ReactNativeJS:    [ { id: '22480cc3-665c-407e-ad8a-8eafde67706b',
10-23 15:52:40.383 32480  8539 I ReactNativeJS:        user_id: '16011178-decf-4de3-beae-94ca46ce9258',
10-23 15:52:40.383 32480  8539 I ReactNativeJS:        name: undefined,
10-23 15:52:40.383 32480  8539 I ReactNativeJS:        vehicle_type: 'hatchback',
10-23 15:52:40.383 32480  8539 I ReactNativeJS:        status: 'online',
10-23 15:52:40.383 32480  8539 I ReactNativeJS:        verified: true },
10-23 15:52:40.383 32480  8539 I ReactNativeJS:      { id: '76b66a88-dff9-4965-9e36-8a92023f155d',
10-23 15:52:40.383 32480  8539 I ReactNativeJS:        user_id: 'ae53a792-6aed-4186-823d-61c34c6defe2',
10-23 15:52:40.383 32480  8539 I ReactNativeJS:        name: undefined,
10-23 15:52:40.383 32480  8539 I ReactNativeJS:        vehicle_type: 'sedan',
10-23 15:52:40.383 32480  8539 I ReactNativeJS:        status: 'online',
10-23 15:52:40.383 32480  8539 I ReactNativeJS:        verified: true },
10-23 15:52:40.383 32480  8539 I ReactNativeJS:      { id: '6f55e87b-6558-48df-af8c-d69190918b32',
10-23 15:52:40.383 32480  8539 I ReactNativeJS:        user_id: 'e6145579-4f5a-439f-b929-fa478580c049',
10-23 15:52:40.383 32480  8539 I ReactNativeJS:        name: undefined,
10-23 15:52:40.383 32480  8539 I ReactNativeJS:        vehicle_type: 'hatchback',
10-23 15:52:40.383 32480  8539 I ReactNativeJS:        status: 'online',
10-23 15:52:40.383 32480  8539 I ReactNativeJS:        verified: true },
10-23 15:52:40.383 32480  8539 I ReactNativeJS:      { id: '97a4ba58-9431-48e5-ac8f-3472b8357179',
10-23 15:52:40.383 32480  8539 I ReactNativeJS:        user_id: '5d6651c8-2e3f-44e7-b4a1-0056c1d5315b',
10-23 15:52:40.383 32480  8539 I ReactNativeJS:        name: undefined,
10-23 15:52:40.383 32480  8539 I ReactNativeJS:        vehicle_type: 'sedan_ac',
10-23 15:52:40.383 32480  8539 I ReactNativeJS:        status: 'online',
10-23 15:52:40.383 32480  8539 I ReactNativeJS:        verified: true },
10-23 15:52:40.383 32480  8539 I ReactNativeJS:      { id: 'c568b21d-0975-4388-a9fb-cc00013b6d4f',
10-23 15:52:40.383 32480  8539 I ReactNativeJS:        user_id: '6150ee57-77e5-45f7-b6c7-a586f22f2af8',
10-23 15:52:40.383 32480  8539 I ReactNativeJS:        name: undefined,
10-23 15:52:40.383 32480  8539 I ReactNativeJS:        vehicle_type: 'sedan',
10-23 15:52:40.383 32480  8539 I ReactNativeJS:        status: 'online',
10-23 15:52:40.383 32480  8539 I ReactNativeJS:        verified: true },
10-23 15:52:40.383 32480  8539 I ReactNativeJS:      { id: '7055c2f9-99fa-4d96-bc6c-079b5cda6f56',
10-23 15:52:40.383 32480  8539 I ReactNativeJS:        user_id: 'dc475d27-6167-4695-a014-dcb8d160b4c6',
10-23 15:52:40.383 32480  8539 I ReactNativeJS:        name: undefined,
10-23 15:52:40.383 32480  8539 I ReactNativeJS:        vehicle_type: 'hatchback',
10-23 15:52:40.383 32480  8539 I ReactNativeJS:        status: 'online',
10-23 15:52:40.383 32480  8539 I ReactNativeJS:        verified: true },
10-23 15:52:40.383 32480  8539 I ReactNativeJS:      { id: '770e8400-e29b-41d4-a716-446655440001',
10-23 15:52:40.383 32480  8539 I ReactNativeJS:        user_id: '550e8400-e29b-41d4-a716-446655440001',
10-23 15:52:40.383 32480  8539 I ReactNativeJS:        name: undefined,
10-23 15:52:40.383 32480  8539 I ReactNativeJS:        vehicle_type: 'hatchback',
10-23 15:52:40.383 32480  8539 I ReactNativeJS:        status: 'online',
10-23 15:52:40.383 32480  8539 I ReactNativeJS:        verified: true },
10-23 15:52:40.383 32480  8539 I ReactNativeJS:      { id: '770e8400-e29b-41d4-a716-446655440002',
10-23 15:52:40.383 32480  8539 I ReactNativeJS:        user_id: '550e8400-e29b-41d4-a716-446655440002',
10-23 15:52:40.383 32480  8539 I ReactNativeJS:        name: undefined,
10-23 15:52:40.383 32480  8539 I ReactNativeJS:        vehicle_type: 'sedan',
10-23 15:52:40.383 32480  8539 I ReactNativeJS:        status: 'online',
10-23 15:52:40.383 32480  8539 I ReactNativeJS:        verified: true },
10-23 15:52:40.383 32480  8539 I ReactNativeJS:      { id: '43d81d7d-e647-46cf-8599-11f63996b03e',
10-23 15:52:40.383 32480  8539 I ReactNativeJS:        user_id: '6c03a657-c3e4-466e-b49c-324c2d051ce9',
10-23 15:52:40.383 32480  8539 I ReactNativeJS:        name: undefined,
10-23 15:52:40.383 32480  8539 I ReactNativeJS:        vehicle_type: 'sedan_ac',
10-23 15:52:40.383 32480  8539 I ReactNativeJS:        status: 'online',
10-23 15:52:40.383 32480  8539 I ReactNativeJS:        verified: true },
10-23 15:52:40.383 32480  8539 I ReactNativeJS:      { id: '770e8400-e29b-41d4-a716-446655440003',
10-23 15:52:40.383 32480  8539 I ReactNativeJS:        user_id: '550e8400-e29b-41d4-a716-446655440003',
10-23 15:52:40.383 32480  8539 I ReactNativeJS:        name: undefined,
10-23 15:52:40.383 32480  8539 I ReactNativeJS:        vehicle_type: 'suv',
10-23 15:52:40.383 32480  8539 I ReactNativeJS:        status: 'online',
10-23 15:52:40.383 32480  8539 I ReactNativeJS:        verified: true },
10-23 15:52:40.383 32480  8539 I ReactNativeJS:      { id: '770e8400-e29b-41d4-a716-446655440004',
10-23 15:52:40.383 32480  8539 I ReactNativeJS:        user_id: '550e8400-e29b-41d4-a716-446655440004',
10-23 15:52:40.383 32480  8539 I ReactNativeJS:        name: undefined,
10-23 15:52:40.383 32480  8539 I ReactNativeJS:        vehicle_type: 'sedan',
10-23 15:52:40.383 32480  8539 I ReactNativeJS:        status: 'online',
10-23 15:52:40.383 32480  8539 I ReactNativeJS:        verified: true },
10-23 15:52:40.383 32480  8539 I ReactNativeJS:      { id: '770e8400-e29b-41d4-a716-446655440005',
10-23 15:52:40.383 32480  8539 I ReactNativeJS:        user_id: '550e8400-e29b-41d4-a716-446655440005',
10-23 15:52:40.383 32480  8539 I ReactNativeJS:        name: undefined,
10-23 15:52:40.383 32480  8539 I ReactNativeJS:        vehicle_type: 'hatchback',
10-23 15:52:40.383 32480  8539 I ReactNativeJS:        status: 'online',
10-23 15:52:40.383 32480  8539 I ReactNativeJS:        verified: true },
10-23 15:52:40.383 32480  8539 I ReactNativeJS:      { id: '489b94a7-777b-4e11-ba5c-17e0a3173737',
10-23 15:52:40.383 32480  8539 I ReactNativeJS:        user_id: '892d8e0d-7ca5-4dd8-9979-539f394538f2',
10-23 15:52:40.383 32480  8539 I ReactNativeJS:        name: undefined,
10-23 15:52:40.383 32480  8539 I ReactNativeJS:        vehicle_type: 'hatchback',
10-23 15:52:40.383 32480  8539 I ReactNativeJS:        status: 'online',
10-23 15:52:40.383 32480  8539 I ReactNativeJS:        verified: true },
10-23 15:52:40.383 32480  8539 I ReactNativeJS:      { id: 'd7b4a339-2ba5-45ed-a2ec-238548a8eab6',
10-23 15:52:40.383 32480  8539 I ReactNativeJS:        user_id: 'cb735787-e96d-4d1d-9975-c112e75dfabd',
10-23 15:52:40.383 32480  8539 I ReactNativeJS:        name: undefined,
10-23 15:52:40.383 32480  8539 I ReactNativeJS:        vehicle_type: 'hatchback_ac',
10-23 15:52:40.383 32480  8539 I ReactNativeJS:        status: 'online',
10-23 15:52:40.383 32480  8539 I ReactNativeJS:        verified: true },
10-23 15:52:40.383 32480  8539 I ReactNativeJS:      { id: 'eb91d7e5-e2f2-4021-a8c8-3739a3d4cae4',
10-23 15:52:40.383 32480  8539 I ReactNativeJS:        user_id: '1c4ac410-54d8-4b5e-960b-3afcbebd115d',
10-23 15:52:40.383 32480  8539 I ReactNativeJS:        name: undefined,
10-23 15:52:40.383 32480  8539 I ReactNativeJS:        vehicle_type: 'sedan',
10-23 15:52:40.383 32480  8539 I ReactNativeJS:        status: 'online',
10-23 15:52:40.383 32480  8539 I ReactNativeJS:        verified: true },
10-23 15:52:40.383 32480  8539 I ReactNativeJS:      { id: '38ee94d8-ac2d-450e-8084-0bef654546d7',
10-23 15:52:40.383 32480  8539 I ReactNativeJS:        user_id: 'fdd94862-18e4-49d4-b6c0-8b9f73c8ff8c',
10-23 15:52:40.383 32480  8539 I ReactNativeJS:        name: undefined,
10-23 15:52:40.383 32480  8539 I ReactNativeJS:        vehicle_type: 'sedan',
10-23 15:52:40.383 32480  8539 I ReactNativeJS:        status: 'online',
10-23 15:52:40.383 32480  8539 I ReactNativeJS:        verified: true },
10-23 15:52:40.383 32480  8539 I ReactNativeJS:      { id: 'b4613ecf-44b5-49ba-8613-f8993b6db1d6',
10-23 15:52:40.383 32480  8539 I ReactNativeJS:        user_id: '539b06c9-4e24-49a4-b307-3fb3f9dc39da',
10-23 15:52:40.383 32480  8539 I ReactNativeJS:        name: undefined,
10-23 15:52:40.383 32480  8539 I ReactNativeJS:        vehicle_type: 'sedan',
10-23 15:52:40.383 32480  8539 I ReactNativeJS:        status: 'online',
10-23 15:52:40.383 32480  8539 I ReactNativeJS:        verified: true },
10-23 15:52:40.383 32480  8539 I ReactNativeJS:      { id: '707e2d38-7346-4a2e-bddb-e1157475f786',
10-23 15:52:40.383 32480  8539 I ReactNativeJS:        user_id: 'ed59084b-f517-4da3-814c-a314cdd8b4c6',
10-23 15:52:40.383 32480  8539 I ReactNativeJS:        name: undefined,
10-23 15:52:40.383 32480  8539 I ReactNativeJS:        vehicle_type: 'sedan',
10-23 15:52:40.383 32480  8539 I ReactNativeJS:        status: 'online',
10-23 15:52:40.383 32480  8539 I ReactNativeJS:        verified: true },
10-23 15:52:40.383 32480  8539 I ReactNativeJS:      { id: '631f4ab4-c643-45a8-addd-541595b0fe86',
10-23 15:52:40.383 32480  8539 I ReactNativeJS:        user_id: 'b12c8a48-05b3-475a-b042-4810aee4e918',
10-23 15:52:40.383 32480  8539 I ReactNativeJS:        name: undefined,
10-23 15:52:40.383 32480  8539 I ReactNativeJS:        vehicle_type: 'suv',
10-23 15:52:40.383 32480  8539 I ReactNativeJS:        status: 'online',
10-23 15:52:40.383 32480  8539 I ReactNativeJS:        verified: true },
10-23 15:52:40.383 32480  8539 I ReactNativeJS:      { id: '0330d75a-67b0-4b12-b9b7-22a241af9c57',
10-23 15:52:40.383 32480  8539 I ReactNativeJS:        user_id: 'f5e495f1-75a4-4ce1-bb60-4adfc348b8fc',
10-23 15:52:40.383 32480  8539 I ReactNativeJS:        name: undefined,
10-23 15:52:40.383 32480  8539 I ReactNativeJS:        vehicle_type: 'sedan',
10-23 15:52:40.383 32480  8539 I ReactNativeJS:        status: 'online',
10-23 15:52:40.383 32480  8539 I ReactNativeJS:        verified: true },
10-23 15:52:40.383 32480  8539 I ReactNativeJS:      { id: '058f85df-35b3-4027-81a1-bd52a0df8e4a',
10-23 15:52:40.383 32480  8539 I ReactNativeJS:        user_id: '411ee301-8ffc-4874-86e9-37716951bc4d',
10-23 15:52:40.383 32480  8539 I ReactNativeJS:        name: undefined,
10-23 15:52:40.383 32480  8539 I ReactNativeJS:        vehicle_type: 'suv_ac',
10-23 15:52:40.383 32480  8539 I ReactNativeJS:        status: 'online',
10-23 15:52:40.383 32480  8539 I ReactNativeJS:        verified: true } ] }
10-23 15:52:40.384 32480  8539 I ReactNativeJS: '📍 [DRIVER-SERVICE] Step 2: Getting locations for user IDs:', [ '16011178-decf-4de3-beae-94ca46ce9258',
10-23 15:52:40.384 32480  8539 I ReactNativeJS:   'ae53a792-6aed-4186-823d-61c34c6defe2',
10-23 15:52:40.384 32480  8539 I ReactNativeJS:   'e6145579-4f5a-439f-b929-fa478580c049',
10-23 15:52:40.384 32480  8539 I ReactNativeJS:   '5d6651c8-2e3f-44e7-b4a1-0056c1d5315b',
10-23 15:52:40.384 32480  8539 I ReactNativeJS:   '6150ee57-77e5-45f7-b6c7-a586f22f2af8',
10-23 15:52:40.384 32480  8539 I ReactNativeJS:   'dc475d27-6167-4695-a014-dcb8d160b4c6',
10-23 15:52:40.384 32480  8539 I ReactNativeJS:   '550e8400-e29b-41d4-a716-446655440001',
10-23 15:52:40.384 32480  8539 I ReactNativeJS:   '550e8400-e29b-41d4-a716-446655440002',
10-23 15:52:40.384 32480  8539 I ReactNativeJS:   '6c03a657-c3e4-466e-b49c-324c2d051ce9',
10-23 15:52:40.384 32480  8539 I ReactNativeJS:   '550e8400-e29b-41d4-a716-446655440003',
10-23 15:52:40.384 32480  8539 I ReactNativeJS:   '550e8400-e29b-41d4-a716-446655440004',
10-23 15:52:40.384 32480  8539 I ReactNativeJS:   '550e8400-e29b-41d4-a716-446655440005',
10-23 15:52:40.384 32480  8539 I ReactNativeJS:   '892d8e0d-7ca5-4dd8-9979-539f394538f2',
10-23 15:52:40.384 32480  8539 I ReactNativeJS:   'cb735787-e96d-4d1d-9975-c112e75dfabd',
10-23 15:52:40.384 32480  8539 I ReactNativeJS:   '1c4ac410-54d8-4b5e-960b-3afcbebd115d',
10-23 15:52:40.384 32480  8539 I ReactNativeJS:   'fdd94862-18e4-49d4-b6c0-8b9f73c8ff8c',
10-23 15:52:40.384 32480  8539 I ReactNativeJS:   '539b06c9-4e24-49a4-b307-3fb3f9dc39da',
10-23 15:52:40.384 32480  8539 I ReactNativeJS:   'ed59084b-f517-4da3-814c-a314cdd8b4c6',
10-23 15:52:40.384 32480  8539 I ReactNativeJS:   'b12c8a48-05b3-475a-b042-4810aee4e918',
10-23 15:52:40.384 32480  8539 I ReactNativeJS:   'f5e495f1-75a4-4ce1-bb60-4adfc348b8fc',
10-23 15:52:40.384 32480  8539 I ReactNativeJS:   '411ee301-8ffc-4874-86e9-37716951bc4d' ]
10-23 15:52:40.397 32480  8539 W ReactNativeJS: '⚠️ [DRIVER-SERVICE] Edge function failed, using direct database access:', 'Edge function failed: 500 - {"code":"WORKER_ERROR","message":"Function exited due to an error (please check logs)"}'
10-23 15:52:40.397 32480  8539 I ReactNativeJS: 🔍 [DRIVER-SERVICE] ===== USING DIRECT DATABASE ACCESS =====
10-23 15:52:40.397 32480  8539 I ReactNativeJS: '🔍 [DRIVER-SERVICE] Parameters:', { customerLocation: { lat: 12.7486751, lng: 77.8299887 },
10-23 15:52:40.397 32480  8539 I ReactNativeJS:   radius: '10km',
10-23 15:52:40.397 32480  8539 I ReactNativeJS:   vehicleType: 'all' }
10-23 15:52:40.398 32480  8539 I ReactNativeJS: 📊 [DRIVER-SERVICE] Step 1: Fetching online verified drivers...
10-23 15:52:40.459 32480  8539 I ReactNativeJS: '📊 [DRIVER-SERVICE] Found drivers:', { total: 21,
10-23 15:52:40.459 32480  8539 I ReactNativeJS:   details: 
10-23 15:52:40.459 32480  8539 I ReactNativeJS:    [ { id: '22480cc3-665c-407e-ad8a-8eafde67706b',
10-23 15:52:40.459 32480  8539 I ReactNativeJS:        user_id: '16011178-decf-4de3-beae-94ca46ce9258',
10-23 15:52:40.459 32480  8539 I ReactNativeJS:        name: undefined,
10-23 15:52:40.459 32480  8539 I ReactNativeJS:        vehicle_type: 'hatchback',
10-23 15:52:40.459 32480  8539 I ReactNativeJS:        status: 'online',
10-23 15:52:40.459 32480  8539 I ReactNativeJS:        verified: true },
10-23 15:52:40.459 32480  8539 I ReactNativeJS:      { id: '76b66a88-dff9-4965-9e36-8a92023f155d',
10-23 15:52:40.459 32480  8539 I ReactNativeJS:        user_id: 'ae53a792-6aed-4186-823d-61c34c6defe2',
10-23 15:52:40.459 32480  8539 I ReactNativeJS:        name: undefined,
10-23 15:52:40.459 32480  8539 I ReactNativeJS:        vehicle_type: 'sedan',
10-23 15:52:40.459 32480  8539 I ReactNativeJS:        status: 'online',
10-23 15:52:40.459 32480  8539 I ReactNativeJS:        verified: true },
10-23 15:52:40.459 32480  8539 I ReactNativeJS:      { id: '6f55e87b-6558-48df-af8c-d69190918b32',
10-23 15:52:40.459 32480  8539 I ReactNativeJS:        user_id: 'e6145579-4f5a-439f-b929-fa478580c049',
10-23 15:52:40.459 32480  8539 I ReactNativeJS:        name: undefined,
10-23 15:52:40.459 32480  8539 I ReactNativeJS:        vehicle_type: 'hatchback',
10-23 15:52:40.459 32480  8539 I ReactNativeJS:        status: 'online',
10-23 15:52:40.459 32480  8539 I ReactNativeJS:        verified: true },
10-23 15:52:40.459 32480  8539 I ReactNativeJS:      { id: '97a4ba58-9431-48e5-ac8f-3472b8357179',
10-23 15:52:40.459 32480  8539 I ReactNativeJS:        user_id: '5d6651c8-2e3f-44e7-b4a1-0056c1d5315b',
10-23 15:52:40.459 32480  8539 I ReactNativeJS:        name: undefined,
10-23 15:52:40.459 32480  8539 I ReactNativeJS:        vehicle_type: 'sedan_ac',
10-23 15:52:40.459 32480  8539 I ReactNativeJS:        status: 'online',
10-23 15:52:40.459 32480  8539 I ReactNativeJS:        verified: true },
10-23 15:52:40.459 32480  8539 I ReactNativeJS:      { id: 'c568b21d-0975-4388-a9fb-cc00013b6d4f',
10-23 15:52:40.459 32480  8539 I ReactNativeJS:        user_id: '6150ee57-77e5-45f7-b6c7-a586f22f2af8',
10-23 15:52:40.459 32480  8539 I ReactNativeJS:        name: undefined,
10-23 15:52:40.459 32480  8539 I ReactNativeJS:        vehicle_type: 'sedan',
10-23 15:52:40.459 32480  8539 I ReactNativeJS:        status: 'online',
10-23 15:52:40.459 32480  8539 I ReactNativeJS:        verified: true },
10-23 15:52:40.459 32480  8539 I ReactNativeJS:      { id: '7055c2f9-99fa-4d96-bc6c-079b5cda6f56',
10-23 15:52:40.459 32480  8539 I ReactNativeJS:        user_id: 'dc475d27-6167-4695-a014-dcb8d160b4c6',
10-23 15:52:40.459 32480  8539 I ReactNativeJS:        name: undefined,
10-23 15:52:40.459 32480  8539 I ReactNativeJS:        vehicle_type: 'hatchback',
10-23 15:52:40.459 32480  8539 I ReactNativeJS:        status: 'online',
10-23 15:52:40.459 32480  8539 I ReactNativeJS:        verified: true },
10-23 15:52:40.459 32480  8539 I ReactNativeJS:      { id: '770e8400-e29b-41d4-a716-446655440001',
10-23 15:52:40.459 32480  8539 I ReactNativeJS:        user_id: '550e8400-e29b-41d4-a716-446655440001',
10-23 15:52:40.459 32480  8539 I ReactNativeJS:        name: undefined,
10-23 15:52:40.459 32480  8539 I ReactNativeJS:        vehicle_type: 'hatchback',
10-23 15:52:40.459 32480  8539 I ReactNativeJS:        status: 'online',
10-23 15:52:40.459 32480  8539 I ReactNativeJS:        verified: true },
10-23 15:52:40.459 32480  8539 I ReactNativeJS:      { id: '770e8400-e29b-41d4-a716-446655440002',
10-23 15:52:40.459 32480  8539 I ReactNativeJS:        user_id: '550e8400-e29b-41d4-a716-446655440002',
10-23 15:52:40.459 32480  8539 I ReactNativeJS:        name: undefined,
10-23 15:52:40.459 32480  8539 I ReactNativeJS:        vehicle_type: 'sedan',
10-23 15:52:40.459 32480  8539 I ReactNativeJS:        status: 'online',
10-23 15:52:40.459 32480  8539 I ReactNativeJS:        verified: true },
10-23 15:52:40.459 32480  8539 I ReactNativeJS:      { id: '43d81d7d-e647-46cf-8599-11f63996b03e',
10-23 15:52:40.459 32480  8539 I ReactNativeJS:        user_id: '6c03a657-c3e4-466e-b49c-324c2d051ce9',
10-23 15:52:40.459 32480  8539 I ReactNativeJS:        name: undefined,
10-23 15:52:40.459 32480  8539 I ReactNativeJS:        vehicle_type: 'sedan_ac',
10-23 15:52:40.459 32480  8539 I ReactNativeJS:        status: 'online',
10-23 15:52:40.459 32480  8539 I ReactNativeJS:        verified: true },
10-23 15:52:40.459 32480  8539 I ReactNativeJS:      { id: '770e8400-e29b-41d4-a716-446655440003',
10-23 15:52:40.459 32480  8539 I ReactNativeJS:        user_id: '550e8400-e29b-41d4-a716-446655440003',
10-23 15:52:40.459 32480  8539 I ReactNativeJS:        name: undefined,
10-23 15:52:40.459 32480  8539 I ReactNativeJS:        vehicle_type: 'suv',
10-23 15:52:40.459 32480  8539 I ReactNativeJS:        status: 'online',
10-23 15:52:40.459 32480  8539 I ReactNativeJS:        verified: true },
10-23 15:52:40.459 32480  8539 I ReactNativeJS:      { id: '770e8400-e29b-41d4-a716-446655440004',
10-23 15:52:40.459 32480  8539 I ReactNativeJS:        user_id: '550e8400-e29b-41d4-a716-446655440004',
10-23 15:52:40.459 32480  8539 I ReactNativeJS:        name: undefined,
10-23 15:52:40.459 32480  8539 I ReactNativeJS:        vehicle_type: 'sedan',
10-23 15:52:40.459 32480  8539 I ReactNativeJS:        status: 'online',
10-23 15:52:40.459 32480  8539 I ReactNativeJS:        verified: true },
10-23 15:52:40.459 32480  8539 I ReactNativeJS:      { id: '770e8400-e29b-41d4-a716-446655440005',
10-23 15:52:40.459 32480  8539 I ReactNativeJS:        user_id: '550e8400-e29b-41d4-a716-446655440005',
10-23 15:52:40.459 32480  8539 I ReactNativeJS:        name: undefined,
10-23 15:52:40.459 32480  8539 I ReactNativeJS:        vehicle_type: 'hatchback',
10-23 15:52:40.459 32480  8539 I ReactNativeJS:        status: 'online',
10-23 15:52:40.459 32480  8539 I ReactNativeJS:        verified: true },
10-23 15:52:40.459 32480  8539 I ReactNativeJS:      { id: '489b94a7-777b-4e11-ba5c-17e0a3173737',
10-23 15:52:40.459 32480  8539 I ReactNativeJS:        user_id: '892d8e0d-7ca5-4dd8-9979-539f394538f2',
10-23 15:52:40.459 32480  8539 I ReactNativeJS:        name: undefined,
10-23 15:52:40.459 32480  8539 I ReactNativeJS:        vehicle_type: 'hatchback',
10-23 15:52:40.459 32480  8539 I ReactNativeJS:        status: 'online',
10-23 15:52:40.459 32480  8539 I ReactNativeJS:        verified: true },
10-23 15:52:40.459 32480  8539 I ReactNativeJS:      { id: 'd7b4a339-2ba5-45ed-a2ec-238548a8eab6',
10-23 15:52:40.459 32480  8539 I ReactNativeJS:        user_id: 'cb735787-e96d-4d1d-9975-c112e75dfabd',
10-23 15:52:40.459 32480  8539 I ReactNativeJS:        name: undefined,
10-23 15:52:40.459 32480  8539 I ReactNativeJS:        vehicle_type: 'hatchback_ac',
10-23 15:52:40.459 32480  8539 I ReactNativeJS:        status: 'online',
10-23 15:52:40.459 32480  8539 I ReactNativeJS:        verified: true },
10-23 15:52:40.459 32480  8539 I ReactNativeJS:      { id: 'eb91d7e5-e2f2-4021-a8c8-3739a3d4cae4',
10-23 15:52:40.459 32480  8539 I ReactNativeJS:        user_id: '1c4ac410-54d8-4b5e-960b-3afcbebd115d',
10-23 15:52:40.459 32480  8539 I ReactNativeJS:        name: undefined,
10-23 15:52:40.459 32480  8539 I ReactNativeJS:        vehicle_type: 'sedan',
10-23 15:52:40.459 32480  8539 I ReactNativeJS:        status: 'online',
10-23 15:52:40.459 32480  8539 I ReactNativeJS:        verified: true },
10-23 15:52:40.459 32480  8539 I ReactNativeJS:      { id: '38ee94d8-ac2d-450e-8084-0bef654546d7',
10-23 15:52:40.459 32480  8539 I ReactNativeJS:        user_id: 'fdd94862-18e4-49d4-b6c0-8b9f73c8ff8c',
10-23 15:52:40.459 32480  8539 I ReactNativeJS:        name: undefined,
10-23 15:52:40.459 32480  8539 I ReactNativeJS:        vehicle_type: 'sedan',
10-23 15:52:40.459 32480  8539 I ReactNativeJS:        status: 'online',
10-23 15:52:40.459 32480  8539 I ReactNativeJS:        verified: true },
10-23 15:52:40.459 32480  8539 I ReactNativeJS:      { id: 'b4613ecf-44b5-49ba-8613-f8993b6db1d6',
10-23 15:52:40.459 32480  8539 I ReactNativeJS:        user_id: '539b06c9-4e24-49a4-b307-3fb3f9dc39da',
10-23 15:52:40.459 32480  8539 I ReactNativeJS:        name: undefined,
10-23 15:52:40.459 32480  8539 I ReactNativeJS:        vehicle_type: 'sedan',
10-23 15:52:40.459 32480  8539 I ReactNativeJS:        status: 'online',
10-23 15:52:40.459 32480  8539 I ReactNativeJS:        verified: true },
10-23 15:52:40.459 32480  8539 I ReactNativeJS:      { id: '707e2d38-7346-4a2e-bddb-e1157475f786',
10-23 15:52:40.459 32480  8539 I ReactNativeJS:        user_id: 'ed59084b-f517-4da3-814c-a314cdd8b4c6',
10-23 15:52:40.459 32480  8539 I ReactNativeJS:        name: undefined,
10-23 15:52:40.459 32480  8539 I ReactNativeJS:        vehicle_type: 'sedan',
10-23 15:52:40.459 32480  8539 I ReactNativeJS:        status: 'online',
10-23 15:52:40.459 32480  8539 I ReactNativeJS:        verified: true },
10-23 15:52:40.459 32480  8539 I ReactNativeJS:      { id: '631f4ab4-c643-45a8-addd-541595b0fe86',
10-23 15:52:40.459 32480  8539 I ReactNativeJS:        user_id: 'b12c8a48-05b3-475a-b042-4810aee4e918',
10-23 15:52:40.459 32480  8539 I ReactNativeJS:        name: undefined,
10-23 15:52:40.459 32480  8539 I ReactNativeJS:        vehicle_type: 'suv',
10-23 15:52:40.459 32480  8539 I ReactNativeJS:        status: 'online',
10-23 15:52:40.459 32480  8539 I ReactNativeJS:        verified: true },
10-23 15:52:40.459 32480  8539 I ReactNativeJS:      { id: '0330d75a-67b0-4b12-b9b7-22a241af9c57',
10-23 15:52:40.459 32480  8539 I ReactNativeJS:        user_id: 'f5e495f1-75a4-4ce1-bb60-4adfc348b8fc',
10-23 15:52:40.459 32480  8539 I ReactNativeJS:        name: undefined,
10-23 15:52:40.459 32480  8539 I ReactNativeJS:        vehicle_type: 'sedan',
10-23 15:52:40.459 32480  8539 I ReactNativeJS:        status: 'online',
10-23 15:52:40.459 32480  8539 I ReactNativeJS:        verified: true },
10-23 15:52:40.459 32480  8539 I ReactNativeJS:      { id: '058f85df-35b3-4027-81a1-bd52a0df8e4a',
