--------- beginning of main
10-19 16:40:46.625 21104 21188 W Settings: Setting airplane_mode_on has moved from android.provider.Settings.System to android.provider.Settings.Global, returning read-only value.
10-19 16:40:46.631 21104 24471 W SystemServiceRegistry: No service published for: wifirtt
10-19 16:40:46.652 21104 21249 I WifiScanner: onFullResults
10-19 16:40:46.652 21104 21332 I WifiScanner: onFullResults
10-19 16:40:46.653 21104 22003 I WifiScanner: onFullResults
10-19 16:40:46.707 21104 23261 I FrewleTileCacheManagerV: (REDACTED) Fetched %d AP models from cache
10-19 16:40:46.753 21104 21184 I FusedLocation: (REDACTED) location delivery to %s blocked - too close
10-19 16:40:46.753 21104 21184 I FusedLocation: (REDACTED) location delivery to %s blocked - too fast
10-19 16:40:46.753 21104 21184 I FusedLocation: (REDACTED) location delivery to %s blocked - too close
10-19 16:40:46.755 21104 21184 I FusedLocation: (REDACTED) location delivery to %s blocked - too close
10-19 16:40:46.755 21104 21184 I FusedLocation: (REDACTED) location delivery to %s blocked - too fast
10-19 16:40:46.755 21104 21184 I FusedLocation: (REDACTED) location delivery to %s blocked - too fast
10-19 16:40:46.757 21104 21184 I fznc    : Received empty WiFi-RTT scan. [CONTEXT service_id=6 ]
10-19 16:40:48.428  5589  5589 I GoogleInputMethodService: GoogleInputMethodService.onFinishInput():2085 
10-19 16:40:48.430  5589  5589 I Module  : DeviceLockedStatusModuleProvider$Module.updateDeviceLockedStatus():100 repeatCheckTimes = 0, locked = false
10-19 16:40:48.431  5589  5589 I GoogleInputMethodService: GoogleInputMethodService.onStartInput():1346 onStartInput(EditorInfo{EditorInfo{packageName=com.a1taxi.driverpro, inputType=0, inputTypeString=NULL, enableLearning=false, autoCorrection=false, autoComplete=false, imeOptions=0, privateImeOptions=null, actionName=UNSPECIFIED, actionLabel=null, initialSelStart=-1, initialSelEnd=-1, initialCapsMode=0, label=null, fieldId=0, fieldName=null, extras=null, hintText=null, hintLocales=[]}}, false)
10-19 16:40:48.433  5589  5589 I Module  : DeviceLockedStatusModuleProvider$Module.updateDeviceLockedStatus():100 repeatCheckTimes = 1, locked = false
10-19 16:40:48.838  5589  5589 I VoiceInputManagerWrapper: VoiceInputManagerWrapper.shutdownVoiceInternal():148 shutdownVoiceInternal()
10-19 16:40:48.839  5589  5589 W NotificationCenter: NotificationCenter.unregisterListener():480 Listener hxw@a3594cd was not registered for notification class nhu
10-19 16:40:49.504 21104 21184 I FusedLocation: (REDACTED) location delivery to %s blocked - too close
10-19 16:40:49.505 21104 21184 I FusedLocation: (REDACTED) location delivery to %s blocked - too fast
10-19 16:40:49.505 21104 21184 I FusedLocation: (REDACTED) location delivery to %s blocked - too close
10-19 16:40:49.509 21104 21184 I FusedLocation: (REDACTED) location delivery to %s blocked - too close
10-19 16:40:49.512 21104 21184 I FusedLocation: (REDACTED) location delivery to %s blocked - too fast
10-19 16:40:50.663 16032 16032 I Choreographer: Skipped 5874 frames!  The application may be doing too much work on its main thread.
10-19 16:40:50.672 16032 16403 E msys    : E[N MQTT]readErr(151)=>TCPStreamTransport readErr
10-19 16:40:50.672 16032 16403 E msys    : E[N MQTT]onReadError(657)=>Read Error: AsyncSocketException: recv() failed (peer=[2a03:2880:f33d:90:face:b00c:0:8e]:443), type = Internal error, errno = 103 (Software caused connection abort)
10-19 16:40:50.677 16032 27199 E msys    : E[N mccw.liger]onReadError(732)=>read/error - ex: AsyncSocketException: recv() failed (peer=[2a03:2880:f33d:24:face:b00c:0:6e2e]:5222), type = Internal error, errno = 103 (Software caused connection abort), errno: 103
10-19 16:40:50.679 14485 14485 I bnlz    : onStart
10-19 16:40:50.680 14485 14485 I bldh    : (REDACTED) [%s] onStart()
10-19 16:40:50.680 14485 14485 I blfn    : Reloading theme data
10-19 16:40:50.681 14485 14485 I bnlz    : onResume
10-19 16:40:50.682 16032 16309 E MvfstCallbacks.cpp: readError: streamid=3; error=LocalError: Idle timeout, Idle timeout: 35 seconds
10-19 16:40:50.689 16032 16402 E msys    : E[N WA]_WCCXMPPStreamDisconnectHandler(326)=>xmpp/disconnect - WCIStreamStateErrorCode: 2, domain: WCIStreamState, subdomain: MCCWLigerStream: Error Domain=WCIStreamState Code=2 UserInfo=0xb40000762013e970 {MCFErrorDirectUnderlyingErrorKey=0xb4000076602d1750 "Error Domain=MCCWLigerStream Code=2 UserInfo=0xb40000762097af80 {MCFErrorDirectLocalizedFailureReasonKey=AsyncSocketException: recv() failed (peer=[2a03:2880:f33d:24:face:b00c:0:6e2e]:5222), type = Internal error, errno = 103 (Software caused connection abort)}"}
10-19 16:40:50.689 16032 16402 E msys    : E[N WA]_WCCConnectionDefaultLifecycleEventHandler(2067)=>[INFO] connection/xmpp/lifecycle_event/not-connected, [53.5037s]
10-19 16:40:50.689 16032 16402 E msys    : E[N WA]_WCCXMPPStreamDoDisconnect(1147)=>xmpp/disconnect - flags: 256
10-19 16:40:50.689 16032 16402 E msys    : E[N WA]_WCCConnectionDefaultDisconnectHandler(2166)=>connection/disconnected, peer reset
10-19 16:40:50.689 16032 16402 E msys    : E[N WA]_WCCConnectionDefaultEmitStateChange(3041)=>[INFO] connection/new_state/not-connected [connection_id=616565452, wcc_source=1, wcc_reason=18]
10-19 16:40:50.694 16032 16402 E msys    : E[C 1]MCCLogErrorWithTraceOrQPL(278)=>8/374/3970/65536
10-19 16:40:50.697 16032 16402 E msys    : E[C 1]MCCLogErrorWithTraceOrQPL(278)=>8/374/3972/18
10-19 16:40:50.697 16032 16402 E msys    : E[C mem.context]_LogConnectFailure(4959)=>Establishing connection failure reason and flags: disconnect/Doze/-1/reason/18/flags/65536/[-, -, -, -, -, -, -, -, -, peer_reset, -]
10-19 16:40:50.698 16032 16402 E msys    : E[C mem.context]_LogConnectFailure(4991)=>[Happy Eyeball] Connect failed with source=1, winner stream ip=2a03:2880:f33d:24:face:b00c:0:6e2e, port=5222, dnsResolutionMethod=1, combined_ip_addresses=2a03:2880:f33d:24:face:b00c:0:6e2e, 57.144.122.36
10-19 16:40:50.700 16032 16402 E msys    : E[N WA]_WCCConnectionDefaultDisconnectHandler(2191)=>[INFO] connection/disconnected/[did-connect, did-read-bytes]
10-19 16:40:50.706 16032 16402 E msys    : E[N WA]_WCCConnectionDefaultEmitStateChange(3041)=>[INFO] connection/new_state/connecting [connection_id=616565453, wcc_source=1, wcc_reason=18]
10-19 16:40:50.707 16032 16032 E SlowAppComponent: 0ms: HeartbeatJobService instantiating…
10-19 16:40:50.707 16032 16032 E SlowAppComponent: Main thread was blocked for 21ms in the background starting with HeartbeatJobService
10-19 16:40:50.726 16032 16309 E MvfstCallbacks.cpp: readError: streamid=7; error=LocalError: Idle timeout, Idle timeout: 35 seconds
10-19 16:40:50.726 16032 16309 E MvfstCallbacks.cpp: readError: streamid=11; error=LocalError: Idle timeout, Idle timeout: 35 seconds
10-19 16:40:50.726 16032 16309 E MvfstCallbacks.cpp: readError: streamid=0; error=LocalError: Idle timeout, Idle timeout: 35 seconds
10-19 16:40:50.726 16032 16309 E MvfstCallbacks.cpp: readError: streamid=8; error=LocalError: Idle timeout, Idle timeout: 35 seconds
10-19 16:40:50.727 16032 16309 E MvfstCallbacks.cpp: onConnectionError: error=LocalError: Idle timeout, Idle timeout: 35 seconds
10-19 16:40:50.727  5589  5589 I GoogleInputMethodService: GoogleInputMethodService.onFinishInput():2085 
10-19 16:40:50.728  5589  5589 I Module  : DeviceLockedStatusModuleProvider$Module.updateDeviceLockedStatus():100 repeatCheckTimes = 0, locked = false
10-19 16:40:50.728  5589  5589 I GoogleInputMethodService: GoogleInputMethodService.onStartInput():1346 onStartInput(EditorInfo{EditorInfo{packageName=com.android.launcher3, inputType=0, inputTypeString=NULL, enableLearning=false, autoCorrection=false, autoComplete=false, imeOptions=0, privateImeOptions=null, actionName=UNSPECIFIED, actionLabel=null, initialSelStart=-1, initialSelEnd=-1, initialCapsMode=0, label=null, fieldId=0, fieldName=null, extras=null, hintText=null, hintLocales=[]}}, false)
10-19 16:40:50.729  5589  5589 I Module  : DeviceLockedStatusModuleProvider$Module.updateDeviceLockedStatus():100 repeatCheckTimes = 1, locked = false
10-19 16:40:50.731 16032 16309 E MvfstCallbacks.cpp: writeChain error: Connection closed
10-19 16:40:50.731 16032 16309 E MvfstCallbacks.cpp: writeChain error: Connection closed
10-19 16:40:50.732 16032 16282 W RealtimeClientManager: Channel state: MqttChannelState{mConnectionState=DISCONNECTED, mDisconnectionReason=null, mLastConnectionMs=1316366600, mLastDisconnectMs=1316420095}
10-19 16:40:50.776 16032 16237 E MQTTBypassDGWStreamGroupCallbacks.cpp: onStreamGroupError TransientError domain: MNSQUICConnection code: 1 detail: Idle timeout: 35 seconds
10-19 16:40:50.777 16032 16237 W MQTTBypassDGWStreamGroupConnection.cpp: Restarting due to reason: StreamError
10-19 16:40:50.784 16032 16309 E msys    : E[N mns]_OnDiskCacheGetData(632)=>Start post callback cache refresh DNS resolution
10-19 16:40:50.785 16032 16282 W RealtimeClientManager: Channel state: MqttChannelState{mConnectionState=CONNECTING, mDisconnectionReason=null, mLastConnectionMs=1316366600, mLastDisconnectMs=1316420095}
10-19 16:40:50.787 16032 16309 W LibevQuicAsyncUDPSocket.h: setTosOrTrafficClass not implemented in LibevQuicAsyncUDPSocket
10-19 16:40:50.790 16032 16402 E msys    : E[N WA]_WCCConnectionDefaultDoConnectWithAuthKeys(1491)=>[INFO] connection/connect/start/[host=z-p42-chat-e2ee-ig.facebook.com port=5222]/[163.70.144.175:5222]
10-19 16:40:50.790 16032 16402 E msys    : E[N WA]_WCCConnectionDefaultLifecycleEventHandler(2059)=>[INFO] connection/xmpp/lifecycle_event/will-connect
10-19 16:40:50.814 16032 16309 E msys    : E[N mns]_OnSystemDNSSuccessCallback(340)=>Cache refresh succeeded with system DNS resolver. IP count: 2
10-19 16:40:50.842 16032 16282 W RealtimeClientManager: Channel state: MqttChannelState{mConnectionState=CONNECTED, mDisconnectionReason=null, mLastConnectionMs=1316366600, mLastDisconnectMs=1316420095}
10-19 16:40:50.843 16032 16402 E msys    : E[N WA]_WCCConnectionDefaultLifecycleEventHandler(2067)=>[INFO] connection/xmpp/lifecycle_event/did-connect, [0.0523s]
10-19 16:40:50.848 16032 16402 E msys    : E[N WA]_WCCConnectionDefaultLifecycleEventHandler(2067)=>[INFO] connection/xmpp/lifecycle_event/did-send-initial-payload, [0.0050s]
10-19 16:40:51.125 16032 16282 W RealtimeClientManager: Channel state: MqttChannelState{mConnectionState=CONNECTED_AND_ACKED, mDisconnectionReason=null, mLastConnectionMs=1316420489, mLastDisconnectMs=1316420095}
10-19 16:40:51.412 16032 16402 E msys    : E[N WA]_WCCConnectionDefaultLifecycleEventHandler(2067)=>[INFO] connection/xmpp/lifecycle_event/will-handshake, [0.5642s]
10-19 16:40:51.415 16032 16402 E msys    : E[N WA]_WCCConnectionDefaultLifecycleEventHandler(2067)=>[INFO] connection/xmpp/lifecycle_event/did-handshake, [0.0020s]
10-19 16:40:51.421 16032 16402 E msys    : E[N WA]_WCCConnectionDefaultReceiveHandler(2220)=>[INFO] connection/receive/login-success
10-19 16:40:51.421 16032 16402 E msys    : E[N WA]_WCCConnectionDefaultEmitStateChange(3041)=>[INFO] connection/new_state/connected [connection_id=616565453, wcc_source=1, wcc_reason=18]
10-19 16:40:51.541 16032 16047 E stagram.android: [SurfaceTexture-0-16032-70] setSurfaceTextureListener: listener is nullptr
10-19 16:40:51.653 21104 21188 W Settings: Setting airplane_mode_on has moved from android.provider.Settings.System to android.provider.Settings.Global, returning read-only value.
10-19 16:40:51.658 21104 24471 W SystemServiceRegistry: No service published for: wifirtt
10-19 16:40:52.375 21104 22225 I WifiScanner: onFullResults
10-19 16:40:52.375 21104 22224 I WifiScanner: onFullResults
10-19 16:40:52.375 21104 22003 I WifiScanner: onFullResults
10-19 16:40:52.382 21104 23261 I FrewleTileCacheManagerV: (REDACTED) Fetched %d AP models from cache
10-19 16:40:52.398 20641 20641 I Choreographer: Skipped 1095 frames!  The application may be doing too much work on its main thread.
10-19 16:40:52.424 20641 22493 I ReactNativeJS: '📡 [GPS-TRACKING] Subscription status:', 'CHANNEL_ERROR'
10-19 16:40:52.424 20641 22493 E ReactNativeJS: ❌ [GPS-TRACKING] Channel error occurred
10-19 16:40:52.440 20641 22494 E unknown:ReactNative: console.error: ❌ [GPS-TRACKING] Channel error occurred, js engine: hermes, stack:
10-19 16:40:52.440 20641 22494 E unknown:ReactNative: _construct@1:175995
10-19 16:40:52.440 20641 22494 E unknown:ReactNative: Wrapper@1:175649
10-19 16:40:52.440 20641 22494 E unknown:ReactNative: _callSuper@1:173480
10-19 16:40:52.440 20641 22494 E unknown:ReactNative: SyntheticError@1:175136
10-19 16:40:52.440 20641 22494 E unknown:ReactNative: reactConsoleErrorHandler@1:174747
10-19 16:40:52.440 20641 22494 E unknown:ReactNative: anonymous@1:2555938
10-19 16:40:52.440 20641 22494 E unknown:ReactNative: anonymous@1:2202823
10-19 16:40:52.440 20641 22494 E unknown:ReactNative: anonymous@1:2207898
10-19 16:40:52.440 20641 22494 E unknown:ReactNative: anonymous@1:2207323
10-19 16:40:52.440 20641 22494 E unknown:ReactNative: _trigger@1:2206596
10-19 16:40:52.440 20641 22494 E unknown:ReactNative: anonymous@1:2192484
10-19 16:40:52.440 20641 22494 E unknown:ReactNative: _triggerChanError@1:2192448
10-19 16:40:52.440 20641 22494 E unknown:ReactNative: _onConnError@1:2192404
10-19 16:40:52.440 20641 22494 E unknown:ReactNative: anonymous@1:2191506
10-19 16:40:52.440 20641 22494 E unknown:ReactNative: dispatchEvent@1:490839
10-19 16:40:52.440 20641 22494 E unknown:ReactNative: anonymous@1:508661
10-19 16:40:52.440 20641 22494 E unknown:ReactNative: emit@1:211630
10-19 16:40:52.440 20641 22494 E unknown:ReactNative: anonymous@1:210019
10-19 16:40:52.440 20641 22494 E unknown:ReactNative: emit@1:210313
10-19 16:40:52.440 20641 22494 E unknown:ReactNative: __callFunction@1:167128
10-19 16:40:52.440 20641 22494 E unknown:ReactNative: anonymous@1:165570
10-19 16:40:52.440 20641 22494 E unknown:ReactNative: __guard@1:166510
10-19 16:40:52.440 20641 22494 E unknown:ReactNative: callFunctionReturnFlushedQueue@1:165528
10-19 16:40:52.446 20641 22493 I ReactNativeJS: '🚗 [RIDES] Driver location received:', { latitude: 12.7287,
10-19 16:40:52.446 20641 22493 I ReactNativeJS:   longitude: 77.8092,
10-19 16:40:52.446 20641 22493 I ReactNativeJS:   heading: 45,
10-19 16:40:52.446 20641 22493 I ReactNativeJS:   timestamp: '2025-10-11T19:04:29.192807+00:00' }
10-19 16:40:52.451 20641 22493 I ReactNativeJS: '📡 [GPS-TRACKING] Subscription status:', 'CHANNEL_ERROR'
10-19 16:40:52.451 20641 22493 E ReactNativeJS: ❌ [GPS-TRACKING] Channel error occurred
10-19 16:40:52.452 20641 22493 I ReactNativeJS: '🚗 [RIDES] Driver location received:', { latitude: 12.7287,
10-19 16:40:52.452 20641 22493 I ReactNativeJS:   longitude: 77.8092,
10-19 16:40:52.452 20641 22493 I ReactNativeJS:   heading: 45,
10-19 16:40:52.452 20641 22493 I ReactNativeJS:   timestamp: '2025-10-11T19:04:29.192807+00:00' }
10-19 16:40:52.459 20641 22493 I ReactNativeJS: 🚨 [DEBUG] Driver location polling interval triggered
10-19 16:40:52.463 20641 22494 E unknown:ReactNative: console.error: ❌ [GPS-TRACKING] Channel error occurred, js engine: hermes, stack:
10-19 16:40:52.463 20641 22494 E unknown:ReactNative: _construct@1:175995
10-19 16:40:52.463 20641 22494 E unknown:ReactNative: Wrapper@1:175649
10-19 16:40:52.463 20641 22494 E unknown:ReactNative: _callSuper@1:173480
10-19 16:40:52.463 20641 22494 E unknown:ReactNative: SyntheticError@1:175136
10-19 16:40:52.463 20641 22494 E unknown:ReactNative: reactConsoleErrorHandler@1:174747
10-19 16:40:52.463 20641 22494 E unknown:ReactNative: anonymous@1:2555938
10-19 16:40:52.463 20641 22494 E unknown:ReactNative: anonymous@1:2202823
10-19 16:40:52.463 20641 22494 E unknown:ReactNative: anonymous@1:2207898
10-19 16:40:52.463 20641 22494 E unknown:ReactNative: anonymous@1:2207323
10-19 16:40:52.463 20641 22494 E unknown:ReactNative: _trigger@1:2206596
10-19 16:40:52.463 20641 22494 E unknown:ReactNative: anonymous@1:2192484
10-19 16:40:52.463 20641 22494 E unknown:ReactNative: _triggerChanError@1:2192448
10-19 16:40:52.463 20641 22494 E unknown:ReactNative: _onConnClose@1:2192268
10-19 16:40:52.463 20641 22494 E unknown:ReactNative: anonymous@1:2191552
10-19 16:40:52.463 20641 22494 E unknown:ReactNative: dispatchEvent@1:490839
10-19 16:40:52.463 20641 22494 E unknown:ReactNative: anonymous@1:508726
10-19 16:40:52.463 20641 22494 E unknown:ReactNative: emit@1:211630
10-19 16:40:52.463 20641 22494 E unknown:ReactNative: anonymous@1:210019
10-19 16:40:52.463 20641 22494 E unknown:ReactNative: emit@1:210313
10-19 16:40:52.463 20641 22494 E unknown:ReactNative: __callFunction@1:167128
10-19 16:40:52.463 20641 22494 E unknown:ReactNative: anonymous@1:165570
10-19 16:40:52.463 20641 22494 E unknown:ReactNative: __guard@1:166510
10-19 16:40:52.463 20641 22494 E unknown:ReactNative: callFunctionReturnFlushedQueue@1:165528
10-19 16:40:52.464 20641 22493 I ReactNativeJS: 🚨 [DEBUG] Driver location polling interval triggered
10-19 16:40:52.466 20641 22493 I ReactNativeJS: '🔍 [RIDES] Starting comprehensive active rides fetch for user:', 'e95a4f14-8958-49e9-8ede-d81b82a7ba12'
10-19 16:40:52.466 20641 22493 I ReactNativeJS: 🔍 [RIDES] Step 1: Fetching active regular rides via edge function...
10-19 16:40:52.496 21104 21184 I FusedLocation: (REDACTED) location delivery to %s blocked - too close
10-19 16:40:52.497 21104 21184 I FusedLocation: (REDACTED) location delivery to %s blocked - too fast
10-19 16:40:52.497 21104 21184 I FusedLocation: (REDACTED) location delivery to %s blocked - too close
10-19 16:40:52.501 21104 21184 I FusedLocation: (REDACTED) location delivery to %s blocked - too close
10-19 16:40:52.501 21104 21184 I FusedLocation: (REDACTED) location delivery to %s blocked - too fast
10-19 16:40:52.502 21104 21184 I FusedLocation: (REDACTED) location delivery to %s blocked - too fast
10-19 16:40:52.504 21104 21184 I fznc    : Received empty WiFi-RTT scan. [CONTEXT service_id=6 ]
10-19 16:40:52.540  5589  5589 I GoogleInputMethodService: GoogleInputMethodService.onFinishInput():2085 
10-19 16:40:52.541  5589  5589 I Module  : DeviceLockedStatusModuleProvider$Module.updateDeviceLockedStatus():100 repeatCheckTimes = 0, locked = false
10-19 16:40:52.541  5589  5589 I GoogleInputMethodService: GoogleInputMethodService.onStartInput():1346 onStartInput(EditorInfo{EditorInfo{packageName=com.a1taxi.a1taxicustomer, inputType=0, inputTypeString=NULL, enableLearning=false, autoCorrection=false, autoComplete=false, imeOptions=0, privateImeOptions=null, actionName=UNSPECIFIED, actionLabel=null, initialSelStart=-1, initialSelEnd=-1, initialCapsMode=0, label=null, fieldId=0, fieldName=null, extras=null, hintText=null, hintLocales=[]}}, false)
10-19 16:40:52.542  5589  5589 I Module  : DeviceLockedStatusModuleProvider$Module.updateDeviceLockedStatus():100 repeatCheckTimes = 1, locked = false
10-19 16:40:52.569 14485 14485 I bnlz    : onPause
10-19 16:40:53.009 14485 14485 I bnlz    : onStop
10-19 16:40:53.353 20641 22493 I ReactNativeJS: '🔍 [RIDES] ✅ Found', 0, 'active regular rides'
10-19 16:40:53.353 20641 22493 I ReactNativeJS: 🔍 [RIDES] Step 2: Fetching active scheduled bookings via edge function...
10-19 16:40:53.417 16032 16032 I Choreographer: Skipped 122 frames!  The application may be doing too much work on its main thread.
10-19 16:40:53.559 20641 22493 I ReactNativeJS: 🔔 [BANNER_DEBUG] ===== NOTIFICATION BANNER EFFECT =====
10-19 16:40:53.560 20641 22493 I ReactNativeJS: '🔔 [BANNER_DEBUG] Banner summary:', { totalNotifications: 42,
10-19 16:40:53.560 20641 22493 I ReactNativeJS:   currentlyVisible: false,
10-19 16:40:53.560 20641 22493 I ReactNativeJS:   currentNotification: '071cec0b-06d7-49b0-a3f7-790952bc33d3',
10-19 16:40:53.560 20641 22493 I ReactNativeJS:   shownNotificationsCount: 1,
10-19 16:40:53.560 20641 22493 I ReactNativeJS:   tripCompletedNotifications: 0,
10-19 16:40:53.560 20641 22493 I ReactNativeJS:   unreadTripCompleted: 0 }
10-19 16:40:53.560 20641 22493 I ReactNativeJS: 🚫 [BANNER_DEBUG] ===== BLOCKING COMPLETION NOTIFICATION FROM BANNER =====
10-19 16:40:53.561 20641 22493 I ReactNativeJS: '🚫 [BANNER_DEBUG] Completion notification blocked from banner:', { id: '60edca3e-f6e6-431b-a570-7a65e6d0f978',
10-19 16:40:53.561 20641 22493 I ReactNativeJS:   type: 'ride_completed',
10-19 16:40:53.561 20641 22493 I ReactNativeJS:   title: 'Trip Completed',
10-19 16:40:53.561 20641 22493 I ReactNativeJS:   rideId: '2dd64223-9cba-4fba-a2cc-bc6af646c2d4',
10-19 16:40:53.561 20641 22493 I ReactNativeJS:   bookingId: undefined,
10-19 16:40:53.561 20641 22493 I ReactNativeJS:   fareAmount: 481,
10-19 16:40:53.561 20641 22493 I ReactNativeJS:   reason: 'Should show in full-screen modal only' }
10-19 16:40:53.562 20641 22493 I ReactNativeJS: 📱 [BANNER_DEBUG] ===== BANNER DISPLAY DECISION =====
10-19 16:40:53.991 20641 22493 I ReactNativeJS: '🔍 [RIDES] ✅ Total active rides found:', { total: 0,
10-19 16:40:53.991 20641 22493 I ReactNativeJS:   regular_rides: 0,
10-19 16:40:53.991 20641 22493 I ReactNativeJS:   scheduled_bookings: 0,
10-19 16:40:53.991 20641 22493 I ReactNativeJS:   rides_summary: [] }
10-19 16:40:53.999 20641 22493 I ReactNativeJS: 🔍 [RIDES] ❌ No active rides or scheduled bookings found
10-19 16:40:53.999 20641 22493 I ReactNativeJS: 🧹 [RIDES] Cleaning up subscriptions
10-19 16:40:54.499 21104 21184 I FusedLocation: (REDACTED) location delivery to %s blocked - too fast
10-19 16:40:54.499 21104 21184 I FusedLocation: (REDACTED) location delivery to %s blocked - too close
10-19 16:40:54.572 21104 24471 I TFLite-in-PlayServices: Created interpreter.
10-19 16:40:54.596 21104 24471 I TFLite-in-PlayServices: Created interpreter.
10-19 16:40:54.621 21104 24471 I SemanticLocation: (REDACTED) [Inferrer] %s%s
10-19 16:40:56.728 20641 22493 I ReactNativeJS: '📡 [GPS-TRACKING] Subscription status:', 'SUBSCRIBED'
10-19 16:40:56.728 20641 22493 I ReactNativeJS: ✅ [GPS-TRACKING] Successfully subscribed to driver location updates
10-19 16:40:56.887  7096  7120 I native  : I0000 00:00:1760872256.886923    7120 soda_async_impl.cc:1383] Current audio timestamp: 1760872256785968
10-19 16:40:56.985  7096  7126 W ProxyAndroidLoggerBackend: Too many Flogger logs received before configuration. Dropping old logs.
10-19 16:40:57.379 21104 21188 W Settings: Setting airplane_mode_on has moved from android.provider.Settings.System to android.provider.Settings.Global, returning read-only value.
10-19 16:40:57.387 21104 24471 W SystemServiceRegistry: No service published for: wifirtt
10-19 16:40:57.404 21104 21143 I WifiScanner: onFullResults
10-19 16:40:57.405 21104 21143 I WifiScanner: onFullResults
10-19 16:40:57.406 21104 21250 I WifiScanner: onFullResults
10-19 16:40:57.450 20641 22493 I ReactNativeJS: 🚨 [DEBUG] Driver location polling interval triggered
10-19 16:40:57.453 20641 22493 I ReactNativeJS: 🚨 [DEBUG] Driver location polling interval triggered
10-19 16:40:57.467 21104 24011 I FrewleTileCacheManagerV: (REDACTED) Fetched %d AP models from cache
10-19 16:40:57.488 21104 21184 I FusedLocation: (REDACTED) location delivery to %s blocked - too fast
10-19 16:40:57.488 21104 21184 I FusedLocation: (REDACTED) location delivery to %s blocked - too fast
10-19 16:40:57.488 21104 21184 I FusedLocation: (REDACTED) location delivery to %s blocked - too close
10-19 16:40:57.489 21104 21184 I FusedLocation: (REDACTED) location delivery to %s blocked - too fast
10-19 16:40:57.489 21104 21184 I FusedLocation: (REDACTED) location delivery to %s blocked - too fast
10-19 16:40:57.489 21104 21184 I FusedLocation: (REDACTED) location delivery to %s blocked - too fast
10-19 16:40:57.490 21104 21184 I fznc    : Received empty WiFi-RTT scan. [CONTEXT service_id=6 ]
10-19 16:40:58.257 20641 22493 I ReactNativeJS: '🎯 [TRIP_NOTIFICATION] Component mounted, notifications count:', 42
10-19 16:40:58.257 20641 22493 I ReactNativeJS: '🔍 [TRIP_NOTIFICATION] Component render - visible:', false, 'notification:', false
10-19 16:40:58.273 20641 22493 I ReactNativeJS: '🎯 [useRideNotifications] useEffect triggered, user ID:', 'e95a4f14-8958-49e9-8ede-d81b82a7ba12'
10-19 16:40:58.273 20641 22493 I ReactNativeJS: 🔍 [NOTIFICATIONS] ===== FETCHING NOTIFICATIONS =====
10-19 16:40:58.273 20641 22493 I ReactNativeJS: '🔍 [NOTIFICATIONS] User ID:', 'e95a4f14-8958-49e9-8ede-d81b82a7ba12'
10-19 16:40:58.273 20641 22493 I ReactNativeJS: '🔍 [NOTIFICATIONS] Timestamp:', '2025-10-19T11:10:58.273Z'
10-19 16:40:58.275 20641 22493 I ReactNativeJS: 📱 Requesting location permission on app start for all platforms...
10-19 16:40:58.275 20641 22493 I ReactNativeJS: '📱 Current platform:', 'android'
10-19 16:40:58.276 20641 22493 I ReactNativeJS: '🔍 Requesting location permission for platform:', 'android'
10-19 16:40:58.276 20641 22493 I ReactNativeJS: 📱 Requesting Android location permissions...
10-19 16:40:58.276 20641 22493 I ReactNativeJS: 📊 Loading all vehicle configs from fare_matrix table for booking_type=regular
10-19 16:40:58.277 20641 22493 I ReactNativeJS: 🗺️ Using cached zones data
10-19 16:40:58.277 20641 22493 I ReactNativeJS: 📊 [HOME] ===== AVAILABLE DRIVERS STATE CHANGED =====
10-19 16:40:58.278 20641 22493 I ReactNativeJS: '📊 [HOME] availableDrivers state update:', { count: 0,
10-19 16:40:58.278 20641 22493 I ReactNativeJS:   showDriversOnMap: true,
10-19 16:40:58.278 20641 22493 I ReactNativeJS:   driversPassedToMap: 0,
10-19 16:40:58.278 20641 22493 I ReactNativeJS:   drivers: [] }
10-19 16:40:58.278 20641 22493 I ReactNativeJS: 🗺️ [HOME] No drivers to pass to map (availableDrivers is empty)
10-19 16:40:58.279 20641 22493 I ReactNativeJS: '🔍 AuthNavigator - checking auth state:', { user: true,
10-19 16:40:58.279 20641 22493 I ReactNativeJS:   loading: false,
10-19 16:40:58.279 20641 22493 I ReactNativeJS:   segments: '(tabs)',
10-19 16:40:58.279 20641 22493 I ReactNativeJS:   userEmail: '918608374935@a1taxi.app',
10-19 16:40:58.279 20641 22493 I ReactNativeJS:   userRole: 'customer' }
10-19 16:40:58.279 20641 22493 I ReactNativeJS: ✅ User authenticated and on correct screen
10-19 16:40:58.280 20641 22493 I ReactNativeJS: '✅ Loaded active zones:', 2
10-19 16:40:58.287 20641 22493 I ReactNativeJS: '📱 Fine location permission result:', 'granted'
10-19 16:40:58.288 20641 22493 I ReactNativeJS: ✅ Android fine location permission granted
10-19 16:40:58.288 20641 22493 I ReactNativeJS: ✅ Location permission granted on mount
10-19 16:40:58.288 20641 22493 I ReactNativeJS: 📍 [HOME] Starting location fetch...
10-19 16:40:58.288 20641 22493 I ReactNativeJS: 🔍 Enhanced Location Service: Getting current location with address...
10-19 16:40:58.288 20641 22493 I ReactNativeJS: '🔍 Platform:', 'android'
10-19 16:40:58.288 20641 22493 I ReactNativeJS: 📍 Enhanced Location Service: Starting location detection...
10-19 16:40:58.288 20641 22493 I ReactNativeJS: '🌍 Platform:', 'android'
10-19 16:40:58.288 20641 22493 I ReactNativeJS: ✅ Enhanced Location Service: Permission granted, attempting detection...
10-19 16:40:58.288 20641 22493 I ReactNativeJS: 🎯 Enhanced Location Service: Attempting high accuracy GPS...
10-19 16:40:58.288 20641 22493 I ReactNativeJS: 📱 Using Expo Location for high accuracy...
10-19 16:40:58.323 21104 24590 I FusedOrientationManager: Registering orientation client. [CONTEXT service_id=6 ]
10-19 16:40:58.324 20641 22493 I ReactNativeJS: '✅ Enhanced Location Service: High accuracy location obtained:', { lat: 12.748695,
10-19 16:40:58.324 20641 22493 I ReactNativeJS:   lng: 77.8299949,
10-19 16:40:58.324 20641 22493 I ReactNativeJS:   accuracy: '2.5999999046325684m' }
10-19 16:40:58.324 20641 22493 I ReactNativeJS: '📍 Enhanced Location Service: Got location:', { latitude: 12.748695,
10-19 16:40:58.324 20641 22493 I ReactNativeJS:   longitude: 77.8299949,
10-19 16:40:58.324 20641 22493 I ReactNativeJS:   accuracy: 2.5999999046325684 }
10-19 16:40:58.324 20641 22493 I ReactNativeJS: 🗺️ Enhanced Location Service: Starting reverse geocoding...
10-19 16:40:58.325 20641 22493 I ReactNativeJS: '🗺️ Reverse geocoding coordinates:', { latitude: 12.748695, longitude: 77.8299949 }
10-19 16:40:58.325 20641 22493 I ReactNativeJS: '🏠 Reverse geocoding:', { lat: 12.748695, lng: 77.8299949 }
10-19 16:40:58.325 20641 22493 I ReactNativeJS: '🌐 Making proxy request to:', 'https://whubaypabojomdyfqxcf.supabase.co/functions/v1/places-proxy/geocode?latlng=12.748695%2C77.8299949'
10-19 16:40:58.333 21104 24590 I FusedOrientationManager: Registering orientation client. [CONTEXT service_id=6 ]
10-19 16:40:58.506 20641 22493 I ReactNativeJS: '✅ Loaded', 6, 'fare configs from fare_matrix table:', [ { vehicle_type: 'hatchback', base_fare: 145, per_km_rate: 25 },
10-19 16:40:58.506 20641 22493 I ReactNativeJS:   { vehicle_type: 'hatchback_ac', base_fare: 167, per_km_rate: 27 },
10-19 16:40:58.506 20641 22493 I ReactNativeJS:   { vehicle_type: 'sedan', base_fare: 145, per_km_rate: 25 },
10-19 16:40:58.506 20641 22493 I ReactNativeJS:   { vehicle_type: 'sedan_ac', base_fare: 160, per_km_rate: 25 },
10-19 16:40:58.506 20641 22493 I ReactNativeJS:   { vehicle_type: 'suv', base_fare: 400, per_km_rate: 30 },
10-19 16:40:58.506 20641 22493 I ReactNativeJS:   { vehicle_type: 'suv_ac', base_fare: 1500, per_km_rate: 35 } ]
10-19 16:40:58.507 21104 21184 I FusedLocation: (REDACTED) location delivery to %s blocked - too fast
10-19 16:40:58.508 21104 21184 I FusedLocation: (REDACTED) location delivery to %s blocked - too fast
10-19 16:40:58.509 21104 21184 I FusedLocation: (REDACTED) location delivery to %s blocked - too close
10-19 16:40:58.510 21104 21184 I FusedLocation: (REDACTED) location delivery to %s blocked - too fast
10-19 16:40:58.511 21104 21184 I FusedLocation: (REDACTED) location delivery to %s blocked - too fast
10-19 16:40:58.511 21104 21184 I FusedLocation: (REDACTED) location delivery to %s blocked - too fast
10-19 16:40:58.565 20641 22493 I ReactNativeJS: 🔍 [NOTIFICATIONS] ===== DATABASE QUERY RESULT =====
10-19 16:40:58.568 20641 22493 I ReactNativeJS: '🔍 [NOTIFICATIONS] Query result:', { hasError: false,
10-19 16:40:58.568 20641 22493 I ReactNativeJS:   errorMessage: undefined,
10-19 16:40:58.568 20641 22493 I ReactNativeJS:   errorCode: undefined,
10-19 16:40:58.568 20641 22493 I ReactNativeJS:   errorDetails: undefined,
10-19 16:40:58.568 20641 22493 I ReactNativeJS:   dataCount: 45,
10-19 16:40:58.568 20641 22493 I ReactNativeJS:   tripCompletedCount: 0,
10-19 16:40:58.568 20641 22493 I ReactNativeJS:   unreadTripCompletedCount: 0,
10-19 16:40:58.568 20641 22493 I ReactNativeJS:   allTypes: 
10-19 16:40:58.568 20641 22493 I ReactNativeJS:    [ 'ride_status_changed',
10-19 16:40:58.568 20641 22493 I ReactNativeJS:      'ride_completed',
10-19 16:40:58.568 20641 22493 I ReactNativeJS:      'ride_cancelled',
10-19 16:40:58.568 20641 22493 I ReactNativeJS:      'booking_completed' ],
10-19 16:40:58.568 20641 22493 I ReactNativeJS:   recentNotifications: 
10-19 16:40:58.568 20641 22493 I ReactNativeJS:    [ { id: '3de626df-5ea7-479e-9d30-a25c1c7846d5',
10-19 16:40:58.568 20641 22493 I ReactNativeJS:        type: 'ride_status_changed',
10-19 16:40:58.568 20641 22493 I ReactNativeJS:        status: 'unread',
10-19 16:40:58.568 20641 22493 I ReactNativeJS:        title: 'Ride Status Updated',
10-19 16:40:58.568 20641 22493 I ReactNativeJS:        created_at: '2025-10-19T11:10:34.293426+00:00',
10-19 16:40:58.568 20641 22493 I ReactNativeJS:        age_seconds: 24 },
10-19 16:40:58.568 20641 22493 I ReactNativeJS:      { id: 'd187eca8-84a3-4d96-be25-cef777ea0bdb',
10-19 16:40:58.568 20641 22493 I ReactNativeJS:        type: 'ride_completed',
10-19 16:40:58.568 20641 22493 I ReactNativeJS:        status: 'unread',
10-19 16:40:58.568 20641 22493 I ReactNativeJS:        title: 'Trip Completed',
10-19 16:40:58.568 20641 22493 I ReactNativeJS:        created_at: '2025-10-19T11:10:34.293426+00:00',
10-19 16:40:58.568 20641 22493 I ReactNativeJS:        age_seconds: 24 },
10-19 16:40:58.568 20641 22493 I ReactNativeJS:      { id: '3d48df92-44f8-4a79-af46-d38ebca5dc66',
10-19 16:40:58.568 20641 22493 I ReactNativeJS:        type: 'ride_status_changed',
10-19 16:40:58.568 20641 22493 I ReactNativeJS:        status: 'unread',
10-19 16:40:58.568 20641 22493 I ReactNativeJS:        title: 'Ride Status Updated',
10-19 16:40:58.568 20641 22493 I ReactNativeJS:        created_at: '2025-10-19T11:10:28.091127+00:00',
10-19 16:40:58.568 20641 22493 I ReactNativeJS:        age_seconds: 30 },
10-19 16:40:58.568 20641 22493 I ReactNativeJS:      { id: '071cec0b-06d7-49b0-a3f7-790952bc33d3',
10-19 16:40:58.568 20641 22493 I ReactNativeJS:        type: 'ride_status_changed',
10-19 16:40:58.568 20641 22493 I ReactNativeJS:        status: 'unread',
10-19 16:40:58.568 20641 22493 I ReactNativeJS:        title: 'Ride Status Updated',
10-19 16:40:58.568 20641 22493 I ReactNativeJS:        created_at: '2025-10-19T11:10:12.895892+00:00',
10-19 16:40:58.568 20641 22493 I ReactNativeJS:        age_seconds: 46 },
10-19 16:40:58.568 20641 22493 I ReactNativeJS:      { id: 'c76527bc-df7e-4d75-800b-7af069865623',
10-19 16:40:58.568 20641 22493 I ReactNativeJS:        type: 'ride_status_changed',
10-19 16:40:58.568 20641 22493 I ReactNativeJS:        status: 'unread',
10-19 16:40:58.568 20641 22493 I ReactNativeJS:        title: 'Ride Status Updated',
10-19 16:40:58.568 20641 22493 I ReactNativeJS:        created_at: '2025-10-19T11:10:05.115076+00:00',
10-19 16:40:58.568 20641 22493 I ReactNativeJS:        age_seconds: 53 } ] }
10-19 16:40:58.568 20641 22493 I ReactNativeJS: ✅ [NOTIFICATIONS] ===== SETTING NOTIFICATIONS IN STATE =====
10-19 16:40:58.572 20641 22493 I ReactNativeJS: '✅ [NOTIFICATIONS] Notifications to set:', { total: 45,
10-19 16:40:58.572 20641 22493 I ReactNativeJS:   tripCompleted: 0,
10-19 16:40:58.572 20641 22493 I ReactNativeJS:   unreadTripCompleted: 0,
10-19 16:40:58.572 20641 22493 I ReactNativeJS:   allNotificationIds: 
10-19 16:40:58.572 20641 22493 I ReactNativeJS:    [ '3de626df-5ea7-479e-9d30-a25c1c7846d5',
10-19 16:40:58.572 20641 22493 I ReactNativeJS:      'd187eca8-84a3-4d96-be25-cef777ea0bdb',
10-19 16:40:58.572 20641 22493 I ReactNativeJS:      '3d48df92-44f8-4a79-af46-d38ebca5dc66',
10-19 16:40:58.572 20641 22493 I ReactNativeJS:      '071cec0b-06d7-49b0-a3f7-790952bc33d3',
10-19 16:40:58.572 20641 22493 I ReactNativeJS:      'c76527bc-df7e-4d75-800b-7af069865623',
10-19 16:40:58.572 20641 22493 I ReactNativeJS:      'b3a7aebe-3017-4fa0-a12f-4f756f8d2a57',
10-19 16:40:58.572 20641 22493 I ReactNativeJS:      'e89f5cfd-af67-4067-854b-acf018326055',
10-19 16:40:58.572 20641 22493 I ReactNativeJS:      '45920b03-ed63-4f2f-8499-4ab76981d4c2',
10-19 16:40:58.572 20641 22493 I ReactNativeJS:      '9549cc7a-806a-40c4-8411-01e2babf69bf',
10-19 16:40:58.572 20641 22493 I ReactNativeJS:      'f61eeddf-639b-4ada-b02d-dc001f49bee4',
10-19 16:40:58.572 20641 22493 I ReactNativeJS:      '60edca3e-f6e6-431b-a570-7a65e6d0f978',
10-19 16:40:58.572 20641 22493 I ReactNativeJS:      '01020099-10d5-4a30-826f-7b1b6534b2e8',
10-19 16:40:58.572 20641 22493 I ReactNativeJS:      'c709b295-d2b3-40cd-b40c-f1462f6a20ea',
10-19 16:40:58.572 20641 22493 I ReactNativeJS:      '17178d4b-4e8c-4b9b-801f-abd291842078',
10-19 16:40:58.572 20641 22493 I ReactNativeJS:      '382aa0d4-57de-4643-a472-2d8823e0d3fa',
10-19 16:40:58.572 20641 22493 I ReactNativeJS:      'b642da2a-3a57-494f-aa96-8c34fb36fd1b',
10-19 16:40:58.572 20641 22493 I ReactNativeJS:      '7ee769e6-7d1c-4672-8e1b-c49c06b0a09e',
10-19 16:40:58.572 20641 22493 I ReactNativeJS:      '8178cedf-6dca-4b1a-8d26-782db8f4ac4f',
10-19 16:40:58.572 20641 22493 I ReactNativeJS:      'b45f4d4c-3992-4a8c-8b6d-eea2867e70fc',
10-19 16:40:58.572 20641 22493 I ReactNativeJS:      'ac5dcca7-6eb3-4468-be2d-5cd45a6a0c6a',
10-19 16:40:58.572 20641 22493 I ReactNativeJS:      '7761c699-2290-40ce-87aa-8933593a1e46',
10-19 16:40:58.572 20641 22493 I ReactNativeJS:      'fc86abea-b92e-435a-829e-38f9ef7900e4',
10-19 16:40:58.572 20641 22493 I ReactNativeJS:      'f48be59d-9b46-4e42-86d9-abd2672e3a28',
10-19 16:40:58.572 20641 22493 I ReactNativeJS:      'f7f1e040-9e2a-4984-a885-4b84cd772e90',
10-19 16:40:58.572 20641 22493 I ReactNativeJS:      '42714190-2ef0-493c-b908-bc2d69c15105',
10-19 16:40:58.572 20641 22493 I ReactNativeJS:      'a8d88c20-3581-4d54-8988-419ab915822a',
10-19 16:40:58.572 20641 22493 I ReactNativeJS:      '33de3d27-4c4d-4eba-86ad-eb2daec905c7',
10-19 16:40:58.572 20641 22493 I ReactNativeJS:      '18198b2a-aaad-46e5-9acf-edd0f848d33f',
10-19 16:40:58.572 20641 22493 I ReactNativeJS:      '48abd4e9-4389-4046-925e-c1e07ad84e47',
10-19 16:40:58.572 20641 22493 I ReactNativeJS:      'd7a9b869-37bf-4c17-9176-8951196922bd',
10-19 16:40:58.572 20641 22493 I ReactNativeJS:      '820df2fd-abe3-457c-82cf-24f154dfd19b',
10-19 16:40:58.572 20641 22493 I ReactNativeJS:      'a7856ef3-761c-4b1c-9cf6-3c34df9833b7',
10-19 16:40:58.572 20641 22493 I ReactNativeJS:      'b5795e46-c850-4bcb-a933-898c21727b1b',
10-19 16:40:58.572 20641 22493 I ReactNativeJS:      '545c5e68-1353-4e95-b9e4-08f883b88a66',
10-19 16:40:58.572 20641 22493 I ReactNativeJS:      '9c6911c2-87ea-4956-8c97-3e822ef63307',
10-19 16:40:58.572 20641 22493 I ReactNativeJS:      '4e097013-42dd-4f82-b288-bf6aaf220fda',
10-19 16:40:58.572 20641 22493 I ReactNativeJS:      '2e43addf-b9f4-4627-83ec-77c15684569b',
10-19 16:40:58.572 20641 22493 I ReactNativeJS:      '4c443433-9f76-4ff7-8a7a-09b0c1a8250e',
10-19 16:40:58.572 20641 22493 I ReactNativeJS:      'e424c186-10d1-4a49-93be-be7dfa9edb7e',
10-19 16:40:58.572 20641 22493 I ReactNativeJS:      'c101ac4b-a09b-42b2-9ba8-aeecf8d1e085',
10-19 16:40:58.572 20641 22493 I ReactNativeJS:      '3b7c6b23-a18d-4ba7-be7e-9eb312125937',
10-19 16:40:58.572 20641 22493 I ReactNativeJS:      'ea6218b2-280d-457c-b056-7a321067ab73',
10-19 16:40:58.572 20641 22493 I ReactNativeJS:      'b65bfbea-d7a8-4219-8131-e12d12f00fe0',
10-19 16:40:58.572 20641 22493 I ReactNativeJS:      'f5f74a9c-3334-4a54-b3a9-d6b0efc5f9f1',
10-19 16:40:58.572 20641 22493 I ReactNativeJS:      '95e45585-7c89-456b-a5c7-4d840ee0707e' ],
10-19 16:40:58.572 20641 22493 I ReactNativeJS:   tripCompletedNotificationIds: [],
10-19 16:40:58.572 20641 22493 I ReactNativeJS:   unreadTripCompletedNotificationIds: [] }
10-19 16:40:58.576 20641 22493 I ReactNativeJS: ✅ [NOTIFICATIONS] ===== CHECKING FOR IMMEDIATE TRIP COMPLETION =====
10-19 16:40:58.577 20641 22493 I ReactNativeJS: ❌ [NOTIFICATIONS] No immediate trip completion notifications found
10-19 16:40:58.578 20641 22493 I ReactNativeJS: '❌ [NOTIFICATIONS] Available notification types:', [ 'ride_status_changed',
10-19 16:40:58.578 20641 22493 I ReactNativeJS:   'ride_completed',
10-19 16:40:58.578 20641 22493 I ReactNativeJS:   'ride_status_changed',
10-19 16:40:58.578 20641 22493 I ReactNativeJS:   'ride_status_changed',
10-19 16:40:58.578 20641 22493 I ReactNativeJS:   'ride_status_changed',
10-19 16:40:58.578 20641 22493 I ReactNativeJS:   'ride_cancelled',
10-19 16:40:58.578 20641 22493 I ReactNativeJS:   'ride_status_changed',
10-19 16:40:58.578 20641 22493 I ReactNativeJS:   'ride_cancelled',
10-19 16:40:58.578 20641 22493 I ReactNativeJS:   'ride_status_changed',
10-19 16:40:58.578 20641 22493 I ReactNativeJS:   'ride_status_changed',
10-19 16:40:58.578 20641 22493 I ReactNativeJS:   'ride_completed',
10-19 16:40:58.578 20641 22493 I ReactNativeJS:   'ride_status_changed',
10-19 16:40:58.578 20641 22493 I ReactNativeJS:   'ride_status_changed',
10-19 16:40:58.578 20641 22493 I ReactNativeJS:   'ride_status_changed',
10-19 16:40:58.578 20641 22493 I ReactNativeJS:   'ride_status_changed',
10-19 16:40:58.578 20641 22493 I ReactNativeJS:   'ride_completed',
10-19 16:40:58.578 20641 22493 I ReactNativeJS:   'ride_status_changed',
10-19 16:40:58.578 20641 22493 I ReactNativeJS:   'ride_status_changed',
10-19 16:40:58.578 20641 22493 I ReactNativeJS:   'ride_status_changed',
10-19 16:40:58.578 20641 22493 I ReactNativeJS:   'ride_status_changed',
10-19 16:40:58.578 20641 22493 I ReactNativeJS:   'ride_status_changed',
10-19 16:40:58.578 20641 22493 I ReactNativeJS:   'ride_status_changed',
10-19 16:40:58.578 20641 22493 I ReactNativeJS:   'ride_status_changed',
10-19 16:40:58.578 20641 22493 I ReactNativeJS:   'ride_status_changed',
10-19 16:40:58.578 20641 22493 I ReactNativeJS:   'ride_status_changed',
10-19 16:40:58.578 20641 22493 I ReactNativeJS:   'booking_completed',
10-19 16:40:58.578 20641 22493 I ReactNativeJS:   'ride_status_changed',
10-19 16:40:58.578 20641 22493 I ReactNativeJS:   'ride_status_changed',
10-19 16:40:58.578 20641 22493 I ReactNativeJS:   'ride_status_changed',
10-19 16:40:58.578 20641 22493 I ReactNativeJS:   'ride_status_changed',
10-19 16:40:58.578 20641 22493 I ReactNativeJS:   'ride_status_changed',
10-19 16:40:58.578 20641 22493 I ReactNativeJS:   'ride_status_changed',
10-19 16:40:58.578 20641 22493 I ReactNativeJS:   'ride_status_changed',
10-19 16:40:58.578 20641 22493 I ReactNativeJS:   'ride_status_changed',
10-19 16:40:58.578 20641 22493 I ReactNativeJS:   'ride_status_changed',
10-19 16:40:58.578 20641 22493 I ReactNativeJS:   'ride_status_changed',
10-19 16:40:58.578 20641 22493 I ReactNativeJS:   'ride_status_changed',
10-19 16:40:58.578 20641 22493 I ReactNativeJS:   'ride_status_changed',
10-19 16:40:58.578 20641 22493 I ReactNativeJS:   'ride_status_changed',
10-19 16:40:58.578 20641 22493 I ReactNativeJS:   'booking_completed',
10-19 16:40:58.578 20641 22493 I ReactNativeJS:   'ride_cancelled',
10-19 16:40:58.578 20641 22493 I ReactNativeJS:   'ride_status_changed',
10-19 16:40:58.578 20641 22493 I ReactNativeJS:   'ride_status_changed',
10-19 16:40:58.578 20641 22493 I ReactNativeJS:   'ride_status_changed',
10-19 16:40:58.578 20641 22493 I ReactNativeJS:   'ride_status_changed' ]
10-19 16:40:58.578 20641 22493 I ReactNativeJS: '❌ [NOTIFICATIONS] Trip completed notifications (all statuses):', []
10-19 16:40:58.815 20641 22493 I ReactNativeJS: '✅ Proxy response received:', 'OK'
10-19 16:40:58.815 20641 22493 I ReactNativeJS: '✅ Geocoded address:', 'PRXJ+F32, Brindavan Nagar, Plot 87, NGGO\'s Colony, Anand Nagar, Hosur, Tamil Nadu 635109, India'
10-19 16:40:58.815 20641 22493 I ReactNativeJS: '✅ Geocoded address:', 'PRXJ+F32, Brindavan Nagar, Plot 87, NGGO\'s Colony, Anand Nagar, Hosur, Tamil Nadu 635109, India'
10-19 16:40:58.815 20641 22493 I ReactNativeJS: '🏠 Enhanced Location Service: Got address:', 'PRXJ+F32, Brindavan Nagar, Plot 87, NGGO\'s Colony, Anand Nagar, Hosur, Tamil Nadu 635109, India'
10-19 16:40:58.816 20641 22493 I ReactNativeJS: '✅ [HOME] Location obtained:', { lat: 12.748695,
10-19 16:40:58.816 20641 22493 I ReactNativeJS:   lng: 77.8299949,
10-19 16:40:58.816 20641 22493 I ReactNativeJS:   address: 'PRXJ+F32, Brindavan Nagar, Plot 87, NGGO\'s Colony, Anand Nagar, Hosur, Tamil Nadu 635109, India' }
10-19 16:40:58.821 20641 22493 I ReactNativeJS: 🚗 [HOME] ===== STARTING IMMEDIATE DRIVER DISPLAY =====
10-19 16:40:58.821 20641 22493 I ReactNativeJS: 🚗 [HOME] Current location available, showing drivers immediately
10-19 16:40:58.821 20641 22493 I ReactNativeJS: '🚗 [HOME] Location details:', { latitude: 12.748695,
10-19 16:40:58.821 20641 22493 I ReactNativeJS:   longitude: 77.8299949,
10-19 16:40:58.821 20641 22493 I ReactNativeJS:   accuracy: 2.5999999046325684 }
10-19 16:40:58.821 20641 22493 I ReactNativeJS: 🚗 [HOME] Showing ALL vehicle types (no filter applied)
10-19 16:40:58.821 20641 22493 I ReactNativeJS: '🚗 [HOME] Should show drivers on map:', true
10-19 16:40:58.822 20641 22493 I ReactNativeJS: '🔄 [HOME] Starting driver location polling with:', { currentLocation: { latitude: 12.748695, longitude: 77.8299949 },
10-19 16:40:58.822 20641 22493 I ReactNativeJS:   vehicleType: 'sedan',
10-19 16:40:58.822 20641 22493 I ReactNativeJS:   radius: 10 }
10-19 16:40:58.822 20641 22493 I ReactNativeJS: 🛑 [HOME] Stopping driver location polling
10-19 16:40:58.822 20641 22493 I ReactNativeJS: '🔄 [DRIVER-SERVICE] Starting driver location polling every', 10, 'seconds'
10-19 16:40:58.822 20641 22493 I ReactNativeJS: '🔄 [DRIVER-SERVICE] Polling parameters:', { customerLocation: { lat: 12.748695, lng: 77.8299949 },
10-19 16:40:58.822 20641 22493 I ReactNativeJS:   vehicleType: 'all',
10-19 16:40:58.822 20641 22493 I ReactNativeJS:   interval: '10000ms' }
10-19 16:40:58.823 20641 22493 I ReactNativeJS: '🗺️ [DRIVER-SERVICE] Fetching available drivers via edge function:', { location: { lat: 12.748695, lng: 77.8299949 },
10-19 16:40:58.823 20641 22493 I ReactNativeJS:   radius: '10km',
10-19 16:40:58.823 20641 22493 I ReactNativeJS:   vehicleType: 'all',
10-19 16:40:58.823 20641 22493 I ReactNativeJS:   timestamp: '2025-10-19T11:10:58.822Z' }
10-19 16:40:58.824 20641 22493 I ReactNativeJS: '🌐 [DRIVER-SERVICE] Constructed Edge Function URL:', 'https://whubaypabojomdyfqxcf.supabase.co/functions/v1/get-drivers-with-locations?lat=12.748695&lng=77.8299949&radius=10'
10-19 16:40:58.830 20641 22493 I ReactNativeJS: 🚗 [HOME] ===== SHOWING DRIVERS AGAIN =====
10-19 16:40:58.830 20641 22493 I ReactNativeJS: 🚗 [HOME] Not both locations selected, showing drivers on map
10-19 16:40:58.830 20641 22493 I ReactNativeJS: '🚗 [HOME] Pickup coords:', true, 'Destination coords:', false
10-19 16:40:58.830 20641 22493 I ReactNativeJS: '🔄 [HOME] Starting driver location polling with:', { currentLocation: { latitude: 12.748695, longitude: 77.8299949 },
10-19 16:40:58.830 20641 22493 I ReactNativeJS:   vehicleType: 'sedan',
10-19 16:40:58.830 20641 22493 I ReactNativeJS:   radius: 10 }
10-19 16:40:58.830 20641 22493 I ReactNativeJS: 🛑 [HOME] Stopping driver location polling
10-19 16:40:58.831 20641 22493 I ReactNativeJS: 🛑 [DRIVER-SERVICE] Stopped driver location polling
10-19 16:40:58.831 20641 22493 I ReactNativeJS: '🔄 [DRIVER-SERVICE] Starting driver location polling every', 10, 'seconds'
10-19 16:40:58.831 20641 22493 I ReactNativeJS: '🔄 [DRIVER-SERVICE] Polling parameters:', { customerLocation: { lat: 12.748695, lng: 77.8299949 },
10-19 16:40:58.831 20641 22493 I ReactNativeJS:   vehicleType: 'all',
10-19 16:40:58.831 20641 22493 I ReactNativeJS:   interval: '10000ms' }
10-19 16:40:58.831 20641 22493 I ReactNativeJS: '🗺️ [DRIVER-SERVICE] Fetching available drivers via edge function:', { location: { lat: 12.748695, lng: 77.8299949 },
10-19 16:40:58.831 20641 22493 I ReactNativeJS:   radius: '10km',
10-19 16:40:58.831 20641 22493 I ReactNativeJS:   vehicleType: 'all',
10-19 16:40:58.831 20641 22493 I ReactNativeJS:   timestamp: '2025-10-19T11:10:58.831Z' }
10-19 16:40:58.832 20641 22493 I ReactNativeJS: '🌐 [DRIVER-SERVICE] Constructed Edge Function URL:', 'https://whubaypabojomdyfqxcf.supabase.co/functions/v1/get-drivers-with-locations?lat=12.748695&lng=77.8299949&radius=10'
10-19 16:40:58.834 20641 22493 I ReactNativeJS: ✅ [HOME] Location state updated successfully
10-19 16:40:58.851 20641 22493 I ReactNativeJS: 📍 [HOME] Location loading state set to false
10-19 16:40:58.852 20641 22493 I ReactNativeJS: 🗺️🗺️🗺️ [NATIVE-MAP] ===== MAP COMPONENT MOUNTED =====
10-19 16:40:58.852 20641 22493 I ReactNativeJS: '🗺️ [NATIVE-MAP] Initial Region Prop:', { latitude: 12.748695,
10-19 16:40:58.852 20641 22493 I ReactNativeJS:   longitude: 77.8299949,
10-19 16:40:58.852 20641 22493 I ReactNativeJS:   latitudeDelta: 0.05,
10-19 16:40:58.852 20641 22493 I ReactNativeJS:   longitudeDelta: 0.05 }
10-19 16:40:58.852 20641 22493 I ReactNativeJS: '🗺️ [NATIVE-MAP] Using mapRegion state:', { latitude: 12.748695,
10-19 16:40:58.852 20641 22493 I ReactNativeJS:   longitude: 77.8299949,
10-19 16:40:58.852 20641 22493 I ReactNativeJS:   latitudeDelta: 0.05,
10-19 16:40:58.852 20641 22493 I ReactNativeJS:   longitudeDelta: 0.05 }
10-19 16:40:58.852 20641 22493 I ReactNativeJS: '🗺️ [NATIVE-MAP] HOSUR_COORDINATES:', { latitude: 12.7402,
10-19 16:40:58.852 20641 22493 I ReactNativeJS:   longitude: 77.824,
10-19 16:40:58.852 20641 22493 I ReactNativeJS:   latitudeDelta: 0.05,
10-19 16:40:58.852 20641 22493 I ReactNativeJS:   longitudeDelta: 0.05 }
10-19 16:40:58.852 20641 22493 I ReactNativeJS: '🗺️ [NATIVE-MAP] Available Drivers Count:', 0
10-19 16:40:58.853 20641 22493 I ReactNativeJS: '🗺️ [MAP] Props updated:', { showRoute: true,
10-19 16:40:58.853 20641 22493 I ReactNativeJS:   showDriverToPickupRoute: false,
10-19 16:40:58.853 20641 22493 I ReactNativeJS:   hasDriverLocation: false,
10-19 16:40:58.853 20641 22493 I ReactNativeJS:   hasPickupCoords: true,
10-19 16:40:58.853 20641 22493 I ReactNativeJS:   hasDestinationCoords: false,
10-19 16:40:58.853 20641 22493 I ReactNativeJS:   driverLocation: null,
10-19 16:40:58.853 20641 22493 I ReactNativeJS:   pickupCoords: { lat: 12.748695, lng: 77.8299949 },
10-19 16:40:58.853 20641 22493 I ReactNativeJS:   destinationCoords: null }
10-19 16:40:58.853 20641 22493 I ReactNativeJS: 📍 Enhanced Location Service: Starting location detection...
10-19 16:40:58.853 20641 22493 I ReactNativeJS: '🌍 Platform:', 'android'
10-19 16:40:58.866 20641 22493 I ReactNativeJS: ✅ Enhanced Location Service: Permission granted, attempting detection...
10-19 16:40:58.866 20641 22493 I ReactNativeJS: 🎯 Enhanced Location Service: Attempting high accuracy GPS...
10-19 16:40:58.866 20641 22493 I ReactNativeJS: 📱 Using Expo Location for high accuracy...
10-19 16:40:58.874 20641 20641 I Google Android Maps SDK: Google Play services package version: 254031035
10-19 16:40:58.874 20641 20641 I Google Android Maps SDK: Google Play services maps renderer version(maps_core): 253425402
10-19 16:40:58.878 20641 20641 W ProxyAndroidLoggerBackend: Too many Flogger logs received before configuration. Dropping old logs.
10-19 16:40:58.879 20641 20641 W ProxyAndroidLoggerBackend: Too many Flogger logs received before configuration. Dropping old logs.
10-19 16:40:58.879 20641 20641 W ProxyAndroidLoggerBackend: Too many Flogger logs received before configuration. Dropping old logs.
