--------- beginning of main
10-19 17:59:25.509 21104 21184 I FusedLocation: (REDACTED) location delivery to %s blocked - too close
10-19 17:59:25.509 21104 21184 I FusedLocation: (REDACTED) location delivery to %s blocked - too fast
10-19 17:59:25.509 21104 21184 I FusedLocation: (REDACTED) location delivery to %s blocked - too close
10-19 17:59:25.510 21104 21184 I FusedLocation: (REDACTED) location delivery to %s blocked - too close
10-19 17:59:25.513 21104 21184 I FusedLocation: (REDACTED) location delivery to %s blocked - too fast
10-19 17:59:25.514 21104 21184 I FusedLocation: (REDACTED) location delivery to %s blocked - too fast
10-19 17:59:27.632 14485 14485 I bnft    : (REDACTED) onApplyWindowInsets: systemWindowInsets=%s
10-19 17:59:27.633 14485 14485 I bnft    : (REDACTED) onApplyWindowInsets: systemWindowInsets=%s
10-19 17:59:28.466 21104 21188 W Settings: Setting airplane_mode_on has moved from android.provider.Settings.System to android.provider.Settings.Global, returning read-only value.
10-19 17:59:28.471 21104 21779 W SystemServiceRegistry: No service published for: wifirtt
10-19 17:59:28.490 21104 22617 I WifiScanner: onFullResults
10-19 17:59:28.490 21104 22225 I WifiScanner: onFullResults
10-19 17:59:28.491 21104 21250 I WifiScanner: onFullResults
10-19 17:59:28.535 21104 21771 I FrewleTileCacheManagerV: (REDACTED) Fetched %d AP models from cache
10-19 17:59:28.566 21104 21184 I FusedLocation: (REDACTED) location delivery to %s blocked - too close
10-19 17:59:28.566 21104 21184 I FusedLocation: (REDACTED) location delivery to %s blocked - too fast
10-19 17:59:28.566 21104 21184 I FusedLocation: (REDACTED) location delivery to %s blocked - too close
10-19 17:59:28.566 21104 21184 I FusedLocation: (REDACTED) location delivery to %s blocked - too close
10-19 17:59:28.569 21104 21184 I FusedLocation: (REDACTED) location delivery to %s blocked - too fast
10-19 17:59:28.570 21104 21184 I fznc    : Received empty WiFi-RTT scan. [CONTEXT service_id=6 ]
10-19 17:59:30.501 21104 21184 I FusedLocation: (REDACTED) location delivery to %s blocked - too close
10-19 17:59:30.502 21104 21184 I FusedLocation: (REDACTED) location delivery to %s blocked - too fast
10-19 17:59:30.503 21104 21184 I FusedLocation: (REDACTED) location delivery to %s blocked - too close
10-19 17:59:30.503 21104 21184 I FusedLocation: (REDACTED) location delivery to %s blocked - too close
10-19 17:59:30.507 21104 21184 I FusedLocation: (REDACTED) location delivery to %s blocked - too fast
10-19 17:59:30.521 21104 21771 I SemanticLocation: [InfMgr] No location reports after filtering [CONTEXT service_id=173 ]
10-19 17:59:31.841 21104 21188 I ActivityScheduler: nextTriggerTime: 1321146204, in 5000ms, detectorType: 39, FULL_TYPE alarmWindowMillis: 625
10-19 17:59:33.493 21104 21188 W Settings: Setting airplane_mode_on has moved from android.provider.Settings.System to android.provider.Settings.Global, returning read-only value.
10-19 17:59:33.498 21104 22070 W SystemServiceRegistry: No service published for: wifirtt
10-19 17:59:34.008 21104 21118 I WifiScanner: onFullResults
10-19 17:59:34.011 21104 21250 I WifiScanner: onFullResults
10-19 17:59:34.012 21104 21143 I WifiScanner: onFullResults
10-19 17:59:34.026 21104 21779 I FrewleTileCacheManagerV: (REDACTED) Fetched %d AP models from cache
10-19 17:59:34.063 21104 21184 I FusedLocation: (REDACTED) location delivery to %s blocked - too close
10-19 17:59:34.064 21104 21184 I FusedLocation: (REDACTED) location delivery to %s blocked - too fast
10-19 17:59:34.064 21104 21184 I FusedLocation: (REDACTED) location delivery to %s blocked - too close
10-19 17:59:34.066 21104 21184 I FusedLocation: (REDACTED) location delivery to %s blocked - too close
10-19 17:59:34.068 21104 21184 I FusedLocation: (REDACTED) location delivery to %s blocked - too fast
10-19 17:59:34.070 21104 21184 I fznc    : Received empty WiFi-RTT scan. [CONTEXT service_id=6 ]
10-19 17:59:35.497 21104 21184 I FusedLocation: (REDACTED) location delivery to %s blocked - too close
10-19 17:59:35.497 21104 21184 I FusedLocation: (REDACTED) location delivery to %s blocked - too fast
10-19 17:59:35.497 21104 21184 I FusedLocation: (REDACTED) location delivery to %s blocked - too close
10-19 17:59:35.498 21104 21184 I FusedLocation: (REDACTED) location delivery to %s blocked - too close
10-19 17:59:35.501 21104 21184 I FusedLocation: (REDACTED) location delivery to %s blocked - too fast
10-19 17:59:35.502 21104 21184 I FusedLocation: (REDACTED) location delivery to %s blocked - too fast
10-19 17:59:38.571 21163 22073 I Authzen : [DeviceStateSyncManager] The server is in sync with current state. Nothing to do
10-19 17:59:39.008 21104 21188 W Settings: Setting airplane_mode_on has moved from android.provider.Settings.System to android.provider.Settings.Global, returning read-only value.
10-19 17:59:39.013 21104 21779 W SystemServiceRegistry: No service published for: wifirtt
10-19 17:59:39.035 21104 21143 I WifiScanner: onFullResults
10-19 17:59:39.036 21104 21118 I WifiScanner: onFullResults
10-19 17:59:39.036 21104 21143 I WifiScanner: onFullResults
10-19 17:59:39.090 21104 22070 I FrewleTileCacheManagerV: (REDACTED) Fetched %d AP models from cache
10-19 17:59:39.129 21104 21184 I FusedLocation: (REDACTED) location delivery to %s blocked - too close
10-19 17:59:39.130 21104 21184 I FusedLocation: (REDACTED) location delivery to %s blocked - too fast
10-19 17:59:39.130 21104 21184 I FusedLocation: (REDACTED) location delivery to %s blocked - too close
10-19 17:59:39.130 21104 21184 I FusedLocation: (REDACTED) location delivery to %s blocked - too close
10-19 17:59:39.133 21104 21184 I FusedLocation: (REDACTED) location delivery to %s blocked - too fast
10-19 17:59:39.135 21104 21184 I fznc    : Received empty WiFi-RTT scan. [CONTEXT service_id=6 ]
10-19 17:59:40.505 21104 21184 I FusedLocation: (REDACTED) location delivery to %s blocked - too close
10-19 17:59:40.506 21104 21184 I FusedLocation: (REDACTED) location delivery to %s blocked - too fast
10-19 17:59:40.506 21104 21184 I FusedLocation: (REDACTED) location delivery to %s blocked - too close
10-19 17:59:40.507 21104 21184 I FusedLocation: (REDACTED) location delivery to %s blocked - too close
10-19 17:59:40.509 21104 21184 I FusedLocation: (REDACTED) location delivery to %s blocked - too fast
10-19 17:59:40.510 21104 21184 I FusedLocation: (REDACTED) location delivery to %s blocked - too fast
10-19 17:59:42.461  7096  7120 I native  : I0000 00:00:1760876982.461426    7120 soda_async_impl.cc:1383] Current audio timestamp: 1760876982359289
10-19 17:59:42.479  7096  7126 W ProxyAndroidLoggerBackend: Too many Flogger logs received before configuration. Dropping old logs.
10-19 17:59:44.038 21104 21188 W Settings: Setting airplane_mode_on has moved from android.provider.Settings.System to android.provider.Settings.Global, returning read-only value.
10-19 17:59:44.046 21104 21771 W SystemServiceRegistry: No service published for: wifirtt
10-19 17:59:44.790 21104 21118 I WifiScanner: onFullResults
10-19 17:59:44.790 21104 21250 I WifiScanner: onFullResults
10-19 17:59:44.790 21104 21143 I WifiScanner: onFullResults
10-19 17:59:44.801 21104 21779 I FrewleTileCacheManagerV: (REDACTED) Fetched %d AP models from cache
10-19 17:59:44.829 21104 21184 I FusedLocation: (REDACTED) location delivery to %s blocked - too close
10-19 17:59:44.830 21104 21184 I FusedLocation: (REDACTED) location delivery to %s blocked - too fast
10-19 17:59:44.830 21104 21184 I FusedLocation: (REDACTED) location delivery to %s blocked - too close
10-19 17:59:44.830 21104 21184 I FusedLocation: (REDACTED) location delivery to %s blocked - too close
10-19 17:59:44.834 21104 21184 I fznc    : Received empty WiFi-RTT scan. [CONTEXT service_id=6 ]
10-19 17:59:44.892 21104 21771 I TFLite-in-PlayServices: Created interpreter.
10-19 17:59:44.917 21104 21771 I TFLite-in-PlayServices: Created interpreter.
10-19 17:59:44.943 21104 21771 I SemanticLocation: (REDACTED) [Inferrer] %s%s
10-19 17:59:45.079 14485 14591 I chbox:googleapp: Explicit concurrent copying GC freed 3173KB AllocSpace bytes, 8(128KB) LOS objects, 49% free, 15MB/30MB, paused 359us,123us total 355.982ms
10-19 17:59:45.295 14485 14591 I chbox:googleapp: Explicit concurrent copying GC freed 255KB AllocSpace bytes, 0(0B) LOS objects, 49% free, 15MB/30MB, paused 2.876ms,126us total 209.703ms
10-19 17:59:45.305 14485 14591 I app_process: Native memory cannot be purged, Android API level < 28.
10-19 17:59:45.503 21104 21184 I FusedLocation: (REDACTED) location delivery to %s blocked - too close
10-19 17:59:45.504 21104 21184 I FusedLocation: (REDACTED) location delivery to %s blocked - too fast
10-19 17:59:45.504 21104 21184 I FusedLocation: (REDACTED) location delivery to %s blocked - too close
10-19 17:59:45.504 21104 21184 I FusedLocation: (REDACTED) location delivery to %s blocked - too close
10-19 17:59:45.505 21104 21184 I FusedLocation: (REDACTED) location delivery to %s blocked - too fast
10-19 17:59:45.507 21104 21184 I FusedLocation: (REDACTED) location delivery to %s blocked - too fast
10-19 17:59:45.508 21104 21184 I FusedLocation: (REDACTED) location delivery to %s blocked - too fast
10-19 17:59:47.456 21104 21188 I ActivityScheduler: nextTriggerTime: 1321161820, in 5000ms, detectorType: 39, FULL_TYPE alarmWindowMillis: 625
10-19 17:59:47.457 21104 21771 I SemanticLocation: New activity record out of order; sorting [CONTEXT service_id=173 ]
10-19 17:59:49.793 21104 21188 W Settings: Setting airplane_mode_on has moved from android.provider.Settings.System to android.provider.Settings.Global, returning read-only value.
10-19 17:59:49.800 21104 21779 W SystemServiceRegistry: No service published for: wifirtt
10-19 17:59:49.822 21104 22225 I WifiScanner: onFullResults
10-19 17:59:49.823 21104 21143 I WifiScanner: onFullResults
10-19 17:59:49.823 21104 22224 I WifiScanner: onFullResults
10-19 17:59:49.860 21104 21771 I FrewleTileCacheManagerV: (REDACTED) Fetched %d AP models from cache
10-19 17:59:49.909 21104 21184 I FusedLocation: (REDACTED) location delivery to %s blocked - too close
10-19 17:59:49.909 21104 21184 I FusedLocation: (REDACTED) location delivery to %s blocked - too fast
10-19 17:59:49.909 21104 21184 I FusedLocation: (REDACTED) location delivery to %s blocked - too close
10-19 17:59:49.909 21104 21184 I FusedLocation: (REDACTED) location delivery to %s blocked - too close
10-19 17:59:49.913 21104 21184 I FusedLocation: (REDACTED) location delivery to %s blocked - too fast
10-19 17:59:49.915 21104 21184 I fznc    : Received empty WiFi-RTT scan. [CONTEXT service_id=6 ]
10-19 17:59:50.510 21104 21184 I FusedLocation: (REDACTED) location delivery to %s blocked - too close
10-19 17:59:50.510 21104 21184 I FusedLocation: (REDACTED) location delivery to %s blocked - too fast
10-19 17:59:50.511 21104 21184 I FusedLocation: (REDACTED) location delivery to %s blocked - too close
10-19 17:59:50.511 21104 21184 I FusedLocation: (REDACTED) location delivery to %s blocked - too close
10-19 17:59:50.511 21104 21184 I FusedLocation: (REDACTED) location delivery to %s blocked - too fast
10-19 17:59:50.512 21104 21184 I FusedLocation: (REDACTED) location delivery to %s blocked - too fast
10-19 17:59:50.512 21104 21184 I FusedLocation: (REDACTED) location delivery to %s blocked - too fast
10-19 17:59:54.825 21104 21188 W Settings: Setting airplane_mode_on has moved from android.provider.Settings.System to android.provider.Settings.Global, returning read-only value.
10-19 17:59:54.831 21104 22070 W SystemServiceRegistry: No service published for: wifirtt
10-19 17:59:55.328 21104 22224 I WifiScanner: onFullResults
10-19 17:59:55.330 21104 21118 I WifiScanner: onFullResults
10-19 17:59:55.331 21104 21143 I WifiScanner: onFullResults
10-19 17:59:55.345 21104 21771 I FrewleTileCacheManagerV: (REDACTED) Fetched %d AP models from cache
10-19 17:59:55.384 21104 21184 I FusedLocation: (REDACTED) location delivery to %s blocked - too close
10-19 17:59:55.385 21104 21184 I FusedLocation: (REDACTED) location delivery to %s blocked - too fast
10-19 17:59:55.385 21104 21184 I FusedLocation: (REDACTED) location delivery to %s blocked - too close
10-19 17:59:55.385 21104 21184 I FusedLocation: (REDACTED) location delivery to %s blocked - too close
10-19 17:59:55.387 21104 21184 I FusedLocation: (REDACTED) location delivery to %s blocked - too fast
10-19 17:59:55.389 21104 21184 I fznc    : Received empty WiFi-RTT scan. [CONTEXT service_id=6 ]
10-19 17:59:55.516 21104 21184 I FusedLocation: (REDACTED) location delivery to %s blocked - too close
10-19 17:59:55.516 21104 21184 I FusedLocation: (REDACTED) location delivery to %s blocked - too fast
10-19 17:59:55.516 21104 21184 I FusedLocation: (REDACTED) location delivery to %s blocked - too close
10-19 17:59:55.516 21104 21184 I FusedLocation: (REDACTED) location delivery to %s blocked - too close
10-19 17:59:55.517 21104 21184 I FusedLocation: (REDACTED) location delivery to %s blocked - too fast
10-19 17:59:55.520 21104 21184 I FusedLocation: (REDACTED) location delivery to %s blocked - too fast
10-19 17:59:55.521 21104 21184 I FusedLocation: (REDACTED) location delivery to %s blocked - too fast
10-19 17:59:56.517 21104 21184 I FusedLocation: (REDACTED) location delivery to %s blocked - too close
10-19 17:59:56.518 21104 21184 I FusedLocation: (REDACTED) location delivery to %s blocked - too fast
10-19 17:59:56.519 21104 21184 I FusedLocation: (REDACTED) location delivery to %s blocked - too close
10-19 17:59:56.519 21104 21184 I FusedLocation: (REDACTED) location delivery to %s blocked - too close
10-19 17:59:56.521 21104 21184 I FusedLocation: (REDACTED) location delivery to %s blocked - too fast
10-19 17:59:56.522 21104 21184 I FusedLocation: (REDACTED) location delivery to %s blocked - too fast
10-19 17:59:58.210 21104 21188 I ActivityScheduler: nextTriggerTime: 1321172573, in 5000ms, detectorType: 39, FULL_TYPE alarmWindowMillis: 625
10-19 18:00:00.058 15531 15531 I ndroid.settings: Using CollectorTypeCC GC.
10-19 18:00:00.065 15531 15531 E ndroid.settings: Not starting debugger since process cannot load the jdwp agent.
10-19 18:00:00.073 15531 15531 E ndroid.settings: BBinder_init Processname  <pre-initialized>  
10-19 18:00:00.074 15531 15531 E ndroid.settings: BBinder_init hasGetProcessName  <pre-initialized>
10-19 18:00:00.331 21104 21188 W Settings: Setting airplane_mode_on has moved from android.provider.Settings.System to android.provider.Settings.Global, returning read-only value.
10-19 18:00:00.335 21104 21779 W SystemServiceRegistry: No service published for: wifirtt
10-19 18:00:00.346 21104 21118 I WifiScanner: onFullResults
10-19 18:00:00.347 21104 21143 I WifiScanner: onFullResults
10-19 18:00:00.348 21104 22224 I WifiScanner: onFullResults
10-19 18:00:00.381 21104 22070 I FrewleTileCacheManagerV: (REDACTED) Fetched %d AP models from cache
10-19 18:00:00.411 21104 21184 I FusedLocation: (REDACTED) location delivery to %s blocked - too close
10-19 18:00:00.412 21104 21184 I FusedLocation: (REDACTED) location delivery to %s blocked - too fast
10-19 18:00:00.412 21104 21184 I FusedLocation: (REDACTED) location delivery to %s blocked - too close
10-19 18:00:00.412 21104 21184 I FusedLocation: (REDACTED) location delivery to %s blocked - too close
10-19 18:00:00.415 21104 21184 I fznc    : Received empty WiFi-RTT scan. [CONTEXT service_id=6 ]
10-19 18:00:00.418 21104 22070 I SemanticLocation: [InfMgr] No location reports after filtering [CONTEXT service_id=173 ]
10-19 18:00:00.705 15531 22128 E ndroid.settings: Invalid resource ID 0x00000000.
--------- beginning of system
10-19 18:00:00.718 15531 22132 W PowerProfile: screen.on is deprecated! Use screen.on.display0 instead.
10-19 18:00:00.718 15531 22132 W PowerProfile: screen.full is deprecated! Use screen.full.display0 instead.
10-19 18:00:00.719 15531 22132 W ModemPowerProfile: getAverageBatteryDrainMaH called with unexpected key: 0x0, drain:SLEEP,RAT:DEFAULT
10-19 18:00:00.719 15531 22132 W ModemPowerProfile: getAverageBatteryDrainMaH called with unexpected key: 0x10000000, drain:IDLE,RAT:DEFAULT
10-19 18:00:00.719 15531 22132 W ModemPowerProfile: getAverageBatteryDrainMaH called with unexpected key: 0x20000000, drain:RX,RAT:DEFAULT
10-19 18:00:00.719 15531 22132 W ModemPowerProfile: getAverageBatteryDrainMaH called with unexpected key: 0x30000000, drain:TX,level:0,RAT:DEFAULT
10-19 18:00:00.719 15531 22132 W ModemPowerProfile: getAverageBatteryDrainMaH called with unexpected key: 0x31000000, drain:TX,level:1,RAT:DEFAULT
10-19 18:00:00.721 15531 22132 W ModemPowerProfile: getAverageBatteryDrainMaH called with unexpected key: 0x32000000, drain:TX,level:2,RAT:DEFAULT
10-19 18:00:00.721 15531 22132 W ModemPowerProfile: getAverageBatteryDrainMaH called with unexpected key: 0x33000000, drain:TX,level:3,RAT:DEFAULT
10-19 18:00:00.721 15531 22132 W ModemPowerProfile: getAverageBatteryDrainMaH called with unexpected key: 0x34000000, drain:TX,level:4,RAT:DEFAULT
10-19 18:00:01.016 15531 22128 E ndroid.settings: Invalid resource ID 0x00000000.
10-19 18:00:01.483 21104 21184 I FusedLocation: (REDACTED) location delivery to %s blocked - too close
10-19 18:00:01.483 21104 21184 I FusedLocation: (REDACTED) location delivery to %s blocked - too fast
10-19 18:00:01.484 21104 21184 I FusedLocation: (REDACTED) location delivery to %s blocked - too close
10-19 18:00:01.484 21104 21184 I FusedLocation: (REDACTED) location delivery to %s blocked - too close
10-19 18:00:01.487 21104 21184 I FusedLocation: (REDACTED) location delivery to %s blocked - too fast
10-19 18:00:01.487 21104 21184 I FusedLocation: (REDACTED) location delivery to %s blocked - too fast
10-19 18:00:05.351 21104 21188 W Settings: Setting airplane_mode_on has moved from android.provider.Settings.System to android.provider.Settings.Global, returning read-only value.
10-19 18:00:05.360 21104 21779 W SystemServiceRegistry: No service published for: wifirtt
10-19 18:00:05.851 21104 23957 I WifiScanner: onFullResults
10-19 18:00:05.853 21104 21250 I WifiScanner: onFullResults
10-19 18:00:05.854 21104 23957 I WifiScanner: onFullResults
10-19 18:00:05.860 21104 21779 I FrewleTileCacheManagerV: (REDACTED) Fetched %d AP models from cache
10-19 18:00:05.883 21104 21184 I FusedLocation: (REDACTED) location delivery to %s blocked - too close
10-19 18:00:05.883 21104 21184 I FusedLocation: (REDACTED) location delivery to %s blocked - too fast
10-19 18:00:05.883 21104 21184 I FusedLocation: (REDACTED) location delivery to %s blocked - too close
10-19 18:00:05.883 21104 21184 I FusedLocation: (REDACTED) location delivery to %s blocked - too close
10-19 18:00:05.885 21104 21184 I FusedLocation: (REDACTED) location delivery to %s blocked - too fast
10-19 18:00:05.886 21104 21184 I fznc    : Received empty WiFi-RTT scan. [CONTEXT service_id=6 ]
10-19 18:00:06.387 15531 22132 W ratelimit: Single process limit 50/s drop 182 lines.
10-19 18:00:06.499 21104 21184 I FusedLocation: (REDACTED) location delivery to %s blocked - too close
10-19 18:00:06.500 21104 21184 I FusedLocation: (REDACTED) location delivery to %s blocked - too fast
10-19 18:00:06.500 21104 21184 I FusedLocation: (REDACTED) location delivery to %s blocked - too close
10-19 18:00:06.500 21104 21184 I FusedLocation: (REDACTED) location delivery to %s blocked - too close
10-19 18:00:06.501 21104 21184 I FusedLocation: (REDACTED) location delivery to %s blocked - too fast
10-19 18:00:06.502 21104 21184 I FusedLocation: (REDACTED) location delivery to %s blocked - too fast
10-19 18:00:06.503 21104 21184 I FusedLocation: (REDACTED) location delivery to %s blocked - too fast
10-19 18:00:08.621 15531 22132 E IPCThreadState: Binder transaction failure. id: 457694284, BR_*: 29201, error: -28 (No space left on device)
10-19 18:00:08.622 15531 22132 W BpBinder: Large outgoing transaction of 4333068 bytes, interface descriptor , code 13
10-19 18:00:08.622 15531 22132 E JavaBinder: !!! FAILED BINDER TRANSACTION !!!  (parcel size = 4333068)
10-19 18:00:08.725 21104 21188 I ActivityScheduler: nextTriggerTime: 1321183088, in 5000ms, detectorType: 39, FULL_TYPE alarmWindowMillis: 625
10-19 18:00:10.855 21104 21188 W Settings: Setting airplane_mode_on has moved from android.provider.Settings.System to android.provider.Settings.Global, returning read-only value.
10-19 18:00:10.861 21104 21779 W SystemServiceRegistry: No service published for: wifirtt
10-19 18:00:10.876 21104 23957 I WifiScanner: onFullResults
10-19 18:00:10.876 21104 21250 I WifiScanner: onFullResults
10-19 18:00:10.877 21104 21142 I WifiScanner: onFullResults
10-19 18:00:10.944 21104 22070 I FrewleTileCacheManagerV: (REDACTED) Fetched %d AP models from cache
10-19 18:00:10.991 21104 21184 I FusedLocation: (REDACTED) location delivery to %s blocked - too close
10-19 18:00:10.992 21104 21184 I FusedLocation: (REDACTED) location delivery to %s blocked - too fast
10-19 18:00:10.993 21104 21184 I FusedLocation: (REDACTED) location delivery to %s blocked - too close
10-19 18:00:10.993 21104 21184 I FusedLocation: (REDACTED) location delivery to %s blocked - too close
10-19 18:00:10.997 21104 21184 I FusedLocation: (REDACTED) location delivery to %s blocked - too fast
10-19 18:00:11.000 21104 21184 I fznc    : Received empty WiFi-RTT scan. [CONTEXT service_id=6 ]
10-19 18:00:11.513 21104 21184 I FusedLocation: (REDACTED) location delivery to %s blocked - too close
10-19 18:00:11.514 21104 21184 I FusedLocation: (REDACTED) location delivery to %s blocked - too fast
10-19 18:00:11.514 21104 21184 I FusedLocation: (REDACTED) location delivery to %s blocked - too close
10-19 18:00:11.514 21104 21184 I FusedLocation: (REDACTED) location delivery to %s blocked - too close
10-19 18:00:11.515 21104 21184 I FusedLocation: (REDACTED) location delivery to %s blocked - too fast
10-19 18:00:11.517 21104 21184 I FusedLocation: (REDACTED) location delivery to %s blocked - too fast
10-19 18:00:11.518 21104 21184 I FusedLocation: (REDACTED) location delivery to %s blocked - too fast
10-19 18:00:12.461  7096  7120 I native  : I0000 00:00:1760877012.460923    7120 soda_async_impl.cc:1383] Current audio timestamp: 1760877012359289
10-19 18:00:12.479  7096  7126 W ProxyAndroidLoggerBackend: Too many Flogger logs received before configuration. Dropping old logs.
10-19 18:00:15.881 21104 21188 W Settings: Setting airplane_mode_on has moved from android.provider.Settings.System to android.provider.Settings.Global, returning read-only value.
10-19 18:00:15.888 21104 22181 W SystemServiceRegistry: No service published for: wifirtt
10-19 18:00:16.394 21104 23957 I WifiScanner: onFullResults
10-19 18:00:16.394 21104 21250 I WifiScanner: onFullResults
10-19 18:00:16.397 21104 21142 I WifiScanner: onFullResults
10-19 18:00:16.410 21104 21779 I FrewleTileCacheManagerV: (REDACTED) Fetched %d AP models from cache
10-19 18:00:16.448 21104 21184 I FusedLocation: (REDACTED) location delivery to %s blocked - too close
10-19 18:00:16.449 21104 21184 I FusedLocation: (REDACTED) location delivery to %s blocked - too fast
10-19 18:00:16.449 21104 21184 I FusedLocation: (REDACTED) location delivery to %s blocked - too close
10-19 18:00:16.450 21104 21184 I FusedLocation: (REDACTED) location delivery to %s blocked - too close
10-19 18:00:16.456 21104 21184 I fznc    : Received empty WiFi-RTT scan. [CONTEXT service_id=6 ]
10-19 18:00:16.476 21104 21184 I FusedLocation: (REDACTED) location delivery to %s blocked - too close
10-19 18:00:16.477 21104 21184 I FusedLocation: (REDACTED) location delivery to %s blocked - too fast
10-19 18:00:16.477 21104 21184 I FusedLocation: (REDACTED) location delivery to %s blocked - too close
10-19 18:00:16.477 21104 21184 I FusedLocation: (REDACTED) location delivery to %s blocked - too close
10-19 18:00:16.477 21104 21184 I FusedLocation: (REDACTED) location delivery to %s blocked - too fast
10-19 18:00:16.478 21104 21184 I FusedLocation: (REDACTED) location delivery to %s blocked - too fast
10-19 18:00:16.478 21104 21184 I FusedLocation: (REDACTED) location delivery to %s blocked - too fast
10-19 18:00:16.521 21104 21771 I TFLite-in-PlayServices: Created interpreter.
10-19 18:00:16.544 21104 21771 I TFLite-in-PlayServices: Created interpreter.
10-19 18:00:16.567 21104 21771 I SemanticLocation: (REDACTED) [Inferrer] %s%s
10-19 18:00:19.265 21104 21188 I ActivityScheduler: nextTriggerTime: 1321193629, in 5000ms, detectorType: 39, FULL_TYPE alarmWindowMillis: 625
10-19 18:00:21.395 21104 21188 W Settings: Setting airplane_mode_on has moved from android.provider.Settings.System to android.provider.Settings.Global, returning read-only value.
10-19 18:00:21.405 21104 22070 W SystemServiceRegistry: No service published for: wifirtt
10-19 18:00:21.425 21104 21142 I WifiScanner: onFullResults
10-19 18:00:21.425 21104 21250 I WifiScanner: onFullResults
10-19 18:00:21.426 21104 23957 I WifiScanner: onFullResults
10-19 18:00:21.455 21104 22070 I FrewleTileCacheManagerV: (REDACTED) Fetched %d AP models from cache
10-19 18:00:21.477 21104 21184 I FusedLocation: (REDACTED) location delivery to %s blocked - too close
10-19 18:00:21.477 21104 21184 I FusedLocation: (REDACTED) location delivery to %s blocked - too fast
10-19 18:00:21.478 21104 21184 I FusedLocation: (REDACTED) location delivery to %s blocked - too close
10-19 18:00:21.478 21104 21184 I FusedLocation: (REDACTED) location delivery to %s blocked - too close
10-19 18:00:21.481 21104 21184 I FusedLocation: (REDACTED) location delivery to %s blocked - too fast
10-19 18:00:21.486 21104 21184 I fznc    : Received empty WiFi-RTT scan. [CONTEXT service_id=6 ]
10-19 18:00:21.907 15531 22109 W ndroid.settings: ApkAssets: Deleting an ApkAssets object '<empty> and /system/dyn/app/IqooSecure/IqooSecure.apk' with 2 weak references
10-19 18:00:21.908 15531 22109 W ndroid.settings: ApkAssets: Deleting an ApkAssets object '<empty> and /system/app/BBKAccount/BBKAccount.apk' with 2 weak references
10-19 18:00:21.909 15531 22109 W ndroid.settings: ApkAssets: Deleting an ApkAssets object '<empty> and /system/app/AudioEffect/AudioEffect.apk' with 2 weak references
10-19 18:00:21.909 15531 22109 W ndroid.settings: ApkAssets: Deleting an ApkAssets object '<empty> and /system/app/VivoSmartMultiWindow/VivoSmartMultiWindow.apk' with 2 weak references
10-19 18:00:21.912 15531 22109 W ndroid.settings: ApkAssets: Deleting an ApkAssets object '<empty> and /system/app/SmartKey/SmartKey.apk' with 2 weak references
10-19 18:00:21.912 15531 22109 W ndroid.settings: ApkAssets: Deleting an ApkAssets object '<empty> and /data/app/~~wNMuk5gdH9kB2VTegQ6Sxg==/com.a1taxi.driverpro-oApJGQ7M2XY8Z_KeTnNMFg==/base.apk' with 2 weak references
10-19 18:00:21.913 15531 22109 W ndroid.settings: ApkAssets: Deleting an ApkAssets object '<empty> and /system/app/SuperCard/SuperCard.apk' with 2 weak references
10-19 18:00:21.913 15531 22109 W ndroid.settings: ApkAssets: Deleting an ApkAssets object '<empty> and /data/app/~~wGnTClMI1tnlJxeSH0sgWQ==/com.a1taxi.a1taxicustomer-iKq0bxkUZD0N_mIC98uDqQ==/base.apk' with 2 weak references
10-19 18:00:21.914 15531 22109 W ndroid.settings: ApkAssets: Deleting an ApkAssets object '<empty> and /system/app/BBKCrontab/BBKCrontab.apk' with 2 weak references
10-19 18:00:21.914 15531 22109 W ndroid.settings: ApkAssets: Deleting an ApkAssets object '<empty> and /data/app/~~OLNwR-GNpxdAZ-xkr0Y-2g==/com.cleartrip.android-1M70SPT8gUBH3pRk8e1vcw==/base.apk' with 2 weak references
10-19 18:00:21.915 15531 22109 W ndroid.settings: ApkAssets: Deleting an ApkAssets object '<empty> and /system/app/FloatingBall/FloatingBall.apk' with 2 weak references
10-19 18:00:21.915 15531 22109 W ndroid.settings: ApkAssets: Deleting an ApkAssets object '<empty> and /data/app/~~Ni5m9rOIYd20IHvTFoOnuQ==/com.mediocre.smashhit-qUOp6xc7dkQFBJI_0eD-FQ==/base.apk' with 2 weak references
10-19 18:00:21.916 15531 22109 W ndroid.settings: ApkAssets: Deleting an ApkAssets object '<empty> and /system/app/SmartShot/SmartShot.apk' with 2 weak references
10-19 18:00:21.916 15531 22109 W ndroid.settings: ApkAssets: Deleting an ApkAssets object '<empty> and /data/app/~~0DmDyaLsvKFH0kLl4kTizw==/com.booking-EsbCWe-ifgz_6RhgMXewWg==/base.apk' with 2 weak references
10-19 18:00:21.917 15531 22109 W ndroid.settings: ApkAssets: Deleting an ApkAssets object '<empty> and /system/priv-app/FloatingCamera/FloatingCamera.apk' with 2 weak references
10-19 18:00:21.918 15531 22109 W ndroid.settings: ApkAssets: Deleting an ApkAssets object '<empty> and /system/app/MinScreen/MinScreen.apk' with 2 weak references
10-19 18:00:21.918 15531 22109 W ndroid.settings: ApkAssets: Deleting an ApkAssets object '<empty> and /data/app/~~0DmDyaLsvKFH0kLl4kTizw==/com.booking-EsbCWe-ifgz_6RhgMXewWg==/split_config.arm64_v8a.apk' with 2 weak references
10-19 18:00:21.919 15531 22109 W ndroid.settings: ApkAssets: Deleting an ApkAssets object '<empty> and /data/app/~~0DmDyaLsvKFH0kLl4kTizw==/com.booking-EsbCWe-ifgz_6RhgMXewWg==/split_config.xxhdpi.apk' with 2 weak references
10-19 18:00:21.919 15531 22109 W ndroid.settings: ApkAssets: Deleting an ApkAssets object '<empty> and /data/app/~~O6rl15dJb50drM-hNT-o5A==/host.exp.exponent-VV2RWFguikxSwJOsrbvgyA==/base.apk' with 2 weak references
10-19 18:00:21.919 15531 22109 W ndroid.settings: ApkAssets: Deleting an ApkAssets object '<empty> and /data/app/~~O6rl15dJb50drM-hNT-o5A==/host.exp.exponent-VV2RWFguikxSwJOsrbvgyA==/split_config.arm64_v8a.apk' with 2 weak references
10-19 18:00:21.920 15531 22109 W ndroid.settings: ApkAssets: Deleting an ApkAssets object '<empty> and /data/app/~~O6rl15dJb50drM-hNT-o5A==/host.exp.exponent-VV2RWFguikxSwJOsrbvgyA==/split_config.en.apk' with 2 weak references
10-19 18:00:21.920 15531 22109 W ndroid.settings: ApkAssets: Deleting an ApkAssets object '<empty> and /data/app/~~O6rl15dJb50drM-hNT-o5A==/host.exp.exponent-VV2RWFguikxSwJOsrbvgyA==/split_config.xxhdpi.apk' with 2 weak references
10-19 18:00:21.920 15531 22109 W ndroid.settings: ApkAssets: Deleting an ApkAssets object '<empty> and /data/app/~~Na_E4VXYPEdS0423EwWhpQ==/com.google.android.music-dS_7d7woOeToHl_Ajdp1GQ==/base.apk' with 2 weak references
10-19 18:00:21.921 15531 22109 W ndroid.settings: ApkAssets: Deleting an ApkAssets object '<empty> and /data/app/~~KgE9HbnByLOv1uv9I67nHA==/com.microsoft.office.excel-Md9DT4sOCcyImNgQ8BsZRw==/base.apk' with 2 weak references
10-19 18:00:21.921 15531 22109 W ndroid.settings: ApkAssets: Deleting an ApkAssets object '<empty> and /system/app/NightPearlUI/NightPearlUI.apk' with 2 weak references
10-19 18:00:21.922 15531 22109 W ndroid.settings: ApkAssets: Deleting an ApkAssets object '<empty> and /data/app/~~N-XV-PAB6w_YlEK8eoyoXQ==/com.airbnb.android-dnv1mIc1USK14kK-VA0AFw==/base.apk' with 2 weak references
10-19 18:00:21.923 15531 22109 W ndroid.settings: ApkAssets: Deleting an ApkAssets object '<empty> and /data/app/~~N-XV-PAB6w_YlEK8eoyoXQ==/com.airbnb.android-dnv1mIc1USK14kK-VA0AFw==/split_config.arm64_v8a.apk' with 2 weak references
10-19 18:00:21.923 15531 22109 W ndroid.settings: ApkAssets: Deleting an ApkAssets object '<empty> and /data/app/~~N-XV-PAB6w_YlEK8eoyoXQ==/com.airbnb.android-dnv1mIc1USK14kK-VA0AFw==/split_config.en.apk' with 2 weak references
10-19 18:00:21.924 15531 22109 W ndroid.settings: ApkAssets: Deleting an ApkAssets object '<empty> and /data/app/~~N-XV-PAB6w_YlEK8eoyoXQ==/com.airbnb.android-dnv1mIc1USK14kK-VA0AFw==/split_config.xxhdpi.apk' with 2 weak references
10-19 18:00:21.924 15531 22109 W System  : A resource failed to call ContentProviderClient.close. 
10-19 18:00:21.924 15531 22109 W ndroid.settings: ApkAssets: Deleting an ApkAssets object '<empty> and /data/app/~~VECHlTu1qXlRxryLYkx5ew==/com.whatsapp-rzMrQGAnUj1JTLL3REp3oQ==/base.apk' with 2 weak references
10-19 18:00:21.925 15531 22109 W ndroid.settings: ApkAssets: Deleting an ApkAssets object '<empty> and /system/app/BBKSoundRecorder/BBKSoundRecorder.apk' with 1 weak references
10-19 18:00:21.926 15531 22109 W ndroid.settings: ApkAssets: Deleting an ApkAssets object '<empty> and /data/app/~~VECHlTu1qXlRxryLYkx5ew==/com.whatsapp-rzMrQGAnUj1JTLL3REp3oQ==/split_config.arm64_v8a.apk' with 2 weak references
10-19 18:00:21.926 15531 22109 W ndroid.settings: ApkAssets: Deleting an ApkAssets object '<empty> and /system/app/BBKWeatherProvider/BBKWeatherProvider.apk' with 2 weak references
10-19 18:00:21.927 15531 22109 W ndroid.settings: ApkAssets: Deleting an ApkAssets object '<empty> and /data/app/~~VECHlTu1qXlRxryLYkx5ew==/com.whatsapp-rzMrQGAnUj1JTLL3REp3oQ==/split_config.xxhdpi.apk' with 2 weak references
10-19 18:00:21.927 15531 22109 W ndroid.settings: ApkAssets: Deleting an ApkAssets object '<empty> and /data/app/~~U7zqbrHB7HfKaC6SX_ljFg==/com.google.android.youtube-j2UNFWJe_A00mSop1jNYgw==/base.apk' with 2 weak references
10-19 18:00:21.928 15531 22109 W ndroid.settings: ApkAssets: Deleting an ApkAssets object '<empty> and /data/app/~~deN_TmpOilfXLRk3X_pDgA==/com.sbi.lotusintouch-GwIigX_wzAzRki-sC78gtg==/base.apk' with 2 weak references
10-19 18:00:21.928 15531 22109 W ndroid.settings: ApkAssets: Deleting an ApkAssets object '<empty> and /data/app/~~U7zqbrHB7HfKaC6SX_ljFg==/com.google.android.youtube-j2UNFWJe_A00mSop1jNYgw==/split_config.arm64_v8a.apk' with 2 weak references
10-19 18:00:21.929 15531 22109 W ndroid.settings: ApkAssets: Deleting an ApkAssets object '<empty> and /data/app/~~U7zqbrHB7HfKaC6SX_ljFg==/com.google.android.youtube-j2UNFWJe_A00mSop1jNYgw==/split_config.en.apk' with 2 weak references
10-19 18:00:21.929 15531 22109 W ndroid.settings: ApkAssets: Deleting an ApkAssets object '<empty> and /data/app/~~U7zqbrHB7HfKaC6SX_ljFg==/com.google.android.youtube-j2UNFWJe_A00mSop1jNYgw==/split_config.xxhdpi.apk' with 2 weak references
10-19 18:00:21.930 15531 22109 W ndroid.settings: ApkAssets: Deleting an ApkAssets object '<empty> and /data/app/~~r5J_GLtr0Ap9j8K9DJ5ijw==/com.application.zomato-zamaQzhKvK_5MHAV-AS52Q==/base.apk' with 2 weak references
10-19 18:00:21.930 15531 22109 W ndroid.settings: ApkAssets: Deleting an ApkAssets object '<empty> and /system/app/AssistantFunction/AssistantFunction.apk' with 1 weak references
10-19 18:00:21.931 15531 22109 W ndroid.settings: ApkAssets: Deleting an ApkAssets object '<empty> and /apex/com.android.uwb/priv-app/ServiceUwbResources@AP3A.240905.015.A2/ServiceUwbResources.apk' with 1 weak references
10-19 18:00:21.931 15531 22109 W ndroid.settings: ApkAssets: Deleting an ApkAssets object '<empty> and /data/app/~~r5J_GLtr0Ap9j8K9DJ5ijw==/com.application.zomato-zamaQzhKvK_5MHAV-AS52Q==/split_config.arm64_v8a.apk' with 2 weak references
10-19 18:00:21.932 15531 22109 W ndroid.settings: ApkAssets: Deleting an ApkAssets object '<empty> and /system/app/asvit/asvit.apk' with 1 weak references
10-19 18:00:21.932 15531 22109 W ndroid.settings: ApkAssets: Deleting an ApkAssets object '<empty> and /product/overlay/DisplayCutoutEmulationCorner/DisplayCutoutEmulationCornerOverlay.apk' with 1 weak references
10-19 18:00:21.932 15531 22109 W ndroid.settings: ApkAssets: Deleting an ApkAssets object '<empty> and /apex/com.android.extservices/priv-app/GoogleExtServices@360906080/GoogleExtServices.apk' with 1 weak references
10-19 18:00:21.933 15531 22109 W ndroid.settings: ApkAssets: Deleting an ApkAssets object '<empty> and /data/app/~~v5jx9H4i58uFQrmTpVMAlQ==/com.makemytrip-FL-Cg87u4yaxQvK-dUkgGA==/base.apk' with 2 weak references
10-19 18:00:21.934 15531 22109 W ndroid.settings: ApkAssets: Deleting an ApkAssets object '<empty> and /system/app/MonochromeIcons/MonochromeIcons.apk' with 1 weak references
10-19 18:00:21.934 15531 22109 W ndroid.settings: ApkAssets: Deleting an ApkAssets object '<empty> and /product/overlay/DisplayCutoutEmulationDouble/DisplayCutoutEmulationDoubleOverlay.apk' with 1 weak references
10-19 18:00:22.000 15531 22109 W ratelimit: Single process limit 50/s drop 203 lines.
10-19 18:00:22.000 15531 22109 W ndroid.settings: ApkAssets: Deleting an ApkAssets object '<empty> and /data/app/~~UpOT7pjJA-LwQ5bb11VS_g==/com.google.android.apps.maps-bSebZifGKJTp-L5WetqEiw==/split_config.gu.apk' with 2 weak references
10-19 18:00:22.001 15531 22109 W ndroid.settings: ApkAssets: Deleting an ApkAssets object '<empty> and /system/app/PacProcessor/PacProcessor.apk' with 1 weak references
10-19 18:00:22.001 15531 22109 W ndroid.settings: ApkAssets: Deleting an ApkAssets object '<empty> and /data/app/~~UpOT7pjJA-LwQ5bb11VS_g==/com.google.android.apps.maps-bSebZifGKJTp-L5WetqEiw==/split_config.hi.apk' with 2 weak references
10-19 18:00:22.001 15531 22109 W ndroid.settings: ApkAssets: Deleting an ApkAssets object '<empty> and /system/app/SimAppDialog/SimAppDialog.apk' with 1 weak references
10-19 18:00:22.001 15531 22109 W ndroid.settings: ApkAssets: Deleting an ApkAssets object '<empty> and /data/app/~~UpOT7pjJA-LwQ5bb11VS_g==/com.google.android.apps.maps-bSebZifGKJTp-L5WetqEiw==/split_config.kn.apk' with 2 weak references
10-19 18:00:22.002 15531 22109 W ndroid.settings: ApkAssets: Deleting an ApkAssets object '<empty> and /data/app/~~UpOT7pjJA-LwQ5bb11VS_g==/com.google.android.apps.maps-bSebZifGKJTp-L5WetqEiw==/split_config.ml.apk' with 2 weak references
10-19 18:00:22.002 15531 22109 W ndroid.settings: ApkAssets: Deleting an ApkAssets object '<empty> and /apex/com.android.adservices/priv-app/AdServicesApkGoogle@360918020/AdServicesApkGoogle.apk' with 1 weak references
10-19 18:00:22.003 15531 22109 W ndroid.settings: ApkAssets: Deleting an ApkAssets object '<empty> and /data/app/~~UpOT7pjJA-LwQ5bb11VS_g==/com.google.android.apps.maps-bSebZifGKJTp-L5WetqEiw==/split_config.mr.apk' with 2 weak references
10-19 18:00:22.003 15531 22109 W ndroid.settings: ApkAssets: Deleting an ApkAssets object '<empty> and /data/app/~~UpOT7pjJA-LwQ5bb11VS_g==/com.google.android.apps.maps-bSebZifGKJTp-L5WetqEiw==/split_config.pa.apk' with 2 weak references
10-19 18:00:22.003 15531 22109 W ndroid.settings: ApkAssets: Deleting an ApkAssets object '<empty> and /data/app/~~UpOT7pjJA-LwQ5bb11VS_g==/com.google.android.apps.maps-bSebZifGKJTp-L5WetqEiw==/split_config.ta.apk' with 2 weak references
10-19 18:00:22.004 15531 22109 W ndroid.settings: ApkAssets: Deleting an ApkAssets object '<empty> and /data/app/~~UpOT7pjJA-LwQ5bb11VS_g==/com.google.android.apps.maps-bSebZifGKJTp-L5WetqEiw==/split_config.te.apk' with 2 weak references
10-19 18:00:22.004 15531 22109 W ndroid.settings: ApkAssets: Deleting an ApkAssets object '<empty> and /data/app/~~UpOT7pjJA-LwQ5bb11VS_g==/com.google.android.apps.maps-bSebZifGKJTp-L5WetqEiw==/split_config.xxhdpi.apk' with 2 weak references
10-19 18:00:22.005 15531 22109 W ndroid.settings: ApkAssets: Deleting an ApkAssets object '<empty> and /data/app/~~fEibWwpOoq33dRZSFZ920A==/com.google.android.accessibility.switchaccess-cweGvKt1T9_r8DM83BM_jg==/base.apk' with 2 weak references
10-19 18:00:22.006 15531 22109 W ndroid.settings: ApkAssets: Deleting an ApkAssets object '<empty> and /data/app/~~fEibWwpOoq33dRZSFZ920A==/com.google.android.accessibility.switchaccess-cweGvKt1T9_r8DM83BM_jg==/split_config.arm64_v8a.apk' with 2 weak references
10-19 18:00:22.006 15531 22109 W ndroid.settings: ApkAssets: Deleting an ApkAssets object '<empty> and /data/app/~~Fune0dJ1ovq-5fANWftqFg==/com.google.android.gm-ewu6r1G9sFW6ivWtKWGGqw==/base.apk' with 2 weak references
10-19 18:00:22.007 15531 22109 W ndroid.settings: ApkAssets: Deleting an ApkAssets object '<empty> and /data/app/~~Fune0dJ1ovq-5fANWftqFg==/com.google.android.gm-ewu6r1G9sFW6ivWtKWGGqw==/split_config.arm64_v8a.apk' with 2 weak references
10-19 18:00:22.007 15531 22109 W ndroid.settings: ApkAssets: Deleting an ApkAssets object '<empty> and /data/app/~~Fune0dJ1ovq-5fANWftqFg==/com.google.android.gm-ewu6r1G9sFW6ivWtKWGGqw==/split_config.en.apk' with 2 weak references
10-19 18:00:22.007 15531 22109 W ndroid.settings: ApkAssets: Deleting an ApkAssets object '<empty> and /data/app/~~Fune0dJ1ovq-5fANWftqFg==/com.google.android.gm-ewu6r1G9sFW6ivWtKWGGqw==/split_config.xxhdpi.apk' with 2 weak references
10-19 18:00:22.008 15531 22109 W ndroid.settings: ApkAssets: Deleting an ApkAssets object '<empty> and /data/app/~~UBnwYHIuTzUPLhO34uja1g==/com.google.android.tts-mzMFtun4HXfQ3oF4sLehMg==/base.apk' with 2 weak references
10-19 18:00:22.008 15531 22109 W ndroid.settings: ApkAssets: Deleting an ApkAssets object '<empty> and /data/app/~~UBnwYHIuTzUPLhO34uja1g==/com.google.android.tts-mzMFtun4HXfQ3oF4sLehMg==/split_config.arm64_v8a.apk' with 2 weak references
10-19 18:00:22.008 15531 22109 W ndroid.settings: ApkAssets: Deleting an ApkAssets object '<empty> and /data/app/~~UBnwYHIuTzUPLhO34uja1g==/com.google.android.tts-mzMFtun4HXfQ3oF4sLehMg==/split_config.en.apk' with 2 weak references
10-19 18:00:22.009 15531 22109 W ndroid.settings: ApkAssets: Deleting an ApkAssets object '<empty> and /data/app/~~UBnwYHIuTzUPLhO34uja1g==/com.google.android.tts-mzMFtun4HXfQ3oF4sLehMg==/split_config.xxhdpi.apk' with 2 weak references
10-19 18:00:22.009 15531 22109 W ndroid.settings: ApkAssets: Deleting an ApkAssets object '<empty> and /data/app/~~72FFAOgW4Aj25KqlkjYabQ==/com.google.android.apps.tachyon-WhV8FKs-nOcVutiIWd6XRA==/base.apk' with 2 weak references
10-19 18:00:22.010 15531 22109 W ndroid.settings: ApkAssets: Deleting an ApkAssets object '<empty> and /data/app/~~72FFAOgW4Aj25KqlkjYabQ==/com.google.android.apps.tachyon-WhV8FKs-nOcVutiIWd6XRA==/split_config.arm64_v8a.apk' with 2 weak references
10-19 18:00:22.010 15531 22109 W ndroid.settings: ApkAssets: Deleting an ApkAssets object '<empty> and /data/app/~~72FFAOgW4Aj25KqlkjYabQ==/com.google.android.apps.tachyon-WhV8FKs-nOcVutiIWd6XRA==/split_config.en.apk' with 2 weak references
10-19 18:00:22.010 15531 22109 W ndroid.settings: ApkAssets: Deleting an ApkAssets object '<empty> and /data/app/~~72FFAOgW4Aj25KqlkjYabQ==/com.google.android.apps.tachyon-WhV8FKs-nOcVutiIWd6XRA==/split_config.xxhdpi.apk' with 2 weak references
10-19 18:00:22.010 15531 22109 W ndroid.settings: ApkAssets: Deleting an ApkAssets object '<empty> and /data/app/~~yB1mBXGIdhgqkukshb-JDA==/com.google.android.calendar-6CGrgNbeUJi6yHTMsnQEPg==/base.apk' with 2 weak references
10-19 18:00:22.011 15531 22109 W ndroid.settings: ApkAssets: Deleting an ApkAssets object '<empty> and /data/app/~~yB1mBXGIdhgqkukshb-JDA==/com.google.android.calendar-6CGrgNbeUJi6yHTMsnQEPg==/split_config.arm64_v8a.apk' with 2 weak references
10-19 18:00:22.011 15531 22109 W ndroid.settings: ApkAssets: Deleting an ApkAssets object '<empty> and /data/app/~~yB1mBXGIdhgqkukshb-JDA==/com.google.android.calendar-6CGrgNbeUJi6yHTMsnQEPg==/split_config.en.apk' with 2 weak references
10-19 18:00:22.011 15531 22109 W ndroid.settings: ApkAssets: Deleting an ApkAssets object '<empty> and /data/app/~~yB1mBXGIdhgqkukshb-JDA==/com.google.android.calendar-6CGrgNbeUJi6yHTMsnQEPg==/split_config.xxhdpi.apk' with 2 weak references
10-19 18:00:22.012 15531 22109 W ndroid.settings: ApkAssets: Deleting an ApkAssets object '<empty> and /data/app/~~JmuPTYBTj-jaJNIstZq-9w==/com.android.chrome-bNbZsDOoFREdLvLbMoksJw==/base.apk' with 2 weak references
10-19 18:00:22.012 15531 22109 W ndroid.settings: ApkAssets: Deleting an ApkAssets object '<empty> and /data/app/~~JmuPTYBTj-jaJNIstZq-9w==/com.android.chrome-bNbZsDOoFREdLvLbMoksJw==/split_chrome.apk' with 2 weak references
10-19 18:00:22.012 15531 22109 W ndroid.settings: ApkAssets: Deleting an ApkAssets object '<empty> and /data/app/~~JmuPTYBTj-jaJNIstZq-9w==/com.android.chrome-bNbZsDOoFREdLvLbMoksJw==/split_config.en.apk' with 2 weak references
10-19 18:00:22.013 15531 22109 W ndroid.settings: ApkAssets: Deleting an ApkAssets object '<empty> and /data/app/~~JmuPTYBTj-jaJNIstZq-9w==/com.android.chrome-bNbZsDOoFREdLvLbMoksJw==/split_dev_ui.apk' with 2 weak references
10-19 18:00:22.013 15531 22109 W ndroid.settings: ApkAssets: Deleting an ApkAssets object '<empty> and /data/app/~~JmuPTYBTj-jaJNIstZq-9w==/com.android.chrome-bNbZsDOoFREdLvLbMoksJw==/split_on_demand.apk' with 2 weak references
10-19 18:00:22.013 15531 22109 W ndroid.settings: ApkAssets: Deleting an ApkAssets object '<empty> and /data/app/~~JmuPTYBTj-jaJNIstZq-9w==/com.android.chrome-bNbZsDOoFREdLvLbMoksJw==/split_stack_unwinder.apk' with 2 weak references
10-19 18:00:22.013 15531 22109 W ndroid.settings: ApkAssets: Deleting an ApkAssets object '<empty> and /data/app/~~JmuPTYBTj-jaJNIstZq-9w==/com.android.chrome-bNbZsDOoFREdLvLbMoksJw==/split_test_dummy.apk' with 2 weak references
10-19 18:00:22.013 15531 22109 W ndroid.settings: ApkAssets: Deleting an ApkAssets object '<empty> and /data/app/~~y8c-7G8746PBceSb85X2WQ==/com.google.android.trichromelibrary_739011133-eYqA66OgqxH0rGEpyXHuGg==/base.apk' with 2 weak references
10-19 18:00:22.014 15531 22109 W ndroid.settings: ApkAssets: Deleting an ApkAssets object '<empty> and /data/app/~~6d7y0P6J4f-fayTRuhBzLQ==/com.google.audio.hearing.visualization.accessibility.scribe-ZOQw3FKv0LN30VeoGpht4Q==/base.apk' with 2 weak references
10-19 18:00:22.014 15531 22109 W ndroid.settings: ApkAssets: Deleting an ApkAssets object '<empty> and /product/overlay/DisplayCutoutEmulationHole/DisplayCutoutEmulationHoleOverlay.apk' with 1 weak references
10-19 18:00:22.015 15531 22109 W ndroid.settings: ApkAssets: Deleting an ApkAssets object '<empty> and /product/overlay/DisplayCutoutEmulationTall/DisplayCutoutEmulationTallOverlay.apk' with 1 weak references
10-19 18:00:22.015 15531 22109 W ndroid.settings: ApkAssets: Deleting an ApkAssets object '<empty> and /system/priv-app/CertInstaller/CertInstaller.apk' with 1 weak references
10-19 18:00:22.015 15531 22109 W ndroid.settings: ApkAssets: Deleting an ApkAssets object '<empty> and /data/app/~~6d7y0P6J4f-fayTRuhBzLQ==/com.google.audio.hearing.visualization.accessibility.scribe-ZOQw3FKv0LN30VeoGpht4Q==/split_config.arm64_v8a.apk' with 2 weak references
10-19 18:00:22.016 15531 22109 W ndroid.settings: ApkAssets: Deleting an ApkAssets object '<empty> and /product/app/GoogleLocationHistory/GoogleLocationHistory.apk' with 2 weak references
10-19 18:00:22.016 15531 22109 W ndroid.settings: ApkAssets: Deleting an ApkAssets object '<empty> and /product/overlay/NavigationBarMode3Button/NavigationBarMode3ButtonOverlay.apk' with 1 weak references
10-19 18:00:22.017 15531 22109 W ndroid.settings: ApkAssets: Deleting an ApkAssets object '<empty> and /system/framework/framework-res.apk' with 2 weak references
10-19 18:00:22.018 15531 22109 W ndroid.settings: ApkAssets: Deleting an ApkAssets object '<empty> and /system/priv-app/Contacts/Contacts.apk' with 2 weak references
10-19 18:00:22.019 15531 22109 W ndroid.settings: ApkAssets: Deleting an ApkAssets object '<empty> and /data/app/~~rUeNTINGgbUNobPZ0Qh4uw==/com.google.android.apps.wellbeing-aBN_STDA7BMcUbQ3HgeMfA==/base.apk' with 2 weak references
10-19 18:00:22.021 15531 22109 W ndroid.settings: ApkAssets: Deleting an ApkAssets object '<empty> and /data/app/~~rUeNTINGgbUNobPZ0Qh4uw==/com.google.android.apps.wellbeing-aBN_STDA7BMcUbQ3HgeMfA==/split_config.xxhdpi.apk' with 2 weak references
10-19 18:00:22.021 15531 22109 W ndroid.settings: ApkAssets: Deleting an ApkAssets object '<empty> and /system/app/UpnpServer/UpnpServer.apk' with 2 weak references
10-19 18:00:26.427 21104 21188 W Settings: Setting airplane_mode_on has moved from android.provider.Settings.System to android.provider.Settings.Global, returning read-only value.
10-19 18:00:26.432 21104 21771 W SystemServiceRegistry: No service published for: wifirtt
10-19 18:00:26.485 21104 21184 I FusedLocation: (REDACTED) location delivery to %s blocked - too close
10-19 18:00:26.486 21104 21184 I FusedLocation: (REDACTED) location delivery to %s blocked - too fast
10-19 18:00:26.486 21104 21184 I FusedLocation: (REDACTED) location delivery to %s blocked - too close
10-19 18:00:26.486 21104 21184 I FusedLocation: (REDACTED) location delivery to %s blocked - too close
10-19 18:00:26.489 21104 21184 I FusedLocation: (REDACTED) location delivery to %s blocked - too fast
10-19 18:00:26.930 21104 21250 I WifiScanner: onFullResults
10-19 18:00:26.930 21104 21119 I WifiScanner: onFullResults
10-19 18:00:26.933 21104 23957 I WifiScanner: onFullResults
10-19 18:00:26.942 21104 22070 I FrewleTileCacheManagerV: (REDACTED) Fetched %d AP models from cache
10-19 18:00:26.969 21104 21184 I FusedLocation: (REDACTED) location delivery to %s blocked - too close
10-19 18:00:26.970 21104 21184 I FusedLocation: (REDACTED) location delivery to %s blocked - too fast
10-19 18:00:26.970 21104 21184 I FusedLocation: (REDACTED) location delivery to %s blocked - too close
10-19 18:00:26.970 21104 21184 I FusedLocation: (REDACTED) location delivery to %s blocked - too close
10-19 18:00:26.970 21104 21184 I FusedLocation: (REDACTED) location delivery to %s blocked - too fast
10-19 18:00:26.971 21104 21184 I FusedLocation: (REDACTED) location delivery to %s blocked - too fast
10-19 18:00:26.971 21104 21184 I FusedLocation: (REDACTED) location delivery to %s blocked - too fast
10-19 18:00:26.973 21104 21184 I fznc    : Received empty WiFi-RTT scan. [CONTEXT service_id=6 ]
10-19 18:00:29.821 21104 21188 I ActivityScheduler: nextTriggerTime: 1321204185, in 5000ms, detectorType: 39, FULL_TYPE alarmWindowMillis: 625
10-19 18:00:30.609  5589  5589 I GoogleInputMethodService: GoogleInputMethodService.onFinishInput():2085 
10-19 18:00:30.611  5589  5589 I Module  : DeviceLockedStatusModuleProvider$Module.updateDeviceLockedStatus():100 repeatCheckTimes = 0, locked = false
10-19 18:00:30.809 14485 14485 I bnlz    : onPause
10-19 18:00:30.819  5589  5589 I PkDeviceHelper: PkDeviceHelper.refreshDevices():93 refreshing devices
10-19 18:00:30.820  5589  5589 I PkDeviceHelper: PkDeviceHelper.refreshDevices():93 refreshing devices
10-19 18:00:30.820  5589  5589 I PkDeviceHelper: PkDeviceHelper.refreshDevices():93 refreshing devices
10-19 18:00:30.861 14485 14485 I bnlz    : onStop
10-19 18:00:30.885 21104 22229 I NearbySharing: Screen is locked
