10-18 20:54:10.832 11492 11492 D nativeloader: Load /data/app/~~qdwfY3fN7Kk_DI0QZoyw_w==/com.a1taxi.driverpro-dOdIvavY5QucTesdsNTGwA==/base.apk!/lib/arm64-v8a/libreact_render_core.so using class loader ns clns-7 (caller=/data/app/~~qdwfY3fN7Kk_DI0QZoyw_w==/com.a1taxi.driverpro-dOdIvavY5QucTesdsNTGwA==/base.apk): ok
10-18 20:54:10.832 11492 11492 D SoLoader: libreact_render_core.so found on /data/app/~~qdwfY3fN7Kk_DI0QZoyw_w==/com.a1taxi.driverpro-dOdIvavY5QucTesdsNTGwA==/base.apk!/lib/arm64-v8a
10-18 20:54:10.834 11492 11492 D nativeloader: Load /data/app/~~qdwfY3fN7Kk_DI0QZoyw_w==/com.a1taxi.driverpro-dOdIvavY5QucTesdsNTGwA==/base.apk!/lib/arm64-v8a/libreactnativejni.so using class loader ns clns-7 (caller=/data/app/~~qdwfY3fN7Kk_DI0QZoyw_w==/com.a1taxi.driverpro-dOdIvavY5QucTesdsNTGwA==/base.apk): ok
10-18 20:54:10.834 11492 11492 D SoLoader: libreactnativejni.so found on /data/app/~~qdwfY3fN7Kk_DI0QZoyw_w==/com.a1taxi.driverpro-dOdIvavY5QucTesdsNTGwA==/base.apk!/lib/arm64-v8a
10-18 20:54:10.836 11492 11492 D nativeloader: Load /data/app/~~qdwfY3fN7Kk_DI0QZoyw_w==/com.a1taxi.driverpro-dOdIvavY5QucTesdsNTGwA==/base.apk!/lib/arm64-v8a/libhermes_executor.so using class loader ns clns-7 (caller=/data/app/~~qdwfY3fN7Kk_DI0QZoyw_w==/com.a1taxi.driverpro-dOdIvavY5QucTesdsNTGwA==/base.apk): ok
10-18 20:54:10.836 11492 11492 D SoLoader: libhermes_executor.so found on /data/app/~~qdwfY3fN7Kk_DI0QZoyw_w==/com.a1taxi.driverpro-dOdIvavY5QucTesdsNTGwA==/base.apk!/lib/arm64-v8a
10-18 20:54:10.847 11492 13048 D nativeloader: Load /data/app/~~qdwfY3fN7Kk_DI0QZoyw_w==/com.a1taxi.driverpro-dOdIvavY5QucTesdsNTGwA==/base.apk!/lib/arm64-v8a/libexpo-av.so using class loader ns clns-7 (caller=/data/app/~~qdwfY3fN7Kk_DI0QZoyw_w==/com.a1taxi.driverpro-dOdIvavY5QucTesdsNTGwA==/base.apk): ok
10-18 20:54:10.849 11492 11492 D nativeloader: Load libpowerhalwrap_jni.so using system ns (caller=/system_ext/framework/mediatek-framework.jar): ok
10-18 20:54:10.849 11492 11492 I PowerHalWrapper: PowerHalWrapper.getInstance 
10-18 20:54:10.850 11492 11492 I M-ProMotion: M-ProMotion is disabled
10-18 20:54:10.850 11492 13050 I PowerHalWrapper: PowerHalWrapper.getInstance 
10-18 20:54:10.854 11492 11492 W libc    : Access denied finding property "persist.vivo.ltw.enabled"
10-18 20:54:10.856 11492 13048 I TaskService: Registered task with name 'background-fetch-task' for app with scoping identifier 'com.a1taxi.driverpro'.
10-18 20:54:10.856 11492 13048 I TaskService: Registered task with name 'background-location-task' for app with scoping identifier 'com.a1taxi.driverpro'.
10-18 20:54:10.857 11492 11492 W HWUI    : Unknown dataspace 0
10-18 20:54:10.861 11492 13048 W LocationTaskConsumer: Foreground location task cannot be started while the app is in the background!
10-18 20:54:10.873 11492 11492 D ViewRootImpl: AppSizeAfterRelayout, size: Point(1080, 2392), rotation: ROTATION_0
10-18 20:54:10.873 11492 11492 D BufferQueueConsumer: [](id:2ce400000000,api:0,p:-1,c:11492) connect: controlledByApp=false
10-18 20:54:10.874 11492 11492 D BLASTBufferQueue: [VRI[MainActivity]#0](f:0,a:0) constructor()
10-18 20:54:10.874 11492 11492 D BLASTBufferQueue: [VRI[MainActivity]#0](f:0,a:0) update width=1080 height=2392 format=-1 mTransformHint=0
10-18 20:54:10.882 11492 13034 D MAGT_SYNC_FRAME: MAGT Sync: MAGT is not supported. Disabling Sync.
10-18 20:54:10.906 11492 13048 I ExpoModulesCore:  AppContext was initialized
10-18 20:54:10.910 11492 13034 I GrallocExtra: gralloc_extra_query:is_SW3D 0
10-18 20:54:10.910 11492 13034 D BLASTBufferQueue: [VRI[MainActivity]#0](f:0,a:1) acquireNextBufferLocked size=1080x2392 mFrameNumber=1 applyTransaction=true mTimestamp=618272196717543(auto) mPendingTransactions.size=0 graphicBufferId=49357764165632 transform=0
10-18 20:54:10.936  1870  1976 I ActivityTaskManager: Displayed com.a1taxi.driverpro/.MainActivity for user 0: +297ms
10-18 20:54:10.941 11492 11492 V ImeFocusController: onWindowFocus: com.android.internal.policy.DecorView{77db64f V.E...... R....... 0,0-1080,2392}[MainActivity] softInputMode=STATE_UNSPECIFIED|ADJUST_RESIZE|IS_FORWARD_NAVIGATION
10-18 20:54:10.946  5589  5589 I GoogleInputMethodService: GoogleInputMethodService.onFinishInput():2085 
10-18 20:54:10.947  5589  5589 I Module  : DeviceLockedStatusModuleProvider$Module.updateDeviceLockedStatus():100 repeatCheckTimes = 0, locked = false
10-18 20:54:10.947  5589  5589 I GoogleInputMethodService: GoogleInputMethodService.onStartInput():1346 onStartInput(EditorInfo{EditorInfo{packageName=com.a1taxi.driverpro, inputType=0, inputTypeString=NULL, enableLearning=false, autoCorrection=false, autoComplete=false, imeOptions=0, privateImeOptions=null, actionName=UNSPECIFIED, actionLabel=null, initialSelStart=-1, initialSelEnd=-1, initialCapsMode=0, label=null, fieldId=0, fieldName=null, extras=null, hintText=null, hintLocales=[]}}, false)
10-18 20:54:10.948  5589  5589 I Module  : DeviceLockedStatusModuleProvider$Module.updateDeviceLockedStatus():100 repeatCheckTimes = 1, locked = false
10-18 20:54:10.958 26036 12916 I AlarmManager: set [name: SystemMemoryMap-flp type: 2 triggerAtMillis: 9223372036854775806 windowMillis: -1 intervalMillis: 0]
10-18 20:54:10.961 11492 13064 W unknown:ViewManagerPropertyUpdater: Could not find generated setter for class com.facebook.react.views.drawer.ReactDrawerLayoutManager
10-18 20:54:10.963 11492 13064 W unknown:ViewManagerPropertyUpdater: Could not find generated setter for class com.facebook.react.uimanager.LayoutShadowNode
10-18 20:54:10.964 11492 13064 W unknown:ViewManagerPropertyUpdater: Could not find generated setter for class com.facebook.react.views.scroll.ReactHorizontalScrollViewManager
10-18 20:54:10.965 11492 13064 W unknown:ViewManagerPropertyUpdater: Could not find generated setter for class com.facebook.react.views.scroll.ReactHorizontalScrollContainerViewManager
10-18 20:54:10.966 11492 13064 W unknown:ViewManagerPropertyUpdater: Could not find generated setter for class com.facebook.react.views.progressbar.ReactProgressBarViewManager
10-18 20:54:10.966 11492 13064 W unknown:ViewManagerPropertyUpdater: Could not find generated setter for class com.facebook.react.views.progressbar.ProgressBarShadowNode
10-18 20:54:10.967 11492 13064 W unknown:ViewManagerPropertyUpdater: Could not find generated setter for class com.facebook.react.views.scroll.ReactScrollViewManager
10-18 20:54:10.967 11492 13064 W unknown:ViewManagerPropertyUpdater: Could not find generated setter for class com.facebook.react.views.switchview.ReactSwitchManager
10-18 20:54:10.969 11492 13064 W unknown:ViewManagerPropertyUpdater: Could not find generated setter for class com.facebook.react.views.switchview.ReactSwitchManager$ReactSwitchShadowNode
10-18 20:54:10.969 11492 13064 W unknown:ViewManagerPropertyUpdater: Could not find generated setter for class com.facebook.react.views.swiperefresh.SwipeRefreshLayoutManager
10-18 20:54:10.970 11492 13064 W unknown:ViewManagerPropertyUpdater: Could not find generated setter for class com.facebook.react.views.text.frescosupport.FrescoBasedReactTextInlineImageViewManager
10-18 20:54:10.971 11492 13064 W unknown:ViewManagerPropertyUpdater: Could not find generated setter for class com.facebook.react.views.text.frescosupport.FrescoBasedReactTextInlineImageShadowNode
10-18 20:54:10.971 11492 13064 W unknown:ViewManagerPropertyUpdater: Could not find generated setter for class com.facebook.react.views.image.ReactImageManager
10-18 20:54:10.972 11492 13064 W unknown:ViewManagerPropertyUpdater: Could not find generated setter for class com.facebook.react.views.modal.ReactModalHostManager
10-18 20:54:10.973 11492 13064 W unknown:ViewManagerPropertyUpdater: Could not find generated setter for class com.facebook.react.views.modal.ModalHostShadowNode
10-18 20:54:10.973 11492 13064 W unknown:ViewManagerPropertyUpdater: Could not find generated setter for class com.facebook.react.views.text.ReactRawTextManager
10-18 20:54:10.973 11492 13064 W unknown:ViewManagerPropertyUpdater: Could not find generated setter for class com.facebook.react.views.text.ReactRawTextShadowNode
10-18 20:54:10.974 11492 13064 W unknown:ViewManagerPropertyUpdater: Could not find generated setter for class com.facebook.react.views.textinput.ReactTextInputManager
10-18 20:54:10.975 11492 13064 W unknown:ViewManagerPropertyUpdater: Could not find generated setter for class com.facebook.react.views.textinput.ReactTextInputShadowNode
10-18 20:54:10.976 11492 13064 W unknown:ViewManagerPropertyUpdater: Could not find generated setter for class com.facebook.react.views.text.ReactTextViewManager
10-18 20:54:10.976 11492 13064 W unknown:ViewManagerPropertyUpdater: Could not find generated setter for class com.facebook.react.views.text.ReactTextShadowNode
10-18 20:54:10.977 11492 13064 W unknown:ViewManagerPropertyUpdater: Could not find generated setter for class com.facebook.react.views.view.ReactViewManager
10-18 20:54:10.977 11492 13064 W unknown:ViewManagerPropertyUpdater: Could not find generated setter for class com.facebook.react.views.text.ReactVirtualTextViewManager
10-18 20:54:10.978 11492 13064 W unknown:ViewManagerPropertyUpdater: Could not find generated setter for class com.facebook.react.views.text.ReactVirtualTextShadowNode
10-18 20:54:10.978 11492 13064 W unknown:ViewManagerPropertyUpdater: Could not find generated setter for class com.facebook.react.views.unimplementedview.ReactUnimplementedViewManager
10-18 20:54:10.979 11492 13064 W unknown:ViewManagerPropertyUpdater: Could not find generated setter for class expo.modules.kotlin.views.GroupViewManagerWrapper
10-18 20:54:10.979 11492 13064 W unknown:ViewManagerPropertyUpdater: Could not find generated setter for class com.swmansion.gesturehandler.react.RNGestureHandlerRootViewManager
10-18 20:54:10.980 11492 13064 W unknown:ViewManagerPropertyUpdater: Could not find generated setter for class com.swmansion.gesturehandler.react.RNGestureHandlerButtonViewManager
10-18 20:54:10.980 11492 13064 W unknown:ViewManagerPropertyUpdater: Could not find generated setter for class com.rnmaps.maps.MapManager
10-18 20:54:10.981 11492 13064 W unknown:ViewManagerPropertyUpdater: Could not find generated setter for class com.rnmaps.maps.MapMarkerManager
10-18 20:54:10.982 11492 13064 W unknown:ViewManagerPropertyUpdater: Could not find generated setter for class com.rnmaps.maps.MapCalloutManager
10-18 20:54:10.983 11492 13064 W unknown:ViewManagerPropertyUpdater: Could not find generated setter for class com.rnmaps.maps.MapPolylineManager
10-18 20:54:10.983 11492 13064 W unknown:ViewManagerPropertyUpdater: Could not find generated setter for class com.rnmaps.maps.MapGradientPolylineManager
10-18 20:54:10.983 11492 13064 W unknown:ViewManagerPropertyUpdater: Could not find generated setter for class com.rnmaps.maps.MapPolygonManager
10-18 20:54:10.984 11492 13064 W unknown:ViewManagerPropertyUpdater: Could not find generated setter for class com.rnmaps.maps.MapCircleManager
10-18 20:54:10.984 11492 13064 W unknown:ViewManagerPropertyUpdater: Could not find generated setter for class com.rnmaps.maps.MapUrlTileManager
10-18 20:54:10.985 11492 13064 W unknown:ViewManagerPropertyUpdater: Could not find generated setter for class com.rnmaps.maps.MapWMSTileManager
10-18 20:54:10.985 11492 13064 W unknown:ViewManagerPropertyUpdater: Could not find generated setter for class com.rnmaps.maps.MapLocalTileManager
10-18 20:54:10.986 11492 13064 W unknown:ViewManagerPropertyUpdater: Could not find generated setter for class com.rnmaps.maps.MapOverlayManager
10-18 20:54:10.986 11492 13064 W unknown:ViewManagerPropertyUpdater: Could not find generated setter for class com.rnmaps.maps.MapHeatmapManager
10-18 20:54:10.987 11492 13064 W unknown:ViewManagerPropertyUpdater: Could not find generated setter for class com.th3rdwave.safeareacontext.SafeAreaProviderManager
10-18 20:54:10.987 11492 13064 W unknown:ViewManagerPropertyUpdater: Could not find generated setter for class com.th3rdwave.safeareacontext.SafeAreaViewManager
10-18 20:54:10.987 11492 13064 W unknown:ViewManagerPropertyUpdater: Could not find generated setter for class com.th3rdwave.safeareacontext.SafeAreaViewShadowNode
10-18 20:54:10.988 11492 13064 W unknown:ViewManagerPropertyUpdater: Could not find generated setter for class com.swmansion.rnscreens.ScreenContainerViewManager
10-18 20:54:10.988 11492 13064 W unknown:ViewManagerPropertyUpdater: Could not find generated setter for class com.swmansion.rnscreens.ScreenViewManager
10-18 20:54:10.989 11492 13064 W unknown:ViewManagerPropertyUpdater: Could not find generated setter for class com.swmansion.rnscreens.ModalScreenViewManager
10-18 20:54:10.989 11492 13064 W unknown:ViewManagerPropertyUpdater: Could not find generated setter for class com.swmansion.rnscreens.ScreenStackViewManager
10-18 20:54:10.989 11492 13064 W unknown:ViewManagerPropertyUpdater: Could not find generated setter for class com.swmansion.rnscreens.ScreenStackHeaderConfigViewManager
10-18 20:54:10.990 11492 13064 W unknown:ViewManagerPropertyUpdater: Could not find generated setter for class com.swmansion.rnscreens.ScreenStackHeaderSubviewManager
10-18 20:54:10.990 11492 13064 W unknown:ViewManagerPropertyUpdater: Could not find generated setter for class com.swmansion.rnscreens.SearchBarManager
10-18 20:54:10.991 11492 13064 W unknown:ViewManagerPropertyUpdater: Could not find generated setter for class com.horcrux.svg.RenderableViewManager$DefsViewManager
10-18 20:54:10.992 11492 13064 W unknown:ViewManagerPropertyUpdater: Could not find generated setter for class com.horcrux.svg.VirtualViewManager$RenderableShadowNode
10-18 20:54:10.992 11492 13064 W unknown:ViewManagerPropertyUpdater: Could not find generated setter for class com.horcrux.svg.RenderableViewManager$MarkerManager
10-18 20:54:10.993 11492 13064 W unknown:ViewManagerPropertyUpdater: Could not find generated setter for class com.horcrux.svg.RenderableViewManager$ForeignObjectManager
10-18 20:54:10.994 11492 13064 W unknown:ViewManagerPropertyUpdater: Could not find generated setter for class com.horcrux.svg.RenderableViewManager$EllipseViewManager
10-18 20:54:10.994 11492 13064 W unknown:ViewManagerPropertyUpdater: Could not find generated setter for class com.horcrux.svg.RenderableViewManager$LineViewManager
10-18 20:54:10.995 11492 13064 W unknown:ViewManagerPropertyUpdater: Could not find generated setter for class com.horcrux.svg.RenderableViewManager$LinearGradientManager
10-18 20:54:10.996 11492 13064 W unknown:ViewManagerPropertyUpdater: Could not find generated setter for class com.horcrux.svg.RenderableViewManager$GroupViewManager
10-18 20:54:10.996 11492 13064 W unknown:ViewManagerPropertyUpdater: Could not find generated setter for class com.horcrux.svg.RenderableViewManager$TextViewManager
10-18 20:54:10.997 11492 13064 W unknown:ViewManagerPropertyUpdater: Could not find generated setter for class com.horcrux.svg.RenderableViewManager$ImageViewManager
10-18 20:54:10.998 11492 13064 W unknown:ViewManagerPropertyUpdater: Could not find generated setter for class com.horcrux.svg.RenderableViewManager$ClipPathViewManager
10-18 20:54:10.998 11492 13064 W unknown:ViewManagerPropertyUpdater: Could not find generated setter for class com.horcrux.svg.RenderableViewManager$RadialGradientManager
10-18 20:54:10.999 11492 13064 W unknown:ViewManagerPropertyUpdater: Could not find generated setter for class com.horcrux.svg.RenderableViewManager$MaskManager
10-18 20:54:11.000 11492 13064 W unknown:ViewManagerPropertyUpdater: Could not find generated setter for class com.horcrux.svg.RenderableViewManager$SymbolManager
10-18 20:54:11.000 11492 13064 W unknown:ViewManagerPropertyUpdater: Could not find generated setter for class com.horcrux.svg.RenderableViewManager$PatternManager
10-18 20:54:11.001 11492 13064 W unknown:ViewManagerPropertyUpdater: Could not find generated setter for class com.horcrux.svg.RenderableViewManager$RectViewManager
10-18 20:54:11.002 11492 13064 W unknown:ViewManagerPropertyUpdater: Could not find generated setter for class com.horcrux.svg.RenderableViewManager$TextPathViewManager
10-18 20:54:11.003 11492 13064 W unknown:ViewManagerPropertyUpdater: Could not find generated setter for class com.horcrux.svg.SvgViewManager
10-18 20:54:11.003 11492 13064 W unknown:ViewManagerPropertyUpdater: Could not find generated setter for class com.horcrux.svg.RenderableViewManager$PathViewManager
10-18 20:54:11.004 11492 13064 W unknown:ViewManagerPropertyUpdater: Could not find generated setter for class com.horcrux.svg.RenderableViewManager$UseViewManager
10-18 20:54:11.005 11492 13064 W unknown:ViewManagerPropertyUpdater: Could not find generated setter for class com.horcrux.svg.RenderableViewManager$CircleViewManager
10-18 20:54:11.005 11492 13064 W unknown:ViewManagerPropertyUpdater: Could not find generated setter for class com.horcrux.svg.RenderableViewManager$TSpanViewManager
10-18 20:54:11.040 11492 13063 V SoLoader: libexpo-modules-core.so not found on /data/app/~~qdwfY3fN7Kk_DI0QZoyw_w==/com.a1taxi.driverpro-dOdIvavY5QucTesdsNTGwA==/lib/arm64
10-18 20:54:11.043 11492 13063 V SoLoader: libreact_nativemodule_core.so not found on /data/app/~~qdwfY3fN7Kk_DI0QZoyw_w==/com.a1taxi.driverpro-dOdIvavY5QucTesdsNTGwA==/lib/arm64
10-18 20:54:11.047 11492 13063 D nativeloader: Load /data/app/~~qdwfY3fN7Kk_DI0QZoyw_w==/com.a1taxi.driverpro-dOdIvavY5QucTesdsNTGwA==/base.apk!/lib/arm64-v8a/libreact_nativemodule_core.so using class loader ns clns-7 (caller=/data/app/~~qdwfY3fN7Kk_DI0QZoyw_w==/com.a1taxi.driverpro-dOdIvavY5QucTesdsNTGwA==/base.apk): ok
10-18 20:54:11.047 11492 13063 D SoLoader: libreact_nativemodule_core.so found on /data/app/~~qdwfY3fN7Kk_DI0QZoyw_w==/com.a1taxi.driverpro-dOdIvavY5QucTesdsNTGwA==/base.apk!/lib/arm64-v8a
10-18 20:54:11.049 11492 13063 D nativeloader: Load /data/app/~~qdwfY3fN7Kk_DI0QZoyw_w==/com.a1taxi.driverpro-dOdIvavY5QucTesdsNTGwA==/base.apk!/lib/arm64-v8a/libexpo-modules-core.so using class loader ns clns-7 (caller=/data/app/~~qdwfY3fN7Kk_DI0QZoyw_w==/com.a1taxi.driverpro-dOdIvavY5QucTesdsNTGwA==/base.apk): ok
10-18 20:54:11.050 11492 13063 D SoLoader: libexpo-modules-core.so found on /data/app/~~qdwfY3fN7Kk_DI0QZoyw_w==/com.a1taxi.driverpro-dOdIvavY5QucTesdsNTGwA==/base.apk!/lib/arm64-v8a
10-18 20:54:11.050 11492 13063 V SoLoader: libturbomodulejsijni.so not found on /data/app/~~qdwfY3fN7Kk_DI0QZoyw_w==/com.a1taxi.driverpro-dOdIvavY5QucTesdsNTGwA==/lib/arm64
10-18 20:54:11.056 11492 13063 D nativeloader: Load /data/app/~~qdwfY3fN7Kk_DI0QZoyw_w==/com.a1taxi.driverpro-dOdIvavY5QucTesdsNTGwA==/base.apk!/lib/arm64-v8a/libturbomodulejsijni.so using class loader ns clns-7 (caller=/data/app/~~qdwfY3fN7Kk_DI0QZoyw_w==/com.a1taxi.driverpro-dOdIvavY5QucTesdsNTGwA==/base.apk): ok
10-18 20:54:11.056 11492 13063 D SoLoader: libturbomodulejsijni.so found on /data/app/~~qdwfY3fN7Kk_DI0QZoyw_w==/com.a1taxi.driverpro-dOdIvavY5QucTesdsNTGwA==/base.apk!/lib/arm64-v8a
10-18 20:54:11.061 11492 13063 I ExpoModulesCore:  JSI interop was installed
10-18 20:54:11.061 11492 13063 W ExpoModulesCore:  JSI interop was already installed
10-18 20:54:11.064 11492 13063 I ExpoModulesCore:  Constants were exported
10-18 20:54:11.088 11492 13063 D nativeloader: Load /data/app/~~qdwfY3fN7Kk_DI0QZoyw_w==/com.a1taxi.driverpro-dOdIvavY5QucTesdsNTGwA==/base.apk!/lib/arm64-v8a/librnscreens.so using class loader ns clns-7 (caller=/data/app/~~qdwfY3fN7Kk_DI0QZoyw_w==/com.a1taxi.driverpro-dOdIvavY5QucTesdsNTGwA==/base.apk!classes3.dex): ok
10-18 20:54:11.092 11492 13063 I ReactNativeJS: Running "main
10-18 20:54:11.097 11492 13063 V SoLoader: libreactnativeblob.so not found on /data/app/~~qdwfY3fN7Kk_DI0QZoyw_w==/com.a1taxi.driverpro-dOdIvavY5QucTesdsNTGwA==/lib/arm64
10-18 20:54:11.102 11492 13063 D nativeloader: Load /data/app/~~qdwfY3fN7Kk_DI0QZoyw_w==/com.a1taxi.driverpro-dOdIvavY5QucTesdsNTGwA==/base.apk!/lib/arm64-v8a/libreactnativeblob.so using class loader ns clns-7 (caller=/data/app/~~qdwfY3fN7Kk_DI0QZoyw_w==/com.a1taxi.driverpro-dOdIvavY5QucTesdsNTGwA==/base.apk): ok
10-18 20:54:11.102 11492 13063 D SoLoader: libreactnativeblob.so found on /data/app/~~qdwfY3fN7Kk_DI0QZoyw_w==/com.a1taxi.driverpro-dOdIvavY5QucTesdsNTGwA==/base.apk!/lib/arm64-v8a
10-18 20:54:11.107 11492 13063 I ReactNativeJS: 'Supabase Config:', { hasUrl: true,
10-18 20:54:11.107 11492 13063 I ReactNativeJS:   hasAnonKey: true,
10-18 20:54:11.107 11492 13063 I ReactNativeJS:   url: 'https://whubaypabojomdyfqxcf.supabase.co' }
10-18 20:54:11.201  6545  6545 D VRI[Launcher]: visibilityChanged oldVisibility=true newVisibility=false
10-18 20:54:11.221  6545  6545 D ViewRootImpl: AppSizeAfterRelayout, size: Point(1080, 2392), rotation: ROTATION_0
10-18 20:54:11.221  6545  6545 D BLASTBufferQueue: [VRI[Launcher]#49](f:0,a:1) destructor()
10-18 20:54:11.223  6545  6545 D BufferQueueConsumer: [VRI[Launcher]#49(BLAST Consumer)49](id:199100000031,api:0,p:-1,c:6545) disconnect
10-18 20:54:11.228 11492 13064 D CompatChangeReporter: Compat change id reported: 289878283; UID 10383; state: ENABLED
10-18 20:54:11.249  6545  6545 I bnlz    : onStop
10-18 20:54:11.263 11492 13063 I ReactNativeJS: Auth still loading...
10-18 20:54:11.263 11492 13063 I ReactNativeJS: === LOCATION PROVIDER INITIALIZATION ===
10-18 20:54:11.263 11492 13063 I ReactNativeJS: === REQUESTING LOCATION PERMISSION ON STARTUP ===
10-18 20:54:11.263 11492 13063 I ReactNativeJS: === DRIVER STATUS CHANGE DETECTED ===
10-18 20:54:11.263 11492 13063 I ReactNativeJS: 'Driver:', undefined
10-18 20:54:11.263 11492 13063 I ReactNativeJS: 'Driver Status:', undefined
10-18 20:54:11.264 11492 13063 I ReactNativeJS: 'Driver User ID:', undefined
10-18 20:54:11.264 11492 13063 I ReactNativeJS: 'Driver Verified:', undefined
10-18 20:54:11.264 11492 13063 I ReactNativeJS: === INITIALIZING AUTHENTICATION ===
10-18 20:54:11.264 11492 13063 I ReactNativeJS:  Checking Supabase client session...
10-18 20:54:11.272 11492 13063 I ReactNativeJS: Found stored driver session
10-18 20:54:11.272 11492 13063 I ReactNativeJS:  Found valid stored session, but fetching CURRENT status from database...
10-18 20:54:11.286 11492 13071 I WebViewFactory: Loading com.google.android.webview version 141.0.7390.43 (code 739004333)
10-18 20:54:11.292 11492 13071 W 1taxi.driverpro: Failed to find entry 'classes.dex': Entry not found
10-18 20:54:11.292 11492 13071 D nativeloader: Configuring clns-8 for other apk /data/app/~~_E4p1LJR5JF7COZmMiDVoA==/com.google.android.trichromelibrary_739004333-IYHcrypmKBkTpfxt3UyU4A==/base.apk. target_sdk_version=36, uses_libraries=ALL, library_path=/data/app/~~0k-bhKJKWMvMm9CSFH5Hzg==/com.google.android.webview-mLV-HzOd8sNTJLZpa_7utA==/lib/arm64:/data/app/~~0k-bhKJKWMvMm9CSFH5Hzg==/com.google.android.webview-mLV-HzOd8sNTJLZpa_7utA==/base.apk!/lib/arm64-v8a:/data/app/~~_E4p1LJR5JF7COZmMiDVoA==/com.google.android.trichromelibrary_739004333-IYHcrypmKBkTpfxt3UyU4A==/base.apk!/lib/arm64-v8a, permitted_path=/data:/mnt/expand
10-18 20:54:11.292 11492 13071 D nativeloader: Extending system_exposed_libraries: libapuwareapusys.mtk.so:libapuwareapusys_v2.mtk.so:libapuwarexrp.mtk.so:libapuwarexrp_v2.mtk.so:libapuwareutils.mtk.so:libapuwareutils_v2.mtk.so:libapuwarehmp.mtk.so:libneuron_graph_delegate.mtk.so:libneuronusdk_adapter.mtk.so:libtflite_mtk.mtk.so:libarmnn_ndk.mtk.so:libcmdl_ndk.mtk.so:libnir_neon_driver_ndk.mtk.so:libmvpu_runtime.mtk.so:libmvpu_runtime_pub.mtk.so:libmvpu_engine_pub.mtk.so:libmvpu_pattern_pub.mtk.so:libmvpuop_mtk_cv.mtk.so:libmvpuop_mtk_nn.mtk.so:libmvpu_runtime_25.mtk.so:libmvpu_runtime_25_pub.mtk.so:libmvpu_engine_25_pub.mtk.so:libmvpu_pattern_25_pub.mtk.so:libmvpuop25_mtk_cv.mtk.so:libmvpuop25_mtk_nn.mtk.so:libmvpu_config.mtk.so:libteeservice_client.trustonic.so:librealm-jni.vivo.so
10-18 20:54:11.293 11492 13071 D ApplicationLoaders: Returning zygote-cached class loader: /system_ext/framework/androidx.window.extensions.jar
10-18 20:54:11.295 11492 13071 D nativeloader: Configuring clns-9 for other apk /data/app/~~0k-bhKJKWMvMm9CSFH5Hzg==/com.google.android.webview-mLV-HzOd8sNTJLZpa_7utA==/base.apk. target_sdk_version=36, uses_libraries=, library_path=/data/app/~~0k-bhKJKWMvMm9CSFH5Hzg==/com.google.android.webview-mLV-HzOd8sNTJLZpa_7utA==/lib/arm64:/data/app/~~0k-bhKJKWMvMm9CSFH5Hzg==/com.google.android.webview-mLV-HzOd8sNTJLZpa_7utA==/base.apk!/lib/arm64-v8a:/data/app/~~_E4p1LJR5JF7COZmMiDVoA==/com.google.android.trichromelibrary_739004333-IYHcrypmKBkTpfxt3UyU4A==/base.apk!/lib/arm64-v8a, permitted_path=/data:/mnt/expand
10-18 20:54:11.308 11492 13071 I cr_WVCFactoryProvider: version=141.0.7390.43 (739004333) minSdkVersion=29 multiprocess=true packageId=2 splits=<none>
10-18 20:54:11.312 11492 13071 D nativeloader: Load /data/app/~~_E4p1LJR5JF7COZmMiDVoA==/com.google.android.trichromelibrary_739004333-IYHcrypmKBkTpfxt3UyU4A==/base.apk!/lib/arm64-v8a/libmonochrome_64.so using class loader ns clns-9 (caller=/data/app/~~0k-bhKJKWMvMm9CSFH5Hzg==/com.google.android.webview-mLV-HzOd8sNTJLZpa_7utA==/base.apk): ok
10-18 20:54:11.313 11492 13071 D nativeloader: Load /system/lib64/libwebviewchromium_plat_support.so using class loader ns clns-9 (caller=/data/app/~~0k-bhKJKWMvMm9CSFH5Hzg==/com.google.android.webview-mLV-HzOd8sNTJLZpa_7utA==/base.apk): ok
10-18 20:54:11.316 11492 13075 I chromium: [1018/205411.315887:INFO:android_webview/browser/variations/variations_seed_loader.cc:67] Failed to open file for reading.: No such file or directory (2)
10-18 20:54:11.321 11492 13071 I cr_LibraryLoader: Successfully loaded native library
10-18 20:54:11.322 11492 13071 I cr_CachingUmaRecorder: Flushed 15 samples from 15 histograms, 0 samples were dropped.
10-18 20:54:11.349 26036 27707 I FontLog : (REDACTED) Received query %s, URI %s
10-18 20:54:11.349 26036 27707 I FontLog : (REDACTED) Query [%s] resolved to %s
10-18 20:54:11.351 26036 27707 I FontLog : (REDACTED) Fetch %s end status %s
10-18 20:54:11.351 11492 13063 I ReactNativeJS: 'Current location permission status:', 'granted'
10-18 20:54:11.351 11492 13063 I ReactNativeJS:  Location permission already granted
10-18 20:54:11.352 11492 13063 I ReactNativeJS:  Initializing location services...
10-18 20:54:11.352 11492 13063 I ReactNativeJS:  Location services initialized
10-18 20:54:11.352 11492 13063 I ReactNativeJS: === DRIVER STATUS CHANGE DETECTED ===
10-18 20:54:11.352 11492 13063 I ReactNativeJS: 'Driver:', undefined
10-18 20:54:11.352 11492 13063 I ReactNativeJS: 'Driver Status:', undefined
10-18 20:54:11.352 11492 13063 I ReactNativeJS: 'Driver User ID:', undefined
10-18 20:54:11.352 11492 13063 I ReactNativeJS: 'Driver Verified:', undefined
10-18 20:54:11.354 26036 27707 I FontLog : (REDACTED) Pulling font file for id = %d, cache size = %d
10-18 20:54:11.357 26036 27707 I FontLog : (REDACTED) Pulling font file for id = %d, cache size = %d
10-18 20:54:11.832 26036 26172 I FusedLocation: (REDACTED) location delivery to %s blocked - too fast
10-18 20:54:11.832 26036 26172 I FusedLocation: (REDACTED) location delivery to %s blocked - too fast
10-18 20:54:11.833 26036 26172 I FusedLocation: (REDACTED) location delivery to %s blocked - too close
10-18 20:54:11.833 26036 26172 I FusedLocation: (REDACTED) location delivery to %s blocked - too close
10-18 20:54:11.833 26036 26172 I FusedLocation: (REDACTED) location delivery to %s blocked - too fast
10-18 20:54:11.843 11492 13063 I ReactNativeJS: === CURRENT STATUS FROM DATABASE ===
10-18 20:54:11.844 11492 13063 I ReactNativeJS: ' Database status:', 'busy'
10-18 20:54:11.844 11492 13063 I ReactNativeJS: ' Stored session status:', 'busy'
10-18 20:54:11.844 11492 13063 I ReactNativeJS:  Using DATABASE status (authoritative source)
10-18 20:54:11.844 11492 13063 I ReactNativeJS: ' Session restored with CURRENT database status:', 'busy'
10-18 20:54:11.845 11492 13063 I ReactNativeJS: Auth still loading...
10-18 20:54:11.845 11492 13063 I ReactNativeJS: === RIDE CONTEXT INITIALIZED ===
10-18 20:54:11.845 11492 13063 I ReactNativeJS: 'Driver:', 'john'
10-18 20:54:11.845 11492 13063 I ReactNativeJS: 'Driver ID:', 'eb91d7e5-e2f2-4021-a8c8-3739a3d4cae4'
10-18 20:54:11.845 11492 13063 I ReactNativeJS: 'Driver Status:', 'busy'
10-18 20:54:11.845 11492 13063 I ReactNativeJS: === LOADING RIDES ===
10-18 20:54:11.845 11492 13063 I ReactNativeJS: 'Driver ID:', 'eb91d7e5-e2f2-4021-a8c8-3739a3d4cae4'
10-18 20:54:11.845 11492 13063 I ReactNativeJS: 'Driver User ID:', '1c4ac410-54d8-4b5e-960b-3afcbebd115d'
10-18 20:54:11.845 11492 13063 I ReactNativeJS:  Loading current ride...
10-18 20:54:11.846 11492 13054 D AudioManager: setMode(0)
10-18 20:54:11.846 11492 13063 I ReactNativeJS: === SETTING UP REAL-TIME SUBSCRIPTIONS ===
10-18 20:54:11.846 11492 13063 I ReactNativeJS: 'Driver User ID:', '1c4ac410-54d8-4b5e-960b-3afcbebd115d'
10-18 20:54:11.846 11492 13063 I ReactNativeJS: 'Driver ID:', 'eb91d7e5-e2f2-4021-a8c8-3739a3d4cae4'
10-18 20:54:11.848 11492 13054 D AudioManager: setSpeakerphoneOn(true)
10-18 20:54:11.848 11492 13063 I ReactNativeJS:  Real-time subscriptions established
10-18 20:54:11.848 11492 13063 I ReactNativeJS: === DRIVER STATUS CHANGE DETECTED ===
10-18 20:54:11.848 11492 13063 I ReactNativeJS: 'Driver:', 'john'
10-18 20:54:11.848 11492 13063 I ReactNativeJS: 'Driver Status:', 'busy'
10-18 20:54:11.848 11492 13063 I ReactNativeJS: 'Driver User ID:', '1c4ac410-54d8-4b5e-960b-3afcbebd115d'
10-18 20:54:11.848 11492 13063 I ReactNativeJS: 'Driver Verified:', true
10-18 20:54:11.848 11492 13063 I ReactNativeJS:  Driver is active, ensuring location record exists and driver is available for customers...
10-18 20:54:11.848 11492 13063 I ReactNativeJS: === HANDLING ACTIVE DRIVER ===
10-18 20:54:11.848 11492 13063 I ReactNativeJS: 'Driver status:', 'busy'
10-18 20:54:11.848 11492 13063 I ReactNativeJS: 'Driver verified:', true
10-18 20:54:11.848 11492 13063 I ReactNativeJS: === FORCE CREATING LOCATION RECORD ===
10-18 20:54:11.848 11492 13063 I ReactNativeJS: 'Driver User ID:', '1c4ac410-54d8-4b5e-960b-3afcbebd115d'
10-18 20:54:11.848 11492 13063 I ReactNativeJS: 'Driver Name:', 'john'
10-18 20:54:11.848 11492 13063 E ReactNativeJS:  EXPO_PUBLIC_SUPABASE_URL is not configured properly
10-18 20:54:11.850 11492 13063 E ReactNativeJS: 'Current value:', undefined
10-18 20:54:11.851 11492 13063 I ReactNativeJS:  Falling back to direct database insert without edge function
10-18 20:54:11.851 11492 13063 I ReactNativeJS: === FALLBACK: CREATING LOCATION RECORD VIA RPC ===
10-18 20:54:11.851 11492 13063 I ReactNativeJS:  Attempting to get current GPS location...
10-18 20:54:11.861 11492 13064 E unknown:ReactNative: console.error:  EXPO_PUBLIC_SUPABASE_URL is not configured properly, js engine: hermes, stack:
10-18 20:54:11.861 11492 13064 E unknown:ReactNative: _construct@1:117842
10-18 20:54:11.861 11492 13064 E unknown:ReactNative: Wrapper@1:117496
10-18 20:54:11.861 11492 13064 E unknown:ReactNative: _callSuper@1:115478
10-18 20:54:11.861 11492 13064 E unknown:ReactNative: SyntheticError@1:116983
10-18 20:54:11.861 11492 13064 E unknown:ReactNative: reactConsoleErrorHandler@1:116629
10-18 20:54:11.861 11492 13064 E unknown:ReactNative: ?anon_0_@1:1954897
10-18 20:54:11.861 11492 13064 E unknown:ReactNative: asyncGeneratorStep@1:573272
10-18 20:54:11.861 11492 13064 E unknown:ReactNative: _next@1:573529
10-18 20:54:11.861 11492 13064 E unknown:ReactNative: anonymous@1:573481
10-18 20:54:11.861 11492 13064 E unknown:ReactNative: anonymous@1:573402
10-18 20:54:11.861 11492 13064 E unknown:ReactNative: forceCreateLocationRecord@1:1955060
10-18 20:54:11.861 11492 13064 E unknown:ReactNative: ?anon_0_@1:1953805
10-18 20:54:11.861 11492 13064 E unknown:ReactNative: asyncGeneratorStep@1:573272
10-18 20:54:11.861 11492 13064 E unknown:ReactNative: _next@1:573529
10-18 20:54:11.861 11492 13064 E unknown:ReactNative: anonymous@1:573481
10-18 20:54:11.861 11492 13064 E unknown:ReactNative: anonymous@1:573402
10-18 20:54:11.861 11492 13064 E unknown:ReactNative: handleActiveDriver@1:1954029
10-18 20:54:11.861 11492 13064 E unknown:ReactNative: anonymous@1:1952572
10-18 20:54:11.861 11492 13064 E unknown:ReactNative: commitHookEffectListMount@1:393533
10-18 20:54:11.861 11492 13064 E unknown:ReactNative: commitHookPassiveMountEffects@1:401261
10-18 20:54:11.861 11492 13064 E unknown:ReactNative: commitPassiveMountOnFiber@1:401706
10-18 20:54:11.861 11492 13064 E unknown:ReactNative: recursivelyTraversePassiveMountEffects@1:401345
10-18 20:54:11.861 11492 13064 E unknown:ReactNative: commitPassiveMountOnFiber@1:401453
10-18 20:54:11.861 11492 13064 E unknown:ReactNative: recursivelyTraversePassiveMountEffects@1:401345
10-18 20:54:11.861 11492 13064 E unknown:ReactNative: commitPassiveMountOnFiber@1:401679
10-18 20:54:11.861 11492 13064 E unknown:ReactNative: recursivelyTraversePassiveMountEffects@1:401345
10-18 20:54:11.861 11492 13064 E unknown:ReactNative: commitPassiveMountOnFiber@1:401679
10-18 20:54:11.861 11492 13064 E unknown:ReactNative: recursivelyTraversePassiveMountEffects@1:401345
10-18 20:54:11.861 11492 13064 E unknown:ReactNative: commitPassiveMountOnFiber@1:401679
10-18 20:54:11.861 11492 13064 E unknown:ReactNative: recursivelyTraversePassiveMountEffects@1:401345
10-18 20:54:11.861 11492 13064 E unknown:ReactNative: commitPassiveMountOnFiber@1:401559
10-18 20:54:11.861 11492 13064 E unknown:ReactNative: recursivelyTraversePassiveMountEffects@1:401345
10-18 20:54:11.861 11492 13064 E unknown:ReactNative: commitPassiveMountOnFiber@1:401453
10-18 20:54:11.861 11492 13064 E unknown:ReactNative: recursivelyTraversePassiveMountEffects@1:401345
10-18 20:54:11.861 11492 13064 E unknown:ReactNative: commitPassiveMountOnFiber@1:401453
10-18 20:54:11.861 11492 13064 E unknown:ReactNative: recursivelyTraversePassiveMountEffects@1:401345
10-18 20:54:11.861 11492 13064 E unknown:ReactNative: commitPassiveMountOnFiber@1:401453
10-18 20:54:11.861 11492 13064 E unknown:ReactNative: recursivelyTraversePassiveMountEffects@1:401345
10-18 20:54:11.861 11492 13064 E unknown:ReactNative: commitPassiveMountOnFiber@1:401453
10-18 20:54:11.861 11492 13064 E unknown:ReactNative: recursivelyTraversePassiveMountEffects@1:401345
10-18 20:54:11.861 11492 13064 E unknown:ReactNative: commitPassiveMountOnFiber@1:401679
10-18 20:54:11.861 11492 13064 E unknown:ReactNative: recursivelyTraversePassiveMountEffects@1:401345
10-18 20:54:11.861 11492 13064 E unknown:ReactNative: commitPassiveMountOnFiber@1:401453
10-18 20:54:11.861 11492 13064 E unknown:ReactNative: recursivelyTraversePassiveMountEffects@1:401345
10-18 20:54:11.861 11492 13064 E unknown:ReactNative: commitPassiveMountOnFiber@1:401679
10-18 20:54:11.861 11492 13064 E unknown:ReactNative: recursivelyTraversePassiveMountEffects@1:401345
10-18 20:54:11.861 11492 13064 E unknown:ReactNative: commitPassiveMountOnFiber@1:401453
10-18 20:54:11.861 11492 13064 E unknown:ReactNative: recursivelyTraversePassiveMountEffects@1:401345
10-18 20:54:11.861 11492 13064 E unknown:ReactNative: commitPassiveMountOnFiber@1:401679
10-18 20:54:11.861 11492 13064 E unknown:ReactNative: recursivelyTraversePassiveMountEffects@1:401345
10-18 20:54:11.861 11492 13064 E unknown:ReactNative: commitPassiveMountOnFiber@1:401679
10-18 20:54:11.861 11492 13064 E unknown:ReactNative: recursivelyTraversePassiveMountEffects@1:401345
10-18 20:54:11.861 11492 13064 E unknown:ReactNative: commitPassiveMountOnFiber@1:401679
10-18 20:54:11.861 11492 13064 E unknown:ReactNative: recursivelyTraversePassiveMountEffects@1:401345
10-18 20:54:11.861 11492 13064 E unknown:ReactNative: commitPassiveMountOnFiber@1:401679
10-18 20:54:11.861 11492 13064 E unknown:ReactNative: recursivelyTraversePassiveMountEffects@1:401345
10-18 20:54:11.861 11492 13064 E unknown:ReactNative: commitPassiveMountOnFiber@1:401453
10-18 20:54:11.861 11492 13064 E unknown:ReactNative: recursivelyTraversePassiveMountEffects@1:401345
10-18 20:54:11.861 11492 13064 E unknown:ReactNative: commitPassiveMountOnFiber@1:401679
10-18 20:54:11.861 11492 13064 E unknown:ReactNative: recursivelyTraversePassiveMountEffects@1:401345
10-18 20:54:11.861 11492 13064 E unknown:ReactNative: commitPassiveMountOnFiber@1:401453
10-18 20:54:11.861 11492 13064 E unknown:ReactNative: recursivelyTraversePassiveMountEffects@1:401345
10-18 20:54:11.861 11492 13064 E unknown:ReactNative: commitPassiveMountOnFiber@1:401679
10-18 20:54:11.861 11492 13064 E unknown:ReactNative: recursivelyTraversePassiveMountEffects@1:401345
10-18 20:54:11.861 11492 13064 E unknown:ReactNative: commitPassiveMountOnFiber@1:401453
10-18 20:54:11.861 11492 13064 E unknown:ReactNative: recursivelyTraversePassiveMountEffects@1:401345
10-18 20:54:11.861 11492 13064 E unknown:ReactNative: commitPassiveMountOnFiber@1:401661
10-18 20:54:11.861 11492 13064 E unknown:ReactNative: flushPassiveEffects@1:409129
10-18 20:54:11.861 11492 13064 E unknown:ReactNative: flushSyncWorkAcrossRoots_impl@1:362680
10-18 20:54:11.861 11492 13064 E unknown:ReactNative: scheduleUpdateOnFiber@1:403741
10-18 20:54:11.861 11492 13064 E unknown:ReactNative: dispatchSetState@1:377419
10-18 20:54:11.861 11492 13064 E unknown:ReactNative: ?anon_0_@1:951395
10-18 20:54:11.861 11492 13064 E unknown:ReactNative: asyncGeneratorStep@1:573272
10-18 20:54:11.861 11492 13064 E unknown:ReactNative: _next@1:573529
10-18 20:54:11.861 11492 13064 E unknown:ReactNative: anonymous@1:136226
10-18 20:54:11.861 11492 13064 E unknown:ReactNative: _callTimer@1:135225
10-18 20:54:11.861 11492 13064 E unknown:ReactNative: _callReactNativeMicrotasksPass@1:135369
10-18 20:54:11.861 11492 13064 E unknown:ReactNative: callReactNativeMicrotasks@1:137300
10-18 20:54:11.861 11492 13064 E unknown:ReactNative: __callReactNativeMicrotasks@1:101038
10-18 20:54:11.861 11492 13064 E unknown:ReactNative: anonymous@1:100174
10-18 20:54:11.861 11492 13064 E unknown:ReactNative: __guard@1:100912
10-18 20:54:11.861 11492 13064 E unknown:ReactNative: flushedQueue@1:100085
10-18 20:54:11.861 11492 13064 E unknown:ReactNative: invokeCallbackAndReturnFlushedQueue@1:100028
10-18 20:54:11.864 11492 13064 E unknown:ReactNative: console.error: Current value: undefined, js engine: hermes, stack:
10-18 20:54:11.864 11492 13064 E unknown:ReactNative: _construct@1:117842
10-18 20:54:11.864 11492 13064 E unknown:ReactNative: Wrapper@1:117496
10-18 20:54:11.864 11492 13064 E unknown:ReactNative: _callSuper@1:115478
10-18 20:54:11.864 11492 13064 E unknown:ReactNative: SyntheticError@1:116983
10-18 20:54:11.864 11492 13064 E unknown:ReactNative: reactConsoleErrorHandler@1:116629
10-18 20:54:11.864 11492 13064 E unknown:ReactNative: ?anon_0_@1:1954917
10-18 20:54:11.864 11492 13064 E unknown:ReactNative: asyncGeneratorStep@1:573272
10-18 20:54:11.864 11492 13064 E unknown:ReactNative: _next@1:573529
10-18 20:54:11.864 11492 13064 E unknown:ReactNative: anonymous@1:573481
10-18 20:54:11.864 11492 13064 E unknown:ReactNative: anonymous@1:573402
10-18 20:54:11.864 11492 13064 E unknown:ReactNative: forceCreateLocationRecord@1:1955060
10-18 20:54:11.864 11492 13064 E unknown:ReactNative: ?anon_0_@1:1953805
10-18 20:54:11.864 11492 13064 E unknown:ReactNative: asyncGeneratorStep@1:573272
10-18 20:54:11.864 11492 13064 E unknown:ReactNative: _next@1:573529
10-18 20:54:11.864 11492 13064 E unknown:ReactNative: anonymous@1:573481
10-18 20:54:11.864 11492 13064 E unknown:ReactNative: anonymous@1:573402
10-18 20:54:11.864 11492 13064 E unknown:ReactNative: handleActiveDriver@1:1954029
10-18 20:54:11.864 11492 13064 E unknown:ReactNative: anonymous@1:1952572
10-18 20:54:11.864 11492 13064 E unknown:ReactNative: commitHookEffectListMount@1:393533
10-18 20:54:11.864 11492 13064 E unknown:ReactNative: commitHookPassiveMountEffects@1:401261
10-18 20:54:11.864 11492 13064 E unknown:ReactNative: commitPassiveMountOnFiber@1:401706
10-18 20:54:11.864 11492 13064 E unknown:ReactNative: recursivelyTraversePassiveMountEffects@1:401345
10-18 20:54:11.864 11492 13064 E unknown:ReactNative: commitPassiveMountOnFiber@1:401453
10-18 20:54:11.864 11492 13064 E unknown:ReactNative: recursivelyTraversePassiveMountEffects@1:401345
10-18 20:54:11.864 11492 13064 E unknown:ReactNative: commitPassiveMountOnFiber@1:401679
10-18 20:54:11.864 11492 13064 E unknown:ReactNative: recursivelyTraversePassiveMountEffects@1:401345
10-18 20:54:11.864 11492 13064 E unknown:ReactNative: commitPassiveMountOnFiber@1:401679
10-18 20:54:11.864 11492 13064 E unknown:ReactNative: recursivelyTraversePassiveMountEffects@1:401345
10-18 20:54:11.864 11492 13064 E unknown:ReactNative: commitPassiveMountOnFiber@1:401679
10-18 20:54:11.864 11492 13064 E unknown:ReactNative: recursivelyTraversePassiveMountEffects@1:401345
10-18 20:54:11.864 11492 13064 E unknown:ReactNative: commitPassiveMountOnFiber@1:401559
10-18 20:54:11.864 11492 13064 E unknown:ReactNative: recursivelyTraversePassiveMountEffects@1:401345
10-18 20:54:11.864 11492 13064 E unknown:ReactNative: commitPassiveMountOnFiber@1:401453
10-18 20:54:11.864 11492 13064 E unknown:ReactNative: recursivelyTraversePassiveMountEffects@1:401345
10-18 20:54:11.864 11492 13064 E unknown:ReactNative: commitPassiveMountOnFiber@1:401453
10-18 20:54:11.864 11492 13064 E unknown:ReactNative: recursivelyTraversePassiveMountEffects@1:401345
10-18 20:54:11.864 11492 13064 E unknown:ReactNative: commitPassiveMountOnFiber@1:401453
10-18 20:54:11.864 11492 13064 E unknown:ReactNative: recursivelyTraversePassiveMountEffects@1:401345
10-18 20:54:11.864 11492 13064 E unknown:ReactNative: commitPassiveMountOnFiber@1:401453
10-18 20:54:11.864 11492 13064 E unknown:ReactNative: recursivelyTraversePassiveMountEffects@1:401345
10-18 20:54:11.864 11492 13064 E unknown:ReactNative: commitPassiveMountOnFiber@1:401679
10-18 20:54:11.864 11492 13064 E unknown:ReactNative: recursivelyTraversePassiveMountEffects@1:401345
10-18 20:54:11.864 11492 13064 E unknown:ReactNative: commitPassiveMountOnFiber@1:401453
10-18 20:54:11.864 11492 13064 E unknown:ReactNative: recursivelyTraversePassiveMountEffects@1:401345
10-18 20:54:11.864 11492 13064 E unknown:ReactNative: commitPassiveMountOnFiber@1:401679
10-18 20:54:11.864 11492 13064 E unknown:ReactNative: recursivelyTraversePassiveMountEffects@1:401345
10-18 20:54:11.864 11492 13064 E unknown:ReactNative: commitPassiveMountOnFiber@1:401453
10-18 20:54:11.864 11492 13064 E unknown:ReactNative: recursivelyTraversePassiveMountEffects@1:401345
10-18 20:54:11.864 11492 13064 E unknown:ReactNative: commitPassiveMountOnFiber@1:401679
10-18 20:54:11.864 11492 13064 E unknown:ReactNative: recursivelyTraversePassiveMountEffects@1:401345
10-18 20:54:11.864 11492 13064 E unknown:ReactNative: commitPassiveMountOnFiber@1:401679
10-18 20:54:11.864 11492 13064 E unknown:ReactNative: recursivelyTraversePassiveMountEffects@1:401345
10-18 20:54:11.864 11492 13064 E unknown:ReactNative: commitPassiveMountOnFiber@1:401679
10-18 20:54:11.864 11492 13064 E unknown:ReactNative: recursivelyTraversePassiveMountEffects@1:401345
10-18 20:54:11.864 11492 13064 E unknown:ReactNative: commitPassiveMountOnFiber@1:401679
10-18 20:54:11.864 11492 13064 E unknown:ReactNative: recursivelyTraversePassiveMountEffects@1:401345
10-18 20:54:11.864 11492 13064 E unknown:ReactNative: commitPassiveMountOnFiber@1:401453
10-18 20:54:11.864 11492 13064 E unknown:ReactNative: recursivelyTraversePassiveMountEffects@1:401345
10-18 20:54:11.864 11492 13064 E unknown:ReactNative: commitPassiveMountOnFiber@1:401679
10-18 20:54:11.864 11492 13064 E unknown:ReactNative: recursivelyTraversePassiveMountEffects@1:401345
10-18 20:54:11.864 11492 13064 E unknown:ReactNative: commitPassiveMountOnFiber@1:401453
10-18 20:54:11.864 11492 13064 E unknown:ReactNative: recursivelyTraversePassiveMountEffects@1:401345
10-18 20:54:11.864 11492 13064 E unknown:ReactNative: commitPassiveMountOnFiber@1:401679
10-18 20:54:11.864 11492 13064 E unknown:ReactNative: recursivelyTraversePassiveMountEffects@1:401345
10-18 20:54:11.864 11492 13064 E unknown:ReactNative: commitPassiveMountOnFiber@1:401453
10-18 20:54:11.864 11492 13064 E unknown:ReactNative: recursivelyTraversePassiveMountEffects@1:401345
10-18 20:54:11.864 11492 13064 E unknown:ReactNative: commitPassiveMountOnFiber@1:401661
10-18 20:54:11.864 11492 13064 E unknown:ReactNative: flushPassiveEffects@1:409129
10-18 20:54:11.864 11492 13064 E unknown:ReactNative: flushSyncWorkAcrossRoots_impl@1:362680
10-18 20:54:11.864 11492 13064 E unknown:ReactNative: scheduleUpdateOnFiber@1:403741
10-18 20:54:11.864 11492 13064 E unknown:ReactNative: dispatchSetState@1:377419
10-18 20:54:11.864 11492 13064 E unknown:ReactNative: ?anon_0_@1:951395
10-18 20:54:11.864 11492 13064 E unknown:ReactNative: asyncGeneratorStep@1:573272
10-18 20:54:11.864 11492 13064 E unknown:ReactNative: _next@1:573529
10-18 20:54:11.864 11492 13064 E unknown:ReactNative: anonymous@1:136226
10-18 20:54:11.864 11492 13064 E unknown:ReactNative: _callTimer@1:135225
10-18 20:54:11.864 11492 13064 E unknown:ReactNative: _callReactNativeMicrotasksPass@1:135369
10-18 20:54:11.864 11492 13064 E unknown:ReactNative: callReactNativeMicrotasks@1:137300
10-18 20:54:11.864 11492 13064 E unknown:ReactNative: __callReactNativeMicrotasks@1:101038
10-18 20:54:11.864 11492 13064 E unknown:ReactNative: anonymous@1:100174
10-18 20:54:11.864 11492 13064 E unknown:ReactNative: __guard@1:100912
10-18 20:54:11.864 11492 13064 E unknown:ReactNative: flushedQueue@1:100085
10-18 20:54:11.864 11492 13064 E unknown:ReactNative: invokeCallbackAndReturnFlushedQueue@1:100028
10-18 20:54:11.865 11492 13064 W unknown:ViewManagerPropertyUpdater: Could not find generated setter for class com.swmansion.rnscreens.ScreensShadowNode
10-18 20:54:11.893 11492 13063 I ReactNativeJS: === NAVIGATION CHECK ===
10-18 20:54:11.893 11492 13063 I ReactNativeJS: 'In auth group:', false
10-18 20:54:11.893 11492 13063 I ReactNativeJS: 'Has session:', false
10-18 20:54:11.893 11492 13063 I ReactNativeJS: 'Has driver:', true
10-18 20:54:11.893 11492 13063 I ReactNativeJS: 'Current segments:', [ '(tabs)' ]
10-18 20:54:11.893 11492 13063 I ReactNativeJS: 'Loading state:', false
10-18 20:54:11.893 11492 13063 I ReactNativeJS: 'Is authenticated:', { id: 'eb91d7e5-e2f2-4021-a8c8-3739a3d4cae4',
10-18 20:54:11.893 11492 13063 I ReactNativeJS:   user_id: '1c4ac410-54d8-4b5e-960b-3afcbebd115d',
10-18 20:54:11.893 11492 13063 I ReactNativeJS:   license_number: 'TY58971234',
10-18 20:54:11.893 11492 13063 I ReactNativeJS:   license_expiry: '2025-10-04',
10-18 20:54:11.893 11492 13063 I ReactNativeJS:   status: 'busy',
10-18 20:54:11.893 11492 13063 I ReactNativeJS:   rating: 5,
10-18 20:54:11.893 11492 13063 I ReactNativeJS:   total_rides: 40,
10-18 20:54:11.893 11492 13063 I ReactNativeJS:   is_verified: true,
10-18 20:54:11.893 11492 13063 I ReactNativeJS:   vehicle_id: 'e7591bc7-c083-49f6-b30d-cc0d6964f3a1',
10-18 20:54:11.893 11492 13063 I ReactNativeJS:   vendor_id: null,
10-18 20:54:11.893 11492 13063 I ReactNativeJS:   phone_number: '9598972325',
10-18 20:54:11.893 11492 13063 I ReactNativeJS:   name: 'john',
10-18 20:54:11.893 11492 13063 I ReactNativeJS:   created_at: '2025-09-16T17:06:10.397003+00:00',
10-18 20:54:11.893 11492 13063 I ReactNativeJS:   updated_at: '2025-10-18T15:15:50.284134+00:00',
10-18 20:54:11.893 11492 13063 I ReactNativeJS:   user: 
10-18 20:54:11.893 11492 13063 I ReactNativeJS:    { id: '1c4ac410-54d8-4b5e-960b-3afcbebd115d',
10-18 20:54:11.893 11492 13063 I ReactNativeJS:      email: 'john@gmail.com',
10-18 20:54:11.893 11492 13063 I ReactNativeJS:      role: 'driver',
10-18 20:54:11.893 11492 13063 I ReactNativeJS:      full_name: 'john',
10-18 20:54:11.893 11492 13063 I ReactNativeJS:      phone_number: '9598972325',
10-18 20:54:11.893 11492 13063 I ReactNativeJS:      avatar_url: null,
10-18 20:54:11.893 11492 13063 I ReactNativeJS:      is_active: true,
10-18 20:54:11.893 11492 13063 I ReactNativeJS:      created_at: '2025-09-16T17:06:09.397142+00:00',
10-18 20:54:11.893 11492 13063 I ReactNativeJS:      updated_at: '2025-09-16T17:06:09.397142+00:00' },
10-18 20:54:11.893 11492 13063 I ReactNativeJS:   vehicle: 
10-18 20:54:11.893 11492 13063 I ReactNativeJS:    { id: 'e7591bc7-c083-49f6-b30d-cc0d6964f3a1',
10-18 20:54:11.893 11492 13063 I ReactNativeJS:      registration_number: 'KA51MN1111',
10-18 20:54:11.893 11492 13063 I ReactNativeJS:      make: 'Maruti',
10-18 20:54:11.893 11492 13063 I ReactNativeJS:      model: 'Ciaz',
10-18 20:54:11.893 11492 13063 I ReactNativeJS:      year: 2022,
10-18 20:54:11.893 11492 13063 I ReactNativeJS:      color: 'Silver',
10-18 20:54:11.893 11492 13063 I ReactNativeJS:      vehicle_type: 'sedan',
10-18 20:54:11.893 11492 13063 I ReactNativeJS:      capacity: 4 } }
10-18 20:54:11.893 11492 13063 I ReactNativeJS: No navigation needed - staying in current route
10-18 20:54:11.893 11492 13063 I ReactNativeJS: === DRIVER STATUS CHANGE DETECTED ===
10-18 20:54:11.893 11492 13063 I ReactNativeJS: 'Driver:', 'john'
10-18 20:54:11.893 11492 13063 I ReactNativeJS: 'Driver Status:', 'busy'
10-18 20:54:11.893 11492 13063 I ReactNativeJS: 'Driver User ID:', '1c4ac410-54d8-4b5e-960b-3afcbebd115d'
10-18 20:54:11.893 11492 13063 I ReactNativeJS: 'Driver Verified:', true
10-18 20:54:11.898 11492 13064 V SoLoader: libreact_featureflagsjni.so not found on /data/app/~~qdwfY3fN7Kk_DI0QZoyw_w==/com.a1taxi.driverpro-dOdIvavY5QucTesdsNTGwA==/lib/arm64
10-18 20:54:11.902 11492 13064 D nativeloader: Load /data/app/~~qdwfY3fN7Kk_DI0QZoyw_w==/com.a1taxi.driverpro-dOdIvavY5QucTesdsNTGwA==/base.apk!/lib/arm64-v8a/libreact_featureflagsjni.so using class loader ns clns-7 (caller=/data/app/~~qdwfY3fN7Kk_DI0QZoyw_w==/com.a1taxi.driverpro-dOdIvavY5QucTesdsNTGwA==/base.apk): ok
10-18 20:54:11.903 11492 13064 D SoLoader: libreact_featureflagsjni.so found on /data/app/~~qdwfY3fN7Kk_DI0QZoyw_w==/com.a1taxi.driverpro-dOdIvavY5QucTesdsNTGwA==/base.apk!/lib/arm64-v8a
