10-19 23:36:21.362 30493 30517 W fb4a.AppInitScheduler|Run: Running RunEarlyInitForActivity [*]
10-19 23:36:21.362 30493 30517 W fb4a.AppInitScheduler|Run:   Finished RunEarlyInitForActivity in 0ms
10-19 23:36:21.362 30493 30517 W fb4a.AppInitScheduler|Run: Running AnalyticsLoggerInit [*]
10-19 23:36:21.362 30493 30537 W fb4a.QuickPerformanceLoggerModule: Providing QPL... begin
10-19 23:36:21.366 30493 30530 W fb4a.AppInitScheduler|Run:   Finished InitSurfaces in 10ms
10-19 23:36:21.366 30493 30530 W fb4a.AppInitScheduler|Run: Running FdidInitSync [*]
10-19 23:36:21.367 30493 30530 W fb4a.AppInitScheduler|Run:   Finished FdidInitSync in 1ms
10-19 23:36:21.367 30493 30530 W fb4a.AppInitScheduler|Run: Running LithoConfiguration [*]
10-19 23:36:21.368 30493 30531 W fb4a.AppInitScheduler|Run:   Finished StaticGraphServiceFactoryInitializer in 12ms
10-19 23:36:21.368 30493 30531 W fb4a.AppInitScheduler|Run: Running PrivacyUiiDetectionLogger [*]
10-19 23:36:21.369 30493 30531 W fb4a.AppInitScheduler|Run:   Finished PrivacyUiiDetectionLogger in 0ms
10-19 23:36:21.369 30493 30531 W fb4a.AppInitScheduler|Run: Running EagerInitFBTigon [*]
10-19 23:36:21.370 30493 30523 W fb4a.FrscLanguagePackLoader: Loading FRSC strings for locale (en)
10-19 23:36:21.372 30493 30531 W fb4a.AppInitScheduler|Schedule:   Executing async work for EagerInitFBTigon: InjectTigonServiceHolder
10-19 23:36:21.372 30493 30531 W fb4a.AppInitScheduler|Schedule:   Executing async work for EagerInitFBTigon: InjectNativePlatformContextHolder
10-19 23:36:21.372 29120 29656 I ReactNativeJS: 📋 Found 0 unread ride notifications
10-19 23:36:21.372 30493 30523 W fb4a.AppInitScheduler|Run:   Finished StringResourcesDelegate in 17ms
10-19 23:36:21.373 30493 30530 W fb4a.AppInitScheduler|Run:   Finished LithoConfiguration in 6ms
10-19 23:36:21.375 30493 30537 W fb4a.QuickPerformanceLoggerModule: Providing QPL... end
10-19 23:36:21.375 29120 29656 I ReactNativeJS: '🎯🎯🎯 TripCompletionModal RENDER - visible:', false
10-19 23:36:21.375 29120 29656 I ReactNativeJS: '🎯🎯🎯 tripData:', '{\n  "distance": 0,\n  "duration": 0,\n  "fareBreakdown": {\n    "booking_type": "regular",\n    "vehicle_type": "sedan",\n    "base_fare": 0,\n    "distance_fare": 0,\n    "time_fare": 0,\n    "surge_charges": 0,\n    "deadhead_charges": 0,\n    "platform_fee": 0,\n    "gst_on_charges": 0,\n    "gst_on_platform_fee": 0,\n    "extra_km_charges": 0,\n    "driver_allowance": 0,\n    "total_fare": 0,\n    "details": {\n      "actual_distance_km": 0,\n      "actual_duration_minutes": 0,\n      "per_km_rate": 0\n    }\n  },\n  "pickup_address": "",\n  "destination_address": "",\n  "booking_type": "regular",\n  "rental_hours": null\n}'
10-19 23:36:21.375 29120 29656 I ReactNativeJS: ❌ Not visible - returning null
10-19 23:36:21.376 30493 30537 W fb4a.AppInitScheduler|Run:   Finished StartupQPLInit in 16ms
10-19 23:36:21.376 30493 30537 W fb4a.AppInitScheduler|Schedule:   Executing 296:PreloadFeedFullCacheLoad
10-19 23:36:21.376 30493 30537 W fb4a.AppInitScheduler|Schedule:   Executing 146:INeedInitForBroadcastReceiverRegister
10-19 23:36:21.376 30493 30537 W fb4a.AppInitScheduler|Schedule:   Executing 291:PreloadClassesForReelsTabRestores
10-19 23:36:21.376 30493 30537 W fb4a.AppInitScheduler|Schedule:   Executing 292:PreloadClassesForReelsTabStarts
10-19 23:36:21.376 30493 30541 W fb4a.AppInitScheduler|Run:   Finished FbSharedPreferenceInitializerAsync in 56ms
10-19 23:36:21.376 30493 30537 W fb4a.AppInitScheduler|Schedule:   Executing 311:PreloadVideoHomeDataController
10-19 23:36:21.376 30493 30537 W fb4a.AppInitScheduler|Schedule:   Executing 316:ProfiloBridgeFactoryImpl
10-19 23:36:21.376 30493 30537 W fb4a.AppInitScheduler|Schedule:   Executing 325:ReliabilityUserPerceptibleScopeToQPL
10-19 23:36:21.376 29120 29656 I ReactNativeJS: ✅ No pending ride notifications
10-19 23:36:21.376 30493 30537 W fb4a.AppInitScheduler|Schedule:   Executing 351:TransientNetworkTraceEarlyInit
10-19 23:36:21.376 30493 30537 W fb4a.AppInitScheduler|Schedule:   Executing 294:PreloadFeedDataLoader
10-19 23:36:21.376 30493 30537 W fb4a.AppInitScheduler|Schedule:   Executing 195:KeepWarm
10-19 23:36:21.376 29120 29656 I ReactNativeJS: === RIDES SCREEN STATE DEBUG ===
10-19 23:36:21.376 30493 30537 W fb4a.AppInitScheduler|Schedule:   Executing 222:MetaCasper
10-19 23:36:21.376 29120 29656 I ReactNativeJS: 🔄 Component state updated:
10-19 23:36:21.377 30493 30537 W fb4a.AppInitScheduler|Schedule:   Executing 297:PreloadFeedRequest
10-19 23:36:21.377 30493 30537 W fb4a.AppInitScheduler|Schedule:   Executing 290:PreloadClashManager
10-19 23:36:21.377 30493 30537 W fb4a.AppInitScheduler|Schedule:   Executing 293:PreloadFeedConfig
10-19 23:36:21.377 29120 29656 I ReactNativeJS: '  - Current ride:', 'null'
10-19 23:36:21.377 30493 30537 W fb4a.AppInitScheduler|Schedule:   Executing 295:PreloadFeedFetchMetadata
10-19 23:36:21.377 29120 29656 I ReactNativeJS: '  - Pending rides count:', 0
10-19 23:36:21.377 30493 30532 W fb4a.AppInitScheduler|Run:   Finished ComposerSavedSessionStoreInitializer in 22ms
10-19 23:36:21.377 29120 29656 I ReactNativeJS: '  - Driver status:', 'online'
10-19 23:36:21.377 29120 29656 I ReactNativeJS: '  - Loading:', true
10-19 23:36:21.377 29120 29656 I ReactNativeJS: '  - Error:', null
10-19 23:36:21.377 30493 30537 W fb4a.AppInitScheduler|Schedule:   Executing 298:PreloadFreshFeedRanker
10-19 23:36:21.377 29120 29656 I ReactNativeJS: '  - Show modal:', false
10-19 23:36:21.377 30493 30537 W fb4a.AppInitScheduler|Schedule:   Executing 299:PreloadHeroManager
10-19 23:36:21.377 29120 29656 I ReactNativeJS: '  - Timestamp:', '2025-10-19T18:06:21.377Z'
10-19 23:36:21.377 30493 30537 W fb4a.AppInitScheduler|Schedule:   Executing 309:PreloadStoriesTrayFetchController
10-19 23:36:21.377 29120 29656 I ReactNativeJS: ❌ NO CURRENT RIDE - showing empty state
10-19 23:36:21.377 29120 29656 I ReactNativeJS: === RIDE REQUEST MODAL LOGIC DEBUG ===
10-19 23:36:21.377 29120 29656 I ReactNativeJS: 🔄 Checking if should show ride request modal:
10-19 23:36:21.377 29120 29656 I ReactNativeJS: '  - Pending rides:', 0
10-19 23:36:21.377 30493 30537 W fb4a.AppInitScheduler|Schedule:   Executing 310:PreloadStoriesTrayQuery
10-19 23:36:21.377 29120 29656 I ReactNativeJS: '  - Modal already showing:', false
10-19 23:36:21.377 30493 30537 W fb4a.AppInitScheduler|Schedule:   Executing 312:PreloadVideoPrivateSharing
10-19 23:36:21.377 29120 29656 I ReactNativeJS: '  - Driver status:', 'online'
10-19 23:36:21.377 29120 29656 I ReactNativeJS: '  - Has current ride:', false
10-19 23:36:21.377 29120 29656 I ReactNativeJS: ❌ NOT SHOWING MODAL - reasons:
10-19 23:36:21.377 30493 30537 W fb4a.AppInitScheduler|Schedule:   Executing 313:PreloadVideoTabRestart
10-19 23:36:21.377 30493 30537 W fb4a.AppInitScheduler|Schedule:   Executing 336:SetupBlockingBackgroundComponentReporting
10-19 23:36:21.377 30493 30537 W fb4a.AppInitScheduler|Schedule:   Executing 344:StartupQPLReplayer
10-19 23:36:21.377 30493 30531 W fb4a.AppInitScheduler|Schedule:   Executing async work for EagerInitFBTigon: InjectHttpClient
10-19 23:36:21.377 30493 30537 W fb4a.AppInitScheduler|Run: Running PreloadFeedFullCacheLoad [*]
10-19 23:36:21.377 30493 30537 W fb4a.StartDestinationQe: Running inline: appInitPreloadFeedFullCacheLoad
10-19 23:36:21.378 30493 30541 W fb4a.AppInitScheduler|Run: Running EarlyFetchStartupDestinationAppInit [*]
10-19 23:36:21.378 30493 30517 W fb4a.EndToEndAnalyticsEventListener: WRITE_ANALYTICS_TO_LOGCAT = null, EndToEnd.isRunningEndToEndTest() = false
10-19 23:36:21.378 30493 30541 W fb4a.AppInitScheduler|Run:   Finished EarlyFetchStartupDestinationAppInit in 0ms
10-19 23:36:21.378 30493 30541 W fb4a.AppInitScheduler|Run: Running CheckUnstableContentProvider
10-19 23:36:21.378 30493 30541 W fb4a.AppInitScheduler|Run:   Finished CheckUnstableContentProvider in 0ms
10-19 23:36:21.378 30493 30541 W fb4a.AppInitScheduler|Run: Running AnalyticsInit
10-19 23:36:21.378 29120 29656 I ReactNativeJS: '🚗 Analysis:', { pendingRidesCount: 0,
10-19 23:36:21.378 29120 29656 I ReactNativeJS:   modalAlreadyShowing: false,
10-19 23:36:21.378 29120 29656 I ReactNativeJS:   driverStatus: 'online',
10-19 23:36:21.378 29120 29656 I ReactNativeJS:   hasCurrentRide: false }
10-19 23:36:21.380 30493 30541 W fb4a.AppInitScheduler|Run:   Finished AnalyticsInit in 2ms
10-19 23:36:21.380 30493 30553 W fb4a.FrscLanguagePackLoader: FRSC English strings buffer size - (limit : 756882, capacity : 756882)
10-19 23:36:21.383 30493 30541 W fb4a.AppInitScheduler|Run: Running ClientCacheEdgeManagerInitializer
10-19 23:36:21.383 29120 29656 I ReactNativeJS: '🎯🎯🎯 TripCompletionModal RENDER - visible:', false
10-19 23:36:21.383 30493 30541 W fb4a.StartDestinationQe: Running inline: ClientCacheEdgeManagerInitializer
10-19 23:36:21.383 29120 29656 I ReactNativeJS: '🎯🎯🎯 tripData:', '{\n  "distance": 0,\n  "duration": 0,\n  "fareBreakdown": {\n    "booking_type": "regular",\n    "vehicle_type": "sedan",\n    "base_fare": 0,\n    "distance_fare": 0,\n    "time_fare": 0,\n    "surge_charges": 0,\n    "deadhead_charges": 0,\n    "platform_fee": 0,\n    "gst_on_charges": 0,\n    "gst_on_platform_fee": 0,\n    "extra_km_charges": 0,\n    "driver_allowance": 0,\n    "total_fare": 0,\n    "details": {\n      "actual_distance_km": 0,\n      "actual_duration_minutes": 0,\n      "per_km_rate": 0\n    }\n  },\n  "pickup_address": "",\n  "destination_address": "",\n  "booking_type": "regular",\n  "rental_hours": null\n}'
10-19 23:36:21.383 29120 29656 I ReactNativeJS: ❌ Not visible - returning null
10-19 23:36:21.383 30493 30541 W fb4a.AppInitScheduler|Run:   Finished ClientCacheEdgeManagerInitializer in 4ms
10-19 23:36:21.383 30493 30541 W fb4a.AppInitScheduler|Run: Running DgwEarlySyncInitializer
10-19 23:36:21.383 30493 30541 W fb4a.AppInitScheduler|Run:   Finished DgwEarlySyncInitializer in 0ms
10-19 23:36:21.384 30493 30541 W fb4a.AppInitScheduler|Run: Running DownloadedFbResources
10-19 23:36:21.385 29120 29656 I ReactNativeJS: === RIDES SCREEN STATE DEBUG ===
10-19 23:36:21.385 29120 29656 I ReactNativeJS: 🔄 Component state updated:
10-19 23:36:21.385 29120 29656 I ReactNativeJS: '  - Current ride:', 'null'
10-19 23:36:21.385 29120 29656 I ReactNativeJS: '  - Pending rides count:', 0
10-19 23:36:21.385 29120 29656 I ReactNativeJS: '  - Driver status:', 'online'
10-19 23:36:21.385 29120 29656 I ReactNativeJS: '  - Loading:', false
10-19 23:36:21.385 29120 29656 I ReactNativeJS: '  - Error:', null
10-19 23:36:21.385 29120 29656 I ReactNativeJS: '  - Show modal:', false
10-19 23:36:21.385 29120 29656 I ReactNativeJS: '  - Timestamp:', '2025-10-19T18:06:21.385Z'
10-19 23:36:21.385 29120 29656 I ReactNativeJS: ❌ NO CURRENT RIDE - showing empty state
10-19 23:36:21.388 30493 30519 E fb4a.AppState: Returning default for firstRunInfo
10-19 23:36:21.388 30493 30519 E fb4a.AppState: Returning default for firstRunInfo
10-19 23:36:21.388 30493 30519 W fb4a.AppInitScheduler|Run:   Finished RunPerfMarkers in 34ms
10-19 23:36:21.388 30493 30519 W fb4a.AppInitScheduler|Run: Running Fb4aReactEagerInitHotMCUnpacker
10-19 23:36:21.389 30493 30522 W fb4a.SigquitDetectorLacrima: nativeInit
10-19 23:36:21.392 30493 30557 W fb4a.DefaultNetworkConfig: com.facebook.katana: getShouldCheckCertsInternal: true
10-19 23:36:21.392 30493 30522 W fb4a.lacrima: Start AnrDetector... com.facebook.acra.anr.multisignal.MultiSignalANRDetector
10-19 23:36:21.392 30493 30522 W fb4a.MultiSignalANRDetectorLacrima: Starting
10-19 23:36:21.392 30493 30522 W fb4a.ProcessAnrErrorMonitor: startMonitoring with delay: 0
10-19 23:36:21.393 30493 30541 D CACHE_HINTS: Entering madvise file
10-19 23:36:21.394 30493 30541 D CACHE_HINTS: MADVISE_RAND file 0x75448b8000 3219455 /data/data/com.facebook.katana/app_restricks/layouts.bin
10-19 23:36:21.395 30493 30565 W fb4a.ProcessAnrErrorMonitor: Starting process monitor checks for process 'com.facebook.katana'
10-19 23:36:21.395 30493 30565 W fb4a.MultiSignalANRDetectorLacrima: Started monitoring
10-19 23:36:21.396 30493 30517 W fb4a.AppInitScheduler|Run:   Finished AnalyticsLoggerInit in 35ms
10-19 23:36:21.397 30493 30517 W fb4a.AppInitScheduler|Schedule:   Executing 182:InitPushLiteSdk
10-19 23:36:21.397 30493 30517 W fb4a.AppInitScheduler|Schedule:   Executing 314:PreloadWordmark
10-19 23:36:21.397 30493 30517 W fb4a.AppInitScheduler|Schedule:   Executing 119:EagerInitImagePipeline
10-19 23:36:21.397 30493 30517 W fb4a.AppInitScheduler|Schedule:   Executing 4:AnalyticsLoggerPostInitReplay
10-19 23:36:21.397 30493 30517 W fb4a.AppInitScheduler|Schedule:   Executing 97:BloksInitializer
10-19 23:36:21.397 30493 30517 W fb4a.AppInitScheduler|Schedule:   Executing 210:MessageQueueDoctor
10-19 23:36:21.397 30493 30517 W fb4a.AppInitScheduler|Schedule:   Executing 301:PreloadLogDb
10-19 23:36:21.397 30493 30517 W fb4a.AppInitScheduler|Schedule:   Executing 304:PreloadReactions
10-19 23:36:21.397 30493 30517 W fb4a.AppInitScheduler|Run: Running InitPushLiteSdk [*]
10-19 23:36:21.400 30493 30517 W fb4a.AppInitScheduler|Run:   Finished InitPushLiteSdk in 4ms
10-19 23:36:21.400 30493 30517 W fb4a.AppInitScheduler|Run: Running PreloadWordmark [*]
10-19 23:36:21.410 30493 30517 W fb4a.AppInitScheduler|Run:   Finished PreloadWordmark in 10ms
10-19 23:36:21.411 30493 30517 W fb4a.AppInitScheduler|Run: Running EagerInitImagePipeline [*]
10-19 23:36:21.413 30493 30532 W fb4a.AppInitScheduler|Run: Running AnalyticsLoggerPostInitReplay
10-19 23:36:21.413 30493 30567 D SQLiteQueryBuilder: SELECT event_id, user_id, timestamp, channel, payload FROM logdb_data WHERE (user_id = ? AND channel in (?) AND event_id >= ? AND timestamp >= ?) ORDER BY event_id
10-19 23:36:21.414 30493 30522 W fb4a.AppInitScheduler|Run:   Finished InitLacrimaLaterInit in 60ms
10-19 23:36:21.415 30493 30522 W fb4a.AppInitScheduler|Run: Running BloksInitializer
10-19 23:36:21.415 30493 30532 W fb4a.AppInitScheduler|Run:   Finished AnalyticsLoggerPostInitReplay in 2ms
10-19 23:36:21.415 30493 30532 W fb4a.AppInitScheduler|Run: Running FbMCPPluginInitializer
10-19 23:36:21.416 30493 30523 W fb4a.AppInitScheduler|Run: Running FbMsysPostBootstrapListenerRegistrarOnAppInit
10-19 23:36:21.416 30493 30523 W fb4a.AppInitScheduler|Run:   Finished FbMsysPostBootstrapListenerRegistrarOnAppInit in 1ms
10-19 23:36:21.417 30493 30523 W fb4a.AppInitScheduler|Run: Running NotifyAppStateManagerOnCreateComplete
10-19 23:36:21.417 30493 30523 W fb4a.AppInitScheduler|Run:   Finished NotifyAppStateManagerOnCreateComplete in 0ms
10-19 23:36:21.417 30493 30523 W fb4a.AppInitScheduler|Schedule:   Executing 131:FbSharedUIQREnvironment
10-19 23:36:21.417 30493 30523 W fb4a.AppInitScheduler|Run: Running FbSharedUIQREnvironment
10-19 23:36:21.418 30493 30523 W fb4a.AppInitScheduler|Run:   Finished FbSharedUIQREnvironment in 1ms
10-19 23:36:21.418 30493 30523 W fb4a.AppInitScheduler|Schedule:   Executing 196:LanguageSwitcherCommonExInit
10-19 23:36:21.418 30493 30523 W fb4a.AppInitScheduler|Run: Running FixieNoSync
10-19 23:36:21.418 30493 30523 W fb4a.AppInitScheduler|Run:   Finished FixieNoSync in 0ms
10-19 23:36:21.418 30493 30523 W fb4a.AppInitScheduler|Run: Running INeedInitForBroadcastReceiverRegister
10-19 23:36:21.419 30493 30532 W fb4a.AppInitScheduler|Run:   Finished FbMCPPluginInitializer in 1ms
10-19 23:36:21.419 30493 30532 W fb4a.AppInitScheduler|Schedule:   Executing 127:FbMsysImmediateInitializer
10-19 23:36:21.419 30493 30532 W fb4a.AppInitScheduler|Run: Running FbMsysImmediateInitializer
10-19 23:36:21.420 30493 30522 W fb4a.AppInitScheduler|Run:   Finished BloksInitializer in 5ms
10-19 23:36:21.422 30493 30523 W fb4a.AppInitScheduler|Run:   Finished INeedInitForBroadcastReceiverRegister in 4ms
10-19 23:36:21.422 30493 30522 W fb4a.AppInitScheduler|Run: Running INeedInitForSharedPrefsListenerRegister
10-19 23:36:21.422 30493 30523 W fb4a.AppInitScheduler|Run: Running InitFury
10-19 23:36:21.423 30493 30532 W fb4a.AppInitScheduler|Run:   Finished FbMsysImmediateInitializer in 3ms
10-19 23:36:21.423 30493 30532 W fb4a.AppInitScheduler|Run: Running InitHelium
10-19 23:36:21.423 30493 30523 W fb4a.AppInitScheduler|Run:   Finished InitFury in 1ms
10-19 23:36:21.425 30493 30523 W fb4a.AppInitScheduler|Run: Running InitMemoryDumpHandler
10-19 23:36:21.425 30493 30532 W fb4a.AppInitScheduler|Run:   Finished InitHelium in 3ms
10-19 23:36:21.425 30493 30532 W fb4a.AppInitScheduler|Schedule:   Executing 185:InitSessionCookie
10-19 23:36:21.425 30493 30532 W fb4a.AppInitScheduler|Run: Running InitSessionCookie
10-19 23:36:21.425 30493 30523 W fb4a.AppInitScheduler|Run:   Finished InitMemoryDumpHandler in 1ms
10-19 23:36:21.425 30493 30523 W fb4a.AppInitScheduler|Run: Running LanguageSwitcherCommonExInit
10-19 23:36:21.426 30493 30532 W fb4a.AppInitScheduler|Run:   Finished InitSessionCookie in 0ms
10-19 23:36:21.426 30493 30532 W fb4a.AppInitScheduler|Run: Running LocationRequestDetector
10-19 23:36:21.426 30493 30532 W fb4a.AppInitScheduler|Run:   Finished LocationRequestDetector in 0ms
10-19 23:36:21.426 30493 30532 W fb4a.AppInitScheduler|Run: Running MessageQueueDoctor
10-19 23:36:21.426 30493 30532 W fb4a.AppInitScheduler|Run:   Finished MessageQueueDoctor in 0ms
10-19 23:36:21.426 30493 30532 W fb4a.AppInitScheduler|Run: Running PendingStoryStoreInitializer
10-19 23:36:21.426 30493 30532 W fb4a.AppInitScheduler|Run:   Finished PendingStoryStoreInitializer in 0ms
10-19 23:36:21.426 30493 30532 W fb4a.AppInitScheduler|Run: Running PreloadClassesForReelsTabRestores
10-19 23:36:21.426 30493 30532 W fb4a.AppInitScheduler|Run:   Finished PreloadClassesForReelsTabRestores in 0ms
10-19 23:36:21.426 30493 30532 W fb4a.AppInitScheduler|Run: Running PreloadClassesForReelsTabStarts
10-19 23:36:21.426 30493 30532 W fb4a.AppInitScheduler|Run:   Finished PreloadClassesForReelsTabStarts in 1ms
10-19 23:36:21.426 30493 30532 W fb4a.AppInitScheduler|Run: Running PreloadVideoHomeDataController
10-19 23:36:21.426 30493 30532 W fb4a.AppInitScheduler|Run:   Finished PreloadVideoHomeDataController in 0ms
10-19 23:36:21.426 30493 30532 W fb4a.AppInitScheduler|Run: Running ProfiloBridgeFactoryImpl
10-19 23:36:21.426 30493 30523 W fb4a.AppInitScheduler|Run:   Finished LanguageSwitcherCommonExInit in 1ms
10-19 23:36:21.426 30493 30523 W fb4a.AppInitScheduler|Run: Running RegisterMainLooperTracer
10-19 23:36:21.426 30493 30523 W fb4a.AppInitScheduler|Run:   Finished RegisterMainLooperTracer in 0ms
10-19 23:36:21.427 30493 30523 W fb4a.AppInitScheduler|Run: Running ReleaseDeferredBroadcastReceiver
10-19 23:36:21.427 30493 30532 W Profilo/TraceControl: START PROFILO_TRACEID: FEj2nBB1npT 30539777
10-19 23:36:21.427 30493 30523 W fb4a.AppInitScheduler|Run:   Finished ReleaseDeferredBroadcastReceiver in 0ms
10-19 23:36:21.427 30493 30523 W fb4a.AppInitScheduler|Run: Running ReliabilityExperiments
10-19 23:36:21.427 30493 30523 W fb4a.AppInitScheduler|Run:   Finished ReliabilityExperiments in 0ms
10-19 23:36:21.427 30493 30523 W fb4a.AppInitScheduler|Run: Running ReliabilityUserPerceptibleScopeToQPL
10-19 23:36:21.427 30493 30523 W fb4a.AppInitScheduler|Run:   Finished ReliabilityUserPerceptibleScopeToQPL in 0ms
10-19 23:36:21.427 30493 30523 W fb4a.AppInitScheduler|Run: Running SetupDynaBuilds
10-19 23:36:21.427 30493 30523 W fb4a.AppInitScheduler|Run:   Finished SetupDynaBuilds in 0ms
10-19 23:36:21.427 30493 30523 W fb4a.AppInitScheduler|Run: Running SetupSmartGc
10-19 23:36:21.427 30493 30523 W fb4a.AppInitScheduler|Run:   Finished SetupSmartGc in 1ms
10-19 23:36:21.427 30493 30523 W fb4a.AppInitScheduler|Run: Running TabBadgeFetchAppInit
10-19 23:36:21.427 30493 30523 W fb4a.AppInitScheduler|Run:   Finished TabBadgeFetchAppInit in 0ms
10-19 23:36:21.427 30493 30523 W fb4a.AppInitScheduler|Run: Running TransientNetworkTraceEarlyInit
10-19 23:36:21.428 30493 30523 W fb4a.AppInitScheduler|Run:   Finished TransientNetworkTraceEarlyInit in 0ms
10-19 23:36:21.428 30493 30523 W fb4a.AppInitScheduler|Run: Running WarmFacebookEmojiFont
10-19 23:36:21.428 30493 30523 W fb4a.AppInitScheduler|Run:   Finished WarmFacebookEmojiFont in 0ms
10-19 23:36:21.428 30493 30523 W fb4a.AppInitScheduler|Run: Running WhitehatOverlayInitializer
10-19 23:36:21.428 30493 30523 W fb4a.AppInitScheduler|Run:   Finished WhitehatOverlayInitializer in 0ms
10-19 23:36:21.428 30493 30523 W fb4a.AppInitScheduler|Run: Running PreloadFeedDataLoader
10-19 23:36:21.428 30493 30523 W fb4a.StartDestinationQe: Running inline: appInitPreloadFeedDataLoader
10-19 23:36:21.431 30493 30522 W fb4a.AppInitScheduler|Run:   Finished INeedInitForSharedPrefsListenerRegister in 9ms
10-19 23:36:21.431 30493 30522 W fb4a.AppInitScheduler|Run: Running KeepWarm
10-19 23:36:21.431 30493 30522 W fb4a.StartDestinationQe: Running inline: appInitKeepWarm
10-19 23:36:21.431 30493 30522 W fb4a.AppInitScheduler|Run:   Finished KeepWarm in 0ms
10-19 23:36:21.431 30493 30522 W fb4a.AppInitScheduler|Run: Running LongtailVoltronAppInit
10-19 23:36:21.433 30493 30541 W fb4a.AppInitScheduler|Run:   Finished DownloadedFbResources in 40ms
10-19 23:36:21.433 30493 30541 W fb4a.AppInitScheduler|Run: Running MetaCasper
10-19 23:36:21.434 26322 26322 D VRI[Launcher]: visibilityChanged oldVisibility=true newVisibility=false
10-19 23:36:21.446 30493 30517 W fb4a.AppInitScheduler|Run:   Finished EagerInitImagePipeline in 35ms
10-19 23:36:21.446 30493 30517 W fb4a.AppInitScheduler|Schedule:   Executing 300:PreloadInlineComposerProfileImage
10-19 23:36:21.446 30493 30517 W fb4a.AppInitScheduler|Run: Running MobileConfigAdminIdLaterInit
10-19 23:36:21.446 30493 30522 W fb4a.HalfnosisInitializer: Start eager unpacking of longtail.
10-19 23:36:21.446 30493 30517 W fb4a.AppInitScheduler|Run:   Finished MobileConfigAdminIdLaterInit in 0ms
10-19 23:36:21.447 30493 30517 W fb4a.AppInitScheduler|Run: Running MobileConfigLaterInit
10-19 23:36:21.447 30493 30567 D SQLiteQueryBuilder: SELECT event_id, user_id, timestamp, channel, payload FROM logdb_data WHERE (user_id = ? AND channel in (?,?,?) AND event_id >= ? AND timestamp >= ?) ORDER BY event_id
10-19 23:36:21.447 30493 30517 W fb4a.AppInitScheduler|Run:   Finished MobileConfigLaterInit in 0ms
10-19 23:36:21.447 30493 30517 W fb4a.AppInitScheduler|Run: Running MobileConfigSessionlessLaterInit
10-19 23:36:21.447 30493 30517 W fb4a.AppInitScheduler|Run:   Finished MobileConfigSessionlessLaterInit in 0ms
10-19 23:36:21.447 30493 30517 W fb4a.AppInitScheduler|Run: Running PreloadFeedRequest
10-19 23:36:21.448 30493 30517 W fb4a.StartDestinationQe: Running inline: appInitPreloadFeedRequest
10-19 23:36:21.449 30493 30541 W fb4a.AppInitScheduler|Run:   Finished MetaCasper in 17ms
10-19 23:36:21.450 30493 30541 W fb4a.AppInitScheduler|Run: Running PreloadClashManager
10-19 23:36:21.450 30493 30541 W fb4a.StartDestinationQe: Running inline: appInitPreloadClashManager
10-19 23:36:21.450 30493 30517 W fb4a.AppInitScheduler|Run:   Finished PreloadFeedRequest in 2ms
10-19 23:36:21.450 30493 30517 W fb4a.AppInitScheduler|Schedule:   Executing 289:PrefetchFeedNetwork
10-19 23:36:21.450 30493 30517 W fb4a.AppInitScheduler|Run: Running PrefetchFeedNetwork
10-19 23:36:21.451 30493 30517 W fb4a.StartDestinationQe: Running inline: appInitPrefetchFeedNetwork
10-19 23:36:21.451 30493 30517 W fb4a.AppInitScheduler|Run:   Finished PrefetchFeedNetwork in 0ms
10-19 23:36:21.451 30493 30517 W fb4a.AppInitScheduler|Run: Running PreloadFeedConfig
10-19 23:36:21.451 30493 30517 W fb4a.StartDestinationQe: Running inline: appInitPreloadFeedConfig
10-19 23:36:21.452 30493 30517 W fb4a.AppInitScheduler|Run:   Finished PreloadFeedConfig in 1ms
10-19 23:36:21.452 30493 30517 W fb4a.AppInitScheduler|Run: Running PreloadFeedFetchMetadata
10-19 23:36:21.452 30493 30517 W fb4a.StartDestinationQe: Running inline: appInitPreloadFeedFetchMetadata
10-19 23:36:21.452 30493 30517 W fb4a.AppInitScheduler|Run:   Finished PreloadFeedFetchMetadata in 0ms
10-19 23:36:21.452 30493 30517 W fb4a.AppInitScheduler|Run: Running PreloadFreshFeedRanker
10-19 23:36:21.452 30493 30517 W fb4a.StartDestinationQe: Running inline: appInitPreloadFreshFeedRanker
10-19 23:36:21.453 30493 30541 W fb4a.AppInitScheduler|Run:   Finished PreloadClashManager in 3ms
10-19 23:36:21.453 30493 30541 W fb4a.AppInitScheduler|Run: Running PreloadHeroManager
10-19 23:36:21.453 30493 30541 W fb4a.AppInitScheduler|Run:   Finished PreloadHeroManager in 1ms
10-19 23:36:21.453 30493 30541 W fb4a.AppInitScheduler|Run: Running PreloadInlineComposerProfileImage
10-19 23:36:21.473 30493 30523 W fb4a.AppInitScheduler|Run:   Finished PreloadFeedDataLoader in 45ms
10-19 23:36:21.474 30493 30537 W fb4a.AppInitScheduler|Run:   Finished PreloadFeedFullCacheLoad in 97ms
10-19 23:36:21.474 30493 30537 W fb4a.AppInitScheduler|Schedule:   Executing 367:WaitForUIDependenciesInitializer
10-19 23:36:21.474 30493 30537 W fb4a.AppInitScheduler|Schedule:   Executing 118:EagerInitFeedDataLoader
10-19 23:36:21.474 30493 30523 W fb4a.AppInitScheduler|Run: Running PreloadLogDb
10-19 23:36:21.474 30493 30537 W fb4a.AppInitScheduler|Run: Running WaitForUIDependenciesInitializer [*]
10-19 23:36:21.474 30493 30523 W fb4a.StartDestinationQe: Running inline: appInitPreloadLogDb
10-19 23:36:21.474 30493 30537 W fb4a.AppInitScheduler|Run:   Finished WaitForUIDependenciesInitializer in 0ms
10-19 23:36:21.474 30493 30537 W fb4a.AppInitScheduler|Schedule:   Executing 109:DismissSplashScreens
10-19 23:36:21.474 30493 30537 W fb4a.AppInitScheduler|Schedule:   Executing 137:FixieScheduleIdleWork
10-19 23:36:21.474 30493 30537 W fb4a.AppInitScheduler|Schedule:   Executing 326:ReplayBroadcastReceivedDuringAppInit
10-19 23:36:21.474 30493 30537 W fb4a.AppInitScheduler|Schedule:   Executing 331:ScheduleLowPriWork
10-19 23:36:21.474 30493 30537 W fb4a.AppInitScheduler|Schedule:   Executing 303:PreloadProfiloNetworkNativeLibrary
10-19 23:36:21.475 30493 30523 W fb4a.AppInitScheduler|Run:   Finished PreloadLogDb in 1ms
10-19 23:36:21.475 30493 30523 W fb4a.AppInitScheduler|Run: Running DismissSplashScreens [*]
10-19 23:36:21.475 30493 30537 W fb4a.AppInitScheduler|Run: Running FixieScheduleIdleWork
10-19 23:36:21.475 30493 30523 W fb4a.InitStatus: Providers unblocked (18105825)
10-19 23:36:21.475 30493 30537 W fb4a.AppInitScheduler|Run:   Finished FixieScheduleIdleWork in 0ms
10-19 23:36:21.475 30493 30537 W fb4a.AppInitScheduler|Run: Running ReplayBroadcastReceivedDuringAppInit
10-19 23:36:21.475 30493 30520 W fb4a.InitStatus: Unblocked Provider (18105825)
10-19 23:36:21.476 30493 30537 W fb4a.AppInitScheduler|Run:   Finished ReplayBroadcastReceivedDuringAppInit in 0ms
10-19 23:36:21.476 30493 30537 W fb4a.AppInitScheduler|Run: Running ScheduleLowPriWork
10-19 23:36:21.476 30493 30520 W fb4a.InitStatus: Not blocking Provider (18105825)
10-19 23:36:21.476 30493 30537 W fb4a.AppInitScheduler|Run:   Finished ScheduleLowPriWork in 1ms
10-19 23:36:21.476 30493 30537 W fb4a.AppInitScheduler|Run: Running EagerInitFeedDataLoader
10-19 23:36:21.476 30493 30537 W fb4a.StartDestinationQe: Running inline: eagerInitFeedDataLoader
10-19 23:36:21.477 30493 30537 W fb4a.AppInitScheduler|Run:   Finished EagerInitFeedDataLoader in 0ms
10-19 23:36:21.477 30493 30537 W fb4a.AppInitScheduler|Run: Running PreloadProfiloNetworkNativeLibrary
10-19 23:36:21.477 30493 30537 W fb4a.AppInitScheduler|Run:   Finished PreloadProfiloNetworkNativeLibrary in 0ms
10-19 23:36:21.477 30493 30537 W fb4a.AppInitScheduler|Run: Running PreloadReactions
10-19 23:36:21.477 30493 30523 W fb4a.InitStatus: Services unblocked (267550470)
10-19 23:36:21.477 30493 30523 W fb4a.InitStatus: BroadcastReceivers unblocked (26745287)
10-19 23:36:21.493 30493 30523 W fb4a.AppInitScheduler|Run:   Finished DismissSplashScreens in 18ms
10-19 23:36:21.494 30493 30523 W fb4a.AppInitScheduler|Schedule:   Executing 232:MqttEarlySyncInitializerAfterAppCreate
10-19 23:36:21.494 30493 30523 W fb4a.AppInitScheduler|Schedule:   Executing 152:InitAppComponentFactoryStartupController
10-19 23:36:21.494 30493 30523 W fb4a.AppInitScheduler|Run: Running MqttEarlySyncInitializerAfterAppCreate
10-19 23:36:21.494 30493 30523 W fb4a.AppInitScheduler|Run:   Finished MqttEarlySyncInitializerAfterAppCreate in 1ms
10-19 23:36:21.494 30493 30523 W fb4a.AppInitScheduler|Run: Running InitAppComponentFactoryStartupController
10-19 23:36:21.495 30493 30523 W fb4a.AppInitScheduler|Run:   Finished InitAppComponentFactoryStartupController in 0ms
10-19 23:36:21.495 30493 30517 W fb4a.AppInitScheduler|Run:   Finished PreloadFreshFeedRanker in 29ms
10-19 23:36:21.495 30493 30523 W fb4a.AppInitScheduler|Run: Running PreloadStoriesTrayFetchController
10-19 23:36:21.495 30493 30517 W fb4a.AppInitScheduler|Run: Running PreloadStoriesTrayQuery
10-19 23:36:21.495 30493 30517 W fb4a.StartDestinationQe: Running inline: appInitPreloadStoriesTrayFetchController
10-19 23:36:21.495 30493 30523 W fb4a.StartDestinationQe: Running inline: appInitPreloadStoriesTrayFetchController
10-19 23:36:21.496 30493 30493 W fb4a.InitStatus: Unblocked Service (267550470)
10-19 23:36:21.496 30493 30493 W fb4a.AppComponentFactory: Instantiating Service
10-19 23:36:21.499 30493 30517 W fb4a.AppInitScheduler|Run:   Finished PreloadStoriesTrayQuery in 4ms
10-19 23:36:21.499 30493 30532 W fb4a.AppInitScheduler|Run:   Finished ProfiloBridgeFactoryImpl in 72ms
10-19 23:36:21.499 30493 30517 W fb4a.AppInitScheduler|Run: Running PreloadVideoPrivateSharing
10-19 23:36:21.499 30493 30517 W fb4a.AppInitScheduler|Run:   Finished PreloadVideoPrivateSharing in 0ms
10-19 23:36:21.499 30493 30517 W fb4a.AppInitScheduler|Run: Running SecondaryDexPreloaderBg
10-19 23:36:21.500 30493 30531 W fb4a.AppInitScheduler|Run:   Finished EagerInitFBTigon in 132ms
10-19 23:36:21.501 30493 30531 W fb4a.AppInitScheduler|Schedule:   Executing 144:GraphServiceEagerInit
10-19 23:36:21.501 30493 30531 W fb4a.AppInitScheduler|Schedule:   Executing 373:ZeroLibraryInitializer
10-19 23:36:21.501 30493 30531 W fb4a.AppInitScheduler|Schedule:   Executing 192:InitTrafficNTS
10-19 23:36:21.501 30493 30531 W fb4a.AppInitScheduler|Run: Running GraphServiceEagerInit [*]
10-19 23:36:21.501 30493 30530 W fb4a.AppInitScheduler|Run: Running ZeroLibraryInitializer
10-19 23:36:21.501 30493 30530 W fb4a.AppInitScheduler|Run:   Finished ZeroLibraryInitializer in 0ms
10-19 23:36:21.501 30493 30530 W fb4a.AppInitScheduler|Schedule:   Executing 183:InitReliableMedia
10-19 23:36:21.501 30493 30530 W fb4a.AppInitScheduler|Run: Running InitReliableMedia
10-19 23:36:21.502 30493 30536 W fb4a.lacrima: FixedLengthFiles.init() called twice.
10-19 23:36:21.502 30493 30536 W fb4a.lacrima: FixedLengthFiles.init() called twice.
10-19 23:36:21.502 30493 30531 W fb4a.AppInitScheduler|Schedule:   Executing async work for GraphServiceEagerInit: InjectTigonServiceHolder
10-19 23:36:21.506 30493 30531 W fb4a.AppInitScheduler|Schedule:   Executing async work for GraphServiceEagerInit: InjectGraphQLConsistencyJNI
10-19 23:36:21.506 30493 30530 W fb4a.AppInitScheduler|Run:   Finished InitReliableMedia in 3ms
10-19 23:36:21.507 30493 30532 W fb4a.AppInitScheduler|Run: Running PreloadVideoTabRestart
10-19 23:36:21.507 30493 30532 W fb4a.AppInitScheduler|Run:   Finished PreloadVideoTabRestart in 8ms
10-19 23:36:21.508 30493 30537 W fb4a.AppInitScheduler|Run:   Finished PreloadReactions in 31ms
10-19 23:36:21.508 30493 30537 W fb4a.AppInitScheduler|Run: Running InitTrafficNTS
10-19 23:36:21.513 30493 30523 W fb4a.AppInitScheduler|Run:   Finished PreloadStoriesTrayFetchController in 18ms
10-19 23:36:21.513 30493 30523 W fb4a.AppInitScheduler|Run: Running SetupBlockingBackgroundComponentReporting
10-19 23:36:21.513 30493 30523 W fb4a.AppInitScheduler|Run:   Finished SetupBlockingBackgroundComponentReporting in 0ms
10-19 23:36:21.513 30493 30523 W fb4a.AppInitScheduler|Run: Running StartupQPLReplayer
10-19 23:36:21.514 30493 30523 W fb4a.AppInitScheduler|Run:   Finished StartupQPLReplayer in 1ms
10-19 23:36:21.514 30493 30523 W fb4a.AppInitScheduler|Schedule:   Executing 345:StartupQPLTransitToMatureStage
10-19 23:36:21.514 30493 30523 W fb4a.AppInitScheduler|Run: Running StartupQPLTransitToMatureStage
10-19 23:36:21.514 30493 30537 W facebook.katana: JNI RegisterNativeMethods: attempt to register 0 native methods for com.facebook.traffic.nts.providers.background.BackgroundV2TaskSchedulerCommonImpl
10-19 23:36:21.514 30493 30537 W facebook.katana: JNI RegisterNativeMethods: attempt to register 0 native methods for com.facebook.traffic.nts.providers.http.HttpProviderAppLayerUpcallsImpl
10-19 23:36:21.515 30493 30537 W facebook.katana: JNI RegisterNativeMethods: attempt to register 0 native methods for com.facebook.traffic.nts.providers.startup_signals.StartupSignalsProviderAppLayerUpcallsImpl
10-19 23:36:21.518 30493 30523 W fb4a.AppInitScheduler|Run:   Finished StartupQPLTransitToMatureStage in 0ms
10-19 23:36:21.522 30493 30519 D nativeloader: Load /data/app/~~z9QHMMpT00p8GFMqW8f-Hw==/com.facebook.katana-K-7lwE2QAuzqwRpKXnqyJA==/lib/arm64/libsuperpack-jni.so using class loader ns clns-7 (caller=/data/app/~~kc5VfteCjkYTcFsZb3SPAg==/com.facebook.katana-iIPzEy5THLt0CXh1-BQ8FQ==/base.apk): ok
10-19 23:36:21.525 30493 30520 W ComponentDiscovery: Class com.google.firebase.dynamicloading.DynamicLoadingRegistrar is not an found.
10-19 23:36:21.526 26322 26322 D ViewRootImpl: AppSizeAfterRelayout, size: Point(1080, 2392), rotation: ROTATION_0
10-19 23:36:21.527 26322 26322 D BLASTBufferQueue: [VRI[Launcher]#6](f:0,a:3) destructor()
10-19 23:36:21.527 26322 26322 D BufferQueueConsumer: [VRI[Launcher]#6(BLAST Consumer)6](id:66d200000006,api:0,p:-1,c:26322) disconnect
10-19 23:36:21.533 26322 26322 I bnlz    : onStop
10-19 23:36:21.535 30493 30541 W fb4a.AppInitScheduler|Run:   Finished PreloadInlineComposerProfileImage in 81ms
10-19 23:36:21.538 30493 30522 W DexLibLoader: Preloading class com.facebook.common.dextricks.DexManifest$Dex
10-19 23:36:21.539 30493 30522 W DexLibLoader: ignoring dex metadata pragma [.locator_id 12]
10-19 23:36:21.541 30493 30522 W DexLibLoader: Build id used for apk identification
10-19 23:36:21.542 30493 30519 W Superpack: Could not get file descriptor from spo file.
10-19 23:36:21.542 30493 30537 W fb4a.AppInitScheduler|Run:   Finished InitTrafficNTS in 35ms
10-19 23:36:21.551 30493 30522 W fb4a.LongtailVoltronAppInit: HalfnosisInitializer: success
10-19 23:36:21.551 30493 30522 W fb4a.AppInitScheduler|Run:   Finished LongtailVoltronAppInit in 119ms
10-19 23:36:21.558 30493 30577 D SQLiteQueryBuilder: SELECT feed_type, fetched_at, cursor, dedup_key, sort_key, ranking_weight, features_meta, feed_edge_meta, disallow_first, story_type, cache_tree_file_path, cache_id, seen_state, story_ranking_time, unit_position_in_flatbuffer FROM home_stories WHERE (((feed_type=?) AND fetched_at>=? AND row_type=?)) ORDER BY sort_key DESC LIMIT 200
10-19 23:36:21.572 30493 30493 E fb4a.SlowAppComponent: 0ms: FacebookApplication instantiating…
10-19 23:36:21.572 30493 30493 E fb4a.SlowAppComponent: 38ms: FirebaseInitCustomProvider instantiating…
10-19 23:36:21.572 30493 30493 E fb4a.SlowAppComponent: 39ms: SecureMessagingKeyContentProvider instantiating…
10-19 23:36:21.573 30493 30493 E fb4a.SlowAppComponent: 38ms: LastUsedTimestampProvider instantiating…
10-19 23:36:21.573 30493 30493 E fb4a.SlowAppComponent: 39ms: FirstPartyUserValuesLiteProvider instantiating…
10-19 23:36:21.573 30493 30493 E fb4a.SlowAppComponent: 40ms: FbContactsContentProvider instantiating…
10-19 23:36:21.579 30493 30493 E fb4a.SlowAppComponent: 34ms: FileProvider instantiating…
10-19 23:36:21.579 30493 30493 E fb4a.SlowAppComponent: 34ms: FirstPartyUserValuesProvider instantiating…
10-19 23:36:21.579 30493 30493 E fb4a.SlowAppComponent: 33ms: MessagesDbContentProvider instantiating…
10-19 23:36:21.579 30493 30493 E fb4a.SlowAppComponent: 33ms: UsdidValuesProvider instantiating…
10-19 23:36:21.579 30493 30493 E fb4a.SlowAppComponent: 33ms: InstallReferrerProvider instantiating…
10-19 23:36:21.580 30493 30493 E fb4a.SlowAppComponent: 33ms: AppManagerSsoProvider instantiating…
10-19 23:36:21.580 30493 30493 E fb4a.SlowAppComponent: 33ms: ThreadsDbPropertiesContentProvider instantiating…
10-19 23:36:21.580 30493 30493 E fb4a.SlowAppComponent: 33ms: ClientMessagePushDedupInfoProvider instantiating…
10-19 23:36:21.580 30493 30493 E fb4a.SlowAppComponent: 33ms: PlatformProviderBase instantiating…
10-19 23:36:21.580 30493 30493 E fb4a.SlowAppComponent: 33ms: DeferredDeeplinkProvider instantiating…
10-19 23:36:21.580 30493 30493 E fb4a.SlowAppComponent: 33ms: ContactsConnectionsProvider instantiating…
10-19 23:36:21.580 30493 30493 E fb4a.SlowAppComponent: 33ms: FeO2InAppContentProvider instantiating…
10-19 23:36:21.580 30493 30493 E fb4a.SlowAppComponent: 33ms: UserValuesProvider instantiating…
10-19 23:36:21.580 30493 30493 E fb4a.SlowAppComponent: 33ms: SecureFileProvider instantiating…
10-19 23:36:21.580 30493 30493 E fb4a.SlowAppComponent: 37ms: FoaBackupTokenProvider instantiating…
10-19 23:36:21.580 30493 30493 E fb4a.SlowAppComponent: 37ms: InitializationProvider instantiating…
10-19 23:36:21.580 30493 30493 E fb4a.SlowAppComponent: 41ms: PhotosProvider instantiating…
10-19 23:36:21.580 30493 30493 E fb4a.SlowAppComponent: 40ms: AttributionIdProvider instantiating…
10-19 23:36:21.580 30493 30493 E fb4a.SlowAppComponent: 40ms: QuickExperimentContentProvider instantiating…
10-19 23:36:21.580 30493 30493 E fb4a.SlowAppComponent: 40ms: TamAttachmentProvider instantiating…
10-19 23:36:21.580 30493 30493 E fb4a.SlowAppComponent: 40ms: CacheProvider instantiating…
10-19 23:36:21.581 30493 30493 E fb4a.SlowAppComponent: 59ms: SystemJobService instantiating…
10-19 23:36:21.581 30493 30493 E fb4a.SlowAppComponent: Main thread was blocked for 396ms in the background starting with FacebookApplication
10-19 23:36:21.582 30493 30531 W fb4a.AppInitScheduler|Run:   Finished GraphServiceEagerInit in 81ms
10-19 23:36:21.582 30493 30531 W fb4a.AppInitScheduler|Schedule:   Executing 181:InitPushabilityCheck
10-19 23:36:21.582 30493 30531 W fb4a.AppInitScheduler|Schedule:   Executing 305:PreloadReelsCsrForReelsTabStarts
10-19 23:36:21.582 30493 30523 W fb4a.AppInitScheduler|Run: Running InitPushabilityCheck
10-19 23:36:21.583 30493 30531 W fb4a.AppInitScheduler|Run: Running PreloadReelsCsrForReelsTabStarts
10-19 23:36:21.583 30493 30523 W fb4a.AppInitScheduler|Run:   Finished InitPushabilityCheck in 0ms
10-19 23:36:21.584 30493 30531 W fb4a.AppInitScheduler|Run:   Finished PreloadReelsCsrForReelsTabStarts in 1ms
10-19 23:36:21.584 30493 30567 D SQLiteQueryBuilder: SELECT sequence_id FROM resume_points WHERE (user_id = ? AND consumer_name = ?) LIMIT 1
10-19 23:36:21.585 30493 30567 D SQLiteQueryBuilder: SELECT event_id, user_id, timestamp, channel, payload FROM logdb_data WHERE (user_id = ? AND channel in (?,?) AND event_id >= ? AND timestamp >= ?) ORDER BY event_id
10-19 23:36:21.593 30493 30567 D SQLiteQueryBuilder: SELECT sequence_id FROM resume_points WHERE (user_id = ? AND consumer_name = ?) LIMIT 1
10-19 23:36:21.593 30493 30567 D SQLiteQueryBuilder: SELECT event_id, user_id, timestamp, channel, payload FROM logdb_data WHERE (user_id = ? AND channel in (?) AND event_id >= ? AND timestamp >= ?) ORDER BY event_id
10-19 23:36:21.597 30493 30567 D SQLiteQueryBuilder: SELECT sequence_id FROM resume_points WHERE (user_id = ? AND consumer_name = ?) LIMIT 1
10-19 23:36:21.598 30493 30567 D SQLiteQueryBuilder: SELECT event_id, user_id, timestamp, channel, payload FROM logdb_data WHERE (user_id = ? AND channel in (?,?,?) AND event_id >= ? AND timestamp >= ?) ORDER BY event_id
10-19 23:36:21.598 30493 30580 E fb4a.Analytics2SessionManager: analyticsClaim from VC from LoggedInUserSessionManager is null.
10-19 23:36:21.629 30493 30595 W fb4a.QuickPerformanceLoggerModule: Provided QPL: 263235349
10-19 23:36:21.684  5720 14222 D SQLiteQueryBuilder: SELECT _id, _data, _size, date_modified, bucket_id, orientation, datetaken FROM images WHERE ((((is_pending=0 AND NOT _modifier=4) OR (is_pending=1 AND lower(_data) NOT REGEXP '.*/\.pending-(\d+)-([^/]+)$' AND owner_package_name IN ( 'com.vivo.widget.gallery' , 'com.vivo.gallery' )))) AND (is_trashed=0) AND (volume_name IN ( 'external_primary' ))) AND (( bucket_id IN ( -1212198981, -1695567127, -53910322, -2140495773, 606811175, 1251957395, 1115488879, 1092149518, 390907738, -1694063856, -803954635, -1690180765, -1816304744, 911081060, -1291404494, -1285319851, -651554454, 151630153, 543621159, -2002206485, 73761835, -1760112825, -71543827, -302991967, -1227671927, -156420408, -1516374533, 1829735780, -1450708494, -506316380, -1341114264, 1114833418, 1152093397, -1733679058, -2131021710, -680697881, 2084439217, -2024679488, -1447456465, 700805465, 991906690, 1345966226, 657155968, 1266435012, -1966306697, -1897284014, -1949680778, 434583847, 990381004, -1526850504, -1612742889, -1273942824, -1004938028, 331203438, 708879003, 255899559, -528275350, -602893060, -1055518229, 545491069, -1716401999, 668104411, -1118657469, 1040014575, 849662899, -174887798, -1292465169, 1101584562, -613830029, -1577375515, -1628155945, -1033534650, -328196774, -2071947861, 805181138, -1104308479, 181789691, 619245019, 616142335, -1829889111, -1578944343, -1809455754, 1690766750, -793566743, 272894235, -435605656, -1858432929, -792464988, -434569360, -1462931038, -879973635, 65759896, -924335728, -1809287853, 1755148769, -223571158, 2126348076, 48382832, 700217390, 630412299, 183872366, 1059985074, -1806957104, -1641691205, -571335571, 1519174419, 1036004452, -2031220924, -1537104433, 1829930144, -745596364, -8122821, 1366741172, 1548299660, 1674287630, -1535937100, 13148420, 1909659649, 264986155, -9482612, 13005089, -2089205090, -1022498075, -919133986, -884178250, -1422443828, -670014994, -2121027476, 2020100714, 489993, 448544941, -2101462868, -261299595, 1172023232, 1278178828, -607125002, -856420653, -1973993346, 1498690426, -1527464249, -1945110980, 395625896, 1909316592, 569711560, -1686988495, 1763470175, -1488038648, 2113906615, -550734493, 85651275, -1964037955, 428383196, -1949793892, 1136101865, 2018234913, -18391924, 1490911920, -884178653, -1170470833, -1215953411, 1077477957, -1198914825, 1461775709, -643464410, 1900774339, 1272506704, -485246563, 1960476238, -1291404897, -1950041765, 1664549270, 2070856141, 1220790880, 359301071, 278762032, 470519460, -924530092, -1382559966, 904275793, 1298630565, 1186223222, -519179321, 232691476, -1684913851, -750954006, 83641895, 1145800364, -2012790048, 1286776387, 397907126, 1330064451, -1804177550, -1809174739, 174397812, 2043613916, -675937132, 1736146008, -1702973091, -1184968074, 1502601919, 1574223589, 445258174, -1682700158, -351293385, 638217523, 2052700512, 949947357, -1318309340, 616722321, -1406249091, 656868479, -402361508, -1410236246, -1193446467, -1415689986, -1935708161, 1786892787, -2041971395, -1087402833, -1809045590, 658433208, 1208185747, 761624307, 250774884, 12344107, -1415495622, 35166595, -175675851, 912551383, -1432612566, 39258592, -131644514, -1950760957, -1022555983, -1656404229, -731336746, 1106324018, 1962141495, -643270046, 133162019, -2075879543, 945165185, -1572118126, 1746875333, -2129001792, -1739773001, -214169408, 1354535744, -1551292529, 581197485, 1732723533, 1456888538, -1448813142, 13311172, -1569520032, -1527994117, 348164313, 1631149349, -242606674, -1914187326, -1445556762, 211087524, -219150656, -1422672119, -1530754818, -1171388910, -2072752055, -1325148867, 361712075, -1730634595, -340891674, 1407102871, 53870456, -508660256, 2028258487, -815228101, -1694937425, -519178918, 1561178453, -1131671344, 1431320847, 2046578077, -781677303, 1291266200, 848578299, -1972390376, -978314959, -1319727662, 943502520, 1028125135, -175466238, 1195992005, 1920382715, 2108277051, 443703009, 675671268, 263662367, -347572232, 183545411, 1450478273, -1879659704, 1957916785, 1976953110, -1157253172, -1407948598, 
10-19 23:36:21.813 30493 30493 W fb4a.AppInitScheduler|Schedule: Callables should only be scheduled from a running AppInit. Use another ExecutorService if you need to run async work outside an AppInit.
10-19 23:36:21.813 30493 30493 W fb4a.AppInitScheduler|Schedule:   Executing async work for null: InjectTigonServiceHolder
10-19 23:36:21.813 30493 30493 W fb4a.AppInitScheduler|Schedule: Callables should only be scheduled from a running AppInit. Use another ExecutorService if you need to run async work outside an AppInit.
10-19 23:36:21.813 30493 30493 W fb4a.AppInitScheduler|Schedule:   Executing async work for null: InjectGraphQLConsistencyJNI
10-19 23:36:21.814 30493 30522 W fb4a.AppInitScheduler|Schedule: Callables should only be scheduled from a running AppInit. Use another ExecutorService if you need to run async work outside an AppInit.
10-19 23:36:21.815 30493 30522 W fb4a.AppInitScheduler|Schedule:   Executing async work for null: InjectTigonServiceHolder
10-19 23:36:21.815 30493 30522 W fb4a.AppInitScheduler|Schedule: Callables should only be scheduled from a running AppInit. Use another ExecutorService if you need to run async work outside an AppInit.
10-19 23:36:21.815 30493 30522 W fb4a.AppInitScheduler|Schedule:   Executing async work for null: InjectNativePlatformContextHolder
10-19 23:36:21.816 30493 30493 W SoLoader: Loading nativeutil-jni on the main thread
10-19 23:36:21.817 30493 30493 W SoLoader: Loading nativeutil-jni on the main thread
10-19 23:36:21.817 30493 30493 W SoLoader: Loading graphservice-jni on the main thread
10-19 23:36:21.819 30493 30493 W SoLoader: Loading graphservice-jni on the main thread
10-19 23:36:21.827 30493 30493 W SoLoader: Loading graphservice-jni on the main thread
10-19 23:36:21.829 29120 29657 W unknown:ReactNative: Attempt to set local data for view with unknown tag: -1
10-19 23:36:21.830 29120 29657 W unknown:ReactNative: Attempt to set local data for view with unknown tag: -1
10-19 23:36:21.830 29120 29657 W unknown:ReactNative: Attempt to set local data for view with unknown tag: -1
10-19 23:36:21.835 29120 29120 E unknown:ReactModalHost: Creating new dialog from context: com.a1taxi.driverpro.MainActivity@2bc22ee@45884142
10-19 23:36:21.837 30493 30493 W SoLoader: Loading graphservice-jni on the main thread
10-19 23:36:21.849 29120 29120 I ImeTracker: com.a1taxi.driverpro:8a3a210e: onRequestShow at ORIGIN_CLIENT reason SHOW_SOFT_INPUT fromUser false
10-19 23:36:21.849 29120 29120 I ImeTracker: com.a1taxi.driverpro:8a3a210e: onFailed at PHASE_CLIENT_VIEW_SERVED
10-19 23:36:21.849 29120 29120 W InputMethodManager: Ignoring showSoftInput() as view=com.facebook.react.views.textinput.ReactEditText{6e9574d VFED..CL. .F....ID 279,460-691,801 #aef aid=1073742340} is not served.
10-19 23:36:21.856 29120 29120 D ViewRootImpl: AppSizeAfterRelayout, size: Point(1080, 2392), rotation: ROTATION_0
10-19 23:36:21.856 29120 29120 D BufferQueueConsumer: [](id:71c00000000a,api:0,p:-1,c:29120) connect: controlledByApp=false
10-19 23:36:21.856 29120 29120 D BLASTBufferQueue: [VRI[MainActivity]#10](f:0,a:0) constructor()
10-19 23:36:21.856 29120 29120 D BLASTBufferQueue: [VRI[MainActivity]#10](f:0,a:0) update width=1080 height=2392 format=-2 mTransformHint=0
10-19 23:36:21.870 29120 29633 D BLASTBufferQueue: [VRI[MainActivity]#10](f:0,a:1) acquireNextBufferLocked size=1080x2392 mFrameNumber=1 applyTransaction=true mTimestamp=658103746186148(auto) mPendingTransactions.size=0 graphicBufferId=125069447659590 transform=0
10-19 23:36:21.871 29120 29120 E unknown:ReactModalHost: Updating existing dialog with context: com.a1taxi.driverpro.MainActivity@2bc22ee@45884142
10-19 23:36:21.891 29120 29120 I AssistStructure: Flattened final assist data: 3988 bytes, containing 2 windows, 29 views
10-19 23:36:21.891  1870  2610 D AutofillSession: createPendingIntent for request 2512
10-19 23:36:21.904 29120 29120 V ImeFocusController: onWindowFocus: com.facebook.react.views.textinput.ReactEditText{6e9574d VFED..CL. .F...... 279,460-691,647 #aef aid=1073742340} softInputMode=STATE_UNSPECIFIED|ADJUST_RESIZE
10-19 23:36:21.907  5589  5589 I GoogleInputMethodService: GoogleInputMethodService.onFinishInput():2085 
10-19 23:36:21.908  5589  5589 I Module  : DeviceLockedStatusModuleProvider$Module.updateDeviceLockedStatus():100 repeatCheckTimes = 0, locked = false
10-19 23:36:21.908  5589  5589 W TooltipLifecycleManager: TooltipLifecycleManager.dismissTooltips():153 Tooltip with id SUGGESTION_VIEW_EDU_MINI_DIALOG not found in tooltipManager.
10-19 23:36:21.910  5589  5589 I GoogleInputMethodService: GoogleInputMethodService.onStartInput():1346 onStartInput(EditorInfo{EditorInfo{packageName=com.a1taxi.driverpro, inputType=7002, inputTypeString=Number, enableLearning=false, autoCorrection=false, autoComplete=false, imeOptions=6, privateImeOptions=null, actionName=DONE, actionLabel=null, initialSelStart=0, initialSelEnd=0, initialCapsMode=3000, label=null, fieldId=2799, fieldName=null, extras=Bundle[mParcelledData.dataSize=404], hintText=non-empty, hintLocales=[]}}, false)
10-19 23:36:21.910  5589  5589 I Module  : DeviceLockedStatusModuleProvider$Module.updateDeviceLockedStatus():100 repeatCheckTimes = 1, locked = false
10-19 23:36:21.911  5589  5589 I HardKeyTracker: HardKeyTracker.unregisterKeySequence():221 Unregister key sequence nfz{labelResId=0, callback=gds@b9d0522, lastModifier=0, keyCodes=[57, 57], actions=[1, 0]}
10-19 23:36:21.911  5589  5589 I HardKeyTracker: HardKeyTracker.unregisterKeySequence():221 Unregister key sequence nfz{labelResId=0, callback=gds@e67c0e9, lastModifier=0, keyCodes=[58, 58], actions=[1, 0]}
10-19 23:36:21.939 21163 21163 D BoundBrokerSvc: onBind: Intent { act=com.google.android.gms.wallet.service.BIND pkg=com.google.android.gms }
10-19 23:36:21.939 21163 21163 D BoundBrokerSvc: Loading bound service for intent: Intent { act=com.google.android.gms.wallet.service.BIND pkg=com.google.android.gms }
