10-18 04:12:17.973 14073 16194 I ReactNativeJS:      color: 'Silver',
10-18 04:12:17.973 14073 16194 I ReactNativeJS:      vehicle_type: 'sedan',
10-18 04:12:17.973 14073 16194 I ReactNativeJS:      capacity: 4 } }
10-18 04:12:17.973 14073 16194 I ReactNativeJS: Redirecting to main app - authenticated
10-18 04:12:17.975 26036 16786 I FusedLocation: stationary throttling disengaged [CONTEXT service_id=6 ]
10-18 04:12:17.983 14073 16195 W unknown:ReactNative: Attempt to set local data for view with unknown tag: -1
10-18 04:12:17.983 14073 16195 W unknown:ReactNative: Attempt to set local data for view with unknown tag: -1
10-18 04:12:17.983 14073 16195 W unknown:ReactNative: Attempt to set local data for view with unknown tag: -1
10-18 04:12:18.004 14073 16195 W unknown:ReactNative: Attempt to set local data for view with unknown tag: -1
10-18 04:12:18.005 14073 16195 W unknown:ReactNative: Attempt to set local data for view with unknown tag: -1
10-18 04:12:18.005 14073 16195 W unknown:ReactNative: Attempt to set local data for view with unknown tag: -1
10-18 04:12:18.005 14073 16195 W unknown:ReactNative: Attempt to set local data for view with unknown tag: 1307
10-18 04:12:18.005 14073 16195 W unknown:ReactNative: Attempt to set local data for view with unknown tag: 1307
10-18 04:12:18.008 14073 16194 I ReactNativeJS: === NAVIGATION CHECK ===
10-18 04:12:18.008 14073 16194 I ReactNativeJS: 'In auth group:', false
10-18 04:12:18.008 14073 16194 I ReactNativeJS: 'Has session:', false
10-18 04:12:18.008 14073 16194 I ReactNativeJS: 'Has driver:', true
10-18 04:12:18.008 14073 16194 I ReactNativeJS: 'Current segments:', [ '(tabs)' ]
10-18 04:12:18.008 14073 16194 I ReactNativeJS: 'Loading state:', false
10-18 04:12:18.008 14073 16194 I ReactNativeJS: 'Is authenticated:', { id: 'eb91d7e5-e2f2-4021-a8c8-3739a3d4cae4',
10-18 04:12:18.008 14073 16194 I ReactNativeJS:   user_id: '1c4ac410-54d8-4b5e-960b-3afcbebd115d',
10-18 04:12:18.008 14073 16194 I ReactNativeJS:   license_number: 'TY58971234',
10-18 04:12:18.008 14073 16194 I ReactNativeJS:   license_expiry: '2025-10-04',
10-18 04:12:18.008 14073 16194 I ReactNativeJS:   status: 'online',
10-18 04:12:18.008 14073 16194 I ReactNativeJS:   rating: 5,
10-18 04:12:18.008 14073 16194 I ReactNativeJS:   total_rides: 40,
10-18 04:12:18.008 14073 16194 I ReactNativeJS:   is_verified: true,
10-18 04:12:18.008 14073 16194 I ReactNativeJS:   vehicle_id: 'e7591bc7-c083-49f6-b30d-cc0d6964f3a1',
10-18 04:12:18.008 14073 16194 I ReactNativeJS:   vendor_id: null,
10-18 04:12:18.008 14073 16194 I ReactNativeJS:   phone_number: '9598972325',
10-18 04:12:18.008 14073 16194 I ReactNativeJS:   name: 'john',
10-18 04:12:18.008 14073 16194 I ReactNativeJS:   created_at: '2025-09-16T17:06:10.397003+00:00',
10-18 04:12:18.008 14073 16194 I ReactNativeJS:   updated_at: '2025-10-17T22:11:39.115224+00:00',
10-18 04:12:18.008 14073 16194 I ReactNativeJS:   vehicles: 
10-18 04:12:18.008 14073 16194 I ReactNativeJS:    { id: 'e7591bc7-c083-49f6-b30d-cc0d6964f3a1',
10-18 04:12:18.008 14073 16194 I ReactNativeJS:      registration_number: 'KA51MN1111',
10-18 04:12:18.008 14073 16194 I ReactNativeJS:      make: 'Maruti',
10-18 04:12:18.008 14073 16194 I ReactNativeJS:      model: 'Ciaz',
10-18 04:12:18.008 14073 16194 I ReactNativeJS:      year: 2022,
10-18 04:12:18.008 14073 16194 I ReactNativeJS:      color: 'Silver',
10-18 04:12:18.008 14073 16194 I ReactNativeJS:      vehicle_type: 'sedan',
10-18 04:12:18.008 14073 16194 I ReactNativeJS:      capacity: 4 },
10-18 04:12:18.008 14073 16194 I ReactNativeJS:   user: 
10-18 04:12:18.008 14073 16194 I ReactNativeJS:    { id: '1c4ac410-54d8-4b5e-960b-3afcbebd115d',
10-18 04:12:18.008 14073 16194 I ReactNativeJS:      email: 'john@gmail.com',
10-18 04:12:18.008 14073 16194 I ReactNativeJS:      role: 'driver',
10-18 04:12:18.008 14073 16194 I ReactNativeJS:      full_name: 'john',
10-18 04:12:18.008 14073 16194 I ReactNativeJS:      phone_number: '9598972325',
10-18 04:12:18.008 14073 16194 I ReactNativeJS:      avatar_url: null,
10-18 04:12:18.008 14073 16194 I ReactNativeJS:      is_active: true,
10-18 04:12:18.008 14073 16194 I ReactNativeJS:      created_at: '2025-09-16T17:06:09.397142+00:00',
10-18 04:12:18.008 14073 16194 I ReactNativeJS:      updated_at: '2025-09-16T17:06:09.397142+00:00' },
10-18 04:12:18.008 14073 16194 I ReactNativeJS:   vehicle: 
10-18 04:12:18.008 14073 16194 I ReactNativeJS:    { id: 'e7591bc7-c083-49f6-b30d-cc0d6964f3a1',
10-18 04:12:18.008 14073 16194 I ReactNativeJS:      registration_number: 'KA51MN1111',
10-18 04:12:18.008 14073 16194 I ReactNativeJS:      make: 'Maruti',
10-18 04:12:18.008 14073 16194 I ReactNativeJS:      model: 'Ciaz',
10-18 04:12:18.008 14073 16194 I ReactNativeJS:      year: 2022,
10-18 04:12:18.008 14073 16194 I ReactNativeJS:      color: 'Silver',
10-18 04:12:18.008 14073 16194 I ReactNativeJS:      vehicle_type: 'sedan',
10-18 04:12:18.008 14073 16194 I ReactNativeJS:      capacity: 4 } }
10-18 04:12:18.008 14073 16194 I ReactNativeJS: No navigation needed - staying in current route
10-18 04:12:18.012 14073 16195 W unknown:ReactNative: Attempt to set local data for view with unknown tag: 1333
10-18 04:12:18.013 26036 17497 I FusedOrientationManager: Registering orientation client. [CONTEXT service_id=6 ]
10-18 04:12:18.016 14073 16195 W unknown:ReactNative: Attempt to set local data for view with unknown tag: 1293
10-18 04:12:18.016 14073 16195 W unknown:ReactNative: Attempt to set local data for view with unknown tag: 1293
10-18 04:12:18.016 14073 16195 W unknown:ReactNative: Attempt to set local data for view with unknown tag: 1307
10-18 04:12:18.016 14073 16195 W unknown:ReactNative: Attempt to set local data for view with unknown tag: 1307
10-18 04:12:18.021 14073 16195 W unknown:ReactNative: Attempt to set local data for view with unknown tag: 1293
10-18 04:12:18.021 14073 16195 W unknown:ReactNative: Attempt to set local data for view with unknown tag: 1293
10-18 04:12:18.021 14073 16195 W unknown:ReactNative: Attempt to set local data for view with unknown tag: 1293
10-18 04:12:18.021 14073 16195 W unknown:ReactNative: Attempt to set local data for view with unknown tag: 1307
10-18 04:12:18.026 14073 16195 W unknown:ReactNative: Tried to update size of non-existent tag: 1343
10-18 04:12:18.026 14073 16195 W unknown:ReactNative: Tried to update size of non-existent tag: 1357
10-18 04:12:18.034 14073 16194 I ReactNativeJS: === RIDES SCREEN STATE DEBUG ===
10-18 04:12:18.034 14073 16194 I ReactNativeJS: 🔄 Component state updated:
10-18 04:12:18.034 14073 16194 I ReactNativeJS: '  - Current ride:', 'null'
10-18 04:12:18.035 14073 16194 I ReactNativeJS: '  - Pending rides count:', 0
10-18 04:12:18.035 14073 16194 I ReactNativeJS: '  - Driver status:', 'online'
10-18 04:12:18.035 14073 16194 I ReactNativeJS: '  - Loading:', true
10-18 04:12:18.035 14073 16194 I ReactNativeJS: '  - Error:', null
10-18 04:12:18.035 14073 16194 I ReactNativeJS: '  - Show modal:', false
10-18 04:12:18.035 14073 16194 I ReactNativeJS: '  - Timestamp:', '2025-10-17T22:42:18.035Z'
10-18 04:12:18.035 14073 16194 I ReactNativeJS: ❌ NO CURRENT RIDE - showing empty state
10-18 04:12:18.035 14073 16194 I ReactNativeJS: === RIDE REQUEST MODAL LOGIC DEBUG ===
10-18 04:12:18.035 14073 16194 I ReactNativeJS: 🔄 Checking if should show ride request modal:
10-18 04:12:18.035 14073 16194 I ReactNativeJS: '  - Pending rides:', 0
10-18 04:12:18.035 14073 16194 I ReactNativeJS: '  - Modal already showing:', false
10-18 04:12:18.035 14073 16194 I ReactNativeJS: '  - Driver status:', 'online'
10-18 04:12:18.035 14073 16194 I ReactNativeJS: '  - Has current ride:', false
10-18 04:12:18.035 14073 16194 I ReactNativeJS: ❌ NOT SHOWING MODAL - reasons:
10-18 04:12:18.035 14073 16194 I ReactNativeJS: '🚗 Analysis:', { pendingRidesCount: 0,
10-18 04:12:18.035 14073 16194 I ReactNativeJS:   modalAlreadyShowing: false,
10-18 04:12:18.035 14073 16194 I ReactNativeJS:   driverStatus: 'online',
10-18 04:12:18.035 14073 16194 I ReactNativeJS:   hasCurrentRide: false }
10-18 04:12:18.039 26036 17497 I FusedOrientationManager: Unregistering orientation client. [CONTEXT service_id=6 ]
10-18 04:12:18.041 14073 16194 I ReactNativeJS: === NAVIGATION CHECK ===
10-18 04:12:18.041 14073 16194 I ReactNativeJS: 'In auth group:', false
10-18 04:12:18.041 14073 16194 I ReactNativeJS: 'Has session:', false
10-18 04:12:18.041 14073 16194 I ReactNativeJS: 'Has driver:', true
10-18 04:12:18.041 14073 16194 I ReactNativeJS: 'Current segments:', [ '(tabs)', 'rides' ]
10-18 04:12:18.041 14073 16194 I ReactNativeJS: 'Loading state:', false
10-18 04:12:18.041 14073 16194 I ReactNativeJS: 'Is authenticated:', { id: 'eb91d7e5-e2f2-4021-a8c8-3739a3d4cae4',
10-18 04:12:18.041 14073 16194 I ReactNativeJS:   user_id: '1c4ac410-54d8-4b5e-960b-3afcbebd115d',
10-18 04:12:18.041 14073 16194 I ReactNativeJS:   license_number: 'TY58971234',
10-18 04:12:18.041 14073 16194 I ReactNativeJS:   license_expiry: '2025-10-04',
10-18 04:12:18.041 14073 16194 I ReactNativeJS:   status: 'online',
10-18 04:12:18.041 14073 16194 I ReactNativeJS:   rating: 5,
10-18 04:12:18.041 14073 16194 I ReactNativeJS:   total_rides: 40,
10-18 04:12:18.041 14073 16194 I ReactNativeJS:   is_verified: true,
10-18 04:12:18.041 14073 16194 I ReactNativeJS:   vehicle_id: 'e7591bc7-c083-49f6-b30d-cc0d6964f3a1',
10-18 04:12:18.041 14073 16194 I ReactNativeJS:   vendor_id: null,
10-18 04:12:18.041 14073 16194 I ReactNativeJS:   phone_number: '9598972325',
10-18 04:12:18.041 14073 16194 I ReactNativeJS:   name: 'john',
10-18 04:12:18.041 14073 16194 I ReactNativeJS:   created_at: '2025-09-16T17:06:10.397003+00:00',
10-18 04:12:18.041 14073 16194 I ReactNativeJS:   updated_at: '2025-10-17T22:11:39.115224+00:00',
10-18 04:12:18.041 14073 16194 I ReactNativeJS:   vehicles: 
10-18 04:12:18.041 14073 16194 I ReactNativeJS:    { id: 'e7591bc7-c083-49f6-b30d-cc0d6964f3a1',
10-18 04:12:18.041 14073 16194 I ReactNativeJS:      registration_number: 'KA51MN1111',
10-18 04:12:18.041 14073 16194 I ReactNativeJS:      make: 'Maruti',
10-18 04:12:18.041 14073 16194 I ReactNativeJS:      model: 'Ciaz',
10-18 04:12:18.041 14073 16194 I ReactNativeJS:      year: 2022,
10-18 04:12:18.041 14073 16194 I ReactNativeJS:      color: 'Silver',
10-18 04:12:18.041 14073 16194 I ReactNativeJS:      vehicle_type: 'sedan',
10-18 04:12:18.041 14073 16194 I ReactNativeJS:      capacity: 4 },
10-18 04:12:18.041 14073 16194 I ReactNativeJS:   user: 
10-18 04:12:18.041 14073 16194 I ReactNativeJS:    { id: '1c4ac410-54d8-4b5e-960b-3afcbebd115d',
10-18 04:12:18.041 14073 16194 I ReactNativeJS:      email: 'john@gmail.com',
10-18 04:12:18.041 14073 16194 I ReactNativeJS:      role: 'driver',
10-18 04:12:18.041 14073 16194 I ReactNativeJS:      full_name: 'john',
10-18 04:12:18.041 14073 16194 I ReactNativeJS:      phone_number: '9598972325',
10-18 04:12:18.041 14073 16194 I ReactNativeJS:      avatar_url: null,
10-18 04:12:18.041 14073 16194 I ReactNativeJS:      is_active: true,
10-18 04:12:18.041 14073 16194 I ReactNativeJS:      created_at: '2025-09-16T17:06:09.397142+00:00',
10-18 04:12:18.041 14073 16194 I ReactNativeJS:      updated_at: '2025-09-16T17:06:09.397142+00:00' },
10-18 04:12:18.041 14073 16194 I ReactNativeJS:   vehicle: 
10-18 04:12:18.041 14073 16194 I ReactNativeJS:    { id: 'e7591bc7-c083-49f6-b30d-cc0d6964f3a1',
10-18 04:12:18.041 14073 16194 I ReactNativeJS:      registration_number: 'KA51MN1111',
10-18 04:12:18.041 14073 16194 I ReactNativeJS:      make: 'Maruti',
10-18 04:12:18.041 14073 16194 I ReactNativeJS:      model: 'Ciaz',
10-18 04:12:18.041 14073 16194 I ReactNativeJS:      year: 2022,
10-18 04:12:18.041 14073 16194 I ReactNativeJS:      color: 'Silver',
10-18 04:12:18.041 14073 16194 I ReactNativeJS:      vehicle_type: 'sedan',
10-18 04:12:18.041 14073 16194 I ReactNativeJS:      capacity: 4 } }
10-18 04:12:18.042 14073 16194 I ReactNativeJS: No navigation needed - staying in current route
10-18 04:12:18.043 26036 26172 W inertial-anchor: Triggering reinit due to mag declination change
10-18 04:12:18.044 26036 26172 W Looper  : Looper already prepared for this thread with a different value for the LOOPER_PREPARE_ALLOW_NON_CALLBACKS option.
10-18 04:12:18.045 26036 26104 W Settings: Setting airplane_mode_on has moved from android.provider.Settings.System to android.provider.Settings.Global, returning read-only value.
10-18 04:12:18.050 26036 14499 W SystemServiceRegistry: No service published for: wifirtt
10-18 04:12:18.189 14073 16194 E ReactNativeJS: 'Error loading current ride:', { code: '42804',
10-18 04:12:18.189 14073 16194 E ReactNativeJS:   details: 'Returned type integer does not match expected type numeric in column 19.',
10-18 04:12:18.189 14073 16194 E ReactNativeJS:   hint: null,
10-18 04:12:18.189 14073 16194 E ReactNativeJS:   message: 'structure of query does not match function result type' }
10-18 04:12:18.190 14073 16194 I ReactNativeJS: 🔍 Loading pending ride notifications...
10-18 04:12:18.196 14073 16195 E unknown:ReactNative: console.error: Error loading current ride: {"code":"42804","details":"Returned type integer does not match expected type numeric in column 19.","hint":null,"message":"structure of query does not match function result type"}, js engine: hermes, stack:
10-18 04:12:18.196 14073 16195 E unknown:ReactNative: _construct@1:117842
10-18 04:12:18.196 14073 16195 E unknown:ReactNative: Wrapper@1:117496
10-18 04:12:18.196 14073 16195 E unknown:ReactNative: _callSuper@1:115478
10-18 04:12:18.196 14073 16195 E unknown:ReactNative: SyntheticError@1:116983
10-18 04:12:18.196 14073 16195 E unknown:ReactNative: reactConsoleErrorHandler@1:116629
10-18 04:12:18.196 14073 16195 E unknown:ReactNative: ?anon_0_@1:1995022
10-18 04:12:18.196 14073 16195 E unknown:ReactNative: asyncGeneratorStep@1:573272
10-18 04:12:18.196 14073 16195 E unknown:ReactNative: _next@1:573529
10-18 04:12:18.196 14073 16195 E unknown:ReactNative: anonymous@1:136226
10-18 04:12:18.196 14073 16195 E unknown:ReactNative: _callTimer@1:135225
10-18 04:12:18.196 14073 16195 E unknown:ReactNative: _callReactNativeMicrotasksPass@1:135369
10-18 04:12:18.196 14073 16195 E unknown:ReactNative: callReactNativeMicrotasks@1:137300
10-18 04:12:18.196 14073 16195 E unknown:ReactNative: __callReactNativeMicrotasks@1:101038
10-18 04:12:18.196 14073 16195 E unknown:ReactNative: anonymous@1:100174
10-18 04:12:18.196 14073 16195 E unknown:ReactNative: __guard@1:100912
10-18 04:12:18.196 14073 16195 E unknown:ReactNative: flushedQueue@1:100085
10-18 04:12:18.196 14073 16195 E unknown:ReactNative: invokeCallbackAndReturnFlushedQueue@1:100028
10-18 04:12:18.313 26036 26519 I WifiScanner: onFullResults
10-18 04:12:18.315 26036 26236 I WifiScanner: onFullResults
10-18 04:12:18.315 26036 26620 I WifiScanner: onFullResults
10-18 04:12:18.322 26036 17495 I FrewleTileCacheManagerV: (REDACTED) Fetched %d AP models from cache
10-18 04:12:18.349 26036 26172 I FusedLocation: (REDACTED) location delivery to %s blocked - too fast
10-18 04:12:18.350 26036 26172 I FusedLocation: (REDACTED) location delivery to %s blocked - too close
10-18 04:12:18.354 26036 26172 I FusedLocation: (REDACTED) location delivery to %s blocked - too fast
10-18 04:12:18.361 26036 17565 I FusedLocation: (REDACTED) stationary throttling engaged @%s
10-18 04:12:18.365 14073 16194 I ReactNativeJS: '✅ Got native location:', { accuracy: 20,
10-18 04:12:18.365 14073 16194 I ReactNativeJS:   longitude: 77.8298081,
10-18 04:12:18.365 14073 16194 I ReactNativeJS:   altitude: 770.8999633789062,
10-18 04:12:18.365 14073 16194 I ReactNativeJS:   heading: 0,
10-18 04:12:18.365 14073 16194 I ReactNativeJS:   latitude: 12.7486302,
10-18 04:12:18.365 14073 16194 I ReactNativeJS:   altitudeAccuracy: 1.2226040363311768,
10-18 04:12:18.365 14073 16194 I ReactNativeJS:   speed: 0 }
10-18 04:12:18.430 26036 14499 I TFLite-in-PlayServices: Created interpreter.
10-18 04:12:18.458 26036 14499 I TFLite-in-PlayServices: Created interpreter.
10-18 04:12:18.484 26036 14499 I SemanticLocation: (REDACTED) [Inferrer] %s%s
10-18 04:12:18.525 14073 16194 I ReactNativeJS: 📋 Found 0 unread ride notifications
10-18 04:12:18.540 14073 16194 I ReactNativeJS: ✅ No pending ride notifications
10-18 04:12:18.540 14073 16194 I ReactNativeJS: === RIDES SCREEN STATE DEBUG ===
10-18 04:12:18.540 14073 16194 I ReactNativeJS: 🔄 Component state updated:
10-18 04:12:18.540 14073 16194 I ReactNativeJS: '  - Current ride:', 'null'
10-18 04:12:18.540 14073 16194 I ReactNativeJS: '  - Pending rides count:', 0
10-18 04:12:18.540 14073 16194 I ReactNativeJS: '  - Driver status:', 'online'
10-18 04:12:18.540 14073 16194 I ReactNativeJS: '  - Loading:', true
10-18 04:12:18.541 14073 16194 I ReactNativeJS: '  - Error:', null
10-18 04:12:18.541 14073 16194 I ReactNativeJS: '  - Show modal:', false
10-18 04:12:18.541 14073 16194 I ReactNativeJS: '  - Timestamp:', '2025-10-17T22:42:18.541Z'
10-18 04:12:18.541 14073 16194 I ReactNativeJS: ❌ NO CURRENT RIDE - showing empty state
10-18 04:12:18.541 14073 16194 I ReactNativeJS: === RIDE REQUEST MODAL LOGIC DEBUG ===
10-18 04:12:18.541 14073 16194 I ReactNativeJS: 🔄 Checking if should show ride request modal:
10-18 04:12:18.541 14073 16194 I ReactNativeJS: '  - Pending rides:', 0
10-18 04:12:18.541 14073 16194 I ReactNativeJS: '  - Modal already showing:', false
10-18 04:12:18.541 14073 16194 I ReactNativeJS: '  - Driver status:', 'online'
10-18 04:12:18.541 14073 16194 I ReactNativeJS: '  - Has current ride:', false
10-18 04:12:18.541 14073 16194 I ReactNativeJS: ❌ NOT SHOWING MODAL - reasons:
10-18 04:12:18.541 14073 16194 I ReactNativeJS: '🚗 Analysis:', { pendingRidesCount: 0,
10-18 04:12:18.541 14073 16194 I ReactNativeJS:   modalAlreadyShowing: false,
10-18 04:12:18.541 14073 16194 I ReactNativeJS:   driverStatus: 'online',
10-18 04:12:18.541 14073 16194 I ReactNativeJS:   hasCurrentRide: false }
10-18 04:12:18.552 14073 16194 I ReactNativeJS: === RIDES SCREEN STATE DEBUG ===
10-18 04:12:18.552 14073 16194 I ReactNativeJS: 🔄 Component state updated:
10-18 04:12:18.552 14073 16194 I ReactNativeJS: '  - Current ride:', 'null'
10-18 04:12:18.552 14073 16194 I ReactNativeJS: '  - Pending rides count:', 0
10-18 04:12:18.552 14073 16194 I ReactNativeJS: '  - Driver status:', 'online'
10-18 04:12:18.552 14073 16194 I ReactNativeJS: '  - Loading:', false
10-18 04:12:18.552 14073 16194 I ReactNativeJS: '  - Error:', null
10-18 04:12:18.552 14073 16194 I ReactNativeJS: '  - Show modal:', false
10-18 04:12:18.552 14073 16194 I ReactNativeJS: '  - Timestamp:', '2025-10-17T22:42:18.552Z'
10-18 04:12:18.552 14073 16194 I ReactNativeJS: ❌ NO CURRENT RIDE - showing empty state
10-18 04:12:18.640 14073 16194 I ReactNativeJS: '✅ Location record', 'updated', 'successfully via RPC'
10-18 04:12:18.640 14073 16194 I ReactNativeJS: ✅ Location record confirmed, starting tracking...
10-18 04:12:18.640 14073 16194 I ReactNativeJS: ✅ Driver is now available for customer bookings
10-18 04:12:18.640 14073 16194 I ReactNativeJS: === STARTING LOCATION TRACKING ===
10-18 04:12:18.640 14073 16194 I ReactNativeJS: 'Driver:', 'john'
10-18 04:12:18.641 14073 16194 I ReactNativeJS: 'Status:', 'online'
10-18 04:12:18.641 14073 16194 I ReactNativeJS: 'Permission:', true
10-18 04:12:18.641 14073 16194 I ReactNativeJS: === UPDATING LOCATION WITH GOOGLE MAPS ===
10-18 04:12:18.641 14073 16194 I ReactNativeJS: 📱 Using native location...
10-18 04:12:18.641 14073 16194 I ReactNativeJS: === STARTING BACKGROUND LOCATION TRACKING ===
10-18 04:12:18.641 14073 16194 I ReactNativeJS: 'Driver:', 'john'
10-18 04:12:18.641 14073 16194 I ReactNativeJS: 'Status:', 'online'
10-18 04:12:18.641 14073 16194 I ReactNativeJS: === STARTING BACKGROUND LOCATION TRACKING ===
10-18 04:12:18.641 14073 16194 I ReactNativeJS: 'Driver User ID:', '1c4ac410-54d8-4b5e-960b-3afcbebd115d'
10-18 04:12:18.641 14073 16194 I ReactNativeJS: 'Platform:', 'android'
10-18 04:12:18.658 26036 17497 I FusedLocation: stationary throttling disengaged [CONTEXT service_id=6 ]
10-18 04:12:18.667 26036 17565 I FusedLocation: (REDACTED) stationary throttling engaged @%s
10-18 04:12:18.821 17312 17312 W LOTTIE  : Animation contains merge paths. Merge paths are only supported on KitKat+ and must be manually enabled by calling enableMergePathsForKitKatAndAbove().
10-18 04:12:18.828 17312 17312 W LOTTIE  : Animation contains merge paths but they are disabled.
10-18 04:12:18.835 14073 16194 I ReactNativeJS: '✅ Location obtained:', { accuracy: 20,
10-18 04:12:18.835 14073 16194 I ReactNativeJS:   longitude: 77.8298081,
10-18 04:12:18.835 14073 16194 I ReactNativeJS:   altitude: 770.8999633789062,
10-18 04:12:18.835 14073 16194 I ReactNativeJS:   heading: 0,
10-18 04:12:18.835 14073 16194 I ReactNativeJS:   latitude: 12.7486302,
10-18 04:12:18.835 14073 16194 I ReactNativeJS:   altitudeAccuracy: 1.2226040363311768,
10-18 04:12:18.835 14073 16194 I ReactNativeJS:   speed: 0 }
10-18 04:12:18.838 14073 16194 I ReactNativeJS: === SENDING LOCATION TO EDGE FUNCTION ===
10-18 04:12:18.838 14073 16194 I ReactNativeJS: 'Driver User ID:', '1c4ac410-54d8-4b5e-960b-3afcbebd115d'
10-18 04:12:18.838 14073 16194 I ReactNativeJS: 'Location:', { latitude: 12.7486302, longitude: 77.8298081, accuracy: 20 }
10-18 04:12:18.838 14073 16194 I ReactNativeJS: 📤 Sending location data to edge function...
10-18 04:12:18.838 14073 16194 E ReactNativeJS: '❌ Exception sending location to edge function:', 'undefined is not a function'
10-18 04:12:18.839 14073 16194 I ReactNativeJS: ⚠️ Edge function failed, falling back to direct database update
10-18 04:12:18.839 14073 16194 I ReactNativeJS: 📤 Using RPC fallback to update location...
10-18 04:12:18.840 14073 16195 E unknown:ReactNative: console.error: ❌ Exception sending location to edge function: undefined is not a function, js engine: hermes, stack:
10-18 04:12:18.840 14073 16195 E unknown:ReactNative: _construct@1:117842
10-18 04:12:18.840 14073 16195 E unknown:ReactNative: Wrapper@1:117496
10-18 04:12:18.840 14073 16195 E unknown:ReactNative: _callSuper@1:115478
10-18 04:12:18.840 14073 16195 E unknown:ReactNative: SyntheticError@1:116983
10-18 04:12:18.840 14073 16195 E unknown:ReactNative: reactConsoleErrorHandler@1:116629
10-18 04:12:18.840 14073 16195 E unknown:ReactNative: ?anon_0_@1:1957283
10-18 04:12:18.840 14073 16195 E unknown:ReactNative: asyncGeneratorStep@1:573272
10-18 04:12:18.840 14073 16195 E unknown:ReactNative: _next@1:573529
10-18 04:12:18.840 14073 16195 E unknown:ReactNative: anonymous@1:573481
10-18 04:12:18.840 14073 16195 E unknown:ReactNative: anonymous@1:573402
10-18 04:12:18.840 14073 16195 E unknown:ReactNative: sendLocationToEdgeFunction@1:1957651
10-18 04:12:18.840 14073 16195 E unknown:ReactNative: ?anon_0_@1:1956444
10-18 04:12:18.840 14073 16195 E unknown:ReactNative: asyncGeneratorStep@1:573272
10-18 04:12:18.840 14073 16195 E unknown:ReactNative: _next@1:573529
10-18 04:12:18.840 14073 16195 E unknown:ReactNative: anonymous@1:136226
10-18 04:12:18.840 14073 16195 E unknown:ReactNative: _callTimer@1:135225
10-18 04:12:18.840 14073 16195 E unknown:ReactNative: _callReactNativeMicrotasksPass@1:135369
10-18 04:12:18.840 14073 16195 E unknown:ReactNative: callReactNativeMicrotasks@1:137300
10-18 04:12:18.840 14073 16195 E unknown:ReactNative: __callReactNativeMicrotasks@1:101038
10-18 04:12:18.840 14073 16195 E unknown:ReactNative: anonymous@1:100174
10-18 04:12:18.840 14073 16195 E unknown:ReactNative: __guard@1:100912
10-18 04:12:18.840 14073 16195 E unknown:ReactNative: flushedQueue@1:100085
10-18 04:12:18.840 14073 16195 E unknown:ReactNative: invokeCallbackAndReturnFlushedQueue@1:100028
10-18 04:12:18.852 17312 17312 D nativeloader: Load libpowerhalwrap_jni.so using system ns (caller=/system_ext/framework/mediatek-framework.jar): ok
10-18 04:12:18.853 17312 17312 I PowerHalWrapper: PowerHalWrapper.getInstance 
10-18 04:12:18.853 17312 17312 I M-ProMotion: M-ProMotion is disabled
10-18 04:12:18.853 17312 17600 I PowerHalWrapper: PowerHalWrapper.getInstance 
10-18 04:12:18.857 17312 17312 W libc    : Access denied finding property "persist.vivo.ltw.enabled"
10-18 04:12:18.859 17312 17312 W HWUI    : Unknown dataspace 0
10-18 04:12:18.875 17312 17312 D ViewRootImpl: AppSizeAfterRelayout, size: Point(1202, 177), rotation: ROTATION_0
10-18 04:12:18.875 17312 17312 D BufferQueueConsumer: [](id:43a000000000,api:0,p:-1,c:17312) connect: controlledByApp=false
10-18 04:12:18.876 17312 17312 D BLASTBufferQueue: [VRI[GrantPermissionsActivity]#0](f:0,a:0) constructor()
10-18 04:12:18.876 17312 17312 D BLASTBufferQueue: [VRI[GrantPermissionsActivity]#0](f:0,a:0) update width=1202 height=177 format=-2 mTransformHint=0
10-18 04:12:18.902  1870  1976 I ActivityTaskManager: Displayed com.google.android.permissioncontroller/com.android.permissioncontroller.permission.ui.GrantPermissionsActivity for user 0: +236ms
10-18 04:12:18.915 17312 17312 V ImeFocusController: onWindowFocus: com.android.internal.policy.DecorView{8e805f9 V.E...... R.....ID 0,0-1026,0}[GrantPermissionsActivity] softInputMode=STATE_ALWAYS_HIDDEN|ADJUST_NOTHING|IS_FORWARD_NAVIGATION
10-18 04:12:18.924  5589  5589 I GoogleInputMethodService: GoogleInputMethodService.onFinishInput():2085 
10-18 04:12:18.925  5589  5589 I Module  : DeviceLockedStatusModuleProvider$Module.updateDeviceLockedStatus():100 repeatCheckTimes = 0, locked = false
10-18 04:12:18.926  5589  5589 I GoogleInputMethodService: GoogleInputMethodService.onStartInput():1346 onStartInput(EditorInfo{EditorInfo{packageName=com.google.android.permissioncontroller, inputType=0, inputTypeString=NULL, enableLearning=false, autoCorrection=false, autoComplete=false, imeOptions=0, privateImeOptions=null, actionName=UNSPECIFIED, actionLabel=null, initialSelStart=-1, initialSelEnd=-1, initialCapsMode=0, label=null, fieldId=0, fieldName=null, extras=null, hintText=null, hintLocales=[]}}, false)
10-18 04:12:18.926  5589  5589 I Module  : DeviceLockedStatusModuleProvider$Module.updateDeviceLockedStatus():100 repeatCheckTimes = 1, locked = false
10-18 04:12:18.926  5589  5589 I HardKeyTracker: HardKeyTracker.registerKeySequence():170 Register key sequence nfz{labelResId=0, callback=gds@912dd54, lastModifier=0, keyCodes=[57, 57], actions=[1, 0]}
10-18 04:12:18.927  5589  5589 I HardKeyTracker: HardKeyTracker.registerKeySequence():170 Register key sequence nfz{labelResId=0, callback=gds@de85443, lastModifier=0, keyCodes=[58, 58], actions=[1, 0]}
10-18 04:12:18.977 14073 16194 I ReactNativeJS: ✅ Background location permission granted
10-18 04:12:18.981 14073 16185 I TaskService: Registered task with name 'background-location-task' for app with scoping identifier 'com.a1taxi.driverpro'.
10-18 04:12:18.984 17312 17312 D VRI[GrantPermissionsActivity]: visibilityChanged oldVisibility=true newVisibility=false
10-18 04:12:18.993 14073 16185 I TaskService: Registered task with name 'background-fetch-task' for app with scoping identifier 'com.a1taxi.driverpro'.
10-18 04:12:18.994 14073 16194 I ReactNativeJS: ✅ Background location tracking started
10-18 04:12:18.994 14073 16194 I ReactNativeJS: ✅ Foreground service notification will be shown
10-18 04:12:18.994 14073 16194 I ReactNativeJS: ✅ Location will update every 5 seconds even when app is closed
10-18 04:12:18.994 26036 14499 I AlarmManager: set [name: SystemMemoryMap-flp type: 2 triggerAtMillis: 9223372036854775806 windowMillis: -1 intervalMillis: 0]
10-18 04:12:18.999 17312 17312 D ViewRootImpl: AppSizeAfterRelayout, size: Point(1202, 177), rotation: ROTATION_0
10-18 04:12:18.999 17312 17312 D BLASTBufferQueue: [VRI[GrantPermissionsActivity]#0](f:0,a:0) destructor()
10-18 04:12:18.999 17312 17312 D BufferQueueConsumer: [VRI[GrantPermissionsActivity]#0(BLAST Consumer)0](id:43a000000000,api:0,p:-1,c:17312) disconnect
10-18 04:12:19.014 17312 17312 W WindowOnBackDispatcher: sendCancelIfRunning: isInProgress=false callback=android.view.ViewRootImpl$$ExternalSyntheticLambda11@bb0adf0
10-18 04:12:19.017 14073 14073 V ImeFocusController: onWindowFocus: com.android.internal.policy.DecorView{e311d29 V.E...... R......D 0,0-1080,2392 aid=0}[MainActivity] softInputMode=STATE_UNSPECIFIED|ADJUST_RESIZE
10-18 04:12:19.023 14073 16194 I ReactNativeJS: ✅ Background location tracking started successfully
10-18 04:12:19.023 14073 16194 I ReactNativeJS: ✅ Driver location will be sent every 5 seconds even when app is closed
10-18 04:12:19.023 14073 16194 I ReactNativeJS: === DRIVER STATUS CHANGE DETECTED ===
10-18 04:12:19.023 14073 16194 I ReactNativeJS: 'Driver:', 'john'
10-18 04:12:19.023 14073 16194 I ReactNativeJS: 'Driver Status:', 'online'
10-18 04:12:19.023 14073 16194 I ReactNativeJS: 'Driver User ID:', '1c4ac410-54d8-4b5e-960b-3afcbebd115d'
10-18 04:12:19.024 14073 16194 I ReactNativeJS: 'Driver Verified:', true
10-18 04:12:19.028 14073 16194 I ReactNativeJS: === DRIVER STATUS CHANGE DETECTED ===
10-18 04:12:19.028 14073 16194 I ReactNativeJS: 'Driver:', 'john'
10-18 04:12:19.028 14073 16194 I ReactNativeJS: 'Driver Status:', 'online'
10-18 04:12:19.028 14073 16194 I ReactNativeJS: 'Driver User ID:', '1c4ac410-54d8-4b5e-960b-3afcbebd115d'
10-18 04:12:19.028 14073 16194 I ReactNativeJS: 'Driver Verified:', true
10-18 04:12:19.044  5589  5589 I GoogleInputMethodService: GoogleInputMethodService.onFinishInput():2085 
10-18 04:12:19.044  5589  5589 I Module  : DeviceLockedStatusModuleProvider$Module.updateDeviceLockedStatus():100 repeatCheckTimes = 0, locked = false
10-18 04:12:19.045  5589  5589 I GoogleInputMethodService: GoogleInputMethodService.onStartInput():1346 onStartInput(EditorInfo{EditorInfo{packageName=com.a1taxi.driverpro, inputType=0, inputTypeString=NULL, enableLearning=false, autoCorrection=false, autoComplete=false, imeOptions=0, privateImeOptions=null, actionName=UNSPECIFIED, actionLabel=null, initialSelStart=-1, initialSelEnd=-1, initialCapsMode=0, label=null, fieldId=0, fieldName=null, extras=null, hintText=null, hintLocales=[]}}, false)
10-18 04:12:19.045  5589  5589 I Module  : DeviceLockedStatusModuleProvider$Module.updateDeviceLockedStatus():100 repeatCheckTimes = 1, locked = false
10-18 04:12:19.053 26036 17497 I FusedLocation: stationary throttling disengaged [CONTEXT service_id=6 ]
10-18 04:12:19.058 14073 16194 I ReactNativeJS: '✅ Location', 'updated', 'via RPC fallback'
10-18 04:12:19.058 14073 16194 I ReactNativeJS: 📱 Starting native location watching with 5s intervals
10-18 04:12:19.064 14073 14073 I TaskService: Handling intent with task name 'background-location-task' and app scoping identifier 'com.a1taxi.driverpro'.
10-18 04:12:19.093 14073 16194 I ReactNativeJS: ✅ Location tracking started successfully
10-18 04:12:19.093 14073 16194 I ReactNativeJS: '✅ isTracking state set to:', true
10-18 04:12:19.095 14073 16194 I ReactNativeJS: '📍 5-second location watch update:', { altitude: 770.8999633789062,
10-18 04:12:19.095 14073 16194 I ReactNativeJS:   heading: 0,
10-18 04:12:19.095 14073 16194 I ReactNativeJS:   altitudeAccuracy: 1.2226040363311768,
10-18 04:12:19.095 14073 16194 I ReactNativeJS:   latitude: 12.7486302,
10-18 04:12:19.095 14073 16194 I ReactNativeJS:   speed: 0,
10-18 04:12:19.095 14073 16194 I ReactNativeJS:   longitude: 77.8298081,
10-18 04:12:19.095 14073 16194 I ReactNativeJS:   accuracy: 20 }
10-18 04:12:19.096 14073 16194 I ReactNativeJS: === DRIVER STATUS CHANGE DETECTED ===
10-18 04:12:19.096 14073 16194 I ReactNativeJS: 'Driver:', 'john'
10-18 04:12:19.096 14073 16194 I ReactNativeJS: 'Driver Status:', 'online'
10-18 04:12:19.096 14073 16194 I ReactNativeJS: 'Driver User ID:', '1c4ac410-54d8-4b5e-960b-3afcbebd115d'
10-18 04:12:19.096 14073 16194 I ReactNativeJS: 'Driver Verified:', true
10-18 04:12:19.253 14073 16194 I ReactNativeJS: === SENDING LOCATION TO EDGE FUNCTION ===
10-18 04:12:19.254 14073 16194 I ReactNativeJS: 'Driver User ID:', '1c4ac410-54d8-4b5e-960b-3afcbebd115d'
10-18 04:12:19.254 14073 16194 I ReactNativeJS: 'Location:', { latitude: 12.7486302, longitude: 77.8298081, accuracy: 20 }
10-18 04:12:19.254 14073 16194 I ReactNativeJS: 📤 Sending location data to edge function...
10-18 04:12:19.254 14073 16194 E ReactNativeJS: '❌ Exception sending location to edge function:', 'undefined is not a function'
10-18 04:12:19.254 14073 16194 I ReactNativeJS: ⚠️ Edge function failed, falling back to direct database update
10-18 04:12:19.255 14073 16194 I ReactNativeJS: 📤 Using RPC fallback to update location...
10-18 04:12:19.257 14073 16195 E unknown:ReactNative: console.error: ❌ Exception sending location to edge function: undefined is not a function, js engine: hermes, stack:
10-18 04:12:19.257 14073 16195 E unknown:ReactNative: _construct@1:117842
10-18 04:12:19.257 14073 16195 E unknown:ReactNative: Wrapper@1:117496
10-18 04:12:19.257 14073 16195 E unknown:ReactNative: _callSuper@1:115478
10-18 04:12:19.257 14073 16195 E unknown:ReactNative: SyntheticError@1:116983
10-18 04:12:19.257 14073 16195 E unknown:ReactNative: reactConsoleErrorHandler@1:116629
10-18 04:12:19.257 14073 16195 E unknown:ReactNative: ?anon_0_@1:1957283
10-18 04:12:19.257 14073 16195 E unknown:ReactNative: asyncGeneratorStep@1:573272
10-18 04:12:19.257 14073 16195 E unknown:ReactNative: _next@1:573529
10-18 04:12:19.257 14073 16195 E unknown:ReactNative: anonymous@1:573481
10-18 04:12:19.257 14073 16195 E unknown:ReactNative: anonymous@1:573402
10-18 04:12:19.257 14073 16195 E unknown:ReactNative: sendLocationToEdgeFunction@1:1957651
10-18 04:12:19.257 14073 16195 E unknown:ReactNative: ?anon_0_@1:1958577
10-18 04:12:19.257 14073 16195 E unknown:ReactNative: asyncGeneratorStep@1:573272
10-18 04:12:19.257 14073 16195 E unknown:ReactNative: _next@1:573529
10-18 04:12:19.257 14073 16195 E unknown:ReactNative: anonymous@1:136226
10-18 04:12:19.257 14073 16195 E unknown:ReactNative: _callTimer@1:135225
10-18 04:12:19.257 14073 16195 E unknown:ReactNative: _callReactNativeMicrotasksPass@1:135369
10-18 04:12:19.257 14073 16195 E unknown:ReactNative: callReactNativeMicrotasks@1:137300
10-18 04:12:19.257 14073 16195 E unknown:ReactNative: __callReactNativeMicrotasks@1:101038
10-18 04:12:19.257 14073 16195 E unknown:ReactNative: anonymous@1:100174
10-18 04:12:19.257 14073 16195 E unknown:ReactNative: __guard@1:100912
10-18 04:12:19.257 14073 16195 E unknown:ReactNative: flushedQueue@1:100085
10-18 04:12:19.257 14073 16195 E unknown:ReactNative: invokeCallbackAndReturnFlushedQueue@1:100028
10-18 04:12:19.340 16422 16441 V ClearcutMetricXmitter: Transmission is done.
10-18 04:12:19.456 14073 16194 I ReactNativeJS: '✅ Location', 'updated', 'via RPC fallback'
10-18 04:12:19.964 14073 16194 I ReactNativeJS: 🔄 Auto-refreshing rides (2-second interval)...
10-18 04:12:19.964 14073 16194 I ReactNativeJS: === LOADING RIDES ===
10-18 04:12:19.964 14073 16194 I ReactNativeJS: 'Driver ID:', 'eb91d7e5-e2f2-4021-a8c8-3739a3d4cae4'
10-18 04:12:19.964 14073 16194 I ReactNativeJS: 'Driver User ID:', '1c4ac410-54d8-4b5e-960b-3afcbebd115d'
10-18 04:12:19.967 14073 16194 I ReactNativeJS: 🔍 Loading current ride...
10-18 04:12:19.968 14073 16194 I ReactNativeJS: === RIDES SCREEN STATE DEBUG ===
10-18 04:12:19.968 14073 16194 I ReactNativeJS: 🔄 Component state updated:
10-18 04:12:19.968 14073 16194 I ReactNativeJS: '  - Current ride:', 'null'
10-18 04:12:19.968 14073 16194 I ReactNativeJS: '  - Pending rides count:', 0
10-18 04:12:19.968 14073 16194 I ReactNativeJS: '  - Driver status:', 'online'
10-18 04:12:19.968 14073 16194 I ReactNativeJS: '  - Loading:', true
10-18 04:12:19.968 14073 16194 I ReactNativeJS: '  - Error:', null
10-18 04:12:19.968 14073 16194 I ReactNativeJS: '  - Show modal:', false
10-18 04:12:19.968 14073 16194 I ReactNativeJS: '  - Timestamp:', '2025-10-17T22:42:19.968Z'
10-18 04:12:19.968 14073 16194 I ReactNativeJS: ❌ NO CURRENT RIDE - showing empty state
10-18 04:12:20.172 14073 16194 E ReactNativeJS: 'Error loading current ride:', { code: '42804',
10-18 04:12:20.172 14073 16194 E ReactNativeJS:   details: 'Returned type integer does not match expected type numeric in column 19.',
10-18 04:12:20.172 14073 16194 E ReactNativeJS:   hint: null,
10-18 04:12:20.172 14073 16194 E ReactNativeJS:   message: 'structure of query does not match function result type' }
10-18 04:12:20.172 14073 16194 I ReactNativeJS: 🔍 Loading pending ride notifications...
10-18 04:12:20.174 14073 16195 E unknown:ReactNative: console.error: Error loading current ride: {"code":"42804","details":"Returned type integer does not match expected type numeric in column 19.","hint":null,"message":"structure of query does not match function result type"}, js engine: hermes, stack:
10-18 04:12:20.174 14073 16195 E unknown:ReactNative: _construct@1:117842
10-18 04:12:20.174 14073 16195 E unknown:ReactNative: Wrapper@1:117496
10-18 04:12:20.174 14073 16195 E unknown:ReactNative: _callSuper@1:115478
10-18 04:12:20.174 14073 16195 E unknown:ReactNative: SyntheticError@1:116983
10-18 04:12:20.174 14073 16195 E unknown:ReactNative: reactConsoleErrorHandler@1:116629
10-18 04:12:20.174 14073 16195 E unknown:ReactNative: ?anon_0_@1:1995022
10-18 04:12:20.174 14073 16195 E unknown:ReactNative: asyncGeneratorStep@1:573272
10-18 04:12:20.174 14073 16195 E unknown:ReactNative: _next@1:573529
10-18 04:12:20.174 14073 16195 E unknown:ReactNative: anonymous@1:136226
10-18 04:12:20.174 14073 16195 E unknown:ReactNative: _callTimer@1:135225
10-18 04:12:20.174 14073 16195 E unknown:ReactNative: _callReactNativeMicrotasksPass@1:135369
10-18 04:12:20.174 14073 16195 E unknown:ReactNative: callReactNativeMicrotasks@1:137300
10-18 04:12:20.174 14073 16195 E unknown:ReactNative: __callReactNativeMicrotasks@1:101038
10-18 04:12:20.174 14073 16195 E unknown:ReactNative: anonymous@1:100174
10-18 04:12:20.174 14073 16195 E unknown:ReactNative: __guard@1:100912
10-18 04:12:20.174 14073 16195 E unknown:ReactNative: flushedQueue@1:100085
10-18 04:12:20.174 14073 16195 E unknown:ReactNative: invokeCallbackAndReturnFlushedQueue@1:100028
10-18 04:12:20.365 14073 16194 I ReactNativeJS: 📋 Found 0 unread ride notifications
10-18 04:12:20.368 14073 16194 I ReactNativeJS: ✅ No pending ride notifications
10-18 04:12:20.368 14073 16194 I ReactNativeJS: === RIDES SCREEN STATE DEBUG ===
10-18 04:12:20.368 14073 16194 I ReactNativeJS: 🔄 Component state updated:
10-18 04:12:20.368 14073 16194 I ReactNativeJS: '  - Current ride:', 'null'
10-18 04:12:20.368 14073 16194 I ReactNativeJS: '  - Pending rides count:', 0
10-18 04:12:20.368 14073 16194 I ReactNativeJS: '  - Driver status:', 'online'
10-18 04:12:20.368 14073 16194 I ReactNativeJS: '  - Loading:', true
10-18 04:12:20.368 14073 16194 I ReactNativeJS: '  - Error:', null
10-18 04:12:20.368 14073 16194 I ReactNativeJS: '  - Show modal:', false
10-18 04:12:20.368 14073 16194 I ReactNativeJS: '  - Timestamp:', '2025-10-17T22:42:20.368Z'
10-18 04:12:20.368 14073 16194 I ReactNativeJS: ❌ NO CURRENT RIDE - showing empty state
10-18 04:12:20.368 14073 16194 I ReactNativeJS: === RIDE REQUEST MODAL LOGIC DEBUG ===
10-18 04:12:20.368 14073 16194 I ReactNativeJS: 🔄 Checking if should show ride request modal:
10-18 04:12:20.368 14073 16194 I ReactNativeJS: '  - Pending rides:', 0
10-18 04:12:20.368 14073 16194 I ReactNativeJS: '  - Modal already showing:', false
10-18 04:12:20.368 14073 16194 I ReactNativeJS: '  - Driver status:', 'online'
10-18 04:12:20.368 14073 16194 I ReactNativeJS: '  - Has current ride:', false
10-18 04:12:20.368 14073 16194 I ReactNativeJS: ❌ NOT SHOWING MODAL - reasons:
10-18 04:12:20.368 14073 16194 I ReactNativeJS: '🚗 Analysis:', { pendingRidesCount: 0,
10-18 04:12:20.368 14073 16194 I ReactNativeJS:   modalAlreadyShowing: false,
10-18 04:12:20.368 14073 16194 I ReactNativeJS:   driverStatus: 'online',
10-18 04:12:20.368 14073 16194 I ReactNativeJS:   hasCurrentRide: false }
10-18 04:12:20.371 14073 16194 I ReactNativeJS: === RIDES SCREEN STATE DEBUG ===
10-18 04:12:20.371 14073 16194 I ReactNativeJS: 🔄 Component state updated:
10-18 04:12:20.371 14073 16194 I ReactNativeJS: '  - Current ride:', 'null'
10-18 04:12:20.371 14073 16194 I ReactNativeJS: '  - Pending rides count:', 0
10-18 04:12:20.371 14073 16194 I ReactNativeJS: '  - Driver status:', 'online'
10-18 04:12:20.371 14073 16194 I ReactNativeJS: '  - Loading:', false
10-18 04:12:20.371 14073 16194 I ReactNativeJS: '  - Error:', null
10-18 04:12:20.371 14073 16194 I ReactNativeJS: '  - Show modal:', false
10-18 04:12:20.371 14073 16194 I ReactNativeJS: '  - Timestamp:', '2025-10-17T22:42:20.371Z'
10-18 04:12:20.371 14073 16194 I ReactNativeJS: ❌ NO CURRENT RIDE - showing empty state
10-18 04:12:20.688 27559 27559 I Choreographer: Skipped 118 frames!  The application may be doing too much work on its main thread.
10-18 04:12:21.967 14073 16194 I ReactNativeJS: 🔄 Auto-refreshing rides (2-second interval)...
10-18 04:12:21.967 14073 16194 I ReactNativeJS: === LOADING RIDES ===
10-18 04:12:21.968 14073 16194 I ReactNativeJS: 'Driver ID:', 'eb91d7e5-e2f2-4021-a8c8-3739a3d4cae4'
10-18 04:12:21.968 14073 16194 I ReactNativeJS: 'Driver User ID:', '1c4ac410-54d8-4b5e-960b-3afcbebd115d'
10-18 04:12:21.975 14073 16194 I ReactNativeJS: 🔍 Loading current ride...
10-18 04:12:21.977 14073 16194 I ReactNativeJS: === RIDES SCREEN STATE DEBUG ===
10-18 04:12:21.977 14073 16194 I ReactNativeJS: 🔄 Component state updated:
10-18 04:12:21.977 14073 16194 I ReactNativeJS: '  - Current ride:', 'null'
10-18 04:12:21.977 14073 16194 I ReactNativeJS: '  - Pending rides count:', 0
10-18 04:12:21.977 14073 16194 I ReactNativeJS: '  - Driver status:', 'online'
10-18 04:12:21.978 14073 16194 I ReactNativeJS: '  - Loading:', true
10-18 04:12:21.978 14073 16194 I ReactNativeJS: '  - Error:', null
10-18 04:12:21.978 14073 16194 I ReactNativeJS: '  - Show modal:', false
10-18 04:12:21.978 14073 16194 I ReactNativeJS: '  - Timestamp:', '2025-10-17T22:42:21.978Z'
10-18 04:12:21.978 14073 16194 I ReactNativeJS: ❌ NO CURRENT RIDE - showing empty state
10-18 04:12:22.183 26036 26236 I NullBinder: NullBinder for com.google.android.gms.lockbox.service.START triggering remote TransactionTooLargeException due to Service without Chimera impl, calling uid: 10202, calling pid: 26106
10-18 04:12:22.183 26036 26236 W .gms.persistent: Large reply transaction of 1056768 bytes, interface descriptor , code 46
10-18 04:12:22.183 26106 26139 E IPCThreadState: Binder transaction failure. id: 422722148, BR_*: 29201, error: -28 (No space left on device)
10-18 04:12:22.183 26106 26139 D ActivityThread: Too many transaction errors, throttling freezer binder callback.
10-18 04:12:22.183 26106 26139 E JavaBinder: !!! FAILED BINDER TRANSACTION !!!  (parcel size = 408)
10-18 04:12:22.184 26106 26139 W GmsClient: IGmsServiceBroker.getService failed
10-18 04:12:22.184 26106 26139 W GmsClient: android.os.DeadObjectException: Transaction failed on small parcel; remote process probably died, but this could also be caused by running out of binder buffer space
10-18 04:12:22.184 26106 26139 W GmsClient: 	at android.os.BinderProxy.transactNative(Native Method)
10-18 04:12:22.184 26106 26139 W GmsClient: 	at android.os.BinderProxy.transact(BinderProxy.java:692)
10-18 04:12:22.184 26106 26139 W GmsClient: 	at bbkc.a(:com.google.android.gms@253931035@25.39.31 (260400-813878953):33)
10-18 04:12:22.184 26106 26139 W GmsClient: 	at bbid.z(:com.google.android.gms@253931035@25.39.31 (260400-813878953):160)
10-18 04:12:22.184 26106 26139 W GmsClient: 	at baoz.run(:com.google.android.gms@253931035@25.39.31 (260400-813878953):42)
10-18 04:12:22.184 26106 26139 W GmsClient: 	at android.os.Handler.handleCallback(Handler.java:1014)
10-18 04:12:22.184 26106 26139 W GmsClient: 	at android.os.Handler.dispatchMessage(Handler.java:102)
10-18 04:12:22.184 26106 26139 W GmsClient: 	at cmjd.mC(:com.google.android.gms@253931035@25.39.31 (260400-813878953):1)
10-18 04:12:22.184 26106 26139 W GmsClient: 	at cmjd.dispatchMessage(:com.google.android.gms@253931035@25.39.31 (260400-813878953):144)
10-18 04:12:22.184 26106 26139 W GmsClient: 	at android.os.Looper.loopOnce(Looper.java:250)
10-18 04:12:22.184 26106 26139 W GmsClient: 	at android.os.Looper.loop(Looper.java:340)
10-18 04:12:22.184 26106 26139 W GmsClient: 	at android.os.HandlerThread.run(HandlerThread.java:107)
10-18 04:12:22.213 14073 16194 E ReactNativeJS: 'Error loading current ride:', { code: '42804',
10-18 04:12:22.213 14073 16194 E ReactNativeJS:   details: 'Returned type integer does not match expected type numeric in column 19.',
10-18 04:12:22.213 14073 16194 E ReactNativeJS:   hint: null,
10-18 04:12:22.213 14073 16194 E ReactNativeJS:   message: 'structure of query does not match function result type' }
10-18 04:12:22.215 14073 16194 I ReactNativeJS: 🔍 Loading pending ride notifications...
10-18 04:12:22.223 14073 16195 E unknown:ReactNative: console.error: Error loading current ride: {"code":"42804","details":"Returned type integer does not match expected type numeric in column 19.","hint":null,"message":"structure of query does not match function result type"}, js engine: hermes, stack:
10-18 04:12:22.223 14073 16195 E unknown:ReactNative: _construct@1:117842
10-18 04:12:22.223 14073 16195 E unknown:ReactNative: Wrapper@1:117496
10-18 04:12:22.223 14073 16195 E unknown:ReactNative: _callSuper@1:115478
10-18 04:12:22.223 14073 16195 E unknown:ReactNative: SyntheticError@1:116983
10-18 04:12:22.223 14073 16195 E unknown:ReactNative: reactConsoleErrorHandler@1:116629
10-18 04:12:22.223 14073 16195 E unknown:ReactNative: ?anon_0_@1:1995022
10-18 04:12:22.223 14073 16195 E unknown:ReactNative: asyncGeneratorStep@1:573272
10-18 04:12:22.223 14073 16195 E unknown:ReactNative: _next@1:573529
10-18 04:12:22.223 14073 16195 E unknown:ReactNative: anonymous@1:136226
10-18 04:12:22.223 14073 16195 E unknown:ReactNative: _callTimer@1:135225
10-18 04:12:22.223 14073 16195 E unknown:ReactNative: _callReactNativeMicrotasksPass@1:135369
10-18 04:12:22.223 14073 16195 E unknown:ReactNative: callReactNativeMicrotasks@1:137300
10-18 04:12:22.223 14073 16195 E unknown:ReactNative: __callReactNativeMicrotasks@1:101038
10-18 04:12:22.223 14073 16195 E unknown:ReactNative: anonymous@1:100174
10-18 04:12:22.223 14073 16195 E unknown:ReactNative: __guard@1:100912
10-18 04:12:22.223 14073 16195 E unknown:ReactNative: flushedQueue@1:100085
10-18 04:12:22.223 14073 16195 E unknown:ReactNative: invokeCallbackAndReturnFlushedQueue@1:100028
10-18 04:12:22.452 14073 16194 I ReactNativeJS: 📋 Found 0 unread ride notifications
10-18 04:12:22.470 14073 16194 I ReactNativeJS: ✅ No pending ride notifications
10-18 04:12:22.471 14073 16194 I ReactNativeJS: === RIDES SCREEN STATE DEBUG ===
10-18 04:12:22.471 14073 16194 I ReactNativeJS: 🔄 Component state updated:
10-18 04:12:22.471 14073 16194 I ReactNativeJS: '  - Current ride:', 'null'
10-18 04:12:22.471 14073 16194 I ReactNativeJS: '  - Pending rides count:', 0
10-18 04:12:22.471 14073 16194 I ReactNativeJS: '  - Driver status:', 'online'
10-18 04:12:22.471 14073 16194 I ReactNativeJS: '  - Loading:', true
10-18 04:12:22.471 14073 16194 I ReactNativeJS: '  - Error:', null
10-18 04:12:22.471 14073 16194 I ReactNativeJS: '  - Show modal:', false
10-18 04:12:22.471 14073 16194 I ReactNativeJS: '  - Timestamp:', '2025-10-17T22:42:22.471Z'
10-18 04:12:22.471 14073 16194 I ReactNativeJS: ❌ NO CURRENT RIDE - showing empty state
10-18 04:12:22.471 14073 16194 I ReactNativeJS: === RIDE REQUEST MODAL LOGIC DEBUG ===
10-18 04:12:22.472 14073 16194 I ReactNativeJS: 🔄 Checking if should show ride request modal:
10-18 04:12:22.472 14073 16194 I ReactNativeJS: '  - Pending rides:', 0
10-18 04:12:22.472 14073 16194 I ReactNativeJS: '  - Modal already showing:', false
10-18 04:12:22.472 14073 16194 I ReactNativeJS: '  - Driver status:', 'online'
10-18 04:12:22.472 14073 16194 I ReactNativeJS: '  - Has current ride:', false
10-18 04:12:22.472 14073 16194 I ReactNativeJS: ❌ NOT SHOWING MODAL - reasons:
10-18 04:12:22.472 14073 16194 I ReactNativeJS: '🚗 Analysis:', { pendingRidesCount: 0,
10-18 04:12:22.472 14073 16194 I ReactNativeJS:   modalAlreadyShowing: false,
10-18 04:12:22.472 14073 16194 I ReactNativeJS:   driverStatus: 'online',
10-18 04:12:22.472 14073 16194 I ReactNativeJS:   hasCurrentRide: false }
10-18 04:12:22.482 14073 16194 I ReactNativeJS: === RIDES SCREEN STATE DEBUG ===
10-18 04:12:22.482 14073 16194 I ReactNativeJS: 🔄 Component state updated:
10-18 04:12:22.482 14073 16194 I ReactNativeJS: '  - Current ride:', 'null'
10-18 04:12:22.482 14073 16194 I ReactNativeJS: '  - Pending rides count:', 0
10-18 04:12:22.482 14073 16194 I ReactNativeJS: '  - Driver status:', 'online'
10-18 04:12:22.482 14073 16194 I ReactNativeJS: '  - Loading:', false
10-18 04:12:22.482 14073 16194 I ReactNativeJS: '  - Error:', null
10-18 04:12:22.482 14073 16194 I ReactNativeJS: '  - Show modal:', false
10-18 04:12:22.482 14073 16194 I ReactNativeJS: '  - Timestamp:', '2025-10-17T22:42:22.482Z'
10-18 04:12:22.482 14073 16194 I ReactNativeJS: ❌ NO CURRENT RIDE - showing empty state
10-18 04:12:23.311 26036 26104 W Settings: Setting airplane_mode_on has moved from android.provider.Settings.System to android.provider.Settings.Global, returning read-only value.
10-18 04:12:23.313 14073 14073 I TaskService: Handling intent with task name 'background-location-task' and app scoping identifier 'com.a1taxi.driverpro'.
10-18 04:12:23.320 26036 17495 W SystemServiceRegistry: No service published for: wifirtt
10-18 04:12:23.340 26036 26620 I WifiScanner: onFullResults
10-18 04:12:23.340 26036 26236 I WifiScanner: onFullResults
10-18 04:12:23.341 26036 28451 I WifiScanner: onFullResults
10-18 04:12:23.353 26036 16871 I FrewleTileCacheManagerV: (REDACTED) Fetched %d AP models from cache
10-18 04:12:23.388 26036 26172 I FusedLocation: (REDACTED) location delivery to %s blocked - too fast
10-18 04:12:23.389 26036 26172 I FusedLocation: (REDACTED) location delivery to %s blocked - too close
