10-29 15:56:46.842  4678  6358 I ReactNativeJS: 'Current segments:', [ '(tabs)', 'rides' ]
10-29 15:56:46.842  4678  6358 I ReactNativeJS: 'Loading state:', false
10-29 15:56:46.843  4678  6358 I ReactNativeJS: 'Is authenticated:', { id: 'eb91d7e5-e2f2-4021-a8c8-3739a3d4cae4',
10-29 15:56:46.843  4678  6358 I ReactNativeJS:   user_id: '1c4ac410-54d8-4b5e-960b-3afcbebd115d',
10-29 15:56:46.843  4678  6358 I ReactNativeJS:   license_number: 'TY58971234',
10-29 15:56:46.843  4678  6358 I ReactNativeJS:   license_expiry: '2025-10-04',
10-29 15:56:46.843  4678  6358 I ReactNativeJS:   status: 'online',
10-29 15:56:46.843  4678  6358 I ReactNativeJS:   rating: 5,
10-29 15:56:46.843  4678  6358 I ReactNativeJS:   total_rides: 1,
10-29 15:56:46.843  4678  6358 I ReactNativeJS:   is_verified: true,
10-29 15:56:46.843  4678  6358 I ReactNativeJS:   vehicle_id: 'e7591bc7-c083-49f6-b30d-cc0d6964f3a1',
10-29 15:56:46.843  4678  6358 I ReactNativeJS:   vendor_id: null,
10-29 15:56:46.843  4678  6358 I ReactNativeJS:   phone_number: '9598972325',
10-29 15:56:46.843  4678  6358 I ReactNativeJS:   name: 'john',
10-29 15:56:46.843  4678  6358 I ReactNativeJS:   created_at: '2025-09-16T17:06:10.397003+00:00',
10-29 15:56:46.843  4678  6358 I ReactNativeJS:   updated_at: '2025-10-29T10:24:50.868239+00:00',
10-29 15:56:46.843  4678  6358 I ReactNativeJS:   vehicles: 
10-29 15:56:46.843  4678  6358 I ReactNativeJS:    { id: 'e7591bc7-c083-49f6-b30d-cc0d6964f3a1',
10-29 15:56:46.843  4678  6358 I ReactNativeJS:      registration_number: 'KA51MN1111',
10-29 15:56:46.843  4678  6358 I ReactNativeJS:      make: 'Maruti',
10-29 15:56:46.843  4678  6358 I ReactNativeJS:      model: 'Ciaz',
10-29 15:56:46.843  4678  6358 I ReactNativeJS:      year: 2022,
10-29 15:56:46.843  4678  6358 I ReactNativeJS:      color: 'Silver',
10-29 15:56:46.843  4678  6358 I ReactNativeJS:      vehicle_type: 'sedan',
10-29 15:56:46.843  4678  6358 I ReactNativeJS:      capacity: 4 },
10-29 15:56:46.843  4678  6358 I ReactNativeJS:   user: 
10-29 15:56:46.843  4678  6358 I ReactNativeJS:    { id: '1c4ac410-54d8-4b5e-960b-3afcbebd115d',
10-29 15:56:46.843  4678  6358 I ReactNativeJS:      email: 'john@gmail.com',
10-29 15:56:46.843  4678  6358 I ReactNativeJS:      role: 'driver',
10-29 15:56:46.843  4678  6358 I ReactNativeJS:      full_name: 'john',
10-29 15:56:46.843  4678  6358 I ReactNativeJS:      phone_number: '9598972325',
10-29 15:56:46.843  4678  6358 I ReactNativeJS:      avatar_url: null,
10-29 15:56:46.843  4678  6358 I ReactNativeJS:      is_active: true,
10-29 15:56:46.843  4678  6358 I ReactNativeJS:      created_at: '2025-09-16T17:06:09.397142+00:00',
10-29 15:56:46.843  4678  6358 I ReactNativeJS:      updated_at: '2025-09-16T17:06:09.397142+00:00' },
10-29 15:56:46.843  4678  6358 I ReactNativeJS:   vehicle: 
10-29 15:56:46.843  4678  6358 I ReactNativeJS:    { id: 'e7591bc7-c083-49f6-b30d-cc0d6964f3a1',
10-29 15:56:46.843  4678  6358 I ReactNativeJS:      registration_number: 'KA51MN1111',
10-29 15:56:46.843  4678  6358 I ReactNativeJS:      make: 'Maruti',
10-29 15:56:46.843  4678  6358 I ReactNativeJS:      model: 'Ciaz',
10-29 15:56:46.843  4678  6358 I ReactNativeJS:      year: 2022,
10-29 15:56:46.843  4678  6358 I ReactNativeJS:      color: 'Silver',
10-29 15:56:46.843  4678  6358 I ReactNativeJS:      vehicle_type: 'sedan',
10-29 15:56:46.843  4678  6358 I ReactNativeJS:      capacity: 4 } }
10-29 15:56:46.843  4678  6358 I ReactNativeJS: No navigation needed - staying in current route
10-29 15:56:46.912  4678  6358 I ReactNativeJS: ðŸ“‹ Found 0 unread ride notifications
10-29 15:56:46.918  4678  6358 I ReactNativeJS: 'ðŸŽ¯ðŸŽ¯ðŸŽ¯ TripCompletionModal RENDER - visible:', false
10-29 15:56:46.918  4678  6358 I ReactNativeJS: 'ðŸŽ¯ðŸŽ¯ðŸŽ¯ tripData:', '{\n  "distance": 0,\n  "duration": 0,\n  "fareBreakdown": {\n    "booking_type": "regular",\n    "vehicle_type": "sedan",\n    "base_fare": 0,\n    "distance_fare": 0,\n    "time_fare": 0,\n    "surge_charges": 0,\n    "deadhead_charges": 0,\n    "platform_fee": 0,\n    "gst_on_charges": 0,\n    "gst_on_platform_fee": 0,\n    "extra_km_charges": 0,\n    "driver_allowance": 0,\n    "total_fare": 0,\n    "details": {\n      "actual_distance_km": 0,\n      "actual_duration_minutes": 0,\n      "per_km_rate": 0\n    }\n  },\n  "pickup_address": "",\n  "destination_address": "",\n  "booking_type": "regular",\n  "rental_hours": null\n}'
10-29 15:56:46.918  4678  6358 I ReactNativeJS: âŒ Not visible - returning null
10-29 15:56:46.920  4678  6358 I ReactNativeJS: âœ… No pending ride notifications
10-29 15:56:46.920  4678  6358 I ReactNativeJS: === RIDES SCREEN STATE DEBUG ===
10-29 15:56:46.920  4678  6358 I ReactNativeJS: ðŸ”„ Component state updated:
10-29 15:56:46.920  4678  6358 I ReactNativeJS: '  - Current ride:', 'null'
10-29 15:56:46.920  4678  6358 I ReactNativeJS: '  - Pending rides count:', 0
10-29 15:56:46.920  4678  6358 I ReactNativeJS: '  - Driver status:', 'online'
10-29 15:56:46.920  4678  6358 I ReactNativeJS: '  - Loading:', true
10-29 15:56:46.920  4678  6358 I ReactNativeJS: '  - Error:', null
10-29 15:56:46.920  4678  6358 I ReactNativeJS: '  - Show modal:', false
10-29 15:56:46.920  4678  6358 I ReactNativeJS: '  - Timestamp:', '2025-10-29T10:26:46.920Z'
10-29 15:56:46.920  4678  6358 I ReactNativeJS: âŒ NO CURRENT RIDE - showing empty state
10-29 15:56:46.920  4678  6358 I ReactNativeJS: === RIDE REQUEST MODAL LOGIC DEBUG ===
10-29 15:56:46.920  4678  6358 I ReactNativeJS: ðŸ”„ Checking if should show ride request modal:
10-29 15:56:46.920  4678  6358 I ReactNativeJS: '  - Pending rides:', 0
10-29 15:56:46.920  4678  6358 I ReactNativeJS: '  - Modal already showing:', false
10-29 15:56:46.920  4678  6358 I ReactNativeJS: '  - Driver status:', 'online'
10-29 15:56:46.921  4678  6358 I ReactNativeJS: '  - Has current ride:', false
10-29 15:56:46.921  4678  6358 I ReactNativeJS: âŒ NOT SHOWING MODAL - reasons:
10-29 15:56:46.921  4678  6358 I ReactNativeJS: 'ðŸš— Analysis:', { pendingRidesCount: 0,
10-29 15:56:46.921  4678  6358 I ReactNativeJS:   modalAlreadyShowing: false,
10-29 15:56:46.921  4678  6358 I ReactNativeJS:   driverStatus: 'online',
10-29 15:56:46.921  4678  6358 I ReactNativeJS:   hasCurrentRide: false }
10-29 15:56:46.926  4678  6358 I ReactNativeJS: 'ðŸŽ¯ðŸŽ¯ðŸŽ¯ TripCompletionModal RENDER - visible:', false
10-29 15:56:46.926  4678  6358 I ReactNativeJS: 'ðŸŽ¯ðŸŽ¯ðŸŽ¯ tripData:', '{\n  "distance": 0,\n  "duration": 0,\n  "fareBreakdown": {\n    "booking_type": "regular",\n    "vehicle_type": "sedan",\n    "base_fare": 0,\n    "distance_fare": 0,\n    "time_fare": 0,\n    "surge_charges": 0,\n    "deadhead_charges": 0,\n    "platform_fee": 0,\n    "gst_on_charges": 0,\n    "gst_on_platform_fee": 0,\n    "extra_km_charges": 0,\n    "driver_allowance": 0,\n    "total_fare": 0,\n    "details": {\n      "actual_distance_km": 0,\n      "actual_duration_minutes": 0,\n      "per_km_rate": 0\n    }\n  },\n  "pickup_address": "",\n  "destination_address": "",\n  "booking_type": "regular",\n  "rental_hours": null\n}'
10-29 15:56:46.926  4678  6358 I ReactNativeJS: âŒ Not visible - returning null
10-29 15:56:46.927  4678  6358 I ReactNativeJS: === RIDES SCREEN STATE DEBUG ===
10-29 15:56:46.927  4678  6358 I ReactNativeJS: ðŸ”„ Component state updated:
10-29 15:56:46.927  4678  6358 I ReactNativeJS: '  - Current ride:', 'null'
10-29 15:56:46.927  4678  6358 I ReactNativeJS: '  - Pending rides count:', 0
10-29 15:56:46.927  4678  6358 I ReactNativeJS: '  - Driver status:', 'online'
10-29 15:56:46.927  4678  6358 I ReactNativeJS: '  - Loading:', false
10-29 15:56:46.927  4678  6358 I ReactNativeJS: '  - Error:', null
10-29 15:56:46.927  4678  6358 I ReactNativeJS: '  - Show modal:', false
10-29 15:56:46.927  4678  6358 I ReactNativeJS: '  - Timestamp:', '2025-10-29T10:26:46.927Z'
10-29 15:56:46.927  4678  6358 I ReactNativeJS: âŒ NO CURRENT RIDE - showing empty state
10-29 15:56:46.931  4678  6358 I ReactNativeJS: 'ðŸŽ¯ðŸŽ¯ðŸŽ¯ TripCompletionModal RENDER - visible:', false
10-29 15:56:46.931  4678  6358 I ReactNativeJS: 'ðŸŽ¯ðŸŽ¯ðŸŽ¯ tripData:', '{\n  "distance": 0,\n  "duration": 0,\n  "fareBreakdown": {\n    "booking_type": "regular",\n    "vehicle_type": "sedan",\n    "base_fare": 0,\n    "distance_fare": 0,\n    "time_fare": 0,\n    "surge_charges": 0,\n    "deadhead_charges": 0,\n    "platform_fee": 0,\n    "gst_on_charges": 0,\n    "gst_on_platform_fee": 0,\n    "extra_km_charges": 0,\n    "driver_allowance": 0,\n    "total_fare": 0,\n    "details": {\n      "actual_distance_km": 0,\n      "actual_duration_minutes": 0,\n      "per_km_rate": 0\n    }\n  },\n  "pickup_address": "",\n  "destination_address": "",\n  "booking_type": "regular",\n  "rental_hours": null\n}'
10-29 15:56:46.931  4678  6358 I ReactNativeJS: âŒ Not visible - returning null
10-29 15:56:48.331  4678  6358 I ReactNativeJS: ðŸ”„ Auto-refreshing rides (2-second interval)...
10-29 15:56:48.335  4678  6358 I ReactNativeJS: 'ðŸŽ¯ðŸŽ¯ðŸŽ¯ TripCompletionModal RENDER - visible:', false
10-29 15:56:48.335  4678  6358 I ReactNativeJS: 'ðŸŽ¯ðŸŽ¯ðŸŽ¯ tripData:', '{\n  "distance": 0,\n  "duration": 0,\n  "fareBreakdown": {\n    "booking_type": "regular",\n    "vehicle_type": "sedan",\n    "base_fare": 0,\n    "distance_fare": 0,\n    "time_fare": 0,\n    "surge_charges": 0,\n    "deadhead_charges": 0,\n    "platform_fee": 0,\n    "gst_on_charges": 0,\n    "gst_on_platform_fee": 0,\n    "extra_km_charges": 0,\n    "driver_allowance": 0,\n    "total_fare": 0,\n    "details": {\n      "actual_distance_km": 0,\n      "actual_duration_minutes": 0,\n      "per_km_rate": 0\n    }\n  },\n  "pickup_address": "",\n  "destination_address": "",\n  "booking_type": "regular",\n  "rental_hours": null\n}'
10-29 15:56:48.336  4678  6358 I ReactNativeJS: âŒ Not visible - returning null
10-29 15:56:48.337  4678  6358 I ReactNativeJS: === LOADING RIDES ===
10-29 15:56:48.337  4678  6358 I ReactNativeJS: 'Driver ID:', 'eb91d7e5-e2f2-4021-a8c8-3739a3d4cae4'
10-29 15:56:48.337  4678  6358 I ReactNativeJS: 'Driver User ID:', '1c4ac410-54d8-4b5e-960b-3afcbebd115d'
10-29 15:56:48.340  4678  6358 I ReactNativeJS: 'ðŸŽ¯ðŸŽ¯ðŸŽ¯ TripCompletionModal RENDER - visible:', false
10-29 15:56:48.340  4678  6358 I ReactNativeJS: 'ðŸŽ¯ðŸŽ¯ðŸŽ¯ tripData:', '{\n  "distance": 0,\n  "duration": 0,\n  "fareBreakdown": {\n    "booking_type": "regular",\n    "vehicle_type": "sedan",\n    "base_fare": 0,\n    "distance_fare": 0,\n    "time_fare": 0,\n    "surge_charges": 0,\n    "deadhead_charges": 0,\n    "platform_fee": 0,\n    "gst_on_charges": 0,\n    "gst_on_platform_fee": 0,\n    "extra_km_charges": 0,\n    "driver_allowance": 0,\n    "total_fare": 0,\n    "details": {\n      "actual_distance_km": 0,\n      "actual_duration_minutes": 0,\n      "per_km_rate": 0\n    }\n  },\n  "pickup_address": "",\n  "destination_address": "",\n  "booking_type": "regular",\n  "rental_hours": null\n}'
10-29 15:56:48.340  4678  6358 I ReactNativeJS: âŒ Not visible - returning null
10-29 15:56:48.342  4678  6358 I ReactNativeJS: ðŸ” Loading current ride...
10-29 15:56:48.343  4678  6358 I ReactNativeJS: === RIDES SCREEN STATE DEBUG ===
10-29 15:56:48.343  4678  6358 I ReactNativeJS: ðŸ”„ Component state updated:
10-29 15:56:48.343  4678  6358 I ReactNativeJS: '  - Current ride:', 'null'
10-29 15:56:48.343  4678  6358 I ReactNativeJS: '  - Pending rides count:', 0
10-29 15:56:48.343  4678  6358 I ReactNativeJS: '  - Driver status:', 'online'
10-29 15:56:48.344  4678  6358 I ReactNativeJS: '  - Loading:', true
10-29 15:56:48.344  4678  6358 I ReactNativeJS: '  - Error:', null
10-29 15:56:48.344  4678  6358 I ReactNativeJS: '  - Show modal:', false
10-29 15:56:48.344  4678  6358 I ReactNativeJS: '  - Timestamp:', '2025-10-29T10:26:48.344Z'
10-29 15:56:48.344  4678  6358 I ReactNativeJS: âŒ NO CURRENT RIDE - showing empty state
10-29 15:56:48.957  4678  6358 I ReactNativeJS: 'âœ… Current ride loaded:', 'none'
10-29 15:56:48.958  4678  6358 I ReactNativeJS: ðŸ” Loading pending ride notifications...
10-29 15:56:49.207  4678  6358 I ReactNativeJS: ðŸ“‹ Found 0 unread ride notifications
10-29 15:56:49.219  4678  6358 I ReactNativeJS: 'ðŸŽ¯ðŸŽ¯ðŸŽ¯ TripCompletionModal RENDER - visible:', false
10-29 15:56:49.219  4678  6358 I ReactNativeJS: 'ðŸŽ¯ðŸŽ¯ðŸŽ¯ tripData:', '{\n  "distance": 0,\n  "duration": 0,\n  "fareBreakdown": {\n    "booking_type": "regular",\n    "vehicle_type": "sedan",\n    "base_fare": 0,\n    "distance_fare": 0,\n    "time_fare": 0,\n    "surge_charges": 0,\n    "deadhead_charges": 0,\n    "platform_fee": 0,\n    "gst_on_charges": 0,\n    "gst_on_platform_fee": 0,\n    "extra_km_charges": 0,\n    "driver_allowance": 0,\n    "total_fare": 0,\n    "details": {\n      "actual_distance_km": 0,\n      "actual_duration_minutes": 0,\n      "per_km_rate": 0\n    }\n  },\n  "pickup_address": "",\n  "destination_address": "",\n  "booking_type": "regular",\n  "rental_hours": null\n}'
10-29 15:56:49.219  4678  6358 I ReactNativeJS: âŒ Not visible - returning null
10-29 15:56:49.221  4678  6358 I ReactNativeJS: âœ… No pending ride notifications
10-29 15:56:49.222  4678  6358 I ReactNativeJS: === RIDES SCREEN STATE DEBUG ===
10-29 15:56:49.222  4678  6358 I ReactNativeJS: ðŸ”„ Component state updated:
10-29 15:56:49.222  4678  6358 I ReactNativeJS: '  - Current ride:', 'null'
10-29 15:56:49.222  4678  6358 I ReactNativeJS: '  - Pending rides count:', 0
10-29 15:56:49.222  4678  6358 I ReactNativeJS: '  - Driver status:', 'online'
10-29 15:56:49.222  4678  6358 I ReactNativeJS: '  - Loading:', true
10-29 15:56:49.222  4678  6358 I ReactNativeJS: '  - Error:', null
10-29 15:56:49.222  4678  6358 I ReactNativeJS: '  - Show modal:', false
10-29 15:56:49.222  4678  6358 I ReactNativeJS: '  - Timestamp:', '2025-10-29T10:26:49.222Z'
10-29 15:56:49.222  4678  6358 I ReactNativeJS: âŒ NO CURRENT RIDE - showing empty state
10-29 15:56:49.222  4678  6358 I ReactNativeJS: === RIDE REQUEST MODAL LOGIC DEBUG ===
10-29 15:56:49.222  4678  6358 I ReactNativeJS: ðŸ”„ Checking if should show ride request modal:
10-29 15:56:49.222  4678  6358 I ReactNativeJS: '  - Pending rides:', 0
10-29 15:56:49.222  4678  6358 I ReactNativeJS: '  - Modal already showing:', false
10-29 15:56:49.222  4678  6358 I ReactNativeJS: '  - Driver status:', 'online'
10-29 15:56:49.222  4678  6358 I ReactNativeJS: '  - Has current ride:', false
10-29 15:56:49.222  4678  6358 I ReactNativeJS: âŒ NOT SHOWING MODAL - reasons:
10-29 15:56:49.223  4678  6358 I ReactNativeJS: 'ðŸš— Analysis:', { pendingRidesCount: 0,
10-29 15:56:49.223  4678  6358 I ReactNativeJS:   modalAlreadyShowing: false,
10-29 15:56:49.223  4678  6358 I ReactNativeJS:   driverStatus: 'online',
10-29 15:56:49.223  4678  6358 I ReactNativeJS:   hasCurrentRide: false }
10-29 15:56:49.228  4678  6358 I ReactNativeJS: 'ðŸŽ¯ðŸŽ¯ðŸŽ¯ TripCompletionModal RENDER - visible:', false
10-29 15:56:49.228  4678  6358 I ReactNativeJS: 'ðŸŽ¯ðŸŽ¯ðŸŽ¯ tripData:', '{\n  "distance": 0,\n  "duration": 0,\n  "fareBreakdown": {\n    "booking_type": "regular",\n    "vehicle_type": "sedan",\n    "base_fare": 0,\n    "distance_fare": 0,\n    "time_fare": 0,\n    "surge_charges": 0,\n    "deadhead_charges": 0,\n    "platform_fee": 0,\n    "gst_on_charges": 0,\n    "gst_on_platform_fee": 0,\n    "extra_km_charges": 0,\n    "driver_allowance": 0,\n    "total_fare": 0,\n    "details": {\n      "actual_distance_km": 0,\n      "actual_duration_minutes": 0,\n      "per_km_rate": 0\n    }\n  },\n  "pickup_address": "",\n  "destination_address": "",\n  "booking_type": "regular",\n  "rental_hours": null\n}'
10-29 15:56:49.228  4678  6358 I ReactNativeJS: âŒ Not visible - returning null
10-29 15:56:49.230  4678  6358 I ReactNativeJS: === RIDES SCREEN STATE DEBUG ===
10-29 15:56:49.230  4678  6358 I ReactNativeJS: ðŸ”„ Component state updated:
10-29 15:56:49.230  4678  6358 I ReactNativeJS: '  - Current ride:', 'null'
10-29 15:56:49.230  4678  6358 I ReactNativeJS: '  - Pending rides count:', 0
10-29 15:56:49.230  4678  6358 I ReactNativeJS: '  - Driver status:', 'online'
10-29 15:56:49.230  4678  6358 I ReactNativeJS: '  - Loading:', false
10-29 15:56:49.230  4678  6358 I ReactNativeJS: '  - Error:', null
10-29 15:56:49.230  4678  6358 I ReactNativeJS: '  - Show modal:', false
10-29 15:56:49.230  4678  6358 I ReactNativeJS: '  - Timestamp:', '2025-10-29T10:26:49.230Z'
10-29 15:56:49.230  4678  6358 I ReactNativeJS: âŒ NO CURRENT RIDE - showing empty state
10-29 15:56:49.237  4678  6358 I ReactNativeJS: 'ðŸŽ¯ðŸŽ¯ðŸŽ¯ TripCompletionModal RENDER - visible:', false
10-29 15:56:49.237  4678  6358 I ReactNativeJS: 'ðŸŽ¯ðŸŽ¯ðŸŽ¯ tripData:', '{\n  "distance": 0,\n  "duration": 0,\n  "fareBreakdown": {\n    "booking_type": "regular",\n    "vehicle_type": "sedan",\n    "base_fare": 0,\n    "distance_fare": 0,\n    "time_fare": 0,\n    "surge_charges": 0,\n    "deadhead_charges": 0,\n    "platform_fee": 0,\n    "gst_on_charges": 0,\n    "gst_on_platform_fee": 0,\n    "extra_km_charges": 0,\n    "driver_allowance": 0,\n    "total_fare": 0,\n    "details": {\n      "actual_distance_km": 0,\n      "actual_duration_minutes": 0,\n      "per_km_rate": 0\n    }\n  },\n  "pickup_address": "",\n  "destination_address": "",\n  "booking_type": "regular",\n  "rental_hours": null\n}'
10-29 15:56:49.237  4678  6358 I ReactNativeJS: âŒ Not visible - returning null
10-29 15:56:49.503 10830 10931 I FusedLocation: (REDACTED) location delivery to %s blocked - too close
10-29 15:56:49.504 10830 10931 I FusedLocation: (REDACTED) location delivery to %s blocked - too fast
10-29 15:56:49.505 10830 10931 I FusedLocation: (REDACTED) location delivery to %s blocked - too fast
10-29 15:56:49.505 10830 10931 I FusedLocation: (REDACTED) location delivery to %s blocked - too close
10-29 15:56:49.506 10830 10931 I FusedLocation: (REDACTED) location delivery to %s blocked - too fast
10-29 15:56:49.506 10830 10931 I FusedLocation: (REDACTED) location delivery to %s blocked - too fast
10-29 15:56:49.510  4678  4678 I TaskService: Handling intent with task name 'background-location-task' and app scoping identifier 'com.a1taxi.driverpro'.
10-29 15:56:49.511  4678  4678 W JobInfo : Job 'com.a1taxi.driverpro/expo.modules.taskManager.TaskJobService#0' has a deadline with no functional constraints. The deadline won't improve job execution latency. Consider removing the deadline.
10-29 15:56:49.519  4678  4678 I TaskService: Handling job with task name 'background-location-task' for app with scoping identifier 'com.a1taxi.driverpro'.
10-29 15:56:49.520  4678  6358 I ReactNativeJS: [2025-10-29T10:26:49.520Z] ðŸ“ Background location task triggered with 1 locations
10-29 15:56:49.520  4678  6358 I ReactNativeJS: [2025-10-29T10:26:49.520Z] ðŸ“ Processing location: 12.7486463, 77.8299931
10-29 15:56:49.524  4678  6358 I ReactNativeJS: 'ðŸ“¤ Background location update via RPC...', { driverId: 'eb91d7e5-e2f2-4021-a8c8-3739a3d4cae4',
10-29 15:56:49.524  4678  6358 I ReactNativeJS:   lat: 12.7486463,
10-29 15:56:49.524  4678  6358 I ReactNativeJS:   lng: 77.8299931 }
10-29 15:56:49.524  4678  6358 E ReactNativeJS: âŒ Supabase credentials not configured
10-29 15:56:49.525  4678  6358 I ReactNativeJS: [2025-10-29T10:26:49.520Z] âš ï¸ Location not sent (driver might be offline or network issue)
10-29 15:56:49.525  4678  6358 I ReactNativeJS: [2025-10-29T10:26:49.520Z] âœ… Background location task completed
10-29 15:56:49.526  4678  6347 I TaskService: Finished task 'background-location-task' with eventId 'ca829154-14cd-4e2c-b436-4df4b566b781'.
10-29 15:56:49.528  4678  6359 E unknown:ReactNative: console.error: âŒ Supabase credentials not configured, js engine: hermes, stack:
10-29 15:56:49.528  4678  6359 E unknown:ReactNative: _construct@1:127661
10-29 15:56:49.528  4678  6359 E unknown:ReactNative: Wrapper@1:127315
10-29 15:56:49.528  4678  6359 E unknown:ReactNative: _callSuper@1:125297
10-29 15:56:49.528  4678  6359 E unknown:ReactNative: SyntheticError@1:126802
10-29 15:56:49.528  4678  6359 E unknown:ReactNative: reactConsoleErrorHandler@1:126448
10-29 15:56:49.528  4678  6359 E unknown:ReactNative: ?anon_0_@1:2123375
10-29 15:56:49.528  4678  6359 E unknown:ReactNative: asyncGeneratorStep@1:583372
10-29 15:56:49.528  4678  6359 E unknown:ReactNative: _next@1:583631
10-29 15:56:49.528  4678  6359 E unknown:ReactNative: anonymous@1:146045
10-29 15:56:49.528  4678  6359 E unknown:ReactNative: _callTimer@1:145044
10-29 15:56:49.528  4678  6359 E unknown:ReactNative: _callReactNativeMicrotasksPass@1:145188
10-29 15:56:49.528  4678  6359 E unknown:ReactNative: callReactNativeMicrotasks@1:147108
10-29 15:56:49.528  4678  6359 E unknown:ReactNative: __callReactNativeMicrotasks@1:110857
10-29 15:56:49.528  4678  6359 E unknown:ReactNative: anonymous@1:109993
10-29 15:56:49.528  4678  6359 E unknown:ReactNative: __guard@1:110731
10-29 15:56:49.528  4678  6359 E unknown:ReactNative: flushedQueue@1:109904
10-29 15:56:49.528  4678  6359 E unknown:ReactNative: invokeCallbackAndReturnFlushedQueue@1:109847
10-29 15:56:50.332  4678  6358 I ReactNativeJS: ðŸ”„ Auto-refreshing rides (2-second interval)...
10-29 15:56:50.338  4678  6358 I ReactNativeJS: 'ðŸŽ¯ðŸŽ¯ðŸŽ¯ TripCompletionModal RENDER - visible:', false
10-29 15:56:50.339  4678  6358 I ReactNativeJS: 'ðŸŽ¯ðŸŽ¯ðŸŽ¯ tripData:', '{\n  "distance": 0,\n  "duration": 0,\n  "fareBreakdown": {\n    "booking_type": "regular",\n    "vehicle_type": "sedan",\n    "base_fare": 0,\n    "distance_fare": 0,\n    "time_fare": 0,\n    "surge_charges": 0,\n    "deadhead_charges": 0,\n    "platform_fee": 0,\n    "gst_on_charges": 0,\n    "gst_on_platform_fee": 0,\n    "extra_km_charges": 0,\n    "driver_allowance": 0,\n    "total_fare": 0,\n    "details": {\n      "actual_distance_km": 0,\n      "actual_duration_minutes": 0,\n      "per_km_rate": 0\n    }\n  },\n  "pickup_address": "",\n  "destination_address": "",\n  "booking_type": "regular",\n  "rental_hours": null\n}'
10-29 15:56:50.339  4678  6358 I ReactNativeJS: âŒ Not visible - returning null
10-29 15:56:50.340  4678  6358 I ReactNativeJS: === LOADING RIDES ===
10-29 15:56:50.340  4678  6358 I ReactNativeJS: 'Driver ID:', 'eb91d7e5-e2f2-4021-a8c8-3739a3d4cae4'
10-29 15:56:50.340  4678  6358 I ReactNativeJS: 'Driver User ID:', '1c4ac410-54d8-4b5e-960b-3afcbebd115d'
10-29 15:56:50.346  4678  6358 I ReactNativeJS: 'ðŸŽ¯ðŸŽ¯ðŸŽ¯ TripCompletionModal RENDER - visible:', false
10-29 15:56:50.346  4678  6358 I ReactNativeJS: 'ðŸŽ¯ðŸŽ¯ðŸŽ¯ tripData:', '{\n  "distance": 0,\n  "duration": 0,\n  "fareBreakdown": {\n    "booking_type": "regular",\n    "vehicle_type": "sedan",\n    "base_fare": 0,\n    "distance_fare": 0,\n    "time_fare": 0,\n    "surge_charges": 0,\n    "deadhead_charges": 0,\n    "platform_fee": 0,\n    "gst_on_charges": 0,\n    "gst_on_platform_fee": 0,\n    "extra_km_charges": 0,\n    "driver_allowance": 0,\n    "total_fare": 0,\n    "details": {\n      "actual_distance_km": 0,\n      "actual_duration_minutes": 0,\n      "per_km_rate": 0\n    }\n  },\n  "pickup_address": "",\n  "destination_address": "",\n  "booking_type": "regular",\n  "rental_hours": null\n}'
10-29 15:56:50.346  4678  6358 I ReactNativeJS: âŒ Not visible - returning null
10-29 15:56:50.348  4678  6358 I ReactNativeJS: ðŸ” Loading current ride...
10-29 15:56:50.350  4678  6358 I ReactNativeJS: === RIDES SCREEN STATE DEBUG ===
10-29 15:56:50.350  4678  6358 I ReactNativeJS: ðŸ”„ Component state updated:
10-29 15:56:50.350  4678  6358 I ReactNativeJS: '  - Current ride:', 'null'
10-29 15:56:50.350  4678  6358 I ReactNativeJS: '  - Pending rides count:', 0
10-29 15:56:50.350  4678  6358 I ReactNativeJS: '  - Driver status:', 'online'
10-29 15:56:50.350  4678  6358 I ReactNativeJS: '  - Loading:', true
10-29 15:56:50.350  4678  6358 I ReactNativeJS: '  - Error:', null
10-29 15:56:50.350  4678  6358 I ReactNativeJS: '  - Show modal:', false
10-29 15:56:50.350  4678  6358 I ReactNativeJS: '  - Timestamp:', '2025-10-29T10:26:50.350Z'
10-29 15:56:50.350  4678  6358 I ReactNativeJS: âŒ NO CURRENT RIDE - showing empty state
10-29 15:56:50.650  4678  6358 I ReactNativeJS: 'âœ… Current ride loaded:', 'none'
10-29 15:56:50.651  4678  6358 I ReactNativeJS: ðŸ” Loading pending ride notifications...
10-29 15:56:50.901 10830 10894 W Settings: Setting airplane_mode_on has moved from android.provider.Settings.System to android.provider.Settings.Global, returning read-only value.
10-29 15:56:50.910 10830  9442 W SystemServiceRegistry: No service published for: wifirtt
10-29 15:56:50.964 10830 10877 I WifiScanner: onFullResults
10-29 15:56:50.964  4678  6358 I ReactNativeJS: ðŸ“‹ Found 0 unread ride notifications
10-29 15:56:50.966 10830 10884 I WifiScanner: onFullResults
10-29 15:56:50.966 10830 10877 I WifiScanner: onFullResults
10-29 15:56:50.969  4678  6358 I ReactNativeJS: 'ðŸŽ¯ðŸŽ¯ðŸŽ¯ TripCompletionModal RENDER - visible:', false
10-29 15:56:50.969  4678  6358 I ReactNativeJS: 'ðŸŽ¯ðŸŽ¯ðŸŽ¯ tripData:', '{\n  "distance": 0,\n  "duration": 0,\n  "fareBreakdown": {\n    "booking_type": "regular",\n    "vehicle_type": "sedan",\n    "base_fare": 0,\n    "distance_fare": 0,\n    "time_fare": 0,\n    "surge_charges": 0,\n    "deadhead_charges": 0,\n    "platform_fee": 0,\n    "gst_on_charges": 0,\n    "gst_on_platform_fee": 0,\n    "extra_km_charges": 0,\n    "driver_allowance": 0,\n    "total_fare": 0,\n    "details": {\n      "actual_distance_km": 0,\n      "actual_duration_minutes": 0,\n      "per_km_rate": 0\n    }\n  },\n  "pickup_address": "",\n  "destination_address": "",\n  "booking_type": "regular",\n  "rental_hours": null\n}'
10-29 15:56:50.969  4678  6358 I ReactNativeJS: âŒ Not visible - returning null
10-29 15:56:50.970  4678  6358 I ReactNativeJS: âœ… No pending ride notifications
10-29 15:56:50.971  4678  6358 I ReactNativeJS: === RIDES SCREEN STATE DEBUG ===
10-29 15:56:50.971  4678  6358 I ReactNativeJS: ðŸ”„ Component state updated:
10-29 15:56:50.971  4678  6358 I ReactNativeJS: '  - Current ride:', 'null'
10-29 15:56:50.971  4678  6358 I ReactNativeJS: '  - Pending rides count:', 0
10-29 15:56:50.971  4678  6358 I ReactNativeJS: '  - Driver status:', 'online'
10-29 15:56:50.971  4678  6358 I ReactNativeJS: '  - Loading:', true
10-29 15:56:50.971  4678  6358 I ReactNativeJS: '  - Error:', null
10-29 15:56:50.971  4678  6358 I ReactNativeJS: '  - Show modal:', false
10-29 15:56:50.971  4678  6358 I ReactNativeJS: '  - Timestamp:', '2025-10-29T10:26:50.971Z'
10-29 15:56:50.971  4678  6358 I ReactNativeJS: âŒ NO CURRENT RIDE - showing empty state
10-29 15:56:50.971  4678  6358 I ReactNativeJS: === RIDE REQUEST MODAL LOGIC DEBUG ===
10-29 15:56:50.971  4678  6358 I ReactNativeJS: ðŸ”„ Checking if should show ride request modal:
10-29 15:56:50.971  4678  6358 I ReactNativeJS: '  - Pending rides:', 0
10-29 15:56:50.971  4678  6358 I ReactNativeJS: '  - Modal already showing:', false
10-29 15:56:50.971  4678  6358 I ReactNativeJS: '  - Driver status:', 'online'
10-29 15:56:50.971  4678  6358 I ReactNativeJS: '  - Has current ride:', false
10-29 15:56:50.971  4678  6358 I ReactNativeJS: âŒ NOT SHOWING MODAL - reasons:
10-29 15:56:50.971  4678  6358 I ReactNativeJS: 'ðŸš— Analysis:', { pendingRidesCount: 0,
10-29 15:56:50.971  4678  6358 I ReactNativeJS:   modalAlreadyShowing: false,
10-29 15:56:50.971  4678  6358 I ReactNativeJS:   driverStatus: 'online',
10-29 15:56:50.971  4678  6358 I ReactNativeJS:   hasCurrentRide: false }
10-29 15:56:50.976 10830  9442 I FrewleTileCacheManagerV: (REDACTED) Fetched %d AP models from cache
10-29 15:56:50.976  4678  6358 I ReactNativeJS: 'ðŸŽ¯ðŸŽ¯ðŸŽ¯ TripCompletionModal RENDER - visible:', false
10-29 15:56:50.976  4678  6358 I ReactNativeJS: 'ðŸŽ¯ðŸŽ¯ðŸŽ¯ tripData:', '{\n  "distance": 0,\n  "duration": 0,\n  "fareBreakdown": {\n    "booking_type": "regular",\n    "vehicle_type": "sedan",\n    "base_fare": 0,\n    "distance_fare": 0,\n    "time_fare": 0,\n    "surge_charges": 0,\n    "deadhead_charges": 0,\n    "platform_fee": 0,\n    "gst_on_charges": 0,\n    "gst_on_platform_fee": 0,\n    "extra_km_charges": 0,\n    "driver_allowance": 0,\n    "total_fare": 0,\n    "details": {\n      "actual_distance_km": 0,\n      "actual_duration_minutes": 0,\n      "per_km_rate": 0\n    }\n  },\n  "pickup_address": "",\n  "destination_address": "",\n  "booking_type": "regular",\n  "rental_hours": null\n}'
10-29 15:56:50.976  4678  6358 I ReactNativeJS: âŒ Not visible - returning null
10-29 15:56:50.978  4678  6358 I ReactNativeJS: === RIDES SCREEN STATE DEBUG ===
10-29 15:56:50.978  4678  6358 I ReactNativeJS: ðŸ”„ Component state updated:
10-29 15:56:50.978  4678  6358 I ReactNativeJS: '  - Current ride:', 'null'
10-29 15:56:50.978  4678  6358 I ReactNativeJS: '  - Pending rides count:', 0
10-29 15:56:50.978  4678  6358 I ReactNativeJS: '  - Driver status:', 'online'
10-29 15:56:50.978  4678  6358 I ReactNativeJS: '  - Loading:', false
10-29 15:56:50.978  4678  6358 I ReactNativeJS: '  - Error:', null
10-29 15:56:50.978  4678  6358 I ReactNativeJS: '  - Show modal:', false
10-29 15:56:50.978  4678  6358 I ReactNativeJS: '  - Timestamp:', '2025-10-29T10:26:50.978Z'
10-29 15:56:50.978  4678  6358 I ReactNativeJS: âŒ NO CURRENT RIDE - showing empty state
10-29 15:56:50.981  4678  6358 I ReactNativeJS: 'ðŸŽ¯ðŸŽ¯ðŸŽ¯ TripCompletionModal RENDER - visible:', false
10-29 15:56:50.981  4678  6358 I ReactNativeJS: 'ðŸŽ¯ðŸŽ¯ðŸŽ¯ tripData:', '{\n  "distance": 0,\n  "duration": 0,\n  "fareBreakdown": {\n    "booking_type": "regular",\n    "vehicle_type": "sedan",\n    "base_fare": 0,\n    "distance_fare": 0,\n    "time_fare": 0,\n    "surge_charges": 0,\n    "deadhead_charges": 0,\n    "platform_fee": 0,\n    "gst_on_charges": 0,\n    "gst_on_platform_fee": 0,\n    "extra_km_charges": 0,\n    "driver_allowance": 0,\n    "total_fare": 0,\n    "details": {\n      "actual_distance_km": 0,\n      "actual_duration_minutes": 0,\n      "per_km_rate": 0\n    }\n  },\n  "pickup_address": "",\n  "destination_address": "",\n  "booking_type": "regular",\n  "rental_hours": null\n}'
10-29 15:56:50.982  4678  6358 I ReactNativeJS: âŒ Not visible - returning null
10-29 15:56:50.992 10830 10931 I FusedLocation: (REDACTED) location delivery to %s blocked - too fast
10-29 15:56:50.992 10830 10931 I FusedLocation: (REDACTED) location delivery to %s blocked - too close
10-29 15:56:50.993 10830 10931 I FusedLocation: (REDACTED) location delivery to %s blocked - too fast
10-29 15:56:50.994 10830 10931 I FusedLocation: (REDACTED) location delivery to %s blocked - too close
10-29 15:56:50.995 10830 10931 I FusedLocation: (REDACTED) location delivery to %s blocked - too fast
10-29 15:56:50.995 10830 10931 I FusedLocation: (REDACTED) location delivery to %s blocked - too fast
10-29 15:56:50.995 10830 10931 I gbkh    : Received empty WiFi-RTT scan. [CONTEXT service_id=6 ]
10-29 15:56:51.209  4678  6358 I ReactNativeJS: === NAVIGATION CHECK ===
10-29 15:56:51.210  4678  6358 I ReactNativeJS: 'In auth group:', false
10-29 15:56:51.210  4678  6358 I ReactNativeJS: 'Has session:', false
10-29 15:56:51.210  4678  6358 I ReactNativeJS: 'Has driver:', true
10-29 15:56:51.210  4678  6358 I ReactNativeJS: 'Current segments:', [ '(tabs)', 'profile' ]
10-29 15:56:51.210  4678  6358 I ReactNativeJS: 'Loading state:', false
10-29 15:56:51.210  4678  6358 I ReactNativeJS: 'Is authenticated:', { id: 'eb91d7e5-e2f2-4021-a8c8-3739a3d4cae4',
10-29 15:56:51.210  4678  6358 I ReactNativeJS:   user_id: '1c4ac410-54d8-4b5e-960b-3afcbebd115d',
10-29 15:56:51.210  4678  6358 I ReactNativeJS:   license_number: 'TY58971234',
10-29 15:56:51.210  4678  6358 I ReactNativeJS:   license_expiry: '2025-10-04',
10-29 15:56:51.210  4678  6358 I ReactNativeJS:   status: 'online',
10-29 15:56:51.210  4678  6358 I ReactNativeJS:   rating: 5,
10-29 15:56:51.210  4678  6358 I ReactNativeJS:   total_rides: 1,
10-29 15:56:51.210  4678  6358 I ReactNativeJS:   is_verified: true,
10-29 15:56:51.210  4678  6358 I ReactNativeJS:   vehicle_id: 'e7591bc7-c083-49f6-b30d-cc0d6964f3a1',
10-29 15:56:51.210  4678  6358 I ReactNativeJS:   vendor_id: null,
10-29 15:56:51.210  4678  6358 I ReactNativeJS:   phone_number: '9598972325',
10-29 15:56:51.210  4678  6358 I ReactNativeJS:   name: 'john',
10-29 15:56:51.210  4678  6358 I ReactNativeJS:   created_at: '2025-09-16T17:06:10.397003+00:00',
10-29 15:56:51.210  4678  6358 I ReactNativeJS:   updated_at: '2025-10-29T10:24:50.868239+00:00',
10-29 15:56:51.210  4678  6358 I ReactNativeJS:   vehicles: 
10-29 15:56:51.210  4678  6358 I ReactNativeJS:    { id: 'e7591bc7-c083-49f6-b30d-cc0d6964f3a1',
10-29 15:56:51.210  4678  6358 I ReactNativeJS:      registration_number: 'KA51MN1111',
10-29 15:56:51.210  4678  6358 I ReactNativeJS:      make: 'Maruti',
10-29 15:56:51.210  4678  6358 I ReactNativeJS:      model: 'Ciaz',
10-29 15:56:51.210  4678  6358 I ReactNativeJS:      year: 2022,
10-29 15:56:51.210  4678  6358 I ReactNativeJS:      color: 'Silver',
10-29 15:56:51.210  4678  6358 I ReactNativeJS:      vehicle_type: 'sedan',
10-29 15:56:51.210  4678  6358 I ReactNativeJS:      capacity: 4 },
10-29 15:56:51.210  4678  6358 I ReactNativeJS:   user: 
10-29 15:56:51.210  4678  6358 I ReactNativeJS:    { id: '1c4ac410-54d8-4b5e-960b-3afcbebd115d',
10-29 15:56:51.210  4678  6358 I ReactNativeJS:      email: 'john@gmail.com',
10-29 15:56:51.210  4678  6358 I ReactNativeJS:      role: 'driver',
10-29 15:56:51.210  4678  6358 I ReactNativeJS:      full_name: 'john',
10-29 15:56:51.210  4678  6358 I ReactNativeJS:      phone_number: '9598972325',
10-29 15:56:51.210  4678  6358 I ReactNativeJS:      avatar_url: null,
10-29 15:56:51.210  4678  6358 I ReactNativeJS:      is_active: true,
10-29 15:56:51.210  4678  6358 I ReactNativeJS:      created_at: '2025-09-16T17:06:09.397142+00:00',
10-29 15:56:51.210  4678  6358 I ReactNativeJS:      updated_at: '2025-09-16T17:06:09.397142+00:00' },
10-29 15:56:51.210  4678  6358 I ReactNativeJS:   vehicle: 
10-29 15:56:51.210  4678  6358 I ReactNativeJS:    { id: 'e7591bc7-c083-49f6-b30d-cc0d6964f3a1',
10-29 15:56:51.210  4678  6358 I ReactNativeJS:      registration_number: 'KA51MN1111',
10-29 15:56:51.210  4678  6358 I ReactNativeJS:      make: 'Maruti',
10-29 15:56:51.210  4678  6358 I ReactNativeJS:      model: 'Ciaz',
10-29 15:56:51.210  4678  6358 I ReactNativeJS:      year: 2022,
10-29 15:56:51.210  4678  6358 I ReactNativeJS:      color: 'Silver',
10-29 15:56:51.210  4678  6358 I ReactNativeJS:      vehicle_type: 'sedan',
10-29 15:56:51.210  4678  6358 I ReactNativeJS:      capacity: 4 } }
10-29 15:56:51.210  4678  6358 I ReactNativeJS: No navigation needed - staying in current route
10-29 15:56:52.335  4678  6358 I ReactNativeJS: ðŸ”„ Auto-refreshing rides (2-second interval)...
10-29 15:56:52.340  4678  6358 I ReactNativeJS: 'ðŸŽ¯ðŸŽ¯ðŸŽ¯ TripCompletionModal RENDER - visible:', false
10-29 15:56:52.340  4678  6358 I ReactNativeJS: 'ðŸŽ¯ðŸŽ¯ðŸŽ¯ tripData:', '{\n  "distance": 0,\n  "duration": 0,\n  "fareBreakdown": {\n    "booking_type": "regular",\n    "vehicle_type": "sedan",\n    "base_fare": 0,\n    "distance_fare": 0,\n    "time_fare": 0,\n    "surge_charges": 0,\n    "deadhead_charges": 0,\n    "platform_fee": 0,\n    "gst_on_charges": 0,\n    "gst_on_platform_fee": 0,\n    "extra_km_charges": 0,\n    "driver_allowance": 0,\n    "total_fare": 0,\n    "details": {\n      "actual_distance_km": 0,\n      "actual_duration_minutes": 0,\n      "per_km_rate": 0\n    }\n  },\n  "pickup_address": "",\n  "destination_address": "",\n  "booking_type": "regular",\n  "rental_hours": null\n}'
10-29 15:56:52.340  4678  6358 I ReactNativeJS: âŒ Not visible - returning null
10-29 15:56:52.341  4678  6358 I ReactNativeJS: === LOADING RIDES ===
10-29 15:56:52.341  4678  6358 I ReactNativeJS: 'Driver ID:', 'eb91d7e5-e2f2-4021-a8c8-3739a3d4cae4'
10-29 15:56:52.341  4678  6358 I ReactNativeJS: 'Driver User ID:', '1c4ac410-54d8-4b5e-960b-3afcbebd115d'
10-29 15:56:52.343  4678  6358 I ReactNativeJS: 'ðŸŽ¯ðŸŽ¯ðŸŽ¯ TripCompletionModal RENDER - visible:', false
10-29 15:56:52.343  4678  6358 I ReactNativeJS: 'ðŸŽ¯ðŸŽ¯ðŸŽ¯ tripData:', '{\n  "distance": 0,\n  "duration": 0,\n  "fareBreakdown": {\n    "booking_type": "regular",\n    "vehicle_type": "sedan",\n    "base_fare": 0,\n    "distance_fare": 0,\n    "time_fare": 0,\n    "surge_charges": 0,\n    "deadhead_charges": 0,\n    "platform_fee": 0,\n    "gst_on_charges": 0,\n    "gst_on_platform_fee": 0,\n    "extra_km_charges": 0,\n    "driver_allowance": 0,\n    "total_fare": 0,\n    "details": {\n      "actual_distance_km": 0,\n      "actual_duration_minutes": 0,\n      "per_km_rate": 0\n    }\n  },\n  "pickup_address": "",\n  "destination_address": "",\n  "booking_type": "regular",\n  "rental_hours": null\n}'
10-29 15:56:52.343  4678  6358 I ReactNativeJS: âŒ Not visible - returning null
10-29 15:56:52.344  4678  6358 I ReactNativeJS: ðŸ” Loading current ride...
10-29 15:56:52.345  4678  6358 I ReactNativeJS: === RIDES SCREEN STATE DEBUG ===
10-29 15:56:52.345  4678  6358 I ReactNativeJS: ðŸ”„ Component state updated:
10-29 15:56:52.345  4678  6358 I ReactNativeJS: '  - Current ride:', 'null'
10-29 15:56:52.345  4678  6358 I ReactNativeJS: '  - Pending rides count:', 0
10-29 15:56:52.345  4678  6358 I ReactNativeJS: '  - Driver status:', 'online'
10-29 15:56:52.345  4678  6358 I ReactNativeJS: '  - Loading:', true
10-29 15:56:52.345  4678  6358 I ReactNativeJS: '  - Error:', null
10-29 15:56:52.345  4678  6358 I ReactNativeJS: '  - Show modal:', false
10-29 15:56:52.345  4678  6358 I ReactNativeJS: '  - Timestamp:', '2025-10-29T10:26:52.345Z'
10-29 15:56:52.345  4678  6358 I ReactNativeJS: âŒ NO CURRENT RIDE - showing empty state
10-29 15:56:52.410 18285 18285 I VoiceInputManagerWrapper: VoiceInputManagerWrapper.shutdownVoiceInternal():148 shutdownVoiceInternal()
10-29 15:56:52.410 18285 18285 W NotificationCenter: NotificationCenter.unregisterListener():480 Listener hzt@e549283 was not registered for notification class nlo
10-29 15:56:52.523 10830 10931 I FusedLocation: (REDACTED) location delivery to %s blocked - too close
10-29 15:56:52.525 10830 10931 I FusedLocation: (REDACTED) location delivery to %s blocked - too fast
10-29 15:56:52.525 10830 10931 I FusedLocation: (REDACTED) location delivery to %s blocked - too fast
10-29 15:56:52.526 10830 10931 I FusedLocation: (REDACTED) location delivery to %s blocked - too close
10-29 15:56:52.527 10830 10931 I FusedLocation: (REDACTED) location delivery to %s blocked - too fast
10-29 15:56:52.527 10830 10931 I FusedLocation: (REDACTED) location delivery to %s blocked - too fast
10-29 15:56:52.534  4678  4678 I TaskService: Handling intent with task name 'background-location-task' and app scoping identifier 'com.a1taxi.driverpro'.
10-29 15:56:52.535  4678  4678 W JobInfo : Job 'com.a1taxi.driverpro/expo.modules.taskManager.TaskJobService#0' has a deadline with no functional constraints. The deadline won't improve job execution latency. Consider removing the deadline.
10-29 15:56:52.545  4678  4678 I TaskService: Handling job with task name 'background-location-task' for app with scoping identifier 'com.a1taxi.driverpro'.
10-29 15:56:52.546  4678  6358 I ReactNativeJS: [2025-10-29T10:26:52.546Z] ðŸ“ Background location task triggered with 1 locations
10-29 15:56:52.547  4678  6358 I ReactNativeJS: [2025-10-29T10:26:52.546Z] ðŸ“ Processing location: 12.7486482, 77.8299933
10-29 15:56:52.550  4678  6358 I ReactNativeJS: 'ðŸ“¤ Background location update via RPC...', { driverId: 'eb91d7e5-e2f2-4021-a8c8-3739a3d4cae4',
10-29 15:56:52.550  4678  6358 I ReactNativeJS:   lat: 12.7486482,
10-29 15:56:52.550  4678  6358 I ReactNativeJS:   lng: 77.8299933 }
10-29 15:56:52.550  4678  6358 E ReactNativeJS: âŒ Supabase credentials not configured
10-29 15:56:52.551  4678  6358 I ReactNativeJS: [2025-10-29T10:26:52.546Z] âš ï¸ Location not sent (driver might be offline or network issue)
10-29 15:56:52.551  4678  6358 I ReactNativeJS: [2025-10-29T10:26:52.546Z] âœ… Background location task completed
10-29 15:56:52.552  4678  6347 I TaskService: Finished task 'background-location-task' with eventId 'abc2aea5-793f-4fd3-8e57-a3bb24e4671b'.
10-29 15:56:52.554  4678  6359 E unknown:ReactNative: console.error: âŒ Supabase credentials not configured, js engine: hermes, stack:
10-29 15:56:52.554  4678  6359 E unknown:ReactNative: _construct@1:127661
10-29 15:56:52.554  4678  6359 E unknown:ReactNative: Wrapper@1:127315
10-29 15:56:52.554  4678  6359 E unknown:ReactNative: _callSuper@1:125297
10-29 15:56:52.554  4678  6359 E unknown:ReactNative: SyntheticError@1:126802
10-29 15:56:52.554  4678  6359 E unknown:ReactNative: reactConsoleErrorHandler@1:126448
10-29 15:56:52.554  4678  6359 E unknown:ReactNative: ?anon_0_@1:2123375
10-29 15:56:52.554  4678  6359 E unknown:ReactNative: asyncGeneratorStep@1:583372
10-29 15:56:52.554  4678  6359 E unknown:ReactNative: _next@1:583631
10-29 15:56:52.554  4678  6359 E unknown:ReactNative: anonymous@1:146045
10-29 15:56:52.554  4678  6359 E unknown:ReactNative: _callTimer@1:145044
10-29 15:56:52.554  4678  6359 E unknown:ReactNative: _callReactNativeMicrotasksPass@1:145188
10-29 15:56:52.554  4678  6359 E unknown:ReactNative: callReactNativeMicrotasks@1:147108
10-29 15:56:52.554  4678  6359 E unknown:ReactNative: __callReactNativeMicrotasks@1:110857
10-29 15:56:52.554  4678  6359 E unknown:ReactNative: anonymous@1:109993
10-29 15:56:52.554  4678  6359 E unknown:ReactNative: __guard@1:110731
10-29 15:56:52.554  4678  6359 E unknown:ReactNative: flushedQueue@1:109904
10-29 15:56:52.554  4678  6359 E unknown:ReactNative: invokeCallbackAndReturnFlushedQueue@1:109847
10-29 15:56:52.595  4678  6358 I ReactNativeJS: 'âœ… Current ride loaded:', 'none'
10-29 15:56:52.595  4678  6358 I ReactNativeJS: ðŸ” Loading pending ride notifications...
10-29 15:56:52.795  4678  6358 I ReactNativeJS: === NAVIGATION CHECK ===
10-29 15:56:52.795  4678  6358 I ReactNativeJS: 'In auth group:', false
10-29 15:56:52.795  4678  6358 I ReactNativeJS: 'Has session:', false
10-29 15:56:52.795  4678  6358 I ReactNativeJS: 'Has driver:', true
10-29 15:56:52.795  4678  6358 I ReactNativeJS: 'Current segments:', [ '(tabs)', 'rides' ]
10-29 15:56:52.795  4678  6358 I ReactNativeJS: 'Loading state:', false
10-29 15:56:52.796  4678  6358 I ReactNativeJS: 'Is authenticated:', { id: 'eb91d7e5-e2f2-4021-a8c8-3739a3d4cae4',
10-29 15:56:52.796  4678  6358 I ReactNativeJS:   user_id: '1c4ac410-54d8-4b5e-960b-3afcbebd115d',
10-29 15:56:52.796  4678  6358 I ReactNativeJS:   license_number: 'TY58971234',
10-29 15:56:52.796  4678  6358 I ReactNativeJS:   license_expiry: '2025-10-04',
10-29 15:56:52.796  4678  6358 I ReactNativeJS:   status: 'online',
10-29 15:56:52.796  4678  6358 I ReactNativeJS:   rating: 5,
10-29 15:56:52.796  4678  6358 I ReactNativeJS:   total_rides: 1,
10-29 15:56:52.796  4678  6358 I ReactNativeJS:   is_verified: true,
10-29 15:56:52.796  4678  6358 I ReactNativeJS:   vehicle_id: 'e7591bc7-c083-49f6-b30d-cc0d6964f3a1',
10-29 15:56:52.796  4678  6358 I ReactNativeJS:   vendor_id: null,
10-29 15:56:52.796  4678  6358 I ReactNativeJS:   phone_number: '9598972325',
10-29 15:56:52.796  4678  6358 I ReactNativeJS:   name: 'john',
10-29 15:56:52.796  4678  6358 I ReactNativeJS:   created_at: '2025-09-16T17:06:10.397003+00:00',
10-29 15:56:52.796  4678  6358 I ReactNativeJS:   updated_at: '2025-10-29T10:24:50.868239+00:00',
10-29 15:56:52.796  4678  6358 I ReactNativeJS:   vehicles: 
10-29 15:56:52.796  4678  6358 I ReactNativeJS:    { id: 'e7591bc7-c083-49f6-b30d-cc0d6964f3a1',
10-29 15:56:52.796  4678  6358 I ReactNativeJS:      registration_number: 'KA51MN1111',
10-29 15:56:52.796  4678  6358 I ReactNativeJS:      make: 'Maruti',
10-29 15:56:52.796  4678  6358 I ReactNativeJS:      model: 'Ciaz',
10-29 15:56:52.796  4678  6358 I ReactNativeJS:      year: 2022,
10-29 15:56:52.796  4678  6358 I ReactNativeJS:      color: 'Silver',
10-29 15:56:52.796  4678  6358 I ReactNativeJS:      vehicle_type: 'sedan',
10-29 15:56:52.796  4678  6358 I ReactNativeJS:      capacity: 4 },
10-29 15:56:52.796  4678  6358 I ReactNativeJS:   user: 
10-29 15:56:52.796  4678  6358 I ReactNativeJS:    { id: '1c4ac410-54d8-4b5e-960b-3afcbebd115d',
10-29 15:56:52.796  4678  6358 I ReactNativeJS:      email: 'john@gmail.com',
10-29 15:56:52.796  4678  6358 I ReactNativeJS:      role: 'driver',
10-29 15:56:52.796  4678  6358 I ReactNativeJS:      full_name: 'john',
10-29 15:56:52.796  4678  6358 I ReactNativeJS:      phone_number: '9598972325',
10-29 15:56:52.796  4678  6358 I ReactNativeJS:      avatar_url: null,
10-29 15:56:52.796  4678  6358 I ReactNativeJS:      is_active: true,
10-29 15:56:52.796  4678  6358 I ReactNativeJS:      created_at: '2025-09-16T17:06:09.397142+00:00',
10-29 15:56:52.796  4678  6358 I ReactNativeJS:      updated_at: '2025-09-16T17:06:09.397142+00:00' },
10-29 15:56:52.796  4678  6358 I ReactNativeJS:   vehicle: 
10-29 15:56:52.796  4678  6358 I ReactNativeJS:    { id: 'e7591bc7-c083-49f6-b30d-cc0d6964f3a1',
10-29 15:56:52.796  4678  6358 I ReactNativeJS:      registration_number: 'KA51MN1111',
10-29 15:56:52.796  4678  6358 I ReactNativeJS:      make: 'Maruti',
10-29 15:56:52.796  4678  6358 I ReactNativeJS:      model: 'Ciaz',
10-29 15:56:52.796  4678  6358 I ReactNativeJS:      year: 2022,
10-29 15:56:52.796  4678  6358 I ReactNativeJS:      color: 'Silver',
10-29 15:56:52.796  4678  6358 I ReactNativeJS:      vehicle_type: 'sedan',
10-29 15:56:52.796  4678  6358 I ReactNativeJS:      capacity: 4 } }
10-29 15:56:52.796  4678  6358 I ReactNativeJS: No navigation needed - staying in current route
10-29 15:56:52.847  4678  6358 I ReactNativeJS: ðŸ“‹ Found 0 unread ride notifications
10-29 15:56:52.853  4678  6358 I ReactNativeJS: 'ðŸŽ¯ðŸŽ¯ðŸŽ¯ TripCompletionModal RENDER - visible:', false
10-29 15:56:52.853  4678  6358 I ReactNativeJS: 'ðŸŽ¯ðŸŽ¯ðŸŽ¯ tripData:', '{\n  "distance": 0,\n  "duration": 0,\n  "fareBreakdown": {\n    "booking_type": "regular",\n    "vehicle_type": "sedan",\n    "base_fare": 0,\n    "distance_fare": 0,\n    "time_fare": 0,\n    "surge_charges": 0,\n    "deadhead_charges": 0,\n    "platform_fee": 0,\n    "gst_on_charges": 0,\n    "gst_on_platform_fee": 0,\n    "extra_km_charges": 0,\n    "driver_allowance": 0,\n    "total_fare": 0,\n    "details": {\n      "actual_distance_km": 0,\n      "actual_duration_minutes": 0,\n      "per_km_rate": 0\n    }\n  },\n  "pickup_address": "",\n  "destination_address": "",\n  "booking_type": "regular",\n  "rental_hours": null\n}'
10-29 15:56:52.853  4678  6358 I ReactNativeJS: âŒ Not visible - returning null
10-29 15:56:52.854  4678  6358 I ReactNativeJS: âœ… No pending ride notifications
10-29 15:56:52.855  4678  6358 I ReactNativeJS: === RIDES SCREEN STATE DEBUG ===
10-29 15:56:52.855  4678  6358 I ReactNativeJS: ðŸ”„ Component state updated:
10-29 15:56:52.855  4678  6358 I ReactNativeJS: '  - Current ride:', 'null'
10-29 15:56:52.855  4678  6358 I ReactNativeJS: '  - Pending rides count:', 0
10-29 15:56:52.855  4678  6358 I ReactNativeJS: '  - Driver status:', 'online'
10-29 15:56:52.855  4678  6358 I ReactNativeJS: '  - Loading:', true
10-29 15:56:52.855  4678  6358 I ReactNativeJS: '  - Error:', null
10-29 15:56:52.855  4678  6358 I ReactNativeJS: '  - Show modal:', false
10-29 15:56:52.855  4678  6358 I ReactNativeJS: '  - Timestamp:', '2025-10-29T10:26:52.855Z'
10-29 15:56:52.855  4678  6358 I ReactNativeJS: âŒ NO CURRENT RIDE - showing empty state
10-29 15:56:52.855  4678  6358 I ReactNativeJS: === RIDE REQUEST MODAL LOGIC DEBUG ===
10-29 15:56:52.855  4678  6358 I ReactNativeJS: ðŸ”„ Checking if should show ride request modal:
10-29 15:56:52.855  4678  6358 I ReactNativeJS: '  - Pending rides:', 0
10-29 15:56:52.855  4678  6358 I ReactNativeJS: '  - Modal already showing:', false
10-29 15:56:52.855  4678  6358 I ReactNativeJS: '  - Driver status:', 'online'
10-29 15:56:52.855  4678  6358 I ReactNativeJS: '  - Has current ride:', false
10-29 15:56:52.855  4678  6358 I ReactNativeJS: âŒ NOT SHOWING MODAL - reasons:
10-29 15:56:52.855  4678  6358 I ReactNativeJS: 'ðŸš— Analysis:', { pendingRidesCount: 0,
10-29 15:56:52.855  4678  6358 I ReactNativeJS:   modalAlreadyShowing: false,
10-29 15:56:52.855  4678  6358 I ReactNativeJS:   driverStatus: 'online',
10-29 15:56:52.855  4678  6358 I ReactNativeJS:   hasCurrentRide: false }
10-29 15:56:52.859  4678  6358 I ReactNativeJS: 'ðŸŽ¯ðŸŽ¯ðŸŽ¯ TripCompletionModal RENDER - visible:', false
10-29 15:56:52.860  4678  6358 I ReactNativeJS: 'ðŸŽ¯ðŸŽ¯ðŸŽ¯ tripData:', '{\n  "distance": 0,\n  "duration": 0,\n  "fareBreakdown": {\n    "booking_type": "regular",\n    "vehicle_type": "sedan",\n    "base_fare": 0,\n    "distance_fare": 0,\n    "time_fare": 0,\n    "surge_charges": 0,\n    "deadhead_charges": 0,\n    "platform_fee": 0,\n    "gst_on_charges": 0,\n    "gst_on_platform_fee": 0,\n    "extra_km_charges": 0,\n    "driver_allowance": 0,\n    "total_fare": 0,\n    "details": {\n      "actual_distance_km": 0,\n      "actual_duration_minutes": 0,\n      "per_km_rate": 0\n    }\n  },\n  "pickup_address": "",\n  "destination_address": "",\n  "booking_type": "regular",\n  "rental_hours": null\n}'
10-29 15:56:52.860  4678  6358 I ReactNativeJS: âŒ Not visible - returning null
10-29 15:56:52.861  4678  6358 I ReactNativeJS: === RIDES SCREEN STATE DEBUG ===
10-29 15:56:52.861  4678  6358 I ReactNativeJS: ðŸ”„ Component state updated:
10-29 15:56:52.861  4678  6358 I ReactNativeJS: '  - Current ride:', 'null'
10-29 15:56:52.861  4678  6358 I ReactNativeJS: '  - Pending rides count:', 0
10-29 15:56:52.861  4678  6358 I ReactNativeJS: '  - Driver status:', 'online'
10-29 15:56:52.861  4678  6358 I ReactNativeJS: '  - Loading:', false
10-29 15:56:52.861  4678  6358 I ReactNativeJS: '  - Error:', null
10-29 15:56:52.861  4678  6358 I ReactNativeJS: '  - Show modal:', false
