10-29 01:57:50.591 24095 28486 I ReactNativeJS:        rating: 5 } ] }
10-29 01:57:50.591 24095 28486 I ReactNativeJS: 🗺️ [HOME] Not showing drivers on map (showDriversOnMap is false)
10-29 01:57:51.491 19858 19934 I FusedLocation: (REDACTED) location delivery to %s blocked - too fast
10-29 01:57:51.493 19858 19934 I FusedLocation: (REDACTED) location delivery to %s blocked - too fast
10-29 01:57:51.501 24095 28486 I ReactNativeJS: '📍 [GPS] Live location update:', { lat: '12.748680', lng: '77.829925', accuracy: '6.50m' }
10-29 01:57:51.502 19858 19934 I FusedLocation: (REDACTED) location delivery to %s blocked - too fast
10-29 01:57:51.502 24095 28486 W ReactNativeJS: 🏠 [HOME] ===== RENDERING HOME SCREEN =====
10-29 01:57:51.502 19858 19934 I FusedLocation: (REDACTED) location delivery to %s blocked - too close
10-29 01:57:51.502 24095 28486 W ReactNativeJS: '🏠 [HOME] currentLocation:', '{"altitude":769.5,"heading":206.84280395507812,"altitudeAccuracy":17.078994750976562,"latitude":12.7486801,"speed":0.33870989084243774,"longitude":77.8299252,"accuracy":6.5}'
10-29 01:57:51.502 24095 28486 W ReactNativeJS: '🏠 [HOME] pickupCoords:', '{"latitude":12.7351914,"longitude":77.8276848}'
10-29 01:57:51.502 24095 28486 W ReactNativeJS: '🏠 [HOME] destinationCoords:', '{"latitude":12.6619826,"longitude":77.841731}'
10-29 01:57:51.502 24095 28486 W ReactNativeJS: '🏠 [HOME] pickupLocation text:', 'Hosur busstand, Hamumanthapuram, Avalapalli Hudco, Tamil Nadu, India'
10-29 01:57:51.502 24095 28486 W ReactNativeJS: '🏠 [HOME] availableDrivers count:', 1
10-29 01:57:51.502 24095 28486 W ReactNativeJS: '🏠 [HOME] showDriversOnMap:', false
10-29 01:57:51.502 24095 28486 I ReactNativeJS: '🏠🏠🏠 [HOME-V2] ABOUT TO RENDER SimpleHosurMap with props:', { hasUserLocation: true,
10-29 01:57:51.502 24095 28486 I ReactNativeJS:   hasPickup: true,
10-29 01:57:51.502 24095 28486 I ReactNativeJS:   hasDestination: true,
10-29 01:57:51.502 24095 28486 I ReactNativeJS:   showDriversOnMap: false,
10-29 01:57:51.502 24095 28486 I ReactNativeJS:   timestamp: '2025-10-28T20:27:51.502Z' }
10-29 01:57:51.502 24095 28486 I ReactNativeJS: '💰 [UI] Displaying fare for hatchback:', { fare: 553,
10-29 01:57:51.502 24095 28486 I ReactNativeJS:   isSelected: false,
10-29 01:57:51.502 24095 28486 I ReactNativeJS:   showingCalculated: true,
10-29 01:57:51.502 24095 28486 I ReactNativeJS:   source: 'calculated' }
10-29 01:57:51.503 24095 28486 I ReactNativeJS: '💰 [UI] Displaying fare for sedan:', { fare: 554,
10-29 01:57:51.503 24095 28486 I ReactNativeJS:   isSelected: true,
10-29 01:57:51.503 24095 28486 I ReactNativeJS:   showingCalculated: true,
10-29 01:57:51.503 24095 28486 I ReactNativeJS:   source: 'calculated' }
10-29 01:57:51.504 24095 28486 I ReactNativeJS: '💰 [UI] Displaying fare for sedan_ac:', { fare: 583,
10-29 01:57:51.504 24095 28486 I ReactNativeJS:   isSelected: false,
10-29 01:57:51.504 24095 28486 I ReactNativeJS:   showingCalculated: true,
10-29 01:57:51.504 24095 28486 I ReactNativeJS:   source: 'calculated' }
10-29 01:57:51.505 24095 28486 I ReactNativeJS: '💰 [UI] Displaying fare for suv:', { fare: 908,
10-29 01:57:51.505 24095 28486 I ReactNativeJS:   isSelected: false,
10-29 01:57:51.505 24095 28486 I ReactNativeJS:   showingCalculated: true,
10-29 01:57:51.505 24095 28486 I ReactNativeJS:   source: 'calculated' }
10-29 01:57:51.506 24095 28486 I ReactNativeJS: '💰 [UI] Displaying fare for suv_ac:', { fare: 2092,
10-29 01:57:51.506 24095 28486 I ReactNativeJS:   isSelected: false,
10-29 01:57:51.506 24095 28486 I ReactNativeJS:   showingCalculated: true,
10-29 01:57:51.506 24095 28486 I ReactNativeJS:   source: 'calculated' }
10-29 01:57:51.506 24095 28486 I ReactNativeJS: '🗺️ [MAP] Rendering SimpleHosurMap with:', { hasUserLocation: true,
10-29 01:57:51.506 24095 28486 I ReactNativeJS:   hasPickup: true,
10-29 01:57:51.506 24095 28486 I ReactNativeJS:   hasDestination: true,
10-29 01:57:51.506 24095 28486 I ReactNativeJS:   hasDriverLocation: false,
10-29 01:57:51.506 24095 28486 I ReactNativeJS:   availableDrivers: 1,
10-29 01:57:51.506 24095 28486 I ReactNativeJS:   showDrivers: false,
10-29 01:57:51.506 24095 28486 I ReactNativeJS:   showRoute: false }
10-29 01:57:51.522 24095 28486 I ReactNativeJS: 🚗 [HOME] ===== STARTING IMMEDIATE DRIVER DISPLAY =====
10-29 01:57:51.522 24095 28486 I ReactNativeJS: 🚗 [HOME] Current location available, showing drivers immediately
10-29 01:57:51.523 24095 28486 I ReactNativeJS: '🚗 [HOME] Location details:', { latitude: 12.7486801, longitude: 77.8299252, accuracy: 6.5 }
10-29 01:57:51.523 24095 28486 I ReactNativeJS: 🚗 [HOME] Showing ALL vehicle types (no filter applied)
10-29 01:57:51.523 24095 28486 I ReactNativeJS: '🚗 [HOME] Should show drivers on map:', false
10-29 01:57:51.523 24095 28486 I ReactNativeJS: '🔄 [HOME] Starting driver location polling with:', { currentLocation: { latitude: 12.7486801, longitude: 77.8299252 },
10-29 01:57:51.523 24095 28486 I ReactNativeJS:   vehicleType: 'sedan',
10-29 01:57:51.523 24095 28486 I ReactNativeJS:   radius: 10 }
10-29 01:57:51.523 24095 28486 I ReactNativeJS: 🛑 [HOME] Stopping driver location polling
10-29 01:57:51.523 24095 28486 I ReactNativeJS: 🛑 [DRIVER-SERVICE] Stopped driver location polling
10-29 01:57:51.523 24095 28486 I ReactNativeJS: '🔄 [DRIVER-SERVICE] Starting driver location polling every', 10, 'seconds'
10-29 01:57:51.523 24095 28486 I ReactNativeJS: '🔄 [DRIVER-SERVICE] Polling parameters:', { customerLocation: { lat: 12.7486801, lng: 77.8299252 },
10-29 01:57:51.523 24095 28486 I ReactNativeJS:   vehicleType: 'all',
10-29 01:57:51.523 24095 28486 I ReactNativeJS:   interval: '10000ms' }
10-29 01:57:51.523 24095 28486 I ReactNativeJS: '🗺️ [DRIVER-SERVICE] Fetching available drivers via edge function:', { location: { lat: 12.7486801, lng: 77.8299252 },
10-29 01:57:51.523 24095 28486 I ReactNativeJS:   radius: '10km',
10-29 01:57:51.523 24095 28486 I ReactNativeJS:   vehicleType: 'all',
10-29 01:57:51.523 24095 28486 I ReactNativeJS:   timestamp: '2025-10-28T20:27:51.523Z' }
10-29 01:57:51.523 24095 28486 I ReactNativeJS: '🌐 [DRIVER-SERVICE] Constructed Edge Function URL:', 'https://whubaypabojomdyfqxcf.supabase.co/functions/v1/get-drivers-with-locations?lat=12.7486801&lng=77.8299252&radius=10'
10-29 01:57:51.606 19858 19905 W Settings: Setting airplane_mode_on has moved from android.provider.Settings.System to android.provider.Settings.Global, returning read-only value.
10-29 01:57:51.617 19858 32040 W SystemServiceRegistry: No service published for: wifirtt
10-29 01:57:51.953 24095 28486 W ReactNativeJS: '⚠️ [DRIVER-SERVICE] Edge function failed, using direct database access:', 'Edge function failed: 500 - {"code":"WORKER_ERROR","message":"Function exited due to an error (please check logs)"}'
10-29 01:57:51.953 24095 28486 I ReactNativeJS: 🔍 [DRIVER-SERVICE] ===== USING DIRECT DATABASE ACCESS =====
10-29 01:57:51.953 24095 28486 I ReactNativeJS: '🔍 [DRIVER-SERVICE] Parameters:', { customerLocation: { lat: 12.7486801, lng: 77.8299252 },
10-29 01:57:51.953 24095 28486 I ReactNativeJS:   radius: '10km',
10-29 01:57:51.953 24095 28486 I ReactNativeJS:   vehicleType: 'all' }
10-29 01:57:51.954 24095 28486 I ReactNativeJS: 📊 [DRIVER-SERVICE] Step 1: Fetching online verified drivers...
10-29 01:57:52.046 19858 32043 I NearbyPresence: (REDACTED) %s verified [==] new request %s equals to the old request
10-29 01:57:52.279 24095 28486 I ReactNativeJS: '📊 [DRIVER-SERVICE] Found drivers:', { total: 23,
10-29 01:57:52.279 24095 28486 I ReactNativeJS:   details: 
10-29 01:57:52.279 24095 28486 I ReactNativeJS:    [ { id: '783e322d-2a4c-4d9f-b719-2e47f9153672',
10-29 01:57:52.279 24095 28486 I ReactNativeJS:        user_id: 'fb241349-c404-429f-8d8b-9b734c27856d',
10-29 01:57:52.279 24095 28486 I ReactNativeJS:        name: undefined,
10-29 01:57:52.279 24095 28486 I ReactNativeJS:        vehicle_type: 'sedan',
10-29 01:57:52.279 24095 28486 I ReactNativeJS:        status: 'online',
10-29 01:57:52.279 24095 28486 I ReactNativeJS:        verified: true },
10-29 01:57:52.279 24095 28486 I ReactNativeJS:      { id: '0e8a2773-8787-4631-84d1-aa3859ae77ca',
10-29 01:57:52.279 24095 28486 I ReactNativeJS:        user_id: '3100f6dc-395a-47b1-92b2-329016ee1732',
10-29 01:57:52.279 24095 28486 I ReactNativeJS:        name: undefined,
10-29 01:57:52.279 24095 28486 I ReactNativeJS:        vehicle_type: 'sedan',
10-29 01:57:52.279 24095 28486 I ReactNativeJS:        status: 'online',
10-29 01:57:52.279 24095 28486 I ReactNativeJS:        verified: true },
10-29 01:57:52.279 24095 28486 I ReactNativeJS:      { id: 'c18a31a2-5dd1-4fad-84a4-34e16ca33e39',
10-29 01:57:52.279 24095 28486 I ReactNativeJS:        user_id: 'bb16f38a-3e2c-4a55-8e2e-ea33ea121865',
10-29 01:57:52.279 24095 28486 I ReactNativeJS:        name: undefined,
10-29 01:57:52.279 24095 28486 I ReactNativeJS:        vehicle_type: 'sedan',
10-29 01:57:52.279 24095 28486 I ReactNativeJS:        status: 'online',
10-29 01:57:52.279 24095 28486 I ReactNativeJS:        verified: true },
10-29 01:57:52.279 24095 28486 I ReactNativeJS:      { id: '22480cc3-665c-407e-ad8a-8eafde67706b',
10-29 01:57:52.279 24095 28486 I ReactNativeJS:        user_id: '16011178-decf-4de3-beae-94ca46ce9258',
10-29 01:57:52.279 24095 28486 I ReactNativeJS:        name: undefined,
10-29 01:57:52.279 24095 28486 I ReactNativeJS:        vehicle_type: 'hatchback',
10-29 01:57:52.279 24095 28486 I ReactNativeJS:        status: 'online',
10-29 01:57:52.279 24095 28486 I ReactNativeJS:        verified: true },
10-29 01:57:52.279 24095 28486 I ReactNativeJS:      { id: '6f55e87b-6558-48df-af8c-d69190918b32',
10-29 01:57:52.279 24095 28486 I ReactNativeJS:        user_id: 'e6145579-4f5a-439f-b929-fa478580c049',
10-29 01:57:52.279 24095 28486 I ReactNativeJS:        name: undefined,
10-29 01:57:52.279 24095 28486 I ReactNativeJS:        vehicle_type: 'hatchback',
10-29 01:57:52.279 24095 28486 I ReactNativeJS:        status: 'online',
10-29 01:57:52.279 24095 28486 I ReactNativeJS:        verified: true },
10-29 01:57:52.279 24095 28486 I ReactNativeJS:      { id: 'c69fd6ad-7a70-4e10-bbb7-a8fef56de947',
10-29 01:57:52.279 24095 28486 I ReactNativeJS:        user_id: '19d168a1-b6c0-496b-b6c8-150b1d46d8bd',
10-29 01:57:52.279 24095 28486 I ReactNativeJS:        name: undefined,
10-29 01:57:52.279 24095 28486 I ReactNativeJS:        vehicle_type: 'suv',
10-29 01:57:52.279 24095 28486 I ReactNativeJS:        status: 'online',
10-29 01:57:52.279 24095 28486 I ReactNativeJS:        verified: true },
10-29 01:57:52.279 24095 28486 I ReactNativeJS:      { id: '97a4ba58-9431-48e5-ac8f-3472b8357179',
10-29 01:57:52.279 24095 28486 I ReactNativeJS:        user_id: '5d6651c8-2e3f-44e7-b4a1-0056c1d5315b',
10-29 01:57:52.279 24095 28486 I ReactNativeJS:        name: undefined,
10-29 01:57:52.279 24095 28486 I ReactNativeJS:        vehicle_type: 'sedan_ac',
10-29 01:57:52.279 24095 28486 I ReactNativeJS:        status: 'online',
10-29 01:57:52.279 24095 28486 I ReactNativeJS:        verified: true },
10-29 01:57:52.279 24095 28486 I ReactNativeJS:      { id: '7055c2f9-99fa-4d96-bc6c-079b5cda6f56',
10-29 01:57:52.279 24095 28486 I ReactNativeJS:        user_id: 'dc475d27-6167-4695-a014-dcb8d160b4c6',
10-29 01:57:52.279 24095 28486 I ReactNativeJS:        name: undefined,
10-29 01:57:52.279 24095 28486 I ReactNativeJS:        vehicle_type: 'hatchback',
10-29 01:57:52.279 24095 28486 I ReactNativeJS:        status: 'online',
10-29 01:57:52.279 24095 28486 I ReactNativeJS:        verified: true },
10-29 01:57:52.279 24095 28486 I ReactNativeJS:      { id: '770e8400-e29b-41d4-a716-446655440001',
10-29 01:57:52.279 24095 28486 I ReactNativeJS:        user_id: '550e8400-e29b-41d4-a716-446655440001',
10-29 01:57:52.279 24095 28486 I ReactNativeJS:        name: undefined,
10-29 01:57:52.279 24095 28486 I ReactNativeJS:        vehicle_type: 'hatchback',
10-29 01:57:52.279 24095 28486 I ReactNativeJS:        status: 'online',
10-29 01:57:52.279 24095 28486 I ReactNativeJS:        verified: true },
10-29 01:57:52.279 24095 28486 I ReactNativeJS:      { id: '770e8400-e29b-41d4-a716-446655440002',
10-29 01:57:52.279 24095 28486 I ReactNativeJS:        user_id: '550e8400-e29b-41d4-a716-446655440002',
10-29 01:57:52.279 24095 28486 I ReactNativeJS:        name: undefined,
10-29 01:57:52.279 24095 28486 I ReactNativeJS:        vehicle_type: 'sedan',
10-29 01:57:52.279 24095 28486 I ReactNativeJS:        status: 'online',
10-29 01:57:52.279 24095 28486 I ReactNativeJS:        verified: true },
10-29 01:57:52.279 24095 28486 I ReactNativeJS:      { id: '058f85df-35b3-4027-81a1-bd52a0df8e4a',
10-29 01:57:52.279 24095 28486 I ReactNativeJS:        user_id: '411ee301-8ffc-4874-86e9-37716951bc4d',
10-29 01:57:52.279 24095 28486 I ReactNativeJS:        name: undefined,
10-29 01:57:52.279 24095 28486 I ReactNativeJS:        vehicle_type: 'suv_ac',
10-29 01:57:52.279 24095 28486 I ReactNativeJS:        status: 'online',
10-29 01:57:52.279 24095 28486 I ReactNativeJS:        verified: true },
10-29 01:57:52.279 24095 28486 I ReactNativeJS:      { id: '9f64bda3-a424-4804-8494-c88b9f60793a',
10-29 01:57:52.279 24095 28486 I ReactNativeJS:        user_id: 'f3071946-38fb-4b98-b54e-4704b8ec0bdc',
10-29 01:57:52.279 24095 28486 I ReactNativeJS:        name: undefined,
10-29 01:57:52.279 24095 28486 I ReactNativeJS:        vehicle_type: 'sedan',
10-29 01:57:52.279 24095 28486 I ReactNativeJS:        status: 'online',
10-29 01:57:52.279 24095 28486 I ReactNativeJS:        verified: true },
10-29 01:57:52.279 24095 28486 I ReactNativeJS:      { id: '770e8400-e29b-41d4-a716-446655440003',
10-29 01:57:52.279 24095 28486 I ReactNativeJS:        user_id: '550e8400-e29b-41d4-a716-446655440003',
10-29 01:57:52.279 24095 28486 I ReactNativeJS:        name: undefined,
10-29 01:57:52.279 24095 28486 I ReactNativeJS:        vehicle_type: 'suv',
10-29 01:57:52.279 24095 28486 I ReactNativeJS:        status: 'online',
10-29 01:57:52.279 24095 28486 I ReactNativeJS:        verified: true },
10-29 01:57:52.279 24095 28486 I ReactNativeJS:      { id: '770e8400-e29b-41d4-a716-446655440004',
10-29 01:57:52.279 24095 28486 I ReactNativeJS:        user_id: '550e8400-e29b-41d4-a716-446655440004',
10-29 01:57:52.279 24095 28486 I ReactNativeJS:        name: undefined,
10-29 01:57:52.279 24095 28486 I ReactNativeJS:        vehicle_type: 'sedan',
10-29 01:57:52.279 24095 28486 I ReactNativeJS:        status: 'online',
10-29 01:57:52.279 24095 28486 I ReactNativeJS:        verified: true },
10-29 01:57:52.279 24095 28486 I ReactNativeJS:      { id: '770e8400-e29b-41d4-a716-446655440005',
10-29 01:57:52.279 24095 28486 I ReactNativeJS:        user_id: '550e8400-e29b-41d4-a716-446655440005',
10-29 01:57:52.279 24095 28486 I ReactNativeJS:        name: undefined,
10-29 01:57:52.279 24095 28486 I ReactNativeJS:        vehicle_type: 'hatchback',
10-29 01:57:52.279 24095 28486 I ReactNativeJS:        status: 'online',
10-29 01:57:52.279 24095 28486 I ReactNativeJS:        verified: true },
10-29 01:57:52.279 24095 28486 I ReactNativeJS:      { id: 'eb91d7e5-e2f2-4021-a8c8-3739a3d4cae4',
10-29 01:57:52.279 24095 28486 I ReactNativeJS:        user_id: '1c4ac410-54d8-4b5e-960b-3afcbebd115d',
10-29 01:57:52.279 24095 28486 I ReactNativeJS:        name: undefined,
10-29 01:57:52.279 24095 28486 I ReactNativeJS:        vehicle_type: 'sedan',
10-29 01:57:52.279 24095 28486 I ReactNativeJS:        status: 'online',
10-29 01:57:52.279 24095 28486 I ReactNativeJS:        verified: true },
10-29 01:57:52.279 24095 28486 I ReactNativeJS:      { id: '489b94a7-777b-4e11-ba5c-17e0a3173737',
10-29 01:57:52.279 24095 28486 I ReactNativeJS:        user_id: '892d8e0d-7ca5-4dd8-9979-539f394538f2',
10-29 01:57:52.279 24095 28486 I ReactNativeJS:        name: undefined,
10-29 01:57:52.279 24095 28486 I ReactNativeJS:        vehicle_type: 'hatchback',
10-29 01:57:52.279 24095 28486 I ReactNativeJS:        status: 'online',
10-29 01:57:52.279 24095 28486 I ReactNativeJS:        verified: true },
10-29 01:57:52.279 24095 28486 I ReactNativeJS:      { id: 'b4613ecf-44b5-49ba-8613-f8993b6db1d6',
10-29 01:57:52.279 24095 28486 I ReactNativeJS:        user_id: '539b06c9-4e24-49a4-b307-3fb3f9dc39da',
10-29 01:57:52.279 24095 28486 I ReactNativeJS:        name: undefined,
10-29 01:57:52.279 24095 28486 I ReactNativeJS:        vehicle_type: 'sedan',
10-29 01:57:52.279 24095 28486 I ReactNativeJS:        status: 'online',
10-29 01:57:52.279 24095 28486 I ReactNativeJS:        verified: true },
10-29 01:57:52.279 24095 28486 I ReactNativeJS:      { id: 'd7b4a339-2ba5-45ed-a2ec-238548a8eab6',
10-29 01:57:52.279 24095 28486 I ReactNativeJS:        user_id: 'cb735787-e96d-4d1d-9975-c112e75dfabd',
10-29 01:57:52.279 24095 28486 I ReactNativeJS:        name: undefined,
10-29 01:57:52.279 24095 28486 I ReactNativeJS:        vehicle_type: 'hatchback_ac',
10-29 01:57:52.279 24095 28486 I ReactNativeJS:        status: 'online',
10-29 01:57:52.279 24095 28486 I ReactNativeJS:        verified: true },
10-29 01:57:52.279 24095 28486 I ReactNativeJS:      { id: '0330d75a-67b0-4b12-b9b7-22a241af9c57',
10-29 01:57:52.279 24095 28486 I ReactNativeJS:        user_id: 'f5e495f1-75a4-4ce1-bb60-4adfc348b8fc',
10-29 01:57:52.279 24095 28486 I ReactNativeJS:        name: undefined,
10-29 01:57:52.279 24095 28486 I ReactNativeJS:        vehicle_type: 'sedan',
10-29 01:57:52.279 24095 28486 I ReactNativeJS:        status: 'online',
10-29 01:57:52.279 24095 28486 I ReactNativeJS:        verified: true },
10-29 01:57:52.279 24095 28486 I ReactNativeJS:      { id: 'd654f279-db7e-4375-a700-3fc02a655670',
10-29 01:57:52.279 24095 28486 I ReactNativeJS:        user_id: '5f242b1d-6cc7-4cbd-a036-45954efe17a9',
10-29 01:57:52.279 24095 28486 I ReactNativeJS:        name: undefined,
10-29 01:57:52.279 24095 28486 I ReactNativeJS:        vehicle_type: 'suv_ac',
10-29 01:57:52.279 24095 28486 I ReactNativeJS:        status: 'online',
10-29 01:57:52.279 24095 28486 I ReactNativeJS:        verified: true },
10-29 01:57:52.279 24095 28486 I ReactNativeJS:      { id: '707e2d38-7346-4a2e-bddb-e1157475f786',
10-29 01:57:52.279 24095 28486 I ReactNativeJS:        user_id: 'ed59084b-f517-4da3-814c-a314cdd8b4c6',
10-29 01:57:52.279 24095 28486 I ReactNativeJS:        name: undefined,
10-29 01:57:52.279 24095 28486 I ReactNativeJS:        vehicle_type: 'sedan',
10-29 01:57:52.279 24095 28486 I ReactNativeJS:        status: 'online',
10-29 01:57:52.279 24095 28486 I ReactNativeJS:        verified: true },
10-29 01:57:52.279 24095 28486 I ReactNativeJS:      { id: '4f4ad884-482d-4606-8857-b9e4dcc97512',
10-29 01:57:52.279 24095 28486 I ReactNativeJS:        user_id: '60cc1d95-0215-43b5-943b-782bb3951d46',
10-29 01:57:52.279 24095 28486 I ReactNativeJS:        name: undefined,
10-29 01:57:52.279 24095 28486 I ReactNativeJS:        vehicle_type: 'sedan',
10-29 01:57:52.279 24095 28486 I ReactNativeJS:        status: 'online',
10-29 01:57:52.279 24095 28486 I ReactNativeJS:        verified: true } ] }
10-29 01:57:52.281 24095 28486 I ReactNativeJS: '📍 [DRIVER-SERVICE] Step 2: Getting locations for driver IDs:', [ '783e322d-2a4c-4d9f-b719-2e47f9153672',
10-29 01:57:52.281 24095 28486 I ReactNativeJS:   '0e8a2773-8787-4631-84d1-aa3859ae77ca',
10-29 01:57:52.281 24095 28486 I ReactNativeJS:   'c18a31a2-5dd1-4fad-84a4-34e16ca33e39',
10-29 01:57:52.281 24095 28486 I ReactNativeJS:   '22480cc3-665c-407e-ad8a-8eafde67706b',
10-29 01:57:52.281 24095 28486 I ReactNativeJS:   '6f55e87b-6558-48df-af8c-d69190918b32',
10-29 01:57:52.281 24095 28486 I ReactNativeJS:   'c69fd6ad-7a70-4e10-bbb7-a8fef56de947',
10-29 01:57:52.281 24095 28486 I ReactNativeJS:   '97a4ba58-9431-48e5-ac8f-3472b8357179',
10-29 01:57:52.281 24095 28486 I ReactNativeJS:   '7055c2f9-99fa-4d96-bc6c-079b5cda6f56',
10-29 01:57:52.281 24095 28486 I ReactNativeJS:   '770e8400-e29b-41d4-a716-446655440001',
10-29 01:57:52.281 24095 28486 I ReactNativeJS:   '770e8400-e29b-41d4-a716-446655440002',
10-29 01:57:52.281 24095 28486 I ReactNativeJS:   '058f85df-35b3-4027-81a1-bd52a0df8e4a',
10-29 01:57:52.281 24095 28486 I ReactNativeJS:   '9f64bda3-a424-4804-8494-c88b9f60793a',
10-29 01:57:52.281 24095 28486 I ReactNativeJS:   '770e8400-e29b-41d4-a716-446655440003',
10-29 01:57:52.281 24095 28486 I ReactNativeJS:   '770e8400-e29b-41d4-a716-446655440004',
10-29 01:57:52.281 24095 28486 I ReactNativeJS:   '770e8400-e29b-41d4-a716-446655440005',
10-29 01:57:52.281 24095 28486 I ReactNativeJS:   'eb91d7e5-e2f2-4021-a8c8-3739a3d4cae4',
10-29 01:57:52.281 24095 28486 I ReactNativeJS:   '489b94a7-777b-4e11-ba5c-17e0a3173737',
10-29 01:57:52.281 24095 28486 I ReactNativeJS:   'b4613ecf-44b5-49ba-8613-f8993b6db1d6',
10-29 01:57:52.281 24095 28486 I ReactNativeJS:   'd7b4a339-2ba5-45ed-a2ec-238548a8eab6',
10-29 01:57:52.281 24095 28486 I ReactNativeJS:   '0330d75a-67b0-4b12-b9b7-22a241af9c57',
10-29 01:57:52.281 24095 28486 I ReactNativeJS:   'd654f279-db7e-4375-a700-3fc02a655670',
10-29 01:57:52.281 24095 28486 I ReactNativeJS:   '707e2d38-7346-4a2e-bddb-e1157475f786',
10-29 01:57:52.281 24095 28486 I ReactNativeJS:   '4f4ad884-482d-4606-8857-b9e4dcc97512' ]
10-29 01:57:52.563 24095 28486 I ReactNativeJS: '📍 [DRIVER-SERVICE] Found locations:', { total: 2,
10-29 01:57:52.563 24095 28486 I ReactNativeJS:   details: 
10-29 01:57:52.563 24095 28486 I ReactNativeJS:    [ { driver_id: 'c69fd6ad-7a70-4e10-bbb7-a8fef56de947',
10-29 01:57:52.563 24095 28486 I ReactNativeJS:        coordinates: { lat: 12.7485981, lng: 77.8299812 },
10-29 01:57:52.563 24095 28486 I ReactNativeJS:        updated_at: '2025-10-28T20:27:49.421547+00:00',
10-29 01:57:52.563 24095 28486 I ReactNativeJS:        age_minutes: 0 },
10-29 01:57:52.563 24095 28486 I ReactNativeJS:      { driver_id: '783e322d-2a4c-4d9f-b719-2e47f9153672',
10-29 01:57:52.563 24095 28486 I ReactNativeJS:        coordinates: { lat: 10.83803, lng: 76.838335 },
10-29 01:57:52.563 24095 28486 I ReactNativeJS:        updated_at: '2025-10-28T20:27:50.845885+00:00',
10-29 01:57:52.563 24095 28486 I ReactNativeJS:        age_minutes: 0 } ] }
10-29 01:57:52.563 24095 28486 I ReactNativeJS: 🔍 [DRIVER-SERVICE] Step 3: Processing drivers with distance calculation...
10-29 01:57:52.564 24095 28486 I ReactNativeJS: '🔍 [DRIVER-SERVICE] Customer coordinates for distance calc:', { lat: 12.7486801,
10-29 01:57:52.564 24095 28486 I ReactNativeJS:   lng: 77.8299252,
10-29 01:57:52.564 24095 28486 I ReactNativeJS:   type: 'number',
10-29 01:57:52.564 24095 28486 I ReactNativeJS:   isValid: true }
10-29 01:57:52.564 24095 28486 I ReactNativeJS: 🚗 [DRIVER-SERVICE] Driver 783e322d-2a4c-4d9f-b719-2e47f9153672 (undefined) vehicle type: sedan
10-29 01:57:52.564 24095 28486 I ReactNativeJS: 📐 [DISTANCE-SERVICE] ===== DISTANCE CALCULATION DEBUG =====
10-29 01:57:52.564 24095 28486 I ReactNativeJS: '📐 [DISTANCE-SERVICE] Raw inputs:', { lat1: 12.7486801,
10-29 01:57:52.564 24095 28486 I ReactNativeJS:   lon1: 77.8299252,
10-29 01:57:52.564 24095 28486 I ReactNativeJS:   lat2: 10.83803,
10-29 01:57:52.564 24095 28486 I ReactNativeJS:   lon2: 76.838335 }
10-29 01:57:52.565 24095 28486 I ReactNativeJS: '📐 [DISTANCE-SERVICE] Converted inputs:', { latitude1: 12.7486801,
10-29 01:57:52.565 24095 28486 I ReactNativeJS:   longitude1: 77.8299252,
10-29 01:57:52.565 24095 28486 I ReactNativeJS:   latitude2: 10.83803,
10-29 01:57:52.565 24095 28486 I ReactNativeJS:   longitude2: 76.838335 }
10-29 01:57:52.565 24095 28486 I ReactNativeJS: '📐 [DISTANCE-SERVICE] Coordinate differences:', { lat_diff: 1.9106500999999998,
10-29 01:57:52.565 24095 28486 I ReactNativeJS:   lng_diff: 0.9915902000000045,
10-29 01:57:52.565 24095 28486 I ReactNativeJS:   very_close: false,
10-29 01:57:52.565 24095 28486 I ReactNativeJS:   essentially_same: false }
10-29 01:57:52.566 24095 28486 I ReactNativeJS: '📐 [DISTANCE-SERVICE] Haversine intermediate values:', { R: 6371,
10-29 01:57:52.566 24095 28486 I ReactNativeJS:   dLat_radians: -0.033347135098558904,
10-29 01:57:52.566 24095 28486 I ReactNativeJS:   dLon_radians: -0.017306513820509153,
10-29 01:57:52.566 24095 28486 I ReactNativeJS:   dLat_degrees: -1.9106500999999998,
10-29 01:57:52.566 24095 28486 I ReactNativeJS:   dLon_degrees: -0.9915902000000045 }
10-29 01:57:52.567 24095 28486 I ReactNativeJS: '📐 [DISTANCE-SERVICE] Final calculation result:', { a_value: 0.0003497104870665465,
10-29 01:57:52.567 24095 28486 I ReactNativeJS:   c_value: 0.037403275818026105,
10-29 01:57:52.567 24095 28486 I ReactNativeJS:   distance_km: '238.296270',
10-29 01:57:52.567 24095 28486 I ReactNativeJS:   distance_meters: '238296.27',
10-29 01:57:52.567 24095 28486 I ReactNativeJS:   seems_reasonable: true,
10-29 01:57:52.567 24095 28486 I ReactNativeJS:   coordinates_used: 
10-29 01:57:52.567 24095 28486 I ReactNativeJS:    { customer: { lat: 12.7486801, lng: 77.8299252 },
10-29 01:57:52.567 24095 28486 I ReactNativeJS:      driver: { lat: 10.83803, lng: 76.838335 } } }
10-29 01:57:52.567 24095 28486 I ReactNativeJS: '📏 [DRIVER-SERVICE] Distance for driver 783e322d-2a4c-4d9f-b719-2e47f9153672 (undefined):', { distance_km: '238.2963',
10-29 01:57:52.567 24095 28486 I ReactNativeJS:   within_radius: false,
10-29 01:57:52.567 24095 28486 I ReactNativeJS:   radius_limit: '10km',
10-29 01:57:52.567 24095 28486 I ReactNativeJS:   driver_coords: { lat: 10.83803, lng: 76.838335 },
10-29 01:57:52.567 24095 28486 I ReactNativeJS:   customer_coords: { lat: 12.7486801, lng: 77.8299252 } }
10-29 01:57:52.568 24095 28486 I ReactNativeJS: ❌ [DRIVER-SERVICE] Driver 783e322d-2a4c-4d9f-b719-2e47f9153672 (undefined) EXCLUDED: 238.2963km > 10km
10-29 01:57:52.568 24095 28486 I ReactNativeJS: ❌ [DRIVER-SERVICE] Driver 0e8a2773-8787-4631-84d1-aa3859ae77ca (undefined) skipped: no recent location
10-29 01:57:52.568 24095 28486 I ReactNativeJS: ❌ [DRIVER-SERVICE] Driver c18a31a2-5dd1-4fad-84a4-34e16ca33e39 (undefined) skipped: no recent location
10-29 01:57:52.568 24095 28486 I ReactNativeJS: ❌ [DRIVER-SERVICE] Driver 22480cc3-665c-407e-ad8a-8eafde67706b (undefined) skipped: no recent location
10-29 01:57:52.568 24095 28486 I ReactNativeJS: ❌ [DRIVER-SERVICE] Driver 6f55e87b-6558-48df-af8c-d69190918b32 (undefined) skipped: no recent location
10-29 01:57:52.568 24095 28486 I ReactNativeJS: 🚗 [DRIVER-SERVICE] Driver c69fd6ad-7a70-4e10-bbb7-a8fef56de947 (undefined) vehicle type: suv
10-29 01:57:52.568 24095 28486 I ReactNativeJS: 📐 [DISTANCE-SERVICE] ===== DISTANCE CALCULATION DEBUG =====
10-29 01:57:52.568 24095 28486 I ReactNativeJS: '📐 [DISTANCE-SERVICE] Raw inputs:', { lat1: 12.7486801,
10-29 01:57:52.568 24095 28486 I ReactNativeJS:   lon1: 77.8299252,
10-29 01:57:52.568 24095 28486 I ReactNativeJS:   lat2: 12.7485981,
10-29 01:57:52.568 24095 28486 I ReactNativeJS:   lon2: 77.8299812 }
10-29 01:57:52.569 24095 28486 I ReactNativeJS: '📐 [DISTANCE-SERVICE] Converted inputs:', { latitude1: 12.7486801,
10-29 01:57:52.569 24095 28486 I ReactNativeJS:   longitude1: 77.8299252,
10-29 01:57:52.569 24095 28486 I ReactNativeJS:   latitude2: 12.7485981,
10-29 01:57:52.569 24095 28486 I ReactNativeJS:   longitude2: 77.8299812 }
10-29 01:57:52.569 24095 28486 I ReactNativeJS: '📐 [DISTANCE-SERVICE] Coordinate differences:', { lat_diff: 0.0000819999999990273,
10-29 01:57:52.569 24095 28486 I ReactNativeJS:   lng_diff: 0.00005600000000072214,
10-29 01:57:52.569 24095 28486 I ReactNativeJS:   very_close: true,
10-29 01:57:52.569 24095 28486 I ReactNativeJS:   essentially_same: true }
10-29 01:57:52.569 24095 28486 I ReactNativeJS: 📐 [DISTANCE-SERVICE] Coordinates are essentially the same, returning 0km
10-29 01:57:52.570 24095 28486 I ReactNativeJS: '📏 [DRIVER-SERVICE] Distance for driver c69fd6ad-7a70-4e10-bbb7-a8fef56de947 (undefined):', { distance_km: '0.0000',
10-29 01:57:52.570 24095 28486 I ReactNativeJS:   within_radius: true,
10-29 01:57:52.570 24095 28486 I ReactNativeJS:   radius_limit: '10km',
10-29 01:57:52.570 24095 28486 I ReactNativeJS:   driver_coords: { lat: 12.7485981, lng: 77.8299812 },
10-29 01:57:52.570 24095 28486 I ReactNativeJS:   customer_coords: { lat: 12.7486801, lng: 77.8299252 } }
10-29 01:57:52.570 24095 28486 I ReactNativeJS: ✅ [DRIVER-SERVICE] Driver c69fd6ad-7a70-4e10-bbb7-a8fef56de947 (undefined) INCLUDED: 0.0000km
10-29 01:57:52.570 24095 28486 I ReactNativeJS: ❌ [DRIVER-SERVICE] Driver 97a4ba58-9431-48e5-ac8f-3472b8357179 (undefined) skipped: no recent location
10-29 01:57:52.570 24095 28486 I ReactNativeJS: ❌ [DRIVER-SERVICE] Driver 7055c2f9-99fa-4d96-bc6c-079b5cda6f56 (undefined) skipped: no recent location
10-29 01:57:52.570 24095 28486 I ReactNativeJS: ❌ [DRIVER-SERVICE] Driver 770e8400-e29b-41d4-a716-446655440001 (undefined) skipped: no recent location
10-29 01:57:52.570 24095 28486 I ReactNativeJS: ❌ [DRIVER-SERVICE] Driver 770e8400-e29b-41d4-a716-446655440002 (undefined) skipped: no recent location
10-29 01:57:52.570 24095 28486 I ReactNativeJS: ❌ [DRIVER-SERVICE] Driver 058f85df-35b3-4027-81a1-bd52a0df8e4a (undefined) skipped: no recent location
10-29 01:57:52.570 24095 28486 I ReactNativeJS: ❌ [DRIVER-SERVICE] Driver 9f64bda3-a424-4804-8494-c88b9f60793a (undefined) skipped: no recent location
10-29 01:57:52.570 24095 28486 I ReactNativeJS: ❌ [DRIVER-SERVICE] Driver 770e8400-e29b-41d4-a716-446655440003 (undefined) skipped: no recent location
10-29 01:57:52.570 24095 28486 I ReactNativeJS: ❌ [DRIVER-SERVICE] Driver 770e8400-e29b-41d4-a716-446655440004 (undefined) skipped: no recent location
10-29 01:57:52.570 24095 28486 I ReactNativeJS: ❌ [DRIVER-SERVICE] Driver 770e8400-e29b-41d4-a716-446655440005 (undefined) skipped: no recent location
10-29 01:57:52.570 24095 28486 I ReactNativeJS: ❌ [DRIVER-SERVICE] Driver eb91d7e5-e2f2-4021-a8c8-3739a3d4cae4 (undefined) skipped: no recent location
10-29 01:57:52.570 24095 28486 I ReactNativeJS: ❌ [DRIVER-SERVICE] Driver 489b94a7-777b-4e11-ba5c-17e0a3173737 (undefined) skipped: no recent location
10-29 01:57:52.570 24095 28486 I ReactNativeJS: ❌ [DRIVER-SERVICE] Driver b4613ecf-44b5-49ba-8613-f8993b6db1d6 (undefined) skipped: no recent location
10-29 01:57:52.570 24095 28486 I ReactNativeJS: ❌ [DRIVER-SERVICE] Driver d7b4a339-2ba5-45ed-a2ec-238548a8eab6 (undefined) skipped: no recent location
10-29 01:57:52.570 24095 28486 I ReactNativeJS: ❌ [DRIVER-SERVICE] Driver 0330d75a-67b0-4b12-b9b7-22a241af9c57 (undefined) skipped: no recent location
10-29 01:57:52.570 24095 28486 I ReactNativeJS: ❌ [DRIVER-SERVICE] Driver d654f279-db7e-4375-a700-3fc02a655670 (undefined) skipped: no recent location
10-29 01:57:52.571 24095 28486 I ReactNativeJS: ❌ [DRIVER-SERVICE] Driver 707e2d38-7346-4a2e-bddb-e1157475f786 (undefined) skipped: no recent location
10-29 01:57:52.571 24095 28486 I ReactNativeJS: ❌ [DRIVER-SERVICE] Driver 4f4ad884-482d-4606-8857-b9e4dcc97512 (undefined) skipped: no recent location
10-29 01:57:52.571 24095 28486 I ReactNativeJS: 📊 [DRIVER-SERVICE] ===== DIRECT DATABASE ACCESS RESULT =====
10-29 01:57:52.571 24095 28486 I ReactNativeJS: '📊 [DRIVER-SERVICE] Final summary:', { total_drivers_processed: 23,
10-29 01:57:52.571 24095 28486 I ReactNativeJS:   available_drivers_found: 1,
10-29 01:57:52.571 24095 28486 I ReactNativeJS:   customer_location: { lat: 12.7486801, lng: 77.8299252 },
10-29 01:57:52.571 24095 28486 I ReactNativeJS:   radius_km: 10,
10-29 01:57:52.571 24095 28486 I ReactNativeJS:   vehicle_type_filter: 'all (no filter applied)' }
10-29 01:57:52.571 24095 28486 I ReactNativeJS: '🔄 [DRIVER-SERVICE] Initial fetch completed:', 1, 'drivers'
10-29 01:57:52.572 24095 28486 I ReactNativeJS: '📍 [HOME] Received driver locations update:', 1, 'drivers'
10-29 01:57:52.574 24095 28486 W ReactNativeJS: 🏠 [HOME] ===== RENDERING HOME SCREEN =====
10-29 01:57:52.574 24095 28486 W ReactNativeJS: '🏠 [HOME] currentLocation:', '{"altitude":769.5,"heading":206.84280395507812,"altitudeAccuracy":17.078994750976562,"latitude":12.7486801,"speed":0.33870989084243774,"longitude":77.8299252,"accuracy":6.5}'
10-29 01:57:52.574 24095 28486 W ReactNativeJS: '🏠 [HOME] pickupCoords:', '{"latitude":12.7351914,"longitude":77.8276848}'
10-29 01:57:52.574 24095 28486 W ReactNativeJS: '🏠 [HOME] destinationCoords:', '{"latitude":12.6619826,"longitude":77.841731}'
10-29 01:57:52.574 24095 28486 W ReactNativeJS: '🏠 [HOME] pickupLocation text:', 'Hosur busstand, Hamumanthapuram, Avalapalli Hudco, Tamil Nadu, India'
10-29 01:57:52.574 24095 28486 W ReactNativeJS: '🏠 [HOME] availableDrivers count:', 1
10-29 01:57:52.574 24095 28486 W ReactNativeJS: '🏠 [HOME] showDriversOnMap:', false
10-29 01:57:52.575 24095 28486 I ReactNativeJS: '🏠🏠🏠 [HOME-V2] ABOUT TO RENDER SimpleHosurMap with props:', { hasUserLocation: true,
10-29 01:57:52.575 24095 28486 I ReactNativeJS:   hasPickup: true,
10-29 01:57:52.575 24095 28486 I ReactNativeJS:   hasDestination: true,
10-29 01:57:52.575 24095 28486 I ReactNativeJS:   showDriversOnMap: false,
10-29 01:57:52.575 24095 28486 I ReactNativeJS:   timestamp: '2025-10-28T20:27:52.574Z' }
10-29 01:57:52.575 24095 28486 I ReactNativeJS: '💰 [UI] Displaying fare for hatchback:', { fare: 553,
10-29 01:57:52.575 24095 28486 I ReactNativeJS:   isSelected: false,
10-29 01:57:52.575 24095 28486 I ReactNativeJS:   showingCalculated: true,
10-29 01:57:52.575 24095 28486 I ReactNativeJS:   source: 'calculated' }
10-29 01:57:52.578 24095 28486 I ReactNativeJS: '💰 [UI] Displaying fare for sedan:', { fare: 554,
10-29 01:57:52.578 24095 28486 I ReactNativeJS:   isSelected: true,
10-29 01:57:52.578 24095 28486 I ReactNativeJS:   showingCalculated: true,
10-29 01:57:52.578 24095 28486 I ReactNativeJS:   source: 'calculated' }
10-29 01:57:52.580 24095 28486 I ReactNativeJS: '💰 [UI] Displaying fare for sedan_ac:', { fare: 583,
10-29 01:57:52.580 24095 28486 I ReactNativeJS:   isSelected: false,
10-29 01:57:52.580 24095 28486 I ReactNativeJS:   showingCalculated: true,
10-29 01:57:52.580 24095 28486 I ReactNativeJS:   source: 'calculated' }
10-29 01:57:52.582 24095 28486 I ReactNativeJS: '💰 [UI] Displaying fare for suv:', { fare: 908,
10-29 01:57:52.582 24095 28486 I ReactNativeJS:   isSelected: false,
10-29 01:57:52.582 24095 28486 I ReactNativeJS:   showingCalculated: true,
10-29 01:57:52.582 24095 28486 I ReactNativeJS:   source: 'calculated' }
10-29 01:57:52.583 24095 28486 I ReactNativeJS: '💰 [UI] Displaying fare for suv_ac:', { fare: 2092,
10-29 01:57:52.583 24095 28486 I ReactNativeJS:   isSelected: false,
10-29 01:57:52.583 24095 28486 I ReactNativeJS:   showingCalculated: true,
10-29 01:57:52.583 24095 28486 I ReactNativeJS:   source: 'calculated' }
10-29 01:57:52.584 24095 28486 I ReactNativeJS: '🗺️ [MAP] Rendering SimpleHosurMap with:', { hasUserLocation: true,
10-29 01:57:52.584 24095 28486 I ReactNativeJS:   hasPickup: true,
10-29 01:57:52.584 24095 28486 I ReactNativeJS:   hasDestination: true,
10-29 01:57:52.584 24095 28486 I ReactNativeJS:   hasDriverLocation: false,
10-29 01:57:52.584 24095 28486 I ReactNativeJS:   availableDrivers: 1,
10-29 01:57:52.584 24095 28486 I ReactNativeJS:   showDrivers: false,
10-29 01:57:52.584 24095 28486 I ReactNativeJS:   showRoute: false }
10-29 01:57:52.605 24095 28486 I ReactNativeJS: 📊 [HOME] ===== AVAILABLE DRIVERS STATE CHANGED =====
10-29 01:57:52.605 24095 28486 I ReactNativeJS: '📊 [HOME] availableDrivers state update:', { count: 1,
10-29 01:57:52.605 24095 28486 I ReactNativeJS:   showDriversOnMap: false,
10-29 01:57:52.605 24095 28486 I ReactNativeJS:   driversPassedToMap: 0,
10-29 01:57:52.605 24095 28486 I ReactNativeJS:   drivers: 
10-29 01:57:52.605 24095 28486 I ReactNativeJS:    [ { id: 'c69fd6ad-7a70-4e10-bbb7-a8fef56de947',
10-29 01:57:52.605 24095 28486 I ReactNativeJS:        vehicle_type: 'suv',
10-29 01:57:52.605 24095 28486 I ReactNativeJS:        distance: '0.00km',
10-29 01:57:52.605 24095 28486 I ReactNativeJS:        coordinates: { lat: 12.7485981, lng: 77.8299812 },
10-29 01:57:52.605 24095 28486 I ReactNativeJS:        heading: 174,
10-29 01:57:52.605 24095 28486 I ReactNativeJS:        rating: 5 } ] }
10-29 01:57:52.605 24095 28486 I ReactNativeJS: 🗺️ [HOME] Not showing drivers on map (showDriversOnMap is false)
10-29 01:57:52.772 19858 20045 I WifiScanner: onFullResults
10-29 01:57:52.773 19858 20111 I WifiScanner: onFullResults
10-29 01:57:52.773 19858 20045 I WifiScanner: onFullResults
10-29 01:57:52.781 19858 32139 I FrewleTileCacheManagerV: (REDACTED) Fetched %d AP models from cache
10-29 01:57:52.811 19858 19934 I FusedLocation: (REDACTED) location delivery to %s blocked - too fast
10-29 01:57:52.811 19858 19934 I FusedLocation: (REDACTED) location delivery to %s blocked - too fast
10-29 01:57:52.812 19858 19934 I FusedLocation: (REDACTED) location delivery to %s blocked - too fast
10-29 01:57:52.813 19858 19934 I FusedLocation: (REDACTED) location delivery to %s blocked - too fast
10-29 01:57:52.816 19858 19934 I FusedLocation: (REDACTED) location delivery to %s blocked - too fast
10-29 01:57:52.816 19858 19934 I FusedLocation: (REDACTED) location delivery to %s blocked - too close
10-29 01:57:52.819 19858 19934 I gbkh    : Received empty WiFi-RTT scan. [CONTEXT service_id=6 ]
10-29 01:57:53.486 19858 19934 I FusedLocation: (REDACTED) location delivery to %s blocked - too fast
10-29 01:57:53.486 19858 19934 I FusedLocation: (REDACTED) location delivery to %s blocked - too fast
10-29 01:57:53.486 19858 19934 I FusedLocation: (REDACTED) location delivery to %s blocked - too fast
10-29 01:57:53.492 19858 19934 I FusedLocation: (REDACTED) location delivery to %s blocked - too fast
10-29 01:57:53.492 19858 19934 I FusedLocation: (REDACTED) location delivery to %s blocked - too fast
10-29 01:57:53.493 19858 19934 I FusedLocation: (REDACTED) location delivery to %s blocked - too close
10-29 01:57:53.494 24095 28486 I ReactNativeJS: '📍 [GPS] Live location update:', { lat: '12.748689', lng: '77.829946', accuracy: '11.72m' }
10-29 01:57:53.495 24095 28486 W ReactNativeJS: 🏠 [HOME] ===== RENDERING HOME SCREEN =====
10-29 01:57:53.496 24095 28486 W ReactNativeJS: '🏠 [HOME] currentLocation:', '{"altitude":772.3999633789062,"heading":159.01966857910156,"altitudeAccuracy":1.5069067478179932,"latitude":12.7486888,"speed":0.16141586005687714,"longitude":77.8299461,"accuracy":11.720999717712402}'
10-29 01:57:53.496 24095 28486 W ReactNativeJS: '🏠 [HOME] pickupCoords:', '{"latitude":12.7351914,"longitude":77.8276848}'
10-29 01:57:53.496 24095 28486 W ReactNativeJS: '🏠 [HOME] destinationCoords:', '{"latitude":12.6619826,"longitude":77.841731}'
10-29 01:57:53.496 24095 28486 W ReactNativeJS: '🏠 [HOME] pickupLocation text:', 'Hosur busstand, Hamumanthapuram, Avalapalli Hudco, Tamil Nadu, India'
10-29 01:57:53.496 24095 28486 W ReactNativeJS: '🏠 [HOME] availableDrivers count:', 1
10-29 01:57:53.496 24095 28486 W ReactNativeJS: '🏠 [HOME] showDriversOnMap:', false
10-29 01:57:53.496 24095 28486 I ReactNativeJS: '🏠🏠🏠 [HOME-V2] ABOUT TO RENDER SimpleHosurMap with props:', { hasUserLocation: true,
10-29 01:57:53.496 24095 28486 I ReactNativeJS:   hasPickup: true,
10-29 01:57:53.496 24095 28486 I ReactNativeJS:   hasDestination: true,
10-29 01:57:53.496 24095 28486 I ReactNativeJS:   showDriversOnMap: false,
10-29 01:57:53.496 24095 28486 I ReactNativeJS:   timestamp: '2025-10-28T20:27:53.496Z' }
10-29 01:57:53.496 24095 28486 I ReactNativeJS: '💰 [UI] Displaying fare for hatchback:', { fare: 553,
10-29 01:57:53.496 24095 28486 I ReactNativeJS:   isSelected: false,
10-29 01:57:53.496 24095 28486 I ReactNativeJS:   showingCalculated: true,
10-29 01:57:53.496 24095 28486 I ReactNativeJS:   source: 'calculated' }
10-29 01:57:53.497 24095 28486 I ReactNativeJS: '💰 [UI] Displaying fare for sedan:', { fare: 554,
10-29 01:57:53.497 24095 28486 I ReactNativeJS:   isSelected: true,
10-29 01:57:53.497 24095 28486 I ReactNativeJS:   showingCalculated: true,
10-29 01:57:53.497 24095 28486 I ReactNativeJS:   source: 'calculated' }
10-29 01:57:53.498 24095 28486 I ReactNativeJS: '💰 [UI] Displaying fare for sedan_ac:', { fare: 583,
10-29 01:57:53.498 24095 28486 I ReactNativeJS:   isSelected: false,
10-29 01:57:53.498 24095 28486 I ReactNativeJS:   showingCalculated: true,
10-29 01:57:53.498 24095 28486 I ReactNativeJS:   source: 'calculated' }
10-29 01:57:53.498 24095 28486 I ReactNativeJS: '💰 [UI] Displaying fare for suv:', { fare: 908,
10-29 01:57:53.498 24095 28486 I ReactNativeJS:   isSelected: false,
10-29 01:57:53.498 24095 28486 I ReactNativeJS:   showingCalculated: true,
10-29 01:57:53.498 24095 28486 I ReactNativeJS:   source: 'calculated' }
10-29 01:57:53.499 24095 28486 I ReactNativeJS: '💰 [UI] Displaying fare for suv_ac:', { fare: 2092,
10-29 01:57:53.499 24095 28486 I ReactNativeJS:   isSelected: false,
10-29 01:57:53.499 24095 28486 I ReactNativeJS:   showingCalculated: true,
10-29 01:57:53.499 24095 28486 I ReactNativeJS:   source: 'calculated' }
10-29 01:57:53.500 24095 28486 I ReactNativeJS: '🗺️ [MAP] Rendering SimpleHosurMap with:', { hasUserLocation: true,
10-29 01:57:53.500 24095 28486 I ReactNativeJS:   hasPickup: true,
10-29 01:57:53.500 24095 28486 I ReactNativeJS:   hasDestination: true,
10-29 01:57:53.500 24095 28486 I ReactNativeJS:   hasDriverLocation: false,
10-29 01:57:53.500 24095 28486 I ReactNativeJS:   availableDrivers: 1,
10-29 01:57:53.500 24095 28486 I ReactNativeJS:   showDrivers: false,
10-29 01:57:53.500 24095 28486 I ReactNativeJS:   showRoute: false }
10-29 01:57:53.519 24095 28486 I ReactNativeJS: 🚗 [HOME] ===== STARTING IMMEDIATE DRIVER DISPLAY =====
10-29 01:57:53.520 24095 28486 I ReactNativeJS: 🚗 [HOME] Current location available, showing drivers immediately
10-29 01:57:53.520 24095 28486 I ReactNativeJS: '🚗 [HOME] Location details:', { latitude: 12.7486888,
10-29 01:57:53.520 24095 28486 I ReactNativeJS:   longitude: 77.8299461,
10-29 01:57:53.520 24095 28486 I ReactNativeJS:   accuracy: 11.720999717712402 }
10-29 01:57:53.520 24095 28486 I ReactNativeJS: 🚗 [HOME] Showing ALL vehicle types (no filter applied)
10-29 01:57:53.520 24095 28486 I ReactNativeJS: '🚗 [HOME] Should show drivers on map:', false
10-29 01:57:53.520 24095 28486 I ReactNativeJS: '🔄 [HOME] Starting driver location polling with:', { currentLocation: { latitude: 12.7486888, longitude: 77.8299461 },
10-29 01:57:53.520 24095 28486 I ReactNativeJS:   vehicleType: 'sedan',
10-29 01:57:53.520 24095 28486 I ReactNativeJS:   radius: 10 }
10-29 01:57:53.520 24095 28486 I ReactNativeJS: 🛑 [HOME] Stopping driver location polling
10-29 01:57:53.520 24095 28486 I ReactNativeJS: 🛑 [DRIVER-SERVICE] Stopped driver location polling
10-29 01:57:53.520 24095 28486 I ReactNativeJS: '🔄 [DRIVER-SERVICE] Starting driver location polling every', 10, 'seconds'
10-29 01:57:53.520 24095 28486 I ReactNativeJS: '🔄 [DRIVER-SERVICE] Polling parameters:', { customerLocation: { lat: 12.7486888, lng: 77.8299461 },
10-29 01:57:53.520 24095 28486 I ReactNativeJS:   vehicleType: 'all',
10-29 01:57:53.520 24095 28486 I ReactNativeJS:   interval: '10000ms' }
10-29 01:57:53.520 24095 28486 I ReactNativeJS: '🗺️ [DRIVER-SERVICE] Fetching available drivers via edge function:', { location: { lat: 12.7486888, lng: 77.8299461 },
10-29 01:57:53.520 24095 28486 I ReactNativeJS:   radius: '10km',
10-29 01:57:53.520 24095 28486 I ReactNativeJS:   vehicleType: 'all',
10-29 01:57:53.520 24095 28486 I ReactNativeJS:   timestamp: '2025-10-28T20:27:53.520Z' }
10-29 01:57:53.520 24095 28486 I ReactNativeJS: '🌐 [DRIVER-SERVICE] Constructed Edge Function URL:', 'https://whubaypabojomdyfqxcf.supabase.co/functions/v1/get-drivers-with-locations?lat=12.7486888&lng=77.8299461&radius=10'
10-29 01:57:53.919 24095 28486 W ReactNativeJS: '⚠️ [DRIVER-SERVICE] Edge function failed, using direct database access:', 'Edge function failed: 500 - {"code":"WORKER_ERROR","message":"Function exited due to an error (please check logs)"}'
10-29 01:57:53.919 24095 28486 I ReactNativeJS: 🔍 [DRIVER-SERVICE] ===== USING DIRECT DATABASE ACCESS =====
10-29 01:57:53.920 24095 28486 I ReactNativeJS: '🔍 [DRIVER-SERVICE] Parameters:', { customerLocation: { lat: 12.7486888, lng: 77.8299461 },
10-29 01:57:53.920 24095 28486 I ReactNativeJS:   radius: '10km',
10-29 01:57:53.920 24095 28486 I ReactNativeJS:   vehicleType: 'all' }
10-29 01:57:53.920 24095 28486 I ReactNativeJS: 📊 [DRIVER-SERVICE] Step 1: Fetching online verified drivers...
10-29 01:57:54.013 24095 28486 I ReactNativeJS: 🔄 [useRideNotifications] Polling for new notifications...
10-29 01:57:54.014 24095 28486 I ReactNativeJS: 🔍 [NOTIFICATIONS] ===== FETCHING NOTIFICATIONS =====
10-29 01:57:54.014 24095 28486 I ReactNativeJS: '🔍 [NOTIFICATIONS] User ID:', 'e95a4f14-8958-49e9-8ede-d81b82a7ba12'
10-29 01:57:54.014 24095 28486 I ReactNativeJS: '🔍 [NOTIFICATIONS] Timestamp:', '2025-10-28T20:27:54.014Z'
10-29 01:57:54.016 24095 28486 I ReactNativeJS: 🔄 [useRideNotifications] Polling for new notifications...
10-29 01:57:54.016 24095 28486 I ReactNativeJS: 🔍 [NOTIFICATIONS] ===== FETCHING NOTIFICATIONS =====
10-29 01:57:54.016 24095 28486 I ReactNativeJS: '🔍 [NOTIFICATIONS] User ID:', 'e95a4f14-8958-49e9-8ede-d81b82a7ba12'
10-29 01:57:54.016 24095 28486 I ReactNativeJS: '🔍 [NOTIFICATIONS] Timestamp:', '2025-10-28T20:27:54.016Z'
10-29 01:57:54.018 24095 28486 I ReactNativeJS: 🔄 [useRideNotifications] Polling for new notifications...
10-29 01:57:54.018 24095 28486 I ReactNativeJS: 🔍 [NOTIFICATIONS] ===== FETCHING NOTIFICATIONS =====
10-29 01:57:54.018 24095 28486 I ReactNativeJS: '🔍 [NOTIFICATIONS] User ID:', 'e95a4f14-8958-49e9-8ede-d81b82a7ba12'
10-29 01:57:54.018 24095 28486 I ReactNativeJS: '🔍 [NOTIFICATIONS] Timestamp:', '2025-10-28T20:27:54.018Z'
10-29 01:57:54.175 24095 28486 I ReactNativeJS: '📊 [DRIVER-SERVICE] Found drivers:', { total: 23,
10-29 01:57:54.175 24095 28486 I ReactNativeJS:   details: 
10-29 01:57:54.175 24095 28486 I ReactNativeJS:    [ { id: '783e322d-2a4c-4d9f-b719-2e47f9153672',
10-29 01:57:54.175 24095 28486 I ReactNativeJS:        user_id: 'fb241349-c404-429f-8d8b-9b734c27856d',
10-29 01:57:54.175 24095 28486 I ReactNativeJS:        name: undefined,
10-29 01:57:54.175 24095 28486 I ReactNativeJS:        vehicle_type: 'sedan',
10-29 01:57:54.175 24095 28486 I ReactNativeJS:        status: 'online',
10-29 01:57:54.175 24095 28486 I ReactNativeJS:        verified: true },
10-29 01:57:54.175 24095 28486 I ReactNativeJS:      { id: '0e8a2773-8787-4631-84d1-aa3859ae77ca',
10-29 01:57:54.175 24095 28486 I ReactNativeJS:        user_id: '3100f6dc-395a-47b1-92b2-329016ee1732',
10-29 01:57:54.175 24095 28486 I ReactNativeJS:        name: undefined,
10-29 01:57:54.175 24095 28486 I ReactNativeJS:        vehicle_type: 'sedan',
10-29 01:57:54.175 24095 28486 I ReactNativeJS:        status: 'online',
10-29 01:57:54.175 24095 28486 I ReactNativeJS:        verified: true },
10-29 01:57:54.175 24095 28486 I ReactNativeJS:      { id: 'c18a31a2-5dd1-4fad-84a4-34e16ca33e39',
10-29 01:57:54.175 24095 28486 I ReactNativeJS:        user_id: 'bb16f38a-3e2c-4a55-8e2e-ea33ea121865',
10-29 01:57:54.175 24095 28486 I ReactNativeJS:        name: undefined,
10-29 01:57:54.175 24095 28486 I ReactNativeJS:        vehicle_type: 'sedan',
10-29 01:57:54.175 24095 28486 I ReactNativeJS:        status: 'online',
10-29 01:57:54.175 24095 28486 I ReactNativeJS:        verified: true },
10-29 01:57:54.175 24095 28486 I ReactNativeJS:      { id: '22480cc3-665c-407e-ad8a-8eafde67706b',
10-29 01:57:54.175 24095 28486 I ReactNativeJS:        user_id: '16011178-decf-4de3-beae-94ca46ce9258',
10-29 01:57:54.175 24095 28486 I ReactNativeJS:        name: undefined,
10-29 01:57:54.175 24095 28486 I ReactNativeJS:        vehicle_type: 'hatchback',
10-29 01:57:54.175 24095 28486 I ReactNativeJS:        status: 'online',
10-29 01:57:54.175 24095 28486 I ReactNativeJS:        verified: true },
10-29 01:57:54.175 24095 28486 I ReactNativeJS:      { id: '6f55e87b-6558-48df-af8c-d69190918b32',
10-29 01:57:54.175 24095 28486 I ReactNativeJS:        user_id: 'e6145579-4f5a-439f-b929-fa478580c049',
10-29 01:57:54.175 24095 28486 I ReactNativeJS:        name: undefined,
10-29 01:57:54.175 24095 28486 I ReactNativeJS:        vehicle_type: 'hatchback',
10-29 01:57:54.175 24095 28486 I ReactNativeJS:        status: 'online',
10-29 01:57:54.175 24095 28486 I ReactNativeJS:        verified: true },
10-29 01:57:54.175 24095 28486 I ReactNativeJS:      { id: 'c69fd6ad-7a70-4e10-bbb7-a8fef56de947',
10-29 01:57:54.175 24095 28486 I ReactNativeJS:        user_id: '19d168a1-b6c0-496b-b6c8-150b1d46d8bd',
10-29 01:57:54.175 24095 28486 I ReactNativeJS:        name: undefined,
10-29 01:57:54.175 24095 28486 I ReactNativeJS:        vehicle_type: 'suv',
10-29 01:57:54.175 24095 28486 I ReactNativeJS:        status: 'online',
10-29 01:57:54.175 24095 28486 I ReactNativeJS:        verified: true },
10-29 01:57:54.175 24095 28486 I ReactNativeJS:      { id: '97a4ba58-9431-48e5-ac8f-3472b8357179',
10-29 01:57:54.175 24095 28486 I ReactNativeJS:        user_id: '5d6651c8-2e3f-44e7-b4a1-0056c1d5315b',
10-29 01:57:54.175 24095 28486 I ReactNativeJS:        name: undefined,
10-29 01:57:54.175 24095 28486 I ReactNativeJS:        vehicle_type: 'sedan_ac',
10-29 01:57:54.175 24095 28486 I ReactNativeJS:        status: 'online',
10-29 01:57:54.175 24095 28486 I ReactNativeJS:        verified: true },
10-29 01:57:54.175 24095 28486 I ReactNativeJS:      { id: '7055c2f9-99fa-4d96-bc6c-079b5cda6f56',
10-29 01:57:54.175 24095 28486 I ReactNativeJS:        user_id: 'dc475d27-6167-4695-a014-dcb8d160b4c6',
10-29 01:57:54.175 24095 28486 I ReactNativeJS:        name: undefined,
10-29 01:57:54.175 24095 28486 I ReactNativeJS:        vehicle_type: 'hatchback',
10-29 01:57:54.175 24095 28486 I ReactNativeJS:        status: 'online',
10-29 01:57:54.175 24095 28486 I ReactNativeJS:        verified: true },
10-29 01:57:54.175 24095 28486 I ReactNativeJS:      { id: '770e8400-e29b-41d4-a716-446655440001',
