10-19 16:41:08.991 20641 22493 I ReactNativeJS: '🎯 [FARE-CALC] Edge function URL:', 'https://whubaypabojomdyfqxcf.supabase.co/functions/v1/fare-calculation'
10-19 16:41:08.991 20641 22493 I ReactNativeJS: 📡 [FARE-CALC] Making request to edge function...
10-19 16:41:08.991 20641 22493 I ReactNativeJS: '📡 [FARE-CALC] Request body:', { pickup_latitude: 12.748695,
10-19 16:41:08.991 20641 22493 I ReactNativeJS:   pickup_longitude: 77.8299949,
10-19 16:41:08.991 20641 22493 I ReactNativeJS:   destination_latitude: 12.8303987,
10-19 16:41:08.991 20641 22493 I ReactNativeJS:   destination_longitude: 77.86623689999999,
10-19 16:41:08.991 20641 22493 I ReactNativeJS:   vehicle_type: 'sedan',
10-19 16:41:08.991 20641 22493 I ReactNativeJS:   booking_type: 'regular' }
10-19 16:41:09.485 21104 21184 I FusedLocation: (REDACTED) location delivery to %s blocked - too fast
10-19 16:41:09.486 21104 21184 I FusedLocation: (REDACTED) location delivery to %s blocked - too close
10-19 16:41:09.499 21104 24471 I SemanticLocation: [InfMgr] No location reports after filtering [CONTEXT service_id=173 ]
10-19 16:41:09.526 20641 22493 I ReactNativeJS: '📡 [FARE-CALC] Edge function response status:', 200
10-19 16:41:09.528 20641 22493 I ReactNativeJS: '📊 [FARE-CALC] Edge function raw result for Bagalur:', { success: true,
10-19 16:41:09.528 20641 22493 I ReactNativeJS:   fareBreakdown: 
10-19 16:41:09.528 20641 22493 I ReactNativeJS:    { baseFare: 145,
10-19 16:41:09.528 20641 22493 I ReactNativeJS:      distanceFare: 164,
10-19 16:41:09.528 20641 22493 I ReactNativeJS:      timeFare: 0,
10-19 16:41:09.528 20641 22493 I ReactNativeJS:      surgeFare: 0,
10-19 16:41:09.528 20641 22493 I ReactNativeJS:      platformFee: 0,
10-19 16:41:09.528 20641 22493 I ReactNativeJS:      deadheadCharge: 138,
10-19 16:41:09.528 20641 22493 I ReactNativeJS:      totalFare: 447,
10-19 16:41:09.528 20641 22493 I ReactNativeJS:      distance: 10.56,
10-19 16:41:09.528 20641 22493 I ReactNativeJS:      duration: 16,
10-19 16:41:09.528 20641 22493 I ReactNativeJS:      deadheadDistance: 11.03 },
10-19 16:41:09.528 20641 22493 I ReactNativeJS:   config: 
10-19 16:41:09.528 20641 22493 I ReactNativeJS:    { vehicle_type: 'sedan',
10-19 16:41:09.528 20641 22493 I ReactNativeJS:      base_fare: 145,
10-19 16:41:09.528 20641 22493 I ReactNativeJS:      per_km_rate: 25,
10-19 16:41:09.528 20641 22493 I ReactNativeJS:      per_minute_rate: 0,
10-19 16:41:09.528 20641 22493 I ReactNativeJS:      minimum_fare: 0,
10-19 16:41:09.528 20641 22493 I ReactNativeJS:      surge_multiplier: 1,
10-19 16:41:09.528 20641 22493 I ReactNativeJS:      platform_fee_percent: 0 },
10-19 16:41:09.528 20641 22493 I ReactNativeJS:   deadheadInfo: 
10-19 16:41:09.528 20641 22493 I ReactNativeJS:    { applied: true,
10-19 16:41:09.528 20641 22493 I ReactNativeJS:      reason: 'Between Inner and Outer Ring',
10-19 16:41:09.528 20641 22493 I ReactNativeJS:      deadheadDistance: 11.025914915977474,
10-19 16:41:09.528 20641 22493 I ReactNativeJS:      deadheadCharge: 137.82393644971842,
10-19 16:41:09.528 20641 22493 I ReactNativeJS:      zoneStatus: 'Between Inner and Outer Ring' } }
10-19 16:41:09.528 20641 22493 I ReactNativeJS: ✅ [FARE-CALC] ===== EDGE FUNCTION SUCCESS WITH DEADHEAD FOR BAGALUR =====
10-19 16:41:09.528 20641 22493 I ReactNativeJS: '✅ [FARE-CALC] Complete fare breakdown:', { baseFare: '₹145',
10-19 16:41:09.528 20641 22493 I ReactNativeJS:   distanceFare: '₹164',
10-19 16:41:09.528 20641 22493 I ReactNativeJS:   timeFare: '₹0',
10-19 16:41:09.528 20641 22493 I ReactNativeJS:   surgeFare: '₹0',
10-19 16:41:09.528 20641 22493 I ReactNativeJS:   platformFee: '₹0',
10-19 16:41:09.528 20641 22493 I ReactNativeJS:   deadheadCharge: '₹138',
10-19 16:41:09.528 20641 22493 I ReactNativeJS:   deadheadDistance: '11.03km',
10-19 16:41:09.528 20641 22493 I ReactNativeJS:   totalFare: '₹447',
10-19 16:41:09.528 20641 22493 I ReactNativeJS:   deadheadInfo: 
10-19 16:41:09.528 20641 22493 I ReactNativeJS:    { applied: true,
10-19 16:41:09.528 20641 22493 I ReactNativeJS:      reason: 'Between Inner and Outer Ring',
10-19 16:41:09.528 20641 22493 I ReactNativeJS:      deadheadDistance: 11.025914915977474,
10-19 16:41:09.528 20641 22493 I ReactNativeJS:      deadheadCharge: 137.82393644971842,
10-19 16:41:09.528 20641 22493 I ReactNativeJS:      zoneStatus: 'Between Inner and Outer Ring' },
10-19 16:41:09.528 20641 22493 I ReactNativeJS:   formula: '₹145 + ₹164 + ₹0 + ₹0 + ₹0 + ₹138 = ₹447',
10-19 16:41:09.528 20641 22493 I ReactNativeJS:   bagalurSpecific: 'This should show deadhead charges for Bagalur destination' }
10-19 16:41:09.528 20641 22493 I ReactNativeJS: '✅ [FARE-CALC] Deadhead analysis for Bagalur:', { destination: { latitude: 12.8303987, longitude: 77.86623689999999 },
10-19 16:41:09.528 20641 22493 I ReactNativeJS:   deadheadApplied: true,
10-19 16:41:09.528 20641 22493 I ReactNativeJS:   deadheadReason: 'Between Inner and Outer Ring',
10-19 16:41:09.528 20641 22493 I ReactNativeJS:   zoneStatus: 'Between Inner and Outer Ring',
10-19 16:41:09.528 20641 22493 I ReactNativeJS:   expectedForBagalur: 'Should be between Inner and Outer Ring with deadhead charge' }
10-19 16:41:09.528 20641 22493 I ReactNativeJS: 💰 [HOME] ===== FARE CALCULATION RESULT =====
10-19 16:41:09.529 20641 22493 I ReactNativeJS: '✅ [HOME] Fare breakdown received:', { baseFare: '₹145',
10-19 16:41:09.529 20641 22493 I ReactNativeJS:   distanceFare: '₹164',
10-19 16:41:09.529 20641 22493 I ReactNativeJS:   timeFare: '₹0',
10-19 16:41:09.529 20641 22493 I ReactNativeJS:   surgeFare: '₹0',
10-19 16:41:09.529 20641 22493 I ReactNativeJS:   platformFee: '₹0',
10-19 16:41:09.529 20641 22493 I ReactNativeJS:   deadheadCharge: '₹138',
10-19 16:41:09.529 20641 22493 I ReactNativeJS:   deadheadDistance: '11.03km',
10-19 16:41:09.529 20641 22493 I ReactNativeJS:   totalFare: '₹447',
10-19 16:41:09.529 20641 22493 I ReactNativeJS:   distance: '10.56km',
10-19 16:41:09.529 20641 22493 I ReactNativeJS:   duration: '16min',
10-19 16:41:09.529 20641 22493 I ReactNativeJS:   hasDeadheadCharge: true,
10-19 16:41:09.529 20641 22493 I ReactNativeJS:   isBagalurTrip: true,
10-19 16:41:09.529 20641 22493 I ReactNativeJS:   expectedDeadhead: 'YES' }
10-19 16:41:09.529 20641 22493 I ReactNativeJS: '🎯 [HOME] ✅ DEADHEAD CHARGE APPLIED:', { destination: 'Bagalur, Tamil Nadu, India',
10-19 16:41:09.529 20641 22493 I ReactNativeJS:   deadheadCharge: '₹138',
10-19 16:41:09.529 20641 22493 I ReactNativeJS:   deadheadDistance: '11.03km',
10-19 16:41:09.529 20641 22493 I ReactNativeJS:   reason: 'Destination is between Inner Ring and Outer Ring' }
10-19 16:41:09.529 20641 22493 I ReactNativeJS: '💰 [HOME] Calculating fares for all vehicle types based on', 'sedan', 'calculation'
10-19 16:41:09.529 20641 22493 I ReactNativeJS: 💰 [HOME] hatchback (estimated): ₹447 (ratio-based from sedan)
10-19 16:41:09.529 20641 22493 I ReactNativeJS: 💰 [HOME] hatchback_ac (estimated): ₹493 (ratio-based from sedan)
10-19 16:41:09.529 20641 22493 I ReactNativeJS: 💰 [HOME] sedan (selected): ₹447 (exact calculation)
10-19 16:41:09.529 20641 22493 I ReactNativeJS: 💰 [HOME] sedan_ac (estimated): ₹462 (ratio-based from sedan)
10-19 16:41:09.529 20641 22493 I ReactNativeJS: 💰 [HOME] suv (estimated): ₹762 (ratio-based from sedan)
10-19 16:41:09.529 20641 22493 I ReactNativeJS: 💰 [HOME] suv_ac (estimated): ₹1923 (ratio-based from sedan)
10-19 16:41:09.530 20641 22493 I ReactNativeJS: '💰 [UI] Displaying fare for hatchback:', { fare: 447,
10-19 16:41:09.530 20641 22493 I ReactNativeJS:   isSelected: false,
10-19 16:41:09.530 20641 22493 I ReactNativeJS:   showingCalculated: true,
10-19 16:41:09.530 20641 22493 I ReactNativeJS:   source: 'calculated' }
10-19 16:41:09.531 20641 22493 I ReactNativeJS: '💰 [UI] Displaying fare for hatchback_ac:', { fare: 493,
10-19 16:41:09.531 20641 22493 I ReactNativeJS:   isSelected: false,
10-19 16:41:09.531 20641 22493 I ReactNativeJS:   showingCalculated: true,
10-19 16:41:09.531 20641 22493 I ReactNativeJS:   source: 'calculated' }
10-19 16:41:09.532 20641 22493 I ReactNativeJS: '💰 [UI] Displaying fare for sedan:', { fare: 447,
10-19 16:41:09.532 20641 22493 I ReactNativeJS:   isSelected: true,
10-19 16:41:09.532 20641 22493 I ReactNativeJS:   showingCalculated: true,
10-19 16:41:09.532 20641 22493 I ReactNativeJS:   source: 'calculated' }
10-19 16:41:09.533 20641 22493 I ReactNativeJS: '💰 [UI] Displaying fare for sedan_ac:', { fare: 462,
10-19 16:41:09.533 20641 22493 I ReactNativeJS:   isSelected: false,
10-19 16:41:09.533 20641 22493 I ReactNativeJS:   showingCalculated: true,
10-19 16:41:09.533 20641 22493 I ReactNativeJS:   source: 'calculated' }
10-19 16:41:09.534 20641 22493 I ReactNativeJS: '💰 [UI] Displaying fare for suv:', { fare: 762,
10-19 16:41:09.534 20641 22493 I ReactNativeJS:   isSelected: false,
10-19 16:41:09.534 20641 22493 I ReactNativeJS:   showingCalculated: true,
10-19 16:41:09.534 20641 22493 I ReactNativeJS:   source: 'calculated' }
10-19 16:41:09.534 20641 22493 I ReactNativeJS: '💰 [UI] Displaying fare for suv_ac:', { fare: 1923,
10-19 16:41:09.534 20641 22493 I ReactNativeJS:   isSelected: false,
10-19 16:41:09.534 20641 22493 I ReactNativeJS:   showingCalculated: true,
10-19 16:41:09.534 20641 22493 I ReactNativeJS:   source: 'calculated' }
10-19 16:41:09.549 20641 22493 I ReactNativeJS: '💰 [HOME] All vehicle fares calculated:', { hatchback: 447,
10-19 16:41:09.549 20641 22493 I ReactNativeJS:   hatchback_ac: 493,
10-19 16:41:09.549 20641 22493 I ReactNativeJS:   sedan: 447,
10-19 16:41:09.549 20641 22493 I ReactNativeJS:   sedan_ac: 462,
10-19 16:41:09.549 20641 22493 I ReactNativeJS:   suv: 762,
10-19 16:41:09.549 20641 22493 I ReactNativeJS:   suv_ac: 1923 }
10-19 16:41:09.549 20641 22493 I ReactNativeJS: '💰 [UI] Displaying fare for hatchback:', { fare: 447,
10-19 16:41:09.549 20641 22493 I ReactNativeJS:   isSelected: false,
10-19 16:41:09.549 20641 22493 I ReactNativeJS:   showingCalculated: true,
10-19 16:41:09.549 20641 22493 I ReactNativeJS:   source: 'calculated' }
10-19 16:41:09.551 20641 22493 I ReactNativeJS: '💰 [UI] Displaying fare for hatchback_ac:', { fare: 493,
10-19 16:41:09.551 20641 22493 I ReactNativeJS:   isSelected: false,
10-19 16:41:09.551 20641 22493 I ReactNativeJS:   showingCalculated: true,
10-19 16:41:09.551 20641 22493 I ReactNativeJS:   source: 'calculated' }
10-19 16:41:09.551 20641 22493 I ReactNativeJS: '💰 [UI] Displaying fare for sedan:', { fare: 447,
10-19 16:41:09.551 20641 22493 I ReactNativeJS:   isSelected: true,
10-19 16:41:09.551 20641 22493 I ReactNativeJS:   showingCalculated: true,
10-19 16:41:09.551 20641 22493 I ReactNativeJS:   source: 'calculated' }
10-19 16:41:09.552 20641 22493 I ReactNativeJS: '💰 [UI] Displaying fare for sedan_ac:', { fare: 462,
10-19 16:41:09.552 20641 22493 I ReactNativeJS:   isSelected: false,
10-19 16:41:09.552 20641 22493 I ReactNativeJS:   showingCalculated: true,
10-19 16:41:09.552 20641 22493 I ReactNativeJS:   source: 'calculated' }
10-19 16:41:09.553 20641 22493 I ReactNativeJS: '💰 [UI] Displaying fare for suv:', { fare: 762,
10-19 16:41:09.553 20641 22493 I ReactNativeJS:   isSelected: false,
10-19 16:41:09.553 20641 22493 I ReactNativeJS:   showingCalculated: true,
10-19 16:41:09.553 20641 22493 I ReactNativeJS:   source: 'calculated' }
10-19 16:41:09.553 20641 22493 I ReactNativeJS: '💰 [UI] Displaying fare for suv_ac:', { fare: 1923,
10-19 16:41:09.553 20641 22493 I ReactNativeJS:   isSelected: false,
10-19 16:41:09.553 20641 22493 I ReactNativeJS:   showingCalculated: true,
10-19 16:41:09.553 20641 22493 I ReactNativeJS:   source: 'calculated' }
10-19 16:41:09.568 20641 20641 I ScrollIdentify: on fling
10-19 16:41:09.571 20641 22493 I ReactNativeJS: '💰 [UI] Displaying fare for hatchback:', { fare: 447,
10-19 16:41:09.571 20641 22493 I ReactNativeJS:   isSelected: false,
10-19 16:41:09.571 20641 22493 I ReactNativeJS:   showingCalculated: true,
10-19 16:41:09.571 20641 22493 I ReactNativeJS:   source: 'calculated' }
10-19 16:41:09.573 20641 22493 I ReactNativeJS: '💰 [UI] Displaying fare for hatchback_ac:', { fare: 493,
10-19 16:41:09.573 20641 22493 I ReactNativeJS:   isSelected: false,
10-19 16:41:09.573 20641 22493 I ReactNativeJS:   showingCalculated: true,
10-19 16:41:09.573 20641 22493 I ReactNativeJS:   source: 'calculated' }
10-19 16:41:09.574 20641 22493 I ReactNativeJS: '💰 [UI] Displaying fare for sedan:', { fare: 447,
10-19 16:41:09.574 20641 22493 I ReactNativeJS:   isSelected: true,
10-19 16:41:09.574 20641 22493 I ReactNativeJS:   showingCalculated: true,
10-19 16:41:09.574 20641 22493 I ReactNativeJS:   source: 'calculated' }
10-19 16:41:09.575 20641 22493 I ReactNativeJS: '💰 [UI] Displaying fare for sedan_ac:', { fare: 462,
10-19 16:41:09.575 20641 22493 I ReactNativeJS:   isSelected: false,
10-19 16:41:09.575 20641 22493 I ReactNativeJS:   showingCalculated: true,
10-19 16:41:09.575 20641 22493 I ReactNativeJS:   source: 'calculated' }
10-19 16:41:09.576 20641 22493 I ReactNativeJS: '💰 [UI] Displaying fare for suv:', { fare: 762,
10-19 16:41:09.576 20641 22493 I ReactNativeJS:   isSelected: false,
10-19 16:41:09.576 20641 22493 I ReactNativeJS:   showingCalculated: true,
10-19 16:41:09.576 20641 22493 I ReactNativeJS:   source: 'calculated' }
10-19 16:41:09.577 20641 22493 I ReactNativeJS: '💰 [UI] Displaying fare for suv_ac:', { fare: 1923,
10-19 16:41:09.577 20641 22493 I ReactNativeJS:   isSelected: false,
10-19 16:41:09.577 20641 22493 I ReactNativeJS:   showingCalculated: true,
10-19 16:41:09.577 20641 22493 I ReactNativeJS:   source: 'calculated' }
10-19 16:41:09.831 20641 22493 I ReactNativeJS: '📡 [FARE-CALC] Edge function response status:', 200
10-19 16:41:09.833 20641 22493 I ReactNativeJS: '📊 [FARE-CALC] Edge function raw result for Bagalur:', { success: true,
10-19 16:41:09.833 20641 22493 I ReactNativeJS:   fareBreakdown: 
10-19 16:41:09.833 20641 22493 I ReactNativeJS:    { baseFare: 145,
10-19 16:41:09.833 20641 22493 I ReactNativeJS:      distanceFare: 164,
10-19 16:41:09.833 20641 22493 I ReactNativeJS:      timeFare: 0,
10-19 16:41:09.833 20641 22493 I ReactNativeJS:      surgeFare: 0,
10-19 16:41:09.833 20641 22493 I ReactNativeJS:      platformFee: 0,
10-19 16:41:09.833 20641 22493 I ReactNativeJS:      deadheadCharge: 138,
10-19 16:41:09.833 20641 22493 I ReactNativeJS:      totalFare: 447,
10-19 16:41:09.833 20641 22493 I ReactNativeJS:      distance: 10.56,
10-19 16:41:09.833 20641 22493 I ReactNativeJS:      duration: 16,
10-19 16:41:09.833 20641 22493 I ReactNativeJS:      deadheadDistance: 11.03 },
10-19 16:41:09.833 20641 22493 I ReactNativeJS:   config: 
10-19 16:41:09.833 20641 22493 I ReactNativeJS:    { vehicle_type: 'sedan',
10-19 16:41:09.833 20641 22493 I ReactNativeJS:      base_fare: 145,
10-19 16:41:09.833 20641 22493 I ReactNativeJS:      per_km_rate: 25,
10-19 16:41:09.833 20641 22493 I ReactNativeJS:      per_minute_rate: 0,
10-19 16:41:09.833 20641 22493 I ReactNativeJS:      minimum_fare: 0,
10-19 16:41:09.833 20641 22493 I ReactNativeJS:      surge_multiplier: 1,
10-19 16:41:09.833 20641 22493 I ReactNativeJS:      platform_fee_percent: 0 },
10-19 16:41:09.833 20641 22493 I ReactNativeJS:   deadheadInfo: 
10-19 16:41:09.833 20641 22493 I ReactNativeJS:    { applied: true,
10-19 16:41:09.833 20641 22493 I ReactNativeJS:      reason: 'Between Inner and Outer Ring',
10-19 16:41:09.833 20641 22493 I ReactNativeJS:      deadheadDistance: 11.025914915977474,
10-19 16:41:09.833 20641 22493 I ReactNativeJS:      deadheadCharge: 137.82393644971842,
10-19 16:41:09.833 20641 22493 I ReactNativeJS:      zoneStatus: 'Between Inner and Outer Ring' } }
10-19 16:41:09.833 20641 22493 I ReactNativeJS: ✅ [FARE-CALC] ===== EDGE FUNCTION SUCCESS WITH DEADHEAD FOR BAGALUR =====
10-19 16:41:09.833 20641 22493 I ReactNativeJS: '✅ [FARE-CALC] Complete fare breakdown:', { baseFare: '₹145',
10-19 16:41:09.833 20641 22493 I ReactNativeJS:   distanceFare: '₹164',
10-19 16:41:09.833 20641 22493 I ReactNativeJS:   timeFare: '₹0',
10-19 16:41:09.833 20641 22493 I ReactNativeJS:   surgeFare: '₹0',
10-19 16:41:09.833 20641 22493 I ReactNativeJS:   platformFee: '₹0',
10-19 16:41:09.833 20641 22493 I ReactNativeJS:   deadheadCharge: '₹138',
10-19 16:41:09.833 20641 22493 I ReactNativeJS:   deadheadDistance: '11.03km',
10-19 16:41:09.833 20641 22493 I ReactNativeJS:   totalFare: '₹447',
10-19 16:41:09.833 20641 22493 I ReactNativeJS:   deadheadInfo: 
10-19 16:41:09.833 20641 22493 I ReactNativeJS:    { applied: true,
10-19 16:41:09.833 20641 22493 I ReactNativeJS:      reason: 'Between Inner and Outer Ring',
10-19 16:41:09.833 20641 22493 I ReactNativeJS:      deadheadDistance: 11.025914915977474,
10-19 16:41:09.833 20641 22493 I ReactNativeJS:      deadheadCharge: 137.82393644971842,
10-19 16:41:09.833 20641 22493 I ReactNativeJS:      zoneStatus: 'Between Inner and Outer Ring' },
10-19 16:41:09.833 20641 22493 I ReactNativeJS:   formula: '₹145 + ₹164 + ₹0 + ₹0 + ₹0 + ₹138 = ₹447',
10-19 16:41:09.833 20641 22493 I ReactNativeJS:   bagalurSpecific: 'This should show deadhead charges for Bagalur destination' }
10-19 16:41:09.834 20641 22493 I ReactNativeJS: '✅ [FARE-CALC] Deadhead analysis for Bagalur:', { destination: { latitude: 12.8303987, longitude: 77.86623689999999 },
10-19 16:41:09.834 20641 22493 I ReactNativeJS:   deadheadApplied: true,
10-19 16:41:09.834 20641 22493 I ReactNativeJS:   deadheadReason: 'Between Inner and Outer Ring',
10-19 16:41:09.834 20641 22493 I ReactNativeJS:   zoneStatus: 'Between Inner and Outer Ring',
10-19 16:41:09.834 20641 22493 I ReactNativeJS:   expectedForBagalur: 'Should be between Inner and Outer Ring with deadhead charge' }
10-19 16:41:09.834 20641 22493 I ReactNativeJS: 💰 [HOME] ===== FARE CALCULATION RESULT =====
10-19 16:41:09.834 20641 22493 I ReactNativeJS: '✅ [HOME] Fare breakdown received:', { baseFare: '₹145',
10-19 16:41:09.834 20641 22493 I ReactNativeJS:   distanceFare: '₹164',
10-19 16:41:09.834 20641 22493 I ReactNativeJS:   timeFare: '₹0',
10-19 16:41:09.834 20641 22493 I ReactNativeJS:   surgeFare: '₹0',
10-19 16:41:09.834 20641 22493 I ReactNativeJS:   platformFee: '₹0',
10-19 16:41:09.834 20641 22493 I ReactNativeJS:   deadheadCharge: '₹138',
10-19 16:41:09.834 20641 22493 I ReactNativeJS:   deadheadDistance: '11.03km',
10-19 16:41:09.834 20641 22493 I ReactNativeJS:   totalFare: '₹447',
10-19 16:41:09.834 20641 22493 I ReactNativeJS:   distance: '10.56km',
10-19 16:41:09.834 20641 22493 I ReactNativeJS:   duration: '16min',
10-19 16:41:09.834 20641 22493 I ReactNativeJS:   hasDeadheadCharge: true,
10-19 16:41:09.834 20641 22493 I ReactNativeJS:   isBagalurTrip: true,
10-19 16:41:09.834 20641 22493 I ReactNativeJS:   expectedDeadhead: 'YES' }
10-19 16:41:09.835 20641 22493 I ReactNativeJS: '🎯 [HOME] ✅ DEADHEAD CHARGE APPLIED:', { destination: 'Bagalur, Tamil Nadu, India',
10-19 16:41:09.835 20641 22493 I ReactNativeJS:   deadheadCharge: '₹138',
10-19 16:41:09.835 20641 22493 I ReactNativeJS:   deadheadDistance: '11.03km',
10-19 16:41:09.835 20641 22493 I ReactNativeJS:   reason: 'Destination is between Inner Ring and Outer Ring' }
10-19 16:41:09.835 20641 22493 I ReactNativeJS: '💰 [HOME] Calculating fares for all vehicle types based on', 'sedan', 'calculation'
10-19 16:41:09.835 20641 22493 I ReactNativeJS: 💰 [HOME] hatchback (estimated): ₹447 (ratio-based from sedan)
10-19 16:41:09.835 20641 22493 I ReactNativeJS: 💰 [HOME] hatchback_ac (estimated): ₹493 (ratio-based from sedan)
10-19 16:41:09.835 20641 22493 I ReactNativeJS: 💰 [HOME] sedan (selected): ₹447 (exact calculation)
10-19 16:41:09.835 20641 22493 I ReactNativeJS: 💰 [HOME] sedan_ac (estimated): ₹462 (ratio-based from sedan)
10-19 16:41:09.835 20641 22493 I ReactNativeJS: 💰 [HOME] suv (estimated): ₹762 (ratio-based from sedan)
10-19 16:41:09.835 20641 22493 I ReactNativeJS: 💰 [HOME] suv_ac (estimated): ₹1923 (ratio-based from sedan)
10-19 16:41:09.836 20641 22493 I ReactNativeJS: '💰 [UI] Displaying fare for hatchback:', { fare: 447,
10-19 16:41:09.836 20641 22493 I ReactNativeJS:   isSelected: false,
10-19 16:41:09.836 20641 22493 I ReactNativeJS:   showingCalculated: true,
10-19 16:41:09.836 20641 22493 I ReactNativeJS:   source: 'calculated' }
10-19 16:41:09.838 20641 22493 I ReactNativeJS: '💰 [UI] Displaying fare for hatchback_ac:', { fare: 493,
10-19 16:41:09.838 20641 22493 I ReactNativeJS:   isSelected: false,
10-19 16:41:09.838 20641 22493 I ReactNativeJS:   showingCalculated: true,
10-19 16:41:09.838 20641 22493 I ReactNativeJS:   source: 'calculated' }
10-19 16:41:09.841 20641 22493 I ReactNativeJS: '💰 [UI] Displaying fare for sedan:', { fare: 447,
10-19 16:41:09.841 20641 22493 I ReactNativeJS:   isSelected: true,
10-19 16:41:09.841 20641 22493 I ReactNativeJS:   showingCalculated: true,
10-19 16:41:09.841 20641 22493 I ReactNativeJS:   source: 'calculated' }
10-19 16:41:09.844 20641 22493 I ReactNativeJS: '💰 [UI] Displaying fare for sedan_ac:', { fare: 462,
10-19 16:41:09.844 20641 22493 I ReactNativeJS:   isSelected: false,
10-19 16:41:09.844 20641 22493 I ReactNativeJS:   showingCalculated: true,
10-19 16:41:09.844 20641 22493 I ReactNativeJS:   source: 'calculated' }
10-19 16:41:09.845 20641 22493 I ReactNativeJS: '💰 [UI] Displaying fare for suv:', { fare: 762,
10-19 16:41:09.845 20641 22493 I ReactNativeJS:   isSelected: false,
10-19 16:41:09.845 20641 22493 I ReactNativeJS:   showingCalculated: true,
10-19 16:41:09.845 20641 22493 I ReactNativeJS:   source: 'calculated' }
10-19 16:41:09.847 20641 22493 I ReactNativeJS: '💰 [UI] Displaying fare for suv_ac:', { fare: 1923,
10-19 16:41:09.847 20641 22493 I ReactNativeJS:   isSelected: false,
10-19 16:41:09.847 20641 22493 I ReactNativeJS:   showingCalculated: true,
10-19 16:41:09.847 20641 22493 I ReactNativeJS:   source: 'calculated' }
10-19 16:41:09.861 20641 22493 I ReactNativeJS: '💰 [HOME] All vehicle fares calculated:', { hatchback: 447,
10-19 16:41:09.861 20641 22493 I ReactNativeJS:   hatchback_ac: 493,
10-19 16:41:09.861 20641 22493 I ReactNativeJS:   sedan: 447,
10-19 16:41:09.861 20641 22493 I ReactNativeJS:   sedan_ac: 462,
10-19 16:41:09.861 20641 22493 I ReactNativeJS:   suv: 762,
10-19 16:41:09.861 20641 22493 I ReactNativeJS:   suv_ac: 1923 }
10-19 16:41:09.861 20641 22493 I ReactNativeJS: '💰 [UI] Displaying fare for hatchback:', { fare: 447,
10-19 16:41:09.861 20641 22493 I ReactNativeJS:   isSelected: false,
10-19 16:41:09.861 20641 22493 I ReactNativeJS:   showingCalculated: true,
10-19 16:41:09.861 20641 22493 I ReactNativeJS:   source: 'calculated' }
10-19 16:41:09.862 20641 22493 I ReactNativeJS: '💰 [UI] Displaying fare for hatchback_ac:', { fare: 493,
10-19 16:41:09.862 20641 22493 I ReactNativeJS:   isSelected: false,
10-19 16:41:09.862 20641 22493 I ReactNativeJS:   showingCalculated: true,
10-19 16:41:09.862 20641 22493 I ReactNativeJS:   source: 'calculated' }
10-19 16:41:09.863 20641 22493 I ReactNativeJS: '💰 [UI] Displaying fare for sedan:', { fare: 447,
10-19 16:41:09.863 20641 22493 I ReactNativeJS:   isSelected: true,
10-19 16:41:09.863 20641 22493 I ReactNativeJS:   showingCalculated: true,
10-19 16:41:09.863 20641 22493 I ReactNativeJS:   source: 'calculated' }
10-19 16:41:09.864 20641 22493 I ReactNativeJS: '💰 [UI] Displaying fare for sedan_ac:', { fare: 462,
10-19 16:41:09.864 20641 22493 I ReactNativeJS:   isSelected: false,
10-19 16:41:09.864 20641 22493 I ReactNativeJS:   showingCalculated: true,
10-19 16:41:09.864 20641 22493 I ReactNativeJS:   source: 'calculated' }
10-19 16:41:09.865 20641 22493 I ReactNativeJS: '💰 [UI] Displaying fare for suv:', { fare: 762,
10-19 16:41:09.865 20641 22493 I ReactNativeJS:   isSelected: false,
10-19 16:41:09.865 20641 22493 I ReactNativeJS:   showingCalculated: true,
10-19 16:41:09.865 20641 22493 I ReactNativeJS:   source: 'calculated' }
10-19 16:41:09.865 20641 22493 I ReactNativeJS: '💰 [UI] Displaying fare for suv_ac:', { fare: 1923,
10-19 16:41:09.865 20641 22493 I ReactNativeJS:   isSelected: false,
10-19 16:41:09.865 20641 22493 I ReactNativeJS:   showingCalculated: true,
10-19 16:41:09.865 20641 22493 I ReactNativeJS:   source: 'calculated' }
10-19 16:41:09.879 20641 22493 I ReactNativeJS: '💰 [UI] Displaying fare for hatchback:', { fare: 447,
10-19 16:41:09.879 20641 22493 I ReactNativeJS:   isSelected: false,
10-19 16:41:09.879 20641 22493 I ReactNativeJS:   showingCalculated: true,
10-19 16:41:09.879 20641 22493 I ReactNativeJS:   source: 'calculated' }
10-19 16:41:09.880 20641 22493 I ReactNativeJS: '💰 [UI] Displaying fare for hatchback_ac:', { fare: 493,
10-19 16:41:09.880 20641 22493 I ReactNativeJS:   isSelected: false,
10-19 16:41:09.880 20641 22493 I ReactNativeJS:   showingCalculated: true,
10-19 16:41:09.880 20641 22493 I ReactNativeJS:   source: 'calculated' }
10-19 16:41:09.880 20641 22493 I ReactNativeJS: '💰 [UI] Displaying fare for sedan:', { fare: 447,
10-19 16:41:09.880 20641 22493 I ReactNativeJS:   isSelected: true,
10-19 16:41:09.880 20641 22493 I ReactNativeJS:   showingCalculated: true,
10-19 16:41:09.880 20641 22493 I ReactNativeJS:   source: 'calculated' }
10-19 16:41:09.881 20641 22493 I ReactNativeJS: '💰 [UI] Displaying fare for sedan_ac:', { fare: 462,
10-19 16:41:09.881 20641 22493 I ReactNativeJS:   isSelected: false,
10-19 16:41:09.881 20641 22493 I ReactNativeJS:   showingCalculated: true,
10-19 16:41:09.881 20641 22493 I ReactNativeJS:   source: 'calculated' }
10-19 16:41:09.882 20641 22493 I ReactNativeJS: '💰 [UI] Displaying fare for suv:', { fare: 762,
10-19 16:41:09.882 20641 22493 I ReactNativeJS:   isSelected: false,
10-19 16:41:09.882 20641 22493 I ReactNativeJS:   showingCalculated: true,
10-19 16:41:09.882 20641 22493 I ReactNativeJS:   source: 'calculated' }
10-19 16:41:09.883 20641 22493 I ReactNativeJS: '💰 [UI] Displaying fare for suv_ac:', { fare: 1923,
10-19 16:41:09.883 20641 22493 I ReactNativeJS:   isSelected: false,
10-19 16:41:09.883 20641 22493 I ReactNativeJS:   showingCalculated: true,
10-19 16:41:09.883 20641 22493 I ReactNativeJS:   source: 'calculated' }
10-19 16:41:10.257 20641 20641 I ScrollIdentify: on fling
10-19 16:41:10.724 20641 22493 I ReactNativeJS: 🔍 Starting zone validation before ride creation...
10-19 16:41:10.724 20641 22493 I ReactNativeJS: '🔍 Active zones loaded:', 2
10-19 16:41:10.725 20641 22493 I ReactNativeJS: '🔍 Zone details:', [ { name: 'Inner Ring', active: true },
10-19 16:41:10.725 20641 22493 I ReactNativeJS:   { name: 'Outer Ring', active: true } ]
10-19 16:41:10.725 20641 22493 I ReactNativeJS: 🔍 Validating pickup location against active zones...
10-19 16:41:10.725 20641 22493 I ReactNativeJS: '🔍 Active zones loaded:', 2, [ 'Inner Ring', 'Outer Ring' ]
10-19 16:41:10.725 20641 22493 I ReactNativeJS: '🔍 Checking if point is in service area:', { coordinates: { latitude: 12.748695, longitude: 77.8299949 },
10-19 16:41:10.725 20641 22493 I ReactNativeJS:   zonesCount: 2,
10-19 16:41:10.725 20641 22493 I ReactNativeJS:   zones: 
10-19 16:41:10.725 20641 22493 I ReactNativeJS:    [ { name: 'Inner Ring',
10-19 16:41:10.725 20641 22493 I ReactNativeJS:        type: 'circle',
10-19 16:41:10.725 20641 22493 I ReactNativeJS:        radius_km: 7.74,
10-19 16:41:10.725 20641 22493 I ReactNativeJS:        center_lat: 12.73913777,
10-19 16:41:10.725 20641 22493 I ReactNativeJS:        center_lng: 77.82861132 },
10-19 16:41:10.725 20641 22493 I ReactNativeJS:      { name: 'Outer Ring',
10-19 16:41:10.725 20641 22493 I ReactNativeJS:        type: 'circle',
10-19 16:41:10.725 20641 22493 I ReactNativeJS:        radius_km: 13.16,
10-19 16:41:10.725 20641 22493 I ReactNativeJS:        center_lat: 12.73813315,
10-19 16:41:10.725 20641 22493 I ReactNativeJS:        center_lng: 77.82916922 } ] }
10-19 16:41:10.725 20641 22493 I ReactNativeJS: 🔍 Using circle-based zone validation
10-19 16:41:10.726 20641 22493 I ReactNativeJS: '🔍 Raw Outer Ring data:', { center_latitude: 12.73813315,
10-19 16:41:10.726 20641 22493 I ReactNativeJS:   center_latitude_type: 'number',
10-19 16:41:10.726 20641 22493 I ReactNativeJS:   center_longitude: 77.82916922,
10-19 16:41:10.726 20641 22493 I ReactNativeJS:   center_longitude_type: 'number',
10-19 16:41:10.726 20641 22493 I ReactNativeJS:   radius_km: 13.16,
10-19 16:41:10.726 20641 22493 I ReactNativeJS:   radius_km_type: 'number' }
10-19 16:41:10.726 20641 22493 I ReactNativeJS: '🔍 Parsed values:', { centerLat: 12.73813315,
10-19 16:41:10.726 20641 22493 I ReactNativeJS:   centerLng: 77.82916922,
10-19 16:41:10.726 20641 22493 I ReactNativeJS:   radiusKm: 13.16,
10-19 16:41:10.726 20641 22493 I ReactNativeJS:   allValid: true }
10-19 16:41:10.726 20641 22493 I ReactNativeJS: '🔍 Circle zone check:', { point: { latitude: 12.748695, longitude: 77.8299949 },
10-19 16:41:10.726 20641 22493 I ReactNativeJS:   center: { latitude: 12.73813315, longitude: 77.82916922 },
10-19 16:41:10.726 20641 22493 I ReactNativeJS:   radiusKm: '13.16km',
10-19 16:41:10.726 20641 22493 I ReactNativeJS:   calculatedDistance: '1.18km',
10-19 16:41:10.726 20641 22493 I ReactNativeJS:   difference: '-11.98km',
10-19 16:41:10.726 20641 22493 I ReactNativeJS:   isInside: '✅ INSIDE' }
10-19 16:41:10.726 20641 22493 I ReactNativeJS: 🔍 Point is INSIDE Outer Ring (13.16km radius)
10-19 16:41:10.726 20641 22493 I ReactNativeJS: ✅ Pickup location is within active zones
10-19 16:41:10.726 20641 22493 I ReactNativeJS: 🔍 Validating destination location against active zones...
10-19 16:41:10.726 20641 22493 I ReactNativeJS: '🔍 Destination coords for validation:', { latitude: 12.8303987, longitude: 77.86623689999999 }
10-19 16:41:10.727 20641 22493 I ReactNativeJS: '🔍 Active zones for destination check:', 2, [ 'Inner Ring', 'Outer Ring' ]
10-19 16:41:10.727 20641 22493 I ReactNativeJS: '🔍 Checking if point is in service area:', { coordinates: { latitude: 12.8303987, longitude: 77.86623689999999 },
10-19 16:41:10.727 20641 22493 I ReactNativeJS:   zonesCount: 2,
10-19 16:41:10.727 20641 22493 I ReactNativeJS:   zones: 
10-19 16:41:10.727 20641 22493 I ReactNativeJS:    [ { name: 'Inner Ring',
10-19 16:41:10.727 20641 22493 I ReactNativeJS:        type: 'circle',
10-19 16:41:10.727 20641 22493 I ReactNativeJS:        radius_km: 7.74,
10-19 16:41:10.727 20641 22493 I ReactNativeJS:        center_lat: 12.73913777,
10-19 16:41:10.727 20641 22493 I ReactNativeJS:        center_lng: 77.82861132 },
10-19 16:41:10.727 20641 22493 I ReactNativeJS:      { name: 'Outer Ring',
10-19 16:41:10.727 20641 22493 I ReactNativeJS:        type: 'circle',
10-19 16:41:10.727 20641 22493 I ReactNativeJS:        radius_km: 13.16,
10-19 16:41:10.727 20641 22493 I ReactNativeJS:        center_lat: 12.73813315,
10-19 16:41:10.727 20641 22493 I ReactNativeJS:        center_lng: 77.82916922 } ] }
10-19 16:41:10.727 20641 22493 I ReactNativeJS: 🔍 Using circle-based zone validation
10-19 16:41:10.728 20641 22493 I ReactNativeJS: '🔍 Raw Outer Ring data:', { center_latitude: 12.73813315,
10-19 16:41:10.728 20641 22493 I ReactNativeJS:   center_latitude_type: 'number',
10-19 16:41:10.728 20641 22493 I ReactNativeJS:   center_longitude: 77.82916922,
10-19 16:41:10.728 20641 22493 I ReactNativeJS:   center_longitude_type: 'number',
10-19 16:41:10.728 20641 22493 I ReactNativeJS:   radius_km: 13.16,
10-19 16:41:10.728 20641 22493 I ReactNativeJS:   radius_km_type: 'number' }
10-19 16:41:10.728 20641 22493 I ReactNativeJS: '🔍 Parsed values:', { centerLat: 12.73813315,
10-19 16:41:10.728 20641 22493 I ReactNativeJS:   centerLng: 77.82916922,
10-19 16:41:10.728 20641 22493 I ReactNativeJS:   radiusKm: 13.16,
10-19 16:41:10.728 20641 22493 I ReactNativeJS:   allValid: true }
10-19 16:41:10.728 20641 22493 I ReactNativeJS: '🔍 Circle zone check:', { point: { latitude: 12.8303987, longitude: 77.86623689999999 },
10-19 16:41:10.728 20641 22493 I ReactNativeJS:   center: { latitude: 12.73813315, longitude: 77.82916922 },
10-19 16:41:10.728 20641 22493 I ReactNativeJS:   radiusKm: '13.16km',
10-19 16:41:10.728 20641 22493 I ReactNativeJS:   calculatedDistance: '11.02km',
10-19 16:41:10.728 20641 22493 I ReactNativeJS:   difference: '-2.14km',
10-19 16:41:10.728 20641 22493 I ReactNativeJS:   isInside: '✅ INSIDE' }
10-19 16:41:10.728 20641 22493 I ReactNativeJS: 🔍 Point is INSIDE Outer Ring (13.16km radius)
10-19 16:41:10.728 20641 22493 I ReactNativeJS: ✅ Destination location is within active zones
10-19 16:41:10.728 20641 22493 I ReactNativeJS: ✅ Both locations validated successfully, proceeding with ride creation...
10-19 16:41:10.728 20641 22493 I ReactNativeJS: 🚗 About to create ride with rideService...
10-19 16:41:10.729 20641 22493 I ReactNativeJS: '🚗 User object:', '{\n  "id": "e95a4f14-8958-49e9-8ede-d81b82a7ba12",\n  "email": "918608374935@a1taxi.app",\n  "full_name": "Ricco",\n  "phone_number": "+918608374935",\n  "role": "customer",\n  "customer_id": "e95a4f14-8958-49e9-8ede-d81b82a7ba12"\n}'
10-19 16:41:10.729 20641 22493 I ReactNativeJS: '🚗 User ID being passed as customerId:', 'e95a4f14-8958-49e9-8ede-d81b82a7ba12'
10-19 16:41:10.729 20641 22493 I ReactNativeJS: '🚗 User ID type:', 'string'
10-19 16:41:10.729 20641 22493 I ReactNativeJS: '🚗 Using customer ID:', 'e95a4f14-8958-49e9-8ede-d81b82a7ba12'
10-19 16:41:10.729 20641 22493 I ReactNativeJS: '🚗 Creating ride with params:', { customerId: 'e95a4f14-8958-49e9-8ede-d81b82a7ba12',
10-19 16:41:10.729 20641 22493 I ReactNativeJS:   pickupLocation: 'PRXJ+F32, Brindavan Nagar, Plot 87, NGGO\'s Colony, Anand Nagar, Hosur, Tamil Nadu 635109, India',
10-19 16:41:10.729 20641 22493 I ReactNativeJS:   pickupLatitude: 12.748695,
10-19 16:41:10.729 20641 22493 I ReactNativeJS:   pickupLongitude: 77.8299949,
10-19 16:41:10.729 20641 22493 I ReactNativeJS:   destinationLocation: 'Bagalur, Tamil Nadu, India',
10-19 16:41:10.729 20641 22493 I ReactNativeJS:   destinationLatitude: 12.8303987,
10-19 16:41:10.729 20641 22493 I ReactNativeJS:   destinationLongitude: 77.86623689999999,
10-19 16:41:10.729 20641 22493 I ReactNativeJS:   vehicleType: 'sedan',
10-19 16:41:10.729 20641 22493 I ReactNativeJS:   fareAmount: 447 }
10-19 16:41:10.729 20641 22493 I ReactNativeJS: 📡 Creating ride via edge function to bypass RLS...
10-19 16:41:10.731 20641 22493 I ReactNativeJS: '💰 [UI] Displaying fare for hatchback:', { fare: 447,
10-19 16:41:10.731 20641 22493 I ReactNativeJS:   isSelected: false,
10-19 16:41:10.731 20641 22493 I ReactNativeJS:   showingCalculated: true,
10-19 16:41:10.731 20641 22493 I ReactNativeJS:   source: 'calculated' }
10-19 16:41:10.733 20641 22493 I ReactNativeJS: '💰 [UI] Displaying fare for hatchback_ac:', { fare: 493,
10-19 16:41:10.733 20641 22493 I ReactNativeJS:   isSelected: false,
10-19 16:41:10.733 20641 22493 I ReactNativeJS:   showingCalculated: true,
10-19 16:41:10.733 20641 22493 I ReactNativeJS:   source: 'calculated' }
10-19 16:41:10.735 20641 22493 I ReactNativeJS: '💰 [UI] Displaying fare for sedan:', { fare: 447,
10-19 16:41:10.735 20641 22493 I ReactNativeJS:   isSelected: true,
10-19 16:41:10.735 20641 22493 I ReactNativeJS:   showingCalculated: true,
10-19 16:41:10.735 20641 22493 I ReactNativeJS:   source: 'calculated' }
10-19 16:41:10.737 20641 22493 I ReactNativeJS: '💰 [UI] Displaying fare for sedan_ac:', { fare: 462,
10-19 16:41:10.737 20641 22493 I ReactNativeJS:   isSelected: false,
10-19 16:41:10.737 20641 22493 I ReactNativeJS:   showingCalculated: true,
10-19 16:41:10.737 20641 22493 I ReactNativeJS:   source: 'calculated' }
10-19 16:41:10.738 20641 22493 I ReactNativeJS: '💰 [UI] Displaying fare for suv:', { fare: 762,
10-19 16:41:10.738 20641 22493 I ReactNativeJS:   isSelected: false,
10-19 16:41:10.738 20641 22493 I ReactNativeJS:   showingCalculated: true,
10-19 16:41:10.738 20641 22493 I ReactNativeJS:   source: 'calculated' }
10-19 16:41:10.739 20641 22493 I ReactNativeJS: '💰 [UI] Displaying fare for suv_ac:', { fare: 1923,
10-19 16:41:10.739 20641 22493 I ReactNativeJS:   isSelected: false,
10-19 16:41:10.739 20641 22493 I ReactNativeJS:   showingCalculated: true,
10-19 16:41:10.739 20641 22493 I ReactNativeJS:   source: 'calculated' }
10-19 16:41:11.820 14485 14485 I bnlz    : onStart
10-19 16:41:11.821 14485 14485 I bldh    : (REDACTED) [%s] onStart()
10-19 16:41:11.821 14485 14485 I blfn    : Reloading theme data
10-19 16:41:11.822 14485 14485 I bnlz    : onResume
10-19 16:41:11.828 14485 14485 D VRI[Launcher]: visibilityChanged oldVisibility=false newVisibility=true
10-19 16:41:11.837 21163 21163 D BoundBrokerSvc: onRebind: Intent { act=com.google.android.gms.inappreach.service.START dat=chimera-action:/... cmp=com.google.android.gms/.chimera.GmsApiService }
10-19 16:41:11.859 14485 14485 D ViewRootImpl: AppSizeAfterRelayout, size: Point(1080, 2392), rotation: ROTATION_0
10-19 16:41:11.860 14485 14485 D BufferQueueConsumer: [](id:389500000061,api:0,p:-1,c:14485) connect: controlledByApp=false
10-19 16:41:11.860 14485 14485 D BLASTBufferQueue: [VRI[Launcher]#97](f:0,a:0) constructor()
10-19 16:41:11.860 14485 14485 D BLASTBufferQueue: [VRI[Launcher]#97](f:0,a:0) update width=1080 height=2392 format=-2 mTransformHint=0
10-19 16:41:11.874 14485 14785 D BLASTBufferQueue: [VRI[Launcher]#97](f:0,a:1) acquireNextBufferLocked size=1080x2392 mFrameNumber=1 applyTransaction=true mTimestamp=635642425105194(auto) mPendingTransactions.size=0 graphicBufferId=62212601283240 transform=0
10-19 16:41:12.189 20641 22493 I ReactNativeJS: '✅ Ride created via edge function:', 'ad5b23e8-48fd-43e2-ab34-6c9a961e49f9'
10-19 16:41:12.189 20641 22493 I ReactNativeJS: 📢 Starting driver notification process for regular ride...
10-19 16:41:12.189 20641 22493 I ReactNativeJS: '📢 Notifying drivers via edge function for ride:', 'ad5b23e8-48fd-43e2-ab34-6c9a961e49f9'
10-19 16:41:12.189 20641 22493 I ReactNativeJS: '📡 Making request to:', 'https://whubaypabojomdyfqxcf.supabase.co/functions/v1/driver-api/notify-drivers'
10-19 16:41:12.359 14485 14485 I bnft    : (REDACTED) onApplyWindowInsets: systemWindowInsets=%s
10-19 16:41:12.359 14485 14485 I bnft    : (REDACTED) onApplyWindowInsets: systemWindowInsets=%s
10-19 16:41:12.377  5589  5589 I GoogleInputMethodService: GoogleInputMethodService.onFinishInput():2085 
10-19 16:41:12.377  5589  5589 I Module  : DeviceLockedStatusModuleProvider$Module.updateDeviceLockedStatus():100 repeatCheckTimes = 0, locked = false
10-19 16:41:12.377  5589  5589 I GoogleInputMethodService: GoogleInputMethodService.onStartInput():1346 onStartInput(EditorInfo{EditorInfo{packageName=com.android.launcher3, inputType=0, inputTypeString=NULL, enableLearning=false, autoCorrection=false, autoComplete=false, imeOptions=0, privateImeOptions=null, actionName=UNSPECIFIED, actionLabel=null, initialSelStart=-1, initialSelEnd=-1, initialCapsMode=0, label=null, fieldId=0, fieldName=null, extras=null, hintText=null, hintLocales=[]}}, false)
10-19 16:41:12.380  5589  5589 I Module  : DeviceLockedStatusModuleProvider$Module.updateDeviceLockedStatus():100 repeatCheckTimes = 1, locked = false
10-19 16:41:12.397 20641 24685 W ProxyAndroidLoggerBackend: Too many Flogger logs received before configuration. Dropping old logs.
--------- beginning of system
10-19 16:41:12.418  1870  3386 D BatteryStatsService: noteVideoSurfaceChanged  noteWhich: 49,arg1: -2, arg2: -1, arg3: 20641, arg4: 2698, name: com.a1taxi.a1taxicustomer
10-19 16:41:12.430 20641 22476 D BLASTBufferQueue: [VRI[MainActivity]#9](f:0,a:4) destructor()
10-19 16:41:12.431 20641 22476 D BufferQueueConsumer: [VRI[MainActivity]#9(BLAST Consumer)9](id:50a100000012,api:0,p:-1,c:20641) disconnect
10-19 16:41:12.441 20641 20641 D ViewRootImpl: AppSizeAfterRelayout, size: Point(1080, 2392), rotation: ROTATION_0
10-19 16:41:12.443 20641 22493 I ReactNativeJNI: Memory warning (pressure level: TRIM_MEMORY_UI_HIDDEN) received by JS VM, ignoring because it's non-severe
10-19 16:41:12.675 14485 14485 I bnft    : (REDACTED) onApplyWindowInsets: systemWindowInsets=%s
10-19 16:41:12.675 14485 14485 I bnft    : (REDACTED) onApplyWindowInsets: systemWindowInsets=%s
10-19 16:41:12.743  5589  5589 I GoogleInputMethodService: GoogleInputMethodService.onFinishInput():2085 
10-19 16:41:12.744  5589  5589 I Module  : DeviceLockedStatusModuleProvider$Module.updateDeviceLockedStatus():100 repeatCheckTimes = 0, locked = false
10-19 16:41:12.744  5589  5589 I GoogleInputMethodService: GoogleInputMethodService.onStartInput():1346 onStartInput(EditorInfo{EditorInfo{packageName=com.a1taxi.driverpro, inputType=0, inputTypeString=NULL, enableLearning=false, autoCorrection=false, autoComplete=false, imeOptions=0, privateImeOptions=null, actionName=UNSPECIFIED, actionLabel=null, initialSelStart=-1, initialSelEnd=-1, initialCapsMode=0, label=null, fieldId=0, fieldName=null, extras=null, hintText=null, hintLocales=[]}}, false)
10-19 16:41:12.745  5589  5589 I Module  : DeviceLockedStatusModuleProvider$Module.updateDeviceLockedStatus():100 repeatCheckTimes = 1, locked = false
10-19 16:41:12.750 14485 14485 I bnlz    : onPause
10-19 16:41:12.766 14485 15090 V ClearcutMetricXmitter: Transmission is done.
10-19 16:41:12.940 21104 21188 W Settings: Setting airplane_mode_on has moved from android.provider.Settings.System to android.provider.Settings.Global, returning read-only value.
10-19 16:41:12.943 21104 24471 W SystemServiceRegistry: No service published for: wifirtt
10-19 16:41:13.189 14485 14485 D VRI[Launcher]: visibilityChanged oldVisibility=true newVisibility=false
10-19 16:41:13.205 14485 14485 D ViewRootImpl: AppSizeAfterRelayout, size: Point(1080, 2392), rotation: ROTATION_0
10-19 16:41:13.205 14485 14485 D BLASTBufferQueue: [VRI[Launcher]#97](f:0,a:3) destructor()
10-19 16:41:13.205 14485 14485 D BufferQueueConsumer: [VRI[Launcher]#97(BLAST Consumer)97](id:389500000061,api:0,p:-1,c:14485) disconnect
10-19 16:41:13.229 14485 14485 I bnlz    : onStop
10-19 16:41:13.420 21104 22647 I WifiScanner: onFullResults
10-19 16:41:13.420 21104 21119 I WifiScanner: onFullResults
10-19 16:41:13.420 21104 21143 I WifiScanner: onFullResults
10-19 16:41:13.423 21104 24011 I FrewleTileCacheManagerV: (REDACTED) Fetched %d AP models from cache
10-19 16:41:13.435 21104 21184 I FusedLocation: (REDACTED) location delivery to %s blocked - too fast
10-19 16:41:13.435 21104 21184 I FusedLocation: (REDACTED) location delivery to %s blocked - too fast
10-19 16:41:13.435 21104 21184 I FusedLocation: (REDACTED) location delivery to %s blocked - too close
10-19 16:41:13.436 21104 21184 I FusedLocation: (REDACTED) location delivery to %s blocked - too fast
10-19 16:41:13.436 21104 21184 I FusedLocation: (REDACTED) location delivery to %s blocked - too fast
10-19 16:41:13.437 21104 21184 I FusedLocation: (REDACTED) location delivery to %s blocked - too fast
10-19 16:41:13.437 21104 21184 I fznc    : Received empty WiFi-RTT scan. [CONTEXT service_id=6 ]
10-19 16:41:13.638 20641 20641 I Choreographer: Skipped 119 frames!  The application may be doing too much work on its main thread.
10-19 16:41:13.684  5589  5589 I GoogleInputMethodService: GoogleInputMethodService.onFinishInput():2085 
10-19 16:41:13.684  5589  5589 I Module  : DeviceLockedStatusModuleProvider$Module.updateDeviceLockedStatus():100 repeatCheckTimes = 0, locked = false
10-19 16:41:13.684  5589  5589 I GoogleInputMethodService: GoogleInputMethodService.onStartInput():1346 onStartInput(EditorInfo{EditorInfo{packageName=com.a1taxi.driverpro, inputType=0, inputTypeString=NULL, enableLearning=false, autoCorrection=false, autoComplete=false, imeOptions=0, privateImeOptions=null, actionName=UNSPECIFIED, actionLabel=null, initialSelStart=-1, initialSelEnd=-1, initialCapsMode=0, label=null, fieldId=0, fieldName=null, extras=null, hintText=null, hintLocales=[]}}, false)
10-19 16:41:13.685  5589  5589 I Module  : DeviceLockedStatusModuleProvider$Module.updateDeviceLockedStatus():100 repeatCheckTimes = 1, locked = false
10-19 16:41:13.844 20641 22493 I ReactNativeJS: '📡 Response status:', 200
10-19 16:41:13.845 20641 22493 I ReactNativeJS: '✅ Notified 0 drivers successfully:', { success: true, drivers_found: 2, notifications_sent: 2 }
10-19 16:41:13.845 20641 22493 I ReactNativeJS: ✅ Driver notifications sent successfully
10-19 16:41:13.846 20641 22493 I ReactNativeJS: '✅ Ride created successfully:', 'ad5b23e8-48fd-43e2-ab34-6c9a961e49f9'
10-19 16:41:13.846 20641 22493 I ReactNativeJS: '🚗 Navigating to driver search with params:', { rideId: 'ad5b23e8-48fd-43e2-ab34-6c9a961e49f9',
10-19 16:41:13.846 20641 22493 I ReactNativeJS:   pickupLocation: 'PRXJ+F32, Brindavan Nagar, Plot 87, NGGO\'s Colony, Anand Nagar, Hosur, Tamil Nadu 635109, India',
10-19 16:41:13.846 20641 22493 I ReactNativeJS:   destinationLocation: 'Bagalur, Tamil Nadu, India',
10-19 16:41:13.846 20641 22493 I ReactNativeJS:   vehicleType: 'sedan',
10-19 16:41:13.846 20641 22493 I ReactNativeJS:   fareAmount: 447 }
10-19 16:41:13.846 20641 22493 I ReactNativeJS: 🚗 Attempting navigation to driver search...
10-19 16:41:13.847 20641 22493 I ReactNativeJS: '🚗 Navigation params prepared:', { rideId: 'ad5b23e8-48fd-43e2-ab34-6c9a961e49f9',
10-19 16:41:13.847 20641 22493 I ReactNativeJS:   pickupLocation: 'PRXJ+F32, Brindavan Nagar, Plot 87, NGGO\'s Colony, Anand Nagar, Hosur, Tamil Nadu 635109, India',
10-19 16:41:13.847 20641 22493 I ReactNativeJS:   destinationLocation: 'Bagalur, Tamil Nadu, India',
10-19 16:41:13.847 20641 22493 I ReactNativeJS:   pickupLatitude: '12.748695',
10-19 16:41:13.847 20641 22493 I ReactNativeJS:   pickupLongitude: '77.8299949',
10-19 16:41:13.847 20641 22493 I ReactNativeJS:   destinationLatitude: '12.8303987',
10-19 16:41:13.847 20641 22493 I ReactNativeJS:   destinationLongitude: '77.86623689999999',
10-19 16:41:13.847 20641 22493 I ReactNativeJS:   vehicleType: 'sedan',
10-19 16:41:13.847 20641 22493 I ReactNativeJS:   fareAmount: '447',
10-19 16:41:13.847 20641 22493 I ReactNativeJS:   distance: '10.56',
10-19 16:41:13.847 20641 22493 I ReactNativeJS:   duration: '16' }
10-19 16:41:13.888 20641 22493 I ReactNativeJS: 🚨 [DEBUG] DriverSearchScreen component function called
10-19 16:41:13.890 20641 22493 I ReactNativeJS: '🚨 [DEBUG] DriverSearchScreen hooks initialized:', { hasRouter: true,
10-19 16:41:13.890 20641 22493 I ReactNativeJS:   hasUser: true,
10-19 16:41:13.890 20641 22493 I ReactNativeJS:   paramsKeys: 
10-19 16:41:13.890 20641 22493 I ReactNativeJS:    [ 'rideId',
10-19 16:41:13.890 20641 22493 I ReactNativeJS:      'pickupLocation',
10-19 16:41:13.890 20641 22493 I ReactNativeJS:      'destinationLocation',
10-19 16:41:13.890 20641 22493 I ReactNativeJS:      'pickupLatitude',
10-19 16:41:13.890 20641 22493 I ReactNativeJS:      'pickupLongitude',
10-19 16:41:13.890 20641 22493 I ReactNativeJS:      'destinationLatitude',
10-19 16:41:13.890 20641 22493 I ReactNativeJS:      'destinationLongitude',
10-19 16:41:13.890 20641 22493 I ReactNativeJS:      'vehicleType',
10-19 16:41:13.890 20641 22493 I ReactNativeJS:      'fareAmount',
10-19 16:41:13.890 20641 22493 I ReactNativeJS:      'distance',
10-19 16:41:13.890 20641 22493 I ReactNativeJS:      'duration' ],
10-19 16:41:13.890 20641 22493 I ReactNativeJS:   paramsValues: 
10-19 16:41:13.890 20641 22493 I ReactNativeJS:    { rideId: 'ad5b23e8-48fd-43e2-ab34-6c9a961e49f9',
10-19 16:41:13.890 20641 22493 I ReactNativeJS:      pickupLocation: 'PRXJ+F32, Brindavan Nagar, Plot 87, NGGO\'s Colony, Anand Nagar, Hosur, Tamil Nadu 635109, India',
10-19 16:41:13.890 20641 22493 I ReactNativeJS:      destinationLocation: 'Bagalur, Tamil Nadu, India',
10-19 16:41:13.890 20641 22493 I ReactNativeJS:      pickupLatitude: '12.748695',
10-19 16:41:13.890 20641 22493 I ReactNativeJS:      pickupLongitude: '77.8299949',
10-19 16:41:13.890 20641 22493 I ReactNativeJS:      destinationLatitude: '12.8303987',
10-19 16:41:13.890 20641 22493 I ReactNativeJS:      destinationLongitude: '77.86623689999999',
10-19 16:41:13.890 20641 22493 I ReactNativeJS:      vehicleType: 'sedan',
10-19 16:41:13.890 20641 22493 I ReactNativeJS:      fareAmount: '447',
10-19 16:41:13.890 20641 22493 I ReactNativeJS:      distance: '10.56',
10-19 16:41:13.890 20641 22493 I ReactNativeJS:      duration: '16' } }
10-19 16:41:13.890 20641 22493 I ReactNativeJS: 🚨 [DEBUG] DriverSearchScreen state initialized
10-19 16:41:13.890 20641 22493 I ReactNativeJS: 🚨 [DEBUG] Parsing ride details from params...
10-19 16:41:13.891 20641 22493 I ReactNativeJS: '🚨 [DEBUG] Ride details parsed:', { rideId: 'ad5b23e8-48fd-43e2-ab34-6c9a961e49f9',
10-19 16:41:13.891 20641 22493 I ReactNativeJS:   bookingId: undefined,
10-19 16:41:13.891 20641 22493 I ReactNativeJS:   pickupLocation: 'PRXJ+F32, Brindavan Nagar, Plot 87, NGGO\'s Colony, Anand Nagar, Hosur, Tamil Nadu 635109, India',
10-19 16:41:13.891 20641 22493 I ReactNativeJS:   destinationLocation: 'Bagalur, Tamil Nadu, India',
10-19 16:41:13.891 20641 22493 I ReactNativeJS:   vehicleType: 'sedan',
10-19 16:41:13.891 20641 22493 I ReactNativeJS:   bookingType: 'regular',
10-19 16:41:13.891 20641 22493 I ReactNativeJS:   fareAmount: '447',
10-19 16:41:13.891 20641 22493 I ReactNativeJS:   pickupLatitude: 12.748695,
10-19 16:41:13.891 20641 22493 I ReactNativeJS:   pickupLongitude: 77.8299949,
10-19 16:41:13.891 20641 22493 I ReactNativeJS:   destinationLatitude: 12.8303987,
10-19 16:41:13.891 20641 22493 I ReactNativeJS:   destinationLongitude: 77.86623689999999 }
10-19 16:41:13.892 20641 22493 I ReactNativeJS: '🚨 [DEBUG] Driver search initialized with:', { rideId: 'ad5b23e8-48fd-43e2-ab34-6c9a961e49f9',
10-19 16:41:13.892 20641 22493 I ReactNativeJS:   bookingId: undefined,
10-19 16:41:13.892 20641 22493 I ReactNativeJS:   bookingType: 'regular',
10-19 16:41:13.892 20641 22493 I ReactNativeJS:   hasRideId: true,
10-19 16:41:13.892 20641 22493 I ReactNativeJS:   hasBookingId: false,
10-19 16:41:13.892 20641 22493 I ReactNativeJS:   platform: 'android',
10-19 16:41:13.892 20641 22493 I ReactNativeJS:   timestamp: '2025-10-19T11:11:13.891Z' }
