10-18 04:12:08.922 17502 17502 E .android.gms.ui: Not starting debugger since process cannot load the jdwp agent.
10-18 04:12:08.922 26106 26641 I SyncManager: (REDACTED) Executing sync(type=%s%s)
10-18 04:12:08.925 26106 26641 I SyncManager: (REDACTED) Executing sync(type=%s) finished in %s
10-18 04:12:08.925 17502 17502 D nativeloader: Load libframework-connectivity-tiramisu-jni.so using APEX ns com_android_tethering for caller /apex/com.android.tethering/javalib/framework-connectivity-t.jar: ok
10-18 04:12:08.928 26106 26641 I SyncManager: (REDACTED) Executing sync(type=%s%s)
10-18 04:12:08.930 26106 26641 I SyncManager: (REDACTED) Executing sync(type=%s) finished in %s
10-18 04:12:08.932 26106 26641 I SyncManager: (REDACTED) Executing sync(type=%s%s)
10-18 04:12:08.938 26106 26641 I SyncManager: (REDACTED) Executing sync(type=%s) finished in %s
10-18 04:12:08.941 26106 26641 I SyncManager: (REDACTED) Executing sync(type=%s%s)
10-18 04:12:08.941 17502 17502 E .android.gms.ui: BBinder_init Processname  <pre-initialized>  
10-18 04:12:08.941 17502 17502 E .android.gms.ui: BBinder_init hasGetProcessName  <pre-initialized>
10-18 04:12:08.944 26106 26641 I SyncManager: (REDACTED) Executing sync(type=%s) finished in %s
10-18 04:12:08.962 17502 17502 D ApplicationLoaders: Returning zygote-cached class loader: /system/framework/org.apache.http.legacy.jar
10-18 04:12:08.965 17502 17502 D nativeloader: Configuring clns-7 for other apk /system/framework/com.android.media.remotedisplay.jar. target_sdk_version=36, uses_libraries=ALL, library_path=/data/app/~~Nj5x6oEjOfi5wD5H_znOGQ==/com.google.android.gms-is4C_Gk9dUPsxVnNnVBzPg==/lib/arm64:/data/app/~~Nj5x6oEjOfi5wD5H_znOGQ==/com.google.android.gms-is4C_Gk9dUPsxVnNnVBzPg==/base.apk!/lib/arm64-v8a, permitted_path=/data:/mnt/expand:/data/user/0/com.google.android.gms
10-18 04:12:08.965 17502 17502 D nativeloader: Extending system_exposed_libraries: libapuwareapusys.mtk.so:libapuwareapusys_v2.mtk.so:libapuwarexrp.mtk.so:libapuwarexrp_v2.mtk.so:libapuwareutils.mtk.so:libapuwareutils_v2.mtk.so:libapuwarehmp.mtk.so:libneuron_graph_delegate.mtk.so:libneuronusdk_adapter.mtk.so:libtflite_mtk.mtk.so:libarmnn_ndk.mtk.so:libcmdl_ndk.mtk.so:libnir_neon_driver_ndk.mtk.so:libmvpu_runtime.mtk.so:libmvpu_runtime_pub.mtk.so:libmvpu_engine_pub.mtk.so:libmvpu_pattern_pub.mtk.so:libmvpuop_mtk_cv.mtk.so:libmvpuop_mtk_nn.mtk.so:libmvpu_runtime_25.mtk.so:libmvpu_runtime_25_pub.mtk.so:libmvpu_engine_25_pub.mtk.so:libmvpu_pattern_25_pub.mtk.so:libmvpuop25_mtk_cv.mtk.so:libmvpuop25_mtk_nn.mtk.so:libmvpu_config.mtk.so:libteeservice_client.trustonic.so:librealm-jni.vivo.so
10-18 04:12:08.970 17502 17502 D nativeloader: Configuring clns-8 for other apk /system/framework/com.android.location.provider.jar. target_sdk_version=36, uses_libraries=ALL, library_path=/data/app/~~Nj5x6oEjOfi5wD5H_znOGQ==/com.google.android.gms-is4C_Gk9dUPsxVnNnVBzPg==/lib/arm64:/data/app/~~Nj5x6oEjOfi5wD5H_znOGQ==/com.google.android.gms-is4C_Gk9dUPsxVnNnVBzPg==/base.apk!/lib/arm64-v8a, permitted_path=/data:/mnt/expand:/data/user/0/com.google.android.gms
10-18 04:12:08.970 17502 17502 D nativeloader: Extending system_exposed_libraries: libapuwareapusys.mtk.so:libapuwareapusys_v2.mtk.so:libapuwarexrp.mtk.so:libapuwarexrp_v2.mtk.so:libapuwareutils.mtk.so:libapuwareutils_v2.mtk.so:libapuwarehmp.mtk.so:libneuron_graph_delegate.mtk.so:libneuronusdk_adapter.mtk.so:libtflite_mtk.mtk.so:libarmnn_ndk.mtk.so:libcmdl_ndk.mtk.so:libnir_neon_driver_ndk.mtk.so:libmvpu_runtime.mtk.so:libmvpu_runtime_pub.mtk.so:libmvpu_engine_pub.mtk.so:libmvpu_pattern_pub.mtk.so:libmvpuop_mtk_cv.mtk.so:libmvpuop_mtk_nn.mtk.so:libmvpu_runtime_25.mtk.so:libmvpu_runtime_25_pub.mtk.so:libmvpu_engine_25_pub.mtk.so:libmvpu_pattern_25_pub.mtk.so:libmvpuop25_mtk_cv.mtk.so:libmvpuop25_mtk_nn.mtk.so:libmvpu_config.mtk.so:libteeservice_client.trustonic.so:librealm-jni.vivo.so
10-18 04:12:08.970 17502 17502 D ApplicationLoaders: Returning zygote-cached class loader: /system_ext/framework/androidx.window.extensions.jar
10-18 04:12:08.970 17502 17502 D ApplicationLoaders: Returning zygote-cached class loader: /system_ext/framework/androidx.window.sidecar.jar
10-18 04:12:08.986  1870  1870 D AutofillSession: Service did not request to wait for delayed fill response.
10-18 04:12:09.004 17502 17502 D nativeloader: Configuring clns-9 for other apk /data/app/~~Nj5x6oEjOfi5wD5H_znOGQ==/com.google.android.gms-is4C_Gk9dUPsxVnNnVBzPg==/base.apk. target_sdk_version=36, uses_libraries=, library_path=/data/app/~~Nj5x6oEjOfi5wD5H_znOGQ==/com.google.android.gms-is4C_Gk9dUPsxVnNnVBzPg==/lib/arm64:/data/app/~~Nj5x6oEjOfi5wD5H_znOGQ==/com.google.android.gms-is4C_Gk9dUPsxVnNnVBzPg==/base.apk!/lib/arm64-v8a, permitted_path=/data:/mnt/expand:/data/user/0/com.google.android.gms
10-18 04:12:09.008  3458  3458 V InlinePresentationRendererServiceImpl: onRenderSuggestion: width=-2, height=-2
10-18 04:12:09.018 17502 17502 V GraphicsEnvironment: Currently set values for:
10-18 04:12:09.018 17502 17502 V GraphicsEnvironment:   angle_gl_driver_selection_pkgs=[com.android.angle, com.linecorp.b612.android, com.campmobile.snow, com.google.android.apps.tachyon]
10-18 04:12:09.018 17502 17502 V GraphicsEnvironment:   angle_gl_driver_selection_values=[angle, native, native, native]
10-18 04:12:09.018 17502 17502 V GraphicsEnvironment: com.google.android.gms is not listed in per-application setting
10-18 04:12:09.026  3458  3458 V InlineSuggestionRenderService: width=-2, height=-2, measuredSize=366x121
10-18 04:12:09.047  1870  1976 D AutofillSession: onShown(): 2, 1
10-18 04:12:09.053 14073 14073 I ImeTracker: com.a1taxi.driverpro:e1d7da1: onShown
10-18 04:12:09.054  3458  3458 D ViewRootImpl: AppSizeAfterRelayout, size: Point(366, 121), rotation: ROTATION_0
10-18 04:12:09.054  3458  3458 D BufferQueueConsumer: [](id:d8200000142,api:0,p:-1,c:3458) connect: controlledByApp=false
10-18 04:12:09.055  3458  3458 D BLASTBufferQueue: [VRI[]#322](f:0,a:0) constructor()
10-18 04:12:09.055  5589  5589 I ProactiveSuggestionsHolderManager: ProactiveSuggestionsHolderManager$2.display():195 Requesting to show proactive suggestions: AUTO_FILL PREEMPTIVE_WITH_SUPPRESSION
10-18 04:12:09.055  3458  3458 D BLASTBufferQueue: [VRI[]#322](f:0,a:0) update width=366 height=121 format=-2 mTransformHint=0
10-18 04:12:09.060 17502 17502 I GmsApplication: Using GservicesReaderQueryDelegate
10-18 04:12:09.062  5589  5589 D BufferQueueConsumer: [](id:15d50000069e,api:0,p:-1,c:5589) connect: controlledByApp=false
10-18 04:12:09.062  5589  5589 D BLASTBufferQueue: [SurfaceView[InputMethod]#1694](f:0,a:0) constructor()
10-18 04:12:09.063  5589  5589 D BLASTBufferQueue: [SurfaceView[InputMethod]#1694](f:0,a:0) update width=770 height=121 format=-2 mTransformHint=0
10-18 04:12:09.064  1870  3777 D BatteryStatsService: noteVideoSurfaceChanged  noteWhich: 49,arg1: 770, arg2: 121, arg3: 5589, arg4: 85241, name: com.google.android.inputmethod.latin
10-18 04:12:09.065  3458 31463 D BLASTBufferQueue: [VRI[]#322](f:0,a:1) acquireNextBufferLocked size=366x121 mFrameNumber=1 applyTransaction=true mTimestamp=574608545824556(auto) mPendingTransactions.size=0 graphicBufferId=14851996911824 transform=0
10-18 04:12:09.066 17502 17502 W SQLiteCompatibilityWalFlags: Cannot read global setting sqlite_compatibility_wal_flags - Application state not available
10-18 04:12:09.067  5589  5589 I ProactiveSuggestionsHolderManager: ProactiveSuggestionsHolderManager$Holder.setSuggestionsAndShow():898 succeed to show proactive suggestions AUTO_FILL PREEMPTIVE_WITH_SUPPRESSION
10-18 04:12:09.072  5589  5589 I KeyboardModeUtils: KeyboardModeUtils.getKeyboardBottomOffset():435 inch: 0.000000 ydpi: 387.429993 adjustKeyboardBottomByDisplaySize: false currentDensityDpi: 440 defaultDensityDpi: 440 keyboardBottomToScreenPx: 0 keyboardBottomToNavBarPx: -116 navBarHeight: 116
10-18 04:12:09.072  5589  5589 I KeyboardHeightUtil: KeyboardHeightUtil.calculateMaxKeyboardBodyHeight():50 leave 267 height for app when ime window height:2171, header height:121 and isFullscreenMode:false, so the max keyboard body height is:1783
10-18 04:12:09.072  5589  5589 I KeyboardHeightUtil: KeyboardHeightUtil.calculateMaxKeyboardBodyHeight():50 leave 267 height for app when ime window height:2171, header height:121 and isFullscreenMode:false, so the max keyboard body height is:1783
10-18 04:12:09.072  5589  5589 I AndroidIME: KeyboardViewManager.updateKeyboardBodyViewHolderPaddingBottom():472 Set finalPaddingBottom = 5 while holderPaddingBottom = 5; navigationHeight = 116
10-18 04:12:09.075  5589  5589 D BufferQueueConsumer: [](id:15d50000069f,api:0,p:-1,c:5589) connect: controlledByApp=false
10-18 04:12:09.075  5589  5589 D BLASTBufferQueue: [SurfaceView[InputMethod]#1695](f:0,a:0) constructor()
10-18 04:12:09.075  5589  5589 D BLASTBufferQueue: [SurfaceView[InputMethod]#1695](f:0,a:0) update width=366 height=121 format=-2 mTransformHint=0
10-18 04:12:09.078  1870  2929 D BatteryStatsService: noteVideoSurfaceChanged  noteWhich: 49,arg1: 366, arg2: 121, arg3: 5589, arg4: 96379, name: com.google.android.inputmethod.latin
10-18 04:12:09.083  5589  5657 D BLASTBufferQueue: [SurfaceView[InputMethod]#1695](f:0,a:1) acquireNextBufferLocked size=366x121 mFrameNumber=1 applyTransaction=true mTimestamp=574608563682094(auto) mPendingTransactions.size=0 graphicBufferId=24004572223590 transform=0
10-18 04:12:09.085  1870  2929 D BatteryStatsService: noteVideoSurfaceChanged  noteWhich: 49,arg1: 184, arg2: 13, arg3: 5589, arg4: 96379, name: com.google.android.inputmethod.latin
10-18 04:12:09.085  1870  2929 D BatteryStatsService: noteVideoSurfaceChanged  noteWhich: 49,arg1: 770, arg2: 121, arg3: 5589, arg4: 85241, name: com.google.android.inputmethod.latin
10-18 04:12:09.091  1870  2929 D BatteryStatsService: noteVideoSurfaceChanged  noteWhich: 49,arg1: 224, arg2: 37, arg3: 5589, arg4: 96379, name: com.google.android.inputmethod.latin
10-18 04:12:09.102  1870  3777 D BatteryStatsService: noteVideoSurfaceChanged  noteWhich: 49,arg1: 256, arg2: 55, arg3: 5589, arg4: 96379, name: com.google.android.inputmethod.latin
10-18 04:12:09.120  1870  3777 D BatteryStatsService: noteVideoSurfaceChanged  noteWhich: 49,arg1: 286, arg2: 73, arg3: 5589, arg4: 96379, name: com.google.android.inputmethod.latin
10-18 04:12:09.135  1870  2929 D BatteryStatsService: noteVideoSurfaceChanged  noteWhich: 49,arg1: 310, arg2: 89, arg3: 5589, arg4: 96379, name: com.google.android.inputmethod.latin
10-18 04:12:09.137 17502 17502 W ProviderHelper: Unknown dynamite feature providerinstaller.dynamite
10-18 04:12:09.137 17502 17502 I DynamiteModule: Considering local module com.google.android.gms.providerinstaller.dynamite:1 and remote module com.google.android.gms.providerinstaller.dynamite:0
10-18 04:12:09.137 17502 17502 I DynamiteModule: Selected local version of com.google.android.gms.providerinstaller.dynamite
10-18 04:12:09.147 17502 17502 D nativeloader: Load /data/app/~~Nj5x6oEjOfi5wD5H_znOGQ==/com.google.android.gms-is4C_Gk9dUPsxVnNnVBzPg==/base.apk!/lib/arm64-v8a/libconscrypt_gmscore_jni.so using class loader ns clns-9 (caller=/data/app/~~Nj5x6oEjOfi5wD5H_znOGQ==/com.google.android.gms-is4C_Gk9dUPsxVnNnVBzPg==/base.apk): ok
10-18 04:12:09.147 17502 17502 V NativeCrypto: Registering com/google/android/gms/org/conscrypt/NativeCrypto's 319 native methods...
10-18 04:12:09.152  1870  2929 D BatteryStatsService: noteVideoSurfaceChanged  noteWhich: 49,arg1: 330, arg2: 101, arg3: 5589, arg4: 96379, name: com.google.android.inputmethod.latin
10-18 04:12:09.159 17502 17502 I ProviderInstaller: Installed default security provider GmsCore_OpenSSL
10-18 04:12:09.168  1870  2929 D BatteryStatsService: noteVideoSurfaceChanged  noteWhich: 49,arg1: 346, arg2: 109, arg3: 5589, arg4: 96379, name: com.google.android.inputmethod.latin
10-18 04:12:09.175 17502 17534 I GMS_MM_Logger: (REDACTED) Start time: %s
10-18 04:12:09.175 17502 17534 I GMS_MM_Logger: Started.
10-18 04:12:09.186  1870  3343 D BatteryStatsService: noteVideoSurfaceChanged  noteWhich: 49,arg1: 358, arg2: 117, arg3: 5589, arg4: 96379, name: com.google.android.inputmethod.latin
10-18 04:12:09.202  1870  3777 D BatteryStatsService: noteVideoSurfaceChanged  noteWhich: 49,arg1: 364, arg2: 121, arg3: 5589, arg4: 96379, name: com.google.android.inputmethod.latin
10-18 04:12:09.212 17502 17541 I GmsCoreXrpcWrapper: (REDACTED) Returning a channel provider with trafficStatsTag=%d trafficStatsUid=%d
10-18 04:12:09.219  1870  3777 D BatteryStatsService: noteVideoSurfaceChanged  noteWhich: 49,arg1: 366, arg2: 121, arg3: 5589, arg4: 96379, name: com.google.android.inputmethod.latin
10-18 04:12:09.318 17502 17527 W TracingHelper: No RequestContext found in the trace or trace not available. [CONTEXT service_id=259 ratelimit_count=100000 ]
10-18 04:12:09.343 26106 26559 I SyncManager: (REDACTED) Executing sync(type=%s%s)
10-18 04:12:09.349 26106 26559 I SyncManager: (REDACTED) Executing sync(type=%s) finished in %s
10-18 04:12:09.538  5589  5589 W TooltipLifecycleManager: TooltipLifecycleManager.dismissTooltips():153 Tooltip with id SUGGESTION_VIEW_EDU_MINI_DIALOG not found in tooltipManager.
10-18 04:12:09.542  1870  3607 D BatteryStatsService: noteVideoSurfaceChanged  noteWhich: 49,arg1: -1, arg2: -1, arg3: 5589, arg4: 96379, name: com.google.android.inputmethod.latin
10-18 04:12:09.543  5589  5657 E BufferQueueProducer: [SurfaceView[InputMethod]#1695(BLAST Consumer)1695](id:15d50000069f,api:0,p:-1,c:5589) disconnect: not connected (req=1)
10-18 04:12:09.543  5589  5657 W libEGL  : EGLNativeWindowType 0xb4000077e01cab90 disconnect failed
10-18 04:12:09.545  5589  5589 D BLASTBufferQueue: [SurfaceView[InputMethod]#1695](f:0,a:1) destructor()
10-18 04:12:09.545  5589  5589 D BufferQueueConsumer: [SurfaceView[InputMethod]#1695(BLAST Consumer)1695](id:15d50000069f,api:0,p:-1,c:5589) disconnect
10-18 04:12:09.549  5589  5589 W TooltipLifecycleManager: TooltipLifecycleManager.dismissTooltips():153 Tooltip with id SUGGESTION_VIEW_EDU_MINI_DIALOG not found in tooltipManager.
10-18 04:12:09.557  5589  5589 I KeyboardModeUtils: KeyboardModeUtils.getKeyboardBottomOffset():435 inch: 0.000000 ydpi: 387.429993 adjustKeyboardBottomByDisplaySize: false currentDensityDpi: 440 defaultDensityDpi: 440 keyboardBottomToScreenPx: 0 keyboardBottomToNavBarPx: -116 navBarHeight: 116
10-18 04:12:09.558  5589  5589 I KeyboardHeightUtil: KeyboardHeightUtil.calculateMaxKeyboardBodyHeight():50 leave 267 height for app when ime window height:2171, header height:121 and isFullscreenMode:false, so the max keyboard body height is:1783
10-18 04:12:09.558  5589  5589 I KeyboardHeightUtil: KeyboardHeightUtil.calculateMaxKeyboardBodyHeight():50 leave 267 height for app when ime window height:2171, header height:121 and isFullscreenMode:false, so the max keyboard body height is:1783
10-18 04:12:09.559  5589  5589 I AndroidIME: KeyboardViewManager.updateKeyboardBodyViewHolderPaddingBottom():472 Set finalPaddingBottom = 5 while holderPaddingBottom = 5; navigationHeight = 116
10-18 04:12:09.572  5589  5589 W TooltipLifecycleManager: TooltipLifecycleManager.dismissTooltips():153 Tooltip with id SUGGESTION_VIEW_EDU_MINI_DIALOG not found in tooltipManager.
10-18 04:12:09.603  5589  5589 I KeyboardModeUtils: KeyboardModeUtils.getKeyboardBottomOffset():435 inch: 0.000000 ydpi: 387.429993 adjustKeyboardBottomByDisplaySize: false currentDensityDpi: 440 defaultDensityDpi: 440 keyboardBottomToScreenPx: 0 keyboardBottomToNavBarPx: -116 navBarHeight: 116
10-18 04:12:09.603  5589  5589 I KeyboardHeightUtil: KeyboardHeightUtil.calculateMaxKeyboardBodyHeight():50 leave 267 height for app when ime window height:2171, header height:121 and isFullscreenMode:false, so the max keyboard body height is:1783
10-18 04:12:09.604  5589  5589 I KeyboardHeightUtil: KeyboardHeightUtil.calculateMaxKeyboardBodyHeight():50 leave 267 height for app when ime window height:2171, header height:121 and isFullscreenMode:false, so the max keyboard body height is:1783
10-18 04:12:09.604  5589  5589 I AndroidIME: KeyboardViewManager.updateKeyboardBodyViewHolderPaddingBottom():472 Set finalPaddingBottom = 5 while holderPaddingBottom = 5; navigationHeight = 116
10-18 04:12:09.613  5589  5589 D BLASTBufferQueue: [SurfaceView[InputMethod]#1694](f:0,a:0) destructor()
10-18 04:12:09.613  5589  5589 D BufferQueueConsumer: [SurfaceView[InputMethod]#1694(BLAST Consumer)1694](id:15d50000069e,api:0,p:-1,c:5589) disconnect
10-18 04:12:09.613  1870  1928 D BatteryStatsService: noteVideoSurfaceChanged  noteWhich: 49,arg1: -1, arg2: -1, arg3: 5589, arg4: 85241, name: com.google.android.inputmethod.latin
10-18 04:12:09.619  5589  5589 I KeyboardModeUtils: KeyboardModeUtils.getKeyboardBottomOffset():435 inch: 0.000000 ydpi: 387.429993 adjustKeyboardBottomByDisplaySize: false currentDensityDpi: 440 defaultDensityDpi: 440 keyboardBottomToScreenPx: 0 keyboardBottomToNavBarPx: -116 navBarHeight: 116
10-18 04:12:09.619  5589  5589 I KeyboardHeightUtil: KeyboardHeightUtil.calculateMaxKeyboardBodyHeight():50 leave 267 height for app when ime window height:2171, header height:121 and isFullscreenMode:false, so the max keyboard body height is:1783
10-18 04:12:09.619  5589  5589 I KeyboardHeightUtil: KeyboardHeightUtil.calculateMaxKeyboardBodyHeight():50 leave 267 height for app when ime window height:2171, header height:121 and isFullscreenMode:false, so the max keyboard body height is:1783
10-18 04:12:09.619  5589  5589 I AndroidIME: KeyboardViewManager.updateKeyboardBodyViewHolderPaddingBottom():472 Set finalPaddingBottom = 5 while holderPaddingBottom = 5; navigationHeight = 116
10-18 04:12:09.703  5589  5589 I KeyboardViewController: KeyboardViewController.showSelfAndAncestors():636 current view doesn't has the priority com.google.android.libraries.inputmethod.accesspoint.widget.AccessPointsBar{d4ee69a I.E...... .......D 0,0-810,121 #7f0b00a0 app:id/0_resource_name_obfuscated} to show itself, DEFAULT
10-18 04:12:09.773  3458  3458 V InlineSuggestionRenderService: Releasing inline suggestion view host
10-18 04:12:09.773  5589  5589 W TooltipLifecycleManager: TooltipLifecycleManager.dismissTooltips():153 Tooltip with id SUGGESTION_VIEW_EDU_MINI_DIALOG not found in tooltipManager.
10-18 04:12:09.779  3458  3458 D BLASTBufferQueue: [VRI[]#322](f:0,a:4) destructor()
10-18 04:12:09.779  3458  3458 D BufferQueueConsumer: [VRI[]#322(BLAST Consumer)322](id:d8200000142,api:0,p:-1,c:3458) disconnect
10-18 04:12:09.783  3458  3458 V InlineSuggestionRenderService: Removed the inline suggestion from the cache, current size=0
10-18 04:12:09.802  5589  5589 I KeyboardModeUtils: KeyboardModeUtils.getKeyboardBottomOffset():435 inch: 0.000000 ydpi: 387.429993 adjustKeyboardBottomByDisplaySize: false currentDensityDpi: 440 defaultDensityDpi: 440 keyboardBottomToScreenPx: 0 keyboardBottomToNavBarPx: -116 navBarHeight: 116
10-18 04:12:09.803  5589  5589 I KeyboardHeightUtil: KeyboardHeightUtil.calculateMaxKeyboardBodyHeight():50 leave 267 height for app when ime window height:2171, header height:121 and isFullscreenMode:false, so the max keyboard body height is:1783
10-18 04:12:09.803  5589  5589 I KeyboardHeightUtil: KeyboardHeightUtil.calculateMaxKeyboardBodyHeight():50 leave 267 height for app when ime window height:2171, header height:121 and isFullscreenMode:false, so the max keyboard body height is:1783
10-18 04:12:09.803  5589  5589 I AndroidIME: KeyboardViewManager.updateKeyboardBodyViewHolderPaddingBottom():472 Set finalPaddingBottom = 5 while holderPaddingBottom = 5; navigationHeight = 116
10-18 04:12:10.062  5589  5589 W TooltipLifecycleManager: TooltipLifecycleManager.dismissTooltips():153 Tooltip with id SUGGESTION_VIEW_EDU_MINI_DIALOG not found in tooltipManager.
10-18 04:12:10.104  5589  5589 I KeyboardModeUtils: KeyboardModeUtils.getKeyboardBottomOffset():435 inch: 0.000000 ydpi: 387.429993 adjustKeyboardBottomByDisplaySize: false currentDensityDpi: 440 defaultDensityDpi: 440 keyboardBottomToScreenPx: 0 keyboardBottomToNavBarPx: -116 navBarHeight: 116
10-18 04:12:10.105  5589  5589 I KeyboardHeightUtil: KeyboardHeightUtil.calculateMaxKeyboardBodyHeight():50 leave 267 height for app when ime window height:2171, header height:121 and isFullscreenMode:false, so the max keyboard body height is:1783
10-18 04:12:10.105  5589  5589 I KeyboardHeightUtil: KeyboardHeightUtil.calculateMaxKeyboardBodyHeight():50 leave 267 height for app when ime window height:2171, header height:121 and isFullscreenMode:false, so the max keyboard body height is:1783
10-18 04:12:10.105  5589  5589 I AndroidIME: KeyboardViewManager.updateKeyboardBodyViewHolderPaddingBottom():472 Set finalPaddingBottom = 5 while holderPaddingBottom = 5; navigationHeight = 116
10-18 04:12:10.329  5589  5589 W TooltipLifecycleManager: TooltipLifecycleManager.dismissTooltips():153 Tooltip with id SUGGESTION_VIEW_EDU_MINI_DIALOG not found in tooltipManager.
10-18 04:12:10.354  5589  5589 I KeyboardModeUtils: KeyboardModeUtils.getKeyboardBottomOffset():435 inch: 0.000000 ydpi: 387.429993 adjustKeyboardBottomByDisplaySize: false currentDensityDpi: 440 defaultDensityDpi: 440 keyboardBottomToScreenPx: 0 keyboardBottomToNavBarPx: -116 navBarHeight: 116
10-18 04:12:10.356  5589  5589 I KeyboardHeightUtil: KeyboardHeightUtil.calculateMaxKeyboardBodyHeight():50 leave 267 height for app when ime window height:2171, header height:121 and isFullscreenMode:false, so the max keyboard body height is:1783
10-18 04:12:10.356  5589  5589 I KeyboardHeightUtil: KeyboardHeightUtil.calculateMaxKeyboardBodyHeight():50 leave 267 height for app when ime window height:2171, header height:121 and isFullscreenMode:false, so the max keyboard body height is:1783
10-18 04:12:10.356  5589  5589 I AndroidIME: KeyboardViewManager.updateKeyboardBodyViewHolderPaddingBottom():472 Set finalPaddingBottom = 5 while holderPaddingBottom = 5; navigationHeight = 116
10-18 04:12:10.525 26106 26321 I cn_CronetUrlRequestContext: destroyNativeStreamLocked org.chromium.net.impl.CronetBidirectionalStream@bbcd48b
10-18 04:12:10.525 26036 26460 I cn_CronetUrlRequestContext: destroyNativeStreamLocked org.chromium.net.impl.CronetBidirectionalStream@aaa4e3
10-18 04:12:11.355 14073 14073 I ImeTracker: com.a1taxi.driverpro:eaec814b: onRequestShow at ORIGIN_CLIENT reason SHOW_SOFT_INPUT fromUser false
10-18 04:12:11.360  5589  5589 I GoogleInputMethodService: GoogleInputMethodService.onFinishInputView():1571 onFinishInputView(true)
10-18 04:12:11.360  5589  5589 I GlobeKeyExtension: GlobeKeyExtension.onDeactivate():144 
10-18 04:12:11.360  5589  5589 W TooltipLifecycleManager: TooltipLifecycleManager.dismissTooltips():153 Tooltip with id SUGGESTION_VIEW_EDU_MINI_DIALOG not found in tooltipManager.
10-18 04:12:11.360  5589  5589 I VoiceInputManagerWrapper: VoiceInputManagerWrapper.shutdown():131 shutdown()
10-18 04:12:11.361  5589  5589 W TooltipLifecycleManager: TooltipLifecycleManager.dismissTooltips():153 Tooltip with id spell_check_add_to_dictionary not found in tooltipManager.
10-18 04:12:11.362  5589  5589 I InputBundle: InputBundle.consumeEvent():1032 Skip consuming an event as keyboard status is INACTIVE
10-18 04:12:11.365  5589  5589 I AndroidIME: AbstractIme.onDeactivate():216 LatinIme.onDeactivate()
10-18 04:12:11.366 14073 14073 W RemoteInputConnectionImpl: requestCursorUpdates on inactive InputConnection
10-18 04:12:11.368  5589  5589 I GoogleInputMethodService: GoogleInputMethodService.onFinishInput():2085 
10-18 04:12:11.369  5589  5589 I Module  : DeviceLockedStatusModuleProvider$Module.updateDeviceLockedStatus():100 repeatCheckTimes = 0, locked = false
10-18 04:12:11.370  5589  5589 I GoogleInputMethodService: GoogleInputMethodService.onStartInput():1346 onStartInput(EditorInfo{EditorInfo{packageName=com.a1taxi.driverpro, inputType=80081, inputTypeString=Password[NoSuggestion], enableLearning=false, autoCorrection=false, autoComplete=true, imeOptions=4000006, privateImeOptions=null, actionName=DONE, actionLabel=null, initialSelStart=0, initialSelEnd=0, initialCapsMode=0, label=null, fieldId=1193, fieldName=null, extras=Bundle[mParcelledData.dataSize=404], hintText=non-empty, hintLocales=[]}}, false)
10-18 04:12:11.371  5589  5589 I Module  : DeviceLockedStatusModuleProvider$Module.updateDeviceLockedStatus():100 repeatCheckTimes = 1, locked = false
10-18 04:12:11.371  5589  5589 I HardKeyTracker: HardKeyTracker.unregisterKeySequence():221 Unregister key sequence nfz{labelResId=0, callback=gds@16292cc, lastModifier=0, keyCodes=[57, 57], actions=[1, 0]}
10-18 04:12:11.371  5589  5589 I HardKeyTracker: HardKeyTracker.unregisterKeySequence():221 Unregister key sequence nfz{labelResId=0, callback=gds@31fc21b, lastModifier=0, keyCodes=[58, 58], actions=[1, 0]}
10-18 04:12:11.372  5589  5589 I GoogleInputMethodService: GoogleInputMethodService.onStartInputView():1439 onStartInputView(EditorInfo{EditorInfo{packageName=com.a1taxi.driverpro, inputType=80081, inputTypeString=Password[NoSuggestion], enableLearning=false, autoCorrection=false, autoComplete=true, imeOptions=4000006, privateImeOptions=null, actionName=DONE, actionLabel=null, initialSelStart=0, initialSelEnd=0, initialCapsMode=0, label=null, fieldId=1193, fieldName=null, extras=Bundle[{android.support.text.emoji.emojiCompat_metadataVersion=11, androidx.core.view.inputmethod.EditorInfoCompat.STYLUS_HANDWRITING_ENABLED=false, android.support.text.emoji.emojiCompat_replaceAll=false}], hintText=non-empty, hintLocales=[]}}, false)
10-18 04:12:11.373  5589  6019 I OnDeviceWmrCalculator: OnDeviceWmrCalculator.calculateWmr():94 WMR: 0.0000 (0 / 1)
10-18 04:12:11.373  5589  5589 I KeyboardHeightUtil: KeyboardHeightUtil.getOemKeyboardHeightRatio():108 systemKeyboardHeightRatio:1.000000.
10-18 04:12:11.375  5589  5589 I AndroidIME: InputBundleManager.loadActiveInputBundleId():528 loadActiveInputBundleId: und-Latn-x-password, password
10-18 04:12:11.375  5589  5589 I AndroidIME: AbstractIme.onActivate():96 PasswordIme.onActivate() : EditorInfo = EditorInfo{packageName=com.a1taxi.driverpro, inputType=80081, inputTypeString=Password[NoSuggestion], enableLearning=false, autoCorrection=false, autoComplete=true, imeOptions=4000006, privateImeOptions=null, actionName=DONE, actionLabel=null, initialSelStart=0, initialSelEnd=0, initialCapsMode=0, label=null, fieldId=1193, fieldName=null, extras=Bundle[{android.support.text.emoji.emojiCompat_metadataVersion=11, androidx.core.view.inputmethod.EditorInfoCompat.STYLUS_HANDWRITING_ENABLED=false, android.support.text.emoji.emojiCompat_replaceAll=false}], hintText=non-empty, hintLocales=[]}, IncognitoMode = false, DeviceLocked = false
10-18 04:12:11.376  5589  5589 I KeyboardWrapper: KeyboardWrapper.activateKeyboard():581 activateKeyboard(): type=prime, status=INACTIVE, imeDef=mkk{stringId=password, language=und-Latn-x-password, languageTag=und-Latn-x-password, processedConditions={writing_helper_enable_by_word_revert=false, enable_access_points_in_password_number=true, variant=qwerty, true=true, language=en-US, enable_number_row=true, device=phone, enable_number_row_in_password=true, enable_pk_simulator=false}, className=com.google.android.libraries.inputmethod.ime.password.PasswordIme, label=2132019275, keyEventInterpreter=null, inlineComposing=true, autoCapital=true, announceAutoSelectedCandidate=true, statusIcon=0, indicatorIcon=0, indicatorLabel=null, displayAppCompletions=false, extraValues=mkd{}, processors=mmb@7d3d911, unacceptableMetaKeys=4098, languageSpecificSettings=0, asciiCapable=false, alwaysShowSuggestions=false, useAsciiPasswordKeyboard=false, keyboardGroupDef=mlk@8a8f7a7, phenotypeFlagId=0, localizationLanguageTag=null, supportsInlineSuggestion=false}
10-18 04:12:11.376  5589  5589 I KeyboardManager: KeyboardManager.requestKeyboard():248 Creating keyboard prime, imeId=password, cacheKey=theme,!gsf,!pgsans,!pgsf,!use_system_font,BORDER,FLAVOR_DPI=XXHDPI,GOOGLE_ICONS,KEYBOARD_WIDTH_CATEGORY=NORMAL,KEY_BORDER_SHAPE=1,LIGHT_THEME=false,PHYSICAL_DIAGONAL=5.748144,POPUP,SCREEN_SHORTEST_WIDTH=393,SCREEN_SHORTEST_WIDTH_NO_SCALE=393,XXHDPI,bottom4dp,enable_emoji_kitchen_browse_color_v2=true,enable_google_fonts_icons=true,enable_popup_on_keypress=true,keyboard_redesign_google_sans=true,non_linear_scale,noshadow,overlay_builtin_dynamic_color_dark_base.binarypb:gm3-dark-ff131313-ffffffff-4d9204e36e3ccb6a165e3e3dbe763ce0,roundedchip,silkpopup
10-18 04:12:11.376  5589  5589 I KeyboardWrapper: KeyboardWrapper.onKeyboardReady():224 onKeyboardReady(): type=prime(prime), kb=com.google.android.apps.inputmethod.latin.keyboard.LatinPasswordKeyboard@bcddfb0
10-18 04:12:11.376  5589  5589 I KeyboardWrapper: KeyboardWrapper.doActivateKeyboard():611 doActivateKeyboard(): prime
10-18 04:12:11.382  5589  5589 I KeyboardViewHelper: KeyboardViewHelper.getView():180 Get view with height ratio:1.000000
10-18 04:12:11.383  5589  5589 I KeyboardHeightUtil: KeyboardHeightUtil.calculateMaxKeyboardBodyHeight():50 leave 267 height for app when ime window height:2171, header height:121 and isFullscreenMode:false, so the max keyboard body height is:1783
10-18 04:12:11.384  5589  5589 W TooltipLifecycleManager: TooltipLifecycleManager.dismissTooltips():153 Tooltip with id undo_access_point_promotion_banner not found in tooltipManager.
10-18 04:12:11.384  5589  5589 I GlobeKeyExtension: GlobeKeyExtension.getKeyboardInitialStates():175 
10-18 04:12:11.384  5589  5589 W Keyboard: Keyboard.getKeyboardViewHelper():609 null helper is returned: keyboardDef=mle{processedConditions={show_comma_key=true, enable_more_candidates_view_for_multilingual=false, layout_9key_split=false, enable_secondary_symbols=false, pref_enable_flick_symbols=false, language=en-US, deprecate_long_press_space_for_ime_picker=false, show_suggestion_strip=true, expressions=normal, enable_access_points_in_password_number=true, enable_correction_settings_updates=true, enable_flick_symbols=true, variant=qwerty, show_period_key=true, enable_number_row=true, device=phone, keyboard_mode=normal, show_secondary_digits=false, enable_preemptive_decode=true, enable_pk_simulator=false, bottom_period_popup_slash=false}, globalConditions={global_theme_key=theme,!gsf,!pgsans,!pgsf,!use_system_font,BORDER,FLAVOR_DPI=XXHDPI,GOOGLE_ICONS,KEYBOARD_WIDTH_CATEGORY=NORMAL,KEY_BORDER_SHAPE=1,LIGHT_THEME=false,PHYSICAL_DIAGONAL=5.748144,POPUP,SCREEN_SHORTEST_WIDTH=393,SCREEN_SHORTEST_WIDTH_NO_SCALE=393,XXHDPI,bottom4dp,enable_emoji_kitchen_browse_color_v2=true,enable_google_fonts_icons=true,enable_popup_on_keypress=true,keyboard_redesign_google_sans=true,non_linear_scale,noshadow,overlay_builtin_dynamic_color_dark_base.binarypb:gm3-dark-ff131313-ffffffff-4d9204e36e3ccb6a165e3e3dbe763ce0,roundedchip,silkpopup, global_locale=en_US, global_density_dpi=440, global_orientation=1}, className=.latin.keyboard.LatinPasswordKeyboard, resourceIds=[#0x7f1705fb, #0x7f17088d, #0x7f1706bb], initialStates=0, keyboardViewDefs=[mls{direction=null, id=#0x7f0b0224, isScalable=true, layoutId=#0x7f0e029f, type=BODY, touchable=true, defaultShow=true}, mls{direction=null, id=#0x7f0b0224, isScalable=false, layoutId=#0x7f0e01f9, type=FLOATING_CANDIDATES, touchable=false, defaultShow=false}, mls{direction=LOCALE, id=#0x7f0b0224, isScalable=false, layoutId=#0x7f0e0500, type=HEADER, touchable=true, defaultShow=true}], persistentStates=0, persistentStatesPrefKey=null, popupBubbleLayoutId=#0x7f0e05f1, recentKeyLayoutId=0, recentKeyPopupLayoutId=0, recentKeyType=null, rememberRecentKey=NONE, sessionStates=17592186044419}, type=WIDGET, helpersCreated=[lxm@19fe12f, lxm@109633c, lxm@9a3b8c5, null], context.getResources().getConfiguration(): {1.0 405mcc869mnc [en_US] ldltr sw393dp w393dp h790dp 440dpi nrml long port night finger -keyb/v/h -nav/h winConfig={ mBounds=Rect(0, 0 - 1080, 2392) mAppBounds=Rect(0, 103 - 1080, 2276) mMaxBounds=Rect(0, 0 - 1080, 2392) mDisplayRotation=ROTATION_0 mWindowingMode=fullscreen mActivityType=undefined mAlwaysOnTop=undefined mRotation=ROTATION_0 isEmbedding:false} s.5420 fontWeightAdjustment=0 themeId=2 themeParameter=0 nightModeLevel = -1 typefaceChanged=0.0 ?spacesystem eaMode=1}
10-18 04:12:11.385  5589  5589 I KeyboardHeightUtil: KeyboardHeightUtil.calculateMaxKeyboardBodyHeight():50 leave 267 height for app when ime window height:2171, header height:121 and isFullscreenMode:false, so the max keyboard body height is:1783
10-18 04:12:11.385  5589  5589 I AndroidIME: InputBundleManager.startInput():358 startInput() with mlo[keyboardType=prime, payload=null]
10-18 04:12:11.385  5589  5589 I GlobeKeyExtension: GlobeKeyExtension.onActivate():120 
10-18 04:12:11.387  5589  5589 I LanguagePromoExtension: LanguagePromoExtension.checkDisplayPreconditions():174 Not show language promo: exceeds the max display times.
10-18 04:12:11.387  5589  5589 I NewLanguagePromptExtension: NewLanguagePromptExtension.onActivate():189 Not activated NewLanguagePromptExtension: not a normal text input box.
10-18 04:12:11.387  5589  5589 I HardKeyTracker: HardKeyTracker.unregisterKeySequence():221 Unregister key sequence nfz{labelResId=2132020497, callback=cgp@fba22d5, lastModifier=2, keyCodes=[56], actions=[0]}
10-18 04:12:11.387  5589  5589 I HardKeyTracker: HardKeyTracker.unregisterKeySequence():221 Unregister key sequence nfz{labelResId=2132020497, callback=cgp@9343478, lastModifier=0, keyCodes=[317], actions=[0]}
10-18 04:12:11.388  5589  5589 I HardKeyTracker: HardKeyTracker.registerKeySequence():170 Register key sequence nfz{labelResId=2132020497, callback=cgp@f60e204, lastModifier=2, keyCodes=[56], actions=[0]}
10-18 04:12:11.388  5589  5589 I HardKeyTracker: HardKeyTracker.registerKeySequence():170 Register key sequence nfz{labelResId=2132020497, callback=cgp@872e4b3, lastModifier=0, keyCodes=[317], actions=[0]}
10-18 04:12:11.388  5589  5589 I VoiceInputManagerWrapper: VoiceInputManagerWrapper.cancelShutdown():109 cancelShutdown()
10-18 04:12:11.388  5589  5589 I VoiceInputManagerWrapper: VoiceInputManagerWrapper.syncLanguagePacks():121 syncLanguagePacks()
10-18 04:12:11.388  5589  5589 I VoiceInputManager: VoiceInputManager.onKeyboardActivated():1173 onKeyboardActivated() [UD]
10-18 04:12:11.388  5589  6558 I SpeechFactory: SpeechRecognitionFactory.maybeScheduleAutoPackDownloadForFallback():217 maybeScheduleAutoPackDownloadForFallback()
10-18 04:12:11.388  5589  5589 I PkModeUpdater: PkModeUpdater.onActivate():74 onActivate false true
10-18 04:12:11.388  5589  6558 I FallbackOnDeviceRecognitionProvider: FallbackOnDeviceRecognitionProvider.maybeScheduleAutoPackDownload():205 maybeScheduleAutoPackDownload() for language tag en-US
10-18 04:12:11.388  5589  5589 I AccessoryInputModeManager: AccessoryInputModeManager.onModeStarted():318 Accessory input mode started: null
10-18 04:12:11.389  5589  5589 W SupplementaryKeyboardsWrapper: SupplementaryKeyboardsWrapper.deactivateKeyboard():161 keyboard accessory_candidates_consumer is not activated before!
10-18 04:12:11.389  5589  5589 I KeyboardModeUtils: KeyboardModeUtils.getKeyboardBottomOffset():435 inch: 0.000000 ydpi: 387.429993 adjustKeyboardBottomByDisplaySize: false currentDensityDpi: 440 defaultDensityDpi: 440 keyboardBottomToScreenPx: 0 keyboardBottomToNavBarPx: -116 navBarHeight: 116
10-18 04:12:11.389  5589  5589 I KeyboardHeightUtil: KeyboardHeightUtil.calculateMaxKeyboardBodyHeight():50 leave 267 height for app when ime window height:2171, header height:121 and isFullscreenMode:false, so the max keyboard body height is:1783
10-18 04:12:11.389  5589  5589 I KeyboardHeightUtil: KeyboardHeightUtil.calculateMaxKeyboardBodyHeight():50 leave 267 height for app when ime window height:2171, header height:121 and isFullscreenMode:false, so the max keyboard body height is:1783
10-18 04:12:11.389  5589  5589 I AndroidIME: KeyboardViewManager.updateKeyboardBodyViewHolderPaddingBottom():472 Set finalPaddingBottom = 5 while holderPaddingBottom = 5; navigationHeight = 116
10-18 04:12:11.389  5589  5589 I KeyboardHeightUtil: KeyboardHeightUtil.calculateMaxKeyboardBodyHeight():50 leave 267 height for app when ime window height:2171, header height:121 and isFullscreenMode:false, so the max keyboard body height is:1783
10-18 04:12:11.390  5589  5589 I KeyboardHeightUtil: KeyboardHeightUtil.calculateMaxKeyboardBodyHeight():50 leave 267 height for app when ime window height:2171, header height:121 and isFullscreenMode:false, so the max keyboard body height is:1783
10-18 04:12:11.390  5589  5589 W ExtensionWrapper: ExtensionWrapper.setExtensionViewVisibility():811 interface mas is not activate
10-18 04:12:11.391  5589  5589 I Module  : DeviceLockedStatusModuleProvider$Module.updateDeviceLockedStatus():100 repeatCheckTimes = 1, locked = false
10-18 04:12:11.391  5589  5589 I HardKeyTracker: HardKeyTracker.unregisterKeySequence():221 Unregister key sequence nfz{labelResId=2132020501, callback=cgp@1a5f533, lastModifier=2, keyCodes=[48], actions=[0]}
10-18 04:12:11.391  5589  5589 I HardKeyTracker: HardKeyTracker.registerKeySequence():170 Register key sequence nfz{labelResId=2132020501, callback=cgp@320e37a, lastModifier=2, keyCodes=[48], actions=[0]}
10-18 04:12:11.391  5589  5589 I HardKeyTracker: HardKeyTracker.unregisterKeySequence():221 Unregister key sequence nfz{labelResId=2132020501, callback=cgp@3b2f025, lastModifier=2, keyCodes=[48], actions=[0]}
10-18 04:12:11.391  5589  5589 I HardKeyTracker: HardKeyTracker.registerKeySequence():170 Register key sequence nfz{labelResId=2132020501, callback=cgp@a351b07, lastModifier=2, keyCodes=[48], actions=[0]}
10-18 04:12:11.392  5589  5589 I HardKeyTracker: HardKeyTracker.unregisterKeySequence():221 Unregister key sequence nfz{labelResId=2132020497, callback=cgp@14ffedd, lastModifier=2, keyCodes=[56], actions=[0]}
10-18 04:12:11.392  5589  5589 I HardKeyTracker: HardKeyTracker.unregisterKeySequence():221 Unregister key sequence nfz{labelResId=2132020497, callback=cgp@5a6a620, lastModifier=0, keyCodes=[317], actions=[0]}
10-18 04:12:11.392  5589  5589 I HardKeyTracker: HardKeyTracker.registerKeySequence():170 Register key sequence nfz{labelResId=2132020497, callback=cgp@eed2f1e, lastModifier=2, keyCodes=[56], actions=[0]}
10-18 04:12:11.392  5589  5589 I HardKeyTracker: HardKeyTracker.registerKeySequence():170 Register key sequence nfz{labelResId=2132020497, callback=cgp@4f68015, lastModifier=0, keyCodes=[317], actions=[0]}
10-18 04:12:11.393  5589  5589 I HardKeyTracker: HardKeyTracker.unregisterKeySequence():221 Unregister key sequence nfz{labelResId=2132020502, callback=cgp@f392c95, lastModifier=2, keyCodes=[32], actions=[0]}
10-18 04:12:11.393  5589  5589 I HardKeyTracker: HardKeyTracker.registerKeySequence():170 Register key sequence nfz{labelResId=2132020502, callback=cgp@4a203f6, lastModifier=2, keyCodes=[32], actions=[0]}
10-18 04:12:11.394  5589  5589 I HardKeyTracker: HardKeyTracker.unregisterKeySequence():221 Unregister key sequence nfz{labelResId=2132020502, callback=cgp@360ac02, lastModifier=2, keyCodes=[32], actions=[0]}
10-18 04:12:11.395  5589  5589 I HardKeyTracker: HardKeyTracker.registerKeySequence():170 Register key sequence nfz{labelResId=2132020502, callback=cgp@5fca70b, lastModifier=2, keyCodes=[32], actions=[0]}
10-18 04:12:11.395  5589  5589 I StylusModule: StylusModule.onUpdateToolType():800 Update tool type = 1
10-18 04:12:11.396  5589  5589 I StylusModule: StylusModule.onUpdateToolType():800 Update tool type = 1
10-18 04:12:11.399 14073 14073 D InsetsController: show(ime(), fromIme=true)
10-18 04:12:11.399 14073 14073 I ImeTracker: com.a1taxi.driverpro:264b6cd9: onCancelled at PHASE_CLIENT_APPLY_ANIMATION
10-18 04:12:11.403  5589  5589 I KeyboardModeUtils: KeyboardModeUtils.getKeyboardBottomOffset():435 inch: 0.000000 ydpi: 387.429993 adjustKeyboardBottomByDisplaySize: false currentDensityDpi: 440 defaultDensityDpi: 440 keyboardBottomToScreenPx: 0 keyboardBottomToNavBarPx: -116 navBarHeight: 116
10-18 04:12:11.403  5589  5589 I KeyboardHeightUtil: KeyboardHeightUtil.calculateMaxKeyboardBodyHeight():50 leave 267 height for app when ime window height:2171, header height:121 and isFullscreenMode:false, so the max keyboard body height is:1783
10-18 04:12:11.403  5589  5589 I KeyboardHeightUtil: KeyboardHeightUtil.calculateMaxKeyboardBodyHeight():50 leave 267 height for app when ime window height:2171, header height:121 and isFullscreenMode:false, so the max keyboard body height is:1783
10-18 04:12:11.404  5589  5589 I AndroidIME: KeyboardViewManager.updateKeyboardBodyViewHolderPaddingBottom():472 Set finalPaddingBottom = 5 while holderPaddingBottom = 5; navigationHeight = 116
10-18 04:12:11.404  5589  5589 I WindowMetricsNotification: WindowMetricsNotification.notifyWithWindow():166 
10-18 04:12:11.404  5589  5589 I WindowMetricsNotification: WindowMetricsNotification.notify():159 pfu[bounds=Rect(0, 105 - 1080, 2392), insets=Rect(0, 0 - 0, 116), densityDpi=440, smallestScreenWidthDp=393, displayWidth=1080, displayHeight=2392, xdpi=387.43, ydpi=387.43, isTrustable=true, displayId=0]; DisplayMetrics{density=2.75, width=1080, height=2392, scaledDensity=2.75, xdpi=387.43, ydpi=387.43}
10-18 04:12:11.406 14073 14073 D InsetsController: show(ime(), fromIme=true)
10-18 04:12:11.407 14073 14073 I ImeTracker: com.a1taxi.driverpro:eaec814b: onCancelled at PHASE_CLIENT_APPLY_ANIMATION
10-18 04:12:11.413  5589  5589 I GoogleInputMethodService: GoogleInputMethodService$1.onKeyboardViewShown():325 onKeyboardViewShown: keyboardType=prime, keyboardViewType=HEADER keyboardView=com.google.android.libraries.inputmethod.widgets.SoftKeyboardView{b41a1a9 V.E...... ........ 0,0-1080,121}
10-18 04:12:11.413  5589  5589 I KeyboardHeightUtil: KeyboardHeightUtil.calculateMaxKeyboardBodyHeight():50 leave 267 height for app when ime window height:2171, header height:121 and isFullscreenMode:false, so the max keyboard body height is:1783
10-18 04:12:11.413  5589  5589 I GoogleInputMethodService: GoogleInputMethodService$1.onKeyboardViewShown():325 onKeyboardViewShown: keyboardType=prime, keyboardViewType=BODY keyboardView=com.google.android.libraries.inputmethod.widgets.SoftKeyboardView{c4aa611 V.E...... ........ 0,0-1080,693}
10-18 04:12:11.413  5589  5589 I KeyboardHeightUtil: KeyboardHeightUtil.calculateMaxKeyboardBodyHeight():50 leave 267 height for app when ime window height:2171, header height:121 and isFullscreenMode:false, so the max keyboard body height is:1783
10-18 04:12:11.413  5589  5589 I GlobeKeyExtension: GlobeKeyExtension$1.onKeyboardViewShown():72 maybeDisableLanguageSwitchKeyPref when the keyboard is shown
10-18 04:12:11.413  5589  5589 I GlobeKeyExtension: GlobeKeyExtension.maybeDisableLanguageSwitchKeyPref():200 maybeDisableLanguageSwitchKeyPref hasGlobeKeyBeenDisabled: false, shouldDisableLanguageSwitchKey: false
10-18 04:12:11.413  5589  5589 I NewLanguagePromptExtension: NewLanguagePromptExtension$1.onKeyboardViewShown():88 Not show new language banner: not prime keyboard, or the extension not activated.
10-18 04:12:11.415  3458  3458 V InlinePresentationRendererServiceImpl: onRenderSuggestion: width=-2, height=-2
10-18 04:12:11.419  3458  3458 V InlineSuggestionRenderService: width=-2, height=-2, measuredSize=366x121
10-18 04:12:11.434  1870  1976 D AutofillSession: onShown(): 2, 1
10-18 04:12:11.437  5589  5589 I ProactiveSuggestionsHolderManager: ProactiveSuggestionsHolderManager$2.display():195 Requesting to show proactive suggestions: AUTO_FILL PREEMPTIVE_WITH_SUPPRESSION
10-18 04:12:11.441  3458  3458 D ViewRootImpl: AppSizeAfterRelayout, size: Point(366, 121), rotation: ROTATION_0
10-18 04:12:11.441  3458  3458 D BufferQueueConsumer: [](id:d8200000143,api:0,p:-1,c:3458) connect: controlledByApp=false
10-18 04:12:11.443  3458  3458 D BLASTBufferQueue: [VRI[]#323](f:0,a:0) constructor()
10-18 04:12:11.443  3458  3458 D BLASTBufferQueue: [VRI[]#323](f:0,a:0) update width=366 height=121 format=-2 mTransformHint=0
10-18 04:12:11.446  5589  5589 D BufferQueueConsumer: [](id:15d5000006a0,api:0,p:-1,c:5589) connect: controlledByApp=false
10-18 04:12:11.447  5589  5589 D BLASTBufferQueue: [SurfaceView[InputMethod]#1696](f:0,a:0) constructor()
10-18 04:12:11.447  5589  5589 D BLASTBufferQueue: [SurfaceView[InputMethod]#1696](f:0,a:0) update width=770 height=121 format=-2 mTransformHint=0
10-18 04:12:11.449  1870  3261 D BatteryStatsService: noteVideoSurfaceChanged  noteWhich: 49,arg1: 770, arg2: 121, arg3: 5589, arg4: 85241, name: com.google.android.inputmethod.latin
10-18 04:12:11.451  5589  5589 I ProactiveSuggestionsHolderManager: ProactiveSuggestionsHolderManager$Holder.setSuggestionsAndShow():898 succeed to show proactive suggestions AUTO_FILL PREEMPTIVE_WITH_SUPPRESSION
10-18 04:12:11.453  5589  5589 I KeyboardModeUtils: KeyboardModeUtils.getKeyboardBottomOffset():435 inch: 0.000000 ydpi: 387.429993 adjustKeyboardBottomByDisplaySize: false currentDensityDpi: 440 defaultDensityDpi: 440 keyboardBottomToScreenPx: 0 keyboardBottomToNavBarPx: -116 navBarHeight: 116
10-18 04:12:11.454  5589  5589 I KeyboardHeightUtil: KeyboardHeightUtil.calculateMaxKeyboardBodyHeight():50 leave 267 height for app when ime window height:2171, header height:121 and isFullscreenMode:false, so the max keyboard body height is:1783
10-18 04:12:11.454  5589  5589 I KeyboardHeightUtil: KeyboardHeightUtil.calculateMaxKeyboardBodyHeight():50 leave 267 height for app when ime window height:2171, header height:121 and isFullscreenMode:false, so the max keyboard body height is:1783
10-18 04:12:11.454  5589  5589 I AndroidIME: KeyboardViewManager.updateKeyboardBodyViewHolderPaddingBottom():472 Set finalPaddingBottom = 5 while holderPaddingBottom = 5; navigationHeight = 116
10-18 04:12:11.455  3458 31463 D BLASTBufferQueue: [VRI[]#323](f:0,a:1) acquireNextBufferLocked size=366x121 mFrameNumber=1 applyTransaction=true mTimestamp=574610932533863(auto) mPendingTransactions.size=0 graphicBufferId=14851996911829 transform=0
10-18 04:12:11.457  5589  5589 D BufferQueueConsumer: [](id:15d5000006a1,api:0,p:-1,c:5589) connect: controlledByApp=false
10-18 04:12:11.458  5589  5589 D BLASTBufferQueue: [SurfaceView[InputMethod]#1697](f:0,a:0) constructor()
10-18 04:12:11.458  5589  5589 D BLASTBufferQueue: [SurfaceView[InputMethod]#1697](f:0,a:0) update width=366 height=121 format=-2 mTransformHint=0
10-18 04:12:11.460  1870  3261 D BatteryStatsService: noteVideoSurfaceChanged  noteWhich: 49,arg1: 366, arg2: 121, arg3: 5589, arg4: 96412, name: com.google.android.inputmethod.latin
10-18 04:12:11.463  5589  5657 D BLASTBufferQueue: [SurfaceView[InputMethod]#1697](f:0,a:1) acquireNextBufferLocked size=366x121 mFrameNumber=1 applyTransaction=true mTimestamp=574610943917171(auto) mPendingTransactions.size=0 graphicBufferId=24004572223591 transform=0
10-18 04:12:11.464  1870  1929 D BatteryStatsService: noteVideoSurfaceChanged  noteWhich: 49,arg1: 184, arg2: 13, arg3: 5589, arg4: 96412, name: com.google.android.inputmethod.latin
10-18 04:12:11.465  1870  1929 D BatteryStatsService: noteVideoSurfaceChanged  noteWhich: 49,arg1: 770, arg2: 121, arg3: 5589, arg4: 85241, name: com.google.android.inputmethod.latin
10-18 04:12:11.470  1870  1929 D BatteryStatsService: noteVideoSurfaceChanged  noteWhich: 49,arg1: 220, arg2: 35, arg3: 5589, arg4: 96412, name: com.google.android.inputmethod.latin
10-18 04:12:11.490  1870  1929 D BatteryStatsService: noteVideoSurfaceChanged  noteWhich: 49,arg1: 256, arg2: 55, arg3: 5589, arg4: 96412, name: com.google.android.inputmethod.latin
10-18 04:12:11.506  1870  1929 D BatteryStatsService: noteVideoSurfaceChanged  noteWhich: 49,arg1: 286, arg2: 73, arg3: 5589, arg4: 96412, name: com.google.android.inputmethod.latin
10-18 04:12:11.523  1870  1929 D BatteryStatsService: noteVideoSurfaceChanged  noteWhich: 49,arg1: 310, arg2: 87, arg3: 5589, arg4: 96412, name: com.google.android.inputmethod.latin
10-18 04:12:11.540  1870  1929 D BatteryStatsService: noteVideoSurfaceChanged  noteWhich: 49,arg1: 330, arg2: 101, arg3: 5589, arg4: 96412, name: com.google.android.inputmethod.latin
10-18 04:12:11.557  1870  1929 D BatteryStatsService: noteVideoSurfaceChanged  noteWhich: 49,arg1: 346, arg2: 109, arg3: 5589, arg4: 96412, name: com.google.android.inputmethod.latin
10-18 04:12:11.573  1870  1929 D BatteryStatsService: noteVideoSurfaceChanged  noteWhich: 49,arg1: 358, arg2: 117, arg3: 5589, arg4: 96412, name: com.google.android.inputmethod.latin
10-18 04:12:11.589  1870  1929 D BatteryStatsService: noteVideoSurfaceChanged  noteWhich: 49,arg1: 364, arg2: 121, arg3: 5589, arg4: 96412, name: com.google.android.inputmethod.latin
10-18 04:12:11.608  1870  1929 D BatteryStatsService: noteVideoSurfaceChanged  noteWhich: 49,arg1: 366, arg2: 121, arg3: 5589, arg4: 96412, name: com.google.android.inputmethod.latin
10-18 04:12:11.673 26106 26321 I cn_CronetUrlRequestContext: destroyNativeStreamLocked org.chromium.net.impl.CronetBidirectionalStream@e49ce0a
10-18 04:12:12.079  5589  5589 W TooltipLifecycleManager: TooltipLifecycleManager.dismissTooltips():153 Tooltip with id SUGGESTION_VIEW_EDU_MINI_DIALOG not found in tooltipManager.
10-18 04:12:12.084  1870  1929 D BatteryStatsService: noteVideoSurfaceChanged  noteWhich: 49,arg1: -1, arg2: -1, arg3: 5589, arg4: 96412, name: com.google.android.inputmethod.latin
10-18 04:12:12.085  5589  5657 E BufferQueueProducer: [SurfaceView[InputMethod]#1697(BLAST Consumer)1697](id:15d5000006a1,api:0,p:-1,c:5589) disconnect: not connected (req=1)
10-18 04:12:12.085  5589  5657 W libEGL  : EGLNativeWindowType 0xb4000077e02330a0 disconnect failed
10-18 04:12:12.086  5589  5589 D BLASTBufferQueue: [SurfaceView[InputMethod]#1697](f:0,a:1) destructor()
10-18 04:12:12.086  5589  5589 D BufferQueueConsumer: [SurfaceView[InputMethod]#1697(BLAST Consumer)1697](id:15d5000006a1,api:0,p:-1,c:5589) disconnect
10-18 04:12:12.089  5589  5589 W TooltipLifecycleManager: TooltipLifecycleManager.dismissTooltips():153 Tooltip with id SUGGESTION_VIEW_EDU_MINI_DIALOG not found in tooltipManager.
