10-18 04:12:23.389 26036 26172 I FusedLocation: (REDACTED) location delivery to %s blocked - too fast
10-18 04:12:23.390 26036 26172 I FusedLocation: (REDACTED) location delivery to %s blocked - too close
10-18 04:12:23.391 26036 26172 I FusedLocation: (REDACTED) location delivery to %s blocked - too close
10-18 04:12:23.391 26036 26172 I FusedLocation: (REDACTED) location delivery to %s blocked - too fast
10-18 04:12:23.399 14073 14073 I TaskService: Handling intent with task name 'background-location-task' and app scoping identifier 'com.a1taxi.driverpro'.
10-18 04:12:23.403 14073 14073 W JobInfo : Job 'com.a1taxi.driverpro/expo.modules.taskManager.TaskJobService#0' has a deadline with no functional constraints. The deadline won't improve job execution latency. Consider removing the deadline.
10-18 04:12:23.418 14073 14073 I TaskService: Handling job with task name 'background-location-task' for app with scoping identifier 'com.a1taxi.driverpro'.
10-18 04:12:23.419 26106 26106 D BoundBrokerSvc: onUnbind: Intent { act=com.google.android.gms.inappreach.service.START dat=chimera-action:/... cmp=com.google.android.gms/.chimera.GmsApiService }
10-18 04:12:23.420 14073 16194 I ReactNativeJS: '📍 Background location update:', [ { timestamp: 1760740938303,
10-18 04:12:23.420 14073 16194 I ReactNativeJS:     mocked: false,
10-18 04:12:23.420 14073 16194 I ReactNativeJS:     coords: 
10-18 04:12:23.420 14073 16194 I ReactNativeJS:      { altitude: 770.8999633789062,
10-18 04:12:23.420 14073 16194 I ReactNativeJS:        heading: 0,
10-18 04:12:23.420 14073 16194 I ReactNativeJS:        altitudeAccuracy: 1.2226040363311768,
10-18 04:12:23.420 14073 16194 I ReactNativeJS:        latitude: 12.7486302,
10-18 04:12:23.420 14073 16194 I ReactNativeJS:        speed: 0,
10-18 04:12:23.420 14073 16194 I ReactNativeJS:        longitude: 77.8298081,
10-18 04:12:23.420 14073 16194 I ReactNativeJS:        accuracy: 20 } },
10-18 04:12:23.420 14073 16194 I ReactNativeJS:   { timestamp: 1760740943333,
10-18 04:12:23.420 14073 16194 I ReactNativeJS:     mocked: false,
10-18 04:12:23.420 14073 16194 I ReactNativeJS:     coords: 
10-18 04:12:23.420 14073 16194 I ReactNativeJS:      { altitude: 770.8999633789062,
10-18 04:12:23.420 14073 16194 I ReactNativeJS:        heading: 0,
10-18 04:12:23.420 14073 16194 I ReactNativeJS:        altitudeAccuracy: 1.2226040363311768,
10-18 04:12:23.420 14073 16194 I ReactNativeJS:        latitude: 12.7486302,
10-18 04:12:23.420 14073 16194 I ReactNativeJS:        speed: 0,
10-18 04:12:23.420 14073 16194 I ReactNativeJS:        longitude: 77.8298081,
10-18 04:12:23.420 14073 16194 I ReactNativeJS:        accuracy: 20 } } ]
10-18 04:12:23.424 14073 16194 I ReactNativeJS: 📤 Attempting to send background location...
10-18 04:12:23.424 14073 16194 E ReactNativeJS: ❌ EXPO_PUBLIC_SUPABASE_URL is not configured properly in background service
10-18 04:12:23.425 14073 16194 I ReactNativeJS: ⚠️ Skipping background location update - edge function not available
10-18 04:12:23.426 14073 16185 I TaskService: Finished task 'background-location-task' with eventId 'abec4e9c-468d-4869-bc7a-fc54254dc7bc'.
10-18 04:12:23.427 14073 16195 E unknown:ReactNative: console.error: ❌ EXPO_PUBLIC_SUPABASE_URL is not configured properly in background service, js engine: hermes, stack:
10-18 04:12:23.427 14073 16195 E unknown:ReactNative: _construct@1:117842
10-18 04:12:23.427 14073 16195 E unknown:ReactNative: Wrapper@1:117496
10-18 04:12:23.427 14073 16195 E unknown:ReactNative: _callSuper@1:115478
10-18 04:12:23.427 14073 16195 E unknown:ReactNative: SyntheticError@1:116983
10-18 04:12:23.427 14073 16195 E unknown:ReactNative: reactConsoleErrorHandler@1:116629
10-18 04:12:23.427 14073 16195 E unknown:ReactNative: ?anon_0_@1:1972655
10-18 04:12:23.427 14073 16195 E unknown:ReactNative: asyncGeneratorStep@1:573272
10-18 04:12:23.427 14073 16195 E unknown:ReactNative: _next@1:573529
10-18 04:12:23.427 14073 16195 E unknown:ReactNative: anonymous@1:136226
10-18 04:12:23.427 14073 16195 E unknown:ReactNative: _callTimer@1:135225
10-18 04:12:23.427 14073 16195 E unknown:ReactNative: _callReactNativeMicrotasksPass@1:135369
10-18 04:12:23.427 14073 16195 E unknown:ReactNative: callReactNativeMicrotasks@1:137289
10-18 04:12:23.427 14073 16195 E unknown:ReactNative: __callReactNativeMicrotasks@1:101038
10-18 04:12:23.427 14073 16195 E unknown:ReactNative: anonymous@1:100174
10-18 04:12:23.427 14073 16195 E unknown:ReactNative: __guard@1:100912
10-18 04:12:23.427 14073 16195 E unknown:ReactNative: flushedQueue@1:100085
10-18 04:12:23.427 14073 16195 E unknown:ReactNative: invokeCallbackAndReturnFlushedQueue@1:100028
10-18 04:12:23.891 26106 26106 D BoundBrokerSvc: onUnbind: Intent { act=com.google.android.gms.wallet.service.BIND pkg=com.google.android.gms }
10-18 04:12:23.968 14073 16194 I ReactNativeJS: 🔄 Auto-refreshing rides (2-second interval)...
10-18 04:12:23.969 14073 16194 I ReactNativeJS: === LOADING RIDES ===
10-18 04:12:23.969 14073 16194 I ReactNativeJS: 'Driver ID:', 'eb91d7e5-e2f2-4021-a8c8-3739a3d4cae4'
10-18 04:12:23.969 14073 16194 I ReactNativeJS: 'Driver User ID:', '1c4ac410-54d8-4b5e-960b-3afcbebd115d'
10-18 04:12:23.980 14073 16194 I ReactNativeJS: 🔍 Loading current ride...
10-18 04:12:23.983 14073 16194 I ReactNativeJS: === RIDES SCREEN STATE DEBUG ===
10-18 04:12:23.984 14073 16194 I ReactNativeJS: 🔄 Component state updated:
10-18 04:12:23.984 14073 16194 I ReactNativeJS: '  - Current ride:', 'null'
10-18 04:12:23.984 14073 16194 I ReactNativeJS: '  - Pending rides count:', 0
10-18 04:12:23.984 14073 16194 I ReactNativeJS: '  - Driver status:', 'online'
10-18 04:12:23.984 14073 16194 I ReactNativeJS: '  - Loading:', true
10-18 04:12:23.984 14073 16194 I ReactNativeJS: '  - Error:', null
10-18 04:12:23.984 14073 16194 I ReactNativeJS: '  - Show modal:', false
10-18 04:12:23.984 14073 16194 I ReactNativeJS: '  - Timestamp:', '2025-10-17T22:42:23.984Z'
10-18 04:12:23.984 14073 16194 I ReactNativeJS: ❌ NO CURRENT RIDE - showing empty state
10-18 04:12:23.994 26106 26106 D BoundBrokerSvc: onUnbind: Intent { act=com.google.android.mdd.service.START dat=chimera-action:/... cmp=com.google.android.gms/.chimera.GmsBoundBrokerService }
10-18 04:12:24.265 14073 16194 E ReactNativeJS: 'Error loading current ride:', { code: '42804',
10-18 04:12:24.265 14073 16194 E ReactNativeJS:   details: 'Returned type integer does not match expected type numeric in column 19.',
10-18 04:12:24.265 14073 16194 E ReactNativeJS:   hint: null,
10-18 04:12:24.265 14073 16194 E ReactNativeJS:   message: 'structure of query does not match function result type' }
10-18 04:12:24.267 14073 16194 I ReactNativeJS: 🔍 Loading pending ride notifications...
10-18 04:12:24.280 14073 16195 E unknown:ReactNative: console.error: Error loading current ride: {"code":"42804","details":"Returned type integer does not match expected type numeric in column 19.","hint":null,"message":"structure of query does not match function result type"}, js engine: hermes, stack:
10-18 04:12:24.280 14073 16195 E unknown:ReactNative: _construct@1:117842
10-18 04:12:24.280 14073 16195 E unknown:ReactNative: Wrapper@1:117496
10-18 04:12:24.280 14073 16195 E unknown:ReactNative: _callSuper@1:115478
10-18 04:12:24.280 14073 16195 E unknown:ReactNative: SyntheticError@1:116983
10-18 04:12:24.280 14073 16195 E unknown:ReactNative: reactConsoleErrorHandler@1:116629
10-18 04:12:24.280 14073 16195 E unknown:ReactNative: ?anon_0_@1:1995022
10-18 04:12:24.280 14073 16195 E unknown:ReactNative: asyncGeneratorStep@1:573272
10-18 04:12:24.280 14073 16195 E unknown:ReactNative: _next@1:573529
10-18 04:12:24.280 14073 16195 E unknown:ReactNative: anonymous@1:136226
10-18 04:12:24.280 14073 16195 E unknown:ReactNative: _callTimer@1:135225
10-18 04:12:24.280 14073 16195 E unknown:ReactNative: _callReactNativeMicrotasksPass@1:135369
10-18 04:12:24.280 14073 16195 E unknown:ReactNative: callReactNativeMicrotasks@1:137300
10-18 04:12:24.280 14073 16195 E unknown:ReactNative: __callReactNativeMicrotasks@1:101038
10-18 04:12:24.280 14073 16195 E unknown:ReactNative: anonymous@1:100174
10-18 04:12:24.280 14073 16195 E unknown:ReactNative: __guard@1:100912
10-18 04:12:24.280 14073 16195 E unknown:ReactNative: flushedQueue@1:100085
10-18 04:12:24.280 14073 16195 E unknown:ReactNative: invokeCallbackAndReturnFlushedQueue@1:100028
10-18 04:12:24.520 14073 16194 I ReactNativeJS: 📋 Found 0 unread ride notifications
10-18 04:12:24.538 14073 16194 I ReactNativeJS: ✅ No pending ride notifications
10-18 04:12:24.538 14073 16194 I ReactNativeJS: === RIDES SCREEN STATE DEBUG ===
10-18 04:12:24.539 14073 16194 I ReactNativeJS: 🔄 Component state updated:
10-18 04:12:24.539 14073 16194 I ReactNativeJS: '  - Current ride:', 'null'
10-18 04:12:24.539 14073 16194 I ReactNativeJS: '  - Pending rides count:', 0
10-18 04:12:24.539 14073 16194 I ReactNativeJS: '  - Driver status:', 'online'
10-18 04:12:24.539 14073 16194 I ReactNativeJS: '  - Loading:', true
10-18 04:12:24.539 14073 16194 I ReactNativeJS: '  - Error:', null
10-18 04:12:24.539 14073 16194 I ReactNativeJS: '  - Show modal:', false
10-18 04:12:24.539 14073 16194 I ReactNativeJS: '  - Timestamp:', '2025-10-17T22:42:24.539Z'
10-18 04:12:24.539 14073 16194 I ReactNativeJS: ❌ NO CURRENT RIDE - showing empty state
10-18 04:12:24.539 14073 16194 I ReactNativeJS: === RIDE REQUEST MODAL LOGIC DEBUG ===
10-18 04:12:24.539 14073 16194 I ReactNativeJS: 🔄 Checking if should show ride request modal:
10-18 04:12:24.539 14073 16194 I ReactNativeJS: '  - Pending rides:', 0
10-18 04:12:24.540 14073 16194 I ReactNativeJS: '  - Modal already showing:', false
10-18 04:12:24.540 14073 16194 I ReactNativeJS: '  - Driver status:', 'online'
10-18 04:12:24.540 14073 16194 I ReactNativeJS: '  - Has current ride:', false
10-18 04:12:24.540 14073 16194 I ReactNativeJS: ❌ NOT SHOWING MODAL - reasons:
10-18 04:12:24.540 14073 16194 I ReactNativeJS: '🚗 Analysis:', { pendingRidesCount: 0,
10-18 04:12:24.540 14073 16194 I ReactNativeJS:   modalAlreadyShowing: false,
10-18 04:12:24.540 14073 16194 I ReactNativeJS:   driverStatus: 'online',
10-18 04:12:24.540 14073 16194 I ReactNativeJS:   hasCurrentRide: false }
10-18 04:12:24.547 14073 16194 I ReactNativeJS: === RIDES SCREEN STATE DEBUG ===
10-18 04:12:24.548 14073 16194 I ReactNativeJS: 🔄 Component state updated:
10-18 04:12:24.548 14073 16194 I ReactNativeJS: '  - Current ride:', 'null'
10-18 04:12:24.548 14073 16194 I ReactNativeJS: '  - Pending rides count:', 0
10-18 04:12:24.548 14073 16194 I ReactNativeJS: '  - Driver status:', 'online'
10-18 04:12:24.548 14073 16194 I ReactNativeJS: '  - Loading:', false
10-18 04:12:24.548 14073 16194 I ReactNativeJS: '  - Error:', null
10-18 04:12:24.548 14073 16194 I ReactNativeJS: '  - Show modal:', false
10-18 04:12:24.548 14073 16194 I ReactNativeJS: '  - Timestamp:', '2025-10-17T22:42:24.548Z'
10-18 04:12:24.548 14073 16194 I ReactNativeJS: ❌ NO CURRENT RIDE - showing empty state
10-18 04:12:25.201 26036 17499 I FusedOrientationManager: Registering orientation client. [CONTEXT service_id=6 ]
10-18 04:12:25.205 26036 26172 I FusedLocation: (REDACTED) location delivery to %s blocked - too fast
10-18 04:12:25.206 26036 26172 I FusedLocation: (REDACTED) location delivery to %s blocked - too close
10-18 04:12:25.206 26036 26172 I FusedLocation: (REDACTED) location delivery to %s blocked - too fast
10-18 04:12:25.206 26036 26172 I FusedLocation: (REDACTED) location delivery to %s blocked - too close
10-18 04:12:25.207 26036 26172 I FusedLocation: (REDACTED) location delivery to %s blocked - too fast
10-18 04:12:25.207 26036 26172 I FusedLocation: (REDACTED) location delivery to %s blocked - too close
10-18 04:12:25.207 26036 26172 I FusedLocation: (REDACTED) location delivery to %s blocked - too fast
10-18 04:12:25.210 26036 26172 W inertial-anchor: Triggering reinit due to mag declination change
10-18 04:12:25.210 26036 26172 W Looper  : Looper already prepared for this thread with a different value for the LOOPER_PREPARE_ALLOW_NON_CALLBACKS option.
10-18 04:12:25.970 14073 16194 I ReactNativeJS: 🔄 Auto-refreshing rides (2-second interval)...
10-18 04:12:25.970 14073 16194 I ReactNativeJS: === LOADING RIDES ===
10-18 04:12:25.971 14073 16194 I ReactNativeJS: 'Driver ID:', 'eb91d7e5-e2f2-4021-a8c8-3739a3d4cae4'
10-18 04:12:25.972 14073 16194 I ReactNativeJS: 'Driver User ID:', '1c4ac410-54d8-4b5e-960b-3afcbebd115d'
10-18 04:12:25.978 14073 16194 I ReactNativeJS: 🔍 Loading current ride...
10-18 04:12:25.980 14073 16194 I ReactNativeJS: === RIDES SCREEN STATE DEBUG ===
10-18 04:12:25.980 14073 16194 I ReactNativeJS: 🔄 Component state updated:
10-18 04:12:25.980 14073 16194 I ReactNativeJS: '  - Current ride:', 'null'
10-18 04:12:25.980 14073 16194 I ReactNativeJS: '  - Pending rides count:', 0
10-18 04:12:25.980 14073 16194 I ReactNativeJS: '  - Driver status:', 'online'
10-18 04:12:25.980 14073 16194 I ReactNativeJS: '  - Loading:', true
10-18 04:12:25.980 14073 16194 I ReactNativeJS: '  - Error:', null
10-18 04:12:25.980 14073 16194 I ReactNativeJS: '  - Show modal:', false
10-18 04:12:25.980 14073 16194 I ReactNativeJS: '  - Timestamp:', '2025-10-17T22:42:25.980Z'
10-18 04:12:25.980 14073 16194 I ReactNativeJS: ❌ NO CURRENT RIDE - showing empty state
10-18 04:12:26.213 14073 16194 E ReactNativeJS: 'Error loading current ride:', { code: '42804',
10-18 04:12:26.213 14073 16194 E ReactNativeJS:   details: 'Returned type integer does not match expected type numeric in column 19.',
10-18 04:12:26.213 14073 16194 E ReactNativeJS:   hint: null,
10-18 04:12:26.213 14073 16194 E ReactNativeJS:   message: 'structure of query does not match function result type' }
10-18 04:12:26.214 14073 16194 I ReactNativeJS: 🔍 Loading pending ride notifications...
10-18 04:12:26.217  5589  6019 I ProtoXDBBufferWrapper: ProtoXDBBufferWrapper.flushToStorage():158 Flushed 6 data item(s) to storage.
10-18 04:12:26.221 14073 16195 E unknown:ReactNative: console.error: Error loading current ride: {"code":"42804","details":"Returned type integer does not match expected type numeric in column 19.","hint":null,"message":"structure of query does not match function result type"}, js engine: hermes, stack:
10-18 04:12:26.221 14073 16195 E unknown:ReactNative: _construct@1:117842
10-18 04:12:26.221 14073 16195 E unknown:ReactNative: Wrapper@1:117496
10-18 04:12:26.221 14073 16195 E unknown:ReactNative: _callSuper@1:115478
10-18 04:12:26.221 14073 16195 E unknown:ReactNative: SyntheticError@1:116983
10-18 04:12:26.221 14073 16195 E unknown:ReactNative: reactConsoleErrorHandler@1:116629
10-18 04:12:26.221 14073 16195 E unknown:ReactNative: ?anon_0_@1:1995022
10-18 04:12:26.221 14073 16195 E unknown:ReactNative: asyncGeneratorStep@1:573272
10-18 04:12:26.221 14073 16195 E unknown:ReactNative: _next@1:573529
10-18 04:12:26.221 14073 16195 E unknown:ReactNative: anonymous@1:136226
10-18 04:12:26.221 14073 16195 E unknown:ReactNative: _callTimer@1:135225
10-18 04:12:26.221 14073 16195 E unknown:ReactNative: _callReactNativeMicrotasksPass@1:135369
10-18 04:12:26.221 14073 16195 E unknown:ReactNative: callReactNativeMicrotasks@1:137300
10-18 04:12:26.221 14073 16195 E unknown:ReactNative: __callReactNativeMicrotasks@1:101038
10-18 04:12:26.221 14073 16195 E unknown:ReactNative: anonymous@1:100174
10-18 04:12:26.221 14073 16195 E unknown:ReactNative: __guard@1:100912
10-18 04:12:26.221 14073 16195 E unknown:ReactNative: flushedQueue@1:100085
10-18 04:12:26.221 14073 16195 E unknown:ReactNative: invokeCallbackAndReturnFlushedQueue@1:100028
10-18 04:12:26.440 14073 16194 I ReactNativeJS: 📋 Found 0 unread ride notifications
10-18 04:12:26.443 26106 26106 D BoundBrokerSvc: onUnbind: Intent { act=com.google.firebase.dynamiclinks.service.START pkg=com.google.android.gms }
10-18 04:12:26.453 14073 16194 I ReactNativeJS: ✅ No pending ride notifications
10-18 04:12:26.453 14073 16194 I ReactNativeJS: === RIDES SCREEN STATE DEBUG ===
10-18 04:12:26.453 14073 16194 I ReactNativeJS: 🔄 Component state updated:
10-18 04:12:26.454 14073 16194 I ReactNativeJS: '  - Current ride:', 'null'
10-18 04:12:26.454 14073 16194 I ReactNativeJS: '  - Pending rides count:', 0
10-18 04:12:26.454 14073 16194 I ReactNativeJS: '  - Driver status:', 'online'
10-18 04:12:26.454 14073 16194 I ReactNativeJS: '  - Loading:', true
10-18 04:12:26.454 14073 16194 I ReactNativeJS: '  - Error:', null
10-18 04:12:26.454 14073 16194 I ReactNativeJS: '  - Show modal:', false
10-18 04:12:26.454 14073 16194 I ReactNativeJS: '  - Timestamp:', '2025-10-17T22:42:26.454Z'
10-18 04:12:26.454 14073 16194 I ReactNativeJS: ❌ NO CURRENT RIDE - showing empty state
10-18 04:12:26.454 14073 16194 I ReactNativeJS: === RIDE REQUEST MODAL LOGIC DEBUG ===
10-18 04:12:26.454 14073 16194 I ReactNativeJS: 🔄 Checking if should show ride request modal:
10-18 04:12:26.454 14073 16194 I ReactNativeJS: '  - Pending rides:', 0
10-18 04:12:26.454 14073 16194 I ReactNativeJS: '  - Modal already showing:', false
10-18 04:12:26.454 14073 16194 I ReactNativeJS: '  - Driver status:', 'online'
10-18 04:12:26.454 14073 16194 I ReactNativeJS: '  - Has current ride:', false
10-18 04:12:26.454 14073 16194 I ReactNativeJS: ❌ NOT SHOWING MODAL - reasons:
10-18 04:12:26.455 14073 16194 I ReactNativeJS: '🚗 Analysis:', { pendingRidesCount: 0,
10-18 04:12:26.455 14073 16194 I ReactNativeJS:   modalAlreadyShowing: false,
10-18 04:12:26.455 14073 16194 I ReactNativeJS:   driverStatus: 'online',
10-18 04:12:26.455 14073 16194 I ReactNativeJS:   hasCurrentRide: false }
10-18 04:12:26.462 14073 16194 I ReactNativeJS: === RIDES SCREEN STATE DEBUG ===
10-18 04:12:26.462 14073 16194 I ReactNativeJS: 🔄 Component state updated:
10-18 04:12:26.462 14073 16194 I ReactNativeJS: '  - Current ride:', 'null'
10-18 04:12:26.462 14073 16194 I ReactNativeJS: '  - Pending rides count:', 0
10-18 04:12:26.462 14073 16194 I ReactNativeJS: '  - Driver status:', 'online'
10-18 04:12:26.462 14073 16194 I ReactNativeJS: '  - Loading:', false
10-18 04:12:26.462 14073 16194 I ReactNativeJS: '  - Error:', null
10-18 04:12:26.462 14073 16194 I ReactNativeJS: '  - Show modal:', false
10-18 04:12:26.462 14073 16194 I ReactNativeJS: '  - Timestamp:', '2025-10-17T22:42:26.462Z'
10-18 04:12:26.462 14073 16194 I ReactNativeJS: ❌ NO CURRENT RIDE - showing empty state
10-18 04:12:27.206 26036 26051 I NullBinder: NullBinder for com.google.android.gms.lockbox.service.START triggering remote TransactionTooLargeException due to Service without Chimera impl, calling uid: 10202, calling pid: 26106
10-18 04:12:27.207 26036 26051 W .gms.persistent: Large reply transaction of 1056768 bytes, interface descriptor , code 46
10-18 04:12:27.207 26106 26139 E IPCThreadState: Binder transaction failure. id: 422723668, BR_*: 29201, error: -28 (No space left on device)
10-18 04:12:27.207 26106 26139 E JavaBinder: !!! FAILED BINDER TRANSACTION !!!  (parcel size = 408)
10-18 04:12:27.208 26106 26139 W GmsClient: IGmsServiceBroker.getService failed
10-18 04:12:27.208 26106 26139 W GmsClient: android.os.DeadObjectException: Transaction failed on small parcel; remote process probably died, but this could also be caused by running out of binder buffer space
10-18 04:12:27.208 26106 26139 W GmsClient: 	at android.os.BinderProxy.transactNative(Native Method)
10-18 04:12:27.208 26106 26139 W GmsClient: 	at android.os.BinderProxy.transact(BinderProxy.java:692)
10-18 04:12:27.208 26106 26139 W GmsClient: 	at bbkc.a(:com.google.android.gms@253931035@25.39.31 (260400-813878953):33)
10-18 04:12:27.208 26106 26139 W GmsClient: 	at bbid.z(:com.google.android.gms@253931035@25.39.31 (260400-813878953):160)
10-18 04:12:27.208 26106 26139 W GmsClient: 	at baoz.run(:com.google.android.gms@253931035@25.39.31 (260400-813878953):42)
10-18 04:12:27.208 26106 26139 W GmsClient: 	at android.os.Handler.handleCallback(Handler.java:1014)
10-18 04:12:27.208 26106 26139 W GmsClient: 	at android.os.Handler.dispatchMessage(Handler.java:102)
10-18 04:12:27.208 26106 26139 W GmsClient: 	at cmjd.mC(:com.google.android.gms@253931035@25.39.31 (260400-813878953):1)
10-18 04:12:27.208 26106 26139 W GmsClient: 	at cmjd.dispatchMessage(:com.google.android.gms@253931035@25.39.31 (260400-813878953):144)
10-18 04:12:27.208 26106 26139 W GmsClient: 	at android.os.Looper.loopOnce(Looper.java:250)
10-18 04:12:27.208 26106 26139 W GmsClient: 	at android.os.Looper.loop(Looper.java:340)
10-18 04:12:27.208 26106 26139 W GmsClient: 	at android.os.HandlerThread.run(HandlerThread.java:107)
10-18 04:12:27.971 14073 16194 I ReactNativeJS: 🔄 Auto-refreshing rides (2-second interval)...
10-18 04:12:27.971 14073 16194 I ReactNativeJS: === LOADING RIDES ===
10-18 04:12:27.971 14073 16194 I ReactNativeJS: 'Driver ID:', 'eb91d7e5-e2f2-4021-a8c8-3739a3d4cae4'
10-18 04:12:27.971 14073 16194 I ReactNativeJS: 'Driver User ID:', '1c4ac410-54d8-4b5e-960b-3afcbebd115d'
10-18 04:12:27.976 14073 16194 I ReactNativeJS: 🔍 Loading current ride...
10-18 04:12:27.978 14073 16194 I ReactNativeJS: === RIDES SCREEN STATE DEBUG ===
10-18 04:12:27.978 14073 16194 I ReactNativeJS: 🔄 Component state updated:
10-18 04:12:27.978 14073 16194 I ReactNativeJS: '  - Current ride:', 'null'
10-18 04:12:27.978 14073 16194 I ReactNativeJS: '  - Pending rides count:', 0
10-18 04:12:27.978 14073 16194 I ReactNativeJS: '  - Driver status:', 'online'
10-18 04:12:27.978 14073 16194 I ReactNativeJS: '  - Loading:', true
10-18 04:12:27.978 14073 16194 I ReactNativeJS: '  - Error:', null
10-18 04:12:27.978 14073 16194 I ReactNativeJS: '  - Show modal:', false
10-18 04:12:27.978 14073 16194 I ReactNativeJS: '  - Timestamp:', '2025-10-17T22:42:27.978Z'
10-18 04:12:27.978 14073 16194 I ReactNativeJS: ❌ NO CURRENT RIDE - showing empty state
10-18 04:12:28.256 14073 16194 E ReactNativeJS: 'Error loading current ride:', { code: '42804',
10-18 04:12:28.256 14073 16194 E ReactNativeJS:   details: 'Returned type integer does not match expected type numeric in column 19.',
10-18 04:12:28.256 14073 16194 E ReactNativeJS:   hint: null,
10-18 04:12:28.256 14073 16194 E ReactNativeJS:   message: 'structure of query does not match function result type' }
10-18 04:12:28.258 14073 16194 I ReactNativeJS: 🔍 Loading pending ride notifications...
10-18 04:12:28.271 14073 16195 E unknown:ReactNative: console.error: Error loading current ride: {"code":"42804","details":"Returned type integer does not match expected type numeric in column 19.","hint":null,"message":"structure of query does not match function result type"}, js engine: hermes, stack:
10-18 04:12:28.271 14073 16195 E unknown:ReactNative: _construct@1:117842
10-18 04:12:28.271 14073 16195 E unknown:ReactNative: Wrapper@1:117496
10-18 04:12:28.271 14073 16195 E unknown:ReactNative: _callSuper@1:115478
10-18 04:12:28.271 14073 16195 E unknown:ReactNative: SyntheticError@1:116983
10-18 04:12:28.271 14073 16195 E unknown:ReactNative: reactConsoleErrorHandler@1:116629
10-18 04:12:28.271 14073 16195 E unknown:ReactNative: ?anon_0_@1:1995022
10-18 04:12:28.271 14073 16195 E unknown:ReactNative: asyncGeneratorStep@1:573272
10-18 04:12:28.271 14073 16195 E unknown:ReactNative: _next@1:573529
10-18 04:12:28.271 14073 16195 E unknown:ReactNative: anonymous@1:136226
10-18 04:12:28.271 14073 16195 E unknown:ReactNative: _callTimer@1:135225
10-18 04:12:28.271 14073 16195 E unknown:ReactNative: _callReactNativeMicrotasksPass@1:135369
10-18 04:12:28.271 14073 16195 E unknown:ReactNative: callReactNativeMicrotasks@1:137300
10-18 04:12:28.271 14073 16195 E unknown:ReactNative: __callReactNativeMicrotasks@1:101038
10-18 04:12:28.271 14073 16195 E unknown:ReactNative: anonymous@1:100174
10-18 04:12:28.271 14073 16195 E unknown:ReactNative: __guard@1:100912
10-18 04:12:28.271 14073 16195 E unknown:ReactNative: flushedQueue@1:100085
10-18 04:12:28.271 14073 16195 E unknown:ReactNative: invokeCallbackAndReturnFlushedQueue@1:100028
10-18 04:12:28.345 26036 26104 W Settings: Setting airplane_mode_on has moved from android.provider.Settings.System to android.provider.Settings.Global, returning read-only value.
10-18 04:12:28.353 26036 14499 W SystemServiceRegistry: No service published for: wifirtt
10-18 04:12:28.492 14073 16194 I ReactNativeJS: 📋 Found 0 unread ride notifications
10-18 04:12:28.508 14073 16194 I ReactNativeJS: ✅ No pending ride notifications
10-18 04:12:28.508 14073 16194 I ReactNativeJS: === RIDES SCREEN STATE DEBUG ===
10-18 04:12:28.508 14073 16194 I ReactNativeJS: 🔄 Component state updated:
10-18 04:12:28.508 14073 16194 I ReactNativeJS: '  - Current ride:', 'null'
10-18 04:12:28.508 14073 16194 I ReactNativeJS: '  - Pending rides count:', 0
10-18 04:12:28.508 14073 16194 I ReactNativeJS: '  - Driver status:', 'online'
10-18 04:12:28.508 14073 16194 I ReactNativeJS: '  - Loading:', true
10-18 04:12:28.509 14073 16194 I ReactNativeJS: '  - Error:', null
10-18 04:12:28.509 14073 16194 I ReactNativeJS: '  - Show modal:', false
10-18 04:12:28.509 14073 16194 I ReactNativeJS: '  - Timestamp:', '2025-10-17T22:42:28.509Z'
10-18 04:12:28.509 14073 16194 I ReactNativeJS: ❌ NO CURRENT RIDE - showing empty state
10-18 04:12:28.509 14073 16194 I ReactNativeJS: === RIDE REQUEST MODAL LOGIC DEBUG ===
10-18 04:12:28.509 14073 16194 I ReactNativeJS: 🔄 Checking if should show ride request modal:
10-18 04:12:28.509 14073 16194 I ReactNativeJS: '  - Pending rides:', 0
10-18 04:12:28.509 14073 16194 I ReactNativeJS: '  - Modal already showing:', false
10-18 04:12:28.509 14073 16194 I ReactNativeJS: '  - Driver status:', 'online'
10-18 04:12:28.509 14073 16194 I ReactNativeJS: '  - Has current ride:', false
10-18 04:12:28.509 14073 16194 I ReactNativeJS: ❌ NOT SHOWING MODAL - reasons:
10-18 04:12:28.509 14073 16194 I ReactNativeJS: '🚗 Analysis:', { pendingRidesCount: 0,
10-18 04:12:28.509 14073 16194 I ReactNativeJS:   modalAlreadyShowing: false,
10-18 04:12:28.509 14073 16194 I ReactNativeJS:   driverStatus: 'online',
10-18 04:12:28.509 14073 16194 I ReactNativeJS:   hasCurrentRide: false }
10-18 04:12:28.517 14073 16194 I ReactNativeJS: === RIDES SCREEN STATE DEBUG ===
10-18 04:12:28.517 14073 16194 I ReactNativeJS: 🔄 Component state updated:
10-18 04:12:28.517 14073 16194 I ReactNativeJS: '  - Current ride:', 'null'
10-18 04:12:28.517 14073 16194 I ReactNativeJS: '  - Pending rides count:', 0
10-18 04:12:28.517 14073 16194 I ReactNativeJS: '  - Driver status:', 'online'
10-18 04:12:28.517 14073 16194 I ReactNativeJS: '  - Loading:', false
10-18 04:12:28.517 14073 16194 I ReactNativeJS: '  - Error:', null
10-18 04:12:28.517 14073 16194 I ReactNativeJS: '  - Show modal:', false
10-18 04:12:28.517 14073 16194 I ReactNativeJS: '  - Timestamp:', '2025-10-17T22:42:28.517Z'
10-18 04:12:28.517 14073 16194 I ReactNativeJS: ❌ NO CURRENT RIDE - showing empty state
10-18 04:12:28.622 26036 26051 I WifiScanner: onFullResults
10-18 04:12:28.623 26036 26051 I WifiScanner: onFullResults
10-18 04:12:28.623 26036 26236 I WifiScanner: onFullResults
10-18 04:12:28.633 26036 17495 I FrewleTileCacheManagerV: (REDACTED) Fetched %d AP models from cache
10-18 04:12:28.661 26036 26172 I FusedLocation: (REDACTED) location delivery to %s blocked - too fast
10-18 04:12:28.661 26036 26172 I FusedLocation: (REDACTED) location delivery to %s blocked - too close
10-18 04:12:28.661 26036 26172 I FusedLocation: (REDACTED) location delivery to %s blocked - too fast
10-18 04:12:28.661 26036 26172 I FusedLocation: (REDACTED) location delivery to %s blocked - too close
10-18 04:12:28.662 26036 26172 I FusedLocation: (REDACTED) location delivery to %s blocked - too close
10-18 04:12:28.663 26036 26172 I FusedLocation: (REDACTED) location delivery to %s blocked - too fast
10-18 04:12:28.676 26036 26172 I fyyu    : Received empty WiFi-RTT scan. [CONTEXT service_id=6 ]
10-18 04:12:29.972 14073 16194 I ReactNativeJS: 🔄 Auto-refreshing rides (2-second interval)...
10-18 04:12:29.972 14073 16194 I ReactNativeJS: === LOADING RIDES ===
10-18 04:12:29.973 14073 16194 I ReactNativeJS: 'Driver ID:', 'eb91d7e5-e2f2-4021-a8c8-3739a3d4cae4'
10-18 04:12:29.973 14073 16194 I ReactNativeJS: 'Driver User ID:', '1c4ac410-54d8-4b5e-960b-3afcbebd115d'
10-18 04:12:29.979 14073 16194 I ReactNativeJS: 🔍 Loading current ride...
10-18 04:12:29.981 14073 16194 I ReactNativeJS: === RIDES SCREEN STATE DEBUG ===
10-18 04:12:29.981 14073 16194 I ReactNativeJS: 🔄 Component state updated:
10-18 04:12:29.981 14073 16194 I ReactNativeJS: '  - Current ride:', 'null'
10-18 04:12:29.981 14073 16194 I ReactNativeJS: '  - Pending rides count:', 0
10-18 04:12:29.981 14073 16194 I ReactNativeJS: '  - Driver status:', 'online'
10-18 04:12:29.981 14073 16194 I ReactNativeJS: '  - Loading:', true
10-18 04:12:29.981 14073 16194 I ReactNativeJS: '  - Error:', null
10-18 04:12:29.981 14073 16194 I ReactNativeJS: '  - Show modal:', false
10-18 04:12:29.981 14073 16194 I ReactNativeJS: '  - Timestamp:', '2025-10-17T22:42:29.981Z'
10-18 04:12:29.981 14073 16194 I ReactNativeJS: ❌ NO CURRENT RIDE - showing empty state
10-18 04:12:30.189 26036 26172 I FusedLocation: (REDACTED) location delivery to %s blocked - too fast
10-18 04:12:30.189 26036 26172 I FusedLocation: (REDACTED) location delivery to %s blocked - too close
10-18 04:12:30.190 26036 26172 I FusedLocation: (REDACTED) location delivery to %s blocked - too fast
10-18 04:12:30.190 26036 26172 I FusedLocation: (REDACTED) location delivery to %s blocked - too close
10-18 04:12:30.194 26036 26172 I FusedLocation: (REDACTED) location delivery to %s blocked - too fast
10-18 04:12:30.194 26036 26172 I FusedLocation: (REDACTED) location delivery to %s blocked - too close
10-18 04:12:30.194 26036 26172 I FusedLocation: (REDACTED) location delivery to %s blocked - too fast
10-18 04:12:30.200 14073 16194 E ReactNativeJS: 'Error loading current ride:', { code: '42804',
10-18 04:12:30.200 14073 16194 E ReactNativeJS:   details: 'Returned type integer does not match expected type numeric in column 19.',
10-18 04:12:30.200 14073 16194 E ReactNativeJS:   hint: null,
10-18 04:12:30.200 14073 16194 E ReactNativeJS:   message: 'structure of query does not match function result type' }
10-18 04:12:30.201 14073 16194 I ReactNativeJS: 🔍 Loading pending ride notifications...
10-18 04:12:30.208 14073 16195 E unknown:ReactNative: console.error: Error loading current ride: {"code":"42804","details":"Returned type integer does not match expected type numeric in column 19.","hint":null,"message":"structure of query does not match function result type"}, js engine: hermes, stack:
10-18 04:12:30.208 14073 16195 E unknown:ReactNative: _construct@1:117842
10-18 04:12:30.208 14073 16195 E unknown:ReactNative: Wrapper@1:117496
10-18 04:12:30.208 14073 16195 E unknown:ReactNative: _callSuper@1:115478
10-18 04:12:30.208 14073 16195 E unknown:ReactNative: SyntheticError@1:116983
10-18 04:12:30.208 14073 16195 E unknown:ReactNative: reactConsoleErrorHandler@1:116629
10-18 04:12:30.208 14073 16195 E unknown:ReactNative: ?anon_0_@1:1995022
10-18 04:12:30.208 14073 16195 E unknown:ReactNative: asyncGeneratorStep@1:573272
10-18 04:12:30.208 14073 16195 E unknown:ReactNative: _next@1:573529
10-18 04:12:30.208 14073 16195 E unknown:ReactNative: anonymous@1:136226
10-18 04:12:30.208 14073 16195 E unknown:ReactNative: _callTimer@1:135225
10-18 04:12:30.208 14073 16195 E unknown:ReactNative: _callReactNativeMicrotasksPass@1:135369
10-18 04:12:30.208 14073 16195 E unknown:ReactNative: callReactNativeMicrotasks@1:137300
10-18 04:12:30.208 14073 16195 E unknown:ReactNative: __callReactNativeMicrotasks@1:101038
10-18 04:12:30.208 14073 16195 E unknown:ReactNative: anonymous@1:100174
10-18 04:12:30.208 14073 16195 E unknown:ReactNative: __guard@1:100912
10-18 04:12:30.208 14073 16195 E unknown:ReactNative: flushedQueue@1:100085
10-18 04:12:30.208 14073 16195 E unknown:ReactNative: invokeCallbackAndReturnFlushedQueue@1:100028
10-18 04:12:30.814 14073 16194 I ReactNativeJS: 📋 Found 1 unread ride notifications
10-18 04:12:31.201 14073 16194 I ReactNativeJS: ✅ 1 rides are still valid and available
10-18 04:12:31.230 14073 16194 I ReactNativeJS: '✅ Pending rides loaded:', 1
10-18 04:12:31.230 14073 16194 I ReactNativeJS: === RIDES SCREEN STATE DEBUG ===
10-18 04:12:31.230 14073 16194 I ReactNativeJS: 🔄 Component state updated:
10-18 04:12:31.230 14073 16194 I ReactNativeJS: '  - Current ride:', 'null'
10-18 04:12:31.230 14073 16194 I ReactNativeJS: '  - Pending rides count:', 1
10-18 04:12:31.231 14073 16194 I ReactNativeJS: '  - Driver status:', 'online'
10-18 04:12:31.231 14073 16194 I ReactNativeJS: '  - Loading:', true
10-18 04:12:31.231 14073 16194 I ReactNativeJS: '  - Error:', null
10-18 04:12:31.231 14073 16194 I ReactNativeJS: '  - Show modal:', false
10-18 04:12:31.231 14073 16194 I ReactNativeJS: '  - Timestamp:', '2025-10-17T22:42:31.231Z'
10-18 04:12:31.231 14073 16194 I ReactNativeJS: ❌ NO CURRENT RIDE - showing empty state
10-18 04:12:31.231 14073 16194 I ReactNativeJS: === RIDE REQUEST MODAL LOGIC DEBUG ===
10-18 04:12:31.231 14073 16194 I ReactNativeJS: 🔄 Checking if should show ride request modal:
10-18 04:12:31.231 14073 16194 I ReactNativeJS: '  - Pending rides:', 1
10-18 04:12:31.231 14073 16194 I ReactNativeJS: '  - Modal already showing:', false
10-18 04:12:31.231 14073 16194 I ReactNativeJS: '  - Driver status:', 'online'
10-18 04:12:31.231 14073 16194 I ReactNativeJS: '  - Has current ride:', false
10-18 04:12:31.231 14073 16194 I ReactNativeJS: ✅ SHOWING RIDE REQUEST MODAL
10-18 04:12:31.231 14073 16194 I ReactNativeJS: '🚗 Showing ride request modal for:', 'f915fcd1-b449-4a2b-91ab-fb2197fb1611'
10-18 04:12:31.231 14073 16194 I ReactNativeJS: '🚗 Ride details:', { pickup: '59, Lakshmi Narayana Nagar, Hosur, Avalapalli Hudco, Tamil Nadu 635109, India',
10-18 04:12:31.231 14073 16194 I ReactNativeJS:   destination: 'Bagalur, Tamil Nadu, India',
10-18 04:12:31.231 14073 16194 I ReactNativeJS:   customer: 'loik' }
10-18 04:12:31.235 14073 16194 I ReactNativeJS: '🚗 RideRequestModal - Full ride object:', '{\n  "id": "f915fcd1-b449-4a2b-91ab-fb2197fb1611",\n  "ride_code": "PB10V9",\n  "customer_id": "5c465b7a-c0f3-485d-9fb2-9a0f50b831ae",\n  "driver_id": null,\n  "pickup_latitude": 12.7401984,\n  "pickup_longitude": 77.8272768,\n  "pickup_address": "59, Lakshmi Narayana Nagar, Hosur, Avalapalli Hudco, Tamil Nadu 635109, India",\n  "pickup_landmark": null,\n  "destination_latitude": 12.8303987,\n  "destination_longitude": 77.8662369,\n  "destination_address": "Bagalur, Tamil Nadu, India",\n  "destination_landmark": null,\n  "status": "requested",\n  "fare_amount": 418,\n  "distance_km": null,\n  "duration_minutes": null,\n  "payment_status": "pending",\n  "payment_method": "cash",\n  "rating": null,\n  "feedback": null,\n  "cancelled_by": null,\n  "cancellation_reason": null,\n  "booking_type": "regular",\n  "vehicle_type": "sedan",\n  "rental_hours": 4,\n  "pickup_otp": null,\n  "drop_otp": null,\n  "created_at": "2025-10-17T22:42:30.847199+00:00",\n  "updated_at": "2025-10-17T22:42:30.847199+00:00",\n  "scheduled_time": null,\n  "customer": {\n    "id": "5c465b7a-c0f3-485d-9fb2-9a0f50b831ae",\n    "full_name": "loik",\n    "phone_number": "",\n    "email": ""\n  }\n}'
10-18 04:12:31.249 14073 16194 I ReactNativeJS: 🗺️ Fetching trip distance from Google Maps...
10-18 04:12:31.249 14073 16194 I ReactNativeJS: '🗺️ getRouteInfo called with:', { origin: { latitude: 12.7401984, longitude: 77.8272768 },
10-18 04:12:31.249 14073 16194 I ReactNativeJS:   destination: { latitude: 12.8303987, longitude: 77.8662369 } }
10-18 04:12:31.249 14073 16194 I ReactNativeJS: '📡 Calling edge function:', 'https://whubaypabojomdyfqxcf.supabase.co/functions/v1/calculate-distance'
10-18 04:12:31.249 14073 16194 I ReactNativeJS: === RIDES SCREEN STATE DEBUG ===
10-18 04:12:31.249 14073 16194 I ReactNativeJS: 🔄 Component state updated:
10-18 04:12:31.249 14073 16194 I ReactNativeJS: '  - Current ride:', 'null'
10-18 04:12:31.249 14073 16194 I ReactNativeJS: '  - Pending rides count:', 1
10-18 04:12:31.249 14073 16194 I ReactNativeJS: '  - Driver status:', 'online'
10-18 04:12:31.249 14073 16194 I ReactNativeJS: '  - Loading:', false
10-18 04:12:31.249 14073 16194 I ReactNativeJS: '  - Error:', null
10-18 04:12:31.249 14073 16194 I ReactNativeJS: '  - Show modal:', true
10-18 04:12:31.249 14073 16194 I ReactNativeJS: '  - Timestamp:', '2025-10-17T22:42:31.249Z'
10-18 04:12:31.249 14073 16194 I ReactNativeJS: ❌ NO CURRENT RIDE - showing empty state
10-18 04:12:31.249 14073 16194 I ReactNativeJS: === RIDE REQUEST MODAL LOGIC DEBUG ===
10-18 04:12:31.249 14073 16194 I ReactNativeJS: 🔄 Checking if should show ride request modal:
10-18 04:12:31.249 14073 16194 I ReactNativeJS: '  - Pending rides:', 1
10-18 04:12:31.249 14073 16194 I ReactNativeJS: '  - Modal already showing:', true
10-18 04:12:31.249 14073 16194 I ReactNativeJS: '  - Driver status:', 'online'
10-18 04:12:31.249 14073 16194 I ReactNativeJS: '  - Has current ride:', false
10-18 04:12:31.249 14073 16194 I ReactNativeJS: ❌ NOT SHOWING MODAL - reasons:
10-18 04:12:31.250 14073 16194 I ReactNativeJS: '🚗 Analysis:', { pendingRidesCount: 1,
10-18 04:12:31.250 14073 16194 I ReactNativeJS:   modalAlreadyShowing: true,
10-18 04:12:31.250 14073 16194 I ReactNativeJS:   driverStatus: 'online',
10-18 04:12:31.250 14073 16194 I ReactNativeJS:   hasCurrentRide: false }
10-18 04:12:31.250 14073 16194 I ReactNativeJS: '🚗 RideRequestModal - Full ride object:', '{\n  "id": "f915fcd1-b449-4a2b-91ab-fb2197fb1611",\n  "ride_code": "PB10V9",\n  "customer_id": "5c465b7a-c0f3-485d-9fb2-9a0f50b831ae",\n  "driver_id": null,\n  "pickup_latitude": 12.7401984,\n  "pickup_longitude": 77.8272768,\n  "pickup_address": "59, Lakshmi Narayana Nagar, Hosur, Avalapalli Hudco, Tamil Nadu 635109, India",\n  "pickup_landmark": null,\n  "destination_latitude": 12.8303987,\n  "destination_longitude": 77.8662369,\n  "destination_address": "Bagalur, Tamil Nadu, India",\n  "destination_landmark": null,\n  "status": "requested",\n  "fare_amount": 418,\n  "distance_km": null,\n  "duration_minutes": null,\n  "payment_status": "pending",\n  "payment_method": "cash",\n  "rating": null,\n  "feedback": null,\n  "cancelled_by": null,\n  "cancellation_reason": null,\n  "booking_type": "regular",\n  "vehicle_type": "sedan",\n  "rental_hours": 4,\n  "pickup_otp": null,\n  "drop_otp": null,\n  "created_at": "2025-10-17T22:42:30.847199+00:00",\n  "updated_at": "2025-10-17T22:42:30.847199+00:00",\n  "scheduled_time": null,\n  "customer": {\n    "id": "5c465b7a-c0f3-485d-9fb2-9a0f50b831ae",\n    "full_name": "loik",\n    "phone_number": "",\n    "email": ""\n  }\n}'
10-18 04:12:31.274 14073 14073 E unknown:ReactModalHost: Creating new dialog from context: com.a1taxi.driverpro.MainActivity@6bfe869@113240169
10-18 04:12:31.336 14073 14073 D ViewRootImpl: AppSizeAfterRelayout, size: Point(1080, 2392), rotation: ROTATION_0
10-18 04:12:31.336 14073 14073 D BufferQueueConsumer: [](id:36f900000008,api:0,p:-1,c:14073) connect: controlledByApp=false
10-18 04:12:31.337 14073 14073 D BLASTBufferQueue: [VRI[MainActivity]#8](f:0,a:0) constructor()
10-18 04:12:31.337 14073 14073 D BLASTBufferQueue: [VRI[MainActivity]#8](f:0,a:0) update width=1080 height=2392 format=-2 mTransformHint=0
10-18 04:12:31.368 14073 16171 D BLASTBufferQueue: [VRI[MainActivity]#8](f:0,a:1) acquireNextBufferLocked size=1080x2392 mFrameNumber=1 applyTransaction=true mTimestamp=574630848844019(auto) mPendingTransactions.size=0 graphicBufferId=60443074756667 transform=0
10-18 04:12:31.378 14073 14073 E unknown:ReactModalHost: Updating existing dialog with context: com.a1taxi.driverpro.MainActivity@6bfe869@113240169
10-18 04:12:31.410 14073 14073 V ImeFocusController: onWindowFocus: com.android.internal.policy.DecorView{3ff2921 V.E...... R....... 0,0-1080,2392}[MainActivity] softInputMode=STATE_UNSPECIFIED|ADJUST_RESIZE
10-18 04:12:31.417  5589  5589 I GoogleInputMethodService: GoogleInputMethodService.onFinishInput():2085 
10-18 04:12:31.418  5589  5589 I Module  : DeviceLockedStatusModuleProvider$Module.updateDeviceLockedStatus():100 repeatCheckTimes = 0, locked = false
10-18 04:12:31.420  5589  5589 I GoogleInputMethodService: GoogleInputMethodService.onStartInput():1346 onStartInput(EditorInfo{EditorInfo{packageName=com.a1taxi.driverpro, inputType=0, inputTypeString=NULL, enableLearning=false, autoCorrection=false, autoComplete=false, imeOptions=0, privateImeOptions=null, actionName=UNSPECIFIED, actionLabel=null, initialSelStart=-1, initialSelEnd=-1, initialCapsMode=0, label=null, fieldId=0, fieldName=null, extras=null, hintText=null, hintLocales=[]}}, false)
10-18 04:12:31.425  5589  5589 I Module  : DeviceLockedStatusModuleProvider$Module.updateDeviceLockedStatus():100 repeatCheckTimes = 1, locked = false
10-18 04:12:31.942 14073 16194 I ReactNativeJS: '📥 Edge function response status:', 200
10-18 04:12:31.945 14073 16194 I ReactNativeJS: '✅ Distance calculation result from edge function:', { distance: '11.9 km',
10-18 04:12:31.945 14073 16194 I ReactNativeJS:   duration: '19 mins',
10-18 04:12:31.945 14073 16194 I ReactNativeJS:   distanceValue: 11.912,
10-18 04:12:31.945 14073 16194 I ReactNativeJS:   durationValue: 19.133333333333333 }
10-18 04:12:31.945 14073 16194 I ReactNativeJS: '✅ Google Maps trip distance:', 11.912, 'km'
10-18 04:12:31.948 14073 16194 I ReactNativeJS: '🚗 RideRequestModal - Full ride object:', '{\n  "id": "f915fcd1-b449-4a2b-91ab-fb2197fb1611",\n  "ride_code": "PB10V9",\n  "customer_id": "5c465b7a-c0f3-485d-9fb2-9a0f50b831ae",\n  "driver_id": null,\n  "pickup_latitude": 12.7401984,\n  "pickup_longitude": 77.8272768,\n  "pickup_address": "59, Lakshmi Narayana Nagar, Hosur, Avalapalli Hudco, Tamil Nadu 635109, India",\n  "pickup_landmark": null,\n  "destination_latitude": 12.8303987,\n  "destination_longitude": 77.8662369,\n  "destination_address": "Bagalur, Tamil Nadu, India",\n  "destination_landmark": null,\n  "status": "requested",\n  "fare_amount": 418,\n  "distance_km": null,\n  "duration_minutes": null,\n  "payment_status": "pending",\n  "payment_method": "cash",\n  "rating": null,\n  "feedback": null,\n  "cancelled_by": null,\n  "cancellation_reason": null,\n  "booking_type": "regular",\n  "vehicle_type": "sedan",\n  "rental_hours": 4,\n  "pickup_otp": null,\n  "drop_otp": null,\n  "created_at": "2025-10-17T22:42:30.847199+00:00",\n  "updated_at": "2025-10-17T22:42:30.847199+00:00",\n  "scheduled_time": null,\n  "customer": {\n    "id": "5c465b7a-c0f3-485d-9fb2-9a0f50b831ae",\n    "full_name": "loik",\n    "phone_number": "",\n    "email": ""\n  }\n}'
10-18 04:12:31.967 14073 16194 I ReactNativeJS: '🚗 RideRequestModal - Full ride object:', '{\n  "id": "f915fcd1-b449-4a2b-91ab-fb2197fb1611",\n  "ride_code": "PB10V9",\n  "customer_id": "5c465b7a-c0f3-485d-9fb2-9a0f50b831ae",\n  "driver_id": null,\n  "pickup_latitude": 12.7401984,\n  "pickup_longitude": 77.8272768,\n  "pickup_address": "59, Lakshmi Narayana Nagar, Hosur, Avalapalli Hudco, Tamil Nadu 635109, India",\n  "pickup_landmark": null,\n  "destination_latitude": 12.8303987,\n  "destination_longitude": 77.8662369,\n  "destination_address": "Bagalur, Tamil Nadu, India",\n  "destination_landmark": null,\n  "status": "requested",\n  "fare_amount": 418,\n  "distance_km": null,\n  "duration_minutes": null,\n  "payment_status": "pending",\n  "payment_method": "cash",\n  "rating": null,\n  "feedback": null,\n  "cancelled_by": null,\n  "cancellation_reason": null,\n  "booking_type": "regular",\n  "vehicle_type": "sedan",\n  "rental_hours": 4,\n  "pickup_otp": null,\n  "drop_otp": null,\n  "created_at": "2025-10-17T22:42:30.847199+00:00",\n  "updated_at": "2025-10-17T22:42:30.847199+00:00",\n  "scheduled_time": null,\n  "customer": {\n    "id": "5c465b7a-c0f3-485d-9fb2-9a0f50b831ae",\n    "full_name": "loik",\n    "phone_number": "",\n    "email": ""\n  }\n}'
10-18 04:12:31.975 14073 16194 I ReactNativeJS: 🔄 Auto-refreshing rides (2-second interval)...
10-18 04:12:31.975 14073 16194 I ReactNativeJS: === LOADING RIDES ===
10-18 04:12:31.975 14073 16194 I ReactNativeJS: 'Driver ID:', 'eb91d7e5-e2f2-4021-a8c8-3739a3d4cae4'
10-18 04:12:31.975 14073 16194 I ReactNativeJS: 'Driver User ID:', '1c4ac410-54d8-4b5e-960b-3afcbebd115d'
10-18 04:12:31.978 14073 16194 I ReactNativeJS: '🚗 RideRequestModal - Full ride object:', '{\n  "id": "f915fcd1-b449-4a2b-91ab-fb2197fb1611",\n  "ride_code": "PB10V9",\n  "customer_id": "5c465b7a-c0f3-485d-9fb2-9a0f50b831ae",\n  "driver_id": null,\n  "pickup_latitude": 12.7401984,\n  "pickup_longitude": 77.8272768,\n  "pickup_address": "59, Lakshmi Narayana Nagar, Hosur, Avalapalli Hudco, Tamil Nadu 635109, India",\n  "pickup_landmark": null,\n  "destination_latitude": 12.8303987,\n  "destination_longitude": 77.8662369,\n  "destination_address": "Bagalur, Tamil Nadu, India",\n  "destination_landmark": null,\n  "status": "requested",\n  "fare_amount": 418,\n  "distance_km": null,\n  "duration_minutes": null,\n  "payment_status": "pending",\n  "payment_method": "cash",\n  "rating": null,\n  "feedback": null,\n  "cancelled_by": null,\n  "cancellation_reason": null,\n  "booking_type": "regular",\n  "vehicle_type": "sedan",\n  "rental_hours": 4,\n  "pickup_otp": null,\n  "drop_otp": null,\n  "created_at": "2025-10-17T22:42:30.847199+00:00",\n  "updated_at": "2025-10-17T22:42:30.847199+00:00",\n  "scheduled_time": null,\n  "customer": {\n    "id": "5c465b7a-c0f3-485d-9fb2-9a0f50b831ae",\n    "full_name": "loik",\n    "phone_number": "",\n    "email": ""\n  }\n}'
10-18 04:12:31.984 14073 16194 I ReactNativeJS: 🔍 Loading current ride...
10-18 04:12:31.985 14073 16194 I ReactNativeJS: === RIDES SCREEN STATE DEBUG ===
10-18 04:12:31.985 14073 16194 I ReactNativeJS: 🔄 Component state updated:
10-18 04:12:31.985 14073 16194 I ReactNativeJS: '  - Current ride:', 'null'
10-18 04:12:31.985 14073 16194 I ReactNativeJS: '  - Pending rides count:', 1
10-18 04:12:31.985 14073 16194 I ReactNativeJS: '  - Driver status:', 'online'
10-18 04:12:31.985 14073 16194 I ReactNativeJS: '  - Loading:', true
10-18 04:12:31.985 14073 16194 I ReactNativeJS: '  - Error:', null
10-18 04:12:31.985 14073 16194 I ReactNativeJS: '  - Show modal:', true
10-18 04:12:31.985 14073 16194 I ReactNativeJS: '  - Timestamp:', '2025-10-17T22:42:31.985Z'
10-18 04:12:31.985 14073 16194 I ReactNativeJS: ❌ NO CURRENT RIDE - showing empty state
10-18 04:12:32.217 14073 16194 E ReactNativeJS: 'Error loading current ride:', { code: '42804',
10-18 04:12:32.217 14073 16194 E ReactNativeJS:   details: 'Returned type integer does not match expected type numeric in column 19.',
10-18 04:12:32.217 14073 16194 E ReactNativeJS:   hint: null,
10-18 04:12:32.217 14073 16194 E ReactNativeJS:   message: 'structure of query does not match function result type' }
10-18 04:12:32.219 14073 16194 I ReactNativeJS: 🔍 Loading pending ride notifications...
10-18 04:12:32.229 14073 16195 E unknown:ReactNative: console.error: Error loading current ride: {"code":"42804","details":"Returned type integer does not match expected type numeric in column 19.","hint":null,"message":"structure of query does not match function result type"}, js engine: hermes, stack:
10-18 04:12:32.229 14073 16195 E unknown:ReactNative: _construct@1:117842
10-18 04:12:32.229 14073 16195 E unknown:ReactNative: Wrapper@1:117496
10-18 04:12:32.229 14073 16195 E unknown:ReactNative: _callSuper@1:115478
10-18 04:12:32.229 14073 16195 E unknown:ReactNative: SyntheticError@1:116983
10-18 04:12:32.229 14073 16195 E unknown:ReactNative: reactConsoleErrorHandler@1:116629
10-18 04:12:32.229 14073 16195 E unknown:ReactNative: ?anon_0_@1:1995022
10-18 04:12:32.229 14073 16195 E unknown:ReactNative: asyncGeneratorStep@1:573272
10-18 04:12:32.229 14073 16195 E unknown:ReactNative: _next@1:573529
10-18 04:12:32.229 14073 16195 E unknown:ReactNative: anonymous@1:136226
10-18 04:12:32.229 14073 16195 E unknown:ReactNative: _callTimer@1:135225
10-18 04:12:32.229 14073 16195 E unknown:ReactNative: _callReactNativeMicrotasksPass@1:135369
10-18 04:12:32.229 14073 16195 E unknown:ReactNative: callReactNativeMicrotasks@1:137300
10-18 04:12:32.229 14073 16195 E unknown:ReactNative: __callReactNativeMicrotasks@1:101038
10-18 04:12:32.229 14073 16195 E unknown:ReactNative: anonymous@1:100174
10-18 04:12:32.229 14073 16195 E unknown:ReactNative: __guard@1:100912
10-18 04:12:32.229 14073 16195 E unknown:ReactNative: flushedQueue@1:100085
10-18 04:12:32.229 14073 16195 E unknown:ReactNative: invokeCallbackAndReturnFlushedQueue@1:100028
10-18 04:12:32.242 26036 26236 I NullBinder: NullBinder for com.google.android.gms.lockbox.service.START triggering remote TransactionTooLargeException due to Service without Chimera impl, calling uid: 10202, calling pid: 26106
10-18 04:12:32.242 26036 26236 W .gms.persistent: Large reply transaction of 1056768 bytes, interface descriptor , code 46
10-18 04:12:32.242 26106 26139 E IPCThreadState: Binder transaction failure. id: 422725395, BR_*: 29201, error: -28 (No space left on device)
10-18 04:12:32.243 26106 26139 D ActivityThread: Too many transaction errors, throttling freezer binder callback.
10-18 04:12:32.243 26106 26139 E JavaBinder: !!! FAILED BINDER TRANSACTION !!!  (parcel size = 408)
10-18 04:12:32.243 26106 26139 W GmsClient: IGmsServiceBroker.getService failed
10-18 04:12:32.243 26106 26139 W GmsClient: android.os.DeadObjectException: Transaction failed on small parcel; remote process probably died, but this could also be caused by running out of binder buffer space
10-18 04:12:32.243 26106 26139 W GmsClient: 	at android.os.BinderProxy.transactNative(Native Method)
10-18 04:12:32.243 26106 26139 W GmsClient: 	at android.os.BinderProxy.transact(BinderProxy.java:692)
10-18 04:12:32.243 26106 26139 W GmsClient: 	at bbkc.a(:com.google.android.gms@253931035@25.39.31 (260400-813878953):33)
10-18 04:12:32.243 26106 26139 W GmsClient: 	at bbid.z(:com.google.android.gms@253931035@25.39.31 (260400-813878953):160)
