--------- beginning of main
10-20 00:38:24.880  5720  5865 D SQLiteQueryBuilder: SELECT sum(_size), count(_size) FROM files WHERE ((((is_pending=0 AND NOT _modifier=4) OR (is_pending=1 AND lower(_data) NOT REGEXP '.*/\.pending-(\d+)-([^/]+)$' AND owner_package_name IN ( 'com.google.android.apps.nbu.files' )))) AND (is_trashed=0) AND (volume_name IN ( 'external_primary' ))) AND (((((format IS NULL OR format != 12289) AND (_size IS NOT NULL) AND (_data IS NOT NULL) AND (LENGTH(_data) > 1)) AND  ( (_id  IN  (1000014720) )  AND  (_size  != 0) ) ) AND (((format IS NULL OR format != 12289) AND (_size IS NOT NULL) AND (_data IS NOT NULL) AND (LENGTH(_data) > 1)))))
10-20 00:38:24.893  5720  5865 D SQLiteQueryBuilder: SELECT _id, title, date_modified, date_added, _size, mime_type, duration, media_type, bucket_display_name, _display_name, is_drm, _data, date_expires, album, artist FROM files WHERE ((((is_pending=0 AND NOT _modifier=4) OR (is_pending=1 AND lower(_data) NOT REGEXP '.*/\.pending-(\d+)-([^/]+)$' AND owner_package_name IN ( 'com.google.android.apps.nbu.files' )))) AND (is_trashed=0) AND (volume_name IN ( 'external_primary' ))) AND (((((format IS NULL OR format != 12289) AND (_size IS NOT NULL) AND (_data IS NOT NULL) AND (LENGTH(_data) > 1)) AND  ( (_id  IN  (1000014720) )  AND  (_size  != 0) ) ) AND (((format IS NULL OR format != 12289) AND (_size IS NOT NULL) AND (_data IS NOT NULL) AND (LENGTH(_data) > 1))))) ORDER BY _display_name COLLATE UNICODE  ASC LIMIT 200
10-20 00:38:25.098  5720  5865 D SQLiteQueryBuilder: SELECT _id FROM files WHERE ((((is_pending=0 AND NOT _modifier=4) OR (is_pending=1 AND lower(_data) NOT REGEXP '.*/\.pending-(\d+)-([^/]+)$' AND owner_package_name IN ( 'com.google.android.apps.nbu.files' )))) AND (is_trashed=0) AND (volume_name IN ( 'external_primary' ))) AND ((_id <= ?)) ORDER BY _id ASC
10-20 00:38:25.265  5720  5865 D SQLiteQueryBuilder: SELECT sum(_size), count(_size) FROM files WHERE ((((is_pending=0 AND NOT _modifier=4) OR (is_pending=1 AND lower(_data) NOT REGEXP '.*/\.pending-(\d+)-([^/]+)$' AND owner_package_name IN ( 'com.google.android.apps.nbu.files' )))) AND (is_trashed=0) AND (volume_name IN ( 'external_primary' ))) AND (((((format IS NULL OR format != 12289) AND (_size IS NOT NULL) AND (_data IS NOT NULL) AND (LENGTH(_data) > 1)) AND  ( (date_modified  > 1760900091)  OR  (_id  > 1000014719) ) ) AND (((format IS NULL OR format != 12289) AND (_size IS NOT NULL) AND (_data IS NOT NULL) AND (LENGTH(_data) > 1)))))
10-20 00:38:25.273  5720  5865 D SQLiteQueryBuilder: SELECT _id, title, date_modified, date_added, _size, mime_type, duration, media_type, bucket_display_name, _display_name, is_drm, _data, date_expires, album, artist FROM files WHERE ((((is_pending=0 AND NOT _modifier=4) OR (is_pending=1 AND lower(_data) NOT REGEXP '.*/\.pending-(\d+)-([^/]+)$' AND owner_package_name IN ( 'com.google.android.apps.nbu.files' )))) AND (is_trashed=0) AND (volume_name IN ( 'external_primary' ))) AND (((((format IS NULL OR format != 12289) AND (_size IS NOT NULL) AND (_data IS NOT NULL) AND (LENGTH(_data) > 1)) AND  ( (date_modified  > 1760900091)  OR  (_id  > 1000014719) ) ) AND (((format IS NULL OR format != 12289) AND (_size IS NOT NULL) AND (_data IS NOT NULL) AND (LENGTH(_data) > 1))))) ORDER BY date_modified ASC LIMIT 50
10-20 00:38:25.425  5720  5865 D SQLiteQueryBuilder: SELECT _data, date_added, datetaken, date_modified, media_type, mime_type, _id, generation_modified, is_pending FROM files WHERE ((owner_package_name IN ( 'com.google.android.apps.photos' ) OR media_type=2 OR media_type=4 OR media_type=5 OR media_type=3 OR media_type=5 OR media_type=1) AND (((is_pending=0 AND NOT _modifier=4) OR (is_pending=1 AND lower(_data) NOT REGEXP '.*/\.pending-(\d+)-([^/]+)$' AND owner_package_name IN ( 'com.google.android.apps.photos' )))) AND (volume_name IN ( 'external_primary' ))) AND ((
10-20 00:38:25.425  5720  5865 D SQLiteQueryBuilder:       ((media_type = 1 OR media_type = 3)
10-20 00:38:25.425  5720  5865 D SQLiteQueryBuilder:           AND (bucket_id IS NOT NULL OR _data IS NOT NULL))
10-20 00:38:25.425  5720  5865 D SQLiteQueryBuilder:         AND (generation_modified > ?)
10-20 00:38:25.425  5720  5865 D SQLiteQueryBuilder:         AND (generation_modified < ?
10-20 00:38:25.425  5720  5865 D SQLiteQueryBuilder:           OR (generation_modified = ? AND _id < ?))
10-20 00:38:25.425  5720  5865 D SQLiteQueryBuilder:         AND (is_pending = 0)
10-20 00:38:25.425  5720  5865 D SQLiteQueryBuilder:     )) ORDER BY generation_modified DESC, _id DESC LIMIT 75
10-20 00:38:25.476  5720  5865 D SQLiteQueryBuilder: SELECT _data, date_added, datetaken, date_modified, media_type, mime_type, _id, generation_modified, is_pending FROM files WHERE ((owner_package_name IN ( 'com.google.android.apps.photos' ) OR media_type=2 OR media_type=4 OR media_type=5 OR media_type=3 OR media_type=5 OR media_type=1) AND (((is_pending=0 AND NOT _modifier=4) OR (is_pending=1 AND lower(_data) NOT REGEXP '.*/\.pending-(\d+)-([^/]+)$' AND owner_package_name IN ( 'com.google.android.apps.photos' )))) AND (volume_name IN ( 'external_primary' ))) AND ((((media_type = 1 OR media_type = 3) AND (bucket_id IS NOT NULL OR _data IS NOT NULL)) AND (generation_modified < ? OR generation_modified = ? AND _id < ?) AND is_pending = 0)) ORDER BY generation_modified DESC, _id DESC LIMIT 75
10-20 00:38:25.516  5720  5865 D SQLiteQueryBuilder: SELECT _data, orientation, owner_package_name, title, duration, _size, bucket_id, date_added, datetaken, date_modified, media_type, mime_type, is_trashed, width, date_expires, _id, generation_modified, is_pending, bucket_display_name, height FROM files WHERE ((owner_package_name IN ( 'com.google.android.apps.photos' ) OR media_type=2 OR media_type=4 OR media_type=5 OR media_type=3 OR media_type=5 OR media_type=1) AND (((is_pending=0 AND NOT _modifier=4) OR (is_pending=1 AND lower(_data) NOT REGEXP '.*/\.pending-(\d+)-([^/]+)$' AND owner_package_name IN ( 'com.google.android.apps.photos' )))) AND (volume_name IN ( 'external_primary' ))) AND ((
10-20 00:38:25.516  5720  5865 D SQLiteQueryBuilder:       ((media_type = 1 OR media_type = 3)
10-20 00:38:25.516  5720  5865 D SQLiteQueryBuilder:           AND (bucket_id IS NOT NULL OR _data IS NOT NULL))
10-20 00:38:25.516  5720  5865 D SQLiteQueryBuilder:         AND (generation_modified > ?)
10-20 00:38:25.516  5720  5865 D SQLiteQueryBuilder:         AND (generation_modified < ?
10-20 00:38:25.516  5720  5865 D SQLiteQueryBuilder:           OR (generation_modified = ? AND _id < ?))
10-20 00:38:25.516  5720  5865 D SQLiteQueryBuilder:         AND (is_pending = 0)
10-20 00:38:25.516  5720  5865 D SQLiteQueryBuilder:     )) ORDER BY generation_modified DESC, _id DESC LIMIT 75
10-20 00:38:25.558  5720  5865 D SQLiteQueryBuilder: SELECT _data, orientation, owner_package_name, title, duration, _size, bucket_id, date_added, datetaken, date_modified, media_type, mime_type, is_trashed, width, date_expires, _id, generation_modified, is_pending, bucket_display_name, height FROM files WHERE ((owner_package_name IN ( 'com.google.android.apps.photos' ) OR media_type=2 OR media_type=4 OR media_type=5 OR media_type=3 OR media_type=5 OR media_type=1) AND (((is_pending=0 AND NOT _modifier=4) OR (is_pending=1 AND lower(_data) NOT REGEXP '.*/\.pending-(\d+)-([^/]+)$' AND owner_package_name IN ( 'com.google.android.apps.photos' )))) AND (volume_name IN ( 'external_primary' ))) AND ((((media_type = 1 OR media_type = 3) AND (bucket_id IS NOT NULL OR _data IS NOT NULL)) AND (generation_modified < ? OR generation_modified = ? AND _id < ?) AND is_pending = 0)) ORDER BY generation_modified DESC, _id DESC LIMIT 75
10-20 00:38:25.608  5720  5865 D SQLiteQueryBuilder: SELECT _data, orientation, owner_package_name, title, duration, _size, bucket_id, date_added, datetaken, date_modified, media_type, mime_type, is_trashed, width, date_expires, _id, generation_modified, is_pending, bucket_display_name, height FROM files WHERE ((owner_package_name IN ( 'com.google.android.apps.photos' ) OR media_type=2 OR media_type=4 OR media_type=5 OR media_type=3 OR media_type=5 OR media_type=1) AND (((is_pending=0 AND NOT _modifier=4) OR (is_pending=1 AND lower(_data) NOT REGEXP '.*/\.pending-(\d+)-([^/]+)$' AND owner_package_name IN ( 'com.google.android.apps.photos' )))) AND (is_trashed=0) AND (volume_name IN ( 'external_primary' ))) AND (((media_type = 1 OR media_type = 3) AND _id IN(?,?,?,?,?)))
10-20 00:38:25.629  5720  5865 D SQLiteQueryBuilder: SELECT _id, media_type FROM files WHERE ((owner_package_name IN ( 'com.google.android.apps.photos' ) OR media_type=2 OR media_type=4 OR media_type=5 OR media_type=3 OR media_type=5 OR media_type=1) AND (((is_pending=0 AND NOT _modifier=4) OR (is_pending=1 AND lower(_data) NOT REGEXP '.*/\.pending-(\d+)-([^/]+)$' AND owner_package_name IN ( 'com.google.android.apps.photos' )))) AND (volume_name IN ( 'external_primary' ))) AND (((media_type = 1 OR media_type = 3) AND _id < ?)) ORDER BY _id DESC LIMIT 200
10-20 00:38:25.646  5720  5865 D SQLiteQueryBuilder: SELECT _id, media_type FROM files WHERE ((owner_package_name IN ( 'com.google.android.apps.photos' ) OR media_type=2 OR media_type=4 OR media_type=5 OR media_type=3 OR media_type=5 OR media_type=1) AND (((is_pending=0 AND NOT _modifier=4) OR (is_pending=1 AND lower(_data) NOT REGEXP '.*/\.pending-(\d+)-([^/]+)$' AND owner_package_name IN ( 'com.google.android.apps.photos' )))) AND (volume_name IN ( 'external_primary' ))) AND (((media_type = 1 OR media_type = 3) AND _id < ?)) ORDER BY _id DESC LIMIT 200
10-20 00:38:25.664  5720  5865 D SQLiteQueryBuilder: SELECT _id, media_type FROM files WHERE ((owner_package_name IN ( 'com.google.android.apps.photos' ) OR media_type=2 OR media_type=4 OR media_type=5 OR media_type=3 OR media_type=5 OR media_type=1) AND (((is_pending=0 AND NOT _modifier=4) OR (is_pending=1 AND lower(_data) NOT REGEXP '.*/\.pending-(\d+)-([^/]+)$' AND owner_package_name IN ( 'com.google.android.apps.photos' )))) AND (volume_name IN ( 'external_primary' ))) AND (((media_type = 1 OR media_type = 3) AND _id < ?)) ORDER BY _id DESC LIMIT 200
10-20 00:38:25.682  5720  5865 D SQLiteQueryBuilder: SELECT _id, media_type FROM files WHERE ((owner_package_name IN ( 'com.google.android.apps.photos' ) OR media_type=2 OR media_type=4 OR media_type=5 OR media_type=3 OR media_type=5 OR media_type=1) AND (((is_pending=0 AND NOT _modifier=4) OR (is_pending=1 AND lower(_data) NOT REGEXP '.*/\.pending-(\d+)-([^/]+)$' AND owner_package_name IN ( 'com.google.android.apps.photos' )))) AND (volume_name IN ( 'external_primary' ))) AND (((media_type = 1 OR media_type = 3) AND _id < ?)) ORDER BY _id DESC LIMIT 200
10-20 00:38:25.702  5720  5865 D SQLiteQueryBuilder: SELECT _id, media_type FROM files WHERE ((owner_package_name IN ( 'com.google.android.apps.photos' ) OR media_type=2 OR media_type=4 OR media_type=5 OR media_type=3 OR media_type=5 OR media_type=1) AND (((is_pending=0 AND NOT _modifier=4) OR (is_pending=1 AND lower(_data) NOT REGEXP '.*/\.pending-(\d+)-([^/]+)$' AND owner_package_name IN ( 'com.google.android.apps.photos' )))) AND (volume_name IN ( 'external_primary' ))) AND (((media_type = 1 OR media_type = 3) AND _id < ?)) ORDER BY _id DESC LIMIT 200
10-20 00:38:25.720  5720  5865 D SQLiteQueryBuilder: SELECT _id, media_type FROM files WHERE ((owner_package_name IN ( 'com.google.android.apps.photos' ) OR media_type=2 OR media_type=4 OR media_type=5 OR media_type=3 OR media_type=5 OR media_type=1) AND (((is_pending=0 AND NOT _modifier=4) OR (is_pending=1 AND lower(_data) NOT REGEXP '.*/\.pending-(\d+)-([^/]+)$' AND owner_package_name IN ( 'com.google.android.apps.photos' )))) AND (volume_name IN ( 'external_primary' ))) AND (((media_type = 1 OR media_type = 3) AND _id < ?)) ORDER BY _id DESC LIMIT 200
10-20 00:38:25.738  5720  5865 D SQLiteQueryBuilder: SELECT _id, media_type FROM files WHERE ((owner_package_name IN ( 'com.google.android.apps.photos' ) OR media_type=2 OR media_type=4 OR media_type=5 OR media_type=3 OR media_type=5 OR media_type=1) AND (((is_pending=0 AND NOT _modifier=4) OR (is_pending=1 AND lower(_data) NOT REGEXP '.*/\.pending-(\d+)-([^/]+)$' AND owner_package_name IN ( 'com.google.android.apps.photos' )))) AND (volume_name IN ( 'external_primary' ))) AND (((media_type = 1 OR media_type = 3) AND _id < ?)) ORDER BY _id DESC LIMIT 200
10-20 00:38:25.759  5720  5865 D SQLiteQueryBuilder: SELECT _id, media_type FROM files WHERE ((owner_package_name IN ( 'com.google.android.apps.photos' ) OR media_type=2 OR media_type=4 OR media_type=5 OR media_type=3 OR media_type=5 OR media_type=1) AND (((is_pending=0 AND NOT _modifier=4) OR (is_pending=1 AND lower(_data) NOT REGEXP '.*/\.pending-(\d+)-([^/]+)$' AND owner_package_name IN ( 'com.google.android.apps.photos' )))) AND (volume_name IN ( 'external_primary' ))) AND (((media_type = 1 OR media_type = 3) AND _id < ?)) ORDER BY _id DESC LIMIT 200
10-20 00:38:25.783  5720  5865 D SQLiteQueryBuilder: SELECT _id, media_type FROM files WHERE ((owner_package_name IN ( 'com.google.android.apps.photos' ) OR media_type=2 OR media_type=4 OR media_type=5 OR media_type=3 OR media_type=5 OR media_type=1) AND (((is_pending=0 AND NOT _modifier=4) OR (is_pending=1 AND lower(_data) NOT REGEXP '.*/\.pending-(\d+)-([^/]+)$' AND owner_package_name IN ( 'com.google.android.apps.photos' )))) AND (volume_name IN ( 'external_primary' ))) AND (((media_type = 1 OR media_type = 3) AND _id < ?)) ORDER BY _id DESC LIMIT 200
10-20 00:38:25.802  5720  5865 D SQLiteQueryBuilder: SELECT _id, media_type FROM files WHERE ((owner_package_name IN ( 'com.google.android.apps.photos' ) OR media_type=2 OR media_type=4 OR media_type=5 OR media_type=3 OR media_type=5 OR media_type=1) AND (((is_pending=0 AND NOT _modifier=4) OR (is_pending=1 AND lower(_data) NOT REGEXP '.*/\.pending-(\d+)-([^/]+)$' AND owner_package_name IN ( 'com.google.android.apps.photos' )))) AND (volume_name IN ( 'external_primary' ))) AND (((media_type = 1 OR media_type = 3) AND _id < ?)) ORDER BY _id DESC LIMIT 200
10-20 00:38:25.820  5720  5865 D SQLiteQueryBuilder: SELECT _id, media_type FROM files WHERE ((owner_package_name IN ( 'com.google.android.apps.photos' ) OR media_type=2 OR media_type=4 OR media_type=5 OR media_type=3 OR media_type=5 OR media_type=1) AND (((is_pending=0 AND NOT _modifier=4) OR (is_pending=1 AND lower(_data) NOT REGEXP '.*/\.pending-(\d+)-([^/]+)$' AND owner_package_name IN ( 'com.google.android.apps.photos' )))) AND (volume_name IN ( 'external_primary' ))) AND (((media_type = 1 OR media_type = 3) AND _id < ?)) ORDER BY _id DESC LIMIT 200
10-20 00:38:25.837  5720  5865 D SQLiteQueryBuilder: SELECT _id, media_type FROM files WHERE ((owner_package_name IN ( 'com.google.android.apps.photos' ) OR media_type=2 OR media_type=4 OR media_type=5 OR media_type=3 OR media_type=5 OR media_type=1) AND (((is_pending=0 AND NOT _modifier=4) OR (is_pending=1 AND lower(_data) NOT REGEXP '.*/\.pending-(\d+)-([^/]+)$' AND owner_package_name IN ( 'com.google.android.apps.photos' )))) AND (volume_name IN ( 'external_primary' ))) AND (((media_type = 1 OR media_type = 3) AND _id < ?)) ORDER BY _id DESC LIMIT 200
10-20 00:38:25.865  5720  5865 D SQLiteQueryBuilder: SELECT _id, media_type FROM files WHERE ((owner_package_name IN ( 'com.google.android.apps.photos' ) OR media_type=2 OR media_type=4 OR media_type=5 OR media_type=3 OR media_type=5 OR media_type=1) AND (((is_pending=0 AND NOT _modifier=4) OR (is_pending=1 AND lower(_data) NOT REGEXP '.*/\.pending-(\d+)-([^/]+)$' AND owner_package_name IN ( 'com.google.android.apps.photos' )))) AND (volume_name IN ( 'external_primary' ))) AND (((media_type = 1 OR media_type = 3) AND _id < ?)) ORDER BY _id DESC LIMIT 200
10-20 00:38:25.884  5720  5865 D SQLiteQueryBuilder: SELECT _id, media_type FROM files WHERE ((owner_package_name IN ( 'com.google.android.apps.photos' ) OR media_type=2 OR media_type=4 OR media_type=5 OR media_type=3 OR media_type=5 OR media_type=1) AND (((is_pending=0 AND NOT _modifier=4) OR (is_pending=1 AND lower(_data) NOT REGEXP '.*/\.pending-(\d+)-([^/]+)$' AND owner_package_name IN ( 'com.google.android.apps.photos' )))) AND (volume_name IN ( 'external_primary' ))) AND (((media_type = 1 OR media_type = 3) AND _id < ?)) ORDER BY _id DESC LIMIT 200
10-20 00:38:25.901  5720  5865 D SQLiteQueryBuilder: SELECT _id, media_type FROM files WHERE ((owner_package_name IN ( 'com.google.android.apps.photos' ) OR media_type=2 OR media_type=4 OR media_type=5 OR media_type=3 OR media_type=5 OR media_type=1) AND (((is_pending=0 AND NOT _modifier=4) OR (is_pending=1 AND lower(_data) NOT REGEXP '.*/\.pending-(\d+)-([^/]+)$' AND owner_package_name IN ( 'com.google.android.apps.photos' )))) AND (volume_name IN ( 'external_primary' ))) AND (((media_type = 1 OR media_type = 3) AND _id < ?)) ORDER BY _id DESC LIMIT 200
10-20 00:38:25.917  5720  5865 D SQLiteQueryBuilder: SELECT _id, media_type FROM files WHERE ((owner_package_name IN ( 'com.google.android.apps.photos' ) OR media_type=2 OR media_type=4 OR media_type=5 OR media_type=3 OR media_type=5 OR media_type=1) AND (((is_pending=0 AND NOT _modifier=4) OR (is_pending=1 AND lower(_data) NOT REGEXP '.*/\.pending-(\d+)-([^/]+)$' AND owner_package_name IN ( 'com.google.android.apps.photos' )))) AND (volume_name IN ( 'external_primary' ))) AND (((media_type = 1 OR media_type = 3) AND _id < ?)) ORDER BY _id DESC LIMIT 200
10-20 00:38:25.945  5720  5865 D SQLiteQueryBuilder: SELECT _id, media_type FROM files WHERE ((owner_package_name IN ( 'com.google.android.apps.photos' ) OR media_type=2 OR media_type=4 OR media_type=5 OR media_type=3 OR media_type=5 OR media_type=1) AND (((is_pending=0 AND NOT _modifier=4) OR (is_pending=1 AND lower(_data) NOT REGEXP '.*/\.pending-(\d+)-([^/]+)$' AND owner_package_name IN ( 'com.google.android.apps.photos' )))) AND (volume_name IN ( 'external_primary' ))) AND (((media_type = 1 OR media_type = 3) AND _id < ?)) ORDER BY _id DESC LIMIT 200
10-20 00:38:25.965  5720  5865 D SQLiteQueryBuilder: SELECT _id, media_type FROM files WHERE ((owner_package_name IN ( 'com.google.android.apps.photos' ) OR media_type=2 OR media_type=4 OR media_type=5 OR media_type=3 OR media_type=5 OR media_type=1) AND (((is_pending=0 AND NOT _modifier=4) OR (is_pending=1 AND lower(_data) NOT REGEXP '.*/\.pending-(\d+)-([^/]+)$' AND owner_package_name IN ( 'com.google.android.apps.photos' )))) AND (volume_name IN ( 'external_primary' ))) AND (((media_type = 1 OR media_type = 3) AND _id < ?)) ORDER BY _id DESC LIMIT 200
10-20 00:38:25.994  5720  5865 D SQLiteQueryBuilder: SELECT _id, media_type FROM files WHERE ((owner_package_name IN ( 'com.google.android.apps.photos' ) OR media_type=2 OR media_type=4 OR media_type=5 OR media_type=3 OR media_type=5 OR media_type=1) AND (((is_pending=0 AND NOT _modifier=4) OR (is_pending=1 AND lower(_data) NOT REGEXP '.*/\.pending-(\d+)-([^/]+)$' AND owner_package_name IN ( 'com.google.android.apps.photos' )))) AND (volume_name IN ( 'external_primary' ))) AND (((media_type = 1 OR media_type = 3) AND _id < ?)) ORDER BY _id DESC LIMIT 200
10-20 00:38:26.011  5720  5865 D SQLiteQueryBuilder: SELECT _id, media_type FROM files WHERE ((owner_package_name IN ( 'com.google.android.apps.photos' ) OR media_type=2 OR media_type=4 OR media_type=5 OR media_type=3 OR media_type=5 OR media_type=1) AND (((is_pending=0 AND NOT _modifier=4) OR (is_pending=1 AND lower(_data) NOT REGEXP '.*/\.pending-(\d+)-([^/]+)$' AND owner_package_name IN ( 'com.google.android.apps.photos' )))) AND (volume_name IN ( 'external_primary' ))) AND (((media_type = 1 OR media_type = 3) AND _id < ?)) ORDER BY _id DESC LIMIT 200
10-20 00:38:26.032  5720  5865 D SQLiteQueryBuilder: SELECT _id, media_type FROM files WHERE ((owner_package_name IN ( 'com.google.android.apps.photos' ) OR media_type=2 OR media_type=4 OR media_type=5 OR media_type=3 OR media_type=5 OR media_type=1) AND (((is_pending=0 AND NOT _modifier=4) OR (is_pending=1 AND lower(_data) NOT REGEXP '.*/\.pending-(\d+)-([^/]+)$' AND owner_package_name IN ( 'com.google.android.apps.photos' )))) AND (volume_name IN ( 'external_primary' ))) AND (((media_type = 1 OR media_type = 3) AND _id < ?)) ORDER BY _id DESC LIMIT 200
10-20 00:38:26.053  5720  5865 D SQLiteQueryBuilder: SELECT _id, media_type FROM files WHERE ((owner_package_name IN ( 'com.google.android.apps.photos' ) OR media_type=2 OR media_type=4 OR media_type=5 OR media_type=3 OR media_type=5 OR media_type=1) AND (((is_pending=0 AND NOT _modifier=4) OR (is_pending=1 AND lower(_data) NOT REGEXP '.*/\.pending-(\d+)-([^/]+)$' AND owner_package_name IN ( 'com.google.android.apps.photos' )))) AND (volume_name IN ( 'external_primary' ))) AND (((media_type = 1 OR media_type = 3) AND _id < ?)) ORDER BY _id DESC LIMIT 200
10-20 00:38:26.068  5720  5865 D SQLiteQueryBuilder: SELECT _id, media_type FROM files WHERE ((owner_package_name IN ( 'com.google.android.apps.photos' ) OR media_type=2 OR media_type=4 OR media_type=5 OR media_type=3 OR media_type=5 OR media_type=1) AND (((is_pending=0 AND NOT _modifier=4) OR (is_pending=1 AND lower(_data) NOT REGEXP '.*/\.pending-(\d+)-([^/]+)$' AND owner_package_name IN ( 'com.google.android.apps.photos' )))) AND (volume_name IN ( 'external_primary' ))) AND (((media_type = 1 OR media_type = 3) AND _id < ?)) ORDER BY _id DESC LIMIT 200
10-20 00:38:26.089  5720  5865 D SQLiteQueryBuilder: SELECT _id, media_type FROM files WHERE ((owner_package_name IN ( 'com.google.android.apps.photos' ) OR media_type=2 OR media_type=4 OR media_type=5 OR media_type=3 OR media_type=5 OR media_type=1) AND (((is_pending=0 AND NOT _modifier=4) OR (is_pending=1 AND lower(_data) NOT REGEXP '.*/\.pending-(\d+)-([^/]+)$' AND owner_package_name IN ( 'com.google.android.apps.photos' )))) AND (volume_name IN ( 'external_primary' ))) AND (((media_type = 1 OR media_type = 3) AND _id < ?)) ORDER BY _id DESC LIMIT 200
10-20 00:38:26.111  5720  5865 D SQLiteQueryBuilder: SELECT _id, media_type FROM files WHERE ((owner_package_name IN ( 'com.google.android.apps.photos' ) OR media_type=2 OR media_type=4 OR media_type=5 OR media_type=3 OR media_type=5 OR media_type=1) AND (((is_pending=0 AND NOT _modifier=4) OR (is_pending=1 AND lower(_data) NOT REGEXP '.*/\.pending-(\d+)-([^/]+)$' AND owner_package_name IN ( 'com.google.android.apps.photos' )))) AND (volume_name IN ( 'external_primary' ))) AND (((media_type = 1 OR media_type = 3) AND _id < ?)) ORDER BY _id DESC LIMIT 200
10-20 00:38:26.130  5720  5865 D SQLiteQueryBuilder: SELECT _id, media_type FROM files WHERE ((owner_package_name IN ( 'com.google.android.apps.photos' ) OR media_type=2 OR media_type=4 OR media_type=5 OR media_type=3 OR media_type=5 OR media_type=1) AND (((is_pending=0 AND NOT _modifier=4) OR (is_pending=1 AND lower(_data) NOT REGEXP '.*/\.pending-(\d+)-([^/]+)$' AND owner_package_name IN ( 'com.google.android.apps.photos' )))) AND (volume_name IN ( 'external_primary' ))) AND (((media_type = 1 OR media_type = 3) AND _id < ?)) ORDER BY _id DESC LIMIT 200
10-20 00:38:26.149  5720  5865 D SQLiteQueryBuilder: SELECT _id, media_type FROM files WHERE ((owner_package_name IN ( 'com.google.android.apps.photos' ) OR media_type=2 OR media_type=4 OR media_type=5 OR media_type=3 OR media_type=5 OR media_type=1) AND (((is_pending=0 AND NOT _modifier=4) OR (is_pending=1 AND lower(_data) NOT REGEXP '.*/\.pending-(\d+)-([^/]+)$' AND owner_package_name IN ( 'com.google.android.apps.photos' )))) AND (volume_name IN ( 'external_primary' ))) AND (((media_type = 1 OR media_type = 3) AND _id < ?)) ORDER BY _id DESC LIMIT 200
10-20 00:38:26.180  5720  5865 D SQLiteQueryBuilder: SELECT _id, media_type FROM files WHERE ((owner_package_name IN ( 'com.google.android.apps.photos' ) OR media_type=2 OR media_type=4 OR media_type=5 OR media_type=3 OR media_type=5 OR media_type=1) AND (((is_pending=0 AND NOT _modifier=4) OR (is_pending=1 AND lower(_data) NOT REGEXP '.*/\.pending-(\d+)-([^/]+)$' AND owner_package_name IN ( 'com.google.android.apps.photos' )))) AND (volume_name IN ( 'external_primary' ))) AND (((media_type = 1 OR media_type = 3) AND _id < ?)) ORDER BY _id DESC LIMIT 200
10-20 00:38:26.202  5720  5865 D SQLiteQueryBuilder: SELECT _id, media_type FROM files WHERE ((owner_package_name IN ( 'com.google.android.apps.photos' ) OR media_type=2 OR media_type=4 OR media_type=5 OR media_type=3 OR media_type=5 OR media_type=1) AND (((is_pending=0 AND NOT _modifier=4) OR (is_pending=1 AND lower(_data) NOT REGEXP '.*/\.pending-(\d+)-([^/]+)$' AND owner_package_name IN ( 'com.google.android.apps.photos' )))) AND (volume_name IN ( 'external_primary' ))) AND (((media_type = 1 OR media_type = 3) AND _id < ?)) ORDER BY _id DESC LIMIT 200
10-20 00:38:26.225  5720  5865 D SQLiteQueryBuilder: SELECT _id, media_type FROM files WHERE ((owner_package_name IN ( 'com.google.android.apps.photos' ) OR media_type=2 OR media_type=4 OR media_type=5 OR media_type=3 OR media_type=5 OR media_type=1) AND (((is_pending=0 AND NOT _modifier=4) OR (is_pending=1 AND lower(_data) NOT REGEXP '.*/\.pending-(\d+)-([^/]+)$' AND owner_package_name IN ( 'com.google.android.apps.photos' )))) AND (volume_name IN ( 'external_primary' ))) AND (((media_type = 1 OR media_type = 3) AND _id < ?)) ORDER BY _id DESC LIMIT 200
10-20 00:38:26.246  5720  5865 D SQLiteQueryBuilder: SELECT _id, media_type FROM files WHERE ((owner_package_name IN ( 'com.google.android.apps.photos' ) OR media_type=2 OR media_type=4 OR media_type=5 OR media_type=3 OR media_type=5 OR media_type=1) AND (((is_pending=0 AND NOT _modifier=4) OR (is_pending=1 AND lower(_data) NOT REGEXP '.*/\.pending-(\d+)-([^/]+)$' AND owner_package_name IN ( 'com.google.android.apps.photos' )))) AND (volume_name IN ( 'external_primary' ))) AND (((media_type = 1 OR media_type = 3) AND _id < ?)) ORDER BY _id DESC LIMIT 200
10-20 00:38:26.264  5720  5865 D SQLiteQueryBuilder: SELECT _id, media_type FROM files WHERE ((owner_package_name IN ( 'com.google.android.apps.photos' ) OR media_type=2 OR media_type=4 OR media_type=5 OR media_type=3 OR media_type=5 OR media_type=1) AND (((is_pending=0 AND NOT _modifier=4) OR (is_pending=1 AND lower(_data) NOT REGEXP '.*/\.pending-(\d+)-([^/]+)$' AND owner_package_name IN ( 'com.google.android.apps.photos' )))) AND (volume_name IN ( 'external_primary' ))) AND (((media_type = 1 OR media_type = 3) AND _id < ?)) ORDER BY _id DESC LIMIT 200
10-20 00:38:26.278  5720  5865 D SQLiteQueryBuilder: SELECT _id, media_type FROM files WHERE ((owner_package_name IN ( 'com.google.android.apps.photos' ) OR media_type=2 OR media_type=4 OR media_type=5 OR media_type=3 OR media_type=5 OR media_type=1) AND (((is_pending=0 AND NOT _modifier=4) OR (is_pending=1 AND lower(_data) NOT REGEXP '.*/\.pending-(\d+)-([^/]+)$' AND owner_package_name IN ( 'com.google.android.apps.photos' )))) AND (volume_name IN ( 'external_primary' ))) AND (((media_type = 1 OR media_type = 3) AND _id < ?)) ORDER BY _id DESC LIMIT 200
10-20 00:38:26.294  5720  5865 D SQLiteQueryBuilder: SELECT _id, media_type FROM files WHERE ((owner_package_name IN ( 'com.google.android.apps.photos' ) OR media_type=2 OR media_type=4 OR media_type=5 OR media_type=3 OR media_type=5 OR media_type=1) AND (((is_pending=0 AND NOT _modifier=4) OR (is_pending=1 AND lower(_data) NOT REGEXP '.*/\.pending-(\d+)-([^/]+)$' AND owner_package_name IN ( 'com.google.android.apps.photos' )))) AND (volume_name IN ( 'external_primary' ))) AND (((media_type = 1 OR media_type = 3) AND _id < ?)) ORDER BY _id DESC LIMIT 200
10-20 00:38:26.322  5720  5865 D SQLiteQueryBuilder: SELECT _id, media_type FROM files WHERE ((owner_package_name IN ( 'com.google.android.apps.photos' ) OR media_type=2 OR media_type=4 OR media_type=5 OR media_type=3 OR media_type=5 OR media_type=1) AND (((is_pending=0 AND NOT _modifier=4) OR (is_pending=1 AND lower(_data) NOT REGEXP '.*/\.pending-(\d+)-([^/]+)$' AND owner_package_name IN ( 'com.google.android.apps.photos' )))) AND (volume_name IN ( 'external_primary' ))) AND (((media_type = 1 OR media_type = 3) AND _id < ?)) ORDER BY _id DESC LIMIT 200
10-20 00:38:26.346  5720  5865 D SQLiteQueryBuilder: SELECT _id, media_type FROM files WHERE ((owner_package_name IN ( 'com.google.android.apps.photos' ) OR media_type=2 OR media_type=4 OR media_type=5 OR media_type=3 OR media_type=5 OR media_type=1) AND (((is_pending=0 AND NOT _modifier=4) OR (is_pending=1 AND lower(_data) NOT REGEXP '.*/\.pending-(\d+)-([^/]+)$' AND owner_package_name IN ( 'com.google.android.apps.photos' )))) AND (volume_name IN ( 'external_primary' ))) AND (((media_type = 1 OR media_type = 3) AND _id < ?)) ORDER BY _id DESC LIMIT 200
10-20 00:38:26.367  5720  5865 D SQLiteQueryBuilder: SELECT _id, media_type FROM files WHERE ((owner_package_name IN ( 'com.google.android.apps.photos' ) OR media_type=2 OR media_type=4 OR media_type=5 OR media_type=3 OR media_type=5 OR media_type=1) AND (((is_pending=0 AND NOT _modifier=4) OR (is_pending=1 AND lower(_data) NOT REGEXP '.*/\.pending-(\d+)-([^/]+)$' AND owner_package_name IN ( 'com.google.android.apps.photos' )))) AND (volume_name IN ( 'external_primary' ))) AND (((media_type = 1 OR media_type = 3) AND _id < ?)) ORDER BY _id DESC LIMIT 200
10-20 00:38:26.387  5720  5865 D SQLiteQueryBuilder: SELECT _id, media_type FROM files WHERE ((owner_package_name IN ( 'com.google.android.apps.photos' ) OR media_type=2 OR media_type=4 OR media_type=5 OR media_type=3 OR media_type=5 OR media_type=1) AND (((is_pending=0 AND NOT _modifier=4) OR (is_pending=1 AND lower(_data) NOT REGEXP '.*/\.pending-(\d+)-([^/]+)$' AND owner_package_name IN ( 'com.google.android.apps.photos' )))) AND (volume_name IN ( 'external_primary' ))) AND (((media_type = 1 OR media_type = 3) AND _id < ?)) ORDER BY _id DESC LIMIT 200
10-20 00:38:26.419  5720  5865 D SQLiteQueryBuilder: SELECT _id, media_type FROM files WHERE ((owner_package_name IN ( 'com.google.android.apps.photos' ) OR media_type=2 OR media_type=4 OR media_type=5 OR media_type=3 OR media_type=5 OR media_type=1) AND (((is_pending=0 AND NOT _modifier=4) OR (is_pending=1 AND lower(_data) NOT REGEXP '.*/\.pending-(\d+)-([^/]+)$' AND owner_package_name IN ( 'com.google.android.apps.photos' )))) AND (volume_name IN ( 'external_primary' ))) AND (((media_type = 1 OR media_type = 3) AND _id < ?)) ORDER BY _id DESC LIMIT 200
10-20 00:38:26.443  5720  5865 D SQLiteQueryBuilder: SELECT _id, media_type FROM files WHERE ((owner_package_name IN ( 'com.google.android.apps.photos' ) OR media_type=2 OR media_type=4 OR media_type=5 OR media_type=3 OR media_type=5 OR media_type=1) AND (((is_pending=0 AND NOT _modifier=4) OR (is_pending=1 AND lower(_data) NOT REGEXP '.*/\.pending-(\d+)-([^/]+)$' AND owner_package_name IN ( 'com.google.android.apps.photos' )))) AND (volume_name IN ( 'external_primary' ))) AND (((media_type = 1 OR media_type = 3) AND _id < ?)) ORDER BY _id DESC LIMIT 200
10-20 00:38:26.466  5720  5865 D SQLiteQueryBuilder: SELECT _id, media_type FROM files WHERE ((owner_package_name IN ( 'com.google.android.apps.photos' ) OR media_type=2 OR media_type=4 OR media_type=5 OR media_type=3 OR media_type=5 OR media_type=1) AND (((is_pending=0 AND NOT _modifier=4) OR (is_pending=1 AND lower(_data) NOT REGEXP '.*/\.pending-(\d+)-([^/]+)$' AND owner_package_name IN ( 'com.google.android.apps.photos' )))) AND (volume_name IN ( 'external_primary' ))) AND (((media_type = 1 OR media_type = 3) AND _id < ?)) ORDER BY _id DESC LIMIT 200
10-20 00:38:26.486  5720  5865 D SQLiteQueryBuilder: SELECT _id, media_type FROM files WHERE ((owner_package_name IN ( 'com.google.android.apps.photos' ) OR media_type=2 OR media_type=4 OR media_type=5 OR media_type=3 OR media_type=5 OR media_type=1) AND (((is_pending=0 AND NOT _modifier=4) OR (is_pending=1 AND lower(_data) NOT REGEXP '.*/\.pending-(\d+)-([^/]+)$' AND owner_package_name IN ( 'com.google.android.apps.photos' )))) AND (volume_name IN ( 'external_primary' ))) AND (((media_type = 1 OR media_type = 3) AND _id < ?)) ORDER BY _id DESC LIMIT 200
10-20 00:38:26.566  5720  5865 D SQLiteQueryBuilder: SELECT _id, media_type, mime_type, date_modified, _data, datetaken, date_added, generation_modified FROM files WHERE ((owner_package_name IN ( 'com.google.android.apps.photos' ) OR media_type=2 OR media_type=4 OR media_type=5 OR media_type=3 OR media_type=5 OR media_type=1) AND (((is_pending=0 AND NOT _modifier=4) OR (is_pending=1 AND lower(_data) NOT REGEXP '.*/\.pending-(\d+)-([^/]+)$' AND owner_package_name IN ( 'com.google.android.apps.photos' )))) AND (is_trashed=0) AND (volume_name IN ( 'external_primary' ))) AND (((media_type = 1 OR media_type = 3) AND _id IN(?,?,?,?,?)))
10-20 00:38:26.879 21104 21188 W Settings: Setting airplane_mode_on has moved from android.provider.Settings.System to android.provider.Settings.Global, returning read-only value.
10-20 00:38:26.885 21104 19162 W SystemServiceRegistry: No service published for: wifirtt
10-20 00:38:28.456 21104 19070 I NearbyMediums: No BLE Fast/GATT advertisements found in the latest cycle.
10-20 00:38:28.457 21104 19070 I NearbyMediums: Current Tracked Scanning Clients are : {NearbyConnections.EnvironmentMonitor, NearbySharing}
10-20 00:38:28.701  7096  7120 I native  : I0000 00:00:1760900908.701081    7120 soda_async_impl.cc:1383] Current audio timestamp: 1760900908590380
10-20 00:38:28.720  7096  7126 W ProxyAndroidLoggerBackend: Too many Flogger logs received before configuration. Dropping old logs.
10-20 00:38:29.148 21104 21118 I WifiScanner: onFullResults
10-20 00:38:29.149 21104 22617 I WifiScanner: onFullResults
10-20 00:38:29.149 21104 22003 I WifiScanner: onFullResults
10-20 00:38:29.158 21104 19162 I FrewleTileCacheManagerV: (REDACTED) Fetched %d AP models from cache
10-20 00:38:29.198 21104 21184 I FusedLocation: (REDACTED) location delivery to %s blocked - too close
10-20 00:38:29.199 21104 21184 I FusedLocation: (REDACTED) location delivery to %s blocked - too fast
10-20 00:38:29.200 21104 21184 I FusedLocation: (REDACTED) location delivery to %s blocked - too close
10-20 00:38:29.291 21104 19162 I TFLite-in-PlayServices: Created interpreter.
10-20 00:38:29.318 21104 19162 I TFLite-in-PlayServices: Created interpreter.
10-20 00:38:29.342 21104 19162 I SemanticLocation: (REDACTED) [Inferrer] %s%s
--------- beginning of system
10-20 00:38:32.063  1870  2671 D BatteryStatsService: noteVideoSurfaceChanged  noteWhich: 49,arg1: 1080, arg2: 2392, arg3: 2704, arg4: 230, name: com.android.systemui
10-20 00:38:32.064  1870  2895 D BatteryStatsService: noteVideoSurfaceChanged  noteWhich: 49,arg1: 1080, arg2: 2392, arg3: 2704, arg4: 236, name: com.android.systemui
10-20 00:38:32.072  1870  2718 D BatteryStatsService: noteVideoSurfaceChanged  noteWhich: 49,arg1: 1080, arg2: 2392, arg3: 2704, arg4: 230, name: com.android.systemui
10-20 00:38:32.072  1870  3607 D BatteryStatsService: noteVideoSurfaceChanged  noteWhich: 49,arg1: 1080, arg2: 2392, arg3: 2704, arg4: 236, name: com.android.systemui
10-20 00:38:32.099  1870  2671 D BatteryStatsService: noteVideoSurfaceChanged  noteWhich: 49,arg1: 1080, arg2: 2392, arg3: 2704, arg4: 230, name: com.android.systemui
10-20 00:38:32.141  1870  2671 D BatteryStatsService: noteVideoSurfaceChanged  noteWhich: 49,arg1: 1080, arg2: 2392, arg3: 2704, arg4: 230, name: com.android.systemui
10-20 00:38:32.142  1870  2718 D BatteryStatsService: noteVideoSurfaceChanged  noteWhich: 49,arg1: 1080, arg2: 2392, arg3: 2704, arg4: 236, name: com.android.systemui
10-20 00:38:33.577 12475 12475 I cr_OfflineDetector: Running updateState mConnectivityDetectorInitialized: true, mTimeWhenLastForegrounded: 1345082940, getElapsedTime: 1345082940, mTimeWhenLastOfflineNotificationReceived: 0, mTimeWhenLastOnline: 1344222002, mTimeWhenAirplaneModeToggledOff: 0 mApplicationState: 1, mIsOfflineLastReportedByConnectivityDetector: false, mInAirplaneMode: false mIsEffectivelyOffline: false
10-20 00:38:33.577 12475 12475 I cr_OfflineDetector: updateState(): timeSinceLastForeground: 0, timeSinceOfflineNotificationReceived: 1345082940, timeSinceLastOnline: 860938, timeNeededForForeground: 2000, timeNeededForOffline: -1345080940 timeSinceAirplaneModeToggledOff: 1345082940 timeNeededAfterConnectionChangeFromOnlineToOffline: -850938 timeNeededAfterConnectionChangeFromAirplaneToOffline: 0
10-20 00:38:33.605  5720  5865 D SQLiteQueryBuilder: SELECT _data, owner_package_name, is_pending FROM downloads WHERE ((_id='1000014720') AND (volume_name IN ( 'external_primary' )))
10-20 00:38:33.610  5720  5865 D SQLiteQueryBuilder: SELECT rowid FROM downloads WHERE ((owner_package_name IN ( 'com.android.chrome' )) AND (_id='1000014720') AND (volume_name IN ( 'external_primary' )))
10-20 00:38:33.611  5720  5865 D MediaProvider: Open with FUSE. FilePath: /storage/emulated/0/Download/application-6087377e-ae53-44bc-87ca-9b3adf312d99.apk. Uid: 10208. Media Capabilities Uid: 0. ShouldRedact: false. ShouldTranscode: false
10-20 00:38:33.612  5720 14147 D SQLiteQueryBuilder: SELECT _id FROM files WHERE ((owner_package_name IN ( 'com.android.intentresolver' )) AND (_id='1000014720') AND (is_download=1) AND (volume_name IN ( 'external_primary' )))
10-20 00:38:33.616  5720  5865 D SQLiteQueryBuilder: SELECT _id FROM files WHERE ((owner_package_name IN ( 'com.android.chrome' )) AND (_id='1000014720') AND (is_download=1) AND (volume_name IN ( 'external_primary' )))
10-20 00:38:33.883  1870  1976 I ActivityTaskManager: Displayed com.android.intentresolver/.ResolverActivity for user 0: +258ms
10-20 00:38:33.892 21104 21104 D BoundBrokerSvc: onRebind: Intent { act=com.google.android.gms.common.telemetry.service.START dat=chimera-action:/... cmp=com.google.android.gms/.chimera.PersistentApiService }
10-20 00:38:33.909  1870  2896 D BatteryStatsService: noteVideoSurfaceChanged  noteWhich: 49,arg1: -2, arg2: -1, arg3: 2704, arg4: 230, name: com.android.systemui
10-20 00:38:33.915  1870  3346 D BatteryStatsService: noteVideoSurfaceChanged  noteWhich: 49,arg1: -2, arg2: -1, arg3: 2704, arg4: 230, name: com.android.systemui
10-20 00:38:33.915  1870  2896 D BatteryStatsService: noteVideoSurfaceChanged  noteWhich: 49,arg1: -2, arg2: -1, arg3: 2704, arg4: 236, name: com.android.systemui
10-20 00:38:33.947  1870  2610 D BatteryStatsService: noteVideoSurfaceChanged  noteWhich: 49,arg1: -2, arg2: -1, arg3: 2704, arg4: 230, name: com.android.systemui
10-20 00:38:33.948  1870  2610 D BatteryStatsService: noteVideoSurfaceChanged  noteWhich: 49,arg1: -2, arg2: -1, arg3: 2704, arg4: 236, name: com.android.systemui
10-20 00:38:33.962  5589  5589 I GoogleInputMethodService: GoogleInputMethodService.onFinishInput():2085 
10-20 00:38:33.964  5589  5589 I Module  : DeviceLockedStatusModuleProvider$Module.updateDeviceLockedStatus():100 repeatCheckTimes = 0, locked = false
10-20 00:38:33.964  5589  5589 I GoogleInputMethodService: GoogleInputMethodService.onStartInput():1346 onStartInput(EditorInfo{EditorInfo{packageName=com.android.intentresolver, inputType=0, inputTypeString=NULL, enableLearning=false, autoCorrection=false, autoComplete=false, imeOptions=0, privateImeOptions=null, actionName=UNSPECIFIED, actionLabel=null, initialSelStart=-1, initialSelEnd=-1, initialCapsMode=0, label=null, fieldId=0, fieldName=null, extras=null, hintText=null, hintLocales=[]}}, false)
10-20 00:38:33.966  5589  5589 I Module  : DeviceLockedStatusModuleProvider$Module.updateDeviceLockedStatus():100 repeatCheckTimes = 1, locked = false
10-20 00:38:34.619  5720  5865 D SQLiteQueryBuilder: SELECT _id FROM files WHERE ((owner_package_name IN ( 'com.google.android.packageinstaller' )) AND (_id='1000014720') AND (is_download=1) AND (volume_name IN ( 'external_primary' )))
10-20 00:38:34.622  5720 14147 D SQLiteQueryBuilder: SELECT _id FROM files WHERE ((owner_package_name IN ( 'com.android.chrome' )) AND (_id='1000014720') AND (is_download=1) AND (volume_name IN ( 'external_primary' )))
10-20 00:38:34.681  5720 14147 D SQLiteQueryBuilder: SELECT _id FROM downloads WHERE ((_id='1000014720') AND (volume_name IN ( 'external_primary' )))
10-20 00:38:34.685  5720 14147 D SQLiteQueryBuilder: SELECT _id FROM downloads WHERE ((_id='1000014720') AND (volume_name IN ( 'external_primary' )))
10-20 00:38:34.756  5720 14147 D SQLiteQueryBuilder: SELECT _data, owner_package_name, is_pending FROM downloads WHERE ((_id='1000014720') AND (volume_name IN ( 'external_primary' )))
10-20 00:38:34.761  5720 14147 D MediaProvider: Open with FUSE. FilePath: /storage/emulated/0/Download/application-6087377e-ae53-44bc-87ca-9b3adf312d99.apk. Uid: 10080. Media Capabilities Uid: 0. ShouldRedact: false. ShouldTranscode: false
10-20 00:38:34.782  5720 14147 D SQLiteQueryBuilder: SELECT _data, owner_package_name, is_pending FROM downloads WHERE ((_id='1000014720') AND (volume_name IN ( 'external_primary' )))
10-20 00:38:34.783  5720 14147 D MediaProvider: Open with FUSE. FilePath: /storage/emulated/0/Download/application-6087377e-ae53-44bc-87ca-9b3adf312d99.apk. Uid: 10080. Media Capabilities Uid: 0. ShouldRedact: false. ShouldTranscode: false
10-20 00:38:34.793  5720 14147 D SQLiteQueryBuilder: SELECT _data, owner_package_name, is_pending FROM downloads WHERE ((_id='1000014720') AND (volume_name IN ( 'external_primary' )))
10-20 00:38:34.795  5720 14147 D MediaProvider: Open with FUSE. FilePath: /storage/emulated/0/Download/application-6087377e-ae53-44bc-87ca-9b3adf312d99.apk. Uid: 10080. Media Capabilities Uid: 0. ShouldRedact: false. ShouldTranscode: false
10-20 00:38:34.801  5720 14147 D SQLiteQueryBuilder: SELECT _data, owner_package_name, is_pending FROM downloads WHERE ((_id='1000014720') AND (volume_name IN ( 'external_primary' )))
10-20 00:38:34.803  5720 14147 D MediaProvider: Open with FUSE. FilePath: /storage/emulated/0/Download/application-6087377e-ae53-44bc-87ca-9b3adf312d99.apk. Uid: 10080. Media Capabilities Uid: 0. ShouldRedact: false. ShouldTranscode: false
10-20 00:38:34.804 28490 28490 D ViewRootImpl: AppSizeAfterRelayout, size: Point(1202, 720), rotation: ROTATION_0
10-20 00:38:34.805 28490 28490 D BufferQueueConsumer: [](id:6f4a0000001e,api:0,p:-1,c:28490) connect: controlledByApp=false
10-20 00:38:34.805 28490 28490 D BLASTBufferQueue: [VRI[InstallStaging]#30](f:0,a:0) constructor()
10-20 00:38:34.805 28490 28490 D BLASTBufferQueue: [VRI[InstallStaging]#30](f:0,a:0) update width=1202 height=720 format=-3 mTransformHint=0
10-20 00:38:34.819 28490 29142 D BLASTBufferQueue: [VRI[InstallStaging]#30](f:0,a:1) acquireNextBufferLocked size=1202x720 mFrameNumber=1 applyTransaction=true mTimestamp=661836694963293(auto) mPendingTransactions.size=0 graphicBufferId=122363618263251 transform=0
10-20 00:38:34.827 28490 28490 D ViewRootImpl: AppSizeAfterRelayout, size: Point(1202, 264), rotation: ROTATION_0
10-20 00:38:34.827 28490 28490 D BufferQueueConsumer: [](id:6f4a0000001f,api:0,p:-1,c:28490) connect: controlledByApp=false
10-20 00:38:34.827 28490 28490 D BLASTBufferQueue: [VRI[InstallStaging]#31](f:0,a:0) constructor()
10-20 00:38:34.827 28490 28490 D BLASTBufferQueue: [VRI[InstallStaging]#31](f:0,a:0) update width=1202 height=264 format=-3 mTransformHint=0
10-20 00:38:34.833 28490 29142 D BLASTBufferQueue: [VRI[InstallStaging]#31](f:0,a:1) acquireNextBufferLocked size=1202x264 mFrameNumber=1 applyTransaction=true mTimestamp=661836709379601(auto) mPendingTransactions.size=0 graphicBufferId=122363618263257 transform=0
10-20 00:38:34.868  1870  1976 I ActivityTaskManager: Displayed com.google.android.packageinstaller/com.android.packageinstaller.InstallStaging for user 0: +225ms
10-20 00:38:35.301 28490 28490 D ViewRootImpl: AppSizeAfterRelayout, size: Point(1202, 264), rotation: ROTATION_0
10-20 00:38:35.301 28490 28490 D BufferQueueConsumer: [](id:6f4a00000020,api:0,p:-1,c:28490) connect: controlledByApp=false
10-20 00:38:35.301 28490 28490 D BLASTBufferQueue: [VRI[DeleteStagedFileOnResult]#32](f:0,a:0) constructor()
10-20 00:38:35.301 28490 28490 D BLASTBufferQueue: [VRI[DeleteStagedFileOnResult]#32](f:0,a:0) update width=1202 height=264 format=-3 mTransformHint=0
10-20 00:38:35.304 28490 29142 D BLASTBufferQueue: [VRI[DeleteStagedFileOnResult]#32](f:0,a:1) acquireNextBufferLocked size=1202x264 mFrameNumber=1 applyTransaction=true mTimestamp=661837180641524(auto) mPendingTransactions.size=0 graphicBufferId=122363618263264 transform=0
10-20 00:38:35.370 28490 28490 D ViewRootImpl: AppSizeAfterRelayout, size: Point(1202, 720), rotation: ROTATION_0
10-20 00:38:35.371 28490 28490 D BufferQueueConsumer: [](id:6f4a00000021,api:0,p:-1,c:28490) connect: controlledByApp=false
10-20 00:38:35.371 28490 28490 D BLASTBufferQueue: [VRI[PackageInstallerActivity]#33](f:0,a:0) constructor()
10-20 00:38:35.371 28490 28490 D BLASTBufferQueue: [VRI[PackageInstallerActivity]#33](f:0,a:0) update width=1202 height=720 format=-3 mTransformHint=0
10-20 00:38:35.377 28490 29142 D BLASTBufferQueue: [VRI[PackageInstallerActivity]#33](f:0,a:1) acquireNextBufferLocked size=1202x720 mFrameNumber=1 applyTransaction=true mTimestamp=661837253714063(auto) mPendingTransactions.size=0 graphicBufferId=122363618263271 transform=0
10-20 00:38:35.383 28490 28490 D ViewRootImpl: AppSizeAfterRelayout, size: Point(1202, 264), rotation: ROTATION_0
10-20 00:38:35.383 28490 28490 D BufferQueueConsumer: [](id:6f4a00000022,api:0,p:-1,c:28490) connect: controlledByApp=false
10-20 00:38:35.383 28490 28490 D BLASTBufferQueue: [VRI[PackageInstallerActivity]#34](f:0,a:0) constructor()
10-20 00:38:35.383 28490 28490 D BLASTBufferQueue: [VRI[PackageInstallerActivity]#34](f:0,a:0) update width=1202 height=264 format=-3 mTransformHint=0
10-20 00:38:35.388 28490 29142 D BLASTBufferQueue: [VRI[PackageInstallerActivity]#34](f:0,a:1) acquireNextBufferLocked size=1202x264 mFrameNumber=1 applyTransaction=true mTimestamp=661837264488832(auto) mPendingTransactions.size=0 graphicBufferId=122363618263278 transform=0
10-20 00:38:35.401  1870  1976 I ActivityTaskManager: Displayed com.google.android.packageinstaller/com.android.packageinstaller.PackageInstallerActivity for user 0: +138ms
10-20 00:38:35.414 28490 28490 D VRI[InstallStaging]: visibilityChanged oldVisibility=true newVisibility=false
10-20 00:38:35.424 28490 28490 D ViewRootImpl: AppSizeAfterRelayout, size: Point(1202, 720), rotation: ROTATION_0
10-20 00:38:35.425 28490 28490 D VRI[InstallStaging]: visibilityChanged oldVisibility=true newVisibility=false
10-20 00:38:35.436 28490 28490 D ViewRootImpl: AppSizeAfterRelayout, size: Point(1202, 264), rotation: ROTATION_0
10-20 00:38:35.436 28490 29133 D BLASTBufferQueue: [VRI[InstallStaging]#30](f:0,a:4) destructor()
10-20 00:38:35.436 28490 29133 D BufferQueueConsumer: [VRI[InstallStaging]#30(BLAST Consumer)30](id:6f4a0000001e,api:0,p:-1,c:28490) disconnect
10-20 00:38:35.436 28490 28490 D BLASTBufferQueue: [VRI[InstallStaging]#31](f:0,a:2) destructor()
10-20 00:38:35.436 28490 28490 D BufferQueueConsumer: [VRI[InstallStaging]#31(BLAST Consumer)31](id:6f4a0000001f,api:0,p:-1,c:28490) disconnect
10-20 00:38:35.440 28490 28490 W WindowOnBackDispatcher: sendCancelIfRunning: isInProgress=false callback=android.view.ViewRootImpl$$ExternalSyntheticLambda11@530a961
10-20 00:38:35.446 28490 28490 W WindowOnBackDispatcher: sendCancelIfRunning: isInProgress=false callback=android.view.ViewRootImpl$$ExternalSyntheticLambda11@bb2ba3f
10-20 00:38:36.098 28490 28490 W WindowOnBackDispatcher: sendCancelIfRunning: isInProgress=false callback=android.view.ViewRootImpl$$ExternalSyntheticLambda11@3bed7c1
10-20 00:38:36.101 28490 29142 D HWUI    : endAllActiveAnimators on 0xb4000077800d7f80 (RippleDrawable) with handle 0xb4000077d008a070
10-20 00:38:36.114 28490 29265 D BLASTBufferQueue: [VRI[PackageInstallerActivity]#33](f:0,a:4) destructor()
10-20 00:38:36.114 28490 29265 D BufferQueueConsumer: [VRI[PackageInstallerActivity]#33(BLAST Consumer)33](id:6f4a00000021,api:0,p:-1,c:28490) disconnect
10-20 00:38:36.139 28490 28490 D InstallInstalling: Staged session is valid, proceeding with the install
10-20 00:38:36.157 28490 28490 D ViewRootImpl: AppSizeAfterRelayout, size: Point(1202, 720), rotation: ROTATION_0
10-20 00:38:36.157 28490 28490 D BufferQueueConsumer: [](id:6f4a00000023,api:0,p:-1,c:28490) connect: controlledByApp=false
10-20 00:38:36.157 28490 28490 D BLASTBufferQueue: [VRI[InstallInstalling]#35](f:0,a:0) constructor()
10-20 00:38:36.157 28490 28490 D BLASTBufferQueue: [VRI[InstallInstalling]#35](f:0,a:0) update width=1202 height=720 format=-3 mTransformHint=0
10-20 00:38:36.163 28490 29142 D BLASTBufferQueue: [VRI[InstallInstalling]#35](f:0,a:1) acquireNextBufferLocked size=1202x720 mFrameNumber=1 applyTransaction=true mTimestamp=661838039643678(auto) mPendingTransactions.size=0 graphicBufferId=122363618263285 transform=0
10-20 00:38:36.169 28490 28490 D ViewRootImpl: AppSizeAfterRelayout, size: Point(1202, 264), rotation: ROTATION_0
10-20 00:38:36.169 28490 28490 D BufferQueueConsumer: [](id:6f4a00000024,api:0,p:-1,c:28490) connect: controlledByApp=false
10-20 00:38:36.169 28490 28490 D BLASTBufferQueue: [VRI[InstallInstalling]#36](f:0,a:0) constructor()
10-20 00:38:36.169 28490 28490 D BLASTBufferQueue: [VRI[InstallInstalling]#36](f:0,a:0) update width=1202 height=264 format=-3 mTransformHint=0
10-20 00:38:36.176 28490 29142 D BLASTBufferQueue: [VRI[InstallInstalling]#36](f:0,a:1) acquireNextBufferLocked size=1202x264 mFrameNumber=1 applyTransaction=true mTimestamp=661838052429447(auto) mPendingTransactions.size=0 graphicBufferId=122363618263291 transform=0
10-20 00:38:36.186  1870  1976 I ActivityTaskManager: Displayed com.google.android.packageinstaller/com.android.packageinstaller.InstallInstalling for user 0: +93ms
10-20 00:38:36.194 28490 28490 D VRI[PackageInstallerActivity]: visibilityChanged oldVisibility=true newVisibility=false
10-20 00:38:36.208 28490 28490 D ViewRootImpl: AppSizeAfterRelayout, size: Point(1202, 264), rotation: ROTATION_0
