10-23 17:48:40.083 I/ReactNativeJS(18100): '≡ƒù║∩╕Å [HOME] Map will receive', 1, 'drivers:'
10-23 17:48:40.083 I/ReactNativeJS(18100): '≡ƒù║∩╕Å [HOME] Driver 1 for map:', { driver_id: 'eb91d7e5-e2f2-4021-a8c8-3739a3d4cae4',
10-23 17:48:40.083 I/ReactNativeJS(18100):   user_id: '1c4ac410-54d8-4b5e-960b-3afcbebd115d',
10-23 17:48:40.083 I/ReactNativeJS(18100):   vehicle_type: 'sedan',
10-23 17:48:40.083 I/ReactNativeJS(18100):   coordinates: { lat: 12.7486983, lng: 77.829988 },
10-23 17:48:40.083 I/ReactNativeJS(18100):   distance: '0.0000km',
10-23 17:48:40.083 I/ReactNativeJS(18100):   rating: 5,
10-23 17:48:40.083 I/ReactNativeJS(18100):   heading: 314.27,
10-23 17:48:40.083 I/ReactNativeJS(18100):   updated_at: '2025-10-23T12:18:30.580202+00:00' }
10-23 17:48:40.145 I/ReactNativeJS(18100): '≡ƒôì [GPS] Live location update:', { lat: '12.748630', lng: '77.829969', accuracy: '4.52m' }
10-23 17:48:40.146 W/ReactNativeJS(18100): ≡ƒÅá [HOME] ===== RENDERING HOME SCREEN =====
10-23 17:48:40.146 I/ReactNativeJS(  419): '≡ƒôì 5-second location watch update:', { altitude: 774.3999633789062,
10-23 17:48:40.146 I/ReactNativeJS(  419):   heading: 0,
10-23 17:48:40.146 I/ReactNativeJS(  419):   altitudeAccuracy: 12.201140403747559,
10-23 17:48:40.146 I/ReactNativeJS(  419):   latitude: 12.7486296,
10-23 17:48:40.146 I/ReactNativeJS(  419):   speed: 0.07180365920066833,
10-23 17:48:40.146 I/ReactNativeJS(  419):   longitude: 77.8299689,
10-23 17:48:40.146 I/ReactNativeJS(  419):   accuracy: 4.517000198364258 }
10-23 17:48:40.146 W/ReactNativeJS(18100): '≡ƒÅá [HOME] currentLocation:', '{"altitude":774.3999633789062,"heading":0,"altitudeAccuracy":12.201140403747559,"latitude":12.7486296,"speed":0.07180365920066833,"longitude":77.8299689,"accuracy":4.517000198364258}'
10-23 17:48:40.146 W/ReactNativeJS(18100): '≡ƒÅá [HOME] pickupCoords:', '{"latitude":12.7486447,"longitude":77.8299961}'
10-23 17:48:40.146 W/ReactNativeJS(18100): '≡ƒÅá [HOME] destinationCoords:', 'null'
10-23 17:48:40.146 W/ReactNativeJS(18100): '≡ƒÅá [HOME] pickupLocation text:', 'PRXJ+F32, Brindavan Nagar, Plot 87, NGGO\'s Colony, Anand Nagar, Hosur, Tamil Nadu 635109, India'
10-23 17:48:40.146 W/ReactNativeJS(18100): '≡ƒÅá [HOME] availableDrivers count:', 1
10-23 17:48:40.146 W/ReactNativeJS(18100): '≡ƒÅá [HOME] showDriversOnMap:', true
10-23 17:48:40.146 I/ReactNativeJS(18100): '≡ƒÅá≡ƒÅá≡ƒÅá [HOME-V2] ABOUT TO RENDER SimpleHosurMap with props:', { hasUserLocation: true,
10-23 17:48:40.146 I/ReactNativeJS(18100):   hasPickup: true,
10-23 17:48:40.146 I/ReactNativeJS(18100):   hasDestination: false,
10-23 17:48:40.146 I/ReactNativeJS(18100):   showDriversOnMap: true,
10-23 17:48:40.146 I/ReactNativeJS(18100):   timestamp: '2025-10-23T12:18:40.146Z' }
10-23 17:48:40.146 I/ReactNativeJS(18100): ≡ƒº¬≡ƒº¬≡ƒº¬ TEST MAP RENDERING NOW
10-23 17:48:40.146 I/ReactNativeJS(18100): '≡ƒº¬ Props received:', [ 'userLocation',
10-23 17:48:40.146 I/ReactNativeJS(18100):   'pickupLocation',
10-23 17:48:40.146 I/ReactNativeJS(18100):   'destinationLocation',
10-23 17:48:40.146 I/ReactNativeJS(18100):   'onRegionChangeComplete',
10-23 17:48:40.146 I/ReactNativeJS(18100):   'onDestinationDragEnd',
10-23 17:48:40.146 I/ReactNativeJS(18100):   'showCenteredPin',
10-23 17:48:40.146 I/ReactNativeJS(18100):   'availableDrivers',
10-23 17:48:40.146 I/ReactNativeJS(18100):   'showDrivers' ]
10-23 17:48:40.154 I/ReactNativeJS(  419): '≡ƒÄ»≡ƒÄ»≡ƒÄ» TripCompletionModal RENDER - visible:', false
10-23 17:48:40.154 I/ReactNativeJS(18100): ≡ƒÜù [HOME] ===== STARTING IMMEDIATE DRIVER DISPLAY =====
10-23 17:48:40.154 I/ReactNativeJS(18100): ≡ƒÜù [HOME] Current location available, showing drivers immediately
10-23 17:48:40.154 I/ReactNativeJS(18100): '≡ƒÜù [HOME] Location details:', { latitude: 12.7486296,
10-23 17:48:40.154 I/ReactNativeJS(18100):   longitude: 77.8299689,
10-23 17:48:40.154 I/ReactNativeJS(18100):   accuracy: 4.517000198364258 }
10-23 17:48:40.154 I/ReactNativeJS(18100): ≡ƒÜù [HOME] Showing ALL vehicle types (no filter applied)
10-23 17:48:40.154 I/ReactNativeJS(18100): '≡ƒÜù [HOME] Should show drivers on map:', true
10-23 17:48:40.154 I/ReactNativeJS(  419): '≡ƒÄ»≡ƒÄ»≡ƒÄ» tripData:', '{\n  "distance": 0,\n  "duration": 0,\n  "fareBreakdown": {\n    "booking_type": "regular",\n    "vehicle_type": "sedan",\n    "base_fare": 0,\n    "distance_fare": 0,\n    "time_fare": 0,\n    "surge_charges": 0,\n    "deadhead_charges": 0,\n    "platform_fee": 0,\n    "gst_on_charges": 0,\n    "gst_on_platform_fee": 0,\n    "extra_km_charges": 0,\n    "driver_allowance": 0,\n    "total_fare": 0,\n    "details": {\n      "actual_distance_km": 0,\n      "actual_duration_minutes": 0,\n      "per_km_rate": 0\n    }\n  },\n  "pickup_address": "",\n  "destination_address": "",\n  "booking_type": "regular",\n  "rental_hours": null\n}'
10-23 17:48:40.154 I/ReactNativeJS(18100): '≡ƒöä [HOME] Starting driver location polling with:', { currentLocation: { latitude: 12.7486296, longitude: 77.8299689 },
10-23 17:48:40.154 I/ReactNativeJS(18100):   vehicleType: 'sedan',
10-23 17:48:40.154 I/ReactNativeJS(18100):   radius: 10 }
10-23 17:48:40.155 I/ReactNativeJS(18100): ≡ƒ¢æ [HOME] Stopping driver location polling
10-23 17:48:40.155 I/ReactNativeJS(  419): Γ¥î Not visible - returning null
10-23 17:48:40.155 I/ReactNativeJS(18100): ≡ƒ¢æ [DRIVER-SERVICE] Stopped driver location polling
10-23 17:48:40.155 I/ReactNativeJS(18100): '≡ƒöä [DRIVER-SERVICE] Starting driver location polling every', 10, 'seconds'
10-23 17:48:40.155 I/ReactNativeJS(18100): '≡ƒöä [DRIVER-SERVICE] Polling parameters:', { customerLocation: { lat: 12.7486296, lng: 77.8299689 },
10-23 17:48:40.155 I/ReactNativeJS(18100):   vehicleType: 'all',
10-23 17:48:40.155 I/ReactNativeJS(18100):   interval: '10000ms' }
10-23 17:48:40.155 I/ReactNativeJS(18100): '≡ƒù║∩╕Å [DRIVER-SERVICE] Fetching available drivers via edge function:', { location: { lat: 12.7486296, lng: 77.8299689 },
10-23 17:48:40.155 I/ReactNativeJS(18100):   radius: '10km',
10-23 17:48:40.155 I/ReactNativeJS(18100):   vehicleType: 'all',
10-23 17:48:40.155 I/ReactNativeJS(18100):   timestamp: '2025-10-23T12:18:40.155Z' }
10-23 17:48:40.155 I/ReactNativeJS(18100): '≡ƒîÉ [DRIVER-SERVICE] Constructed Edge Function URL:', 'https://whubaypabojomdyfqxcf.supabase.co/functions/v1/get-drivers-with-locations?lat=12.7486296&lng=77.8299689&radius=10'
10-23 17:48:40.169 I/ReactNativeJS(  419): '≡ƒôì Background location update:', [ { timestamp: 1761221920119,
10-23 17:48:40.169 I/ReactNativeJS(  419):     mocked: false,
10-23 17:48:40.169 I/ReactNativeJS(  419):     coords:
10-23 17:48:40.169 I/ReactNativeJS(  419):      { altitude: 774.3999633789062,
10-23 17:48:40.169 I/ReactNativeJS(  419):        heading: 0,
10-23 17:48:40.169 I/ReactNativeJS(  419):        altitudeAccuracy: 12.201140403747559,
10-23 17:48:40.169 I/ReactNativeJS(  419):        latitude: 12.7486296,
10-23 17:48:40.169 I/ReactNativeJS(  419):        speed: 0.07180365920066833,
10-23 17:48:40.169 I/ReactNativeJS(  419):        longitude: 77.8299689,
10-23 17:48:40.169 I/ReactNativeJS(  419):        accuracy: 4.517000198364258 } } ]
10-23 17:48:40.184 I/ReactNativeJS(  419): ≡ƒôñ Background location update via RPC...
10-23 17:48:40.184 E/ReactNativeJS(  419): Γ¥î Supabase credentials not configured
10-23 17:48:40.545 W/ReactNativeJS(18100): 'ΓÜá∩╕Å [DRIVER-SERVICE] Edge function failed, using direct database access:', 'Edge function failed: 500 - {"code":"WORKER_ERROR","message":"Function exited due to an error (please check logs)"}'
10-23 17:48:40.545 I/ReactNativeJS(18100): ≡ƒöì [DRIVER-SERVICE] ===== USING DIRECT DATABASE ACCESS =====
10-23 17:48:40.545 I/ReactNativeJS(18100): '≡ƒöì [DRIVER-SERVICE] Parameters:', { customerLocation: { lat: 12.7486296, lng: 77.8299689 },
10-23 17:48:40.545 I/ReactNativeJS(18100):   radius: '10km',
10-23 17:48:40.545 I/ReactNativeJS(18100):   vehicleType: 'all' }
10-23 17:48:40.545 I/ReactNativeJS(18100): ≡ƒôè [DRIVER-SERVICE] Step 1: Fetching online verified drivers...
10-23 17:48:40.573 I/ReactNativeJS(  419): === SENDING LOCATION TO EDGE FUNCTION ===
10-23 17:48:40.573 I/ReactNativeJS(  419): 'Driver User ID:', '1c4ac410-54d8-4b5e-960b-3afcbebd115d'
10-23 17:48:40.574 I/ReactNativeJS(  419): 'Location:', { latitude: 12.7486296,
10-23 17:48:40.574 I/ReactNativeJS(  419):   longitude: 77.8299689,
10-23 17:48:40.574 I/ReactNativeJS(  419):   accuracy: 4.517000198364258 }
10-23 17:48:40.574 I/ReactNativeJS(  419): ≡ƒôñ Updating location via RPC...
10-23 17:48:40.808 I/ReactNativeJS(18100): '≡ƒöì AuthNavigator - checking auth state:', { user: true,
10-23 17:48:40.808 I/ReactNativeJS(18100):   loading: false,
10-23 17:48:40.808 I/ReactNativeJS(18100):   segments: '(tabs)',
10-23 17:48:40.808 I/ReactNativeJS(18100):   userEmail: '918608374935@a1taxi.app',
10-23 17:48:40.808 I/ReactNativeJS(18100):   userRole: 'customer' }
10-23 17:48:40.808 I/ReactNativeJS(18100): Γ£à User authenticated and on correct screen
10-23 17:48:40.815 I/ReactNativeJS(18100): '≡ƒôè [DRIVER-SERVICE] Found drivers:', { total: 21,
10-23 17:48:40.815 I/ReactNativeJS(18100):   details:
10-23 17:48:40.815 I/ReactNativeJS(18100):    [ { id: '22480cc3-665c-407e-ad8a-8eafde67706b',
10-23 17:48:40.815 I/ReactNativeJS(18100):        user_id: '16011178-decf-4de3-beae-94ca46ce9258',
10-23 17:48:40.815 I/ReactNativeJS(18100):        name: undefined,
10-23 17:48:40.815 I/ReactNativeJS(18100):        vehicle_type: 'hatchback',
10-23 17:48:40.815 I/ReactNativeJS(18100):        status: 'online',
10-23 17:48:40.815 I/ReactNativeJS(18100):        verified: true },
10-23 17:48:40.815 I/ReactNativeJS(18100):      { id: '76b66a88-dff9-4965-9e36-8a92023f155d',
10-23 17:48:40.815 I/ReactNativeJS(18100):        user_id: 'ae53a792-6aed-4186-823d-61c34c6defe2',
10-23 17:48:40.815 I/ReactNativeJS(18100):        name: undefined,
10-23 17:48:40.815 I/ReactNativeJS(18100):        vehicle_type: 'sedan',
10-23 17:48:40.815 I/ReactNativeJS(18100):        status: 'online',
10-23 17:48:40.815 I/ReactNativeJS(18100):        verified: true },
10-23 17:48:40.815 I/ReactNativeJS(18100):      { id: '6f55e87b-6558-48df-af8c-d69190918b32',
10-23 17:48:40.815 I/ReactNativeJS(18100):        user_id: 'e6145579-4f5a-439f-b929-fa478580c049',
10-23 17:48:40.815 I/ReactNativeJS(18100):        name: undefined,
10-23 17:48:40.815 I/ReactNativeJS(18100):        vehicle_type: 'hatchback',
10-23 17:48:40.815 I/ReactNativeJS(18100):        status: 'online',
10-23 17:48:40.815 I/ReactNativeJS(18100):        verified: true },
10-23 17:48:40.815 I/ReactNativeJS(18100):      { id: '97a4ba58-9431-48e5-ac8f-3472b8357179',
10-23 17:48:40.815 I/ReactNativeJS(18100):        user_id: '5d6651c8-2e3f-44e7-b4a1-0056c1d5315b',
10-23 17:48:40.815 I/ReactNativeJS(18100):        name: undefined,
10-23 17:48:40.815 I/ReactNativeJS(18100):        vehicle_type: 'sedan_ac',
10-23 17:48:40.815 I/ReactNativeJS(18100):        status: 'online',
10-23 17:48:40.815 I/ReactNativeJS(18100):        verified: true },
10-23 17:48:40.815 I/ReactNativeJS(18100):      { id: 'c568b21d-0975-4388-a9fb-cc00013b6d4f',
10-23 17:48:40.815 I/ReactNativeJS(18100):        user_id: '6150ee57-77e5-45f7-b6c7-a586f22f2af8',
10-23 17:48:40.815 I/ReactNativeJS(18100):        name: undefined,
10-23 17:48:40.815 I/ReactNativeJS(18100):        vehicle_type: 'sedan',
10-23 17:48:40.815 I/ReactNativeJS(18100):        status: 'online',
10-23 17:48:40.815 I/ReactNativeJS(18100):        verified: true },
10-23 17:48:40.815 I/ReactNativeJS(18100):      { id: '7055c2f9-99fa-4d96-bc6c-079b5cda6f56',
10-23 17:48:40.815 I/ReactNativeJS(18100):        user_id: 'dc475d27-6167-4695-a014-dcb8d160b4c6',
10-23 17:48:40.815 I/ReactNativeJS(18100):        name: undefined,
10-23 17:48:40.815 I/ReactNativeJS(18100):        vehicle_type: 'hatchback',
10-23 17:48:40.815 I/ReactNativeJS(18100):        status: 'online',
10-23 17:48:40.815 I/ReactNativeJS(18100):        verified: true },
10-23 17:48:40.815 I/ReactNativeJS(18100):      { id: '770e8400-e29b-41d4-a716-446655440001',
10-23 17:48:40.815 I/ReactNativeJS(18100):        user_id: '550e8400-e29b-41d4-a716-446655440001',
10-23 17:48:40.815 I/ReactNativeJS(18100):        name: undefined,
10-23 17:48:40.815 I/ReactNativeJS(18100):        vehicle_type: 'hatchback',
10-23 17:48:40.815 I/ReactNativeJS(18100):        status: 'online',
10-23 17:48:40.815 I/ReactNativeJS(18100):        verified: true },
10-23 17:48:40.815 I/ReactNativeJS(18100):      { id: '770e8400-e29b-41d4-a716-446655440002',
10-23 17:48:40.815 I/ReactNativeJS(18100):        user_id: '550e8400-e29b-41d4-a716-446655440002',
10-23 17:48:40.815 I/ReactNativeJS(18100):        name: undefined,
10-23 17:48:40.815 I/ReactNativeJS(18100):        vehicle_type: 'sedan',
10-23 17:48:40.815 I/ReactNativeJS(18100):        status: 'online',
10-23 17:48:40.815 I/ReactNativeJS(18100):        verified: true },
10-23 17:48:40.815 I/ReactNativeJS(18100):      { id: '43d81d7d-e647-46cf-8599-11f63996b03e',
10-23 17:48:40.815 I/ReactNativeJS(18100):        user_id: '6c03a657-c3e4-466e-b49c-324c2d051ce9',
10-23 17:48:40.815 I/ReactNativeJS(18100):        name: undefined,
10-23 17:48:40.815 I/ReactNativeJS(18100):        vehicle_type: 'sedan_ac',
10-23 17:48:40.815 I/ReactNativeJS(18100):        status: 'online',
10-23 17:48:40.815 I/ReactNativeJS(18100):        verified: true },
10-23 17:48:40.815 I/ReactNativeJS(18100):      { id: '770e8400-e29b-41d4-a716-446655440003',
10-23 17:48:40.815 I/ReactNativeJS(18100):        user_id: '550e8400-e29b-41d4-a716-446655440003',
10-23 17:48:40.815 I/ReactNativeJS(18100):        name: undefined,
10-23 17:48:40.815 I/ReactNativeJS(18100):        vehicle_type: 'suv',
10-23 17:48:40.815 I/ReactNativeJS(18100):        status: 'online',
10-23 17:48:40.815 I/ReactNativeJS(18100):        verified: true },
10-23 17:48:40.815 I/ReactNativeJS(18100):      { id: '770e8400-e29b-41d4-a716-446655440004',
10-23 17:48:40.815 I/ReactNativeJS(18100):        user_id: '550e8400-e29b-41d4-a716-446655440004',
10-23 17:48:40.815 I/ReactNativeJS(18100):        name: undefined,
10-23 17:48:40.815 I/ReactNativeJS(18100):        vehicle_type: 'sedan',
10-23 17:48:40.815 I/ReactNativeJS(18100):        status: 'online',
10-23 17:48:40.815 I/ReactNativeJS(18100):        verified: true },
10-23 17:48:40.815 I/ReactNativeJS(18100):      { id: '770e8400-e29b-41d4-a716-446655440005',
10-23 17:48:40.815 I/ReactNativeJS(18100):        user_id: '550e8400-e29b-41d4-a716-446655440005',
10-23 17:48:40.815 I/ReactNativeJS(18100):        name: undefined,
10-23 17:48:40.815 I/ReactNativeJS(18100):        vehicle_type: 'hatchback',
10-23 17:48:40.815 I/ReactNativeJS(18100):        status: 'online',
10-23 17:48:40.815 I/ReactNativeJS(18100):        verified: true },
10-23 17:48:40.815 I/ReactNativeJS(18100):      { id: '489b94a7-777b-4e11-ba5c-17e0a3173737',
10-23 17:48:40.815 I/ReactNativeJS(18100):        user_id: '892d8e0d-7ca5-4dd8-9979-539f394538f2',
10-23 17:48:40.815 I/ReactNativeJS(18100):        name: undefined,
10-23 17:48:40.815 I/ReactNativeJS(18100):        vehicle_type: 'hatchback',
10-23 17:48:40.815 I/ReactNativeJS(18100):        status: 'online',
10-23 17:48:40.815 I/ReactNativeJS(18100):        verified: true },
10-23 17:48:40.815 I/ReactNativeJS(18100):      { id: 'd7b4a339-2ba5-45ed-a2ec-238548a8eab6',
10-23 17:48:40.815 I/ReactNativeJS(18100):        user_id: 'cb735787-e96d-4d1d-9975-c112e75dfabd',
10-23 17:48:40.815 I/ReactNativeJS(18100):        name: undefined,
10-23 17:48:40.815 I/ReactNativeJS(18100):        vehicle_type: 'hatchback_ac',
10-23 17:48:40.815 I/ReactNativeJS(18100):        status: 'online',
10-23 17:48:40.815 I/ReactNativeJS(18100):        verified: true },
10-23 17:48:40.815 I/ReactNativeJS(18100):      { id: '38ee94d8-ac2d-450e-8084-0bef654546d7',
10-23 17:48:40.815 I/ReactNativeJS(18100):        user_id: 'fdd94862-18e4-49d4-b6c0-8b9f73c8ff8c',
10-23 17:48:40.815 I/ReactNativeJS(18100):        name: undefined,
10-23 17:48:40.815 I/ReactNativeJS(18100):        vehicle_type: 'sedan',
10-23 17:48:40.815 I/ReactNativeJS(18100):        status: 'online',
10-23 17:48:40.815 I/ReactNativeJS(18100):        verified: true },
10-23 17:48:40.815 I/ReactNativeJS(18100):      { id: 'b4613ecf-44b5-49ba-8613-f8993b6db1d6',
10-23 17:48:40.815 I/ReactNativeJS(18100):        user_id: '539b06c9-4e24-49a4-b307-3fb3f9dc39da',
10-23 17:48:40.815 I/ReactNativeJS(18100):        name: undefined,
10-23 17:48:40.815 I/ReactNativeJS(18100):        vehicle_type: 'sedan',
10-23 17:48:40.815 I/ReactNativeJS(18100):        status: 'online',
10-23 17:48:40.815 I/ReactNativeJS(18100):        verified: true },
10-23 17:48:40.815 I/ReactNativeJS(18100):      { id: '631f4ab4-c643-45a8-addd-541595b0fe86',
10-23 17:48:40.815 I/ReactNativeJS(18100):        user_id: 'b12c8a48-05b3-475a-b042-4810aee4e918',
10-23 17:48:40.815 I/ReactNativeJS(18100):        name: undefined,
10-23 17:48:40.815 I/ReactNativeJS(18100):        vehicle_type: 'suv',
10-23 17:48:40.815 I/ReactNativeJS(18100):        status: 'online',
10-23 17:48:40.815 I/ReactNativeJS(18100):        verified: true },
10-23 17:48:40.815 I/ReactNativeJS(18100):      { id: '0330d75a-67b0-4b12-b9b7-22a241af9c57',
10-23 17:48:40.815 I/ReactNativeJS(18100):        user_id: 'f5e495f1-75a4-4ce1-bb60-4adfc348b8fc',
10-23 17:48:40.815 I/ReactNativeJS(18100):        name: undefined,
10-23 17:48:40.815 I/ReactNativeJS(18100):        vehicle_type: 'sedan',
10-23 17:48:40.815 I/ReactNativeJS(18100):        status: 'online',
10-23 17:48:40.815 I/ReactNativeJS(18100):        verified: true },
10-23 17:48:40.815 I/ReactNativeJS(18100):      { id: '707e2d38-7346-4a2e-bddb-e1157475f786',
10-23 17:48:40.815 I/ReactNativeJS(18100):        user_id: 'ed59084b-f517-4da3-814c-a314cdd8b4c6',
10-23 17:48:40.816 I/ReactNativeJS(18100):        name: undefined,
10-23 17:48:40.816 I/ReactNativeJS(18100):        vehicle_type: 'sedan',
10-23 17:48:40.816 I/ReactNativeJS(18100):        status: 'online',
10-23 17:48:40.816 I/ReactNativeJS(18100):        verified: true },
10-23 17:48:40.816 I/ReactNativeJS(18100):      { id: 'eb91d7e5-e2f2-4021-a8c8-3739a3d4cae4',
10-23 17:48:40.816 I/ReactNativeJS(18100):        user_id: '1c4ac410-54d8-4b5e-960b-3afcbebd115d',
10-23 17:48:40.816 I/ReactNativeJS(18100):        name: undefined,
10-23 17:48:40.816 I/ReactNativeJS(18100):        vehicle_type: 'sedan',
10-23 17:48:40.816 I/ReactNativeJS(18100):        status: 'online',
10-23 17:48:40.816 I/ReactNativeJS(18100):        verified: true },
10-23 17:48:40.816 I/ReactNativeJS(18100):      { id: '058f85df-35b3-4027-81a1-bd52a0df8e4a',
10-23 17:48:40.816 I/ReactNativeJS(18100):        user_id: '411ee301-8ffc-4874-86e9-37716951bc4d',
10-23 17:48:40.816 I/ReactNativeJS(18100):        name: undefined,
10-23 17:48:40.816 I/ReactNativeJS(18100):        vehicle_type: 'suv_ac',
10-23 17:48:40.816 I/ReactNativeJS(18100):        status: 'online',
10-23 17:48:40.816 I/ReactNativeJS(18100):        verified: true } ] }
10-23 17:48:40.816 I/ReactNativeJS(  419): 'Γ£à Location', 'updated', 'successfully via RPC'
10-23 17:48:40.816 I/ReactNativeJS(18100): '≡ƒôì [DRIVER-SERVICE] Step 2: Getting locations for user IDs:', [ '16011178-decf-4de3-beae-94ca46ce9258',
10-23 17:48:40.816 I/ReactNativeJS(18100):   'ae53a792-6aed-4186-823d-61c34c6defe2',
10-23 17:48:40.816 I/ReactNativeJS(18100):   'e6145579-4f5a-439f-b929-fa478580c049',
10-23 17:48:40.816 I/ReactNativeJS(18100):   '5d6651c8-2e3f-44e7-b4a1-0056c1d5315b',
10-23 17:48:40.816 I/ReactNativeJS(18100):   '6150ee57-77e5-45f7-b6c7-a586f22f2af8',
10-23 17:48:40.816 I/ReactNativeJS(18100):   'dc475d27-6167-4695-a014-dcb8d160b4c6',
10-23 17:48:40.816 I/ReactNativeJS(18100):   '550e8400-e29b-41d4-a716-446655440001',
10-23 17:48:40.816 I/ReactNativeJS(18100):   '550e8400-e29b-41d4-a716-446655440002',
10-23 17:48:40.816 I/ReactNativeJS(18100):   '6c03a657-c3e4-466e-b49c-324c2d051ce9',
10-23 17:48:40.816 I/ReactNativeJS(18100):   '550e8400-e29b-41d4-a716-446655440003',
10-23 17:48:40.816 I/ReactNativeJS(18100):   '550e8400-e29b-41d4-a716-446655440004',
10-23 17:48:40.816 I/ReactNativeJS(18100):   '550e8400-e29b-41d4-a716-446655440005',
10-23 17:48:40.816 I/ReactNativeJS(18100):   '892d8e0d-7ca5-4dd8-9979-539f394538f2',
10-23 17:48:40.816 I/ReactNativeJS(18100):   'cb735787-e96d-4d1d-9975-c112e75dfabd',
10-23 17:48:40.816 I/ReactNativeJS(18100):   'fdd94862-18e4-49d4-b6c0-8b9f73c8ff8c',
10-23 17:48:40.816 I/ReactNativeJS(18100):   '539b06c9-4e24-49a4-b307-3fb3f9dc39da',
10-23 17:48:40.816 I/ReactNativeJS(18100):   'b12c8a48-05b3-475a-b042-4810aee4e918',
10-23 17:48:40.816 I/ReactNativeJS(18100):   'f5e495f1-75a4-4ce1-bb60-4adfc348b8fc',
10-23 17:48:40.816 I/ReactNativeJS(18100):   'ed59084b-f517-4da3-814c-a314cdd8b4c6',
10-23 17:48:40.816 I/ReactNativeJS(18100):   '1c4ac410-54d8-4b5e-960b-3afcbebd115d',
10-23 17:48:40.816 I/ReactNativeJS(18100):   '411ee301-8ffc-4874-86e9-37716951bc4d' ]
10-23 17:48:41.054 I/ReactNativeJS(18100): '≡ƒôì [DRIVER-SERVICE] Found locations:', { total: 1,
10-23 17:48:41.054 I/ReactNativeJS(18100):   details:
10-23 17:48:41.054 I/ReactNativeJS(18100):    [ { user_id: '1c4ac410-54d8-4b5e-960b-3afcbebd115d',
10-23 17:48:41.054 I/ReactNativeJS(18100):        coordinates: { lat: 12.7486296, lng: 77.8299689 },
10-23 17:48:41.054 I/ReactNativeJS(18100):        updated_at: '2025-10-23T12:18:41.271673+00:00',
10-23 17:48:41.054 I/ReactNativeJS(18100):        age_minutes: 0 } ] }
10-23 17:48:41.054 I/ReactNativeJS(18100): ≡ƒöì [DRIVER-SERVICE] Step 3: Processing drivers with distance calculation...
10-23 17:48:41.054 I/ReactNativeJS(18100): '≡ƒöì [DRIVER-SERVICE] Customer coordinates for distance calc:', { lat: 12.7486296,
10-23 17:48:41.054 I/ReactNativeJS(18100):   lng: 77.8299689,
10-23 17:48:41.054 I/ReactNativeJS(18100):   type: 'number',
10-23 17:48:41.054 I/ReactNativeJS(18100):   isValid: true }
10-23 17:48:41.055 I/ReactNativeJS(18100): Γ¥î [DRIVER-SERVICE] Driver 22480cc3-665c-407e-ad8a-8eafde67706b (undefined) skipped: no recent location
10-23 17:48:41.055 I/ReactNativeJS(18100): Γ¥î [DRIVER-SERVICE] Driver 76b66a88-dff9-4965-9e36-8a92023f155d (undefined) skipped: no recent location
10-23 17:48:41.055 I/ReactNativeJS(18100): Γ¥î [DRIVER-SERVICE] Driver 6f55e87b-6558-48df-af8c-d69190918b32 (undefined) skipped: no recent location
10-23 17:48:41.055 I/ReactNativeJS(18100): Γ¥î [DRIVER-SERVICE] Driver 97a4ba58-9431-48e5-ac8f-3472b8357179 (undefined) skipped: no recent location
10-23 17:48:41.055 I/ReactNativeJS(18100): Γ¥î [DRIVER-SERVICE] Driver c568b21d-0975-4388-a9fb-cc00013b6d4f (undefined) skipped: no recent location
10-23 17:48:41.055 I/ReactNativeJS(18100): Γ¥î [DRIVER-SERVICE] Driver 7055c2f9-99fa-4d96-bc6c-079b5cda6f56 (undefined) skipped: no recent location
10-23 17:48:41.055 I/ReactNativeJS(18100): Γ¥î [DRIVER-SERVICE] Driver 770e8400-e29b-41d4-a716-446655440001 (undefined) skipped: no recent location
10-23 17:48:41.055 I/ReactNativeJS(18100): Γ¥î [DRIVER-SERVICE] Driver 770e8400-e29b-41d4-a716-446655440002 (undefined) skipped: no recent location
10-23 17:48:41.055 I/ReactNativeJS(18100): Γ¥î [DRIVER-SERVICE] Driver 43d81d7d-e647-46cf-8599-11f63996b03e (undefined) skipped: no recent location
10-23 17:48:41.055 I/ReactNativeJS(18100): Γ¥î [DRIVER-SERVICE] Driver 770e8400-e29b-41d4-a716-446655440003 (undefined) skipped: no recent location
10-23 17:48:41.055 I/ReactNativeJS(18100): Γ¥î [DRIVER-SERVICE] Driver 770e8400-e29b-41d4-a716-446655440004 (undefined) skipped: no recent location
10-23 17:48:41.055 I/ReactNativeJS(18100): Γ¥î [DRIVER-SERVICE] Driver 770e8400-e29b-41d4-a716-446655440005 (undefined) skipped: no recent location
10-23 17:48:41.055 I/ReactNativeJS(18100): Γ¥î [DRIVER-SERVICE] Driver 489b94a7-777b-4e11-ba5c-17e0a3173737 (undefined) skipped: no recent location
10-23 17:48:41.055 I/ReactNativeJS(18100): Γ¥î [DRIVER-SERVICE] Driver d7b4a339-2ba5-45ed-a2ec-238548a8eab6 (undefined) skipped: no recent location
10-23 17:48:41.055 I/ReactNativeJS(18100): Γ¥î [DRIVER-SERVICE] Driver 38ee94d8-ac2d-450e-8084-0bef654546d7 (undefined) skipped: no recent location
10-23 17:48:41.055 I/ReactNativeJS(18100): Γ¥î [DRIVER-SERVICE] Driver b4613ecf-44b5-49ba-8613-f8993b6db1d6 (undefined) skipped: no recent location
10-23 17:48:41.055 I/ReactNativeJS(18100): Γ¥î [DRIVER-SERVICE] Driver 631f4ab4-c643-45a8-addd-541595b0fe86 (undefined) skipped: no recent location
10-23 17:48:41.055 I/ReactNativeJS(18100): Γ¥î [DRIVER-SERVICE] Driver 0330d75a-67b0-4b12-b9b7-22a241af9c57 (undefined) skipped: no recent location
10-23 17:48:41.055 I/ReactNativeJS(18100): Γ¥î [DRIVER-SERVICE] Driver 707e2d38-7346-4a2e-bddb-e1157475f786 (undefined) skipped: no recent location
10-23 17:48:41.055 I/ReactNativeJS(18100): ≡ƒÜù [DRIVER-SERVICE] Driver eb91d7e5-e2f2-4021-a8c8-3739a3d4cae4 (undefined) vehicle type: sedan
10-23 17:48:41.055 I/ReactNativeJS(18100): ≡ƒôÉ [DISTANCE-SERVICE] ===== DISTANCE CALCULATION DEBUG =====
10-23 17:48:41.055 I/ReactNativeJS(18100): '≡ƒôÉ [DISTANCE-SERVICE] Raw inputs:', { lat1: 12.7486296,
10-23 17:48:41.055 I/ReactNativeJS(18100):   lon1: 77.8299689,
10-23 17:48:41.055 I/ReactNativeJS(18100):   lat2: 12.7486296,
10-23 17:48:41.055 I/ReactNativeJS(18100):   lon2: 77.8299689 }
10-23 17:48:41.055 I/ReactNativeJS(18100): '≡ƒôÉ [DISTANCE-SERVICE] Converted inputs:', { latitude1: 12.7486296,
10-23 17:48:41.055 I/ReactNativeJS(18100):   longitude1: 77.8299689,
10-23 17:48:41.055 I/ReactNativeJS(18100):   latitude2: 12.7486296,
10-23 17:48:41.055 I/ReactNativeJS(18100):   longitude2: 77.8299689 }
10-23 17:48:41.055 I/ReactNativeJS(18100): '≡ƒôÉ [DISTANCE-SERVICE] Coordinate differences:', { lat_diff: 0,
10-23 17:48:41.055 I/ReactNativeJS(18100):   lng_diff: 0,
10-23 17:48:41.055 I/ReactNativeJS(18100):   very_close: true,
10-23 17:48:41.055 I/ReactNativeJS(18100):   essentially_same: true }
10-23 17:48:41.055 I/ReactNativeJS(18100): ≡ƒôÉ [DISTANCE-SERVICE] Coordinates are essentially the same, returning 0km
10-23 17:48:41.056 I/ReactNativeJS(18100): '≡ƒôÅ [DRIVER-SERVICE] Distance for driver eb91d7e5-e2f2-4021-a8c8-3739a3d4cae4 (undefined):', { distance_km: '0.0000',
10-23 17:48:41.056 I/ReactNativeJS(18100):   within_radius: true,
10-23 17:48:41.056 I/ReactNativeJS(18100):   radius_limit: '10km',
10-23 17:48:41.056 I/ReactNativeJS(18100):   driver_coords: { lat: 12.7486296, lng: 77.8299689 },
10-23 17:48:41.056 I/ReactNativeJS(18100):   customer_coords: { lat: 12.7486296, lng: 77.8299689 } }
10-23 17:48:41.056 I/ReactNativeJS(18100): Γ£à [DRIVER-SERVICE] Driver eb91d7e5-e2f2-4021-a8c8-3739a3d4cae4 (undefined) INCLUDED: 0.0000km
10-23 17:48:41.056 I/ReactNativeJS(18100): Γ¥î [DRIVER-SERVICE] Driver 058f85df-35b3-4027-81a1-bd52a0df8e4a (undefined) skipped: no recent location
10-23 17:48:41.056 I/ReactNativeJS(18100): ≡ƒôè [DRIVER-SERVICE] ===== DIRECT DATABASE ACCESS RESULT =====
10-23 17:48:41.056 I/ReactNativeJS(18100): '≡ƒôè [DRIVER-SERVICE] Final summary:', { total_drivers_processed: 21,
10-23 17:48:41.056 I/ReactNativeJS(18100):   available_drivers_found: 1,
10-23 17:48:41.056 I/ReactNativeJS(18100):   customer_location: { lat: 12.7486296, lng: 77.8299689 },
10-23 17:48:41.056 I/ReactNativeJS(18100):   radius_km: 10,
10-23 17:48:41.056 I/ReactNativeJS(18100):   vehicle_type_filter: 'all (no filter applied)' }
10-23 17:48:41.056 I/ReactNativeJS(18100): '≡ƒöä [DRIVER-SERVICE] Initial fetch completed:', 1, 'drivers'
10-23 17:48:41.056 I/ReactNativeJS(18100): '≡ƒôì [HOME] Received driver locations update:', 1, 'drivers'
10-23 17:48:41.056 W/ReactNativeJS(18100): ≡ƒÅá [HOME] ===== RENDERING HOME SCREEN =====
10-23 17:48:41.057 W/ReactNativeJS(18100): '≡ƒÅá [HOME] currentLocation:', '{"altitude":774.3999633789062,"heading":0,"altitudeAccuracy":12.201140403747559,"latitude":12.7486296,"speed":0.07180365920066833,"longitude":77.8299689,"accuracy":4.517000198364258}'
10-23 17:48:41.057 W/ReactNativeJS(18100): '≡ƒÅá [HOME] pickupCoords:', '{"latitude":12.7486447,"longitude":77.8299961}'
10-23 17:48:41.057 W/ReactNativeJS(18100): '≡ƒÅá [HOME] destinationCoords:', 'null'
10-23 17:48:41.057 W/ReactNativeJS(18100): '≡ƒÅá [HOME] pickupLocation text:', 'PRXJ+F32, Brindavan Nagar, Plot 87, NGGO\'s Colony, Anand Nagar, Hosur, Tamil Nadu 635109, India'
10-23 17:48:41.057 W/ReactNativeJS(18100): '≡ƒÅá [HOME] availableDrivers count:', 1
10-23 17:48:41.057 W/ReactNativeJS(18100): '≡ƒÅá [HOME] showDriversOnMap:', true
10-23 17:48:41.057 I/ReactNativeJS(18100): '≡ƒÅá≡ƒÅá≡ƒÅá [HOME-V2] ABOUT TO RENDER SimpleHosurMap with props:', { hasUserLocation: true,
10-23 17:48:41.057 I/ReactNativeJS(18100):   hasPickup: true,
10-23 17:48:41.057 I/ReactNativeJS(18100):   hasDestination: false,
10-23 17:48:41.057 I/ReactNativeJS(18100):   showDriversOnMap: true,
10-23 17:48:41.057 I/ReactNativeJS(18100):   timestamp: '2025-10-23T12:18:41.057Z' }
10-23 17:48:41.061 I/ReactNativeJS(18100): ≡ƒº¬≡ƒº¬≡ƒº¬ TEST MAP RENDERING NOW
10-23 17:48:41.062 I/ReactNativeJS(18100): '≡ƒº¬ Props received:', [ 'userLocation',
10-23 17:48:41.062 I/ReactNativeJS(18100):   'pickupLocation',
10-23 17:48:41.062 I/ReactNativeJS(18100):   'destinationLocation',
10-23 17:48:41.062 I/ReactNativeJS(18100):   'onRegionChangeComplete',
10-23 17:48:41.062 I/ReactNativeJS(18100):   'onDestinationDragEnd',
10-23 17:48:41.062 I/ReactNativeJS(18100):   'showCenteredPin',
10-23 17:48:41.062 I/ReactNativeJS(18100):   'availableDrivers',
10-23 17:48:41.062 I/ReactNativeJS(18100):   'showDrivers' ]
10-23 17:48:41.071 I/ReactNativeJS(18100): ≡ƒôè [HOME] ===== AVAILABLE DRIVERS STATE CHANGED =====
10-23 17:48:41.071 I/ReactNativeJS(18100): '≡ƒôè [HOME] availableDrivers state update:', { count: 1,
10-23 17:48:41.071 I/ReactNativeJS(18100):   showDriversOnMap: true,
10-23 17:48:41.071 I/ReactNativeJS(18100):   driversPassedToMap: 1,
10-23 17:48:41.071 I/ReactNativeJS(18100):   drivers:
10-23 17:48:41.071 I/ReactNativeJS(18100):    [ { id: 'eb91d7e5-e2f2-4021-a8c8-3739a3d4cae4',
10-23 17:48:41.071 I/ReactNativeJS(18100):        vehicle_type: 'sedan',
10-23 17:48:41.071 I/ReactNativeJS(18100):        distance: '0.00km',
10-23 17:48:41.071 I/ReactNativeJS(18100):        coordinates: { lat: 12.7486296, lng: 77.8299689 },
10-23 17:48:41.071 I/ReactNativeJS(18100):        heading: null,
10-23 17:48:41.071 I/ReactNativeJS(18100):        rating: 5 } ] }
10-23 17:48:41.071 I/ReactNativeJS(18100): ≡ƒù║∩╕Å [HOME] ===== DRIVERS BEING PASSED TO MAP =====
10-23 17:48:41.071 I/ReactNativeJS(18100): '≡ƒù║∩╕Å [HOME] Map will receive', 1, 'drivers:'
10-23 17:48:41.072 I/ReactNativeJS(18100): '≡ƒù║∩╕Å [HOME] Driver 1 for map:', { driver_id: 'eb91d7e5-e2f2-4021-a8c8-3739a3d4cae4',
10-23 17:48:41.072 I/ReactNativeJS(18100):   user_id: '1c4ac410-54d8-4b5e-960b-3afcbebd115d',
10-23 17:48:41.072 I/ReactNativeJS(18100):   vehicle_type: 'sedan',
10-23 17:48:41.072 I/ReactNativeJS(18100):   coordinates: { lat: 12.7486296, lng: 77.8299689 },
10-23 17:48:41.072 I/ReactNativeJS(18100):   distance: '0.0000km',
10-23 17:48:41.072 I/ReactNativeJS(18100):   rating: 5,
10-23 17:48:41.072 I/ReactNativeJS(18100):   heading: null,
10-23 17:48:41.072 I/ReactNativeJS(18100):   updated_at: '2025-10-23T12:18:41.271673+00:00' }
10-23 17:48:43.397 I/ReactNativeJS(18100): '≡ƒöì AuthNavigator - checking auth state:', { user: true,
10-23 17:48:43.397 I/ReactNativeJS(18100):   loading: false,
10-23 17:48:43.397 I/ReactNativeJS(18100):   segments: '(tabs)/profile',
10-23 17:48:43.397 I/ReactNativeJS(18100):   userEmail: '918608374935@a1taxi.app',
10-23 17:48:43.397 I/ReactNativeJS(18100):   userRole: 'customer' }
10-23 17:48:43.397 I/ReactNativeJS(18100): Γ£à User authenticated and on correct screen
10-23 17:48:43.975 I/ReactNativeJS(18100): ≡ƒÜ¬ Sign out button pressed
10-23 17:48:44.625 I/ReactNativeJS(18100): ≡ƒÜ¬ User confirmed sign out
10-23 17:48:44.625 I/ReactNativeJS(18100): ≡ƒÜ¬ Calling signOut function...
10-23 17:48:44.625 I/ReactNativeJS(18100): ≡ƒÜ¬ Starting sign out process...
10-23 17:48:45.187 W/ReactNativeJS(18100): '≡ƒÄ» [TRIP_NOTIFICATION] Component render, notifications count:', 50
10-23 17:48:45.191 W/ReactNativeJS(18100): '≡ƒÄ» [TRIP_NOTIFICATION] Notifications:', '[{"id":"c0930979-b31c-4f63-b636-2d97a731c792","type":"ride_completed","status":"read"},{"id":"2012b652-4fe3-4c41-9df3-bc9d3186a24a","type":"ride_status_changed","status":"unread"},{"id":"61a74f93-5643-46ef-8ebb-56d7ed81f675","type":"ride_status_changed","status":"unread"},{"id":"e75df879-8cb8-4dee-8100-8dd61f99b26e","type":"ride_status_changed","status":"unread"},{"id":"55a746c6-9b8c-44e6-b80c-2beac586c467","type":"ride_status_changed","status":"unread"},{"id":"7c3cc3c7-e9b6-4cf8-91bb-1bb827ff7808","type":"ride_status_changed","status":"unread"},{"id":"8012a1d6-41e9-4ff2-a75b-8fee9a93ca8e","type":"ride_status_changed","status":"unread"},{"id":"d29bae80-10e7-4d05-99d5-8dc43f61d814","type":"ride_status_changed","status":"read"},{"id":"d7d8686d-95ee-4ce0-97da-ed89564b014b","type":"ride_status_changed","status":"read"},{"id":"755a6269-1daf-4327-ab71-f65e3700bf1a","type":"ride_status_changed","status":"read"},{"id":"500d07b9-07ca-40df-9d4a-3efcf677a117","type":"ride_status_changed","status":"read"},{"id":"df4552cd-e9bc-4e40-a8a0-1270b37737db","type":"booking_completed","status":"read"},{"id":"acb2b80a-267e-4b98-acd0-397461aee537","type":"booking_completed","status":"read"},{"id":"60dbc0b5-662a-48af-b01a-55212f6ac6ea","type":"booking_completed","status":"read"},{"id":"0f408121-1188-4550-9f50-919dcc8a4ed1","type":"booking_completed","status":"read"},{"id":"23052592-9d19-442c-b40f-12b90c3da756","type":"booking_completed","status":"read"},{"id":"c9ff3014-54e3-4b30-9f22-eceee292796b","type":"ride_status_changed","status":"read"},{"id":"879d4bbd-20ad-4253-a1c6-ae7535e7c211","type":"ride_status_changed","status":"read"},{"id":"286129cf-19e6-41fd-b52f-d17334d0d0f9","type":"ride_status_changed","status":"read"},{"id":"b55ac709-48d5-4db2-8246-e23f9bd317ec","type":"ride_completed","status":"read"},{"id":"92abe95d-e47d-48fa-8159-b119f5802710","type":"ride_status_changed","status":"read"},{"id":"73ad244d-a00b-42a9-83e9-97932b9db2d2","type":"ride_status_changed","status":"read"},{"id":"971613ac-8d86-4ab6-8fe5-49c528ca56ee","type":"ride_status_changed","status":"read"},{"id":"49f0f7f9-03d6-4211-b47d-0e7738f190fa","type":"ride_completed","status":"read"},{"id":"6a87c30d-c48d-458c-9b94-32dd5e75ac05","type":"ride_status_changed","status":"read"},{"id":"aee0b7a7-9cb2-4f6b-b53f-fa47642319d0","type":"ride_status_changed","status":"read"},{"id":"6c1d61c3-6cbd-4310-adfe-6d36bc611939","type":"ride_status_changed","status":"read"},{"id":"9d9ab6e7-0357-4305-9ba8-e91c0bb29897","type":"ride_status_changed","status":"read"},{"id":"d952183c-69a7-47dc-a848-d11bc2fff300","type":"ride_cancelled","status":"read"},{"id":"a01d13a8-c95b-4bf1-b0e1-8b2a8e9aaa6b","type":"ride_status_changed","status":"read"},{"id":"5a385bc8-147d-4ac2-834c-305ed9db9a05","type":"ride_completed","status":"read"},{"id":"b9365ade-a3a4-4036-b42f-606b88d5fac9","type":"ride_status_changed","status":"read"},{"id":"b6a2c6b6-bdb4-40ce-a092-25f6dd4ba953","type":"ride_status_changed","status":"read"},{"id":"d850bf94-823f-497a-b292-075abf5b5a59","type":"ride_status_changed","status":"read"},{"id":"5d8275c0-6692-44b3-a4ff-4eabba59873e","type":"ride_status_changed","status":"read"},{"id":"5cfa0487-5d05-42e8-8e92-11a287b3ded0","type":"ride_completed","status":"read"},{"id":"679ed79c-eb21-4609-a2b9-a1d304d4d4ad","type":"ride_status_changed","status":"read"},{"id":"53bb9116-5f1d-445c-94e0-f2e3d9fa3ffe","type":"ride_status_changed","status":"read"},{"id":"4196d3c8-e6dd-4a11-8d40-6771aa06de07","type":"ride_status_changed","status":"read"},{"id":"8d21f749-083a-46d1-9f7e-f7dc5c36ef05","type":"ride_status_changed","status":"read"},{"id":"0a371105-3196-4055-97ad-b230dba42df5","type":"ride_completed","status":"read"},{"id":"9f010555-c90c-447e-83ae-919809ba8350","type":"ride_status_changed","status":"read"},{"id":"84dd0357-20ec-4317-b7bd-7b31515219fb","type":"ride_status_changed","status":"read"},{"id":"caaa4644-cefa-47e6-8c92-60415a52ef4b","type":"ride_status_changed","status":"read"},{"id":"c6e2da1c-f900-47c8-b289-a88c2
10-23 17:48:45.191 I/ReactNativeJS(18100): '≡ƒöì [TRIP_NOTIFICATION] Component render - visible:', false, 'notification:', false
10-23 17:48:45.192 W/ReactNativeJS(18100): ≡ƒÅá [HOME] ===== RENDERING HOME SCREEN =====
10-23 17:48:45.192 W/ReactNativeJS(18100): '≡ƒÅá [HOME] currentLocation:', '{"altitude":774.3999633789062,"heading":0,"altitudeAccuracy":12.201140403747559,"latitude":12.7486296,"speed":0.07180365920066833,"longitude":77.8299689,"accuracy":4.517000198364258}'
10-23 17:48:45.192 W/ReactNativeJS(18100): '≡ƒÅá [HOME] pickupCoords:', '{"latitude":12.7486447,"longitude":77.8299961}'
10-23 17:48:45.192 W/ReactNativeJS(18100): '≡ƒÅá [HOME] destinationCoords:', 'null'
10-23 17:48:45.192 W/ReactNativeJS(18100): '≡ƒÅá [HOME] pickupLocation text:', 'PRXJ+F32, Brindavan Nagar, Plot 87, NGGO\'s Colony, Anand Nagar, Hosur, Tamil Nadu 635109, India'
10-23 17:48:45.192 W/ReactNativeJS(18100): '≡ƒÅá [HOME] availableDrivers count:', 1
10-23 17:48:45.192 W/ReactNativeJS(18100): '≡ƒÅá [HOME] showDriversOnMap:', true
10-23 17:48:45.192 I/ReactNativeJS(18100): '≡ƒÅá≡ƒÅá≡ƒÅá [HOME-V2] ABOUT TO RENDER SimpleHosurMap with props:', { hasUserLocation: true,
10-23 17:48:45.192 I/ReactNativeJS(18100):   hasPickup: true,
10-23 17:48:45.192 I/ReactNativeJS(18100):   hasDestination: false,
10-23 17:48:45.192 I/ReactNativeJS(18100):   showDriversOnMap: true,
10-23 17:48:45.192 I/ReactNativeJS(18100):   timestamp: '2025-10-23T12:18:45.192Z' }
10-23 17:48:45.193 I/ReactNativeJS(18100): ≡ƒº¬≡ƒº¬≡ƒº¬ TEST MAP RENDERING NOW
10-23 17:48:45.193 I/ReactNativeJS(18100): '≡ƒº¬ Props received:', [ 'userLocation',
10-23 17:48:45.193 I/ReactNativeJS(18100):   'pickupLocation',
10-23 17:48:45.193 I/ReactNativeJS(18100):   'destinationLocation',
10-23 17:48:45.193 I/ReactNativeJS(18100):   'onRegionChangeComplete',
10-23 17:48:45.193 I/ReactNativeJS(18100):   'onDestinationDragEnd',
10-23 17:48:45.193 I/ReactNativeJS(18100):   'showCenteredPin',
10-23 17:48:45.193 I/ReactNativeJS(18100):   'availableDrivers',
10-23 17:48:45.193 I/ReactNativeJS(18100):   'showDrivers' ]
10-23 17:48:45.278 W/ReactNativeJS(18100): '≡ƒÄ» [TRIP_NOTIFICATION] Component render, notifications count:', 50
10-23 17:48:45.279 W/ReactNativeJS(18100): '≡ƒÄ» [TRIP_NOTIFICATION] Notifications:', '[{"id":"c0930979-b31c-4f63-b636-2d97a731c792","type":"ride_completed","status":"read"},{"id":"2012b652-4fe3-4c41-9df3-bc9d3186a24a","type":"ride_status_changed","status":"unread"},{"id":"61a74f93-5643-46ef-8ebb-56d7ed81f675","type":"ride_status_changed","status":"unread"},{"id":"e75df879-8cb8-4dee-8100-8dd61f99b26e","type":"ride_status_changed","status":"unread"},{"id":"55a746c6-9b8c-44e6-b80c-2beac586c467","type":"ride_status_changed","status":"unread"},{"id":"7c3cc3c7-e9b6-4cf8-91bb-1bb827ff7808","type":"ride_status_changed","status":"unread"},{"id":"8012a1d6-41e9-4ff2-a75b-8fee9a93ca8e","type":"ride_status_changed","status":"unread"},{"id":"d29bae80-10e7-4d05-99d5-8dc43f61d814","type":"ride_status_changed","status":"read"},{"id":"d7d8686d-95ee-4ce0-97da-ed89564b014b","type":"ride_status_changed","status":"read"},{"id":"755a6269-1daf-4327-ab71-f65e3700bf1a","type":"ride_status_changed","status":"read"},{"id":"500d07b9-07ca-40df-9d4a-3efcf677a117","type":"ride_status_changed","status":"read"},{"id":"df4552cd-e9bc-4e40-a8a0-1270b37737db","type":"booking_completed","status":"read"},{"id":"acb2b80a-267e-4b98-acd0-397461aee537","type":"booking_completed","status":"read"},{"id":"60dbc0b5-662a-48af-b01a-55212f6ac6ea","type":"booking_completed","status":"read"},{"id":"0f408121-1188-4550-9f50-919dcc8a4ed1","type":"booking_completed","status":"read"},{"id":"23052592-9d19-442c-b40f-12b90c3da756","type":"booking_completed","status":"read"},{"id":"c9ff3014-54e3-4b30-9f22-eceee292796b","type":"ride_status_changed","status":"read"},{"id":"879d4bbd-20ad-4253-a1c6-ae7535e7c211","type":"ride_status_changed","status":"read"},{"id":"286129cf-19e6-41fd-b52f-d17334d0d0f9","type":"ride_status_changed","status":"read"},{"id":"b55ac709-48d5-4db2-8246-e23f9bd317ec","type":"ride_completed","status":"read"},{"id":"92abe95d-e47d-48fa-8159-b119f5802710","type":"ride_status_changed","status":"read"},{"id":"73ad244d-a00b-42a9-83e9-97932b9db2d2","type":"ride_status_changed","status":"read"},{"id":"971613ac-8d86-4ab6-8fe5-49c528ca56ee","type":"ride_status_changed","status":"read"},{"id":"49f0f7f9-03d6-4211-b47d-0e7738f190fa","type":"ride_completed","status":"read"},{"id":"6a87c30d-c48d-458c-9b94-32dd5e75ac05","type":"ride_status_changed","status":"read"},{"id":"aee0b7a7-9cb2-4f6b-b53f-fa47642319d0","type":"ride_status_changed","status":"read"},{"id":"6c1d61c3-6cbd-4310-adfe-6d36bc611939","type":"ride_status_changed","status":"read"},{"id":"9d9ab6e7-0357-4305-9ba8-e91c0bb29897","type":"ride_status_changed","status":"read"},{"id":"d952183c-69a7-47dc-a848-d11bc2fff300","type":"ride_cancelled","status":"read"},{"id":"a01d13a8-c95b-4bf1-b0e1-8b2a8e9aaa6b","type":"ride_status_changed","status":"read"},{"id":"5a385bc8-147d-4ac2-834c-305ed9db9a05","type":"ride_completed","status":"read"},{"id":"b9365ade-a3a4-4036-b42f-606b88d5fac9","type":"ride_status_changed","status":"read"},{"id":"b6a2c6b6-bdb4-40ce-a092-25f6dd4ba953","type":"ride_status_changed","status":"read"},{"id":"d850bf94-823f-497a-b292-075abf5b5a59","type":"ride_status_changed","status":"read"},{"id":"5d8275c0-6692-44b3-a4ff-4eabba59873e","type":"ride_status_changed","status":"read"},{"id":"5cfa0487-5d05-42e8-8e92-11a287b3ded0","type":"ride_completed","status":"read"},{"id":"679ed79c-eb21-4609-a2b9-a1d304d4d4ad","type":"ride_status_changed","status":"read"},{"id":"53bb9116-5f1d-445c-94e0-f2e3d9fa3ffe","type":"ride_status_changed","status":"read"},{"id":"4196d3c8-e6dd-4a11-8d40-6771aa06de07","type":"ride_status_changed","status":"read"},{"id":"8d21f749-083a-46d1-9f7e-f7dc5c36ef05","type":"ride_status_changed","status":"read"},{"id":"0a371105-3196-4055-97ad-b230dba42df5","type":"ride_completed","status":"read"},{"id":"9f010555-c90c-447e-83ae-919809ba8350","type":"ride_status_changed","status":"read"},{"id":"84dd0357-20ec-4317-b7bd-7b31515219fb","type":"ride_status_changed","status":"read"},{"id":"caaa4644-cefa-47e6-8c92-60415a52ef4b","type":"ride_status_changed","status":"read"},{"id":"c6e2da1c-f900-47c8-b289-a88c2
10-23 17:48:45.279 I/ReactNativeJS(18100): '≡ƒöì [TRIP_NOTIFICATION] Component render - visible:', false, 'notification:', false
10-23 17:48:45.279 W/ReactNativeJS(18100): ≡ƒÅá [HOME] ===== RENDERING HOME SCREEN =====
10-23 17:48:45.279 W/ReactNativeJS(18100): '≡ƒÅá [HOME] currentLocation:', '{"altitude":774.3999633789062,"heading":0,"altitudeAccuracy":12.201140403747559,"latitude":12.7486296,"speed":0.07180365920066833,"longitude":77.8299689,"accuracy":4.517000198364258}'
10-23 17:48:45.279 W/ReactNativeJS(18100): '≡ƒÅá [HOME] pickupCoords:', '{"latitude":12.7486447,"longitude":77.8299961}'
10-23 17:48:45.279 W/ReactNativeJS(18100): '≡ƒÅá [HOME] destinationCoords:', 'null'
10-23 17:48:45.279 W/ReactNativeJS(18100): '≡ƒÅá [HOME] pickupLocation text:', 'PRXJ+F32, Brindavan Nagar, Plot 87, NGGO\'s Colony, Anand Nagar, Hosur, Tamil Nadu 635109, India'
10-23 17:48:45.279 W/ReactNativeJS(18100): '≡ƒÅá [HOME] availableDrivers count:', 1
10-23 17:48:45.279 W/ReactNativeJS(18100): '≡ƒÅá [HOME] showDriversOnMap:', true
10-23 17:48:45.279 I/ReactNativeJS(18100): '≡ƒÅá≡ƒÅá≡ƒÅá [HOME-V2] ABOUT TO RENDER SimpleHosurMap with props:', { hasUserLocation: true,
10-23 17:48:45.279 I/ReactNativeJS(18100):   hasPickup: true,
10-23 17:48:45.279 I/ReactNativeJS(18100):   hasDestination: false,
10-23 17:48:45.279 I/ReactNativeJS(18100):   showDriversOnMap: true,
10-23 17:48:45.279 I/ReactNativeJS(18100):   timestamp: '2025-10-23T12:18:45.279Z' }
10-23 17:48:45.280 I/ReactNativeJS(18100): ≡ƒº¬≡ƒº¬≡ƒº¬ TEST MAP RENDERING NOW
10-23 17:48:45.280 I/ReactNativeJS(18100): '≡ƒº¬ Props received:', [ 'userLocation',
10-23 17:48:45.280 I/ReactNativeJS(18100):   'pickupLocation',
10-23 17:48:45.280 I/ReactNativeJS(18100):   'destinationLocation',
10-23 17:48:45.280 I/ReactNativeJS(18100):   'onRegionChangeComplete',
10-23 17:48:45.280 I/ReactNativeJS(18100):   'onDestinationDragEnd',
10-23 17:48:45.280 I/ReactNativeJS(18100):   'showCenteredPin',
10-23 17:48:45.280 I/ReactNativeJS(18100):   'availableDrivers',
10-23 17:48:45.280 I/ReactNativeJS(18100):   'showDrivers' ]
10-23 17:48:45.331 I/ReactNativeJS(18100): '≡ƒöì AuthNavigator - checking auth state:', { user: false,
10-23 17:48:45.331 I/ReactNativeJS(18100):   loading: false,
10-23 17:48:45.331 I/ReactNativeJS(18100):   segments: '(tabs)/profile',
10-23 17:48:45.331 I/ReactNativeJS(18100):   userEmail: undefined,
10-23 17:48:45.331 I/ReactNativeJS(18100):   userRole: undefined }
10-23 17:48:45.331 I/ReactNativeJS(18100): ≡ƒöä Redirecting to login - user not authenticated
10-23 17:48:45.349 I/ReactNativeJS(18100): ≡ƒ¢æ [HOME] Stopping driver location polling
10-23 17:48:45.350 I/ReactNativeJS(18100): ≡ƒ¢æ [DRIVER-SERVICE] Stopped driver location polling
10-23 17:48:45.356 I/ReactNativeJS(18100): Γ£à Sign out completed, redirecting to login...
10-23 17:48:45.356 I/ReactNativeJS(18100): Γ£à Sign out completed
10-23 17:48:45.356 I/ReactNativeJS(18100): '≡ƒöì AuthNavigator - checking auth state:', { user: false,
10-23 17:48:45.356 I/ReactNativeJS(18100):   loading: false,
10-23 17:48:45.356 I/ReactNativeJS(18100):   segments: 'auth/login',
10-23 17:48:45.356 I/ReactNativeJS(18100):   userEmail: undefined,
10-23 17:48:45.356 I/ReactNativeJS(18100):   userRole: undefined }
10-23 17:48:50.761 I/ReactNativeJS(18100): ≡ƒÜÇ ===== HANDLE SEND OTP CLICKED =====
10-23 17:48:50.762 I/ReactNativeJS(18100): '≡ƒô▒ Formatted phone:', '+918608374935'
10-23 17:48:50.762 I/ReactNativeJS(18100): ΓÅ│ Setting loading true...
10-23 17:48:50.762 I/ReactNativeJS(18100): ≡ƒô₧ Calling sendOTP...
10-23 17:48:50.762 I/ReactNativeJS(18100): ≡ƒô▒ ===== SEND OTP STARTING =====
10-23 17:48:50.762 I/ReactNativeJS(18100): '≡ƒô▒ Phone Number:', '+918608374935'
10-23 17:48:50.762 I/ReactNativeJS(18100): '≡ƒô▒ Name:', 'Bb'
10-23 17:48:50.762 I/ReactNativeJS(18100): '≡ƒô▒ Supabase URL:', 'https://whubaypabojomdyfqxcf.supabase.co'
10-23 17:48:50.762 I/ReactNativeJS(18100): '≡ƒô▒ Anon Key exists:', true
10-23 17:48:50.762 I/ReactNativeJS(18100): '≡ƒô▒ Request URL:', 'https://whubaypabojomdyfqxcf.supabase.co/functions/v1/send-otp'
10-23 17:48:50.762 I/ReactNativeJS(18100): ≡ƒô▒ Making fetch request...
10-23 17:48:52.376 I/ReactNativeJS(18100): '≡ƒô▒ Response status:', 200
10-23 17:48:52.377 I/ReactNativeJS(18100): '≡ƒô▒ Response ok:', true
10-23 17:48:52.378 I/ReactNativeJS(18100): '≡ƒô▒ Response data:', '{\n  "success": true,\n  "message": "OTP generated successfully",\n  "devOtp": "439290",\n  "smsSent": false,\n  "smsError": "Authenticate"\n}'
10-23 17:48:52.378 I/ReactNativeJS(18100): ≡ƒô▒ Γ£à OTP sent successfully!
10-23 17:48:52.379 I/ReactNativeJS(18100): '≡ƒô▒ Dev OTP:', '439290'
10-23 17:48:52.379 I/ReactNativeJS(18100): '≡ƒô▒ SMS Sent:', false
10-23 17:48:52.379 I/ReactNativeJS(18100): '≡ƒô▒ SMS Error:', 'Authenticate'
10-23 17:48:52.379 I/ReactNativeJS(18100): ≡ƒô▒ ===== SEND OTP COMPLETE =====
10-23 17:48:52.380 I/ReactNativeJS(18100): '≡ƒô₧ sendOTP returned:', { error: null,
10-23 17:48:52.380 I/ReactNativeJS(18100):   otp: '439290',
10-23 17:48:52.380 I/ReactNativeJS(18100):   smsSent: false,
10-23 17:48:52.380 I/ReactNativeJS(18100):   smsError: 'Authenticate' }
10-23 17:48:52.380 I/ReactNativeJS(18100): Γ£à No error in result
10-23 17:48:52.380 I/ReactNativeJS(18100): '≡ƒô▒ OTP received:', '439290'
10-23 17:48:52.380 I/ReactNativeJS(18100): '≡ƒô▒ SMS sent status:', false
10-23 17:48:52.380 I/ReactNativeJS(18100): '≡ƒô▒ SMS error:', 'Authenticate'
10-23 17:48:52.392 I/ReactNativeJS(18100): '≡ƒÆ¼ Showing alert with message:', 'Your OTP code is: 439290\n\nΓÜá∩╕Å SMS failed: Authenticate\nPlease use the code above.'
10-23 17:48:52.392 I/ReactNativeJS(18100): ≡ƒº¡ Will navigate to verify-otp after alert
10-23 17:48:52.392 I/ReactNativeJS(18100): ≡ƒÆ¼ Alert displayed
10-23 17:48:52.392 I/ReactNativeJS(18100): ≡ƒÜÇ ===== HANDLE SEND OTP END =====
10-23 17:48:55.480 I/ReactNativeJS(18100): ≡ƒº¡ Alert dismissed, navigating to verify-otp...
10-23 17:48:55.481 I/ReactNativeJS(18100): '≡ƒº¡ Target params:', { phoneNumber: '+918608374935', name: 'Bb' }
10-23 17:48:55.505 I/ReactNativeJS(18100): ≡ƒº¡ Navigation triggered
10-23 17:48:55.506 I/ReactNativeJS(18100): '≡ƒöì AuthNavigator - checking auth state:', { user: false,
10-23 17:48:55.506 I/ReactNativeJS(18100):   loading: false,
10-23 17:48:55.506 I/ReactNativeJS(18100):   segments: 'auth/verify-otp',
10-23 17:48:55.506 I/ReactNativeJS(18100):   userEmail: undefined,
10-23 17:48:55.506 I/ReactNativeJS(18100):   userRole: undefined }
10-23 17:48:55.506 I/ReactNativeJS(18100): ≡ƒöÉ User on verify-otp screen, skipping navigation
10-23 17:49:02.035 I/ReactNativeJS(  419): ≡ƒôì Background fetch triggered for location update
10-23 17:49:02.492 I/ReactNativeJS(  419): ≡ƒôñ Background location update via RPC...
10-23 17:49:02.492 E/ReactNativeJS(  419): Γ¥î Supabase credentials not configured
10-23 17:49:02.493 I/ReactNativeJS(  419): Γ£à Background location update successful
