10-18 20:54:21.881 13271 13271 V GraphicsEnvironment: Currently set values for:
10-18 20:54:21.881 13271 13271 V GraphicsEnvironment:   angle_gl_driver_selection_pkgs=[com.android.angle, com.linecorp.b612.android, com.campmobile.snow, com.google.android.apps.tachyon]
10-18 20:54:21.881 13271 13271 V GraphicsEnvironment:   angle_gl_driver_selection_values=[angle, native, native, native]
10-18 20:54:21.881 13271 13271 V GraphicsEnvironment: com.a1taxi.driverpro is not listed in per-application setting
10-18 20:54:21.881 26036 26104 I ActivityScheduler: nextTriggerTime: 1245231245, in 0ms, detectorType: 39, FULL_TYPE alarmWindowMillis: 0
10-18 20:54:21.881 13271 13271 V GraphicsEnvironment: App is not on the allowlist for updatable production driver.
10-18 20:54:21.896 13271 13271 W FirebaseApp: Default FirebaseApp failed to initialize because no default options were found. This usually means that com.google.gms:google-services was not applied to your gradle project.
10-18 20:54:21.896 13271 13271 I FirebaseInitProvider: FirebaseApp initialization unsuccessful
10-18 20:54:21.897 13271 13271 D WM-WrkMgrInitializer: Initializing WorkManager with default configuration.
10-18 20:54:21.907 13271 13271 V SoLoader: Init SoLoader delegate
10-18 20:54:21.919 13271 13271 I TaskService: Registered task with name 'background-fetch-task' for app with scoping identifier 'com.a1taxi.driverpro'.
10-18 20:54:21.921 13271 13271 I TaskService: Registered task with name 'background-location-task' for app with scoping identifier 'com.a1taxi.driverpro'.
10-18 20:54:21.930 13271 13271 W LocationTaskConsumer: Foreground location task cannot be started while the app is in the background!
10-18 20:54:21.932 13271 13271 I TaskService: Handling intent with task name 'background-location-task' and app scoping identifier 'com.a1taxi.driverpro'.
10-18 20:54:21.967 26036 13265 I FusedLocation: (REDACTED) location delivery to %s blocked - too close
10-18 20:54:21.971 26036 12636 I AlarmManager: set [name: SystemMemoryMap-flp type: 2 triggerAtMillis: 9223372036854775806 windowMillis: -1 intervalMillis: 0]
10-18 20:54:22.116 15708 19060 I ReactNativeJS: ' Loaded', 6, 'fare configs from fare_matrix table:', [ { vehicle_type: 'hatchback', base_fare: 145, per_km_rate: 25 },
10-18 20:54:22.116 15708 19060 I ReactNativeJS:   { vehicle_type: 'hatchback_ac', base_fare: 167, per_km_rate: 27 },
10-18 20:54:22.116 15708 19060 I ReactNativeJS:   { vehicle_type: 'sedan', base_fare: 145, per_km_rate: 25 },
10-18 20:54:22.116 15708 19060 I ReactNativeJS:   { vehicle_type: 'sedan_ac', base_fare: 160, per_km_rate: 25 },
10-18 20:54:22.116 15708 19060 I ReactNativeJS:   { vehicle_type: 'suv', base_fare: 400, per_km_rate: 30 },
10-18 20:54:22.116 15708 19060 I ReactNativeJS:   { vehicle_type: 'suv_ac', base_fare: 1500, per_km_rate: 35 } ]
10-18 20:54:22.149 15708 19060 I ReactNativeJS: ' Fetched zones from database:', { count: 2,
10-18 20:54:22.149 15708 19060 I ReactNativeJS:   zones: 
10-18 20:54:22.149 15708 19060 I ReactNativeJS:    [ { name: 'Inner Ring', city: 'Hosur', radius: 7.74 },
10-18 20:54:22.149 15708 19060 I ReactNativeJS:      { name: 'Outer Ring', city: 'Hosur', radius: 13.16 } ] }
10-18 20:54:22.151 15708 19060 I ReactNativeJS: ' Loaded active zones:', 2
10-18 20:54:22.328 26036 26051 I WifiScanner: onFullResults
10-18 20:54:22.330 26036 26669 I WifiScanner: onFullResults
10-18 20:54:22.330 26036 26082 I WifiScanner: onFullResults
10-18 20:54:22.338 26036 12636 I FrewleTileCacheManagerV: (REDACTED) Fetched %d AP models from cache
10-18 20:54:22.357 26036 26172 I FusedLocation: (REDACTED) location delivery to %s blocked - too fast
10-18 20:54:22.360 26036 26172 I FusedLocation: (REDACTED) location delivery to %s blocked - too close
10-18 20:54:22.360 26036 26172 I FusedLocation: (REDACTED) location delivery to %s blocked - too close
10-18 20:54:22.362 26036 26104 I ActivityScheduler: nextTriggerTime: 1245231245, in -480ms, detectorType: 39, FULL_TYPE alarmWindowMillis: 0
10-18 20:54:22.362 26036 26172 I FusedLocation: (REDACTED) location delivery to %s blocked - too fast
10-18 20:54:22.363 15708 19060 I ReactNativeJS: ' Enhanced Location Service: High accuracy location obtained:', { lat: 12.74859,
10-18 20:54:22.363 15708 19060 I ReactNativeJS:   lng: 77.8299901,
10-18 20:54:22.363 15708 19060 I ReactNativeJS:   accuracy: '18.391000747680664m' }
10-18 20:54:22.364 15708 19060 I ReactNativeJS: ' Enhanced Location Service: Got location:', { latitude: 12.74859,
10-18 20:54:22.364 15708 19060 I ReactNativeJS:   longitude: 77.8299901,
10-18 20:54:22.364 15708 19060 I ReactNativeJS:   accuracy: 18.391000747680664 }
10-18 20:54:22.364 15708 19060 I ReactNativeJS:  Enhanced Location Service: Starting reverse geocoding...
10-18 20:54:22.364 15708 19060 I ReactNativeJS: ' Reverse geocoding coordinates:', { latitude: 12.74859, longitude: 77.8299901 }
10-18 20:54:22.364 15708 19060 I ReactNativeJS: ' Reverse geocoding:', { lat: 12.74859, lng: 77.8299901 }
10-18 20:54:22.364 15708 19060 I ReactNativeJS: ' Making proxy request to:', 'https://whubaypabojomdyfqxcf.supabase.co/functions/v1/places-proxy/geocode?latlng=12.74859%2C77.8299901'
10-18 20:54:22.365 26036 26172 I fyyu    : Received empty WiFi-RTT scan. [CONTEXT service_id=6 ]
10-18 20:54:22.367 26036 12642 I FusedLocation: (REDACTED) stationary throttling engaged @%s
10-18 20:54:22.370 26036 12642 I FusedOrientationManager: Unregistering orientation client. [CONTEXT service_id=6 ]
10-18 20:54:22.383 26036 26104 I ActivityScheduler: nextTriggerTime: 1245471245, in 239499ms, detectorType: 39, FULL_TYPE alarmWindowMillis: 30000
10-18 20:54:22.395 15708 19060 I ReactNativeJS:  [NOTIFICATIONS] ===== DATABASE QUERY RESULT =====
10-18 20:54:22.397 15708 19060 I ReactNativeJS: ' [NOTIFICATIONS] Query result:', { hasError: false,
10-18 20:54:22.397 15708 19060 I ReactNativeJS:   errorMessage: undefined,
10-18 20:54:22.397 15708 19060 I ReactNativeJS:   errorCode: undefined,
10-18 20:54:22.397 15708 19060 I ReactNativeJS:   errorDetails: undefined,
10-18 20:54:22.397 15708 19060 I ReactNativeJS:   dataCount: 23,
10-18 20:54:22.397 15708 19060 I ReactNativeJS:   tripCompletedCount: 0,
10-18 20:54:22.397 15708 19060 I ReactNativeJS:   unreadTripCompletedCount: 0,
10-18 20:54:22.397 15708 19060 I ReactNativeJS:   allTypes: [ 'ride_status_changed', 'booking_completed', 'ride_cancelled' ],
10-18 20:54:22.397 15708 19060 I ReactNativeJS:   recentNotifications: 
10-18 20:54:22.397 15708 19060 I ReactNativeJS:    [ { id: 'f48be59d-9b46-4e42-86d9-abd2672e3a28',
10-18 20:54:22.397 15708 19060 I ReactNativeJS:        type: 'ride_status_changed',
10-18 20:54:22.397 15708 19060 I ReactNativeJS:        status: 'unread',
10-18 20:54:22.397 15708 19060 I ReactNativeJS:        title: 'Ride Status Updated',
10-18 20:54:22.397 15708 19060 I ReactNativeJS:        created_at: '2025-10-18T15:15:50.284134+00:00',
10-18 20:54:22.397 15708 19060 I ReactNativeJS:        age_seconds: 512 },
10-18 20:54:22.397 15708 19060 I ReactNativeJS:      { id: 'f7f1e040-9e2a-4984-a885-4b84cd772e90',
10-18 20:54:22.397 15708 19060 I ReactNativeJS:        type: 'ride_status_changed',
10-18 20:54:22.397 15708 19060 I ReactNativeJS:        status: 'read',
10-18 20:54:22.397 15708 19060 I ReactNativeJS:        title: 'Ride Status Updated',
10-18 20:54:22.397 15708 19060 I ReactNativeJS:        created_at: '2025-10-18T05:21:38.589702+00:00',
10-18 20:54:22.397 15708 19060 I ReactNativeJS:        age_seconds: 36164 },
10-18 20:54:22.397 15708 19060 I ReactNativeJS:      { id: '42714190-2ef0-493c-b908-bc2d69c15105',
10-18 20:54:22.397 15708 19060 I ReactNativeJS:        type: 'ride_status_changed',
10-18 20:54:22.397 15708 19060 I ReactNativeJS:        status: 'read',
10-18 20:54:22.397 15708 19060 I ReactNativeJS:        title: 'Ride Status Updated',
10-18 20:54:22.397 15708 19060 I ReactNativeJS:        created_at: '2025-10-18T04:18:40.565244+00:00',
10-18 20:54:22.397 15708 19060 I ReactNativeJS:        age_seconds: 39942 },
10-18 20:54:22.397 15708 19060 I ReactNativeJS:      { id: 'a8d88c20-3581-4d54-8988-419ab915822a',
10-18 20:54:22.397 15708 19060 I ReactNativeJS:        type: 'booking_completed',
10-18 20:54:22.397 15708 19060 I ReactNativeJS:        status: 'read',
10-18 20:54:22.397 15708 19060 I ReactNativeJS:        title: 'Trip Completed',
10-18 20:54:22.397 15708 19060 I ReactNativeJS:        created_at: '2025-10-18T00:11:22.993077+00:00',
10-18 20:54:22.397 15708 19060 I ReactNativeJS:        age_seconds: 54779 },
10-18 20:54:22.397 15708 19060 I ReactNativeJS:      { id: '33de3d27-4c4d-4eba-86ad-eb2daec905c7',
10-18 20:54:22.397 15708 19060 I ReactNativeJS:        type: 'ride_status_changed',
10-18 20:54:22.397 15708 19060 I ReactNativeJS:        status: 'read',
10-18 20:54:22.397 15708 19060 I ReactNativeJS:        title: 'Ride Status Updated',
10-18 20:54:22.397 15708 19060 I ReactNativeJS:        created_at: '2025-10-18T00:08:42.70233+00:00',
10-18 20:54:22.397 15708 19060 I ReactNativeJS:        age_seconds: 54940 } ] }
10-18 20:54:22.397 15708 19060 I ReactNativeJS:  [NOTIFICATIONS] ===== SETTING NOTIFICATIONS IN STATE =====
10-18 20:54:22.398 15708 19060 I ReactNativeJS: ' [NOTIFICATIONS] Notifications to set:', { total: 23,
10-18 20:54:22.398 15708 19060 I ReactNativeJS:   tripCompleted: 0,
10-18 20:54:22.398 15708 19060 I ReactNativeJS:   unreadTripCompleted: 0,
10-18 20:54:22.398 15708 19060 I ReactNativeJS:   allNotificationIds: 
10-18 20:54:22.398 15708 19060 I ReactNativeJS:    [ 'f48be59d-9b46-4e42-86d9-abd2672e3a28',
10-18 20:54:22.398 15708 19060 I ReactNativeJS:      'f7f1e040-9e2a-4984-a885-4b84cd772e90',
10-18 20:54:22.398 15708 19060 I ReactNativeJS:      '42714190-2ef0-493c-b908-bc2d69c15105',
10-18 20:54:22.398 15708 19060 I ReactNativeJS:      'a8d88c20-3581-4d54-8988-419ab915822a',
10-18 20:54:22.398 15708 19060 I ReactNativeJS:      '33de3d27-4c4d-4eba-86ad-eb2daec905c7',
10-18 20:54:22.398 15708 19060 I ReactNativeJS:      '18198b2a-aaad-46e5-9acf-edd0f848d33f',
10-18 20:54:22.398 15708 19060 I ReactNativeJS:      '48abd4e9-4389-4046-925e-c1e07ad84e47',
10-18 20:54:22.398 15708 19060 I ReactNativeJS:      'd7a9b869-37bf-4c17-9176-8951196922bd',
10-18 20:54:22.398 15708 19060 I ReactNativeJS:      '820df2fd-abe3-457c-82cf-24f154dfd19b',
10-18 20:54:22.398 15708 19060 I ReactNativeJS:      'a7856ef3-761c-4b1c-9cf6-3c34df9833b7',
10-18 20:54:22.398 15708 19060 I ReactNativeJS:      'b5795e46-c850-4bcb-a933-898c21727b1b',
10-18 20:54:22.398 15708 19060 I ReactNativeJS:      '545c5e68-1353-4e95-b9e4-08f883b88a66',
10-18 20:54:22.398 15708 19060 I ReactNativeJS:      '9c6911c2-87ea-4956-8c97-3e822ef63307',
10-18 20:54:22.398 15708 19060 I ReactNativeJS:      '4e097013-42dd-4f82-b288-bf6aaf220fda',
10-18 20:54:22.398 15708 19060 I ReactNativeJS:      '2e43addf-b9f4-4627-83ec-77c15684569b',
10-18 20:54:22.398 15708 19060 I ReactNativeJS:      '4c443433-9f76-4ff7-8a7a-09b0c1a8250e',
10-18 20:54:22.398 15708 19060 I ReactNativeJS:      'e424c186-10d1-4a49-93be-be7dfa9edb7e',
10-18 20:54:22.398 15708 19060 I ReactNativeJS:      'c101ac4b-a09b-42b2-9ba8-aeecf8d1e085',
10-18 20:54:22.398 15708 19060 I ReactNativeJS:      '3b7c6b23-a18d-4ba7-be7e-9eb312125937',
10-18 20:54:22.398 15708 19060 I ReactNativeJS:      'ea6218b2-280d-457c-b056-7a321067ab73',
10-18 20:54:22.398 15708 19060 I ReactNativeJS:      'b65bfbea-d7a8-4219-8131-e12d12f00fe0',
10-18 20:54:22.398 15708 19060 I ReactNativeJS:      'f5f74a9c-3334-4a54-b3a9-d6b0efc5f9f1',
10-18 20:54:22.398 15708 19060 I ReactNativeJS:      '95e45585-7c89-456b-a5c7-4d840ee0707e' ],
10-18 20:54:22.398 15708 19060 I ReactNativeJS:   tripCompletedNotificationIds: [],
10-18 20:54:22.398 15708 19060 I ReactNativeJS:   unreadTripCompletedNotificationIds: [] }
10-18 20:54:22.401 15708 19060 I ReactNativeJS:  [NOTIFICATIONS] ===== CHECKING FOR IMMEDIATE TRIP COMPLETION =====
10-18 20:54:22.401 15708 19060 I ReactNativeJS:  [NOTIFICATIONS] No immediate trip completion notifications found
10-18 20:54:22.401 15708 19060 I ReactNativeJS: ' [NOTIFICATIONS] Available notification types:', [ 'ride_status_changed',
10-18 20:54:22.401 15708 19060 I ReactNativeJS:   'ride_status_changed',
10-18 20:54:22.401 15708 19060 I ReactNativeJS:   'ride_status_changed',
10-18 20:54:22.401 15708 19060 I ReactNativeJS:   'booking_completed',
10-18 20:54:22.401 15708 19060 I ReactNativeJS:   'ride_status_changed',
10-18 20:54:22.401 15708 19060 I ReactNativeJS:   'ride_status_changed',
10-18 20:54:22.401 15708 19060 I ReactNativeJS:   'ride_status_changed',
10-18 20:54:22.401 15708 19060 I ReactNativeJS:   'ride_status_changed',
10-18 20:54:22.401 15708 19060 I ReactNativeJS:   'ride_status_changed',
10-18 20:54:22.401 15708 19060 I ReactNativeJS:   'ride_status_changed',
10-18 20:54:22.401 15708 19060 I ReactNativeJS:   'ride_status_changed',
10-18 20:54:22.401 15708 19060 I ReactNativeJS:   'ride_status_changed',
10-18 20:54:22.401 15708 19060 I ReactNativeJS:   'ride_status_changed',
10-18 20:54:22.401 15708 19060 I ReactNativeJS:   'ride_status_changed',
10-18 20:54:22.401 15708 19060 I ReactNativeJS:   'ride_status_changed',
10-18 20:54:22.401 15708 19060 I ReactNativeJS:   'ride_status_changed',
10-18 20:54:22.401 15708 19060 I ReactNativeJS:   'ride_status_changed',
10-18 20:54:22.401 15708 19060 I ReactNativeJS:   'booking_completed',
10-18 20:54:22.401 15708 19060 I ReactNativeJS:   'ride_cancelled',
10-18 20:54:22.401 15708 19060 I ReactNativeJS:   'ride_status_changed',
10-18 20:54:22.401 15708 19060 I ReactNativeJS:   'ride_status_changed',
10-18 20:54:22.401 15708 19060 I ReactNativeJS:   'ride_status_changed',
10-18 20:54:22.401 15708 19060 I ReactNativeJS:   'ride_status_changed' ]
10-18 20:54:22.401 15708 19060 I ReactNativeJS: ' [NOTIFICATIONS] Trip completed notifications (all statuses):', []
10-18 20:54:22.555 15708 19060 I ReactNativeJS: ' [REALTIME] Ride subscription status for e5863667-c95a-40ff-9572-d05a921bea53:', 'SUBSCRIBED'
10-18 20:54:22.557 15708 19060 I ReactNativeJS: ' [REALTIME] Ride subscription status for 62a975b5-e38c-4d14-bdb9-2804cd5efd62:', 'SUBSCRIBED'
10-18 20:54:22.558 15708 19060 I ReactNativeJS: ' [REALTIME] Ride subscription status for ab10282a-8c94-44dc-a563-7cbdaa1f2152:', 'SUBSCRIBED'
10-18 20:54:22.560 15708 19060 I ReactNativeJS: ' [REALTIME] Ride subscription status for a7bde9c8-d6fb-412e-a29f-8c04d59a5526:', 'SUBSCRIBED'
10-18 20:54:22.562 15708 19060 I ReactNativeJS: ' [REALTIME] Ride subscription status for 97334bab-4520-4c46-8c5e-568c16476c7e:', 'SUBSCRIBED'
10-18 20:54:22.579 15708 19060 I ReactNativeJS: ' [REALTIME] Ride subscription status for 6877deb9-b84c-426f-b966-4f3d2767cead:', 'SUBSCRIBED'
10-18 20:54:22.581 15708 19060 I ReactNativeJS: ' [REALTIME] Ride subscription status for 8ddb9bb2-571b-4e13-94a0-afe448d23214:', 'SUBSCRIBED'
10-18 20:54:22.583 15708 19060 I ReactNativeJS: ' [REALTIME] Ride subscription status for 8fb34677-14fc-4479-b3c5-d42763361ec5:', 'SUBSCRIBED'
10-18 20:54:22.622 15708 19060 I ReactNativeJS: ' [REALTIME] Ride subscription status for cea5ef50-535a-4ebd-9ba9-524c03aebb88:', 'SUBSCRIBED'
10-18 20:54:22.624 15708 19060 I ReactNativeJS: ' [REALTIME] Ride subscription status for 25c9b86c-1bcc-4c83-a52a-2bf9112a1805:', 'SUBSCRIBED'
10-18 20:54:22.634 15708 19060 I ReactNativeJS: ' [REALTIME] Ride subscription status for 9bad33c5-02a8-49c2-9bf6-be2ec0abc239:', 'SUBSCRIBED'
10-18 20:54:22.637 15708 19060 I ReactNativeJS: ' [GPS-TRACKING] Subscription status:', 'SUBSCRIBED'
10-18 20:54:22.637 15708 19060 I ReactNativeJS:  [GPS-TRACKING] Successfully subscribed to driver location updates
10-18 20:54:22.813  6545  6545 D VRI[Launcher]: visibilityChanged oldVisibility=false newVisibility=true
10-18 20:54:22.833  6545  6545 D ViewRootImpl: AppSizeAfterRelayout, size: Point(1080, 2392), rotation: ROTATION_0
10-18 20:54:22.836  6545  6545 D BufferQueueConsumer: [](id:199100000034,api:0,p:-1,c:6545) connect: controlledByApp=false
10-18 20:54:22.836  6545  6545 D BLASTBufferQueue: [VRI[Launcher]#52](f:0,a:0) constructor()
10-18 20:54:22.836  6545  6545 D BLASTBufferQueue: [VRI[Launcher]#52](f:0,a:0) update width=1080 height=2392 format=-2 mTransformHint=0
10-18 20:54:22.854  6545  6857 D BLASTBufferQueue: [VRI[Launcher]#52](f:0,a:1) acquireNextBufferLocked size=1080x2392 mFrameNumber=1 applyTransaction=true mTimestamp=618284141125236(auto) mPendingTransactions.size=0 graphicBufferId=28110560952686 transform=0
10-18 20:54:22.857  6545  6545 I bnlz    : onStart
10-18 20:54:22.863  6545  6545 I bldh    : (REDACTED) [%s] onStart()
10-18 20:54:22.863  6545  6545 I blfn    : Reloading theme data
10-18 20:54:22.870  6545  6545 I bnlz    : onResume
10-18 20:54:22.909 15708 19060 I ReactNativeJS: ' Proxy response received:', 'OK'
10-18 20:54:22.910 15708 19060 I ReactNativeJS: ' Geocoded address:', 'PRXJ+F32, Brindavan Nagar, Plot 87, NGGO\'s Colony, Anand Nagar, Hosur, Tamil Nadu 635109, India'
10-18 20:54:22.910 15708 19060 I ReactNativeJS: ' Geocoded address:', 'PRXJ+F32, Brindavan Nagar, Plot 87, NGGO\'s Colony, Anand Nagar, Hosur, Tamil Nadu 635109, India'
10-18 20:54:22.910 15708 19060 I ReactNativeJS: ' Enhanced Location Service: Got address:', 'PRXJ+F32, Brindavan Nagar, Plot 87, NGGO\'s Colony, Anand Nagar, Hosur, Tamil Nadu 635109, India'
10-18 20:54:22.910 15708 19060 I ReactNativeJS: ' [HOME] Location obtained:', { lat: 12.74859,
10-18 20:54:22.910 15708 19060 I ReactNativeJS:   lng: 77.8299901,
10-18 20:54:22.910 15708 19060 I ReactNativeJS:   address: 'PRXJ+F32, Brindavan Nagar, Plot 87, NGGO\'s Colony, Anand Nagar, Hosur, Tamil Nadu 635109, India' }
10-18 20:54:22.913 15708 19060 I ReactNativeJS:  [HOME] ===== STARTING IMMEDIATE DRIVER DISPLAY =====
10-18 20:54:22.918 15708 19060 I ReactNativeJS:  [HOME] Current location available, showing drivers immediately
10-18 20:54:22.919 15708 19060 I ReactNativeJS: ' [HOME] Location details:', { latitude: 12.74859,
10-18 20:54:22.919 15708 19060 I ReactNativeJS:   longitude: 77.8299901,
10-18 20:54:22.919 15708 19060 I ReactNativeJS:   accuracy: 18.391000747680664 }
10-18 20:54:22.919 15708 19060 I ReactNativeJS:  [HOME] Showing ALL vehicle types (no filter applied)
10-18 20:54:22.919 15708 19060 I ReactNativeJS: ' [HOME] Should show drivers on map:', true
10-18 20:54:22.919 15708 19060 I ReactNativeJS: ' [HOME] Starting driver location polling with:', { currentLocation: { latitude: 12.74859, longitude: 77.8299901 },
10-18 20:54:22.919 15708 19060 I ReactNativeJS:   vehicleType: 'sedan',
10-18 20:54:22.919 15708 19060 I ReactNativeJS:   radius: 10 }
10-18 20:54:22.919 15708 19060 I ReactNativeJS:  [HOME] Stopping driver location polling
10-18 20:54:22.919 15708 19060 I ReactNativeJS: ' [DRIVER-SERVICE] Starting driver location polling every', 10, 'seconds'
10-18 20:54:22.919 15708 19060 I ReactNativeJS: ' [DRIVER-SERVICE] Polling parameters:', { customerLocation: { lat: 12.74859, lng: 77.8299901 },
10-18 20:54:22.919 15708 19060 I ReactNativeJS:   vehicleType: 'all',
10-18 20:54:22.919 15708 19060 I ReactNativeJS:   interval: '10000ms' }
10-18 20:54:22.919 15708 19060 I ReactNativeJS: ' [DRIVER-SERVICE] Fetching available drivers via edge function:', { location: { lat: 12.74859, lng: 77.8299901 },
10-18 20:54:22.919 15708 19060 I ReactNativeJS:   radius: '10km',
10-18 20:54:22.919 15708 19060 I ReactNativeJS:   vehicleType: 'all',
10-18 20:54:22.919 15708 19060 I ReactNativeJS:   timestamp: '2025-10-18T15:24:22.919Z' }
10-18 20:54:22.920 15708 19060 I ReactNativeJS: ' [DRIVER-SERVICE] Constructed Edge Function URL:', 'https://whubaypabojomdyfqxcf.supabase.co/functions/v1/get-drivers-with-locations?lat=12.74859&lng=77.8299901&radius=10'
10-18 20:54:22.930 15708 19060 I ReactNativeJS:  [HOME] ===== SHOWING DRIVERS AGAIN =====
10-18 20:54:22.930 15708 19060 I ReactNativeJS:  [HOME] Not both locations selected, showing drivers on map
10-18 20:54:22.931 15708 19060 I ReactNativeJS: ' [HOME] Pickup coords:', true, 'Destination coords:', false
10-18 20:54:22.935 15708 19060 I ReactNativeJS: ' [HOME] Starting driver location polling with:', { currentLocation: { latitude: 12.74859, longitude: 77.8299901 },
10-18 20:54:22.935 15708 19060 I ReactNativeJS:   vehicleType: 'sedan',
10-18 20:54:22.935 15708 19060 I ReactNativeJS:   radius: 10 }
10-18 20:54:22.935 15708 19060 I ReactNativeJS:  [HOME] Stopping driver location polling
10-18 20:54:22.937 15708 19060 I ReactNativeJS:  [DRIVER-SERVICE] Stopped driver location polling
10-18 20:54:22.937 15708 19060 I ReactNativeJS: ' [DRIVER-SERVICE] Starting driver location polling every', 10, 'seconds'
10-18 20:54:22.937 15708 19060 I ReactNativeJS: ' [DRIVER-SERVICE] Polling parameters:', { customerLocation: { lat: 12.74859, lng: 77.8299901 },
10-18 20:54:22.937 15708 19060 I ReactNativeJS:   vehicleType: 'all',
10-18 20:54:22.937 15708 19060 I ReactNativeJS:   interval: '10000ms' }
10-18 20:54:22.938 15708 19060 I ReactNativeJS: ' [DRIVER-SERVICE] Fetching available drivers via edge function:', { location: { lat: 12.74859, lng: 77.8299901 },
10-18 20:54:22.938 15708 19060 I ReactNativeJS:   radius: '10km',
10-18 20:54:22.938 15708 19060 I ReactNativeJS:   vehicleType: 'all',
10-18 20:54:22.938 15708 19060 I ReactNativeJS:   timestamp: '2025-10-18T15:24:22.937Z' }
10-18 20:54:22.939 15708 19060 I ReactNativeJS: ' [DRIVER-SERVICE] Constructed Edge Function URL:', 'https://whubaypabojomdyfqxcf.supabase.co/functions/v1/get-drivers-with-locations?lat=12.74859&lng=77.8299901&radius=10'
10-18 20:54:22.940 15708 19060 I ReactNativeJS:  [HOME] Location state updated successfully
10-18 20:54:22.945  5589  5589 I GoogleInputMethodService: GoogleInputMethodService.onFinishInput():2085 
10-18 20:54:22.947  5589  5589 I Module  : DeviceLockedStatusModuleProvider$Module.updateDeviceLockedStatus():100 repeatCheckTimes = 0, locked = false
10-18 20:54:22.947  5589  5589 I GoogleInputMethodService: GoogleInputMethodService.onStartInput():1346 onStartInput(EditorInfo{EditorInfo{packageName=com.android.launcher3, inputType=0, inputTypeString=NULL, enableLearning=false, autoCorrection=false, autoComplete=false, imeOptions=0, privateImeOptions=null, actionName=UNSPECIFIED, actionLabel=null, initialSelStart=-1, initialSelEnd=-1, initialCapsMode=0, label=null, fieldId=0, fieldName=null, extras=null, hintText=null, hintLocales=[]}}, false)
10-18 20:54:22.951  5589  5589 I Module  : DeviceLockedStatusModuleProvider$Module.updateDeviceLockedStatus():100 repeatCheckTimes = 1, locked = false
10-18 20:54:22.972 15708 19060 I ReactNativeJS:  [HOME] Location loading state set to false
10-18 20:54:22.973 15708 19060 I ReactNativeJS: ' [MAP] Props updated:', { showRoute: true,
10-18 20:54:22.973 15708 19060 I ReactNativeJS:   showDriverToPickupRoute: false,
10-18 20:54:22.973 15708 19060 I ReactNativeJS:   hasDriverLocation: false,
10-18 20:54:22.973 15708 19060 I ReactNativeJS:   hasPickupCoords: true,
10-18 20:54:22.973 15708 19060 I ReactNativeJS:   hasDestinationCoords: false,
10-18 20:54:22.973 15708 19060 I ReactNativeJS:   driverLocation: null,
10-18 20:54:22.973 15708 19060 I ReactNativeJS:   pickupCoords: { lat: 12.74859, lng: 77.8299901 },
10-18 20:54:22.973 15708 19060 I ReactNativeJS:   destinationCoords: null }
10-18 20:54:22.974 15708 19060 I ReactNativeJS:  Enhanced Location Service: Starting location detection...
10-18 20:54:22.974 15708 19060 I ReactNativeJS: ' Platform:', 'android'
10-18 20:54:22.980 15708 19060 I ReactNativeJS:  Enhanced Location Service: Permission granted, attempting detection...
10-18 20:54:22.980 15708 19060 I ReactNativeJS:  Enhanced Location Service: Attempting high accuracy GPS...
10-18 20:54:22.981 15708 19060 I ReactNativeJS:  Using Expo Location for high accuracy...
10-18 20:54:22.999 15708 15708 D MapsInitializer: preferredRenderer: null
10-18 20:54:23.000 15708 15708 D zzcc    : preferredRenderer: null
10-18 20:54:23.000 15708 15708 I Google Android Maps SDK: Google Play services package version: 253931035
10-18 20:54:23.000 15708 15708 I Google Android Maps SDK: Google Play services maps renderer version(maps_core): 253425402
10-18 20:54:23.001 26036 12642 I FusedLocation: stationary throttling disengaged [CONTEXT service_id=6 ]
10-18 20:54:23.005 26036 13263 I FusedLocation: (REDACTED) stationary throttling engaged @%s
10-18 20:54:23.007 15708 15708 W ProxyAndroidLoggerBackend: Too many Flogger logs received before configuration. Dropping old logs.
10-18 20:54:23.008 15708 15708 W ProxyAndroidLoggerBackend: Too many Flogger logs received before configuration. Dropping old logs.
10-18 20:54:23.011 15708 15708 W ProxyAndroidLoggerBackend: Too many Flogger logs received before configuration. Dropping old logs.
10-18 20:54:23.011 15708 15708 W ProxyAndroidLoggerBackend: Too many Flogger logs received before configuration. Dropping old logs.
10-18 20:54:23.011 26036 13263 I PhenotypeResourceReader: unable to find any Phenotype resource metadata for com.a1taxi.a1taxicustomer
10-18 20:54:23.011 15708 13247 W ProxyAndroidLoggerBackend: Too many Flogger logs received before configuration. Dropping old logs.
10-18 20:54:23.013 15708 13246 W ProxyAndroidLoggerBackend: Too many Flogger logs received before configuration. Dropping old logs.
10-18 20:54:23.013 15708 15708 W ProxyAndroidLoggerBackend: Too many Flogger logs received before configuration. Dropping old logs.
10-18 20:54:23.014 15708 15708 W ProxyAndroidLoggerBackend: Too many Flogger logs received before configuration. Dropping old logs.
10-18 20:54:23.014 15708 15708 W ProxyAndroidLoggerBackend: Too many Flogger logs received before configuration. Dropping old logs.
10-18 20:54:23.030 26036 13296 I FusedOrientationManager: Registering orientation client. [CONTEXT service_id=6 ]
10-18 20:54:23.066 26036 26172 W inertial-anchor: Triggering reinit due to mag declination change
10-18 20:54:23.066 26036 26172 W Looper  : Looper already prepared for this thread with a different value for the LOOPER_PREPARE_ALLOW_NON_CALLBACKS option.
10-18 20:54:23.066 26036 13265 I FusedOrientationManager: Unregistering orientation client. [CONTEXT service_id=6 ]
10-18 20:54:23.066 26036 26104 I ActivityScheduler: nextTriggerTime: 1245471245, in 238815ms, detectorType: 39, FULL_TYPE alarmWindowMillis: 30000
10-18 20:54:23.075 26036 26104 I ActivityScheduler: nextTriggerTime: 1245471245, in 238807ms, detectorType: 39, FULL_TYPE alarmWindowMillis: 30000
10-18 20:54:23.080 15708 15708 D BufferQueueConsumer: [](id:3d5c0000004e,api:0,p:-1,c:15708) connect: controlledByApp=true
10-18 20:54:23.111 15708 19060 I ReactNativeJS: ' Enhanced Location Service: High accuracy location obtained:', { lat: 12.74859,
10-18 20:54:23.111 15708 19060 I ReactNativeJS:   lng: 77.8299901,
10-18 20:54:23.111 15708 19060 I ReactNativeJS:   accuracy: '18.391000747680664m' }
10-18 20:54:23.140 15708 13247 W ProxyAndroidLoggerBackend: Too many Flogger logs received before configuration. Dropping old logs.
10-18 20:54:23.140 15708 13247 W ProxyAndroidLoggerBackend: Too many Flogger logs received before configuration. Dropping old logs.
10-18 20:54:23.142  1870  3777 D BatteryStatsService: noteVideoSurfaceChanged  noteWhich: 49,arg1: 1080, arg2: 2056, arg3: 15708, arg4: 7292, name: com.a1taxi.a1taxicustomer
10-18 20:54:23.145 15708 13247 W ProxyAndroidLoggerBackend: Too many Flogger logs received before configuration. Dropping old logs.
10-18 20:54:23.145 15708 13247 W ProxyAndroidLoggerBackend: Too many Flogger logs received before configuration. Dropping old logs.
10-18 20:54:23.157 15708 13246 W ProxyAndroidLoggerBackend: Too many Flogger logs received before configuration. Dropping old logs.
10-18 20:54:23.157 15708 13246 W ProxyAndroidLoggerBackend: Too many Flogger logs received before configuration. Dropping old logs.
10-18 20:54:23.157 15708 19023 I .a1taxicustomer: Background young concurrent copying GC freed 16MB AllocSpace bytes, 66(5028KB) LOS objects, 7% free, 82MB/89MB, paused 260us,66us total 107.615ms
10-18 20:54:23.165 15708 13248 W ProxyAndroidLoggerBackend: Too many Flogger logs received before configuration. Dropping old logs.
10-18 20:54:23.165 15708 13248 W ProxyAndroidLoggerBackend: Too many Flogger logs received before configuration. Dropping old logs.
10-18 20:54:23.183 15708 13310 W ProxyAndroidLoggerBackend: Too many Flogger logs received before configuration. Dropping old logs.
10-18 20:54:23.449 15708 13313 W ProxyAndroidLoggerBackend: Too many Flogger logs received before configuration. Dropping old logs.
10-18 20:54:23.449 15708 13313 W ProxyAndroidLoggerBackend: Too many Flogger logs received before configuration. Dropping old logs.
10-18 20:54:23.450 15708 13313 W ProxyAndroidLoggerBackend: Too many Flogger logs received before configuration. Dropping old logs.
10-18 20:54:23.450 15708 13313 W ProxyAndroidLoggerBackend: Too many Flogger logs received before configuration. Dropping old logs.
10-18 20:54:23.450 15708 13313 W ProxyAndroidLoggerBackend: Too many Flogger logs received before configuration. Dropping old logs.
10-18 20:54:23.451 15708 13313 W ProxyAndroidLoggerBackend: Too many Flogger logs received before configuration. Dropping old logs.
10-18 20:54:23.451 15708 13313 W ProxyAndroidLoggerBackend: Too many Flogger logs received before configuration. Dropping old logs.
10-18 20:54:23.451 15708 13313 W ProxyAndroidLoggerBackend: Too many Flogger logs received before configuration. Dropping old logs.
10-18 20:54:23.451 15708 13313 W ProxyAndroidLoggerBackend: Too many Flogger logs received before configuration. Dropping old logs.
10-18 20:54:23.452 15708 13313 W ProxyAndroidLoggerBackend: Too many Flogger logs received before configuration. Dropping old logs.
10-18 20:54:23.452 15708 13313 W ProxyAndroidLoggerBackend: Too many Flogger logs received before configuration. Dropping old logs.
10-18 20:54:23.452 15708 13313 W ProxyAndroidLoggerBackend: Too many Flogger logs received before configuration. Dropping old logs.
10-18 20:54:23.452 15708 13313 W ProxyAndroidLoggerBackend: Too many Flogger logs received before configuration. Dropping old logs.
10-18 20:54:23.452 15708 13313 W ProxyAndroidLoggerBackend: Too many Flogger logs received before configuration. Dropping old logs.
10-18 20:54:23.453 15708 13313 W ProxyAndroidLoggerBackend: Too many Flogger logs received before configuration. Dropping old logs.
10-18 20:54:23.453 15708 13313 W ProxyAndroidLoggerBackend: Too many Flogger logs received before configuration. Dropping old logs.
10-18 20:54:23.453 15708 13313 W ProxyAndroidLoggerBackend: Too many Flogger logs received before configuration. Dropping old logs.
10-18 20:54:23.453 15708 13313 W ProxyAndroidLoggerBackend: Too many Flogger logs received before configuration. Dropping old logs.
10-18 20:54:23.453 15708 13313 W ProxyAndroidLoggerBackend: Too many Flogger logs received before configuration. Dropping old logs.
10-18 20:54:23.453 15708 13313 W ProxyAndroidLoggerBackend: Too many Flogger logs received before configuration. Dropping old logs.
10-18 20:54:23.454 15708 13313 W ProxyAndroidLoggerBackend: Too many Flogger logs received before configuration. Dropping old logs.
10-18 20:54:23.454 15708 13313 W ProxyAndroidLoggerBackend: Too many Flogger logs received before configuration. Dropping old logs.
10-18 20:54:23.454 15708 13313 W ProxyAndroidLoggerBackend: Too many Flogger logs received before configuration. Dropping old logs.
10-18 20:54:23.454 15708 13313 W ProxyAndroidLoggerBackend: Too many Flogger logs received before configuration. Dropping old logs.
10-18 20:54:23.454 15708 13313 W ProxyAndroidLoggerBackend: Too many Flogger logs received before configuration. Dropping old logs.
10-18 20:54:23.454 15708 13313 W ProxyAndroidLoggerBackend: Too many Flogger logs received before configuration. Dropping old logs.
10-18 20:54:23.454 15708 13313 W ProxyAndroidLoggerBackend: Too many Flogger logs received before configuration. Dropping old logs.
10-18 20:54:23.454 15708 13313 W ProxyAndroidLoggerBackend: Too many Flogger logs received before configuration. Dropping old logs.
10-18 20:54:23.454 15708 13313 W ProxyAndroidLoggerBackend: Too many Flogger logs received before configuration. Dropping old logs.
10-18 20:54:23.454 15708 13313 W ProxyAndroidLoggerBackend: Too many Flogger logs received before configuration. Dropping old logs.
10-18 20:54:23.454 15708 13313 W ProxyAndroidLoggerBackend: Too many Flogger logs received before configuration. Dropping old logs.
10-18 20:54:23.454 15708 13313 W ProxyAndroidLoggerBackend: Too many Flogger logs received before configuration. Dropping old logs.
10-18 20:54:23.559 15708 15708 D VRI[MainActivity]: visibilityChanged oldVisibility=true newVisibility=false
10-18 20:54:23.590 15708 15708 D ViewRootImpl: AppSizeAfterRelayout, size: Point(1080, 2392), rotation: ROTATION_0
10-18 20:54:23.591 15708 15708 D BLASTBufferQueue: [VRI[MainActivity]#44](f:0,a:4) destructor()
10-18 20:54:23.591 15708 15708 D BufferQueueConsumer: [VRI[MainActivity]#44(BLAST Consumer)44](id:3d5c0000004d,api:0,p:-1,c:15708) disconnect
10-18 20:54:23.597 15708 13309 W ProxyAndroidLoggerBackend: Too many Flogger logs received before configuration. Dropping old logs.
10-18 20:54:23.598 15708 19060 I ReactNativeJNI: Memory warning (pressure level: TRIM_MEMORY_UI_HIDDEN) received by JS VM, ignoring because it's non-severe
10-18 20:54:23.607  1870  6015 D BatteryStatsService: noteVideoSurfaceChanged  noteWhich: 49,arg1: -2, arg2: -1, arg3: 15708, arg4: 7292, name: com.a1taxi.a1taxicustomer
10-18 20:54:24.139 26106 26106 D BoundBrokerSvc: onUnbind: Intent { act=com.google.android.gms.potokens.service.START dat=chimera-action:/... cmp=com.google.android.gms/.chimera.GmsApiService }
10-18 20:54:24.174 15708 19060 I ReactNativeJS: ' [DRIVER-SERVICE] Initial fetch completed:', 0, 'drivers'
10-18 20:54:24.174 15708 19060 I ReactNativeJS: ' [HOME] Received driver locations update:', 0, 'drivers'
10-18 20:54:24.200 15708 19060 I ReactNativeJS: ' [DRIVER-SERVICE] Initial fetch completed:', 0, 'drivers'
10-18 20:54:24.200 15708 19060 I ReactNativeJS: ' [HOME] Received driver locations update:', 0, 'drivers'
10-18 20:54:24.200 15708 19060 I ReactNativeJS:  [HOME] ===== AVAILABLE DRIVERS STATE CHANGED =====
10-18 20:54:24.201 15708 19060 I ReactNativeJS: ' [HOME] availableDrivers state update:', { count: 0,
10-18 20:54:24.201 15708 19060 I ReactNativeJS:   showDriversOnMap: true,
10-18 20:54:24.201 15708 19060 I ReactNativeJS:   driversPassedToMap: 0,
10-18 20:54:24.201 15708 19060 I ReactNativeJS:   drivers: [] }
10-18 20:54:24.201 15708 19060 I ReactNativeJS:  [HOME] No drivers to pass to map (availableDrivers is empty)
10-18 20:54:24.223 15708 19060 I ReactNativeJS:  [HOME] ===== AVAILABLE DRIVERS STATE CHANGED =====
10-18 20:54:24.223 15708 19060 I ReactNativeJS: ' [HOME] availableDrivers state update:', { count: 0,
10-18 20:54:24.223 15708 19060 I ReactNativeJS:   showDriversOnMap: true,
10-18 20:54:24.223 15708 19060 I ReactNativeJS:   driversPassedToMap: 0,
10-18 20:54:24.223 15708 19060 I ReactNativeJS:   drivers: [] }
10-18 20:54:24.223 15708 19060 I ReactNativeJS:  [HOME] No drivers to pass to map (availableDrivers is empty)
10-18 20:54:24.441 26036 26036 D BoundBrokerSvc: onUnbind: Intent { act=com.google.android.gms.common.telemetry.service.START dat=chimera-action:/... cmp=com.google.android.gms/.chimera.PersistentApiService }
10-18 20:54:24.990 26106 13333 I Authzen : [DeviceStateSyncManager] The server is in sync with current state. Nothing to do
10-18 20:54:26.198 23128 23180 I DGW     : I[sendRequest:90] StreamGroupConnectivityAwareNetworkLayer[notifgateway] processing request with connection state: 1
10-18 20:54:26.199 23128 23180 I DGW     : I[sendRequest:98] StreamGroupMNSNetworkLayer[notifgateway] DGW Connecting to https://z-m-gateway.facebook.com/notifgateway
10-18 20:54:26.544 23128 23194 W DGW     : W[onSuccessfulResponse:848] StreamGroupTransport[notifgateway] on successful response. DGW is now connected.
