10-29 14:45:17.336 16641 16779 W unknown:ViewManagerPropertyUpdater: Could not find generated setter for class com.facebook.react.views.scroll.ReactHorizontalScrollViewManager
10-29 14:45:17.337 16641 16779 W unknown:ViewManagerPropertyUpdater: Could not find generated setter for class com.facebook.react.views.scroll.ReactHorizontalScrollContainerViewManager
10-29 14:45:17.339 16641 16779 W unknown:ViewManagerPropertyUpdater: Could not find generated setter for class com.facebook.react.views.progressbar.ReactProgressBarViewManager
10-29 14:45:17.339 16641 16743 I GrallocExtra: gralloc_extra_query:is_SW3D 0
10-29 14:45:17.339 16641 16743 D BLASTBufferQueue: [VRI[MainActivity]#0](f:0,a:1) acquireNextBufferLocked size=1080x2392 mFrameNumber=1 applyTransaction=true mTimestamp=1114878005249758(auto) mPendingTransactions.size=0 graphicBufferId=71472550772736 transform=0
10-29 14:45:17.340 16641 16779 W unknown:ViewManagerPropertyUpdater: Could not find generated setter for class com.facebook.react.views.progressbar.ProgressBarShadowNode
10-29 14:45:17.340 16641 16779 W unknown:ViewManagerPropertyUpdater: Could not find generated setter for class com.facebook.react.views.scroll.ReactScrollViewManager
10-29 14:45:17.342 16641 16779 W unknown:ViewManagerPropertyUpdater: Could not find generated setter for class com.facebook.react.views.switchview.ReactSwitchManager
10-29 14:45:17.343 16641 16779 W unknown:ViewManagerPropertyUpdater: Could not find generated setter for class com.facebook.react.views.switchview.ReactSwitchManager$ReactSwitchShadowNode
10-29 14:45:17.343 16641 16779 W unknown:ViewManagerPropertyUpdater: Could not find generated setter for class com.facebook.react.views.swiperefresh.SwipeRefreshLayoutManager
10-29 14:45:17.344 16641 16779 W unknown:ViewManagerPropertyUpdater: Could not find generated setter for class com.facebook.react.views.text.frescosupport.FrescoBasedReactTextInlineImageViewManager
10-29 14:45:17.344 16641 16779 W unknown:ViewManagerPropertyUpdater: Could not find generated setter for class com.facebook.react.views.text.frescosupport.FrescoBasedReactTextInlineImageShadowNode
10-29 14:45:17.346 16641 16779 W unknown:ViewManagerPropertyUpdater: Could not find generated setter for class com.facebook.react.views.image.ReactImageManager
10-29 14:45:17.348 16641 16779 W unknown:ViewManagerPropertyUpdater: Could not find generated setter for class com.facebook.react.views.modal.ReactModalHostManager
10-29 14:45:17.350 16641 16779 W unknown:ViewManagerPropertyUpdater: Could not find generated setter for class com.facebook.react.views.modal.ModalHostShadowNode
10-29 14:45:17.351 16641 16779 W unknown:ViewManagerPropertyUpdater: Could not find generated setter for class com.facebook.react.views.text.ReactRawTextManager
10-29 14:45:17.351 16641 16779 W unknown:ViewManagerPropertyUpdater: Could not find generated setter for class com.facebook.react.views.text.ReactRawTextShadowNode
10-29 14:45:17.352 16641 16779 W unknown:ViewManagerPropertyUpdater: Could not find generated setter for class com.facebook.react.views.textinput.ReactTextInputManager
10-29 14:45:17.354 16641 16779 W unknown:ViewManagerPropertyUpdater: Could not find generated setter for class com.facebook.react.views.textinput.ReactTextInputShadowNode
10-29 14:45:17.355 16641 16779 W unknown:ViewManagerPropertyUpdater: Could not find generated setter for class com.facebook.react.views.text.ReactTextViewManager
10-29 14:45:17.356 16641 16779 W unknown:ViewManagerPropertyUpdater: Could not find generated setter for class com.facebook.react.views.text.ReactTextShadowNode
10-29 14:45:17.356 16641 16779 W unknown:ViewManagerPropertyUpdater: Could not find generated setter for class com.facebook.react.views.view.ReactViewManager
10-29 14:45:17.357 16641 16779 W unknown:ViewManagerPropertyUpdater: Could not find generated setter for class com.facebook.react.views.text.ReactVirtualTextViewManager
10-29 14:45:17.357 16641 16779 W unknown:ViewManagerPropertyUpdater: Could not find generated setter for class com.facebook.react.views.text.ReactVirtualTextShadowNode
10-29 14:45:17.357 16641 16779 W unknown:ViewManagerPropertyUpdater: Could not find generated setter for class com.facebook.react.views.unimplementedview.ReactUnimplementedViewManager
10-29 14:45:17.358 16641 16779 W unknown:ViewManagerPropertyUpdater: Could not find generated setter for class expo.modules.kotlin.views.GroupViewManagerWrapper
10-29 14:45:17.359 16641 16779 W unknown:ViewManagerPropertyUpdater: Could not find generated setter for class com.swmansion.gesturehandler.react.RNGestureHandlerRootViewManager
10-29 14:45:17.359 16641 16779 W unknown:ViewManagerPropertyUpdater: Could not find generated setter for class com.swmansion.gesturehandler.react.RNGestureHandlerButtonViewManager
10-29 14:45:17.360 16641 16779 W unknown:ViewManagerPropertyUpdater: Could not find generated setter for class com.rnmaps.maps.MapManager
10-29 14:45:17.361 16641 16779 W unknown:ViewManagerPropertyUpdater: Could not find generated setter for class com.rnmaps.maps.MapMarkerManager
10-29 14:45:17.361  1870  1976 I ActivityTaskManager: Displayed com.a1taxi.driverpro/.MainActivity for user 0: +350ms
10-29 14:45:17.364 16641 16779 W unknown:ViewManagerPropertyUpdater: Could not find generated setter for class com.rnmaps.maps.MapCalloutManager
10-29 14:45:17.366 16641 16779 W unknown:ViewManagerPropertyUpdater: Could not find generated setter for class com.rnmaps.maps.MapPolylineManager
10-29 14:45:17.367 16641 16779 W unknown:ViewManagerPropertyUpdater: Could not find generated setter for class com.rnmaps.maps.MapGradientPolylineManager
10-29 14:45:17.367 16641 16779 W unknown:ViewManagerPropertyUpdater: Could not find generated setter for class com.rnmaps.maps.MapPolygonManager
10-29 14:45:17.368 16641 16641 V ImeFocusController: onWindowFocus: com.android.internal.policy.DecorView{88218ae V.E...... R....... 0,0-1080,2392}[MainActivity] softInputMode=STATE_UNSPECIFIED|ADJUST_RESIZE
10-29 14:45:17.368 16641 16779 W unknown:ViewManagerPropertyUpdater: Could not find generated setter for class com.rnmaps.maps.MapCircleManager
10-29 14:45:17.368 16641 16779 W unknown:ViewManagerPropertyUpdater: Could not find generated setter for class com.rnmaps.maps.MapUrlTileManager
10-29 14:45:17.369 16641 16779 W unknown:ViewManagerPropertyUpdater: Could not find generated setter for class com.rnmaps.maps.MapWMSTileManager
10-29 14:45:17.370 16641 16779 W unknown:ViewManagerPropertyUpdater: Could not find generated setter for class com.rnmaps.maps.MapLocalTileManager
10-29 14:45:17.371 16641 16779 W unknown:ViewManagerPropertyUpdater: Could not find generated setter for class com.rnmaps.maps.MapOverlayManager
10-29 14:45:17.372 16641 16779 W unknown:ViewManagerPropertyUpdater: Could not find generated setter for class com.rnmaps.maps.MapHeatmapManager
10-29 14:45:17.372 16641 16779 W unknown:ViewManagerPropertyUpdater: Could not find generated setter for class com.th3rdwave.safeareacontext.SafeAreaProviderManager
10-29 14:45:17.373 16641 16779 W unknown:ViewManagerPropertyUpdater: Could not find generated setter for class com.th3rdwave.safeareacontext.SafeAreaViewManager
10-29 14:45:17.374 16641 16779 W unknown:ViewManagerPropertyUpdater: Could not find generated setter for class com.th3rdwave.safeareacontext.SafeAreaViewShadowNode
10-29 14:45:17.374 16641 16779 W unknown:ViewManagerPropertyUpdater: Could not find generated setter for class com.swmansion.rnscreens.ScreenContainerViewManager
10-29 14:45:17.374 18285 18285 I GoogleInputMethodService: GoogleInputMethodService.onFinishInput():2086 
10-29 14:45:17.374 16641 16779 W unknown:ViewManagerPropertyUpdater: Could not find generated setter for class com.swmansion.rnscreens.ScreenViewManager
10-29 14:45:17.375 18285 18285 I Module  : DeviceLockedStatusModuleProvider$Module.updateDeviceLockedStatus():103 repeatCheckTimes = 0, locked = false
10-29 14:45:17.375 18285 18285 I GoogleInputMethodService: GoogleInputMethodService.onStartInput():1347 onStartInput(EditorInfo{EditorInfo{packageName=com.a1taxi.driverpro, inputType=0, inputTypeString=NULL, enableLearning=false, autoCorrection=false, autoComplete=false, imeOptions=0, privateImeOptions=null, actionName=UNSPECIFIED, actionLabel=null, initialSelStart=-1, initialSelEnd=-1, initialCapsMode=0, label=null, fieldId=0, fieldName=null, extras=null, hintText=null, hintLocales=[]}}, false)
10-29 14:45:17.375 16641 16779 W unknown:ViewManagerPropertyUpdater: Could not find generated setter for class com.swmansion.rnscreens.ModalScreenViewManager
10-29 14:45:17.375 16641 16779 W unknown:ViewManagerPropertyUpdater: Could not find generated setter for class com.swmansion.rnscreens.ScreenStackViewManager
10-29 14:45:17.376 18285 18285 I Module  : DeviceLockedStatusModuleProvider$Module.updateDeviceLockedStatus():103 repeatCheckTimes = 1, locked = false
10-29 14:45:17.376 16641 16779 W unknown:ViewManagerPropertyUpdater: Could not find generated setter for class com.swmansion.rnscreens.ScreenStackHeaderConfigViewManager
10-29 14:45:17.376 16641 16779 W unknown:ViewManagerPropertyUpdater: Could not find generated setter for class com.swmansion.rnscreens.ScreenStackHeaderSubviewManager
10-29 14:45:17.377 16641 16779 W unknown:ViewManagerPropertyUpdater: Could not find generated setter for class com.swmansion.rnscreens.SearchBarManager
10-29 14:45:17.377 16641 16779 W unknown:ViewManagerPropertyUpdater: Could not find generated setter for class com.horcrux.svg.RenderableViewManager$DefsViewManager
10-29 14:45:17.379 16641 16779 W unknown:ViewManagerPropertyUpdater: Could not find generated setter for class com.horcrux.svg.VirtualViewManager$RenderableShadowNode
10-29 14:45:17.380 16641 16779 W unknown:ViewManagerPropertyUpdater: Could not find generated setter for class com.horcrux.svg.RenderableViewManager$MarkerManager
10-29 14:45:17.381 16641 16779 W unknown:ViewManagerPropertyUpdater: Could not find generated setter for class com.horcrux.svg.RenderableViewManager$ForeignObjectManager
10-29 14:45:17.382 16641 16779 W unknown:ViewManagerPropertyUpdater: Could not find generated setter for class com.horcrux.svg.RenderableViewManager$EllipseViewManager
10-29 14:45:17.383 16641 16779 W unknown:ViewManagerPropertyUpdater: Could not find generated setter for class com.horcrux.svg.RenderableViewManager$LineViewManager
10-29 14:45:17.383 16641 16779 W unknown:ViewManagerPropertyUpdater: Could not find generated setter for class com.horcrux.svg.RenderableViewManager$LinearGradientManager
10-29 14:45:17.384 16641 16779 W unknown:ViewManagerPropertyUpdater: Could not find generated setter for class com.horcrux.svg.RenderableViewManager$GroupViewManager
10-29 14:45:17.384 16641 16779 W unknown:ViewManagerPropertyUpdater: Could not find generated setter for class com.horcrux.svg.RenderableViewManager$TextViewManager
10-29 14:45:17.385 16641 16779 W unknown:ViewManagerPropertyUpdater: Could not find generated setter for class com.horcrux.svg.RenderableViewManager$ImageViewManager
10-29 14:45:17.385 16641 16779 W unknown:ViewManagerPropertyUpdater: Could not find generated setter for class com.horcrux.svg.RenderableViewManager$ClipPathViewManager
10-29 14:45:17.386 16641 16779 W unknown:ViewManagerPropertyUpdater: Could not find generated setter for class com.horcrux.svg.RenderableViewManager$RadialGradientManager
10-29 14:45:17.386 16641 16779 W unknown:ViewManagerPropertyUpdater: Could not find generated setter for class com.horcrux.svg.RenderableViewManager$MaskManager
10-29 14:45:17.387 16641 16779 W unknown:ViewManagerPropertyUpdater: Could not find generated setter for class com.horcrux.svg.RenderableViewManager$SymbolManager
10-29 14:45:17.387 16641 16779 W unknown:ViewManagerPropertyUpdater: Could not find generated setter for class com.horcrux.svg.RenderableViewManager$PatternManager
10-29 14:45:17.388 16641 16779 W unknown:ViewManagerPropertyUpdater: Could not find generated setter for class com.horcrux.svg.RenderableViewManager$RectViewManager
10-29 14:45:17.389 16641 16779 W unknown:ViewManagerPropertyUpdater: Could not find generated setter for class com.horcrux.svg.RenderableViewManager$TextPathViewManager
10-29 14:45:17.390 16641 16779 W unknown:ViewManagerPropertyUpdater: Could not find generated setter for class com.horcrux.svg.SvgViewManager
10-29 14:45:17.391 16641 16779 W unknown:ViewManagerPropertyUpdater: Could not find generated setter for class com.horcrux.svg.RenderableViewManager$PathViewManager
10-29 14:45:17.391 16641 16779 W unknown:ViewManagerPropertyUpdater: Could not find generated setter for class com.horcrux.svg.RenderableViewManager$UseViewManager
10-29 14:45:17.392 16641 16779 W unknown:ViewManagerPropertyUpdater: Could not find generated setter for class com.horcrux.svg.RenderableViewManager$CircleViewManager
10-29 14:45:17.392 16641 16779 W unknown:ViewManagerPropertyUpdater: Could not find generated setter for class com.horcrux.svg.RenderableViewManager$TSpanViewManager
10-29 14:45:17.425 16641 16778 V SoLoader: libexpo-modules-core.so not found on /data/app/~~OauX-ikmsjEHwQiPHd4xew==/com.a1taxi.driverpro-yOTM-ubtCbmput9a5K_nQA==/lib/arm64
10-29 14:45:17.427 16641 16778 V SoLoader: libreact_nativemodule_core.so not found on /data/app/~~OauX-ikmsjEHwQiPHd4xew==/com.a1taxi.driverpro-yOTM-ubtCbmput9a5K_nQA==/lib/arm64
10-29 14:45:17.431 16641 16778 D nativeloader: Load /data/app/~~OauX-ikmsjEHwQiPHd4xew==/com.a1taxi.driverpro-yOTM-ubtCbmput9a5K_nQA==/base.apk!/lib/arm64-v8a/libreact_nativemodule_core.so using class loader ns clns-7 (caller=/data/app/~~OauX-ikmsjEHwQiPHd4xew==/com.a1taxi.driverpro-yOTM-ubtCbmput9a5K_nQA==/base.apk): ok
10-29 14:45:17.431 16641 16778 D SoLoader: libreact_nativemodule_core.so found on /data/app/~~OauX-ikmsjEHwQiPHd4xew==/com.a1taxi.driverpro-yOTM-ubtCbmput9a5K_nQA==/base.apk!/lib/arm64-v8a
10-29 14:45:17.433 16641 16778 D nativeloader: Load /data/app/~~OauX-ikmsjEHwQiPHd4xew==/com.a1taxi.driverpro-yOTM-ubtCbmput9a5K_nQA==/base.apk!/lib/arm64-v8a/libexpo-modules-core.so using class loader ns clns-7 (caller=/data/app/~~OauX-ikmsjEHwQiPHd4xew==/com.a1taxi.driverpro-yOTM-ubtCbmput9a5K_nQA==/base.apk): ok
10-29 14:45:17.434 16641 16778 D SoLoader: libexpo-modules-core.so found on /data/app/~~OauX-ikmsjEHwQiPHd4xew==/com.a1taxi.driverpro-yOTM-ubtCbmput9a5K_nQA==/base.apk!/lib/arm64-v8a
10-29 14:45:17.434 16641 16778 V SoLoader: libturbomodulejsijni.so not found on /data/app/~~OauX-ikmsjEHwQiPHd4xew==/com.a1taxi.driverpro-yOTM-ubtCbmput9a5K_nQA==/lib/arm64
10-29 14:45:17.439 16641 16778 D nativeloader: Load /data/app/~~OauX-ikmsjEHwQiPHd4xew==/com.a1taxi.driverpro-yOTM-ubtCbmput9a5K_nQA==/base.apk!/lib/arm64-v8a/libturbomodulejsijni.so using class loader ns clns-7 (caller=/data/app/~~OauX-ikmsjEHwQiPHd4xew==/com.a1taxi.driverpro-yOTM-ubtCbmput9a5K_nQA==/base.apk): ok
10-29 14:45:17.439 16641 16778 D SoLoader: libturbomodulejsijni.so found on /data/app/~~OauX-ikmsjEHwQiPHd4xew==/com.a1taxi.driverpro-yOTM-ubtCbmput9a5K_nQA==/base.apk!/lib/arm64-v8a
10-29 14:45:17.444 16641 16778 I ExpoModulesCore:  JSI interop was installed
10-29 14:45:17.444 16641 16778 W ExpoModulesCore:  JSI interop was already installed
10-29 14:45:17.451 16641 16778 I ExpoModulesCore:  Constants were exported
10-29 14:45:17.475 16641 16778 D nativeloader: Load /data/app/~~OauX-ikmsjEHwQiPHd4xew==/com.a1taxi.driverpro-yOTM-ubtCbmput9a5K_nQA==/base.apk!/lib/arm64-v8a/librnscreens.so using class loader ns clns-7 (caller=/data/app/~~OauX-ikmsjEHwQiPHd4xew==/com.a1taxi.driverpro-yOTM-ubtCbmput9a5K_nQA==/base.apk!classes3.dex): ok
10-29 14:45:17.478 16641 16778 I ReactNativeJS: Running "main
10-29 14:45:17.483 16641 16778 V SoLoader: libreactnativeblob.so not found on /data/app/~~OauX-ikmsjEHwQiPHd4xew==/com.a1taxi.driverpro-yOTM-ubtCbmput9a5K_nQA==/lib/arm64
10-29 14:45:17.488 16641 16778 D nativeloader: Load /data/app/~~OauX-ikmsjEHwQiPHd4xew==/com.a1taxi.driverpro-yOTM-ubtCbmput9a5K_nQA==/base.apk!/lib/arm64-v8a/libreactnativeblob.so using class loader ns clns-7 (caller=/data/app/~~OauX-ikmsjEHwQiPHd4xew==/com.a1taxi.driverpro-yOTM-ubtCbmput9a5K_nQA==/base.apk): ok
10-29 14:45:17.488 16641 16778 D SoLoader: libreactnativeblob.so found on /data/app/~~OauX-ikmsjEHwQiPHd4xew==/com.a1taxi.driverpro-yOTM-ubtCbmput9a5K_nQA==/base.apk!/lib/arm64-v8a
10-29 14:45:17.491 16641 16778 I ReactNativeJS: 'Supabase Config:', { hasUrl: true,
10-29 14:45:17.491 16641 16778 I ReactNativeJS:   hasAnonKey: true,
10-29 14:45:17.491 16641 16778 I ReactNativeJS:   url: 'https://whubaypabojomdyfqxcf.supabase.co' }
10-29 14:45:17.611 16641 16778 I ReactNativeJS:  TripLocationTracker: Background task registered
10-29 14:45:17.613 16641 16778 E ReactNativeJS: TypeError: undefined is not a function, js engine: hermes
10-29 14:45:17.615 16641 16778 E ReactNativeJS: TypeError: undefined is not a function, js engine: hermes
10-29 14:45:17.615 16641 16778 E ReactNativeJS: TypeError: Cannot read property 'ErrorBoundary' of undefined
10-29 14:45:17.615 16641 16778 E ReactNativeJS: 
10-29 14:45:17.615 16641 16778 E ReactNativeJS: This error is located at:
10-29 14:45:17.615 16641 16778 E ReactNativeJS:     in ContextNavigator
10-29 14:45:17.615 16641 16778 E ReactNativeJS:     in ExpoRoot
10-29 14:45:17.615 16641 16778 E ReactNativeJS:     in App
10-29 14:45:17.615 16641 16778 E ReactNativeJS:     in RCTView
10-29 14:45:17.615 16641 16778 E ReactNativeJS:     in Unknown
10-29 14:45:17.615 16641 16778 E ReactNativeJS:     in AppContainer, js engine: hermes
10-29 14:45:17.616 16641 16778 E ReactNativeJS: TypeError: Cannot read property 'ErrorBoundary' of undefined
10-29 14:45:17.616 16641 16778 E ReactNativeJS: 
10-29 14:45:17.616 16641 16778 E ReactNativeJS: This error is located at:
10-29 14:45:17.616 16641 16778 E ReactNativeJS:     in ContextNavigator
10-29 14:45:17.616 16641 16778 E ReactNativeJS:     in ExpoRoot
10-29 14:45:17.616 16641 16778 E ReactNativeJS:     in App
10-29 14:45:17.616 16641 16778 E ReactNativeJS:     in RCTView
10-29 14:45:17.616 16641 16778 E ReactNativeJS:     in Unknown
10-29 14:45:17.616 16641 16778 E ReactNativeJS:     in AppContainer, js engine: hermes
10-29 14:45:17.618 16641 16779 E AndroidRuntime: FATAL EXCEPTION: mqt_native_modules
10-29 14:45:17.618 16641 16779 E AndroidRuntime: Process: com.a1taxi.driverpro, PID: 16641
10-29 14:45:17.618 16641 16779 E AndroidRuntime: com.facebook.react.common.JavascriptException: TypeError: undefined is not a function, js engine: hermes, stack:
10-29 14:45:17.618 16641 16779 E AndroidRuntime: anonymous@1:2548679
10-29 14:45:17.618 16641 16779 E AndroidRuntime: loadModuleImplementation@1:92788
10-29 14:45:17.618 16641 16779 E AndroidRuntime: guardedLoadModule@1:92318
10-29 14:45:17.618 16641 16779 E AndroidRuntime: metroRequire@1:91948
10-29 14:45:17.618 16641 16779 E AndroidRuntime: anonymous@1:2544987
10-29 14:45:17.618 16641 16779 E AndroidRuntime: loadModuleImplementation@1:92788
10-29 14:45:17.618 16641 16779 E AndroidRuntime: guardedLoadModule@1:92275
10-29 14:45:17.618 16641 16779 E AndroidRuntime: metroRequire@1:91948
10-29 14:45:17.618 16641 16779 E AndroidRuntime: get@1:704383
10-29 14:45:17.618 16641 16779 E AndroidRuntime: metroContext@1:704088
10-29 14:45:17.618 16641 16779 E AndroidRuntime: loadRoute@1:933407
10-29 14:45:17.618 16641 16779 E AndroidRuntime: getLayoutNode@1:935475
10-29 14:45:17.618 16641 16779 E AndroidRuntime: _loop@1:933305
10-29 14:45:17.618 16641 16779 E AndroidRuntime: getDirectoryTree@1:932443
10-29 14:45:17.618 16641 16779 E AndroidRuntime: getRoutes@1:932152
10-29 14:45:17.618 16641 16779 E AndroidRuntime: getRoutes@1:931380
10-29 14:45:17.618 16641 16779 E AndroidRuntime: initialize@1:906463
10-29 14:45:17.618 16641 16779 E AndroidRuntime: anonymous@1:905068
10-29 14:45:17.618 16641 16779 E AndroidRuntime: useMemo@1:427180
10-29 14:45:17.618 16641 16779 E AndroidRuntime: anonymous@1:216470
10-29 14:45:17.618 16641 16779 E AndroidRuntime: useInitializeExpoRouter@1:905008
10-29 14:45:17.618 16641 16779 E AndroidRuntime: ContextNavigator@1:948340
10-29 14:45:17.618 16641 16779 E AndroidRuntime: renderWithHooks@1:382872
10-29 14:45:17.618 16641 16779 E AndroidRuntime: beginWork@1:430869
10-29 14:45:17.618 16641 16779 E AndroidRuntime: performUnitOfWork@1:417168
10-29 14:45:17.618 16641 16779 E AndroidRuntime: workLoopSync@1:416298
10-29 14:45:17.618 16641 16779 E AndroidRuntime: renderRootSync@1:416129
10-29 14:45:17.618 16641 16779 E AndroidRuntime: flushSyncWorkAcrossRoots_impl@1:372563
10-29 14:45:17.618 16641 16779 E AndroidRuntime: scheduleUpdateOnFiber@1:413634
10-29 14:45:17.618 16641 16779 E AndroidRuntime: updateContainer@1:422756
10-29 14:45:17.618 16641 16779 E AndroidRuntime: anonymous@1:431861
10-29 14:45:17.618 16641 16779 E AndroidRuntime: renderElement@1:250306
10-29 14:45:17.618 16641 16779 E AndroidRuntime: renderApplication@1:211665
10-29 14:45:17.618 16641 16779 E AndroidRuntime: anonymous@1:203533
10-29 14:45:17.618 16641 16779 E AndroidRuntime: runApplication@1:203958
10-29 14:45:17.618 16641 16779 E AndroidRuntime: __callFunction@1:111349
10-29 14:45:17.618 16641 16779 E AndroidRuntime: anonymous@1:109791
10-29 14:45:17.618 16641 16779 E AndroidRuntime: __guard@1:110731
10-29 14:45:17.618 16641 16779 E AndroidRuntime: callFunctionReturnFlushedQueue@1:109749
10-29 14:45:17.618 16641 16779 E AndroidRuntime: 
10-29 14:45:17.618 16641 16779 E AndroidRuntime: 	at com.facebook.react.modules.core.ExceptionsManagerModule.reportException(ExceptionsManagerModule.java:65)
10-29 14:45:17.618 16641 16779 E AndroidRuntime: 	at java.lang.reflect.Method.invoke(Native Method)
10-29 14:45:17.618 16641 16779 E AndroidRuntime: 	at com.facebook.react.bridge.JavaMethodWrapper.invoke(JavaMethodWrapper.java:372)
10-29 14:45:17.618 16641 16779 E AndroidRuntime: 	at com.facebook.react.bridge.JavaModuleWrapper.invoke(JavaModuleWrapper.java:146)
10-29 14:45:17.618 16641 16779 E AndroidRuntime: 	at com.facebook.jni.NativeRunnable.run(Native Method)
10-29 14:45:17.618 16641 16779 E AndroidRuntime: 	at android.os.Handler.handleCallback(Handler.java:1014)
10-29 14:45:17.618 16641 16779 E AndroidRuntime: 	at android.os.Handler.dispatchMessage(Handler.java:102)
10-29 14:45:17.618 16641 16779 E AndroidRuntime: 	at com.facebook.react.bridge.queue.MessageQueueThreadHandler.dispatchMessage(MessageQueueThreadHandler.java:27)
10-29 14:45:17.618 16641 16779 E AndroidRuntime: 	at android.os.Looper.loopOnce(Looper.java:250)
10-29 14:45:17.618 16641 16779 E AndroidRuntime: 	at android.os.Looper.loop(Looper.java:340)
10-29 14:45:17.618 16641 16779 E AndroidRuntime: 	at com.facebook.react.bridge.queue.MessageQueueThreadImpl$4.run(MessageQueueThreadImpl.java:233)
10-29 14:45:17.618 16641 16779 E AndroidRuntime: 	at java.lang.Thread.run(Thread.java:1119)
10-29 14:45:17.641 16641 16779 I Process : Sending signal. PID: 16641 SIG: 9
10-29 14:45:17.765 18285 18285 I GoogleInputMethodService: GoogleInputMethodService.onFinishInput():2086 
10-29 14:45:17.766 18285 18285 I Module  : DeviceLockedStatusModuleProvider$Module.updateDeviceLockedStatus():103 repeatCheckTimes = 0, locked = false
10-29 14:45:17.766 18285 18285 I GoogleInputMethodService: GoogleInputMethodService.onStartInput():1347 onStartInput(EditorInfo{EditorInfo{packageName=com.android.launcher3, inputType=0, inputTypeString=NULL, enableLearning=false, autoCorrection=false, autoComplete=false, imeOptions=0, privateImeOptions=null, actionName=UNSPECIFIED, actionLabel=null, initialSelStart=-1, initialSelEnd=-1, initialCapsMode=0, label=null, fieldId=0, fieldName=null, extras=null, hintText=null, hintLocales=[]}}, false)
10-29 14:45:17.767 18285 18285 I Module  : DeviceLockedStatusModuleProvider$Module.updateDeviceLockedStatus():103 repeatCheckTimes = 1, locked = false
10-29 14:45:19.830 15129 15129 I artd    : GetBestInfo: odex next to the dex file (/data/app/~~OauX-ikmsjEHwQiPHd4xew==/com.a1taxi.driverpro-yOTM-ubtCbmput9a5K_nQA==/oat/arm64/base.odex) is kOatUpToDate with filter 'speed-profile' executable 'false'
10-29 14:45:20.226  1870  1976 I ActivityTaskManager: Displayed com.a1taxi.driverpro/.MainActivity for user 0: +278ms
10-29 14:45:20.244 18285 18285 I GoogleInputMethodService: GoogleInputMethodService.onFinishInput():2086 
10-29 14:45:20.245 18285 18285 I Module  : DeviceLockedStatusModuleProvider$Module.updateDeviceLockedStatus():103 repeatCheckTimes = 0, locked = false
10-29 14:45:20.245 18285 18285 I GoogleInputMethodService: GoogleInputMethodService.onStartInput():1347 onStartInput(EditorInfo{EditorInfo{packageName=com.a1taxi.driverpro, inputType=0, inputTypeString=NULL, enableLearning=false, autoCorrection=false, autoComplete=false, imeOptions=0, privateImeOptions=null, actionName=UNSPECIFIED, actionLabel=null, initialSelStart=-1, initialSelEnd=-1, initialCapsMode=0, label=null, fieldId=0, fieldName=null, extras=null, hintText=null, hintLocales=[]}}, false)
10-29 14:45:20.246 18285 18285 I Module  : DeviceLockedStatusModuleProvider$Module.updateDeviceLockedStatus():103 repeatCheckTimes = 1, locked = false
10-29 14:45:20.472 16721 16859 E AndroidRuntime: FATAL EXCEPTION: mqt_native_modules
10-29 14:45:20.472 16721 16859 E AndroidRuntime: Process: com.a1taxi.driverpro, PID: 16721
10-29 14:45:20.472 16721 16859 E AndroidRuntime: com.facebook.react.common.JavascriptException: TypeError: undefined is not a function, js engine: hermes, stack:
10-29 14:45:20.472 16721 16859 E AndroidRuntime: anonymous@1:2548679
10-29 14:45:20.472 16721 16859 E AndroidRuntime: loadModuleImplementation@1:92788
10-29 14:45:20.472 16721 16859 E AndroidRuntime: guardedLoadModule@1:92318
10-29 14:45:20.472 16721 16859 E AndroidRuntime: metroRequire@1:91948
10-29 14:45:20.472 16721 16859 E AndroidRuntime: anonymous@1:2544987
10-29 14:45:20.472 16721 16859 E AndroidRuntime: loadModuleImplementation@1:92788
10-29 14:45:20.472 16721 16859 E AndroidRuntime: guardedLoadModule@1:92275
10-29 14:45:20.472 16721 16859 E AndroidRuntime: metroRequire@1:91948
10-29 14:45:20.472 16721 16859 E AndroidRuntime: get@1:704383
10-29 14:45:20.472 16721 16859 E AndroidRuntime: metroContext@1:704088
10-29 14:45:20.472 16721 16859 E AndroidRuntime: loadRoute@1:933407
10-29 14:45:20.472 16721 16859 E AndroidRuntime: getLayoutNode@1:935475
10-29 14:45:20.472 16721 16859 E AndroidRuntime: _loop@1:933305
10-29 14:45:20.472 16721 16859 E AndroidRuntime: getDirectoryTree@1:932443
10-29 14:45:20.472 16721 16859 E AndroidRuntime: getRoutes@1:932152
10-29 14:45:20.472 16721 16859 E AndroidRuntime: getRoutes@1:931380
10-29 14:45:20.472 16721 16859 E AndroidRuntime: initialize@1:906463
10-29 14:45:20.472 16721 16859 E AndroidRuntime: anonymous@1:905068
10-29 14:45:20.472 16721 16859 E AndroidRuntime: useMemo@1:427180
10-29 14:45:20.472 16721 16859 E AndroidRuntime: anonymous@1:216470
10-29 14:45:20.472 16721 16859 E AndroidRuntime: useInitializeExpoRouter@1:905008
10-29 14:45:20.472 16721 16859 E AndroidRuntime: ContextNavigator@1:948340
10-29 14:45:20.472 16721 16859 E AndroidRuntime: renderWithHooks@1:382872
10-29 14:45:20.472 16721 16859 E AndroidRuntime: beginWork@1:430869
10-29 14:45:20.472 16721 16859 E AndroidRuntime: performUnitOfWork@1:417168
10-29 14:45:20.472 16721 16859 E AndroidRuntime: workLoopSync@1:416298
10-29 14:45:20.472 16721 16859 E AndroidRuntime: renderRootSync@1:416129
10-29 14:45:20.472 16721 16859 E AndroidRuntime: flushSyncWorkAcrossRoots_impl@1:372563
10-29 14:45:20.472 16721 16859 E AndroidRuntime: scheduleUpdateOnFiber@1:413634
10-29 14:45:20.472 16721 16859 E AndroidRuntime: updateContainer@1:422756
10-29 14:45:20.472 16721 16859 E AndroidRuntime: anonymous@1:431861
10-29 14:45:20.472 16721 16859 E AndroidRuntime: renderElement@1:250306
10-29 14:45:20.472 16721 16859 E AndroidRuntime: renderApplication@1:211665
10-29 14:45:20.472 16721 16859 E AndroidRuntime: anonymous@1:203533
10-29 14:45:20.472 16721 16859 E AndroidRuntime: runApplication@1:203958
10-29 14:45:20.472 16721 16859 E AndroidRuntime: __callFunction@1:111349
10-29 14:45:20.472 16721 16859 E AndroidRuntime: anonymous@1:109791
10-29 14:45:20.472 16721 16859 E AndroidRuntime: __guard@1:110731
10-29 14:45:20.472 16721 16859 E AndroidRuntime: callFunctionReturnFlushedQueue@1:109749
10-29 14:45:20.472 16721 16859 E AndroidRuntime: 
10-29 14:45:20.472 16721 16859 E AndroidRuntime: 	at com.facebook.react.modules.core.ExceptionsManagerModule.reportException(ExceptionsManagerModule.java:65)
10-29 14:45:20.472 16721 16859 E AndroidRuntime: 	at java.lang.reflect.Method.invoke(Native Method)
10-29 14:45:20.472 16721 16859 E AndroidRuntime: 	at com.facebook.react.bridge.JavaMethodWrapper.invoke(JavaMethodWrapper.java:372)
10-29 14:45:20.472 16721 16859 E AndroidRuntime: 	at com.facebook.react.bridge.JavaModuleWrapper.invoke(JavaModuleWrapper.java:146)
10-29 14:45:20.472 16721 16859 E AndroidRuntime: 	at com.facebook.jni.NativeRunnable.run(Native Method)
10-29 14:45:20.472 16721 16859 E AndroidRuntime: 	at android.os.Handler.handleCallback(Handler.java:1014)
10-29 14:45:20.472 16721 16859 E AndroidRuntime: 	at android.os.Handler.dispatchMessage(Handler.java:102)
10-29 14:45:20.472 16721 16859 E AndroidRuntime: 	at com.facebook.react.bridge.queue.MessageQueueThreadHandler.dispatchMessage(MessageQueueThreadHandler.java:27)
10-29 14:45:20.472 16721 16859 E AndroidRuntime: 	at android.os.Looper.loopOnce(Looper.java:250)
10-29 14:45:20.472 16721 16859 E AndroidRuntime: 	at android.os.Looper.loop(Looper.java:340)
10-29 14:45:20.472 16721 16859 E AndroidRuntime: 	at com.facebook.react.bridge.queue.MessageQueueThreadImpl$4.run(MessageQueueThreadImpl.java:233)
10-29 14:45:20.472 16721 16859 E AndroidRuntime: 	at java.lang.Thread.run(Thread.java:1119)
10-29 14:45:20.519 18285 18285 I GoogleInputMethodService: GoogleInputMethodService.onFinishInput():2086 
10-29 14:45:20.520 18285 18285 I Module  : DeviceLockedStatusModuleProvider$Module.updateDeviceLockedStatus():103 repeatCheckTimes = 0, locked = false
10-29 14:45:20.520 18285 18285 I GoogleInputMethodService: GoogleInputMethodService.onStartInput():1347 onStartInput(EditorInfo{EditorInfo{packageName=com.android.launcher3, inputType=0, inputTypeString=NULL, enableLearning=false, autoCorrection=false, autoComplete=false, imeOptions=0, privateImeOptions=null, actionName=UNSPECIFIED, actionLabel=null, initialSelStart=-1, initialSelEnd=-1, initialCapsMode=0, label=null, fieldId=0, fieldName=null, extras=null, hintText=null, hintLocales=[]}}, false)
10-29 14:45:20.521 18285 18285 I Module  : DeviceLockedStatusModuleProvider$Module.updateDeviceLockedStatus():103 repeatCheckTimes = 1, locked = false
10-29 14:45:21.139  5720  5865 D SQLiteQueryBuilder: SELECT _id, _data, _size, date_modified, bucket_id, orientation, datetaken FROM images WHERE ((((is_pending=0 AND NOT _modifier=4) OR (is_pending=1 AND lower(_data) NOT REGEXP '.*/\.pending-(\d+)-([^/]+)$' AND owner_package_name IN ( 'com.vivo.gallery' , 'com.vivo.widget.gallery' )))) AND (is_trashed=0) AND (volume_name IN ( 'external_primary' ))) AND (( bucket_id IN ( -1212198981, -1695567127, -53910322, -2140495773, 606811175, 1251957395, 1115488879, 1092149518, 390907738, -1694063856, -803954635, -1690180765, -1816304744, 911081060, -1291404494, -1285319851, -651554454, 151630153, 543621159, -2002206485, 73761835, -1760112825, -71543827, -302991967, -1227671927, -156420408, -1516374533, 1829735780, -1450708494, -506316380, -1341114264, 1114833418, 1152093397, -1733679058, -2131021710, -680697881, 2084439217, -2024679488, -1447456465, 700805465, 991906690, 1345966226, 657155968, 1266435012, -1966306697, -1897284014, -1949680778, 434583847, 990381004, -1526850504, -1612742889, -1273942824, -1004938028, 331203438, 708879003, 255899559, -528275350, -602893060, -1055518229, 545491069, -1716401999, 668104411, -1118657469, 1040014575, 849662899, -174887798, -1292465169, 1101584562, -613830029, -1577375515, -1628155945, -1033534650, -328196774, -2071947861, 805181138, -1104308479, 181789691, 619245019, 616142335, -1829889111, -1578944343, -1809455754, 1690766750, -793566743, 272894235, -435605656, -1858432929, -792464988, -434569360, -1462931038, -879973635, 65759896, -924335728, -1809287853, 1755148769, -223571158, 2126348076, 48382832, 700217390, 630412299, 183872366, 1059985074, -1806957104, -1641691205, -571335571, 1519174419, 1036004452, -2031220924, -1537104433, 1829930144, -745596364, -8122821, 1366741172, 1548299660, 1674287630, -1535937100, 13148420, 1909659649, 264986155, -9482612, 13005089, -2089205090, -1022498075, -919133986, -884178250, -1422443828, -670014994, -2121027476, 2020100714, 489993, 448544941, -2101462868, -261299595, 1172023232, 1278178828, -607125002, -856420653, -1973993346, 1498690426, -1527464249, -1945110980, 395625896, 1909316592, 569711560, -1686988495, 1763470175, -1488038648, 2113906615, -550734493, 85651275, -1964037955, 428383196, -1949793892, 1136101865, 2018234913, -18391924, 1490911920, -884178653, -1170470833, -1215953411, 1077477957, -1198914825, 1461775709, -643464410, 1900774339, 1272506704, -485246563, 1960476238, -1291404897, -1950041765, 1664549270, 2070856141, 1220790880, 359301071, 278762032, 470519460, -924530092, -1382559966, 904275793, 1298630565, 1186223222, -519179321, 232691476, -1684913851, -750954006, 83641895, 1145800364, -2012790048, 1286776387, 397907126, 1330064451, -1804177550, -1809174739, 174397812, 2043613916, -675937132, 1736146008, -1702973091, -1184968074, 1502601919, 1574223589, 445258174, -1682700158, -351293385, 638217523, 2052700512, 949947357, -1318309340, 616722321, -1406249091, 656868479, -402361508, -1410236246, -1193446467, -1415689986, -1935708161, 1786892787, -2041971395, -1087402833, -1809045590, 658433208, 1208185747, 761624307, 250774884, 12344107, -1415495622, 35166595, -175675851, 912551383, -1432612566, 39258592, -131644514, -1950760957, -1022555983, -1656404229, -731336746, 1106324018, 1962141495, -643270046, 133162019, -2075879543, 945165185, -1572118126, 1746875333, -2129001792, -1739773001, -214169408, 1354535744, -1551292529, 581197485, 1732723533, 1456888538, -1448813142, 13311172, -1569520032, -1527994117, 348164313, 1631149349, -242606674, -1914187326, -1445556762, 211087524, -219150656, -1422672119, -1530754818, -1171388910, -2072752055, -1325148867, 361712075, -1730634595, -340891674, 1407102871, 53870456, -508660256, 2028258487, -815228101, -1694937425, -519178918, 1561178453, -1131671344, 1431320847, 2046578077, -781677303, 1291266200, 848578299, -1972390376, -978314959, -1319727662, 943502520, 1028125135, -175466238, 1195992005, 1920382715, 2108277051, 443703009, 675671268, 263662367, -347572232, 183545411, 1450478273, -1879659704, 1957916785, 1976953110, -1157253172, -1407948598, 
10-29 14:45:21.147  5720  5865 D SQLiteQueryBuilder: SELECT _id FROM video WHERE ((((is_pending=0 AND NOT _modifier=4) OR (is_pending=1 AND lower(_data) NOT REGEXP '.*/\.pending-(\d+)-([^/]+)$' AND owner_package_name IN ( 'com.vivo.gallery' , 'com.vivo.widget.gallery' )))) AND (is_trashed=0) AND (volume_name IN ( 'external_primary' ))) AND (((width > 0 AND height > 0))) ORDER BY _id asc
10-29 14:45:21.406  5720  5734 D SQLiteQueryBuilder: SELECT _id, _data, bucket_id, orientation, datetaken FROM images WHERE ((((is_pending=0 AND NOT _modifier=4) OR (is_pending=1 AND lower(_data) NOT REGEXP '.*/\.pending-(\d+)-([^/]+)$' AND owner_package_name IN ( 'com.vivo.gallery' , 'com.vivo.widget.gallery' )))) AND (is_trashed=0) AND (volume_name IN ( 'external_primary' ))) AND (((group_id = 0 OR group_id is null OR _id IN (1000011337, 1000011549)) AND (width > 0 AND height > 0))) ORDER BY _id DESC  LIMIT 5000 OFFSET 0
10-29 14:45:21.437  5720  5734 D SQLiteQueryBuilder: SELECT _id, _data, bucket_id, orientation, datetaken FROM images WHERE ((((is_pending=0 AND NOT _modifier=4) OR (is_pending=1 AND lower(_data) NOT REGEXP '.*/\.pending-(\d+)-([^/]+)$' AND owner_package_name IN ( 'com.vivo.gallery' , 'com.vivo.widget.gallery' )))) AND (is_trashed=0) AND (volume_name IN ( 'external_primary' ))) AND (((group_id = 0 OR group_id is null OR _id IN (1000011337, 1000011549)) AND (width > 0 AND height > 0))) ORDER BY _id DESC  LIMIT 5000 OFFSET 5000
10-29 14:45:21.650 15129 15129 I artd    : GetBestInfo: odex next to the dex file (/data/app/~~OauX-ikmsjEHwQiPHd4xew==/com.a1taxi.driverpro-yOTM-ubtCbmput9a5K_nQA==/oat/arm64/base.odex) is kOatUpToDate with filter 'speed-profile' executable 'false'
10-29 14:45:21.656 16812 16812 I 1taxi.driverpro: Using CollectorTypeCC GC.
10-29 14:45:21.662 16812 16812 E 1taxi.driverpro: Not starting debugger since process cannot load the jdwp agent.
10-29 14:45:21.664 16812 16812 D nativeloader: Load libframework-connectivity-tiramisu-jni.so using APEX ns com_android_tethering for caller /apex/com.android.tethering/javalib/framework-connectivity-t.jar: ok
10-29 14:45:21.676 16812 16812 E 1taxi.driverpro: BBinder_init Processname  <pre-initialized>  
10-29 14:45:21.676 16812 16812 E 1taxi.driverpro: BBinder_init hasGetProcessName  <pre-initialized>
10-29 14:45:21.691 16812 16812 D CompatChangeReporter: Compat change id reported: 242716250; UID 10578; state: ENABLED
10-29 14:45:21.699 16812 16812 D ApplicationLoaders: Returning zygote-cached class loader: /system/framework/org.apache.http.legacy.jar
10-29 14:45:21.703 16812 16812 D nativeloader: Configuring clns-7 for other apk /data/app/~~OauX-ikmsjEHwQiPHd4xew==/com.a1taxi.driverpro-yOTM-ubtCbmput9a5K_nQA==/base.apk. target_sdk_version=34, uses_libraries=, library_path=/data/app/~~OauX-ikmsjEHwQiPHd4xew==/com.a1taxi.driverpro-yOTM-ubtCbmput9a5K_nQA==/lib/arm64:/data/app/~~OauX-ikmsjEHwQiPHd4xew==/com.a1taxi.driverpro-yOTM-ubtCbmput9a5K_nQA==/base.apk!/lib/arm64-v8a, permitted_path=/data:/mnt/expand:/data/user/0/com.a1taxi.driverpro
10-29 14:45:21.715 16812 16812 V GraphicsEnvironment: Currently set values for:
10-29 14:45:21.716 16812 16812 V GraphicsEnvironment:   angle_gl_driver_selection_pkgs=[com.android.angle, com.linecorp.b612.android, com.campmobile.snow, com.google.android.apps.tachyon]
10-29 14:45:21.716 16812 16812 V GraphicsEnvironment:   angle_gl_driver_selection_values=[angle, native, native, native]
10-29 14:45:21.716 16812 16812 V GraphicsEnvironment: com.a1taxi.driverpro is not listed in per-application setting
10-29 14:45:21.716 16812 16812 V GraphicsEnvironment: App is not on the allowlist for updatable production driver.
10-29 14:45:21.733 16812 16812 W FirebaseApp: Default FirebaseApp failed to initialize because no default options were found. This usually means that com.google.gms:google-services was not applied to your gradle project.
10-29 14:45:21.733 16812 16812 I FirebaseInitProvider: FirebaseApp initialization unsuccessful
10-29 14:45:21.735 16812 16812 D WM-WrkMgrInitializer: Initializing WorkManager with default configuration.
10-29 14:45:21.744 16812 16812 V SoLoader: Init SoLoader delegate
10-29 14:45:21.763 16812 16812 D AppCompatDelegate: Checking for metadata for AppLocalesMetadataHolderService : Service not found
10-29 14:45:21.796 16812 16812 V SoLoader: libhermes.so not found on /data/app/~~OauX-ikmsjEHwQiPHd4xew==/com.a1taxi.driverpro-yOTM-ubtCbmput9a5K_nQA==/lib/arm64
10-29 14:45:21.798 16812 16812 V SoLoader: libjsi.so not found on /data/app/~~OauX-ikmsjEHwQiPHd4xew==/com.a1taxi.driverpro-yOTM-ubtCbmput9a5K_nQA==/lib/arm64
10-29 14:45:21.799 16812 16812 V SoLoader: libfolly_runtime.so not found on /data/app/~~OauX-ikmsjEHwQiPHd4xew==/com.a1taxi.driverpro-yOTM-ubtCbmput9a5K_nQA==/lib/arm64
10-29 14:45:21.800 16812 16812 V SoLoader: libglog.so not found on /data/app/~~OauX-ikmsjEHwQiPHd4xew==/com.a1taxi.driverpro-yOTM-ubtCbmput9a5K_nQA==/lib/arm64
10-29 14:45:21.801 16812 16812 V SoLoader: libm.so not found on /data/app/~~OauX-ikmsjEHwQiPHd4xew==/com.a1taxi.driverpro-yOTM-ubtCbmput9a5K_nQA==/lib/arm64
10-29 14:45:21.801 16812 16812 V SoLoader: libm.so not found on /data/app/~~OauX-ikmsjEHwQiPHd4xew==/com.a1taxi.driverpro-yOTM-ubtCbmput9a5K_nQA==/base.apk!/lib/arm64-v8a
10-29 14:45:21.801 16812 16812 D SoLoader: libm.so found on /system/lib64
10-29 14:45:21.801 16812 16812 D SoLoader: libm.so loaded implicitly
10-29 14:45:21.801 16812 16812 V SoLoader: libc++_shared.so not found on /data/app/~~OauX-ikmsjEHwQiPHd4xew==/com.a1taxi.driverpro-yOTM-ubtCbmput9a5K_nQA==/lib/arm64
10-29 14:45:21.802 16812 16812 V SoLoader: libc.so not found on /data/app/~~OauX-ikmsjEHwQiPHd4xew==/com.a1taxi.driverpro-yOTM-ubtCbmput9a5K_nQA==/lib/arm64
10-29 14:45:21.802 16812 16812 V SoLoader: libc.so not found on /data/app/~~OauX-ikmsjEHwQiPHd4xew==/com.a1taxi.driverpro-yOTM-ubtCbmput9a5K_nQA==/base.apk!/lib/arm64-v8a
10-29 14:45:21.802 16812 16812 D SoLoader: libc.so found on /system/lib64
10-29 14:45:21.802 16812 16812 D SoLoader: libc.so loaded implicitly
10-29 14:45:21.802 16812 16812 V SoLoader: libdl.so not found on /data/app/~~OauX-ikmsjEHwQiPHd4xew==/com.a1taxi.driverpro-yOTM-ubtCbmput9a5K_nQA==/lib/arm64
10-29 14:45:21.802 16812 16812 V SoLoader: libdl.so not found on /data/app/~~OauX-ikmsjEHwQiPHd4xew==/com.a1taxi.driverpro-yOTM-ubtCbmput9a5K_nQA==/base.apk!/lib/arm64-v8a
10-29 14:45:21.802 16812 16812 D SoLoader: libdl.so found on /system/lib64
10-29 14:45:21.802 16812 16812 D SoLoader: libdl.so loaded implicitly
10-29 14:45:21.804 16812 16812 D nativeloader: Load /data/app/~~OauX-ikmsjEHwQiPHd4xew==/com.a1taxi.driverpro-yOTM-ubtCbmput9a5K_nQA==/base.apk!/lib/arm64-v8a/libc++_shared.so using class loader ns clns-7 (caller=/data/app/~~OauX-ikmsjEHwQiPHd4xew==/com.a1taxi.driverpro-yOTM-ubtCbmput9a5K_nQA==/base.apk): ok
10-29 14:45:21.804 16812 16812 D SoLoader: libc++_shared.so found on /data/app/~~OauX-ikmsjEHwQiPHd4xew==/com.a1taxi.driverpro-yOTM-ubtCbmput9a5K_nQA==/base.apk!/lib/arm64-v8a
10-29 14:45:21.805 16812 16812 D nativeloader: Load /data/app/~~OauX-ikmsjEHwQiPHd4xew==/com.a1taxi.driverpro-yOTM-ubtCbmput9a5K_nQA==/base.apk!/lib/arm64-v8a/libglog.so using class loader ns clns-7 (caller=/data/app/~~OauX-ikmsjEHwQiPHd4xew==/com.a1taxi.driverpro-yOTM-ubtCbmput9a5K_nQA==/base.apk): ok
10-29 14:45:21.805 16812 16812 D SoLoader: libglog.so found on /data/app/~~OauX-ikmsjEHwQiPHd4xew==/com.a1taxi.driverpro-yOTM-ubtCbmput9a5K_nQA==/base.apk!/lib/arm64-v8a
10-29 14:45:21.806 16812 16812 D nativeloader: Load /data/app/~~OauX-ikmsjEHwQiPHd4xew==/com.a1taxi.driverpro-yOTM-ubtCbmput9a5K_nQA==/base.apk!/lib/arm64-v8a/libfolly_runtime.so using class loader ns clns-7 (caller=/data/app/~~OauX-ikmsjEHwQiPHd4xew==/com.a1taxi.driverpro-yOTM-ubtCbmput9a5K_nQA==/base.apk): ok
10-29 14:45:21.806 16812 16812 D SoLoader: libfolly_runtime.so found on /data/app/~~OauX-ikmsjEHwQiPHd4xew==/com.a1taxi.driverpro-yOTM-ubtCbmput9a5K_nQA==/base.apk!/lib/arm64-v8a
10-29 14:45:21.807 16812 16812 D nativeloader: Load /data/app/~~OauX-ikmsjEHwQiPHd4xew==/com.a1taxi.driverpro-yOTM-ubtCbmput9a5K_nQA==/base.apk!/lib/arm64-v8a/libjsi.so using class loader ns clns-7 (caller=/data/app/~~OauX-ikmsjEHwQiPHd4xew==/com.a1taxi.driverpro-yOTM-ubtCbmput9a5K_nQA==/base.apk): ok
10-29 14:45:21.807 16812 16812 D SoLoader: libjsi.so found on /data/app/~~OauX-ikmsjEHwQiPHd4xew==/com.a1taxi.driverpro-yOTM-ubtCbmput9a5K_nQA==/base.apk!/lib/arm64-v8a
10-29 14:45:21.808 16812 16812 V SoLoader: libfbjni.so not found on /data/app/~~OauX-ikmsjEHwQiPHd4xew==/com.a1taxi.driverpro-yOTM-ubtCbmput9a5K_nQA==/lib/arm64
10-29 14:45:21.809 16812 16812 V SoLoader: libandroid.so not found on /data/app/~~OauX-ikmsjEHwQiPHd4xew==/com.a1taxi.driverpro-yOTM-ubtCbmput9a5K_nQA==/lib/arm64
10-29 14:45:21.809 16812 16812 V SoLoader: libandroid.so not found on /data/app/~~OauX-ikmsjEHwQiPHd4xew==/com.a1taxi.driverpro-yOTM-ubtCbmput9a5K_nQA==/base.apk!/lib/arm64-v8a
10-29 14:45:21.809 16812 16812 D SoLoader: libandroid.so found on /system/lib64
10-29 14:45:21.809 16812 16812 D SoLoader: libandroid.so loaded implicitly
10-29 14:45:21.809 16812 16812 V SoLoader: liblog.so not found on /data/app/~~OauX-ikmsjEHwQiPHd4xew==/com.a1taxi.driverpro-yOTM-ubtCbmput9a5K_nQA==/lib/arm64
10-29 14:45:21.809 16812 16812 V SoLoader: liblog.so not found on /data/app/~~OauX-ikmsjEHwQiPHd4xew==/com.a1taxi.driverpro-yOTM-ubtCbmput9a5K_nQA==/base.apk!/lib/arm64-v8a
10-29 14:45:21.809 16812 16812 D SoLoader: liblog.so found on /system/lib64
10-29 14:45:21.809 16812 16812 D SoLoader: liblog.so loaded implicitly
10-29 14:45:21.810 16812 16812 D nativeloader: Load /data/app/~~OauX-ikmsjEHwQiPHd4xew==/com.a1taxi.driverpro-yOTM-ubtCbmput9a5K_nQA==/base.apk!/lib/arm64-v8a/libfbjni.so using class loader ns clns-7 (caller=/data/app/~~OauX-ikmsjEHwQiPHd4xew==/com.a1taxi.driverpro-yOTM-ubtCbmput9a5K_nQA==/base.apk): ok
10-29 14:45:21.811 16812 16812 D SoLoader: libfbjni.so found on /data/app/~~OauX-ikmsjEHwQiPHd4xew==/com.a1taxi.driverpro-yOTM-ubtCbmput9a5K_nQA==/base.apk!/lib/arm64-v8a
10-29 14:45:21.812 16812 16812 D nativeloader: Load /data/app/~~OauX-ikmsjEHwQiPHd4xew==/com.a1taxi.driverpro-yOTM-ubtCbmput9a5K_nQA==/base.apk!/lib/arm64-v8a/libhermes.so using class loader ns clns-7 (caller=/data/app/~~OauX-ikmsjEHwQiPHd4xew==/com.a1taxi.driverpro-yOTM-ubtCbmput9a5K_nQA==/base.apk): ok
10-29 14:45:21.812 16812 16812 D SoLoader: libhermes.so found on /data/app/~~OauX-ikmsjEHwQiPHd4xew==/com.a1taxi.driverpro-yOTM-ubtCbmput9a5K_nQA==/base.apk!/lib/arm64-v8a
10-29 14:45:21.812 16812 16812 V SoLoader: libhermes_executor.so not found on /data/app/~~OauX-ikmsjEHwQiPHd4xew==/com.a1taxi.driverpro-yOTM-ubtCbmput9a5K_nQA==/lib/arm64
10-29 14:45:21.816 16812 16812 V SoLoader: libreactnativejni.so not found on /data/app/~~OauX-ikmsjEHwQiPHd4xew==/com.a1taxi.driverpro-yOTM-ubtCbmput9a5K_nQA==/lib/arm64
10-29 14:45:21.818 16812 16812 V SoLoader: libyoga.so not found on /data/app/~~OauX-ikmsjEHwQiPHd4xew==/com.a1taxi.driverpro-yOTM-ubtCbmput9a5K_nQA==/lib/arm64
10-29 14:45:21.820 16812 16812 D nativeloader: Load /data/app/~~OauX-ikmsjEHwQiPHd4xew==/com.a1taxi.driverpro-yOTM-ubtCbmput9a5K_nQA==/base.apk!/lib/arm64-v8a/libyoga.so using class loader ns clns-7 (caller=/data/app/~~OauX-ikmsjEHwQiPHd4xew==/com.a1taxi.driverpro-yOTM-ubtCbmput9a5K_nQA==/base.apk): ok
10-29 14:45:21.820 16812 16812 D SoLoader: libyoga.so found on /data/app/~~OauX-ikmsjEHwQiPHd4xew==/com.a1taxi.driverpro-yOTM-ubtCbmput9a5K_nQA==/base.apk!/lib/arm64-v8a
10-29 14:45:21.820 16812 16812 V SoLoader: libreactperfloggerjni.so not found on /data/app/~~OauX-ikmsjEHwQiPHd4xew==/com.a1taxi.driverpro-yOTM-ubtCbmput9a5K_nQA==/lib/arm64
10-29 14:45:21.822 16812 16812 D nativeloader: Load /data/app/~~OauX-ikmsjEHwQiPHd4xew==/com.a1taxi.driverpro-yOTM-ubtCbmput9a5K_nQA==/base.apk!/lib/arm64-v8a/libreactperfloggerjni.so using class loader ns clns-7 (caller=/data/app/~~OauX-ikmsjEHwQiPHd4xew==/com.a1taxi.driverpro-yOTM-ubtCbmput9a5K_nQA==/base.apk): ok
10-29 14:45:21.822 16812 16812 D SoLoader: libreactperfloggerjni.so found on /data/app/~~OauX-ikmsjEHwQiPHd4xew==/com.a1taxi.driverpro-yOTM-ubtCbmput9a5K_nQA==/base.apk!/lib/arm64-v8a
10-29 14:45:21.822 16812 16812 V SoLoader: libreact_render_core.so not found on /data/app/~~OauX-ikmsjEHwQiPHd4xew==/com.a1taxi.driverpro-yOTM-ubtCbmput9a5K_nQA==/lib/arm64
10-29 14:45:21.824 16812 16812 V SoLoader: libreact_render_debug.so not found on /data/app/~~OauX-ikmsjEHwQiPHd4xew==/com.a1taxi.driverpro-yOTM-ubtCbmput9a5K_nQA==/lib/arm64
10-29 14:45:21.826 16812 16812 D nativeloader: Load /data/app/~~OauX-ikmsjEHwQiPHd4xew==/com.a1taxi.driverpro-yOTM-ubtCbmput9a5K_nQA==/base.apk!/lib/arm64-v8a/libreact_render_debug.so using class loader ns clns-7 (caller=/data/app/~~OauX-ikmsjEHwQiPHd4xew==/com.a1taxi.driverpro-yOTM-ubtCbmput9a5K_nQA==/base.apk): ok
10-29 14:45:21.826 16812 16812 D SoLoader: libreact_render_debug.so found on /data/app/~~OauX-ikmsjEHwQiPHd4xew==/com.a1taxi.driverpro-yOTM-ubtCbmput9a5K_nQA==/base.apk!/lib/arm64-v8a
10-29 14:45:21.826 16812 16812 V SoLoader: libreact_render_graphics.so not found on /data/app/~~OauX-ikmsjEHwQiPHd4xew==/com.a1taxi.driverpro-yOTM-ubtCbmput9a5K_nQA==/lib/arm64
10-29 14:45:21.828 16812 16812 V SoLoader: libreact_utils.so not found on /data/app/~~OauX-ikmsjEHwQiPHd4xew==/com.a1taxi.driverpro-yOTM-ubtCbmput9a5K_nQA==/lib/arm64
10-29 14:45:21.829 16812 16812 V SoLoader: libreact_debug.so not found on /data/app/~~OauX-ikmsjEHwQiPHd4xew==/com.a1taxi.driverpro-yOTM-ubtCbmput9a5K_nQA==/lib/arm64
10-29 14:45:21.831 16812 16812 D nativeloader: Load /data/app/~~OauX-ikmsjEHwQiPHd4xew==/com.a1taxi.driverpro-yOTM-ubtCbmput9a5K_nQA==/base.apk!/lib/arm64-v8a/libreact_debug.so using class loader ns clns-7 (caller=/data/app/~~OauX-ikmsjEHwQiPHd4xew==/com.a1taxi.driverpro-yOTM-ubtCbmput9a5K_nQA==/base.apk): ok
10-29 14:45:21.831 16812 16812 D SoLoader: libreact_debug.so found on /data/app/~~OauX-ikmsjEHwQiPHd4xew==/com.a1taxi.driverpro-yOTM-ubtCbmput9a5K_nQA==/base.apk!/lib/arm64-v8a
10-29 14:45:21.831 16812 16812 V SoLoader: libjsinspector.so not found on /data/app/~~OauX-ikmsjEHwQiPHd4xew==/com.a1taxi.driverpro-yOTM-ubtCbmput9a5K_nQA==/lib/arm64
10-29 14:45:21.832 16812 16812 V SoLoader: libreact_featureflags.so not found on /data/app/~~OauX-ikmsjEHwQiPHd4xew==/com.a1taxi.driverpro-yOTM-ubtCbmput9a5K_nQA==/lib/arm64
10-29 14:45:21.834 16812 16812 D nativeloader: Load /data/app/~~OauX-ikmsjEHwQiPHd4xew==/com.a1taxi.driverpro-yOTM-ubtCbmput9a5K_nQA==/base.apk!/lib/arm64-v8a/libreact_featureflags.so using class loader ns clns-7 (caller=/data/app/~~OauX-ikmsjEHwQiPHd4xew==/com.a1taxi.driverpro-yOTM-ubtCbmput9a5K_nQA==/base.apk): ok
10-29 14:45:21.834 16812 16812 D SoLoader: libreact_featureflags.so found on /data/app/~~OauX-ikmsjEHwQiPHd4xew==/com.a1taxi.driverpro-yOTM-ubtCbmput9a5K_nQA==/base.apk!/lib/arm64-v8a
10-29 14:45:21.834 16812 16812 V SoLoader: libruntimeexecutor.so not found on /data/app/~~OauX-ikmsjEHwQiPHd4xew==/com.a1taxi.driverpro-yOTM-ubtCbmput9a5K_nQA==/lib/arm64
