10-29 15:28:55.689 27267 27267 I Finsky  : [2] SCH: job service start with id 9483.
10-29 15:28:55.711 27467 27486 W oid.documentsui: ApkAssets: Deleting an ApkAssets object '<empty> and /system/priv-app/MtpService/MtpService.apk' with 1 weak references
10-29 15:28:55.713 27467 27486 W oid.documentsui: ApkAssets: Deleting an ApkAssets object '<empty> and /apex/com.android.mediaprovider/priv-app/MediaProviderGoogle@360911460/MediaProviderGoogle.apk' with 1 weak references
10-29 15:28:55.715 27467 27486 W oid.documentsui: ApkAssets: Deleting an ApkAssets object '<empty> and /system/priv-app/ExternalStorageProvider/ExternalStorageProvider.apk' with 1 weak references
10-29 15:28:55.717 27467 27486 W oid.documentsui: ApkAssets: Deleting an ApkAssets object '<empty> and /system/priv-app/Shell/Shell.apk' with 1 weak references
10-29 15:28:55.718 27467 27486 W oid.documentsui: ApkAssets: Deleting an ApkAssets object '<empty> and /system/priv-app/DownloadProvider/DownloadProvider.apk' with 1 weak references
10-29 15:28:55.719 27467 27486 W oid.documentsui: ApkAssets: Deleting an ApkAssets object '<empty> and /data/app/~~u0L_iPbyIB3XsZYe8i_prQ==/com.google.android.apps.docs-aNrxo-9eO6IyrHNxBr-Sxw==/base.apk' with 1 weak references
10-29 15:28:55.720 27467 27486 W oid.documentsui: ApkAssets: Deleting an ApkAssets object '<empty> and /data/app/~~u0L_iPbyIB3XsZYe8i_prQ==/com.google.android.apps.docs-aNrxo-9eO6IyrHNxBr-Sxw==/split_config.arm64_v8a.apk' with 1 weak references
10-29 15:28:55.720 27267 30211 I Finsky  : [87348] SCH: Satisfied jobs for 9483 are: 37-606
10-29 15:28:55.720 27467 27486 W oid.documentsui: ApkAssets: Deleting an ApkAssets object '<empty> and /data/app/~~u0L_iPbyIB3XsZYe8i_prQ==/com.google.android.apps.docs-aNrxo-9eO6IyrHNxBr-Sxw==/split_config.en.apk' with 1 weak references
10-29 15:28:55.720 27467 27486 W oid.documentsui: ApkAssets: Deleting an ApkAssets object '<empty> and /data/app/~~u0L_iPbyIB3XsZYe8i_prQ==/com.google.android.apps.docs-aNrxo-9eO6IyrHNxBr-Sxw==/split_config.xxhdpi.apk' with 1 weak references
10-29 15:28:55.720 27267 27318 I Finsky  : [87125] WM::SCH: Logging work initialize for 12-1
10-29 15:28:55.729 27267 30269 I Finsky  : [87358] SCH: Job 37-606 starting
10-29 15:28:55.729 27267 27267 I Finsky  : [2] WM::SCH: Logging work start for 37-606
10-29 15:28:55.731 27267 27267 I Finsky  : [2] Received an install/uninstall event for package com.a1taxi.driverpro
10-29 15:28:55.734 27267 27267 I Finsky  : [2] SCH: jobFinished: 37-606. TimeElapsed: 6ms.
10-29 15:28:55.735 27267 27267 I Finsky  : [2] WM::SCH: Logging work end for 37-606
10-29 15:28:55.735 27267 27342 I Finsky  : [87136] Not an active Cubes user. Ignoring package install/uninstall event.
10-29 15:28:55.737 27267 27349 I Finsky  : [87140] SCH: Scheduling phonesky job Id: 12-1, CT: 1761731935111, Constraints: [{ L: 15000, D: 86400000, C: CHARGING_NONE, I: IDLE_NONE, N: NET_ANY, B: BATTERY_ANY }]
10-29 15:28:55.740 27267 27342 I Finsky  : [87136] SCH: Scheduling 1 system job(s)
10-29 15:28:55.741 27267 27342 I Finsky  : [87136] SCH: Scheduling system job Id: 9484, L: 14371, D: 46434994, C: false, I: false, N: 1
10-29 15:28:55.747 27267 27326 I Finsky  : [87128] [ContentSync] finished, scheduled=true
10-29 15:28:55.748 27267 27336 I Finsky  : [87131] SCH: Scheduling phonesky job Id: 26-1414141414, CT: 1761725096034, Constraints: [{ L: 43199999, D: 44099999, C: CHARGING_NONE, I: IDLE_NONE, N: NET_NONE, B: BATTERY_ANY }]
10-29 15:28:55.755 27267 27349 I Finsky  : [87140] SCH: Scheduling 1 system job(s)
10-29 15:28:55.755 27267 27349 W JobInfo : Job 'com.android.vending/com.google.android.finsky.scheduler.process.mainimpl.PhoneskyJobServiceMain#9492' has a deadline with no functional constraints. The deadline won't improve job execution latency. Consider removing the deadline.
10-29 15:28:55.755 27267 27349 I Finsky  : [87140] SCH: Scheduling system job Id: 9492, L: 36360278, D: 37260278, C: false, I: false, N: 0
10-29 15:28:55.759 27267 30269 I Finsky  : [87358] SCH: job service finished with id 9483.
10-29 15:28:55.793  9313 30873 I Icing   : IndexChimeraService.getServiceInterface callingPackage=com.google.android.gms componentName=AppsCorpus serviceId=36
--------- beginning of system
10-29 15:28:55.822 30273 30273 I VirtualizationService: virtualizationservice::maintenance: Failed to find a Secretkeeper instance; skipping secret management
10-29 15:28:55.824 30273 30273 I VirtualizationService: virtualizationservice: Registered Binder service android.system.virtualizationservice.
10-29 15:28:55.825 30273 30274 I VirtualizationService: virtualizationservice::aidl: ignoring packageRemoved(user_id=0, app_id=10580)
10-29 15:28:55.825 30273 30273 I VirtualizationService: virtualizationservice: Registered Binder service android.system.virtualizationmaintenance.
10-29 15:28:55.933  9313 30873 I Icing   : IndexChimeraService.getServiceInterface callingPackage=com.google.android.gms componentName=null serviceId=30
10-29 15:28:55.942  9313 26342 I gle.android.gms: Explicit concurrent copying GC freed 10MB AllocSpace bytes, 54(9416KB) LOS objects, 46% free, 27MB/51MB, paused 235us,214us total 1.621s
10-29 15:28:55.942  9313  9337 I gle.android.gms: WaitForGcToComplete blocked Background on Explicit for 1.299s
10-29 15:28:55.949  9313  9339 W gle.android.gms: ApkAssets: Deleting an ApkAssets object '<empty> and /data/app/~~OMdvmQRD7xH_kyJn6cIDqw==/com.a1taxi.driverpro-z11FiBincwZVn19CLqda6Q==/base.apk' with 1 weak references
10-29 15:28:55.951  9313  9339 W gle.android.gms: ApkAssets: Deleting an ApkAssets object '<empty> and /data/app/~~O6rl15dJb50drM-hNT-o5A==/host.exp.exponent-VV2RWFguikxSwJOsrbvgyA==/base.apk' with 1 weak references
10-29 15:28:55.951  9313  9339 W gle.android.gms: ApkAssets: Deleting an ApkAssets object '<empty> and /data/app/~~O6rl15dJb50drM-hNT-o5A==/host.exp.exponent-VV2RWFguikxSwJOsrbvgyA==/split_config.arm64_v8a.apk' with 1 weak references
10-29 15:28:55.951  9313  9339 W gle.android.gms: ApkAssets: Deleting an ApkAssets object '<empty> and /data/app/~~O6rl15dJb50drM-hNT-o5A==/host.exp.exponent-VV2RWFguikxSwJOsrbvgyA==/split_config.en.apk' with 1 weak references
10-29 15:28:55.951  9313  9339 W gle.android.gms: ApkAssets: Deleting an ApkAssets object '<empty> and /data/app/~~O6rl15dJb50drM-hNT-o5A==/host.exp.exponent-VV2RWFguikxSwJOsrbvgyA==/split_config.xxhdpi.apk' with 1 weak references
10-29 15:28:55.952  9313  9339 W gle.android.gms: ApkAssets: Deleting an ApkAssets object '<empty> and /data/app/~~7VJpeTbVUVoDxJWeNd0Hog==/com.android.chrome-sHIQtPLnwPLLkvZqdMjnRQ==/base.apk' with 1 weak references
10-29 15:28:55.952  9313  9339 W gle.android.gms: ApkAssets: Deleting an ApkAssets object '<empty> and /data/app/~~7VJpeTbVUVoDxJWeNd0Hog==/com.android.chrome-sHIQtPLnwPLLkvZqdMjnRQ==/split_chrome.apk' with 1 weak references
10-29 15:28:55.952  9313  9339 W gle.android.gms: ApkAssets: Deleting an ApkAssets object '<empty> and /data/app/~~7VJpeTbVUVoDxJWeNd0Hog==/com.android.chrome-sHIQtPLnwPLLkvZqdMjnRQ==/split_config.en.apk' with 1 weak references
10-29 15:28:55.952  9313  9339 W gle.android.gms: ApkAssets: Deleting an ApkAssets object '<empty> and /data/app/~~7VJpeTbVUVoDxJWeNd0Hog==/com.android.chrome-sHIQtPLnwPLLkvZqdMjnRQ==/split_dev_ui.apk' with 1 weak references
10-29 15:28:55.952  9313  9339 W gle.android.gms: ApkAssets: Deleting an ApkAssets object '<empty> and /data/app/~~7VJpeTbVUVoDxJWeNd0Hog==/com.android.chrome-sHIQtPLnwPLLkvZqdMjnRQ==/split_on_demand.apk' with 1 weak references
10-29 15:28:55.952  9313  9339 W gle.android.gms: ApkAssets: Deleting an ApkAssets object '<empty> and /data/app/~~7VJpeTbVUVoDxJWeNd0Hog==/com.android.chrome-sHIQtPLnwPLLkvZqdMjnRQ==/split_stack_unwinder.apk' with 1 weak references
10-29 15:28:55.952  9313  9339 W gle.android.gms: ApkAssets: Deleting an ApkAssets object '<empty> and /data/app/~~7VJpeTbVUVoDxJWeNd0Hog==/com.android.chrome-sHIQtPLnwPLLkvZqdMjnRQ==/split_test_dummy.apk' with 1 weak references
10-29 15:28:55.952  9313  9339 W gle.android.gms: ApkAssets: Deleting an ApkAssets object '<empty> and /data/app/~~LyR_twMT5I0OvY75vK7e4g==/com.google.android.trichromelibrary_739012233-1735exKzKBMZmVzXMeosnw==/base.apk' with 1 weak references
10-29 15:28:55.952  9313  9339 W gle.android.gms: ApkAssets: Deleting an ApkAssets object '<empty> and /data/app/~~5ybshJKYUvksROvwNxssDQ==/com.vivo.appstore-7bNjuXndod6NKK593CMREw==/base.apk' with 1 weak references
10-29 15:28:56.034  9313 26281 I Icing   : Usage reports ok 1, Failed Usage reports 0, indexed 0, rejected 0
10-29 15:28:56.044  9313 26281 I Icing   : Usage reports ok 0, Failed Usage reports 0, indexed 0, rejected 0
10-29 15:28:56.049  9313 26281 I Icing   : Indexing com.google.android.gms-apps from com.google.android.gms
10-29 15:28:56.099  9313 26281 I Icing   : Indexing done com.google.android.gms-apps
10-29 15:29:04.940  5720  5865 D SQLiteQueryBuilder: SELECT _data, owner_package_name, is_pending FROM downloads WHERE ((_id='1000016601') AND (volume_name IN ( 'external_primary' )))
10-29 15:29:04.948  5720  5865 D SQLiteQueryBuilder: SELECT rowid FROM downloads WHERE ((owner_package_name IN ( 'com.android.chrome' )) AND (_id='1000016601') AND (volume_name IN ( 'external_primary' )))
10-29 15:29:04.950  5720 14136 D SQLiteQueryBuilder: SELECT _id FROM files WHERE ((owner_package_name IN ( 'com.android.intentresolver' )) AND (_id='1000016601') AND (is_download=1) AND (volume_name IN ( 'external_primary' )))
10-29 15:29:04.953  5720 14136 D SQLiteQueryBuilder: SELECT _id FROM files WHERE ((owner_package_name IN ( 'com.android.chrome' )) AND (_id='1000016601') AND (is_download=1) AND (volume_name IN ( 'external_primary' )))
10-29 15:29:05.253  1870  1976 I ActivityTaskManager: Displayed com.android.intentresolver/.ResolverActivity for user 0: +502ms
10-29 15:29:05.267 18285 18285 I GoogleInputMethodService: GoogleInputMethodService.onFinishInput():2086 
10-29 15:29:05.269 18285 18285 I Module  : DeviceLockedStatusModuleProvider$Module.updateDeviceLockedStatus():103 repeatCheckTimes = 0, locked = false
10-29 15:29:05.270 18285 18285 I GoogleInputMethodService: GoogleInputMethodService.onStartInput():1347 onStartInput(EditorInfo{EditorInfo{packageName=com.android.intentresolver, inputType=0, inputTypeString=NULL, enableLearning=false, autoCorrection=false, autoComplete=false, imeOptions=0, privateImeOptions=null, actionName=UNSPECIFIED, actionLabel=null, initialSelStart=-1, initialSelEnd=-1, initialCapsMode=0, label=null, fieldId=0, fieldName=null, extras=null, hintText=null, hintLocales=[]}}, false)
10-29 15:29:05.271 18285 18285 I Module  : DeviceLockedStatusModuleProvider$Module.updateDeviceLockedStatus():103 repeatCheckTimes = 1, locked = false
10-29 15:29:06.525  5720 14136 D SQLiteQueryBuilder: SELECT _id FROM files WHERE ((owner_package_name IN ( 'com.google.android.packageinstaller' )) AND (_id='1000016601') AND (is_download=1) AND (volume_name IN ( 'external_primary' )))
10-29 15:29:06.529  5720 14136 D SQLiteQueryBuilder: SELECT _id FROM files WHERE ((owner_package_name IN ( 'com.android.chrome' )) AND (_id='1000016601') AND (is_download=1) AND (volume_name IN ( 'external_primary' )))
10-29 15:29:06.594  5720 14136 D SQLiteQueryBuilder: SELECT _id FROM downloads WHERE ((_id='1000016601') AND (volume_name IN ( 'external_primary' )))
10-29 15:29:06.596  5720 14136 D SQLiteQueryBuilder: SELECT _id FROM downloads WHERE ((_id='1000016601') AND (volume_name IN ( 'external_primary' )))
10-29 15:29:06.654  9313 30356 I Authzen : [DeviceStateSyncManager] The server is in sync with current state. Nothing to do
10-29 15:29:06.664  5720 14136 D SQLiteQueryBuilder: SELECT _data, owner_package_name, is_pending FROM downloads WHERE ((_id='1000016601') AND (volume_name IN ( 'external_primary' )))
10-29 15:29:06.691  5720 14136 D SQLiteQueryBuilder: SELECT _data, owner_package_name, is_pending FROM downloads WHERE ((_id='1000016601') AND (volume_name IN ( 'external_primary' )))
10-29 15:29:06.697  5720 14136 D SQLiteQueryBuilder: SELECT _data, owner_package_name, is_pending FROM downloads WHERE ((_id='1000016601') AND (volume_name IN ( 'external_primary' )))
10-29 15:29:06.706  5720 14136 D SQLiteQueryBuilder: SELECT _data, owner_package_name, is_pending FROM downloads WHERE ((_id='1000016601') AND (volume_name IN ( 'external_primary' )))
10-29 15:29:06.763  1870  1976 I ActivityTaskManager: Displayed com.google.android.packageinstaller/com.android.packageinstaller.InstallStaging for user 0: +219ms
10-29 15:29:07.446  1870  1976 I ActivityTaskManager: Displayed com.google.android.packageinstaller/com.android.packageinstaller.PackageInstallerActivity for user 0: +142ms
10-29 15:29:07.485 30521 30521 W WindowOnBackDispatcher: sendCancelIfRunning: isInProgress=false callback=android.view.ViewRootImpl$$ExternalSyntheticLambda11@1166e56
10-29 15:29:09.313 30521 30521 W ratelimit: Single process limit 50/s drop 6 lines.
10-29 15:29:09.313 30521 30521 W WindowOnBackDispatcher: sendCancelIfRunning: isInProgress=false callback=android.view.ViewRootImpl$$ExternalSyntheticLambda11@ca26f0d
10-29 15:29:09.405  1870  1976 I ActivityTaskManager: Displayed com.google.android.packageinstaller/com.android.packageinstaller.InstallInstalling for user 0: +94ms
10-29 15:29:09.442 30521 30521 W WindowOnBackDispatcher: sendCancelIfRunning: isInProgress=false callback=android.view.ViewRootImpl$$ExternalSyntheticLambda11@1edf928
10-29 15:29:09.611 27267 27267 I Finsky  : [2] VerifyApps: Install-time verification requested for package com.a1taxi.driverpro, PackageManager id = 409, Verifier id = ced28ca9-41c1-49f6-a221-abc2e5bcc640
10-29 15:29:09.617 27267 27311 I Finsky  : [87120] RECEIVER_PACKAGE_VERIFICATION#logWorkEndAndFinishGoAsync: SUCCESS
10-29 15:29:09.734 27267 30236 I Finsky  : [87353] VerifyApps: Anti-malware verification task started for package=com.a1taxi.driverpro
10-29 15:29:09.738 27267 30236 E AbstractLogEventBuilder: The provided ProductIdOrigin 3 is not one of the process-level expected values: 1 or 2
10-29 15:29:09.744 27267 30236 I Finsky  : [87353] Single user settings service is not running, bind it now
10-29 15:29:09.749 27267 27267 I Finsky  : [2] Single user settings service is connected
10-29 15:29:09.755 27267 30236 W Settings: Setting install_non_market_apps has moved from android.provider.Settings.Global to android.provider.Settings.Secure, returning read-only value.
10-29 15:29:09.852 27267 30236 I Finsky  : [87353] VerifyApps: Originating app: com.android.chrome
10-29 15:29:09.856 27267 30236 I Finsky  : [87353] VerifyApps: Installer app: com.google.android.packageinstaller
10-29 15:29:10.017 27267 27350 E AbstractLogEventBuilder: The provided ProductIdOrigin 3 is not one of the process-level expected values: 1 or 2
10-29 15:29:10.022 27267 30236 I Finsky  : [87353] Task 7 requested foreground
10-29 15:29:10.024 27267 30236 I Finsky  : [87353] Not entering foreground
10-29 15:29:10.029 27267 27342 I Finsky  : [87136] VerifyApps: Starting APK Analysis scan for com.a1taxi.driverpro.
10-29 15:29:10.030 27267 27342 I Finsky  : [87136] Scanning package com.a1taxi.driverpro contents with client side protections. File: [lzBHcIrUzR7d--JNggiA-AWLapuqL-RbDbhAD3P0I2o]
10-29 15:29:10.031 27267 27342 I Finsky  : [87136] VerifyApps: APK Analysis scan finished for com.a1taxi.driverpro. Verdict: SAFE
10-29 15:29:10.032 27267 30240 I Finsky  : [87355] Apk Analysis scan verification duration=PT0.003S 
10-29 15:29:10.180 27267 27267 I Finsky  : [2] SCH: job service start with id 9484.
10-29 15:29:10.187 27267 30211 I Finsky  : [87348] SCH: Satisfied jobs for 9484 are: 12-1
10-29 15:29:10.191 27267 30269 I Finsky  : [87358] SCH: Job 12-1 starting
10-29 15:29:10.191 27267 27267 I Finsky  : [2] WM::SCH: Logging work start for 12-1
10-29 15:29:10.192 27267 27267 I Finsky  : [2] [ContentSync] job started
10-29 15:29:10.320 27406 27407 I artd    : GetBestInfo: odex next to the dex file (/data/app/~~5ybshJKYUvksROvwNxssDQ==/com.vivo.appstore-7bNjuXndod6NKK593CMREw==/oat/arm64/base.odex) is kOatUpToDate with filter 'speed-profile' executable 'false'
10-29 15:29:10.345 27406 27407 I artd    : GetBestInfo: odex next to the dex file (/data/app/~~FLMfSzmcyYW75wvh396UaQ==/com.google.ar.core-DzNInT1uDd77WN2m6Fr5wg==/oat/arm64/base.odex) is kOatUpToDate with filter 'speed-profile' executable 'false'
10-29 15:29:10.390 27406 27407 I artd    : GetBestInfo: odex next to the dex file (/data/app/~~_ZVnTBPDUpQKDoFIFFPHxA==/com.phonepe.app-xBlV51S0xTWrKI9W5bAjHA==/oat/arm64/base.odex) is kOatUpToDate with filter 'speed-profile' executable 'false'
10-29 15:29:10.392 27406 27407 W artd    : Could not get dex checksums for location /data/app/~~tl7eoycRo2zmHYN1i45o-w==/com.phonepe.app-N45ZTaHK4121gD9SaT9IFQ==/base.apk, fd=-1
10-29 15:29:10.405 27406 27407 W artd    : Could not get dex checksums for location /data/app/~~DHfW4q7e5qXjvPuw0MCAGw==/com.phonepe.app-fDpjo7crhTIfYe-kp8YWJw==/base.apk, fd=-1
10-29 15:29:10.496 27406 27410 I artd    : GetBestInfo: odex next to the dex file (/data/app/~~l_0uDKB6_UWu8YA-E_71Tg==/com.google.android.partnersetup-vjJAOCsDJsbKyzc2L34t9g==/oat/arm64/base.odex) is kOatUpToDate with filter 'speed-profile' executable 'false'
10-29 15:29:10.560 27406 27410 I artd    : GetBestInfo: odex next to the dex file (/data/app/~~y4CrFMhidAJ49ymmBqhdaQ==/com.google.android.as-gVCw9gPzycl-w84YfxohHQ==/oat/arm64/base.odex) is kOatUpToDate with filter 'speed-profile' executable 'false'
10-29 15:29:10.591 27406 27407 I artd    : GetBestInfo: odex next to the dex file (/data/app/~~J4fLUkREgYXTgS-Wq6TujA==/com.google.android.tts-hTPtYbwKoIkTlThjZ0oZxA==/oat/arm64/base.odex) is kOatUpToDate with filter 'speed-profile' executable 'false'
10-29 15:29:10.631 27406 27410 I artd    : GetBestInfo: odex next to the dex file (/data/app/~~HTqKy6bHAiW7NeMhqs9M6g==/com.application.zomato-lmUjdWmjIKDH7EQ9DOXmOA==/oat/arm64/base.odex) is kOatUpToDate with filter 'speed-profile' executable 'false'
10-29 15:29:10.645 27406 27410 I artd    : GetBestInfo: vdex next to the dex file (/data/user/0/com.application.zomato/app_pccache/5/E47C86B2C77009FBA9F0C961D11E60B330CFF68E/oat/arm64/pcam.vdex) is kOatUpToDate with filter 'verify' executable 'false'
10-29 15:29:10.653 27406 27410 I artd    : GetBestInfo: vdex next to the dex file (/data/user/0/com.application.zomato/app_pccache/5/A676523B3E46DAB04C3DAC7B4C5781491E6DC27A/oat/arm64/pcam.vdex) is kOatUpToDate with filter 'verify' executable 'false'
10-29 15:29:10.669 27267 27267 W Finsky  : [2] STU: Failed to get storage stats for package 'com.google.mainline.primary.libs' (1601: Error getting stats: android.content.pm.PackageManager.NameNotFoundException)
10-29 15:29:10.697 27267 27267 E AbstractLogEventBuilder: The provided ProductIdOrigin 3 is not one of the process-level expected values: 1 or 2
10-29 15:29:10.698 27267 30240 I Finsky  : [87355] VerifyApps: Verification package=com.a1taxi.driverpro, id=409, response=9, upload_requested=false, enable_ecm=true
10-29 15:29:10.704 27267 30236 I Finsky  : [87353] VerifyApps: Preparing for JIT scan
10-29 15:29:10.704 27267 30236 I Finsky  : [87353] VerifyApps: JIT scan not prepared successfully. Skipping scan.
10-29 15:29:10.705 27406 27407 I artd    : GetBestInfo: vdex next to the dex file (/data/app/~~7uxfUxSWL7lAMOS_qHEpAQ==/com.atomczak.notepat-F2VpsyiD0Co03n-eVHyS-Q==/oat/arm64/base.vdex) is kOatUpToDate with filter 'verify' executable 'false'
10-29 15:29:10.707 27267 27267 E AbstractLogEventBuilder: The provided ProductIdOrigin 3 is not one of the process-level expected values: 1 or 2
10-29 15:29:10.708 27267 27267 I Finsky  : [2] Just-in-Time Protection verdict logged: 0. Scan result: SCAN_SKIPPED
10-29 15:29:10.708 27267 27267 E AbstractLogEventBuilder: The provided ProductIdOrigin 3 is not one of the process-level expected values: 1 or 2
10-29 15:29:10.711 27267 30236 I Finsky  : [87353] VerifyApps AdvancedProtection: Verify AP install started
10-29 15:29:10.711 27267 30236 I Finsky  : [87353] VerifyApps AdvancedProtection: Allowing install because there are no Advanced Protection users
10-29 15:29:10.712 27267 27267 I Finsky  : [2] VerifyApps AdvancedProtection: Reported Advanced Protection verification result: ALLOW
10-29 15:29:10.713 27267 30236 I Finsky  : [87353] Skipping logging for attempted installation. The source is a system package.
10-29 15:29:10.713 27267 30236 I Finsky  : [87353] VerifyApps: Returning package verification result id=409, result=ALLOW
10-29 15:29:10.713 27267 27350 I Finsky  : [87141] VerifyApps: waiting for app installation for com.a1taxi.driverpro
10-29 15:29:10.714 27267 27267 I Finsky  : [2] VerifyApps: Install-time verification complete: id=409, package_name=com.a1taxi.driverpro
10-29 15:29:10.715 27267 30240 E AbstractLogEventBuilder: The provided ProductIdOrigin 3 is not one of the process-level expected values: 1 or 2
10-29 15:29:10.731 27267 27267 W Finsky  : [2] STU: Failed to get storage stats for package 'com.google.android.widevine.nonupdatable' (1601: Error getting stats: android.content.pm.PackageManager.NameNotFoundException)
10-29 15:29:10.763 27406 27407 I artd    : GetBestInfo: vdex next to the dex file (/data/app/~~JBTJJxvh649OGLzNHuViOA==/com.blockchainvault-nObcjYwSiSFKKtZiJVMx4A==/oat/arm64/base.vdex) is kOatUpToDate with filter 'verify' executable 'false'
10-29 15:29:10.843  5720 14136 D SQLiteQueryBuilder: DELETE FROM media_grants WHERE ((media_grants.owner_package_name IN (?)) AND (media_grants.package_user_id = ? ))
10-29 15:29:10.852 27406 27410 I artd    : Running profman: /apex/com.android.art/bin/art_exec --drop-capabilities --keep-fds=6:7:8 -- /apex/com.android.art/bin/profman --copy-and-update-profile-key --profile-file-fd=6 --apk-fd=7 --reference-profile-file-fd=8
10-29 15:29:10.852 27406 27410 I artd    : Opened FDs: 6:/data/app/~~Nv2hCSswo2kctVCoZ03Pqw==/com.a1taxi.driverpro-H4GTCHubEQ3Z_p0DnB8weg==/base.apk.prof 7:/data/app/~~Nv2hCSswo2kctVCoZ03Pqw==/com.a1taxi.driverpro-H4GTCHubEQ3Z_p0DnB8weg==/base.apk 8:/data/misc/profiles/ref/com.a1taxi.driverpro/primary.prof.32ZIAI.tmp 
10-29 15:29:10.877 27406 27412 I artd    : GetBestInfo: odex next to the dex file (/data/app/~~zsyRtitXdRWLQ4PLVD9ScQ==/com.meesho.supply-s-b-UQ1gQicH-DXs6UHICw==/oat/arm64/base.odex) is kOatUpToDate with filter 'speed-profile' executable 'false'
10-29 15:29:10.897 27267 27267 W Finsky  : [2] STU: Failed to get storage stats for package 'com.google.android.devicelock' (1601: Error getting stats: android.content.pm.PackageManager.NameNotFoundException)
10-29 15:29:10.902 27406 27412 I artd    : GetBestInfo: odex next to the dex file (/data/app/~~CsXstPgY-rA7SBuIKr2PGQ==/com.vivo.pushservice-21nxuqrG2Qtd-zRFpLIC4A==/oat/arm64/base.odex) is kOatUpToDate with filter 'speed-profile' executable 'false'
10-29 15:29:10.932 27406 27412 I artd    : GetBestInfo: odex next to the dex file (/data/app/~~5hcapSwI-u2Km87U7Omqcg==/com.google.android.apps.youtube.music-oQdRQ5KlInG3qtKHdzebRQ==/oat/arm64/base.odex) is kOatUpToDate with filter 'speed-profile' executable 'false'
10-29 15:29:10.948 27406 27407 I artd    : GetBestInfo: dm (/data/app/~~P02Bk9qNcV1Y83S_-Q3XDA==/com.taxina-nd4Nbu1hwRq4T2Ctm8S0_Q==/base.dm) is kOatUpToDate with filter 'verify' executable 'false'
10-29 15:29:10.963 27406 27407 I artd    : GetBestInfo: odex next to the dex file (/data/app/~~AwsW0zcQtlZCSD0b27dibA==/com.google.android.webview-gTT5aDv0Cm2uFNaVAndeGA==/oat/arm64/base.odex) is kOatUpToDate with filter 'speed-profile' executable 'false'
10-29 15:29:10.991 27406 27412 I artd    : GetBestInfo: odex next to the dex file (/data/app/~~2LVD3cXI_CsiUy21UCwarg==/recorder.screenrecorder.videoeditor-HPew1soKVnxmEYf2AR6rzg==/oat/arm64/base.odex) is kOatUpToDate with filter 'speed-profile' executable 'false'
10-29 15:29:10.997 27406 27412 I artd    : GetBestInfo: vdex next to the dex file (/data/user/0/recorder.screenrecorder.videoeditor/app_pccache/5/A676523B3E46DAB04C3DAC7B4C5781491E6DC27A/oat/arm64/pcam.vdex) is kOatUpToDate with filter 'verify' executable 'false'
10-29 15:29:10.998 27406 27410 I artd    : profman returned code 0
10-29 15:29:10.999 27406 27410 I artd    : Merge skipped because there are no existing profiles
10-29 15:29:11.000 27406 27410 I artd    : GetBestInfo: /data/app/~~Nv2hCSswo2kctVCoZ03Pqw==/com.a1taxi.driverpro-H4GTCHubEQ3Z_p0DnB8weg==/base.apk has no usable artifacts
10-29 15:29:11.008 27406 27407 I artd    : Running dex2oat: /apex/com.android.art/bin/art_exec --drop-capabilities --set-task-profile=Dex2OatBootComplete --set-priority=background --keep-fds=6:7:8:9:10:11:12 -- /apex/com.android.art/bin/dex2oat64 --zip-fd=6 --zip-location=/data/app/~~Nv2hCSswo2kctVCoZ03Pqw==/com.a1taxi.driverpro-H4GTCHubEQ3Z_p0DnB8weg==/base.apk --oat-fd=7 --oat-location=/data/app/~~Nv2hCSswo2kctVCoZ03Pqw==/com.a1taxi.driverpro-H4GTCHubEQ3Z_p0DnB8weg==/oat/arm64/base.odex --output-vdex-fd=8 --app-image-fd=9 --image-format=lz4 --swap-fd=10 --class-loader-context-fds=11 --class-loader-context=PCL[]{PCL[/system/framework/org.apache.http.legacy.jar]} --classpath-dir=/data/app/~~Nv2hCSswo2kctVCoZ03Pqw==/com.a1taxi.driverpro-H4GTCHubEQ3Z_p0DnB8weg== --profile-file-fd=12 --instruction-set=arm64 --instruction-set-features=default --instruction-set-variant=cortex-a55 --compiler-filter=speed-profile --compilation-reason=install --max-image-block-size=524288 --resolve-startup-const-strings=true --generate-mini-debug-info --runtime-arg -Xtarget-sdk-version:34 --runtime-arg -Xhidden-api-policy:enabled -j4 --runtime-arg -Xms64m --runtime-arg -Xmx512m --comments=app-name:com.a1taxi.driverpro,app-version-name:1.0.0,app-version-code:1,art-version:360910040
10-29 15:29:11.008 27406 27407 I artd    : Opened FDs: 6:/data/app/~~Nv2hCSswo2kctVCoZ03Pqw==/com.a1taxi.driverpro-H4GTCHubEQ3Z_p0DnB8weg==/base.apk 7:/data/app/~~Nv2hCSswo2kctVCoZ03Pqw==/com.a1taxi.driverpro-H4GTCHubEQ3Z_p0DnB8weg==/oat/arm64/base.odex.GAOTZ7.tmp 8:/data/app/~~Nv2hCSswo2kctVCoZ03Pqw==/com.a1taxi.driverpro-H4GTCHubEQ3Z_p0DnB8weg==/oat/arm64/base.vdex.9EMoXj.tmp 9:/data/app/~~Nv2hCSswo2kctVCoZ03Pqw==/com.a1taxi.driverpro-H4GTCHubEQ3Z_p0DnB8weg==/oat/arm64/base.art.sWhiwq.tmp 10:/data/app/~~Nv2hCSswo2kctVCoZ03Pqw==/com.a1taxi.driverpro-H4GTCHubEQ3Z_p0DnB8weg==/oat/arm64/base.odex.swap.FxJgqE.tmp 11:/system/framework/org.apache.http.legacy.jar 12:/data/misc/profiles/ref/com.a1taxi.driverpro/primary.prof.32ZIAI.tmp 
10-29 15:29:11.022 30412 30412 W libprocessgroup: JoinCgroup: controller schedtune is not found
10-29 15:29:11.022 30412 30412 W libprocessgroup: JoinCgroup: controller schedtune is not found
10-29 15:29:11.022 30412 30412 W libprocessgroup: JoinCgroup: controller schedtune is not found
10-29 15:29:11.022 30412 30412 W libprocessgroup: JoinCgroup: controller schedtune is not found
10-29 15:29:11.023 27406 27410 I artd    : GetBestInfo: odex next to the dex file (/data/preload/com.google.android.apps.docs.editors.docs/oat/arm64/EditorsDocs.odex) is kOatCannotOpen: In oat file '/data/preload/com.google.android.apps.docs.editors.docs/oat/arm64/EditorsDocs.odex': invalid oat header: Invalid oat version, expected 0x32353900, got 0x32353700.
10-29 15:29:11.029 27406 27410 I artd    : GetBestInfo: vdex next to the dex file (/data/preload/com.google.android.apps.docs.editors.docs/oat/arm64/EditorsDocs.vdex) is kOatUpToDate with filter 'verify' executable 'false'
10-29 15:29:11.046 27267 27267 W Finsky  : [2] STU: Failed to get storage stats for package 'com.android.apex.cts.shim' (1601: Error getting stats: android.content.pm.PackageManager.NameNotFoundException)
10-29 15:29:11.069 27406 30413 I artd    : GetBestInfo: vdex next to the dex file (/data/app/~~KgE9HbnByLOv1uv9I67nHA==/com.microsoft.office.excel-Md9DT4sOCcyImNgQ8BsZRw==/oat/arm64/base.vdex) is kOatUpToDate with filter 'verify' executable 'false'
10-29 15:29:11.079 30412 30412 W dex2oat64: Mismatch between dex2oat instruction set features to use (ISA: Arm64 Feature string: -a53,crc,lse,fp16,dotprod,-sve) and those from CPP defines (ISA: Arm64 Feature string: -a53,-crc,-lse,-fp16,-dotprod,-sve) for the command line:
10-29 15:29:11.079 30412 30412 W dex2oat64: /apex/com.android.art/bin/dex2oat64 --zip-fd=6 --zip-location=/data/app/~~Nv2hCSswo2kctVCoZ03Pqw==/com.a1taxi.driverpro-H4GTCHubEQ3Z_p0DnB8weg==/base.apk --oat-fd=7 --oat-location=/data/app/~~Nv2hCSswo2kctVCoZ03Pqw==/com.a1taxi.driverpro-H4GTCHubEQ3Z_p0DnB8weg==/oat/arm64/base.odex --output-vdex-fd=8 --app-image-fd=9 --image-format=lz4 --swap-fd=10 --class-loader-context-fds=11 --class-loader-context=PCL[]{PCL[/system/framework/org.apache.http.legacy.jar]} --classpath-dir=/data/app/~~Nv2hCSswo2kctVCoZ03Pqw==/com.a1taxi.driverpro-H4GTCHubEQ3Z_p0DnB8weg== --profile-file-fd=12 --instruction-set=arm64 --instruction-set-features=default --instruction-set-variant=cortex-a55 --compiler-filter=speed-profile --compilation-reason=install --max-image-block-size=524288 --resolve-startup-const-strings=true --generate-mini-debug-info --runtime-arg -Xtarget-sdk-version:34 --runtime-arg -Xhidden-api-policy:enabled -j4 --runtime-arg -Xms64m --runtime-arg -Xmx512m --comments=app-name:com.a1taxi.driverpro,app-version-name:1.0.0,app-version-code:1,art-version:360910040
10-29 15:29:11.083 30412 30412 I dex2oat64: /apex/com.android.art/bin/dex2oat64 --output-vdex-fd=8 --class-loader-context-fds=11 --class-loader-context=PCL[]{PCL[/system/framework/org.apache.http.legacy.jar]} --classpath-dir=/data/app/~~Nv2hCSswo2kctVCoZ03Pqw==/com.a1taxi.driverpro-H4GTCHubEQ3Z_p0DnB8weg== --profile-file-fd=12 --compiler-filter=speed-profile --compilation-reason=install --max-image-block-size=524288 --resolve-startup-const-strings=true --generate-mini-debug-info -j4 --comments=app-name:com.a1taxi.driverpro,app-version-name:1.0.0,app-version-code:1,art-version:360910040
10-29 15:29:11.103 27406 27410 I artd    : GetBestInfo: odex next to the dex file (/data/app/~~esJuOea01htCDTblbZr68w==/com.openai.chatgpt-PM8IifxyiR_LI6SZrZ0ngg==/oat/arm64/base.odex) is kOatUpToDate with filter 'speed-profile' executable 'false'
10-29 15:29:11.114 27406 30413 I artd    : GetBestInfo: odex next to the dex file (/data/app/~~u0L_iPbyIB3XsZYe8i_prQ==/com.google.android.apps.docs-aNrxo-9eO6IyrHNxBr-Sxw==/oat/arm64/base.odex) is kOatUpToDate with filter 'speed-profile' executable 'false'
10-29 15:29:11.156 27406 30413 I artd    : GetBestInfo: odex next to the dex file (/data/preload/com.spotify.music/oat/arm64/Spotify.odex) is kOatUpToDate with filter 'speed-profile' executable 'false'
10-29 15:29:11.168 27267 27267 W Finsky  : [2] STU: Failed to get storage stats for package 'com.google.android.appsearch' (1601: Error getting stats: android.content.pm.PackageManager.NameNotFoundException)
10-29 15:29:11.224 27406 30413 I artd    : GetBestInfo: odex next to the dex file (/data/app/~~E9kqu19F2cWfoZ6ffnz_YQ==/im.thebot.messenger-gCgsnVj1WTJDuwuzVoNYzw==/oat/arm64/base.odex) is kOatUpToDate with filter 'speed-profile' executable 'false'
10-29 15:29:11.249 27406 27410 I artd    : GetBestInfo: odex next to the dex file (/data/app/~~K3d4aB6DPudECemQf9xtlw==/com.google.android.videos-X0DzpZRNZtWb3db8movyNQ==/oat/arm64/base.odex) is kOatUpToDate with filter 'speed-profile' executable 'false'
10-29 15:29:11.257 27267 27267 W Finsky  : [2] STU: Failed to get storage stats for package 'com.google.android.art' (1601: Error getting stats: android.content.pm.PackageManager.NameNotFoundException)
10-29 15:29:11.270 27406 30413 I artd    : GetBestInfo: odex next to the dex file (/data/app/~~tjUHdH9t3ij7DHZcdjyJgw==/com.google.android.marvin.talkback-qqjtEesVJvovE6iKe4jL0g==/oat/arm64/base.odex) is kOatUpToDate with filter 'speed-profile' executable 'false'
10-29 15:29:11.299 27406 27410 I artd    : GetBestInfo: odex next to the dex file (/data/app/~~oD3EpJxL_F5c5v1r7hgEsg==/net.skyscanner.android.main-0XrsnutNXsJbybWKw1RyhA==/oat/arm64/base.odex) is kOatUpToDate with filter 'speed-profile' executable 'false'
10-29 15:29:11.325 30412 30412 I dex2oat64: Using CollectorTypeCC GC.
10-29 15:29:11.332 27406 27410 I artd    : GetBestInfo: odex next to the dex file (/data/app/~~F4Ux7VwQFuWpeVaJti-lnA==/net.one97.paytm-PgGUx_znWm6RLB8xR6Ee4g==/oat/arm64/base.odex) is kOatUpToDate with filter 'speed-profile' executable 'false'
10-29 15:29:11.338 27406 30413 I artd    : GetBestInfo: dm (/data/app/~~F4Ux7VwQFuWpeVaJti-lnA==/net.one97.paytm-PgGUx_znWm6RLB8xR6Ee4g==/split_flight_dynamic.dm) is kOatUpToDate with filter 'verify' executable 'false'
10-29 15:29:11.340 27406 30413 I artd    : GetBestInfo: dm (/data/app/~~F4Ux7VwQFuWpeVaJti-lnA==/net.one97.paytm-PgGUx_znWm6RLB8xR6Ee4g==/split_movie.dm) is kOatUpToDate with filter 'verify' executable 'false'
10-29 15:29:11.374 27406 27410 I artd    : GetBestInfo: odex next to the dex file (/data/app/~~lC7cqedI0sPPZWDLpYIDtg==/com.whatsapp-Y5U36RhcmpqEygtI9HSDwA==/oat/arm64/base.odex) is kOatUpToDate with filter 'speed-profile' executable 'false'
10-29 15:29:11.398 27406 30413 I artd    : GetBestInfo: odex in dalvik-cache (/data/dalvik-cache/arm64/data@app@~~P6EtfvkhrLgxXubiq-YBxg==@in.juspay.nammayatri-hMHUPHe31deYbJOzJkkNIg==@base.apk@classes.dex) is kOatUpToDate with filter 'speed-profile' executable 'false'
10-29 15:29:11.440 27406 30413 I artd    : GetBestInfo: odex next to the dex file (/data/app/~~HYdmWQjpbaNwak0jdtPb9g==/com.google.android.safetycore-UjcBk7GbP5EdlVr_YzzuZA==/oat/arm64/base.odex) is kOatUpToDate with filter 'speed-profile' executable 'false'
10-29 15:29:11.461 27267 27267 W Finsky  : [2] STU: Failed to get storage stats for package 'com.google.android.mediaprovider' (1601: Error getting stats: android.content.pm.PackageManager.NameNotFoundException)
10-29 15:29:11.479 27267 27267 W Finsky  : [2] STU: Failed to get storage stats for package 'com.android.virt' (1601: Error getting stats: android.content.pm.PackageManager.NameNotFoundException)
10-29 15:29:11.479 27267 27267 W Finsky  : [2] STU: Failed to get storage stats for package 'com.android.btservices' (1601: Error getting stats: android.content.pm.PackageManager.NameNotFoundException)
10-29 15:29:11.495 30412 30412 I dex2oat64: Large app, accepted running with swap.
10-29 15:29:11.501 27406 27410 I artd    : GetBestInfo: odex next to the dex file (/data/preload/com.google.android.apps.docs.editors.slides/oat/arm64/EditorsSlides.odex) is kOatCannotOpen: In oat file '/data/preload/com.google.android.apps.docs.editors.slides/oat/arm64/EditorsSlides.odex': invalid oat header: Invalid oat version, expected 0x32353900, got 0x32353700.
10-29 15:29:11.510 27406 27410 I artd    : GetBestInfo: vdex next to the dex file (/data/preload/com.google.android.apps.docs.editors.slides/oat/arm64/EditorsSlides.vdex) is kOatUpToDate with filter 'verify' executable 'false'
10-29 15:29:11.528 27267 27267 W Finsky  : [2] STU: Failed to get storage stats for package 'com.google.android.resolv' (1601: Error getting stats: android.content.pm.PackageManager.NameNotFoundException)
10-29 15:29:11.551 27406 27410 I artd    : GetBestInfo: odex next to the dex file (/data/app/~~WYy28ZNfgaU7rHLk4yk1jQ==/com.google.android.apps.nbu.paisa.user-uMpBr3Q4YPiiFsCZAHjS1w==/oat/arm64/base.odex) is kOatUpToDate with filter 'speed-profile' executable 'false'
10-29 15:29:11.558 27406 27410 I artd    : GetBestInfo: vdex next to the dex file (/data/user/0/com.google.android.apps.nbu.paisa.user/app_pccache2/5/A676523B3E46DAB04C3DAC7B4C5781491E6DC27A/oat/arm64/pcam.vdex) is kOatUpToDate with filter 'verify' executable 'false'
10-29 15:29:11.566 27406 30413 I artd    : GetBestInfo: vdex next to the dex file (/data/user/0/com.google.android.apps.nbu.paisa.user/app_pccache2/5/E47C86B2C77009FBA9F0C961D11E60B330CFF68E/oat/arm64/pcam.vdex) is kOatUpToDate with filter 'verify' executable 'false'
10-29 15:29:11.601 27267 27267 W Finsky  : [2] STU: Failed to get storage stats for package 'com.google.android.configinfrastructure' (1601: Error getting stats: android.content.pm.PackageManager.NameNotFoundException)
10-29 15:29:11.602 27267 27267 W Finsky  : [2] STU: Failed to get storage stats for package 'com.google.android.media' (1601: Error getting stats: android.content.pm.PackageManager.NameNotFoundException)
10-29 15:29:11.625 27406 30413 I artd    : GetBestInfo: odex next to the dex file (/data/app/~~RRwDKt9JivPRggftQBXYng==/com.google.android.apps.maps-CSfHpqz0-tqj93nX6fEYIQ==/oat/arm64/base.odex) is kOatUpToDate with filter 'speed-profile' executable 'false'
10-29 15:29:11.661 27406 30413 I artd    : GetBestInfo: odex next to the dex file (/data/app/~~5V4vzX_eTsAbLrsmFqmQkQ==/com.snapwork.hdfc-HKpAjZbvWYGddjONsCWR8w==/oat/arm64/base.odex) is kOatUpToDate with filter 'speed-profile' executable 'false'
10-29 15:29:11.704 27406 30413 I artd    : GetBestInfo: odex next to the dex file (/data/app/~~ptDP3mMGz964tjRWMD1aeA==/com.amazon.avod.thirdpartyclient-FOlsc88aCQ1nJe1eiDTajA==/oat/arm64/base.odex) is kOatUpToDate with filter 'speed-profile' executable 'false'
10-29 15:29:11.723 27406 27410 I artd    : GetBestInfo: odex next to the dex file (/data/app/~~nZ9eNFkNWOgVnr7JnIlnNg==/com.google.android.apps.messaging-UcSOjDhmlaYgGYaWLgJI2A==/oat/arm64/base.odex) is kOatUpToDate with filter 'speed-profile' executable 'false'
10-29 15:29:11.725 27406 30413 W artd    : Could not get dex checksums for location /data/app/~~4xkHno2TP4YAL_hxWUGGBg==/com.google.android.apps.messaging-heqBLr-vgWDoWa8ayRvldw==/base.apk, fd=-1
10-29 15:29:11.755 27406 30413 I artd    : GetBestInfo: odex next to the dex file (/data/app/~~U_9nG6hOb6heF75F3xhWVg==/com.google.android.googlequicksearchbox-hO0t_x6hOINMiLRN11XaDw==/oat/arm64/base.odex) is kOatUpToDate with filter 'speed-profile' executable 'false'
10-29 15:29:11.764 27267 27267 W Finsky  : [2] STU: Failed to get storage stats for package 'com.android.vndk.v31' (1601: Error getting stats: android.content.pm.PackageManager.NameNotFoundException)
10-29 15:29:11.766 27267 27267 W Finsky  : [2] STU: Failed to get storage stats for package 'com.android.vndk.v33' (1601: Error getting stats: android.content.pm.PackageManager.NameNotFoundException)
10-29 15:29:11.779 27267 27267 W Finsky  : [2] STU: Failed to get storage stats for package 'com.android.vndk.v34' (1601: Error getting stats: android.content.pm.PackageManager.NameNotFoundException)
10-29 15:29:11.798 27406 27410 I artd    : GetBestInfo: odex next to the dex file (/data/app/~~Ni5m9rOIYd20IHvTFoOnuQ==/com.mediocre.smashhit-qUOp6xc7dkQFBJI_0eD-FQ==/oat/arm64/base.odex) is kOatUpToDate with filter 'speed-profile' executable 'false'
10-29 15:29:11.805 27406 27410 I artd    : GetBestInfo: vdex next to the dex file (/data/user/0/com.mediocre.smashhit/app_pccache/5/6D8DFE5A7E736B59EEF1FDF8D2FF55E7A1CEC401/oat/arm64/pcam.vdex) is kOatUpToDate with filter 'verify' executable 'false'
10-29 15:29:11.825 27406 30413 I artd    : GetBestInfo: odex next to the dex file (/data/app/~~4kLhMOYhQOc1nwW4tOfV2A==/com.google.android.documentsui--Wkdg_ycgDklgU9r4H2HRw==/oat/arm64/base.odex) is kOatUpToDate with filter 'speed-profile' executable 'false'
10-29 15:29:11.862 27406 30413 I artd    : GetBestInfo: odex next to the dex file (/data/app/~~sUn1Vnw0s8wvf1wElnNarg==/com.google.android.contactkeys-a4MbaF0c7nWbf08c65_Itg==/oat/arm64/base.odex) is kOatUpToDate with filter 'speed-profile' executable 'false'
10-29 15:29:11.885 30412 30420 W dex2oat64: Verification error in void org.apache.commons.codec.binary.Base64OutputStream.<init>(java.io.OutputStream, boolean)
10-29 15:29:11.885 30412 30420 W dex2oat64: void org.apache.commons.codec.binary.Base64OutputStream.<init>(java.io.OutputStream, boolean): [0x3] couldn't find method org.apache.commons.codec.binary.Base64.<init> (Z)V
10-29 15:29:11.885 30412 30420 W dex2oat64: void org.apache.commons.codec.binary.Base64OutputStream.<init>(java.io.OutputStream, boolean) failed to verify: void org.apache.commons.codec.binary.Base64OutputStream.<init>(java.io.OutputStream, boolean): [0x6] register v0 has type Reference: org.apache.commons.codec.binary.Base64 but expected Reference: org.apache.commons.codec.binary.BaseNCodec
10-29 15:29:11.885 30412 30419 W dex2oat64: Verification error in void org.apache.commons.codec.binary.Base64InputStream.<init>(java.io.InputStream, boolean)
10-29 15:29:11.885 30412 30419 W dex2oat64: void org.apache.commons.codec.binary.Base64InputStream.<init>(java.io.InputStream, boolean): [0x3] couldn't find method org.apache.commons.codec.binary.Base64.<init> (Z)V
10-29 15:29:11.885 30412 30419 W dex2oat64: void org.apache.commons.codec.binary.Base64InputStream.<init>(java.io.InputStream, boolean) failed to verify: void org.apache.commons.codec.binary.Base64InputStream.<init>(java.io.InputStream, boolean): [0x6] register v0 has type Reference: org.apache.commons.codec.binary.Base64 but expected Reference: org.apache.commons.codec.binary.BaseNCodec
10-29 15:29:11.885 30412 30420 W dex2oat64: Verification error in void org.apache.commons.codec.binary.Base64OutputStream.<init>(java.io.OutputStream, boolean, int, byte[])
10-29 15:29:11.885 30412 30420 W dex2oat64: void org.apache.commons.codec.binary.Base64OutputStream.<init>(java.io.OutputStream, boolean, int, byte[]): [0x2] couldn't find method org.apache.commons.codec.binary.Base64.<init> (I[B)V
10-29 15:29:11.885 30412 30420 W dex2oat64: void org.apache.commons.codec.binary.Base64OutputStream.<init>(java.io.OutputStream, boolean, int, byte[]) failed to verify: void org.apache.commons.codec.binary.Base64OutputStream.<init>(java.io.OutputStream, boolean, int, byte[]): [0x5] register v0 has type Reference: org.apache.commons.codec.binary.Base64 but expected Reference: org.apache.commons.codec.binary.BaseNCodec
10-29 15:29:11.885 30412 30419 W dex2oat64: Verification error in void org.apache.commons.codec.binary.Base64InputStream.<init>(java.io.InputStream, boolean, int, byte[])
10-29 15:29:11.885 30412 30419 W dex2oat64: void org.apache.commons.codec.binary.Base64InputStream.<init>(java.io.InputStream, boolean, int, byte[]): [0x2] couldn't find method org.apache.commons.codec.binary.Base64.<init> (I[B)V
10-29 15:29:11.885 30412 30419 W dex2oat64: void org.apache.commons.codec.binary.Base64InputStream.<init>(java.io.InputStream, boolean, int, byte[]) failed to verify: void org.apache.commons.codec.binary.Base64InputStream.<init>(java.io.InputStream, boolean, int, byte[]): [0x5] register v0 has type Reference: org.apache.commons.codec.binary.Base64 but expected Reference: org.apache.commons.codec.binary.BaseNCodec
10-29 15:29:11.903 27406 30413 I artd    : GetBestInfo: odex next to the dex file (/data/app/~~42EDeu8lGou3uKnNbJ9RuQ==/com.microsoft.appmanager-K4dYXUTtlN439IIl-dp08g==/oat/arm64/base.odex) is kOatUpToDate with filter 'speed-profile' executable 'false'
10-29 15:29:11.913 27267 27267 W Finsky  : [2] STU: Failed to get storage stats for package 'com.google.android.sdkext' (1601: Error getting stats: android.content.pm.PackageManager.NameNotFoundException)
10-29 15:29:11.940 27406 30413 I artd    : GetBestInfo: odex next to the dex file (/data/app/~~T7jWlxcFCAiC8Ci9ggNyBw==/com.instagram.android-_L2fLAynusyUQjeFfquX1Q==/oat/arm64/base.odex) is kOatUpToDate with filter 'speed-profile' executable 'false'
10-29 15:29:11.969 27406 27410 I artd    : GetBestInfo: odex next to the dex file (/data/app/~~mh30IbrruuiSGSMW3y9iUg==/com.vivo.website-1N-UUIgXUM_HVNQsKf4Grg==/oat/arm64/base.odex) is kOatUpToDate with filter 'speed-profile' executable 'false'
10-29 15:29:12.008 27406 30413 I artd    : GetBestInfo: odex next to the dex file (/data/app/~~OsrxmSHUWmNZpozg4JMatQ==/in.amazon.mShop.android.shopping-3eORU81DF8g35l_mIdqMbg==/oat/arm64/base.odex) is kOatUpToDate with filter 'speed-profile' executable 'false'
10-29 15:29:12.018 27267 27267 W Finsky  : [2] STU: Failed to get storage stats for package 'com.google.android.adservices' (1601: Error getting stats: android.content.pm.PackageManager.NameNotFoundException)
10-29 15:29:12.020 27267 27267 W Finsky  : [2] STU: Failed to get storage stats for package 'com.google.android.tethering' (1601: Error getting stats: android.content.pm.PackageManager.NameNotFoundException)
10-29 15:29:12.038 27406 30413 I artd    : GetBestInfo: dm (/data/app/~~kbtHfT9I861Nbiazpdx0mQ==/com.google.android.captiveportallogin-CiX56fMqIXj5uPjSGn0JOA==/base.dm) is kOatUpToDate with filter 'verify' executable 'false'
10-29 15:29:12.082 27406 30413 I artd    : GetBestInfo: vdex next to the dex file (/data/app/~~K9z-5i1uFZX9Xv5qbTw7ag==/com.vivo.game-fd-TV-qqFpLSbnYswu3nnw==/oat/arm64/base.vdex) is kOatUpToDate with filter 'verify' executable 'false'
10-29 15:29:12.113 27406 27410 I artd    : GetBestInfo: odex next to the dex file (/data/app/~~TMBzU86A6AmkITIBZzl89g==/com.a1taxi.a1taxicustomer-RFDht-bbcgiI7zciO7lk0g==/oat/arm64/base.odex) is kOatUpToDate with filter 'speed-profile' executable 'false'
10-29 15:29:12.123 27406 27410 I artd    : GetBestInfo: odex next to the dex file (/data/app/~~7VJpeTbVUVoDxJWeNd0Hog==/com.android.chrome-sHIQtPLnwPLLkvZqdMjnRQ==/oat/arm64/base.odex) is kOatUpToDate with filter 'speed-profile' executable 'false'
10-29 15:29:12.128 27406 27410 I artd    : GetBestInfo: dm (/data/app/~~7VJpeTbVUVoDxJWeNd0Hog==/com.android.chrome-sHIQtPLnwPLLkvZqdMjnRQ==/split_chrome.dm) is kOatUpToDate with filter 'verify' executable 'false'
10-29 15:29:12.130 27406 27410 I artd    : GetBestInfo: dm (/data/app/~~7VJpeTbVUVoDxJWeNd0Hog==/com.android.chrome-sHIQtPLnwPLLkvZqdMjnRQ==/split_dev_ui.dm) is kOatUpToDate with filter 'verify' executable 'false'
10-29 15:29:12.133 27406 27410 I artd    : GetBestInfo: dm (/data/app/~~7VJpeTbVUVoDxJWeNd0Hog==/com.android.chrome-sHIQtPLnwPLLkvZqdMjnRQ==/split_on_demand.dm) is kOatUpToDate with filter 'verify' executable 'false'
10-29 15:29:12.135 27406 27410 I artd    : GetBestInfo: dm (/data/app/~~7VJpeTbVUVoDxJWeNd0Hog==/com.android.chrome-sHIQtPLnwPLLkvZqdMjnRQ==/split_stack_unwinder.dm) is kOatUpToDate with filter 'verify' executable 'false'
10-29 15:29:12.136 27406 27410 I artd    : GetBestInfo: dm (/data/app/~~7VJpeTbVUVoDxJWeNd0Hog==/com.android.chrome-sHIQtPLnwPLLkvZqdMjnRQ==/split_test_dummy.dm) is kOatUpToDate with filter 'verify' executable 'false'
10-29 15:29:12.167 30412 30412 I dex2oat64: Explicit concurrent copying GC freed 16MB AllocSpace bytes, 25(400KB) LOS objects, 99% free, 229KB/24MB, paused 26us,7us total 6.167ms
10-29 15:29:12.179 27406 30413 I artd    : GetBestInfo: odex next to the dex file (/data/app/~~utogSPA5mHq74rEpMdjyMg==/com.facebook.services-uDwGm_MP1nhH84SUX5B9jw==/oat/arm64/base.odex) is kOatUpToDate with filter 'verify' executable 'false'
10-29 15:29:12.191 27267 27267 W Finsky  : [2] STU: Failed to get storage stats for package 'com.android.runtime' (1601: Error getting stats: android.content.pm.PackageManager.NameNotFoundException)
10-29 15:29:12.217 27406 30413 I artd    : GetBestInfo: odex next to the dex file (/data/app/~~qSopo4JjtvrLzorxxT3Jcw==/com.netflix.mediaclient-q9zxKx4zNu7uEZ9USUU85Q==/oat/arm64/base.odex) is kOatUpToDate with filter 'speed-profile' executable 'false'
10-29 15:29:12.229 30412 30412 I dex2oat64: dex2oat took 1.154s (1.921s cpu) (threads: 4) arena alloc=1699KB (1740320B) java alloc=229KB (235472B) native alloc=4721KB (4834624B) free=662KB (678592B) swap=16MB (16777216B)
10-29 15:29:12.245 27406 27407 I artd    : dex2oat returned code 0
10-29 15:29:12.262 27267 27267 W Finsky  : [2] STU: Failed to get storage stats for package 'com.google.android.cellbroadcast' (1601: Error getting stats: android.content.pm.PackageManager.NameNotFoundException)
10-29 15:29:12.295  9313  9537 I AndroidBackupEventsLogg: (REDACTED) Logging with sampling event %s
10-29 15:29:12.296  9313  9537 I AndroidBackupEventsLogg: (REDACTED) Logging with sampling event %s
10-29 15:29:12.297  9313  9537 I AndroidBackupEventsLogg: (REDACTED) Logging with sampling event %s
10-29 15:29:12.297  9313  9537 I AndroidBackupEventsLogg: (REDACTED) Logging with sampling event %s
10-29 15:29:12.300  9313 11166 I AndroidBackupEventsLogg: (REDACTED) Logging with sampling event %s
10-29 15:29:12.304  9313 11166 I Backup  : [GmsBackupTransport] New restore session, 2 apps
10-29 15:29:12.317  9313 11166 I Backup  : [DenylistedInfoRequestProcessor] Attaching GetAppKeyDenylistInfo request to restore request.
10-29 15:29:12.327 27406 27410 I artd    : GetBestInfo: odex next to the dex file (/data/app/~~FHzHO1ykTtTf2DCWYXY9QQ==/com.grofers.customerapp-RIOELgCmdu-kvRQJAuDnJw==/oat/arm64/base.odex) is kOatUpToDate with filter 'speed-profile' executable 'false'
10-29 15:29:12.352 27406 27410 I artd    : GetBestInfo: odex next to the dex file (/data/app/~~fEibWwpOoq33dRZSFZ920A==/com.google.android.accessibility.switchaccess-cweGvKt1T9_r8DM83BM_jg==/oat/arm64/base.odex) is kOatUpToDate with filter 'speed-profile' executable 'false'
10-29 15:29:12.403 27406 27410 I artd    : GetBestInfo: odex next to the dex file (/data/app/~~rUeNTINGgbUNobPZ0Qh4uw==/com.google.android.apps.wellbeing-aBN_STDA7BMcUbQ3HgeMfA==/oat/arm64/base.odex) is kOatUpToDate with filter 'speed-profile' executable 'false'
10-29 15:29:12.439 27406 27410 I artd    : GetBestInfo: odex next to the dex file (/data/app/~~FwSf80t46U_vTRTdmQmJuA==/com.olacabs.customer-GwrNZORAysqaoaufvi1PxA==/oat/arm64/base.odex) is kOatUpToDate with filter 'speed-profile' executable 'false'
10-29 15:29:12.442  9313 22656 W Conscrypt: Could not set socket write timeout: java.net.SocketException: Socket closed
10-29 15:29:12.445  9313 22656 W Conscrypt: 	at com.google.android.gms.org.conscrypt.Platform.setSocketWriteTimeout(:com.google.android.gms@254232035@25.42.32 (260400-820822052):204)
10-29 15:29:12.446  9313 22656 W Conscrypt: 	at com.google.android.gms.org.conscrypt.ConscryptFileDescriptorSocket.setSoWriteTimeout(:com.google.android.gms@254232035@25.42.32 (260400-820822052):4)
