10-18 20:54:11.927 11492 13063 I ReactNativeJS:  Notification sound service initialized
10-18 20:54:11.928 11492 13063 I ReactNativeJS: === RIDES SCREEN STATE DEBUG ===
10-18 20:54:11.928 11492 13063 I ReactNativeJS:  Component state updated:
10-18 20:54:11.928 11492 13063 I ReactNativeJS: '  - Current ride:', 'null'
10-18 20:54:11.928 11492 13063 I ReactNativeJS: '  - Pending rides count:', 0
10-18 20:54:11.928 11492 13063 I ReactNativeJS: '  - Driver status:', 'busy'
10-18 20:54:11.928 11492 13063 I ReactNativeJS: '  - Loading:', true
10-18 20:54:11.928 11492 13063 I ReactNativeJS: '  - Error:', null
10-18 20:54:11.928 11492 13063 I ReactNativeJS: '  - Show modal:', false
10-18 20:54:11.928 11492 13063 I ReactNativeJS: '  - Timestamp:', '2025-10-18T15:24:11.928Z'
10-18 20:54:11.928 11492 13063 I ReactNativeJS:  NO CURRENT RIDE - showing empty state
10-18 20:54:11.928 11492 13063 I ReactNativeJS: === RIDE REQUEST MODAL LOGIC DEBUG ===
10-18 20:54:11.928 11492 13063 I ReactNativeJS:  Checking if should show ride request modal:
10-18 20:54:11.928 11492 13063 I ReactNativeJS: '  - Pending rides:', 0
10-18 20:54:11.928 11492 13063 I ReactNativeJS: '  - Modal already showing:', false
10-18 20:54:11.928 11492 13063 I ReactNativeJS: '  - Driver status:', 'busy'
10-18 20:54:11.928 11492 13063 I ReactNativeJS: '  - Has current ride:', false
10-18 20:54:11.928 11492 13063 I ReactNativeJS:  NOT SHOWING MODAL - reasons:
10-18 20:54:11.929 11492 13063 I ReactNativeJS: ' Analysis:', { pendingRidesCount: 0,
10-18 20:54:11.929 11492 13063 I ReactNativeJS:   modalAlreadyShowing: false,
10-18 20:54:11.929 11492 13063 I ReactNativeJS:   driverStatus: 'busy',
10-18 20:54:11.929 11492 13063 I ReactNativeJS:   hasCurrentRide: false }
10-18 20:54:11.932 11492 13063 I ReactNativeJS: === NAVIGATION CHECK ===
10-18 20:54:11.932 11492 13063 I ReactNativeJS: 'In auth group:', false
10-18 20:54:11.932 11492 13063 I ReactNativeJS: 'Has session:', false
10-18 20:54:11.932 11492 13063 I ReactNativeJS: 'Has driver:', true
10-18 20:54:11.932 11492 13063 I ReactNativeJS: 'Current segments:', [ '(tabs)', 'rides' ]
10-18 20:54:11.932 11492 13063 I ReactNativeJS: 'Loading state:', false
10-18 20:54:11.933 11492 13063 I ReactNativeJS: 'Is authenticated:', { id: 'eb91d7e5-e2f2-4021-a8c8-3739a3d4cae4',
10-18 20:54:11.933 11492 13063 I ReactNativeJS:   user_id: '1c4ac410-54d8-4b5e-960b-3afcbebd115d',
10-18 20:54:11.933 11492 13063 I ReactNativeJS:   license_number: 'TY58971234',
10-18 20:54:11.933 11492 13063 I ReactNativeJS:   license_expiry: '2025-10-04',
10-18 20:54:11.933 11492 13063 I ReactNativeJS:   status: 'busy',
10-18 20:54:11.933 11492 13063 I ReactNativeJS:   rating: 5,
10-18 20:54:11.933 11492 13063 I ReactNativeJS:   total_rides: 40,
10-18 20:54:11.933 11492 13063 I ReactNativeJS:   is_verified: true,
10-18 20:54:11.933 11492 13063 I ReactNativeJS:   vehicle_id: 'e7591bc7-c083-49f6-b30d-cc0d6964f3a1',
10-18 20:54:11.933 11492 13063 I ReactNativeJS:   vendor_id: null,
10-18 20:54:11.933 11492 13063 I ReactNativeJS:   phone_number: '9598972325',
10-18 20:54:11.933 11492 13063 I ReactNativeJS:   name: 'john',
10-18 20:54:11.933 11492 13063 I ReactNativeJS:   created_at: '2025-09-16T17:06:10.397003+00:00',
10-18 20:54:11.933 11492 13063 I ReactNativeJS:   updated_at: '2025-10-18T15:15:50.284134+00:00',
10-18 20:54:11.933 11492 13063 I ReactNativeJS:   user: 
10-18 20:54:11.933 11492 13063 I ReactNativeJS:    { id: '1c4ac410-54d8-4b5e-960b-3afcbebd115d',
10-18 20:54:11.933 11492 13063 I ReactNativeJS:      email: 'john@gmail.com',
10-18 20:54:11.933 11492 13063 I ReactNativeJS:      role: 'driver',
10-18 20:54:11.933 11492 13063 I ReactNativeJS:      full_name: 'john',
10-18 20:54:11.933 11492 13063 I ReactNativeJS:      phone_number: '9598972325',
10-18 20:54:11.933 11492 13063 I ReactNativeJS:      avatar_url: null,
10-18 20:54:11.933 11492 13063 I ReactNativeJS:      is_active: true,
10-18 20:54:11.933 11492 13063 I ReactNativeJS:      created_at: '2025-09-16T17:06:09.397142+00:00',
10-18 20:54:11.933 11492 13063 I ReactNativeJS:      updated_at: '2025-09-16T17:06:09.397142+00:00' },
10-18 20:54:11.933 11492 13063 I ReactNativeJS:   vehicle: 
10-18 20:54:11.933 11492 13063 I ReactNativeJS:    { id: 'e7591bc7-c083-49f6-b30d-cc0d6964f3a1',
10-18 20:54:11.933 11492 13063 I ReactNativeJS:      registration_number: 'KA51MN1111',
10-18 20:54:11.933 11492 13063 I ReactNativeJS:      make: 'Maruti',
10-18 20:54:11.933 11492 13063 I ReactNativeJS:      model: 'Ciaz',
10-18 20:54:11.933 11492 13063 I ReactNativeJS:      year: 2022,
10-18 20:54:11.933 11492 13063 I ReactNativeJS:      color: 'Silver',
10-18 20:54:11.933 11492 13063 I ReactNativeJS:      vehicle_type: 'sedan',
10-18 20:54:11.933 11492 13063 I ReactNativeJS:      capacity: 4 } }
10-18 20:54:11.933 11492 13063 I ReactNativeJS: No navigation needed - staying in current route
10-18 20:54:11.933 11492 13063 I ReactNativeJS: ' Got native location:', { accuracy: 3.0190000534057617,
10-18 20:54:11.933 11492 13063 I ReactNativeJS:   longitude: 77.8299592,
10-18 20:54:11.933 11492 13063 I ReactNativeJS:   altitude: 772.5999755859375,
10-18 20:54:11.933 11492 13063 I ReactNativeJS:   heading: 89.9807357788086,
10-18 20:54:11.933 11492 13063 I ReactNativeJS:   latitude: 12.7486013,
10-18 20:54:11.933 11492 13063 I ReactNativeJS:   altitudeAccuracy: 1.2897565364837646,
10-18 20:54:11.933 11492 13063 I ReactNativeJS:   speed: 0.10429488867521286 }
10-18 20:54:12.141 11492 13064 W unknown:ViewManagerPropertyUpdater: Could not find generated setter for class com.rnmaps.maps.SizeReportingShadowNode
10-18 20:54:12.149 11492 13063 I ReactNativeJS: ' Current ride loaded:', { id: '8fb34677-14fc-4479-b3c5-d42763361ec5',
10-18 20:54:12.149 11492 13063 I ReactNativeJS:   status: 'accepted',
10-18 20:54:12.149 11492 13063 I ReactNativeJS:   pickup: 'PRXJ+F32, Brindavan Nagar, Anand Nagar, Hosur, Tamil Nadu 635109, India',
10-18 20:54:12.149 11492 13063 I ReactNativeJS:   destination: 'Bagalur, Tamil Nadu, India',
10-18 20:54:12.149 11492 13063 I ReactNativeJS:   customer: 
10-18 20:54:12.149 11492 13063 I ReactNativeJS:    { id: 'e95a4f14-8958-49e9-8ede-d81b82a7ba12',
10-18 20:54:12.149 11492 13063 I ReactNativeJS:      full_name: 'Ricco',
10-18 20:54:12.149 11492 13063 I ReactNativeJS:      phone_number: null,
10-18 20:54:12.149 11492 13063 I ReactNativeJS:      email: '918608374935@a1taxi.app' } }
10-18 20:54:12.149 11492 13063 I ReactNativeJS:  Driver has current ride - not loading pending ride requests
10-18 20:54:12.149 11492 13063 I ReactNativeJS: === RIDES SCREEN STATE DEBUG ===
10-18 20:54:12.149 11492 13063 I ReactNativeJS:  Component state updated:
10-18 20:54:12.150 11492 13063 I ReactNativeJS: '  - Current ride:', { id: '8fb34677-14fc-4479-b3c5-d42763361ec5',
10-18 20:54:12.150 11492 13063 I ReactNativeJS:   status: 'accepted',
10-18 20:54:12.150 11492 13063 I ReactNativeJS:   pickup: 'PRXJ+F32, Brindavan Nagar, Anand Nagar, Hosur, Tamil Nadu 635109, India',
10-18 20:54:12.150 11492 13063 I ReactNativeJS:   destination: 'Bagalur, Tamil Nadu, India' }
10-18 20:54:12.150 11492 13063 I ReactNativeJS: '  - Pending rides count:', 0
10-18 20:54:12.150 11492 13063 I ReactNativeJS: '  - Driver status:', 'busy'
10-18 20:54:12.150 11492 13063 I ReactNativeJS: '  - Loading:', true
10-18 20:54:12.150 11492 13063 I ReactNativeJS: '  - Error:', null
10-18 20:54:12.150 11492 13063 I ReactNativeJS: '  - Show modal:', false
10-18 20:54:12.150 11492 13063 I ReactNativeJS: '  - Timestamp:', '2025-10-18T15:24:12.150Z'
10-18 20:54:12.150 11492 13063 I ReactNativeJS:  CURRENT RIDE EXISTS - should be visible in UI
10-18 20:54:12.150 11492 13063 I ReactNativeJS: === RIDE REQUEST MODAL LOGIC DEBUG ===
10-18 20:54:12.150 11492 13063 I ReactNativeJS:  Checking if should show ride request modal:
10-18 20:54:12.150 11492 13063 I ReactNativeJS: '  - Pending rides:', 0
10-18 20:54:12.150 11492 13063 I ReactNativeJS: '  - Modal already showing:', false
10-18 20:54:12.150 11492 13063 I ReactNativeJS: '  - Driver status:', 'busy'
10-18 20:54:12.150 11492 13063 I ReactNativeJS: '  - Has current ride:', true
10-18 20:54:12.150 11492 13063 I ReactNativeJS:  NOT SHOWING MODAL - reasons:
10-18 20:54:12.150 11492 13063 I ReactNativeJS: ' Analysis:', { pendingRidesCount: 0,
10-18 20:54:12.150 11492 13063 I ReactNativeJS:   modalAlreadyShowing: false,
10-18 20:54:12.150 11492 13063 I ReactNativeJS:   driverStatus: 'busy',
10-18 20:54:12.150 11492 13063 I ReactNativeJS:   hasCurrentRide: true }
10-18 20:54:12.157 11492 11492 D MapsInitializer: preferredRenderer: LATEST
10-18 20:54:12.157 11492 11492 D zzcc    : preferredRenderer: LATEST
10-18 20:54:12.157 11492 11492 I zzcc    : Making Creator dynamically
10-18 20:54:12.158 11492 13063 I ReactNativeJS: === RIDES SCREEN STATE DEBUG ===
10-18 20:54:12.158 11492 13063 I ReactNativeJS:  Component state updated:
10-18 20:54:12.158 11492 13063 I ReactNativeJS: '  - Current ride:', { id: '8fb34677-14fc-4479-b3c5-d42763361ec5',
10-18 20:54:12.158 11492 13063 I ReactNativeJS:   status: 'accepted',
10-18 20:54:12.158 11492 13063 I ReactNativeJS:   pickup: 'PRXJ+F32, Brindavan Nagar, Anand Nagar, Hosur, Tamil Nadu 635109, India',
10-18 20:54:12.158 11492 13063 I ReactNativeJS:   destination: 'Bagalur, Tamil Nadu, India' }
10-18 20:54:12.158 11492 13063 I ReactNativeJS: '  - Pending rides count:', 0
10-18 20:54:12.158 11492 13063 I ReactNativeJS: '  - Driver status:', 'busy'
10-18 20:54:12.158 11492 13063 I ReactNativeJS: '  - Loading:', true
10-18 20:54:12.158 11492 13063 I ReactNativeJS: '  - Error:', null
10-18 20:54:12.158 11492 13063 I ReactNativeJS: '  - Show modal:', false
10-18 20:54:12.158 11492 13063 I ReactNativeJS: '  - Timestamp:', '2025-10-18T15:24:12.158Z'
10-18 20:54:12.158 11492 13063 I ReactNativeJS:  CURRENT RIDE EXISTS - should be visible in UI
10-18 20:54:12.158 11492 13063 I ReactNativeJS: === RIDE REQUEST MODAL LOGIC DEBUG ===
10-18 20:54:12.158 11492 13063 I ReactNativeJS:  Checking if should show ride request modal:
10-18 20:54:12.158 11492 13063 I ReactNativeJS: '  - Pending rides:', 0
10-18 20:54:12.158 11492 13063 I ReactNativeJS: '  - Modal already showing:', false
10-18 20:54:12.158 11492 13063 I ReactNativeJS: '  - Driver status:', 'busy'
10-18 20:54:12.158 11492 13063 I ReactNativeJS: '  - Has current ride:', true
10-18 20:54:12.158 11492 13063 I ReactNativeJS:  NOT SHOWING MODAL - reasons:
10-18 20:54:12.158 11492 13063 I ReactNativeJS: ' Analysis:', { pendingRidesCount: 0,
10-18 20:54:12.158 11492 13063 I ReactNativeJS:   modalAlreadyShowing: false,
10-18 20:54:12.158 11492 13063 I ReactNativeJS:   driverStatus: 'busy',
10-18 20:54:12.158 11492 13063 I ReactNativeJS:   hasCurrentRide: true }
10-18 20:54:12.162 11492 11492 W 1taxi.driverpro: ClassLoaderContext classpath size mismatch. expected=1, found=0 (DLC[];PCL[base.apk*2536329430]{PCL[/system/framework/org.apache.http.legacy.jar*1230680128]#PCL[/system/framework/com.android.media.remotedisplay.jar*2042759013]#PCL[/system/framework/com.android.location.provider.jar*3414091812]#PCL[/system_ext/framework/androidx.window.extensions.jar*3686172054]#PCL[/system_ext/framework/androidx.window.sidecar.jar*3225371103]} | DLC[];PCL[])
10-18 20:54:12.164 11492 11492 I DynamiteModule: Considering local module com.google.android.gms.maps_core_dynamite:0 and remote module com.google.android.gms.maps_core_dynamite:253425402
10-18 20:54:12.164 11492 11492 I DynamiteModule: Selected remote version of com.google.android.gms.maps_core_dynamite, version >= 253425402
10-18 20:54:12.164 11492 11492 V DynamiteModule: Dynamite loader version >= 2, using loadModule2NoCrashUtils
10-18 20:54:12.166 11492 13063 I ReactNativeJS: === RIDES SCREEN STATE DEBUG ===
10-18 20:54:12.166 11492 13063 I ReactNativeJS:  Component state updated:
10-18 20:54:12.167 11492 13063 I ReactNativeJS: '  - Current ride:', { id: '8fb34677-14fc-4479-b3c5-d42763361ec5',
10-18 20:54:12.167 11492 13063 I ReactNativeJS:   status: 'accepted',
10-18 20:54:12.167 11492 13063 I ReactNativeJS:   pickup: 'PRXJ+F32, Brindavan Nagar, Anand Nagar, Hosur, Tamil Nadu 635109, India',
10-18 20:54:12.167 11492 13063 I ReactNativeJS:   destination: 'Bagalur, Tamil Nadu, India' }
10-18 20:54:12.167 11492 13063 I ReactNativeJS: '  - Pending rides count:', 0
10-18 20:54:12.167 11492 13063 I ReactNativeJS: '  - Driver status:', 'busy'
10-18 20:54:12.167 11492 13063 I ReactNativeJS: '  - Loading:', false
10-18 20:54:12.167 11492 13063 I ReactNativeJS: '  - Error:', null
10-18 20:54:12.167 11492 13063 I ReactNativeJS: '  - Show modal:', false
10-18 20:54:12.167 11492 13063 I ReactNativeJS: '  - Timestamp:', '2025-10-18T15:24:12.167Z'
10-18 20:54:12.167 11492 13063 I ReactNativeJS:  CURRENT RIDE EXISTS - should be visible in UI
10-18 20:54:12.168 11492 11492 W System  : ClassLoader referenced unknown path: 
10-18 20:54:12.169 11492 11492 D nativeloader: Configuring clns-10 for other apk . target_sdk_version=36, uses_libraries=, library_path=/data/app/~~Nj5x6oEjOfi5wD5H_znOGQ==/com.google.android.gms-is4C_Gk9dUPsxVnNnVBzPg==/lib/arm64:/data/app/~~Nj5x6oEjOfi5wD5H_znOGQ==/com.google.android.gms-is4C_Gk9dUPsxVnNnVBzPg==/base.apk!/lib/arm64-v8a, permitted_path=/data:/mnt/expand:/data/user/0/com.google.android.gms
10-18 20:54:12.184 11492 11492 D nativeloader: Configuring clns-11 for other apk . target_sdk_version=34, uses_libraries=ALL, library_path=/data/user_de/0/com.google.android.gms/app_chimera/m/0000001d/dl-MapsCoreDynamite.integ_253425402100400.apk!/lib/arm64-v8a, permitted_path=/data:/mnt/expand
10-18 20:54:12.184 11492 11492 D nativeloader: Extending system_exposed_libraries: libapuwareapusys.mtk.so:libapuwareapusys_v2.mtk.so:libapuwarexrp.mtk.so:libapuwarexrp_v2.mtk.so:libapuwareutils.mtk.so:libapuwareutils_v2.mtk.so:libapuwarehmp.mtk.so:libneuron_graph_delegate.mtk.so:libneuronusdk_adapter.mtk.so:libtflite_mtk.mtk.so:libarmnn_ndk.mtk.so:libcmdl_ndk.mtk.so:libnir_neon_driver_ndk.mtk.so:libmvpu_runtime.mtk.so:libmvpu_runtime_pub.mtk.so:libmvpu_engine_pub.mtk.so:libmvpu_pattern_pub.mtk.so:libmvpuop_mtk_cv.mtk.so:libmvpuop_mtk_nn.mtk.so:libmvpu_runtime_25.mtk.so:libmvpu_runtime_25_pub.mtk.so:libmvpu_engine_25_pub.mtk.so:libmvpu_pattern_25_pub.mtk.so:libmvpuop25_mtk_cv.mtk.so:libmvpuop25_mtk_nn.mtk.so:libmvpu_config.mtk.so:libteeservice_client.trustonic.so:librealm-jni.vivo.so
10-18 20:54:12.185 11492 11492 D nativeloader: Load /data/user_de/0/com.google.android.gms/app_chimera/m/0000001d/dl-MapsCoreDynamite.integ_253425402100400.apk!/lib/arm64-v8a/libgmm-jni.so using isolated ns clns-11 (caller=/data/user_de/0/com.google.android.gms/app_chimera/m/0000001d/dl-MapsCoreDynamite.integ_253425402100400.apk): ok
10-18 20:54:12.185 11492 11492 I native  : I0000 00:00:1760801052.185813   11492 jni_init.cc:30] Initializing JNI...
10-18 20:54:12.186 11492 11492 I Google Android Maps SDK: Google Play services client version: 18020000
10-18 20:54:12.196 11492 11492 D bo      : SDK type: 1, version: 253425402
10-18 20:54:12.202 11492 11492 D hp      : maps_core_dynamite module version in use (0 represents standalone library): 253425402
10-18 20:54:12.203 11492 11492 D hp      : Added event: 110
10-18 20:54:12.203 11492 11492 D hp      : Added event: 112
10-18 20:54:12.203 11492 11492 D MapsInitializer: loadedRenderer: LATEST
10-18 20:54:12.203 11492 11492 D AirMapRenderer: LATEST
10-18 20:54:12.203 11492 11492 D MapsInitializer: preferredRenderer: null
10-18 20:54:12.204 11492 11492 D zzcc    : preferredRenderer: null
10-18 20:54:12.205 11492 11492 D bo      : SDK type: 1, version: 253425402
10-18 20:54:12.205 11492 11492 I Google Android Maps SDK: Google Play services package version: 253931035
10-18 20:54:12.205 11492 11492 I Google Android Maps SDK: Google Play services maps renderer version(maps_core): 253425402
10-18 20:54:12.205 11492 11492 D bo      : SDK type: 1, version: 253425402
10-18 20:54:12.205 11492 11492 D de      : about to start loading native library asynchronously
10-18 20:54:12.208 11492 11492 D AndroidRuntime: Shutting down VM
10-18 20:54:12.209 11492 11492 E AndroidRuntime: FATAL EXCEPTION: main
10-18 20:54:12.209 11492 11492 E AndroidRuntime: Process: com.a1taxi.driverpro, PID: 11492
10-18 20:54:12.209 11492 11492 E AndroidRuntime: java.lang.IllegalStateException: API key not found.  Check that <meta-data android:name="com.google.android.geo.API_KEY" android:value="your API key"/> is in the <application> element of AndroidManifest.xml
10-18 20:54:12.209 11492 11492 E AndroidRuntime: 	at com.google.maps.api.android.lib6.common.g.b(:com.google.android.gms.policy_maps_core_dynamite@253425407@253425402025.797495247.797495247:117)
10-18 20:54:12.209 11492 11492 E AndroidRuntime: 	at com.google.android.gms.maps.internal.CreatorImpl.c(:com.google.android.gms.policy_maps_core_dynamite@253425407@253425402025.797495247.797495247:806)
10-18 20:54:12.209 11492 11492 E AndroidRuntime: 	at com.google.android.gms.maps.internal.CreatorImpl.newMapViewDelegate(:com.google.android.gms.policy_maps_core_dynamite@253425407@253425402025.797495247.797495247:23)
10-18 20:54:12.209 11492 11492 E AndroidRuntime: 	at com.google.android.gms.maps.internal.h.br(:com.google.android.gms.policy_maps_core_dynamite@253425407@253425402025.797495247.797495247:311)
10-18 20:54:12.209 11492 11492 E AndroidRuntime: 	at m140.bat.onTransact(:com.google.android.gms.policy_maps_core_dynamite@253425407@253425402025.797495247.797495247:21)
10-18 20:54:12.209 11492 11492 E AndroidRuntime: 	at android.os.Binder.transact(Binder.java:1406)
10-18 20:54:12.209 11492 11492 E AndroidRuntime: 	at com.google.android.gms.internal.maps.zza.zzJ(com.google.android.gms:play-services-maps@@18.2.0:2)
10-18 20:54:12.209 11492 11492 E AndroidRuntime: 	at com.google.android.gms.maps.internal.zze.zzg(com.google.android.gms:play-services-maps@@18.2.0:4)
10-18 20:54:12.209 11492 11492 E AndroidRuntime: 	at com.google.android.gms.maps.zzai.zzb(com.google.android.gms:play-services-maps@@18.2.0:4)
10-18 20:54:12.209 11492 11492 E AndroidRuntime: 	at com.google.android.gms.maps.zzai.createDelegate(com.google.android.gms:play-services-maps@@18.2.0:1)
10-18 20:54:12.209 11492 11492 E AndroidRuntime: 	at com.google.android.gms.dynamic.DeferredLifecycleHelper.zaf(com.google.android.gms:play-services-base@@18.2.0:6)
10-18 20:54:12.209 11492 11492 E AndroidRuntime: 	at com.google.android.gms.dynamic.DeferredLifecycleHelper.onCreate(com.google.android.gms:play-services-base@@18.2.0:1)
10-18 20:54:12.209 11492 11492 E AndroidRuntime: 	at com.google.android.gms.maps.MapView.onCreate(com.google.android.gms:play-services-maps@@18.2.0:4)
10-18 20:54:12.209 11492 11492 E AndroidRuntime: 	at com.rnmaps.maps.MapView.<init>(MapView.java:176)
10-18 20:54:12.209 11492 11492 E AndroidRuntime: 	at com.rnmaps.maps.MapManager.createViewInstance(MapManager.java:77)
10-18 20:54:12.209 11492 11492 E AndroidRuntime: 	at com.rnmaps.maps.MapManager.createViewInstance(MapManager.java:32)
10-18 20:54:12.209 11492 11492 E AndroidRuntime: 	at com.facebook.react.uimanager.ViewManager.createViewInstance(ViewManager.java:176)
10-18 20:54:12.209 11492 11492 E AndroidRuntime: 	at com.rnmaps.maps.MapManager.createViewInstance(MapManager.java:107)
10-18 20:54:12.209 11492 11492 E AndroidRuntime: 	at com.rnmaps.maps.MapManager.createViewInstance(MapManager.java:32)
10-18 20:54:12.209 11492 11492 E AndroidRuntime: 	at com.facebook.react.uimanager.ViewManager.createView(ViewManager.java:108)
10-18 20:54:12.209 11492 11492 E AndroidRuntime: 	at com.facebook.react.uimanager.NativeViewHierarchyManager.createView(NativeViewHierarchyManager.java:281)
10-18 20:54:12.209 11492 11492 E AndroidRuntime: 	at com.facebook.react.uimanager.UIViewOperationQueue$CreateViewOperation.execute(UIViewOperationQueue.java:160)
10-18 20:54:12.209 11492 11492 E AndroidRuntime: 	at com.facebook.react.uimanager.UIViewOperationQueue$DispatchUIFrameCallback.dispatchPendingNonBatchedOperations(UIViewOperationQueue.java:1107)
10-18 20:54:12.209 11492 11492 E AndroidRuntime: 	at com.facebook.react.uimanager.UIViewOperationQueue$DispatchUIFrameCallback.doFrameGuarded(UIViewOperationQueue.java:1078)
10-18 20:54:12.209 11492 11492 E AndroidRuntime: 	at com.facebook.react.uimanager.GuardedFrameCallback.doFrame(GuardedFrameCallback.java:29)
10-18 20:54:12.209 11492 11492 E AndroidRuntime: 	at com.facebook.react.modules.core.ReactChoreographer$1.doFrame(ReactChoreographer.java:89)
10-18 20:54:12.209 11492 11492 E AndroidRuntime: 	at android.view.Choreographer$CallbackRecord.run(Choreographer.java:2669)
10-18 20:54:12.209 11492 11492 E AndroidRuntime: 	at android.view.Choreographer$CallbackRecord.run(Choreographer.java:2680)
10-18 20:54:12.209 11492 11492 E AndroidRuntime: 	at android.view.Choreographer.doCallbacks(Choreographer.java:1863)
10-18 20:54:12.209 11492 11492 E AndroidRuntime: 	at android.view.Choreographer.doFrame(Choreographer.java:1592)
10-18 20:54:12.209 11492 11492 E AndroidRuntime: 	at android.view.Choreographer$FrameDisplayEventReceiver.run(Choreographer.java:2496)
10-18 20:54:12.209 11492 11492 E AndroidRuntime: 	at android.os.Handler.handleCallback(Handler.java:1014)
10-18 20:54:12.209 11492 11492 E AndroidRuntime: 	at android.os.Handler.dispatchMessage(Handler.java:102)
10-18 20:54:12.209 11492 11492 E AndroidRuntime: 	at android.os.Looper.loopOnce(Looper.java:250)
10-18 20:54:12.209 11492 11492 E AndroidRuntime: 	at android.os.Looper.loop(Looper.java:340)
10-18 20:54:12.209 11492 11492 E AndroidRuntime: 	at android.app.ActivityThread.main(ActivityThread.java:9928)
10-18 20:54:12.209 11492 11492 E AndroidRuntime: 	at java.lang.reflect.Method.invoke(Native Method)
10-18 20:54:12.209 11492 11492 E AndroidRuntime: 	at com.android.internal.os.RuntimeInit$MethodAndArgsCaller.run(RuntimeInit.java:625)
10-18 20:54:12.209 11492 11492 E AndroidRuntime: 	at com.android.internal.os.ZygoteInit.main(ZygoteInit.java:957)
10-18 20:54:12.216 11492 13063 I ReactNativeJS: ' Location record', 'updated', 'successfully via RPC'
10-18 20:54:12.216 11492 13063 I ReactNativeJS:  Location record confirmed, starting tracking...
10-18 20:54:12.216 11492 13063 I ReactNativeJS:  Driver is now available for customer bookings
10-18 20:54:12.217 11492 13063 I ReactNativeJS: === STARTING LOCATION TRACKING ===
10-18 20:54:12.217 11492 13063 I ReactNativeJS: 'Driver:', 'john'
10-18 20:54:12.217 11492 13063 I ReactNativeJS: 'Status:', 'busy'
10-18 20:54:12.217 11492 13063 I ReactNativeJS: 'Permission:', true
10-18 20:54:12.217 11492 13063 I ReactNativeJS: === UPDATING LOCATION WITH GOOGLE MAPS ===
10-18 20:54:12.217 11492 13063 I ReactNativeJS:  Using native location...
10-18 20:54:12.217 11492 13063 I ReactNativeJS: === STARTING BACKGROUND LOCATION TRACKING ===
10-18 20:54:12.217 11492 13063 I ReactNativeJS: 'Driver:', 'john'
10-18 20:54:12.217 11492 13063 I ReactNativeJS: 'Status:', 'busy'
10-18 20:54:12.217 11492 13063 I ReactNativeJS: === STARTING BACKGROUND LOCATION TRACKING ===
10-18 20:54:12.217  6545  6545 D VRI[Launcher]: visibilityChanged oldVisibility=false newVisibility=true
10-18 20:54:12.217 11492 13063 I ReactNativeJS: 'Driver User ID:', '1c4ac410-54d8-4b5e-960b-3afcbebd115d'
10-18 20:54:12.217 11492 13063 I ReactNativeJS: 'Platform:', 'android'
10-18 20:54:12.218 11492 13097 W x       : Suppressed StrictMode policy violation: StrictModeDiskReadViolation
10-18 20:54:12.243  6545  6545 D ViewRootImpl: AppSizeAfterRelayout, size: Point(1080, 2392), rotation: ROTATION_0
10-18 20:54:12.243  6545  6545 D BufferQueueConsumer: [](id:199100000032,api:0,p:-1,c:6545) connect: controlledByApp=false
10-18 20:54:12.249  6545  6545 D BLASTBufferQueue: [VRI[Launcher]#50](f:0,a:0) constructor()
10-18 20:54:12.249  6545  6545 D BLASTBufferQueue: [VRI[Launcher]#50](f:0,a:0) update width=1080 height=2392 format=-2 mTransformHint=0
10-18 20:54:12.267  6545  6857 D BLASTBufferQueue: [VRI[Launcher]#50](f:0,a:1) acquireNextBufferLocked size=1080x2392 mFrameNumber=1 applyTransaction=true mTimestamp=618273554253466(auto) mPendingTransactions.size=0 graphicBufferId=28110560952671 transform=0
10-18 20:54:12.290  6545  6545 I bnlz    : onStart
10-18 20:54:12.293  6545  6545 I bldh    : (REDACTED) [%s] onStart()
10-18 20:54:12.293  6545  6545 I blfn    : Reloading theme data
10-18 20:54:12.295  6545  6545 I bnlz    : onResume
10-18 20:54:12.303 26036 12005 I FusedLocation: (REDACTED) stationary throttling engaged @%s
10-18 20:54:12.317 26036 10436 I FusedOrientationManager: Unregistering orientation client. [CONTEXT service_id=6 ]
10-18 20:54:12.435  6545  6545 I bnlz    : onPause
10-18 20:54:12.455  6545  6545 I bnlz    : onResume
10-18 20:54:12.481  5589  5589 I GoogleInputMethodService: GoogleInputMethodService.onFinishInput():2085 
10-18 20:54:12.481  5589  5589 I Module  : DeviceLockedStatusModuleProvider$Module.updateDeviceLockedStatus():100 repeatCheckTimes = 0, locked = false
10-18 20:54:12.482  5589  5589 I GoogleInputMethodService: GoogleInputMethodService.onStartInput():1346 onStartInput(EditorInfo{EditorInfo{packageName=com.android.launcher3, inputType=0, inputTypeString=NULL, enableLearning=false, autoCorrection=false, autoComplete=false, imeOptions=0, privateImeOptions=null, actionName=UNSPECIFIED, actionLabel=null, initialSelStart=-1, initialSelEnd=-1, initialCapsMode=0, label=null, fieldId=0, fieldName=null, extras=null, hintText=null, hintLocales=[]}}, false)
10-18 20:54:12.482  5589  5589 I Module  : DeviceLockedStatusModuleProvider$Module.updateDeviceLockedStatus():100 repeatCheckTimes = 1, locked = false
10-18 20:54:14.258  5589  5589 I GoogleInputMethodService: GoogleInputMethodService.onFinishInput():2085 
10-18 20:54:14.260  5589  5589 I Module  : DeviceLockedStatusModuleProvider$Module.updateDeviceLockedStatus():100 repeatCheckTimes = 0, locked = false
10-18 20:54:14.260  5589  5589 I GoogleInputMethodService: GoogleInputMethodService.onStartInput():1346 onStartInput(EditorInfo{EditorInfo{packageName=com.android.launcher3, inputType=0, inputTypeString=NULL, enableLearning=false, autoCorrection=false, autoComplete=false, imeOptions=0, privateImeOptions=null, actionName=UNSPECIFIED, actionLabel=null, initialSelStart=-1, initialSelEnd=-1, initialCapsMode=0, label=null, fieldId=0, fieldName=null, extras=null, hintText=null, hintLocales=[]}}, false)
10-18 20:54:14.261  5589  5589 I Module  : DeviceLockedStatusModuleProvider$Module.updateDeviceLockedStatus():100 repeatCheckTimes = 1, locked = false
10-18 20:54:14.261 11547 11547 I 1taxi.driverpro: Using CollectorTypeCC GC.
10-18 20:54:14.265 11547 11547 E 1taxi.driverpro: Not starting debugger since process cannot load the jdwp agent.
10-18 20:54:14.268 11547 11547 D nativeloader: Load libframework-connectivity-tiramisu-jni.so using APEX ns com_android_tethering for caller /apex/com.android.tethering/javalib/framework-connectivity-t.jar: ok
10-18 20:54:14.276 11547 11547 E 1taxi.driverpro: BBinder_init Processname  <pre-initialized>  
10-18 20:54:14.276 11547 11547 E 1taxi.driverpro: BBinder_init hasGetProcessName  <pre-initialized>
10-18 20:54:14.286 11547 11547 D CompatChangeReporter: Compat change id reported: 242716250; UID 10383; state: ENABLED
10-18 20:54:14.296  6545  6545 I bnlz    : onPause
10-18 20:54:14.297 11547 11547 D ApplicationLoaders: Returning zygote-cached class loader: /system/framework/org.apache.http.legacy.jar
10-18 20:54:14.304 11547 11547 D nativeloader: Configuring clns-7 for other apk /data/app/~~qdwfY3fN7Kk_DI0QZoyw_w==/com.a1taxi.driverpro-dOdIvavY5QucTesdsNTGwA==/base.apk. target_sdk_version=34, uses_libraries=, library_path=/data/app/~~qdwfY3fN7Kk_DI0QZoyw_w==/com.a1taxi.driverpro-dOdIvavY5QucTesdsNTGwA==/lib/arm64:/data/app/~~qdwfY3fN7Kk_DI0QZoyw_w==/com.a1taxi.driverpro-dOdIvavY5QucTesdsNTGwA==/base.apk!/lib/arm64-v8a, permitted_path=/data:/mnt/expand:/data/user/0/com.a1taxi.driverpro
10-18 20:54:14.312 26036 10436 I FusedLocation: stationary throttling disengaged [CONTEXT service_id=6 ]
10-18 20:54:14.315 11547 11547 V GraphicsEnvironment: Currently set values for:
10-18 20:54:14.315 11547 11547 V GraphicsEnvironment:   angle_gl_driver_selection_pkgs=[com.android.angle, com.linecorp.b612.android, com.campmobile.snow, com.google.android.apps.tachyon]
10-18 20:54:14.315 11547 11547 V GraphicsEnvironment:   angle_gl_driver_selection_values=[angle, native, native, native]
10-18 20:54:14.315 11547 11547 V GraphicsEnvironment: com.a1taxi.driverpro is not listed in per-application setting
10-18 20:54:14.315 11547 11547 V GraphicsEnvironment: App is not on the allowlist for updatable production driver.
10-18 20:54:14.333 11547 11547 W FirebaseApp: Default FirebaseApp failed to initialize because no default options were found. This usually means that com.google.gms:google-services was not applied to your gradle project.
10-18 20:54:14.333 11547 11547 I FirebaseInitProvider: FirebaseApp initialization unsuccessful
10-18 20:54:14.334 11547 11547 D WM-WrkMgrInitializer: Initializing WorkManager with default configuration.
10-18 20:54:14.337 26036 10436 I FusedOrientationManager: Registering orientation client. [CONTEXT service_id=6 ]
10-18 20:54:14.345 26036 26172 W inertial-anchor: Triggering reinit due to mag declination change
10-18 20:54:14.345 26036 26172 W Looper  : Looper already prepared for this thread with a different value for the LOOPER_PREPARE_ALLOW_NON_CALLBACKS option.
10-18 20:54:14.347 11547 11547 V SoLoader: Init SoLoader delegate
10-18 20:54:14.361 26036 26104 W Settings: Setting airplane_mode_on has moved from android.provider.Settings.System to android.provider.Settings.Global, returning read-only value.
10-18 20:54:14.366 26036 12626 W SystemServiceRegistry: No service published for: wifirtt
10-18 20:54:14.378 11547 11547 D AppCompatDelegate: Checking for metadata for AppLocalesMetadataHolderService : Service not found
10-18 20:54:14.437 11547 11547 V SoLoader: libhermes.so not found on /data/app/~~qdwfY3fN7Kk_DI0QZoyw_w==/com.a1taxi.driverpro-dOdIvavY5QucTesdsNTGwA==/lib/arm64
10-18 20:54:14.439 11547 11547 V SoLoader: libjsi.so not found on /data/app/~~qdwfY3fN7Kk_DI0QZoyw_w==/com.a1taxi.driverpro-dOdIvavY5QucTesdsNTGwA==/lib/arm64
10-18 20:54:14.440 11547 11547 V SoLoader: libfolly_runtime.so not found on /data/app/~~qdwfY3fN7Kk_DI0QZoyw_w==/com.a1taxi.driverpro-dOdIvavY5QucTesdsNTGwA==/lib/arm64
10-18 20:54:14.441 11547 11547 V SoLoader: libglog.so not found on /data/app/~~qdwfY3fN7Kk_DI0QZoyw_w==/com.a1taxi.driverpro-dOdIvavY5QucTesdsNTGwA==/lib/arm64
10-18 20:54:14.442 11547 11547 V SoLoader: libm.so not found on /data/app/~~qdwfY3fN7Kk_DI0QZoyw_w==/com.a1taxi.driverpro-dOdIvavY5QucTesdsNTGwA==/lib/arm64
10-18 20:54:14.442 11547 11547 V SoLoader: libm.so not found on /data/app/~~qdwfY3fN7Kk_DI0QZoyw_w==/com.a1taxi.driverpro-dOdIvavY5QucTesdsNTGwA==/base.apk!/lib/arm64-v8a
10-18 20:54:14.442 11547 11547 D SoLoader: libm.so found on /system/lib64
10-18 20:54:14.442 11547 11547 D SoLoader: libm.so loaded implicitly
10-18 20:54:14.442 11547 11547 V SoLoader: libc++_shared.so not found on /data/app/~~qdwfY3fN7Kk_DI0QZoyw_w==/com.a1taxi.driverpro-dOdIvavY5QucTesdsNTGwA==/lib/arm64
10-18 20:54:14.443 11547 11547 V SoLoader: libc.so not found on /data/app/~~qdwfY3fN7Kk_DI0QZoyw_w==/com.a1taxi.driverpro-dOdIvavY5QucTesdsNTGwA==/lib/arm64
10-18 20:54:14.443 11547 11547 V SoLoader: libc.so not found on /data/app/~~qdwfY3fN7Kk_DI0QZoyw_w==/com.a1taxi.driverpro-dOdIvavY5QucTesdsNTGwA==/base.apk!/lib/arm64-v8a
10-18 20:54:14.443 11547 11547 D SoLoader: libc.so found on /system/lib64
10-18 20:54:14.443 11547 11547 D SoLoader: libc.so loaded implicitly
10-18 20:54:14.443 11547 11547 V SoLoader: libdl.so not found on /data/app/~~qdwfY3fN7Kk_DI0QZoyw_w==/com.a1taxi.driverpro-dOdIvavY5QucTesdsNTGwA==/lib/arm64
10-18 20:54:14.443 11547 11547 V SoLoader: libdl.so not found on /data/app/~~qdwfY3fN7Kk_DI0QZoyw_w==/com.a1taxi.driverpro-dOdIvavY5QucTesdsNTGwA==/base.apk!/lib/arm64-v8a
10-18 20:54:14.443 11547 11547 D SoLoader: libdl.so found on /system/lib64
10-18 20:54:14.443 11547 11547 D SoLoader: libdl.so loaded implicitly
10-18 20:54:14.444 11547 11547 D nativeloader: Load /data/app/~~qdwfY3fN7Kk_DI0QZoyw_w==/com.a1taxi.driverpro-dOdIvavY5QucTesdsNTGwA==/base.apk!/lib/arm64-v8a/libc++_shared.so using class loader ns clns-7 (caller=/data/app/~~qdwfY3fN7Kk_DI0QZoyw_w==/com.a1taxi.driverpro-dOdIvavY5QucTesdsNTGwA==/base.apk): ok
10-18 20:54:14.445 11547 11547 D SoLoader: libc++_shared.so found on /data/app/~~qdwfY3fN7Kk_DI0QZoyw_w==/com.a1taxi.driverpro-dOdIvavY5QucTesdsNTGwA==/base.apk!/lib/arm64-v8a
10-18 20:54:14.446 11547 11547 D nativeloader: Load /data/app/~~qdwfY3fN7Kk_DI0QZoyw_w==/com.a1taxi.driverpro-dOdIvavY5QucTesdsNTGwA==/base.apk!/lib/arm64-v8a/libglog.so using class loader ns clns-7 (caller=/data/app/~~qdwfY3fN7Kk_DI0QZoyw_w==/com.a1taxi.driverpro-dOdIvavY5QucTesdsNTGwA==/base.apk): ok
10-18 20:54:14.446 11547 11547 D SoLoader: libglog.so found on /data/app/~~qdwfY3fN7Kk_DI0QZoyw_w==/com.a1taxi.driverpro-dOdIvavY5QucTesdsNTGwA==/base.apk!/lib/arm64-v8a
10-18 20:54:14.447 11547 11547 D nativeloader: Load /data/app/~~qdwfY3fN7Kk_DI0QZoyw_w==/com.a1taxi.driverpro-dOdIvavY5QucTesdsNTGwA==/base.apk!/lib/arm64-v8a/libfolly_runtime.so using class loader ns clns-7 (caller=/data/app/~~qdwfY3fN7Kk_DI0QZoyw_w==/com.a1taxi.driverpro-dOdIvavY5QucTesdsNTGwA==/base.apk): ok
10-18 20:54:14.447 11547 11547 D SoLoader: libfolly_runtime.so found on /data/app/~~qdwfY3fN7Kk_DI0QZoyw_w==/com.a1taxi.driverpro-dOdIvavY5QucTesdsNTGwA==/base.apk!/lib/arm64-v8a
10-18 20:54:14.448 11547 11547 D nativeloader: Load /data/app/~~qdwfY3fN7Kk_DI0QZoyw_w==/com.a1taxi.driverpro-dOdIvavY5QucTesdsNTGwA==/base.apk!/lib/arm64-v8a/libjsi.so using class loader ns clns-7 (caller=/data/app/~~qdwfY3fN7Kk_DI0QZoyw_w==/com.a1taxi.driverpro-dOdIvavY5QucTesdsNTGwA==/base.apk): ok
10-18 20:54:14.448 11547 11547 D SoLoader: libjsi.so found on /data/app/~~qdwfY3fN7Kk_DI0QZoyw_w==/com.a1taxi.driverpro-dOdIvavY5QucTesdsNTGwA==/base.apk!/lib/arm64-v8a
10-18 20:54:14.448 11547 11547 V SoLoader: libfbjni.so not found on /data/app/~~qdwfY3fN7Kk_DI0QZoyw_w==/com.a1taxi.driverpro-dOdIvavY5QucTesdsNTGwA==/lib/arm64
10-18 20:54:14.449 11547 11547 V SoLoader: libandroid.so not found on /data/app/~~qdwfY3fN7Kk_DI0QZoyw_w==/com.a1taxi.driverpro-dOdIvavY5QucTesdsNTGwA==/lib/arm64
10-18 20:54:14.449 11547 11547 V SoLoader: libandroid.so not found on /data/app/~~qdwfY3fN7Kk_DI0QZoyw_w==/com.a1taxi.driverpro-dOdIvavY5QucTesdsNTGwA==/base.apk!/lib/arm64-v8a
10-18 20:54:14.449 11547 11547 D SoLoader: libandroid.so found on /system/lib64
10-18 20:54:14.449 11547 11547 D SoLoader: libandroid.so loaded implicitly
10-18 20:54:14.449 11547 11547 V SoLoader: liblog.so not found on /data/app/~~qdwfY3fN7Kk_DI0QZoyw_w==/com.a1taxi.driverpro-dOdIvavY5QucTesdsNTGwA==/lib/arm64
10-18 20:54:14.449 11547 11547 V SoLoader: liblog.so not found on /data/app/~~qdwfY3fN7Kk_DI0QZoyw_w==/com.a1taxi.driverpro-dOdIvavY5QucTesdsNTGwA==/base.apk!/lib/arm64-v8a
10-18 20:54:14.449 11547 11547 D SoLoader: liblog.so found on /system/lib64
10-18 20:54:14.449 11547 11547 D SoLoader: liblog.so loaded implicitly
10-18 20:54:14.450 11547 11547 D nativeloader: Load /data/app/~~qdwfY3fN7Kk_DI0QZoyw_w==/com.a1taxi.driverpro-dOdIvavY5QucTesdsNTGwA==/base.apk!/lib/arm64-v8a/libfbjni.so using class loader ns clns-7 (caller=/data/app/~~qdwfY3fN7Kk_DI0QZoyw_w==/com.a1taxi.driverpro-dOdIvavY5QucTesdsNTGwA==/base.apk): ok
10-18 20:54:14.451 11547 11547 D SoLoader: libfbjni.so found on /data/app/~~qdwfY3fN7Kk_DI0QZoyw_w==/com.a1taxi.driverpro-dOdIvavY5QucTesdsNTGwA==/base.apk!/lib/arm64-v8a
10-18 20:54:14.452 11547 11547 D nativeloader: Load /data/app/~~qdwfY3fN7Kk_DI0QZoyw_w==/com.a1taxi.driverpro-dOdIvavY5QucTesdsNTGwA==/base.apk!/lib/arm64-v8a/libhermes.so using class loader ns clns-7 (caller=/data/app/~~qdwfY3fN7Kk_DI0QZoyw_w==/com.a1taxi.driverpro-dOdIvavY5QucTesdsNTGwA==/base.apk): ok
10-18 20:54:14.452 11547 11547 D SoLoader: libhermes.so found on /data/app/~~qdwfY3fN7Kk_DI0QZoyw_w==/com.a1taxi.driverpro-dOdIvavY5QucTesdsNTGwA==/base.apk!/lib/arm64-v8a
10-18 20:54:14.452 11547 11547 V SoLoader: libhermes_executor.so not found on /data/app/~~qdwfY3fN7Kk_DI0QZoyw_w==/com.a1taxi.driverpro-dOdIvavY5QucTesdsNTGwA==/lib/arm64
10-18 20:54:14.455 11547 11547 V SoLoader: libreactnativejni.so not found on /data/app/~~qdwfY3fN7Kk_DI0QZoyw_w==/com.a1taxi.driverpro-dOdIvavY5QucTesdsNTGwA==/lib/arm64
10-18 20:54:14.457 11547 11547 V SoLoader: libyoga.so not found on /data/app/~~qdwfY3fN7Kk_DI0QZoyw_w==/com.a1taxi.driverpro-dOdIvavY5QucTesdsNTGwA==/lib/arm64
10-18 20:54:14.459 11547 11547 D nativeloader: Load /data/app/~~qdwfY3fN7Kk_DI0QZoyw_w==/com.a1taxi.driverpro-dOdIvavY5QucTesdsNTGwA==/base.apk!/lib/arm64-v8a/libyoga.so using class loader ns clns-7 (caller=/data/app/~~qdwfY3fN7Kk_DI0QZoyw_w==/com.a1taxi.driverpro-dOdIvavY5QucTesdsNTGwA==/base.apk): ok
10-18 20:54:14.459 11547 11547 D SoLoader: libyoga.so found on /data/app/~~qdwfY3fN7Kk_DI0QZoyw_w==/com.a1taxi.driverpro-dOdIvavY5QucTesdsNTGwA==/base.apk!/lib/arm64-v8a
10-18 20:54:14.459 11547 11547 V SoLoader: libreactperfloggerjni.so not found on /data/app/~~qdwfY3fN7Kk_DI0QZoyw_w==/com.a1taxi.driverpro-dOdIvavY5QucTesdsNTGwA==/lib/arm64
10-18 20:54:14.461 11547 11547 D nativeloader: Load /data/app/~~qdwfY3fN7Kk_DI0QZoyw_w==/com.a1taxi.driverpro-dOdIvavY5QucTesdsNTGwA==/base.apk!/lib/arm64-v8a/libreactperfloggerjni.so using class loader ns clns-7 (caller=/data/app/~~qdwfY3fN7Kk_DI0QZoyw_w==/com.a1taxi.driverpro-dOdIvavY5QucTesdsNTGwA==/base.apk): ok
10-18 20:54:14.461 11547 11547 D SoLoader: libreactperfloggerjni.so found on /data/app/~~qdwfY3fN7Kk_DI0QZoyw_w==/com.a1taxi.driverpro-dOdIvavY5QucTesdsNTGwA==/base.apk!/lib/arm64-v8a
10-18 20:54:14.461 11547 11547 V SoLoader: libreact_render_core.so not found on /data/app/~~qdwfY3fN7Kk_DI0QZoyw_w==/com.a1taxi.driverpro-dOdIvavY5QucTesdsNTGwA==/lib/arm64
10-18 20:54:14.463 11547 11547 V SoLoader: libreact_render_debug.so not found on /data/app/~~qdwfY3fN7Kk_DI0QZoyw_w==/com.a1taxi.driverpro-dOdIvavY5QucTesdsNTGwA==/lib/arm64
10-18 20:54:14.464 11547 11547 D nativeloader: Load /data/app/~~qdwfY3fN7Kk_DI0QZoyw_w==/com.a1taxi.driverpro-dOdIvavY5QucTesdsNTGwA==/base.apk!/lib/arm64-v8a/libreact_render_debug.so using class loader ns clns-7 (caller=/data/app/~~qdwfY3fN7Kk_DI0QZoyw_w==/com.a1taxi.driverpro-dOdIvavY5QucTesdsNTGwA==/base.apk): ok
10-18 20:54:14.464 11547 11547 D SoLoader: libreact_render_debug.so found on /data/app/~~qdwfY3fN7Kk_DI0QZoyw_w==/com.a1taxi.driverpro-dOdIvavY5QucTesdsNTGwA==/base.apk!/lib/arm64-v8a
10-18 20:54:14.465 11547 11547 V SoLoader: libreact_render_graphics.so not found on /data/app/~~qdwfY3fN7Kk_DI0QZoyw_w==/com.a1taxi.driverpro-dOdIvavY5QucTesdsNTGwA==/lib/arm64
10-18 20:54:14.466 11547 11547 V SoLoader: libreact_utils.so not found on /data/app/~~qdwfY3fN7Kk_DI0QZoyw_w==/com.a1taxi.driverpro-dOdIvavY5QucTesdsNTGwA==/lib/arm64
10-18 20:54:14.467 11547 11547 V SoLoader: libreact_debug.so not found on /data/app/~~qdwfY3fN7Kk_DI0QZoyw_w==/com.a1taxi.driverpro-dOdIvavY5QucTesdsNTGwA==/lib/arm64
10-18 20:54:14.469 11547 11547 D nativeloader: Load /data/app/~~qdwfY3fN7Kk_DI0QZoyw_w==/com.a1taxi.driverpro-dOdIvavY5QucTesdsNTGwA==/base.apk!/lib/arm64-v8a/libreact_debug.so using class loader ns clns-7 (caller=/data/app/~~qdwfY3fN7Kk_DI0QZoyw_w==/com.a1taxi.driverpro-dOdIvavY5QucTesdsNTGwA==/base.apk): ok
10-18 20:54:14.469 11547 11547 D SoLoader: libreact_debug.so found on /data/app/~~qdwfY3fN7Kk_DI0QZoyw_w==/com.a1taxi.driverpro-dOdIvavY5QucTesdsNTGwA==/base.apk!/lib/arm64-v8a
10-18 20:54:14.469 11547 11547 V SoLoader: libjsinspector.so not found on /data/app/~~qdwfY3fN7Kk_DI0QZoyw_w==/com.a1taxi.driverpro-dOdIvavY5QucTesdsNTGwA==/lib/arm64
10-18 20:54:14.470 11547 11547 V SoLoader: libreact_featureflags.so not found on /data/app/~~qdwfY3fN7Kk_DI0QZoyw_w==/com.a1taxi.driverpro-dOdIvavY5QucTesdsNTGwA==/lib/arm64
10-18 20:54:14.472 11547 11547 D nativeloader: Load /data/app/~~qdwfY3fN7Kk_DI0QZoyw_w==/com.a1taxi.driverpro-dOdIvavY5QucTesdsNTGwA==/base.apk!/lib/arm64-v8a/libreact_featureflags.so using class loader ns clns-7 (caller=/data/app/~~qdwfY3fN7Kk_DI0QZoyw_w==/com.a1taxi.driverpro-dOdIvavY5QucTesdsNTGwA==/base.apk): ok
10-18 20:54:14.472 11547 11547 D SoLoader: libreact_featureflags.so found on /data/app/~~qdwfY3fN7Kk_DI0QZoyw_w==/com.a1taxi.driverpro-dOdIvavY5QucTesdsNTGwA==/base.apk!/lib/arm64-v8a
10-18 20:54:14.472 11547 11547 V SoLoader: libruntimeexecutor.so not found on /data/app/~~qdwfY3fN7Kk_DI0QZoyw_w==/com.a1taxi.driverpro-dOdIvavY5QucTesdsNTGwA==/lib/arm64
10-18 20:54:14.473 11547 11547 D nativeloader: Load /data/app/~~qdwfY3fN7Kk_DI0QZoyw_w==/com.a1taxi.driverpro-dOdIvavY5QucTesdsNTGwA==/base.apk!/lib/arm64-v8a/libruntimeexecutor.so using class loader ns clns-7 (caller=/data/app/~~qdwfY3fN7Kk_DI0QZoyw_w==/com.a1taxi.driverpro-dOdIvavY5QucTesdsNTGwA==/base.apk): ok
10-18 20:54:14.473 11547 11547 D SoLoader: libruntimeexecutor.so found on /data/app/~~qdwfY3fN7Kk_DI0QZoyw_w==/com.a1taxi.driverpro-dOdIvavY5QucTesdsNTGwA==/base.apk!/lib/arm64-v8a
10-18 20:54:14.474 11547 11547 D nativeloader: Load /data/app/~~qdwfY3fN7Kk_DI0QZoyw_w==/com.a1taxi.driverpro-dOdIvavY5QucTesdsNTGwA==/base.apk!/lib/arm64-v8a/libjsinspector.so using class loader ns clns-7 (caller=/data/app/~~qdwfY3fN7Kk_DI0QZoyw_w==/com.a1taxi.driverpro-dOdIvavY5QucTesdsNTGwA==/base.apk): ok
10-18 20:54:14.474 11547 11547 D SoLoader: libjsinspector.so found on /data/app/~~qdwfY3fN7Kk_DI0QZoyw_w==/com.a1taxi.driverpro-dOdIvavY5QucTesdsNTGwA==/base.apk!/lib/arm64-v8a
10-18 20:54:14.475 11547 11547 D nativeloader: Load /data/app/~~qdwfY3fN7Kk_DI0QZoyw_w==/com.a1taxi.driverpro-dOdIvavY5QucTesdsNTGwA==/base.apk!/lib/arm64-v8a/libreact_utils.so using class loader ns clns-7 (caller=/data/app/~~qdwfY3fN7Kk_DI0QZoyw_w==/com.a1taxi.driverpro-dOdIvavY5QucTesdsNTGwA==/base.apk): ok
10-18 20:54:14.475 11547 11547 D SoLoader: libreact_utils.so found on /data/app/~~qdwfY3fN7Kk_DI0QZoyw_w==/com.a1taxi.driverpro-dOdIvavY5QucTesdsNTGwA==/base.apk!/lib/arm64-v8a
10-18 20:54:14.476 11547 11547 D nativeloader: Load /data/app/~~qdwfY3fN7Kk_DI0QZoyw_w==/com.a1taxi.driverpro-dOdIvavY5QucTesdsNTGwA==/base.apk!/lib/arm64-v8a/libreact_render_graphics.so using class loader ns clns-7 (caller=/data/app/~~qdwfY3fN7Kk_DI0QZoyw_w==/com.a1taxi.driverpro-dOdIvavY5QucTesdsNTGwA==/base.apk): ok
10-18 20:54:14.477 11547 11547 D SoLoader: libreact_render_graphics.so found on /data/app/~~qdwfY3fN7Kk_DI0QZoyw_w==/com.a1taxi.driverpro-dOdIvavY5QucTesdsNTGwA==/base.apk!/lib/arm64-v8a
10-18 20:54:14.477 11547 11547 V SoLoader: libreact_render_mapbuffer.so not found on /data/app/~~qdwfY3fN7Kk_DI0QZoyw_w==/com.a1taxi.driverpro-dOdIvavY5QucTesdsNTGwA==/lib/arm64
10-18 20:54:14.479 11547 11547 D nativeloader: Load /data/app/~~qdwfY3fN7Kk_DI0QZoyw_w==/com.a1taxi.driverpro-dOdIvavY5QucTesdsNTGwA==/base.apk!/lib/arm64-v8a/libreact_render_mapbuffer.so using class loader ns clns-7 (caller=/data/app/~~qdwfY3fN7Kk_DI0QZoyw_w==/com.a1taxi.driverpro-dOdIvavY5QucTesdsNTGwA==/base.apk): ok
10-18 20:54:14.479 11547 11547 D SoLoader: libreact_render_mapbuffer.so found on /data/app/~~qdwfY3fN7Kk_DI0QZoyw_w==/com.a1taxi.driverpro-dOdIvavY5QucTesdsNTGwA==/base.apk!/lib/arm64-v8a
10-18 20:54:14.479 11547 11547 D nativeloader: Load /data/app/~~qdwfY3fN7Kk_DI0QZoyw_w==/com.a1taxi.driverpro-dOdIvavY5QucTesdsNTGwA==/base.apk!/lib/arm64-v8a/libreact_render_core.so using class loader ns clns-7 (caller=/data/app/~~qdwfY3fN7Kk_DI0QZoyw_w==/com.a1taxi.driverpro-dOdIvavY5QucTesdsNTGwA==/base.apk): ok
10-18 20:54:14.480 11547 11547 D SoLoader: libreact_render_core.so found on /data/app/~~qdwfY3fN7Kk_DI0QZoyw_w==/com.a1taxi.driverpro-dOdIvavY5QucTesdsNTGwA==/base.apk!/lib/arm64-v8a
10-18 20:54:14.481 11547 11547 D nativeloader: Load /data/app/~~qdwfY3fN7Kk_DI0QZoyw_w==/com.a1taxi.driverpro-dOdIvavY5QucTesdsNTGwA==/base.apk!/lib/arm64-v8a/libreactnativejni.so using class loader ns clns-7 (caller=/data/app/~~qdwfY3fN7Kk_DI0QZoyw_w==/com.a1taxi.driverpro-dOdIvavY5QucTesdsNTGwA==/base.apk): ok
10-18 20:54:14.482 11547 11547 D SoLoader: libreactnativejni.so found on /data/app/~~qdwfY3fN7Kk_DI0QZoyw_w==/com.a1taxi.driverpro-dOdIvavY5QucTesdsNTGwA==/base.apk!/lib/arm64-v8a
10-18 20:54:14.483 11547 11547 D nativeloader: Load /data/app/~~qdwfY3fN7Kk_DI0QZoyw_w==/com.a1taxi.driverpro-dOdIvavY5QucTesdsNTGwA==/base.apk!/lib/arm64-v8a/libhermes_executor.so using class loader ns clns-7 (caller=/data/app/~~qdwfY3fN7Kk_DI0QZoyw_w==/com.a1taxi.driverpro-dOdIvavY5QucTesdsNTGwA==/base.apk): ok
10-18 20:54:14.483 11547 11547 D SoLoader: libhermes_executor.so found on /data/app/~~qdwfY3fN7Kk_DI0QZoyw_w==/com.a1taxi.driverpro-dOdIvavY5QucTesdsNTGwA==/base.apk!/lib/arm64-v8a
10-18 20:54:14.491 11547 13166 D nativeloader: Load /data/app/~~qdwfY3fN7Kk_DI0QZoyw_w==/com.a1taxi.driverpro-dOdIvavY5QucTesdsNTGwA==/base.apk!/lib/arm64-v8a/libexpo-av.so using class loader ns clns-7 (caller=/data/app/~~qdwfY3fN7Kk_DI0QZoyw_w==/com.a1taxi.driverpro-dOdIvavY5QucTesdsNTGwA==/base.apk): ok
10-18 20:54:14.493 11547 11547 D nativeloader: Load libpowerhalwrap_jni.so using system ns (caller=/system_ext/framework/mediatek-framework.jar): ok
10-18 20:54:14.493 11547 11547 I PowerHalWrapper: PowerHalWrapper.getInstance 
10-18 20:54:14.493 11547 11547 I M-ProMotion: M-ProMotion is disabled
10-18 20:54:14.494 11547 13168 I PowerHalWrapper: PowerHalWrapper.getInstance 
10-18 20:54:14.497 11547 13166 I TaskService: Registered task with name 'background-fetch-task' for app with scoping identifier 'com.a1taxi.driverpro'.
10-18 20:54:14.498 11547 13166 I TaskService: Registered task with name 'background-location-task' for app with scoping identifier 'com.a1taxi.driverpro'.
10-18 20:54:14.499 11547 11547 W libc    : Access denied finding property "persist.vivo.ltw.enabled"
10-18 20:54:14.501 11547 11547 W HWUI    : Unknown dataspace 0
10-18 20:54:14.503 11547 13166 W LocationTaskConsumer: Foreground location task cannot be started while the app is in the background!
10-18 20:54:14.520 11547 11547 D ViewRootImpl: AppSizeAfterRelayout, size: Point(1080, 2392), rotation: ROTATION_0
10-18 20:54:14.521 11547 11547 D BufferQueueConsumer: [](id:2d1b00000000,api:0,p:-1,c:11547) connect: controlledByApp=false
10-18 20:54:14.522 11547 11547 D BLASTBufferQueue: [VRI[MainActivity]#0](f:0,a:0) constructor()
10-18 20:54:14.522 11547 11547 D BLASTBufferQueue: [VRI[MainActivity]#0](f:0,a:0) update width=1080 height=2392 format=-1 mTransformHint=0
10-18 20:54:14.531 11547 13157 D MAGT_SYNC_FRAME: MAGT Sync: MAGT is not supported. Disabling Sync.
10-18 20:54:14.531 11547 13166 I ExpoModulesCore:  AppContext was initialized
10-18 20:54:14.556 11547 13157 I GrallocExtra: gralloc_extra_query:is_SW3D 0
10-18 20:54:14.556 11547 13157 D BLASTBufferQueue: [VRI[MainActivity]#0](f:0,a:1) acquireNextBufferLocked size=1080x2392 mFrameNumber=1 applyTransaction=true mTimestamp=618275843325158(auto) mPendingTransactions.size=0 graphicBufferId=49593987366912 transform=0
10-18 20:54:14.578 11547 13183 W unknown:ViewManagerPropertyUpdater: Could not find generated setter for class com.facebook.react.views.drawer.ReactDrawerLayoutManager
10-18 20:54:14.580 11547 11547 V ImeFocusController: onWindowFocus: com.android.internal.policy.DecorView{21562e5 V.E...... R....... 0,0-1080,2392}[MainActivity] softInputMode=STATE_UNSPECIFIED|ADJUST_RESIZE
10-18 20:54:14.581  1870  1976 I ActivityTaskManager: Displayed com.a1taxi.driverpro/.MainActivity for user 0: +398ms
10-18 20:54:14.582 11547 13183 W unknown:ViewManagerPropertyUpdater: Could not find generated setter for class com.facebook.react.uimanager.LayoutShadowNode
10-18 20:54:14.582 11547 13183 W unknown:ViewManagerPropertyUpdater: Could not find generated setter for class com.facebook.react.views.scroll.ReactHorizontalScrollViewManager
10-18 20:54:14.584 11547 13183 W unknown:ViewManagerPropertyUpdater: Could not find generated setter for class com.facebook.react.views.scroll.ReactHorizontalScrollContainerViewManager
10-18 20:54:14.585 11547 13183 W unknown:ViewManagerPropertyUpdater: Could not find generated setter for class com.facebook.react.views.progressbar.ReactProgressBarViewManager
10-18 20:54:14.586 11547 13183 W unknown:ViewManagerPropertyUpdater: Could not find generated setter for class com.facebook.react.views.progressbar.ProgressBarShadowNode
10-18 20:54:14.587 11547 13183 W unknown:ViewManagerPropertyUpdater: Could not find generated setter for class com.facebook.react.views.scroll.ReactScrollViewManager
10-18 20:54:14.588 11547 13183 W unknown:ViewManagerPropertyUpdater: Could not find generated setter for class com.facebook.react.views.switchview.ReactSwitchManager
10-18 20:54:14.588  5589  5589 I GoogleInputMethodService: GoogleInputMethodService.onFinishInput():2085 
10-18 20:54:14.589 11547 13183 W unknown:ViewManagerPropertyUpdater: Could not find generated setter for class com.facebook.react.views.switchview.ReactSwitchManager$ReactSwitchShadowNode
10-18 20:54:14.589 11547 13183 W unknown:ViewManagerPropertyUpdater: Could not find generated setter for class com.facebook.react.views.swiperefresh.SwipeRefreshLayoutManager
10-18 20:54:14.589  5589  5589 I Module  : DeviceLockedStatusModuleProvider$Module.updateDeviceLockedStatus():100 repeatCheckTimes = 0, locked = false
10-18 20:54:14.590  5589  5589 I GoogleInputMethodService: GoogleInputMethodService.onStartInput():1346 onStartInput(EditorInfo{EditorInfo{packageName=com.a1taxi.driverpro, inputType=0, inputTypeString=NULL, enableLearning=false, autoCorrection=false, autoComplete=false, imeOptions=0, privateImeOptions=null, actionName=UNSPECIFIED, actionLabel=null, initialSelStart=-1, initialSelEnd=-1, initialCapsMode=0, label=null, fieldId=0, fieldName=null, extras=null, hintText=null, hintLocales=[]}}, false)
