10-18 02:54:42.705  5589  5589 I GoogleInputMethodService: GoogleInputMethodService$1.onKeyboardViewShown():325 onKeyboardViewShown: keyboardType=prime, keyboardViewType=HEADER keyboardView=com.google.android.libraries.inputmethod.widgets.SoftKeyboardView{b41a1a9 V.E...... ........ 0,0-1080,121}
10-18 02:54:42.706  5589  5589 I KeyboardHeightUtil: KeyboardHeightUtil.calculateMaxKeyboardBodyHeight():50 leave 267 height for app when ime window height:2171, header height:121 and isFullscreenMode:false, so the max keyboard body height is:1783
10-18 02:54:42.706 26106 26640 I SyncManager: (REDACTED) Executing sync(type=%s%s)
10-18 02:54:42.706  5589  5589 I GoogleInputMethodService: GoogleInputMethodService$1.onKeyboardViewShown():325 onKeyboardViewShown: keyboardType=prime, keyboardViewType=BODY keyboardView=com.google.android.libraries.inputmethod.widgets.SoftKeyboardView{c4aa611 V.E...... ........ 0,0-1080,693}
10-18 02:54:42.706  5589  5589 I KeyboardHeightUtil: KeyboardHeightUtil.calculateMaxKeyboardBodyHeight():50 leave 267 height for app when ime window height:2171, header height:121 and isFullscreenMode:false, so the max keyboard body height is:1783
10-18 02:54:42.706  5589  5589 I GlobeKeyExtension: GlobeKeyExtension$1.onKeyboardViewShown():72 maybeDisableLanguageSwitchKeyPref when the keyboard is shown
10-18 02:54:42.706  5589  5589 I GlobeKeyExtension: GlobeKeyExtension.maybeDisableLanguageSwitchKeyPref():200 maybeDisableLanguageSwitchKeyPref hasGlobeKeyBeenDisabled: false, shouldDisableLanguageSwitchKey: false
10-18 02:54:42.706  5589  5589 I NewLanguagePromptExtension: NewLanguagePromptExtension$1.onKeyboardViewShown():98 Not show new language banner: no change in enabled input method entries
10-18 02:54:42.707  5589  5589 I DynamicLayoutHandler: DynamicLayoutHandler.loadDynamicKeys():83 This isn't a dynamic layout.
10-18 02:54:42.707  5589  6030 I Delight5Decoder: Delight5DecoderWrapper.setKeyboardLayout():536 setKeyboardLayout()
10-18 02:54:42.707  5589  5589 I DynamicLayoutHandler: DynamicLayoutHandler.loadDynamicKeys():83 This isn't a dynamic layout.
10-18 02:54:42.708  5589  5589 I KeyboardModeUtils: KeyboardModeUtils.getKeyboardBottomOffset():435 inch: 0.000000 ydpi: 387.429993 adjustKeyboardBottomByDisplaySize: false currentDensityDpi: 440 defaultDensityDpi: 440 keyboardBottomToScreenPx: 0 keyboardBottomToNavBarPx: -116 navBarHeight: 116
10-18 02:54:42.708  5589  5589 I KeyboardHeightUtil: KeyboardHeightUtil.calculateMaxKeyboardBodyHeight():50 leave 267 height for app when ime window height:2171, header height:121 and isFullscreenMode:false, so the max keyboard body height is:1783
10-18 02:54:42.708  5589  5589 I KeyboardHeightUtil: KeyboardHeightUtil.calculateMaxKeyboardBodyHeight():50 leave 267 height for app when ime window height:2171, header height:121 and isFullscreenMode:false, so the max keyboard body height is:1783
10-18 02:54:42.708  5589  5589 I AndroidIME: KeyboardViewManager.updateKeyboardBodyViewHolderPaddingBottom():472 Set finalPaddingBottom = 5 while holderPaddingBottom = 5; navigationHeight = 116
10-18 02:54:42.714  5589  6030 I Delight5Decoder: Delight5DecoderWrapper.setKeyboardLayout():536 setKeyboardLayout()
10-18 02:54:42.719 26106 26640 I SyncManager: (REDACTED) Executing sync(type=%s) finished in %s
10-18 02:54:42.723 26036 21287 I PasswordSaveInfoFactory: Form has a username and is not a password only form. [CONTEXT service_id=177 ]
10-18 02:54:42.724 26036 21287 I PasswordSaveInfoFactory: Form is not a password only form. [CONTEXT service_id=177 ]
10-18 02:54:42.724 26036 21287 I UsernameSaveInfoFactory: Form has a password and is not a username only form. [CONTEXT service_id=177 ]
10-18 02:54:42.730 26106 26641 I SyncManager: (REDACTED) Executing sync(type=%s%s)
10-18 02:54:42.738 26106 26641 I SyncManager: (REDACTED) Executing sync(type=%s) finished in %s
10-18 02:54:42.740 26106 26641 I SyncManager: (REDACTED) Executing sync(type=%s%s)
10-18 02:54:42.748 26106 26641 I SyncManager: (REDACTED) Executing sync(type=%s) finished in %s
10-18 02:54:42.749 26106 26641 I SyncManager: (REDACTED) Executing sync(type=%s%s)
10-18 02:54:42.753 26106 26641 I SyncManager: (REDACTED) Executing sync(type=%s) finished in %s
10-18 02:54:42.754 26036 26058 I .gms.persistent: Waiting for a blocking GC ProfileSaver
10-18 02:54:42.763 26036 26058 I .gms.persistent: WaitForGcToComplete blocked ProfileSaver on Background for 8.391ms
10-18 02:54:42.776 26106 26641 I SyncManager: (REDACTED) Executing sync(type=%s%s)
10-18 02:54:42.784 26106 26641 I SyncManager: (REDACTED) Executing sync(type=%s) finished in %s
10-18 02:54:42.792 26106 26641 I SyncManager: (REDACTED) Executing sync(type=%s%s)
10-18 02:54:42.794  5589  5589 W TooltipLifecycleManager: TooltipLifecycleManager.dismissTooltips():153 Tooltip with id spell_check_add_to_dictionary not found in tooltipManager.
10-18 02:54:42.796 26106 26641 I SyncManager: (REDACTED) Executing sync(type=%s) finished in %s
10-18 02:54:42.829  1870  1870 D AutofillSession: Service did not request to wait for delayed fill response.
10-18 02:54:42.844  3458  3458 V InlinePresentationRendererServiceImpl: onRenderSuggestion: width=-2, height=-2
10-18 02:54:42.855  3458  3458 V InlineSuggestionRenderService: width=-2, height=-2, measuredSize=366x121
10-18 02:54:42.885  3458  3458 D ViewRootImpl: AppSizeAfterRelayout, size: Point(366, 121), rotation: ROTATION_0
10-18 02:54:42.886  3458  3458 D BufferQueueConsumer: [](id:d8200000128,api:0,p:-1,c:3458) connect: controlledByApp=false
10-18 02:54:42.886  3458  3458 D BLASTBufferQueue: [VRI[]#296](f:0,a:0) constructor()
10-18 02:54:42.886  3458  3458 D BLASTBufferQueue: [VRI[]#296](f:0,a:0) update width=366 height=121 format=-2 mTransformHint=0
10-18 02:54:42.896  3458 31463 D BLASTBufferQueue: [VRI[]#296](f:0,a:1) acquireNextBufferLocked size=366x121 mFrameNumber=1 applyTransaction=true mTimestamp=569962377123125(auto) mPendingTransactions.size=0 graphicBufferId=14851996911644 transform=0
10-18 02:54:42.898  1870  1976 D AutofillSession: onShown(): 2, 1
10-18 02:54:42.908  5589  5589 I ProactiveSuggestionsHolderManager: ProactiveSuggestionsHolderManager$2.display():195 Requesting to show proactive suggestions: AUTO_FILL PREEMPTIVE_WITH_SUPPRESSION
10-18 02:54:42.916  5589  5589 D BufferQueueConsumer: [](id:15d50000065f,api:0,p:-1,c:5589) connect: controlledByApp=false
10-18 02:54:42.917  5589  5589 D BLASTBufferQueue: [SurfaceView[InputMethod]#1631](f:0,a:0) constructor()
10-18 02:54:42.917  5589  5589 D BLASTBufferQueue: [SurfaceView[InputMethod]#1631](f:0,a:0) update width=770 height=121 format=-2 mTransformHint=0
10-18 02:54:42.919  1870  2894 D BatteryStatsService: noteVideoSurfaceChanged  noteWhich: 49,arg1: 770, arg2: 121, arg3: 5589, arg4: 85241, name: com.google.android.inputmethod.latin
10-18 02:54:42.925  5589  5589 I ProactiveSuggestionsHolderManager: ProactiveSuggestionsHolderManager$Holder.setSuggestionsAndShow():898 succeed to show proactive suggestions AUTO_FILL PREEMPTIVE_WITH_SUPPRESSION
10-18 02:54:42.928  5589  5589 I KeyboardModeUtils: KeyboardModeUtils.getKeyboardBottomOffset():435 inch: 0.000000 ydpi: 387.429993 adjustKeyboardBottomByDisplaySize: false currentDensityDpi: 440 defaultDensityDpi: 440 keyboardBottomToScreenPx: 0 keyboardBottomToNavBarPx: -116 navBarHeight: 116
10-18 02:54:42.928  5589  5589 I KeyboardHeightUtil: KeyboardHeightUtil.calculateMaxKeyboardBodyHeight():50 leave 267 height for app when ime window height:2171, header height:121 and isFullscreenMode:false, so the max keyboard body height is:1783
10-18 02:54:42.929  5589  5589 I KeyboardHeightUtil: KeyboardHeightUtil.calculateMaxKeyboardBodyHeight():50 leave 267 height for app when ime window height:2171, header height:121 and isFullscreenMode:false, so the max keyboard body height is:1783
10-18 02:54:42.929  5589  5589 I AndroidIME: KeyboardViewManager.updateKeyboardBodyViewHolderPaddingBottom():472 Set finalPaddingBottom = 5 while holderPaddingBottom = 5; navigationHeight = 116
10-18 02:54:42.933  5589  5589 D BufferQueueConsumer: [](id:15d500000660,api:0,p:-1,c:5589) connect: controlledByApp=false
10-18 02:54:42.933  5589  5589 D BLASTBufferQueue: [SurfaceView[InputMethod]#1632](f:0,a:0) constructor()
10-18 02:54:42.933  5589  5589 D BLASTBufferQueue: [SurfaceView[InputMethod]#1632](f:0,a:0) update width=366 height=121 format=-2 mTransformHint=0
10-18 02:54:42.938  1870  2894 D BatteryStatsService: noteVideoSurfaceChanged  noteWhich: 49,arg1: 366, arg2: 121, arg3: 5589, arg4: 95376, name: com.google.android.inputmethod.latin
10-18 02:54:42.942  5589  5657 D BLASTBufferQueue: [SurfaceView[InputMethod]#1632](f:0,a:1) acquireNextBufferLocked size=366x121 mFrameNumber=1 applyTransaction=true mTimestamp=569962422531125(auto) mPendingTransactions.size=0 graphicBufferId=24004572223465 transform=0
10-18 02:54:42.944  1870  3354 D BatteryStatsService: noteVideoSurfaceChanged  noteWhich: 49,arg1: 184, arg2: 13, arg3: 5589, arg4: 95376, name: com.google.android.inputmethod.latin
10-18 02:54:42.945  1870  3354 D BatteryStatsService: noteVideoSurfaceChanged  noteWhich: 49,arg1: 770, arg2: 121, arg3: 5589, arg4: 85241, name: com.google.android.inputmethod.latin
10-18 02:54:42.948  1870  3354 D BatteryStatsService: noteVideoSurfaceChanged  noteWhich: 49,arg1: 224, arg2: 37, arg3: 5589, arg4: 95376, name: com.google.android.inputmethod.latin
10-18 02:54:42.963  1870  2894 D BatteryStatsService: noteVideoSurfaceChanged  noteWhich: 49,arg1: 256, arg2: 55, arg3: 5589, arg4: 95376, name: com.google.android.inputmethod.latin
10-18 02:54:42.979  1870  2894 D BatteryStatsService: noteVideoSurfaceChanged  noteWhich: 49,arg1: 286, arg2: 73, arg3: 5589, arg4: 95376, name: com.google.android.inputmethod.latin
10-18 02:54:42.996  1870  2894 D BatteryStatsService: noteVideoSurfaceChanged  noteWhich: 49,arg1: 310, arg2: 89, arg3: 5589, arg4: 95376, name: com.google.android.inputmethod.latin
10-18 02:54:43.014  1870  2894 D BatteryStatsService: noteVideoSurfaceChanged  noteWhich: 49,arg1: 330, arg2: 101, arg3: 5589, arg4: 95376, name: com.google.android.inputmethod.latin
10-18 02:54:43.028  1870  3354 D BatteryStatsService: noteVideoSurfaceChanged  noteWhich: 49,arg1: 346, arg2: 109, arg3: 5589, arg4: 95376, name: com.google.android.inputmethod.latin
10-18 02:54:43.046  1870  3354 D BatteryStatsService: noteVideoSurfaceChanged  noteWhich: 49,arg1: 358, arg2: 117, arg3: 5589, arg4: 95376, name: com.google.android.inputmethod.latin
10-18 02:54:43.062  1870  3354 D BatteryStatsService: noteVideoSurfaceChanged  noteWhich: 49,arg1: 364, arg2: 121, arg3: 5589, arg4: 95376, name: com.google.android.inputmethod.latin
10-18 02:54:43.080  1870  3354 D BatteryStatsService: noteVideoSurfaceChanged  noteWhich: 49,arg1: 366, arg2: 121, arg3: 5589, arg4: 95376, name: com.google.android.inputmethod.latin
10-18 02:54:43.657 26036 26104 W Settings: Setting airplane_mode_on has moved from android.provider.Settings.System to android.provider.Settings.Global, returning read-only value.
10-18 02:54:43.662  5589  5589 W TooltipLifecycleManager: TooltipLifecycleManager.dismissTooltips():153 Tooltip with id SUGGESTION_VIEW_EDU_MINI_DIALOG not found in tooltipManager.
10-18 02:54:43.666 26036 20068 W SystemServiceRegistry: No service published for: wifirtt
10-18 02:54:43.667  1870  2671 D BatteryStatsService: noteVideoSurfaceChanged  noteWhich: 49,arg1: -1, arg2: -1, arg3: 5589, arg4: 95376, name: com.google.android.inputmethod.latin
10-18 02:54:43.668  5589  5657 E BufferQueueProducer: [SurfaceView[InputMethod]#1632(BLAST Consumer)1632](id:15d500000660,api:0,p:-1,c:5589) disconnect: not connected (req=1)
10-18 02:54:43.668  5589  5657 W libEGL  : EGLNativeWindowType 0xb4000077e01d33d0 disconnect failed
10-18 02:54:43.670  5589  5589 D BLASTBufferQueue: [SurfaceView[InputMethod]#1632](f:0,a:1) destructor()
10-18 02:54:43.670  5589  5589 D BufferQueueConsumer: [SurfaceView[InputMethod]#1632(BLAST Consumer)1632](id:15d500000660,api:0,p:-1,c:5589) disconnect
10-18 02:54:43.673  5589  5589 W TooltipLifecycleManager: TooltipLifecycleManager.dismissTooltips():153 Tooltip with id SUGGESTION_VIEW_EDU_MINI_DIALOG not found in tooltipManager.
10-18 02:54:43.677  5589  5589 I KeyboardModeUtils: KeyboardModeUtils.getKeyboardBottomOffset():435 inch: 0.000000 ydpi: 387.429993 adjustKeyboardBottomByDisplaySize: false currentDensityDpi: 440 defaultDensityDpi: 440 keyboardBottomToScreenPx: 0 keyboardBottomToNavBarPx: -116 navBarHeight: 116
10-18 02:54:43.678  5589  5589 I KeyboardHeightUtil: KeyboardHeightUtil.calculateMaxKeyboardBodyHeight():50 leave 267 height for app when ime window height:2171, header height:121 and isFullscreenMode:false, so the max keyboard body height is:1783
10-18 02:54:43.678  5589  5589 I KeyboardHeightUtil: KeyboardHeightUtil.calculateMaxKeyboardBodyHeight():50 leave 267 height for app when ime window height:2171, header height:121 and isFullscreenMode:false, so the max keyboard body height is:1783
10-18 02:54:43.678  5589  5589 I AndroidIME: KeyboardViewManager.updateKeyboardBodyViewHolderPaddingBottom():472 Set finalPaddingBottom = 5 while holderPaddingBottom = 5; navigationHeight = 116
10-18 02:54:43.687  5589  5589 W TooltipLifecycleManager: TooltipLifecycleManager.dismissTooltips():153 Tooltip with id SUGGESTION_VIEW_EDU_MINI_DIALOG not found in tooltipManager.
10-18 02:54:43.715 26036 26036 D BoundBrokerSvc: onRebind: Intent { act=com.google.android.gms.libs.gmscorelogger.service.START dat=chimera-action:/... cmp=com.google.android.gms/.chimera.PersistentDirectBootAwareApiService }
10-18 02:54:43.728  5589  5589 I KeyboardModeUtils: KeyboardModeUtils.getKeyboardBottomOffset():435 inch: 0.000000 ydpi: 387.429993 adjustKeyboardBottomByDisplaySize: false currentDensityDpi: 440 defaultDensityDpi: 440 keyboardBottomToScreenPx: 0 keyboardBottomToNavBarPx: -116 navBarHeight: 116
10-18 02:54:43.728  5589  5589 I KeyboardHeightUtil: KeyboardHeightUtil.calculateMaxKeyboardBodyHeight():50 leave 267 height for app when ime window height:2171, header height:121 and isFullscreenMode:false, so the max keyboard body height is:1783
10-18 02:54:43.728  5589  5589 I KeyboardHeightUtil: KeyboardHeightUtil.calculateMaxKeyboardBodyHeight():50 leave 267 height for app when ime window height:2171, header height:121 and isFullscreenMode:false, so the max keyboard body height is:1783
10-18 02:54:43.729  5589  5589 I AndroidIME: KeyboardViewManager.updateKeyboardBodyViewHolderPaddingBottom():472 Set finalPaddingBottom = 5 while holderPaddingBottom = 5; navigationHeight = 116
10-18 02:54:43.735  1870  2671 D BatteryStatsService: noteVideoSurfaceChanged  noteWhich: 49,arg1: -1, arg2: -1, arg3: 5589, arg4: 85241, name: com.google.android.inputmethod.latin
10-18 02:54:43.736  5589  5589 D BLASTBufferQueue: [SurfaceView[InputMethod]#1631](f:0,a:0) destructor()
10-18 02:54:43.736  5589  5589 D BufferQueueConsumer: [SurfaceView[InputMethod]#1631(BLAST Consumer)1631](id:15d50000065f,api:0,p:-1,c:5589) disconnect
10-18 02:54:43.743  5589  5589 I KeyboardModeUtils: KeyboardModeUtils.getKeyboardBottomOffset():435 inch: 0.000000 ydpi: 387.429993 adjustKeyboardBottomByDisplaySize: false currentDensityDpi: 440 defaultDensityDpi: 440 keyboardBottomToScreenPx: 0 keyboardBottomToNavBarPx: -116 navBarHeight: 116
10-18 02:54:43.743  5589  5589 I KeyboardHeightUtil: KeyboardHeightUtil.calculateMaxKeyboardBodyHeight():50 leave 267 height for app when ime window height:2171, header height:121 and isFullscreenMode:false, so the max keyboard body height is:1783
10-18 02:54:43.744  5589  5589 I KeyboardHeightUtil: KeyboardHeightUtil.calculateMaxKeyboardBodyHeight():50 leave 267 height for app when ime window height:2171, header height:121 and isFullscreenMode:false, so the max keyboard body height is:1783
10-18 02:54:43.744  5589  5589 I AndroidIME: KeyboardViewManager.updateKeyboardBodyViewHolderPaddingBottom():472 Set finalPaddingBottom = 5 while holderPaddingBottom = 5; navigationHeight = 116
10-18 02:54:43.745 26036 26051 I NullBinder: NullBinder for com.google.android.gms.lockbox.service.START triggering remote TransactionTooLargeException due to Service without Chimera impl, calling uid: 10202, calling pid: 26106
10-18 02:54:43.745 26036 26051 W .gms.persistent: Large reply transaction of 1056768 bytes, interface descriptor , code 46
10-18 02:54:43.746 26106 26139 E IPCThreadState: Binder transaction failure. id: 419252957, BR_*: 29201, error: -28 (No space left on device)
10-18 02:54:43.746 26106 26139 D ActivityThread: Too many transaction errors, throttling freezer binder callback.
10-18 02:54:43.746 26106 26139 E JavaBinder: !!! FAILED BINDER TRANSACTION !!!  (parcel size = 408)
10-18 02:54:43.747 26106 26139 W GmsClient: IGmsServiceBroker.getService failed
10-18 02:54:43.747 26106 26139 W GmsClient: android.os.DeadObjectException: Transaction failed on small parcel; remote process probably died, but this could also be caused by running out of binder buffer space
10-18 02:54:43.747 26106 26139 W GmsClient: 	at android.os.BinderProxy.transactNative(Native Method)
10-18 02:54:43.747 26106 26139 W GmsClient: 	at android.os.BinderProxy.transact(BinderProxy.java:692)
10-18 02:54:43.747 26106 26139 W GmsClient: 	at bbkc.a(:com.google.android.gms@253931035@25.39.31 (260400-813878953):33)
10-18 02:54:43.747 26106 26139 W GmsClient: 	at bbid.z(:com.google.android.gms@253931035@25.39.31 (260400-813878953):160)
10-18 02:54:43.747 26106 26139 W GmsClient: 	at baoz.run(:com.google.android.gms@253931035@25.39.31 (260400-813878953):42)
10-18 02:54:43.747 26106 26139 W GmsClient: 	at android.os.Handler.handleCallback(Handler.java:1014)
10-18 02:54:43.747 26106 26139 W GmsClient: 	at android.os.Handler.dispatchMessage(Handler.java:102)
10-18 02:54:43.747 26106 26139 W GmsClient: 	at cmjd.mC(:com.google.android.gms@253931035@25.39.31 (260400-813878953):1)
10-18 02:54:43.747 26106 26139 W GmsClient: 	at cmjd.dispatchMessage(:com.google.android.gms@253931035@25.39.31 (260400-813878953):144)
10-18 02:54:43.747 26106 26139 W GmsClient: 	at android.os.Looper.loopOnce(Looper.java:250)
10-18 02:54:43.747 26106 26139 W GmsClient: 	at android.os.Looper.loop(Looper.java:340)
10-18 02:54:43.747 26106 26139 W GmsClient: 	at android.os.HandlerThread.run(HandlerThread.java:107)
10-18 02:54:43.814  5589  5589 I KeyboardViewController: KeyboardViewController.showSelfAndAncestors():636 current view doesn't has the priority com.google.android.libraries.inputmethod.accesspoint.widget.AccessPointsBar{d4ee69a I.E...... .......D 0,0-810,121 #7f0b00a0 app:id/0_resource_name_obfuscated} to show itself, DEFAULT
10-18 02:54:43.888  3458  3458 V InlineSuggestionRenderService: Releasing inline suggestion view host
10-18 02:54:43.897  3458  3458 D BLASTBufferQueue: [VRI[]#296](f:0,a:4) destructor()
10-18 02:54:43.897  3458  3458 D BufferQueueConsumer: [VRI[]#296(BLAST Consumer)296](id:d8200000128,api:0,p:-1,c:3458) disconnect
10-18 02:54:43.902  3458  3458 V InlineSuggestionRenderService: Removed the inline suggestion from the cache, current size=0
10-18 02:54:43.996  5589  5589 W TooltipLifecycleManager: TooltipLifecycleManager.dismissTooltips():153 Tooltip with id SUGGESTION_VIEW_EDU_MINI_DIALOG not found in tooltipManager.
10-18 02:54:44.028  5589  5589 I KeyboardModeUtils: KeyboardModeUtils.getKeyboardBottomOffset():435 inch: 0.000000 ydpi: 387.429993 adjustKeyboardBottomByDisplaySize: false currentDensityDpi: 440 defaultDensityDpi: 440 keyboardBottomToScreenPx: 0 keyboardBottomToNavBarPx: -116 navBarHeight: 116
10-18 02:54:44.028  5589  5589 I KeyboardHeightUtil: KeyboardHeightUtil.calculateMaxKeyboardBodyHeight():50 leave 267 height for app when ime window height:2171, header height:121 and isFullscreenMode:false, so the max keyboard body height is:1783
10-18 02:54:44.028  5589  5589 I KeyboardHeightUtil: KeyboardHeightUtil.calculateMaxKeyboardBodyHeight():50 leave 267 height for app when ime window height:2171, header height:121 and isFullscreenMode:false, so the max keyboard body height is:1783
10-18 02:54:44.029  5589  5589 I AndroidIME: KeyboardViewManager.updateKeyboardBodyViewHolderPaddingBottom():472 Set finalPaddingBottom = 5 while holderPaddingBottom = 5; navigationHeight = 116
10-18 02:54:44.309 26036 21287 I NearbyPresence: (REDACTED) %s verified [==] new request %s equals to the old request
10-18 02:54:44.595  5589  5589 W TooltipLifecycleManager: TooltipLifecycleManager.dismissTooltips():153 Tooltip with id SUGGESTION_VIEW_EDU_MINI_DIALOG not found in tooltipManager.
10-18 02:54:44.629  5589  5589 I KeyboardModeUtils: KeyboardModeUtils.getKeyboardBottomOffset():435 inch: 0.000000 ydpi: 387.429993 adjustKeyboardBottomByDisplaySize: false currentDensityDpi: 440 defaultDensityDpi: 440 keyboardBottomToScreenPx: 0 keyboardBottomToNavBarPx: -116 navBarHeight: 116
10-18 02:54:44.629  5589  5589 I KeyboardHeightUtil: KeyboardHeightUtil.calculateMaxKeyboardBodyHeight():50 leave 267 height for app when ime window height:2171, header height:121 and isFullscreenMode:false, so the max keyboard body height is:1783
10-18 02:54:44.629  5589  5589 I KeyboardHeightUtil: KeyboardHeightUtil.calculateMaxKeyboardBodyHeight():50 leave 267 height for app when ime window height:2171, header height:121 and isFullscreenMode:false, so the max keyboard body height is:1783
10-18 02:54:44.629  5589  5589 I AndroidIME: KeyboardViewManager.updateKeyboardBodyViewHolderPaddingBottom():472 Set finalPaddingBottom = 5 while holderPaddingBottom = 5; navigationHeight = 116
10-18 02:54:44.953  5589  5589 W TooltipLifecycleManager: TooltipLifecycleManager.dismissTooltips():153 Tooltip with id SUGGESTION_VIEW_EDU_MINI_DIALOG not found in tooltipManager.
10-18 02:54:44.979  5589  5589 I KeyboardModeUtils: KeyboardModeUtils.getKeyboardBottomOffset():435 inch: 0.000000 ydpi: 387.429993 adjustKeyboardBottomByDisplaySize: false currentDensityDpi: 440 defaultDensityDpi: 440 keyboardBottomToScreenPx: 0 keyboardBottomToNavBarPx: -116 navBarHeight: 116
10-18 02:54:44.980  5589  5589 I KeyboardHeightUtil: KeyboardHeightUtil.calculateMaxKeyboardBodyHeight():50 leave 267 height for app when ime window height:2171, header height:121 and isFullscreenMode:false, so the max keyboard body height is:1783
10-18 02:54:44.980  5589  5589 I KeyboardHeightUtil: KeyboardHeightUtil.calculateMaxKeyboardBodyHeight():50 leave 267 height for app when ime window height:2171, header height:121 and isFullscreenMode:false, so the max keyboard body height is:1783
10-18 02:54:44.981  5589  5589 I AndroidIME: KeyboardViewManager.updateKeyboardBodyViewHolderPaddingBottom():472 Set finalPaddingBottom = 5 while holderPaddingBottom = 5; navigationHeight = 116
10-18 02:54:45.032 26036 26036 D BoundBrokerSvc: onUnbind: Intent { act=com.google.android.gms.common.telemetry.service.START dat=chimera-action:/... cmp=com.google.android.gms/.chimera.PersistentApiService }
10-18 02:54:45.450  5589  5589 I GoogleInputMethodService: GoogleInputMethodService.onFinishInputView():1571 onFinishInputView(true)
10-18 02:54:45.450  5589  5589 I GlobeKeyExtension: GlobeKeyExtension.onDeactivate():144 
10-18 02:54:45.450  5589  5589 W TooltipLifecycleManager: TooltipLifecycleManager.dismissTooltips():153 Tooltip with id SUGGESTION_VIEW_EDU_MINI_DIALOG not found in tooltipManager.
10-18 02:54:45.451  5589  5589 I VoiceInputManagerWrapper: VoiceInputManagerWrapper.shutdown():131 shutdown()
10-18 02:54:45.453  5589  5589 W TooltipLifecycleManager: TooltipLifecycleManager.dismissTooltips():153 Tooltip with id spell_check_add_to_dictionary not found in tooltipManager.
10-18 02:54:45.455  5589  5589 I InputBundle: InputBundle.consumeEvent():1032 Skip consuming an event as keyboard status is INACTIVE
10-18 02:54:45.457  5589  5589 I AndroidIME: AbstractIme.onDeactivate():216 LatinIme.onDeactivate()
10-18 02:54:45.460  5589  5589 I GoogleInputMethodService: GoogleInputMethodService.onFinishInput():2085 
10-18 02:54:45.461  5589  5589 I Module  : DeviceLockedStatusModuleProvider$Module.updateDeviceLockedStatus():100 repeatCheckTimes = 0, locked = false
10-18 02:54:45.461  5589  5589 I GoogleInputMethodService: GoogleInputMethodService.onStartInput():1346 onStartInput(EditorInfo{EditorInfo{packageName=com.a1taxi.driverpro, inputType=80081, inputTypeString=Password[NoSuggestion], enableLearning=false, autoCorrection=false, autoComplete=true, imeOptions=4000006, privateImeOptions=null, actionName=DONE, actionLabel=null, initialSelStart=0, initialSelEnd=0, initialCapsMode=0, label=null, fieldId=559, fieldName=null, extras=Bundle[mParcelledData.dataSize=404], hintText=non-empty, hintLocales=[]}}, false)
10-18 02:54:45.462  5589  5589 I Module  : DeviceLockedStatusModuleProvider$Module.updateDeviceLockedStatus():100 repeatCheckTimes = 1, locked = false
10-18 02:54:45.463  5589  5589 I HardKeyTracker: HardKeyTracker.unregisterKeySequence():221 Unregister key sequence nfz{labelResId=0, callback=gds@37bb266, lastModifier=0, keyCodes=[57, 57], actions=[1, 0]}
10-18 02:54:45.463  5589  5589 I HardKeyTracker: HardKeyTracker.unregisterKeySequence():221 Unregister key sequence nfz{labelResId=0, callback=gds@4a31fd, lastModifier=0, keyCodes=[58, 58], actions=[1, 0]}
10-18 02:54:45.464  5589  5589 I GoogleInputMethodService: GoogleInputMethodService.onStartInputView():1439 onStartInputView(EditorInfo{EditorInfo{packageName=com.a1taxi.driverpro, inputType=80081, inputTypeString=Password[NoSuggestion], enableLearning=false, autoCorrection=false, autoComplete=true, imeOptions=4000006, privateImeOptions=null, actionName=DONE, actionLabel=null, initialSelStart=0, initialSelEnd=0, initialCapsMode=0, label=null, fieldId=559, fieldName=null, extras=Bundle[{android.support.text.emoji.emojiCompat_metadataVersion=11, androidx.core.view.inputmethod.EditorInfoCompat.STYLUS_HANDWRITING_ENABLED=false, android.support.text.emoji.emojiCompat_replaceAll=false}], hintText=non-empty, hintLocales=[]}}, false)
10-18 02:54:45.464  5589  6019 I OnDeviceWmrCalculator: OnDeviceWmrCalculator.calculateWmr():94 WMR: 0.0000 (0 / 1)
10-18 02:54:45.464  5589  5589 I KeyboardHeightUtil: KeyboardHeightUtil.getOemKeyboardHeightRatio():108 systemKeyboardHeightRatio:1.000000.
10-18 02:54:45.466  5589  5589 I AndroidIME: InputBundleManager.loadActiveInputBundleId():528 loadActiveInputBundleId: und-Latn-x-password, password
10-18 02:54:45.466  5589  5589 I AndroidIME: AbstractIme.onActivate():96 PasswordIme.onActivate() : EditorInfo = EditorInfo{packageName=com.a1taxi.driverpro, inputType=80081, inputTypeString=Password[NoSuggestion], enableLearning=false, autoCorrection=false, autoComplete=true, imeOptions=4000006, privateImeOptions=null, actionName=DONE, actionLabel=null, initialSelStart=0, initialSelEnd=0, initialCapsMode=0, label=null, fieldId=559, fieldName=null, extras=Bundle[{android.support.text.emoji.emojiCompat_metadataVersion=11, androidx.core.view.inputmethod.EditorInfoCompat.STYLUS_HANDWRITING_ENABLED=false, android.support.text.emoji.emojiCompat_replaceAll=false}], hintText=non-empty, hintLocales=[]}, IncognitoMode = false, DeviceLocked = false
10-18 02:54:45.467  5589  5589 I KeyboardWrapper: KeyboardWrapper.activateKeyboard():581 activateKeyboard(): type=prime, status=INACTIVE, imeDef=mkk{stringId=password, language=und-Latn-x-password, languageTag=und-Latn-x-password, processedConditions={writing_helper_enable_by_word_revert=false, enable_access_points_in_password_number=true, variant=qwerty, true=true, language=en-US, enable_number_row=true, device=phone, enable_number_row_in_password=true, enable_pk_simulator=false}, className=com.google.android.libraries.inputmethod.ime.password.PasswordIme, label=2132019275, keyEventInterpreter=null, inlineComposing=true, autoCapital=true, announceAutoSelectedCandidate=true, statusIcon=0, indicatorIcon=0, indicatorLabel=null, displayAppCompletions=false, extraValues=mkd{}, processors=mmb@7d3d911, unacceptableMetaKeys=4098, languageSpecificSettings=0, asciiCapable=false, alwaysShowSuggestions=false, useAsciiPasswordKeyboard=false, keyboardGroupDef=mlk@8a8f7a7, phenotypeFlagId=0, localizationLanguageTag=null, supportsInlineSuggestion=false}
10-18 02:54:45.467  5589  5589 I KeyboardManager: KeyboardManager.requestKeyboard():248 Creating keyboard prime, imeId=password, cacheKey=theme,!gsf,!pgsans,!pgsf,!use_system_font,BORDER,FLAVOR_DPI=XXHDPI,GOOGLE_ICONS,KEYBOARD_WIDTH_CATEGORY=NORMAL,KEY_BORDER_SHAPE=1,LIGHT_THEME=false,PHYSICAL_DIAGONAL=5.748144,POPUP,SCREEN_SHORTEST_WIDTH=393,SCREEN_SHORTEST_WIDTH_NO_SCALE=393,XXHDPI,bottom4dp,enable_emoji_kitchen_browse_color_v2=true,enable_google_fonts_icons=true,enable_popup_on_keypress=true,keyboard_redesign_google_sans=true,non_linear_scale,noshadow,overlay_builtin_dynamic_color_dark_base.binarypb:gm3-dark-ff131313-ffffffff-4d9204e36e3ccb6a165e3e3dbe763ce0,roundedchip,silkpopup
10-18 02:54:45.467  5589  5589 I KeyboardWrapper: KeyboardWrapper.onKeyboardReady():224 onKeyboardReady(): type=symbol(prime), kb=com.google.android.apps.inputmethod.latin.keyboard.LatinPasswordKeyboard@bcddfb0
10-18 02:54:45.467  5589  5589 I KeyboardWrapper: KeyboardWrapper.doActivateKeyboard():611 doActivateKeyboard(): prime
10-18 02:54:45.472  5589  5589 I KeyboardViewHelper: KeyboardViewHelper.getView():180 Get view with height ratio:1.000000
10-18 02:54:45.473  5589  5589 I KeyboardHeightUtil: KeyboardHeightUtil.calculateMaxKeyboardBodyHeight():50 leave 267 height for app when ime window height:2171, header height:121 and isFullscreenMode:false, so the max keyboard body height is:1783
10-18 02:54:45.473  5589  5589 W TooltipLifecycleManager: TooltipLifecycleManager.dismissTooltips():153 Tooltip with id undo_access_point_promotion_banner not found in tooltipManager.
10-18 02:54:45.473  5589  5589 I GlobeKeyExtension: GlobeKeyExtension.getKeyboardInitialStates():175 
10-18 02:54:45.474  5589  5589 W Keyboard: Keyboard.getKeyboardViewHelper():609 null helper is returned: keyboardDef=mle{processedConditions={show_comma_key=true, enable_more_candidates_view_for_multilingual=false, layout_9key_split=false, enable_secondary_symbols=false, pref_enable_flick_symbols=false, language=en-US, deprecate_long_press_space_for_ime_picker=false, show_suggestion_strip=true, expressions=normal, enable_access_points_in_password_number=true, enable_correction_settings_updates=true, enable_flick_symbols=true, variant=qwerty, show_period_key=true, enable_number_row=true, device=phone, keyboard_mode=normal, show_secondary_digits=false, enable_preemptive_decode=true, enable_pk_simulator=false, bottom_period_popup_slash=false}, globalConditions={global_theme_key=theme,!gsf,!pgsans,!pgsf,!use_system_font,BORDER,FLAVOR_DPI=XXHDPI,GOOGLE_ICONS,KEYBOARD_WIDTH_CATEGORY=NORMAL,KEY_BORDER_SHAPE=1,LIGHT_THEME=false,PHYSICAL_DIAGONAL=5.748144,POPUP,SCREEN_SHORTEST_WIDTH=393,SCREEN_SHORTEST_WIDTH_NO_SCALE=393,XXHDPI,bottom4dp,enable_emoji_kitchen_browse_color_v2=true,enable_google_fonts_icons=true,enable_popup_on_keypress=true,keyboard_redesign_google_sans=true,non_linear_scale,noshadow,overlay_builtin_dynamic_color_dark_base.binarypb:gm3-dark-ff131313-ffffffff-4d9204e36e3ccb6a165e3e3dbe763ce0,roundedchip,silkpopup, global_locale=en_US, global_density_dpi=440, global_orientation=1}, className=.latin.keyboard.LatinPasswordKeyboard, resourceIds=[#0x7f1705fb, #0x7f17088d, #0x7f1706bb], initialStates=0, keyboardViewDefs=[mls{direction=null, id=#0x7f0b0224, isScalable=true, layoutId=#0x7f0e029f, type=BODY, touchable=true, defaultShow=true}, mls{direction=null, id=#0x7f0b0224, isScalable=false, layoutId=#0x7f0e01f9, type=FLOATING_CANDIDATES, touchable=false, defaultShow=false}, mls{direction=LOCALE, id=#0x7f0b0224, isScalable=false, layoutId=#0x7f0e0500, type=HEADER, touchable=true, defaultShow=true}], persistentStates=0, persistentStatesPrefKey=null, popupBubbleLayoutId=#0x7f0e05f1, recentKeyLayoutId=0, recentKeyPopupLayoutId=0, recentKeyType=null, rememberRecentKey=NONE, sessionStates=17592186044419}, type=WIDGET, helpersCreated=[lxm@19fe12f, lxm@109633c, lxm@9a3b8c5, null], context.getResources().getConfiguration(): {1.0 405mcc869mnc [en_US] ldltr sw393dp w393dp h790dp 440dpi nrml long port night finger -keyb/v/h -nav/h winConfig={ mBounds=Rect(0, 0 - 1080, 2392) mAppBounds=Rect(0, 103 - 1080, 2276) mMaxBounds=Rect(0, 0 - 1080, 2392) mDisplayRotation=ROTATION_0 mWindowingMode=fullscreen mActivityType=undefined mAlwaysOnTop=undefined mRotation=ROTATION_0 isEmbedding:false} s.5420 fontWeightAdjustment=0 themeId=2 themeParameter=0 nightModeLevel = -1 typefaceChanged=0.0 ?spacesystem eaMode=1}
10-18 02:54:45.474  5589  5589 I KeyboardHeightUtil: KeyboardHeightUtil.calculateMaxKeyboardBodyHeight():50 leave 267 height for app when ime window height:2171, header height:121 and isFullscreenMode:false, so the max keyboard body height is:1783
10-18 02:54:45.474  5589  5589 I AndroidIME: InputBundleManager.startInput():358 startInput() with mlo[keyboardType=prime, payload=null]
10-18 02:54:45.474  5589  5589 I GlobeKeyExtension: GlobeKeyExtension.onActivate():120 
10-18 02:54:45.476  5589  5589 I LanguagePromoExtension: LanguagePromoExtension.checkDisplayPreconditions():174 Not show language promo: exceeds the max display times.
10-18 02:54:45.476  5589  5589 I NewLanguagePromptExtension: NewLanguagePromptExtension.onActivate():189 Not activated NewLanguagePromptExtension: not a normal text input box.
10-18 02:54:45.476  5589  5589 I HardKeyTracker: HardKeyTracker.unregisterKeySequence():221 Unregister key sequence nfz{labelResId=2132020497, callback=cgp@b925127, lastModifier=2, keyCodes=[56], actions=[0]}
10-18 02:54:45.476  5589  5589 I HardKeyTracker: HardKeyTracker.unregisterKeySequence():221 Unregister key sequence nfz{labelResId=2132020497, callback=cgp@a48d8c3, lastModifier=0, keyCodes=[317], actions=[0]}
10-18 02:54:45.476  5589  5589 I HardKeyTracker: HardKeyTracker.registerKeySequence():170 Register key sequence nfz{labelResId=2132020497, callback=cgp@8d47c7b, lastModifier=2, keyCodes=[56], actions=[0]}
10-18 02:54:45.476  5589  5589 I HardKeyTracker: HardKeyTracker.registerKeySequence():170 Register key sequence nfz{labelResId=2132020497, callback=cgp@8b97ed6, lastModifier=0, keyCodes=[317], actions=[0]}
10-18 02:54:45.476  5589  5589 I VoiceInputManagerWrapper: VoiceInputManagerWrapper.cancelShutdown():109 cancelShutdown()
10-18 02:54:45.476  5589  5589 I VoiceInputManagerWrapper: VoiceInputManagerWrapper.syncLanguagePacks():121 syncLanguagePacks()
10-18 02:54:45.477  5589  5589 I VoiceInputManager: VoiceInputManager.onKeyboardActivated():1173 onKeyboardActivated() [UD]
10-18 02:54:45.477  5589  6558 I SpeechFactory: SpeechRecognitionFactory.maybeScheduleAutoPackDownloadForFallback():217 maybeScheduleAutoPackDownloadForFallback()
10-18 02:54:45.477  5589  5589 I PkModeUpdater: PkModeUpdater.onActivate():74 onActivate false true
10-18 02:54:45.477  5589  6558 I FallbackOnDeviceRecognitionProvider: FallbackOnDeviceRecognitionProvider.maybeScheduleAutoPackDownload():205 maybeScheduleAutoPackDownload() for language tag en-US
10-18 02:54:45.477  5589  5589 I AccessoryInputModeManager: AccessoryInputModeManager.onModeStarted():318 Accessory input mode started: null
10-18 02:54:45.477  5589  5589 W SupplementaryKeyboardsWrapper: SupplementaryKeyboardsWrapper.deactivateKeyboard():161 keyboard accessory_candidates_consumer is not activated before!
10-18 02:54:45.477  5589  5589 I KeyboardModeUtils: KeyboardModeUtils.getKeyboardBottomOffset():435 inch: 0.000000 ydpi: 387.429993 adjustKeyboardBottomByDisplaySize: false currentDensityDpi: 440 defaultDensityDpi: 440 keyboardBottomToScreenPx: 0 keyboardBottomToNavBarPx: -116 navBarHeight: 116
10-18 02:54:45.477  5589  5589 I KeyboardHeightUtil: KeyboardHeightUtil.calculateMaxKeyboardBodyHeight():50 leave 267 height for app when ime window height:2171, header height:121 and isFullscreenMode:false, so the max keyboard body height is:1783
10-18 02:54:45.477  5589  5589 I KeyboardHeightUtil: KeyboardHeightUtil.calculateMaxKeyboardBodyHeight():50 leave 267 height for app when ime window height:2171, header height:121 and isFullscreenMode:false, so the max keyboard body height is:1783
10-18 02:54:45.477  5589  5589 I AndroidIME: KeyboardViewManager.updateKeyboardBodyViewHolderPaddingBottom():472 Set finalPaddingBottom = 5 while holderPaddingBottom = 5; navigationHeight = 116
10-18 02:54:45.478  5589  5589 I KeyboardHeightUtil: KeyboardHeightUtil.calculateMaxKeyboardBodyHeight():50 leave 267 height for app when ime window height:2171, header height:121 and isFullscreenMode:false, so the max keyboard body height is:1783
10-18 02:54:45.478  5589  5589 I KeyboardHeightUtil: KeyboardHeightUtil.calculateMaxKeyboardBodyHeight():50 leave 267 height for app when ime window height:2171, header height:121 and isFullscreenMode:false, so the max keyboard body height is:1783
10-18 02:54:45.478  5589  5589 W ExtensionWrapper: ExtensionWrapper.setExtensionViewVisibility():811 interface mas is not activate
10-18 02:54:45.479  5589  5589 I Module  : DeviceLockedStatusModuleProvider$Module.updateDeviceLockedStatus():100 repeatCheckTimes = 1, locked = false
10-18 02:54:45.479  5589  5589 I HardKeyTracker: HardKeyTracker.unregisterKeySequence():221 Unregister key sequence nfz{labelResId=2132020501, callback=cgp@f63bb0b, lastModifier=2, keyCodes=[48], actions=[0]}
10-18 02:54:45.479  5589  5589 I HardKeyTracker: HardKeyTracker.registerKeySequence():170 Register key sequence nfz{labelResId=2132020501, callback=cgp@2ba3f29, lastModifier=2, keyCodes=[48], actions=[0]}
10-18 02:54:45.479  5589  5589 I HardKeyTracker: HardKeyTracker.unregisterKeySequence():221 Unregister key sequence nfz{labelResId=2132020501, callback=cgp@d24c73d, lastModifier=2, keyCodes=[48], actions=[0]}
10-18 02:54:45.479  5589  5589 I HardKeyTracker: HardKeyTracker.registerKeySequence():170 Register key sequence nfz{labelResId=2132020501, callback=cgp@1982bba, lastModifier=2, keyCodes=[48], actions=[0]}
10-18 02:54:45.480  5589  5589 I HardKeyTracker: HardKeyTracker.unregisterKeySequence():221 Unregister key sequence nfz{labelResId=2132020497, callback=cgp@c3dfee1, lastModifier=2, keyCodes=[56], actions=[0]}
10-18 02:54:45.480  5589  5589 I HardKeyTracker: HardKeyTracker.unregisterKeySequence():221 Unregister key sequence nfz{labelResId=2132020497, callback=cgp@9e398f4, lastModifier=0, keyCodes=[317], actions=[0]}
10-18 02:54:45.480  5589  5589 I HardKeyTracker: HardKeyTracker.registerKeySequence():170 Register key sequence nfz{labelResId=2132020497, callback=cgp@8558b9d, lastModifier=2, keyCodes=[56], actions=[0]}
10-18 02:54:45.480  5589  5589 I HardKeyTracker: HardKeyTracker.registerKeySequence():170 Register key sequence nfz{labelResId=2132020497, callback=cgp@9b029e0, lastModifier=0, keyCodes=[317], actions=[0]}
10-18 02:54:45.480  5589  5589 I HardKeyTracker: HardKeyTracker.unregisterKeySequence():221 Unregister key sequence nfz{labelResId=2132020502, callback=cgp@95ea919, lastModifier=2, keyCodes=[32], actions=[0]}
10-18 02:54:45.481  5589  5589 I HardKeyTracker: HardKeyTracker.registerKeySequence():170 Register key sequence nfz{labelResId=2132020502, callback=cgp@e4b9155, lastModifier=2, keyCodes=[32], actions=[0]}
10-18 02:54:45.482  5589  5589 I HardKeyTracker: HardKeyTracker.unregisterKeySequence():221 Unregister key sequence nfz{labelResId=2132020502, callback=cgp@e7bbab6, lastModifier=2, keyCodes=[32], actions=[0]}
10-18 02:54:45.482  5589  5589 I HardKeyTracker: HardKeyTracker.registerKeySequence():170 Register key sequence nfz{labelResId=2132020502, callback=cgp@4f0000e, lastModifier=2, keyCodes=[32], actions=[0]}
10-18 02:54:45.482  5589  5589 I StylusModule: StylusModule.onUpdateToolType():800 Update tool type = 1
10-18 02:54:45.483  5589  5589 I StylusModule: StylusModule.onUpdateToolType():800 Update tool type = 1
10-18 02:54:45.483 12441 12577 D WM-DelayedWorkTracker: Scheduling work 9be92144-bda0-4229-be36-de8830588f8a
10-18 02:54:45.485 12441 12577 D WM-GreedyScheduler: Starting tracking for 9be92144-bda0-4229-be36-de8830588f8a
10-18 02:54:45.491 12441 12485 D WM-GreedyScheduler: Constraints not met: Cancelling work ID WorkGenerationalId(workSpecId=9be92144-bda0-4229-be36-de8830588f8a, generation=189)
10-18 02:54:45.493  5589  5589 I KeyboardModeUtils: KeyboardModeUtils.getKeyboardBottomOffset():435 inch: 0.000000 ydpi: 387.429993 adjustKeyboardBottomByDisplaySize: false currentDensityDpi: 440 defaultDensityDpi: 440 keyboardBottomToScreenPx: 0 keyboardBottomToNavBarPx: -116 navBarHeight: 116
10-18 02:54:45.493  5589  5589 I KeyboardHeightUtil: KeyboardHeightUtil.calculateMaxKeyboardBodyHeight():50 leave 267 height for app when ime window height:2171, header height:121 and isFullscreenMode:false, so the max keyboard body height is:1783
10-18 02:54:45.493  5589  5589 I KeyboardHeightUtil: KeyboardHeightUtil.calculateMaxKeyboardBodyHeight():50 leave 267 height for app when ime window height:2171, header height:121 and isFullscreenMode:false, so the max keyboard body height is:1783
10-18 02:54:45.493  5589  5589 I AndroidIME: KeyboardViewManager.updateKeyboardBodyViewHolderPaddingBottom():472 Set finalPaddingBottom = 5 while holderPaddingBottom = 5; navigationHeight = 116
10-18 02:54:45.493  5589  5589 I WindowMetricsNotification: WindowMetricsNotification.notifyWithWindow():166 
10-18 02:54:45.493  5589  5589 I WindowMetricsNotification: WindowMetricsNotification.notify():159 pfu[bounds=Rect(0, 105 - 1080, 2392), insets=Rect(0, 0 - 0, 116), densityDpi=440, smallestScreenWidthDp=393, displayWidth=1080, displayHeight=2392, xdpi=387.43, ydpi=387.43, isTrustable=true, displayId=0]; DisplayMetrics{density=2.75, width=1080, height=2392, scaledDensity=2.75, xdpi=387.43, ydpi=387.43}
10-18 02:54:45.499  5589  5589 I GoogleInputMethodService: GoogleInputMethodService$1.onKeyboardViewShown():325 onKeyboardViewShown: keyboardType=prime, keyboardViewType=HEADER keyboardView=com.google.android.libraries.inputmethod.widgets.SoftKeyboardView{b41a1a9 V.E...... ........ 0,0-1080,121}
10-18 02:54:45.499  5589  5589 I KeyboardHeightUtil: KeyboardHeightUtil.calculateMaxKeyboardBodyHeight():50 leave 267 height for app when ime window height:2171, header height:121 and isFullscreenMode:false, so the max keyboard body height is:1783
10-18 02:54:45.500  5589  5589 I GoogleInputMethodService: GoogleInputMethodService$1.onKeyboardViewShown():325 onKeyboardViewShown: keyboardType=prime, keyboardViewType=BODY keyboardView=com.google.android.libraries.inputmethod.widgets.SoftKeyboardView{c4aa611 V.E...... ........ 0,0-1080,693}
10-18 02:54:45.500  5589  5589 I KeyboardHeightUtil: KeyboardHeightUtil.calculateMaxKeyboardBodyHeight():50 leave 267 height for app when ime window height:2171, header height:121 and isFullscreenMode:false, so the max keyboard body height is:1783
10-18 02:54:45.500  5589  5589 I GlobeKeyExtension: GlobeKeyExtension$1.onKeyboardViewShown():72 maybeDisableLanguageSwitchKeyPref when the keyboard is shown
10-18 02:54:45.500  5589  5589 I GlobeKeyExtension: GlobeKeyExtension.maybeDisableLanguageSwitchKeyPref():200 maybeDisableLanguageSwitchKeyPref hasGlobeKeyBeenDisabled: false, shouldDisableLanguageSwitchKey: false
10-18 02:54:45.500  5589  5589 I NewLanguagePromptExtension: NewLanguagePromptExtension$1.onKeyboardViewShown():88 Not show new language banner: not prime keyboard, or the extension not activated.
10-18 02:54:45.504  3458  3458 V InlinePresentationRendererServiceImpl: onRenderSuggestion: width=-2, height=-2
10-18 02:54:45.507  3458  3458 V InlineSuggestionRenderService: width=-2, height=-2, measuredSize=366x121
10-18 02:54:45.523  1870  1976 D AutofillSession: onShown(): 2, 1
10-18 02:54:45.526  5589  5589 I ProactiveSuggestionsHolderManager: ProactiveSuggestionsHolderManager$2.display():195 Requesting to show proactive suggestions: AUTO_FILL PREEMPTIVE_WITH_SUPPRESSION
10-18 02:54:45.530  3458  3458 D ViewRootImpl: AppSizeAfterRelayout, size: Point(366, 121), rotation: ROTATION_0
10-18 02:54:45.531  3458  3458 D BufferQueueConsumer: [](id:d8200000129,api:0,p:-1,c:3458) connect: controlledByApp=false
10-18 02:54:45.531  3458  3458 D BLASTBufferQueue: [VRI[]#297](f:0,a:0) constructor()
10-18 02:54:45.532  3458  3458 D BLASTBufferQueue: [VRI[]#297](f:0,a:0) update width=366 height=121 format=-2 mTransformHint=0
10-18 02:54:45.532  5589  5589 D BufferQueueConsumer: [](id:15d500000661,api:0,p:-1,c:5589) connect: controlledByApp=false
10-18 02:54:45.532  5589  5589 D BLASTBufferQueue: [SurfaceView[InputMethod]#1633](f:0,a:0) constructor()
10-18 02:54:45.533  5589  5589 D BLASTBufferQueue: [SurfaceView[InputMethod]#1633](f:0,a:0) update width=770 height=121 format=-2 mTransformHint=0
10-18 02:54:45.536  1870  3261 D BatteryStatsService: noteVideoSurfaceChanged  noteWhich: 49,arg1: 770, arg2: 121, arg3: 5589, arg4: 85241, name: com.google.android.inputmethod.latin
10-18 02:54:45.538  5589  5589 I ProactiveSuggestionsHolderManager: ProactiveSuggestionsHolderManager$Holder.setSuggestionsAndShow():898 succeed to show proactive suggestions AUTO_FILL PREEMPTIVE_WITH_SUPPRESSION
10-18 02:54:45.540  5589  5589 I KeyboardModeUtils: KeyboardModeUtils.getKeyboardBottomOffset():435 inch: 0.000000 ydpi: 387.429993 adjustKeyboardBottomByDisplaySize: false currentDensityDpi: 440 defaultDensityDpi: 440 keyboardBottomToScreenPx: 0 keyboardBottomToNavBarPx: -116 navBarHeight: 116
10-18 02:54:45.540  5589  5589 I KeyboardHeightUtil: KeyboardHeightUtil.calculateMaxKeyboardBodyHeight():50 leave 267 height for app when ime window height:2171, header height:121 and isFullscreenMode:false, so the max keyboard body height is:1783
10-18 02:54:45.540  5589  5589 I KeyboardHeightUtil: KeyboardHeightUtil.calculateMaxKeyboardBodyHeight():50 leave 267 height for app when ime window height:2171, header height:121 and isFullscreenMode:false, so the max keyboard body height is:1783
10-18 02:54:45.540  5589  5589 I AndroidIME: KeyboardViewManager.updateKeyboardBodyViewHolderPaddingBottom():472 Set finalPaddingBottom = 5 while holderPaddingBottom = 5; navigationHeight = 116
10-18 02:54:45.541  3458 31463 D BLASTBufferQueue: [VRI[]#297](f:0,a:1) acquireNextBufferLocked size=366x121 mFrameNumber=1 applyTransaction=true mTimestamp=569965021461279(auto) mPendingTransactions.size=0 graphicBufferId=14851996911647 transform=0
10-18 02:54:45.544  5589  5589 D BufferQueueConsumer: [](id:15d500000662,api:0,p:-1,c:5589) connect: controlledByApp=false
10-18 02:54:45.545  5589  5589 D BLASTBufferQueue: [SurfaceView[InputMethod]#1634](f:0,a:0) constructor()
10-18 02:54:45.545  5589  5589 D BLASTBufferQueue: [SurfaceView[InputMethod]#1634](f:0,a:0) update width=366 height=121 format=-2 mTransformHint=0
10-18 02:54:45.547  1870  2895 D BatteryStatsService: noteVideoSurfaceChanged  noteWhich: 49,arg1: 366, arg2: 121, arg3: 5589, arg4: 95409, name: com.google.android.inputmethod.latin
10-18 02:54:45.550  5589  5657 D BLASTBufferQueue: [SurfaceView[InputMethod]#1634](f:0,a:1) acquireNextBufferLocked size=366x121 mFrameNumber=1 applyTransaction=true mTimestamp=569965030566433(auto) mPendingTransactions.size=0 graphicBufferId=24004572223466 transform=0
10-18 02:54:45.550  1870  3261 D BatteryStatsService: noteVideoSurfaceChanged  noteWhich: 49,arg1: 184, arg2: 13, arg3: 5589, arg4: 95409, name: com.google.android.inputmethod.latin
10-18 02:54:45.551  1870  3261 D BatteryStatsService: noteVideoSurfaceChanged  noteWhich: 49,arg1: 770, arg2: 121, arg3: 5589, arg4: 85241, name: com.google.android.inputmethod.latin
10-18 02:54:45.556  1870  3261 D BatteryStatsService: noteVideoSurfaceChanged  noteWhich: 49,arg1: 224, arg2: 37, arg3: 5589, arg4: 95409, name: com.google.android.inputmethod.latin
10-18 02:54:45.563  1870  3261 D BatteryStatsService: noteVideoSurfaceChanged  noteWhich: 49,arg1: 258, arg2: 57, arg3: 5589, arg4: 95409, name: com.google.android.inputmethod.latin
10-18 02:54:45.579  1870  3261 D BatteryStatsService: noteVideoSurfaceChanged  noteWhich: 49,arg1: 286, arg2: 73, arg3: 5589, arg4: 95409, name: com.google.android.inputmethod.latin
10-18 02:54:45.596  1870  2895 D BatteryStatsService: noteVideoSurfaceChanged  noteWhich: 49,arg1: 310, arg2: 89, arg3: 5589, arg4: 95409, name: com.google.android.inputmethod.latin
10-18 02:54:45.611  1870  2895 D BatteryStatsService: noteVideoSurfaceChanged  noteWhich: 49,arg1: 332, arg2: 101, arg3: 5589, arg4: 95409, name: com.google.android.inputmethod.latin
10-18 02:54:45.629  1870  2895 D BatteryStatsService: noteVideoSurfaceChanged  noteWhich: 49,arg1: 346, arg2: 109, arg3: 5589, arg4: 95409, name: com.google.android.inputmethod.latin
10-18 02:54:45.648  1870  3261 D BatteryStatsService: noteVideoSurfaceChanged  noteWhich: 49,arg1: 358, arg2: 117, arg3: 5589, arg4: 95409, name: com.google.android.inputmethod.latin
10-18 02:54:45.663  1870  3261 D BatteryStatsService: noteVideoSurfaceChanged  noteWhich: 49,arg1: 364, arg2: 121, arg3: 5589, arg4: 95409, name: com.google.android.inputmethod.latin
10-18 02:54:45.681  1870  3261 D BatteryStatsService: noteVideoSurfaceChanged  noteWhich: 49,arg1: 366, arg2: 121, arg3: 5589, arg4: 95409, name: com.google.android.inputmethod.latin
10-18 02:54:45.912 26036 27730 I WifiScanner: onFullResults
10-18 02:54:45.912 26036 26669 I WifiScanner: onFullResults
10-18 02:54:45.912 26036 26051 I WifiScanner: onFullResults
10-18 02:54:45.918 26036 20068 I FrewleTileCacheManagerV: (REDACTED) Fetched %d AP models from cache
10-18 02:54:45.948 26036 26172 I FusedLocation: (REDACTED) location delivery to %s blocked - too fast
10-18 02:54:45.950 26036 26172 I FusedLocation: (REDACTED) location delivery to %s blocked - too close
10-18 02:54:45.952 26036 26172 I FusedLocation: (REDACTED) location delivery to %s blocked - too fast
10-18 02:54:46.039 26036 20068 I TFLite-in-PlayServices: Created interpreter.
10-18 02:54:46.069 26036 20068 I TFLite-in-PlayServices: Created interpreter.
10-18 02:54:46.099 26036 20068 I SemanticLocation: (REDACTED) [Inferrer] %s%s
