10-19 20:15:24.881 21104  7420 W anqe    : Caused by: fnpd: No active MDD filegroup android-autofill-infinitedata found for the table autofill-domain-predictions-prod-spanner.
10-19 20:15:24.881 21104  7420 W anqe    : 	at fnpr.a(:com.google.android.gms@254031035@25.40.31 (260400-816341114):13)
10-19 20:15:24.881 21104  7420 W anqe    : 	at gpjr.d(:com.google.android.gms@254031035@25.40.31 (260400-816341114):3)
10-19 20:15:24.881 21104  7420 W anqe    : 	at gpjt.run(:com.google.android.gms@254031035@25.40.31 (260400-816341114):130)
10-19 20:15:24.881 21104  7420 W anqe    : 	at gpma.execute(:com.google.android.gms@254031035@25.40.31 (260400-816341114):1)
10-19 20:15:24.881 21104  7420 W anqe    : 	at gpkb.f(:com.google.android.gms@254031035@25.40.31 (260400-816341114):1)
10-19 20:15:24.881 21104  7420 W anqe    : 	at gpkb.m(:com.google.android.gms@254031035@25.40.31 (260400-816341114):99)
10-19 20:15:24.881 21104  7420 W anqe    : 	at gpkb.r(:com.google.android.gms@254031035@25.40.31 (260400-816341114):17)
10-19 20:15:24.881 21104  7420 W anqe    : 	at gpko.run(:com.google.android.gms@254031035@25.40.31 (260400-816341114):77)
10-19 20:15:24.881 21104  7420 W anqe    : 	at gpma.execute(:com.google.android.gms@254031035@25.40.31 (260400-816341114):1)
10-19 20:15:24.881 21104  7420 W anqe    : 	at gpkb.f(:com.google.android.gms@254031035@25.40.31 (260400-816341114):1)
10-19 20:15:24.881 21104  7420 W anqe    : 	at gpkb.m(:com.google.android.gms@254031035@25.40.31 (260400-816341114):99)
10-19 20:15:24.881 21104  7420 W anqe    : 	at gpkb.t(:com.google.android.gms@254031035@25.40.31 (260400-816341114):26)
10-19 20:15:24.881 21104  7420 W anqe    : 	at gpjr.e(:com.google.android.gms@254031035@25.40.31 (260400-816341114):3)
10-19 20:15:24.881 21104  7420 W anqe    : 	at gpjt.run(:com.google.android.gms@254031035@25.40.31 (260400-816341114):138)
10-19 20:15:24.881 21104  7420 W anqe    : 	at gpma.execute(:com.google.android.gms@254031035@25.40.31 (260400-816341114):1)
10-19 20:15:24.881 21104  7420 W anqe    : 	at gpkb.f(:com.google.android.gms@254031035@25.40.31 (260400-816341114):1)
10-19 20:15:24.881 21104  7420 W anqe    : 	at gpkb.m(:com.google.android.gms@254031035@25.40.31 (260400-816341114):99)
10-19 20:15:24.881 21104  7420 W anqe    : 	at gpkb.r(:com.google.android.gms@254031035@25.40.31 (260400-816341114):17)
10-19 20:15:24.881 21104  7420 W anqe    : 	at gpko.run(:com.google.android.gms@254031035@25.40.31 (260400-816341114):77)
10-19 20:15:24.881 21104  7420 W anqe    : 	at gpma.execute(:com.google.android.gms@254031035@25.40.31 (260400-816341114):1)
10-19 20:15:24.881 21104  7420 W anqe    : 	at gpkb.f(:com.google.android.gms@254031035@25.40.31 (260400-816341114):1)
10-19 20:15:24.881 21104  7420 W anqe    : 	at gpkb.m(:com.google.android.gms@254031035@25.40.31 (260400-816341114):99)
10-19 20:15:24.881 21104  7420 W anqe    : 	at gpkb.t(:com.google.android.gms@254031035@25.40.31 (260400-816341114):26)
10-19 20:15:24.881 21104  7420 W anqe    : 	at gpmx.run(:com.google.android.gms@254031035@25.40.31 (260400-816341114):5)
10-19 20:15:24.881 21104  7420 W anqe    : 	at gpma.execute(:com.google.android.gms@254031035@25.40.31 (260400-816341114):1)
10-19 20:15:24.881 21104  7420 W anqe    : 	at gpkb.f(:com.google.android.gms@254031035@25.40.31 (260400-816341114):1)
10-19 20:15:24.881 21104  7420 W anqe    : 	at gpkb.m(:com.google.android.gms@254031035@25.40.31 (260400-816341114):99)
10-19 20:15:24.881 21104  7420 W anqe    : 	at gpkb.t(:com.google.android.gms@254031035@25.40.31 (260400-816341114):26)
10-19 20:15:24.881 21104  7420 W anqe    : 	at gpkm.e(:com.google.android.gms@254031035@25.40.31 (260400-816341114):3)
10-19 20:15:24.881 21104  7420 W anqe    : 	at gpko.run(:com.google.android.gms@254031035@25.40.31 (260400-816341114):44)
10-19 20:15:24.881 21104  7420 W anqe    : 	at gpod.run(:com.google.android.gms@254031035@25.40.31 (260400-816341114):64)
10-19 20:15:24.881 21104  7420 W anqe    : 	... 6 more
10-19 20:15:24.881 21104  7420 W anqe    : Caused by: flxc: Requested group not found.
10-19 20:15:24.881 21104  7420 W anqe    : 	at flxa.a(:com.google.android.gms@254031035@25.40.31 (260400-816341114):30)
10-19 20:15:24.881 21104  7420 W anqe    : 	at fmce.a(:com.google.android.gms@254031035@25.40.31 (260400-816341114):19)
10-19 20:15:24.881 21104  7420 W anqe    : 	at ghbr.a(:com.google.android.gms@254031035@25.40.31 (260400-816341114):13)
10-19 20:15:24.881 21104  7420 W anqe    : 	at gpkm.d(:com.google.android.gms@254031035@25.40.31 (260400-816341114):3)
10-19 20:15:24.881 21104  7420 W anqe    : 	at gpko.run(:com.google.android.gms@254031035@25.40.31 (260400-816341114):38)
10-19 20:15:24.881 21104  7420 W anqe    : 	... 7 more
10-19 20:15:24.882  5589  5589 I Module  : DeviceLockedStatusModuleProvider$Module.updateDeviceLockedStatus():100 repeatCheckTimes = 1, locked = false
10-19 20:15:24.883  5589  5589 I StylusModule: StylusModule.onUpdateToolType():800 Update tool type = 1
10-19 20:15:24.883 21163 21163 D BoundBrokerSvc: onBind: Intent { act=com.google.android.gms.wallet.service.BIND pkg=com.google.android.gms }
10-19 20:15:24.883 21163 21163 D BoundBrokerSvc: Loading bound service for intent: Intent { act=com.google.android.gms.wallet.service.BIND pkg=com.google.android.gms }
10-19 20:15:24.892  5589  5589 D ViewRootImpl: AppSizeAfterRelayout, size: Point(1080, 2287), rotation: ROTATION_0
10-19 20:15:24.892  5589  5589 D BufferQueueConsumer: [](id:15d500000902,api:0,p:-1,c:5589) connect: controlledByApp=false
10-19 20:15:24.892  5589  5589 D BLASTBufferQueue: [VRI[InputMethod]#2306](f:0,a:0) constructor()
10-19 20:15:24.892  5589  5589 D BLASTBufferQueue: [VRI[InputMethod]#2306](f:0,a:0) update width=1080 height=2287 format=-2 mTransformHint=0
10-19 20:15:24.894  5589  5589 I KeyboardModeUtils: KeyboardModeUtils.getKeyboardBottomOffset():435 inch: 0.000000 ydpi: 387.429993 adjustKeyboardBottomByDisplaySize: false currentDensityDpi: 440 defaultDensityDpi: 440 keyboardBottomToScreenPx: 0 keyboardBottomToNavBarPx: -116 navBarHeight: 116
10-19 20:15:24.894  5589  5589 I KeyboardHeightUtil: KeyboardHeightUtil.calculateMaxKeyboardBodyHeight():50 leave 267 height for app when ime window height:2171, header height:121 and isFullscreenMode:false, so the max keyboard body height is:1783
10-19 20:15:24.895  5589  5589 I KeyboardHeightUtil: KeyboardHeightUtil.calculateMaxKeyboardBodyHeight():50 leave 267 height for app when ime window height:2171, header height:121 and isFullscreenMode:false, so the max keyboard body height is:1783
10-19 20:15:24.895 21104  7420 I PasswordSaveInfoFactory: Form is missing passwords. [CONTEXT service_id=177 ]
10-19 20:15:24.895  5589  5589 I AndroidIME: KeyboardViewManager.updateKeyboardBodyViewHolderPaddingBottom():472 Set finalPaddingBottom = 5 while holderPaddingBottom = 5; navigationHeight = 116
10-19 20:15:24.895  5589  5589 I WindowMetricsNotification: WindowMetricsNotification.notifyWithWindow():166 
10-19 20:15:24.895  5589  5589 I WindowMetricsNotification: WindowMetricsNotification.notify():159 pfu[bounds=Rect(0, 105 - 1080, 2392), insets=Rect(0, 0 - 0, 116), densityDpi=440, smallestScreenWidthDp=393, displayWidth=1080, displayHeight=2392, xdpi=387.43, ydpi=387.43, isTrustable=true, displayId=0]; DisplayMetrics{density=2.75, width=1080, height=2392, scaledDensity=2.75, xdpi=387.43, ydpi=387.43}
10-19 20:15:24.902 21163 25512 I SyncManager: (REDACTED) Executing sync(type=%s%s)
10-19 20:15:24.908 21163 25512 I SyncManager: (REDACTED) Executing sync(type=%s) finished in %s
10-19 20:15:24.911 21163 25512 I SyncManager: (REDACTED) Executing sync(type=%s%s)
10-19 20:15:24.913  5589  5657 D BLASTBufferQueue: [VRI[InputMethod]#2306](f:0,a:1) acquireNextBufferLocked size=1080x2287 mFrameNumber=1 applyTransaction=true mTimestamp=647895551544232(auto) mPendingTransactions.size=0 graphicBufferId=24004572224920 transform=0
10-19 20:15:24.915  5589  5589 I GoogleInputMethodService: GoogleInputMethodService$1.onKeyboardViewShown():325 onKeyboardViewShown: keyboardType=prime, keyboardViewType=HEADER keyboardView=com.google.android.libraries.inputmethod.widgets.SoftKeyboardView{9a4bdd2 V.E...... ........ 0,0-1080,121}
10-19 20:15:24.915  5589  5589 I KeyboardHeightUtil: KeyboardHeightUtil.calculateMaxKeyboardBodyHeight():50 leave 267 height for app when ime window height:2171, header height:121 and isFullscreenMode:false, so the max keyboard body height is:1783
10-19 20:15:24.916  5589  5589 I GoogleInputMethodService: GoogleInputMethodService$1.onKeyboardViewShown():325 onKeyboardViewShown: keyboardType=prime, keyboardViewType=BODY keyboardView=com.google.android.libraries.inputmethod.widgets.SoftKeyboardView{84bc248 V.E...... ........ 0,0-1080,580}
10-19 20:15:24.916  5589  5589 I KeyboardHeightUtil: KeyboardHeightUtil.calculateMaxKeyboardBodyHeight():50 leave 267 height for app when ime window height:2171, header height:121 and isFullscreenMode:false, so the max keyboard body height is:1783
10-19 20:15:24.916  5589  5589 I GlobeKeyExtension: GlobeKeyExtension$1.onKeyboardViewShown():72 maybeDisableLanguageSwitchKeyPref when the keyboard is shown
10-19 20:15:24.916  5589  5589 I GlobeKeyExtension: GlobeKeyExtension.maybeDisableLanguageSwitchKeyPref():200 maybeDisableLanguageSwitchKeyPref hasGlobeKeyBeenDisabled: false, shouldDisableLanguageSwitchKey: false
10-19 20:15:24.916  5589  5589 I NewLanguagePromptExtension: NewLanguagePromptExtension$1.onKeyboardViewShown():88 Not show new language banner: not prime keyboard, or the extension not activated.
10-19 20:15:24.917  5589  5589 I KeyboardModeUtils: KeyboardModeUtils.getKeyboardBottomOffset():435 inch: 0.000000 ydpi: 387.429993 adjustKeyboardBottomByDisplaySize: false currentDensityDpi: 440 defaultDensityDpi: 440 keyboardBottomToScreenPx: 0 keyboardBottomToNavBarPx: -116 navBarHeight: 116
10-19 20:15:24.917  5589  5589 I KeyboardHeightUtil: KeyboardHeightUtil.calculateMaxKeyboardBodyHeight():50 leave 267 height for app when ime window height:2171, header height:121 and isFullscreenMode:false, so the max keyboard body height is:1783
10-19 20:15:24.917  5589  5589 I KeyboardHeightUtil: KeyboardHeightUtil.calculateMaxKeyboardBodyHeight():50 leave 267 height for app when ime window height:2171, header height:121 and isFullscreenMode:false, so the max keyboard body height is:1783
10-19 20:15:24.917  5589  5589 I AndroidIME: KeyboardViewManager.updateKeyboardBodyViewHolderPaddingBottom():472 Set finalPaddingBottom = 5 while holderPaddingBottom = 5; navigationHeight = 116
10-19 20:15:24.918 21163 25512 I SyncManager: (REDACTED) Executing sync(type=%s) finished in %s
10-19 20:15:24.920 21163 25512 I SyncManager: (REDACTED) Executing sync(type=%s%s)
10-19 20:15:24.931 21163 25512 I SyncManager: (REDACTED) Executing sync(type=%s) finished in %s
10-19 20:15:24.932 21163 25512 I SyncManager: (REDACTED) Executing sync(type=%s%s)
10-19 20:15:24.935 21163 25512 I SyncManager: (REDACTED) Executing sync(type=%s) finished in %s
10-19 20:15:24.949 21163 21212 I AutofillPreferences: The stored preference is not current autofill service. Clean permission. [CONTEXT service_id=177 ]
10-19 20:15:24.949 21163 21212 I AutofillPreferences: cleanPermission [CONTEXT service_id=177 ]
10-19 20:15:24.952 21163 21163 D BoundBrokerSvc: onBind: Intent { act=com.google.android.gms.auth.api.phone.service.InternalService.START dat=chimera-action:/... cmp=com.google.android.gms/.chimera.GmsInternalApiService }
10-19 20:15:24.952 21163 21163 D BoundBrokerSvc: Loading bound service for intent: Intent { act=com.google.android.gms.auth.api.phone.service.InternalService.START dat=chimera-action:/... cmp=com.google.android.gms/.chimera.GmsInternalApiService }
10-19 20:15:24.968 21163 22741 I AutofillPreferences: The stored preference is not current autofill service. Clean permission. [CONTEXT service_id=177 ]
10-19 20:15:24.969 21163 22741 I AutofillPreferences: cleanPermission [CONTEXT service_id=177 ]
10-19 20:15:25.282  1870  1870 D AutofillSession: Service did not request to wait for delayed fill response.
10-19 20:15:25.310  3458  3458 V InlinePresentationRendererServiceImpl: onRenderSuggestion: width=-2, height=-2
10-19 20:15:25.324  3458  3458 V InlineSuggestionRenderService: width=-2, height=-2, measuredSize=660x121
10-19 20:15:25.364  3458  3458 D ViewRootImpl: AppSizeAfterRelayout, size: Point(660, 121), rotation: ROTATION_0
10-19 20:15:25.365  3458  3458 D BufferQueueConsumer: [](id:d820000022e,api:0,p:-1,c:3458) connect: controlledByApp=false
10-19 20:15:25.366  3458  3458 D BLASTBufferQueue: [VRI[]#558](f:0,a:0) constructor()
10-19 20:15:25.366  3458  3458 D BLASTBufferQueue: [VRI[]#558](f:0,a:0) update width=660 height=121 format=-2 mTransformHint=0
10-19 20:15:25.378  1870  1976 D AutofillSession: onShown(): 2, 1
10-19 20:15:25.379  5589  5589 I ProactiveSuggestionsHolderManager: ProactiveSuggestionsHolderManager$2.display():195 Requesting to show proactive suggestions: AUTO_FILL PREEMPTIVE_WITH_SUPPRESSION
10-19 20:15:25.380  3458 31463 D BLASTBufferQueue: [VRI[]#558](f:0,a:1) acquireNextBufferLocked size=660x121 mFrameNumber=1 applyTransaction=true mTimestamp=647896017686385(auto) mPendingTransactions.size=0 graphicBufferId=14851996913476 transform=0
10-19 20:15:25.386  5589  5589 D BufferQueueConsumer: [](id:15d500000903,api:0,p:-1,c:5589) connect: controlledByApp=false
10-19 20:15:25.387  5589  5589 D BLASTBufferQueue: [SurfaceView[InputMethod]#2307](f:0,a:0) constructor()
10-19 20:15:25.387  5589  5589 D BLASTBufferQueue: [SurfaceView[InputMethod]#2307](f:0,a:0) update width=770 height=121 format=-2 mTransformHint=0
10-19 20:15:25.391  1870  2894 D BatteryStatsService: noteVideoSurfaceChanged  noteWhich: 49,arg1: 770, arg2: 121, arg3: 5589, arg4: 105641, name: com.google.android.inputmethod.latin
10-19 20:15:25.396  5589  5589 I ProactiveSuggestionsHolderManager: ProactiveSuggestionsHolderManager$Holder.setSuggestionsAndShow():898 succeed to show proactive suggestions AUTO_FILL PREEMPTIVE_WITH_SUPPRESSION
10-19 20:15:25.399  5589  5589 I KeyboardModeUtils: KeyboardModeUtils.getKeyboardBottomOffset():435 inch: 0.000000 ydpi: 387.429993 adjustKeyboardBottomByDisplaySize: false currentDensityDpi: 440 defaultDensityDpi: 440 keyboardBottomToScreenPx: 0 keyboardBottomToNavBarPx: -116 navBarHeight: 116
10-19 20:15:25.400  5589  5589 I KeyboardHeightUtil: KeyboardHeightUtil.calculateMaxKeyboardBodyHeight():50 leave 267 height for app when ime window height:2171, header height:121 and isFullscreenMode:false, so the max keyboard body height is:1783
10-19 20:15:25.400  5589  5589 I KeyboardHeightUtil: KeyboardHeightUtil.calculateMaxKeyboardBodyHeight():50 leave 267 height for app when ime window height:2171, header height:121 and isFullscreenMode:false, so the max keyboard body height is:1783
10-19 20:15:25.400  5589  5589 I AndroidIME: KeyboardViewManager.updateKeyboardBodyViewHolderPaddingBottom():472 Set finalPaddingBottom = 5 while holderPaddingBottom = 5; navigationHeight = 116
10-19 20:15:25.407  5589  5589 D BufferQueueConsumer: [](id:15d500000904,api:0,p:-1,c:5589) connect: controlledByApp=false
10-19 20:15:25.411  5589  5589 D BLASTBufferQueue: [SurfaceView[InputMethod]#2308](f:0,a:0) constructor()
10-19 20:15:25.411  5589  5589 D BLASTBufferQueue: [SurfaceView[InputMethod]#2308](f:0,a:0) update width=660 height=121 format=-2 mTransformHint=0
10-19 20:15:25.416  1870  3343 D BatteryStatsService: noteVideoSurfaceChanged  noteWhich: 49,arg1: 660, arg2: 121, arg3: 5589, arg4: 110133, name: com.google.android.inputmethod.latin
10-19 20:15:25.420  5589  5657 D BLASTBufferQueue: [SurfaceView[InputMethod]#2308](f:0,a:1) acquireNextBufferLocked size=660x121 mFrameNumber=1 applyTransaction=true mTimestamp=647896058520232(auto) mPendingTransactions.size=0 graphicBufferId=24004572224927 transform=0
10-19 20:15:25.422  1870  2894 D BatteryStatsService: noteVideoSurfaceChanged  noteWhich: 49,arg1: 330, arg2: 13, arg3: 5589, arg4: 110133, name: com.google.android.inputmethod.latin
10-19 20:15:25.423  1870  2894 D BatteryStatsService: noteVideoSurfaceChanged  noteWhich: 49,arg1: 770, arg2: 121, arg3: 5589, arg4: 105641, name: com.google.android.inputmethod.latin
10-19 20:15:25.426  1870  2894 D BatteryStatsService: noteVideoSurfaceChanged  noteWhich: 49,arg1: 460, arg2: 55, arg3: 5589, arg4: 110133, name: com.google.android.inputmethod.latin
10-19 20:15:25.443  1870  2894 D BatteryStatsService: noteVideoSurfaceChanged  noteWhich: 49,arg1: 514, arg2: 73, arg3: 5589, arg4: 110133, name: com.google.android.inputmethod.latin
10-19 20:15:25.460  1870  3343 D BatteryStatsService: noteVideoSurfaceChanged  noteWhich: 49,arg1: 558, arg2: 87, arg3: 5589, arg4: 110133, name: com.google.android.inputmethod.latin
10-19 20:15:25.477  1870  3343 D BatteryStatsService: noteVideoSurfaceChanged  noteWhich: 49,arg1: 596, arg2: 101, arg3: 5589, arg4: 110133, name: com.google.android.inputmethod.latin
10-19 20:15:25.495  1870  3343 D BatteryStatsService: noteVideoSurfaceChanged  noteWhich: 49,arg1: 624, arg2: 109, arg3: 5589, arg4: 110133, name: com.google.android.inputmethod.latin
10-19 20:15:25.509  1870  2894 D BatteryStatsService: noteVideoSurfaceChanged  noteWhich: 49,arg1: 644, arg2: 117, arg3: 5589, arg4: 110133, name: com.google.android.inputmethod.latin
10-19 20:15:25.526  1870  2894 D BatteryStatsService: noteVideoSurfaceChanged  noteWhich: 49,arg1: 656, arg2: 121, arg3: 5589, arg4: 110133, name: com.google.android.inputmethod.latin
10-19 20:15:25.543  1870  2894 D BatteryStatsService: noteVideoSurfaceChanged  noteWhich: 49,arg1: 660, arg2: 121, arg3: 5589, arg4: 110133, name: com.google.android.inputmethod.latin
10-19 20:15:26.079 14485 14485 I bnlz    : onStart
10-19 20:15:26.081 14485 14485 I bldh    : (REDACTED) [%s] onStart()
10-19 20:15:26.081 14485 14485 I blfn    : Reloading theme data
10-19 20:15:26.083 14485 14485 I bnlz    : onResume
10-19 20:15:26.091 14485 14485 D VRI[Launcher]: visibilityChanged oldVisibility=false newVisibility=true
10-19 20:15:26.096 21163 21163 D BoundBrokerSvc: onRebind: Intent { act=com.google.android.gms.inappreach.service.START dat=chimera-action:/... cmp=com.google.android.gms/.chimera.GmsApiService }
10-19 20:15:26.124 14485 14485 D ViewRootImpl: AppSizeAfterRelayout, size: Point(1080, 2392), rotation: ROTATION_0
10-19 20:15:26.124 14485 14485 D BufferQueueConsumer: [](id:3895000000de,api:0,p:-1,c:14485) connect: controlledByApp=false
10-19 20:15:26.124 14485 14485 D BLASTBufferQueue: [VRI[Launcher]#222](f:0,a:0) constructor()
10-19 20:15:26.124 14485 14485 D BLASTBufferQueue: [VRI[Launcher]#222](f:0,a:0) update width=1080 height=2392 format=-2 mTransformHint=0
10-19 20:15:26.134 14485 14785 D BLASTBufferQueue: [VRI[Launcher]#222](f:0,a:1) acquireNextBufferLocked size=1080x2392 mFrameNumber=1 applyTransaction=true mTimestamp=647896771337232(auto) mPendingTransactions.size=0 graphicBufferId=62212601284115 transform=0
10-19 20:15:26.200 21104 21188 W Settings: Setting airplane_mode_on has moved from android.provider.Settings.System to android.provider.Settings.Global, returning read-only value.
10-19 20:15:26.204 21104  7418 W SystemServiceRegistry: No service published for: wifirtt
10-19 20:15:26.252 21104 21188 I ActivityScheduler: nextTriggerTime: 1329300615, in 5000ms, detectorType: 39, FULL_TYPE alarmWindowMillis: 625
10-19 20:15:26.481 21104 21184 I FusedLocation: (REDACTED) location delivery to %s blocked - too fast
10-19 20:15:26.486 21104 21184 I FusedLocation: (REDACTED) location delivery to %s blocked - too close
10-19 20:15:26.494 21104 21184 I FusedLocation: (REDACTED) location delivery to %s blocked - too fast
10-19 20:15:26.633 14485 14485 I bnft    : (REDACTED) onApplyWindowInsets: systemWindowInsets=%s
10-19 20:15:26.633 14485 14485 I bnft    : (REDACTED) onApplyWindowInsets: systemWindowInsets=%s
10-19 20:15:26.650  5589  5589 I ImeTracker: com.google.android.inputmethod.latin:c5fb62f4: onRequestHide at ORIGIN_IME reason HIDE_SOFT_INPUT_LEGACY_DIRECT fromUser false
10-19 20:15:26.651  5589  5589 I GoogleInputMethodService: GoogleInputMethodService.onFinishInputView():1571 onFinishInputView(false)
10-19 20:15:26.652  5589  5589 I GlobeKeyExtension: GlobeKeyExtension.onDeactivate():144 
10-19 20:15:26.652  5589  5589 W TooltipLifecycleManager: TooltipLifecycleManager.dismissTooltips():153 Tooltip with id SUGGESTION_VIEW_EDU_MINI_DIALOG not found in tooltipManager.
10-19 20:15:26.653  1870  2605 D BatteryStatsService: noteVideoSurfaceChanged  noteWhich: 49,arg1: -1, arg2: -1, arg3: 5589, arg4: 110133, name: com.google.android.inputmethod.latin
10-19 20:15:26.654  5589  5657 E BufferQueueProducer: [SurfaceView[InputMethod]#2308(BLAST Consumer)2308](id:15d500000904,api:0,p:-1,c:5589) disconnect: not connected (req=1)
10-19 20:15:26.654  5589  5657 W libEGL  : EGLNativeWindowType 0xb4000077e0047430 disconnect failed
10-19 20:15:26.654  5589  5589 D BLASTBufferQueue: [SurfaceView[InputMethod]#2308](f:0,a:1) destructor()
10-19 20:15:26.654  5589  5589 D BufferQueueConsumer: [SurfaceView[InputMethod]#2308(BLAST Consumer)2308](id:15d500000904,api:0,p:-1,c:5589) disconnect
10-19 20:15:26.655  5589  5589 W TooltipLifecycleManager: TooltipLifecycleManager.dismissTooltips():153 Tooltip with id SUGGESTION_VIEW_EDU_MINI_DIALOG not found in tooltipManager.
10-19 20:15:26.656  5589  5589 I VoiceInputManagerWrapper: VoiceInputManagerWrapper.shutdown():131 shutdown()
10-19 20:15:26.656  5589  5589 W TooltipLifecycleManager: TooltipLifecycleManager.dismissTooltips():153 Tooltip with id spell_check_add_to_dictionary not found in tooltipManager.
10-19 20:15:26.658  1870  3343 D BatteryStatsService: noteVideoSurfaceChanged  noteWhich: 49,arg1: -1, arg2: -1, arg3: 5589, arg4: 105641, name: com.google.android.inputmethod.latin
10-19 20:15:26.658  5589  5589 D BLASTBufferQueue: [SurfaceView[InputMethod]#2307](f:0,a:0) destructor()
10-19 20:15:26.658  5589  5589 D BufferQueueConsumer: [SurfaceView[InputMethod]#2307(BLAST Consumer)2307](id:15d500000903,api:0,p:-1,c:5589) disconnect
10-19 20:15:26.659  5589  5589 W TooltipLifecycleManager: TooltipLifecycleManager.dismissTooltips():153 Tooltip with id undo_access_point_promotion_banner not found in tooltipManager.
10-19 20:15:26.660  5589  5589 I GoogleInputMethodService: GoogleInputMethodService.onFinishInput():2085 
10-19 20:15:26.660  5589  5589 I Module  : DeviceLockedStatusModuleProvider$Module.updateDeviceLockedStatus():100 repeatCheckTimes = 0, locked = false
10-19 20:15:26.661  5589  5589 W TooltipLifecycleManager: TooltipLifecycleManager.dismissTooltips():153 Tooltip with id SUGGESTION_VIEW_EDU_MINI_DIALOG not found in tooltipManager.
10-19 20:15:26.661  5589  5589 I GoogleInputMethodService: GoogleInputMethodService.onStartInput():1346 onStartInput(EditorInfo{EditorInfo{packageName=com.android.launcher3, inputType=0, inputTypeString=NULL, enableLearning=false, autoCorrection=false, autoComplete=false, imeOptions=0, privateImeOptions=null, actionName=UNSPECIFIED, actionLabel=null, initialSelStart=-1, initialSelEnd=-1, initialCapsMode=0, label=null, fieldId=0, fieldName=null, extras=null, hintText=null, hintLocales=[]}}, false)
10-19 20:15:26.662  5589  5589 I Module  : DeviceLockedStatusModuleProvider$Module.updateDeviceLockedStatus():100 repeatCheckTimes = 1, locked = false
10-19 20:15:26.663  5589  5589 I HardKeyTracker: HardKeyTracker.registerKeySequence():170 Register key sequence nfz{labelResId=0, callback=gds@eefe230, lastModifier=0, keyCodes=[57, 57], actions=[1, 0]}
10-19 20:15:26.663  5589  5589 I HardKeyTracker: HardKeyTracker.registerKeySequence():170 Register key sequence nfz{labelResId=0, callback=gds@22a53cf, lastModifier=0, keyCodes=[58, 58], actions=[1, 0]}
10-19 20:15:26.680  5589  5589 I KeyboardModeUtils: KeyboardModeUtils.getKeyboardBottomOffset():435 inch: 0.000000 ydpi: 387.429993 adjustKeyboardBottomByDisplaySize: false currentDensityDpi: 440 defaultDensityDpi: 440 keyboardBottomToScreenPx: 0 keyboardBottomToNavBarPx: -116 navBarHeight: 116
10-19 20:15:26.680  5589  5589 I KeyboardHeightUtil: KeyboardHeightUtil.calculateMaxKeyboardBodyHeight():50 leave 267 height for app when ime window height:2171, header height:121 and isFullscreenMode:false, so the max keyboard body height is:1783
10-19 20:15:26.680  5589  5589 I KeyboardHeightUtil: KeyboardHeightUtil.calculateMaxKeyboardBodyHeight():50 leave 267 height for app when ime window height:2171, header height:121 and isFullscreenMode:false, so the max keyboard body height is:1783
10-19 20:15:26.680  5589  5589 I AndroidIME: KeyboardViewManager.updateKeyboardBodyViewHolderPaddingBottom():472 Set finalPaddingBottom = 5 while holderPaddingBottom = 5; navigationHeight = 116
10-19 20:15:26.680  5589  5589 I WindowMetricsNotification: WindowMetricsNotification.notifyWithWindow():166 
10-19 20:15:26.680  5589  5589 I WindowMetricsNotification: WindowMetricsNotification.notify():159 pfu[bounds=Rect(0, 105 - 1080, 2392), insets=Rect(0, 0 - 0, 116), densityDpi=440, smallestScreenWidthDp=393, displayWidth=1080, displayHeight=2392, xdpi=387.43, ydpi=387.43, isTrustable=true, displayId=0]; DisplayMetrics{density=2.75, width=1080, height=2392, scaledDensity=2.75, xdpi=387.43, ydpi=387.43}
10-19 20:15:26.702 21104 22617 I WifiScanner: onFullResults
10-19 20:15:26.703 21104 21332 I WifiScanner: onFullResults
10-19 20:15:26.706 21104 21119 I WifiScanner: onFullResults
10-19 20:15:26.723 21104  7448 I FrewleTileCacheManagerV: (REDACTED) Fetched %d AP models from cache
10-19 20:15:26.733  5589  5589 I KeyboardModeUtils: KeyboardModeUtils.getKeyboardBottomOffset():435 inch: 0.000000 ydpi: 387.429993 adjustKeyboardBottomByDisplaySize: false currentDensityDpi: 440 defaultDensityDpi: 440 keyboardBottomToScreenPx: 0 keyboardBottomToNavBarPx: -116 navBarHeight: 116
10-19 20:15:26.733  5589  5589 I KeyboardHeightUtil: KeyboardHeightUtil.calculateMaxKeyboardBodyHeight():50 leave 267 height for app when ime window height:2171, header height:121 and isFullscreenMode:false, so the max keyboard body height is:1783
10-19 20:15:26.734  5589  5589 I KeyboardHeightUtil: KeyboardHeightUtil.calculateMaxKeyboardBodyHeight():50 leave 267 height for app when ime window height:2171, header height:121 and isFullscreenMode:false, so the max keyboard body height is:1783
10-19 20:15:26.734  5589  5589 I AndroidIME: KeyboardViewManager.updateKeyboardBodyViewHolderPaddingBottom():472 Set finalPaddingBottom = 5 while holderPaddingBottom = 5; navigationHeight = 116
10-19 20:15:26.743 21104 21188 I ActivityScheduler: nextTriggerTime: 1329302051, in 5944ms, detectorType: 39, FULL_TYPE alarmWindowMillis: 625
10-19 20:15:26.744 21104 21184 I FusedLocation: (REDACTED) location delivery to %s blocked - too fast
10-19 20:15:26.745 21104 21184 I FusedLocation: (REDACTED) location delivery to %s blocked - too fast
10-19 20:15:26.745 21104 21184 I FusedLocation: (REDACTED) location delivery to %s blocked - too close
10-19 20:15:26.746 21104 21184 I FusedLocation: (REDACTED) location delivery to %s blocked - too fast
10-19 20:15:26.747 21104 21184 I FusedLocation: (REDACTED) location delivery to %s blocked - too fast
10-19 20:15:26.747 21104 21184 I FusedLocation: (REDACTED) location delivery to %s blocked - too fast
10-19 20:15:26.747 21104 21184 I FusedLocation: (REDACTED) location delivery to %s blocked - too fast
10-19 20:15:26.748 21104 21184 I fznc    : Received empty WiFi-RTT scan. [CONTEXT service_id=6 ]
10-19 20:15:26.887  3458  3458 V InlineSuggestionRenderService: Releasing inline suggestion view host
10-19 20:15:26.906  3458  3458 D BLASTBufferQueue: [VRI[]#558](f:0,a:4) destructor()
10-19 20:15:26.906  3458  3458 D BufferQueueConsumer: [VRI[]#558(BLAST Consumer)558](id:d820000022e,api:0,p:-1,c:3458) disconnect
10-19 20:15:26.961  3458  3458 V InlineSuggestionRenderService: Removed the inline suggestion from the cache, current size=0
10-19 20:15:26.975 14485 14485 I bnft    : (REDACTED) onApplyWindowInsets: systemWindowInsets=%s
10-19 20:15:26.975 14485 14485 I bnft    : (REDACTED) onApplyWindowInsets: systemWindowInsets=%s
10-19 20:15:27.034 14485 14485 I bnlz    : onPause
10-19 20:15:27.053  5589  5589 I GoogleInputMethodService: GoogleInputMethodService.onFinishInput():2085 
10-19 20:15:27.054  5589  5589 I Module  : DeviceLockedStatusModuleProvider$Module.updateDeviceLockedStatus():100 repeatCheckTimes = 0, locked = false
10-19 20:15:27.056  5589  5589 I GoogleInputMethodService: GoogleInputMethodService.onStartInput():1346 onStartInput(EditorInfo{EditorInfo{packageName=com.a1taxi.a1taxicustomer, inputType=0, inputTypeString=NULL, enableLearning=false, autoCorrection=false, autoComplete=false, imeOptions=0, privateImeOptions=null, actionName=UNSPECIFIED, actionLabel=null, initialSelStart=-1, initialSelEnd=-1, initialCapsMode=0, label=null, fieldId=0, fieldName=null, extras=null, hintText=null, hintLocales=[]}}, false)
10-19 20:15:27.056 14485 11901 V ClearcutMetricXmitter: Transmission is done.
10-19 20:15:27.057  5589  5589 I Module  : DeviceLockedStatusModuleProvider$Module.updateDeviceLockedStatus():100 repeatCheckTimes = 1, locked = false
10-19 20:15:27.190  5589  5589 W TooltipLifecycleManager: TooltipLifecycleManager.dismissTooltips():153 Tooltip with id undo_access_point_promotion_banner not found in tooltipManager.
10-19 20:15:27.201  5589  5589 D ViewRootImpl: AppSizeAfterRelayout, size: Point(1080, 2287), rotation: ROTATION_0
10-19 20:15:27.202  5589  5589 D BLASTBufferQueue: [VRI[InputMethod]#2306](f:0,a:4) destructor()
10-19 20:15:27.202  5589  5589 D BufferQueueConsumer: [VRI[InputMethod]#2306(BLAST Consumer)2306](id:15d500000902,api:0,p:-1,c:5589) disconnect
10-19 20:15:27.453 14485 14485 D VRI[Launcher]: visibilityChanged oldVisibility=true newVisibility=false
10-19 20:15:27.475 14485 14485 D ViewRootImpl: AppSizeAfterRelayout, size: Point(1080, 2392), rotation: ROTATION_0
10-19 20:15:27.488 14485 14485 D BLASTBufferQueue: [VRI[Launcher]#222](f:0,a:3) destructor()
10-19 20:15:27.489 14485 14485 D BufferQueueConsumer: [VRI[Launcher]#222(BLAST Consumer)222](id:3895000000de,api:0,p:-1,c:14485) disconnect
10-19 20:15:27.499 14485 14485 I bnlz    : onStop
10-19 20:15:31.480 21104 21184 I FusedLocation: (REDACTED) location delivery to %s blocked - too fast
10-19 20:15:31.480 21104 21184 I FusedLocation: (REDACTED) location delivery to %s blocked - too close
10-19 20:15:31.480 21104 21184 I FusedLocation: (REDACTED) location delivery to %s blocked - too close
10-19 20:15:31.482 21104 21184 I FusedLocation: (REDACTED) location delivery to %s blocked - too close
10-19 20:15:31.482 21104 21184 I FusedLocation: (REDACTED) location delivery to %s blocked - too fast
10-19 20:15:31.617 14485 14485 I bnlz    : onStart
10-19 20:15:31.618 14485 14485 I bldh    : (REDACTED) [%s] onStart()
10-19 20:15:31.618 14485 14485 I blfn    : Reloading theme data
10-19 20:15:31.620 14485 14485 I bnlz    : onResume
10-19 20:15:31.626 14485 14485 D VRI[Launcher]: visibilityChanged oldVisibility=false newVisibility=true
10-19 20:15:31.657 14485 14485 D ViewRootImpl: AppSizeAfterRelayout, size: Point(1080, 2392), rotation: ROTATION_0
10-19 20:15:31.657 14485 14485 D BufferQueueConsumer: [](id:3895000000df,api:0,p:-1,c:14485) connect: controlledByApp=false
10-19 20:15:31.657 14485 14485 D BLASTBufferQueue: [VRI[Launcher]#223](f:0,a:0) constructor()
10-19 20:15:31.657 14485 14485 D BLASTBufferQueue: [VRI[Launcher]#223](f:0,a:0) update width=1080 height=2392 format=-2 mTransformHint=0
10-19 20:15:31.666 14485 14785 D BLASTBufferQueue: [VRI[Launcher]#223](f:0,a:1) acquireNextBufferLocked size=1080x2392 mFrameNumber=1 applyTransaction=true mTimestamp=647902304038078(auto) mPendingTransactions.size=0 graphicBufferId=62212601284122 transform=0
10-19 20:15:31.711 21104 21188 W Settings: Setting airplane_mode_on has moved from android.provider.Settings.System to android.provider.Settings.Global, returning read-only value.
10-19 20:15:31.717 21104  7418 W SystemServiceRegistry: No service published for: wifirtt
10-19 20:15:31.726 21104 21332 I WifiScanner: onFullResults
10-19 20:15:31.726 21104 21143 I WifiScanner: onFullResults
10-19 20:15:31.726 21104 23957 I WifiScanner: onFullResults
10-19 20:15:31.766 21104 21188 I ActivityScheduler: nextTriggerTime: 1329306130, in 5000ms, detectorType: 39, FULL_TYPE alarmWindowMillis: 625
10-19 20:15:31.773 21104  7123 I FrewleTileCacheManagerV: (REDACTED) Fetched %d AP models from cache
10-19 20:15:31.789 21104 21188 I ActivityScheduler: nextTriggerTime: 1329307088, in 5936ms, detectorType: 39, FULL_TYPE alarmWindowMillis: 625
10-19 20:15:31.796 21104 21184 I FusedLocation: (REDACTED) location delivery to %s blocked - too fast
10-19 20:15:31.796 21104 21184 I FusedLocation: (REDACTED) location delivery to %s blocked - too close
10-19 20:15:31.797 21104 21184 I FusedLocation: (REDACTED) location delivery to %s blocked - too close
10-19 20:15:31.797 21104 21184 I FusedLocation: (REDACTED) location delivery to %s blocked - too fast
10-19 20:15:31.797 21104 21184 I FusedLocation: (REDACTED) location delivery to %s blocked - too fast
10-19 20:15:31.797 21104 21184 I FusedLocation: (REDACTED) location delivery to %s blocked - too close
10-19 20:15:31.797 21104 21184 I FusedLocation: (REDACTED) location delivery to %s blocked - too fast
10-19 20:15:31.799 21104 21184 I fznc    : Received empty WiFi-RTT scan. [CONTEXT service_id=6 ]
10-19 20:15:32.150 14485 14485 I bnft    : (REDACTED) onApplyWindowInsets: systemWindowInsets=%s
10-19 20:15:32.151 14485 14485 I bnft    : (REDACTED) onApplyWindowInsets: systemWindowInsets=%s
10-19 20:15:32.162  5589  5589 I GoogleInputMethodService: GoogleInputMethodService.onFinishInput():2085 
10-19 20:15:32.163  5589  5589 I Module  : DeviceLockedStatusModuleProvider$Module.updateDeviceLockedStatus():100 repeatCheckTimes = 0, locked = false
10-19 20:15:32.163  5589  5589 I GoogleInputMethodService: GoogleInputMethodService.onStartInput():1346 onStartInput(EditorInfo{EditorInfo{packageName=com.android.launcher3, inputType=0, inputTypeString=NULL, enableLearning=false, autoCorrection=false, autoComplete=false, imeOptions=0, privateImeOptions=null, actionName=UNSPECIFIED, actionLabel=null, initialSelStart=-1, initialSelEnd=-1, initialCapsMode=0, label=null, fieldId=0, fieldName=null, extras=null, hintText=null, hintLocales=[]}}, false)
10-19 20:15:32.164  5589  5589 I Module  : DeviceLockedStatusModuleProvider$Module.updateDeviceLockedStatus():100 repeatCheckTimes = 1, locked = false
10-19 20:15:32.510 14485 14485 I bnft    : (REDACTED) onApplyWindowInsets: systemWindowInsets=%s
10-19 20:15:32.510 14485 14485 I bnft    : (REDACTED) onApplyWindowInsets: systemWindowInsets=%s
10-19 20:15:32.575  5589  5589 I GoogleInputMethodService: GoogleInputMethodService.onFinishInput():2085 
10-19 20:15:32.576  5589  5589 I Module  : DeviceLockedStatusModuleProvider$Module.updateDeviceLockedStatus():100 repeatCheckTimes = 0, locked = false
10-19 20:15:32.576  5589  5589 I GoogleInputMethodService: GoogleInputMethodService.onStartInput():1346 onStartInput(EditorInfo{EditorInfo{packageName=com.a1taxi.driverpro, inputType=7002, inputTypeString=Number, enableLearning=false, autoCorrection=false, autoComplete=false, imeOptions=6, privateImeOptions=null, actionName=DONE, actionLabel=null, initialSelStart=0, initialSelEnd=0, initialCapsMode=3000, label=null, fieldId=3395, fieldName=null, extras=Bundle[mParcelledData.dataSize=404], hintText=non-empty, hintLocales=[]}}, false)
10-19 20:15:32.578  5589  5589 I Module  : DeviceLockedStatusModuleProvider$Module.updateDeviceLockedStatus():100 repeatCheckTimes = 1, locked = false
10-19 20:15:32.578  5589  5589 I HardKeyTracker: HardKeyTracker.unregisterKeySequence():221 Unregister key sequence nfz{labelResId=0, callback=gds@eefe230, lastModifier=0, keyCodes=[57, 57], actions=[1, 0]}
10-19 20:15:32.578  5589  5589 I HardKeyTracker: HardKeyTracker.unregisterKeySequence():221 Unregister key sequence nfz{labelResId=0, callback=gds@22a53cf, lastModifier=0, keyCodes=[58, 58], actions=[1, 0]}
10-19 20:15:32.579  5589  5589 I StylusModule: StylusModule.onUpdateToolType():800 Update tool type = 1
10-19 20:15:32.582 14485 14485 I bnlz    : onPause
10-19 20:15:32.583  5589  5589 I GoogleInputMethodService: GoogleInputMethodService.onStartInputView():1439 onStartInputView(EditorInfo{EditorInfo{packageName=com.a1taxi.driverpro, inputType=7002, inputTypeString=Number, enableLearning=false, autoCorrection=false, autoComplete=false, imeOptions=6, privateImeOptions=null, actionName=DONE, actionLabel=null, initialSelStart=0, initialSelEnd=0, initialCapsMode=3000, label=null, fieldId=3395, fieldName=null, extras=Bundle[{android.support.text.emoji.emojiCompat_metadataVersion=11, androidx.core.view.inputmethod.EditorInfoCompat.STYLUS_HANDWRITING_ENABLED=true, android.support.text.emoji.emojiCompat_replaceAll=false}], hintText=non-empty, hintLocales=[]}}, false)
10-19 20:15:32.584  5589  5589 I KeyboardHeightUtil: KeyboardHeightUtil.getOemKeyboardHeightRatio():108 systemKeyboardHeightRatio:1.000000.
10-19 20:15:32.585  5589  5589 I AndroidIME: InputBundleManager.loadActiveInputBundleId():528 loadActiveInputBundleId: und-Latn-x-number, number
10-19 20:15:32.585  5589  5589 I KeyboardWrapper: KeyboardWrapper.activateKeyboard():581 activateKeyboard(): type=prime, status=INACTIVE, imeDef=mkk{stringId=number, language=und-Latn-x-number, languageTag=und-Latn-x-number, processedConditions={}, className=com.google.android.libraries.inputmethod.ime.DummyIme, label=2132019216, keyEventInterpreter=null, inlineComposing=true, autoCapital=false, announceAutoSelectedCandidate=false, statusIcon=0, indicatorIcon=0, indicatorLabel=null, displayAppCompletions=false, extraValues=mkd{}, processors=mmb@7d3d911, unacceptableMetaKeys=4098, languageSpecificSettings=0, asciiCapable=false, alwaysShowSuggestions=false, useAsciiPasswordKeyboard=false, keyboardGroupDef=mlk@821ce4, phenotypeFlagId=0, localizationLanguageTag=null, supportsInlineSuggestion=false}
10-19 20:15:32.585  5589  5589 I KeyboardManager: KeyboardManager.requestKeyboard():248 Creating keyboard prime, imeId=number, cacheKey=theme,!gsf,!pgsans,!pgsf,!use_system_font,BORDER,FLAVOR_DPI=XXHDPI,GOOGLE_ICONS,KEYBOARD_WIDTH_CATEGORY=NORMAL,KEY_BORDER_SHAPE=1,LIGHT_THEME=false,PHYSICAL_DIAGONAL=5.748144,POPUP,SCREEN_SHORTEST_WIDTH=393,SCREEN_SHORTEST_WIDTH_NO_SCALE=393,XXHDPI,bottom4dp,enable_emoji_kitchen_browse_color_v2=true,enable_google_fonts_icons=true,enable_popup_on_keypress=true,keyboard_redesign_google_sans=true,non_linear_scale,noshadow,overlay_builtin_dynamic_color_dark_base.binarypb:gm3-dark-ff131313-ffffffff-4d9204e36e3ccb6a165e3e3dbe763ce0,roundedchip,silkpopup
10-19 20:15:32.585  5589  5589 I KeyboardWrapper: KeyboardWrapper.onKeyboardReady():224 onKeyboardReady(): type=prime(prime), kb=com.google.android.apps.inputmethod.latin.keyboard.LatinNumberKeyboard@508e2c3
10-19 20:15:32.585  5589  5589 I KeyboardWrapper: KeyboardWrapper.doActivateKeyboard():611 doActivateKeyboard(): prime
10-19 20:15:32.589  5589  5589 I KeyboardHeightUtil: KeyboardHeightUtil.calculateMaxKeyboardBodyHeight():50 leave 267 height for app when ime window height:2171, header height:121 and isFullscreenMode:false, so the max keyboard body height is:1783
10-19 20:15:32.589  5589  5589 I GlobeKeyExtension: GlobeKeyExtension.getKeyboardInitialStates():175 
10-19 20:15:32.590  5589  5589 W Keyboard: Keyboard.getKeyboardViewHelper():609 null helper is returned: keyboardDef=mle{processedConditions={enable_access_points_in_password_number=true, enable_correction_settings_updates=true, layout_9key_split=false, language=en-US, deprecate_long_press_space_for_ime_picker=false, show_suggestion_strip=true, device=phone, expressions=normal}, globalConditions={global_theme_key=theme,!gsf,!pgsans,!pgsf,!use_system_font,BORDER,FLAVOR_DPI=XXHDPI,GOOGLE_ICONS,KEYBOARD_WIDTH_CATEGORY=NORMAL,KEY_BORDER_SHAPE=1,LIGHT_THEME=false,PHYSICAL_DIAGONAL=5.748144,POPUP,SCREEN_SHORTEST_WIDTH=393,SCREEN_SHORTEST_WIDTH_NO_SCALE=393,XXHDPI,bottom4dp,enable_emoji_kitchen_browse_color_v2=true,enable_google_fonts_icons=true,enable_popup_on_keypress=true,keyboard_redesign_google_sans=true,non_linear_scale,noshadow,overlay_builtin_dynamic_color_dark_base.binarypb:gm3-dark-ff131313-ffffffff-4d9204e36e3ccb6a165e3e3dbe763ce0,roundedchip,silkpopup, global_locale=en_US, global_density_dpi=440, global_orientation=1}, className=.latin.keyboard.LatinNumberKeyboard, resourceIds=[#0x7f17086b], initialStates=0, keyboardViewDefs=[mls{direction=LOCALE, id=#0x7f0b0224, isScalable=false, layoutId=#0x7f0e0500, type=HEADER, touchable=true, defaultShow=true}, mls{direction=null, id=#0x7f0b0224, isScalable=true, layoutId=#0x7f0e0556, type=BODY, touchable=true, defaultShow=true}], persistentStates=0, persistentStatesPrefKey=null, popupBubbleLayoutId=#0x7f0e05f1, recentKeyLayoutId=0, recentKeyPopupLayoutId=0, recentKeyType=null, rememberRecentKey=NONE, sessionStates=0}, type=FLOATING_CANDIDATES, helpersCreated=[lxm@e7604a8, lxm@f9b5bc1, null, null], context.getResources().getConfiguration(): {1.0 405mcc869mnc [en_US] ldltr sw393dp w393dp h790dp 440dpi nrml long port night finger -keyb/v/h -nav/h winConfig={ mBounds=Rect(0, 0 - 1080, 2392) mAppBounds=Rect(0, 103 - 1080, 2276) mMaxBounds=Rect(0, 0 - 1080, 2392) mDisplayRotation=ROTATION_0 mWindowingMode=fullscreen mActivityType=undefined mAlwaysOnTop=undefined mRotation=ROTATION_0 isEmbedding:false} s.5420 fontWeightAdjustment=0 themeId=2 themeParameter=0 nightModeLevel = -1 typefaceChanged=0.0 ?spacesystem eaMode=1}
10-19 20:15:32.591  5589  5589 W Keyboard: Keyboard.getKeyboardViewHelper():609 null helper is returned: keyboardDef=mle{processedConditions={enable_access_points_in_password_number=true, enable_correction_settings_updates=true, layout_9key_split=false, language=en-US, deprecate_long_press_space_for_ime_picker=false, show_suggestion_strip=true, device=phone, expressions=normal}, globalConditions={global_theme_key=theme,!gsf,!pgsans,!pgsf,!use_system_font,BORDER,FLAVOR_DPI=XXHDPI,GOOGLE_ICONS,KEYBOARD_WIDTH_CATEGORY=NORMAL,KEY_BORDER_SHAPE=1,LIGHT_THEME=false,PHYSICAL_DIAGONAL=5.748144,POPUP,SCREEN_SHORTEST_WIDTH=393,SCREEN_SHORTEST_WIDTH_NO_SCALE=393,XXHDPI,bottom4dp,enable_emoji_kitchen_browse_color_v2=true,enable_google_fonts_icons=true,enable_popup_on_keypress=true,keyboard_redesign_google_sans=true,non_linear_scale,noshadow,overlay_builtin_dynamic_color_dark_base.binarypb:gm3-dark-ff131313-ffffffff-4d9204e36e3ccb6a165e3e3dbe763ce0,roundedchip,silkpopup, global_locale=en_US, global_density_dpi=440, global_orientation=1}, className=.latin.keyboard.LatinNumberKeyboard, resourceIds=[#0x7f17086b], initialStates=0, keyboardViewDefs=[mls{direction=LOCALE, id=#0x7f0b0224, isScalable=false, layoutId=#0x7f0e0500, type=HEADER, touchable=true, defaultShow=true}, mls{direction=null, id=#0x7f0b0224, isScalable=true, layoutId=#0x7f0e0556, type=BODY, touchable=true, defaultShow=true}], persistentStates=0, persistentStatesPrefKey=null, popupBubbleLayoutId=#0x7f0e05f1, recentKeyLayoutId=0, recentKeyPopupLayoutId=0, recentKeyType=null, rememberRecentKey=NONE, sessionStates=0}, type=WIDGET, helpersCreated=[lxm@e7604a8, lxm@f9b5bc1, null, null], context.getResources().getConfiguration(): {1.0 405mcc869mnc [en_US] ldltr sw393dp w393dp h790dp 440dpi nrml long port night finger -keyb/v/h -nav/h winConfig={ mBounds=Rect(0, 0 - 1080, 2392) mAppBounds=Rect(0, 103 - 1080, 2276) mMaxBounds=Rect(0, 0 - 1080, 2392) mDisplayRotation=ROTATION_0 mWindowingMode=fullscreen mActivityType=undefined mAlwaysOnTop=undefined mRotation=ROTATION_0 isEmbedding:false} s.5420 fontWeightAdjustment=0 themeId=2 themeParameter=0 nightModeLevel = -1 typefaceChanged=0.0 ?spacesystem eaMode=1}
10-19 20:15:32.592  5589  5589 I AndroidIME: InputBundleManager.startInput():358 startInput() with mlo[keyboardType=prime, payload=null]
10-19 20:15:32.593  5589  5589 I GlobeKeyExtension: GlobeKeyExtension.onActivate():120 
10-19 20:15:32.597  5589  5589 I LanguagePromoExtension: LanguagePromoExtension.checkDisplayPreconditions():174 Not show language promo: exceeds the max display times.
10-19 20:15:32.598  5589  5589 I NewLanguagePromptExtension: NewLanguagePromptExtension.onActivate():189 Not activated NewLanguagePromptExtension: not a normal text input box.
10-19 20:15:32.599  5589  5589 I VoiceInputManagerWrapper: VoiceInputManagerWrapper.cancelShutdown():109 cancelShutdown()
10-19 20:15:32.599  5589  5589 I VoiceInputManagerWrapper: VoiceInputManagerWrapper.syncLanguagePacks():121 syncLanguagePacks()
10-19 20:15:32.600  5589  5589 I VoiceInputManager: VoiceInputManager.onKeyboardActivated():1173 onKeyboardActivated() [UD]
10-19 20:15:32.600  5589  5589 I PkModeUpdater: PkModeUpdater.onActivate():74 onActivate false true
10-19 20:15:32.600  5589  5589 I AccessoryInputModeManager: AccessoryInputModeManager.onModeStarted():318 Accessory input mode started: null
10-19 20:15:32.600  5589  5589 W SupplementaryKeyboardsWrapper: SupplementaryKeyboardsWrapper.deactivateKeyboard():161 keyboard accessory_candidates_consumer is not activated before!
10-19 20:15:32.601  5589  6558 I SpeechFactory: SpeechRecognitionFactory.maybeScheduleAutoPackDownloadForFallback():217 maybeScheduleAutoPackDownloadForFallback()
10-19 20:15:32.601  5589  6558 I FallbackOnDeviceRecognitionProvider: FallbackOnDeviceRecognitionProvider.maybeScheduleAutoPackDownload():205 maybeScheduleAutoPackDownload() for language tag en-US
10-19 20:15:32.601  5589  5589 I KeyboardModeUtils: KeyboardModeUtils.getKeyboardBottomOffset():435 inch: 0.000000 ydpi: 387.429993 adjustKeyboardBottomByDisplaySize: false currentDensityDpi: 440 defaultDensityDpi: 440 keyboardBottomToScreenPx: 0 keyboardBottomToNavBarPx: -116 navBarHeight: 116
10-19 20:15:32.601  5589  5589 I KeyboardHeightUtil: KeyboardHeightUtil.calculateMaxKeyboardBodyHeight():50 leave 267 height for app when ime window height:2171, header height:121 and isFullscreenMode:false, so the max keyboard body height is:1783
10-19 20:15:32.601  5589  5589 I KeyboardHeightUtil: KeyboardHeightUtil.calculateMaxKeyboardBodyHeight():50 leave 267 height for app when ime window height:2171, header height:121 and isFullscreenMode:false, so the max keyboard body height is:1783
10-19 20:15:32.601  5589  5589 I AndroidIME: KeyboardViewManager.updateKeyboardBodyViewHolderPaddingBottom():472 Set finalPaddingBottom = 5 while holderPaddingBottom = 5; navigationHeight = 116
10-19 20:15:32.601  5589  5589 I KeyboardHeightUtil: KeyboardHeightUtil.calculateMaxKeyboardBodyHeight():50 leave 267 height for app when ime window height:2171, header height:121 and isFullscreenMode:false, so the max keyboard body height is:1783
10-19 20:15:32.602  5589  5589 I KeyboardHeightUtil: KeyboardHeightUtil.calculateMaxKeyboardBodyHeight():50 leave 267 height for app when ime window height:2171, header height:121 and isFullscreenMode:false, so the max keyboard body height is:1783
10-19 20:15:32.602  5589  5589 W ExtensionWrapper: ExtensionWrapper.setExtensionViewVisibility():811 interface mas is not activate
10-19 20:15:32.603  5589  5589 I Module  : DeviceLockedStatusModuleProvider$Module.updateDeviceLockedStatus():100 repeatCheckTimes = 1, locked = false
10-19 20:15:32.604  5589  5589 I StylusModule: StylusModule.onUpdateToolType():800 Update tool type = 1
10-19 20:15:32.617 14485 14573 V ClearcutMetricXmitter: Transmission is done.
10-19 20:15:32.619  5589  5589 D ViewRootImpl: AppSizeAfterRelayout, size: Point(1080, 2287), rotation: ROTATION_0
10-19 20:15:32.619  5589  5589 D BufferQueueConsumer: [](id:15d500000905,api:0,p:-1,c:5589) connect: controlledByApp=false
10-19 20:15:32.620  5589  5589 D BLASTBufferQueue: [VRI[InputMethod]#2309](f:0,a:0) constructor()
10-19 20:15:32.620  5589  5589 D BLASTBufferQueue: [VRI[InputMethod]#2309](f:0,a:0) update width=1080 height=2287 format=-2 mTransformHint=0
10-19 20:15:32.622  5589  5589 I KeyboardModeUtils: KeyboardModeUtils.getKeyboardBottomOffset():435 inch: 0.000000 ydpi: 387.429993 adjustKeyboardBottomByDisplaySize: false currentDensityDpi: 440 defaultDensityDpi: 440 keyboardBottomToScreenPx: 0 keyboardBottomToNavBarPx: -116 navBarHeight: 116
10-19 20:15:32.622  5589  5589 I KeyboardHeightUtil: KeyboardHeightUtil.calculateMaxKeyboardBodyHeight():50 leave 267 height for app when ime window height:2171, header height:121 and isFullscreenMode:false, so the max keyboard body height is:1783
10-19 20:15:32.622  5589  5589 I KeyboardHeightUtil: KeyboardHeightUtil.calculateMaxKeyboardBodyHeight():50 leave 267 height for app when ime window height:2171, header height:121 and isFullscreenMode:false, so the max keyboard body height is:1783
10-19 20:15:32.622  5589  5589 I AndroidIME: KeyboardViewManager.updateKeyboardBodyViewHolderPaddingBottom():472 Set finalPaddingBottom = 5 while holderPaddingBottom = 5; navigationHeight = 116
10-19 20:15:32.622  5589  5589 I WindowMetricsNotification: WindowMetricsNotification.notifyWithWindow():166 
10-19 20:15:32.623  5589  5589 I WindowMetricsNotification: WindowMetricsNotification.notify():159 pfu[bounds=Rect(0, 105 - 1080, 2392), insets=Rect(0, 0 - 0, 116), densityDpi=440, smallestScreenWidthDp=393, displayWidth=1080, displayHeight=2392, xdpi=387.43, ydpi=387.43, isTrustable=true, displayId=0]; DisplayMetrics{density=2.75, width=1080, height=2392, scaledDensity=2.75, xdpi=387.43, ydpi=387.43}
10-19 20:15:32.636  5589  5657 D BLASTBufferQueue: [VRI[InputMethod]#2309](f:0,a:1) acquireNextBufferLocked size=1080x2287 mFrameNumber=1 applyTransaction=true mTimestamp=647903274387924(auto) mPendingTransactions.size=0 graphicBufferId=24004572224928 transform=0
