10-29 15:29:28.253 18285 18285 I KeyboardHeightUtil: KeyboardHeightUtil.calculateMaxKeyboardBodyHeight():50 leave 267 height for app when ime window height:2171, header height:121 and isFullscreenMode:false, so the max keyboard body height is:1783
10-29 15:29:28.253 18285 18285 I KeyboardHeightUtil: KeyboardHeightUtil.calculateMaxKeyboardBodyHeight():50 leave 267 height for app when ime window height:2171, header height:121 and isFullscreenMode:false, so the max keyboard body height is:1783
10-29 15:29:28.253 18285 18285 I AndroidIME: KeyboardViewManager.updateKeyboardBodyViewHolderPaddingBottom():472 Set finalPaddingBottom = 5 while holderPaddingBottom = 5; navigationHeight = 116
10-29 15:29:28.380 10830 29795 I NetworkScheduler.Stats: (REDACTED) Task %s/%s started execution. cause:%s exec_start_elapsed_seconds: %s
10-29 15:29:28.392  9313 22656 I PlayGamesServices[GamesSyncAdapter]: Starting sync for 2cfab88c
10-29 15:29:28.399  9313 22656 I PlayGamesServices[GamesSyncAdapter]: Sync duration for 2cfab88c: 2
10-29 15:29:28.411  9313 22656 D SQLiteQueryBuilder: SELECT _id FROM players WHERE ((external_player_id=?))
10-29 15:29:28.415  9313 22656 D SQLiteQueryBuilder: SELECT current_level, profile_icon_image_id, is_profile_visible, current_xp_total, 0 AS is_muted, (SELECT url FROM images innerimage WHERE innerimage._id=players.banner_image_portrait_id LIMIT 1) AS banner_image_portrait_url, has_debug_access, has_all_public_acls, profile_name, play_together_nickname, is_in_circles, next_level, player_title, (SELECT url FROM images innerimage WHERE innerimage._id=players.profile_icon_image_id LIMIT 1) AS profile_icon_image_url, external_player_id, 'content://com.google.android.gms.games.background/images/2cfab88c/'||profile_icon_image_id AS profile_icon_image_uri, always_auto_sign_in, next_level_max_xp, 0 AS gamer_friend_status, last_updated, last_level_up_timestamp, 0 AS gamer_friend_update_timestamp, 'content://com.google.android.gms.games.background/images/2cfab88c/'||most_recent_game_hi_res_id AS most_recent_game_hi_res_uri, friends_list_visibility, most_recent_game_hi_res_id, most_recent_game_icon_id, banner_image_portrait_id, 'content://com.google.android.gms.games.background/images/2cfab88c/'||banner_image_portrait_id AS banner_image_portrait_uri, gamer_tag, 'content://com.google.android.gms.games.background/images/2cfab88c/'||banner_image_landscape_id AS banner_image_landscape_uri, _id, (SELECT url FROM images innerimage WHERE innerimage._id=players.banner_image_landscape_id LIMIT 1) AS banner_image_landscape_url, most_recent_external_game_id, banner_image_landscape_id, profile_creation_timestamp, 'content://com.google.android.gms.games.background/images/2cfab88c/'||most_recent_game_featured_id AS most_recent_game_featured_uri, most_recent_game_name, most_recent_game_featured_id, real_name, current_level_max_xp, current_level_min_xp, play_together_invitation_nickname, nickname_abuse_report_token, play_together_friend_status, (SELECT url FROM images innerimage WHERE innerimage._id=players.profile_hi_res_image_id LIMIT 1) AS profile_hi_res_image_url, total_unlocked_achievements, 'content://com.google.android.gms.games.background/images/2cfab88c/'||profile_hi_res_image_id AS profile_hi_res_image_uri, 'content://com.google.android.gms.games.background/images/2cfab88c/'||most_recent_game_icon_id AS most_recent_game_icon_uri, most_recent_activity_timestamp, profile_hi_res_image_id FROM players WHERE ((external_player_id=?))
10-29 15:29:28.434 10830 30735 I NetworkScheduler.Stats: (REDACTED) Task %s/%s finished executing. cause:%s result: %s elapsed_millis: %s uptime_millis: %s exec_start_elapsed_seconds: %s
10-29 15:29:28.447  9313  9543 W PlayGamesServices[UiUtils]: AppVersion: Cannot find the installed destination app.
10-29 15:29:28.449  9313  9543 I GetServiceValidatorImpl: (REDACTED) onGetService() from Client SDK version [%s], Module version [%s], PGA version [%s], Account [%s], Calling package [%s], Game package [%s]
10-29 15:29:28.451  9313  9543 W GetGamesServiceReqFacto: Parsing request with ignored arguments. signInOptionsBundle [Bundle[{com.google.android.gms.signin.internal.serverClientId=null, com.google.android.gms.signin.internal.usePromptModeForAuthCode=true, com.google.android.gms.signin.internal.logSessionId=null, com.google.android.gms.signin.internal.hostedDomain=null, com.google.android.gms.signin.internal.offlineAccessRequested=false, com.google.android.gms.signin.internal.waitForAccessTokenRefresh=false, com.google.android.gms.signin.internal.clientRequestedAccount=Account {name=<<default account>>, type=com.google}, com.google.android.gms.signin.internal.idTokenRequested=false, com.google.android.gms.signin.internal.forceCodeForRefreshToken=false}]], isRetryingSignIn [false], skipWelcomePopup [false], requireGooglePlus [false]
10-29 15:29:28.452  9313  9543 I GetGamesServiceReqFacto: Replacing request for `games` scope with `games_lite`
10-29 15:29:28.468  9313 30746 I SignInPerformer-8: (REDACTED) Handling request [%s], isFirstPartyCaller [%s]
10-29 15:29:28.470  9313 30746 I SignInPerformer-8: Successfully brokered first-party unauthenticated GamesService [CONTEXT service_id=1 ]
10-29 15:29:28.473  9313 30746 I GetGamesServiceV2Op: (REDACTED) Successfully brokered GamesService for request %s
10-29 15:29:28.474  9313  9543 W PlayGamesServices[UiUtils]: AppVersion: Cannot find the installed destination app.
10-29 15:29:28.475  9313  9543 W PlayGamesServices[UiUtils]: AppVersionName: Cannot find the installed destination app.
10-29 15:29:28.638 18285 18285 W TooltipLifecycleManager: TooltipLifecycleManager.dismissTooltips():153 Tooltip with id SUGGESTION_VIEW_EDU_MINI_DIALOG not found in tooltipManager.
10-29 15:29:28.669 18285 18285 I KeyboardModeUtils: KeyboardModeUtils.getKeyboardBottomOffset():435 inch: 0.000000 ydpi: 387.429993 adjustKeyboardBottomByDisplaySize: false currentDensityDpi: 440 defaultDensityDpi: 440 keyboardBottomToScreenPx: 0 keyboardBottomToNavBarPx: -116 navBarHeight: 116
10-29 15:29:28.670 18285 18285 I KeyboardHeightUtil: KeyboardHeightUtil.calculateMaxKeyboardBodyHeight():50 leave 267 height for app when ime window height:2171, header height:121 and isFullscreenMode:false, so the max keyboard body height is:1783
10-29 15:29:28.670 18285 18285 I KeyboardHeightUtil: KeyboardHeightUtil.calculateMaxKeyboardBodyHeight():50 leave 267 height for app when ime window height:2171, header height:121 and isFullscreenMode:false, so the max keyboard body height is:1783
10-29 15:29:28.670 18285 18285 I AndroidIME: KeyboardViewManager.updateKeyboardBodyViewHolderPaddingBottom():472 Set finalPaddingBottom = 5 while holderPaddingBottom = 5; navigationHeight = 116
10-29 15:29:28.773 18285 18285 W TooltipLifecycleManager: TooltipLifecycleManager.dismissTooltips():153 Tooltip with id SUGGESTION_VIEW_EDU_MINI_DIALOG not found in tooltipManager.
10-29 15:29:28.803 18285 18285 I KeyboardModeUtils: KeyboardModeUtils.getKeyboardBottomOffset():435 inch: 0.000000 ydpi: 387.429993 adjustKeyboardBottomByDisplaySize: false currentDensityDpi: 440 defaultDensityDpi: 440 keyboardBottomToScreenPx: 0 keyboardBottomToNavBarPx: -116 navBarHeight: 116
10-29 15:29:28.804 18285 18285 I KeyboardHeightUtil: KeyboardHeightUtil.calculateMaxKeyboardBodyHeight():50 leave 267 height for app when ime window height:2171, header height:121 and isFullscreenMode:false, so the max keyboard body height is:1783
10-29 15:29:28.804 18285 18285 I KeyboardHeightUtil: KeyboardHeightUtil.calculateMaxKeyboardBodyHeight():50 leave 267 height for app when ime window height:2171, header height:121 and isFullscreenMode:false, so the max keyboard body height is:1783
10-29 15:29:28.804 18285 18285 I AndroidIME: KeyboardViewManager.updateKeyboardBodyViewHolderPaddingBottom():472 Set finalPaddingBottom = 5 while holderPaddingBottom = 5; navigationHeight = 116
10-29 15:29:28.923 18285 18285 I ProactiveSuggestionsHolderManager: ProactiveSuggestionsHolderManager$2.display():199 Requesting to show proactive suggestions: AUTO_FILL PREEMPTIVE_WITH_SUPPRESSION
10-29 15:29:28.934 18285 18285 W TooltipLifecycleManager: TooltipLifecycleManager.dismissTooltips():153 Tooltip with id SUGGESTION_VIEW_EDU_MINI_DIALOG not found in tooltipManager.
10-29 15:29:28.934 18285 18285 W TooltipLifecycleManager: TooltipLifecycleManager.dismissTooltips():153 Tooltip with id SUGGESTION_VIEW_EDU_MINI_DIALOG not found in tooltipManager.
10-29 15:29:28.935 18285 18285 I GoogleInputMethodService: GoogleInputMethodService.onStartInput():1347 onStartInput(EditorInfo{EditorInfo{packageName=com.a1taxi.driverpro, inputType=80001, inputTypeString=Normal[NoSuggestion], enableLearning=true, autoCorrection=true, autoComplete=true, imeOptions=8000006, privateImeOptions=null, actionName=DONE, actionLabel=null, initialSelStart=0, initialSelEnd=0, initialCapsMode=3000, label=null, fieldId=69, fieldName=null, extras=Bundle[mParcelledData.dataSize=404], hintText=non-empty, hintLocales=[]}}, true)
10-29 15:29:28.935 18285 18285 W SessionManager: SessionManager.beginSession():53 Try to begin an already begun session [INPUT_SESSION], end it first
10-29 15:29:28.935 18285 18285 W SessionManager: SessionManager.endSession():96 Child session [INPUT_VIEW_SESSION] is not ended while ending session [{INPUT_SESSION=1761731966141, TRAINING_CACHE_SESSION=1761731966163, INPUT_VIEW_SESSION=1761731966151, IME_SESSION=1761731966159}], ending it now.
10-29 15:29:28.935 18285 18285 W SessionManager: SessionManager.endSession():96 Child session [IME_SESSION] is not ended while ending session [{INPUT_SESSION=1761731966141, TRAINING_CACHE_SESSION=1761731966163, INPUT_VIEW_SESSION=1761731966151, IME_SESSION=1761731966159}], ending it now.
10-29 15:29:28.936 18285 18285 I Module  : DeviceLockedStatusModuleProvider$Module.updateDeviceLockedStatus():103 repeatCheckTimes = 1, locked = false
10-29 15:29:28.937 18285 18285 I GoogleInputMethodService: GoogleInputMethodService.onStartInputView():1440 onStartInputView(EditorInfo{EditorInfo{packageName=com.a1taxi.driverpro, inputType=80001, inputTypeString=Normal[NoSuggestion], enableLearning=true, autoCorrection=true, autoComplete=true, imeOptions=8000006, privateImeOptions=null, actionName=DONE, actionLabel=null, initialSelStart=0, initialSelEnd=0, initialCapsMode=3000, label=null, fieldId=69, fieldName=null, extras=Bundle[{android.support.text.emoji.emojiCompat_metadataVersion=11, androidx.core.view.inputmethod.EditorInfoCompat.STYLUS_HANDWRITING_ENABLED=true, android.support.text.emoji.emojiCompat_replaceAll=false}], hintText=non-empty, hintLocales=[]}}, true)
10-29 15:29:28.941 18285 18285 I InputBundle: InputBundle.consumeEvent():1033 Skip consuming an event as keyboard status is INACTIVE
10-29 15:29:28.943 18285 18285 I AndroidIME: AbstractIme.onDeactivate():216 LatinIme.onDeactivate()
10-29 15:29:28.943 18285 18285 W SessionManager: SessionManager.endSession():88 Try to end a not begun session [IME_SESSION].
10-29 15:29:28.944 18285 18285 I KeyboardHeightUtil: KeyboardHeightUtil.getOemKeyboardHeightRatio():108 systemKeyboardHeightRatio:1.000000.
10-29 15:29:28.946 18285 18285 I AndroidIME: InputBundleManager.loadActiveInputBundleId():528 loadActiveInputBundleId: en-US, ime_english_united_states
10-29 15:29:28.946 18285 18285 I AndroidIME: AbstractIme.onActivate():96 LatinIme.onActivate() : EditorInfo = EditorInfo{packageName=com.a1taxi.driverpro, inputType=80001, inputTypeString=Normal[NoSuggestion], enableLearning=true, autoCorrection=true, autoComplete=true, imeOptions=8000006, privateImeOptions=null, actionName=DONE, actionLabel=null, initialSelStart=0, initialSelEnd=0, initialCapsMode=3000, label=null, fieldId=69, fieldName=null, extras=Bundle[{android.support.text.emoji.emojiCompat_metadataVersion=11, androidx.core.view.inputmethod.EditorInfoCompat.STYLUS_HANDWRITING_ENABLED=true, android.support.text.emoji.emojiCompat_replaceAll=false}], hintText=non-empty, hintLocales=[]}, IncognitoMode = false, DeviceLocked = false
10-29 15:29:28.947 18285 18285 I Delight5Facilitator: Delight5Facilitator.initializeForIme():741 initializeForIme() : Locale = [en_US], layout = qwerty
10-29 15:29:28.947 18285 18285 I LatinIme: LatinIme.updateEnableInlineSuggestionsOnDecoderSideFlags():1246 inline flag updated to:false
10-29 15:29:28.947 18285 18285 I LatinIme: LatinIme.updateEnableInlineSuggestionsOnDecoderSideFlags():1246 inline flag updated to:false
10-29 15:29:28.950 18285 18285 I LatinIme: LatinIme.resetInputContext():2250 resetInputContext(): reason=1, externalEditsInfo=ExternalEditsInfo{action=0, offset=-1, text=null, originalText=null, edits=null}
10-29 15:29:28.950 18285 18285 I InputBundle: InputBundle.consumeEvent():1033 Skip consuming an event as keyboard status is INACTIVE
10-29 15:29:28.951 18285 18285 I KeyboardWrapper: KeyboardWrapper.activateKeyboard():581 activateKeyboard(): type=prime, status=INACTIVE, imeDef=mnu{stringId=ime_english_united_states, language=en-US, languageTag=en-US, processedConditions={writing_helper_enable_by_word_revert=false, true=true, enable_number_row=true, device=phone, enable_pk_simulator=false}, className=com.google.android.apps.inputmethod.libs.latin5.LatinIme, label=0, keyEventInterpreter=null, inlineComposing=true, autoCapital=true, announceAutoSelectedCandidate=true, statusIcon=0, indicatorIcon=0, indicatorLabel=US, displayAppCompletions=true, extraValues=mnn{#0x7f0b02e2=TypedValue{t=0x3/d=0x0 "com.google.android.apps.inputmethod.libs.latin5.LatinIme"}}, processors=mpl@f30e3fb, unacceptableMetaKeys=4098, languageSpecificSettings=0, asciiCapable=true, alwaysShowSuggestions=false, useAsciiPasswordKeyboard=false, keyboardGroupDef=mou@ff10f88, phenotypeFlagId=0, localizationLanguageTag=null, supportsInlineSuggestion=true}
10-29 15:29:28.951 18285 18285 I KeyboardManager: KeyboardManager.requestKeyboard():248 Creating keyboard prime, imeId=ime_english_united_states, cacheKey=theme,!gsf,!pgsans,!pgsf,!use_system_font,BORDER,FLAVOR_DPI=XXHDPI,GOOGLE_ICONS,KEYBOARD_WIDTH_CATEGORY=NORMAL,KEY_BORDER_SHAPE=1,LIGHT_THEME=false,PHYSICAL_DIAGONAL=5.748144,POPUP,SCREEN_SHORTEST_WIDTH=393,SCREEN_SHORTEST_WIDTH_NO_SCALE=393,XXHDPI,bottom4dp,enable_emoji_kitchen_browse_color_v2=true,enable_google_fonts_icons=true,enable_popup_on_keypress=true,keyboard_redesign_google_sans=true,non_linear_scale,noshadow,overlay_builtin_dynamic_color_dark_base.binarypb:gm3-dark-ff131313-ffffffff-4d9204e36e3ccb6a165e3e3dbe763ce0,roundedchip,silkpopup
10-29 15:29:28.952 18285 18285 I KeyboardWrapper: KeyboardWrapper.onKeyboardReady():224 onKeyboardReady(): type=prime(prime), kb=com.google.android.apps.inputmethod.latin.keyboard.LatinPrimeKeyboard@4da2785
10-29 15:29:28.952 18285 18285 I KeyboardWrapper: KeyboardWrapper.doActivateKeyboard():611 doActivateKeyboard(): prime
10-29 15:29:28.956 18285 18614 I OnDeviceWmrCalculator: OnDeviceWmrCalculator.calculateWmr():94 WMR: -1.0000 (0 / 0)
10-29 15:29:28.957 18285 18285 I KeyboardHeightUtil: KeyboardHeightUtil.calculateMaxKeyboardBodyHeight():50 leave 267 height for app when ime window height:2171, header height:121 and isFullscreenMode:false, so the max keyboard body height is:1783
10-29 15:29:28.958 18285 18285 W TooltipLifecycleManager: TooltipLifecycleManager.dismissTooltips():153 Tooltip with id undo_access_point_promotion_banner not found in tooltipManager.
10-29 15:29:28.958 18285 18285 I GlobeKeyExtension: GlobeKeyExtension.getKeyboardInitialStates():175 
10-29 15:29:28.958 18285 18285 W Keyboard: Keyboard.getKeyboardViewHelper():602 null helper is returned: keyboardDef=moo{processedConditions={show_comma_key=true, enable_more_candidates_view_for_multilingual=false, layout_9key_split=false, enable_secondary_symbols=false, pref_enable_flick_symbols=false, language=en-US, deprecate_long_press_space_for_ime_picker=false, expressions=normal, android_software_xr_api_spatial=false, enable_flick_symbols=true, variant=qwerty, show_period_key=true, enable_number_row=true, device=phone, keyboard_mode=normal, show_secondary_digits=false, enable_preemptive_decode=true, enable_pk_simulator=false}, globalConditions={global_theme_key=theme,!gsf,!pgsans,!pgsf,!use_system_font,BORDER,FLAVOR_DPI=XXHDPI,GOOGLE_ICONS,KEYBOARD_WIDTH_CATEGORY=NORMAL,KEY_BORDER_SHAPE=1,LIGHT_THEME=false,PHYSICAL_DIAGONAL=5.748144,POPUP,SCREEN_SHORTEST_WIDTH=393,SCREEN_SHORTEST_WIDTH_NO_SCALE=393,XXHDPI,bottom4dp,enable_emoji_kitchen_browse_color_v2=true,enable_google_fonts_icons=true,enable_popup_on_keypress=true,keyboard_redesign_google_sans=true,non_linear_scale,noshadow,overlay_builtin_dynamic_color_dark_base.binarypb:gm3-dark-ff131313-ffffffff-4d9204e36e3ccb6a165e3e3dbe763ce0,roundedchip,silkpopup, global_locale=en_US, global_density_dpi=440, global_orientation=1}, className=.latin.keyboard.LatinPrimeKeyboard, resourceIds=[#0x7f1705fc, #0x7f17088e], initialStates=0, keyboardViewDefs=[mpc{direction=null, id=#0x7f0b0226, isScalable=true, layoutId=#0x7f0e029d, type=BODY, touchable=true, defaultShow=true}, mpc{direction=null, id=#0x7f0b0226, isScalable=false, layoutId=#0x7f0e01f9, type=FLOATING_CANDIDATES, touchable=false, defaultShow=false}, mpc{direction=LOCALE, id=#0x7f0b0226, isScalable=false, layoutId=#0x7f0e0502, type=HEADER, touchable=true, defaultShow=true}], persistentStates=0, persistentStatesPrefKey=null, popupBubbleLayoutId=#0x7f0e05f3, recentKeyLayoutId=0, recentKeyPopupLayoutId=0, recentKeyType=null, rememberRecentKey=NONE, sessionStates=17592186044419}, type=WIDGET, helpersCreated={HEADER=mau@ed4eac3, BODY=mau@6018f40, FLOATING_CANDIDATES=mau@3cfae79}, context.getResources().getConfiguration(): {1.0 405mcc869mnc [en_US] ldltr sw393dp w393dp h790dp 440dpi nrml long port night finger -keyb/v/h -nav/h winConfig={ mBounds=Rect(0, 0 - 1080, 2392) mAppBounds=Rect(0, 103 - 1080, 2276) mMaxBounds=Rect(0, 0 - 1080, 2392) mDisplayRotation=ROTATION_0 mWindowingMode=fullscreen mActivityType=undefined mAlwaysOnTop=undefined mRotation=ROTATION_0 isEmbedding:false} s.10196 fontWeightAdjustment=0 themeId=2 themeParameter=0 nightModeLevel = -1 typefaceChanged=0.0 ?spacesystem eaMode=1}
10-29 15:29:28.959 18285 18285 I KeyboardHeightUtil: KeyboardHeightUtil.calculateMaxKeyboardBodyHeight():50 leave 267 height for app when ime window height:2171, header height:121 and isFullscreenMode:false, so the max keyboard body height is:1783
10-29 15:29:28.960 18285 18285 I AndroidIME: InputBundleManager.startInput():358 startInput() with moy[keyboardType=prime, payload=null]
10-29 15:29:28.960 18285 18285 I GlobeKeyExtension: GlobeKeyExtension.onDeactivate():144 
10-29 15:29:28.961 18285 18285 W TooltipLifecycleManager: TooltipLifecycleManager.dismissTooltips():153 Tooltip with id SUGGESTION_VIEW_EDU_MINI_DIALOG not found in tooltipManager.
10-29 15:29:28.965 18285 18285 I VoiceInputManagerWrapper: VoiceInputManagerWrapper.shutdown():131 shutdown()
10-29 15:29:28.966 18285 18285 I GlobeKeyExtension: GlobeKeyExtension.onActivate():120 
10-29 15:29:28.967 18285 18285 I LanguagePromoExtension: LanguagePromoExtension.checkDisplayPreconditions():174 Not show language promo: exceeds the max display times.
10-29 15:29:28.968 18285 18285 I VoiceInputManagerWrapper: VoiceInputManagerWrapper.cancelShutdown():109 cancelShutdown()
10-29 15:29:28.968 18285 18285 I VoiceInputManagerWrapper: VoiceInputManagerWrapper.syncLanguagePacks():121 syncLanguagePacks()
10-29 15:29:28.968 18285 18285 I VoiceInputManager: VoiceInputManager.onKeyboardActivated():1206 onKeyboardActivated() [UD]
10-29 15:29:28.968 18285 19802 I SpeechFactory: SpeechRecognitionFactory.maybeScheduleAutoPackDownloadForFallback():217 maybeScheduleAutoPackDownloadForFallback()
10-29 15:29:28.968 18285 18285 I PkModeUpdater: PkModeUpdater.onActivate():74 onActivate false true
10-29 15:29:28.969 18285 18285 I AccessoryInputModeManager: AccessoryInputModeManager.onModeStarted():318 Accessory input mode started: null
10-29 15:29:28.969 18285 18285 W SupplementaryKeyboardsWrapper: SupplementaryKeyboardsWrapper.deactivateKeyboard():161 keyboard accessory_candidates_consumer is not activated before!
10-29 15:29:28.969 18285 19802 I FallbackOnDeviceRecognitionProvider: FallbackOnDeviceRecognitionProvider.maybeScheduleAutoPackDownload():205 maybeScheduleAutoPackDownload() for language tag en-US
10-29 15:29:28.970 18285 18285 I KeyboardModeUtils: KeyboardModeUtils.getKeyboardBottomOffset():435 inch: 0.000000 ydpi: 387.429993 adjustKeyboardBottomByDisplaySize: false currentDensityDpi: 440 defaultDensityDpi: 440 keyboardBottomToScreenPx: 0 keyboardBottomToNavBarPx: -116 navBarHeight: 116
10-29 15:29:28.970 18285 18285 I KeyboardHeightUtil: KeyboardHeightUtil.calculateMaxKeyboardBodyHeight():50 leave 267 height for app when ime window height:2171, header height:121 and isFullscreenMode:false, so the max keyboard body height is:1783
10-29 15:29:28.970 18285 18285 I KeyboardHeightUtil: KeyboardHeightUtil.calculateMaxKeyboardBodyHeight():50 leave 267 height for app when ime window height:2171, header height:121 and isFullscreenMode:false, so the max keyboard body height is:1783
10-29 15:29:28.970 18285 18285 I AndroidIME: KeyboardViewManager.updateKeyboardBodyViewHolderPaddingBottom():472 Set finalPaddingBottom = 5 while holderPaddingBottom = 5; navigationHeight = 116
10-29 15:29:28.970 18285 18285 I KeyboardHeightUtil: KeyboardHeightUtil.calculateMaxKeyboardBodyHeight():50 leave 267 height for app when ime window height:2171, header height:121 and isFullscreenMode:false, so the max keyboard body height is:1783
10-29 15:29:28.970 18285 18285 I KeyboardHeightUtil: KeyboardHeightUtil.calculateMaxKeyboardBodyHeight():50 leave 267 height for app when ime window height:2171, header height:121 and isFullscreenMode:false, so the max keyboard body height is:1783
10-29 15:29:28.971 18285 18285 W NormalModeController: NormalModeController.adjustKeyboardBodyHeightRatio():214 Invalid height ratio from decoder -1.000000!
10-29 15:29:28.971 18285 18285 W ExtensionWrapper: ExtensionWrapper.setExtensionViewVisibility():811 interface mdz is not activate
10-29 15:29:28.972 18285 18285 I Module  : DeviceLockedStatusModuleProvider$Module.updateDeviceLockedStatus():103 repeatCheckTimes = 1, locked = false
10-29 15:29:28.972 18285 18285 I VoiceImeExtension: VoiceImeExtension.shouldStartVoiceInputAutomaticallyInCurrentInputBox():378 No private IME option set to start voice input.
10-29 15:29:28.975 18285 18285 I KeyboardModeUtils: KeyboardModeUtils.getKeyboardBottomOffset():435 inch: 0.000000 ydpi: 387.429993 adjustKeyboardBottomByDisplaySize: false currentDensityDpi: 440 defaultDensityDpi: 440 keyboardBottomToScreenPx: 0 keyboardBottomToNavBarPx: -116 navBarHeight: 116
10-29 15:29:28.975 18285 18285 I KeyboardHeightUtil: KeyboardHeightUtil.calculateMaxKeyboardBodyHeight():50 leave 267 height for app when ime window height:2171, header height:121 and isFullscreenMode:false, so the max keyboard body height is:1783
10-29 15:29:28.975 18285 18285 I KeyboardHeightUtil: KeyboardHeightUtil.calculateMaxKeyboardBodyHeight():50 leave 267 height for app when ime window height:2171, header height:121 and isFullscreenMode:false, so the max keyboard body height is:1783
10-29 15:29:28.976 18285 18285 I AndroidIME: KeyboardViewManager.updateKeyboardBodyViewHolderPaddingBottom():472 Set finalPaddingBottom = 5 while holderPaddingBottom = 5; navigationHeight = 116
10-29 15:29:28.976 18285 18285 I WindowMetricsNotification: WindowMetricsNotification.notifyWithWindow():166 
10-29 15:29:28.976 18285 18285 I WindowMetricsNotification: WindowMetricsNotification.notify():159 pjl[bounds=Rect(0, 105 - 1080, 2392), insets=Rect(0, 0 - 0, 116), densityDpi=440, smallestScreenWidthDp=393, displayWidth=1080, displayHeight=2392, xdpi=387.43, ydpi=387.43, isTrustable=true, displayId=0]; DisplayMetrics{density=2.75, width=1080, height=2392, scaledDensity=2.75, xdpi=387.43, ydpi=387.43}
10-29 15:29:28.985 18285 18285 I GoogleInputMethodService: GoogleInputMethodService$1.onKeyboardViewShown():326 onKeyboardViewShown: keyboardType=prime, keyboardViewType=HEADER keyboardView=com.google.android.libraries.inputmethod.widgets.SoftKeyboardView{f77e7db V.E...... ........ 0,0-1080,121}
10-29 15:29:28.985 18285 18285 I KeyboardHeightUtil: KeyboardHeightUtil.calculateMaxKeyboardBodyHeight():50 leave 267 height for app when ime window height:2171, header height:121 and isFullscreenMode:false, so the max keyboard body height is:1783
10-29 15:29:28.985 18285 18285 I GoogleInputMethodService: GoogleInputMethodService$1.onKeyboardViewShown():326 onKeyboardViewShown: keyboardType=prime, keyboardViewType=BODY keyboardView=com.google.android.libraries.inputmethod.widgets.SoftKeyboardView{7630303 V.E...... ........ 0,0-1080,693}
10-29 15:29:28.985 18285 18285 I KeyboardHeightUtil: KeyboardHeightUtil.calculateMaxKeyboardBodyHeight():50 leave 267 height for app when ime window height:2171, header height:121 and isFullscreenMode:false, so the max keyboard body height is:1783
10-29 15:29:28.985 18285 18285 I GlobeKeyExtension: GlobeKeyExtension$1.onKeyboardViewShown():72 maybeDisableLanguageSwitchKeyPref when the keyboard is shown
10-29 15:29:28.985 18285 18285 I GlobeKeyExtension: GlobeKeyExtension.maybeDisableLanguageSwitchKeyPref():200 maybeDisableLanguageSwitchKeyPref hasGlobeKeyBeenDisabled: false, shouldDisableLanguageSwitchKey: false
10-29 15:29:28.986 18285 18285 I NewLanguagePromptExtension: NewLanguagePromptExtension$1.onKeyboardViewShown():98 Not show new language banner: no change in enabled input method entries
10-29 15:29:28.986 18285 18285 I DynamicLayoutHandler: DynamicLayoutHandler.loadDynamicKeys():83 This isn't a dynamic layout.
10-29 15:29:28.986 18285 18616 I Delight5Decoder: Delight5DecoderWrapper.setKeyboardLayout():536 setKeyboardLayout()
10-29 15:29:28.995 18285 18285 I ProactiveSuggestionsHolderManager: ProactiveSuggestionsHolderManager$2.display():199 Requesting to show proactive suggestions: AUTO_FILL PREEMPTIVE_WITH_SUPPRESSION
10-29 15:29:29.003 18285 18285 I KeyboardModeUtils: KeyboardModeUtils.getKeyboardBottomOffset():435 inch: 0.000000 ydpi: 387.429993 adjustKeyboardBottomByDisplaySize: false currentDensityDpi: 440 defaultDensityDpi: 440 keyboardBottomToScreenPx: 0 keyboardBottomToNavBarPx: -116 navBarHeight: 116
10-29 15:29:29.003 18285 18285 I KeyboardHeightUtil: KeyboardHeightUtil.calculateMaxKeyboardBodyHeight():50 leave 267 height for app when ime window height:2171, header height:121 and isFullscreenMode:false, so the max keyboard body height is:1783
10-29 15:29:29.004 18285 18285 I KeyboardHeightUtil: KeyboardHeightUtil.calculateMaxKeyboardBodyHeight():50 leave 267 height for app when ime window height:2171, header height:121 and isFullscreenMode:false, so the max keyboard body height is:1783
10-29 15:29:29.004 18285 18285 I AndroidIME: KeyboardViewManager.updateKeyboardBodyViewHolderPaddingBottom():472 Set finalPaddingBottom = 5 while holderPaddingBottom = 5; navigationHeight = 116
10-29 15:29:29.151 18285 18285 W TooltipLifecycleManager: TooltipLifecycleManager.dismissTooltips():153 Tooltip with id spell_check_add_to_dictionary not found in tooltipManager.
10-29 15:29:29.571 18285 18285 E mali_gralloc: Attempt to call unlock*() on an buffer locked with invalid write locks buffer (0xb4000077900fe370)
10-29 15:29:29.637 18285 18285 E mali_gralloc: Attempt to call unlock*() on an buffer locked with invalid write locks buffer (0xb4000077900fe370)
10-29 15:29:29.654 18285 18285 W TooltipLifecycleManager: TooltipLifecycleManager.dismissTooltips():153 Tooltip with id SUGGESTION_VIEW_EDU_MINI_DIALOG not found in tooltipManager.
10-29 15:29:29.656 18285 19390 E BufferQueueProducer: [SurfaceView[InputMethod]#1287(BLAST Consumer)1287](id:476d00000507,api:0,p:-1,c:18285) disconnect: not connected (req=1)
10-29 15:29:29.656 18285 19390 W libEGL  : EGLNativeWindowType 0xb4000077e01c2350 disconnect failed
10-29 15:29:29.658 18285 18285 W TooltipLifecycleManager: TooltipLifecycleManager.dismissTooltips():153 Tooltip with id SUGGESTION_VIEW_EDU_MINI_DIALOG not found in tooltipManager.
10-29 15:29:29.662 18285 18285 I KeyboardModeUtils: KeyboardModeUtils.getKeyboardBottomOffset():435 inch: 0.000000 ydpi: 387.429993 adjustKeyboardBottomByDisplaySize: false currentDensityDpi: 440 defaultDensityDpi: 440 keyboardBottomToScreenPx: 0 keyboardBottomToNavBarPx: -116 navBarHeight: 116
10-29 15:29:29.663 18285 18285 I KeyboardHeightUtil: KeyboardHeightUtil.calculateMaxKeyboardBodyHeight():50 leave 267 height for app when ime window height:2171, header height:121 and isFullscreenMode:false, so the max keyboard body height is:1783
10-29 15:29:29.663 18285 18285 I KeyboardHeightUtil: KeyboardHeightUtil.calculateMaxKeyboardBodyHeight():50 leave 267 height for app when ime window height:2171, header height:121 and isFullscreenMode:false, so the max keyboard body height is:1783
10-29 15:29:29.663 18285 18285 I AndroidIME: KeyboardViewManager.updateKeyboardBodyViewHolderPaddingBottom():472 Set finalPaddingBottom = 5 while holderPaddingBottom = 5; navigationHeight = 116
10-29 15:29:29.668 18285 18285 W TooltipLifecycleManager: TooltipLifecycleManager.dismissTooltips():153 Tooltip with id SUGGESTION_VIEW_EDU_MINI_DIALOG not found in tooltipManager.
10-29 15:29:29.687 18285 18285 I KeyboardModeUtils: KeyboardModeUtils.getKeyboardBottomOffset():435 inch: 0.000000 ydpi: 387.429993 adjustKeyboardBottomByDisplaySize: false currentDensityDpi: 440 defaultDensityDpi: 440 keyboardBottomToScreenPx: 0 keyboardBottomToNavBarPx: -116 navBarHeight: 116
10-29 15:29:29.687 18285 18285 I KeyboardHeightUtil: KeyboardHeightUtil.calculateMaxKeyboardBodyHeight():50 leave 267 height for app when ime window height:2171, header height:121 and isFullscreenMode:false, so the max keyboard body height is:1783
10-29 15:29:29.687 18285 18285 I KeyboardHeightUtil: KeyboardHeightUtil.calculateMaxKeyboardBodyHeight():50 leave 267 height for app when ime window height:2171, header height:121 and isFullscreenMode:false, so the max keyboard body height is:1783
10-29 15:29:29.687 18285 18285 I AndroidIME: KeyboardViewManager.updateKeyboardBodyViewHolderPaddingBottom():472 Set finalPaddingBottom = 5 while holderPaddingBottom = 5; navigationHeight = 116
10-29 15:29:29.718 18285 18285 E BufferQueueProducer: [SurfaceView[InputMethod]#1286(BLAST Consumer)1286](id:476d00000506,api:0,p:-1,c:18285) disconnect: not connected (req=2)
10-29 15:29:29.721 18285 18285 I KeyboardModeUtils: KeyboardModeUtils.getKeyboardBottomOffset():435 inch: 0.000000 ydpi: 387.429993 adjustKeyboardBottomByDisplaySize: false currentDensityDpi: 440 defaultDensityDpi: 440 keyboardBottomToScreenPx: 0 keyboardBottomToNavBarPx: -116 navBarHeight: 116
10-29 15:29:29.721 18285 18285 I KeyboardHeightUtil: KeyboardHeightUtil.calculateMaxKeyboardBodyHeight():50 leave 267 height for app when ime window height:2171, header height:121 and isFullscreenMode:false, so the max keyboard body height is:1783
10-29 15:29:29.721 18285 18285 I KeyboardHeightUtil: KeyboardHeightUtil.calculateMaxKeyboardBodyHeight():50 leave 267 height for app when ime window height:2171, header height:121 and isFullscreenMode:false, so the max keyboard body height is:1783
10-29 15:29:29.721 18285 18285 I AndroidIME: KeyboardViewManager.updateKeyboardBodyViewHolderPaddingBottom():472 Set finalPaddingBottom = 5 while holderPaddingBottom = 5; navigationHeight = 116
10-29 15:29:29.806 18285 18285 I KeyboardViewController: KeyboardViewController.showSelfAndAncestors():636 current view doesn't has the priority com.google.android.libraries.inputmethod.accesspoint.widget.AccessPointsBar{14c4ed7 I.E...... .......D 0,0-810,121 #7f0b00a1 app:id/0_resource_name_obfuscated} to show itself, DEFAULT
10-29 15:29:29.847 18285 18285 W TooltipLifecycleManager: TooltipLifecycleManager.dismissTooltips():153 Tooltip with id SUGGESTION_VIEW_EDU_MINI_DIALOG not found in tooltipManager.
10-29 15:29:29.873 18285 18285 I KeyboardModeUtils: KeyboardModeUtils.getKeyboardBottomOffset():435 inch: 0.000000 ydpi: 387.429993 adjustKeyboardBottomByDisplaySize: false currentDensityDpi: 440 defaultDensityDpi: 440 keyboardBottomToScreenPx: 0 keyboardBottomToNavBarPx: -116 navBarHeight: 116
10-29 15:29:29.873 18285 18285 I KeyboardHeightUtil: KeyboardHeightUtil.calculateMaxKeyboardBodyHeight():50 leave 267 height for app when ime window height:2171, header height:121 and isFullscreenMode:false, so the max keyboard body height is:1783
10-29 15:29:29.873 18285 18285 I KeyboardHeightUtil: KeyboardHeightUtil.calculateMaxKeyboardBodyHeight():50 leave 267 height for app when ime window height:2171, header height:121 and isFullscreenMode:false, so the max keyboard body height is:1783
10-29 15:29:29.873 18285 18285 I AndroidIME: KeyboardViewManager.updateKeyboardBodyViewHolderPaddingBottom():472 Set finalPaddingBottom = 5 while holderPaddingBottom = 5; navigationHeight = 116
10-29 15:29:29.947 18285 18285 W TooltipLifecycleManager: TooltipLifecycleManager.dismissTooltips():153 Tooltip with id SUGGESTION_VIEW_EDU_MINI_DIALOG not found in tooltipManager.
10-29 15:29:29.971 18285 18285 I KeyboardModeUtils: KeyboardModeUtils.getKeyboardBottomOffset():435 inch: 0.000000 ydpi: 387.429993 adjustKeyboardBottomByDisplaySize: false currentDensityDpi: 440 defaultDensityDpi: 440 keyboardBottomToScreenPx: 0 keyboardBottomToNavBarPx: -116 navBarHeight: 116
10-29 15:29:29.971 18285 18285 I KeyboardHeightUtil: KeyboardHeightUtil.calculateMaxKeyboardBodyHeight():50 leave 267 height for app when ime window height:2171, header height:121 and isFullscreenMode:false, so the max keyboard body height is:1783
10-29 15:29:29.971 18285 18285 I KeyboardHeightUtil: KeyboardHeightUtil.calculateMaxKeyboardBodyHeight():50 leave 267 height for app when ime window height:2171, header height:121 and isFullscreenMode:false, so the max keyboard body height is:1783
10-29 15:29:29.971 18285 18285 I AndroidIME: KeyboardViewManager.updateKeyboardBodyViewHolderPaddingBottom():472 Set finalPaddingBottom = 5 while holderPaddingBottom = 5; navigationHeight = 116
10-29 15:29:30.065 18285 18285 W TooltipLifecycleManager: TooltipLifecycleManager.dismissTooltips():153 Tooltip with id SUGGESTION_VIEW_EDU_MINI_DIALOG not found in tooltipManager.
10-29 15:29:30.088 18285 18285 I KeyboardModeUtils: KeyboardModeUtils.getKeyboardBottomOffset():435 inch: 0.000000 ydpi: 387.429993 adjustKeyboardBottomByDisplaySize: false currentDensityDpi: 440 defaultDensityDpi: 440 keyboardBottomToScreenPx: 0 keyboardBottomToNavBarPx: -116 navBarHeight: 116
10-29 15:29:30.089 18285 18285 I KeyboardHeightUtil: KeyboardHeightUtil.calculateMaxKeyboardBodyHeight():50 leave 267 height for app when ime window height:2171, header height:121 and isFullscreenMode:false, so the max keyboard body height is:1783
10-29 15:29:30.089 18285 18285 I KeyboardHeightUtil: KeyboardHeightUtil.calculateMaxKeyboardBodyHeight():50 leave 267 height for app when ime window height:2171, header height:121 and isFullscreenMode:false, so the max keyboard body height is:1783
10-29 15:29:30.089 18285 18285 I AndroidIME: KeyboardViewManager.updateKeyboardBodyViewHolderPaddingBottom():472 Set finalPaddingBottom = 5 while holderPaddingBottom = 5; navigationHeight = 116
10-29 15:29:30.488 18285 18285 I GoogleInputMethodService: GoogleInputMethodService.onFinishInputView():1572 onFinishInputView(false)
10-29 15:29:30.488 18285 18285 I GlobeKeyExtension: GlobeKeyExtension.onDeactivate():144 
10-29 15:29:30.488 18285 18285 W TooltipLifecycleManager: TooltipLifecycleManager.dismissTooltips():153 Tooltip with id SUGGESTION_VIEW_EDU_MINI_DIALOG not found in tooltipManager.
10-29 15:29:30.489 18285 18285 I VoiceInputManagerWrapper: VoiceInputManagerWrapper.shutdown():131 shutdown()
10-29 15:29:30.489 18285 18285 W TooltipLifecycleManager: TooltipLifecycleManager.dismissTooltips():153 Tooltip with id spell_check_add_to_dictionary not found in tooltipManager.
10-29 15:29:30.489 18285 18285 I InputBundle: InputBundle.consumeEvent():1033 Skip consuming an event as keyboard status is INACTIVE
10-29 15:29:30.490 18285 18285 I AndroidIME: AbstractIme.onDeactivate():216 LatinIme.onDeactivate()
10-29 15:29:30.494 18285 18285 W TooltipLifecycleManager: TooltipLifecycleManager.dismissTooltips():153 Tooltip with id undo_access_point_promotion_banner not found in tooltipManager.
10-29 15:29:30.508 18285 18614 I OnDeviceWmrCalculator: OnDeviceWmrCalculator.calculateWmr():94 WMR: 0.0000 (0 / 1)
10-29 15:29:31.220 18285 18285 W TooltipLifecycleManager: TooltipLifecycleManager.dismissTooltips():153 Tooltip with id undo_access_point_promotion_banner not found in tooltipManager.
10-29 15:29:31.257 18285 18285 I GoogleInputMethodService: GoogleInputMethodService.onFinishInput():2086 
10-29 15:29:31.257 18285 18285 I Module  : DeviceLockedStatusModuleProvider$Module.updateDeviceLockedStatus():103 repeatCheckTimes = 0, locked = false
10-29 15:29:31.258 18285 18285 I GoogleInputMethodService: GoogleInputMethodService.onStartInput():1347 onStartInput(EditorInfo{EditorInfo{packageName=com.a1taxi.driverpro, inputType=80081, inputTypeString=Password[NoSuggestion], enableLearning=false, autoCorrection=false, autoComplete=true, imeOptions=6, privateImeOptions=null, actionName=DONE, actionLabel=null, initialSelStart=0, initialSelEnd=0, initialCapsMode=0, label=null, fieldId=85, fieldName=null, extras=Bundle[mParcelledData.dataSize=404], hintText=non-empty, hintLocales=[]}}, false)
10-29 15:29:31.259 18285 18285 I Module  : DeviceLockedStatusModuleProvider$Module.updateDeviceLockedStatus():103 repeatCheckTimes = 1, locked = false
10-29 15:29:31.259 18285 18285 I HardKeyTracker: HardKeyTracker.unregisterKeySequence():221 Unregister key sequence njr{labelResId=0, callback=gfq@9858d7f, lastModifier=0, keyCodes=[57, 57], actions=[1, 0]}
10-29 15:29:31.260 18285 18285 I HardKeyTracker: HardKeyTracker.unregisterKeySequence():221 Unregister key sequence njr{labelResId=0, callback=gfq@e34214c, lastModifier=0, keyCodes=[58, 58], actions=[1, 0]}
10-29 15:29:31.261 18285 18285 I StylusModule: StylusModule.onUpdateToolType():799 Update tool type = 1
10-29 15:29:31.262 18285 18285 I GoogleInputMethodService: GoogleInputMethodService.onStartInputView():1440 onStartInputView(EditorInfo{EditorInfo{packageName=com.a1taxi.driverpro, inputType=80081, inputTypeString=Password[NoSuggestion], enableLearning=false, autoCorrection=false, autoComplete=true, imeOptions=6, privateImeOptions=null, actionName=DONE, actionLabel=null, initialSelStart=0, initialSelEnd=0, initialCapsMode=0, label=null, fieldId=85, fieldName=null, extras=Bundle[{android.support.text.emoji.emojiCompat_metadataVersion=11, androidx.core.view.inputmethod.EditorInfoCompat.STYLUS_HANDWRITING_ENABLED=false, android.support.text.emoji.emojiCompat_replaceAll=false}], hintText=non-empty, hintLocales=[]}}, false)
10-29 15:29:31.263 18285 18285 I KeyboardHeightUtil: KeyboardHeightUtil.getOemKeyboardHeightRatio():108 systemKeyboardHeightRatio:1.000000.
10-29 15:29:31.267 18285 18285 I AndroidIME: InputBundleManager.loadActiveInputBundleId():528 loadActiveInputBundleId: und-Latn-x-password, password
10-29 15:29:31.267 18285 18285 I AndroidIME: AbstractIme.onActivate():96 PasswordIme.onActivate() : EditorInfo = EditorInfo{packageName=com.a1taxi.driverpro, inputType=80081, inputTypeString=Password[NoSuggestion], enableLearning=false, autoCorrection=false, autoComplete=true, imeOptions=6, privateImeOptions=null, actionName=DONE, actionLabel=null, initialSelStart=0, initialSelEnd=0, initialCapsMode=0, label=null, fieldId=85, fieldName=null, extras=Bundle[{android.support.text.emoji.emojiCompat_metadataVersion=11, androidx.core.view.inputmethod.EditorInfoCompat.STYLUS_HANDWRITING_ENABLED=false, android.support.text.emoji.emojiCompat_replaceAll=false}], hintText=non-empty, hintLocales=[]}, IncognitoMode = false, DeviceLocked = false
10-29 15:29:31.268 18285 18285 I KeyboardWrapper: KeyboardWrapper.activateKeyboard():581 activateKeyboard(): type=prime, status=INACTIVE, imeDef=mnu{stringId=password, language=und-Latn-x-password, languageTag=und-Latn-x-password, processedConditions={writing_helper_enable_by_word_revert=false, enable_access_points_in_password_number=true, variant=qwerty, true=true, language=en-US, enable_number_row=true, device=phone, enable_number_row_in_password=true, enable_pk_simulator=false}, className=com.google.android.libraries.inputmethod.ime.password.PasswordIme, label=2132019272, keyEventInterpreter=null, inlineComposing=true, autoCapital=true, announceAutoSelectedCandidate=true, statusIcon=0, indicatorIcon=0, indicatorLabel=null, displayAppCompletions=false, extraValues=mnn{}, processors=mpl@f30e3fb, unacceptableMetaKeys=4098, languageSpecificSettings=0, asciiCapable=false, alwaysShowSuggestions=false, useAsciiPasswordKeyboard=false, keyboardGroupDef=mou@c69bc18, phenotypeFlagId=0, localizationLanguageTag=null, supportsInlineSuggestion=false}
10-29 15:29:31.268 18285 18285 I KeyboardManager: KeyboardManager.requestKeyboard():248 Creating keyboard prime, imeId=password, cacheKey=theme,!gsf,!pgsans,!pgsf,!use_system_font,BORDER,FLAVOR_DPI=XXHDPI,GOOGLE_ICONS,KEYBOARD_WIDTH_CATEGORY=NORMAL,KEY_BORDER_SHAPE=1,LIGHT_THEME=false,PHYSICAL_DIAGONAL=5.748144,POPUP,SCREEN_SHORTEST_WIDTH=393,SCREEN_SHORTEST_WIDTH_NO_SCALE=393,XXHDPI,bottom4dp,enable_emoji_kitchen_browse_color_v2=true,enable_google_fonts_icons=true,enable_popup_on_keypress=true,keyboard_redesign_google_sans=true,non_linear_scale,noshadow,overlay_builtin_dynamic_color_dark_base.binarypb:gm3-dark-ff131313-ffffffff-4d9204e36e3ccb6a165e3e3dbe763ce0,roundedchip,silkpopup
10-29 15:29:31.268 18285 18285 I KeyboardWrapper: KeyboardWrapper.onKeyboardReady():224 onKeyboardReady(): type=prime(prime), kb=com.google.android.apps.inputmethod.latin.keyboard.LatinPasswordKeyboard@1ecf2de
10-29 15:29:31.268 18285 18285 I KeyboardWrapper: KeyboardWrapper.doActivateKeyboard():611 doActivateKeyboard(): prime
10-29 15:29:31.274 18285 18285 I KeyboardViewHelper: KeyboardViewHelper.getView():180 Get view with height ratio:1.000000
10-29 15:29:31.274 18285 18285 I KeyboardHeightUtil: KeyboardHeightUtil.calculateMaxKeyboardBodyHeight():50 leave 267 height for app when ime window height:2171, header height:121 and isFullscreenMode:false, so the max keyboard body height is:1783
10-29 15:29:31.274 18285 18285 I GlobeKeyExtension: GlobeKeyExtension.getKeyboardInitialStates():175 
10-29 15:29:31.275 18285 18285 W Keyboard: Keyboard.getKeyboardViewHelper():602 null helper is returned: keyboardDef=moo{processedConditions={show_comma_key=true, enable_more_candidates_view_for_multilingual=false, layout_9key_split=false, enable_secondary_symbols=false, pref_enable_flick_symbols=false, language=en-US, deprecate_long_press_space_for_ime_picker=false, show_suggestion_strip=true, expressions=normal, android_software_xr_api_spatial=false, enable_access_points_in_password_number=true, enable_correction_settings_updates=true, enable_flick_symbols=true, variant=qwerty, show_period_key=true, enable_number_row=true, device=phone, keyboard_mode=normal, show_secondary_digits=false, enable_preemptive_decode=true, enable_pk_simulator=false}, globalConditions={global_theme_key=theme,!gsf,!pgsans,!pgsf,!use_system_font,BORDER,FLAVOR_DPI=XXHDPI,GOOGLE_ICONS,KEYBOARD_WIDTH_CATEGORY=NORMAL,KEY_BORDER_SHAPE=1,LIGHT_THEME=false,PHYSICAL_DIAGONAL=5.748144,POPUP,SCREEN_SHORTEST_WIDTH=393,SCREEN_SHORTEST_WIDTH_NO_SCALE=393,XXHDPI,bottom4dp,enable_emoji_kitchen_browse_color_v2=true,enable_google_fonts_icons=true,enable_popup_on_keypress=true,keyboard_redesign_google_sans=true,non_linear_scale,noshadow,overlay_builtin_dynamic_color_dark_base.binarypb:gm3-dark-ff131313-ffffffff-4d9204e36e3ccb6a165e3e3dbe763ce0,roundedchip,silkpopup, global_locale=en_US, global_density_dpi=440, global_orientation=1}, className=.latin.keyboard.LatinPasswordKeyboard, resourceIds=[#0x7f1705fc, #0x7f17088e, #0x7f1706bc], initialStates=0, keyboardViewDefs=[mpc{direction=null, id=#0x7f0b0226, isScalable=true, layoutId=#0x7f0e029d, type=BODY, touchable=true, defaultShow=true}, mpc{direction=null, id=#0x7f0b0226, isScalable=false, layoutId=#0x7f0e01f9, type=FLOATING_CANDIDATES, touchable=false, defaultShow=false}, mpc{direction=LOCALE, id=#0x7f0b0226, isScalable=false, layoutId=#0x7f0e0502, type=HEADER, touchable=true, defaultShow=true}], persistentStates=0, persistentStatesPrefKey=null, popupBubbleLayoutId=#0x7f0e05f3, recentKeyLayoutId=0, recentKeyPopupLayoutId=0, recentKeyType=null, rememberRecentKey=NONE, sessionStates=17592186044419}, type=WIDGET, helpersCreated={HEADER=mau@c77569a, BODY=mau@4efbcb, FLOATING_CANDIDATES=mau@c5b3fa8}, context.getResources().getConfiguration(): {1.0 405mcc869mnc [en_US] ldltr sw393dp w393dp h790dp 440dpi nrml long port night finger -keyb/v/h -nav/h winConfig={ mBounds=Rect(0, 0 - 1080, 2392) mAppBounds=Rect(0, 103 - 1080, 2276) mMaxBounds=Rect(0, 0 - 1080, 2392) mDisplayRotation=ROTATION_0 mWindowingMode=fullscreen mActivityType=undefined mAlwaysOnTop=undefined mRotation=ROTATION_0 isEmbedding:false} s.10196 fontWeightAdjustment=0 themeId=2 themeParameter=0 nightModeLevel = -1 typefaceChanged=0.0 ?spacesystem eaMode=1}
10-29 15:29:31.275 18285 18285 I KeyboardHeightUtil: KeyboardHeightUtil.calculateMaxKeyboardBodyHeight():50 leave 267 height for app when ime window height:2171, header height:121 and isFullscreenMode:false, so the max keyboard body height is:1783
10-29 15:29:31.276 18285 18285 I AndroidIME: InputBundleManager.startInput():358 startInput() with moy[keyboardType=prime, payload=null]
10-29 15:29:31.276 18285 18285 I GlobeKeyExtension: GlobeKeyExtension.onActivate():120 
10-29 15:29:31.277 18285 18285 I LanguagePromoExtension: LanguagePromoExtension.checkDisplayPreconditions():174 Not show language promo: exceeds the max display times.
10-29 15:29:31.277 18285 18285 I NewLanguagePromptExtension: NewLanguagePromptExtension.onActivate():189 Not activated NewLanguagePromptExtension: not a normal text input box.
10-29 15:29:31.277 18285 18285 I HardKeyTracker: HardKeyTracker.unregisterKeySequence():221 Unregister key sequence njr{labelResId=2132020517, callback=cif@58e1a7d, lastModifier=2, keyCodes=[56], actions=[0]}
10-29 15:29:31.278 18285 18285 I HardKeyTracker: HardKeyTracker.unregisterKeySequence():221 Unregister key sequence njr{labelResId=2132020517, callback=cif@3418d72, lastModifier=0, keyCodes=[317], actions=[0]}
10-29 15:29:31.278 18285 18285 I HardKeyTracker: HardKeyTracker.registerKeySequence():170 Register key sequence njr{labelResId=2132020517, callback=cif@fee57f1, lastModifier=2, keyCodes=[56], actions=[0]}
10-29 15:29:31.278 18285 18285 I HardKeyTracker: HardKeyTracker.registerKeySequence():170 Register key sequence njr{labelResId=2132020517, callback=cif@6072257, lastModifier=0, keyCodes=[317], actions=[0]}
10-29 15:29:31.278 18285 18285 I VoiceInputManagerWrapper: VoiceInputManagerWrapper.cancelShutdown():109 cancelShutdown()
10-29 15:29:31.278 18285 18285 I VoiceInputManagerWrapper: VoiceInputManagerWrapper.syncLanguagePacks():121 syncLanguagePacks()
10-29 15:29:31.278 18285 18285 I VoiceInputManager: VoiceInputManager.onKeyboardActivated():1206 onKeyboardActivated() [UD]
10-29 15:29:31.278 18285 19802 I SpeechFactory: SpeechRecognitionFactory.maybeScheduleAutoPackDownloadForFallback():217 maybeScheduleAutoPackDownloadForFallback()
10-29 15:29:31.278 18285 19802 I FallbackOnDeviceRecognitionProvider: FallbackOnDeviceRecognitionProvider.maybeScheduleAutoPackDownload():205 maybeScheduleAutoPackDownload() for language tag en-US
10-29 15:29:31.278 18285 18285 I PkModeUpdater: PkModeUpdater.onActivate():74 onActivate false true
10-29 15:29:31.278 18285 18285 I AccessoryInputModeManager: AccessoryInputModeManager.onModeStarted():318 Accessory input mode started: null
10-29 15:29:31.279 18285 18285 W SupplementaryKeyboardsWrapper: SupplementaryKeyboardsWrapper.deactivateKeyboard():161 keyboard accessory_candidates_consumer is not activated before!
10-29 15:29:31.279 18285 18285 I KeyboardModeUtils: KeyboardModeUtils.getKeyboardBottomOffset():435 inch: 0.000000 ydpi: 387.429993 adjustKeyboardBottomByDisplaySize: false currentDensityDpi: 440 defaultDensityDpi: 440 keyboardBottomToScreenPx: 0 keyboardBottomToNavBarPx: -116 navBarHeight: 116
10-29 15:29:31.279 18285 18285 I KeyboardHeightUtil: KeyboardHeightUtil.calculateMaxKeyboardBodyHeight():50 leave 267 height for app when ime window height:2171, header height:121 and isFullscreenMode:false, so the max keyboard body height is:1783
10-29 15:29:31.279 18285 18285 I KeyboardHeightUtil: KeyboardHeightUtil.calculateMaxKeyboardBodyHeight():50 leave 267 height for app when ime window height:2171, header height:121 and isFullscreenMode:false, so the max keyboard body height is:1783
10-29 15:29:31.279 18285 18285 I AndroidIME: KeyboardViewManager.updateKeyboardBodyViewHolderPaddingBottom():472 Set finalPaddingBottom = 5 while holderPaddingBottom = 5; navigationHeight = 116
10-29 15:29:31.279 18285 18285 I KeyboardHeightUtil: KeyboardHeightUtil.calculateMaxKeyboardBodyHeight():50 leave 267 height for app when ime window height:2171, header height:121 and isFullscreenMode:false, so the max keyboard body height is:1783
10-29 15:29:31.279 18285 18285 I KeyboardHeightUtil: KeyboardHeightUtil.calculateMaxKeyboardBodyHeight():50 leave 267 height for app when ime window height:2171, header height:121 and isFullscreenMode:false, so the max keyboard body height is:1783
10-29 15:29:31.279 18285 18285 W NormalModeController: NormalModeController.adjustKeyboardBodyHeightRatio():214 Invalid height ratio from decoder -1.000000!
10-29 15:29:31.279 18285 18285 W ExtensionWrapper: ExtensionWrapper.setExtensionViewVisibility():811 interface mdz is not activate
10-29 15:29:31.280 18285 18285 I Module  : DeviceLockedStatusModuleProvider$Module.updateDeviceLockedStatus():103 repeatCheckTimes = 1, locked = false
