10-23 15:52:35.281  9275  9316 E AutofillChimeraService: 	at gpkb.f(:com.google.android.gms@254031035@25.40.31 (260400-816341114):1)
10-23 15:52:35.281  9275  9316 E AutofillChimeraService: 	at gpkb.m(:com.google.android.gms@254031035@25.40.31 (260400-816341114):99)
10-23 15:52:35.281  9275  9316 E AutofillChimeraService: 	at gpkb.cancel(:com.google.android.gms@254031035@25.40.31 (260400-816341114):50)
10-23 15:52:35.281  9275  9316 E AutofillChimeraService: 	at apdr.onCancel(:com.google.android.gms@254031035@25.40.31 (260400-816341114):6)
10-23 15:52:35.281  9275  9316 E AutofillChimeraService: 	at android.os.CancellationSignal.cancel(CancellationSignal.java:82)
10-23 15:52:35.281  9275  9316 E AutofillChimeraService: 	at android.os.CancellationSignal$Transport.cancel(CancellationSignal.java:212)
10-23 15:52:35.281  9275  9316 E AutofillChimeraService: 	at android.os.ICancellationSignal$Stub.onTransact(ICancellationSignal.java:82)
10-23 15:52:35.281  9275  9316 E AutofillChimeraService: 	at android.os.Binder.execTransactInternal(Binder.java:1566)
10-23 15:52:35.281  9275  9316 E AutofillChimeraService: 	at android.os.Binder.execTransact(Binder.java:1505)
10-23 15:52:35.282  5589  5589 I GoogleInputMethodService: GoogleInputMethodService.onFinishInputView():1571 onFinishInputView(true)
10-23 15:52:35.282  5589  5589 I GlobeKeyExtension: GlobeKeyExtension.onDeactivate():144 
10-23 15:52:35.282  5589  5589 W TooltipLifecycleManager: TooltipLifecycleManager.dismissTooltips():153 Tooltip with id SUGGESTION_VIEW_EDU_MINI_DIALOG not found in tooltipManager.
10-23 15:52:35.282  5589  5589 I VoiceInputManagerWrapper: VoiceInputManagerWrapper.shutdown():131 shutdown()
10-23 15:52:35.283  5589  5589 W TooltipLifecycleManager: TooltipLifecycleManager.dismissTooltips():153 Tooltip with id spell_check_add_to_dictionary not found in tooltipManager.
10-23 15:52:35.283  5589  5589 I GoogleInputMethodService: GoogleInputMethodService.onFinishInput():2085 
10-23 15:52:35.284  5589  5589 I Module  : DeviceLockedStatusModuleProvider$Module.updateDeviceLockedStatus():100 repeatCheckTimes = 0, locked = false
10-23 15:52:35.284  5589  5589 W TooltipLifecycleManager: TooltipLifecycleManager.dismissTooltips():153 Tooltip with id SUGGESTION_VIEW_EDU_MINI_DIALOG not found in tooltipManager.
10-23 15:52:35.284  5589  5589 I GoogleInputMethodService: GoogleInputMethodService.onStartInput():1346 onStartInput(EditorInfo{EditorInfo{packageName=com.a1taxi.a1taxicustomer, inputType=4002, inputTypeString=Number, enableLearning=false, autoCorrection=false, autoComplete=false, imeOptions=6, privateImeOptions=null, actionName=DONE, actionLabel=null, initialSelStart=0, initialSelEnd=0, initialCapsMode=2000, label=null, fieldId=1375, fieldName=null, extras=Bundle[mParcelledData.dataSize=404], hintText=empty, hintLocales=[]}}, false)
10-23 15:52:35.285  5589  5589 I Module  : DeviceLockedStatusModuleProvider$Module.updateDeviceLockedStatus():100 repeatCheckTimes = 1, locked = false
10-23 15:52:35.286  5589  5589 I GoogleInputMethodService: GoogleInputMethodService.onStartInputView():1439 onStartInputView(EditorInfo{EditorInfo{packageName=com.a1taxi.a1taxicustomer, inputType=4002, inputTypeString=Number, enableLearning=false, autoCorrection=false, autoComplete=false, imeOptions=6, privateImeOptions=null, actionName=DONE, actionLabel=null, initialSelStart=0, initialSelEnd=0, initialCapsMode=2000, label=null, fieldId=1375, fieldName=null, extras=Bundle[{android.support.text.emoji.emojiCompat_metadataVersion=11, androidx.core.view.inputmethod.EditorInfoCompat.STYLUS_HANDWRITING_ENABLED=true, android.support.text.emoji.emojiCompat_replaceAll=false}], hintText=empty, hintLocales=[]}}, false)
10-23 15:52:35.287  5589  5589 I KeyboardHeightUtil: KeyboardHeightUtil.getOemKeyboardHeightRatio():108 systemKeyboardHeightRatio:1.000000.
10-23 15:52:35.287  5589  5589 I AndroidIME: InputBundleManager.loadActiveInputBundleId():528 loadActiveInputBundleId: und-Latn-x-number, number
10-23 15:52:35.287  5589  5589 I KeyboardWrapper: KeyboardWrapper.activateKeyboard():581 activateKeyboard(): type=prime, status=INACTIVE, imeDef=mkk{stringId=number, language=und-Latn-x-number, languageTag=und-Latn-x-number, processedConditions={}, className=com.google.android.libraries.inputmethod.ime.DummyIme, label=2132019216, keyEventInterpreter=null, inlineComposing=true, autoCapital=false, announceAutoSelectedCandidate=false, statusIcon=0, indicatorIcon=0, indicatorLabel=null, displayAppCompletions=false, extraValues=mkd{}, processors=mmb@7d3d911, unacceptableMetaKeys=4098, languageSpecificSettings=0, asciiCapable=false, alwaysShowSuggestions=false, useAsciiPasswordKeyboard=false, keyboardGroupDef=mlk@821ce4, phenotypeFlagId=0, localizationLanguageTag=null, supportsInlineSuggestion=false}
10-23 15:52:35.287  5589  5589 I KeyboardManager: KeyboardManager.requestKeyboard():248 Creating keyboard prime, imeId=number, cacheKey=theme,!gsf,!pgsans,!pgsf,!use_system_font,BORDER,FLAVOR_DPI=XXHDPI,GOOGLE_ICONS,KEYBOARD_WIDTH_CATEGORY=NORMAL,KEY_BORDER_SHAPE=1,LIGHT_THEME=false,PHYSICAL_DIAGONAL=5.748144,POPUP,SCREEN_SHORTEST_WIDTH=393,SCREEN_SHORTEST_WIDTH_NO_SCALE=393,XXHDPI,bottom4dp,enable_emoji_kitchen_browse_color_v2=true,enable_google_fonts_icons=true,enable_popup_on_keypress=true,keyboard_redesign_google_sans=true,non_linear_scale,noshadow,overlay_builtin_dynamic_color_dark_base.binarypb:gm3-dark-ff131313-ffffffff-4d9204e36e3ccb6a165e3e3dbe763ce0,roundedchip,silkpopup
10-23 15:52:35.288 32480 32480 I AssistStructure: Flattened final assist data: 2936 bytes, containing 1 windows, 17 views
10-23 15:52:35.288  5589  5589 I KeyboardWrapper: KeyboardWrapper.onKeyboardReady():224 onKeyboardReady(): type=prime(prime), kb=com.google.android.apps.inputmethod.latin.keyboard.LatinNumberKeyboard@72337e6
10-23 15:52:35.288  5589  5589 I KeyboardWrapper: KeyboardWrapper.doActivateKeyboard():611 doActivateKeyboard(): prime
10-23 15:52:35.288  1870  3606 D AutofillSession: createPendingIntent for request 4200
10-23 15:52:35.288 32480 32480 W RemoteInputConnectionImpl: requestCursorUpdates on inactive InputConnection
10-23 15:52:35.289  5589  5589 I KeyboardHeightUtil: KeyboardHeightUtil.calculateMaxKeyboardBodyHeight():50 leave 267 height for app when ime window height:2171, header height:121 and isFullscreenMode:false, so the max keyboard body height is:1783
10-23 15:52:35.289  5589  5589 W TooltipLifecycleManager: TooltipLifecycleManager.dismissTooltips():153 Tooltip with id undo_access_point_promotion_banner not found in tooltipManager.
10-23 15:52:35.289  5589  5589 I GlobeKeyExtension: GlobeKeyExtension.getKeyboardInitialStates():175 
10-23 15:52:35.290  5589  5589 W Keyboard: Keyboard.getKeyboardViewHelper():609 null helper is returned: keyboardDef=mle{processedConditions={enable_access_points_in_password_number=true, enable_correction_settings_updates=true, layout_9key_split=false, language=en-US, deprecate_long_press_space_for_ime_picker=false, show_suggestion_strip=true, device=phone, expressions=normal}, globalConditions={global_theme_key=theme,!gsf,!pgsans,!pgsf,!use_system_font,BORDER,FLAVOR_DPI=XXHDPI,GOOGLE_ICONS,KEYBOARD_WIDTH_CATEGORY=NORMAL,KEY_BORDER_SHAPE=1,LIGHT_THEME=false,PHYSICAL_DIAGONAL=5.748144,POPUP,SCREEN_SHORTEST_WIDTH=393,SCREEN_SHORTEST_WIDTH_NO_SCALE=393,XXHDPI,bottom4dp,enable_emoji_kitchen_browse_color_v2=true,enable_google_fonts_icons=true,enable_popup_on_keypress=true,keyboard_redesign_google_sans=true,non_linear_scale,noshadow,overlay_builtin_dynamic_color_dark_base.binarypb:gm3-dark-ff131313-ffffffff-4d9204e36e3ccb6a165e3e3dbe763ce0,roundedchip,silkpopup, global_locale=en_US, global_density_dpi=440, global_orientation=1}, className=.latin.keyboard.LatinNumberKeyboard, resourceIds=[#0x7f17086b], initialStates=0, keyboardViewDefs=[mls{direction=LOCALE, id=#0x7f0b0224, isScalable=false, layoutId=#0x7f0e0500, type=HEADER, touchable=true, defaultShow=true}, mls{direction=null, id=#0x7f0b0224, isScalable=true, layoutId=#0x7f0e0556, type=BODY, touchable=true, defaultShow=true}], persistentStates=0, persistentStatesPrefKey=null, popupBubbleLayoutId=#0x7f0e05f1, recentKeyLayoutId=0, recentKeyPopupLayoutId=0, recentKeyType=null, rememberRecentKey=NONE, sessionStates=0}, type=FLOATING_CANDIDATES, helpersCreated=[lxm@e9353a2, lxm@9822833, null, null], context.getResources().getConfiguration(): {1.0 405mcc869mnc [en_US] ldltr sw393dp w393dp h790dp 440dpi nrml long port night finger -keyb/v/h -nav/h winConfig={ mBounds=Rect(0, 0 - 1080, 2392) mAppBounds=Rect(0, 103 - 1080, 2276) mMaxBounds=Rect(0, 0 - 1080, 2392) mDisplayRotation=ROTATION_0 mWindowingMode=fullscreen mActivityType=undefined mAlwaysOnTop=undefined mRotation=ROTATION_0 isEmbedding:false} s.5420 fontWeightAdjustment=0 themeId=2 themeParameter=0 nightModeLevel = -1 typefaceChanged=0.0 ?spacesystem eaMode=1}
10-23 15:52:35.290  5589  5589 W Keyboard: Keyboard.getKeyboardViewHelper():609 null helper is returned: keyboardDef=mle{processedConditions={enable_access_points_in_password_number=true, enable_correction_settings_updates=true, layout_9key_split=false, language=en-US, deprecate_long_press_space_for_ime_picker=false, show_suggestion_strip=true, device=phone, expressions=normal}, globalConditions={global_theme_key=theme,!gsf,!pgsans,!pgsf,!use_system_font,BORDER,FLAVOR_DPI=XXHDPI,GOOGLE_ICONS,KEYBOARD_WIDTH_CATEGORY=NORMAL,KEY_BORDER_SHAPE=1,LIGHT_THEME=false,PHYSICAL_DIAGONAL=5.748144,POPUP,SCREEN_SHORTEST_WIDTH=393,SCREEN_SHORTEST_WIDTH_NO_SCALE=393,XXHDPI,bottom4dp,enable_emoji_kitchen_browse_color_v2=true,enable_google_fonts_icons=true,enable_popup_on_keypress=true,keyboard_redesign_google_sans=true,non_linear_scale,noshadow,overlay_builtin_dynamic_color_dark_base.binarypb:gm3-dark-ff131313-ffffffff-4d9204e36e3ccb6a165e3e3dbe763ce0,roundedchip,silkpopup, global_locale=en_US, global_density_dpi=440, global_orientation=1}, className=.latin.keyboard.LatinNumberKeyboard, resourceIds=[#0x7f17086b], initialStates=0, keyboardViewDefs=[mls{direction=LOCALE, id=#0x7f0b0224, isScalable=false, layoutId=#0x7f0e0500, type=HEADER, touchable=true, defaultShow=true}, mls{direction=null, id=#0x7f0b0224, isScalable=true, layoutId=#0x7f0e0556, type=BODY, touchable=true, defaultShow=true}], persistentStates=0, persistentStatesPrefKey=null, popupBubbleLayoutId=#0x7f0e05f1, recentKeyLayoutId=0, recentKeyPopupLayoutId=0, recentKeyType=null, rememberRecentKey=NONE, sessionStates=0}, type=WIDGET, helpersCreated=[lxm@e9353a2, lxm@9822833, null, null], context.getResources().getConfiguration(): {1.0 405mcc869mnc [en_US] ldltr sw393dp w393dp h790dp 440dpi nrml long port night finger -keyb/v/h -nav/h winConfig={ mBounds=Rect(0, 0 - 1080, 2392) mAppBounds=Rect(0, 103 - 1080, 2276) mMaxBounds=Rect(0, 0 - 1080, 2392) mDisplayRotation=ROTATION_0 mWindowingMode=fullscreen mActivityType=undefined mAlwaysOnTop=undefined mRotation=ROTATION_0 isEmbedding:false} s.5420 fontWeightAdjustment=0 themeId=2 themeParameter=0 nightModeLevel = -1 typefaceChanged=0.0 ?spacesystem eaMode=1}
10-23 15:52:35.290  5589  5589 I AndroidIME: InputBundleManager.startInput():358 startInput() with mlo[keyboardType=prime, payload=null]
10-23 15:52:35.290  5589  5589 I GlobeKeyExtension: GlobeKeyExtension.onActivate():120 
10-23 15:52:35.292  5589  5589 I LanguagePromoExtension: LanguagePromoExtension.checkDisplayPreconditions():174 Not show language promo: exceeds the max display times.
10-23 15:52:35.292  5589  5589 I NewLanguagePromptExtension: NewLanguagePromptExtension.onActivate():189 Not activated NewLanguagePromptExtension: not a normal text input box.
10-23 15:52:35.292  5589  5589 I VoiceInputManagerWrapper: VoiceInputManagerWrapper.cancelShutdown():109 cancelShutdown()
10-23 15:52:35.292  5589  5589 I VoiceInputManagerWrapper: VoiceInputManagerWrapper.syncLanguagePacks():121 syncLanguagePacks()
10-23 15:52:35.293  5589  5589 I VoiceInputManager: VoiceInputManager.onKeyboardActivated():1173 onKeyboardActivated() [UD]
10-23 15:52:35.293  5589  5589 I PkModeUpdater: PkModeUpdater.onActivate():74 onActivate false true
10-23 15:52:35.293  5589  5589 I AccessoryInputModeManager: AccessoryInputModeManager.onModeStarted():318 Accessory input mode started: null
10-23 15:52:35.293  5589  5589 W SupplementaryKeyboardsWrapper: SupplementaryKeyboardsWrapper.deactivateKeyboard():161 keyboard accessory_candidates_consumer is not activated before!
10-23 15:52:35.293  5589  5589 I KeyboardModeUtils: KeyboardModeUtils.getKeyboardBottomOffset():435 inch: 0.000000 ydpi: 387.429993 adjustKeyboardBottomByDisplaySize: false currentDensityDpi: 440 defaultDensityDpi: 440 keyboardBottomToScreenPx: 0 keyboardBottomToNavBarPx: -116 navBarHeight: 116
10-23 15:52:35.293  5589  5589 I KeyboardHeightUtil: KeyboardHeightUtil.calculateMaxKeyboardBodyHeight():50 leave 267 height for app when ime window height:2171, header height:121 and isFullscreenMode:false, so the max keyboard body height is:1783
10-23 15:52:35.293  5589  5589 I KeyboardHeightUtil: KeyboardHeightUtil.calculateMaxKeyboardBodyHeight():50 leave 267 height for app when ime window height:2171, header height:121 and isFullscreenMode:false, so the max keyboard body height is:1783
10-23 15:52:35.294  5589  5589 I AndroidIME: KeyboardViewManager.updateKeyboardBodyViewHolderPaddingBottom():472 Set finalPaddingBottom = 5 while holderPaddingBottom = 5; navigationHeight = 116
10-23 15:52:35.294  5589  5589 I KeyboardHeightUtil: KeyboardHeightUtil.calculateMaxKeyboardBodyHeight():50 leave 267 height for app when ime window height:2171, header height:121 and isFullscreenMode:false, so the max keyboard body height is:1783
10-23 15:52:35.294  5589  5589 I KeyboardHeightUtil: KeyboardHeightUtil.calculateMaxKeyboardBodyHeight():50 leave 267 height for app when ime window height:2171, header height:121 and isFullscreenMode:false, so the max keyboard body height is:1783
10-23 15:52:35.294  5589  5589 W ExtensionWrapper: ExtensionWrapper.setExtensionViewVisibility():811 interface mas is not activate
10-23 15:52:35.294  5589  6558 I SpeechFactory: SpeechRecognitionFactory.maybeScheduleAutoPackDownloadForFallback():217 maybeScheduleAutoPackDownloadForFallback()
10-23 15:52:35.294  5589  6558 I FallbackOnDeviceRecognitionProvider: FallbackOnDeviceRecognitionProvider.maybeScheduleAutoPackDownload():205 maybeScheduleAutoPackDownload() for language tag en-US
10-23 15:52:35.295  5589  5589 I Module  : DeviceLockedStatusModuleProvider$Module.updateDeviceLockedStatus():100 repeatCheckTimes = 1, locked = false
10-23 15:52:35.295  5589  5589 I StylusModule: StylusModule.onUpdateToolType():800 Update tool type = 1
10-23 15:52:35.296  5589  5589 I StylusModule: StylusModule.onUpdateToolType():800 Update tool type = 1
10-23 15:52:35.297 32480 32480 D InsetsController: show(ime(), fromIme=true)
10-23 15:52:35.297 32480 32480 I ImeTracker: com.a1taxi.a1taxicustomer:8aa4259a: onCancelled at PHASE_CLIENT_APPLY_ANIMATION
10-23 15:52:35.299  5589  5589 I KeyboardModeUtils: KeyboardModeUtils.getKeyboardBottomOffset():435 inch: 0.000000 ydpi: 387.429993 adjustKeyboardBottomByDisplaySize: false currentDensityDpi: 440 defaultDensityDpi: 440 keyboardBottomToScreenPx: 0 keyboardBottomToNavBarPx: -116 navBarHeight: 116
10-23 15:52:35.299  5589  5589 I KeyboardHeightUtil: KeyboardHeightUtil.calculateMaxKeyboardBodyHeight():50 leave 267 height for app when ime window height:2171, header height:121 and isFullscreenMode:false, so the max keyboard body height is:1783
10-23 15:52:35.299  5589  5589 I KeyboardHeightUtil: KeyboardHeightUtil.calculateMaxKeyboardBodyHeight():50 leave 267 height for app when ime window height:2171, header height:121 and isFullscreenMode:false, so the max keyboard body height is:1783
10-23 15:52:35.299  5589  5589 I AndroidIME: KeyboardViewManager.updateKeyboardBodyViewHolderPaddingBottom():472 Set finalPaddingBottom = 5 while holderPaddingBottom = 5; navigationHeight = 116
10-23 15:52:35.299  5589  5589 I WindowMetricsNotification: WindowMetricsNotification.notifyWithWindow():166 
10-23 15:52:35.299  5589  5589 I WindowMetricsNotification: WindowMetricsNotification.notify():159 pfu[bounds=Rect(0, 105 - 1080, 2392), insets=Rect(0, 0 - 0, 116), densityDpi=440, smallestScreenWidthDp=393, displayWidth=1080, displayHeight=2392, xdpi=387.43, ydpi=387.43, isTrustable=true, displayId=0]; DisplayMetrics{density=2.75, width=1080, height=2392, scaledDensity=2.75, xdpi=387.43, ydpi=387.43}
10-23 15:52:35.300 32480 32480 D InsetsController: show(ime(), fromIme=true)
10-23 15:52:35.300 32480 32480 I ImeTracker: com.a1taxi.a1taxicustomer:4c358d5: onCancelled at PHASE_CLIENT_APPLY_ANIMATION
10-23 15:52:35.303  5589  5589 I GoogleInputMethodService: GoogleInputMethodService$1.onKeyboardViewShown():325 onKeyboardViewShown: keyboardType=prime, keyboardViewType=HEADER keyboardView=com.google.android.libraries.inputmethod.widgets.SoftKeyboardView{ff82f07 V.E...... ........ 0,0-1080,121}
10-23 15:52:35.303  5589  5589 I KeyboardHeightUtil: KeyboardHeightUtil.calculateMaxKeyboardBodyHeight():50 leave 267 height for app when ime window height:2171, header height:121 and isFullscreenMode:false, so the max keyboard body height is:1783
10-23 15:52:35.303  5589  5589 I GoogleInputMethodService: GoogleInputMethodService$1.onKeyboardViewShown():325 onKeyboardViewShown: keyboardType=prime, keyboardViewType=BODY keyboardView=com.google.android.libraries.inputmethod.widgets.SoftKeyboardView{f58bee1 V.E...... ........ 0,0-1080,580}
10-23 15:52:35.303  5589  5589 I KeyboardHeightUtil: KeyboardHeightUtil.calculateMaxKeyboardBodyHeight():50 leave 267 height for app when ime window height:2171, header height:121 and isFullscreenMode:false, so the max keyboard body height is:1783
10-23 15:52:35.303  5589  5589 I GlobeKeyExtension: GlobeKeyExtension$1.onKeyboardViewShown():72 maybeDisableLanguageSwitchKeyPref when the keyboard is shown
10-23 15:52:35.303  5589  5589 I GlobeKeyExtension: GlobeKeyExtension.maybeDisableLanguageSwitchKeyPref():200 maybeDisableLanguageSwitchKeyPref hasGlobeKeyBeenDisabled: false, shouldDisableLanguageSwitchKey: false
10-23 15:52:35.303  5589  5589 I NewLanguagePromptExtension: NewLanguagePromptExtension$1.onKeyboardViewShown():88 Not show new language banner: not prime keyboard, or the extension not activated.
10-23 15:52:35.311  9275 13471 W anqe    : Failed to retrieve prediction data. [CONTEXT service_id=177 ]
10-23 15:52:35.311  9275 13471 W anqe    : java.util.concurrent.ExecutionException: fnpd: No active MDD filegroup android-autofill-infinitedata found for the table autofill-domain-predictions-prod-spanner.
10-23 15:52:35.311  9275 13471 W anqe    : 	at gpkb.j(:com.google.android.gms@254031035@25.40.31 (260400-816341114):21)
10-23 15:52:35.311  9275 13471 W anqe    : 	at gpkk.v(:com.google.android.gms@254031035@25.40.31 (260400-816341114):31)
10-23 15:52:35.311  9275 13471 W anqe    : 	at gpkb.get(:com.google.android.gms@254031035@25.40.31 (260400-816341114):2)
10-23 15:52:35.311  9275 13471 W anqe    : 	at anqe.e(:com.google.android.gms@254031035@25.40.31 (260400-816341114):81)
10-23 15:52:35.311  9275 13471 W anqe    : 	at anqe.a(:com.google.android.gms@254031035@25.40.31 (260400-816341114):124)
10-23 15:52:35.311  9275 13471 W anqe    : 	at anno.call(:com.google.android.gms@254031035@25.40.31 (260400-816341114):5)
10-23 15:52:35.311  9275 13471 W anqe    : 	at java.util.concurrent.FutureTask.run(FutureTask.java:317)
10-23 15:52:35.311  9275 13471 W anqe    : 	at bckr.c(:com.google.android.gms@254031035@25.40.31 (260400-816341114):50)
10-23 15:52:35.311  9275 13471 W anqe    : 	at bckr.run(:com.google.android.gms@254031035@25.40.31 (260400-816341114):73)
10-23 15:52:35.311  9275 13471 W anqe    : 	at java.util.concurrent.ThreadPoolExecutor.runWorker(ThreadPoolExecutor.java:1156)
10-23 15:52:35.311  9275 13471 W anqe    : 	at java.util.concurrent.ThreadPoolExecutor$Worker.run(ThreadPoolExecutor.java:651)
10-23 15:52:35.311  9275 13471 W anqe    : 	at bcqi.run(:com.google.android.gms@254031035@25.40.31 (260400-816341114):8)
10-23 15:52:35.311  9275 13471 W anqe    : 	at java.lang.Thread.run(Thread.java:1119)
10-23 15:52:35.311  9275 13471 W anqe    : Caused by: fnpd: No active MDD filegroup android-autofill-infinitedata found for the table autofill-domain-predictions-prod-spanner.
10-23 15:52:35.311  9275 13471 W anqe    : 	at fnpr.a(:com.google.android.gms@254031035@25.40.31 (260400-816341114):13)
10-23 15:52:35.311  9275 13471 W anqe    : 	at gpjr.d(:com.google.android.gms@254031035@25.40.31 (260400-816341114):3)
10-23 15:52:35.311  9275 13471 W anqe    : 	at gpjt.run(:com.google.android.gms@254031035@25.40.31 (260400-816341114):130)
10-23 15:52:35.311  9275 13471 W anqe    : 	at gpma.execute(:com.google.android.gms@254031035@25.40.31 (260400-816341114):1)
10-23 15:52:35.311  9275 13471 W anqe    : 	at gpkb.f(:com.google.android.gms@254031035@25.40.31 (260400-816341114):1)
10-23 15:52:35.311  9275 13471 W anqe    : 	at gpkb.m(:com.google.android.gms@254031035@25.40.31 (260400-816341114):99)
10-23 15:52:35.311  9275 13471 W anqe    : 	at gpkb.r(:com.google.android.gms@254031035@25.40.31 (260400-816341114):17)
10-23 15:52:35.311  9275 13471 W anqe    : 	at gpko.run(:com.google.android.gms@254031035@25.40.31 (260400-816341114):77)
10-23 15:52:35.311  9275 13471 W anqe    : 	at gpma.execute(:com.google.android.gms@254031035@25.40.31 (260400-816341114):1)
10-23 15:52:35.311  9275 13471 W anqe    : 	at gpkb.f(:com.google.android.gms@254031035@25.40.31 (260400-816341114):1)
10-23 15:52:35.311  9275 13471 W anqe    : 	at gpkb.m(:com.google.android.gms@254031035@25.40.31 (260400-816341114):99)
10-23 15:52:35.311  9275 13471 W anqe    : 	at gpkb.t(:com.google.android.gms@254031035@25.40.31 (260400-816341114):26)
10-23 15:52:35.311  9275 13471 W anqe    : 	at gpjr.e(:com.google.android.gms@254031035@25.40.31 (260400-816341114):3)
10-23 15:52:35.311  9275 13471 W anqe    : 	at gpjt.run(:com.google.android.gms@254031035@25.40.31 (260400-816341114):138)
10-23 15:52:35.311  9275 13471 W anqe    : 	at gpma.execute(:com.google.android.gms@254031035@25.40.31 (260400-816341114):1)
10-23 15:52:35.311  9275 13471 W anqe    : 	at gpkb.f(:com.google.android.gms@254031035@25.40.31 (260400-816341114):1)
10-23 15:52:35.311  9275 13471 W anqe    : 	at gpkb.m(:com.google.android.gms@254031035@25.40.31 (260400-816341114):99)
10-23 15:52:35.311  9275 13471 W anqe    : 	at gpkb.r(:com.google.android.gms@254031035@25.40.31 (260400-816341114):17)
10-23 15:52:35.311  9275 13471 W anqe    : 	at gpko.run(:com.google.android.gms@254031035@25.40.31 (260400-816341114):77)
10-23 15:52:35.311  9275 13471 W anqe    : 	at gpma.execute(:com.google.android.gms@254031035@25.40.31 (260400-816341114):1)
10-23 15:52:35.311  9275 13471 W anqe    : 	at gpkb.f(:com.google.android.gms@254031035@25.40.31 (260400-816341114):1)
10-23 15:52:35.311  9275 13471 W anqe    : 	at gpkb.m(:com.google.android.gms@254031035@25.40.31 (260400-816341114):99)
10-23 15:52:35.311  9275 13471 W anqe    : 	at gpkb.t(:com.google.android.gms@254031035@25.40.31 (260400-816341114):26)
10-23 15:52:35.311  9275 13471 W anqe    : 	at gpmx.run(:com.google.android.gms@254031035@25.40.31 (260400-816341114):5)
10-23 15:52:35.311  9275 13471 W anqe    : 	at gpma.execute(:com.google.android.gms@254031035@25.40.31 (260400-816341114):1)
10-23 15:52:35.311  9275 13471 W anqe    : 	at gpkb.f(:com.google.android.gms@254031035@25.40.31 (260400-816341114):1)
10-23 15:52:35.311  9275 13471 W anqe    : 	at gpkb.m(:com.google.android.gms@254031035@25.40.31 (260400-816341114):99)
10-23 15:52:35.311  9275 13471 W anqe    : 	at gpkb.t(:com.google.android.gms@254031035@25.40.31 (260400-816341114):26)
10-23 15:52:35.311  9275 13471 W anqe    : 	at gpkm.e(:com.google.android.gms@254031035@25.40.31 (260400-816341114):3)
10-23 15:52:35.311  9275 13471 W anqe    : 	at gpko.run(:com.google.android.gms@254031035@25.40.31 (260400-816341114):44)
10-23 15:52:35.311  9275 13471 W anqe    : 	at gpod.run(:com.google.android.gms@254031035@25.40.31 (260400-816341114):64)
10-23 15:52:35.311  9275 13471 W anqe    : 	... 6 more
10-23 15:52:35.311  9275 13471 W anqe    : Caused by: flxc: Requested group not found.
10-23 15:52:35.311  9275 13471 W anqe    : 	at flxa.a(:com.google.android.gms@254031035@25.40.31 (260400-816341114):30)
10-23 15:52:35.311  9275 13471 W anqe    : 	at fmce.a(:com.google.android.gms@254031035@25.40.31 (260400-816341114):19)
10-23 15:52:35.311  9275 13471 W anqe    : 	at ghbr.a(:com.google.android.gms@254031035@25.40.31 (260400-816341114):13)
10-23 15:52:35.311  9275 13471 W anqe    : 	at gpkm.d(:com.google.android.gms@254031035@25.40.31 (260400-816341114):3)
10-23 15:52:35.311  9275 13471 W anqe    : 	at gpko.run(:com.google.android.gms@254031035@25.40.31 (260400-816341114):38)
10-23 15:52:35.311  9275 13471 W anqe    : 	... 7 more
10-23 15:52:35.494  5589  5589 W TooltipLifecycleManager: TooltipLifecycleManager.dismissTooltips():153 Tooltip with id SUGGESTION_VIEW_EDU_MINI_DIALOG not found in tooltipManager.
10-23 15:52:35.647  1870  1870 D AutofillSession: Service did not request to wait for delayed fill response.
10-23 15:52:36.489  9275  9342 I FusedLocation: (REDACTED) location delivery to %s blocked - too close
10-23 15:52:36.489  9275  9342 I FusedLocation: (REDACTED) location delivery to %s blocked - too fast
10-23 15:52:36.491  9275  9342 I FusedLocation: (REDACTED) location delivery to %s blocked - too close
10-23 15:52:36.491  9275  9342 I FusedLocation: (REDACTED) location delivery to %s blocked - too close
10-23 15:52:36.492  9275  9342 I FusedLocation: (REDACTED) location delivery to %s blocked - too fast
10-23 15:52:36.492  9275  9342 I FusedLocation: (REDACTED) location delivery to %s blocked - too close
10-23 15:52:36.493  9275  9342 I FusedLocation: (REDACTED) location delivery to %s blocked - too fast
10-23 15:52:36.493  9275  9342 I FusedLocation: (REDACTED) location delivery to %s blocked - too fast
10-23 15:52:38.491  9275  9342 I FusedLocation: (REDACTED) location delivery to %s blocked - too fast
10-23 15:52:38.493 32480  8539 I ReactNativeJS: '📍 [GPS] Live location update:', { lat: '12.748667', lng: '77.829991', accuracy: '2.10m' }
10-23 15:52:38.494  9275  9342 I FusedLocation: (REDACTED) location delivery to %s blocked - too close
10-23 15:52:38.494  9275  9342 I FusedLocation: (REDACTED) location delivery to %s blocked - too fast
10-23 15:52:38.496  9275  9345 W Settings: Setting airplane_mode_on has moved from android.provider.Settings.System to android.provider.Settings.Global, returning read-only value.
10-23 15:52:38.497  9275  9345 W Settings: Setting airplane_mode_on has moved from android.provider.Settings.System to android.provider.Settings.Global, returning read-only value.
10-23 15:52:38.499  9275  9342 I FusedLocation: (REDACTED) location delivery to %s blocked - too fast
10-23 15:52:38.504  9275 12548 W SystemServiceRegistry: No service published for: wifirtt
10-23 15:52:38.625 32480  8539 I ReactNativeJS: '📦 Full response data:', '{\n  "success": true,\n  "customerId": "1",\n  "userId": "e95a4f14-8958-49e9-8ede-d81b82a7ba12",\n  "session": {\n    "access_token": "eyJhbGciOiJIUzI1NiIsImtpZCI6IngvRXB5YUxCdnJGSXNwTE0iLCJ0eXAiOiJKV1QifQ.eyJpc3MiOiJodHRwczovL3dodWJheXBhYm9qb21keWZxeGNmLnN1cGFiYXNlLmNvL2F1dGgvdjEiLCJzdWIiOiJlOTVhNGYxNC04OTU4LTQ5ZTktOGVkZS1kODFiODJhN2JhMTIiLCJhdWQiOiJhdXRoZW50aWNhdGVkIiwiZXhwIjoxNzYxMjE4NTU5LCJpYXQiOjE3NjEyMTQ5NTksImVtYWlsIjoiOTE4NjA4Mzc0OTM1QGExdGF4aS5hcHAiLCJwaG9uZSI6IiIsImFwcF9tZXRhZGF0YSI6eyJwcm92aWRlciI6ImVtYWlsIiwicHJvdmlkZXJzIjpbImVtYWlsIl19LCJ1c2VyX21ldGFkYXRhIjp7ImVtYWlsX3ZlcmlmaWVkIjp0cnVlLCJmdWxsX25hbWUiOiJSaWNjbyIsInBob25lX251bWJlciI6Iis5MTg2MDgzNzQ5MzUifSwicm9sZSI6ImF1dGhlbnRpY2F0ZWQiLCJhYWwiOiJhYWwxIiwiYW1yIjpbeyJtZXRob2QiOiJvdHAiLCJ0aW1lc3RhbXAiOjE3NjEyMTQ5NTl9XSwic2Vzc2lvbl9pZCI6IjdiOTRlNzEwLWU5MGItNGE4Ni1iZWRhLTE5Mzc3OTFjN2MyYyIsImlzX2Fub255bW91cyI6ZmFsc2V9.YjXCGf-mdbosSwk4dS2nes6_bhYashgi00trItETJIk",\n    "refresh_token": "sy2bvcmwwjjm",\n    "expires_in": 3600,\n    "expires_at": 1761218559,\n    "token_type": "bearer",\n    "user": {\n      "id": "e95a4f14-8958-49e9-8ede-d81b82a7ba12",\n      "aud": "authenticated",\n      "role": "authenticated",\n      "email": "918608374935@a1taxi.app",\n      "email_confirmed_at": "2025-10-10T18:50:59.835507Z",\n      "phone": "",\n      "confirmed_at": "2025-10-10T18:50:59.835507Z",\n      "recovery_sent_at": "2025-10-23T10:22:38.795278Z",\n      "last_sign_in_at": "2025-10-23T10:22:39.014649471Z",\n      "app_metadata": {\n        "provider": "email",\n        "providers": [\n          "email"\n        ]\n      },\n      "user_metadata": {\n        "email_verified": true,\n        "full_name": "Ricco",\n        "phone_number": "+918608374935"\n      },\n      "identities": [\n        {\n          "identity_id": "43785572-7543-40c4-8eef-853beacc688b",\n          "id": "e95a4f14-8958-49e9-8ede-d81b82a7ba12",\n          "user_id": "e95a4f14-8958-49e9-8ede-d81b82a7ba12",\n          "identity_data": {\n            "email": "918608374935@a1taxi.app",\n            "email_verified": false,\n            "phone_verified": false,\n            "sub": "e95a4f14-8958-49e9-8ede-d81b82a7ba12"\n          },\n          "provider": "email",\n          "last_sign_in_at": "2025-10-10T18:50:59.818589Z",\n          "created_at": "2025-10-10T18:50:59.818651Z",\n          "updated_at": "2025-10-10T18:50:59.818651Z",\n          "email": "918608374935@a1taxi.app"\n        }\n      ],\n      "created_at": "2025-10-10T18:50:59.778879Z",\n      "updated_at": "2025-10-23T10:22:39.029752Z",\n      "is_anonymous": false\n    }\n  },\n  "user": {\n    "id": "e95a4f14-8958-49e9-8ede-d81b82a7ba12",\n    "email": "918608374935@a1taxi.app",\n    "phone": "",\n    "user_metadata": {\n      "email_verified": true,\n      "full_name": "Ricco",\n      "phone_number": "+918608374935"\n    }\n  }\n}'
10-23 15:52:38.626 32480  8539 I ReactNativeJS: '✅ OTP verified, user ID (UUID):', 'e95a4f14-8958-49e9-8ede-d81b82a7ba12'
10-23 15:52:38.626 32480  8539 I ReactNativeJS: '✅ Customer ID (integer):', '1'
10-23 15:52:38.627 32480  8539 I ReactNativeJS: '✅ Session received:', '{\n  "access_token": "eyJhbGciOiJIUzI1NiIsImtpZCI6IngvRXB5YUxCdnJGSXNwTE0iLCJ0eXAiOiJKV1QifQ.eyJpc3MiOiJodHRwczovL3dodWJheXBhYm9qb21keWZxeGNmLnN1cGFiYXNlLmNvL2F1dGgvdjEiLCJzdWIiOiJlOTVhNGYxNC04OTU4LTQ5ZTktOGVkZS1kODFiODJhN2JhMTIiLCJhdWQiOiJhdXRoZW50aWNhdGVkIiwiZXhwIjoxNzYxMjE4NTU5LCJpYXQiOjE3NjEyMTQ5NTksImVtYWlsIjoiOTE4NjA4Mzc0OTM1QGExdGF4aS5hcHAiLCJwaG9uZSI6IiIsImFwcF9tZXRhZGF0YSI6eyJwcm92aWRlciI6ImVtYWlsIiwicHJvdmlkZXJzIjpbImVtYWlsIl19LCJ1c2VyX21ldGFkYXRhIjp7ImVtYWlsX3ZlcmlmaWVkIjp0cnVlLCJmdWxsX25hbWUiOiJSaWNjbyIsInBob25lX251bWJlciI6Iis5MTg2MDgzNzQ5MzUifSwicm9sZSI6ImF1dGhlbnRpY2F0ZWQiLCJhYWwiOiJhYWwxIiwiYW1yIjpbeyJtZXRob2QiOiJvdHAiLCJ0aW1lc3RhbXAiOjE3NjEyMTQ5NTl9XSwic2Vzc2lvbl9pZCI6IjdiOTRlNzEwLWU5MGItNGE4Ni1iZWRhLTE5Mzc3OTFjN2MyYyIsImlzX2Fub255bW91cyI6ZmFsc2V9.YjXCGf-mdbosSwk4dS2nes6_bhYashgi00trItETJIk",\n  "refresh_token": "sy2bvcmwwjjm",\n  "expires_in": 3600,\n  "expires_at": 1761218559,\n  "token_type": "bearer",\n  "user": {\n    "id": "e95a4f14-8958-49e9-8ede-d81b82a7ba12",\n    "aud": "authenticated",\n    "role": "authenticated",\n    "email": "918608374935@a1taxi.app",\n    "email_confirmed_at": "2025-10-10T18:50:59.835507Z",\n    "phone": "",\n    "confirmed_at": "2025-10-10T18:50:59.835507Z",\n    "recovery_sent_at": "2025-10-23T10:22:38.795278Z",\n    "last_sign_in_at": "2025-10-23T10:22:39.014649471Z",\n    "app_metadata": {\n      "provider": "email",\n      "providers": [\n        "email"\n      ]\n    },\n    "user_metadata": {\n      "email_verified": true,\n      "full_name": "Ricco",\n      "phone_number": "+918608374935"\n    },\n    "identities": [\n      {\n        "identity_id": "43785572-7543-40c4-8eef-853beacc688b",\n        "id": "e95a4f14-8958-49e9-8ede-d81b82a7ba12",\n        "user_id": "e95a4f14-8958-49e9-8ede-d81b82a7ba12",\n        "identity_data": {\n          "email": "918608374935@a1taxi.app",\n          "email_verified": false,\n          "phone_verified": false,\n          "sub": "e95a4f14-8958-49e9-8ede-d81b82a7ba12"\n        },\n        "provider": "email",\n        "last_sign_in_at": "2025-10-10T18:50:59.818589Z",\n        "created_at": "2025-10-10T18:50:59.818651Z",\n        "updated_at": "2025-10-10T18:50:59.818651Z",\n        "email": "918608374935@a1taxi.app"\n      }\n    ],\n    "created_at": "2025-10-10T18:50:59.778879Z",\n    "updated_at": "2025-10-23T10:22:39.029752Z",\n    "is_anonymous": false\n  }\n}'
10-23 15:52:38.627 32480  8539 I ReactNativeJS: 🔐 Setting Supabase session...
10-23 15:52:38.879 32480  8539 I ReactNativeJS: '✅ Supabase session set successfully:', { userId: 'e95a4f14-8958-49e9-8ede-d81b82a7ba12',
10-23 15:52:38.879 32480  8539 I ReactNativeJS:   email: '918608374935@a1taxi.app',
10-23 15:52:38.879 32480  8539 I ReactNativeJS:   expiresAt: '2025-10-23T11:22:39.000Z' }
10-23 15:52:38.880 32480  8539 I ReactNativeJS: '🔍 AuthNavigator - checking auth state:', { user: true,
10-23 15:52:38.880 32480  8539 I ReactNativeJS:   loading: false,
10-23 15:52:38.880 32480  8539 I ReactNativeJS:   segments: 'auth/verify-otp',
10-23 15:52:38.880 32480  8539 I ReactNativeJS:   userEmail: '918608374935@a1taxi.app',
10-23 15:52:38.880 32480  8539 I ReactNativeJS:   userRole: 'customer' }
10-23 15:52:38.880 32480  8539 I ReactNativeJS: 🔐 User on verify-otp screen, skipping navigation
10-23 15:52:38.890 32480  8539 I ReactNativeJS: ✅ AsyncStorage data saved
10-23 15:52:38.891 32480  8539 I ReactNativeJS: '✅ Setting authenticated user in context with UUID:', 'e95a4f14-8958-49e9-8ede-d81b82a7ba12'
10-23 15:52:38.891 32480  8539 I ReactNativeJS: '✅ Setting authenticated user in context:', { id: 'e95a4f14-8958-49e9-8ede-d81b82a7ba12',
10-23 15:52:38.891 32480  8539 I ReactNativeJS:   email: '918608374935@a1taxi.app',
10-23 15:52:38.891 32480  8539 I ReactNativeJS:   full_name: 'Ricco',
10-23 15:52:38.891 32480  8539 I ReactNativeJS:   phone_number: '+918608374935',
10-23 15:52:38.891 32480  8539 I ReactNativeJS:   role: 'customer',
10-23 15:52:38.891 32480  8539 I ReactNativeJS:   customer_id: 'e95a4f14-8958-49e9-8ede-d81b82a7ba12' }
10-23 15:52:38.903 32480  8539 I ReactNativeJS: ✅ Customer data saved, navigating to home...
10-23 15:52:38.904 32480  8539 I ReactNativeJS: '🔍 AuthNavigator - checking auth state:', { user: true,
10-23 15:52:38.904 32480  8539 I ReactNativeJS:   loading: false,
10-23 15:52:38.904 32480  8539 I ReactNativeJS:   segments: 'auth/verify-otp',
10-23 15:52:38.904 32480  8539 I ReactNativeJS:   userEmail: '918608374935@a1taxi.app',
10-23 15:52:38.904 32480  8539 I ReactNativeJS:   userRole: 'customer' }
10-23 15:52:38.904 32480  8539 I ReactNativeJS: 🔐 User on verify-otp screen, skipping navigation
10-23 15:52:38.919 13182 13285 W WM-Processor: Didn't find WorkSpec for id WorkGenerationalId(workSpecId=8dc6e09b-50ab-4e06-b95d-d2910177aeac, generation=0)
10-23 15:52:39.029 32480  8539 W ReactNativeJS: '🎯 [TRIP_NOTIFICATION] Component render, notifications count:', 0
10-23 15:52:39.029 32480  8539 W ReactNativeJS: '🎯 [TRIP_NOTIFICATION] Notifications:', '[]'
10-23 15:52:39.029 32480  8539 I ReactNativeJS: '🔍 [TRIP_NOTIFICATION] Component render - visible:', false, 'notification:', false
10-23 15:52:39.046 32480  8539 I ReactNativeJS: '🎯 [useRideNotifications] useEffect triggered, user ID:', 'e95a4f14-8958-49e9-8ede-d81b82a7ba12'
10-23 15:52:39.046 32480  8539 I ReactNativeJS: 🔍 [NOTIFICATIONS] ===== FETCHING NOTIFICATIONS =====
10-23 15:52:39.046 32480  8539 I ReactNativeJS: '🔍 [NOTIFICATIONS] User ID:', 'e95a4f14-8958-49e9-8ede-d81b82a7ba12'
10-23 15:52:39.046 32480  8539 I ReactNativeJS: '🔍 [NOTIFICATIONS] Timestamp:', '2025-10-23T10:22:39.046Z'
10-23 15:52:39.049 32480  8539 I ReactNativeJS: 🔔 [BANNER_DEBUG] ===== NOTIFICATION BANNER EFFECT =====
10-23 15:52:39.049 32480  8539 I ReactNativeJS: '🔔 [BANNER_DEBUG] Banner summary:', { totalNotifications: 0,
10-23 15:52:39.049 32480  8539 I ReactNativeJS:   currentlyVisible: false,
10-23 15:52:39.049 32480  8539 I ReactNativeJS:   currentNotification: undefined,
10-23 15:52:39.049 32480  8539 I ReactNativeJS:   shownNotificationsCount: 0,
10-23 15:52:39.049 32480  8539 I ReactNativeJS:   tripCompletedNotifications: 0,
10-23 15:52:39.049 32480  8539 I ReactNativeJS:   unreadTripCompleted: 0 }
10-23 15:52:39.049 32480  8539 I ReactNativeJS: 📱 [BANNER_DEBUG] ===== BANNER DISPLAY DECISION =====
10-23 15:52:39.049 32480  8539 I ReactNativeJS: '🎯 [useRideNotifications] useEffect triggered, user ID:', 'e95a4f14-8958-49e9-8ede-d81b82a7ba12'
10-23 15:52:39.049 32480  8539 I ReactNativeJS: 🔍 [NOTIFICATIONS] ===== FETCHING NOTIFICATIONS =====
10-23 15:52:39.049 32480  8539 I ReactNativeJS: '🔍 [NOTIFICATIONS] User ID:', 'e95a4f14-8958-49e9-8ede-d81b82a7ba12'
10-23 15:52:39.049 32480  8539 I ReactNativeJS: '🔍 [NOTIFICATIONS] Timestamp:', '2025-10-23T10:22:39.049Z'
10-23 15:52:39.050 32480  8539 W ReactNativeJS: 🎯 [TRIP_NOTIFICATION] ===== useEffect TRIGGERED - CHECKING FOR COMPLETION NOTIFICATIONS =====
10-23 15:52:39.050 32480  8539 W ReactNativeJS: '🎯 [TRIP_NOTIFICATION] Notifications array length:', 0
10-23 15:52:39.050 32480  8539 W ReactNativeJS: '🎯 [TRIP_NOTIFICATION] Total notifications received:', 0
10-23 15:52:39.050 32480  8539 W ReactNativeJS: '🎯 [TRIP_NOTIFICATION] Notification types:', '[]'
10-23 15:52:39.050 32480  8539 W ReactNativeJS: '🎯 [TRIP_NOTIFICATION] ride_completed count:', 0
10-23 15:52:39.050 32480  8539 W ReactNativeJS: '🎯 [TRIP_NOTIFICATION] Unread ride_completed:', 0
10-23 15:52:39.050 32480  8539 W ReactNativeJS: '🎯 [TRIP_NOTIFICATION] Already shown count:', 0
10-23 15:52:39.050 32480  8539 W ReactNativeJS: '🎯 [TRIP_NOTIFICATION] Currently visible:', false
10-23 15:52:39.050 32480  8539 W ReactNativeJS: '🎯 [TRIP_NOTIFICATION] Filtered completion notifications:', 0
10-23 15:52:39.050 32480  8539 I ReactNativeJS: '🎯 [useRideNotifications] useEffect triggered, user ID:', 'e95a4f14-8958-49e9-8ede-d81b82a7ba12'
10-23 15:52:39.051 32480  8539 I ReactNativeJS: 🔍 [NOTIFICATIONS] ===== FETCHING NOTIFICATIONS =====
10-23 15:52:39.051 32480  8539 I ReactNativeJS: '🔍 [NOTIFICATIONS] User ID:', 'e95a4f14-8958-49e9-8ede-d81b82a7ba12'
10-23 15:52:39.051 32480  8539 I ReactNativeJS: '🔍 [NOTIFICATIONS] Timestamp:', '2025-10-23T10:22:39.051Z'
10-23 15:52:39.052 32480  8539 I ReactNativeJS: 📱 Requesting location permission on app start for all platforms...
10-23 15:52:39.052 32480  8539 I ReactNativeJS: '📱 Current platform:', 'android'
10-23 15:52:39.052 32480  8539 I ReactNativeJS: '🔍 Requesting location permission for platform:', 'android'
10-23 15:52:39.052 32480  8539 I ReactNativeJS: 📱 Requesting Android location permissions...
10-23 15:52:39.053 32480  8539 I ReactNativeJS: 📊 Loading all vehicle configs from fare_matrix table for booking_type=regular
10-23 15:52:39.054 32480  8539 I ReactNativeJS: 🗺️ Fetching active zones from database...
10-23 15:52:39.055 32480  8539 I ReactNativeJS: 📊 [HOME] ===== AVAILABLE DRIVERS STATE CHANGED =====
10-23 15:52:39.055 32480  8539 I ReactNativeJS: '📊 [HOME] availableDrivers state update:', { count: 0,
10-23 15:52:39.055 32480  8539 I ReactNativeJS:   showDriversOnMap: true,
10-23 15:52:39.055 32480  8539 I ReactNativeJS:   driversPassedToMap: 0,
10-23 15:52:39.055 32480  8539 I ReactNativeJS:   drivers: [] }
10-23 15:52:39.055 32480  8539 I ReactNativeJS: 🗺️ [HOME] No drivers to pass to map (availableDrivers is empty)
10-23 15:52:39.062 32480  8539 I ReactNativeJS: '🔍 AuthNavigator - checking auth state:', { user: true,
10-23 15:52:39.062 32480  8539 I ReactNativeJS:   loading: false,
10-23 15:52:39.062 32480  8539 I ReactNativeJS:   segments: '(tabs)',
10-23 15:52:39.062 32480  8539 I ReactNativeJS:   userEmail: '918608374935@a1taxi.app',
10-23 15:52:39.062 32480  8539 I ReactNativeJS:   userRole: 'customer' }
10-23 15:52:39.062 32480  8539 I ReactNativeJS: ✅ User authenticated and on correct screen
10-23 15:52:39.063 32480  8539 E ReactNativeJS: 'Error initializing notifications:', { [Error: Make sure to complete the guide at https://docs.expo.dev/push-notifications/fcm-credentials/ : Default FirebaseApp is not initialized in this process com.a1taxi.a1taxicustomer. Make sure to call FirebaseApp.initializeApp(Context) first.] code: 'E_REGISTRATION_FAILED' }
10-23 15:52:39.072 32480  8540 E unknown:ReactNative: console.error: Error initializing notifications: Error: Make sure to complete the guide at https://docs.expo.dev/push-notifications/fcm-credentials/ : Default FirebaseApp is not initialized in this process com.a1taxi.a1taxicustomer. Make sure to call FirebaseApp.initializeApp(Context) first., js engine: hermes, stack:
10-23 15:52:39.072 32480  8540 E unknown:ReactNative: _construct@1:176663
10-23 15:52:39.072 32480  8540 E unknown:ReactNative: Wrapper@1:176317
10-23 15:52:39.072 32480  8540 E unknown:ReactNative: _callSuper@1:174148
10-23 15:52:39.072 32480  8540 E unknown:ReactNative: SyntheticError@1:175804
10-23 15:52:39.072 32480  8540 E unknown:ReactNative: reactConsoleErrorHandler@1:175415
10-23 15:52:39.072 32480  8540 E unknown:ReactNative: ?anon_0_@1:2339037
10-23 15:52:39.072 32480  8540 E unknown:ReactNative: asyncGeneratorStep@1:606390
10-23 15:52:39.072 32480  8540 E unknown:ReactNative: _throw@1:606695
10-23 15:52:39.072 32480  8540 E unknown:ReactNative: anonymous@1:445793
10-23 15:52:39.072 32480  8540 E unknown:ReactNative: _callTimer@1:444778
10-23 15:52:39.072 32480  8540 E unknown:ReactNative: _callReactNativeMicrotasksPass@1:444922
10-23 15:52:39.072 32480  8540 E unknown:ReactNative: callReactNativeMicrotasks@1:446867
10-23 15:52:39.072 32480  8540 E unknown:ReactNative: __callReactNativeMicrotasks@1:167304
10-23 15:52:39.072 32480  8540 E unknown:ReactNative: anonymous@1:166440
10-23 15:52:39.072 32480  8540 E unknown:ReactNative: __guard@1:167178
10-23 15:52:39.072 32480  8540 E unknown:ReactNative: flushedQueue@1:166351
10-23 15:52:39.073 32480  8539 I ReactNativeJS: '📱 Fine location permission result:', 'granted'
10-23 15:52:39.073 32480  8539 I ReactNativeJS: ✅ Android fine location permission granted
10-23 15:52:39.073 32480  8539 I ReactNativeJS: ✅ Location permission granted on mount
10-23 15:52:39.073 32480  8539 I ReactNativeJS: 📍 [HOME] Starting location fetch...
10-23 15:52:39.073 32480  8539 I ReactNativeJS: 🔍 Enhanced Location Service: Getting current location with address...
10-23 15:52:39.073 32480  8539 I ReactNativeJS: '🔍 Platform:', 'android'
10-23 15:52:39.073 32480  8539 I ReactNativeJS: 📍 Enhanced Location Service: Starting location detection...
10-23 15:52:39.073 32480  8539 I ReactNativeJS: '🌍 Platform:', 'android'
10-23 15:52:39.073 32480  8539 I ReactNativeJS: ✅ Enhanced Location Service: Permission granted, attempting detection...
10-23 15:52:39.074 32480  8539 I ReactNativeJS: 🎯 Enhanced Location Service: Attempting high accuracy GPS...
10-23 15:52:39.074 32480  8539 I ReactNativeJS: 📱 Using Expo Location for high accuracy...
10-23 15:52:39.080 32480 32480 I ImeTracker: com.a1taxi.a1taxicustomer:826c7191: onRequestHide at ORIGIN_CLIENT reason HIDE_SOFT_INPUT fromUser false
10-23 15:52:39.083 32480 32480 W [RNScreens]: topInsetEnabled prop is not available on Android
10-23 15:52:39.083  5589  5589 I GoogleInputMethodService: GoogleInputMethodService.onFinishInputView():1571 onFinishInputView(false)
10-23 15:52:39.083  5589  5589 I GlobeKeyExtension: GlobeKeyExtension.onDeactivate():144 
10-23 15:52:39.084  5589  5589 W TooltipLifecycleManager: TooltipLifecycleManager.dismissTooltips():153 Tooltip with id SUGGESTION_VIEW_EDU_MINI_DIALOG not found in tooltipManager.
10-23 15:52:39.084  5589  5589 I VoiceInputManagerWrapper: VoiceInputManagerWrapper.shutdown():131 shutdown()
10-23 15:52:39.085  5589  5589 W TooltipLifecycleManager: TooltipLifecycleManager.dismissTooltips():153 Tooltip with id spell_check_add_to_dictionary not found in tooltipManager.
10-23 15:52:39.088  5589  5589 W TooltipLifecycleManager: TooltipLifecycleManager.dismissTooltips():153 Tooltip with id undo_access_point_promotion_banner not found in tooltipManager.
10-23 15:52:39.099  5589  5589 I KeyboardModeUtils: KeyboardModeUtils.getKeyboardBottomOffset():435 inch: 0.000000 ydpi: 387.429993 adjustKeyboardBottomByDisplaySize: false currentDensityDpi: 440 defaultDensityDpi: 440 keyboardBottomToScreenPx: 0 keyboardBottomToNavBarPx: -116 navBarHeight: 116
10-23 15:52:39.099  5589  5589 I KeyboardHeightUtil: KeyboardHeightUtil.calculateMaxKeyboardBodyHeight():50 leave 267 height for app when ime window height:2171, header height:121 and isFullscreenMode:false, so the max keyboard body height is:1783
10-23 15:52:39.099  5589  5589 I KeyboardHeightUtil: KeyboardHeightUtil.calculateMaxKeyboardBodyHeight():50 leave 267 height for app when ime window height:2171, header height:121 and isFullscreenMode:false, so the max keyboard body height is:1783
10-23 15:52:39.099  5589  5589 I AndroidIME: KeyboardViewManager.updateKeyboardBodyViewHolderPaddingBottom():472 Set finalPaddingBottom = 5 while holderPaddingBottom = 5; navigationHeight = 116
10-23 15:52:39.123 32480 32480 D InsetsController: hide(ime(), fromIme=true)
10-23 15:52:39.133 32480  8539 I ReactNativeJS: '✅ Enhanced Location Service: High accuracy location obtained:', { lat: 12.7486666,
10-23 15:52:39.133 32480  8539 I ReactNativeJS:   lng: 77.8299906,
10-23 15:52:39.133 32480  8539 I ReactNativeJS:   accuracy: '2.0999999046325684m' }
10-23 15:52:39.133 32480  8539 I ReactNativeJS: '📍 Enhanced Location Service: Got location:', { latitude: 12.7486666,
10-23 15:52:39.133 32480  8539 I ReactNativeJS:   longitude: 77.8299906,
10-23 15:52:39.133 32480  8539 I ReactNativeJS:   accuracy: 2.0999999046325684 }
10-23 15:52:39.133 32480  8539 I ReactNativeJS: 🗺️ Enhanced Location Service: Starting reverse geocoding...
10-23 15:52:39.134 32480  8539 I ReactNativeJS: '🗺️ Reverse geocoding coordinates:', { latitude: 12.7486666, longitude: 77.8299906 }
10-23 15:52:39.134 32480  8539 I ReactNativeJS: '🏠 Reverse geocoding:', { lat: 12.7486666, lng: 77.8299906 }
10-23 15:52:39.134 32480  8539 I ReactNativeJS: '🌐 Making proxy request to:', 'https://whubaypabojomdyfqxcf.supabase.co/functions/v1/places-proxy/geocode?latlng=12.7486666%2C77.8299906'
10-23 15:52:39.333 32480 32480 I ImeTracker: com.a1taxi.a1taxicustomer:b26e9429: onRequestHide at ORIGIN_CLIENT reason HIDE_SOFT_INPUT_ON_ANIMATION_STATE_CHANGED fromUser false
10-23 15:52:39.335 32480 32480 I ImeTracker: com.a1taxi.a1taxicustomer:826c7191: onHidden
10-23 15:52:39.420 32480  8539 I ReactNativeJS: 🔍 [NOTIFICATIONS] ===== DATABASE QUERY RESULT =====
10-23 15:52:39.422 32480  8539 I ReactNativeJS: '🔍 [NOTIFICATIONS] Query result:', { hasError: false,
10-23 15:52:39.422 32480  8539 I ReactNativeJS:   errorMessage: undefined,
10-23 15:52:39.422 32480  8539 I ReactNativeJS:   errorCode: undefined,
10-23 15:52:39.422 32480  8539 I ReactNativeJS:   errorDetails: undefined,
10-23 15:52:39.422 32480  8539 I ReactNativeJS:   dataCount: 50,
10-23 15:52:39.422 32480  8539 I ReactNativeJS:   tripCompletedCount: 0,
10-23 15:52:39.422 32480  8539 I ReactNativeJS:   unreadTripCompletedCount: 0,
10-23 15:52:39.422 32480  8539 I ReactNativeJS:   allTypes: 
10-23 15:52:39.422 32480  8539 I ReactNativeJS:    [ 'ride_status_changed',
10-23 15:52:39.422 32480  8539 I ReactNativeJS:      'booking_completed',
10-23 15:52:39.422 32480  8539 I ReactNativeJS:      'ride_completed',
10-23 15:52:39.422 32480  8539 I ReactNativeJS:      'ride_cancelled' ],
10-23 15:52:39.422 32480  8539 I ReactNativeJS:   recentNotifications: 
10-23 15:52:39.422 32480  8539 I ReactNativeJS:    [ { id: 'd29bae80-10e7-4d05-99d5-8dc43f61d814',
10-23 15:52:39.422 32480  8539 I ReactNativeJS:        type: 'ride_status_changed',
10-23 15:52:39.422 32480  8539 I ReactNativeJS:        status: 'read',
10-23 15:52:39.422 32480  8539 I ReactNativeJS:        title: 'Ride Status Updated',
10-23 15:52:39.422 32480  8539 I ReactNativeJS:        created_at: '2025-10-23T09:32:12.72675+00:00',
10-23 15:52:39.422 32480  8539 I ReactNativeJS:        age_seconds: 3027 },
10-23 15:52:39.422 32480  8539 I ReactNativeJS:      { id: 'd7d8686d-95ee-4ce0-97da-ed89564b014b',
10-23 15:52:39.422 32480  8539 I ReactNativeJS:        type: 'ride_status_changed',
10-23 15:52:39.422 32480  8539 I ReactNativeJS:        status: 'read',
10-23 15:52:39.422 32480  8539 I ReactNativeJS:        title: 'Ride Status Updated',
10-23 15:52:39.422 32480  8539 I ReactNativeJS:        created_at: '2025-10-22T16:15:02.132823+00:00',
10-23 15:52:39.422 32480  8539 I ReactNativeJS:        age_seconds: 65257 },
10-23 15:52:39.422 32480  8539 I ReactNativeJS:      { id: '755a6269-1daf-4327-ab71-f65e3700bf1a',
10-23 15:52:39.422 32480  8539 I ReactNativeJS:        type: 'ride_status_changed',
10-23 15:52:39.422 32480  8539 I ReactNativeJS:        status: 'read',
10-23 15:52:39.422 32480  8539 I ReactNativeJS:        title: 'Ride Status Updated',
10-23 15:52:39.422 32480  8539 I ReactNativeJS:        created_at: '2025-10-22T16:14:47.502674+00:00',
10-23 15:52:39.422 32480  8539 I ReactNativeJS:        age_seconds: 65272 },
10-23 15:52:39.422 32480  8539 I ReactNativeJS:      { id: '500d07b9-07ca-40df-9d4a-3efcf677a117',
10-23 15:52:39.422 32480  8539 I ReactNativeJS:        type: 'ride_status_changed',
10-23 15:52:39.422 32480  8539 I ReactNativeJS:        status: 'read',
10-23 15:52:39.422 32480  8539 I ReactNativeJS:        title: 'Ride Status Updated',
10-23 15:52:39.422 32480  8539 I ReactNativeJS:        created_at: '2025-10-22T16:14:42.51152+00:00',
10-23 15:52:39.422 32480  8539 I ReactNativeJS:        age_seconds: 65277 },
10-23 15:52:39.422 32480  8539 I ReactNativeJS:      { id: 'df4552cd-e9bc-4e40-a8a0-1270b37737db',
10-23 15:52:39.422 32480  8539 I ReactNativeJS:        type: 'booking_completed',
