10-19 23:36:21.210 21104 21184 I FusedLocation: (REDACTED) location delivery to %s blocked - too close
10-19 23:36:21.210 30493 30514 W AppInitScheduler|Schedule: Schedule 324:ReliabilityInitConfigureErrorReportingOnProcess, deps=null (0 pending tasks)
10-19 23:36:21.210 21104 21184 I FusedLocation: (REDACTED) location delivery to %s blocked - too fast
10-19 23:36:21.210 30493 30514 W AppInitScheduler|Schedule:   Executing 324:ReliabilityInitConfigureErrorReportingOnProcess
10-19 23:36:21.211 21104 21184 I FusedLocation: (REDACTED) location delivery to %s blocked - too close
10-19 23:36:21.212 21104 21184 I FusedLocation: (REDACTED) location delivery to %s blocked - too fast
10-19 23:36:21.212 30493 30516 W AppInitScheduler|Run: DeadlockMonitor active...
10-19 23:36:21.213 30493 30514 W AppInitScheduler|Schedule: Schedule 186:InitSharedLibraries, deps=null (1 pending tasks)
10-19 23:36:21.213 30493 30514 W AppInitScheduler|Schedule:   Executing 186:InitSharedLibraries
10-19 23:36:21.213 21104 21184 I FusedLocation: (REDACTED) location delivery to %s blocked - too fast
10-19 23:36:21.213 30493 30517 W AppInitScheduler|Run: Running ReliabilityInitConfigureErrorReportingOnProcess [*]
10-19 23:36:21.213 30493 30514 W AppInitScheduler|Schedule: Schedule 202:LoadLibDexLoad, deps=[186, 324] (2 pending tasks)
10-19 23:36:21.213 30493 30519 W AppInitScheduler|Run: Running InitSharedLibraries [*]
10-19 23:36:21.215 30493 30520 W InitStatus: Blocking Provider (18105825)
10-19 23:36:21.217 30493 30514 W AppInitScheduler|Schedule: Schedule 338:SetupFbGlog, deps=[202] (3 pending tasks)
10-19 23:36:21.217 30493 30514 W AppInitScheduler|Schedule: Schedule 108:DisableRuntimeVerification, deps=[338] (4 pending tasks)
10-19 23:36:21.217 30493 30514 W AppInitScheduler|Schedule: Schedule 143:GeneratePerfStats, deps=[186] (5 pending tasks)
10-19 23:36:21.217 30493 30514 W AppInitScheduler|Schedule: Schedule 169:InitLacrimaEarlyNative, deps=[108] (6 pending tasks)
10-19 23:36:21.217 30493 30514 W AppInitScheduler|Schedule: Schedule 200:LoadDexes, deps=[108] (7 pending tasks)
10-19 23:36:21.217 30493 30514 W AppInitScheduler|Schedule: Schedule 194:IsolatedLongtailAppInit, deps=[200] (8 pending tasks)
10-19 23:36:21.217 30493 30514 W AppInitScheduler|Schedule: Schedule 209:MaybeTraceColdStart, deps=[108] (9 pending tasks)
10-19 23:36:21.217 30493 30514 W AppInitScheduler|Schedule: Schedule 203:LoadVoltronModules, deps=[169, 194, 209] (10 pending tasks)
10-19 23:36:21.217 30493 30514 W AppInitScheduler|Schedule: Schedule 103:CreateApplicationImpl, deps=[143, 203] (11 pending tasks)
10-19 23:36:21.217 30493 30514 W AppInitScheduler|Schedule: Schedule 193:InitUltralight, deps=[203] (12 pending tasks)
10-19 23:36:21.217 30493 30514 W AppInitScheduler|Schedule: Schedule 328:RunOnApplicationInit, deps=[203] (13 pending tasks)
10-19 23:36:21.217 30493 30514 W AppInitScheduler|Schedule: Schedule 0:AddMainDexStoreInfoToReliabilityLogging, deps=[200] (14 pending tasks)
10-19 23:36:21.217 30493 30514 W AppInitScheduler|Schedule: Schedule 157:InitClassFailureStapler, deps=[186] (15 pending tasks)
10-19 23:36:21.217 30493 30514 W AppInitScheduler|Schedule: Schedule 158:InitClassTracing, deps=[338] (16 pending tasks)
10-19 23:36:21.217 30493 30514 W AppInitScheduler|Schedule: Schedule 159:InitCrashLoopMitigation, deps=[202] (17 pending tasks)
10-19 23:36:21.217 30493 30514 W AppInitScheduler|Schedule: Schedule 161:InitDeadResourceDetection, deps=[202] (18 pending tasks)
10-19 23:36:21.217 30493 30514 W AppInitScheduler|Schedule: Schedule 174:InitMemoryTracer, deps=[158] (19 pending tasks)
10-19 23:36:21.217 30493 30514 W AppInitScheduler|Schedule: Schedule 176:InitMultiProcessTracker, deps=null (20 pending tasks)
10-19 23:36:21.218 30493 30519 W SoLoader: Initializing SoLoader: 2
10-19 23:36:21.218 30493 30514 W AppInitScheduler|Schedule:   Executing 176:InitMultiProcessTracker
10-19 23:36:21.218 30493 30519 W SoLoader: Recording new base apk path: /data/app/~~z9QHMMpT00p8GFMqW8f-Hw==/com.facebook.katana-K-7lwE2QAuzqwRpKXnqyJA==/base.apk
10-19 23:36:21.218 30493 30519 W SoLoader: Previously recorded 0 base apk paths.
10-19 23:36:21.218 30493 30514 W AppInitScheduler|Schedule: Schedule 177:InitOxygenCrashReporter, deps=[186] (21 pending tasks)
10-19 23:36:21.218 30493 30514 W AppInitScheduler|Schedule: Schedule 201:LoadLibColdStart, deps=[169, 209] (22 pending tasks)
10-19 23:36:21.218 30493 30514 W AppInitScheduler|Schedule: Schedule 230:MprotectCode, deps=[200] (23 pending tasks)
10-19 23:36:21.218 30493 30514 W AppInitScheduler|Schedule: Schedule 306:PreloadStartupLightSharedPreferenceUsages, deps=null (24 pending tasks)
10-19 23:36:21.218 30493 30514 W AppInitScheduler|Schedule:   Executing 306:PreloadStartupLightSharedPreferenceUsages
10-19 23:36:21.218 30493 30514 W OnProcessInitInvoker: Ignored missing AppInit dependency: 133:FixArtDebugging
10-19 23:36:21.218 30493 30523 W AppInitScheduler|Run: Running PreloadStartupLightSharedPreferenceUsages
10-19 23:36:21.218 30493 30522 W AppInitScheduler|Run: Running InitMultiProcessTracker
10-19 23:36:21.219 30493 30522 W AppInitScheduler|Run:   Finished InitMultiProcessTracker in 0ms
10-19 23:36:21.219 30493 30517 W lacrima : FbErrorReportingConfig.earlyInit
10-19 23:36:21.221 30493 30524 W FileBasedMultiProcessTracker: <default>: Initializing FileBasedMultiProcessTracking using /data/user/0/com.facebook.katana/app_multiprocess_tracking
10-19 23:36:21.221 30493 30524 W FileBasedMultiProcessTracker: <default>: Creating file to track 30493
10-19 23:36:21.222 30493 30524 W FileBasedMultiProcessTracker: <default>: FileBasedMultiProcessTracker ready!
10-19 23:36:21.222 30493 30519 W BackupSoSource: adding backup source from split: ExtractFromZipSoSource[/data/app/~~z9QHMMpT00p8GFMqW8f-Hw==/com.facebook.katana-K-7lwE2QAuzqwRpKXnqyJA==/split_heliumcore.apk]
10-19 23:36:21.223 30493 30525 W FileBasedMultiProcessTracker: <default>: Observed removed PID: 28881
10-19 23:36:21.223 30493 30519 W BackupSoSource: adding backup source from split: ExtractFromZipSoSource[/data/app/~~z9QHMMpT00p8GFMqW8f-Hw==/com.facebook.katana-K-7lwE2QAuzqwRpKXnqyJA==/split_heliumiab.apk]
10-19 23:36:21.226 30493 30519 W SoLoader: SoLoader initialized: 2
10-19 23:36:21.231 21104 21184 I fznc    : Received empty WiFi-RTT scan. [CONTEXT service_id=6 ]
10-19 23:36:21.233 30493 30519 W FbSoLoader: Will use precomputed native lib dependencies file, reading directly from the APK using AssetManager false
10-19 23:36:21.234 30493 30519 W SoLoader: Prepending SoSource lib-compressed: SuperpackSoSource[root = /data/data/com.facebook.katana/lib-compressed flags = 1 zipSource = /data/app/~~z9QHMMpT00p8GFMqW8f-Hw==/com.facebook.katana-K-7lwE2QAuzqwRpKXnqyJA==/base.apk compressedPath = assets/lib/libs.spo identity = ]
10-19 23:36:21.238 30493 30519 W FbSoLoader: Initialized FBSoLoader
10-19 23:36:21.238 30493 30519 W AppInitScheduler|Run:   Finished InitSharedLibraries in 24ms
10-19 23:36:21.238 30493 30519 W AppInitScheduler|Schedule:   Executing 143:GeneratePerfStats
10-19 23:36:21.238 30493 30519 W AppInitScheduler|Schedule:   Executing 157:InitClassFailureStapler
10-19 23:36:21.238 30493 30519 W AppInitScheduler|Schedule:   Executing 177:InitOxygenCrashReporter
10-19 23:36:21.239 30493 30530 W AppInitScheduler|Run: Running GeneratePerfStats [*]
10-19 23:36:21.240 30493 30531 W AppInitScheduler|Run: Running InitClassFailureStapler
10-19 23:36:21.240 30493 30531 W AppInitScheduler|Run:   Finished InitClassFailureStapler in 0ms
10-19 23:36:21.241 30493 30532 W AppInitScheduler|Run: Running InitOxygenCrashReporter
10-19 23:36:21.241 30493 30530 W AppInitScheduler|Run:   Finished GeneratePerfStats in 3ms
10-19 23:36:21.242 30493 30532 W AppInitScheduler|Run:   Finished InitOxygenCrashReporter in 2ms
10-19 23:36:21.243 30493 30493 W BackgroundStartupDetector: coldStartMode=DEFINITELY_BACKGROUND
10-19 23:36:21.243 30493 30493 W BackgroundStartupDetector: bgMode=BACKGROUND
10-19 23:36:21.244 30493 30493 W InitStatus: Blocking Service (267550470)
10-19 23:36:21.246 30493 30517 W AppStateLoggerNative: AppStateLoggerNative.initializeNativeCrashReporting not called.
10-19 23:36:21.248 30493 30523 W AppInitScheduler|Run:   Finished PreloadStartupLightSharedPreferenceUsages in 29ms
10-19 23:36:21.251 30493 30517 W lacrima : Start JavaAppDeathCrashDetector... X.0tP
10-19 23:36:21.253 30493 30517 W lacrima : Sending pending reports
10-19 23:36:21.254 30493 30517 W AppInitScheduler|Run:   Finished ReliabilityInitConfigureErrorReportingOnProcess in 41ms
10-19 23:36:21.254 30493 30517 W AppInitScheduler|Schedule:   Executing 202:LoadLibDexLoad
10-19 23:36:21.254 30493 30537 W AppInitScheduler|Run: Running LoadLibDexLoad [*]
10-19 23:36:21.265 30493 30537 D nativeloader: Load /data/app/~~z9QHMMpT00p8GFMqW8f-Hw==/com.facebook.katana-K-7lwE2QAuzqwRpKXnqyJA==/lib/arm64/libbreakpad.so using class loader ns clns-7 (caller=/data/app/~~kc5VfteCjkYTcFsZb3SPAg==/com.facebook.katana-iIPzEy5THLt0CXh1-BQ8FQ==/base.apk): ok
10-19 23:36:21.270 30493 30537 D nativeloader: Load /data/data/com.facebook.katana/lib-compressed/libdexload.so using class loader ns clns-7 (caller=/data/app/~~kc5VfteCjkYTcFsZb3SPAg==/com.facebook.katana-iIPzEy5THLt0CXh1-BQ8FQ==/base.apk): ok
10-19 23:36:21.271 30493 30537 W AppInitScheduler|Run:   Finished LoadLibDexLoad in 17ms
10-19 23:36:21.271 30493 30537 W AppInitScheduler|Schedule:   Executing 338:SetupFbGlog
10-19 23:36:21.271 30493 30537 W AppInitScheduler|Schedule:   Executing 159:InitCrashLoopMitigation
10-19 23:36:21.271 30493 30537 W AppInitScheduler|Schedule:   Executing 161:InitDeadResourceDetection
10-19 23:36:21.271 30493 30537 W AppInitScheduler|Run: Running InitCrashLoopMitigation
10-19 23:36:21.271 30493 30522 W AppInitScheduler|Run: Running InitDeadResourceDetection
10-19 23:36:21.272 30493 30522 W AppInitScheduler|Run:   Finished InitDeadResourceDetection in 0ms
10-19 23:36:21.272 30493 30541 W AppInitScheduler|Run: Running SetupFbGlog [*]
10-19 23:36:21.272 30493 30541 W AppInitScheduler|Run:   Finished SetupFbGlog in 1ms
10-19 23:36:21.272 30493 30541 W AppInitScheduler|Schedule:   Executing 108:DisableRuntimeVerification
10-19 23:36:21.272 30493 30541 W AppInitScheduler|Schedule:   Executing 158:InitClassTracing
10-19 23:36:21.272 30493 30541 W AppInitScheduler|Run: Running DisableRuntimeVerification [*]
10-19 23:36:21.272 30493 30531 W AppInitScheduler|Run: Running InitClassTracing
10-19 23:36:21.273 30493 30537 W dalvik-internals: sigaction64 succeeded
10-19 23:36:21.274 30493 30531 W AppInitScheduler|Run:   Finished InitClassTracing in 2ms
10-19 23:36:21.274 30493 30531 W AppInitScheduler|Schedule:   Executing 174:InitMemoryTracer
10-19 23:36:21.274 30493 30531 W AppInitScheduler|Run: Running InitMemoryTracer
10-19 23:36:21.275 30493 30531 W AppInitScheduler|Run:   Finished InitMemoryTracer in 0ms
10-19 23:36:21.278 30493 30537 D dalvik-internals: SuspendAndroid11: Found all symbols
10-19 23:36:21.278 30493 30537 D dalvik-internals: SuspendAndroid11: Suspending threads.
10-19 23:36:21.290 30493 30541 V v9p     : Not disabled
10-19 23:36:21.291 30493 30537 D dalvik-internals: SuspendAndroid11: Resuming threads.
10-19 23:36:21.291 30493 30537 V dalvik-internals: hooked signal using trap ()
10-19 23:36:21.291 30493 30537 V dalvik-internals: hooked sigaction using trap ()
10-19 23:36:21.291 30493 30537 I dalvik-internals: integrateWithCrashLog crashlog: /data/user/0/com.facebook.katana/crash_log, insta_crashlog: /data/user/0/com.facebook.katana/insta_crash_log
10-19 23:36:21.291 30493 30528 E libEGL  : call to OpenGL ES API with no current context (logged once per thread)
10-19 23:36:21.291 30493 30528 E libEGL  : call to OpenGL ES API with no current context (logged once per thread)
10-19 23:36:21.291 30493 30528 E libEGL  : call to OpenGL ES API with no current context (logged once per thread)
10-19 23:36:21.291 30493 30528 D BufferQueueConsumer: [](id:771d00000000,api:0,p:-1,c:30493) connect: controlledByApp=true
10-19 23:36:21.292 30493 30541 I rtvip   : done
10-19 23:36:21.292 30493 30541 W AppInitScheduler|Run:   Finished DisableRuntimeVerification in 19ms
10-19 23:36:21.292 30493 30541 W AppInitScheduler|Schedule:   Executing 169:InitLacrimaEarlyNative
10-19 23:36:21.292 30493 30541 W AppInitScheduler|Schedule:   Executing 200:LoadDexes
10-19 23:36:21.292 30493 30541 W AppInitScheduler|Schedule:   Executing 209:MaybeTraceColdStart
10-19 23:36:21.292 30493 30541 W AppInitScheduler|Run: Running InitLacrimaEarlyNative [*]
10-19 23:36:21.292 30493 30537 I dalvik-internals: installed sigmux crash handler for crash log
10-19 23:36:21.292 30493 30523 W AppInitScheduler|Run: Running LoadDexes [*]
10-19 23:36:21.292 30493 30537 W AppInitScheduler|Run:   Finished InitCrashLoopMitigation in 20ms
10-19 23:36:21.292 30493 30537 W AppInitScheduler|Run: Running MaybeTraceColdStart [*]
10-19 23:36:21.292 30493 30523 W DexTricksAppInit: Skipping dex loading.
10-19 23:36:21.292 30493 30523 W DexTricksAppInit: MultiDexClassLoaderLight: false
10-19 23:36:21.292 30493 30523 W DexTricksAppInit: ReflectionClassLoader: true
10-19 23:36:21.292 30493 30523 W AppInitScheduler|Run:   Finished LoadDexes in 1ms
10-19 23:36:21.292 30493 30523 W AppInitScheduler|Schedule:   Executing 194:IsolatedLongtailAppInit
10-19 23:36:21.292 30493 30523 W AppInitScheduler|Schedule:   Executing 0:AddMainDexStoreInfoToReliabilityLogging
10-19 23:36:21.292 30493 30523 W AppInitScheduler|Schedule:   Executing 230:MprotectCode
10-19 23:36:21.293 30493 30523 W AppInitScheduler|Run: Running IsolatedLongtailAppInit [*]
10-19 23:36:21.293 30493 30530 W AppInitScheduler|Run: Running MprotectCode
10-19 23:36:21.293 30493 30523 W AppInitScheduler|Run:   Finished IsolatedLongtailAppInit in 0ms
10-19 23:36:21.294 30493 30522 W AppInitScheduler|Run: Running AddMainDexStoreInfoToReliabilityLogging
10-19 23:36:21.294 30493 30522 W AppInitScheduler|Run:   Finished AddMainDexStoreInfoToReliabilityLogging in 1ms
10-19 23:36:21.295 30493 30537 W Profilo/TraceControl: Loom client config id: -7472994002604925843
10-19 23:36:21.295 30493 30537 W AppInitScheduler|Run:   Finished MaybeTraceColdStart in 3ms
10-19 23:36:21.296 30493 30530 W AppInitScheduler|Run:   Finished MprotectCode in 3ms
10-19 23:36:21.299 30493 30528 E libEGL  : call to OpenGL ES API with no current context (logged once per thread)
10-19 23:36:21.301 30493 30541 W lacrima : The minidump file is empty!
10-19 23:36:21.302 30493 30541 W lacrima : Start AnrAppDeathDetector... X.00a
10-19 23:36:21.304 30493 30541 W AppInitScheduler|Run:   Finished InitLacrimaEarlyNative in 12ms
10-19 23:36:21.304 30493 30541 W AppInitScheduler|Schedule:   Executing 203:LoadVoltronModules
10-19 23:36:21.304 30493 30541 W AppInitScheduler|Schedule:   Executing 201:LoadLibColdStart
10-19 23:36:21.304 30493 30541 W AppInitScheduler|Run: Running LoadVoltronModules [*]
10-19 23:36:21.304 30493 30531 W AppInitScheduler|Run: Running LoadLibColdStart [*]
10-19 23:36:21.305 30493 30541 W AppInitScheduler|Run:   Finished LoadVoltronModules in 1ms
10-19 23:36:21.305 30493 30541 W AppInitScheduler|Schedule:   Executing 103:CreateApplicationImpl
10-19 23:36:21.305 30493 30541 W AppInitScheduler|Schedule:   Executing 193:InitUltralight
10-19 23:36:21.305 30493 30541 W AppInitScheduler|Schedule:   Executing 328:RunOnApplicationInit
10-19 23:36:21.305 30493 30541 W AppInitScheduler|Run: Running CreateApplicationImpl [*]
10-19 23:36:21.305 30493 30519 W AppInitScheduler|Run: Running InitUltralight [*]
10-19 23:36:21.305 30493 30523 W AppInitScheduler|Run: Running RunOnApplicationInit [*]
10-19 23:36:21.309 30493 30523 W AppInitScheduler|Schedule: Schedule 129:FbSharedPreferenceInitializer, deps=null (4 pending tasks)
10-19 23:36:21.309 30493 30523 W AppInitScheduler|Schedule:   Executing 129:FbSharedPreferenceInitializer
10-19 23:36:21.309 30493 30522 W AppInitScheduler|Run: Running FbSharedPreferenceInitializer [*]
10-19 23:36:21.310 30493 30523 W AppInitScheduler|Schedule: Schedule 342:StartupDestinationAppInit, deps=[129, 193] (5 pending tasks)
10-19 23:36:21.310 30493 30523 W AppInitScheduler|Schedule: Schedule 154:InitAuthentication, deps=null (6 pending tasks)
10-19 23:36:21.310 30493 30523 W AppInitScheduler|Schedule:   Executing 154:InitAuthentication
10-19 23:36:21.310 30493 30537 W AppInitScheduler|Run: Running InitAuthentication [*]
10-19 23:36:21.311 30493 30531 D nativeloader: Load /data/app/~~z9QHMMpT00p8GFMqW8f-Hw==/com.facebook.katana-K-7lwE2QAuzqwRpKXnqyJA==/lib/arm64/libfbunwindstack.so using class loader ns clns-7 (caller=/data/app/~~kc5VfteCjkYTcFsZb3SPAg==/com.facebook.katana-iIPzEy5THLt0CXh1-BQ8FQ==/base.apk): ok
10-19 23:36:21.313 30493 30523 W AppInitScheduler|Schedule: Schedule 223:MobileConfigAdminIdInit, deps=[154] (7 pending tasks)
10-19 23:36:21.313 30493 30523 W AppInitScheduler|Schedule: Schedule 225:MobileConfigInit, deps=[154] (8 pending tasks)
10-19 23:36:21.313 30493 30523 W AppInitScheduler|Schedule: Schedule 228:MobileConfigSessionlessInit, deps=null (9 pending tasks)
10-19 23:36:21.313 30493 30523 W AppInitScheduler|Schedule:   Executing 228:MobileConfigSessionlessInit
10-19 23:36:21.313 30493 30523 W AppInitScheduler|Schedule: Schedule 163:InitExecutors, deps=null (10 pending tasks)
10-19 23:36:21.313 30493 30523 W AppInitScheduler|Schedule:   Executing 163:InitExecutors
10-19 23:36:21.313 30493 30523 W AppInitScheduler|Schedule: Schedule 343:StartupQPLInit, deps=[163, 223, 225, 228] (11 pending tasks)
10-19 23:36:21.313 30493 30530 W AppInitScheduler|Run: Running MobileConfigSessionlessInit [*]
10-19 23:36:21.313 30493 30517 W AppInitScheduler|Run: Running InitExecutors [*]
10-19 23:36:21.314 30493 30523 W AppInitScheduler|Schedule: Schedule 296:PreloadFeedFullCacheLoad, deps=[342, 343] (12 pending tasks)
10-19 23:36:21.314 30493 30523 W AppInitScheduler|Schedule: Schedule 114:E2EForceMobileConfigFetch, deps=[225] (13 pending tasks)
10-19 23:36:21.314 30493 30523 W AppInitScheduler|Schedule: Schedule 115:E2EForceMobileConfigSessionlessFetch, deps=[228] (14 pending tasks)
10-19 23:36:21.314 30493 30523 W AppInitScheduler|Schedule: Schedule 327:RunEarlyInitForActivity, deps=[114, 115, 223, 342] (15 pending tasks)
10-19 23:36:21.314 30493 30523 W AppInitScheduler|Schedule: Schedule 348:StringResourcesDelegate, deps=[129, 163] (16 pending tasks)
10-19 23:36:21.314 30493 30523 W AppInitScheduler|Schedule: Schedule 3:AnalyticsLoggerInit, deps=[163, 223, 225, 228] (17 pending tasks)
10-19 23:36:21.314 30493 30523 W AppInitScheduler|Schedule: Schedule 132:FdidInitSync, deps=[225] (18 pending tasks)
10-19 23:36:21.314 30493 30523 W AppInitScheduler|Schedule: Schedule 153:InitAppModuleFallbackLoader, deps=null (19 pending tasks)
10-19 23:36:21.314 30493 30523 W AppInitScheduler|Schedule:   Executing 153:InitAppModuleFallbackLoader
10-19 23:36:21.314 30493 30523 W AppInitScheduler|Schedule: Schedule 329:RunPerfMarkers, deps=[163, 209] (20 pending tasks)
10-19 23:36:21.314 30493 30523 W AppInitScheduler|Schedule: Schedule 182:InitPushLiteSdk, deps=[3, 329] (21 pending tasks)
10-19 23:36:21.314 30493 30532 W AppInitScheduler|Run: Running InitAppModuleFallbackLoader [*]
10-19 23:36:21.315 30493 30523 W AppInitScheduler|Schedule: Schedule 199:LithoConfiguration, deps=[129, 163, 223, 225] (22 pending tasks)
10-19 23:36:21.315 30493 30523 W AppInitScheduler|Schedule: Schedule 314:PreloadWordmark, deps=[3] (23 pending tasks)
10-19 23:36:21.315 30493 30523 W AppInitScheduler|Schedule: Schedule 119:EagerInitImagePipeline, deps=[3] (24 pending tasks)
10-19 23:36:21.315 30493 30523 W AppInitScheduler|Schedule: Schedule 315:PrivacyUiiDetectionLogger, deps=[225] (25 pending tasks)
10-19 23:36:21.315 30493 30523 W AppInitScheduler|Schedule: Schedule 367:WaitForUIDependenciesInitializer, deps=[119, 132, 153, 182, 199, 296, 314, 315, 327, 348] (26 pending tasks)
10-19 23:36:21.315 30493 30523 W AppInitScheduler|Schedule: Schedule 109:DismissSplashScreens, deps=[367] (27 pending tasks)
10-19 23:36:21.315 30493 30523 W AppInitScheduler|Schedule: Schedule 372:ZeroABTestStaticBootstrap, deps=null (28 pending tasks)
10-19 23:36:21.315 30493 30523 W AppInitScheduler|Schedule:   Executing 372:ZeroABTestStaticBootstrap
10-19 23:36:21.315 30493 30523 W AppInitScheduler|Schedule: Schedule 117:EagerInitFBTigon, deps=[163, 201, 223, 225, 228, 372] (29 pending tasks)
10-19 23:36:21.315 30493 30523 W AppInitScheduler|Schedule: Schedule 122:EarlyFetchStartupDestinationAppInit, deps=[223, 342] (30 pending tasks)
10-19 23:36:21.315 30493 30523 W AppInitScheduler|Schedule: Schedule 346:StaticGraphServiceFactoryInitializer, deps=[201] (31 pending tasks)
10-19 23:36:21.315 30493 30523 W AppInitScheduler|Schedule: Schedule 144:GraphServiceEagerInit, deps=[117, 346] (32 pending tasks)
10-19 23:36:21.315 30493 30523 W AppInitScheduler|Schedule: Schedule 98:CheckUnstableContentProvider, deps=[225] (33 pending tasks)
10-19 23:36:21.315 30493 30523 W AppInitScheduler|Schedule: Schedule 130:FbSharedPreferenceInitializerAsync, deps=null (34 pending tasks)
10-19 23:36:21.316 30493 30523 W AppInitScheduler|Schedule:   Executing 130:FbSharedPreferenceInitializerAsync
10-19 23:36:21.316 30493 30523 W AppInitScheduler|Schedule: Schedule 307:PreloadStartupLightSharedPreferenceUsagesAppInit, deps=null (35 pending tasks)
10-19 23:36:21.316 30493 30523 W AppInitScheduler|Schedule:   Executing 307:PreloadStartupLightSharedPreferenceUsagesAppInit
10-19 23:36:21.316 30493 30523 W AppInitScheduler|Schedule: Schedule 120:EarliestPossibleColdStartClassPreloadStarter, deps=null (36 pending tasks)
10-19 23:36:21.316 30493 30523 W AppInitScheduler|Schedule:   Executing 120:EarliestPossibleColdStartClassPreloadStarter
10-19 23:36:21.316 30493 30523 W AppInitScheduler|Schedule: Schedule 1:AddProcessNameToErrorReport, deps=null (37 pending tasks)
10-19 23:36:21.316 30493 30523 W AppInitScheduler|Schedule:   Executing 1:AddProcessNameToErrorReport
10-19 23:36:21.316 30493 30523 W AppInitScheduler|Schedule: Schedule 2:AnalyticsInit, deps=[225] (38 pending tasks)
10-19 23:36:21.316 30493 30523 W AppInitScheduler|Schedule: Schedule 4:AnalyticsLoggerPostInitReplay, deps=[3] (39 pending tasks)
10-19 23:36:21.316 30493 30523 W AppInitScheduler|Schedule: Schedule 97:BloksInitializer, deps=[3] (40 pending tasks)
10-19 23:36:21.316 30493 30523 W AppInitScheduler|Schedule: Schedule 99:ClientCacheEdgeManagerInitializer, deps=[163, 225, 342] (41 pending tasks)
10-19 23:36:21.316 30493 30523 W AppInitScheduler|Schedule: Schedule 101:ComposerSavedSessionStoreInitializer, deps=[129, 154, 163] (42 pending tasks)
10-19 23:36:21.316 30493 30523 W AppInitScheduler|Schedule: Schedule 106:DgwEarlySyncInitializer, deps=[163, 201, 223, 225, 228, 372] (43 pending tasks)
10-19 23:36:21.316 30493 30523 W AppInitScheduler|Schedule: Schedule 113:DownloadedFbResources, deps=[225, 228] (44 pending tasks)
10-19 23:36:21.316 30493 30523 W AppInitScheduler|Schedule: Schedule 123:ErrorReporterSecondaryInit, deps=[129, 154, 163] (45 pending tasks)
10-19 23:36:21.316 30493 30523 W AppInitScheduler|Schedule: Schedule 124:Fb4aReactEagerInitHotMCUnpacker, deps=[129, 163, 225] (46 pending tasks)
10-19 23:36:21.316 30493 30523 W AppInitScheduler|Schedule: Schedule 126:FbMCPPluginInitializer, deps=[129, 201] (47 pending tasks)
10-19 23:36:21.317 30493 30523 W AppInitScheduler|Schedule: Schedule 127:FbMsysImmediateInitializer, deps=[3, 126] (48 pending tasks)
10-19 23:36:21.317 30493 30523 W AppInitScheduler|Schedule: Schedule 128:FbMsysPostBootstrapListenerRegistrarOnAppInit, deps=[163, 225, 228] (49 pending tasks)
10-19 23:36:21.317 30493 30523 W AppInitScheduler|Schedule: Schedule 283:NotifyAppStateManagerOnCreateComplete, deps=[163, 225] (50 pending tasks)
10-19 23:36:21.317 30493 30523 W AppInitScheduler|Schedule: Schedule 131:FbSharedUIQREnvironment, deps=[129, 283] (51 pending tasks)
10-19 23:36:21.317 30493 30523 W AppInitScheduler|Schedule: Schedule 134:FixieActivityManagerHook, deps=null (52 pending tasks)
10-19 23:36:21.317 30493 30523 W AppInitScheduler|Schedule:   Executing 134:FixieActivityManagerHook
10-19 23:36:21.317 30493 30523 W AppInitScheduler|Schedule: Schedule 135:FixieLimitNativeStackSize, deps=null (53 pending tasks)
10-19 23:36:21.317 30493 30523 W AppInitScheduler|Schedule:   Executing 135:FixieLimitNativeStackSize
10-19 23:36:21.317 30493 30523 W AppInitScheduler|Schedule: Schedule 136:FixieNoSync, deps=[225] (54 pending tasks)
10-19 23:36:21.317 30493 30523 W AppInitScheduler|Schedule: Schedule 151:InitAppChoreographer, deps=null (55 pending tasks)
10-19 23:36:21.317 30493 30523 W AppInitScheduler|Schedule:   Executing 151:InitAppChoreographer
10-19 23:36:21.317 30493 30523 W AppInitScheduler|Schedule: Schedule 137:FixieScheduleIdleWork, deps=[151, 367] (56 pending tasks)
10-19 23:36:21.317 30493 30523 W AppInitScheduler|Schedule: Schedule 145:HandleAppComponentsForPreTosBuild, deps=null (57 pending tasks)
10-19 23:36:21.317 30493 30523 W AppInitScheduler|Schedule:   Executing 145:HandleAppComponentsForPreTosBuild
10-19 23:36:21.317 30493 30523 W AppInitScheduler|Schedule: Schedule 146:INeedInitForBroadcastReceiverRegister, deps=[343] (58 pending tasks)
10-19 23:36:21.317 30493 30523 W AppInitScheduler|Schedule: Schedule 147:INeedInitForEventBusRegister, deps=null (59 pending tasks)
10-19 23:36:21.317 30493 30523 W AppInitScheduler|Schedule:   Executing 147:INeedInitForEventBusRegister
10-19 23:36:21.317 30493 30523 W AppInitScheduler|Schedule: Schedule 149:INeedInitForSharedPrefsListenerRegister, deps=[223, 225, 228] (60 pending tasks)
10-19 23:36:21.317 30493 30523 W AppInitScheduler|Schedule: Schedule 150:InitAndroidX, deps=[200] (61 pending tasks)
10-19 23:36:21.317 30493 30523 W AppInitScheduler|Schedule:   Executing 150:InitAndroidX
10-19 23:36:21.317 30493 30523 W AppInitScheduler|Schedule: Schedule 165:InitFury, deps=[225] (62 pending tasks)
10-19 23:36:21.317 30493 30523 W AppInitScheduler|Schedule: Schedule 166:InitHelium, deps=[225] (63 pending tasks)
10-19 23:36:21.317 30493 30523 W AppInitScheduler|Schedule: Schedule 170:InitLacrimaLaterInit, deps=[163, 169] (64 pending tasks)
10-19 23:36:21.317 30493 30523 W AppInitScheduler|Schedule: Schedule 171:InitLogging, deps=null (65 pending tasks)
10-19 23:36:21.317 30493 30523 W AppInitScheduler|Schedule:   Executing 171:InitLogging
10-19 23:36:21.317 30493 30523 W AppInitScheduler|Schedule: Schedule 172:InitMallocHooks, deps=null (66 pending tasks)
10-19 23:36:21.317 30493 30523 W AppInitScheduler|Schedule:   Executing 172:InitMallocHooks
10-19 23:36:21.317 30493 30523 W AppInitScheduler|Schedule: Schedule 173:InitMemoryDumpHandler, deps=[225] (67 pending tasks)
10-19 23:36:21.317 30493 30523 W AppInitScheduler|Schedule: Schedule 181:InitPushabilityCheck, deps=[144, 182] (68 pending tasks)
10-19 23:36:21.317 30493 30523 W AppInitScheduler|Schedule: Schedule 373:ZeroLibraryInitializer, deps=[3, 117, 129] (69 pending tasks)
10-19 23:36:21.317 30493 30523 W AppInitScheduler|Schedule: Schedule 183:InitReliableMedia, deps=[329, 373] (70 pending tasks)
10-19 23:36:21.317 30493 30523 W AppInitScheduler|Schedule: Schedule 185:InitSessionCookie, deps=[166] (71 pending tasks)
10-19 23:36:21.317 30493 30523 W AppInitScheduler|Schedule: Schedule 189:InitSurfaces, deps=[163] (72 pending tasks)
10-19 23:36:21.317 30493 30523 W AppInitScheduler|Schedule: Schedule 190:InitSystrace, deps=null (73 pending tasks)
10-19 23:36:21.317 30493 30523 W AppInitScheduler|Schedule:   Executing 190:InitSystrace
10-19 23:36:21.317 30493 30523 W AppInitScheduler|Schedule: Schedule 192:InitTrafficNTS, deps=[117] (74 pending tasks)
10-19 23:36:21.317 30493 30523 W AppInitScheduler|Schedule: Schedule 196:LanguageSwitcherCommonExInit, deps=[131] (75 pending tasks)
10-19 23:36:21.317 30493 30523 W AppInitScheduler|Schedule: Schedule 204:LocationRequestDetector, deps=[225] (76 pending tasks)
10-19 23:36:21.317 30493 30523 W AppInitScheduler|Schedule: Schedule 205:LogController, deps=[129] (77 pending tasks)
10-19 23:36:21.317 30493 30523 W AppInitScheduler|Schedule: Schedule 210:MessageQueueDoctor, deps=[3] (78 pending tasks)
10-19 23:36:21.317 30493 30523 W AppInitScheduler|Schedule: Schedule 232:MqttEarlySyncInitializerAfterAppCreate, deps=[109, 126] (79 pending tasks)
10-19 23:36:21.317 30493 30523 W AppInitScheduler|Schedule: Schedule 284:ObjectCountJestE2EBridge, deps=null (80 pending tasks)
10-19 23:36:21.317 30493 30523 W AppInitScheduler|Schedule:   Executing 284:ObjectCountJestE2EBridge
10-19 23:36:21.317 30493 30523 W AppInitScheduler|Schedule: Schedule 288:PendingStoryStoreInitializer, deps=[129, 163, 225] (81 pending tasks)
10-19 23:36:21.317 30493 30523 W AppInitScheduler|Schedule: Schedule 291:PreloadClassesForReelsTabRestores, deps=[343] (82 pending tasks)
10-19 23:36:21.317 30493 30523 W AppInitScheduler|Schedule: Schedule 292:PreloadClassesForReelsTabStarts, deps=[342, 343] (83 pending tasks)
10-19 23:36:21.317 30493 30523 W AppInitScheduler|Schedule: Schedule 305:PreloadReelsCsrForReelsTabStarts, deps=[144, 343] (84 pending tasks)
10-19 23:36:21.317 30493 30523 W AppInitScheduler|Schedule: Schedule 311:PreloadVideoHomeDataController, deps=[342, 343] (85 pending tasks)
10-19 23:36:21.317 30493 30523 W AppInitScheduler|Schedule: Schedule 316:ProfiloBridgeFactoryImpl, deps=[209, 343] (86 pending tasks)
10-19 23:36:21.317 30493 30523 W AppInitScheduler|Schedule: Schedule 317:RasFileInitializer, deps=null (87 pending tasks)
10-19 23:36:21.317 30493 30523 W AppInitScheduler|Schedule:   Executing 317:RasFileInitializer
10-19 23:36:21.317 30493 30523 W AppInitScheduler|Schedule: Schedule 318:RegisterFrameRateTraceListener, deps=null (88 pending tasks)
10-19 23:36:21.317 30493 30523 W AppInitScheduler|Schedule:   Executing 318:RegisterFrameRateTraceListener
10-19 23:36:21.317 30493 30523 W AppInitScheduler|Schedule: Schedule 319:RegisterMainLooperTracer, deps=null (89 pending tasks)
10-19 23:36:21.317 30493 30523 W AppInitScheduler|Schedule:   Executing 319:RegisterMainLooperTracer
10-19 23:36:21.317 30493 30523 W AppInitScheduler|Schedule: Schedule 321:ReleaseDeferredBroadcastReceiver, deps=null (90 pending tasks)
10-19 23:36:21.317 30493 30523 W AppInitScheduler|Schedule:   Executing 321:ReleaseDeferredBroadcastReceiver
10-19 23:36:21.317 30493 30523 W AppInitScheduler|Schedule: Schedule 322:ReliabilityExperiments, deps=null (91 pending tasks)
10-19 23:36:21.317 30493 30523 W AppInitScheduler|Schedule:   Executing 322:ReliabilityExperiments
10-19 23:36:21.317 30493 30523 W AppInitScheduler|Schedule: Schedule 325:ReliabilityUserPerceptibleScopeToQPL, deps=[343] (92 pending tasks)
10-19 23:36:21.317 30493 30523 W AppInitScheduler|Schedule: Schedule 326:ReplayBroadcastReceivedDuringAppInit, deps=[367] (93 pending tasks)
10-19 23:36:21.317 30493 30523 W AppInitScheduler|Schedule: Schedule 331:ScheduleLowPriWork, deps=[367] (94 pending tasks)
10-19 23:36:21.317 30493 30523 W AppInitScheduler|Schedule: Schedule 337:SetupDynaBuilds, deps=null (95 pending tasks)
10-19 23:36:21.317 30493 30523 W AppInitScheduler|Schedule:   Executing 337:SetupDynaBuilds
10-19 23:36:21.317 30493 30523 W AppInitScheduler|Schedule: Schedule 339:SetupSmartGc, deps=null (96 pending tasks)
10-19 23:36:21.317 30493 30523 W AppInitScheduler|Schedule:   Executing 339:SetupSmartGc
10-19 23:36:21.317 30493 30523 W AppInitScheduler|Schedule: Schedule 6:TabBadgeFetchAppInit, deps=[223, 225] (97 pending tasks)
10-19 23:36:21.318 30493 30523 W AppInitScheduler|Schedule: Schedule 351:TransientNetworkTraceEarlyInit, deps=[343] (98 pending tasks)
10-19 23:36:21.318 30493 30523 W AppInitScheduler|Schedule: Schedule 369:WarmFacebookEmojiFont, deps=[129, 225] (99 pending tasks)
10-19 23:36:21.318 30493 30523 W AppInitScheduler|Schedule: Schedule 371:WhitehatOverlayInitializer, deps=[129] (100 pending tasks)
10-19 23:36:21.318 30493 30523 W AppInitScheduler|Schedule: Schedule 294:PreloadFeedDataLoader, deps=[342, 343] (101 pending tasks)
10-19 23:36:21.318 30493 30523 W AppInitScheduler|Schedule: Schedule 118:EagerInitFeedDataLoader, deps=[294, 296] (102 pending tasks)
10-19 23:36:21.318 30493 30523 W AppInitScheduler|Schedule: Schedule 152:InitAppComponentFactoryStartupController, deps=[109] (103 pending tasks)
10-19 23:36:21.318 30493 30523 W AppInitScheduler|Schedule: Schedule 195:KeepWarm, deps=[342, 343] (104 pending tasks)
10-19 23:36:21.318 30493 30523 W AppInitScheduler|Schedule: Schedule 207:LongtailVoltronAppInit, deps=[163, 225] (105 pending tasks)
10-19 23:36:21.318 30493 30523 W AppInitScheduler|Schedule: Schedule 222:MetaCasper, deps=[342, 343] (106 pending tasks)
10-19 23:36:21.318 30493 30523 W AppInitScheduler|Schedule: Schedule 224:MobileConfigAdminIdLaterInit, deps=[163, 223, 228] (107 pending tasks)
10-19 23:36:21.318 30493 30523 W AppInitScheduler|Schedule: Schedule 226:MobileConfigLaterInit, deps=[114, 163, 228] (108 pending tasks)
10-19 23:36:21.318 30493 30523 W AppInitScheduler|Schedule: Schedule 229:MobileConfigSessionlessLaterInit, deps=[115, 163] (109 pending tasks)
10-19 23:36:21.318 30493 30523 W AppInitScheduler|Schedule: Schedule 297:PreloadFeedRequest, deps=[342, 343] (110 pending tasks)
10-19 23:36:21.318 30493 30523 W AppInitScheduler|Schedule: Schedule 289:PrefetchFeedNetwork, deps=[297] (111 pending tasks)
10-19 23:36:21.318 30493 30523 W AppInitScheduler|Schedule: Schedule 290:PreloadClashManager, deps=[342, 343] (112 pending tasks)
10-19 23:36:21.318 30493 30523 W AppInitScheduler|Schedule: Schedule 293:PreloadFeedConfig, deps=[342, 343] (113 pending tasks)
10-19 23:36:21.318 30493 30523 W AppInitScheduler|Schedule: Schedule 295:PreloadFeedFetchMetadata, deps=[342, 343] (114 pending tasks)
10-19 23:36:21.318 30493 30523 W AppInitScheduler|Schedule: Schedule 298:PreloadFreshFeedRanker, deps=[129, 343] (115 pending tasks)
10-19 23:36:21.318 30493 30523 W AppInitScheduler|Schedule: Schedule 299:PreloadHeroManager, deps=[129, 343] (116 pending tasks)
10-19 23:36:21.318 30493 30523 W AppInitScheduler|Schedule: Schedule 300:PreloadInlineComposerProfileImage, deps=[119, 129, 343] (117 pending tasks)
10-19 23:36:21.318 30493 30523 W AppInitScheduler|Schedule: Schedule 301:PreloadLogDb, deps=[3, 342, 343] (118 pending tasks)
10-19 23:36:21.318 30493 30523 W AppInitScheduler|Schedule: Schedule 303:PreloadProfiloNetworkNativeLibrary, deps=[367] (119 pending tasks)
10-19 23:36:21.318 30493 30523 W AppInitScheduler|Schedule: Schedule 304:PreloadReactions, deps=[3, 129, 343] (120 pending tasks)
10-19 23:36:21.318 30493 30523 W AppInitScheduler|Schedule: Schedule 309:PreloadStoriesTrayFetchController, deps=[129, 343] (121 pending tasks)
10-19 23:36:21.318 30493 30523 W AppInitScheduler|Schedule: Schedule 310:PreloadStoriesTrayQuery, deps=[129, 343] (122 pending tasks)
10-19 23:36:21.318 30493 30523 W AppInitScheduler|Schedule: Schedule 312:PreloadVideoPrivateSharing, deps=[129, 343] (123 pending tasks)
10-19 23:36:21.318 30493 30523 W AppInitScheduler|Schedule: Schedule 313:PreloadVideoTabRestart, deps=[129, 343] (124 pending tasks)
10-19 23:36:21.318 30493 30523 W AppInitScheduler|Schedule: Schedule 333:SecondaryDexPreloaderBg, deps=[120, 225] (125 pending tasks)
10-19 23:36:21.318 30493 30523 W AppInitScheduler|Schedule: Schedule 336:SetupBlockingBackgroundComponentReporting, deps=[343] (126 pending tasks)
10-19 23:36:21.318 30493 30523 W AppInitScheduler|Schedule: Schedule 344:StartupQPLReplayer, deps=[343] (127 pending tasks)
10-19 23:36:21.318 30493 30523 W AppInitScheduler|Schedule: Schedule 345:StartupQPLTransitToMatureStage, deps=[344] (128 pending tasks)
10-19 23:36:21.318 30493 30523 W OnApplicationInitInvoker: Ignored missing AppInit dependency: 142:GatekeeperStoreInitializer
10-19 23:36:21.318 30493 30523 W OnApplicationInitInvoker: Ignored missing AppInit dependency: 216:MessengerMCPPluginInitializer
10-19 23:36:21.318 30493 30523 W AppInitScheduler|Run:   Finished RunOnApplicationInit in 13ms
10-19 23:36:21.318 30493 30523 W AppInitScheduler|Run: Running ZeroABTestStaticBootstrap [*]
10-19 23:36:21.320 30493 30541 W AppInitScheduler|Run:   Finished CreateApplicationImpl in 15ms
10-19 23:36:21.320 30493 30541 W AppInitScheduler|Run: Running FbSharedPreferenceInitializerAsync
10-19 23:36:21.324 30493 30519 W AppInitScheduler|Run:   Finished InitUltralight in 20ms
10-19 23:36:21.324 30493 30519 W AppInitScheduler|Run: Running PreloadStartupLightSharedPreferenceUsagesAppInit
10-19 23:36:21.329 30493 30523 W AppInitScheduler|Run:   Finished ZeroABTestStaticBootstrap in 11ms
10-19 23:36:21.329 30493 30523 W AppInitScheduler|Run: Running EarliestPossibleColdStartClassPreloadStarter
10-19 23:36:21.330 30493 30526 W AppInitScheduler|Schedule: Shutting down, all work scheduled.
10-19 23:36:21.330 30493 30526 W AppInitScheduler|Schedule: java.lang.RuntimeException
10-19 23:36:21.330 30493 30526 W AppInitScheduler|Schedule: 	at X.0gq.A03(:5)
10-19 23:36:21.330 30493 30526 W AppInitScheduler|Schedule: 	at com.facebook.katana.app.FacebookApplicationImpl.A00(Unknown Source:55)
10-19 23:36:21.330 30493 30526 W AppInitScheduler|Schedule: 	at X.0dD.run(:9)
10-19 23:36:21.330 30493 30526 W AppInitScheduler|Schedule: Shut down called with 125 pending tasks
10-19 23:36:21.330 30493 30532 W AppInitScheduler|Run:   Finished InitAppModuleFallbackLoader in 15ms
10-19 23:36:21.330 30493 30532 W AppInitScheduler|Run: Running AddProcessNameToErrorReport
10-19 23:36:21.330 30493 30532 W AppInitScheduler|Run:   Finished AddProcessNameToErrorReport in 0ms
10-19 23:36:21.330 30493 30532 W AppInitScheduler|Run: Running FixieActivityManagerHook
10-19 23:36:21.332 30493 30519 W AppInitScheduler|Run:   Finished PreloadStartupLightSharedPreferenceUsagesAppInit in 7ms
10-19 23:36:21.332 30493 30519 W AppInitScheduler|Run: Running FixieLimitNativeStackSize
10-19 23:36:21.332 30493 30519 W AppInitScheduler|Run:   Finished FixieLimitNativeStackSize in 0ms
10-19 23:36:21.332 30493 30519 W AppInitScheduler|Run: Running InitAppChoreographer
10-19 23:36:21.333 30493 30523 W EarliestPossibleColdStartClassPreloadStarter: Class preload op code: 0
10-19 23:36:21.334 30493 30519 W AppInitScheduler|Run:   Finished InitAppChoreographer in 1ms
10-19 23:36:21.334 30493 30519 W AppInitScheduler|Run: Running HandleAppComponentsForPreTosBuild
10-19 23:36:21.338 30493 30522 W AppInitScheduler|Run:   Finished FbSharedPreferenceInitializer in 30ms
10-19 23:36:21.339 30493 30522 W AppInitScheduler|Schedule:   Executing 342:StartupDestinationAppInit
10-19 23:36:21.339 30493 30522 W AppInitScheduler|Schedule:   Executing 205:LogController
10-19 23:36:21.339 30493 30522 W AppInitScheduler|Schedule:   Executing 371:WhitehatOverlayInitializer
10-19 23:36:21.339 30493 30522 W AppInitScheduler|Run: Running StartupDestinationAppInit [*]
10-19 23:36:21.339 30493 30522 W AppInitScheduler|Run:   Finished StartupDestinationAppInit in 0ms
10-19 23:36:21.339 30493 30522 W AppInitScheduler|Run: Running INeedInitForEventBusRegister
10-19 23:36:21.339 30493 30519 W AppInitScheduler|Run:   Finished HandleAppComponentsForPreTosBuild in 5ms
10-19 23:36:21.339 30493 30519 W AppInitScheduler|Run: Running InitAndroidX
10-19 23:36:21.341 30493 30519 W AppInitScheduler|Run:   Finished InitAndroidX in 2ms
10-19 23:36:21.341 30493 30519 W AppInitScheduler|Run: Running InitLogging
10-19 23:36:21.341 30493 30522 W AppInitScheduler|Run:   Finished INeedInitForEventBusRegister in 3ms
10-19 23:36:21.342 30493 30522 W AppInitScheduler|Run: Running InitMallocHooks
10-19 23:36:21.344 30493 30531 D nativeloader: Load /data/data/com.facebook.katana/lib-compressed/libcoldstart.so using class loader ns clns-7 (caller=/data/app/~~kc5VfteCjkYTcFsZb3SPAg==/com.facebook.katana-iIPzEy5THLt0CXh1-BQ8FQ==/base.apk): ok
10-19 23:36:21.346 30493 30522 W AppInitScheduler|Run:   Finished InitMallocHooks in 4ms
10-19 23:36:21.346 30493 30522 W AppInitScheduler|Run: Running InitSystrace
10-19 23:36:21.346 30493 30523 W AppInitScheduler|Run:   Finished EarliestPossibleColdStartClassPreloadStarter in 16ms
10-19 23:36:21.353 30493 30523 W fb4a.AppInitScheduler|Run: Running LogController
10-19 23:36:21.353 30493 30522 W fb4a.AppInitScheduler|Run:   Finished InitSystrace in 3ms
10-19 23:36:21.354 30493 30519 W fb4a.AppInitScheduler|Run:   Finished InitLogging in 5ms
10-19 23:36:21.354 30493 30532 W fb4a.AppInitScheduler|Run:   Finished FixieActivityManagerHook in 20ms
10-19 23:36:21.354 30493 30519 W fb4a.AppInitScheduler|Run: Running RasFileInitializer
10-19 23:36:21.354 30493 30537 W fb4a.AppInitScheduler|Run:   Finished InitAuthentication in 37ms
10-19 23:36:21.354 30493 30523 W fb4a.AppInitScheduler|Run:   Finished LogController in 8ms
10-19 23:36:21.354 30493 30537 W fb4a.AppInitScheduler|Schedule:   Executing 223:MobileConfigAdminIdInit
10-19 23:36:21.354 30493 30532 W fb4a.AppInitScheduler|Run: Running RegisterFrameRateTraceListener
10-19 23:36:21.354 30493 30519 W fb4a.AppInitScheduler|Run:   Finished RasFileInitializer in 0ms
10-19 23:36:21.354 30493 30532 W fb4a.AppInitScheduler|Run:   Finished RegisterFrameRateTraceListener in 0ms
10-19 23:36:21.354 30493 30537 W fb4a.AppInitScheduler|Schedule:   Executing 225:MobileConfigInit
10-19 23:36:21.354 30493 30517 W fb4a.AppInitScheduler|Run:   Finished InitExecutors in 40ms
10-19 23:36:21.354 30493 30522 W fb4a.AppInitScheduler|Run: Running ObjectCountJestE2EBridge
10-19 23:36:21.354 30493 30517 W fb4a.AppInitScheduler|Schedule:   Executing 348:StringResourcesDelegate
10-19 23:36:21.354 30493 30522 W fb4a.AppInitScheduler|Run:   Finished ObjectCountJestE2EBridge in 0ms
10-19 23:36:21.354 30493 30537 W fb4a.AppInitScheduler|Run: Running MobileConfigAdminIdInit [*]
10-19 23:36:21.354 30493 30530 W fb4a.AppInitScheduler|Run:   Finished MobileConfigSessionlessInit in 41ms
10-19 23:36:21.354 30493 30517 W fb4a.AppInitScheduler|Schedule:   Executing 329:RunPerfMarkers
10-19 23:36:21.354 30493 30531 W fb4a.AppInitScheduler|Run:   Finished LoadLibColdStart in 45ms
10-19 23:36:21.354 30493 30517 W fb4a.AppInitScheduler|Schedule:   Executing 101:ComposerSavedSessionStoreInitializer
10-19 23:36:21.354 30493 30517 W fb4a.AppInitScheduler|Schedule:   Executing 123:ErrorReporterSecondaryInit
10-19 23:36:21.355 30493 30517 W fb4a.AppInitScheduler|Schedule:   Executing 170:InitLacrimaLaterInit
10-19 23:36:21.355 30493 30517 W fb4a.AppInitScheduler|Schedule:   Executing 189:InitSurfaces
10-19 23:36:21.355 30493 30517 W fb4a.AppInitScheduler|Run: Running MobileConfigInit [*]
10-19 23:36:21.355 30493 30519 W fb4a.AppInitScheduler|Run: Running RunPerfMarkers [*]
10-19 23:36:21.355 30493 30523 W fb4a.AppInitScheduler|Run: Running StringResourcesDelegate [*]
10-19 23:36:21.355 30493 30532 W fb4a.AppInitScheduler|Run: Running ComposerSavedSessionStoreInitializer
10-19 23:36:21.355 30493 30522 W fb4a.AppInitScheduler|Run: Running ErrorReporterSecondaryInit
10-19 23:36:21.355 30493 30522 W fb4a.AppInitScheduler|Run:   Finished ErrorReporterSecondaryInit in 0ms
10-19 23:36:21.355 30493 30522 W fb4a.AppInitScheduler|Run: Running InitLacrimaLaterInit
10-19 23:36:21.355 30493 30522 W fb4a.lacrima: FbErrorReportingConfig.laterInit
10-19 23:36:21.355 30493 30530 W fb4a.AppInitScheduler|Schedule:   Executing 115:E2EForceMobileConfigSessionlessFetch
10-19 23:36:21.355 30493 30530 W fb4a.AppInitScheduler|Run: Running E2EForceMobileConfigSessionlessFetch [*]
10-19 23:36:21.356 30493 30530 W fb4a.AppInitScheduler|Run:   Finished E2EForceMobileConfigSessionlessFetch in 0ms
10-19 23:36:21.356 30493 30530 W fb4a.AppInitScheduler|Schedule:   Executing 229:MobileConfigSessionlessLaterInit
10-19 23:36:21.356 30493 30530 W fb4a.AppInitScheduler|Run: Running InitSurfaces
10-19 23:36:21.356 30493 30519 W fb4a.StartupMetricTracker: Waiting for foreground/background determination...
10-19 23:36:21.356 30493 30531 W fb4a.AppInitScheduler|Schedule:   Executing 346:StaticGraphServiceFactoryInitializer
10-19 23:36:21.356 30493 30531 W fb4a.AppInitScheduler|Schedule:   Executing 126:FbMCPPluginInitializer
10-19 23:36:21.356 30493 30531 W fb4a.AppInitScheduler|Run: Running StaticGraphServiceFactoryInitializer [*]
10-19 23:36:21.357 30493 30519 W fb4a.StartupMetricTracker: Begin BACKGROUND UNTRACKED start
10-19 23:36:21.358 30493 30517 W fb4a.AppInitScheduler|Run:   Finished MobileConfigInit in 4ms
10-19 23:36:21.359 30493 30517 W fb4a.AppInitScheduler|Schedule:   Executing 114:E2EForceMobileConfigFetch
10-19 23:36:21.359 30493 30517 W fb4a.AppInitScheduler|Schedule:   Executing 132:FdidInitSync
10-19 23:36:21.359 30493 30517 W fb4a.AppInitScheduler|Schedule:   Executing 315:PrivacyUiiDetectionLogger
10-19 23:36:21.359 30493 30537 W fb4a.AppInitScheduler|Run:   Finished MobileConfigAdminIdInit in 5ms
10-19 23:36:21.359 30493 30517 W fb4a.AppInitScheduler|Schedule:   Executing 98:CheckUnstableContentProvider
10-19 23:36:21.359 30493 30517 W fb4a.AppInitScheduler|Schedule:   Executing 2:AnalyticsInit
10-19 23:36:21.359 30493 30517 W fb4a.AppInitScheduler|Schedule:   Executing 99:ClientCacheEdgeManagerInitializer
10-19 23:36:21.359 30493 30517 W fb4a.AppInitScheduler|Schedule:   Executing 113:DownloadedFbResources
10-19 23:36:21.359 30493 30517 W fb4a.AppInitScheduler|Schedule:   Executing 124:Fb4aReactEagerInitHotMCUnpacker
10-19 23:36:21.359 30493 30517 W fb4a.AppInitScheduler|Schedule:   Executing 128:FbMsysPostBootstrapListenerRegistrarOnAppInit
10-19 23:36:21.359 30493 30517 W fb4a.AppInitScheduler|Schedule:   Executing 283:NotifyAppStateManagerOnCreateComplete
10-19 23:36:21.359 30493 30517 W fb4a.AppInitScheduler|Schedule:   Executing 136:FixieNoSync
10-19 23:36:21.359 30493 30517 W fb4a.AppInitScheduler|Schedule:   Executing 165:InitFury
10-19 23:36:21.359 30493 30517 W fb4a.AppInitScheduler|Schedule:   Executing 166:InitHelium
10-19 23:36:21.359 30493 30517 W fb4a.AppInitScheduler|Schedule:   Executing 173:InitMemoryDumpHandler
10-19 23:36:21.359 30493 30517 W fb4a.AppInitScheduler|Schedule:   Executing 204:LocationRequestDetector
10-19 23:36:21.359 30493 30517 W fb4a.AppInitScheduler|Schedule:   Executing 288:PendingStoryStoreInitializer
10-19 23:36:21.359 30493 30517 W fb4a.AppInitScheduler|Schedule:   Executing 369:WarmFacebookEmojiFont
10-19 23:36:21.360 30493 30517 W fb4a.AppInitScheduler|Schedule:   Executing 207:LongtailVoltronAppInit
10-19 23:36:21.360 30493 30517 W fb4a.AppInitScheduler|Schedule:   Executing 333:SecondaryDexPreloaderBg
10-19 23:36:21.360 30493 30531 E fb4a.QPLProvider: QuickPerformanceLogger instance wasn't installed in provider, returning noop. Please call QuickPerformanceLoggerProvider.setQuickPerformanceLogger() before getting the instance.
10-19 23:36:21.360 30493 30531 E fb4a.QPLProvider: java.lang.IllegalStateException: No QPL instance provided
10-19 23:36:21.360 30493 30531 E fb4a.QPLProvider: 	at com.facebook.quicklog.QuickPerformanceLoggerProvider.getQPLInstance(:8)
10-19 23:36:21.360 30493 30531 E fb4a.QPLProvider: 	at X.3Ox.<init>(Unknown Source:3)
10-19 23:36:21.360 30493 30531 E fb4a.QPLProvider: 	at X.19p.<init>(Unknown Source:4)
10-19 23:36:21.360 30493 30531 E fb4a.QPLProvider: 	at X.19l.A00(Unknown Source:14)
10-19 23:36:21.360 30493 30531 E fb4a.QPLProvider: 	at com.facebook.graphservice.asset.GraphServiceAsset.getInstance(Unknown Source:86)
10-19 23:36:21.360 30493 30531 E fb4a.QPLProvider: 	at com.facebook.graphservice.asset.GraphServiceAsset.getInstance(:268435463)
10-19 23:36:21.360 30493 30531 E fb4a.QPLProvider: 	at com.facebook.common.appinit.invoker.OnApplicationInitInvoker.A1Y(Unknown Source:1209)
10-19 23:36:21.360 30493 30531 E fb4a.QPLProvider: 	at com.facebook.common.appinit.invoker.OnApplicationInitInvoker.A1X(Unknown Source:3)
10-19 23:36:21.360 30493 30531 E fb4a.QPLProvider: 	at com.facebook.common.appinit.invoker.OnApplicationInitInvoker.A1a(Unknown Source:3)
10-19 23:36:21.360 30493 30531 E fb4a.QPLProvider: 	at com.facebook.common.appinit.invoker.OnApplicationInitInvoker.C3U(Unknown Source:30)
10-19 23:36:21.360 30493 30531 E fb4a.QPLProvider: 	at X.0gg.run(:242)
10-19 23:36:21.360 30493 30531 E fb4a.QPLProvider: 	at java.util.concurrent.ThreadPoolExecutor.runWorker(ThreadPoolExecutor.java:1156)
10-19 23:36:21.360 30493 30531 E fb4a.QPLProvider: 	at java.util.concurrent.ThreadPoolExecutor$Worker.run(ThreadPoolExecutor.java:651)
10-19 23:36:21.360 30493 30531 E fb4a.QPLProvider: 	at X.0gi.run(:11)
10-19 23:36:21.360 30493 30531 E fb4a.QPLProvider: 	at java.lang.Thread.run(Thread.java:1119)
10-19 23:36:21.360 30493 30537 W fb4a.AppInitScheduler|Schedule:   Executing 343:StartupQPLInit
10-19 23:36:21.360 30493 30537 W fb4a.AppInitScheduler|Schedule:   Executing 3:AnalyticsLoggerInit
10-19 23:36:21.360 30493 30537 W fb4a.AppInitScheduler|Schedule:   Executing 199:LithoConfiguration
10-19 23:36:21.360 30493 30537 W fb4a.AppInitScheduler|Schedule:   Executing 117:EagerInitFBTigon
10-19 23:36:21.360 30493 30537 W fb4a.AppInitScheduler|Schedule:   Executing 122:EarlyFetchStartupDestinationAppInit
10-19 23:36:21.360 30493 30537 W fb4a.AppInitScheduler|Schedule:   Executing 106:DgwEarlySyncInitializer
10-19 23:36:21.360 30493 30537 W fb4a.AppInitScheduler|Schedule:   Executing 149:INeedInitForSharedPrefsListenerRegister
10-19 23:36:21.360 30493 30537 W fb4a.AppInitScheduler|Schedule:   Executing 6:TabBadgeFetchAppInit
10-19 23:36:21.360 30493 30537 W fb4a.AppInitScheduler|Schedule:   Executing 224:MobileConfigAdminIdLaterInit
10-19 23:36:21.360 30493 30517 W fb4a.AppInitScheduler|Run: Running E2EForceMobileConfigFetch [*]
10-19 23:36:21.360 30493 30537 W fb4a.AppInitScheduler|Run: Running StartupQPLInit [*]
10-19 23:36:21.360 30493 30517 W fb4a.AppInitScheduler|Run:   Finished E2EForceMobileConfigFetch in 0ms
10-19 23:36:21.361 30493 30517 W fb4a.AppInitScheduler|Schedule:   Executing 327:RunEarlyInitForActivity
10-19 23:36:21.362 30493 30517 W fb4a.AppInitScheduler|Schedule:   Executing 226:MobileConfigLaterInit
