10-20 00:39:40.041 15711 19686 I ReactNativeJS:   hasCurrentRide: false }
10-20 00:39:40.046 15711 19686 I ReactNativeJS: ' TripCompletionModal RENDER - visible:', false
10-20 00:39:40.046 15711 19686 I ReactNativeJS: ' tripData:', '{\n  "distance": 0,\n  "duration": 0,\n  "fareBreakdown": {\n    "booking_type": "regular",\n    "vehicle_type": "sedan",\n    "base_fare": 0,\n    "distance_fare": 0,\n    "time_fare": 0,\n    "surge_charges": 0,\n    "deadhead_charges": 0,\n    "platform_fee": 0,\n    "gst_on_charges": 0,\n    "gst_on_platform_fee": 0,\n    "extra_km_charges": 0,\n    "driver_allowance": 0,\n    "total_fare": 0,\n    "details": {\n      "actual_distance_km": 0,\n      "actual_duration_minutes": 0,\n      "per_km_rate": 0\n    }\n  },\n  "pickup_address": "",\n  "destination_address": "",\n  "booking_type": "regular",\n  "rental_hours": null\n}'
10-20 00:39:40.046 15711 19686 I ReactNativeJS:  Not visible - returning null
10-20 00:39:40.048 15711 19686 I ReactNativeJS: === RIDES SCREEN STATE DEBUG ===
10-20 00:39:40.048 15711 19686 I ReactNativeJS:  Component state updated:
10-20 00:39:40.048 15711 19686 I ReactNativeJS: '  - Current ride:', 'null'
10-20 00:39:40.048 15711 19686 I ReactNativeJS: '  - Pending rides count:', 0
10-20 00:39:40.048 15711 19686 I ReactNativeJS: '  - Driver status:', 'online'
10-20 00:39:40.048 15711 19686 I ReactNativeJS: '  - Loading:', false
10-20 00:39:40.048 15711 19686 I ReactNativeJS: '  - Error:', null
10-20 00:39:40.048 15711 19686 I ReactNativeJS: '  - Show modal:', false
10-20 00:39:40.048 15711 19686 I ReactNativeJS: '  - Timestamp:', '2025-10-19T19:09:40.048Z'
10-20 00:39:40.048 15711 19686 I ReactNativeJS:  NO CURRENT RIDE - showing empty state
10-20 00:39:40.577 21104 21184 I FusedLocation: (REDACTED) location delivery to %s blocked - too fast
10-20 00:39:40.580 21104 21184 I FusedLocation: (REDACTED) location delivery to %s blocked - too fast
10-20 00:39:40.581 21104 21184 I FusedLocation: (REDACTED) location delivery to %s blocked - too close
10-20 00:39:40.588 21104 21184 I FusedLocation: (REDACTED) location delivery to %s blocked - too fast
10-20 00:39:40.592 21104 19782 I FusedLocation: (REDACTED) stationary throttling engaged @%s
10-20 00:39:40.594 21104 19822 I FusedOrientationManager: Unregistering orientation client. [CONTEXT service_id=6 ]
10-20 00:39:40.621 15711 19686 I ReactNativeJS: ' Got native location:', { accuracy: 12.201000213623047,
10-20 00:39:40.621 15711 19686 I ReactNativeJS:   longitude: 77.8299525,
10-20 00:39:40.621 15711 19686 I ReactNativeJS:   altitude: 772.5999755859375,
10-20 00:39:40.621 15711 19686 I ReactNativeJS:   heading: 0,
10-20 00:39:40.621 15711 19686 I ReactNativeJS:   latitude: 12.7486217,
10-20 00:39:40.621 15711 19686 I ReactNativeJS:   altitudeAccuracy: 1.228967547416687,
10-20 00:39:40.621 15711 19686 I ReactNativeJS:   speed: 0.0012858101399615407 }
10-20 00:39:40.842 15711 19686 I ReactNativeJS: ' Location record', 'updated', 'successfully via RPC'
10-20 00:39:40.842 15711 19686 I ReactNativeJS:  Location record confirmed, starting tracking...
10-20 00:39:40.842 15711 19686 I ReactNativeJS:  Driver is now available for customer bookings
10-20 00:39:40.842 15711 19686 I ReactNativeJS: === STARTING LOCATION TRACKING ===
10-20 00:39:40.843 15711 19686 I ReactNativeJS: 'Driver:', 'Moorthy'
10-20 00:39:40.843 15711 19686 I ReactNativeJS: 'Status:', 'online'
10-20 00:39:40.843 15711 19686 I ReactNativeJS: 'Permission:', true
10-20 00:39:40.850 15711 19686 I ReactNativeJS: ' TripCompletionModal RENDER - visible:', false
10-20 00:39:40.851 15711 19686 I ReactNativeJS: ' tripData:', '{\n  "distance": 0,\n  "duration": 0,\n  "fareBreakdown": {\n    "booking_type": "regular",\n    "vehicle_type": "sedan",\n    "base_fare": 0,\n    "distance_fare": 0,\n    "time_fare": 0,\n    "surge_charges": 0,\n    "deadhead_charges": 0,\n    "platform_fee": 0,\n    "gst_on_charges": 0,\n    "gst_on_platform_fee": 0,\n    "extra_km_charges": 0,\n    "driver_allowance": 0,\n    "total_fare": 0,\n    "details": {\n      "actual_distance_km": 0,\n      "actual_duration_minutes": 0,\n      "per_km_rate": 0\n    }\n  },\n  "pickup_address": "",\n  "destination_address": "",\n  "booking_type": "regular",\n  "rental_hours": null\n}'
10-20 00:39:40.851 15711 19686 I ReactNativeJS:  Not visible - returning null
10-20 00:39:40.853 15711 19686 I ReactNativeJS:  isTracking state set to TRUE at start
10-20 00:39:40.853 15711 19686 I ReactNativeJS: === UPDATING LOCATION WITH GOOGLE MAPS ===
10-20 00:39:40.853 15711 19686 I ReactNativeJS:  Using native location...
10-20 00:39:40.854 15711 19686 I ReactNativeJS: === DRIVER STATUS CHANGE DETECTED ===
10-20 00:39:40.854 15711 19686 I ReactNativeJS: 'Driver:', 'Moorthy'
10-20 00:39:40.854 15711 19686 I ReactNativeJS: 'Driver Status:', 'online'
10-20 00:39:40.854 15711 19686 I ReactNativeJS: 'Driver User ID:', '6c03a657-c3e4-466e-b49c-324c2d051ce9'
10-20 00:39:40.854 15711 19686 I ReactNativeJS: 'Driver Verified:', true
10-20 00:39:40.854 15711 19686 I ReactNativeJS:  Checking conditions:
10-20 00:39:40.854 15711 19686 I ReactNativeJS: '  - driver exists:', true
10-20 00:39:40.855 15711 19686 I ReactNativeJS: '  - status is online/busy:', true
10-20 00:39:40.855 15711 19686 I ReactNativeJS: '  - locationPermission:', true
10-20 00:39:40.855 15711 19686 I ReactNativeJS: '  - NOT isTracking:', false
10-20 00:39:40.855 15711 19686 I ReactNativeJS: '  - NOT isBackgroundTrackingActive:', true
10-20 00:39:40.855 15711 19686 I ReactNativeJS: '  - NOT isHandlingActiveDriver:', false
10-20 00:39:40.855 15711 19686 I ReactNativeJS:  Conditions not met for starting location tracking
10-20 00:39:40.870 21104 19782 I FusedLocation: stationary throttling disengaged [CONTEXT service_id=6 ]
10-20 00:39:40.880 21104 19822 I FusedLocation: (REDACTED) stationary throttling engaged @%s
10-20 00:39:40.894 21104 19822 I FusedOrientationManager: Registering orientation client. [CONTEXT service_id=6 ]
10-20 00:39:40.903 21104 19782 I FusedOrientationManager: Unregistering orientation client. [CONTEXT service_id=6 ]
10-20 00:39:40.904 21104 21188 W Settings: Setting airplane_mode_on has moved from android.provider.Settings.System to android.provider.Settings.Global, returning read-only value.
10-20 00:39:40.909 21104 21184 W inertial-anchor: Triggering reinit due to mag declination change
10-20 00:39:40.909 21104 21184 W Looper  : Looper already prepared for this thread with a different value for the LOOPER_PREPARE_ALLOW_NON_CALLBACKS option.
10-20 00:39:40.915 21104 18140 I FrewleTileCacheManagerV: (REDACTED) Fetched %d AP models from cache
10-20 00:39:41.259 15711 19686 I ReactNativeJS: ' TripCompletionModal RENDER - visible:', false
10-20 00:39:41.259 15711 19686 I ReactNativeJS: ' tripData:', '{\n  "distance": 0,\n  "duration": 0,\n  "fareBreakdown": {\n    "booking_type": "regular",\n    "vehicle_type": "sedan",\n    "base_fare": 0,\n    "distance_fare": 0,\n    "time_fare": 0,\n    "surge_charges": 0,\n    "deadhead_charges": 0,\n    "platform_fee": 0,\n    "gst_on_charges": 0,\n    "gst_on_platform_fee": 0,\n    "extra_km_charges": 0,\n    "driver_allowance": 0,\n    "total_fare": 0,\n    "details": {\n      "actual_distance_km": 0,\n      "actual_duration_minutes": 0,\n      "per_km_rate": 0\n    }\n  },\n  "pickup_address": "",\n  "destination_address": "",\n  "booking_type": "regular",\n  "rental_hours": null\n}'
10-20 00:39:41.260 15711 19686 I ReactNativeJS:  Not visible - returning null
10-20 00:39:41.262 15711 19686 I ReactNativeJS: ' Location obtained:', { accuracy: 12.201000213623047,
10-20 00:39:41.262 15711 19686 I ReactNativeJS:   longitude: 77.8299525,
10-20 00:39:41.262 15711 19686 I ReactNativeJS:   altitude: 772.5999755859375,
10-20 00:39:41.262 15711 19686 I ReactNativeJS:   heading: 0,
10-20 00:39:41.262 15711 19686 I ReactNativeJS:   latitude: 12.7486217,
10-20 00:39:41.262 15711 19686 I ReactNativeJS:   altitudeAccuracy: 1.228967547416687,
10-20 00:39:41.262 15711 19686 I ReactNativeJS:   speed: 0.0012858101399615407 }
10-20 00:39:41.269 15711 19686 I ReactNativeJS: ' TripCompletionModal RENDER - visible:', false
10-20 00:39:41.270 15711 19686 I ReactNativeJS: ' tripData:', '{\n  "distance": 0,\n  "duration": 0,\n  "fareBreakdown": {\n    "booking_type": "regular",\n    "vehicle_type": "sedan",\n    "base_fare": 0,\n    "distance_fare": 0,\n    "time_fare": 0,\n    "surge_charges": 0,\n    "deadhead_charges": 0,\n    "platform_fee": 0,\n    "gst_on_charges": 0,\n    "gst_on_platform_fee": 0,\n    "extra_km_charges": 0,\n    "driver_allowance": 0,\n    "total_fare": 0,\n    "details": {\n      "actual_distance_km": 0,\n      "actual_duration_minutes": 0,\n      "per_km_rate": 0\n    }\n  },\n  "pickup_address": "",\n  "destination_address": "",\n  "booking_type": "regular",\n  "rental_hours": null\n}'
10-20 00:39:41.270 15711 19686 I ReactNativeJS:  Not visible - returning null
10-20 00:39:41.271 15711 19686 I ReactNativeJS: === SENDING LOCATION TO EDGE FUNCTION ===
10-20 00:39:41.271 15711 19686 I ReactNativeJS: 'Driver User ID:', '6c03a657-c3e4-466e-b49c-324c2d051ce9'
10-20 00:39:41.271 15711 19686 I ReactNativeJS: 'Location:', { latitude: 12.7486217,
10-20 00:39:41.271 15711 19686 I ReactNativeJS:   longitude: 77.8299525,
10-20 00:39:41.271 15711 19686 I ReactNativeJS:   accuracy: 12.201000213623047 }
10-20 00:39:41.271 15711 19686 I ReactNativeJS:  Updating location via RPC...
10-20 00:39:41.337 15711 19686 I ReactNativeJS:  Auto-refreshing rides (2-second interval)...
10-20 00:39:41.338 15711 19686 I ReactNativeJS: === LOADING RIDES ===
10-20 00:39:41.338 15711 19686 I ReactNativeJS: 'Driver ID:', '43d81d7d-e647-46cf-8599-11f63996b03e'
10-20 00:39:41.338 15711 19686 I ReactNativeJS: 'Driver User ID:', '6c03a657-c3e4-466e-b49c-324c2d051ce9'
10-20 00:39:41.343 15711 19686 I ReactNativeJS: ' TripCompletionModal RENDER - visible:', false
10-20 00:39:41.343 15711 19686 I ReactNativeJS: ' tripData:', '{\n  "distance": 0,\n  "duration": 0,\n  "fareBreakdown": {\n    "booking_type": "regular",\n    "vehicle_type": "sedan",\n    "base_fare": 0,\n    "distance_fare": 0,\n    "time_fare": 0,\n    "surge_charges": 0,\n    "deadhead_charges": 0,\n    "platform_fee": 0,\n    "gst_on_charges": 0,\n    "gst_on_platform_fee": 0,\n    "extra_km_charges": 0,\n    "driver_allowance": 0,\n    "total_fare": 0,\n    "details": {\n      "actual_distance_km": 0,\n      "actual_duration_minutes": 0,\n      "per_km_rate": 0\n    }\n  },\n  "pickup_address": "",\n  "destination_address": "",\n  "booking_type": "regular",\n  "rental_hours": null\n}'
10-20 00:39:41.344 15711 19686 I ReactNativeJS:  Not visible - returning null
10-20 00:39:41.345 15711 19686 I ReactNativeJS:  Loading current ride...
10-20 00:39:41.347 15711 19686 I ReactNativeJS: === RIDES SCREEN STATE DEBUG ===
10-20 00:39:41.347 15711 19686 I ReactNativeJS:  Component state updated:
10-20 00:39:41.347 15711 19686 I ReactNativeJS: '  - Current ride:', 'null'
10-20 00:39:41.347 15711 19686 I ReactNativeJS: '  - Pending rides count:', 0
10-20 00:39:41.347 15711 19686 I ReactNativeJS: '  - Driver status:', 'online'
10-20 00:39:41.347 15711 19686 I ReactNativeJS: '  - Loading:', true
10-20 00:39:41.347 15711 19686 I ReactNativeJS: '  - Error:', null
10-20 00:39:41.347 15711 19686 I ReactNativeJS: '  - Show modal:', false
10-20 00:39:41.347 15711 19686 I ReactNativeJS: '  - Timestamp:', '2025-10-19T19:09:41.347Z'
10-20 00:39:41.347 15711 19686 I ReactNativeJS:  NO CURRENT RIDE - showing empty state
10-20 00:39:41.529 15711 19686 I ReactNativeJS: ' Location', 'updated', 'successfully via RPC'
10-20 00:39:41.529 15711 19686 I ReactNativeJS:  Starting native location watching with 5s intervals
10-20 00:39:41.548 15711 19686 I ReactNativeJS: ' TripCompletionModal RENDER - visible:', false
10-20 00:39:41.549 15711 19686 I ReactNativeJS: ' tripData:', '{\n  "distance": 0,\n  "duration": 0,\n  "fareBreakdown": {\n    "booking_type": "regular",\n    "vehicle_type": "sedan",\n    "base_fare": 0,\n    "distance_fare": 0,\n    "time_fare": 0,\n    "surge_charges": 0,\n    "deadhead_charges": 0,\n    "platform_fee": 0,\n    "gst_on_charges": 0,\n    "gst_on_platform_fee": 0,\n    "extra_km_charges": 0,\n    "driver_allowance": 0,\n    "total_fare": 0,\n    "details": {\n      "actual_distance_km": 0,\n      "actual_duration_minutes": 0,\n      "per_km_rate": 0\n    }\n  },\n  "pickup_address": "",\n  "destination_address": "",\n  "booking_type": "regular",\n  "rental_hours": null\n}'
10-20 00:39:41.549 15711 19686 I ReactNativeJS:  Not visible - returning null
10-20 00:39:41.551 15711 19686 I ReactNativeJS:  Location tracking started successfully
10-20 00:39:41.552 15711 19686 I ReactNativeJS: === STARTING BACKGROUND LOCATION TRACKING ===
10-20 00:39:41.552 15711 19686 I ReactNativeJS: 'Driver:', 'Moorthy'
10-20 00:39:41.552 15711 19686 I ReactNativeJS: 'Status:', 'online'
10-20 00:39:41.552 15711 19686 I ReactNativeJS: === STARTING BACKGROUND LOCATION TRACKING ===
10-20 00:39:41.552 15711 19686 I ReactNativeJS: 'Driver User ID:', '6c03a657-c3e4-466e-b49c-324c2d051ce9'
10-20 00:39:41.552 15711 19686 I ReactNativeJS: 'Platform:', 'android'
10-20 00:39:41.553 21104 19782 I FusedLocation: stationary throttling disengaged [CONTEXT service_id=6 ]
10-20 00:39:41.557 15711 19686 I ReactNativeJS: ' 5-second location watch update:', { altitude: 772.5999755859375,
10-20 00:39:41.557 15711 19686 I ReactNativeJS:   heading: 0,
10-20 00:39:41.557 15711 19686 I ReactNativeJS:   altitudeAccuracy: 1.228967547416687,
10-20 00:39:41.557 15711 19686 I ReactNativeJS:   latitude: 12.7486217,
10-20 00:39:41.557 15711 19686 I ReactNativeJS:   speed: 0.0012858101399615407,
10-20 00:39:41.557 15711 19686 I ReactNativeJS:   longitude: 77.8299525,
10-20 00:39:41.557 15711 19686 I ReactNativeJS:   accuracy: 12.201000213623047 }
10-20 00:39:41.563 15711 19686 I ReactNativeJS: ' TripCompletionModal RENDER - visible:', false
10-20 00:39:41.563 15711 19686 I ReactNativeJS: ' tripData:', '{\n  "distance": 0,\n  "duration": 0,\n  "fareBreakdown": {\n    "booking_type": "regular",\n    "vehicle_type": "sedan",\n    "base_fare": 0,\n    "distance_fare": 0,\n    "time_fare": 0,\n    "surge_charges": 0,\n    "deadhead_charges": 0,\n    "platform_fee": 0,\n    "gst_on_charges": 0,\n    "gst_on_platform_fee": 0,\n    "extra_km_charges": 0,\n    "driver_allowance": 0,\n    "total_fare": 0,\n    "details": {\n      "actual_distance_km": 0,\n      "actual_duration_minutes": 0,\n      "per_km_rate": 0\n    }\n  },\n  "pickup_address": "",\n  "destination_address": "",\n  "booking_type": "regular",\n  "rental_hours": null\n}'
10-20 00:39:41.563 15711 19686 I ReactNativeJS:  Not visible - returning null
10-20 00:39:41.584 21104 19782 I FusedOrientationManager: Registering orientation client. [CONTEXT service_id=6 ]
10-20 00:39:41.609 21104 21184 W inertial-anchor: Triggering reinit due to mag declination change
10-20 00:39:41.609 21104 21184 W Looper  : Looper already prepared for this thread with a different value for the LOOPER_PREPARE_ALLOW_NON_CALLBACKS option.
10-20 00:39:41.646 28149 28149 D ViewRootImpl: AppSizeAfterRelayout, size: Point(1202, 177), rotation: ROTATION_0
10-20 00:39:41.646 28149 28149 D BufferQueueConsumer: [](id:6df500000014,api:0,p:-1,c:28149) connect: controlledByApp=false
10-20 00:39:41.646 28149 28149 D BLASTBufferQueue: [VRI[GrantPermissionsActivity]#20](f:0,a:0) constructor()
10-20 00:39:41.646 28149 28149 D BLASTBufferQueue: [VRI[GrantPermissionsActivity]#20](f:0,a:0) update width=1202 height=177 format=-2 mTransformHint=0
10-20 00:39:41.661  1870  1976 I ActivityTaskManager: Displayed com.google.android.permissioncontroller/com.android.permissioncontroller.permission.ui.GrantPermissionsActivity for user 0: +94ms
10-20 00:39:41.679 28149 28149 V ImeFocusController: onWindowFocus: com.android.internal.policy.DecorView{c45a331 V.E...... R.....ID 0,0-1026,0}[GrantPermissionsActivity] softInputMode=STATE_ALWAYS_HIDDEN|ADJUST_NOTHING|IS_FORWARD_NAVIGATION
10-20 00:39:41.707  5589  5589 I GoogleInputMethodService: GoogleInputMethodService.onFinishInput():2085 
10-20 00:39:41.707  5589  5589 I Module  : DeviceLockedStatusModuleProvider$Module.updateDeviceLockedStatus():100 repeatCheckTimes = 0, locked = false
10-20 00:39:41.707  5589  5589 I GoogleInputMethodService: GoogleInputMethodService.onStartInput():1346 onStartInput(EditorInfo{EditorInfo{packageName=com.google.android.permissioncontroller, inputType=0, inputTypeString=NULL, enableLearning=false, autoCorrection=false, autoComplete=false, imeOptions=0, privateImeOptions=null, actionName=UNSPECIFIED, actionLabel=null, initialSelStart=-1, initialSelEnd=-1, initialCapsMode=0, label=null, fieldId=0, fieldName=null, extras=null, hintText=null, hintLocales=[]}}, false)
10-20 00:39:41.708  5589  5589 I Module  : DeviceLockedStatusModuleProvider$Module.updateDeviceLockedStatus():100 repeatCheckTimes = 1, locked = false
10-20 00:39:41.709  5589  5589 I HardKeyTracker: HardKeyTracker.registerKeySequence():170 Register key sequence nfz{labelResId=0, callback=gds@7738b1a, lastModifier=0, keyCodes=[57, 57], actions=[1, 0]}
10-20 00:39:41.709  5589  5589 I HardKeyTracker: HardKeyTracker.registerKeySequence():170 Register key sequence nfz{labelResId=0, callback=gds@18e9941, lastModifier=0, keyCodes=[58, 58], actions=[1, 0]}
10-20 00:39:41.731 28149 28149 D CTBdelegate: onCreateView: from NonAppCompatActivity.
10-20 00:39:41.775 28149 28149 I AppPermissionViewModel: AppPermission fragment viewed with sessionId=-508936230929088843 uid=10408 packageName=com.a1taxi.driverpro permGroupName=android.permission-group.LOCATION permissionRationaleShown=false
10-20 00:39:41.800 28149 28149 D ViewRootImpl: AppSizeAfterRelayout, size: Point(1080, 2392), rotation: ROTATION_0
10-20 00:39:41.800 28149 28149 D BufferQueueConsumer: [](id:6df500000015,api:0,p:-1,c:28149) connect: controlledByApp=false
10-20 00:39:41.800 28149 28149 D BLASTBufferQueue: [VRI[ManagePermissionsActivity]#21](f:0,a:0) constructor()
10-20 00:39:41.800 28149 28149 D BLASTBufferQueue: [VRI[ManagePermissionsActivity]#21](f:0,a:0) update width=1080 height=2392 format=-1 mTransformHint=0
10-20 00:39:41.817 28149 29675 D BLASTBufferQueue: [VRI[ManagePermissionsActivity]#21](f:0,a:1) acquireNextBufferLocked size=1080x2392 mFrameNumber=1 applyTransaction=true mTimestamp=661903693854374(auto) mPendingTransactions.size=0 graphicBufferId=120899034415284 transform=0
10-20 00:39:41.826  1870  1976 I ActivityTaskManager: Displayed com.google.android.permissioncontroller/com.android.permissioncontroller.permission.ui.ManagePermissionsActivity for user 0: +152ms
10-20 00:39:41.843 28149 28149 V ImeFocusController: onWindowFocus: com.android.internal.policy.DecorView{c36828a V.E...... R......D 0,0-1080,2392}[ManagePermissionsActivity] softInputMode=STATE_UNSPECIFIED|ADJUST_RESIZE|IS_FORWARD_NAVIGATION
10-20 00:39:41.846  5589  5589 I GoogleInputMethodService: GoogleInputMethodService.onFinishInput():2085 
10-20 00:39:41.846  5589  5589 I Module  : DeviceLockedStatusModuleProvider$Module.updateDeviceLockedStatus():100 repeatCheckTimes = 0, locked = false
10-20 00:39:41.846  5589  5589 I GoogleInputMethodService: GoogleInputMethodService.onStartInput():1346 onStartInput(EditorInfo{EditorInfo{packageName=com.google.android.permissioncontroller, inputType=0, inputTypeString=NULL, enableLearning=false, autoCorrection=false, autoComplete=false, imeOptions=0, privateImeOptions=null, actionName=UNSPECIFIED, actionLabel=null, initialSelStart=-1, initialSelEnd=-1, initialCapsMode=0, label=null, fieldId=0, fieldName=null, extras=null, hintText=null, hintLocales=[]}}, false)
10-20 00:39:41.847  5589  5589 I Module  : DeviceLockedStatusModuleProvider$Module.updateDeviceLockedStatus():100 repeatCheckTimes = 1, locked = false
10-20 00:39:41.982 15711 19686 I ReactNativeJS: ' Current ride loaded:', 'none'
10-20 00:39:41.982 15711 19686 I ReactNativeJS:  Loading pending ride notifications...
10-20 00:39:42.141 21104 21184 I FusedLocation: (REDACTED) location delivery to %s blocked - too fast
10-20 00:39:42.142 21104 21184 I FusedLocation: (REDACTED) location delivery to %s blocked - too fast
10-20 00:39:42.143 21104 21184 I FusedLocation: (REDACTED) location delivery to %s blocked - too fast
10-20 00:39:42.143 21104 21184 I FusedLocation: (REDACTED) location delivery to %s blocked - too close
10-20 00:39:42.143 21104 21184 I FusedLocation: (REDACTED) location delivery to %s blocked - too fast
10-20 00:39:42.143 21104 21184 I FusedLocation: (REDACTED) location delivery to %s blocked - too fast
10-20 00:39:42.189 15711 19686 I ReactNativeJS:  Found 0 unread ride notifications
10-20 00:39:42.190 15711 15711 D VRI[MainActivity]: visibilityChanged oldVisibility=true newVisibility=false
10-20 00:39:42.192 28149 28149 D VRI[GrantPermissionsActivity]: visibilityChanged oldVisibility=true newVisibility=false
10-20 00:39:42.202 28149 28149 D ViewRootImpl: AppSizeAfterRelayout, size: Point(1202, 177), rotation: ROTATION_0
10-20 00:39:42.202 28149 28149 D BLASTBufferQueue: [VRI[GrantPermissionsActivity]#20](f:0,a:0) destructor()
10-20 00:39:42.202 28149 28149 D BufferQueueConsumer: [VRI[GrantPermissionsActivity]#20(BLAST Consumer)20](id:6df500000014,api:0,p:-1,c:28149) disconnect
10-20 00:39:42.212 21104 19782 I FusedLocation: (REDACTED) stationary throttling engaged @%s
10-20 00:39:42.217 15711 15711 D ViewRootImpl: AppSizeAfterRelayout, size: Point(1080, 2392), rotation: ROTATION_0
10-20 00:39:42.217 15711 15711 D BLASTBufferQueue: [VRI[MainActivity]#0](f:0,a:4) destructor()
10-20 00:39:42.217 15711 15711 D BufferQueueConsumer: [VRI[MainActivity]#0(BLAST Consumer)0](id:3d5f00000000,api:0,p:-1,c:15711) disconnect
10-20 00:39:42.220 21104 19782 I FusedOrientationManager: Unregistering orientation client. [CONTEXT service_id=6 ]
10-20 00:39:42.227 15711 19686 I ReactNativeJS: ' TripCompletionModal RENDER - visible:', false
10-20 00:39:42.229 15711 19686 I ReactNativeJS: ' tripData:', '{\n  "distance": 0,\n  "duration": 0,\n  "fareBreakdown": {\n    "booking_type": "regular",\n    "vehicle_type": "sedan",\n    "base_fare": 0,\n    "distance_fare": 0,\n    "time_fare": 0,\n    "surge_charges": 0,\n    "deadhead_charges": 0,\n    "platform_fee": 0,\n    "gst_on_charges": 0,\n    "gst_on_platform_fee": 0,\n    "extra_km_charges": 0,\n    "driver_allowance": 0,\n    "total_fare": 0,\n    "details": {\n      "actual_distance_km": 0,\n      "actual_duration_minutes": 0,\n      "per_km_rate": 0\n    }\n  },\n  "pickup_address": "",\n  "destination_address": "",\n  "booking_type": "regular",\n  "rental_hours": null\n}'
10-20 00:39:42.229 15711 19686 I ReactNativeJS:  Not visible - returning null
10-20 00:39:42.233 15711 19686 I ReactNativeJS:  No pending ride notifications
10-20 00:39:42.234 15711 19686 I ReactNativeJS: === RIDES SCREEN STATE DEBUG ===
10-20 00:39:42.234 15711 19686 I ReactNativeJS:  Component state updated:
10-20 00:39:42.234 15711 19686 I ReactNativeJS: '  - Current ride:', 'null'
10-20 00:39:42.234 15711 19686 I ReactNativeJS: '  - Pending rides count:', 0
10-20 00:39:42.235 15711 19686 I ReactNativeJS: '  - Driver status:', 'online'
10-20 00:39:42.235 15711 19686 I ReactNativeJS: '  - Loading:', true
10-20 00:39:42.235 15711 19686 I ReactNativeJS: '  - Error:', null
10-20 00:39:42.235 15711 19686 I ReactNativeJS: '  - Show modal:', false
10-20 00:39:42.235 15711 19686 I ReactNativeJS: '  - Timestamp:', '2025-10-19T19:09:42.235Z'
10-20 00:39:42.235 15711 19686 I ReactNativeJS:  NO CURRENT RIDE - showing empty state
10-20 00:39:42.235 15711 19686 I ReactNativeJS: === RIDE REQUEST MODAL LOGIC DEBUG ===
10-20 00:39:42.235 15711 19686 I ReactNativeJS:  Checking if should show ride request modal:
10-20 00:39:42.235 15711 19686 I ReactNativeJS: '  - Pending rides:', 0
10-20 00:39:42.236 15711 19686 I ReactNativeJS: '  - Modal already showing:', false
10-20 00:39:42.236 15711 19686 I ReactNativeJS: '  - Driver status:', 'online'
10-20 00:39:42.236 15711 19686 I ReactNativeJS: '  - Has current ride:', false
10-20 00:39:42.236 15711 19686 I ReactNativeJS:  NOT SHOWING MODAL - reasons:
10-20 00:39:42.236 15711 19686 I ReactNativeJS: ' Analysis:', { pendingRidesCount: 0,
10-20 00:39:42.236 15711 19686 I ReactNativeJS:   modalAlreadyShowing: false,
10-20 00:39:42.236 15711 19686 I ReactNativeJS:   driverStatus: 'online',
10-20 00:39:42.236 15711 19686 I ReactNativeJS:   hasCurrentRide: false }
10-20 00:39:42.248 15711 19686 I ReactNativeJS: ' TripCompletionModal RENDER - visible:', false
10-20 00:39:42.248 15711 19686 I ReactNativeJS: ' tripData:', '{\n  "distance": 0,\n  "duration": 0,\n  "fareBreakdown": {\n    "booking_type": "regular",\n    "vehicle_type": "sedan",\n    "base_fare": 0,\n    "distance_fare": 0,\n    "time_fare": 0,\n    "surge_charges": 0,\n    "deadhead_charges": 0,\n    "platform_fee": 0,\n    "gst_on_charges": 0,\n    "gst_on_platform_fee": 0,\n    "extra_km_charges": 0,\n    "driver_allowance": 0,\n    "total_fare": 0,\n    "details": {\n      "actual_distance_km": 0,\n      "actual_duration_minutes": 0,\n      "per_km_rate": 0\n    }\n  },\n  "pickup_address": "",\n  "destination_address": "",\n  "booking_type": "regular",\n  "rental_hours": null\n}'
10-20 00:39:42.248 15711 19686 I ReactNativeJS:  Not visible - returning null
10-20 00:39:42.252 15711 19686 I ReactNativeJS: === RIDES SCREEN STATE DEBUG ===
10-20 00:39:42.252 15711 19686 I ReactNativeJS:  Component state updated:
10-20 00:39:42.252 15711 19686 I ReactNativeJS: '  - Current ride:', 'null'
10-20 00:39:42.252 15711 19686 I ReactNativeJS: '  - Pending rides count:', 0
10-20 00:39:42.253 15711 19686 I ReactNativeJS: '  - Driver status:', 'online'
10-20 00:39:42.253 15711 19686 I ReactNativeJS: '  - Loading:', false
10-20 00:39:42.253 15711 19686 I ReactNativeJS: '  - Error:', null
10-20 00:39:42.253 15711 19686 I ReactNativeJS: '  - Show modal:', false
10-20 00:39:42.254 15711 19686 I ReactNativeJS: '  - Timestamp:', '2025-10-19T19:09:42.253Z'
10-20 00:39:42.254 15711 19686 I ReactNativeJS:  NO CURRENT RIDE - showing empty state
10-20 00:39:42.257 15711 19686 I ReactNativeJNI: Memory warning (pressure level: TRIM_MEMORY_UI_HIDDEN) received by JS VM, ignoring because it's non-severe
10-20 00:39:42.271 15711 19686 I ReactNativeJS: === SENDING LOCATION TO EDGE FUNCTION ===
10-20 00:39:42.272 15711 19686 I ReactNativeJS: 'Driver User ID:', '6c03a657-c3e4-466e-b49c-324c2d051ce9'
10-20 00:39:42.273 15711 19686 I ReactNativeJS: 'Location:', { latitude: 12.7486217,
10-20 00:39:42.273 15711 19686 I ReactNativeJS:   longitude: 77.8299525,
10-20 00:39:42.273 15711 19686 I ReactNativeJS:   accuracy: 12.201000213623047 }
10-20 00:39:42.274 15711 19686 I ReactNativeJS:  Updating location via RPC...
10-20 00:39:42.511 15711 19686 I ReactNativeJS: ' Location', 'updated', 'successfully via RPC'
10-20 00:39:43.449 28149 28149 I AppPermissionViewModel: Permission changed via UI with sessionId=-508936230929088843 changeId=-5840319933626024062 uid=10408 packageName=com.a1taxi.driverpro permission=android.permission.ACCESS_BACKGROUND_LOCATION isGranted=true permissionFlags=2817 buttonPressed=4
10-20 00:39:44.364  5589  5589 I StylusModule: StylusModule.onUpdateToolType():800 Update tool type = 0
10-20 00:39:44.449 15711 15711 D ViewRootImpl: AppSizeAfterRelayout, size: Point(1080, 2392), rotation: ROTATION_0
10-20 00:39:44.450 15711 15711 D BufferQueueConsumer: [](id:3d5f00000003,api:0,p:-1,c:15711) connect: controlledByApp=false
10-20 00:39:44.450 15711 15711 D BLASTBufferQueue: [VRI[MainActivity]#3](f:0,a:0) constructor()
10-20 00:39:44.450 15711 15711 D BLASTBufferQueue: [VRI[MainActivity]#3](f:0,a:0) update width=1080 height=2392 format=-1 mTransformHint=0
10-20 00:39:44.453 21104 19782 I FusedLocation: stationary throttling disengaged [CONTEXT service_id=6 ]
10-20 00:39:44.456 15711 19661 D BLASTBufferQueue: [VRI[MainActivity]#3](f:0,a:1) acquireNextBufferLocked size=1080x2392 mFrameNumber=1 applyTransaction=true mTimestamp=661906332485528(auto) mPendingTransactions.size=0 graphicBufferId=67478231187477 transform=0
10-20 00:39:44.457 28149 28149 D ViewRootImpl: AppSizeAfterRelayout, size: Point(1202, 177), rotation: ROTATION_0
10-20 00:39:44.458 28149 28149 D BufferQueueConsumer: [](id:6df500000016,api:0,p:-1,c:28149) connect: controlledByApp=false
10-20 00:39:44.458 28149 28149 D BLASTBufferQueue: [VRI[GrantPermissionsActivity]#22](f:0,a:0) constructor()
10-20 00:39:44.458 28149 28149 D BLASTBufferQueue: [VRI[GrantPermissionsActivity]#22](f:0,a:0) update width=1202 height=177 format=-2 mTransformHint=0
10-20 00:39:44.481  9946 15722 D Camera2PresenceSrc: System onCameraAccessPrioritiesChanged.
10-20 00:39:44.485 15711 19686 I ReactNativeJS:  Background location permission granted
10-20 00:39:44.487  9946 15719 D VivoJavaJsonManager: failed to find appName:host.exp.exponent from config key:mProtakePackages
10-20 00:39:44.487  9946 15719 D VivoJavaJsonManager: failed to find appName:host.exp.exponent from config key:mProtakePackages
10-20 00:39:44.488  9946 15719 D VivoJavaJsonManager: failed to find appName:host.exp.exponent from config key:mProtakePackages
10-20 00:39:44.488  9946 15719 D VivoJavaJsonManager: failed to find appName:host.exp.exponent from config key:mProtakePackages
10-20 00:39:44.496  9946 15719 D Camera2PresenceSrc: [FetchData] Refreshed camera list: CameraIdentifier{cameraIds=0}, CameraIdentifier{cameraIds=1}
10-20 00:39:44.505 15711 19686 I ReactNativeJS:  Auto-refreshing rides (2-second interval)...
10-20 00:39:44.505 15711 19686 I ReactNativeJS: === LOADING RIDES ===
10-20 00:39:44.505 15711 19686 I ReactNativeJS: 'Driver ID:', '43d81d7d-e647-46cf-8599-11f63996b03e'
10-20 00:39:44.505 15711 19686 I ReactNativeJS: 'Driver User ID:', '6c03a657-c3e4-466e-b49c-324c2d051ce9'
10-20 00:39:44.508 15711 15711 V ImeFocusController: onWindowFocus: com.android.internal.policy.DecorView{e311d29 V.E...... R......D 0,0-1080,2392 aid=0}[MainActivity] softInputMode=STATE_UNSPECIFIED|ADJUST_RESIZE
10-20 00:39:44.510 15711 19686 I ReactNativeJS: ' TripCompletionModal RENDER - visible:', false
10-20 00:39:44.510 15711 19686 I ReactNativeJS: ' tripData:', '{\n  "distance": 0,\n  "duration": 0,\n  "fareBreakdown": {\n    "booking_type": "regular",\n    "vehicle_type": "sedan",\n    "base_fare": 0,\n    "distance_fare": 0,\n    "time_fare": 0,\n    "surge_charges": 0,\n    "deadhead_charges": 0,\n    "platform_fee": 0,\n    "gst_on_charges": 0,\n    "gst_on_platform_fee": 0,\n    "extra_km_charges": 0,\n    "driver_allowance": 0,\n    "total_fare": 0,\n    "details": {\n      "actual_distance_km": 0,\n      "actual_duration_minutes": 0,\n      "per_km_rate": 0\n    }\n  },\n  "pickup_address": "",\n  "destination_address": "",\n  "booking_type": "regular",\n  "rental_hours": null\n}'
10-20 00:39:44.510 15711 19686 I ReactNativeJS:  Not visible - returning null
10-20 00:39:44.512 15711 19686 I ReactNativeJS:  Loading current ride...
10-20 00:39:44.515 15711 19676 I TaskService: Registered task with name 'background-location-task' for app with scoping identifier 'com.a1taxi.driverpro'.
10-20 00:39:44.515  5589  5589 I GoogleInputMethodService: GoogleInputMethodService.onFinishInput():2085 
10-20 00:39:44.516  5589  5589 I Module  : DeviceLockedStatusModuleProvider$Module.updateDeviceLockedStatus():100 repeatCheckTimes = 0, locked = false
10-20 00:39:44.517  5589  5589 I GoogleInputMethodService: GoogleInputMethodService.onStartInput():1346 onStartInput(EditorInfo{EditorInfo{packageName=com.a1taxi.driverpro, inputType=0, inputTypeString=NULL, enableLearning=false, autoCorrection=false, autoComplete=false, imeOptions=0, privateImeOptions=null, actionName=UNSPECIFIED, actionLabel=null, initialSelStart=-1, initialSelEnd=-1, initialCapsMode=0, label=null, fieldId=0, fieldName=null, extras=null, hintText=null, hintLocales=[]}}, false)
10-20 00:39:44.524 15711 19686 I ReactNativeJS: === RIDES SCREEN STATE DEBUG ===
10-20 00:39:44.525 15711 19686 I ReactNativeJS:  Component state updated:
10-20 00:39:44.525 15711 19686 I ReactNativeJS: '  - Current ride:', 'null'
10-20 00:39:44.525 15711 19686 I ReactNativeJS: '  - Pending rides count:', 0
10-20 00:39:44.525 15711 19686 I ReactNativeJS: '  - Driver status:', 'online'
10-20 00:39:44.525 15711 19686 I ReactNativeJS: '  - Loading:', true
10-20 00:39:44.525 15711 19686 I ReactNativeJS: '  - Error:', null
10-20 00:39:44.525 15711 19686 I ReactNativeJS: '  - Show modal:', false
10-20 00:39:44.525 15711 19686 I ReactNativeJS: '  - Timestamp:', '2025-10-19T19:09:44.525Z'
10-20 00:39:44.525 15711 19686 I ReactNativeJS:  NO CURRENT RIDE - showing empty state
10-20 00:39:44.531  5589  5589 I Module  : DeviceLockedStatusModuleProvider$Module.updateDeviceLockedStatus():100 repeatCheckTimes = 1, locked = false
10-20 00:39:44.537 15711 19676 I TaskService: Registered task with name 'background-fetch-task' for app with scoping identifier 'com.a1taxi.driverpro'.
10-20 00:39:44.537 15711 19686 I ReactNativeJS:  Background location tracking started
10-20 00:39:44.537 15711 19686 I ReactNativeJS:  Foreground service notification will be shown
10-20 00:39:44.537 15711 19686 I ReactNativeJS:  Location will update every 5 seconds even when app is closed
10-20 00:39:44.542 15711 19686 I ReactNativeJS: ' TripCompletionModal RENDER - visible:', false
10-20 00:39:44.542 15711 19686 I ReactNativeJS: ' tripData:', '{\n  "distance": 0,\n  "duration": 0,\n  "fareBreakdown": {\n    "booking_type": "regular",\n    "vehicle_type": "sedan",\n    "base_fare": 0,\n    "distance_fare": 0,\n    "time_fare": 0,\n    "surge_charges": 0,\n    "deadhead_charges": 0,\n    "platform_fee": 0,\n    "gst_on_charges": 0,\n    "gst_on_platform_fee": 0,\n    "extra_km_charges": 0,\n    "driver_allowance": 0,\n    "total_fare": 0,\n    "details": {\n      "actual_distance_km": 0,\n      "actual_duration_minutes": 0,\n      "per_km_rate": 0\n    }\n  },\n  "pickup_address": "",\n  "destination_address": "",\n  "booking_type": "regular",\n  "rental_hours": null\n}'
10-20 00:39:44.542 15711 19686 I ReactNativeJS:  Not visible - returning null
10-20 00:39:44.547 15711 19686 I ReactNativeJS: ' TripCompletionModal RENDER - visible:', false
10-20 00:39:44.547 15711 19686 I ReactNativeJS: ' tripData:', '{\n  "distance": 0,\n  "duration": 0,\n  "fareBreakdown": {\n    "booking_type": "regular",\n    "vehicle_type": "sedan",\n    "base_fare": 0,\n    "distance_fare": 0,\n    "time_fare": 0,\n    "surge_charges": 0,\n    "deadhead_charges": 0,\n    "platform_fee": 0,\n    "gst_on_charges": 0,\n    "gst_on_platform_fee": 0,\n    "extra_km_charges": 0,\n    "driver_allowance": 0,\n    "total_fare": 0,\n    "details": {\n      "actual_distance_km": 0,\n      "actual_duration_minutes": 0,\n      "per_km_rate": 0\n    }\n  },\n  "pickup_address": "",\n  "destination_address": "",\n  "booking_type": "regular",\n  "rental_hours": null\n}'
10-20 00:39:44.547 15711 19686 I ReactNativeJS:  Not visible - returning null
10-20 00:39:44.548 15711 19686 I ReactNativeJS:  Background location tracking started successfully
10-20 00:39:44.548 15711 19686 I ReactNativeJS:  Driver location will be sent every 5 seconds even when app is closed
10-20 00:39:44.548 15711 19686 I ReactNativeJS: === DRIVER STATUS CHANGE DETECTED ===
10-20 00:39:44.548 15711 19686 I ReactNativeJS: 'Driver:', 'Moorthy'
10-20 00:39:44.548 15711 19686 I ReactNativeJS: 'Driver Status:', 'online'
10-20 00:39:44.548 15711 19686 I ReactNativeJS: 'Driver User ID:', '6c03a657-c3e4-466e-b49c-324c2d051ce9'
10-20 00:39:44.548 15711 19686 I ReactNativeJS: 'Driver Verified:', true
10-20 00:39:44.548 15711 19686 I ReactNativeJS:  Checking conditions:
10-20 00:39:44.548 15711 19686 I ReactNativeJS: '  - driver exists:', true
10-20 00:39:44.548 15711 19686 I ReactNativeJS: '  - status is online/busy:', true
10-20 00:39:44.548 15711 19686 I ReactNativeJS: '  - locationPermission:', true
10-20 00:39:44.548 15711 19686 I ReactNativeJS: '  - NOT isTracking:', false
10-20 00:39:44.548 15711 19686 I ReactNativeJS: '  - NOT isBackgroundTrackingActive:', false
10-20 00:39:44.548 15711 19686 I ReactNativeJS: '  - NOT isHandlingActiveDriver:', false
10-20 00:39:44.548 15711 19686 I ReactNativeJS:  Conditions not met for starting location tracking
10-20 00:39:44.555 15711 19686 I ReactNativeJS: ' TripCompletionModal RENDER - visible:', false
10-20 00:39:44.555 15711 19686 I ReactNativeJS: ' tripData:', '{\n  "distance": 0,\n  "duration": 0,\n  "fareBreakdown": {\n    "booking_type": "regular",\n    "vehicle_type": "sedan",\n    "base_fare": 0,\n    "distance_fare": 0,\n    "time_fare": 0,\n    "surge_charges": 0,\n    "deadhead_charges": 0,\n    "platform_fee": 0,\n    "gst_on_charges": 0,\n    "gst_on_platform_fee": 0,\n    "extra_km_charges": 0,\n    "driver_allowance": 0,\n    "total_fare": 0,\n    "details": {\n      "actual_distance_km": 0,\n      "actual_duration_minutes": 0,\n      "per_km_rate": 0\n    }\n  },\n  "pickup_address": "",\n  "destination_address": "",\n  "booking_type": "regular",\n  "rental_hours": null\n}'
10-20 00:39:44.555 15711 19686 I ReactNativeJS:  Not visible - returning null
10-20 00:39:44.560 15711 19686 I ReactNativeJS: === DRIVER STATUS CHANGE DETECTED ===
10-20 00:39:44.560 15711 19686 I ReactNativeJS: 'Driver:', 'Moorthy'
10-20 00:39:44.560 15711 19686 I ReactNativeJS: 'Driver Status:', 'online'
10-20 00:39:44.560 15711 19686 I ReactNativeJS: 'Driver User ID:', '6c03a657-c3e4-466e-b49c-324c2d051ce9'
10-20 00:39:44.560 15711 19686 I ReactNativeJS: 'Driver Verified:', true
10-20 00:39:44.560 15711 19686 I ReactNativeJS:  Checking conditions:
10-20 00:39:44.560 15711 19686 I ReactNativeJS: '  - driver exists:', true
10-20 00:39:44.560 15711 19686 I ReactNativeJS: '  - status is online/busy:', true
10-20 00:39:44.560 15711 19686 I ReactNativeJS: '  - locationPermission:', true
10-20 00:39:44.560 15711 19686 I ReactNativeJS: '  - NOT isTracking:', false
10-20 00:39:44.560 15711 19686 I ReactNativeJS: '  - NOT isBackgroundTrackingActive:', false
10-20 00:39:44.560 15711 19686 I ReactNativeJS: '  - NOT isHandlingActiveDriver:', true
10-20 00:39:44.561 15711 19686 I ReactNativeJS:  Conditions not met for starting location tracking
10-20 00:39:44.572 21104 19782 I FusedOrientationManager: Registering orientation client. [CONTEXT service_id=6 ]
10-20 00:39:44.584 21104 21184 W inertial-anchor: Triggering reinit due to mag declination change
10-20 00:39:44.584 21104 21184 W Looper  : Looper already prepared for this thread with a different value for the LOOPER_PREPARE_ALLOW_NON_CALLBACKS option.
10-20 00:39:44.616 15711 15711 I TaskService: Handling intent with task name 'background-location-task' and app scoping identifier 'com.a1taxi.driverpro'.
10-20 00:39:44.616 21104 19764 I AlarmManager: set [name: SystemMemoryMap-flp type: 2 triggerAtMillis: 9223372036854775806 windowMillis: -1 intervalMillis: 0]
10-20 00:39:44.639  9946 15550 I TRuntime.CctTransportBackend: Making request to: https://firebaselogging.googleapis.com/v0cc/log/batch?format=json_proto3
10-20 00:39:44.640 28149 28164 W ssioncontroller: ApkAssets: Deleting an ApkAssets object '<empty> and /data/app/~~5-EtbKhINSN2xUSXFAKqOA==/com.a1taxi.driverpro-Esb-bMEGDnyrmLPRDdzhdQ==/base.apk' with 1 weak references
10-20 00:39:44.766 28149 28149 D VRI[ManagePermissionsActivity]: visibilityChanged oldVisibility=true newVisibility=false
10-20 00:39:44.786 15711 19686 I ReactNativeJS: ' Current ride loaded:', 'none'
10-20 00:39:44.786 15711 19686 I ReactNativeJS:  Loading pending ride notifications...
10-20 00:39:44.795 28149 28149 D ViewRootImpl: AppSizeAfterRelayout, size: Point(1080, 2392), rotation: ROTATION_0
10-20 00:39:44.796 28149 28149 D BLASTBufferQueue: [VRI[ManagePermissionsActivity]#21](f:0,a:4) destructor()
10-20 00:39:44.796 28149 28149 D BufferQueueConsumer: [VRI[ManagePermissionsActivity]#21(BLAST Consumer)21](id:6df500000015,api:0,p:-1,c:28149) disconnect
10-20 00:39:44.835 28149 28149 W WindowOnBackDispatcher: sendCancelIfRunning: isInProgress=false callback=android.view.ViewRootImpl$$ExternalSyntheticLambda11@d0bd4cf
10-20 00:39:44.847 28149 28149 W WindowOnBackDispatcher: sendCancelIfRunning: isInProgress=false callback=android.view.ViewRootImpl$$ExternalSyntheticLambda11@d4baa1
10-20 00:39:44.854 28149 29675 D BLASTBufferQueue: [VRI[GrantPermissionsActivity]#22](f:0,a:0) destructor()
10-20 00:39:44.855 28149 29675 D BufferQueueConsumer: [VRI[GrantPermissionsActivity]#22(BLAST Consumer)22](id:6df500000016,api:0,p:-1,c:28149) disconnect
10-20 00:39:44.973  9946 15550 I TRuntime.CctTransportBackend: Status Code: 200
10-20 00:39:44.998 15711 19686 I ReactNativeJS:  Found 0 unread ride notifications
10-20 00:39:44.998  9946 15722 D Camera2PresenceSrc: System onCameraAccessPrioritiesChanged.
10-20 00:39:45.000  9946 15722 D VivoJavaJsonManager: failed to find appName:host.exp.exponent from config key:mProtakePackages
10-20 00:39:45.000  9946 15722 D VivoJavaJsonManager: failed to find appName:host.exp.exponent from config key:mProtakePackages
10-20 00:39:45.000  9946 15722 D VivoJavaJsonManager: failed to find appName:host.exp.exponent from config key:mProtakePackages
10-20 00:39:45.000  9946 15722 D VivoJavaJsonManager: failed to find appName:host.exp.exponent from config key:mProtakePackages
10-20 00:39:45.000  9946 15722 D Camera2PresenceSrc: [FetchData] Refreshed camera list: CameraIdentifier{cameraIds=0}, CameraIdentifier{cameraIds=1}
10-20 00:39:45.006 15711 19686 I ReactNativeJS: ' TripCompletionModal RENDER - visible:', false
10-20 00:39:45.006  9946 15719 D Camera2PresenceSrc: System onCameraAccessPrioritiesChanged.
10-20 00:39:45.007 15711 19686 I ReactNativeJS: ' tripData:', '{\n  "distance": 0,\n  "duration": 0,\n  "fareBreakdown": {\n    "booking_type": "regular",\n    "vehicle_type": "sedan",\n    "base_fare": 0,\n    "distance_fare": 0,\n    "time_fare": 0,\n    "surge_charges": 0,\n    "deadhead_charges": 0,\n    "platform_fee": 0,\n    "gst_on_charges": 0,\n    "gst_on_platform_fee": 0,\n    "extra_km_charges": 0,\n    "driver_allowance": 0,\n    "total_fare": 0,\n    "details": {\n      "actual_distance_km": 0,\n      "actual_duration_minutes": 0,\n      "per_km_rate": 0\n    }\n  },\n  "pickup_address": "",\n  "destination_address": "",\n  "booking_type": "regular",\n  "rental_hours": null\n}'
10-20 00:39:45.007 15711 19686 I ReactNativeJS:  Not visible - returning null
10-20 00:39:45.008 15711 19686 I ReactNativeJS:  No pending ride notifications
10-20 00:39:45.008 15711 19686 I ReactNativeJS: === RIDES SCREEN STATE DEBUG ===
10-20 00:39:45.008 15711 19686 I ReactNativeJS:  Component state updated:
10-20 00:39:45.008 15711 19686 I ReactNativeJS: '  - Current ride:', 'null'
10-20 00:39:45.008 15711 19686 I ReactNativeJS: '  - Pending rides count:', 0
10-20 00:39:45.009 15711 19686 I ReactNativeJS: '  - Driver status:', 'online'
10-20 00:39:45.009 15711 19686 I ReactNativeJS: '  - Loading:', true
10-20 00:39:45.009 15711 19686 I ReactNativeJS: '  - Error:', null
10-20 00:39:45.009 15711 19686 I ReactNativeJS: '  - Show modal:', false
10-20 00:39:45.009 15711 19686 I ReactNativeJS: '  - Timestamp:', '2025-10-19T19:09:45.009Z'
10-20 00:39:45.009 15711 19686 I ReactNativeJS:  NO CURRENT RIDE - showing empty state
10-20 00:39:45.009 15711 19686 I ReactNativeJS: === RIDE REQUEST MODAL LOGIC DEBUG ===
10-20 00:39:45.009 15711 19686 I ReactNativeJS:  Checking if should show ride request modal:
10-20 00:39:45.009 15711 19686 I ReactNativeJS: '  - Pending rides:', 0
10-20 00:39:45.009 15711 19686 I ReactNativeJS: '  - Modal already showing:', false
10-20 00:39:45.009 15711 19686 I ReactNativeJS: '  - Driver status:', 'online'
10-20 00:39:45.009 15711 19686 I ReactNativeJS: '  - Has current ride:', false
10-20 00:39:45.009 15711 19686 I ReactNativeJS:  NOT SHOWING MODAL - reasons:
10-20 00:39:45.009 15711 19686 I ReactNativeJS: ' Analysis:', { pendingRidesCount: 0,
10-20 00:39:45.009 15711 19686 I ReactNativeJS:   modalAlreadyShowing: false,
10-20 00:39:45.009 15711 19686 I ReactNativeJS:   driverStatus: 'online',
10-20 00:39:45.009 15711 19686 I ReactNativeJS:   hasCurrentRide: false }
10-20 00:39:45.011  9946 15722 D VivoJavaJsonManager: failed to find appName:host.exp.exponent from config key:mProtakePackages
10-20 00:39:45.011  9946 15722 D VivoJavaJsonManager: failed to find appName:host.exp.exponent from config key:mProtakePackages
10-20 00:39:45.011  9946 15722 D VivoJavaJsonManager: failed to find appName:host.exp.exponent from config key:mProtakePackages
10-20 00:39:45.011  9946 15722 D VivoJavaJsonManager: failed to find appName:host.exp.exponent from config key:mProtakePackages
10-20 00:39:45.011  9946 15722 D Camera2PresenceSrc: [FetchData] Refreshed camera list: CameraIdentifier{cameraIds=0}, CameraIdentifier{cameraIds=1}
10-20 00:39:45.013 15711 19686 I ReactNativeJS: ' TripCompletionModal RENDER - visible:', false
10-20 00:39:45.014 15711 19686 I ReactNativeJS: ' tripData:', '{\n  "distance": 0,\n  "duration": 0,\n  "fareBreakdown": {\n    "booking_type": "regular",\n    "vehicle_type": "sedan",\n    "base_fare": 0,\n    "distance_fare": 0,\n    "time_fare": 0,\n    "surge_charges": 0,\n    "deadhead_charges": 0,\n    "platform_fee": 0,\n    "gst_on_charges": 0,\n    "gst_on_platform_fee": 0,\n    "extra_km_charges": 0,\n    "driver_allowance": 0,\n    "total_fare": 0,\n    "details": {\n      "actual_distance_km": 0,\n      "actual_duration_minutes": 0,\n      "per_km_rate": 0\n    }\n  },\n  "pickup_address": "",\n  "destination_address": "",\n  "booking_type": "regular",\n  "rental_hours": null\n}'
10-20 00:39:45.014 15711 19686 I ReactNativeJS:  Not visible - returning null
10-20 00:39:45.015 15711 19686 I ReactNativeJS: === RIDES SCREEN STATE DEBUG ===
10-20 00:39:45.015 15711 19686 I ReactNativeJS:  Component state updated:
10-20 00:39:45.015 15711 19686 I ReactNativeJS: '  - Current ride:', 'null'
10-20 00:39:45.015 15711 19686 I ReactNativeJS: '  - Pending rides count:', 0
10-20 00:39:45.015 15711 19686 I ReactNativeJS: '  - Driver status:', 'online'
10-20 00:39:45.015 15711 19686 I ReactNativeJS: '  - Loading:', false
10-20 00:39:45.015 15711 19686 I ReactNativeJS: '  - Error:', null
10-20 00:39:45.015 15711 19686 I ReactNativeJS: '  - Show modal:', false
10-20 00:39:45.015 15711 19686 I ReactNativeJS: '  - Timestamp:', '2025-10-19T19:09:45.015Z'
10-20 00:39:45.015 15711 19686 I ReactNativeJS:  NO CURRENT RIDE - showing empty state
10-20 00:39:45.326  5589  6019 I ProtoXDBBufferWrapper: ProtoXDBBufferWrapper.flushToStorage():158 Flushed 6 data item(s) to storage.
10-20 00:39:45.495 15711 19686 I ReactNativeJS: === LOADING SCHEDULED BOOKINGS ===
10-20 00:39:45.496 15711 19686 I ReactNativeJS: 'Driver ID:', '43d81d7d-e647-46cf-8599-11f63996b03e'
10-20 00:39:45.499 15711 19686 I ReactNativeJS: === NAVIGATION CHECK ===
10-20 00:39:45.499 15711 19686 I ReactNativeJS: 'In auth group:', false
10-20 00:39:45.499 15711 19686 I ReactNativeJS: 'Has session:', false
10-20 00:39:45.499 15711 19686 I ReactNativeJS: 'Has driver:', true
10-20 00:39:45.499 15711 19686 I ReactNativeJS: 'Current segments:', [ '(tabs)', 'scheduled' ]
10-20 00:39:45.499 15711 19686 I ReactNativeJS: 'Loading state:', false
10-20 00:39:45.500 15711 19686 I ReactNativeJS: 'Is authenticated:', { id: '43d81d7d-e647-46cf-8599-11f63996b03e',
10-20 00:39:45.500 15711 19686 I ReactNativeJS:   user_id: '6c03a657-c3e4-466e-b49c-324c2d051ce9',
10-20 00:39:45.500 15711 19686 I ReactNativeJS:   license_number: 'TN78BB1468',
10-20 00:39:45.500 15711 19686 I ReactNativeJS:   license_expiry: '2026-01-31',
10-20 00:39:45.500 15711 19686 I ReactNativeJS:   status: 'online',
10-20 00:39:45.500 15711 19686 I ReactNativeJS:   rating: 5,
10-20 00:39:45.500 15711 19686 I ReactNativeJS:   total_rides: 0,
10-20 00:39:45.500 15711 19686 I ReactNativeJS:   is_verified: true,
10-20 00:39:45.500 15711 19686 I ReactNativeJS:   vehicle_id: '5be07165-04d0-4d23-affa-95b66e11804a',
10-20 00:39:45.500 15711 19686 I ReactNativeJS:   vendor_id: null,
10-20 00:39:45.500 15711 19686 I ReactNativeJS:   phone_number: '9898989898',
10-20 00:39:45.500 15711 19686 I ReactNativeJS:   name: 'Moorthy',
10-20 00:39:45.500 15711 19686 I ReactNativeJS:   created_at: '2025-10-07T12:35:55.781671+00:00',
10-20 00:39:45.500 15711 19686 I ReactNativeJS:   updated_at: '2025-10-19T19:09:05.493798+00:00',
10-20 00:39:45.500 15711 19686 I ReactNativeJS:   vehicles: 
10-20 00:39:45.500 15711 19686 I ReactNativeJS:    { id: '5be07165-04d0-4d23-affa-95b66e11804a',
10-20 00:39:45.500 15711 19686 I ReactNativeJS:      registration_number: 'KA01NC2100',
10-20 00:39:45.500 15711 19686 I ReactNativeJS:      make: 'Maruthi',
10-20 00:39:45.500 15711 19686 I ReactNativeJS:      model: 'Swift',
10-20 00:39:45.500 15711 19686 I ReactNativeJS:      year: 2021,
10-20 00:39:45.500 15711 19686 I ReactNativeJS:      color: 'White',
10-20 00:39:45.500 15711 19686 I ReactNativeJS:      vehicle_type: 'sedan_ac',
10-20 00:39:45.500 15711 19686 I ReactNativeJS:      capacity: 4 },
10-20 00:39:45.500 15711 19686 I ReactNativeJS:   user: 
10-20 00:39:45.500 15711 19686 I ReactNativeJS:    { id: '6c03a657-c3e4-466e-b49c-324c2d051ce9',
10-20 00:39:45.500 15711 19686 I ReactNativeJS:      email: 'moorthy@gmail.com',
10-20 00:39:45.500 15711 19686 I ReactNativeJS:      role: 'driver',
10-20 00:39:45.500 15711 19686 I ReactNativeJS:      full_name: 'Moorthy',
10-20 00:39:45.500 15711 19686 I ReactNativeJS:      phone_number: '9898989898',
10-20 00:39:45.500 15711 19686 I ReactNativeJS:      avatar_url: null,
10-20 00:39:45.500 15711 19686 I ReactNativeJS:      is_active: true,
10-20 00:39:45.500 15711 19686 I ReactNativeJS:      created_at: '2025-10-07T12:35:55.310024+00:00',
10-20 00:39:45.500 15711 19686 I ReactNativeJS:      updated_at: '2025-10-07T12:35:55.310024+00:00' },
