10-20 22:59:29.964 27060 27485 I ReactNativeJS: 'Driver User ID:', '1c4ac410-54d8-4b5e-960b-3afcbebd115d'
10-20 22:59:29.969 27060 27485 I ReactNativeJS: 'ğŸ¯ğŸ¯ğŸ¯ TripCompletionModal RENDER - visible:', false
10-20 22:59:29.969 27060 27485 I ReactNativeJS: 'ğŸ¯ğŸ¯ğŸ¯ tripData:', '{\n  "distance": 0,\n  "duration": 0,\n  "fareBreakdown": {\n    "booking_type": "regular",\n    "vehicle_type": "sedan",\n    "base_fare": 0,\n    "distance_fare": 0,\n    "time_fare": 0,\n    "surge_charges": 0,\n    "deadhead_charges": 0,\n    "platform_fee": 0,\n    "gst_on_charges": 0,\n    "gst_on_platform_fee": 0,\n    "extra_km_charges": 0,\n    "driver_allowance": 0,\n    "total_fare": 0,\n    "details": {\n      "actual_distance_km": 0,\n      "actual_duration_minutes": 0,\n      "per_km_rate": 0\n    }\n  },\n  "pickup_address": "",\n  "destination_address": "",\n  "booking_type": "regular",\n  "rental_hours": null\n}'
10-20 22:59:29.969 27060 27485 I ReactNativeJS: âŒ Not visible - returning null
10-20 22:59:29.971 27060 27485 I ReactNativeJS: ğŸ” Loading current ride...
10-20 22:59:29.973 27060 27485 I ReactNativeJS: === RIDES SCREEN STATE DEBUG ===
10-20 22:59:29.973 27060 27485 I ReactNativeJS: ğŸ”„ Component state updated:
10-20 22:59:29.973 27060 27485 I ReactNativeJS: '  - Current ride:', 'null'
10-20 22:59:29.973 27060 27485 I ReactNativeJS: '  - Pending rides count:', 0
10-20 22:59:29.973 27060 27485 I ReactNativeJS: '  - Driver status:', 'online'
10-20 22:59:29.973 27060 27485 I ReactNativeJS: '  - Loading:', true
10-20 22:59:29.973 27060 27485 I ReactNativeJS: '  - Error:', null
10-20 22:59:29.973 27060 27485 I ReactNativeJS: '  - Show modal:', false
10-20 22:59:29.973 27060 27485 I ReactNativeJS: '  - Timestamp:', '2025-10-20T17:29:29.973Z'
10-20 22:59:29.973 27060 27485 I ReactNativeJS: âŒ NO CURRENT RIDE - showing empty state
10-20 22:59:30.307 27060 27485 I ReactNativeJS: 'âœ… Current ride loaded:', 'none'
10-20 22:59:30.307 27060 27485 I ReactNativeJS: ğŸ” Loading pending ride notifications...
10-20 22:59:30.580 27060 27485 I ReactNativeJS: ğŸ“‹ Found 0 unread ride notifications
10-20 22:59:30.592 27060 27485 I ReactNativeJS: 'ğŸ¯ğŸ¯ğŸ¯ TripCompletionModal RENDER - visible:', false
10-20 22:59:30.593 27060 27485 I ReactNativeJS: 'ğŸ¯ğŸ¯ğŸ¯ tripData:', '{\n  "distance": 0,\n  "duration": 0,\n  "fareBreakdown": {\n    "booking_type": "regular",\n    "vehicle_type": "sedan",\n    "base_fare": 0,\n    "distance_fare": 0,\n    "time_fare": 0,\n    "surge_charges": 0,\n    "deadhead_charges": 0,\n    "platform_fee": 0,\n    "gst_on_charges": 0,\n    "gst_on_platform_fee": 0,\n    "extra_km_charges": 0,\n    "driver_allowance": 0,\n    "total_fare": 0,\n    "details": {\n      "actual_distance_km": 0,\n      "actual_duration_minutes": 0,\n      "per_km_rate": 0\n    }\n  },\n  "pickup_address": "",\n  "destination_address": "",\n  "booking_type": "regular",\n  "rental_hours": null\n}'
10-20 22:59:30.593 27060 27485 I ReactNativeJS: âŒ Not visible - returning null
10-20 22:59:30.595 27060 27485 I ReactNativeJS: âœ… No pending ride notifications
10-20 22:59:30.595 27060 27485 I ReactNativeJS: === RIDES SCREEN STATE DEBUG ===
10-20 22:59:30.595 27060 27485 I ReactNativeJS: ğŸ”„ Component state updated:
10-20 22:59:30.595 27060 27485 I ReactNativeJS: '  - Current ride:', 'null'
10-20 22:59:30.595 27060 27485 I ReactNativeJS: '  - Pending rides count:', 0
10-20 22:59:30.595 27060 27485 I ReactNativeJS: '  - Driver status:', 'online'
10-20 22:59:30.596 27060 27485 I ReactNativeJS: '  - Loading:', true
10-20 22:59:30.596 27060 27485 I ReactNativeJS: '  - Error:', null
10-20 22:59:30.596 27060 27485 I ReactNativeJS: '  - Show modal:', false
10-20 22:59:30.596 27060 27485 I ReactNativeJS: '  - Timestamp:', '2025-10-20T17:29:30.596Z'
10-20 22:59:30.596 27060 27485 I ReactNativeJS: âŒ NO CURRENT RIDE - showing empty state
10-20 22:59:30.596 27060 27485 I ReactNativeJS: === RIDE REQUEST MODAL LOGIC DEBUG ===
10-20 22:59:30.596 27060 27485 I ReactNativeJS: ğŸ”„ Checking if should show ride request modal:
10-20 22:59:30.596 27060 27485 I ReactNativeJS: '  - Pending rides:', 0
10-20 22:59:30.596 27060 27485 I ReactNativeJS: '  - Modal already showing:', false
10-20 22:59:30.596 27060 27485 I ReactNativeJS: '  - Driver status:', 'online'
10-20 22:59:30.596 27060 27485 I ReactNativeJS: '  - Has current ride:', false
10-20 22:59:30.596 27060 27485 I ReactNativeJS: âŒ NOT SHOWING MODAL - reasons:
10-20 22:59:30.597 27060 27485 I ReactNativeJS: 'ğŸš— Analysis:', { pendingRidesCount: 0,
10-20 22:59:30.597 27060 27485 I ReactNativeJS:   modalAlreadyShowing: false,
10-20 22:59:30.597 27060 27485 I ReactNativeJS:   driverStatus: 'online',
10-20 22:59:30.597 27060 27485 I ReactNativeJS:   hasCurrentRide: false }
10-20 22:59:30.602 27060 27485 I ReactNativeJS: 'ğŸ¯ğŸ¯ğŸ¯ TripCompletionModal RENDER - visible:', false
10-20 22:59:30.602 27060 27485 I ReactNativeJS: 'ğŸ¯ğŸ¯ğŸ¯ tripData:', '{\n  "distance": 0,\n  "duration": 0,\n  "fareBreakdown": {\n    "booking_type": "regular",\n    "vehicle_type": "sedan",\n    "base_fare": 0,\n    "distance_fare": 0,\n    "time_fare": 0,\n    "surge_charges": 0,\n    "deadhead_charges": 0,\n    "platform_fee": 0,\n    "gst_on_charges": 0,\n    "gst_on_platform_fee": 0,\n    "extra_km_charges": 0,\n    "driver_allowance": 0,\n    "total_fare": 0,\n    "details": {\n      "actual_distance_km": 0,\n      "actual_duration_minutes": 0,\n      "per_km_rate": 0\n    }\n  },\n  "pickup_address": "",\n  "destination_address": "",\n  "booking_type": "regular",\n  "rental_hours": null\n}'
10-20 22:59:30.602 27060 27485 I ReactNativeJS: âŒ Not visible - returning null
10-20 22:59:30.604 27060 27485 I ReactNativeJS: === RIDES SCREEN STATE DEBUG ===
10-20 22:59:30.604 27060 27485 I ReactNativeJS: ğŸ”„ Component state updated:
10-20 22:59:30.604 27060 27485 I ReactNativeJS: '  - Current ride:', 'null'
10-20 22:59:30.604 27060 27485 I ReactNativeJS: '  - Pending rides count:', 0
10-20 22:59:30.604 27060 27485 I ReactNativeJS: '  - Driver status:', 'online'
10-20 22:59:30.604 27060 27485 I ReactNativeJS: '  - Loading:', false
10-20 22:59:30.604 27060 27485 I ReactNativeJS: '  - Error:', null
10-20 22:59:30.604 27060 27485 I ReactNativeJS: '  - Show modal:', false
10-20 22:59:30.604 27060 27485 I ReactNativeJS: '  - Timestamp:', '2025-10-20T17:29:30.604Z'
10-20 22:59:30.604 27060 27485 I ReactNativeJS: âŒ NO CURRENT RIDE - showing empty state
10-20 22:59:31.964 27060 27485 I ReactNativeJS: ğŸ”„ Auto-refreshing rides (2-second interval)...
10-20 22:59:31.964 27060 27485 I ReactNativeJS: === LOADING RIDES ===
10-20 22:59:31.964 27060 27485 I ReactNativeJS: 'Driver ID:', 'eb91d7e5-e2f2-4021-a8c8-3739a3d4cae4'
10-20 22:59:31.965 27060 27485 I ReactNativeJS: 'Driver User ID:', '1c4ac410-54d8-4b5e-960b-3afcbebd115d'
10-20 22:59:31.969 27060 27485 I ReactNativeJS: 'ğŸ¯ğŸ¯ğŸ¯ TripCompletionModal RENDER - visible:', false
10-20 22:59:31.969 27060 27485 I ReactNativeJS: 'ğŸ¯ğŸ¯ğŸ¯ tripData:', '{\n  "distance": 0,\n  "duration": 0,\n  "fareBreakdown": {\n    "booking_type": "regular",\n    "vehicle_type": "sedan",\n    "base_fare": 0,\n    "distance_fare": 0,\n    "time_fare": 0,\n    "surge_charges": 0,\n    "deadhead_charges": 0,\n    "platform_fee": 0,\n    "gst_on_charges": 0,\n    "gst_on_platform_fee": 0,\n    "extra_km_charges": 0,\n    "driver_allowance": 0,\n    "total_fare": 0,\n    "details": {\n      "actual_distance_km": 0,\n      "actual_duration_minutes": 0,\n      "per_km_rate": 0\n    }\n  },\n  "pickup_address": "",\n  "destination_address": "",\n  "booking_type": "regular",\n  "rental_hours": null\n}'
10-20 22:59:31.969 27060 27485 I ReactNativeJS: âŒ Not visible - returning null
10-20 22:59:31.970 27060 27485 I ReactNativeJS: ğŸ” Loading current ride...
10-20 22:59:31.972 27060 27485 I ReactNativeJS: === RIDES SCREEN STATE DEBUG ===
10-20 22:59:31.972 27060 27485 I ReactNativeJS: ğŸ”„ Component state updated:
10-20 22:59:31.972 27060 27485 I ReactNativeJS: '  - Current ride:', 'null'
10-20 22:59:31.972 27060 27485 I ReactNativeJS: '  - Pending rides count:', 0
10-20 22:59:31.972 27060 27485 I ReactNativeJS: '  - Driver status:', 'online'
10-20 22:59:31.972 27060 27485 I ReactNativeJS: '  - Loading:', true
10-20 22:59:31.972 27060 27485 I ReactNativeJS: '  - Error:', null
10-20 22:59:31.972 27060 27485 I ReactNativeJS: '  - Show modal:', false
10-20 22:59:31.972 27060 27485 I ReactNativeJS: '  - Timestamp:', '2025-10-20T17:29:31.972Z'
10-20 22:59:31.972 27060 27485 I ReactNativeJS: âŒ NO CURRENT RIDE - showing empty state
10-20 22:59:32.240 27060 27485 I ReactNativeJS: 'âœ… Current ride loaded:', 'none'
10-20 22:59:32.240 27060 27485 I ReactNativeJS: ğŸ” Loading pending ride notifications...
10-20 22:59:32.517 27060 27485 I ReactNativeJS: ğŸ“‹ Found 0 unread ride notifications
10-20 22:59:32.529 27060 27485 I ReactNativeJS: 'ğŸ¯ğŸ¯ğŸ¯ TripCompletionModal RENDER - visible:', false
10-20 22:59:32.529 27060 27485 I ReactNativeJS: 'ğŸ¯ğŸ¯ğŸ¯ tripData:', '{\n  "distance": 0,\n  "duration": 0,\n  "fareBreakdown": {\n    "booking_type": "regular",\n    "vehicle_type": "sedan",\n    "base_fare": 0,\n    "distance_fare": 0,\n    "time_fare": 0,\n    "surge_charges": 0,\n    "deadhead_charges": 0,\n    "platform_fee": 0,\n    "gst_on_charges": 0,\n    "gst_on_platform_fee": 0,\n    "extra_km_charges": 0,\n    "driver_allowance": 0,\n    "total_fare": 0,\n    "details": {\n      "actual_distance_km": 0,\n      "actual_duration_minutes": 0,\n      "per_km_rate": 0\n    }\n  },\n  "pickup_address": "",\n  "destination_address": "",\n  "booking_type": "regular",\n  "rental_hours": null\n}'
10-20 22:59:32.530 27060 27485 I ReactNativeJS: âŒ Not visible - returning null
10-20 22:59:32.532 27060 27485 I ReactNativeJS: âœ… No pending ride notifications
10-20 22:59:32.532 27060 27485 I ReactNativeJS: === RIDES SCREEN STATE DEBUG ===
10-20 22:59:32.532 27060 27485 I ReactNativeJS: ğŸ”„ Component state updated:
10-20 22:59:32.532 27060 27485 I ReactNativeJS: '  - Current ride:', 'null'
10-20 22:59:32.532 27060 27485 I ReactNativeJS: '  - Pending rides count:', 0
10-20 22:59:32.532 27060 27485 I ReactNativeJS: '  - Driver status:', 'online'
10-20 22:59:32.533 27060 27485 I ReactNativeJS: '  - Loading:', true
10-20 22:59:32.533 27060 27485 I ReactNativeJS: '  - Error:', null
10-20 22:59:32.533 27060 27485 I ReactNativeJS: '  - Show modal:', false
10-20 22:59:32.533 27060 27485 I ReactNativeJS: '  - Timestamp:', '2025-10-20T17:29:32.533Z'
10-20 22:59:32.533 27060 27485 I ReactNativeJS: âŒ NO CURRENT RIDE - showing empty state
10-20 22:59:32.533 27060 27485 I ReactNativeJS: === RIDE REQUEST MODAL LOGIC DEBUG ===
10-20 22:59:32.533 27060 27485 I ReactNativeJS: ğŸ”„ Checking if should show ride request modal:
10-20 22:59:32.533 27060 27485 I ReactNativeJS: '  - Pending rides:', 0
10-20 22:59:32.533 27060 27485 I ReactNativeJS: '  - Modal already showing:', false
10-20 22:59:32.533 27060 27485 I ReactNativeJS: '  - Driver status:', 'online'
10-20 22:59:32.533 27060 27485 I ReactNativeJS: '  - Has current ride:', false
10-20 22:59:32.533 27060 27485 I ReactNativeJS: âŒ NOT SHOWING MODAL - reasons:
10-20 22:59:32.533 27060 27485 I ReactNativeJS: 'ğŸš— Analysis:', { pendingRidesCount: 0,
10-20 22:59:32.533 27060 27485 I ReactNativeJS:   modalAlreadyShowing: false,
10-20 22:59:32.533 27060 27485 I ReactNativeJS:   driverStatus: 'online',
10-20 22:59:32.533 27060 27485 I ReactNativeJS:   hasCurrentRide: false }
10-20 22:59:32.539 27060 27485 I ReactNativeJS: 'ğŸ¯ğŸ¯ğŸ¯ TripCompletionModal RENDER - visible:', false
10-20 22:59:32.539 27060 27485 I ReactNativeJS: 'ğŸ¯ğŸ¯ğŸ¯ tripData:', '{\n  "distance": 0,\n  "duration": 0,\n  "fareBreakdown": {\n    "booking_type": "regular",\n    "vehicle_type": "sedan",\n    "base_fare": 0,\n    "distance_fare": 0,\n    "time_fare": 0,\n    "surge_charges": 0,\n    "deadhead_charges": 0,\n    "platform_fee": 0,\n    "gst_on_charges": 0,\n    "gst_on_platform_fee": 0,\n    "extra_km_charges": 0,\n    "driver_allowance": 0,\n    "total_fare": 0,\n    "details": {\n      "actual_distance_km": 0,\n      "actual_duration_minutes": 0,\n      "per_km_rate": 0\n    }\n  },\n  "pickup_address": "",\n  "destination_address": "",\n  "booking_type": "regular",\n  "rental_hours": null\n}'
10-20 22:59:32.539 27060 27485 I ReactNativeJS: âŒ Not visible - returning null
10-20 22:59:32.541 27060 27485 I ReactNativeJS: === RIDES SCREEN STATE DEBUG ===
10-20 22:59:32.541 27060 27485 I ReactNativeJS: ğŸ”„ Component state updated:
10-20 22:59:32.541 27060 27485 I ReactNativeJS: '  - Current ride:', 'null'
10-20 22:59:32.541 27060 27485 I ReactNativeJS: '  - Pending rides count:', 0
10-20 22:59:32.541 27060 27485 I ReactNativeJS: '  - Driver status:', 'online'
10-20 22:59:32.541 27060 27485 I ReactNativeJS: '  - Loading:', false
10-20 22:59:32.541 27060 27485 I ReactNativeJS: '  - Error:', null
10-20 22:59:32.541 27060 27485 I ReactNativeJS: '  - Show modal:', false
10-20 22:59:32.541 27060 27485 I ReactNativeJS: '  - Timestamp:', '2025-10-20T17:29:32.541Z'
10-20 22:59:32.541 27060 27485 I ReactNativeJS: âŒ NO CURRENT RIDE - showing empty state
10-20 22:59:32.675 21104 21188 W Settings: Setting airplane_mode_on has moved from android.provider.Settings.System to android.provider.Settings.Global, returning read-only value.
10-20 22:59:32.679 21104 28537 W SystemServiceRegistry: No service published for: wifirtt
10-20 22:59:32.695 21104 22225 I WifiScanner: onFullResults
10-20 22:59:32.695 21104 22647 I WifiScanner: onFullResults
10-20 22:59:32.695 21104 22225 I WifiScanner: onFullResults
10-20 22:59:32.760 21104 27974 I FrewleTileCacheManagerV: (REDACTED) Fetched %d AP models from cache
10-20 22:59:32.783 21104 21184 I FusedLocation: (REDACTED) location delivery to %s blocked - too fast
10-20 22:59:32.784 21104 21184 I FusedLocation: (REDACTED) location delivery to %s blocked - too close
10-20 22:59:32.785 21104 21184 I FusedLocation: (REDACTED) location delivery to %s blocked - too fast
10-20 22:59:32.786 21104 21184 I FusedLocation: (REDACTED) location delivery to %s blocked - too close
10-20 22:59:32.787 21104 21184 I FusedLocation: (REDACTED) location delivery to %s blocked - too close
10-20 22:59:32.788 21104 21184 I FusedLocation: (REDACTED) location delivery to %s blocked - too close
10-20 22:59:32.788 21104 21184 I FusedLocation: (REDACTED) location delivery to %s blocked - too fast
10-20 22:59:32.789 21104 21184 I fznc    : Received empty WiFi-RTT scan. [CONTEXT service_id=6 ]
10-20 22:59:33.965 27060 27485 I ReactNativeJS: ğŸ”„ Auto-refreshing rides (2-second interval)...
10-20 22:59:33.966 27060 27485 I ReactNativeJS: === LOADING RIDES ===
10-20 22:59:33.966 27060 27485 I ReactNativeJS: 'Driver ID:', 'eb91d7e5-e2f2-4021-a8c8-3739a3d4cae4'
10-20 22:59:33.966 27060 27485 I ReactNativeJS: 'Driver User ID:', '1c4ac410-54d8-4b5e-960b-3afcbebd115d'
10-20 22:59:33.970 27060 27485 I ReactNativeJS: 'ğŸ¯ğŸ¯ğŸ¯ TripCompletionModal RENDER - visible:', false
10-20 22:59:33.970 27060 27485 I ReactNativeJS: 'ğŸ¯ğŸ¯ğŸ¯ tripData:', '{\n  "distance": 0,\n  "duration": 0,\n  "fareBreakdown": {\n    "booking_type": "regular",\n    "vehicle_type": "sedan",\n    "base_fare": 0,\n    "distance_fare": 0,\n    "time_fare": 0,\n    "surge_charges": 0,\n    "deadhead_charges": 0,\n    "platform_fee": 0,\n    "gst_on_charges": 0,\n    "gst_on_platform_fee": 0,\n    "extra_km_charges": 0,\n    "driver_allowance": 0,\n    "total_fare": 0,\n    "details": {\n      "actual_distance_km": 0,\n      "actual_duration_minutes": 0,\n      "per_km_rate": 0\n    }\n  },\n  "pickup_address": "",\n  "destination_address": "",\n  "booking_type": "regular",\n  "rental_hours": null\n}'
10-20 22:59:33.970 27060 27485 I ReactNativeJS: âŒ Not visible - returning null
10-20 22:59:33.971 27060 27485 I ReactNativeJS: ğŸ” Loading current ride...
10-20 22:59:33.973 27060 27485 I ReactNativeJS: === RIDES SCREEN STATE DEBUG ===
10-20 22:59:33.973 27060 27485 I ReactNativeJS: ğŸ”„ Component state updated:
10-20 22:59:33.973 27060 27485 I ReactNativeJS: '  - Current ride:', 'null'
10-20 22:59:33.973 27060 27485 I ReactNativeJS: '  - Pending rides count:', 0
10-20 22:59:33.973 27060 27485 I ReactNativeJS: '  - Driver status:', 'online'
10-20 22:59:33.973 27060 27485 I ReactNativeJS: '  - Loading:', true
10-20 22:59:33.973 27060 27485 I ReactNativeJS: '  - Error:', null
10-20 22:59:33.973 27060 27485 I ReactNativeJS: '  - Show modal:', false
10-20 22:59:33.973 27060 27485 I ReactNativeJS: '  - Timestamp:', '2025-10-20T17:29:33.973Z'
10-20 22:59:33.973 27060 27485 I ReactNativeJS: âŒ NO CURRENT RIDE - showing empty state
10-20 22:59:34.227 27060 27485 I ReactNativeJS: 'âœ… Current ride loaded:', 'none'
10-20 22:59:34.227 27060 27485 I ReactNativeJS: ğŸ” Loading pending ride notifications...
10-20 22:59:34.473 27060 27485 I ReactNativeJS: ğŸ“‹ Found 0 unread ride notifications
10-20 22:59:34.477 21104 21184 I FusedLocation: (REDACTED) location delivery to %s blocked - too close
10-20 22:59:34.478 21104 21184 I FusedLocation: (REDACTED) location delivery to %s blocked - too fast
10-20 22:59:34.479 27060 27485 I ReactNativeJS: 'ğŸ¯ğŸ¯ğŸ¯ TripCompletionModal RENDER - visible:', false
10-20 22:59:34.479 21104 21184 I FusedLocation: (REDACTED) location delivery to %s blocked - too close
10-20 22:59:34.480 27060 27485 I ReactNativeJS: 'ğŸ¯ğŸ¯ğŸ¯ tripData:', '{\n  "distance": 0,\n  "duration": 0,\n  "fareBreakdown": {\n    "booking_type": "regular",\n    "vehicle_type": "sedan",\n    "base_fare": 0,\n    "distance_fare": 0,\n    "time_fare": 0,\n    "surge_charges": 0,\n    "deadhead_charges": 0,\n    "platform_fee": 0,\n    "gst_on_charges": 0,\n    "gst_on_platform_fee": 0,\n    "extra_km_charges": 0,\n    "driver_allowance": 0,\n    "total_fare": 0,\n    "details": {\n      "actual_distance_km": 0,\n      "actual_duration_minutes": 0,\n      "per_km_rate": 0\n    }\n  },\n  "pickup_address": "",\n  "destination_address": "",\n  "booking_type": "regular",\n  "rental_hours": null\n}'
10-20 22:59:34.480 27060 27485 I ReactNativeJS: âŒ Not visible - returning null
10-20 22:59:34.481 21104 21184 I FusedLocation: (REDACTED) location delivery to %s blocked - too close
10-20 22:59:34.481 27060 27485 I ReactNativeJS: âœ… No pending ride notifications
10-20 22:59:34.482 27060 27485 I ReactNativeJS: === RIDES SCREEN STATE DEBUG ===
10-20 22:59:34.482 27060 27485 I ReactNativeJS: ğŸ”„ Component state updated:
10-20 22:59:34.482 27060 27485 I ReactNativeJS: '  - Current ride:', 'null'
10-20 22:59:34.482 27060 27485 I ReactNativeJS: '  - Pending rides count:', 0
10-20 22:59:34.482 27060 27485 I ReactNativeJS: '  - Driver status:', 'online'
10-20 22:59:34.482 21104 21184 I FusedLocation: (REDACTED) location delivery to %s blocked - too close
10-20 22:59:34.482 27060 27485 I ReactNativeJS: '  - Loading:', true
10-20 22:59:34.482 27060 27485 I ReactNativeJS: '  - Error:', null
10-20 22:59:34.482 27060 27485 I ReactNativeJS: '  - Show modal:', false
10-20 22:59:34.482 27060 27485 I ReactNativeJS: '  - Timestamp:', '2025-10-20T17:29:34.482Z'
10-20 22:59:34.482 27060 27485 I ReactNativeJS: âŒ NO CURRENT RIDE - showing empty state
10-20 22:59:34.482 27060 27485 I ReactNativeJS: === RIDE REQUEST MODAL LOGIC DEBUG ===
10-20 22:59:34.482 27060 27485 I ReactNativeJS: ğŸ”„ Checking if should show ride request modal:
10-20 22:59:34.482 27060 27485 I ReactNativeJS: '  - Pending rides:', 0
10-20 22:59:34.482 27060 27485 I ReactNativeJS: '  - Modal already showing:', false
10-20 22:59:34.482 27060 27485 I ReactNativeJS: '  - Driver status:', 'online'
10-20 22:59:34.483 27060 27485 I ReactNativeJS: '  - Has current ride:', false
10-20 22:59:34.483 27060 27485 I ReactNativeJS: âŒ NOT SHOWING MODAL - reasons:
10-20 22:59:34.483 21104 21184 I FusedLocation: (REDACTED) location delivery to %s blocked - too fast
10-20 22:59:34.483 27060 27485 I ReactNativeJS: 'ğŸš— Analysis:', { pendingRidesCount: 0,
10-20 22:59:34.483 27060 27485 I ReactNativeJS:   modalAlreadyShowing: false,
10-20 22:59:34.483 27060 27485 I ReactNativeJS:   driverStatus: 'online',
10-20 22:59:34.483 27060 27485 I ReactNativeJS:   hasCurrentRide: false }
10-20 22:59:34.487 27060 27485 I ReactNativeJS: 'ğŸ¯ğŸ¯ğŸ¯ TripCompletionModal RENDER - visible:', false
10-20 22:59:34.487 27060 27485 I ReactNativeJS: 'ğŸ¯ğŸ¯ğŸ¯ tripData:', '{\n  "distance": 0,\n  "duration": 0,\n  "fareBreakdown": {\n    "booking_type": "regular",\n    "vehicle_type": "sedan",\n    "base_fare": 0,\n    "distance_fare": 0,\n    "time_fare": 0,\n    "surge_charges": 0,\n    "deadhead_charges": 0,\n    "platform_fee": 0,\n    "gst_on_charges": 0,\n    "gst_on_platform_fee": 0,\n    "extra_km_charges": 0,\n    "driver_allowance": 0,\n    "total_fare": 0,\n    "details": {\n      "actual_distance_km": 0,\n      "actual_duration_minutes": 0,\n      "per_km_rate": 0\n    }\n  },\n  "pickup_address": "",\n  "destination_address": "",\n  "booking_type": "regular",\n  "rental_hours": null\n}'
10-20 22:59:34.487 27060 27485 I ReactNativeJS: âŒ Not visible - returning null
10-20 22:59:34.489 27060 27485 I ReactNativeJS: === RIDES SCREEN STATE DEBUG ===
10-20 22:59:34.489 27060 27485 I ReactNativeJS: ğŸ”„ Component state updated:
10-20 22:59:34.489 27060 27485 I ReactNativeJS: '  - Current ride:', 'null'
10-20 22:59:34.489 27060 27485 I ReactNativeJS: '  - Pending rides count:', 0
10-20 22:59:34.489 27060 27485 I ReactNativeJS: '  - Driver status:', 'online'
10-20 22:59:34.489 27060 27485 I ReactNativeJS: '  - Loading:', false
10-20 22:59:34.489 27060 27485 I ReactNativeJS: '  - Error:', null
10-20 22:59:34.489 27060 27485 I ReactNativeJS: '  - Show modal:', false
10-20 22:59:34.489 27060 27485 I ReactNativeJS: '  - Timestamp:', '2025-10-20T17:29:34.489Z'
10-20 22:59:34.489 27060 27485 I ReactNativeJS: âŒ NO CURRENT RIDE - showing empty state
10-20 22:59:35.969 27060 27485 I ReactNativeJS: ğŸ”„ Auto-refreshing rides (2-second interval)...
10-20 22:59:35.969 27060 27485 I ReactNativeJS: === LOADING RIDES ===
10-20 22:59:35.969 27060 27485 I ReactNativeJS: 'Driver ID:', 'eb91d7e5-e2f2-4021-a8c8-3739a3d4cae4'
10-20 22:59:35.969 27060 27485 I ReactNativeJS: 'Driver User ID:', '1c4ac410-54d8-4b5e-960b-3afcbebd115d'
10-20 22:59:35.977 27060 27485 I ReactNativeJS: 'ğŸ¯ğŸ¯ğŸ¯ TripCompletionModal RENDER - visible:', false
10-20 22:59:35.977 27060 27485 I ReactNativeJS: 'ğŸ¯ğŸ¯ğŸ¯ tripData:', '{\n  "distance": 0,\n  "duration": 0,\n  "fareBreakdown": {\n    "booking_type": "regular",\n    "vehicle_type": "sedan",\n    "base_fare": 0,\n    "distance_fare": 0,\n    "time_fare": 0,\n    "surge_charges": 0,\n    "deadhead_charges": 0,\n    "platform_fee": 0,\n    "gst_on_charges": 0,\n    "gst_on_platform_fee": 0,\n    "extra_km_charges": 0,\n    "driver_allowance": 0,\n    "total_fare": 0,\n    "details": {\n      "actual_distance_km": 0,\n      "actual_duration_minutes": 0,\n      "per_km_rate": 0\n    }\n  },\n  "pickup_address": "",\n  "destination_address": "",\n  "booking_type": "regular",\n  "rental_hours": null\n}'
10-20 22:59:35.977 27060 27485 I ReactNativeJS: âŒ Not visible - returning null
10-20 22:59:35.979 27060 27485 I ReactNativeJS: ğŸ” Loading current ride...
10-20 22:59:35.982 27060 27485 I ReactNativeJS: === RIDES SCREEN STATE DEBUG ===
10-20 22:59:35.982 27060 27485 I ReactNativeJS: ğŸ”„ Component state updated:
10-20 22:59:35.982 27060 27485 I ReactNativeJS: '  - Current ride:', 'null'
10-20 22:59:35.982 27060 27485 I ReactNativeJS: '  - Pending rides count:', 0
10-20 22:59:35.983 27060 27485 I ReactNativeJS: '  - Driver status:', 'online'
10-20 22:59:35.983 27060 27485 I ReactNativeJS: '  - Loading:', true
10-20 22:59:35.983 27060 27485 I ReactNativeJS: '  - Error:', null
10-20 22:59:35.983 27060 27485 I ReactNativeJS: '  - Show modal:', false
10-20 22:59:35.983 27060 27485 I ReactNativeJS: '  - Timestamp:', '2025-10-20T17:29:35.983Z'
10-20 22:59:35.983 27060 27485 I ReactNativeJS: âŒ NO CURRENT RIDE - showing empty state
10-20 22:59:36.281 27060 27485 I ReactNativeJS: 'âœ… Current ride loaded:', 'none'
10-20 22:59:36.281 27060 27485 I ReactNativeJS: ğŸ” Loading pending ride notifications...
10-20 22:59:36.561 27060 27485 I ReactNativeJS: ğŸ“‹ Found 0 unread ride notifications
10-20 22:59:36.566 27060 27485 I ReactNativeJS: 'ğŸ¯ğŸ¯ğŸ¯ TripCompletionModal RENDER - visible:', false
10-20 22:59:36.566 27060 27485 I ReactNativeJS: 'ğŸ¯ğŸ¯ğŸ¯ tripData:', '{\n  "distance": 0,\n  "duration": 0,\n  "fareBreakdown": {\n    "booking_type": "regular",\n    "vehicle_type": "sedan",\n    "base_fare": 0,\n    "distance_fare": 0,\n    "time_fare": 0,\n    "surge_charges": 0,\n    "deadhead_charges": 0,\n    "platform_fee": 0,\n    "gst_on_charges": 0,\n    "gst_on_platform_fee": 0,\n    "extra_km_charges": 0,\n    "driver_allowance": 0,\n    "total_fare": 0,\n    "details": {\n      "actual_distance_km": 0,\n      "actual_duration_minutes": 0,\n      "per_km_rate": 0\n    }\n  },\n  "pickup_address": "",\n  "destination_address": "",\n  "booking_type": "regular",\n  "rental_hours": null\n}'
10-20 22:59:36.566 27060 27485 I ReactNativeJS: âŒ Not visible - returning null
10-20 22:59:36.567 27060 27485 I ReactNativeJS: âœ… No pending ride notifications
10-20 22:59:36.568 27060 27485 I ReactNativeJS: === RIDES SCREEN STATE DEBUG ===
10-20 22:59:36.568 27060 27485 I ReactNativeJS: ğŸ”„ Component state updated:
10-20 22:59:36.568 27060 27485 I ReactNativeJS: '  - Current ride:', 'null'
10-20 22:59:36.568 27060 27485 I ReactNativeJS: '  - Pending rides count:', 0
10-20 22:59:36.568 27060 27485 I ReactNativeJS: '  - Driver status:', 'online'
10-20 22:59:36.568 27060 27485 I ReactNativeJS: '  - Loading:', true
10-20 22:59:36.568 27060 27485 I ReactNativeJS: '  - Error:', null
10-20 22:59:36.568 27060 27485 I ReactNativeJS: '  - Show modal:', false
10-20 22:59:36.568 27060 27485 I ReactNativeJS: '  - Timestamp:', '2025-10-20T17:29:36.568Z'
10-20 22:59:36.568 27060 27485 I ReactNativeJS: âŒ NO CURRENT RIDE - showing empty state
10-20 22:59:36.568 27060 27485 I ReactNativeJS: === RIDE REQUEST MODAL LOGIC DEBUG ===
10-20 22:59:36.568 27060 27485 I ReactNativeJS: ğŸ”„ Checking if should show ride request modal:
10-20 22:59:36.568 27060 27485 I ReactNativeJS: '  - Pending rides:', 0
10-20 22:59:36.568 27060 27485 I ReactNativeJS: '  - Modal already showing:', false
10-20 22:59:36.569 27060 27485 I ReactNativeJS: '  - Driver status:', 'online'
10-20 22:59:36.569 27060 27485 I ReactNativeJS: '  - Has current ride:', false
10-20 22:59:36.569 27060 27485 I ReactNativeJS: âŒ NOT SHOWING MODAL - reasons:
10-20 22:59:36.569 27060 27485 I ReactNativeJS: 'ğŸš— Analysis:', { pendingRidesCount: 0,
10-20 22:59:36.569 27060 27485 I ReactNativeJS:   modalAlreadyShowing: false,
10-20 22:59:36.569 27060 27485 I ReactNativeJS:   driverStatus: 'online',
10-20 22:59:36.569 27060 27485 I ReactNativeJS:   hasCurrentRide: false }
10-20 22:59:36.575 27060 27485 I ReactNativeJS: 'ğŸ¯ğŸ¯ğŸ¯ TripCompletionModal RENDER - visible:', false
10-20 22:59:36.575 27060 27485 I ReactNativeJS: 'ğŸ¯ğŸ¯ğŸ¯ tripData:', '{\n  "distance": 0,\n  "duration": 0,\n  "fareBreakdown": {\n    "booking_type": "regular",\n    "vehicle_type": "sedan",\n    "base_fare": 0,\n    "distance_fare": 0,\n    "time_fare": 0,\n    "surge_charges": 0,\n    "deadhead_charges": 0,\n    "platform_fee": 0,\n    "gst_on_charges": 0,\n    "gst_on_platform_fee": 0,\n    "extra_km_charges": 0,\n    "driver_allowance": 0,\n    "total_fare": 0,\n    "details": {\n      "actual_distance_km": 0,\n      "actual_duration_minutes": 0,\n      "per_km_rate": 0\n    }\n  },\n  "pickup_address": "",\n  "destination_address": "",\n  "booking_type": "regular",\n  "rental_hours": null\n}'
10-20 22:59:36.576 27060 27485 I ReactNativeJS: âŒ Not visible - returning null
10-20 22:59:36.577 27060 27485 I ReactNativeJS: === RIDES SCREEN STATE DEBUG ===
10-20 22:59:36.577 27060 27485 I ReactNativeJS: ğŸ”„ Component state updated:
10-20 22:59:36.577 27060 27485 I ReactNativeJS: '  - Current ride:', 'null'
10-20 22:59:36.577 27060 27485 I ReactNativeJS: '  - Pending rides count:', 0
10-20 22:59:36.577 27060 27485 I ReactNativeJS: '  - Driver status:', 'online'
10-20 22:59:36.577 27060 27485 I ReactNativeJS: '  - Loading:', false
10-20 22:59:36.577 27060 27485 I ReactNativeJS: '  - Error:', null
10-20 22:59:36.577 27060 27485 I ReactNativeJS: '  - Show modal:', false
10-20 22:59:36.577 27060 27485 I ReactNativeJS: '  - Timestamp:', '2025-10-20T17:29:36.577Z'
10-20 22:59:36.577 27060 27485 I ReactNativeJS: âŒ NO CURRENT RIDE - showing empty state
10-20 22:59:37.705 21104 21188 W Settings: Setting airplane_mode_on has moved from android.provider.Settings.System to android.provider.Settings.Global, returning read-only value.
10-20 22:59:37.712 21104 28646 W SystemServiceRegistry: No service published for: wifirtt
10-20 22:59:37.969 27060 27485 I ReactNativeJS: ğŸ”„ Auto-refreshing rides (2-second interval)...
10-20 22:59:37.970 27060 27485 I ReactNativeJS: === LOADING RIDES ===
10-20 22:59:37.970 27060 27485 I ReactNativeJS: 'Driver ID:', 'eb91d7e5-e2f2-4021-a8c8-3739a3d4cae4'
10-20 22:59:37.971 27060 27485 I ReactNativeJS: 'Driver User ID:', '1c4ac410-54d8-4b5e-960b-3afcbebd115d'
10-20 22:59:37.977 27060 27485 I ReactNativeJS: 'ğŸ¯ğŸ¯ğŸ¯ TripCompletionModal RENDER - visible:', false
10-20 22:59:37.977 27060 27485 I ReactNativeJS: 'ğŸ¯ğŸ¯ğŸ¯ tripData:', '{\n  "distance": 0,\n  "duration": 0,\n  "fareBreakdown": {\n    "booking_type": "regular",\n    "vehicle_type": "sedan",\n    "base_fare": 0,\n    "distance_fare": 0,\n    "time_fare": 0,\n    "surge_charges": 0,\n    "deadhead_charges": 0,\n    "platform_fee": 0,\n    "gst_on_charges": 0,\n    "gst_on_platform_fee": 0,\n    "extra_km_charges": 0,\n    "driver_allowance": 0,\n    "total_fare": 0,\n    "details": {\n      "actual_distance_km": 0,\n      "actual_duration_minutes": 0,\n      "per_km_rate": 0\n    }\n  },\n  "pickup_address": "",\n  "destination_address": "",\n  "booking_type": "regular",\n  "rental_hours": null\n}'
10-20 22:59:37.977 27060 27485 I ReactNativeJS: âŒ Not visible - returning null
10-20 22:59:37.978 27060 27485 I ReactNativeJS: ğŸ” Loading current ride...
10-20 22:59:37.980 27060 27485 I ReactNativeJS: === RIDES SCREEN STATE DEBUG ===
10-20 22:59:37.980 27060 27485 I ReactNativeJS: ğŸ”„ Component state updated:
10-20 22:59:37.980 27060 27485 I ReactNativeJS: '  - Current ride:', 'null'
10-20 22:59:37.980 27060 27485 I ReactNativeJS: '  - Pending rides count:', 0
10-20 22:59:37.980 27060 27485 I ReactNativeJS: '  - Driver status:', 'online'
10-20 22:59:37.980 27060 27485 I ReactNativeJS: '  - Loading:', true
10-20 22:59:37.980 27060 27485 I ReactNativeJS: '  - Error:', null
10-20 22:59:37.980 27060 27485 I ReactNativeJS: '  - Show modal:', false
10-20 22:59:37.980 27060 27485 I ReactNativeJS: '  - Timestamp:', '2025-10-20T17:29:37.980Z'
10-20 22:59:37.980 27060 27485 I ReactNativeJS: âŒ NO CURRENT RIDE - showing empty state
10-20 22:59:38.365 27060 27485 I ReactNativeJS: 'âœ… Current ride loaded:', 'none'
10-20 22:59:38.365 27060 27485 I ReactNativeJS: ğŸ” Loading pending ride notifications...
10-20 22:59:38.652 27060 27485 I ReactNativeJS: ğŸ“‹ Found 0 unread ride notifications
10-20 22:59:38.666 27060 27485 I ReactNativeJS: 'ğŸ¯ğŸ¯ğŸ¯ TripCompletionModal RENDER - visible:', false
10-20 22:59:38.667 27060 27485 I ReactNativeJS: 'ğŸ¯ğŸ¯ğŸ¯ tripData:', '{\n  "distance": 0,\n  "duration": 0,\n  "fareBreakdown": {\n    "booking_type": "regular",\n    "vehicle_type": "sedan",\n    "base_fare": 0,\n    "distance_fare": 0,\n    "time_fare": 0,\n    "surge_charges": 0,\n    "deadhead_charges": 0,\n    "platform_fee": 0,\n    "gst_on_charges": 0,\n    "gst_on_platform_fee": 0,\n    "extra_km_charges": 0,\n    "driver_allowance": 0,\n    "total_fare": 0,\n    "details": {\n      "actual_distance_km": 0,\n      "actual_duration_minutes": 0,\n      "per_km_rate": 0\n    }\n  },\n  "pickup_address": "",\n  "destination_address": "",\n  "booking_type": "regular",\n  "rental_hours": null\n}'
10-20 22:59:38.667 27060 27485 I ReactNativeJS: âŒ Not visible - returning null
10-20 22:59:38.669 27060 27485 I ReactNativeJS: âœ… No pending ride notifications
10-20 22:59:38.670 27060 27485 I ReactNativeJS: === RIDES SCREEN STATE DEBUG ===
10-20 22:59:38.670 27060 27485 I ReactNativeJS: ğŸ”„ Component state updated:
10-20 22:59:38.670 27060 27485 I ReactNativeJS: '  - Current ride:', 'null'
10-20 22:59:38.670 27060 27485 I ReactNativeJS: '  - Pending rides count:', 0
10-20 22:59:38.670 27060 27485 I ReactNativeJS: '  - Driver status:', 'online'
10-20 22:59:38.670 27060 27485 I ReactNativeJS: '  - Loading:', true
10-20 22:59:38.670 27060 27485 I ReactNativeJS: '  - Error:', null
10-20 22:59:38.670 27060 27485 I ReactNativeJS: '  - Show modal:', false
10-20 22:59:38.670 27060 27485 I ReactNativeJS: '  - Timestamp:', '2025-10-20T17:29:38.670Z'
10-20 22:59:38.670 27060 27485 I ReactNativeJS: âŒ NO CURRENT RIDE - showing empty state
10-20 22:59:38.671 27060 27485 I ReactNativeJS: === RIDE REQUEST MODAL LOGIC DEBUG ===
10-20 22:59:38.671 27060 27485 I ReactNativeJS: ğŸ”„ Checking if should show ride request modal:
10-20 22:59:38.671 27060 27485 I ReactNativeJS: '  - Pending rides:', 0
10-20 22:59:38.671 27060 27485 I ReactNativeJS: '  - Modal already showing:', false
10-20 22:59:38.671 27060 27485 I ReactNativeJS: '  - Driver status:', 'online'
10-20 22:59:38.671 27060 27485 I ReactNativeJS: '  - Has current ride:', false
10-20 22:59:38.671 27060 27485 I ReactNativeJS: âŒ NOT SHOWING MODAL - reasons:
10-20 22:59:38.671 27060 27485 I ReactNativeJS: 'ğŸš— Analysis:', { pendingRidesCount: 0,
10-20 22:59:38.671 27060 27485 I ReactNativeJS:   modalAlreadyShowing: false,
10-20 22:59:38.671 27060 27485 I ReactNativeJS:   driverStatus: 'online',
10-20 22:59:38.671 27060 27485 I ReactNativeJS:   hasCurrentRide: false }
10-20 22:59:38.677 27060 27485 I ReactNativeJS: 'ğŸ¯ğŸ¯ğŸ¯ TripCompletionModal RENDER - visible:', false
10-20 22:59:38.677 27060 27485 I ReactNativeJS: 'ğŸ¯ğŸ¯ğŸ¯ tripData:', '{\n  "distance": 0,\n  "duration": 0,\n  "fareBreakdown": {\n    "booking_type": "regular",\n    "vehicle_type": "sedan",\n    "base_fare": 0,\n    "distance_fare": 0,\n    "time_fare": 0,\n    "surge_charges": 0,\n    "deadhead_charges": 0,\n    "platform_fee": 0,\n    "gst_on_charges": 0,\n    "gst_on_platform_fee": 0,\n    "extra_km_charges": 0,\n    "driver_allowance": 0,\n    "total_fare": 0,\n    "details": {\n      "actual_distance_km": 0,\n      "actual_duration_minutes": 0,\n      "per_km_rate": 0\n    }\n  },\n  "pickup_address": "",\n  "destination_address": "",\n  "booking_type": "regular",\n  "rental_hours": null\n}'
10-20 22:59:38.677 27060 27485 I ReactNativeJS: âŒ Not visible - returning null
10-20 22:59:38.679 27060 27485 I ReactNativeJS: === RIDES SCREEN STATE DEBUG ===
10-20 22:59:38.679 27060 27485 I ReactNativeJS: ğŸ”„ Component state updated:
10-20 22:59:38.679 27060 27485 I ReactNativeJS: '  - Current ride:', 'null'
10-20 22:59:38.679 27060 27485 I ReactNativeJS: '  - Pending rides count:', 0
10-20 22:59:38.679 27060 27485 I ReactNativeJS: '  - Driver status:', 'online'
10-20 22:59:38.679 27060 27485 I ReactNativeJS: '  - Loading:', false
10-20 22:59:38.679 27060 27485 I ReactNativeJS: '  - Error:', null
10-20 22:59:38.679 27060 27485 I ReactNativeJS: '  - Show modal:', false
10-20 22:59:38.679 27060 27485 I ReactNativeJS: '  - Timestamp:', '2025-10-20T17:29:38.679Z'
10-20 22:59:38.679 27060 27485 I ReactNativeJS: âŒ NO CURRENT RIDE - showing empty state
10-20 22:59:39.174 21104 22647 I WifiScanner: onFullResults
10-20 22:59:39.175 21104 21143 I WifiScanner: onFullResults
10-20 22:59:39.176 21104 22647 I WifiScanner: onFullResults
10-20 22:59:39.190 21104 28647 I FrewleTileCacheManagerV: (REDACTED) Fetched %d AP models from cache
10-20 22:59:39.221 21104 21184 I FusedLocation: (REDACTED) location delivery to %s blocked - too fast
10-20 22:59:39.223 21104 21184 I FusedLocation: (REDACTED) location delivery to %s blocked - too close
10-20 22:59:39.225 21104 21184 I FusedLocation: (REDACTED) location delivery to %s blocked - too fast
10-20 22:59:39.225 21104 21184 I FusedLocation: (REDACTED) location delivery to %s blocked - too close
10-20 22:59:39.226 21104 21184 I FusedLocation: (REDACTED) location delivery to %s blocked - too close
10-20 22:59:39.226 21104 21184 I FusedLocation: (REDACTED) location delivery to %s blocked - too close
10-20 22:59:39.227 21104 21184 I FusedLocation: (REDACTED) location delivery to %s blocked - too fast
10-20 22:59:39.236 21104 21184 I fznc    : Received empty WiFi-RTT scan. [CONTEXT service_id=6 ]
10-20 22:59:39.499 21104 21184 I FusedLocation: (REDACTED) location delivery to %s blocked - too close
10-20 22:59:39.501 21104 21184 I FusedLocation: (REDACTED) location delivery to %s blocked - too fast
10-20 22:59:39.502 21104 21184 I FusedLocation: (REDACTED) location delivery to %s blocked - too close
10-20 22:59:39.504 21104 21184 I FusedLocation: (REDACTED) location delivery to %s blocked - too close
10-20 22:59:39.504 21104 21184 I FusedLocation: (REDACTED) location delivery to %s blocked - too close
10-20 22:59:39.505 21104 21184 I FusedLocation: (REDACTED) location delivery to %s blocked - too fast
10-20 22:59:39.970 27060 27485 I ReactNativeJS: ğŸ”„ Auto-refreshing rides (2-second interval)...
10-20 22:59:39.970 27060 27485 I ReactNativeJS: === LOADING RIDES ===
10-20 22:59:39.971 27060 27485 I ReactNativeJS: 'Driver ID:', 'eb91d7e5-e2f2-4021-a8c8-3739a3d4cae4'
10-20 22:59:39.971 27060 27485 I ReactNativeJS: 'Driver User ID:', '1c4ac410-54d8-4b5e-960b-3afcbebd115d'
10-20 22:59:39.979 27060 27485 I ReactNativeJS: 'ğŸ¯ğŸ¯ğŸ¯ TripCompletionModal RENDER - visible:', false
10-20 22:59:39.979 27060 27485 I ReactNativeJS: 'ğŸ¯ğŸ¯ğŸ¯ tripData:', '{\n  "distance": 0,\n  "duration": 0,\n  "fareBreakdown": {\n    "booking_type": "regular",\n    "vehicle_type": "sedan",\n    "base_fare": 0,\n    "distance_fare": 0,\n    "time_fare": 0,\n    "surge_charges": 0,\n    "deadhead_charges": 0,\n    "platform_fee": 0,\n    "gst_on_charges": 0,\n    "gst_on_platform_fee": 0,\n    "extra_km_charges": 0,\n    "driver_allowance": 0,\n    "total_fare": 0,\n    "details": {\n      "actual_distance_km": 0,\n      "actual_duration_minutes": 0,\n      "per_km_rate": 0\n    }\n  },\n  "pickup_address": "",\n  "destination_address": "",\n  "booking_type": "regular",\n  "rental_hours": null\n}'
10-20 22:59:39.979 27060 27485 I ReactNativeJS: âŒ Not visible - returning null
10-20 22:59:39.980 27060 27485 I ReactNativeJS: ğŸ” Loading current ride...
10-20 22:59:39.982 27060 27485 I ReactNativeJS: === RIDES SCREEN STATE DEBUG ===
10-20 22:59:39.982 27060 27485 I ReactNativeJS: ğŸ”„ Component state updated:
10-20 22:59:39.982 27060 27485 I ReactNativeJS: '  - Current ride:', 'null'
10-20 22:59:39.982 27060 27485 I ReactNativeJS: '  - Pending rides count:', 0
10-20 22:59:39.982 27060 27485 I ReactNativeJS: '  - Driver status:', 'online'
10-20 22:59:39.982 27060 27485 I ReactNativeJS: '  - Loading:', true
10-20 22:59:39.982 27060 27485 I ReactNativeJS: '  - Error:', null
10-20 22:59:39.982 27060 27485 I ReactNativeJS: '  - Show modal:', false
10-20 22:59:39.982 27060 27485 I ReactNativeJS: '  - Timestamp:', '2025-10-20T17:29:39.982Z'
10-20 22:59:39.982 27060 27485 I ReactNativeJS: âŒ NO CURRENT RIDE - showing empty state
10-20 22:59:40.255 27060 27485 I ReactNativeJS: 'âœ… Current ride loaded:', 'none'
10-20 22:59:40.255 27060 27485 I ReactNativeJS: ğŸ” Loading pending ride notifications...
10-20 22:59:40.555 27060 27485 I ReactNativeJS: ğŸ“‹ Found 0 unread ride notifications
10-20 22:59:40.568 27060 27485 I ReactNativeJS: 'ğŸ¯ğŸ¯ğŸ¯ TripCompletionModal RENDER - visible:', false
10-20 22:59:40.569 27060 27485 I ReactNativeJS: 'ğŸ¯ğŸ¯ğŸ¯ tripData:', '{\n  "distance": 0,\n  "duration": 0,\n  "fareBreakdown": {\n    "booking_type": "regular",\n    "vehicle_type": "sedan",\n    "base_fare": 0,\n    "distance_fare": 0,\n    "time_fare": 0,\n    "surge_charges": 0,\n    "deadhead_charges": 0,\n    "platform_fee": 0,\n    "gst_on_charges": 0,\n    "gst_on_platform_fee": 0,\n    "extra_km_charges": 0,\n    "driver_allowance": 0,\n    "total_fare": 0,\n    "details": {\n      "actual_distance_km": 0,\n      "actual_duration_minutes": 0,\n      "per_km_rate": 0\n    }\n  },\n  "pickup_address": "",\n  "destination_address": "",\n  "booking_type": "regular",\n  "rental_hours": null\n}'
10-20 22:59:40.569 27060 27485 I ReactNativeJS: âŒ Not visible - returning null
10-20 22:59:40.571 27060 27485 I ReactNativeJS: âœ… No pending ride notifications
10-20 22:59:40.572 27060 27485 I ReactNativeJS: === RIDES SCREEN STATE DEBUG ===
10-20 22:59:40.572 27060 27485 I ReactNativeJS: ğŸ”„ Component state updated:
10-20 22:59:40.572 27060 27485 I ReactNativeJS: '  - Current ride:', 'null'
10-20 22:59:40.572 27060 27485 I ReactNativeJS: '  - Pending rides count:', 0
10-20 22:59:40.572 27060 27485 I ReactNativeJS: '  - Driver status:', 'online'
10-20 22:59:40.572 27060 27485 I ReactNativeJS: '  - Loading:', true
10-20 22:59:40.572 27060 27485 I ReactNativeJS: '  - Error:', null
10-20 22:59:40.572 27060 27485 I ReactNativeJS: '  - Show modal:', false
10-20 22:59:40.572 27060 27485 I ReactNativeJS: '  - Timestamp:', '2025-10-20T17:29:40.572Z'
10-20 22:59:40.572 27060 27485 I ReactNativeJS: âŒ NO CURRENT RIDE - showing empty state
10-20 22:59:40.572 27060 27485 I ReactNativeJS: === RIDE REQUEST MODAL LOGIC DEBUG ===
10-20 22:59:40.573 27060 27485 I ReactNativeJS: ğŸ”„ Checking if should show ride request modal:
10-20 22:59:40.573 27060 27485 I ReactNativeJS: '  - Pending rides:', 0
10-20 22:59:40.573 27060 27485 I ReactNativeJS: '  - Modal already showing:', false
10-20 22:59:40.573 27060 27485 I ReactNativeJS: '  - Driver status:', 'online'
10-20 22:59:40.573 27060 27485 I ReactNativeJS: '  - Has current ride:', false
10-20 22:59:40.573 27060 27485 I ReactNativeJS: âŒ NOT SHOWING MODAL - reasons:
10-20 22:59:40.573 27060 27485 I ReactNativeJS: 'ğŸš— Analysis:', { pendingRidesCount: 0,
10-20 22:59:40.573 27060 27485 I ReactNativeJS:   modalAlreadyShowing: false,
10-20 22:59:40.573 27060 27485 I ReactNativeJS:   driverStatus: 'online',
10-20 22:59:40.573 27060 27485 I ReactNativeJS:   hasCurrentRide: false }
10-20 22:59:40.579 27060 27485 I ReactNativeJS: 'ğŸ¯ğŸ¯ğŸ¯ TripCompletionModal RENDER - visible:', false
10-20 22:59:40.579 27060 27485 I ReactNativeJS: 'ğŸ¯ğŸ¯ğŸ¯ tripData:', '{\n  "distance": 0,\n  "duration": 0,\n  "fareBreakdown": {\n    "booking_type": "regular",\n    "vehicle_type": "sedan",\n    "base_fare": 0,\n    "distance_fare": 0,\n    "time_fare": 0,\n    "surge_charges": 0,\n    "deadhead_charges": 0,\n    "platform_fee": 0,\n    "gst_on_charges": 0,\n    "gst_on_platform_fee": 0,\n    "extra_km_charges": 0,\n    "driver_allowance": 0,\n    "total_fare": 0,\n    "details": {\n      "actual_distance_km": 0,\n      "actual_duration_minutes": 0,\n      "per_km_rate": 0\n    }\n  },\n  "pickup_address": "",\n  "destination_address": "",\n  "booking_type": "regular",\n  "rental_hours": null\n}'
10-20 22:59:40.579 27060 27485 I ReactNativeJS: âŒ Not visible - returning null
10-20 22:59:40.580 27060 27485 I ReactNativeJS: === RIDES SCREEN STATE DEBUG ===
10-20 22:59:40.580 27060 27485 I ReactNativeJS: ğŸ”„ Component state updated:
10-20 22:59:40.580 27060 27485 I ReactNativeJS: '  - Current ride:', 'null'
10-20 22:59:40.581 27060 27485 I ReactNativeJS: '  - Pending rides count:', 0
10-20 22:59:40.581 27060 27485 I ReactNativeJS: '  - Driver status:', 'online'
10-20 22:59:40.581 27060 27485 I ReactNativeJS: '  - Loading:', false
10-20 22:59:40.581 27060 27485 I ReactNativeJS: '  - Error:', null
10-20 22:59:40.581 27060 27485 I ReactNativeJS: '  - Show modal:', false
10-20 22:59:40.581 27060 27485 I ReactNativeJS: '  - Timestamp:', '2025-10-20T17:29:40.581Z'
10-20 22:59:40.581 27060 27485 I ReactNativeJS: âŒ NO CURRENT RIDE - showing empty state
10-20 22:59:41.971 27060 27485 I ReactNativeJS: ğŸ”„ Auto-refreshing rides (2-second interval)...
10-20 22:59:41.971 27060 27485 I ReactNativeJS: === LOADING RIDES ===
10-20 22:59:41.971 27060 27485 I ReactNativeJS: 'Driver ID:', 'eb91d7e5-e2f2-4021-a8c8-3739a3d4cae4'
10-20 22:59:41.971 27060 27485 I ReactNativeJS: 'Driver User ID:', '1c4ac410-54d8-4b5e-960b-3afcbebd115d'
10-20 22:59:41.980 27060 27485 I ReactNativeJS: 'ğŸ¯ğŸ¯ğŸ¯ TripCompletionModal RENDER - visible:', false
10-20 22:59:41.981 27060 27485 I ReactNativeJS: 'ğŸ¯ğŸ¯ğŸ¯ tripData:', '{\n  "distance": 0,\n  "duration": 0,\n  "fareBreakdown": {\n    "booking_type": "regular",\n    "vehicle_type": "sedan",\n    "base_fare": 0,\n    "distance_fare": 0,\n    "time_fare": 0,\n    "surge_charges": 0,\n    "deadhead_charges": 0,\n    "platform_fee": 0,\n    "gst_on_charges": 0,\n    "gst_on_platform_fee": 0,\n    "extra_km_charges": 0,\n    "driver_allowance": 0,\n    "total_fare": 0,\n    "details": {\n      "actual_distance_km": 0,\n      "actual_duration_minutes": 0,\n      "per_km_rate": 0\n    }\n  },\n  "pickup_address": "",\n  "destination_address": "",\n  "booking_type": "regular",\n  "rental_hours": null\n}'
10-20 22:59:41.981 27060 27485 I ReactNativeJS: âŒ Not visible - returning null
10-20 22:59:41.982 27060 27485 I ReactNativeJS: ğŸ” Loading current ride...
10-20 22:59:41.984 27060 27485 I ReactNativeJS: === RIDES SCREEN STATE DEBUG ===
10-20 22:59:41.984 27060 27485 I ReactNativeJS: ğŸ”„ Component state updated:
10-20 22:59:41.984 27060 27485 I ReactNativeJS: '  - Current ride:', 'null'
10-20 22:59:41.984 27060 27485 I ReactNativeJS: '  - Pending rides count:', 0
10-20 22:59:41.984 27060 27485 I ReactNativeJS: '  - Driver status:', 'online'
10-20 22:59:41.984 27060 27485 I ReactNativeJS: '  - Loading:', true
10-20 22:59:41.984 27060 27485 I ReactNativeJS: '  - Error:', null
10-20 22:59:41.984 27060 27485 I ReactNativeJS: '  - Show modal:', false
10-20 22:59:41.984 27060 27485 I ReactNativeJS: '  - Timestamp:', '2025-10-20T17:29:41.984Z'
10-20 22:59:41.984 27060 27485 I ReactNativeJS: âŒ NO CURRENT RIDE - showing empty state
10-20 22:59:42.301 27060 27485 I ReactNativeJS: 'âœ… Current ride loaded:', 'none'
10-20 22:59:42.301 27060 27485 I ReactNativeJS: ğŸ” Loading pending ride notifications...
10-20 22:59:42.503  5589  5589 I GoogleInputMethodService: GoogleInputMethodService.onFinishInput():2085 
10-20 22:59:42.506  5589  5589 I Module  : DeviceLockedStatusModuleProvider$Module.updateDeviceLockedStatus():100 repeatCheckTimes = 0, locked = false
10-20 22:59:42.558 27060 27485 I ReactNativeJS: ğŸ“‹ Found 0 unread ride notifications
10-20 22:59:42.562 27060 27485 I ReactNativeJS: 'ğŸ¯ğŸ¯ğŸ¯ TripCompletionModal RENDER - visible:', false
10-20 22:59:42.562 27060 27485 I ReactNativeJS: 'ğŸ¯ğŸ¯ğŸ¯ tripData:', '{\n  "distance": 0,\n  "duration": 0,\n  "fareBreakdown": {\n    "booking_type": "regular",\n    "vehicle_type": "sedan",\n    "base_fare": 0,\n    "distance_fare": 0,\n    "time_fare": 0,\n    "surge_charges": 0,\n    "deadhead_charges": 0,\n    "platform_fee": 0,\n    "gst_on_charges": 0,\n    "gst_on_platform_fee": 0,\n    "extra_km_charges": 0,\n    "driver_allowance": 0,\n    "total_fare": 0,\n    "details": {\n      "actual_distance_km": 0,\n      "actual_duration_minutes": 0,\n      "per_km_rate": 0\n    }\n  },\n  "pickup_address": "",\n  "destination_address": "",\n  "booking_type": "regular",\n  "rental_hours": null\n}'
10-20 22:59:42.562 27060 27485 I ReactNativeJS: âŒ Not visible - returning null
10-20 22:59:42.563 27060 27485 I ReactNativeJS: âœ… No pending ride notifications
10-20 22:59:42.564 27060 27485 I ReactNativeJS: === RIDES SCREEN STATE DEBUG ===
10-20 22:59:42.564 27060 27485 I ReactNativeJS: ğŸ”„ Component state updated:
10-20 22:59:42.564 27060 27485 I ReactNativeJS: '  - Current ride:', 'null'
10-20 22:59:42.564 27060 27485 I ReactNativeJS: '  - Pending rides count:', 0
10-20 22:59:42.564 27060 27485 I ReactNativeJS: '  - Driver status:', 'online'
10-20 22:59:42.564 27060 27485 I ReactNativeJS: '  - Loading:', true
10-20 22:59:42.564 27060 27485 I ReactNativeJS: '  - Error:', null
10-20 22:59:42.564 27060 27485 I ReactNativeJS: '  - Show modal:', false
10-20 22:59:42.564 27060 27485 I ReactNativeJS: '  - Timestamp:', '2025-10-20T17:29:42.564Z'
10-20 22:59:42.564 27060 27485 I ReactNativeJS: âŒ NO CURRENT RIDE - showing empty state
10-20 22:59:42.564 27060 27485 I ReactNativeJS: === RIDE REQUEST MODAL LOGIC DEBUG ===
10-20 22:59:42.564 27060 27485 I ReactNativeJS: ğŸ”„ Checking if should show ride request modal:
10-20 22:59:42.564 27060 27485 I ReactNativeJS: '  - Pending rides:', 0
10-20 22:59:42.564 27060 27485 I ReactNativeJS: '  - Modal already showing:', false
10-20 22:59:42.564 27060 27485 I ReactNativeJS: '  - Driver status:', 'online'
10-20 22:59:42.564 27060 27485 I ReactNativeJS: '  - Has current ride:', false
10-20 22:59:42.564 27060 27485 I ReactNativeJS: âŒ NOT SHOWING MODAL - reasons:
10-20 22:59:42.565 27060 27485 I ReactNativeJS: 'ğŸš— Analysis:', { pendingRidesCount: 0,
10-20 22:59:42.565 27060 27485 I ReactNativeJS:   modalAlreadyShowing: false,
10-20 22:59:42.565 27060 27485 I ReactNativeJS:   driverStatus: 'online',
10-20 22:59:42.565 27060 27485 I ReactNativeJS:   hasCurrentRide: false }
10-20 22:59:42.569 27060 27485 I ReactNativeJS: 'ğŸ¯ğŸ¯ğŸ¯ TripCompletionModal RENDER - visible:', false
