10-29 15:56:52.861  4678  6358 I ReactNativeJS: '  - Timestamp:', '2025-10-29T10:26:52.861Z'
10-29 15:56:52.861  4678  6358 I ReactNativeJS: âŒ NO CURRENT RIDE - showing empty state
10-29 15:56:52.864  4678  6358 I ReactNativeJS: 'ðŸŽ¯ðŸŽ¯ðŸŽ¯ TripCompletionModal RENDER - visible:', false
10-29 15:56:52.864  4678  6358 I ReactNativeJS: 'ðŸŽ¯ðŸŽ¯ðŸŽ¯ tripData:', '{\n  "distance": 0,\n  "duration": 0,\n  "fareBreakdown": {\n    "booking_type": "regular",\n    "vehicle_type": "sedan",\n    "base_fare": 0,\n    "distance_fare": 0,\n    "time_fare": 0,\n    "surge_charges": 0,\n    "deadhead_charges": 0,\n    "platform_fee": 0,\n    "gst_on_charges": 0,\n    "gst_on_platform_fee": 0,\n    "extra_km_charges": 0,\n    "driver_allowance": 0,\n    "total_fare": 0,\n    "details": {\n      "actual_distance_km": 0,\n      "actual_duration_minutes": 0,\n      "per_km_rate": 0\n    }\n  },\n  "pickup_address": "",\n  "destination_address": "",\n  "booking_type": "regular",\n  "rental_hours": null\n}'
10-29 15:56:52.864  4678  6358 I ReactNativeJS: âŒ Not visible - returning null
10-29 15:56:54.335  4678  6358 I ReactNativeJS: ðŸ”„ Auto-refreshing rides (2-second interval)...
10-29 15:56:54.337  4678  6358 I ReactNativeJS: 'ðŸŽ¯ðŸŽ¯ðŸŽ¯ TripCompletionModal RENDER - visible:', false
10-29 15:56:54.337  4678  6358 I ReactNativeJS: 'ðŸŽ¯ðŸŽ¯ðŸŽ¯ tripData:', '{\n  "distance": 0,\n  "duration": 0,\n  "fareBreakdown": {\n    "booking_type": "regular",\n    "vehicle_type": "sedan",\n    "base_fare": 0,\n    "distance_fare": 0,\n    "time_fare": 0,\n    "surge_charges": 0,\n    "deadhead_charges": 0,\n    "platform_fee": 0,\n    "gst_on_charges": 0,\n    "gst_on_platform_fee": 0,\n    "extra_km_charges": 0,\n    "driver_allowance": 0,\n    "total_fare": 0,\n    "details": {\n      "actual_distance_km": 0,\n      "actual_duration_minutes": 0,\n      "per_km_rate": 0\n    }\n  },\n  "pickup_address": "",\n  "destination_address": "",\n  "booking_type": "regular",\n  "rental_hours": null\n}'
10-29 15:56:54.337  4678  6358 I ReactNativeJS: âŒ Not visible - returning null
10-29 15:56:54.338  4678  6358 I ReactNativeJS: === LOADING RIDES ===
10-29 15:56:54.338  4678  6358 I ReactNativeJS: 'Driver ID:', 'eb91d7e5-e2f2-4021-a8c8-3739a3d4cae4'
10-29 15:56:54.338  4678  6358 I ReactNativeJS: 'Driver User ID:', '1c4ac410-54d8-4b5e-960b-3afcbebd115d'
10-29 15:56:54.340  4678  6358 I ReactNativeJS: 'ðŸŽ¯ðŸŽ¯ðŸŽ¯ TripCompletionModal RENDER - visible:', false
10-29 15:56:54.341  4678  6358 I ReactNativeJS: 'ðŸŽ¯ðŸŽ¯ðŸŽ¯ tripData:', '{\n  "distance": 0,\n  "duration": 0,\n  "fareBreakdown": {\n    "booking_type": "regular",\n    "vehicle_type": "sedan",\n    "base_fare": 0,\n    "distance_fare": 0,\n    "time_fare": 0,\n    "surge_charges": 0,\n    "deadhead_charges": 0,\n    "platform_fee": 0,\n    "gst_on_charges": 0,\n    "gst_on_platform_fee": 0,\n    "extra_km_charges": 0,\n    "driver_allowance": 0,\n    "total_fare": 0,\n    "details": {\n      "actual_distance_km": 0,\n      "actual_duration_minutes": 0,\n      "per_km_rate": 0\n    }\n  },\n  "pickup_address": "",\n  "destination_address": "",\n  "booking_type": "regular",\n  "rental_hours": null\n}'
10-29 15:56:54.341  4678  6358 I ReactNativeJS: âŒ Not visible - returning null
10-29 15:56:54.341  4678  6358 I ReactNativeJS: ðŸ” Loading current ride...
10-29 15:56:54.342  4678  6358 I ReactNativeJS: === RIDES SCREEN STATE DEBUG ===
10-29 15:56:54.342  4678  6358 I ReactNativeJS: ðŸ”„ Component state updated:
10-29 15:56:54.342  4678  6358 I ReactNativeJS: '  - Current ride:', 'null'
10-29 15:56:54.343  4678  6358 I ReactNativeJS: '  - Pending rides count:', 0
10-29 15:56:54.343  4678  6358 I ReactNativeJS: '  - Driver status:', 'online'
10-29 15:56:54.343  4678  6358 I ReactNativeJS: '  - Loading:', true
10-29 15:56:54.343  4678  6358 I ReactNativeJS: '  - Error:', null
10-29 15:56:54.343  4678  6358 I ReactNativeJS: '  - Show modal:', false
10-29 15:56:54.343  4678  6358 I ReactNativeJS: '  - Timestamp:', '2025-10-29T10:26:54.343Z'
10-29 15:56:54.343  4678  6358 I ReactNativeJS: âŒ NO CURRENT RIDE - showing empty state
10-29 15:56:54.344  4678  6358 I ReactNativeJS: ðŸ“ Background location status check:
10-29 15:56:54.345  4678  6358 I ReactNativeJS: '  - Task registered:', true
10-29 15:56:54.345  4678  6358 I ReactNativeJS: '  - Background permission:', 'granted'
10-29 15:56:54.345  4678  6358 I ReactNativeJS: '  - Is active:', true
10-29 15:56:54.345  4678  6358 I ReactNativeJS: 'ðŸ“ Background tracking status check:', true
10-29 15:56:54.345  4678  6358 I ReactNativeJS: âœ… Background tracking is active and working correctly
10-29 15:56:54.603  4678  6358 I ReactNativeJS: 'âœ… Current ride loaded:', 'none'
10-29 15:56:54.603  4678  6358 I ReactNativeJS: ðŸ” Loading pending ride notifications...
10-29 15:56:54.860  4678  6358 I ReactNativeJS: ðŸ“‹ Found 0 unread ride notifications
10-29 15:56:54.871  4678  6358 I ReactNativeJS: 'ðŸŽ¯ðŸŽ¯ðŸŽ¯ TripCompletionModal RENDER - visible:', false
10-29 15:56:54.872  4678  6358 I ReactNativeJS: 'ðŸŽ¯ðŸŽ¯ðŸŽ¯ tripData:', '{\n  "distance": 0,\n  "duration": 0,\n  "fareBreakdown": {\n    "booking_type": "regular",\n    "vehicle_type": "sedan",\n    "base_fare": 0,\n    "distance_fare": 0,\n    "time_fare": 0,\n    "surge_charges": 0,\n    "deadhead_charges": 0,\n    "platform_fee": 0,\n    "gst_on_charges": 0,\n    "gst_on_platform_fee": 0,\n    "extra_km_charges": 0,\n    "driver_allowance": 0,\n    "total_fare": 0,\n    "details": {\n      "actual_distance_km": 0,\n      "actual_duration_minutes": 0,\n      "per_km_rate": 0\n    }\n  },\n  "pickup_address": "",\n  "destination_address": "",\n  "booking_type": "regular",\n  "rental_hours": null\n}'
10-29 15:56:54.872  4678  6358 I ReactNativeJS: âŒ Not visible - returning null
10-29 15:56:54.874  4678  6358 I ReactNativeJS: âœ… No pending ride notifications
10-29 15:56:54.875  4678  6358 I ReactNativeJS: === RIDES SCREEN STATE DEBUG ===
10-29 15:56:54.875  4678  6358 I ReactNativeJS: ðŸ”„ Component state updated:
10-29 15:56:54.875  4678  6358 I ReactNativeJS: '  - Current ride:', 'null'
10-29 15:56:54.875  4678  6358 I ReactNativeJS: '  - Pending rides count:', 0
10-29 15:56:54.875  4678  6358 I ReactNativeJS: '  - Driver status:', 'online'
10-29 15:56:54.875  4678  6358 I ReactNativeJS: '  - Loading:', true
10-29 15:56:54.875  4678  6358 I ReactNativeJS: '  - Error:', null
10-29 15:56:54.875  4678  6358 I ReactNativeJS: '  - Show modal:', false
10-29 15:56:54.875  4678  6358 I ReactNativeJS: '  - Timestamp:', '2025-10-29T10:26:54.875Z'
10-29 15:56:54.875  4678  6358 I ReactNativeJS: âŒ NO CURRENT RIDE - showing empty state
10-29 15:56:54.875  4678  6358 I ReactNativeJS: === RIDE REQUEST MODAL LOGIC DEBUG ===
10-29 15:56:54.875  4678  6358 I ReactNativeJS: ðŸ”„ Checking if should show ride request modal:
10-29 15:56:54.875  4678  6358 I ReactNativeJS: '  - Pending rides:', 0
10-29 15:56:54.875  4678  6358 I ReactNativeJS: '  - Modal already showing:', false
10-29 15:56:54.875  4678  6358 I ReactNativeJS: '  - Driver status:', 'online'
10-29 15:56:54.875  4678  6358 I ReactNativeJS: '  - Has current ride:', false
10-29 15:56:54.875  4678  6358 I ReactNativeJS: âŒ NOT SHOWING MODAL - reasons:
10-29 15:56:54.876  4678  6358 I ReactNativeJS: 'ðŸš— Analysis:', { pendingRidesCount: 0,
10-29 15:56:54.876  4678  6358 I ReactNativeJS:   modalAlreadyShowing: false,
10-29 15:56:54.876  4678  6358 I ReactNativeJS:   driverStatus: 'online',
10-29 15:56:54.876  4678  6358 I ReactNativeJS:   hasCurrentRide: false }
10-29 15:56:54.887  4678  6358 I ReactNativeJS: 'ðŸŽ¯ðŸŽ¯ðŸŽ¯ TripCompletionModal RENDER - visible:', false
10-29 15:56:54.887  4678  6358 I ReactNativeJS: 'ðŸŽ¯ðŸŽ¯ðŸŽ¯ tripData:', '{\n  "distance": 0,\n  "duration": 0,\n  "fareBreakdown": {\n    "booking_type": "regular",\n    "vehicle_type": "sedan",\n    "base_fare": 0,\n    "distance_fare": 0,\n    "time_fare": 0,\n    "surge_charges": 0,\n    "deadhead_charges": 0,\n    "platform_fee": 0,\n    "gst_on_charges": 0,\n    "gst_on_platform_fee": 0,\n    "extra_km_charges": 0,\n    "driver_allowance": 0,\n    "total_fare": 0,\n    "details": {\n      "actual_distance_km": 0,\n      "actual_duration_minutes": 0,\n      "per_km_rate": 0\n    }\n  },\n  "pickup_address": "",\n  "destination_address": "",\n  "booking_type": "regular",\n  "rental_hours": null\n}'
10-29 15:56:54.887  4678  6358 I ReactNativeJS: âŒ Not visible - returning null
10-29 15:56:54.888  4678  6358 I ReactNativeJS: === RIDES SCREEN STATE DEBUG ===
10-29 15:56:54.888  4678  6358 I ReactNativeJS: ðŸ”„ Component state updated:
10-29 15:56:54.888  4678  6358 I ReactNativeJS: '  - Current ride:', 'null'
10-29 15:56:54.888  4678  6358 I ReactNativeJS: '  - Pending rides count:', 0
10-29 15:56:54.888  4678  6358 I ReactNativeJS: '  - Driver status:', 'online'
10-29 15:56:54.888  4678  6358 I ReactNativeJS: '  - Loading:', false
10-29 15:56:54.888  4678  6358 I ReactNativeJS: '  - Error:', null
10-29 15:56:54.888  4678  6358 I ReactNativeJS: '  - Show modal:', false
10-29 15:56:54.888  4678  6358 I ReactNativeJS: '  - Timestamp:', '2025-10-29T10:26:54.888Z'
10-29 15:56:54.888  4678  6358 I ReactNativeJS: âŒ NO CURRENT RIDE - showing empty state
10-29 15:56:54.891  4678  6358 I ReactNativeJS: 'ðŸŽ¯ðŸŽ¯ðŸŽ¯ TripCompletionModal RENDER - visible:', false
10-29 15:56:54.891  4678  6358 I ReactNativeJS: 'ðŸŽ¯ðŸŽ¯ðŸŽ¯ tripData:', '{\n  "distance": 0,\n  "duration": 0,\n  "fareBreakdown": {\n    "booking_type": "regular",\n    "vehicle_type": "sedan",\n    "base_fare": 0,\n    "distance_fare": 0,\n    "time_fare": 0,\n    "surge_charges": 0,\n    "deadhead_charges": 0,\n    "platform_fee": 0,\n    "gst_on_charges": 0,\n    "gst_on_platform_fee": 0,\n    "extra_km_charges": 0,\n    "driver_allowance": 0,\n    "total_fare": 0,\n    "details": {\n      "actual_distance_km": 0,\n      "actual_duration_minutes": 0,\n      "per_km_rate": 0\n    }\n  },\n  "pickup_address": "",\n  "destination_address": "",\n  "booking_type": "regular",\n  "rental_hours": null\n}'
10-29 15:56:54.891  4678  6358 I ReactNativeJS: âŒ Not visible - returning null
10-29 15:56:55.496 10830 10931 I FusedLocation: (REDACTED) location delivery to %s blocked - too close
10-29 15:56:55.497 10830 10931 I FusedLocation: (REDACTED) location delivery to %s blocked - too fast
10-29 15:56:55.500 10830 10931 I FusedLocation: (REDACTED) location delivery to %s blocked - too close
10-29 15:56:55.502 10830 10931 I FusedLocation: (REDACTED) location delivery to %s blocked - too fast
10-29 15:56:55.507  4678  4678 I TaskService: Handling intent with task name 'background-location-task' and app scoping identifier 'com.a1taxi.driverpro'.
10-29 15:56:55.508  4678  4678 W JobInfo : Job 'com.a1taxi.driverpro/expo.modules.taskManager.TaskJobService#0' has a deadline with no functional constraints. The deadline won't improve job execution latency. Consider removing the deadline.
10-29 15:56:55.518  4678  4678 I TaskService: Handling job with task name 'background-location-task' for app with scoping identifier 'com.a1taxi.driverpro'.
10-29 15:56:55.519  4678  6358 I ReactNativeJS: [2025-10-29T10:26:55.519Z] ðŸ“ Background location task triggered with 1 locations
10-29 15:56:55.520  4678  6358 I ReactNativeJS: [2025-10-29T10:26:55.519Z] ðŸ“ Processing location: 12.7486483, 77.8299933
10-29 15:56:55.523  4678  6358 I ReactNativeJS: 'ðŸ“¤ Background location update via RPC...', { driverId: 'eb91d7e5-e2f2-4021-a8c8-3739a3d4cae4',
10-29 15:56:55.523  4678  6358 I ReactNativeJS:   lat: 12.7486483,
10-29 15:56:55.523  4678  6358 I ReactNativeJS:   lng: 77.8299933 }
10-29 15:56:55.523  4678  6358 E ReactNativeJS: âŒ Supabase credentials not configured
10-29 15:56:55.524  4678  6358 I ReactNativeJS: [2025-10-29T10:26:55.519Z] âš ï¸ Location not sent (driver might be offline or network issue)
10-29 15:56:55.524  4678  6358 I ReactNativeJS: [2025-10-29T10:26:55.519Z] âœ… Background location task completed
10-29 15:56:55.524  4678  6347 I TaskService: Finished task 'background-location-task' with eventId 'c742b23f-f8d0-448f-93a0-1f39497bd50b'.
10-29 15:56:55.526  4678  6359 E unknown:ReactNative: console.error: âŒ Supabase credentials not configured, js engine: hermes, stack:
10-29 15:56:55.526  4678  6359 E unknown:ReactNative: _construct@1:127661
10-29 15:56:55.526  4678  6359 E unknown:ReactNative: Wrapper@1:127315
10-29 15:56:55.526  4678  6359 E unknown:ReactNative: _callSuper@1:125297
10-29 15:56:55.526  4678  6359 E unknown:ReactNative: SyntheticError@1:126802
10-29 15:56:55.526  4678  6359 E unknown:ReactNative: reactConsoleErrorHandler@1:126448
10-29 15:56:55.526  4678  6359 E unknown:ReactNative: ?anon_0_@1:2123375
10-29 15:56:55.526  4678  6359 E unknown:ReactNative: asyncGeneratorStep@1:583372
10-29 15:56:55.526  4678  6359 E unknown:ReactNative: _next@1:583631
10-29 15:56:55.526  4678  6359 E unknown:ReactNative: anonymous@1:146045
10-29 15:56:55.526  4678  6359 E unknown:ReactNative: _callTimer@1:145044
10-29 15:56:55.526  4678  6359 E unknown:ReactNative: _callReactNativeMicrotasksPass@1:145188
10-29 15:56:55.526  4678  6359 E unknown:ReactNative: callReactNativeMicrotasks@1:147108
10-29 15:56:55.526  4678  6359 E unknown:ReactNative: __callReactNativeMicrotasks@1:110857
10-29 15:56:55.526  4678  6359 E unknown:ReactNative: anonymous@1:109993
10-29 15:56:55.526  4678  6359 E unknown:ReactNative: __guard@1:110731
10-29 15:56:55.526  4678  6359 E unknown:ReactNative: flushedQueue@1:109904
10-29 15:56:55.526  4678  6359 E unknown:ReactNative: invokeCallbackAndReturnFlushedQueue@1:109847
10-29 15:56:55.574 10830  9442 I TFLite-in-PlayServices: Created interpreter.
10-29 15:56:55.600 10830  9442 I TFLite-in-PlayServices: Created interpreter.
10-29 15:56:55.618 10830  9442 I SemanticLocation: (REDACTED) [Inferrer] %s%s
10-29 15:56:55.931 10830 10894 W Settings: Setting airplane_mode_on has moved from android.provider.Settings.System to android.provider.Settings.Global, returning read-only value.
10-29 15:56:55.936 10830  8714 W SystemServiceRegistry: No service published for: wifirtt
10-29 15:56:56.335  4678  6358 I ReactNativeJS: ðŸ”„ Auto-refreshing rides (2-second interval)...
10-29 15:56:56.341  4678  6358 I ReactNativeJS: 'ðŸŽ¯ðŸŽ¯ðŸŽ¯ TripCompletionModal RENDER - visible:', false
10-29 15:56:56.341  4678  6358 I ReactNativeJS: 'ðŸŽ¯ðŸŽ¯ðŸŽ¯ tripData:', '{\n  "distance": 0,\n  "duration": 0,\n  "fareBreakdown": {\n    "booking_type": "regular",\n    "vehicle_type": "sedan",\n    "base_fare": 0,\n    "distance_fare": 0,\n    "time_fare": 0,\n    "surge_charges": 0,\n    "deadhead_charges": 0,\n    "platform_fee": 0,\n    "gst_on_charges": 0,\n    "gst_on_platform_fee": 0,\n    "extra_km_charges": 0,\n    "driver_allowance": 0,\n    "total_fare": 0,\n    "details": {\n      "actual_distance_km": 0,\n      "actual_duration_minutes": 0,\n      "per_km_rate": 0\n    }\n  },\n  "pickup_address": "",\n  "destination_address": "",\n  "booking_type": "regular",\n  "rental_hours": null\n}'
10-29 15:56:56.341  4678  6358 I ReactNativeJS: âŒ Not visible - returning null
10-29 15:56:56.343  4678  6358 I ReactNativeJS: === LOADING RIDES ===
10-29 15:56:56.343  4678  6358 I ReactNativeJS: 'Driver ID:', 'eb91d7e5-e2f2-4021-a8c8-3739a3d4cae4'
10-29 15:56:56.343  4678  6358 I ReactNativeJS: 'Driver User ID:', '1c4ac410-54d8-4b5e-960b-3afcbebd115d'
10-29 15:56:56.348  4678  6358 I ReactNativeJS: 'ðŸŽ¯ðŸŽ¯ðŸŽ¯ TripCompletionModal RENDER - visible:', false
10-29 15:56:56.349  4678  6358 I ReactNativeJS: 'ðŸŽ¯ðŸŽ¯ðŸŽ¯ tripData:', '{\n  "distance": 0,\n  "duration": 0,\n  "fareBreakdown": {\n    "booking_type": "regular",\n    "vehicle_type": "sedan",\n    "base_fare": 0,\n    "distance_fare": 0,\n    "time_fare": 0,\n    "surge_charges": 0,\n    "deadhead_charges": 0,\n    "platform_fee": 0,\n    "gst_on_charges": 0,\n    "gst_on_platform_fee": 0,\n    "extra_km_charges": 0,\n    "driver_allowance": 0,\n    "total_fare": 0,\n    "details": {\n      "actual_distance_km": 0,\n      "actual_duration_minutes": 0,\n      "per_km_rate": 0\n    }\n  },\n  "pickup_address": "",\n  "destination_address": "",\n  "booking_type": "regular",\n  "rental_hours": null\n}'
10-29 15:56:56.349  4678  6358 I ReactNativeJS: âŒ Not visible - returning null
10-29 15:56:56.350  4678  6358 I ReactNativeJS: ðŸ” Loading current ride...
10-29 15:56:56.352  4678  6358 I ReactNativeJS: === RIDES SCREEN STATE DEBUG ===
10-29 15:56:56.352  4678  6358 I ReactNativeJS: ðŸ”„ Component state updated:
10-29 15:56:56.352  4678  6358 I ReactNativeJS: '  - Current ride:', 'null'
10-29 15:56:56.352  4678  6358 I ReactNativeJS: '  - Pending rides count:', 0
10-29 15:56:56.352  4678  6358 I ReactNativeJS: '  - Driver status:', 'online'
10-29 15:56:56.352  4678  6358 I ReactNativeJS: '  - Loading:', true
10-29 15:56:56.353  4678  6358 I ReactNativeJS: '  - Error:', null
10-29 15:56:56.353  4678  6358 I ReactNativeJS: '  - Show modal:', false
10-29 15:56:56.353  4678  6358 I ReactNativeJS: '  - Timestamp:', '2025-10-29T10:26:56.353Z'
10-29 15:56:56.353  4678  6358 I ReactNativeJS: âŒ NO CURRENT RIDE - showing empty state
10-29 15:56:56.445 10830 10830 D BoundBrokerSvc: onUnbind: Intent { act=com.google.android.gms.libs.gmscorelogger.service.START dat=chimera-action:/... cmp=com.google.android.gms/.chimera.PersistentDirectBootAwareApiService }
10-29 15:56:56.492 10830 15980 I WifiScanner: onFullResults
10-29 15:56:56.492 10830 16078 I WifiScanner: onFullResults
10-29 15:56:56.492 10830 15140 I WifiScanner: onFullResults
10-29 15:56:56.503 10830  8714 I FrewleTileCacheManagerV: (REDACTED) Fetched %d AP models from cache
10-29 15:56:56.519 10830 10830 D BoundBrokerSvc: onRebind: Intent { act=com.google.android.gms.libs.gmscorelogger.service.START dat=chimera-action:/... cmp=com.google.android.gms/.chimera.PersistentDirectBootAwareApiService }
10-29 15:56:56.525 10830 10931 I FusedLocation: (REDACTED) location delivery to %s blocked - too fast
10-29 15:56:56.527 10830 10931 I FusedLocation: (REDACTED) location delivery to %s blocked - too close
10-29 15:56:56.528 10830 10931 I FusedLocation: (REDACTED) location delivery to %s blocked - too fast
10-29 15:56:56.528 10830 10931 I FusedLocation: (REDACTED) location delivery to %s blocked - too fast
10-29 15:56:56.529 10830 10931 I FusedLocation: (REDACTED) location delivery to %s blocked - too close
10-29 15:56:56.529 10830 10931 I FusedLocation: (REDACTED) location delivery to %s blocked - too fast
10-29 15:56:56.530 10830 10931 I FusedLocation: (REDACTED) location delivery to %s blocked - too fast
10-29 15:56:56.536 10830 10931 I gbkh    : Received empty WiFi-RTT scan. [CONTEXT service_id=6 ]
10-29 15:56:56.601  4678  6358 I ReactNativeJS: 'âœ… Current ride loaded:', 'none'
10-29 15:56:56.601  4678  6358 I ReactNativeJS: ðŸ” Loading pending ride notifications...
10-29 15:56:56.846  4678  6358 I ReactNativeJS: ðŸ“‹ Found 0 unread ride notifications
10-29 15:56:56.858  4678  6358 I ReactNativeJS: 'ðŸŽ¯ðŸŽ¯ðŸŽ¯ TripCompletionModal RENDER - visible:', false
10-29 15:56:56.859  4678  6358 I ReactNativeJS: 'ðŸŽ¯ðŸŽ¯ðŸŽ¯ tripData:', '{\n  "distance": 0,\n  "duration": 0,\n  "fareBreakdown": {\n    "booking_type": "regular",\n    "vehicle_type": "sedan",\n    "base_fare": 0,\n    "distance_fare": 0,\n    "time_fare": 0,\n    "surge_charges": 0,\n    "deadhead_charges": 0,\n    "platform_fee": 0,\n    "gst_on_charges": 0,\n    "gst_on_platform_fee": 0,\n    "extra_km_charges": 0,\n    "driver_allowance": 0,\n    "total_fare": 0,\n    "details": {\n      "actual_distance_km": 0,\n      "actual_duration_minutes": 0,\n      "per_km_rate": 0\n    }\n  },\n  "pickup_address": "",\n  "destination_address": "",\n  "booking_type": "regular",\n  "rental_hours": null\n}'
10-29 15:56:56.859  4678  6358 I ReactNativeJS: âŒ Not visible - returning null
10-29 15:56:56.861  4678  6358 I ReactNativeJS: âœ… No pending ride notifications
10-29 15:56:56.862  4678  6358 I ReactNativeJS: === RIDES SCREEN STATE DEBUG ===
10-29 15:56:56.862  4678  6358 I ReactNativeJS: ðŸ”„ Component state updated:
10-29 15:56:56.862  4678  6358 I ReactNativeJS: '  - Current ride:', 'null'
10-29 15:56:56.862  4678  6358 I ReactNativeJS: '  - Pending rides count:', 0
10-29 15:56:56.862  4678  6358 I ReactNativeJS: '  - Driver status:', 'online'
10-29 15:56:56.862  4678  6358 I ReactNativeJS: '  - Loading:', true
10-29 15:56:56.862  4678  6358 I ReactNativeJS: '  - Error:', null
10-29 15:56:56.862  4678  6358 I ReactNativeJS: '  - Show modal:', false
10-29 15:56:56.862  4678  6358 I ReactNativeJS: '  - Timestamp:', '2025-10-29T10:26:56.862Z'
10-29 15:56:56.862  4678  6358 I ReactNativeJS: âŒ NO CURRENT RIDE - showing empty state
10-29 15:56:56.862  4678  6358 I ReactNativeJS: === RIDE REQUEST MODAL LOGIC DEBUG ===
10-29 15:56:56.862  4678  6358 I ReactNativeJS: ðŸ”„ Checking if should show ride request modal:
10-29 15:56:56.862  4678  6358 I ReactNativeJS: '  - Pending rides:', 0
10-29 15:56:56.862  4678  6358 I ReactNativeJS: '  - Modal already showing:', false
10-29 15:56:56.862  4678  6358 I ReactNativeJS: '  - Driver status:', 'online'
10-29 15:56:56.862  4678  6358 I ReactNativeJS: '  - Has current ride:', false
10-29 15:56:56.863  4678  6358 I ReactNativeJS: âŒ NOT SHOWING MODAL - reasons:
10-29 15:56:56.863  4678  6358 I ReactNativeJS: 'ðŸš— Analysis:', { pendingRidesCount: 0,
10-29 15:56:56.863  4678  6358 I ReactNativeJS:   modalAlreadyShowing: false,
10-29 15:56:56.863  4678  6358 I ReactNativeJS:   driverStatus: 'online',
10-29 15:56:56.863  4678  6358 I ReactNativeJS:   hasCurrentRide: false }
10-29 15:56:56.868  4678  6358 I ReactNativeJS: 'ðŸŽ¯ðŸŽ¯ðŸŽ¯ TripCompletionModal RENDER - visible:', false
10-29 15:56:56.869  4678  6358 I ReactNativeJS: 'ðŸŽ¯ðŸŽ¯ðŸŽ¯ tripData:', '{\n  "distance": 0,\n  "duration": 0,\n  "fareBreakdown": {\n    "booking_type": "regular",\n    "vehicle_type": "sedan",\n    "base_fare": 0,\n    "distance_fare": 0,\n    "time_fare": 0,\n    "surge_charges": 0,\n    "deadhead_charges": 0,\n    "platform_fee": 0,\n    "gst_on_charges": 0,\n    "gst_on_platform_fee": 0,\n    "extra_km_charges": 0,\n    "driver_allowance": 0,\n    "total_fare": 0,\n    "details": {\n      "actual_distance_km": 0,\n      "actual_duration_minutes": 0,\n      "per_km_rate": 0\n    }\n  },\n  "pickup_address": "",\n  "destination_address": "",\n  "booking_type": "regular",\n  "rental_hours": null\n}'
10-29 15:56:56.869  4678  6358 I ReactNativeJS: âŒ Not visible - returning null
10-29 15:56:56.870  4678  6358 I ReactNativeJS: === RIDES SCREEN STATE DEBUG ===
10-29 15:56:56.870  4678  6358 I ReactNativeJS: ðŸ”„ Component state updated:
10-29 15:56:56.870  4678  6358 I ReactNativeJS: '  - Current ride:', 'null'
10-29 15:56:56.870  4678  6358 I ReactNativeJS: '  - Pending rides count:', 0
10-29 15:56:56.870  4678  6358 I ReactNativeJS: '  - Driver status:', 'online'
10-29 15:56:56.870  4678  6358 I ReactNativeJS: '  - Loading:', false
10-29 15:56:56.870  4678  6358 I ReactNativeJS: '  - Error:', null
10-29 15:56:56.870  4678  6358 I ReactNativeJS: '  - Show modal:', false
10-29 15:56:56.870  4678  6358 I ReactNativeJS: '  - Timestamp:', '2025-10-29T10:26:56.870Z'
10-29 15:56:56.870  4678  6358 I ReactNativeJS: âŒ NO CURRENT RIDE - showing empty state
10-29 15:56:56.874  4678  6358 I ReactNativeJS: 'ðŸŽ¯ðŸŽ¯ðŸŽ¯ TripCompletionModal RENDER - visible:', false
10-29 15:56:56.874  4678  6358 I ReactNativeJS: 'ðŸŽ¯ðŸŽ¯ðŸŽ¯ tripData:', '{\n  "distance": 0,\n  "duration": 0,\n  "fareBreakdown": {\n    "booking_type": "regular",\n    "vehicle_type": "sedan",\n    "base_fare": 0,\n    "distance_fare": 0,\n    "time_fare": 0,\n    "surge_charges": 0,\n    "deadhead_charges": 0,\n    "platform_fee": 0,\n    "gst_on_charges": 0,\n    "gst_on_platform_fee": 0,\n    "extra_km_charges": 0,\n    "driver_allowance": 0,\n    "total_fare": 0,\n    "details": {\n      "actual_distance_km": 0,\n      "actual_duration_minutes": 0,\n      "per_km_rate": 0\n    }\n  },\n  "pickup_address": "",\n  "destination_address": "",\n  "booking_type": "regular",\n  "rental_hours": null\n}'
10-29 15:56:56.874  4678  6358 I ReactNativeJS: âŒ Not visible - returning null
10-29 15:56:57.184  9961  9961 I tingsExProvider: Using CollectorTypeCC GC.
10-29 15:56:57.188  9961  9961 E tingsExProvider: Not starting debugger since process cannot load the jdwp agent.
10-29 15:56:57.192  9961  9961 D nativeloader: Load libframework-connectivity-tiramisu-jni.so using APEX ns com_android_tethering for caller /apex/com.android.tethering/javalib/framework-connectivity-t.jar: ok
10-29 15:56:57.197  9961  9961 E tingsExProvider: BBinder_init Processname  <pre-initialized>  
10-29 15:56:57.197  9961  9961 E tingsExProvider: BBinder_init hasGetProcessName  <pre-initialized>
10-29 15:56:57.216  9961  9961 D ApplicationLoaders: Returning zygote-cached class loader: /system/framework/org.apache.http.legacy.jar
10-29 15:56:57.216  9961  9961 D ApplicationLoaders: Returning zygote-cached class loader: /system_ext/framework/androidx.window.extensions.jar
10-29 15:56:57.216  9961  9961 D ApplicationLoaders: Returning zygote-cached class loader: /system_ext/framework/androidx.window.sidecar.jar
10-29 15:56:57.239  9961  9961 D nativeloader: Configuring clns-shared-7 for other apk /system/priv-app/Settings/Settings.apk. target_sdk_version=35, uses_libraries=, library_path=/system/priv-app/Settings/lib/arm64:/system/priv-app/Settings/Settings.apk!/lib/arm64-v8a:/system/lib64:/system_ext/lib64, permitted_path=/data:/mnt/expand:/data/user_de/0/com.android.settings:/system/priv-app/Settings:/system/lib64:/system_ext/lib64
10-29 15:56:57.245  9961  9961 D CompatChangeReporter: Compat change id reported: 202956589; UID 1000; state: ENABLED
10-29 15:56:57.388  9961  9961 V GraphicsEnvironment: Currently set values for:
10-29 15:56:57.388  9961  9961 V GraphicsEnvironment:   angle_gl_driver_selection_pkgs=[com.android.angle, com.linecorp.b612.android, com.campmobile.snow, com.google.android.apps.tachyon]
10-29 15:56:57.388  9961  9961 V GraphicsEnvironment:   angle_gl_driver_selection_values=[angle, native, native, native]
10-29 15:56:57.388  9961  9961 V GraphicsEnvironment: com.android.settings is not listed in per-application setting
10-29 15:56:57.416  9961 10004 D CompatChangeReporter: Compat change id reported: 312399441; UID 1000; state: ENABLED
10-29 15:56:57.625  9961 10005 D SpaEnvironment: reset
10-29 15:56:58.338  4678  6358 I ReactNativeJS: ðŸ”„ Auto-refreshing rides (2-second interval)...
10-29 15:56:58.341  4678  6358 I ReactNativeJS: 'ðŸŽ¯ðŸŽ¯ðŸŽ¯ TripCompletionModal RENDER - visible:', false
10-29 15:56:58.342  4678  6358 I ReactNativeJS: 'ðŸŽ¯ðŸŽ¯ðŸŽ¯ tripData:', '{\n  "distance": 0,\n  "duration": 0,\n  "fareBreakdown": {\n    "booking_type": "regular",\n    "vehicle_type": "sedan",\n    "base_fare": 0,\n    "distance_fare": 0,\n    "time_fare": 0,\n    "surge_charges": 0,\n    "deadhead_charges": 0,\n    "platform_fee": 0,\n    "gst_on_charges": 0,\n    "gst_on_platform_fee": 0,\n    "extra_km_charges": 0,\n    "driver_allowance": 0,\n    "total_fare": 0,\n    "details": {\n      "actual_distance_km": 0,\n      "actual_duration_minutes": 0,\n      "per_km_rate": 0\n    }\n  },\n  "pickup_address": "",\n  "destination_address": "",\n  "booking_type": "regular",\n  "rental_hours": null\n}'
10-29 15:56:58.342  4678  6358 I ReactNativeJS: âŒ Not visible - returning null
10-29 15:56:58.342  4678  6358 I ReactNativeJS: === LOADING RIDES ===
10-29 15:56:58.342  4678  6358 I ReactNativeJS: 'Driver ID:', 'eb91d7e5-e2f2-4021-a8c8-3739a3d4cae4'
10-29 15:56:58.342  4678  6358 I ReactNativeJS: 'Driver User ID:', '1c4ac410-54d8-4b5e-960b-3afcbebd115d'
10-29 15:56:58.345  4678  6358 I ReactNativeJS: 'ðŸŽ¯ðŸŽ¯ðŸŽ¯ TripCompletionModal RENDER - visible:', false
10-29 15:56:58.345  4678  6358 I ReactNativeJS: 'ðŸŽ¯ðŸŽ¯ðŸŽ¯ tripData:', '{\n  "distance": 0,\n  "duration": 0,\n  "fareBreakdown": {\n    "booking_type": "regular",\n    "vehicle_type": "sedan",\n    "base_fare": 0,\n    "distance_fare": 0,\n    "time_fare": 0,\n    "surge_charges": 0,\n    "deadhead_charges": 0,\n    "platform_fee": 0,\n    "gst_on_charges": 0,\n    "gst_on_platform_fee": 0,\n    "extra_km_charges": 0,\n    "driver_allowance": 0,\n    "total_fare": 0,\n    "details": {\n      "actual_distance_km": 0,\n      "actual_duration_minutes": 0,\n      "per_km_rate": 0\n    }\n  },\n  "pickup_address": "",\n  "destination_address": "",\n  "booking_type": "regular",\n  "rental_hours": null\n}'
10-29 15:56:58.345  4678  6358 I ReactNativeJS: âŒ Not visible - returning null
10-29 15:56:58.346  4678  6358 I ReactNativeJS: ðŸ” Loading current ride...
10-29 15:56:58.347  4678  6358 I ReactNativeJS: === RIDES SCREEN STATE DEBUG ===
10-29 15:56:58.347  4678  6358 I ReactNativeJS: ðŸ”„ Component state updated:
10-29 15:56:58.347  4678  6358 I ReactNativeJS: '  - Current ride:', 'null'
10-29 15:56:58.347  4678  6358 I ReactNativeJS: '  - Pending rides count:', 0
10-29 15:56:58.347  4678  6358 I ReactNativeJS: '  - Driver status:', 'online'
10-29 15:56:58.347  4678  6358 I ReactNativeJS: '  - Loading:', true
10-29 15:56:58.347  4678  6358 I ReactNativeJS: '  - Error:', null
10-29 15:56:58.347  4678  6358 I ReactNativeJS: '  - Show modal:', false
10-29 15:56:58.347  4678  6358 I ReactNativeJS: '  - Timestamp:', '2025-10-29T10:26:58.347Z'
10-29 15:56:58.347  4678  6358 I ReactNativeJS: âŒ NO CURRENT RIDE - showing empty state
10-29 15:56:58.507 10830 10931 I FusedLocation: (REDACTED) location delivery to %s blocked - too close
10-29 15:56:58.509 10830 10931 I FusedLocation: (REDACTED) location delivery to %s blocked - too fast
10-29 15:56:58.509 10830 10931 I FusedLocation: (REDACTED) location delivery to %s blocked - too fast
10-29 15:56:58.511 10830 10931 I FusedLocation: (REDACTED) location delivery to %s blocked - too close
10-29 15:56:58.511 10830 10931 I FusedLocation: (REDACTED) location delivery to %s blocked - too fast
10-29 15:56:58.512 10830 10931 I FusedLocation: (REDACTED) location delivery to %s blocked - too fast
10-29 15:56:58.522  4678  4678 I TaskService: Handling intent with task name 'background-location-task' and app scoping identifier 'com.a1taxi.driverpro'.
10-29 15:56:58.523  4678  4678 W JobInfo : Job 'com.a1taxi.driverpro/expo.modules.taskManager.TaskJobService#0' has a deadline with no functional constraints. The deadline won't improve job execution latency. Consider removing the deadline.
10-29 15:56:58.536  4678  4678 I TaskService: Handling job with task name 'background-location-task' for app with scoping identifier 'com.a1taxi.driverpro'.
10-29 15:56:58.538  4678  6358 I ReactNativeJS: [2025-10-29T10:26:58.538Z] ðŸ“ Background location task triggered with 1 locations
10-29 15:56:58.538  4678  6358 I ReactNativeJS: [2025-10-29T10:26:58.538Z] ðŸ“ Processing location: 12.7486483, 77.8299933
10-29 15:56:58.545  4678  6358 I ReactNativeJS: 'ðŸ“¤ Background location update via RPC...', { driverId: 'eb91d7e5-e2f2-4021-a8c8-3739a3d4cae4',
10-29 15:56:58.545  4678  6358 I ReactNativeJS:   lat: 12.7486483,
10-29 15:56:58.545  4678  6358 I ReactNativeJS:   lng: 77.8299933 }
10-29 15:56:58.545  4678  6358 E ReactNativeJS: âŒ Supabase credentials not configured
10-29 15:56:58.546  4678  6358 I ReactNativeJS: [2025-10-29T10:26:58.538Z] âš ï¸ Location not sent (driver might be offline or network issue)
10-29 15:56:58.546  4678  6358 I ReactNativeJS: [2025-10-29T10:26:58.538Z] âœ… Background location task completed
10-29 15:56:58.547  4678  6347 I TaskService: Finished task 'background-location-task' with eventId '1886c9a0-20a1-4f31-a2ad-d5ac4ebc0e55'.
10-29 15:56:58.550  4678  6359 E unknown:ReactNative: console.error: âŒ Supabase credentials not configured, js engine: hermes, stack:
10-29 15:56:58.550  4678  6359 E unknown:ReactNative: _construct@1:127661
10-29 15:56:58.550  4678  6359 E unknown:ReactNative: Wrapper@1:127315
10-29 15:56:58.550  4678  6359 E unknown:ReactNative: _callSuper@1:125297
10-29 15:56:58.550  4678  6359 E unknown:ReactNative: SyntheticError@1:126802
10-29 15:56:58.550  4678  6359 E unknown:ReactNative: reactConsoleErrorHandler@1:126448
10-29 15:56:58.550  4678  6359 E unknown:ReactNative: ?anon_0_@1:2123375
10-29 15:56:58.550  4678  6359 E unknown:ReactNative: asyncGeneratorStep@1:583372
10-29 15:56:58.550  4678  6359 E unknown:ReactNative: _next@1:583631
10-29 15:56:58.550  4678  6359 E unknown:ReactNative: anonymous@1:146045
10-29 15:56:58.550  4678  6359 E unknown:ReactNative: _callTimer@1:145044
10-29 15:56:58.550  4678  6359 E unknown:ReactNative: _callReactNativeMicrotasksPass@1:145188
10-29 15:56:58.550  4678  6359 E unknown:ReactNative: callReactNativeMicrotasks@1:147108
10-29 15:56:58.550  4678  6359 E unknown:ReactNative: __callReactNativeMicrotasks@1:110857
10-29 15:56:58.550  4678  6359 E unknown:ReactNative: anonymous@1:109993
10-29 15:56:58.550  4678  6359 E unknown:ReactNative: __guard@1:110731
10-29 15:56:58.550  4678  6359 E unknown:ReactNative: flushedQueue@1:109904
10-29 15:56:58.550  4678  6359 E unknown:ReactNative: invokeCallbackAndReturnFlushedQueue@1:109847
10-29 15:56:58.613  4678  6358 I ReactNativeJS: 'âœ… Current ride loaded:', 'none'
10-29 15:56:58.614  4678  6358 I ReactNativeJS: ðŸ” Loading pending ride notifications...
10-29 15:56:58.892  4678  6358 I ReactNativeJS: ðŸ“‹ Found 0 unread ride notifications
10-29 15:56:58.908  4678  6358 I ReactNativeJS: 'ðŸŽ¯ðŸŽ¯ðŸŽ¯ TripCompletionModal RENDER - visible:', false
10-29 15:56:58.908  4678  6358 I ReactNativeJS: 'ðŸŽ¯ðŸŽ¯ðŸŽ¯ tripData:', '{\n  "distance": 0,\n  "duration": 0,\n  "fareBreakdown": {\n    "booking_type": "regular",\n    "vehicle_type": "sedan",\n    "base_fare": 0,\n    "distance_fare": 0,\n    "time_fare": 0,\n    "surge_charges": 0,\n    "deadhead_charges": 0,\n    "platform_fee": 0,\n    "gst_on_charges": 0,\n    "gst_on_platform_fee": 0,\n    "extra_km_charges": 0,\n    "driver_allowance": 0,\n    "total_fare": 0,\n    "details": {\n      "actual_distance_km": 0,\n      "actual_duration_minutes": 0,\n      "per_km_rate": 0\n    }\n  },\n  "pickup_address": "",\n  "destination_address": "",\n  "booking_type": "regular",\n  "rental_hours": null\n}'
10-29 15:56:58.908  4678  6358 I ReactNativeJS: âŒ Not visible - returning null
10-29 15:56:58.911  4678  6358 I ReactNativeJS: âœ… No pending ride notifications
10-29 15:56:58.911  4678  6358 I ReactNativeJS: === RIDES SCREEN STATE DEBUG ===
10-29 15:56:58.911  4678  6358 I ReactNativeJS: ðŸ”„ Component state updated:
10-29 15:56:58.911  4678  6358 I ReactNativeJS: '  - Current ride:', 'null'
10-29 15:56:58.912  4678  6358 I ReactNativeJS: '  - Pending rides count:', 0
10-29 15:56:58.912  4678  6358 I ReactNativeJS: '  - Driver status:', 'online'
10-29 15:56:58.912  4678  6358 I ReactNativeJS: '  - Loading:', true
10-29 15:56:58.912  4678  6358 I ReactNativeJS: '  - Error:', null
10-29 15:56:58.912  4678  6358 I ReactNativeJS: '  - Show modal:', false
10-29 15:56:58.912  4678  6358 I ReactNativeJS: '  - Timestamp:', '2025-10-29T10:26:58.912Z'
10-29 15:56:58.912  4678  6358 I ReactNativeJS: âŒ NO CURRENT RIDE - showing empty state
10-29 15:56:58.912  4678  6358 I ReactNativeJS: === RIDE REQUEST MODAL LOGIC DEBUG ===
10-29 15:56:58.912  4678  6358 I ReactNativeJS: ðŸ”„ Checking if should show ride request modal:
10-29 15:56:58.912  4678  6358 I ReactNativeJS: '  - Pending rides:', 0
10-29 15:56:58.912  4678  6358 I ReactNativeJS: '  - Modal already showing:', false
10-29 15:56:58.912  4678  6358 I ReactNativeJS: '  - Driver status:', 'online'
10-29 15:56:58.912  4678  6358 I ReactNativeJS: '  - Has current ride:', false
10-29 15:56:58.912  4678  6358 I ReactNativeJS: âŒ NOT SHOWING MODAL - reasons:
10-29 15:56:58.912  4678  6358 I ReactNativeJS: 'ðŸš— Analysis:', { pendingRidesCount: 0,
10-29 15:56:58.912  4678  6358 I ReactNativeJS:   modalAlreadyShowing: false,
10-29 15:56:58.912  4678  6358 I ReactNativeJS:   driverStatus: 'online',
10-29 15:56:58.912  4678  6358 I ReactNativeJS:   hasCurrentRide: false }
10-29 15:56:58.918  4678  6358 I ReactNativeJS: 'ðŸŽ¯ðŸŽ¯ðŸŽ¯ TripCompletionModal RENDER - visible:', false
10-29 15:56:58.919  4678  6358 I ReactNativeJS: 'ðŸŽ¯ðŸŽ¯ðŸŽ¯ tripData:', '{\n  "distance": 0,\n  "duration": 0,\n  "fareBreakdown": {\n    "booking_type": "regular",\n    "vehicle_type": "sedan",\n    "base_fare": 0,\n    "distance_fare": 0,\n    "time_fare": 0,\n    "surge_charges": 0,\n    "deadhead_charges": 0,\n    "platform_fee": 0,\n    "gst_on_charges": 0,\n    "gst_on_platform_fee": 0,\n    "extra_km_charges": 0,\n    "driver_allowance": 0,\n    "total_fare": 0,\n    "details": {\n      "actual_distance_km": 0,\n      "actual_duration_minutes": 0,\n      "per_km_rate": 0\n    }\n  },\n  "pickup_address": "",\n  "destination_address": "",\n  "booking_type": "regular",\n  "rental_hours": null\n}'
10-29 15:56:58.919  4678  6358 I ReactNativeJS: âŒ Not visible - returning null
10-29 15:56:58.920  4678  6358 I ReactNativeJS: === RIDES SCREEN STATE DEBUG ===
10-29 15:56:58.920  4678  6358 I ReactNativeJS: ðŸ”„ Component state updated:
10-29 15:56:58.920  4678  6358 I ReactNativeJS: '  - Current ride:', 'null'
10-29 15:56:58.920  4678  6358 I ReactNativeJS: '  - Pending rides count:', 0
10-29 15:56:58.920  4678  6358 I ReactNativeJS: '  - Driver status:', 'online'
10-29 15:56:58.920  4678  6358 I ReactNativeJS: '  - Loading:', false
10-29 15:56:58.920  4678  6358 I ReactNativeJS: '  - Error:', null
10-29 15:56:58.920  4678  6358 I ReactNativeJS: '  - Show modal:', false
10-29 15:56:58.920  4678  6358 I ReactNativeJS: '  - Timestamp:', '2025-10-29T10:26:58.920Z'
10-29 15:56:58.920  4678  6358 I ReactNativeJS: âŒ NO CURRENT RIDE - showing empty state
10-29 15:56:58.924  4678  6358 I ReactNativeJS: 'ðŸŽ¯ðŸŽ¯ðŸŽ¯ TripCompletionModal RENDER - visible:', false
10-29 15:56:58.924  4678  6358 I ReactNativeJS: 'ðŸŽ¯ðŸŽ¯ðŸŽ¯ tripData:', '{\n  "distance": 0,\n  "duration": 0,\n  "fareBreakdown": {\n    "booking_type": "regular",\n    "vehicle_type": "sedan",\n    "base_fare": 0,\n    "distance_fare": 0,\n    "time_fare": 0,\n    "surge_charges": 0,\n    "deadhead_charges": 0,\n    "platform_fee": 0,\n    "gst_on_charges": 0,\n    "gst_on_platform_fee": 0,\n    "extra_km_charges": 0,\n    "driver_allowance": 0,\n    "total_fare": 0,\n    "details": {\n      "actual_distance_km": 0,\n      "actual_duration_minutes": 0,\n      "per_km_rate": 0\n    }\n  },\n  "pickup_address": "",\n  "destination_address": "",\n  "booking_type": "regular",\n  "rental_hours": null\n}'
10-29 15:56:58.924  4678  6358 I ReactNativeJS: âŒ Not visible - returning null
10-29 15:57:00.337  4678  6358 I ReactNativeJS: ðŸ”„ Auto-refreshing rides (2-second interval)...
10-29 15:57:00.340  4678  6358 I ReactNativeJS: 'ðŸŽ¯ðŸŽ¯ðŸŽ¯ TripCompletionModal RENDER - visible:', false
10-29 15:57:00.340  4678  6358 I ReactNativeJS: 'ðŸŽ¯ðŸŽ¯ðŸŽ¯ tripData:', '{\n  "distance": 0,\n  "duration": 0,\n  "fareBreakdown": {\n    "booking_type": "regular",\n    "vehicle_type": "sedan",\n    "base_fare": 0,\n    "distance_fare": 0,\n    "time_fare": 0,\n    "surge_charges": 0,\n    "deadhead_charges": 0,\n    "platform_fee": 0,\n    "gst_on_charges": 0,\n    "gst_on_platform_fee": 0,\n    "extra_km_charges": 0,\n    "driver_allowance": 0,\n    "total_fare": 0,\n    "details": {\n      "actual_distance_km": 0,\n      "actual_duration_minutes": 0,\n      "per_km_rate": 0\n    }\n  },\n  "pickup_address": "",\n  "destination_address": "",\n  "booking_type": "regular",\n  "rental_hours": null\n}'
10-29 15:57:00.340  4678  6358 I ReactNativeJS: âŒ Not visible - returning null
10-29 15:57:00.341  4678  6358 I ReactNativeJS: === LOADING RIDES ===
10-29 15:57:00.341  4678  6358 I ReactNativeJS: 'Driver ID:', 'eb91d7e5-e2f2-4021-a8c8-3739a3d4cae4'
10-29 15:57:00.341  4678  6358 I ReactNativeJS: 'Driver User ID:', '1c4ac410-54d8-4b5e-960b-3afcbebd115d'
10-29 15:57:00.344  4678  6358 I ReactNativeJS: 'ðŸŽ¯ðŸŽ¯ðŸŽ¯ TripCompletionModal RENDER - visible:', false
10-29 15:57:00.344  4678  6358 I ReactNativeJS: 'ðŸŽ¯ðŸŽ¯ðŸŽ¯ tripData:', '{\n  "distance": 0,\n  "duration": 0,\n  "fareBreakdown": {\n    "booking_type": "regular",\n    "vehicle_type": "sedan",\n    "base_fare": 0,\n    "distance_fare": 0,\n    "time_fare": 0,\n    "surge_charges": 0,\n    "deadhead_charges": 0,\n    "platform_fee": 0,\n    "gst_on_charges": 0,\n    "gst_on_platform_fee": 0,\n    "extra_km_charges": 0,\n    "driver_allowance": 0,\n    "total_fare": 0,\n    "details": {\n      "actual_distance_km": 0,\n      "actual_duration_minutes": 0,\n      "per_km_rate": 0\n    }\n  },\n  "pickup_address": "",\n  "destination_address": "",\n  "booking_type": "regular",\n  "rental_hours": null\n}'
10-29 15:57:00.344  4678  6358 I ReactNativeJS: âŒ Not visible - returning null
10-29 15:57:00.345  4678  6358 I ReactNativeJS: ðŸ” Loading current ride...
10-29 15:57:00.346  4678  6358 I ReactNativeJS: === RIDES SCREEN STATE DEBUG ===
10-29 15:57:00.346  4678  6358 I ReactNativeJS: ðŸ”„ Component state updated:
10-29 15:57:00.346  4678  6358 I ReactNativeJS: '  - Current ride:', 'null'
10-29 15:57:00.346  4678  6358 I ReactNativeJS: '  - Pending rides count:', 0
10-29 15:57:00.346  4678  6358 I ReactNativeJS: '  - Driver status:', 'online'
10-29 15:57:00.346  4678  6358 I ReactNativeJS: '  - Loading:', true
10-29 15:57:00.346  4678  6358 I ReactNativeJS: '  - Error:', null
10-29 15:57:00.346  4678  6358 I ReactNativeJS: '  - Show modal:', false
10-29 15:57:00.346  4678  6358 I ReactNativeJS: '  - Timestamp:', '2025-10-29T10:27:00.346Z'
10-29 15:57:00.346  4678  6358 I ReactNativeJS: âŒ NO CURRENT RIDE - showing empty state
10-29 15:57:00.669  4678  6358 I ReactNativeJS: 'âœ… Current ride loaded:', 'none'
10-29 15:57:00.669  4678  6358 I ReactNativeJS: ðŸ” Loading pending ride notifications...
10-29 15:57:00.972  4678  6358 I ReactNativeJS: ðŸ“‹ Found 0 unread ride notifications
10-29 15:57:00.982  4678  6358 I ReactNativeJS: 'ðŸŽ¯ðŸŽ¯ðŸŽ¯ TripCompletionModal RENDER - visible:', false
10-29 15:57:00.983  4678  6358 I ReactNativeJS: 'ðŸŽ¯ðŸŽ¯ðŸŽ¯ tripData:', '{\n  "distance": 0,\n  "duration": 0,\n  "fareBreakdown": {\n    "booking_type": "regular",\n    "vehicle_type": "sedan",\n    "base_fare": 0,\n    "distance_fare": 0,\n    "time_fare": 0,\n    "surge_charges": 0,\n    "deadhead_charges": 0,\n    "platform_fee": 0,\n    "gst_on_charges": 0,\n    "gst_on_platform_fee": 0,\n    "extra_km_charges": 0,\n    "driver_allowance": 0,\n    "total_fare": 0,\n    "details": {\n      "actual_distance_km": 0,\n      "actual_duration_minutes": 0,\n      "per_km_rate": 0\n    }\n  },\n  "pickup_address": "",\n  "destination_address": "",\n  "booking_type": "regular",\n  "rental_hours": null\n}'
10-29 15:57:00.983  4678  6358 I ReactNativeJS: âŒ Not visible - returning null
10-29 15:57:00.985  4678  6358 I ReactNativeJS: âœ… No pending ride notifications
10-29 15:57:00.985  4678  6358 I ReactNativeJS: === RIDES SCREEN STATE DEBUG ===
10-29 15:57:00.985  4678  6358 I ReactNativeJS: ðŸ”„ Component state updated:
10-29 15:57:00.986  4678  6358 I ReactNativeJS: '  - Current ride:', 'null'
10-29 15:57:00.986  4678  6358 I ReactNativeJS: '  - Pending rides count:', 0
10-29 15:57:00.986  4678  6358 I ReactNativeJS: '  - Driver status:', 'online'
10-29 15:57:00.986  4678  6358 I ReactNativeJS: '  - Loading:', true
10-29 15:57:00.986  4678  6358 I ReactNativeJS: '  - Error:', null
10-29 15:57:00.986  4678  6358 I ReactNativeJS: '  - Show modal:', false
10-29 15:57:00.986  4678  6358 I ReactNativeJS: '  - Timestamp:', '2025-10-29T10:27:00.986Z'
10-29 15:57:00.986  4678  6358 I ReactNativeJS: âŒ NO CURRENT RIDE - showing empty state
10-29 15:57:00.986  4678  6358 I ReactNativeJS: === RIDE REQUEST MODAL LOGIC DEBUG ===
10-29 15:57:00.986  4678  6358 I ReactNativeJS: ðŸ”„ Checking if should show ride request modal:
10-29 15:57:00.986  4678  6358 I ReactNativeJS: '  - Pending rides:', 0
10-29 15:57:00.986  4678  6358 I ReactNativeJS: '  - Modal already showing:', false
10-29 15:57:00.986  4678  6358 I ReactNativeJS: '  - Driver status:', 'online'
10-29 15:57:00.986  4678  6358 I ReactNativeJS: '  - Has current ride:', false
10-29 15:57:00.986  4678  6358 I ReactNativeJS: âŒ NOT SHOWING MODAL - reasons:
10-29 15:57:00.987  4678  6358 I ReactNativeJS: 'ðŸš— Analysis:', { pendingRidesCount: 0,
10-29 15:57:00.987  4678  6358 I ReactNativeJS:   modalAlreadyShowing: false,
10-29 15:57:00.987  4678  6358 I ReactNativeJS:   driverStatus: 'online',
10-29 15:57:00.987  4678  6358 I ReactNativeJS:   hasCurrentRide: false }
10-29 15:57:00.992  4678  6358 I ReactNativeJS: 'ðŸŽ¯ðŸŽ¯ðŸŽ¯ TripCompletionModal RENDER - visible:', false
10-29 15:57:00.992  4678  6358 I ReactNativeJS: 'ðŸŽ¯ðŸŽ¯ðŸŽ¯ tripData:', '{\n  "distance": 0,\n  "duration": 0,\n  "fareBreakdown": {\n    "booking_type": "regular",\n    "vehicle_type": "sedan",\n    "base_fare": 0,\n    "distance_fare": 0,\n    "time_fare": 0,\n    "surge_charges": 0,\n    "deadhead_charges": 0,\n    "platform_fee": 0,\n    "gst_on_charges": 0,\n    "gst_on_platform_fee": 0,\n    "extra_km_charges": 0,\n    "driver_allowance": 0,\n    "total_fare": 0,\n    "details": {\n      "actual_distance_km": 0,\n      "actual_duration_minutes": 0,\n      "per_km_rate": 0\n    }\n  },\n  "pickup_address": "",\n  "destination_address": "",\n  "booking_type": "regular",\n  "rental_hours": null\n}'
10-29 15:57:00.992  4678  6358 I ReactNativeJS: âŒ Not visible - returning null
10-29 15:57:00.993  4678  6358 I ReactNativeJS: === RIDES SCREEN STATE DEBUG ===
10-29 15:57:00.994  4678  6358 I ReactNativeJS: ðŸ”„ Component state updated:
10-29 15:57:00.994  4678  6358 I ReactNativeJS: '  - Current ride:', 'null'
10-29 15:57:00.994  4678  6358 I ReactNativeJS: '  - Pending rides count:', 0
10-29 15:57:00.994  4678  6358 I ReactNativeJS: '  - Driver status:', 'online'
10-29 15:57:00.994  4678  6358 I ReactNativeJS: '  - Loading:', false
10-29 15:57:00.994  4678  6358 I ReactNativeJS: '  - Error:', null
10-29 15:57:00.994  4678  6358 I ReactNativeJS: '  - Show modal:', false
10-29 15:57:00.994  4678  6358 I ReactNativeJS: '  - Timestamp:', '2025-10-29T10:27:00.994Z'
10-29 15:57:00.994  4678  6358 I ReactNativeJS: âŒ NO CURRENT RIDE - showing empty state
10-29 15:57:00.997  4678  6358 I ReactNativeJS: 'ðŸŽ¯ðŸŽ¯ðŸŽ¯ TripCompletionModal RENDER - visible:', false
10-29 15:57:00.998  4678  6358 I ReactNativeJS: 'ðŸŽ¯ðŸŽ¯ðŸŽ¯ tripData:', '{\n  "distance": 0,\n  "duration": 0,\n  "fareBreakdown": {\n    "booking_type": "regular",\n    "vehicle_type": "sedan",\n    "base_fare": 0,\n    "distance_fare": 0,\n    "time_fare": 0,\n    "surge_charges": 0,\n    "deadhead_charges": 0,\n    "platform_fee": 0,\n    "gst_on_charges": 0,\n    "gst_on_platform_fee": 0,\n    "extra_km_charges": 0,\n    "driver_allowance": 0,\n    "total_fare": 0,\n    "details": {\n      "actual_distance_km": 0,\n      "actual_duration_minutes": 0,\n      "per_km_rate": 0\n    }\n  },\n  "pickup_address": "",\n  "destination_address": "",\n  "booking_type": "regular",\n  "rental_hours": null\n}'
10-29 15:57:00.998  4678  6358 I ReactNativeJS: âŒ Not visible - returning null
10-29 15:57:01.491 10830 10894 W Settings: Setting airplane_mode_on has moved from android.provider.Settings.System to android.provider.Settings.Global, returning read-only value.
10-29 15:57:01.494 10830  8566 W SystemServiceRegistry: No service published for: wifirtt
10-29 15:57:01.496 10830 10931 I FusedLocation: (REDACTED) location delivery to %s blocked - too close
10-29 15:57:01.498 10830 10931 I FusedLocation: (REDACTED) location delivery to %s blocked - too fast
10-29 15:57:01.500 10830 10931 I FusedLocation: (REDACTED) location delivery to %s blocked - too close
10-29 15:57:01.500 10830 10931 I FusedLocation: (REDACTED) location delivery to %s blocked - too fast
10-29 15:57:01.500 10830 10931 I FusedLocation: (REDACTED) location delivery to %s blocked - too fast
10-29 15:57:01.505  4678  4678 I TaskService: Handling intent with task name 'background-location-task' and app scoping identifier 'com.a1taxi.driverpro'.
10-29 15:57:01.506  4678  4678 W JobInfo : Job 'com.a1taxi.driverpro/expo.modules.taskManager.TaskJobService#0' has a deadline with no functional constraints. The deadline won't improve job execution latency. Consider removing the deadline.
10-29 15:57:01.512  4678  4678 I TaskService: Handling job with task name 'background-location-task' for app with scoping identifier 'com.a1taxi.driverpro'.
10-29 15:57:01.513  4678  6358 I ReactNativeJS: [2025-10-29T10:27:01.513Z] ðŸ“ Background location task triggered with 1 locations
10-29 15:57:01.513  4678  6358 I ReactNativeJS: [2025-10-29T10:27:01.513Z] ðŸ“ Processing location: 12.7486483, 77.8299933
10-29 15:57:01.514 10830 16078 I WifiScanner: onFullResults
10-29 15:57:01.514 10830 15980 I WifiScanner: onFullResults
10-29 15:57:01.514 10830 15140 I WifiScanner: onFullResults
10-29 15:57:01.518  4678  6358 I ReactNativeJS: 'ðŸ“¤ Background location update via RPC...', { driverId: 'eb91d7e5-e2f2-4021-a8c8-3739a3d4cae4',
10-29 15:57:01.518  4678  6358 I ReactNativeJS:   lat: 12.7486483,
10-29 15:57:01.518  4678  6358 I ReactNativeJS:   lng: 77.8299933 }
10-29 15:57:01.519  4678  6358 E ReactNativeJS: âŒ Supabase credentials not configured
10-29 15:57:01.519  4678  6358 I ReactNativeJS: [2025-10-29T10:27:01.513Z] âš ï¸ Location not sent (driver might be offline or network issue)
10-29 15:57:01.519  4678  6358 I ReactNativeJS: [2025-10-29T10:27:01.513Z] âœ… Background location task completed
10-29 15:57:01.520  4678  6347 I TaskService: Finished task 'background-location-task' with eventId '32a054c1-a53b-4361-9837-10fa8e3418ca'.
10-29 15:57:01.521  4678  6359 E unknown:ReactNative: console.error: âŒ Supabase credentials not configured, js engine: hermes, stack:
10-29 15:57:01.521  4678  6359 E unknown:ReactNative: _construct@1:127661
