10-29 15:56:15.065  8979  9430 I BugleRcsProvisioning: RcsProvisioningTrigger: Did not schedule RevokeGoogleConsentTask
10-29 15:56:15.065  8979  9451 I BugleRcsProvisioning: RcsAvailability: Subscription Id: 1, simId: redacted-pii:sim_id[chars:20,last3:904], sipConnectionType: DUAL_REG, isRcsAvailable: true
10-29 15:56:15.066  8979  9451 I BugleRcsProvisioning: updateAvailabilityForRcsProvisioningId. SimId: redacted-pii:sim_id[chars:20,last3:904], currentAvailability: 7, newAvailability: 7, hint: NO_HINT
10-29 15:56:15.067  8979  9052 I RcsProvisioningManager: CommonRcsProvisioningChangeListenerHandler.notifyListener : Notify RcsProvisioningChangeListener dfxy@cfed5ab onRcsProvisioningChange, SIM = redacted-pii:sim_id[chars:35,last3:45)], available rcs provisioning ids  = redacted-pii:sim_id[chars:20,last3:904],redacted-pii:sim_id[chars:20,last3:845]
10-29 15:56:15.070  8979  9450 I RcsProvisioningManager: AvailabilityObserver.onUpdate : Notify RcsAvailabilityListener cpdt@ab53e25 onRcsAvailabilityUpdate, SIM = redacted-pii:sim_id[chars:20,last3:845], availability = 7
10-29 15:56:15.071  8979  9045 I BugleRcsProvisioning: scheduleProvisioningForEligibleSims
10-29 15:56:15.071  8979  9074 I RcsProvisioningManager: AvailabilityObserver.onUpdate : Notify RcsAvailabilityListener curo@8b96ef1 onRcsAvailabilityUpdate, SIM = redacted-pii:sim_id[chars:20,last3:845], availability = 7
10-29 15:56:15.072  8979  9456 I cqas    : scheduleProvisioningForEligibleSims: operationTrigger: 5 bugle trigger event: 4
10-29 15:56:15.072  8979  9456 I cqas    : scheduleProvisioningForAllEligibleSims: operationTrigger: 5 bugle trigger event: 4
10-29 15:56:15.072  8979  9075 I RcsProvisioningFlow: EVENT_TYPE_PROVISIONING_SUCCEEDED logging skipped for redacted-pii:sim_id[chars:20,last3:845] because of NOT_ELIGIBLE_PREVIOUS_EVENT_NOT_LOGGED
10-29 15:56:15.072  8979  9073 I BugleRcsProvisioning: RcsProvisioningTrigger: onRcsAvailabilityUpdate : isPreviousDisabled = true, isCurrentDisabled = false, config[simId:redacted-pii:sim_id[chars:20,last3:845]] = [Type: 1, Version: 8, Validity: 399613, Last updated: 1761670531, Remaining validity: 336569, Reconfiguration requested: false, Messaging technology: CPM, rcsVolteSingleRegistration: falseInvalid configreason: INVALID_CONFIG_REASON_UNSPECIFIED], hasToken: true, isValidAndUpdated: true
10-29 15:56:15.073  8979  9073 I RcsProvisioningManager: Receive onRcsConfigurationUpdate, SIM = redacted-pii:sim_id[chars:20,last3:845], configuration = Type: 1, Version: 8, Validity: 399613, Last updated: 1761670531, Remaining validity: 336569, Reconfiguration requested: false, Messaging technology: CPM, rcsVolteSingleRegistration: falseInvalid configreason: INVALID_CONFIG_REASON_UNSPECIFIED
10-29 15:56:15.074  8979  9073 I RcsProvisioningManager: Configuration is empty: false for simId: redacted-pii:sim_id[chars:35,last3:45)]
10-29 15:56:15.075  8979  9468 I cqas    : scheduleProvisioningForRcsProvisioningId: rcsProvisioningId: redacted-pii:sim_id[chars:20,last3:845] operationTrigger: 5 bugle trigger event: 4
10-29 15:56:15.075  8979  9076 I RcsClientLib: Service is deprecated skipping connection attempt: EventService
10-29 15:56:15.075  8979  9076 I RcsClientLib: Service is deprecated skipping connection attempt: ContactsService
10-29 15:56:15.076  8979  9076 I RcsClientLib: Service is deprecated skipping connection attempt: FileTransferService
10-29 15:56:15.076  8979  9468 I BugleRcsEngine: [SR]: Single Registration is disabled. Skipping Single Registration capability check for subId: 2, OS.isAtLeastS:[true], enableSingleRegistrationProvisioning:[false] [CONTEXT thread_id=88047 ]
10-29 15:56:15.076  8979  9076 I RcsClientLib: Service is deprecated skipping connection attempt: LocationSharingService
10-29 15:56:15.076  8979  9468 I cqas    : RcsProvisioningTrigger: DR is active, initializing DR provisioning. DUAL_REG
10-29 15:56:15.076  8979  9076 I RcsClientLib: Service is deprecated skipping connection attempt: ImsConnectionTrackerService
10-29 15:56:15.076  8979  9076 I RcsClientLib: Service is deprecated skipping connection attempt: RcsProfileService
10-29 15:56:15.077  8979  9076 I RcsClientLib: Service is deprecated skipping connection attempt: RcsMessagingService
10-29 15:56:15.077  8979  9076 I BugleRcs: connecting to 7 Rcs Services
10-29 15:56:15.747  9275  9352 D SQLiteQueryBuilder: SELECT * FROM logs WHERE (persistence_group = ?) ORDER BY priority DESC, oid
10-29 15:56:16.480 10830 10931 I FusedLocation: (REDACTED) location delivery to %s blocked - too close
10-29 15:56:16.481 10830 10931 I FusedLocation: (REDACTED) location delivery to %s blocked - too fast
10-29 15:56:16.481 10830 10931 I FusedLocation: (REDACTED) location delivery to %s blocked - too fast
10-29 15:56:16.481 10830 10931 I FusedLocation: (REDACTED) location delivery to %s blocked - too close
10-29 15:56:16.482 10830 10931 I FusedLocation: (REDACTED) location delivery to %s blocked - too fast
10-29 15:56:16.482 10830 10931 I FusedLocation: (REDACTED) location delivery to %s blocked - too fast
10-29 15:56:16.486  4678  4678 I TaskService: Handling intent with task name 'background-location-task' and app scoping identifier 'com.a1taxi.driverpro'.
10-29 15:56:16.869  9313 10815 D VivoJavaJsonManager: failed to find appName:com.google.android.gms from config key:mProtakePackages
10-29 15:56:16.957 18285 18285 I PkDeviceHelper: PkDeviceHelper.refreshDevices():93 refreshing devices
10-29 15:56:16.959 18285 18285 I PkDeviceHelper: PkDeviceHelper.refreshDevices():93 refreshing devices
10-29 15:56:16.964 18285 18285 I PkDeviceHelper: PkDeviceHelper.refreshDevices():93 refreshing devices
10-29 15:56:17.416 18285  9655 I DeviceStatusMonitor: DeviceStatusMonitor.handleBroadcast():123 onReceive() : Action = android.intent.action.SCREEN_ON
10-29 15:56:17.416 18285  9655 I DeviceStatusMonitor: DeviceStatusMonitor.updateCountryInfo():139 updateCountryInfo(), notifyAnyway = false
10-29 15:56:17.648 10830 10931 I FusedLocation: (REDACTED) location delivery to %s blocked - too fast
10-29 15:56:17.655 10830 10883 I NullBinder: NullBinder for android.net.action.RECOMMEND_NETWORKS triggering remote TransactionTooLargeException due to Service without Chimera impl, calling uid: 1000, calling pid: 0
10-29 15:56:17.655 10830 10883 W .gms.persistent: Large reply transaction of 1056768 bytes, interface descriptor , code 1
10-29 15:56:17.662 10830 10931 I FusedLocation: (REDACTED) location delivery to %s blocked - too close
10-29 15:56:17.679 10830 10883 I NullBinder: NullBinder for android.net.action.RECOMMEND_NETWORKS triggering remote TransactionTooLargeException due to Service without Chimera impl, calling uid: 1000, calling pid: 0
10-29 15:56:17.679 10830 10883 W .gms.persistent: Large reply transaction of 1056768 bytes, interface descriptor , code 1
10-29 15:56:17.708 10830 10931 I FusedLocation: (REDACTED) location delivery to %s blocked - too fast
10-29 15:56:17.717 10830 10883 I NullBinder: NullBinder for android.net.action.RECOMMEND_NETWORKS triggering remote TransactionTooLargeException due to Service without Chimera impl, calling uid: 1000, calling pid: 0
10-29 15:56:17.718 10830 10883 W .gms.persistent: Large reply transaction of 1056768 bytes, interface descriptor , code 1
10-29 15:56:17.828 10830 10931 I FusedLocation: (REDACTED) location delivery to %s blocked - too close
10-29 15:56:17.828 10830 10931 I FusedLocation: (REDACTED) location delivery to %s blocked - too fast
10-29 15:56:17.830 10830 10931 I FusedLocation: (REDACTED) location delivery to %s blocked - too fast
10-29 15:56:17.933 10830 10894 W Settings: Setting airplane_mode_on has moved from android.provider.Settings.System to android.provider.Settings.Global, returning read-only value.
10-29 15:56:17.938  1870  2894 D BatteryStatsService: noteVideoSurfaceChanged  noteWhich: 49,arg1: 1080, arg2: 2392, arg3: 2704, arg4: 250, name: com.android.systemui
10-29 15:56:17.939  9275  9352 D SQLiteQueryBuilder: SELECT * FROM logs WHERE (persistence_group = ?) ORDER BY priority DESC, oid
10-29 15:56:17.995 10830  8715 W SystemServiceRegistry: No service published for: wifirtt
10-29 15:56:17.999  9275  9352 D SQLiteQueryBuilder: SELECT * FROM logs WHERE (persistence_group = ?) ORDER BY priority DESC, oid
10-29 15:56:18.004  9275  9352 D SQLiteQueryBuilder: SELECT * FROM logs WHERE (persistence_group = ?) ORDER BY priority DESC, oid
10-29 15:56:18.126 10830  8566 W DatabaseProcessor: processLocalDevices: failed to get the network info with non-null networkId.
10-29 15:56:18.148 10830 10830 I CastMediaRouteProvider: Published 0 routes
10-29 15:56:18.167 10830 10860 I MdnsServiceBrowser: (REDACTED) registering %s
10-29 15:56:18.216  4678  4678 I BackgroundFetchTaskConsumer: Stopping an alarm for task 'background-fetch-task'.
10-29 15:56:18.221  4678  4678 W JobInfo : Job 'com.a1taxi.driverpro/expo.modules.taskManager.TaskJobService#0' has a deadline with no functional constraints. The deadline won't improve job execution latency. Consider removing the deadline.
10-29 15:56:18.228  4678  4678 I BackgroundFetchTaskConsumer: Stopping an alarm for task 'background-ride-monitor'.
10-29 15:56:18.229  4678  6358 I ReactNativeJS: 'ðŸ“± App state changed to:', 'active'
10-29 15:56:18.229  4678  6358 I ReactNativeJS: === APP CAME TO FOREGROUND ===
10-29 15:56:18.229  4678  6358 I ReactNativeJS: ðŸ” Checking if location tracking needs to be restarted...
10-29 15:56:18.235  4678  6358 I ReactNativeJS: ðŸ”„ Auto-refreshing rides (2-second interval)...
10-29 15:56:18.244  4678  6358 I ReactNativeJS: 'ðŸŽ¯ðŸŽ¯ðŸŽ¯ TripCompletionModal RENDER - visible:', false
10-29 15:56:18.244  4678  6358 I ReactNativeJS: 'ðŸŽ¯ðŸŽ¯ðŸŽ¯ tripData:', '{\n  "distance": 0,\n  "duration": 0,\n  "fareBreakdown": {\n    "booking_type": "regular",\n    "vehicle_type": "sedan",\n    "base_fare": 0,\n    "distance_fare": 0,\n    "time_fare": 0,\n    "surge_charges": 0,\n    "deadhead_charges": 0,\n    "platform_fee": 0,\n    "gst_on_charges": 0,\n    "gst_on_platform_fee": 0,\n    "extra_km_charges": 0,\n    "driver_allowance": 0,\n    "total_fare": 0,\n    "details": {\n      "actual_distance_km": 0,\n      "actual_duration_minutes": 0,\n      "per_km_rate": 0\n    }\n  },\n  "pickup_address": "",\n  "destination_address": "",\n  "booking_type": "regular",\n  "rental_hours": null\n}'
10-29 15:56:18.244  4678  6358 I ReactNativeJS: âŒ Not visible - returning null
10-29 15:56:18.246  4678  6358 I ReactNativeJS: === LOADING RIDES ===
10-29 15:56:18.246  4678  6358 I ReactNativeJS: 'Driver ID:', 'eb91d7e5-e2f2-4021-a8c8-3739a3d4cae4'
10-29 15:56:18.246  4678  6358 I ReactNativeJS: 'Driver User ID:', '1c4ac410-54d8-4b5e-960b-3afcbebd115d'
10-29 15:56:18.256  4678  4678 D ViewRootImpl: AppSizeAfterRelayout, size: Point(1080, 2392), rotation: ROTATION_0
10-29 15:56:18.256  4678  4678 D BufferQueueConsumer: [](id:12460000000a,api:0,p:-1,c:4678) connect: controlledByApp=false
10-29 15:56:18.257  4678  4678 D BLASTBufferQueue: [VRI[MainActivity]#10](f:0,a:0) constructor()
10-29 15:56:18.257  4678  4678 D BLASTBufferQueue: [VRI[MainActivity]#10](f:0,a:0) update width=1080 height=2392 format=-1 mTransformHint=0
10-29 15:56:18.257  4678  6358 I ReactNativeJS: 'ðŸŽ¯ðŸŽ¯ðŸŽ¯ TripCompletionModal RENDER - visible:', false
10-29 15:56:18.258  4678  6358 I ReactNativeJS: 'ðŸŽ¯ðŸŽ¯ðŸŽ¯ tripData:', '{\n  "distance": 0,\n  "duration": 0,\n  "fareBreakdown": {\n    "booking_type": "regular",\n    "vehicle_type": "sedan",\n    "base_fare": 0,\n    "distance_fare": 0,\n    "time_fare": 0,\n    "surge_charges": 0,\n    "deadhead_charges": 0,\n    "platform_fee": 0,\n    "gst_on_charges": 0,\n    "gst_on_platform_fee": 0,\n    "extra_km_charges": 0,\n    "driver_allowance": 0,\n    "total_fare": 0,\n    "details": {\n      "actual_distance_km": 0,\n      "actual_duration_minutes": 0,\n      "per_km_rate": 0\n    }\n  },\n  "pickup_address": "",\n  "destination_address": "",\n  "booking_type": "regular",\n  "rental_hours": null\n}'
10-29 15:56:18.258  4678  6358 I ReactNativeJS: âŒ Not visible - returning null
10-29 15:56:18.273  4678  6358 I ReactNativeJS: ðŸ” Loading current ride...
10-29 15:56:18.276  4678  6333 D BLASTBufferQueue: [VRI[MainActivity]#10](f:0,a:1) acquireNextBufferLocked size=1080x2392 mFrameNumber=1 applyTransaction=true mTimestamp=1119138942220474(auto) mPendingTransactions.size=0 graphicBufferId=20091857010758 transform=0
10-29 15:56:18.284  4678  6358 I ReactNativeJS: === RIDES SCREEN STATE DEBUG ===
10-29 15:56:18.284  4678  6358 I ReactNativeJS: ðŸ”„ Component state updated:
10-29 15:56:18.284  4678  6358 I ReactNativeJS: '  - Current ride:', 'null'
10-29 15:56:18.284  4678  6358 I ReactNativeJS: '  - Pending rides count:', 0
10-29 15:56:18.284  4678  6358 I ReactNativeJS: '  - Driver status:', 'online'
10-29 15:56:18.284  4678  6358 I ReactNativeJS: '  - Loading:', true
10-29 15:56:18.284  4678  6358 I ReactNativeJS: '  - Error:', null
10-29 15:56:18.284  4678  6358 I ReactNativeJS: '  - Show modal:', false
10-29 15:56:18.284  4678  6358 I ReactNativeJS: '  - Timestamp:', '2025-10-29T10:26:18.284Z'
10-29 15:56:18.284  4678  6358 I ReactNativeJS: âŒ NO CURRENT RIDE - showing empty state
10-29 15:56:18.289  4678  6358 I ReactNativeJS: ðŸ“ Background location status check:
10-29 15:56:18.289  4678  6358 I ReactNativeJS: '  - Task registered:', true
10-29 15:56:18.289  4678  6358 I ReactNativeJS: '  - Background permission:', 'granted'
10-29 15:56:18.289  4678  6358 I ReactNativeJS: '  - Is active:', true
10-29 15:56:18.289  4678  6358 I ReactNativeJS: 'ðŸ“ Background tracking status check:', true
10-29 15:56:18.289  4678  6358 I ReactNativeJS: âœ… Background tracking is active and working correctly
10-29 15:56:18.306  4678  4678 I TaskService: Handling job with task name 'background-location-task' for app with scoping identifier 'com.a1taxi.driverpro'.
10-29 15:56:18.314  4678  6358 I ReactNativeJS: [2025-10-29T10:26:18.314Z] ðŸ“ Background location task triggered with 1 locations
10-29 15:56:18.314  4678  6358 I ReactNativeJS: [2025-10-29T10:26:18.314Z] ðŸ“ Processing location: 12.7486028, 77.8299854
10-29 15:56:18.340  4678  6358 I ReactNativeJS: 'ðŸ“¤ Background location update via RPC...', { driverId: 'eb91d7e5-e2f2-4021-a8c8-3739a3d4cae4',
10-29 15:56:18.340  4678  6358 I ReactNativeJS:   lat: 12.7486028,
10-29 15:56:18.340  4678  6358 I ReactNativeJS:   lng: 77.8299854 }
10-29 15:56:18.340  4678  6358 E ReactNativeJS: âŒ Supabase credentials not configured
10-29 15:56:18.342  4678  6358 I ReactNativeJS: [2025-10-29T10:26:18.314Z] âš ï¸ Location not sent (driver might be offline or network issue)
10-29 15:56:18.342  4678  6358 I ReactNativeJS: [2025-10-29T10:26:18.314Z] âœ… Background location task completed
10-29 15:56:18.343  4678  6347 I TaskService: Finished task 'background-location-task' with eventId '4f40d0d9-a881-4daf-9561-0e3e4561eae3'.
10-29 15:56:18.344  4678  6359 E unknown:ReactNative: console.error: âŒ Supabase credentials not configured, js engine: hermes, stack:
10-29 15:56:18.344  4678  6359 E unknown:ReactNative: _construct@1:127661
10-29 15:56:18.344  4678  6359 E unknown:ReactNative: Wrapper@1:127315
10-29 15:56:18.344  4678  6359 E unknown:ReactNative: _callSuper@1:125297
10-29 15:56:18.344  4678  6359 E unknown:ReactNative: SyntheticError@1:126802
10-29 15:56:18.344  4678  6359 E unknown:ReactNative: reactConsoleErrorHandler@1:126448
10-29 15:56:18.344  4678  6359 E unknown:ReactNative: ?anon_0_@1:2123375
10-29 15:56:18.344  4678  6359 E unknown:ReactNative: asyncGeneratorStep@1:583372
10-29 15:56:18.344  4678  6359 E unknown:ReactNative: _next@1:583631
10-29 15:56:18.344  4678  6359 E unknown:ReactNative: anonymous@1:146045
10-29 15:56:18.344  4678  6359 E unknown:ReactNative: _callTimer@1:145044
10-29 15:56:18.344  4678  6359 E unknown:ReactNative: _callReactNativeMicrotasksPass@1:145188
10-29 15:56:18.344  4678  6359 E unknown:ReactNative: callReactNativeMicrotasks@1:147108
10-29 15:56:18.344  4678  6359 E unknown:ReactNative: __callReactNativeMicrotasks@1:110857
10-29 15:56:18.344  4678  6359 E unknown:ReactNative: anonymous@1:109993
10-29 15:56:18.344  4678  6359 E unknown:ReactNative: __guard@1:110731
10-29 15:56:18.344  4678  6359 E unknown:ReactNative: flushedQueue@1:109904
10-29 15:56:18.344  4678  6359 E unknown:ReactNative: invokeCallbackAndReturnFlushedQueue@1:109847
10-29 15:56:18.348 10830  8756 I NearbySharing: Network state changed: NetworkState(isRestricted=false, isOnline=true, isCongested=false, isMetered=false, isWifiConnected=true)
10-29 15:56:18.350  1870  2894 D BatteryStatsService: noteVideoSurfaceChanged  noteWhich: 49,arg1: -1, arg2: -1, arg3: 2704, arg4: 394, name: com.vivo.systemuiplugin
10-29 15:56:18.465  1870  6015 D BatteryStatsService: noteVideoSurfaceChanged  noteWhich: 49,arg1: -1, arg2: -1, arg3: 3218, arg4: 14424, name: com.vivo.fingerprintui
10-29 15:56:18.520 10830 10886 I WifiScanner: onFullResults
10-29 15:56:18.520 10830 15981 I WifiScanner: onFullResults
10-29 15:56:18.520  1870  3776 D BatteryStatsService: noteVideoSurfaceChanged  noteWhich: 49,arg1: -2, arg2: -1, arg3: 2704, arg4: 230, name: com.android.systemui
10-29 15:56:18.523 10830 11013 I WifiScanner: onFullResults
10-29 15:56:18.524  1870  2896 D BatteryStatsService: noteVideoSurfaceChanged  noteWhich: 49,arg1: -2, arg2: -1, arg3: 2704, arg4: 236, name: com.android.systemui
10-29 15:56:18.607  4678  6358 I ReactNativeJS: 'âœ… Current ride loaded:', 'none'
10-29 15:56:18.607  4678  6358 I ReactNativeJS: ðŸ” Loading pending ride notifications...
10-29 15:56:18.638 10830  8756 I NearbySharing: Screen is unlocked
10-29 15:56:18.640 10830  8756 I NearbySharing: Uwb feature is off.
10-29 15:56:18.640 10830  8756 I NearbySharing: Uwb feature is off.
10-29 15:56:18.640 10830  8756 I NearbySharing: Stopping scanning because Bluetooth is disabled.
10-29 15:56:18.650  9313  9567 D VivoJavaJsonManager: failed to find appName:com.google.android.gms from config key:mProtakePackages
10-29 15:56:18.673  1870  3776 D BatteryStatsService: noteVideoSurfaceChanged  noteWhich: 49,arg1: -2, arg2: -1, arg3: 2704, arg4: 250, name: com.android.systemui
10-29 15:56:18.674  1870  3776 D BatteryStatsService: noteVideoSurfaceChanged  noteWhich: 49,arg1: -2, arg2: -1, arg3: 2704, arg4: 250, name: com.android.systemui
10-29 15:56:18.692 10830  8756 I NearbySharing: Stopping Fast Init advertisement because Bluetooth is off.
10-29 15:56:18.692 10830  8756 I NearbySharing: Stopping advertising because Bluetooth is disabled.
10-29 15:56:18.708 10830  8756 I NearbySharing: Starting scanning for Fast Initiation.
10-29 15:56:18.715 10830  8756 I NearbySharing: Failed to scan for FastInitiation. Scanning is not supported on this device.
10-29 15:56:18.719 10830  8756 I NearbySharing: Dismissing HUN as there's no device nearby.
10-29 15:56:18.721 10830  9715 I NearbyMediums: ModuleInitializer handles incoming intent android.intent.action.USER_PRESENT
10-29 15:56:18.748  1870  3343 D BatteryStatsService: noteVideoSurfaceChanged  noteWhich: 49,arg1: -2, arg2: -1, arg3: 2704, arg4: 230, name: com.android.systemui
10-29 15:56:18.760 10830 10830 I RCNIntentOperation: RCN is disabled on this network.
10-29 15:56:18.761  4678  4678 V ImeFocusController: onWindowFocus: com.android.internal.policy.DecorView{450ca88 V.E...... R......D 0,0-1080,2392 aid=3}[MainActivity] softInputMode=STATE_UNSPECIFIED|ADJUST_RESIZE
10-29 15:56:18.768  1870  3343 D BatteryStatsService: noteVideoSurfaceChanged  noteWhich: 49,arg1: -2, arg2: -1, arg3: 2704, arg4: 236, name: com.android.systemui
10-29 15:56:18.768  1870  3343 D BatteryStatsService: noteVideoSurfaceChanged  noteWhich: 49,arg1: -2, arg2: -1, arg3: 2704, arg4: 250, name: com.android.systemui
10-29 15:56:18.771 10830  8714 I FrewleTileCacheManagerV: (REDACTED) Fetched %d AP models from cache
10-29 15:56:18.776 18285 18285 I GoogleInputMethodService: GoogleInputMethodService.onStartInput():1347 onStartInput(EditorInfo{EditorInfo{packageName=com.a1taxi.driverpro, inputType=0, inputTypeString=NULL, enableLearning=false, autoCorrection=false, autoComplete=false, imeOptions=0, privateImeOptions=null, actionName=UNSPECIFIED, actionLabel=null, initialSelStart=-1, initialSelEnd=-1, initialCapsMode=0, label=null, fieldId=0, fieldName=null, extras=null, hintText=null, hintLocales=[]}}, false)
10-29 15:56:18.780 18285 18285 I DeviceLockTags: DeviceLockTags.notifyDeviceLockStatusChanged():108 notifyDeviceLockStatusChanged(): deviceLocked=false, blockPersonalData=false
10-29 15:56:18.781 18285 18285 I Module  : DeviceLockedStatusModuleProvider$Module.updateDeviceLockedStatus():103 repeatCheckTimes = 1, locked = false
10-29 15:56:18.788 18285 18285 I ClipboardDataHandler: ClipboardDataHandler.updateScreenshotsContentObserver():311 Disable the feature of handling screenshots in the clipboard.
10-29 15:56:18.788 18285 18285 W NotificationCenter: NotificationCenter.unregisterListener():480 Listener dun@830f7a8 was not registered for notification class msy
10-29 15:56:18.796 10830  8756 I Nearby  : (REDACTED) Beginning attempt #%d out of %d for %s...
10-29 15:56:18.798 10830  8756 I NearbyMediums: BluetoothAdapter's name was not set by Nearby Connections, ignoring call to restore default scan mode.
10-29 15:56:18.799 10830  8756 I NearbyMediums: BluetoothAdapter's name was not set by Nearby Connections, ignoring call to restore device name
10-29 15:56:18.810  9313  9720 I PersonalSafety: ConnectivityProtectionLockingIntentOperation: cancelled task [CONTEXT service_id=310 ]
10-29 15:56:18.826 18285 18285 W NotificationCenter: NotificationCenter$NotificationQueue.notifyPendingNotificationsOnExecutor():877 Heavy notify work detected on UI thread: [msy->msf] takes 41ms
10-29 15:56:18.831 18285 18285 I AbstractOpenableExtension: AbstractOpenableExtension.createKeyboardGroupManagerListenableFuture():121 Create keyboard group manager listenable future in hbi
10-29 15:56:18.831 18285  9723 I KeyboardGroupDefParser: KeyboardGroupDefParser.parseKeyboardGroupDef():86 parseKeyboardGroupDef() 2132213990 -> 0_resource_name_obfuscated : WaitTime = 1 ms : RunTime = 5 ms
10-29 15:56:18.832 18285 18285 I EmojifyExtensionImpl: EmojifyExtensionImpl.onCreate():604 Creating Emojify extension eol@2ca05bb.
10-29 15:56:18.832 18285 18285 I AbstractOpenableExtension: AbstractOpenableExtension.createKeyboardGroupManagerListenableFuture():121 Create keyboard group manager listenable future in epe
10-29 15:56:18.832 18285  9724 I KeyboardGroupDefParser: KeyboardGroupDefParser.parseKeyboardGroupDef():86 parseKeyboardGroupDef() 2132213998 -> 0_resource_name_obfuscated : WaitTime = 1 ms : RunTime = 0 ms
10-29 15:56:18.832 18285 18285 I HardKeyTracker: HardKeyTracker.unregisterKeySequence():221 Unregister key sequence njr{labelResId=2132020519, callback=cif@b608078, lastModifier=2, keyCodes=[37], actions=[0]}
10-29 15:56:18.832 18285 18285 I HardKeyTracker: HardKeyTracker.registerKeySequence():170 Register key sequence njr{labelResId=2132020519, callback=cif@680ee31, lastModifier=2, keyCodes=[37], actions=[0]}
10-29 15:56:18.832 18285 18285 I HardKeyTracker: HardKeyTracker.unregisterKeySequence():221 Unregister key sequence njr{labelResId=2132020519, callback=cif@40b7351, lastModifier=2, keyCodes=[37], actions=[0]}
10-29 15:56:18.832 18285  9724 I KeyboardGroupDefParser: KeyboardGroupDefParser.parseKeyboardGroupDef():86 parseKeyboardGroupDef() 2132213997 -> 0_resource_name_obfuscated : WaitTime = 0 ms : RunTime = 0 ms
10-29 15:56:18.832 18285 18285 I HardKeyTracker: HardKeyTracker.registerKeySequence():170 Register key sequence njr{labelResId=2132020519, callback=cif@85e8916, lastModifier=2, keyCodes=[37], actions=[0]}
10-29 15:56:18.833 18285 18285 I HardKeyTracker: HardKeyTracker.unregisterKeySequence():221 Unregister key sequence njr{labelResId=2132020520, callback=cif@7a8f7b6, lastModifier=65536, keyCodes=[76], actions=[0]}
10-29 15:56:18.833 18285 18285 I HardKeyTracker: HardKeyTracker.registerKeySequence():170 Register key sequence njr{labelResId=2132020520, callback=cif@b094297, lastModifier=65536, keyCodes=[76], actions=[0]}
10-29 15:56:18.833 18285 18285 I HardKeyTracker: HardKeyTracker.unregisterKeySequence():221 Unregister key sequence njr{labelResId=2132020516, callback=cif@b2f1cb7, lastModifier=2, keyCodes=[50], actions=[0]}
10-29 15:56:18.833 18285 18285 I HardKeyTracker: HardKeyTracker.registerKeySequence():170 Register key sequence njr{labelResId=2132020516, callback=cif@d058c84, lastModifier=2, keyCodes=[50], actions=[0]}
10-29 15:56:18.833 18285 18285 I HardKeyTracker: HardKeyTracker.unregisterKeySequence():221 Unregister key sequence njr{labelResId=2132020516, callback=cif@a592c24, lastModifier=2, keyCodes=[50], actions=[0]}
10-29 15:56:18.833 18285 18285 I HardKeyTracker: HardKeyTracker.registerKeySequence():170 Register key sequence njr{labelResId=2132020516, callback=cif@e453c6d, lastModifier=2, keyCodes=[50], actions=[0]}
10-29 15:56:18.833 18285 18285 W NotificationCenter: NotificationCenter$NotificationQueue.notifyPendingNotificationsOnExecutor():877 Heavy notify work detected on UI thread: [lyp->fww, lyp->jwr, lyp->ldc, lyp->jwr, lyp->jwr, lyp->jwr, lyp->nmc, lyp->jwr, lyp->lxi, lyp->lxr, lyp->jym, lyp->jwr, lyp->lko, lyp->jwr, lyp->gxl, lyp->hol, lyp->jwr, lyp->jwr, lyp->fzd, lyp->jwr, lyp->jwr, lyp->oaf, lyp->jwr, lyp->jwr, nli->mxd, nli->mxd, nli->mxd, nli->mxd, nli->mxd, nli->mxd, nli->mxd, nli->mxd, nli->mxd, nli->mxd, nli->mxd, nli->mxd, nli->mxd, nli->mxd, nli->mxd, nli->mxd, nli->mxd, nli->mxd, nli->mxd, nli->mxd, nli->mxd, nli->mxd, nli->mxd, nlh->mxd, jwm->gnq, mtk->mtj, jwm->gnq, jwm->gnq, jwm->gnq, mtk->mtj, jwm->gnq, mtk->mtj, mtk->mtj, mtk->mtj, jwm->gnq, jwm->gnq, jwm->gnq, mtk->mtj, mtk->mtj, jwm->gnq, mtk->mtj, mtk->mtj, mtk->mtj] takes 54ms
10-29 15:56:18.844 10830 10931 I FusedLocation: (REDACTED) location delivery to %s blocked - too fast
10-29 15:56:18.844 10830 10931 I FusedLocation: (REDACTED) location delivery to %s blocked - too close
10-29 15:56:18.845 10830 10931 I FusedLocation: (REDACTED) location delivery to %s blocked - too fast
10-29 15:56:18.846 10830 10931 I FusedLocation: (REDACTED) location delivery to %s blocked - too fast
10-29 15:56:18.849 10830 10931 I FusedLocation: (REDACTED) location delivery to %s blocked - too close
10-29 15:56:18.850 10830 10931 I FusedLocation: (REDACTED) location delivery to %s blocked - too fast
10-29 15:56:18.851 10830 10931 I FusedLocation: (REDACTED) location delivery to %s blocked - too fast
10-29 15:56:18.851 10830 10931 I gbkh    : Received empty WiFi-RTT scan. [CONTEXT service_id=6 ]
10-29 15:56:18.883  4678  6358 I ReactNativeJS: ðŸ“‹ Found 0 unread ride notifications
10-29 15:56:18.885  4678  6358 I ReactNativeJS: 'ðŸŽ¯ðŸŽ¯ðŸŽ¯ TripCompletionModal RENDER - visible:', false
10-29 15:56:18.886  4678  6358 I ReactNativeJS: 'ðŸŽ¯ðŸŽ¯ðŸŽ¯ tripData:', '{\n  "distance": 0,\n  "duration": 0,\n  "fareBreakdown": {\n    "booking_type": "regular",\n    "vehicle_type": "sedan",\n    "base_fare": 0,\n    "distance_fare": 0,\n    "time_fare": 0,\n    "surge_charges": 0,\n    "deadhead_charges": 0,\n    "platform_fee": 0,\n    "gst_on_charges": 0,\n    "gst_on_platform_fee": 0,\n    "extra_km_charges": 0,\n    "driver_allowance": 0,\n    "total_fare": 0,\n    "details": {\n      "actual_distance_km": 0,\n      "actual_duration_minutes": 0,\n      "per_km_rate": 0\n    }\n  },\n  "pickup_address": "",\n  "destination_address": "",\n  "booking_type": "regular",\n  "rental_hours": null\n}'
10-29 15:56:18.886  4678  6358 I ReactNativeJS: âŒ Not visible - returning null
10-29 15:56:18.886  4678  6358 I ReactNativeJS: âœ… No pending ride notifications
10-29 15:56:18.887  4678  6358 I ReactNativeJS: === RIDES SCREEN STATE DEBUG ===
10-29 15:56:18.887  4678  6358 I ReactNativeJS: ðŸ”„ Component state updated:
10-29 15:56:18.887  4678  6358 I ReactNativeJS: '  - Current ride:', 'null'
10-29 15:56:18.887  4678  6358 I ReactNativeJS: '  - Pending rides count:', 0
10-29 15:56:18.887  4678  6358 I ReactNativeJS: '  - Driver status:', 'online'
10-29 15:56:18.887  4678  6358 I ReactNativeJS: '  - Loading:', true
10-29 15:56:18.887  4678  6358 I ReactNativeJS: '  - Error:', null
10-29 15:56:18.887  4678  6358 I ReactNativeJS: '  - Show modal:', false
10-29 15:56:18.887  4678  6358 I ReactNativeJS: '  - Timestamp:', '2025-10-29T10:26:18.887Z'
10-29 15:56:18.887  4678  6358 I ReactNativeJS: âŒ NO CURRENT RIDE - showing empty state
10-29 15:56:18.887  4678  6358 I ReactNativeJS: === RIDE REQUEST MODAL LOGIC DEBUG ===
10-29 15:56:18.887  4678  6358 I ReactNativeJS: ðŸ”„ Checking if should show ride request modal:
10-29 15:56:18.887  4678  6358 I ReactNativeJS: '  - Pending rides:', 0
10-29 15:56:18.887  4678  6358 I ReactNativeJS: '  - Modal already showing:', false
10-29 15:56:18.887  4678  6358 I ReactNativeJS: '  - Driver status:', 'online'
10-29 15:56:18.887  4678  6358 I ReactNativeJS: '  - Has current ride:', false
10-29 15:56:18.887  4678  6358 I ReactNativeJS: âŒ NOT SHOWING MODAL - reasons:
10-29 15:56:18.887  4678  6358 I ReactNativeJS: 'ðŸš— Analysis:', { pendingRidesCount: 0,
10-29 15:56:18.887  4678  6358 I ReactNativeJS:   modalAlreadyShowing: false,
10-29 15:56:18.887  4678  6358 I ReactNativeJS:   driverStatus: 'online',
10-29 15:56:18.887  4678  6358 I ReactNativeJS:   hasCurrentRide: false }
10-29 15:56:18.890  4678  6358 I ReactNativeJS: 'ðŸŽ¯ðŸŽ¯ðŸŽ¯ TripCompletionModal RENDER - visible:', false
10-29 15:56:18.891  4678  6358 I ReactNativeJS: 'ðŸŽ¯ðŸŽ¯ðŸŽ¯ tripData:', '{\n  "distance": 0,\n  "duration": 0,\n  "fareBreakdown": {\n    "booking_type": "regular",\n    "vehicle_type": "sedan",\n    "base_fare": 0,\n    "distance_fare": 0,\n    "time_fare": 0,\n    "surge_charges": 0,\n    "deadhead_charges": 0,\n    "platform_fee": 0,\n    "gst_on_charges": 0,\n    "gst_on_platform_fee": 0,\n    "extra_km_charges": 0,\n    "driver_allowance": 0,\n    "total_fare": 0,\n    "details": {\n      "actual_distance_km": 0,\n      "actual_duration_minutes": 0,\n      "per_km_rate": 0\n    }\n  },\n  "pickup_address": "",\n  "destination_address": "",\n  "booking_type": "regular",\n  "rental_hours": null\n}'
10-29 15:56:18.891  4678  6358 I ReactNativeJS: âŒ Not visible - returning null
10-29 15:56:18.892  4678  6358 I ReactNativeJS: === RIDES SCREEN STATE DEBUG ===
10-29 15:56:18.892  4678  6358 I ReactNativeJS: ðŸ”„ Component state updated:
10-29 15:56:18.892  4678  6358 I ReactNativeJS: '  - Current ride:', 'null'
10-29 15:56:18.892  4678  6358 I ReactNativeJS: '  - Pending rides count:', 0
10-29 15:56:18.892  4678  6358 I ReactNativeJS: '  - Driver status:', 'online'
10-29 15:56:18.892  4678  6358 I ReactNativeJS: '  - Loading:', false
10-29 15:56:18.892  4678  6358 I ReactNativeJS: '  - Error:', null
10-29 15:56:18.892  4678  6358 I ReactNativeJS: '  - Show modal:', false
10-29 15:56:18.892  4678  6358 I ReactNativeJS: '  - Timestamp:', '2025-10-29T10:26:18.892Z'
10-29 15:56:18.892  4678  6358 I ReactNativeJS: âŒ NO CURRENT RIDE - showing empty state
10-29 15:56:18.896  4678  6358 I ReactNativeJS: 'ðŸŽ¯ðŸŽ¯ðŸŽ¯ TripCompletionModal RENDER - visible:', false
10-29 15:56:18.896  4678  6358 I ReactNativeJS: 'ðŸŽ¯ðŸŽ¯ðŸŽ¯ tripData:', '{\n  "distance": 0,\n  "duration": 0,\n  "fareBreakdown": {\n    "booking_type": "regular",\n    "vehicle_type": "sedan",\n    "base_fare": 0,\n    "distance_fare": 0,\n    "time_fare": 0,\n    "surge_charges": 0,\n    "deadhead_charges": 0,\n    "platform_fee": 0,\n    "gst_on_charges": 0,\n    "gst_on_platform_fee": 0,\n    "extra_km_charges": 0,\n    "driver_allowance": 0,\n    "total_fare": 0,\n    "details": {\n      "actual_distance_km": 0,\n      "actual_duration_minutes": 0,\n      "per_km_rate": 0\n    }\n  },\n  "pickup_address": "",\n  "destination_address": "",\n  "booking_type": "regular",\n  "rental_hours": null\n}'
10-29 15:56:18.896  4678  6358 I ReactNativeJS: âŒ Not visible - returning null
10-29 15:56:18.908  1870  2671 D BatteryStatsService: noteVideoSurfaceChanged  noteWhich: 49,arg1: -1, arg2: -1, arg3: 2704, arg4: 250, name: com.android.systemui
10-29 15:56:18.995  5720  5865 D SQLiteQueryBuilder: SELECT _id, _data, _size, date_modified, bucket_id FROM images WHERE ((((is_pending=0 AND NOT _modifier=4) OR (is_pending=1 AND lower(_data) NOT REGEXP '.*/\.pending-(\d+)-([^/]+)$' AND owner_package_name IN ( 'com.vivo.widget.gallery' , 'com.vivo.gallery' )))) AND (is_trashed=0) AND (volume_name IN ( 'external_primary' ))) AND (( _id in (1000003141, 1000003142, 1000003143, 1000003145, 1000003146, 1000003147, 1000003148, 1000003149, 1000003150, 1000003151, 1000003152, 1000003157, 1000003170, 1000003171, 1000003203, 1000003215, 1000003216, 1000003217, 1000003219, 1000003220, 1000003221, 1000003224, 1000003225, 1000003226, 1000003260, 1000003261, 1000003262, 1000003263, 1000003264, 1000003265, 1000003266, 1000003272, 1000003273, 1000003274, 1000003275, 1000003276, 1000003277, 1000003278, 1000003279, 1000003369, 1000003436, 1000003491, 1000003492, 1000003493, 1000003496, 1000003498, 1000003503, 1000003504, 1000003505, 1000003506, 1000003507, 1000003508, 1000003509, 1000003510, 1000003513, 1000003514, 1000003515, 1000003516, 1000003517, 1000003522, 1000003524, 1000003525, 1000003527, 1000003534, 1000003562, 1000003563, 1000003564, 1000003582, 1000003592, 1000003593, 1000003602, 1000003603, 1000003613, 1000003614, 1000003615, 1000003617, 1000003618, 1000003619, 1000003620, 1000003621, 1000003622, 1000003624, 1000003629, 1000003642, 1000003645, 1000003662, 1000003664, 1000003665, 1000003670, 1000003671, 1000003672, 1000003681, 1000003692, 1000003693, 1000003694, 1000003695, 1000003696, 1000003706, 1000003707, 1000003708, 1000003711, 1000003713, 1000003715, 1000003716, 1000003717, 1000003718, 1000003719, 1000003721, 1000003722, 1000003723, 1000003724, 1000003725, 1000003726, 1000003727, 1000003728, 1000003729, 1000003730, 1000003731, 1000003732, 1000003733, 1000003734, 1000003736, 1000003737, 1000003738, 1000003739, 1000003756, 1000003762, 1000003763, 1000003767, 1000003819, 1000003820, 1000003822, 1000003825, 1000003838, 1000003873, 1000003895, 1000003908, 1000003916, 1000003942, 1000003943, 1000003960, 1000003961, 1000003962, 1000003965, 1000003978, 1000003980, 1000003995, 1000003996, 1000003997, 1000004000, 1000004001, 1000004002, 1000004021, 1000004022, 1000004023, 1000004024, 1000004025, 1000004026, 1000004027, 1000004028, 1000004029, 1000004030, 1000004031, 1000004032, 1000004033, 1000004034, 1000004035, 1000004036, 1000004039, 1000004040, 1000004041, 1000004042, 1000004043, 1000004044, 1000004045, 1000004047, 1000004048, 1000004050, 1000004055, 1000004056, 1000004058, 1000004059, 1000004060, 1000004061, 1000004063, 1000004065, 1000004066, 1000004067, 1000004070, 1000004077, 1000004079, 1000004080, 1000004081, 1000004082, 1000004083, 1000004084, 1000004085, 1000004086, 1000004087, 1000004088, 1000004092, 1000004093, 1000004094, 1000004095, 1000004139, 1000004154, 1000004155, 1000004156, 1000004157, 1000004193, 1000004194, 1000004195, 1000004197, 1000004200, 1000004201, 1000004203, 1000004204, 1000004205, 1000004207, 1000004209, 1000004211, 1000004213, 1000004214, 1000004215, 1000004216, 1000004217, 1000004221, 1000004235, 1000004237, 1000004238, 1000004241, 1000004246, 1000004263, 1000004264, 1000004266, 1000004268, 1000004380, 1000004382, 1000004383, 1000004384, 1000004385, 1000004391, 1000004396, 1000004402, 1000004404, 1000004431, 1000004432, 1000004433, 1000004435, 1000004436, 1000004442, 1000004444, 1000004445, 1000004462, 1000004497, 1000004502, 1000004504, 1000004505, 1000004506, 1000004507, 1000004508, 1000004510, 1000004514, 1000004517, 1000004518, 1000004519, 1000004520, 1000004521, 1000004522, 1000004523, 1000004527, 1000004528, 1000004529, 1000004530, 1000004531, 1000004532, 1000004536, 1000004537, 1000004538, 1000004539, 1000004540, 1000004541, 1000004542, 1000004543, 1000004544, 1000004549, 1000004551, 1000004552, 1000004553, 1000004554, 1000004557, 1000004580, 1000004581, 1000004583, 1000004586, 1000004587, 1000004592, 1000004600, 1000004602, 1000004603, 1000004611, 1000004612, 1000004616, 1000004617, 1000004620, 1000004621, 1000004622, 1000004623, 1000004626
10-29 15:56:19.122  5720  5865 D SQLiteQueryBuilder: SELECT _id, orientation FROM images WHERE ((((is_pending=0 AND NOT _modifier=4) OR (is_pending=1 AND lower(_data) NOT REGEXP '.*/\.pending-(\d+)-([^/]+)$' AND owner_package_name IN ( 'com.vivo.widget.gallery' , 'com.vivo.gallery' )))) AND (is_trashed=0) AND (volume_name IN ( 'external_primary' ))) AND (( _id in (1000003141, 1000003142, 1000003143, 1000003145, 1000003146, 1000003147, 1000003148, 1000003149, 1000003150, 1000003151, 1000003152, 1000003157, 1000003170, 1000003171, 1000003203, 1000003215, 1000003216, 1000003217, 1000003219, 1000003220, 1000003221, 1000003224, 1000003225, 1000003226, 1000003260, 1000003261, 1000003262, 1000003263, 1000003264, 1000003265, 1000003266, 1000003272, 1000003273, 1000003274, 1000003275, 1000003276, 1000003277, 1000003278, 1000003279, 1000003369, 1000003436, 1000003491, 1000003492, 1000003493, 1000003496, 1000003498, 1000003503, 1000003504, 1000003505, 1000003506, 1000003507, 1000003508, 1000003509, 1000003510, 1000003513, 1000003514, 1000003515, 1000003516, 1000003517, 1000003522, 1000003524, 1000003525, 1000003527, 1000003534, 1000003562, 1000003563, 1000003564, 1000003582, 1000003592, 1000003593, 1000003602, 1000003603, 1000003613, 1000003614, 1000003615, 1000003617, 1000003618, 1000003619, 1000003620, 1000003621, 1000003622, 1000003624, 1000003629, 1000003642, 1000003645, 1000003662, 1000003664, 1000003665, 1000003670, 1000003671, 1000003672, 1000003681, 1000003692, 1000003693, 1000003694, 1000003695, 1000003696, 1000003706, 1000003707, 1000003708, 1000003711, 1000003713, 1000003715, 1000003716, 1000003717, 1000003718, 1000003719, 1000003721, 1000003722, 1000003723, 1000003724, 1000003725, 1000003726, 1000003727, 1000003728, 1000003729, 1000003730, 1000003731, 1000003732, 1000003733, 1000003734, 1000003736, 1000003737, 1000003738, 1000003739, 1000003756, 1000003762, 1000003763, 1000003767, 1000003819, 1000003820, 1000003822, 1000003825, 1000003838, 1000003873, 1000003895, 1000003908, 1000003916, 1000003942, 1000003943, 1000003960, 1000003961, 1000003962, 1000003965, 1000003978, 1000003980, 1000003995, 1000003996, 1000003997, 1000004000, 1000004001, 1000004002, 1000004021, 1000004022, 1000004023, 1000004024, 1000004025, 1000004026, 1000004027, 1000004028, 1000004029, 1000004030, 1000004031, 1000004032, 1000004033, 1000004034, 1000004035, 1000004036, 1000004039, 1000004040, 1000004041, 1000004042, 1000004043, 1000004044, 1000004045, 1000004047, 1000004048, 1000004050, 1000004055, 1000004056, 1000004058, 1000004059, 1000004060, 1000004061, 1000004063, 1000004065, 1000004066, 1000004067, 1000004070, 1000004077, 1000004079, 1000004080, 1000004081, 1000004082, 1000004083, 1000004084, 1000004085, 1000004086, 1000004087, 1000004088, 1000004092, 1000004093, 1000004094, 1000004095, 1000004139, 1000004154, 1000004155, 1000004156, 1000004157, 1000004193, 1000004194, 1000004195, 1000004197, 1000004200, 1000004201, 1000004203, 1000004204, 1000004205, 1000004207, 1000004209, 1000004211, 1000004213, 1000004214, 1000004215, 1000004216, 1000004217, 1000004221, 1000004235, 1000004237, 1000004238, 1000004241, 1000004246, 1000004263, 1000004264, 1000004266, 1000004268, 1000004380, 1000004382, 1000004383, 1000004384, 1000004385, 1000004391, 1000004396, 1000004402, 1000004404, 1000004431, 1000004432, 1000004433, 1000004435, 1000004436, 1000004442, 1000004444, 1000004445, 1000004462, 1000004497, 1000004502, 1000004504, 1000004505, 1000004506, 1000004507, 1000004508, 1000004510, 1000004514, 1000004517, 1000004518, 1000004519, 1000004520, 1000004521, 1000004522, 1000004523, 1000004527, 1000004528, 1000004529, 1000004530, 1000004531, 1000004532, 1000004536, 1000004537, 1000004538, 1000004539, 1000004540, 1000004541, 1000004542, 1000004543, 1000004544, 1000004549, 1000004551, 1000004552, 1000004553, 1000004554, 1000004557, 1000004580, 1000004581, 1000004583, 1000004586, 1000004587, 1000004592, 1000004600, 1000004602, 1000004603, 1000004611, 1000004612, 1000004616, 1000004617, 1000004620, 1000004621, 1000004622, 1000004623, 1000004626, 1000004629, 1000004637, 1
10-29 15:56:19.255  4678  6358 I ReactNativeJS: ðŸ“ Background location status check:
10-29 15:56:19.256  4678  6358 I ReactNativeJS: '  - Task registered:', true
10-29 15:56:19.256  4678  6358 I ReactNativeJS: '  - Background permission:', 'granted'
10-29 15:56:19.256  4678  6358 I ReactNativeJS: '  - Is active:', true
10-29 15:56:19.256  4678  6358 I ReactNativeJS: 'ðŸ“ Background tracking status check:', true
10-29 15:56:19.256  4678  6358 I ReactNativeJS: âœ… Background tracking is active and working correctly
10-29 15:56:19.494 10830 10931 I FusedLocation: (REDACTED) location delivery to %s blocked - too fast
10-29 15:56:19.497 10830 10931 I FusedLocation: (REDACTED) location delivery to %s blocked - too close
10-29 15:56:19.498 10830 10931 I FusedLocation: (REDACTED) location delivery to %s blocked - too fast
10-29 15:56:19.499 10830 10931 I FusedLocation: (REDACTED) location delivery to %s blocked - too fast
10-29 15:56:19.501 10830 10931 I FusedLocation: (REDACTED) location delivery to %s blocked - too close
10-29 15:56:19.501 10830 10931 I FusedLocation: (REDACTED) location delivery to %s blocked - too fast
10-29 15:56:19.502 10830 10931 I FusedLocation: (REDACTED) location delivery to %s blocked - too fast
10-29 15:56:19.510  4678  4678 I TaskService: Handling intent with task name 'background-location-task' and app scoping identifier 'com.a1taxi.driverpro'.
10-29 15:56:19.515  4678  4678 W JobInfo : Job 'com.a1taxi.driverpro/expo.modules.taskManager.TaskJobService#0' has a deadline with no functional constraints. The deadline won't improve job execution latency. Consider removing the deadline.
10-29 15:56:19.526  4678  4678 I TaskService: Handling job with task name 'background-location-task' for app with scoping identifier 'com.a1taxi.driverpro'.
10-29 15:56:19.527  4678  6358 I ReactNativeJS: [2025-10-29T10:26:19.527Z] ðŸ“ Background location task triggered with 1 locations
10-29 15:56:19.527  4678  6358 I ReactNativeJS: [2025-10-29T10:26:19.527Z] ðŸ“ Processing location: 12.748593, 77.8299819
10-29 15:56:19.531  4678  6358 I ReactNativeJS: 'ðŸ“¤ Background location update via RPC...', { driverId: 'eb91d7e5-e2f2-4021-a8c8-3739a3d4cae4',
10-29 15:56:19.531  4678  6358 I ReactNativeJS:   lat: 12.748593,
10-29 15:56:19.531  4678  6358 I ReactNativeJS:   lng: 77.8299819 }
10-29 15:56:19.531  4678  6358 E ReactNativeJS: âŒ Supabase credentials not configured
10-29 15:56:19.532  4678  6358 I ReactNativeJS: [2025-10-29T10:26:19.527Z] âš ï¸ Location not sent (driver might be offline or network issue)
10-29 15:56:19.532  4678  6358 I ReactNativeJS: [2025-10-29T10:26:19.527Z] âœ… Background location task completed
10-29 15:56:19.534  4678  6347 I TaskService: Finished task 'background-location-task' with eventId 'de3603f9-254a-4cae-827e-9bcc6b526964'.
10-29 15:56:19.536  4678  6359 E unknown:ReactNative: console.error: âŒ Supabase credentials not configured, js engine: hermes, stack:
10-29 15:56:19.536  4678  6359 E unknown:ReactNative: _construct@1:127661
10-29 15:56:19.536  4678  6359 E unknown:ReactNative: Wrapper@1:127315
10-29 15:56:19.536  4678  6359 E unknown:ReactNative: _callSuper@1:125297
10-29 15:56:19.536  4678  6359 E unknown:ReactNative: SyntheticError@1:126802
10-29 15:56:19.536  4678  6359 E unknown:ReactNative: reactConsoleErrorHandler@1:126448
10-29 15:56:19.536  4678  6359 E unknown:ReactNative: ?anon_0_@1:2123375
10-29 15:56:19.536  4678  6359 E unknown:ReactNative: asyncGeneratorStep@1:583372
10-29 15:56:19.536  4678  6359 E unknown:ReactNative: _next@1:583631
10-29 15:56:19.536  4678  6359 E unknown:ReactNative: anonymous@1:146045
10-29 15:56:19.536  4678  6359 E unknown:ReactNative: _callTimer@1:145044
10-29 15:56:19.536  4678  6359 E unknown:ReactNative: _callReactNativeMicrotasksPass@1:145188
10-29 15:56:19.536  4678  6359 E unknown:ReactNative: callReactNativeMicrotasks@1:147108
10-29 15:56:19.536  4678  6359 E unknown:ReactNative: __callReactNativeMicrotasks@1:110857
10-29 15:56:19.536  4678  6359 E unknown:ReactNative: anonymous@1:109993
10-29 15:56:19.536  4678  6359 E unknown:ReactNative: __guard@1:110731
10-29 15:56:19.536  4678  6359 E unknown:ReactNative: flushedQueue@1:109904
10-29 15:56:19.536  4678  6359 E unknown:ReactNative: invokeCallbackAndReturnFlushedQueue@1:109847
10-29 15:56:19.659 10830 10830 D BoundBrokerSvc: onUnbind: Intent { act=com.google.android.gms.common.telemetry.service.START dat=chimera-action:/... cmp=com.google.android.gms/.chimera.PersistentApiService }
10-29 15:56:19.780  8979  9468 W ratelimit: Single process limit 250/s drop 93 lines.
10-29 15:56:19.780  8979  9468 I BugleDataModel: ExecuteActionRunnable: running action FixupMessageStatusOnStartupAction
10-29 15:56:19.780  8979  8979 I BugleDataModel: ActionExecutorImpl: ACTION_EXECUTE_QUEUED_FixupMessageStatusOnStartupAction
10-29 15:56:19.783  8979  8979 I BugleDataModel: ActionExecutorImpl: ACTION_EXECUTE_QUEUED_ProcessPendingMessagesAction
10-29 15:56:19.787  8979  8979 I BugleDataModel: ActionExecutorImpl: ACTION_EXECUTE_QUEUED_SelfParticipantsRefreshAction
10-29 15:56:19.816  8979  9468 I BugleDataModel: FixupMessageStatusOnStartupAction: sendFailedCnt: 0, downloadFailedCnt: 0, partsProcessingFailedCnt: 0
10-29 15:56:19.864  5720  5865 D SQLiteQueryBuilder: SELECT _id, _data, _size, date_modified, bucket_id, orientation, datetaken FROM images WHERE ((((is_pending=0 AND NOT _modifier=4) OR (is_pending=1 AND lower(_data) NOT REGEXP '.*/\.pending-(\d+)-([^/]+)$' AND owner_package_name IN ( 'com.vivo.widget.gallery' , 'com.vivo.gallery' )))) AND (is_trashed=0) AND (volume_name IN ( 'external_primary' ))) AND ((_id IN ( 1000011337, 1000011549 ) AND (width > 0 AND height > 0))) ORDER BY datetaken DESC, _id DESC LIMIT 10 OFFSET 0
10-29 15:56:19.874  8979  9431 I Bugle   : BroadcastReceiverAsyncWorkTracker: Acknowledging broadcast of cxka@11952ac
10-29 15:56:19.886 23614 23640 I ServiceLiveData: Not exempting com.google.android.accessibility.switchaccess - not an active AccessibilityService for u0
10-29 15:56:19.887 23614 23640 I ServiceLiveData: Not exempting com.google.android.marvin.talkback - not an active AccessibilityService for u0
10-29 15:56:19.887 23614 23636 I ServiceLiveData: Not exempting com.android.deskclock - not an active DreamService for u0
10-29 15:56:19.887 23614 23640 I ServiceLiveData: Not exempting com.google.android.marvin.talkback - not an active AccessibilityService for u0
10-29 15:56:19.887 23614 23766 I ServiceLiveData: Detected PrintServices: [com.android.bips]
10-29 15:56:19.887 23614 23640 I ServiceLiveData: Not exempting com.google.android.marvin.talkback - not an active AccessibilityService for u0
10-29 15:56:19.887 23614 23640 I ServiceLiveData: Not exempting com.microsoft.appmanager - not an active AccessibilityService for u0
10-29 15:56:19.887 23614 23640 I ServiceLiveData: Detected AccessibilityServices: []
10-29 15:56:19.887 23614 23636 I ServiceLiveData: Not exempting com.google.android.apps.photos - not an active DreamService for u0
10-29 15:56:19.887 23614 23636 I ServiceLiveData: Detected DreamServices: []
10-29 15:56:19.888 23614 23639 I ServiceLiveData: Not exempting com.openai.chatgpt - not an active VoiceInteractionService for u0
10-29 15:56:19.888 23614 23639 I ServiceLiveData: Detected VoiceInteractionServices: [com.google.android.googlequicksearchbox]
10-29 15:56:19.888 23614 23766 I ServiceLiveData: Not exempting com.google.android.gms - not an active DEVICE_ADMIN_SERVICE for u0
10-29 15:56:19.888 23614 23766 I ServiceLiveData: Detected DEVICE_ADMIN_SERVICEs: []
10-29 15:56:19.888 23614 23639 I BroadcastReceiverLiveData: Not exempting com.google.android.gms - not an active DEVICE_ADMIN_ENABLED for u0
10-29 15:56:19.888 23614 23639 I BroadcastReceiverLiveData: Not exempting com.microsoft.appmanager - not an active DEVICE_ADMIN_ENABLED for u0
10-29 15:56:19.888 23614 23636 I ServiceLiveData: Not exempting com.android.credentialmanager - not an active AutofillService for u0
10-29 15:56:19.888 23614 23639 I BroadcastReceiverLiveData: Not exempting com.vivo.cota - not an active DEVICE_ADMIN_ENABLED for u0
10-29 15:56:19.889 23614 23636 I ServiceLiveData: Detected AutofillServices: [com.google.android.gms]
10-29 15:56:19.889 23614 23639 I BroadcastReceiverLiveData: Detected DEVICE_ADMIN_ENABLEDs: []
10-29 15:56:19.891 23614 23637 I ServiceLiveData: Not exempting com.vivo.vtouch - not an active InputMethod for u0
10-29 15:56:19.891 23614 23637 I ServiceLiveData: Not exempting com.snapchat.android - not an active InputMethod for u0
10-29 15:56:19.891 23614 23637 I ServiceLiveData: Detected InputMethods: [com.google.android.inputmethod.latin, com.google.android.tts]
10-29 15:56:19.895 23614 23767 I ServiceLiveData: Not exempting com.google.ambient.streaming - not an active NotificationListenerService for u0
10-29 15:56:19.895 23614 23767 I ServiceLiveData: Not exempting com.google.android.as - not an active NotificationListenerService for u0
10-29 15:56:19.895 23614 23767 I ServiceLiveData: Not exempting com.google.android.gms - not an active NotificationListenerService for u0
10-29 15:56:19.895 23614 23767 I ServiceLiveData: Not exempting com.microsoft.appmanager - not an active NotificationListenerService for u0
10-29 15:56:19.895 23614 23767 I ServiceLiveData: Not exempting com.truecaller - not an active NotificationListenerService for u0
10-29 15:56:19.895 23614 23767 I ServiceLiveData: Detected NotificationListenerServices: [com.android.launcher3, com.google.android.projection.gearhead]
10-29 15:56:19.897 23614 30238 I PermissionControllerServiceImpl: Updating user sensitive for uid 10085
