10-19 20:13:47.606  5589  5589 I GoogleInputMethodService: GoogleInputMethodService$1.onKeyboardViewShown():325 onKeyboardViewShown: keyboardType=prime, keyboardViewType=HEADER keyboardView=com.google.android.libraries.inputmethod.widgets.SoftKeyboardView{9a4bdd2 V.E...... ........ 0,0-1080,121}
10-19 20:13:47.606  5589  5589 I KeyboardHeightUtil: KeyboardHeightUtil.calculateMaxKeyboardBodyHeight():50 leave 267 height for app when ime window height:2171, header height:121 and isFullscreenMode:false, so the max keyboard body height is:1783
10-19 20:13:47.606  3458  3458 D ViewRootImpl: AppSizeAfterRelayout, size: Point(660, 121), rotation: ROTATION_0
10-19 20:13:47.607  5589  5589 I GoogleInputMethodService: GoogleInputMethodService$1.onKeyboardViewShown():325 onKeyboardViewShown: keyboardType=prime, keyboardViewType=BODY keyboardView=com.google.android.libraries.inputmethod.widgets.SoftKeyboardView{84bc248 V.E...... ........ 0,0-1080,580}
10-19 20:13:47.607  5589  5589 I KeyboardHeightUtil: KeyboardHeightUtil.calculateMaxKeyboardBodyHeight():50 leave 267 height for app when ime window height:2171, header height:121 and isFullscreenMode:false, so the max keyboard body height is:1783
10-19 20:13:47.607  3458  3458 D BufferQueueConsumer: [](id:d8200000229,api:0,p:-1,c:3458) connect: controlledByApp=false
10-19 20:13:47.607  5589  5589 I GlobeKeyExtension: GlobeKeyExtension$1.onKeyboardViewShown():72 maybeDisableLanguageSwitchKeyPref when the keyboard is shown
10-19 20:13:47.607  5589  5589 I GlobeKeyExtension: GlobeKeyExtension.maybeDisableLanguageSwitchKeyPref():200 maybeDisableLanguageSwitchKeyPref hasGlobeKeyBeenDisabled: false, shouldDisableLanguageSwitchKey: false
10-19 20:13:47.607  5589  5589 I NewLanguagePromptExtension: NewLanguagePromptExtension$1.onKeyboardViewShown():88 Not show new language banner: not prime keyboard, or the extension not activated.
10-19 20:13:47.607  3458  3458 D BLASTBufferQueue: [VRI[]#553](f:0,a:0) constructor()
10-19 20:13:47.607  3458  3458 D BLASTBufferQueue: [VRI[]#553](f:0,a:0) update width=660 height=121 format=-2 mTransformHint=0
10-19 20:13:47.608  5589  5589 I KeyboardModeUtils: KeyboardModeUtils.getKeyboardBottomOffset():435 inch: 0.000000 ydpi: 387.429993 adjustKeyboardBottomByDisplaySize: false currentDensityDpi: 440 defaultDensityDpi: 440 keyboardBottomToScreenPx: 0 keyboardBottomToNavBarPx: -116 navBarHeight: 116
10-19 20:13:47.608  5589  5589 I KeyboardHeightUtil: KeyboardHeightUtil.calculateMaxKeyboardBodyHeight():50 leave 267 height for app when ime window height:2171, header height:121 and isFullscreenMode:false, so the max keyboard body height is:1783
10-19 20:13:47.608  5589  5589 I KeyboardHeightUtil: KeyboardHeightUtil.calculateMaxKeyboardBodyHeight():50 leave 267 height for app when ime window height:2171, header height:121 and isFullscreenMode:false, so the max keyboard body height is:1783
10-19 20:13:47.608  5589  5589 I AndroidIME: KeyboardViewManager.updateKeyboardBodyViewHolderPaddingBottom():472 Set finalPaddingBottom = 5 while holderPaddingBottom = 5; navigationHeight = 116
10-19 20:13:47.612  5589  5589 I ProactiveSuggestionsHolderManager: ProactiveSuggestionsHolderManager$2.display():195 Requesting to show proactive suggestions: AUTO_FILL PREEMPTIVE_WITH_SUPPRESSION
10-19 20:13:47.617  5589  5589 D BufferQueueConsumer: [](id:15d5000008f6,api:0,p:-1,c:5589) connect: controlledByApp=false
10-19 20:13:47.617  5589  5589 D BLASTBufferQueue: [SurfaceView[InputMethod]#2294](f:0,a:0) constructor()
10-19 20:13:47.617  5589  5589 D BLASTBufferQueue: [SurfaceView[InputMethod]#2294](f:0,a:0) update width=770 height=121 format=-2 mTransformHint=0
10-19 20:13:47.623  1870  6192 D BatteryStatsService: noteVideoSurfaceChanged  noteWhich: 49,arg1: 770, arg2: 121, arg3: 5589, arg4: 105641, name: com.google.android.inputmethod.latin
10-19 20:13:47.623  3458 31463 D BLASTBufferQueue: [VRI[]#553](f:0,a:1) acquireNextBufferLocked size=660x121 mFrameNumber=1 applyTransaction=true mTimestamp=647798261328303(auto) mPendingTransactions.size=0 graphicBufferId=14851996913439 transform=0
10-19 20:13:47.625  5589  5589 I ProactiveSuggestionsHolderManager: ProactiveSuggestionsHolderManager$Holder.setSuggestionsAndShow():898 succeed to show proactive suggestions AUTO_FILL PREEMPTIVE_WITH_SUPPRESSION
10-19 20:13:47.627  5589  5589 I KeyboardModeUtils: KeyboardModeUtils.getKeyboardBottomOffset():435 inch: 0.000000 ydpi: 387.429993 adjustKeyboardBottomByDisplaySize: false currentDensityDpi: 440 defaultDensityDpi: 440 keyboardBottomToScreenPx: 0 keyboardBottomToNavBarPx: -116 navBarHeight: 116
10-19 20:13:47.628  5589  5589 I KeyboardHeightUtil: KeyboardHeightUtil.calculateMaxKeyboardBodyHeight():50 leave 267 height for app when ime window height:2171, header height:121 and isFullscreenMode:false, so the max keyboard body height is:1783
10-19 20:13:47.628  5589  5589 I KeyboardHeightUtil: KeyboardHeightUtil.calculateMaxKeyboardBodyHeight():50 leave 267 height for app when ime window height:2171, header height:121 and isFullscreenMode:false, so the max keyboard body height is:1783
10-19 20:13:47.628  5589  5589 I AndroidIME: KeyboardViewManager.updateKeyboardBodyViewHolderPaddingBottom():472 Set finalPaddingBottom = 5 while holderPaddingBottom = 5; navigationHeight = 116
10-19 20:13:47.631  5589  5589 D BufferQueueConsumer: [](id:15d5000008f7,api:0,p:-1,c:5589) connect: controlledByApp=false
10-19 20:13:47.631  5589  5589 D BLASTBufferQueue: [SurfaceView[InputMethod]#2295](f:0,a:0) constructor()
10-19 20:13:47.631  5589  5589 D BLASTBufferQueue: [SurfaceView[InputMethod]#2295](f:0,a:0) update width=660 height=121 format=-2 mTransformHint=0
10-19 20:13:47.632  1870  2671 D BatteryStatsService: noteVideoSurfaceChanged  noteWhich: 49,arg1: 660, arg2: 121, arg3: 5589, arg4: 109711, name: com.google.android.inputmethod.latin
10-19 20:13:47.634  5589  5657 D BLASTBufferQueue: [SurfaceView[InputMethod]#2295](f:0,a:1) acquireNextBufferLocked size=660x121 mFrameNumber=1 applyTransaction=true mTimestamp=647798272538687(auto) mPendingTransactions.size=0 graphicBufferId=24004572224897 transform=0
10-19 20:13:47.635  1870  2671 D BatteryStatsService: noteVideoSurfaceChanged  noteWhich: 49,arg1: 330, arg2: 13, arg3: 5589, arg4: 109711, name: com.google.android.inputmethod.latin
10-19 20:13:47.636  1870  2671 D BatteryStatsService: noteVideoSurfaceChanged  noteWhich: 49,arg1: 770, arg2: 121, arg3: 5589, arg4: 105641, name: com.google.android.inputmethod.latin
10-19 20:13:47.643  1870  6192 D BatteryStatsService: noteVideoSurfaceChanged  noteWhich: 49,arg1: 402, arg2: 37, arg3: 5589, arg4: 109711, name: com.google.android.inputmethod.latin
10-19 20:13:47.656  1870  6192 D BatteryStatsService: noteVideoSurfaceChanged  noteWhich: 49,arg1: 464, arg2: 57, arg3: 5589, arg4: 109711, name: com.google.android.inputmethod.latin
10-19 20:13:47.674  1870  2671 D BatteryStatsService: noteVideoSurfaceChanged  noteWhich: 49,arg1: 514, arg2: 73, arg3: 5589, arg4: 109711, name: com.google.android.inputmethod.latin
10-19 20:13:47.689  1870  3354 D BatteryStatsService: noteVideoSurfaceChanged  noteWhich: 49,arg1: 560, arg2: 89, arg3: 5589, arg4: 109711, name: com.google.android.inputmethod.latin
10-19 20:13:47.708  1870  2671 D BatteryStatsService: noteVideoSurfaceChanged  noteWhich: 49,arg1: 598, arg2: 101, arg3: 5589, arg4: 109711, name: com.google.android.inputmethod.latin
10-19 20:13:47.723  1870  2671 D BatteryStatsService: noteVideoSurfaceChanged  noteWhich: 49,arg1: 624, arg2: 109, arg3: 5589, arg4: 109711, name: com.google.android.inputmethod.latin
10-19 20:13:47.743  1870  2671 D BatteryStatsService: noteVideoSurfaceChanged  noteWhich: 49,arg1: 646, arg2: 117, arg3: 5589, arg4: 109711, name: com.google.android.inputmethod.latin
10-19 20:13:47.757  1870  2671 D BatteryStatsService: noteVideoSurfaceChanged  noteWhich: 49,arg1: 658, arg2: 121, arg3: 5589, arg4: 109711, name: com.google.android.inputmethod.latin
10-19 20:13:47.773  1870  6192 D BatteryStatsService: noteVideoSurfaceChanged  noteWhich: 49,arg1: 660, arg2: 121, arg3: 5589, arg4: 109711, name: com.google.android.inputmethod.latin
10-19 20:13:48.416  5589  5589 W TooltipLifecycleManager: TooltipLifecycleManager.dismissTooltips():153 Tooltip with id SUGGESTION_VIEW_EDU_MINI_DIALOG not found in tooltipManager.
10-19 20:13:48.418  1870  2711 D BatteryStatsService: noteVideoSurfaceChanged  noteWhich: 49,arg1: -1, arg2: -1, arg3: 5589, arg4: 109711, name: com.google.android.inputmethod.latin
10-19 20:13:48.419  5589  5657 E BufferQueueProducer: [SurfaceView[InputMethod]#2295(BLAST Consumer)2295](id:15d5000008f7,api:0,p:-1,c:5589) disconnect: not connected (req=1)
10-19 20:13:48.419  5589  5657 W libEGL  : EGLNativeWindowType 0xb4000077e027d8d0 disconnect failed
10-19 20:13:48.419  5589  5589 D BLASTBufferQueue: [SurfaceView[InputMethod]#2295](f:0,a:1) destructor()
10-19 20:13:48.419  5589  5589 D BufferQueueConsumer: [SurfaceView[InputMethod]#2295(BLAST Consumer)2295](id:15d5000008f7,api:0,p:-1,c:5589) disconnect
10-19 20:13:48.421  5589  5589 W TooltipLifecycleManager: TooltipLifecycleManager.dismissTooltips():153 Tooltip with id SUGGESTION_VIEW_EDU_MINI_DIALOG not found in tooltipManager.
10-19 20:13:48.424  5589  5589 I KeyboardModeUtils: KeyboardModeUtils.getKeyboardBottomOffset():435 inch: 0.000000 ydpi: 387.429993 adjustKeyboardBottomByDisplaySize: false currentDensityDpi: 440 defaultDensityDpi: 440 keyboardBottomToScreenPx: 0 keyboardBottomToNavBarPx: -116 navBarHeight: 116
10-19 20:13:48.424  5589  5589 I KeyboardHeightUtil: KeyboardHeightUtil.calculateMaxKeyboardBodyHeight():50 leave 267 height for app when ime window height:2171, header height:121 and isFullscreenMode:false, so the max keyboard body height is:1783
10-19 20:13:48.425  5589  5589 I KeyboardHeightUtil: KeyboardHeightUtil.calculateMaxKeyboardBodyHeight():50 leave 267 height for app when ime window height:2171, header height:121 and isFullscreenMode:false, so the max keyboard body height is:1783
10-19 20:13:48.425  5589  5589 I AndroidIME: KeyboardViewManager.updateKeyboardBodyViewHolderPaddingBottom():472 Set finalPaddingBottom = 5 while holderPaddingBottom = 5; navigationHeight = 116
10-19 20:13:48.431  5589  5589 W TooltipLifecycleManager: TooltipLifecycleManager.dismissTooltips():153 Tooltip with id SUGGESTION_VIEW_EDU_MINI_DIALOG not found in tooltipManager.
10-19 20:13:48.479  1870  3354 D BatteryStatsService: noteVideoSurfaceChanged  noteWhich: 49,arg1: -1, arg2: -1, arg3: 5589, arg4: 105641, name: com.google.android.inputmethod.latin
10-19 20:13:48.479  5589  5589 D BLASTBufferQueue: [SurfaceView[InputMethod]#2294](f:0,a:0) destructor()
10-19 20:13:48.479  5589  5589 D BufferQueueConsumer: [SurfaceView[InputMethod]#2294(BLAST Consumer)2294](id:15d5000008f6,api:0,p:-1,c:5589) disconnect
10-19 20:13:48.491  5589  5589 I KeyboardModeUtils: KeyboardModeUtils.getKeyboardBottomOffset():435 inch: 0.000000 ydpi: 387.429993 adjustKeyboardBottomByDisplaySize: false currentDensityDpi: 440 defaultDensityDpi: 440 keyboardBottomToScreenPx: 0 keyboardBottomToNavBarPx: -116 navBarHeight: 116
10-19 20:13:48.491  5589  5589 I KeyboardHeightUtil: KeyboardHeightUtil.calculateMaxKeyboardBodyHeight():50 leave 267 height for app when ime window height:2171, header height:121 and isFullscreenMode:false, so the max keyboard body height is:1783
10-19 20:13:48.491  5589  5589 I KeyboardHeightUtil: KeyboardHeightUtil.calculateMaxKeyboardBodyHeight():50 leave 267 height for app when ime window height:2171, header height:121 and isFullscreenMode:false, so the max keyboard body height is:1783
10-19 20:13:48.491  5589  5589 I AndroidIME: KeyboardViewManager.updateKeyboardBodyViewHolderPaddingBottom():472 Set finalPaddingBottom = 5 while holderPaddingBottom = 5; navigationHeight = 116
10-19 20:13:48.574  5589  5589 I KeyboardModeUtils: KeyboardModeUtils.getKeyboardBottomOffset():435 inch: 0.000000 ydpi: 387.429993 adjustKeyboardBottomByDisplaySize: false currentDensityDpi: 440 defaultDensityDpi: 440 keyboardBottomToScreenPx: 0 keyboardBottomToNavBarPx: -116 navBarHeight: 116
10-19 20:13:48.574  5589  5589 I KeyboardHeightUtil: KeyboardHeightUtil.calculateMaxKeyboardBodyHeight():50 leave 267 height for app when ime window height:2171, header height:121 and isFullscreenMode:false, so the max keyboard body height is:1783
10-19 20:13:48.575  5589  5589 I KeyboardHeightUtil: KeyboardHeightUtil.calculateMaxKeyboardBodyHeight():50 leave 267 height for app when ime window height:2171, header height:121 and isFullscreenMode:false, so the max keyboard body height is:1783
10-19 20:13:48.575  5589  5589 I AndroidIME: KeyboardViewManager.updateKeyboardBodyViewHolderPaddingBottom():472 Set finalPaddingBottom = 5 while holderPaddingBottom = 5; navigationHeight = 116
10-19 20:13:48.633  3458  3458 V InlineSuggestionRenderService: Releasing inline suggestion view host
10-19 20:13:48.650  3458  3458 D BLASTBufferQueue: [VRI[]#553](f:0,a:4) destructor()
10-19 20:13:48.650  3458  3458 D BufferQueueConsumer: [VRI[]#553(BLAST Consumer)553](id:d8200000229,api:0,p:-1,c:3458) disconnect
10-19 20:13:48.665  3458  3458 V InlineSuggestionRenderService: Removed the inline suggestion from the cache, current size=0
10-19 20:13:48.952  5589  5589 W TooltipLifecycleManager: TooltipLifecycleManager.dismissTooltips():153 Tooltip with id SUGGESTION_VIEW_EDU_MINI_DIALOG not found in tooltipManager.
10-19 20:13:49.461  5589  5589 W TooltipLifecycleManager: TooltipLifecycleManager.dismissTooltips():153 Tooltip with id SUGGESTION_VIEW_EDU_MINI_DIALOG not found in tooltipManager.
10-19 20:13:49.764  5589  5589 W TooltipLifecycleManager: TooltipLifecycleManager.dismissTooltips():153 Tooltip with id SUGGESTION_VIEW_EDU_MINI_DIALOG not found in tooltipManager.
10-19 20:13:49.958 21104 21188 I ActivityScheduler: nextTriggerTime: 1329204321, in 5000ms, detectorType: 39, FULL_TYPE alarmWindowMillis: 625
10-19 20:13:50.346  3458  3458 V InlinePresentationRendererServiceImpl: onRenderSuggestion: width=-2, height=-2
10-19 20:13:50.353  5589  5589 W TooltipLifecycleManager: TooltipLifecycleManager.dismissTooltips():153 Tooltip with id SUGGESTION_VIEW_EDU_MINI_DIALOG not found in tooltipManager.
10-19 20:13:50.354  5589  5589 I GoogleInputMethodService: GoogleInputMethodService.onStartInput():1346 onStartInput(EditorInfo{EditorInfo{packageName=com.a1taxi.driverpro, inputType=7002, inputTypeString=Number, enableLearning=false, autoCorrection=false, autoComplete=false, imeOptions=6, privateImeOptions=null, actionName=DONE, actionLabel=null, initialSelStart=0, initialSelEnd=0, initialCapsMode=3000, label=null, fieldId=2043, fieldName=null, extras=Bundle[mParcelledData.dataSize=404], hintText=non-empty, hintLocales=[]}}, true)
10-19 20:13:50.354  5589  5589 W SessionManager: SessionManager.beginSession():53 Try to begin an already begun session [INPUT_SESSION], end it first
10-19 20:13:50.354  5589  5589 W SessionManager: SessionManager.endSession():96 Child session [INPUT_VIEW_SESSION] is not ended while ending session [{INPUT_SESSION=1760885026691, INPUT_VIEW_SESSION=1760885027544, IME_SESSION=1760885027545}], ending it now.
10-19 20:13:50.355  5589  5589 W SessionManager: SessionManager.endSession():96 Child session [IME_SESSION] is not ended while ending session [{INPUT_SESSION=1760885026691, INPUT_VIEW_SESSION=1760885027544, IME_SESSION=1760885027545}], ending it now.
10-19 20:13:50.355  3458  3458 V InlineSuggestionRenderService: width=-2, height=-2, measuredSize=660x121
10-19 20:13:50.357  5589  5589 I Module  : DeviceLockedStatusModuleProvider$Module.updateDeviceLockedStatus():100 repeatCheckTimes = 1, locked = false
10-19 20:13:50.360  5589  5589 I GoogleInputMethodService: GoogleInputMethodService.onStartInputView():1439 onStartInputView(EditorInfo{EditorInfo{packageName=com.a1taxi.driverpro, inputType=7002, inputTypeString=Number, enableLearning=false, autoCorrection=false, autoComplete=false, imeOptions=6, privateImeOptions=null, actionName=DONE, actionLabel=null, initialSelStart=0, initialSelEnd=0, initialCapsMode=3000, label=null, fieldId=2043, fieldName=null, extras=Bundle[{android.support.text.emoji.emojiCompat_metadataVersion=11, androidx.core.view.inputmethod.EditorInfoCompat.STYLUS_HANDWRITING_ENABLED=true, android.support.text.emoji.emojiCompat_replaceAll=false}], hintText=non-empty, hintLocales=[]}}, true)
10-19 20:13:50.360  5589  5589 W SessionManager: SessionManager.endSession():88 Try to end a not begun session [IME_SESSION].
10-19 20:13:50.361  5589  5589 I KeyboardHeightUtil: KeyboardHeightUtil.getOemKeyboardHeightRatio():108 systemKeyboardHeightRatio:1.000000.
10-19 20:13:50.364  5589  5589 I AndroidIME: InputBundleManager.loadActiveInputBundleId():528 loadActiveInputBundleId: und-Latn-x-number, number
10-19 20:13:50.364  5589  5589 I KeyboardWrapper: KeyboardWrapper.activateKeyboard():581 activateKeyboard(): type=prime, status=INACTIVE, imeDef=mkk{stringId=number, language=und-Latn-x-number, languageTag=und-Latn-x-number, processedConditions={}, className=com.google.android.libraries.inputmethod.ime.DummyIme, label=2132019216, keyEventInterpreter=null, inlineComposing=true, autoCapital=false, announceAutoSelectedCandidate=false, statusIcon=0, indicatorIcon=0, indicatorLabel=null, displayAppCompletions=false, extraValues=mkd{}, processors=mmb@7d3d911, unacceptableMetaKeys=4098, languageSpecificSettings=0, asciiCapable=false, alwaysShowSuggestions=false, useAsciiPasswordKeyboard=false, keyboardGroupDef=mlk@821ce4, phenotypeFlagId=0, localizationLanguageTag=null, supportsInlineSuggestion=false}
10-19 20:13:50.364  5589  5589 I KeyboardManager: KeyboardManager.requestKeyboard():248 Creating keyboard prime, imeId=number, cacheKey=theme,!gsf,!pgsans,!pgsf,!use_system_font,BORDER,FLAVOR_DPI=XXHDPI,GOOGLE_ICONS,KEYBOARD_WIDTH_CATEGORY=NORMAL,KEY_BORDER_SHAPE=1,LIGHT_THEME=false,PHYSICAL_DIAGONAL=5.748144,POPUP,SCREEN_SHORTEST_WIDTH=393,SCREEN_SHORTEST_WIDTH_NO_SCALE=393,XXHDPI,bottom4dp,enable_emoji_kitchen_browse_color_v2=true,enable_google_fonts_icons=true,enable_popup_on_keypress=true,keyboard_redesign_google_sans=true,non_linear_scale,noshadow,overlay_builtin_dynamic_color_dark_base.binarypb:gm3-dark-ff131313-ffffffff-4d9204e36e3ccb6a165e3e3dbe763ce0,roundedchip,silkpopup
10-19 20:13:50.365  5589  5589 I KeyboardWrapper: KeyboardWrapper.onKeyboardReady():224 onKeyboardReady(): type=prime(prime), kb=com.google.android.apps.inputmethod.latin.keyboard.LatinNumberKeyboard@508e2c3
10-19 20:13:50.365  5589  5589 I KeyboardWrapper: KeyboardWrapper.doActivateKeyboard():611 doActivateKeyboard(): prime
10-19 20:13:50.367  5589  5589 I KeyboardHeightUtil: KeyboardHeightUtil.calculateMaxKeyboardBodyHeight():50 leave 267 height for app when ime window height:2171, header height:121 and isFullscreenMode:false, so the max keyboard body height is:1783
10-19 20:13:50.367  5589  5589 W TooltipLifecycleManager: TooltipLifecycleManager.dismissTooltips():153 Tooltip with id undo_access_point_promotion_banner not found in tooltipManager.
10-19 20:13:50.368  5589  5589 I GlobeKeyExtension: GlobeKeyExtension.getKeyboardInitialStates():175 
10-19 20:13:50.368  5589  5589 W Keyboard: Keyboard.getKeyboardViewHelper():609 null helper is returned: keyboardDef=mle{processedConditions={enable_access_points_in_password_number=true, enable_correction_settings_updates=true, layout_9key_split=false, language=en-US, deprecate_long_press_space_for_ime_picker=false, show_suggestion_strip=true, device=phone, expressions=normal}, globalConditions={global_theme_key=theme,!gsf,!pgsans,!pgsf,!use_system_font,BORDER,FLAVOR_DPI=XXHDPI,GOOGLE_ICONS,KEYBOARD_WIDTH_CATEGORY=NORMAL,KEY_BORDER_SHAPE=1,LIGHT_THEME=false,PHYSICAL_DIAGONAL=5.748144,POPUP,SCREEN_SHORTEST_WIDTH=393,SCREEN_SHORTEST_WIDTH_NO_SCALE=393,XXHDPI,bottom4dp,enable_emoji_kitchen_browse_color_v2=true,enable_google_fonts_icons=true,enable_popup_on_keypress=true,keyboard_redesign_google_sans=true,non_linear_scale,noshadow,overlay_builtin_dynamic_color_dark_base.binarypb:gm3-dark-ff131313-ffffffff-4d9204e36e3ccb6a165e3e3dbe763ce0,roundedchip,silkpopup, global_locale=en_US, global_density_dpi=440, global_orientation=1}, className=.latin.keyboard.LatinNumberKeyboard, resourceIds=[#0x7f17086b], initialStates=0, keyboardViewDefs=[mls{direction=LOCALE, id=#0x7f0b0224, isScalable=false, layoutId=#0x7f0e0500, type=HEADER, touchable=true, defaultShow=true}, mls{direction=null, id=#0x7f0b0224, isScalable=true, layoutId=#0x7f0e0556, type=BODY, touchable=true, defaultShow=true}], persistentStates=0, persistentStatesPrefKey=null, popupBubbleLayoutId=#0x7f0e05f1, recentKeyLayoutId=0, recentKeyPopupLayoutId=0, recentKeyType=null, rememberRecentKey=NONE, sessionStates=0}, type=FLOATING_CANDIDATES, helpersCreated=[lxm@e7604a8, lxm@f9b5bc1, null, null], context.getResources().getConfiguration(): {1.0 405mcc869mnc [en_US] ldltr sw393dp w393dp h790dp 440dpi nrml long port night finger -keyb/v/h -nav/h winConfig={ mBounds=Rect(0, 0 - 1080, 2392) mAppBounds=Rect(0, 103 - 1080, 2276) mMaxBounds=Rect(0, 0 - 1080, 2392) mDisplayRotation=ROTATION_0 mWindowingMode=fullscreen mActivityType=undefined mAlwaysOnTop=undefined mRotation=ROTATION_0 isEmbedding:false} s.5420 fontWeightAdjustment=0 themeId=2 themeParameter=0 nightModeLevel = -1 typefaceChanged=0.0 ?spacesystem eaMode=1}
10-19 20:13:50.368  5589  5589 W Keyboard: Keyboard.getKeyboardViewHelper():609 null helper is returned: keyboardDef=mle{processedConditions={enable_access_points_in_password_number=true, enable_correction_settings_updates=true, layout_9key_split=false, language=en-US, deprecate_long_press_space_for_ime_picker=false, show_suggestion_strip=true, device=phone, expressions=normal}, globalConditions={global_theme_key=theme,!gsf,!pgsans,!pgsf,!use_system_font,BORDER,FLAVOR_DPI=XXHDPI,GOOGLE_ICONS,KEYBOARD_WIDTH_CATEGORY=NORMAL,KEY_BORDER_SHAPE=1,LIGHT_THEME=false,PHYSICAL_DIAGONAL=5.748144,POPUP,SCREEN_SHORTEST_WIDTH=393,SCREEN_SHORTEST_WIDTH_NO_SCALE=393,XXHDPI,bottom4dp,enable_emoji_kitchen_browse_color_v2=true,enable_google_fonts_icons=true,enable_popup_on_keypress=true,keyboard_redesign_google_sans=true,non_linear_scale,noshadow,overlay_builtin_dynamic_color_dark_base.binarypb:gm3-dark-ff131313-ffffffff-4d9204e36e3ccb6a165e3e3dbe763ce0,roundedchip,silkpopup, global_locale=en_US, global_density_dpi=440, global_orientation=1}, className=.latin.keyboard.LatinNumberKeyboard, resourceIds=[#0x7f17086b], initialStates=0, keyboardViewDefs=[mls{direction=LOCALE, id=#0x7f0b0224, isScalable=false, layoutId=#0x7f0e0500, type=HEADER, touchable=true, defaultShow=true}, mls{direction=null, id=#0x7f0b0224, isScalable=true, layoutId=#0x7f0e0556, type=BODY, touchable=true, defaultShow=true}], persistentStates=0, persistentStatesPrefKey=null, popupBubbleLayoutId=#0x7f0e05f1, recentKeyLayoutId=0, recentKeyPopupLayoutId=0, recentKeyType=null, rememberRecentKey=NONE, sessionStates=0}, type=WIDGET, helpersCreated=[lxm@e7604a8, lxm@f9b5bc1, null, null], context.getResources().getConfiguration(): {1.0 405mcc869mnc [en_US] ldltr sw393dp w393dp h790dp 440dpi nrml long port night finger -keyb/v/h -nav/h winConfig={ mBounds=Rect(0, 0 - 1080, 2392) mAppBounds=Rect(0, 103 - 1080, 2276) mMaxBounds=Rect(0, 0 - 1080, 2392) mDisplayRotation=ROTATION_0 mWindowingMode=fullscreen mActivityType=undefined mAlwaysOnTop=undefined mRotation=ROTATION_0 isEmbedding:false} s.5420 fontWeightAdjustment=0 themeId=2 themeParameter=0 nightModeLevel = -1 typefaceChanged=0.0 ?spacesystem eaMode=1}
10-19 20:13:50.369  5589  5589 I AndroidIME: InputBundleManager.startInput():358 startInput() with mlo[keyboardType=prime, payload=null]
10-19 20:13:50.369  5589  5589 I GlobeKeyExtension: GlobeKeyExtension.onDeactivate():144 
10-19 20:13:50.369  5589  5589 W TooltipLifecycleManager: TooltipLifecycleManager.dismissTooltips():153 Tooltip with id SUGGESTION_VIEW_EDU_MINI_DIALOG not found in tooltipManager.
10-19 20:13:50.370  5589  5589 I VoiceInputManagerWrapper: VoiceInputManagerWrapper.shutdown():131 shutdown()
10-19 20:13:50.370  5589  5589 I GlobeKeyExtension: GlobeKeyExtension.onActivate():120 
10-19 20:13:50.373  5589  5589 I LanguagePromoExtension: LanguagePromoExtension.checkDisplayPreconditions():174 Not show language promo: exceeds the max display times.
10-19 20:13:50.373  5589  5589 I NewLanguagePromptExtension: NewLanguagePromptExtension.onActivate():189 Not activated NewLanguagePromptExtension: not a normal text input box.
10-19 20:13:50.373  5589  5589 I VoiceInputManagerWrapper: VoiceInputManagerWrapper.cancelShutdown():109 cancelShutdown()
10-19 20:13:50.373  5589  5589 I VoiceInputManagerWrapper: VoiceInputManagerWrapper.syncLanguagePacks():121 syncLanguagePacks()
10-19 20:13:50.374  5589  5589 I VoiceInputManager: VoiceInputManager.onKeyboardActivated():1173 onKeyboardActivated() [UD]
10-19 20:13:50.374  5589  6558 I SpeechFactory: SpeechRecognitionFactory.maybeScheduleAutoPackDownloadForFallback():217 maybeScheduleAutoPackDownloadForFallback()
10-19 20:13:50.374  5589  6558 I FallbackOnDeviceRecognitionProvider: FallbackOnDeviceRecognitionProvider.maybeScheduleAutoPackDownload():205 maybeScheduleAutoPackDownload() for language tag en-US
10-19 20:13:50.374  5589  5589 I PkModeUpdater: PkModeUpdater.onActivate():74 onActivate false true
10-19 20:13:50.374  5589  5589 I AccessoryInputModeManager: AccessoryInputModeManager.onModeStarted():318 Accessory input mode started: null
10-19 20:13:50.374  5589  5589 W SupplementaryKeyboardsWrapper: SupplementaryKeyboardsWrapper.deactivateKeyboard():161 keyboard accessory_candidates_consumer is not activated before!
10-19 20:13:50.376  5589  5589 I KeyboardModeUtils: KeyboardModeUtils.getKeyboardBottomOffset():435 inch: 0.000000 ydpi: 387.429993 adjustKeyboardBottomByDisplaySize: false currentDensityDpi: 440 defaultDensityDpi: 440 keyboardBottomToScreenPx: 0 keyboardBottomToNavBarPx: -116 navBarHeight: 116
10-19 20:13:50.376  5589  5589 I KeyboardHeightUtil: KeyboardHeightUtil.calculateMaxKeyboardBodyHeight():50 leave 267 height for app when ime window height:2171, header height:121 and isFullscreenMode:false, so the max keyboard body height is:1783
10-19 20:13:50.376  5589  5589 I KeyboardHeightUtil: KeyboardHeightUtil.calculateMaxKeyboardBodyHeight():50 leave 267 height for app when ime window height:2171, header height:121 and isFullscreenMode:false, so the max keyboard body height is:1783
10-19 20:13:50.376  5589  5589 I AndroidIME: KeyboardViewManager.updateKeyboardBodyViewHolderPaddingBottom():472 Set finalPaddingBottom = 5 while holderPaddingBottom = 5; navigationHeight = 116
10-19 20:13:50.376  5589  5589 I KeyboardHeightUtil: KeyboardHeightUtil.calculateMaxKeyboardBodyHeight():50 leave 267 height for app when ime window height:2171, header height:121 and isFullscreenMode:false, so the max keyboard body height is:1783
10-19 20:13:50.376  5589  5589 I KeyboardHeightUtil: KeyboardHeightUtil.calculateMaxKeyboardBodyHeight():50 leave 267 height for app when ime window height:2171, header height:121 and isFullscreenMode:false, so the max keyboard body height is:1783
10-19 20:13:50.376  5589  5589 W ExtensionWrapper: ExtensionWrapper.setExtensionViewVisibility():811 interface mas is not activate
10-19 20:13:50.377  5589  5589 I Module  : DeviceLockedStatusModuleProvider$Module.updateDeviceLockedStatus():100 repeatCheckTimes = 1, locked = false
10-19 20:13:50.379  3458  3458 D ViewRootImpl: AppSizeAfterRelayout, size: Point(660, 121), rotation: ROTATION_0
10-19 20:13:50.379  3458  3458 D BufferQueueConsumer: [](id:d820000022a,api:0,p:-1,c:3458) connect: controlledByApp=false
10-19 20:13:50.379  5589  5589 I KeyboardModeUtils: KeyboardModeUtils.getKeyboardBottomOffset():435 inch: 0.000000 ydpi: 387.429993 adjustKeyboardBottomByDisplaySize: false currentDensityDpi: 440 defaultDensityDpi: 440 keyboardBottomToScreenPx: 0 keyboardBottomToNavBarPx: -116 navBarHeight: 116
10-19 20:13:50.379  5589  5589 I KeyboardHeightUtil: KeyboardHeightUtil.calculateMaxKeyboardBodyHeight():50 leave 267 height for app when ime window height:2171, header height:121 and isFullscreenMode:false, so the max keyboard body height is:1783
10-19 20:13:50.379  5589  5589 I KeyboardHeightUtil: KeyboardHeightUtil.calculateMaxKeyboardBodyHeight():50 leave 267 height for app when ime window height:2171, header height:121 and isFullscreenMode:false, so the max keyboard body height is:1783
10-19 20:13:50.379  5589  5589 I AndroidIME: KeyboardViewManager.updateKeyboardBodyViewHolderPaddingBottom():472 Set finalPaddingBottom = 5 while holderPaddingBottom = 5; navigationHeight = 116
10-19 20:13:50.379  5589  5589 I WindowMetricsNotification: WindowMetricsNotification.notifyWithWindow():166 
10-19 20:13:50.379  5589  5589 I WindowMetricsNotification: WindowMetricsNotification.notify():159 pfu[bounds=Rect(0, 105 - 1080, 2392), insets=Rect(0, 0 - 0, 116), densityDpi=440, smallestScreenWidthDp=393, displayWidth=1080, displayHeight=2392, xdpi=387.43, ydpi=387.43, isTrustable=true, displayId=0]; DisplayMetrics{density=2.75, width=1080, height=2392, scaledDensity=2.75, xdpi=387.43, ydpi=387.43}
10-19 20:13:50.382  5589  5589 I GoogleInputMethodService: GoogleInputMethodService$1.onKeyboardViewShown():325 onKeyboardViewShown: keyboardType=prime, keyboardViewType=HEADER keyboardView=com.google.android.libraries.inputmethod.widgets.SoftKeyboardView{9a4bdd2 V.E...... ........ 0,0-1080,121}
10-19 20:13:50.382  3458  3458 D BLASTBufferQueue: [VRI[]#554](f:0,a:0) constructor()
10-19 20:13:50.382  3458  3458 D BLASTBufferQueue: [VRI[]#554](f:0,a:0) update width=660 height=121 format=-2 mTransformHint=0
10-19 20:13:50.382  5589  5589 I KeyboardHeightUtil: KeyboardHeightUtil.calculateMaxKeyboardBodyHeight():50 leave 267 height for app when ime window height:2171, header height:121 and isFullscreenMode:false, so the max keyboard body height is:1783
10-19 20:13:50.382  5589  5589 I GoogleInputMethodService: GoogleInputMethodService$1.onKeyboardViewShown():325 onKeyboardViewShown: keyboardType=prime, keyboardViewType=BODY keyboardView=com.google.android.libraries.inputmethod.widgets.SoftKeyboardView{84bc248 V.E...... ........ 0,0-1080,580}
10-19 20:13:50.382  5589  5589 I KeyboardHeightUtil: KeyboardHeightUtil.calculateMaxKeyboardBodyHeight():50 leave 267 height for app when ime window height:2171, header height:121 and isFullscreenMode:false, so the max keyboard body height is:1783
10-19 20:13:50.382  5589  5589 I GlobeKeyExtension: GlobeKeyExtension$1.onKeyboardViewShown():72 maybeDisableLanguageSwitchKeyPref when the keyboard is shown
10-19 20:13:50.382  5589  5589 I GlobeKeyExtension: GlobeKeyExtension.maybeDisableLanguageSwitchKeyPref():200 maybeDisableLanguageSwitchKeyPref hasGlobeKeyBeenDisabled: false, shouldDisableLanguageSwitchKey: false
10-19 20:13:50.382  5589  5589 I NewLanguagePromptExtension: NewLanguagePromptExtension$1.onKeyboardViewShown():88 Not show new language banner: not prime keyboard, or the extension not activated.
10-19 20:13:50.387  3458 31463 D BLASTBufferQueue: [VRI[]#554](f:0,a:1) acquireNextBufferLocked size=660x121 mFrameNumber=1 applyTransaction=true mTimestamp=647801025503072(auto) mPendingTransactions.size=0 graphicBufferId=14851996913446 transform=0
10-19 20:13:50.388  5589  5589 I ProactiveSuggestionsHolderManager: ProactiveSuggestionsHolderManager$2.display():195 Requesting to show proactive suggestions: AUTO_FILL PREEMPTIVE_WITH_SUPPRESSION
10-19 20:13:50.392  5589  5589 D BufferQueueConsumer: [](id:15d5000008f8,api:0,p:-1,c:5589) connect: controlledByApp=false
10-19 20:13:50.392  5589  5589 D BLASTBufferQueue: [SurfaceView[InputMethod]#2296](f:0,a:0) constructor()
10-19 20:13:50.392  5589  5589 D BLASTBufferQueue: [SurfaceView[InputMethod]#2296](f:0,a:0) update width=770 height=121 format=-2 mTransformHint=0
10-19 20:13:50.394  1870  6192 D BatteryStatsService: noteVideoSurfaceChanged  noteWhich: 49,arg1: 770, arg2: 121, arg3: 5589, arg4: 105641, name: com.google.android.inputmethod.latin
10-19 20:13:50.395  5589  5589 I ProactiveSuggestionsHolderManager: ProactiveSuggestionsHolderManager$Holder.setSuggestionsAndShow():898 succeed to show proactive suggestions AUTO_FILL PREEMPTIVE_WITH_SUPPRESSION
10-19 20:13:50.407  5589  5589 I KeyboardModeUtils: KeyboardModeUtils.getKeyboardBottomOffset():435 inch: 0.000000 ydpi: 387.429993 adjustKeyboardBottomByDisplaySize: false currentDensityDpi: 440 defaultDensityDpi: 440 keyboardBottomToScreenPx: 0 keyboardBottomToNavBarPx: -116 navBarHeight: 116
10-19 20:13:50.407  5589  5589 I KeyboardHeightUtil: KeyboardHeightUtil.calculateMaxKeyboardBodyHeight():50 leave 267 height for app when ime window height:2171, header height:121 and isFullscreenMode:false, so the max keyboard body height is:1783
10-19 20:13:50.407  5589  5589 I KeyboardHeightUtil: KeyboardHeightUtil.calculateMaxKeyboardBodyHeight():50 leave 267 height for app when ime window height:2171, header height:121 and isFullscreenMode:false, so the max keyboard body height is:1783
10-19 20:13:50.407  5589  5589 I AndroidIME: KeyboardViewManager.updateKeyboardBodyViewHolderPaddingBottom():472 Set finalPaddingBottom = 5 while holderPaddingBottom = 5; navigationHeight = 116
10-19 20:13:50.411  5589  5589 D BufferQueueConsumer: [](id:15d5000008f9,api:0,p:-1,c:5589) connect: controlledByApp=false
10-19 20:13:50.411  5589  5589 D BLASTBufferQueue: [SurfaceView[InputMethod]#2297](f:0,a:0) constructor()
10-19 20:13:50.411  5589  5589 D BLASTBufferQueue: [SurfaceView[InputMethod]#2297](f:0,a:0) update width=660 height=121 format=-2 mTransformHint=0
10-19 20:13:50.414  1870  3354 D BatteryStatsService: noteVideoSurfaceChanged  noteWhich: 49,arg1: 660, arg2: 121, arg3: 5589, arg4: 109715, name: com.google.android.inputmethod.latin
10-19 20:13:50.417  5589  5657 D BLASTBufferQueue: [SurfaceView[InputMethod]#2297](f:0,a:1) acquireNextBufferLocked size=660x121 mFrameNumber=1 applyTransaction=true mTimestamp=647801054684534(auto) mPendingTransactions.size=0 graphicBufferId=24004572224903 transform=0
10-19 20:13:50.419  1870  6192 D BatteryStatsService: noteVideoSurfaceChanged  noteWhich: 49,arg1: 330, arg2: 13, arg3: 5589, arg4: 109715, name: com.google.android.inputmethod.latin
10-19 20:13:50.419  1870  6192 D BatteryStatsService: noteVideoSurfaceChanged  noteWhich: 49,arg1: 770, arg2: 121, arg3: 5589, arg4: 105641, name: com.google.android.inputmethod.latin
10-19 20:13:50.424  1870  6192 D BatteryStatsService: noteVideoSurfaceChanged  noteWhich: 49,arg1: 402, arg2: 37, arg3: 5589, arg4: 109715, name: com.google.android.inputmethod.latin
10-19 20:13:50.441  1870  6192 D BatteryStatsService: noteVideoSurfaceChanged  noteWhich: 49,arg1: 460, arg2: 55, arg3: 5589, arg4: 109715, name: com.google.android.inputmethod.latin
10-19 20:13:50.459  1870  3354 D BatteryStatsService: noteVideoSurfaceChanged  noteWhich: 49,arg1: 514, arg2: 73, arg3: 5589, arg4: 109715, name: com.google.android.inputmethod.latin
10-19 20:13:50.474  1870  3354 D BatteryStatsService: noteVideoSurfaceChanged  noteWhich: 49,arg1: 560, arg2: 89, arg3: 5589, arg4: 109715, name: com.google.android.inputmethod.latin
10-19 20:13:50.492  1870  2671 D BatteryStatsService: noteVideoSurfaceChanged  noteWhich: 49,arg1: 596, arg2: 101, arg3: 5589, arg4: 109715, name: com.google.android.inputmethod.latin
10-19 20:13:50.507  1870  3386 D BatteryStatsService: noteVideoSurfaceChanged  noteWhich: 49,arg1: 624, arg2: 109, arg3: 5589, arg4: 109715, name: com.google.android.inputmethod.latin
10-19 20:13:50.524  1870  6192 D BatteryStatsService: noteVideoSurfaceChanged  noteWhich: 49,arg1: 646, arg2: 117, arg3: 5589, arg4: 109715, name: com.google.android.inputmethod.latin
10-19 20:13:50.542  1870  3386 D BatteryStatsService: noteVideoSurfaceChanged  noteWhich: 49,arg1: 656, arg2: 121, arg3: 5589, arg4: 109715, name: com.google.android.inputmethod.latin
10-19 20:13:50.560  1870  3386 D BatteryStatsService: noteVideoSurfaceChanged  noteWhich: 49,arg1: 660, arg2: 121, arg3: 5589, arg4: 109715, name: com.google.android.inputmethod.latin
10-19 20:13:52.100 21104 24145 I IPCThreadState: oneway function results for code 1 on binder at 0xb4000077d0149980 will be dropped but finished with status UNKNOWN_TRANSACTION and reply parcel size 80
10-19 20:13:52.335 21104 21188 W Settings: Setting airplane_mode_on has moved from android.provider.Settings.System to android.provider.Settings.Global, returning read-only value.
10-19 20:13:52.340 21104  6844 W SystemServiceRegistry: No service published for: wifirtt
10-19 20:13:52.351 21104 24145 I WifiScanner: onFullResults
10-19 20:13:52.352 21104 21250 I WifiScanner: onFullResults
10-19 20:13:52.352 21104 21140 I WifiScanner: onFullResults
10-19 20:13:52.363 21104  7123 I FrewleTileCacheManagerV: (REDACTED) Fetched %d AP models from cache
10-19 20:13:52.397 21104 21184 I FusedLocation: (REDACTED) location delivery to %s blocked - too close
10-19 20:13:52.397 21104 21184 I FusedLocation: (REDACTED) location delivery to %s blocked - too fast
10-19 20:13:52.397 21104 21184 I FusedLocation: (REDACTED) location delivery to %s blocked - too close
10-19 20:13:52.399 21104 21184 I FusedLocation: (REDACTED) location delivery to %s blocked - too close
10-19 20:13:52.400 21104 21184 I FusedLocation: (REDACTED) location delivery to %s blocked - too fast
10-19 20:13:52.401 21104 21184 I fznc    : Received empty WiFi-RTT scan. [CONTEXT service_id=6 ]
10-19 20:13:52.498 21104 21184 I FusedLocation: (REDACTED) location delivery to %s blocked - too close
10-19 20:13:52.499 21104 21184 I FusedLocation: (REDACTED) location delivery to %s blocked - too fast
10-19 20:13:52.499 21104 21184 I FusedLocation: (REDACTED) location delivery to %s blocked - too close
10-19 20:13:52.500 21104 21184 I FusedLocation: (REDACTED) location delivery to %s blocked - too fast
10-19 20:13:52.500 21104 21184 I FusedLocation: (REDACTED) location delivery to %s blocked - too fast
10-19 20:13:52.500 21104 21184 I FusedLocation: (REDACTED) location delivery to %s blocked - too close
10-19 20:13:52.501 21104 21184 I FusedLocation: (REDACTED) location delivery to %s blocked - too fast
10-19 20:13:52.850  5589  5589 I GoogleInputMethodService: GoogleInputMethodService.onFinishInputView():1571 onFinishInputView(false)
10-19 20:13:52.851  5589  5589 I GlobeKeyExtension: GlobeKeyExtension.onDeactivate():144 
10-19 20:13:52.852  5589  5589 W TooltipLifecycleManager: TooltipLifecycleManager.dismissTooltips():153 Tooltip with id SUGGESTION_VIEW_EDU_MINI_DIALOG not found in tooltipManager.
10-19 20:13:52.858  1870  3386 D BatteryStatsService: noteVideoSurfaceChanged  noteWhich: 49,arg1: -1, arg2: -1, arg3: 5589, arg4: 109715, name: com.google.android.inputmethod.latin
10-19 20:13:52.859  5589  5657 E BufferQueueProducer: [SurfaceView[InputMethod]#2297(BLAST Consumer)2297](id:15d5000008f9,api:0,p:-1,c:5589) disconnect: not connected (req=1)
10-19 20:13:52.859  5589  5657 W libEGL  : EGLNativeWindowType 0xb4000077e027d8d0 disconnect failed
10-19 20:13:52.859  5589  5589 D BLASTBufferQueue: [SurfaceView[InputMethod]#2297](f:0,a:1) destructor()
10-19 20:13:52.860  5589  5589 D BufferQueueConsumer: [SurfaceView[InputMethod]#2297(BLAST Consumer)2297](id:15d5000008f9,api:0,p:-1,c:5589) disconnect
10-19 20:13:52.862  5589  5589 W TooltipLifecycleManager: TooltipLifecycleManager.dismissTooltips():153 Tooltip with id SUGGESTION_VIEW_EDU_MINI_DIALOG not found in tooltipManager.
10-19 20:13:52.863  5589  5589 I VoiceInputManagerWrapper: VoiceInputManagerWrapper.shutdown():131 shutdown()
10-19 20:13:52.863  5589  5589 W TooltipLifecycleManager: TooltipLifecycleManager.dismissTooltips():153 Tooltip with id spell_check_add_to_dictionary not found in tooltipManager.
10-19 20:13:52.865  5589  5589 D BLASTBufferQueue: [SurfaceView[InputMethod]#2296](f:0,a:0) destructor()
10-19 20:13:52.865  1870  3354 D BatteryStatsService: noteVideoSurfaceChanged  noteWhich: 49,arg1: -1, arg2: -1, arg3: 5589, arg4: 105641, name: com.google.android.inputmethod.latin
10-19 20:13:52.865  5589  5589 D BufferQueueConsumer: [SurfaceView[InputMethod]#2296(BLAST Consumer)2296](id:15d5000008f8,api:0,p:-1,c:5589) disconnect
10-19 20:13:52.867  5589  5589 W TooltipLifecycleManager: TooltipLifecycleManager.dismissTooltips():153 Tooltip with id undo_access_point_promotion_banner not found in tooltipManager.
10-19 20:13:52.896  5589  5589 I KeyboardModeUtils: KeyboardModeUtils.getKeyboardBottomOffset():435 inch: 0.000000 ydpi: 387.429993 adjustKeyboardBottomByDisplaySize: false currentDensityDpi: 440 defaultDensityDpi: 440 keyboardBottomToScreenPx: 0 keyboardBottomToNavBarPx: -116 navBarHeight: 116
10-19 20:13:52.896  5589  5589 I KeyboardHeightUtil: KeyboardHeightUtil.calculateMaxKeyboardBodyHeight():50 leave 267 height for app when ime window height:2171, header height:121 and isFullscreenMode:false, so the max keyboard body height is:1783
10-19 20:13:52.896  5589  5589 I KeyboardHeightUtil: KeyboardHeightUtil.calculateMaxKeyboardBodyHeight():50 leave 267 height for app when ime window height:2171, header height:121 and isFullscreenMode:false, so the max keyboard body height is:1783
10-19 20:13:52.896  5589  5589 I AndroidIME: KeyboardViewManager.updateKeyboardBodyViewHolderPaddingBottom():472 Set finalPaddingBottom = 5 while holderPaddingBottom = 5; navigationHeight = 116
10-19 20:13:52.933  5589  5589 I GoogleInputMethodService: GoogleInputMethodService.onFinishInput():2085 
10-19 20:13:52.934  5589  5589 I Module  : DeviceLockedStatusModuleProvider$Module.updateDeviceLockedStatus():100 repeatCheckTimes = 0, locked = false
10-19 20:13:52.934  5589  5589 W TooltipLifecycleManager: TooltipLifecycleManager.dismissTooltips():153 Tooltip with id SUGGESTION_VIEW_EDU_MINI_DIALOG not found in tooltipManager.
10-19 20:13:52.934  5589  5589 I GoogleInputMethodService: GoogleInputMethodService.onStartInput():1346 onStartInput(EditorInfo{EditorInfo{packageName=com.a1taxi.driverpro, inputType=0, inputTypeString=NULL, enableLearning=false, autoCorrection=false, autoComplete=false, imeOptions=0, privateImeOptions=null, actionName=UNSPECIFIED, actionLabel=null, initialSelStart=-1, initialSelEnd=-1, initialCapsMode=0, label=null, fieldId=0, fieldName=null, extras=null, hintText=null, hintLocales=[]}}, false)
10-19 20:13:52.935  5589  5589 I Module  : DeviceLockedStatusModuleProvider$Module.updateDeviceLockedStatus():100 repeatCheckTimes = 1, locked = false
10-19 20:13:52.935  5589  5589 I HardKeyTracker: HardKeyTracker.registerKeySequence():170 Register key sequence nfz{labelResId=0, callback=gds@710c8dd, lastModifier=0, keyCodes=[57, 57], actions=[1, 0]}
10-19 20:13:52.935  5589  5589 I HardKeyTracker: HardKeyTracker.registerKeySequence():170 Register key sequence nfz{labelResId=0, callback=gds@d4d7820, lastModifier=0, keyCodes=[58, 58], actions=[1, 0]}
10-19 20:13:52.957  5589  5589 I KeyboardModeUtils: KeyboardModeUtils.getKeyboardBottomOffset():435 inch: 0.000000 ydpi: 387.429993 adjustKeyboardBottomByDisplaySize: false currentDensityDpi: 440 defaultDensityDpi: 440 keyboardBottomToScreenPx: 0 keyboardBottomToNavBarPx: -116 navBarHeight: 116
10-19 20:13:52.958  5589  5589 I KeyboardHeightUtil: KeyboardHeightUtil.calculateMaxKeyboardBodyHeight():50 leave 267 height for app when ime window height:2171, header height:121 and isFullscreenMode:false, so the max keyboard body height is:1783
10-19 20:13:52.958  5589  5589 I KeyboardHeightUtil: KeyboardHeightUtil.calculateMaxKeyboardBodyHeight():50 leave 267 height for app when ime window height:2171, header height:121 and isFullscreenMode:false, so the max keyboard body height is:1783
10-19 20:13:52.958  5589  5589 I AndroidIME: KeyboardViewManager.updateKeyboardBodyViewHolderPaddingBottom():472 Set finalPaddingBottom = 5 while holderPaddingBottom = 5; navigationHeight = 116
10-19 20:13:53.102  3458  3458 V InlineSuggestionRenderService: Releasing inline suggestion view host
10-19 20:13:53.113  3458  3458 D BLASTBufferQueue: [VRI[]#554](f:0,a:4) destructor()
10-19 20:13:53.113  3458  3458 D BufferQueueConsumer: [VRI[]#554(BLAST Consumer)554](id:d820000022a,api:0,p:-1,c:3458) disconnect
10-19 20:13:53.122  3458  3458 V InlineSuggestionRenderService: Removed the inline suggestion from the cache, current size=0
10-19 20:13:53.459  5589  5589 W TooltipLifecycleManager: TooltipLifecycleManager.dismissTooltips():153 Tooltip with id undo_access_point_promotion_banner not found in tooltipManager.
10-19 20:13:53.490  5589  5589 D ViewRootImpl: AppSizeAfterRelayout, size: Point(1080, 2287), rotation: ROTATION_0
10-19 20:13:53.492  5589  5589 D BLASTBufferQueue: [VRI[InputMethod]#2293](f:0,a:4) destructor()
10-19 20:13:53.492  5589  5589 D BufferQueueConsumer: [VRI[InputMethod]#2293(BLAST Consumer)2293](id:15d5000008f5,api:0,p:-1,c:5589) disconnect
10-19 20:13:57.350 21104 21188 W Settings: Setting airplane_mode_on has moved from android.provider.Settings.System to android.provider.Settings.Global, returning read-only value.
10-19 20:13:57.357 21104  6752 W SystemServiceRegistry: No service published for: wifirtt
10-19 20:13:57.501 21104 21184 I FusedLocation: (REDACTED) location delivery to %s blocked - too close
10-19 20:13:57.501 21104 21184 I FusedLocation: (REDACTED) location delivery to %s blocked - too fast
10-19 20:13:57.501 21104 21184 I FusedLocation: (REDACTED) location delivery to %s blocked - too close
10-19 20:13:57.506 21104 21184 I FusedLocation: (REDACTED) location delivery to %s blocked - too close
10-19 20:13:57.516 21104  6840 I SemanticLocation: [InfMgr] No location reports after filtering [CONTEXT service_id=173 ]
10-19 20:13:57.857 21104 22647 I WifiScanner: onFullResults
10-19 20:13:57.857 21104 21140 I WifiScanner: onFullResults
10-19 20:13:57.858 21104 23957 I WifiScanner: onFullResults
10-19 20:13:57.864 21104  6840 I FrewleTileCacheManagerV: (REDACTED) Fetched %d AP models from cache
10-19 20:13:57.899 21104 21184 I FusedLocation: (REDACTED) location delivery to %s blocked - too close
10-19 20:13:57.899 21104 21184 I FusedLocation: (REDACTED) location delivery to %s blocked - too fast
10-19 20:13:57.899 21104 21184 I FusedLocation: (REDACTED) location delivery to %s blocked - too close
10-19 20:13:57.900 21104 21184 I FusedLocation: (REDACTED) location delivery to %s blocked - too fast
10-19 20:13:57.900 21104 21184 I FusedLocation: (REDACTED) location delivery to %s blocked - too fast
10-19 20:13:57.900 21104 21184 I FusedLocation: (REDACTED) location delivery to %s blocked - too close
10-19 20:13:57.900 21104 21184 I FusedLocation: (REDACTED) location delivery to %s blocked - too fast
10-19 20:13:57.901 21104 21184 I fznc    : Received empty WiFi-RTT scan. [CONTEXT service_id=6 ]
10-19 20:13:58.511 21104 21184 I FusedLocation: (REDACTED) location delivery to %s blocked - too close
10-19 20:13:58.511 21104 21184 I FusedLocation: (REDACTED) location delivery to %s blocked - too fast
10-19 20:13:58.512 21104 21184 I FusedLocation: (REDACTED) location delivery to %s blocked - too close
10-19 20:13:58.515 21104 21184 I FusedLocation: (REDACTED) location delivery to %s blocked - too fast
10-19 20:13:58.515 21104 21184 I FusedLocation: (REDACTED) location delivery to %s blocked - too close
10-19 20:13:58.515 21104 21184 I FusedLocation: (REDACTED) location delivery to %s blocked - too fast
10-19 20:14:00.590 21163 21163 D BoundBrokerSvc: onUnbind: Intent { act=com.google.android.gms.inappreach.service.START dat=chimera-action:/... cmp=com.google.android.gms/.chimera.GmsApiService }
10-19 20:14:01.755 21163 21163 D BoundBrokerSvc: onUnbind: Intent { act=com.google.android.gms.wallet.service.BIND pkg=com.google.android.gms }
10-19 20:14:01.822 21163 21163 D BoundBrokerSvc: onUnbind: Intent { act=com.google.android.gms.auth.api.phone.service.InternalService.START dat=chimera-action:/... cmp=com.google.android.gms/.chimera.GmsInternalApiService }
10-19 20:14:02.853 21104 21188 W Settings: Setting airplane_mode_on has moved from android.provider.Settings.System to android.provider.Settings.Global, returning read-only value.
10-19 20:14:02.861 21104  6840 W SystemServiceRegistry: No service published for: wifirtt
10-19 20:14:02.877 21104 21140 I WifiScanner: onFullResults
10-19 20:14:02.878 21104 23957 I WifiScanner: onFullResults
10-19 20:14:02.879 21104 22647 I WifiScanner: onFullResults
10-19 20:14:02.891 21104  6840 I FrewleTileCacheManagerV: (REDACTED) Fetched %d AP models from cache
10-19 20:14:02.923 21104 21184 I FusedLocation: (REDACTED) location delivery to %s blocked - too close
10-19 20:14:02.924 21104 21184 I FusedLocation: (REDACTED) location delivery to %s blocked - too fast
10-19 20:14:02.924 21104 21184 I FusedLocation: (REDACTED) location delivery to %s blocked - too close
10-19 20:14:02.925 21104 21184 I FusedLocation: (REDACTED) location delivery to %s blocked - too close
10-19 20:14:02.925 21104 21184 I FusedLocation: (REDACTED) location delivery to %s blocked - too fast
10-19 20:14:02.927 21104 21184 I fznc    : Received empty WiFi-RTT scan. [CONTEXT service_id=6 ]
10-19 20:14:03.524 21104 21184 I FusedLocation: (REDACTED) location delivery to %s blocked - too close
10-19 20:14:03.524 21104 21184 I FusedLocation: (REDACTED) location delivery to %s blocked - too fast
10-19 20:14:03.524 21104 21184 I FusedLocation: (REDACTED) location delivery to %s blocked - too close
10-19 20:14:03.525 21104 21184 I FusedLocation: (REDACTED) location delivery to %s blocked - too fast
10-19 20:14:03.525 21104 21184 I FusedLocation: (REDACTED) location delivery to %s blocked - too fast
10-19 20:14:03.525 21104 21184 I FusedLocation: (REDACTED) location delivery to %s blocked - too close
10-19 20:14:03.525 21104 21184 I FusedLocation: (REDACTED) location delivery to %s blocked - too fast
10-19 20:14:06.243 21104 21188 I ActivityScheduler: nextTriggerTime: 1329220606, in 4999ms, detectorType: 39, FULL_TYPE alarmWindowMillis: 625
