10-19 15:21:58.299 28571 31227 I ReactNativeJS:      center: [ 12.73813315, 77.82916922 ],
10-19 15:21:58.299 28571 31227 I ReactNativeJS:      radius: '13.16km' } }
10-19 15:21:58.299 28571 31227 I ReactNativeJS: ' Distance calculations:', { distanceToInnerCenter: '4.60km',
10-19 15:21:58.299 28571 31227 I ReactNativeJS:   innerRadiusKm: '7.74km',
10-19 15:21:58.299 28571 31227 I ReactNativeJS:   withinInner: true,
10-19 15:21:58.299 28571 31227 I ReactNativeJS:   distanceToOuterCenter: '4.58km',
10-19 15:21:58.299 28571 31227 I ReactNativeJS:   outerRadiusKm: '13.16km',
10-19 15:21:58.299 28571 31227 I ReactNativeJS:   beyondOuter: false,
10-19 15:21:58.299 28571 31227 I ReactNativeJS:   inDeadheadZone: false }
10-19 15:21:58.300 28571 31227 I ReactNativeJS:  Drop-off is WITHIN inner ring zone - NO deadhead charges
10-19 15:21:58.300 28571 31227 I ReactNativeJS: ' Deadhead charges result:', { deadheadCharges: 0,
10-19 15:21:58.300 28571 31227 I ReactNativeJS:   rawDeadheadCharges: 0,
10-19 15:21:58.300 28571 31227 I ReactNativeJS:   type: 'number',
10-19 15:21:58.300 28571 31227 I ReactNativeJS:   isNaN: false,
10-19 15:21:58.300 28571 31227 I ReactNativeJS:   zoneDetected: 'Inner Ring',
10-19 15:21:58.300 28571 31227 I ReactNativeJS:   isInnerZone: true }
10-19 15:21:58.300 28571 31227 I ReactNativeJS: ' Surge calculation:', { subtotalBeforeSurge: 312.42499999999995,
10-19 15:21:58.300 28571 31227 I ReactNativeJS:   type: 'number',
10-19 15:21:58.300 28571 31227 I ReactNativeJS:   isNaN: false,
10-19 15:21:58.300 28571 31227 I ReactNativeJS:   surgeMultiplier: 1,
10-19 15:21:58.300 28571 31227 I ReactNativeJS:   surgeCharges: 0,
10-19 15:21:58.300 28571 31227 I ReactNativeJS:   surgeChargesType: 'number',
10-19 15:21:58.300 28571 31227 I ReactNativeJS:   surgeChargesIsNaN: false }
10-19 15:21:58.300 28571 31227 I ReactNativeJS: === VALIDATED COMPONENTS (BEFORE GST) ===
10-19 15:21:58.301 28571 31227 I ReactNativeJS: '- validBaseFare:', 145
10-19 15:21:58.301 28571 31227 I ReactNativeJS: '- validDistanceFare:', 167.42499999999998
10-19 15:21:58.301 28571 31227 I ReactNativeJS: '- validDeadheadCharges:', 0
10-19 15:21:58.301 28571 31227 I ReactNativeJS: '- validSurgeCharges:', 0
10-19 15:21:58.301 28571 31227 I ReactNativeJS: '- validPlatformFee:', 10
10-19 15:21:58.301 28571 31227 I ReactNativeJS: ' GST on charges calculation:', { chargesSubtotal: 312.42499999999995,
10-19 15:21:58.301 28571 31227 I ReactNativeJS:   gstOnCharges: 15.621249999999998,
10-19 15:21:58.301 28571 31227 I ReactNativeJS:   gstRate: '5%' }
10-19 15:21:58.301 28571 31227 I ReactNativeJS: GST on platform fee calculation:
10-19 15:21:58.301 28571 31227 I ReactNativeJS: '- validPlatformFee for GST:', 10, 'type:', 'number', 'isNaN:', false
10-19 15:21:58.301 28571 31227 I ReactNativeJS: '- gstOnPlatformFee result:', 1.7999999999999998, 'type:', 'number', 'isNaN:', false
10-19 15:21:58.301 28571 31227 I ReactNativeJS: === VALIDATED GST COMPONENTS ===
10-19 15:21:58.302 28571 31227 I ReactNativeJS: '- validGstOnCharges:', 15.621249999999998
10-19 15:21:58.302 28571 31227 I ReactNativeJS: '- validGstOnPlatformFee:', 1.7999999999999998
10-19 15:21:58.302 28571 31227 I ReactNativeJS: === FINAL TOTAL FARE ===
10-19 15:21:58.302 28571 31227 I ReactNativeJS: 'totalFare raw:', 339.84624999999994, 'rounded:', 340, 'type:', 'number', 'isNaN:', false
10-19 15:21:58.302 28571 31227 I ReactNativeJS: ' Regular fare breakdown:', { baseFare: 145,
10-19 15:21:58.302 28571 31227 I ReactNativeJS:   distanceFare: 167.42499999999998,
10-19 15:21:58.302 28571 31227 I ReactNativeJS:   deadheadCharges: 0,
10-19 15:21:58.302 28571 31227 I ReactNativeJS:   surgeCharges: 0,
10-19 15:21:58.302 28571 31227 I ReactNativeJS:   platformFee: 10,
10-19 15:21:58.302 28571 31227 I ReactNativeJS:   gstOnCharges: 15.621249999999998,
10-19 15:21:58.302 28571 31227 I ReactNativeJS:   gstOnPlatformFee: 1.7999999999999998,
10-19 15:21:58.302 28571 31227 I ReactNativeJS:   totalFare: 340 }
10-19 15:21:58.371 18831 23773 I PlayCommon: [46098] Preparing logs for uploading
10-19 15:21:58.381 18831 23773 W PlayCommon: [46098] No account for auth token provided
10-19 15:21:58.382 18831 23773 I PlayCommon: [46098] Connecting to server: https://play.googleapis.com/play/log?format=raw&proto_v2=true
10-19 15:21:58.545 28571 31227 E ReactNativeJS: ' Error storing trip completion:', { code: '42501',
10-19 15:21:58.545 28571 31227 E ReactNativeJS:   details: null,
10-19 15:21:58.545 28571 31227 E ReactNativeJS:   hint: null,
10-19 15:21:58.545 28571 31227 E ReactNativeJS:   message: 'new row violates row-level security policy for table "trip_completions"' }
10-19 15:21:58.547 28571 31227 E ReactNativeJS: ' Error details:', '{\n  "code": "42501",\n  "details": null,\n  "hint": null,\n  "message": "new row violates row-level security policy for table \\"trip_completions\\""\n}'
10-19 15:21:58.548 28571 31227 E ReactNativeJS: ' Error message:', 'new row violates row-level security policy for table "trip_completions"'
10-19 15:21:58.551 28571 31227 E ReactNativeJS: ' Error code:', '42501'
10-19 15:21:58.553 28571 31227 E ReactNativeJS: ' Error hint:', null
10-19 15:21:58.554 28571 31227 E ReactNativeJS: ' Booking type:', 'regular'
10-19 15:21:58.555 28571 31227 E ReactNativeJS: ' Driver details provided:', true
10-19 15:21:58.557 28571 31227 I ReactNativeJS: ' FareCalculationService result:', { success: false,
10-19 15:21:58.557 28571 31227 I ReactNativeJS:   error: 'Failed to store trip completion: new row violates row-level security policy for table "trip_completions"' }
10-19 15:21:58.557 28571 31227 E ReactNativeJS: ' Fare calculation failed:', 'Failed to store trip completion: new row violates row-level security policy for table "trip_completions"'
10-19 15:21:58.558 28571 31228 E unknown:ReactNative: console.error:  Error storing trip completion: {"code":"42501","details":null,"hint":null,"message":"new row violates row-level security policy for table \"trip_completions\""}, js engine: hermes, stack:
10-19 15:21:58.558 28571 31228 E unknown:ReactNative: _construct@1:117842
10-19 15:21:58.558 28571 31228 E unknown:ReactNative: Wrapper@1:117496
10-19 15:21:58.558 28571 31228 E unknown:ReactNative: _callSuper@1:115478
10-19 15:21:58.558 28571 31228 E unknown:ReactNative: SyntheticError@1:116983
10-19 15:21:58.558 28571 31228 E unknown:ReactNative: reactConsoleErrorHandler@1:116629
10-19 15:21:58.558 28571 31228 E unknown:ReactNative: ?anon_0_@1:2010593
10-19 15:21:58.558 28571 31228 E unknown:ReactNative: asyncGeneratorStep@1:573272
10-19 15:21:58.558 28571 31228 E unknown:ReactNative: _next@1:573529
10-19 15:21:58.558 28571 31228 E unknown:ReactNative: anonymous@1:136226
10-19 15:21:58.558 28571 31228 E unknown:ReactNative: _callTimer@1:135225
10-19 15:21:58.558 28571 31228 E unknown:ReactNative: _callReactNativeMicrotasksPass@1:135369
10-19 15:21:58.558 28571 31228 E unknown:ReactNative: callReactNativeMicrotasks@1:137300
10-19 15:21:58.558 28571 31228 E unknown:ReactNative: __callReactNativeMicrotasks@1:101038
10-19 15:21:58.558 28571 31228 E unknown:ReactNative: anonymous@1:100174
10-19 15:21:58.558 28571 31228 E unknown:ReactNative: __guard@1:100912
10-19 15:21:58.558 28571 31228 E unknown:ReactNative: flushedQueue@1:100085
10-19 15:21:58.558 28571 31228 E unknown:ReactNative: invokeCallbackAndReturnFlushedQueue@1:100028
10-19 15:21:58.562 28571 31228 E unknown:ReactNative: console.error:  Error details: {
10-19 15:21:58.562 28571 31228 E unknown:ReactNative:   "code": "42501",
10-19 15:21:58.562 28571 31228 E unknown:ReactNative:   "details": null,
10-19 15:21:58.562 28571 31228 E unknown:ReactNative:   "hint": null,
10-19 15:21:58.562 28571 31228 E unknown:ReactNative:   "message": "new row violates row-level security policy for table \"trip_completions\""
10-19 15:21:58.562 28571 31228 E unknown:ReactNative: }, js engine: hermes, stack:
10-19 15:21:58.562 28571 31228 E unknown:ReactNative: _construct@1:117842
10-19 15:21:58.562 28571 31228 E unknown:ReactNative: Wrapper@1:117496
10-19 15:21:58.562 28571 31228 E unknown:ReactNative: _callSuper@1:115478
10-19 15:21:58.562 28571 31228 E unknown:ReactNative: SyntheticError@1:116983
10-19 15:21:58.562 28571 31228 E unknown:ReactNative: reactConsoleErrorHandler@1:116629
10-19 15:21:58.562 28571 31228 E unknown:ReactNative: ?anon_0_@1:2010635
10-19 15:21:58.562 28571 31228 E unknown:ReactNative: asyncGeneratorStep@1:573272
10-19 15:21:58.562 28571 31228 E unknown:ReactNative: _next@1:573529
10-19 15:21:58.562 28571 31228 E unknown:ReactNative: anonymous@1:136226
10-19 15:21:58.562 28571 31228 E unknown:ReactNative: _callTimer@1:135225
10-19 15:21:58.562 28571 31228 E unknown:ReactNative: _callReactNativeMicrotasksPass@1:135369
10-19 15:21:58.562 28571 31228 E unknown:ReactNative: callReactNativeMicrotasks@1:137300
10-19 15:21:58.562 28571 31228 E unknown:ReactNative: __callReactNativeMicrotasks@1:101038
10-19 15:21:58.562 28571 31228 E unknown:ReactNative: anonymous@1:100174
10-19 15:21:58.562 28571 31228 E unknown:ReactNative: __guard@1:100912
10-19 15:21:58.562 28571 31228 E unknown:ReactNative: flushedQueue@1:100085
10-19 15:21:58.562 28571 31228 E unknown:ReactNative: invokeCallbackAndReturnFlushedQueue@1:100028
10-19 15:21:58.565 28571 31228 E unknown:ReactNative: console.error:  Error message: new row violates row-level security policy for table "trip_completions", js engine: hermes, stack:
10-19 15:21:58.565 28571 31228 E unknown:ReactNative: _construct@1:117842
10-19 15:21:58.565 28571 31228 E unknown:ReactNative: Wrapper@1:117496
10-19 15:21:58.565 28571 31228 E unknown:ReactNative: _callSuper@1:115478
10-19 15:21:58.565 28571 31228 E unknown:ReactNative: SyntheticError@1:116983
10-19 15:21:58.565 28571 31228 E unknown:ReactNative: reactConsoleErrorHandler@1:116629
10-19 15:21:58.565 28571 31228 E unknown:ReactNative: ?anon_0_@1:2010661
10-19 15:21:58.565 28571 31228 E unknown:ReactNative: asyncGeneratorStep@1:573272
10-19 15:21:58.565 28571 31228 E unknown:ReactNative: _next@1:573529
10-19 15:21:58.565 28571 31228 E unknown:ReactNative: anonymous@1:136226
10-19 15:21:58.565 28571 31228 E unknown:ReactNative: _callTimer@1:135225
10-19 15:21:58.565 28571 31228 E unknown:ReactNative: _callReactNativeMicrotasksPass@1:135369
10-19 15:21:58.565 28571 31228 E unknown:ReactNative: callReactNativeMicrotasks@1:137300
10-19 15:21:58.565 28571 31228 E unknown:ReactNative: __callReactNativeMicrotasks@1:101038
10-19 15:21:58.565 28571 31228 E unknown:ReactNative: anonymous@1:100174
10-19 15:21:58.565 28571 31228 E unknown:ReactNative: __guard@1:100912
10-19 15:21:58.565 28571 31228 E unknown:ReactNative: flushedQueue@1:100085
10-19 15:21:58.565 28571 31228 E unknown:ReactNative: invokeCallbackAndReturnFlushedQueue@1:100028
10-19 15:21:58.567 28571 31228 E unknown:ReactNative: console.error:  Error code: 42501, js engine: hermes, stack:
10-19 15:21:58.567 28571 31228 E unknown:ReactNative: _construct@1:117842
10-19 15:21:58.567 28571 31228 E unknown:ReactNative: Wrapper@1:117496
10-19 15:21:58.567 28571 31228 E unknown:ReactNative: _callSuper@1:115478
10-19 15:21:58.567 28571 31228 E unknown:ReactNative: SyntheticError@1:116983
10-19 15:21:58.567 28571 31228 E unknown:ReactNative: reactConsoleErrorHandler@1:116629
10-19 15:21:58.567 28571 31228 E unknown:ReactNative: ?anon_0_@1:2010688
10-19 15:21:58.567 28571 31228 E unknown:ReactNative: asyncGeneratorStep@1:573272
10-19 15:21:58.567 28571 31228 E unknown:ReactNative: _next@1:573529
10-19 15:21:58.567 28571 31228 E unknown:ReactNative: anonymous@1:136226
10-19 15:21:58.567 28571 31228 E unknown:ReactNative: _callTimer@1:135225
10-19 15:21:58.567 28571 31228 E unknown:ReactNative: _callReactNativeMicrotasksPass@1:135369
10-19 15:21:58.567 28571 31228 E unknown:ReactNative: callReactNativeMicrotasks@1:137300
10-19 15:21:58.567 28571 31228 E unknown:ReactNative: __callReactNativeMicrotasks@1:101038
10-19 15:21:58.567 28571 31228 E unknown:ReactNative: anonymous@1:100174
10-19 15:21:58.567 28571 31228 E unknown:ReactNative: __guard@1:100912
10-19 15:21:58.567 28571 31228 E unknown:ReactNative: flushedQueue@1:100085
10-19 15:21:58.567 28571 31228 E unknown:ReactNative: invokeCallbackAndReturnFlushedQueue@1:100028
10-19 15:21:58.569 28571 31228 E unknown:ReactNative: console.error:  Error hint: null, js engine: hermes, stack:
10-19 15:21:58.569 28571 31228 E unknown:ReactNative: _construct@1:117842
10-19 15:21:58.569 28571 31228 E unknown:ReactNative: Wrapper@1:117496
10-19 15:21:58.569 28571 31228 E unknown:ReactNative: _callSuper@1:115478
10-19 15:21:58.569 28571 31228 E unknown:ReactNative: SyntheticError@1:116983
10-19 15:21:58.569 28571 31228 E unknown:ReactNative: reactConsoleErrorHandler@1:116629
10-19 15:21:58.569 28571 31228 E unknown:ReactNative: ?anon_0_@1:2010715
10-19 15:21:58.569 28571 31228 E unknown:ReactNative: asyncGeneratorStep@1:573272
10-19 15:21:58.569 28571 31228 E unknown:ReactNative: _next@1:573529
10-19 15:21:58.569 28571 31228 E unknown:ReactNative: anonymous@1:136226
10-19 15:21:58.569 28571 31228 E unknown:ReactNative: _callTimer@1:135225
10-19 15:21:58.569 28571 31228 E unknown:ReactNative: _callReactNativeMicrotasksPass@1:135369
10-19 15:21:58.569 28571 31228 E unknown:ReactNative: callReactNativeMicrotasks@1:137300
10-19 15:21:58.569 28571 31228 E unknown:ReactNative: __callReactNativeMicrotasks@1:101038
10-19 15:21:58.569 28571 31228 E unknown:ReactNative: anonymous@1:100174
10-19 15:21:58.569 28571 31228 E unknown:ReactNative: __guard@1:100912
10-19 15:21:58.569 28571 31228 E unknown:ReactNative: flushedQueue@1:100085
10-19 15:21:58.569 28571 31228 E unknown:ReactNative: invokeCallbackAndReturnFlushedQueue@1:100028
10-19 15:21:58.572 28571 31227 I ReactNativeJS: ' CompleteRide function completed, result:', { success: false }
10-19 15:21:58.572 28571 31227 E ReactNativeJS:  Failed to complete ride
10-19 15:21:58.572 28571 31228 E unknown:ReactNative: console.error:  Booking type: regular, js engine: hermes, stack:
10-19 15:21:58.572 28571 31228 E unknown:ReactNative: _construct@1:117842
10-19 15:21:58.572 28571 31228 E unknown:ReactNative: Wrapper@1:117496
10-19 15:21:58.572 28571 31228 E unknown:ReactNative: _callSuper@1:115478
10-19 15:21:58.572 28571 31228 E unknown:ReactNative: SyntheticError@1:116983
10-19 15:21:58.572 28571 31228 E unknown:ReactNative: reactConsoleErrorHandler@1:116629
10-19 15:21:58.572 28571 31228 E unknown:ReactNative: ?anon_0_@1:2010741
10-19 15:21:58.572 28571 31228 E unknown:ReactNative: asyncGeneratorStep@1:573272
10-19 15:21:58.572 28571 31228 E unknown:ReactNative: _next@1:573529
10-19 15:21:58.572 28571 31228 E unknown:ReactNative: anonymous@1:136226
10-19 15:21:58.572 28571 31228 E unknown:ReactNative: _callTimer@1:135225
10-19 15:21:58.572 28571 31228 E unknown:ReactNative: _callReactNativeMicrotasksPass@1:135369
10-19 15:21:58.572 28571 31228 E unknown:ReactNative: callReactNativeMicrotasks@1:137300
10-19 15:21:58.572 28571 31228 E unknown:ReactNative: __callReactNativeMicrotasks@1:101038
10-19 15:21:58.572 28571 31228 E unknown:ReactNative: anonymous@1:100174
10-19 15:21:58.572 28571 31228 E unknown:ReactNative: __guard@1:100912
10-19 15:21:58.572 28571 31228 E unknown:ReactNative: flushedQueue@1:100085
10-19 15:21:58.572 28571 31228 E unknown:ReactNative: invokeCallbackAndReturnFlushedQueue@1:100028
10-19 15:21:58.572 28571 31227 I ReactNativeJS: === RIDES SCREEN STATE DEBUG ===
10-19 15:21:58.572 28571 31227 I ReactNativeJS:  Component state updated:
10-19 15:21:58.573 28571 31227 I ReactNativeJS: '  - Current ride:', { id: '9af31e93-dea1-44d0-ba28-80396f18e004',
10-19 15:21:58.573 28571 31227 I ReactNativeJS:   status: 'in_progress',
10-19 15:21:58.573 28571 31227 I ReactNativeJS:   pickup: 'PRXJ+F32, Brindavan Nagar, Plot 87, NGGO\'s Colony, Anand Nagar, Hosur, Tamil Nadu 635109, India',
10-19 15:21:58.573 28571 31227 I ReactNativeJS:   destination: 'Anthivadi Stadium, SBM Colony, Anthivadi, Hosur, Tamil Nadu, India' }
10-19 15:21:58.573 28571 31227 I ReactNativeJS: '  - Pending rides count:', 0
10-19 15:21:58.573 28571 31227 I ReactNativeJS: '  - Driver status:', 'online'
10-19 15:21:58.573 28571 31227 I ReactNativeJS: '  - Loading:', false
10-19 15:21:58.573 28571 31227 I ReactNativeJS: '  - Error:', 'Failed to calculate fare: Failed to store trip completion: new row violates row-level security policy for table "trip_completions"'
10-19 15:21:58.573 28571 31227 I ReactNativeJS: '  - Show modal:', false
10-19 15:21:58.573 28571 31228 E unknown:ReactNative: console.error:  Driver details provided: true, js engine: hermes, stack:
10-19 15:21:58.573 28571 31228 E unknown:ReactNative: _construct@1:117842
10-19 15:21:58.573 28571 31228 E unknown:ReactNative: Wrapper@1:117496
10-19 15:21:58.573 28571 31228 E unknown:ReactNative: _callSuper@1:115478
10-19 15:21:58.573 28571 31228 E unknown:ReactNative: SyntheticError@1:116983
10-19 15:21:58.573 28571 31228 E unknown:ReactNative: reactConsoleErrorHandler@1:116629
10-19 15:21:58.573 28571 31228 E unknown:ReactNative: ?anon_0_@1:2010768
10-19 15:21:58.573 28571 31228 E unknown:ReactNative: asyncGeneratorStep@1:573272
10-19 15:21:58.573 28571 31228 E unknown:ReactNative: _next@1:573529
10-19 15:21:58.573 28571 31228 E unknown:ReactNative: anonymous@1:136226
10-19 15:21:58.573 28571 31228 E unknown:ReactNative: _callTimer@1:135225
10-19 15:21:58.573 28571 31228 E unknown:ReactNative: _callReactNativeMicrotasksPass@1:135369
10-19 15:21:58.573 28571 31228 E unknown:ReactNative: callReactNativeMicrotasks@1:137300
10-19 15:21:58.573 28571 31228 E unknown:ReactNative: __callReactNativeMicrotasks@1:101038
10-19 15:21:58.573 28571 31228 E unknown:ReactNative: anonymous@1:100174
10-19 15:21:58.573 28571 31228 E unknown:ReactNative: __guard@1:100912
10-19 15:21:58.573 28571 31228 E unknown:ReactNative: flushedQueue@1:100085
10-19 15:21:58.573 28571 31228 E unknown:ReactNative: invokeCallbackAndReturnFlushedQueue@1:100028
10-19 15:21:58.573 28571 31227 I ReactNativeJS: '  - Timestamp:', '2025-10-19T09:51:58.573Z'
10-19 15:21:58.573 28571 31227 I ReactNativeJS:  CURRENT RIDE EXISTS - should be visible in UI
10-19 15:21:58.573 28571 31228 E unknown:ReactNative: console.error:  Fare calculation failed: Failed to store trip completion: new row violates row-level security policy for table "trip_completions", js engine: hermes, stack:
10-19 15:21:58.573 28571 31228 E unknown:ReactNative: _construct@1:117842
10-19 15:21:58.573 28571 31228 E unknown:ReactNative: Wrapper@1:117496
10-19 15:21:58.573 28571 31228 E unknown:ReactNative: _callSuper@1:115478
10-19 15:21:58.573 28571 31228 E unknown:ReactNative: SyntheticError@1:116983
10-19 15:21:58.573 28571 31228 E unknown:ReactNative: reactConsoleErrorHandler@1:116629
10-19 15:21:58.573 28571 31228 E unknown:ReactNative: ?anon_0_@1:2002419
10-19 15:21:58.573 28571 31228 E unknown:ReactNative: asyncGeneratorStep@1:573272
10-19 15:21:58.573 28571 31228 E unknown:ReactNative: _next@1:573529
10-19 15:21:58.573 28571 31228 E unknown:ReactNative: anonymous@1:136226
10-19 15:21:58.573 28571 31228 E unknown:ReactNative: _callTimer@1:135225
10-19 15:21:58.573 28571 31228 E unknown:ReactNative: _callReactNativeMicrotasksPass@1:135369
10-19 15:21:58.573 28571 31228 E unknown:ReactNative: callReactNativeMicrotasks@1:137300
10-19 15:21:58.573 28571 31228 E unknown:ReactNative: __callReactNativeMicrotasks@1:101038
10-19 15:21:58.573 28571 31228 E unknown:ReactNative: anonymous@1:100174
10-19 15:21:58.573 28571 31228 E unknown:ReactNative: __guard@1:100912
10-19 15:21:58.573 28571 31228 E unknown:ReactNative: flushedQueue@1:100085
10-19 15:21:58.573 28571 31228 E unknown:ReactNative: invokeCallbackAndReturnFlushedQueue@1:100028
10-19 15:21:58.574 28571 31228 E unknown:ReactNative: console.error:  Failed to complete ride, js engine: hermes, stack:
10-19 15:21:58.574 28571 31228 E unknown:ReactNative: _construct@1:117842
10-19 15:21:58.574 28571 31228 E unknown:ReactNative: Wrapper@1:117496
10-19 15:21:58.574 28571 31228 E unknown:ReactNative: _callSuper@1:115478
10-19 15:21:58.574 28571 31228 E unknown:ReactNative: SyntheticError@1:116983
10-19 15:21:58.574 28571 31228 E unknown:ReactNative: reactConsoleErrorHandler@1:116629
10-19 15:21:58.574 28571 31228 E unknown:ReactNative: ?anon_0_@1:1990325
10-19 15:21:58.574 28571 31228 E unknown:ReactNative: asyncGeneratorStep@1:573272
10-19 15:21:58.574 28571 31228 E unknown:ReactNative: _next@1:573529
10-19 15:21:58.574 28571 31228 E unknown:ReactNative: anonymous@1:136226
10-19 15:21:58.574 28571 31228 E unknown:ReactNative: _callTimer@1:135225
10-19 15:21:58.574 28571 31228 E unknown:ReactNative: _callReactNativeMicrotasksPass@1:135369
10-19 15:21:58.574 28571 31228 E unknown:ReactNative: callReactNativeMicrotasks@1:137300
10-19 15:21:58.574 28571 31228 E unknown:ReactNative: __callReactNativeMicrotasks@1:101038
10-19 15:21:58.574 28571 31228 E unknown:ReactNative: anonymous@1:100174
10-19 15:21:58.574 28571 31228 E unknown:ReactNative: __guard@1:100912
10-19 15:21:58.574 28571 31228 E unknown:ReactNative: flushedQueue@1:100085
10-19 15:21:58.574 28571 31228 E unknown:ReactNative: invokeCallbackAndReturnFlushedQueue@1:100028
10-19 15:21:58.576 28571 28571 W WindowOnBackDispatcher: OnBackInvokedCallback is not enabled for the application.
10-19 15:21:58.576 28571 28571 W WindowOnBackDispatcher: Set 'android:enableOnBackInvokedCallback="true"' in the application manifest.
10-19 15:21:58.580 28571 31227 I ReactNativeJS: === RIDES SCREEN STATE DEBUG ===
10-19 15:21:58.580 28571 31227 I ReactNativeJS:  Component state updated:
10-19 15:21:58.581 28571 31227 I ReactNativeJS: '  - Current ride:', { id: '9af31e93-dea1-44d0-ba28-80396f18e004',
10-19 15:21:58.581 28571 31227 I ReactNativeJS:   status: 'in_progress',
10-19 15:21:58.581 28571 31227 I ReactNativeJS:   pickup: 'PRXJ+F32, Brindavan Nagar, Plot 87, NGGO\'s Colony, Anand Nagar, Hosur, Tamil Nadu 635109, India',
10-19 15:21:58.581 28571 31227 I ReactNativeJS:   destination: 'Anthivadi Stadium, SBM Colony, Anthivadi, Hosur, Tamil Nadu, India' }
10-19 15:21:58.581 28571 31227 I ReactNativeJS: '  - Pending rides count:', 0
10-19 15:21:58.581 28571 31227 I ReactNativeJS: '  - Driver status:', 'online'
10-19 15:21:58.581 28571 31227 I ReactNativeJS: '  - Loading:', false
10-19 15:21:58.581 28571 31227 I ReactNativeJS: '  - Error:', null
10-19 15:21:58.581 28571 31227 I ReactNativeJS: '  - Show modal:', false
10-19 15:21:58.581 28571 31227 I ReactNativeJS: '  - Timestamp:', '2025-10-19T09:51:58.581Z'
10-19 15:21:58.581 28571 31227 I ReactNativeJS:  CURRENT RIDE EXISTS - should be visible in UI
10-19 15:21:58.643 18831 23773 I PlayCommon: [46098] Successfully uploaded logs.
10-19 15:21:58.692 28571 28571 W WindowOnBackDispatcher: sendCancelIfRunning: isInProgress=false callback=android.view.ViewRootImpl$$ExternalSyntheticLambda11@b626011
10-19 15:21:58.738 28571 28571 W WindowOnBackDispatcher: OnBackInvokedCallback is not enabled for the application.
10-19 15:21:58.738 28571 28571 W WindowOnBackDispatcher: Set 'android:enableOnBackInvokedCallback="true"' in the application manifest.
10-19 15:21:59.066  5720  5734 D SQLiteQueryBuilder: SELECT _id, _data, _size, date_modified, bucket_id, orientation, datetaken FROM images WHERE ((((is_pending=0 AND NOT _modifier=4) OR (is_pending=1 AND lower(_data) NOT REGEXP '.*/\.pending-(\d+)-([^/]+)$' AND owner_package_name IN ( 'com.vivo.gallery' , 'com.vivo.widget.gallery' )))) AND (is_trashed=0) AND (volume_name IN ( 'external_primary' ))) AND (( bucket_id IN ( -1212198981, -1695567127, -53910322, -2140495773, 606811175, 1251957395, 1115488879, 1092149518, 390907738, -1694063856, -803954635, -1690180765, -1816304744, 911081060, -1291404494, -1285319851, -651554454, 151630153, 543621159, -2002206485, 73761835, -1760112825, -71543827, -302991967, -1227671927, -156420408, -1516374533, 1829735780, -1450708494, -506316380, -1341114264, 1114833418, 1152093397, -1733679058, -2131021710, -680697881, 2084439217, -2024679488, -1447456465, 700805465, 991906690, 1345966226, 657155968, 1266435012, -1966306697, -1897284014, -1949680778, 434583847, 990381004, -1526850504, -1612742889, -1273942824, -1004938028, 331203438, 708879003, 255899559, -528275350, -602893060, -1055518229, 545491069, -1716401999, 668104411, -1118657469, 1040014575, 849662899, -174887798, -1292465169, 1101584562, -613830029, -1577375515, -1628155945, -1033534650, -328196774, -2071947861, 805181138, -1104308479, 181789691, 619245019, 616142335, -1829889111, -1578944343, -1809455754, 1690766750, -793566743, 272894235, -435605656, -1858432929, -792464988, -434569360, -1462931038, -879973635, 65759896, -924335728, -1809287853, 1755148769, -223571158, 2126348076, 48382832, 700217390, 630412299, 183872366, 1059985074, -1806957104, -1641691205, -571335571, 1519174419, 1036004452, -2031220924, -1537104433, 1829930144, -745596364, -8122821, 1366741172, 1548299660, 1674287630, -1535937100, 13148420, 1909659649, 264986155, -9482612, 13005089, -2089205090, -1022498075, -919133986, -884178250, -1422443828, -670014994, -2121027476, 2020100714, 489993, 448544941, -2101462868, -261299595, 1172023232, 1278178828, -607125002, -856420653, -1973993346, 1498690426, -1527464249, -1945110980, 395625896, 1909316592, 569711560, -1686988495, 1763470175, -1488038648, 2113906615, -550734493, 85651275, -1964037955, 428383196, -1949793892, 1136101865, 2018234913, -18391924, 1490911920, -884178653, -1170470833, -1215953411, 1077477957, -1198914825, 1461775709, -643464410, 1900774339, 1272506704, -485246563, 1960476238, -1291404897, -1950041765, 1664549270, 2070856141, 1220790880, 359301071, 278762032, 470519460, -924530092, -1382559966, 904275793, 1298630565, 1186223222, -519179321, 232691476, -1684913851, -750954006, 83641895, 1145800364, -2012790048, 1286776387, 397907126, 1330064451, -1804177550, -1809174739, 174397812, 2043613916, -675937132, 1736146008, -1702973091, -1184968074, 1502601919, 1574223589, 445258174, -1682700158, -351293385, 638217523, 2052700512, 949947357, -1318309340, 616722321, -1406249091, 656868479, -402361508, -1410236246, -1193446467, -1415689986, -1935708161, 1786892787, -2041971395, -1087402833, -1809045590, 658433208, 1208185747, 761624307, 250774884, 12344107, -1415495622, 35166595, -175675851, 912551383, -1432612566, 39258592, -131644514, -1950760957, -1022555983, -1656404229, -731336746, 1106324018, 1962141495, -643270046, 133162019, -2075879543, 945165185, -1572118126, 1746875333, -2129001792, -1739773001, -214169408, 1354535744, -1551292529, 581197485, 1732723533, 1456888538, -1448813142, 13311172, -1569520032, -1527994117, 348164313, 1631149349, -242606674, -1914187326, -1445556762, 211087524, -219150656, -1422672119, -1530754818, -1171388910, -2072752055, -1325148867, 361712075, -1730634595, -340891674, 1407102871, 53870456, -508660256, 2028258487, -815228101, -1694937425, -519178918, 1561178453, -1131671344, 1431320847, 2046578077, -781677303, 1291266200, 848578299, -1972390376, -978314959, -1319727662, 943502520, 1028125135, -175466238, 1195992005, 1920382715, 2108277051, 443703009, 675671268, 263662367, -347572232, 183545411, 1450478273, -1879659704, 1957916785, 1976953110, -1157253172, -1407948598, 
10-19 15:21:59.549 28571 31227 I ReactNativeJS:  Auto-refreshing rides (2-second interval)...
10-19 15:21:59.549 28571 31227 I ReactNativeJS: === LOADING RIDES ===
10-19 15:21:59.549 28571 31227 I ReactNativeJS: 'Driver ID:', '76b66a88-dff9-4965-9e36-8a92023f155d'
10-19 15:21:59.550 28571 31227 I ReactNativeJS: 'Driver User ID:', 'ae53a792-6aed-4186-823d-61c34c6defe2'
10-19 15:21:59.562 28571 31227 I ReactNativeJS:  Loading current ride...
10-19 15:21:59.564 28571 31227 I ReactNativeJS: === RIDES SCREEN STATE DEBUG ===
10-19 15:21:59.564 28571 31227 I ReactNativeJS:  Component state updated:
10-19 15:21:59.564 28571 31227 I ReactNativeJS: '  - Current ride:', { id: '9af31e93-dea1-44d0-ba28-80396f18e004',
10-19 15:21:59.564 28571 31227 I ReactNativeJS:   status: 'in_progress',
10-19 15:21:59.564 28571 31227 I ReactNativeJS:   pickup: 'PRXJ+F32, Brindavan Nagar, Plot 87, NGGO\'s Colony, Anand Nagar, Hosur, Tamil Nadu 635109, India',
10-19 15:21:59.564 28571 31227 I ReactNativeJS:   destination: 'Anthivadi Stadium, SBM Colony, Anthivadi, Hosur, Tamil Nadu, India' }
10-19 15:21:59.564 28571 31227 I ReactNativeJS: '  - Pending rides count:', 0
10-19 15:21:59.564 28571 31227 I ReactNativeJS: '  - Driver status:', 'online'
10-19 15:21:59.564 28571 31227 I ReactNativeJS: '  - Loading:', true
10-19 15:21:59.564 28571 31227 I ReactNativeJS: '  - Error:', null
10-19 15:21:59.564 28571 31227 I ReactNativeJS: '  - Show modal:', false
10-19 15:21:59.564 28571 31227 I ReactNativeJS: '  - Timestamp:', '2025-10-19T09:51:59.564Z'
10-19 15:21:59.564 28571 31227 I ReactNativeJS:  CURRENT RIDE EXISTS - should be visible in UI
10-19 15:21:59.566 28571 28571 W WindowOnBackDispatcher: sendCancelIfRunning: isInProgress=false callback=android.view.ViewRootImpl$$ExternalSyntheticLambda11@f1faf6a
10-19 15:21:59.584 28571 28571 W WindowOnBackDispatcher: OnBackInvokedCallback is not enabled for the application.
10-19 15:21:59.584 28571 28571 W WindowOnBackDispatcher: Set 'android:enableOnBackInvokedCallback="true"' in the application manifest.
10-19 15:21:59.635  5589  5589 I GoogleInputMethodService: GoogleInputMethodService.onFinishInput():2085 
10-19 15:21:59.636  5589  5589 I Module  : DeviceLockedStatusModuleProvider$Module.updateDeviceLockedStatus():100 repeatCheckTimes = 0, locked = false
10-19 15:21:59.638  5589  5589 I GoogleInputMethodService: GoogleInputMethodService.onStartInput():1346 onStartInput(EditorInfo{EditorInfo{packageName=com.a1taxi.driverpro, inputType=0, inputTypeString=NULL, enableLearning=false, autoCorrection=false, autoComplete=false, imeOptions=0, privateImeOptions=null, actionName=UNSPECIFIED, actionLabel=null, initialSelStart=-1, initialSelEnd=-1, initialCapsMode=0, label=null, fieldId=0, fieldName=null, extras=null, hintText=null, hintLocales=[]}}, false)
10-19 15:21:59.639  5589  5589 I Module  : DeviceLockedStatusModuleProvider$Module.updateDeviceLockedStatus():100 repeatCheckTimes = 1, locked = false
10-19 15:21:59.817 28571 31227 I ReactNativeJS: ' Current ride loaded:', { id: '9af31e93-dea1-44d0-ba28-80396f18e004',
10-19 15:21:59.817 28571 31227 I ReactNativeJS:   status: 'in_progress',
10-19 15:21:59.817 28571 31227 I ReactNativeJS:   pickup: 'PRXJ+F32, Brindavan Nagar, Plot 87, NGGO\'s Colony, Anand Nagar, Hosur, Tamil Nadu 635109, India',
10-19 15:21:59.817 28571 31227 I ReactNativeJS:   destination: 'Anthivadi Stadium, SBM Colony, Anthivadi, Hosur, Tamil Nadu, India',
10-19 15:21:59.817 28571 31227 I ReactNativeJS:   customer: 
10-19 15:21:59.817 28571 31227 I ReactNativeJS:    { id: '10c9aa9e-6cb4-45e5-b9d3-682bc1a9bd11',
10-19 15:21:59.817 28571 31227 I ReactNativeJS:      full_name: 'Jaishankar',
10-19 15:21:59.817 28571 31227 I ReactNativeJS:      phone_number: null,
10-19 15:21:59.817 28571 31227 I ReactNativeJS:      email: '+919597230958@phone.a1taxi.local' } }
10-19 15:21:59.817 28571 31227 I ReactNativeJS:  Driver has current ride - not loading pending ride requests
10-19 15:21:59.818 28571 31227 I ReactNativeJS: === RIDES SCREEN STATE DEBUG ===
10-19 15:21:59.818 28571 31227 I ReactNativeJS:  Component state updated:
10-19 15:21:59.818 28571 31227 I ReactNativeJS: '  - Current ride:', { id: '9af31e93-dea1-44d0-ba28-80396f18e004',
10-19 15:21:59.818 28571 31227 I ReactNativeJS:   status: 'in_progress',
10-19 15:21:59.818 28571 31227 I ReactNativeJS:   pickup: 'PRXJ+F32, Brindavan Nagar, Plot 87, NGGO\'s Colony, Anand Nagar, Hosur, Tamil Nadu 635109, India',
10-19 15:21:59.818 28571 31227 I ReactNativeJS:   destination: 'Anthivadi Stadium, SBM Colony, Anthivadi, Hosur, Tamil Nadu, India' }
10-19 15:21:59.818 28571 31227 I ReactNativeJS: '  - Pending rides count:', 0
10-19 15:21:59.818 28571 31227 I ReactNativeJS: '  - Driver status:', 'online'
10-19 15:21:59.818 28571 31227 I ReactNativeJS: '  - Loading:', true
10-19 15:21:59.818 28571 31227 I ReactNativeJS: '  - Error:', null
10-19 15:21:59.818 28571 31227 I ReactNativeJS: '  - Show modal:', false
10-19 15:21:59.818 28571 31227 I ReactNativeJS: '  - Timestamp:', '2025-10-19T09:51:59.818Z'
10-19 15:21:59.818 28571 31227 I ReactNativeJS:  CURRENT RIDE EXISTS - should be visible in UI
10-19 15:21:59.818 28571 31227 I ReactNativeJS: === RIDE REQUEST MODAL LOGIC DEBUG ===
10-19 15:21:59.818 28571 31227 I ReactNativeJS:  Checking if should show ride request modal:
10-19 15:21:59.818 28571 31227 I ReactNativeJS: '  - Pending rides:', 0
10-19 15:21:59.818 28571 31227 I ReactNativeJS: '  - Modal already showing:', false
10-19 15:21:59.818 28571 31227 I ReactNativeJS: '  - Driver status:', 'online'
10-19 15:21:59.818 28571 31227 I ReactNativeJS: '  - Has current ride:', true
10-19 15:21:59.818 28571 31227 I ReactNativeJS:  NOT SHOWING MODAL - reasons:
10-19 15:21:59.818 28571 31227 I ReactNativeJS: ' Analysis:', { pendingRidesCount: 0,
10-19 15:21:59.818 28571 31227 I ReactNativeJS:   modalAlreadyShowing: false,
10-19 15:21:59.818 28571 31227 I ReactNativeJS:   driverStatus: 'online',
10-19 15:21:59.818 28571 31227 I ReactNativeJS:   hasCurrentRide: true }
10-19 15:21:59.827 28571 31227 I ReactNativeJS: === RIDES SCREEN STATE DEBUG ===
10-19 15:21:59.827 28571 31227 I ReactNativeJS:  Component state updated:
10-19 15:21:59.827 28571 31227 I ReactNativeJS: '  - Current ride:', { id: '9af31e93-dea1-44d0-ba28-80396f18e004',
10-19 15:21:59.827 28571 31227 I ReactNativeJS:   status: 'in_progress',
10-19 15:21:59.827 28571 31227 I ReactNativeJS:   pickup: 'PRXJ+F32, Brindavan Nagar, Plot 87, NGGO\'s Colony, Anand Nagar, Hosur, Tamil Nadu 635109, India',
10-19 15:21:59.827 28571 31227 I ReactNativeJS:   destination: 'Anthivadi Stadium, SBM Colony, Anthivadi, Hosur, Tamil Nadu, India' }
10-19 15:21:59.827 28571 31227 I ReactNativeJS: '  - Pending rides count:', 0
10-19 15:21:59.827 28571 31227 I ReactNativeJS: '  - Driver status:', 'online'
10-19 15:21:59.827 28571 31227 I ReactNativeJS: '  - Loading:', true
10-19 15:21:59.827 28571 31227 I ReactNativeJS: '  - Error:', null
10-19 15:21:59.827 28571 31227 I ReactNativeJS: '  - Show modal:', false
10-19 15:21:59.827 28571 31227 I ReactNativeJS: '  - Timestamp:', '2025-10-19T09:51:59.827Z'
10-19 15:21:59.827 28571 31227 I ReactNativeJS:  CURRENT RIDE EXISTS - should be visible in UI
10-19 15:21:59.827 28571 31227 I ReactNativeJS: === RIDE REQUEST MODAL LOGIC DEBUG ===
10-19 15:21:59.828 28571 31227 I ReactNativeJS:  Checking if should show ride request modal:
10-19 15:21:59.828 28571 31227 I ReactNativeJS: '  - Pending rides:', 0
10-19 15:21:59.828 28571 31227 I ReactNativeJS: '  - Modal already showing:', false
10-19 15:21:59.828 28571 31227 I ReactNativeJS: '  - Driver status:', 'online'
10-19 15:21:59.828 28571 31227 I ReactNativeJS: '  - Has current ride:', true
10-19 15:21:59.828 28571 31227 I ReactNativeJS:  NOT SHOWING MODAL - reasons:
10-19 15:21:59.828 28571 31227 I ReactNativeJS: ' Analysis:', { pendingRidesCount: 0,
10-19 15:21:59.828 28571 31227 I ReactNativeJS:   modalAlreadyShowing: false,
10-19 15:21:59.828 28571 31227 I ReactNativeJS:   driverStatus: 'online',
10-19 15:21:59.828 28571 31227 I ReactNativeJS:   hasCurrentRide: true }
10-19 15:21:59.835 28571 31227 I ReactNativeJS: === RIDES SCREEN STATE DEBUG ===
10-19 15:21:59.835 28571 31227 I ReactNativeJS:  Component state updated:
10-19 15:21:59.835 28571 31227 I ReactNativeJS: '  - Current ride:', { id: '9af31e93-dea1-44d0-ba28-80396f18e004',
10-19 15:21:59.835 28571 31227 I ReactNativeJS:   status: 'in_progress',
10-19 15:21:59.835 28571 31227 I ReactNativeJS:   pickup: 'PRXJ+F32, Brindavan Nagar, Plot 87, NGGO\'s Colony, Anand Nagar, Hosur, Tamil Nadu 635109, India',
10-19 15:21:59.835 28571 31227 I ReactNativeJS:   destination: 'Anthivadi Stadium, SBM Colony, Anthivadi, Hosur, Tamil Nadu, India' }
10-19 15:21:59.835 28571 31227 I ReactNativeJS: '  - Pending rides count:', 0
10-19 15:21:59.835 28571 31227 I ReactNativeJS: '  - Driver status:', 'online'
10-19 15:21:59.835 28571 31227 I ReactNativeJS: '  - Loading:', false
10-19 15:21:59.835 28571 31227 I ReactNativeJS: '  - Error:', null
10-19 15:21:59.835 28571 31227 I ReactNativeJS: '  - Show modal:', false
10-19 15:21:59.835 28571 31227 I ReactNativeJS: '  - Timestamp:', '2025-10-19T09:51:59.835Z'
10-19 15:21:59.835 28571 31227 I ReactNativeJS:  CURRENT RIDE EXISTS - should be visible in UI
10-19 15:22:00.199 28571 31227 I ReactNativeJS: === NAVIGATION CHECK ===
10-19 15:22:00.199 28571 31227 I ReactNativeJS: 'In auth group:', false
10-19 15:22:00.199 28571 31227 I ReactNativeJS: 'Has session:', false
10-19 15:22:00.199 28571 31227 I ReactNativeJS: 'Has driver:', true
10-19 15:22:00.199 28571 31227 I ReactNativeJS: 'Current segments:', [ '(tabs)', 'profile' ]
10-19 15:22:00.199 28571 31227 I ReactNativeJS: 'Loading state:', false
10-19 15:22:00.199 28571 31227 I ReactNativeJS: 'Is authenticated:', { id: '76b66a88-dff9-4965-9e36-8a92023f155d',
10-19 15:22:00.199 28571 31227 I ReactNativeJS:   user_id: 'ae53a792-6aed-4186-823d-61c34c6defe2',
10-19 15:22:00.199 28571 31227 I ReactNativeJS:   license_number: '25845',
10-19 15:22:00.199 28571 31227 I ReactNativeJS:   license_expiry: '2025-09-28',
10-19 15:22:00.199 28571 31227 I ReactNativeJS:   status: 'online',
10-19 15:22:00.199 28571 31227 I ReactNativeJS:   rating: 5,
10-19 15:22:00.199 28571 31227 I ReactNativeJS:   total_rides: 17,
10-19 15:22:00.199 28571 31227 I ReactNativeJS:   is_verified: true,
10-19 15:22:00.199 28571 31227 I ReactNativeJS:   vehicle_id: '95c87077-b016-49de-a05b-dbfd5e383a1a',
10-19 15:22:00.199 28571 31227 I ReactNativeJS:   vendor_id: null,
10-19 15:22:00.199 28571 31227 I ReactNativeJS:   phone_number: '6985471230',
10-19 15:22:00.199 28571 31227 I ReactNativeJS:   name: 'jai',
10-19 15:22:00.199 28571 31227 I ReactNativeJS:   created_at: '2025-09-12T17:52:54.786298+00:00',
10-19 15:22:00.199 28571 31227 I ReactNativeJS:   updated_at: '2025-10-19T09:26:02.217037+00:00',
10-19 15:22:00.199 28571 31227 I ReactNativeJS:   vehicles: 
10-19 15:22:00.199 28571 31227 I ReactNativeJS:    { id: '95c87077-b016-49de-a05b-dbfd5e383a1a',
10-19 15:22:00.199 28571 31227 I ReactNativeJS:      registration_number: 'KA 01025896',
10-19 15:22:00.199 28571 31227 I ReactNativeJS:      make: 'BMW',
10-19 15:22:00.199 28571 31227 I ReactNativeJS:      model: '450ld',
10-19 15:22:00.199 28571 31227 I ReactNativeJS:      year: 2024,
10-19 15:22:00.199 28571 31227 I ReactNativeJS:      color: 'black',
10-19 15:22:00.199 28571 31227 I ReactNativeJS:      vehicle_type: 'sedan',
10-19 15:22:00.199 28571 31227 I ReactNativeJS:      capacity: 4 },
10-19 15:22:00.199 28571 31227 I ReactNativeJS:   user: 
10-19 15:22:00.199 28571 31227 I ReactNativeJS:    { id: 'ae53a792-6aed-4186-823d-61c34c6defe2',
10-19 15:22:00.199 28571 31227 I ReactNativeJS:      email: 'jai@gmail.com',
10-19 15:22:00.199 28571 31227 I ReactNativeJS:      role: 'driver',
10-19 15:22:00.199 28571 31227 I ReactNativeJS:      full_name: 'jai',
10-19 15:22:00.199 28571 31227 I ReactNativeJS:      phone_number: '6985471230',
10-19 15:22:00.199 28571 31227 I ReactNativeJS:      avatar_url: null,
10-19 15:22:00.199 28571 31227 I ReactNativeJS:      is_active: true,
10-19 15:22:00.199 28571 31227 I ReactNativeJS:      created_at: '2025-09-12T17:52:54.109176+00:00',
10-19 15:22:00.199 28571 31227 I ReactNativeJS:      updated_at: '2025-09-12T17:52:54.109176+00:00' },
10-19 15:22:00.199 28571 31227 I ReactNativeJS:   vehicle: 
10-19 15:22:00.199 28571 31227 I ReactNativeJS:    { id: '95c87077-b016-49de-a05b-dbfd5e383a1a',
10-19 15:22:00.199 28571 31227 I ReactNativeJS:      registration_number: 'KA 01025896',
10-19 15:22:00.199 28571 31227 I ReactNativeJS:      make: 'BMW',
10-19 15:22:00.199 28571 31227 I ReactNativeJS:      model: '450ld',
10-19 15:22:00.199 28571 31227 I ReactNativeJS:      year: 2024,
10-19 15:22:00.199 28571 31227 I ReactNativeJS:      color: 'black',
10-19 15:22:00.199 28571 31227 I ReactNativeJS:      vehicle_type: 'sedan',
10-19 15:22:00.199 28571 31227 I ReactNativeJS:      capacity: 4 } }
10-19 15:22:00.199 28571 31227 I ReactNativeJS: No navigation needed - staying in current route
10-19 15:22:00.217 28571 31376 W ProxyAndroidLoggerBackend: Too many Flogger logs received before configuration. Dropping old logs.
10-19 15:22:00.372 21104 31946 I NearbyPresence: (REDACTED) %s verified [==] new request %s equals to the old request
10-19 15:22:00.665 21104 21188 W Settings: Setting airplane_mode_on has moved from android.provider.Settings.System to android.provider.Settings.Global, returning read-only value.
10-19 15:22:00.678 21104 31667 W SystemServiceRegistry: No service published for: wifirtt
10-19 15:22:00.967 28571 31227 I ReactNativeJS: === SIGN OUT BUTTON CLICKED ===
10-19 15:22:00.969 28571 28571 W WindowOnBackDispatcher: OnBackInvokedCallback is not enabled for the application.
10-19 15:22:00.969 28571 28571 W WindowOnBackDispatcher: Set 'android:enableOnBackInvokedCallback="true"' in the application manifest.
10-19 15:22:01.009 21104 21118 I WifiScanner: onFullResults
10-19 15:22:01.010 21104 22224 I WifiScanner: onFullResults
10-19 15:22:01.010 21104 21140 I WifiScanner: onFullResults
10-19 15:22:01.021 21104 31667 I FrewleTileCacheManagerV: (REDACTED) Fetched %d AP models from cache
10-19 15:22:01.043 21104 21184 I FusedLocation: (REDACTED) location delivery to %s blocked - too fast
10-19 15:22:01.043 21104 21184 I FusedLocation: (REDACTED) location delivery to %s blocked - too close
10-19 15:22:01.044 21104 21184 I FusedLocation: (REDACTED) location delivery to %s blocked - too close
10-19 15:22:01.044 21104 21184 I FusedLocation: (REDACTED) location delivery to %s blocked - too fast
10-19 15:22:01.044 21104 21184 I FusedLocation: (REDACTED) location delivery to %s blocked - too close
10-19 15:22:01.045 21104 21184 I fznc    : Received empty WiFi-RTT scan. [CONTEXT service_id=6 ]
10-19 15:22:01.163  5720  5734 D SQLiteQueryBuilder: SELECT _id, _data, _size, date_modified, bucket_id, orientation, datetaken FROM images WHERE ((((is_pending=0 AND NOT _modifier=4) OR (is_pending=1 AND lower(_data) NOT REGEXP '.*/\.pending-(\d+)-([^/]+)$' AND owner_package_name IN ( 'com.vivo.gallery' , 'com.vivo.widget.gallery' )))) AND (is_trashed=0) AND (volume_name IN ( 'external_primary' ))) AND (( bucket_id IN ( -1212198981, -1695567127, -53910322, -2140495773, 606811175, 1251957395, 1115488879, 1092149518, 390907738, -1694063856, -803954635, -1690180765, -1816304744, 911081060, -1291404494, -1285319851, -651554454, 151630153, 543621159, -2002206485, 73761835, -1760112825, -71543827, -302991967, -1227671927, -156420408, -1516374533, 1829735780, -1450708494, -506316380, -1341114264, 1114833418, 1152093397, -1733679058, -2131021710, -680697881, 2084439217, -2024679488, -1447456465, 700805465, 991906690, 1345966226, 657155968, 1266435012, -1966306697, -1897284014, -1949680778, 434583847, 990381004, -1526850504, -1612742889, -1273942824, -1004938028, 331203438, 708879003, 255899559, -528275350, -602893060, -1055518229, 545491069, -1716401999, 668104411, -1118657469, 1040014575, 849662899, -174887798, -1292465169, 1101584562, -613830029, -1577375515, -1628155945, -1033534650, -328196774, -2071947861, 805181138, -1104308479, 181789691, 619245019, 616142335, -1829889111, -1578944343, -1809455754, 1690766750, -793566743, 272894235, -435605656, -1858432929, -792464988, -434569360, -1462931038, -879973635, 65759896, -924335728, -1809287853, 1755148769, -223571158, 2126348076, 48382832, 700217390, 630412299, 183872366, 1059985074, -1806957104, -1641691205, -571335571, 1519174419, 1036004452, -2031220924, -1537104433, 1829930144, -745596364, -8122821, 1366741172, 1548299660, 1674287630, -1535937100, 13148420, 1909659649, 264986155, -9482612, 13005089, -2089205090, -1022498075, -919133986, -884178250, -1422443828, -670014994, -2121027476, 2020100714, 489993, 448544941, -2101462868, -261299595, 1172023232, 1278178828, -607125002, -856420653, -1973993346, 1498690426, -1527464249, -1945110980, 395625896, 1909316592, 569711560, -1686988495, 1763470175, -1488038648, 2113906615, -550734493, 85651275, -1964037955, 428383196, -1949793892, 1136101865, 2018234913, -18391924, 1490911920, -884178653, -1170470833, -1215953411, 1077477957, -1198914825, 1461775709, -643464410, 1900774339, 1272506704, -485246563, 1960476238, -1291404897, -1950041765, 1664549270, 2070856141, 1220790880, 359301071, 278762032, 470519460, -924530092, -1382559966, 904275793, 1298630565, 1186223222, -519179321, 232691476, -1684913851, -750954006, 83641895, 1145800364, -2012790048, 1286776387, 397907126, 1330064451, -1804177550, -1809174739, 174397812, 2043613916, -675937132, 1736146008, -1702973091, -1184968074, 1502601919, 1574223589, 445258174, -1682700158, -351293385, 638217523, 2052700512, 949947357, -1318309340, 616722321, -1406249091, 656868479, -402361508, -1410236246, -1193446467, -1415689986, -1935708161, 1786892787, -2041971395, -1087402833, -1809045590, 658433208, 1208185747, 761624307, 250774884, 12344107, -1415495622, 35166595, -175675851, 912551383, -1432612566, 39258592, -131644514, -1950760957, -1022555983, -1656404229, -731336746, 1106324018, 1962141495, -643270046, 133162019, -2075879543, 945165185, -1572118126, 1746875333, -2129001792, -1739773001, -214169408, 1354535744, -1551292529, 581197485, 1732723533, 1456888538, -1448813142, 13311172, -1569520032, -1527994117, 348164313, 1631149349, -242606674, -1914187326, -1445556762, 211087524, -219150656, -1422672119, -1530754818, -1171388910, -2072752055, -1325148867, 361712075, -1730634595, -340891674, 1407102871, 53870456, -508660256, 2028258487, -815228101, -1694937425, -519178918, 1561178453, -1131671344, 1431320847, 2046578077, -781677303, 1291266200, 848578299, -1972390376, -978314959, -1319727662, 943502520, 1028125135, -175466238, 1195992005, 1920382715, 2108277051, 443703009, 675671268, 263662367, -347572232, 183545411, 1450478273, -1879659704, 1957916785, 1976953110, -1157253172, -1407948598, 
10-19 15:22:01.497 21104 21184 I FusedLocation: (REDACTED) location delivery to %s blocked - too fast
10-19 15:22:01.497 21104 21184 I FusedLocation: (REDACTED) location delivery to %s blocked - too close
10-19 15:22:01.498 21104 21184 I FusedLocation: (REDACTED) location delivery to %s blocked - too fast
10-19 15:22:01.498 21104 21184 I FusedLocation: (REDACTED) location delivery to %s blocked - too fast
10-19 15:22:01.498 21104 21184 I FusedLocation: (REDACTED) location delivery to %s blocked - too close
10-19 15:22:01.499 21104 21184 I FusedLocation: (REDACTED) location delivery to %s blocked - too fast
10-19 15:22:01.499 21104 21184 I FusedLocation: (REDACTED) location delivery to %s blocked - too fast
10-19 15:22:01.500 21104 21184 I FusedLocation: (REDACTED) location delivery to %s blocked - too close
10-19 15:22:01.552 28571 31227 I ReactNativeJS:  Auto-refreshing rides (2-second interval)...
10-19 15:22:01.552 28571 31227 I ReactNativeJS: === LOADING RIDES ===
10-19 15:22:01.552 28571 31227 I ReactNativeJS: 'Driver ID:', '76b66a88-dff9-4965-9e36-8a92023f155d'
10-19 15:22:01.553 28571 31227 I ReactNativeJS: 'Driver User ID:', 'ae53a792-6aed-4186-823d-61c34c6defe2'
10-19 15:22:01.581 28571 31227 I ReactNativeJS:  Loading current ride...
10-19 15:22:01.583 28571 31227 I ReactNativeJS: === RIDES SCREEN STATE DEBUG ===
10-19 15:22:01.583 28571 31227 I ReactNativeJS:  Component state updated:
10-19 15:22:01.583 28571 31227 I ReactNativeJS: '  - Current ride:', { id: '9af31e93-dea1-44d0-ba28-80396f18e004',
10-19 15:22:01.583 28571 31227 I ReactNativeJS:   status: 'in_progress',
10-19 15:22:01.583 28571 31227 I ReactNativeJS:   pickup: 'PRXJ+F32, Brindavan Nagar, Plot 87, NGGO\'s Colony, Anand Nagar, Hosur, Tamil Nadu 635109, India',
10-19 15:22:01.583 28571 31227 I ReactNativeJS:   destination: 'Anthivadi Stadium, SBM Colony, Anthivadi, Hosur, Tamil Nadu, India' }
10-19 15:22:01.583 28571 31227 I ReactNativeJS: '  - Pending rides count:', 0
10-19 15:22:01.583 28571 31227 I ReactNativeJS: '  - Driver status:', 'online'
10-19 15:22:01.583 28571 31227 I ReactNativeJS: '  - Loading:', true
10-19 15:22:01.583 28571 31227 I ReactNativeJS: '  - Error:', null
10-19 15:22:01.583 28571 31227 I ReactNativeJS: '  - Show modal:', false
10-19 15:22:01.583 28571 31227 I ReactNativeJS: '  - Timestamp:', '2025-10-19T09:52:01.583Z'
10-19 15:22:01.583 28571 31227 I ReactNativeJS:  CURRENT RIDE EXISTS - should be visible in UI
10-19 15:22:01.865 28571 31227 I ReactNativeJS: ' Current ride loaded:', { id: '9af31e93-dea1-44d0-ba28-80396f18e004',
10-19 15:22:01.865 28571 31227 I ReactNativeJS:   status: 'in_progress',
10-19 15:22:01.865 28571 31227 I ReactNativeJS:   pickup: 'PRXJ+F32, Brindavan Nagar, Plot 87, NGGO\'s Colony, Anand Nagar, Hosur, Tamil Nadu 635109, India',
10-19 15:22:01.865 28571 31227 I ReactNativeJS:   destination: 'Anthivadi Stadium, SBM Colony, Anthivadi, Hosur, Tamil Nadu, India',
10-19 15:22:01.865 28571 31227 I ReactNativeJS:   customer: 
10-19 15:22:01.865 28571 31227 I ReactNativeJS:    { id: '10c9aa9e-6cb4-45e5-b9d3-682bc1a9bd11',
10-19 15:22:01.865 28571 31227 I ReactNativeJS:      full_name: 'Jaishankar',
10-19 15:22:01.865 28571 31227 I ReactNativeJS:      phone_number: null,
10-19 15:22:01.865 28571 31227 I ReactNativeJS:      email: '+919597230958@phone.a1taxi.local' } }
10-19 15:22:01.865 28571 31227 I ReactNativeJS:  Driver has current ride - not loading pending ride requests
10-19 15:22:01.866 28571 31227 I ReactNativeJS: === RIDES SCREEN STATE DEBUG ===
10-19 15:22:01.866 28571 31227 I ReactNativeJS:  Component state updated:
10-19 15:22:01.866 28571 31227 I ReactNativeJS: '  - Current ride:', { id: '9af31e93-dea1-44d0-ba28-80396f18e004',
10-19 15:22:01.866 28571 31227 I ReactNativeJS:   status: 'in_progress',
