10-29 15:29:31.280 18285 18285 I HardKeyTracker: HardKeyTracker.unregisterKeySequence():221 Unregister key sequence njr{labelResId=2132020521, callback=cif@1d692cc, lastModifier=2, keyCodes=[48], actions=[0]}
10-29 15:29:31.280 18285 18285 I HardKeyTracker: HardKeyTracker.registerKeySequence():170 Register key sequence njr{labelResId=2132020521, callback=cif@bc25362, lastModifier=2, keyCodes=[48], actions=[0]}
10-29 15:29:31.281 18285 18285 I HardKeyTracker: HardKeyTracker.unregisterKeySequence():221 Unregister key sequence njr{labelResId=2132020521, callback=cif@eded915, lastModifier=2, keyCodes=[48], actions=[0]}
10-29 15:29:31.281 18285 18285 I HardKeyTracker: HardKeyTracker.registerKeySequence():170 Register key sequence njr{labelResId=2132020521, callback=cif@6f18cf3, lastModifier=2, keyCodes=[48], actions=[0]}
10-29 15:29:31.281 18285 18285 I HardKeyTracker: HardKeyTracker.unregisterKeySequence():221 Unregister key sequence njr{labelResId=2132020517, callback=cif@d60f191, lastModifier=2, keyCodes=[56], actions=[0]}
10-29 15:29:31.281 18285 18285 I HardKeyTracker: HardKeyTracker.unregisterKeySequence():221 Unregister key sequence njr{labelResId=2132020517, callback=cif@30738f6, lastModifier=0, keyCodes=[317], actions=[0]}
10-29 15:29:31.281 18285 18285 I HardKeyTracker: HardKeyTracker.registerKeySequence():170 Register key sequence njr{labelResId=2132020517, callback=cif@4bd3db0, lastModifier=2, keyCodes=[56], actions=[0]}
10-29 15:29:31.281 18285 18285 I HardKeyTracker: HardKeyTracker.registerKeySequence():170 Register key sequence njr{labelResId=2132020517, callback=cif@37f1429, lastModifier=0, keyCodes=[317], actions=[0]}
10-29 15:29:31.282 18285 18285 I HardKeyTracker: HardKeyTracker.unregisterKeySequence():221 Unregister key sequence njr{labelResId=2132020522, callback=cif@1c26f64, lastModifier=2, keyCodes=[32], actions=[0]}
10-29 15:29:31.282 18285 18285 I HardKeyTracker: HardKeyTracker.registerKeySequence():170 Register key sequence njr{labelResId=2132020522, callback=cif@90e054f, lastModifier=2, keyCodes=[32], actions=[0]}
10-29 15:29:31.283 18285 18285 I HardKeyTracker: HardKeyTracker.unregisterKeySequence():221 Unregister key sequence njr{labelResId=2132020522, callback=cif@20870ce, lastModifier=2, keyCodes=[32], actions=[0]}
10-29 15:29:31.283 18285 18285 I HardKeyTracker: HardKeyTracker.registerKeySequence():170 Register key sequence njr{labelResId=2132020522, callback=cif@7869374, lastModifier=2, keyCodes=[32], actions=[0]}
10-29 15:29:31.296 18285 18285 I KeyboardModeUtils: KeyboardModeUtils.getKeyboardBottomOffset():435 inch: 0.000000 ydpi: 387.429993 adjustKeyboardBottomByDisplaySize: false currentDensityDpi: 440 defaultDensityDpi: 440 keyboardBottomToScreenPx: 0 keyboardBottomToNavBarPx: -116 navBarHeight: 116
10-29 15:29:31.296 18285 18285 I KeyboardHeightUtil: KeyboardHeightUtil.calculateMaxKeyboardBodyHeight():50 leave 267 height for app when ime window height:2171, header height:121 and isFullscreenMode:false, so the max keyboard body height is:1783
10-29 15:29:31.297 18285 18285 I KeyboardHeightUtil: KeyboardHeightUtil.calculateMaxKeyboardBodyHeight():50 leave 267 height for app when ime window height:2171, header height:121 and isFullscreenMode:false, so the max keyboard body height is:1783
10-29 15:29:31.297 18285 18285 I AndroidIME: KeyboardViewManager.updateKeyboardBodyViewHolderPaddingBottom():472 Set finalPaddingBottom = 5 while holderPaddingBottom = 5; navigationHeight = 116
10-29 15:29:31.297 18285 18285 I WindowMetricsNotification: WindowMetricsNotification.notifyWithWindow():166 
10-29 15:29:31.297 18285 18285 I WindowMetricsNotification: WindowMetricsNotification.notify():159 pjl[bounds=Rect(0, 105 - 1080, 2392), insets=Rect(0, 0 - 0, 116), densityDpi=440, smallestScreenWidthDp=393, displayWidth=1080, displayHeight=2392, xdpi=387.43, ydpi=387.43, isTrustable=true, displayId=0]; DisplayMetrics{density=2.75, width=1080, height=2392, scaledDensity=2.75, xdpi=387.43, ydpi=387.43}
10-29 15:29:31.314 18285 18285 I GoogleInputMethodService: GoogleInputMethodService$1.onKeyboardViewShown():326 onKeyboardViewShown: keyboardType=prime, keyboardViewType=HEADER keyboardView=com.google.android.libraries.inputmethod.widgets.SoftKeyboardView{f77e7db V.E...... ........ 0,0-1080,121}
10-29 15:29:31.314 18285 18285 I KeyboardHeightUtil: KeyboardHeightUtil.calculateMaxKeyboardBodyHeight():50 leave 267 height for app when ime window height:2171, header height:121 and isFullscreenMode:false, so the max keyboard body height is:1783
10-29 15:29:31.315 18285 18285 I GoogleInputMethodService: GoogleInputMethodService$1.onKeyboardViewShown():326 onKeyboardViewShown: keyboardType=prime, keyboardViewType=BODY keyboardView=com.google.android.libraries.inputmethod.widgets.SoftKeyboardView{7630303 V.E...... ........ 0,0-1080,693}
10-29 15:29:31.315 18285 18285 I KeyboardHeightUtil: KeyboardHeightUtil.calculateMaxKeyboardBodyHeight():50 leave 267 height for app when ime window height:2171, header height:121 and isFullscreenMode:false, so the max keyboard body height is:1783
10-29 15:29:31.315 18285 18285 I GlobeKeyExtension: GlobeKeyExtension$1.onKeyboardViewShown():72 maybeDisableLanguageSwitchKeyPref when the keyboard is shown
10-29 15:29:31.315 18285 18285 I GlobeKeyExtension: GlobeKeyExtension.maybeDisableLanguageSwitchKeyPref():200 maybeDisableLanguageSwitchKeyPref hasGlobeKeyBeenDisabled: false, shouldDisableLanguageSwitchKey: false
10-29 15:29:31.315 18285 18285 I NewLanguagePromptExtension: NewLanguagePromptExtension$1.onKeyboardViewShown():88 Not show new language banner: not prime keyboard, or the extension not activated.
10-29 15:29:31.320 18285 18285 I ProactiveSuggestionsHolderManager: ProactiveSuggestionsHolderManager$2.display():199 Requesting to show proactive suggestions: AUTO_FILL PREEMPTIVE_WITH_SUPPRESSION
10-29 15:29:31.333 18285 18285 I KeyboardModeUtils: KeyboardModeUtils.getKeyboardBottomOffset():435 inch: 0.000000 ydpi: 387.429993 adjustKeyboardBottomByDisplaySize: false currentDensityDpi: 440 defaultDensityDpi: 440 keyboardBottomToScreenPx: 0 keyboardBottomToNavBarPx: -116 navBarHeight: 116
10-29 15:29:31.333 18285 18285 I KeyboardHeightUtil: KeyboardHeightUtil.calculateMaxKeyboardBodyHeight():50 leave 267 height for app when ime window height:2171, header height:121 and isFullscreenMode:false, so the max keyboard body height is:1783
10-29 15:29:31.333 18285 18285 I KeyboardHeightUtil: KeyboardHeightUtil.calculateMaxKeyboardBodyHeight():50 leave 267 height for app when ime window height:2171, header height:121 and isFullscreenMode:false, so the max keyboard body height is:1783
10-29 15:29:31.333 18285 18285 I AndroidIME: KeyboardViewManager.updateKeyboardBodyViewHolderPaddingBottom():472 Set finalPaddingBottom = 5 while holderPaddingBottom = 5; navigationHeight = 116
10-29 15:29:32.033 18285 18285 W TooltipLifecycleManager: TooltipLifecycleManager.dismissTooltips():153 Tooltip with id SUGGESTION_VIEW_EDU_MINI_DIALOG not found in tooltipManager.
10-29 15:29:32.040 18285 19390 E BufferQueueProducer: [SurfaceView[InputMethod]#1290(BLAST Consumer)1290](id:476d0000050a,api:0,p:-1,c:18285) disconnect: not connected (req=1)
10-29 15:29:32.040 18285 19390 W libEGL  : EGLNativeWindowType 0xb4000077e00f3b40 disconnect failed
10-29 15:29:32.042 18285 18285 W TooltipLifecycleManager: TooltipLifecycleManager.dismissTooltips():153 Tooltip with id SUGGESTION_VIEW_EDU_MINI_DIALOG not found in tooltipManager.
10-29 15:29:32.047 18285 18285 I KeyboardModeUtils: KeyboardModeUtils.getKeyboardBottomOffset():435 inch: 0.000000 ydpi: 387.429993 adjustKeyboardBottomByDisplaySize: false currentDensityDpi: 440 defaultDensityDpi: 440 keyboardBottomToScreenPx: 0 keyboardBottomToNavBarPx: -116 navBarHeight: 116
10-29 15:29:32.047 18285 18285 I KeyboardHeightUtil: KeyboardHeightUtil.calculateMaxKeyboardBodyHeight():50 leave 267 height for app when ime window height:2171, header height:121 and isFullscreenMode:false, so the max keyboard body height is:1783
10-29 15:29:32.047 18285 18285 I KeyboardHeightUtil: KeyboardHeightUtil.calculateMaxKeyboardBodyHeight():50 leave 267 height for app when ime window height:2171, header height:121 and isFullscreenMode:false, so the max keyboard body height is:1783
10-29 15:29:32.047 18285 18285 I AndroidIME: KeyboardViewManager.updateKeyboardBodyViewHolderPaddingBottom():472 Set finalPaddingBottom = 5 while holderPaddingBottom = 5; navigationHeight = 116
10-29 15:29:32.053 18285 18285 W TooltipLifecycleManager: TooltipLifecycleManager.dismissTooltips():153 Tooltip with id SUGGESTION_VIEW_EDU_MINI_DIALOG not found in tooltipManager.
10-29 15:29:32.102 18285 18285 E BufferQueueProducer: [SurfaceView[InputMethod]#1289(BLAST Consumer)1289](id:476d00000509,api:0,p:-1,c:18285) disconnect: not connected (req=2)
10-29 15:29:32.105 18285 18285 I KeyboardModeUtils: KeyboardModeUtils.getKeyboardBottomOffset():435 inch: 0.000000 ydpi: 387.429993 adjustKeyboardBottomByDisplaySize: false currentDensityDpi: 440 defaultDensityDpi: 440 keyboardBottomToScreenPx: 0 keyboardBottomToNavBarPx: -116 navBarHeight: 116
10-29 15:29:32.106 18285 18285 I KeyboardHeightUtil: KeyboardHeightUtil.calculateMaxKeyboardBodyHeight():50 leave 267 height for app when ime window height:2171, header height:121 and isFullscreenMode:false, so the max keyboard body height is:1783
10-29 15:29:32.106 18285 18285 I KeyboardHeightUtil: KeyboardHeightUtil.calculateMaxKeyboardBodyHeight():50 leave 267 height for app when ime window height:2171, header height:121 and isFullscreenMode:false, so the max keyboard body height is:1783
10-29 15:29:32.106 18285 18285 I AndroidIME: KeyboardViewManager.updateKeyboardBodyViewHolderPaddingBottom():472 Set finalPaddingBottom = 5 while holderPaddingBottom = 5; navigationHeight = 116
10-29 15:29:32.205 18285 18285 I KeyboardModeUtils: KeyboardModeUtils.getKeyboardBottomOffset():435 inch: 0.000000 ydpi: 387.429993 adjustKeyboardBottomByDisplaySize: false currentDensityDpi: 440 defaultDensityDpi: 440 keyboardBottomToScreenPx: 0 keyboardBottomToNavBarPx: -116 navBarHeight: 116
10-29 15:29:32.206 18285 18285 I KeyboardHeightUtil: KeyboardHeightUtil.calculateMaxKeyboardBodyHeight():50 leave 267 height for app when ime window height:2171, header height:121 and isFullscreenMode:false, so the max keyboard body height is:1783
10-29 15:29:32.206 18285 18285 I KeyboardHeightUtil: KeyboardHeightUtil.calculateMaxKeyboardBodyHeight():50 leave 267 height for app when ime window height:2171, header height:121 and isFullscreenMode:false, so the max keyboard body height is:1783
10-29 15:29:32.206 18285 18285 I AndroidIME: KeyboardViewManager.updateKeyboardBodyViewHolderPaddingBottom():472 Set finalPaddingBottom = 5 while holderPaddingBottom = 5; navigationHeight = 116
10-29 15:29:32.233 18285 18285 W TooltipLifecycleManager: TooltipLifecycleManager.dismissTooltips():153 Tooltip with id SUGGESTION_VIEW_EDU_MINI_DIALOG not found in tooltipManager.
10-29 15:29:32.342 18285 18285 W TooltipLifecycleManager: TooltipLifecycleManager.dismissTooltips():153 Tooltip with id SUGGESTION_VIEW_EDU_MINI_DIALOG not found in tooltipManager.
10-29 15:29:32.412 27267 27267 W ratelimit: Single process limit 50/s drop 273 lines.
10-29 15:29:32.412 27267 27267 I Finsky  : [2] SCH: job service start with id 9493.
10-29 15:29:32.418 27267 30211 I Finsky  : [87348] SCH: Satisfied jobs for 9493 are: 12-1
10-29 15:29:32.418 27267 30269 I Finsky  : [87358] SCH: Job 12-1 starting
10-29 15:29:32.419 27267 27267 I Finsky  : [2] WM::SCH: Logging work start for 12-1
10-29 15:29:32.419 27267 27267 I Finsky  : [2] [ContentSync] job started
10-29 15:29:32.444 18285 18285 W TooltipLifecycleManager: TooltipLifecycleManager.dismissTooltips():153 Tooltip with id SUGGESTION_VIEW_EDU_MINI_DIALOG not found in tooltipManager.
10-29 15:29:32.509 27406 27410 I artd    : GetBestInfo: odex next to the dex file (/data/app/~~5ybshJKYUvksROvwNxssDQ==/com.vivo.appstore-7bNjuXndod6NKK593CMREw==/oat/arm64/base.odex) is kOatUpToDate with filter 'speed-profile' executable 'false'
10-29 15:29:32.527 27406 27410 I artd    : GetBestInfo: odex next to the dex file (/data/app/~~FLMfSzmcyYW75wvh396UaQ==/com.google.ar.core-DzNInT1uDd77WN2m6Fr5wg==/oat/arm64/base.odex) is kOatUpToDate with filter 'speed-profile' executable 'false'
10-29 15:29:32.555 27406 27407 I artd    : GetBestInfo: odex next to the dex file (/data/app/~~_ZVnTBPDUpQKDoFIFFPHxA==/com.phonepe.app-xBlV51S0xTWrKI9W5bAjHA==/oat/arm64/base.odex) is kOatUpToDate with filter 'speed-profile' executable 'false'
10-29 15:29:32.556 27406 27407 W artd    : Could not get dex checksums for location /data/app/~~tl7eoycRo2zmHYN1i45o-w==/com.phonepe.app-N45ZTaHK4121gD9SaT9IFQ==/base.apk, fd=-1
10-29 15:29:32.566 27406 27407 W artd    : Could not get dex checksums for location /data/app/~~DHfW4q7e5qXjvPuw0MCAGw==/com.phonepe.app-fDpjo7crhTIfYe-kp8YWJw==/base.apk, fd=-1
10-29 15:29:32.607 27406 27407 I artd    : GetBestInfo: odex next to the dex file (/data/app/~~l_0uDKB6_UWu8YA-E_71Tg==/com.google.android.partnersetup-vjJAOCsDJsbKyzc2L34t9g==/oat/arm64/base.odex) is kOatUpToDate with filter 'speed-profile' executable 'false'
10-29 15:29:32.644 27406 27410 I artd    : GetBestInfo: odex next to the dex file (/data/app/~~y4CrFMhidAJ49ymmBqhdaQ==/com.google.android.as-gVCw9gPzycl-w84YfxohHQ==/oat/arm64/base.odex) is kOatUpToDate with filter 'speed-profile' executable 'false'
10-29 15:29:32.664 27406 27410 I artd    : GetBestInfo: odex next to the dex file (/data/app/~~J4fLUkREgYXTgS-Wq6TujA==/com.google.android.tts-hTPtYbwKoIkTlThjZ0oZxA==/oat/arm64/base.odex) is kOatUpToDate with filter 'speed-profile' executable 'false'
10-29 15:29:32.695 27406 27407 I artd    : GetBestInfo: odex next to the dex file (/data/app/~~HTqKy6bHAiW7NeMhqs9M6g==/com.application.zomato-lmUjdWmjIKDH7EQ9DOXmOA==/oat/arm64/base.odex) is kOatUpToDate with filter 'speed-profile' executable 'false'
10-29 15:29:32.703 27406 27410 I artd    : GetBestInfo: vdex next to the dex file (/data/user/0/com.application.zomato/app_pccache/5/E47C86B2C77009FBA9F0C961D11E60B330CFF68E/oat/arm64/pcam.vdex) is kOatUpToDate with filter 'verify' executable 'false'
10-29 15:29:32.710 27406 27410 I artd    : GetBestInfo: vdex next to the dex file (/data/user/0/com.application.zomato/app_pccache/5/A676523B3E46DAB04C3DAC7B4C5781491E6DC27A/oat/arm64/pcam.vdex) is kOatUpToDate with filter 'verify' executable 'false'
10-29 15:29:32.726 27267 27267 W Finsky  : [2] STU: Failed to get storage stats for package 'com.google.mainline.primary.libs' (1601: Error getting stats: android.content.pm.PackageManager.NameNotFoundException)
10-29 15:29:32.762 27406 27410 I artd    : GetBestInfo: vdex next to the dex file (/data/app/~~7uxfUxSWL7lAMOS_qHEpAQ==/com.atomczak.notepat-F2VpsyiD0Co03n-eVHyS-Q==/oat/arm64/base.vdex) is kOatUpToDate with filter 'verify' executable 'false'
10-29 15:29:32.792 27267 27267 W Finsky  : [2] STU: Failed to get storage stats for package 'com.google.android.widevine.nonupdatable' (1601: Error getting stats: android.content.pm.PackageManager.NameNotFoundException)
10-29 15:29:32.831 27406 27407 I artd    : GetBestInfo: vdex next to the dex file (/data/app/~~JBTJJxvh649OGLzNHuViOA==/com.blockchainvault-nObcjYwSiSFKKtZiJVMx4A==/oat/arm64/base.vdex) is kOatUpToDate with filter 'verify' executable 'false'
10-29 15:29:32.909 27406 27407 I artd    : GetBestInfo: odex next to the dex file (/data/app/~~zsyRtitXdRWLQ4PLVD9ScQ==/com.meesho.supply-s-b-UQ1gQicH-DXs6UHICw==/oat/arm64/base.odex) is kOatUpToDate with filter 'speed-profile' executable 'false'
10-29 15:29:32.917 27267 27267 W Finsky  : [2] STU: Failed to get storage stats for package 'com.google.android.devicelock' (1601: Error getting stats: android.content.pm.PackageManager.NameNotFoundException)
10-29 15:29:32.928 27406 27410 I artd    : GetBestInfo: odex next to the dex file (/data/app/~~CsXstPgY-rA7SBuIKr2PGQ==/com.vivo.pushservice-21nxuqrG2Qtd-zRFpLIC4A==/oat/arm64/base.odex) is kOatUpToDate with filter 'speed-profile' executable 'false'
10-29 15:29:32.960 27406 27410 I artd    : GetBestInfo: odex next to the dex file (/data/app/~~5hcapSwI-u2Km87U7Omqcg==/com.google.android.apps.youtube.music-oQdRQ5KlInG3qtKHdzebRQ==/oat/arm64/base.odex) is kOatUpToDate with filter 'speed-profile' executable 'false'
10-29 15:29:32.977 27406 27407 I artd    : GetBestInfo: dm (/data/app/~~P02Bk9qNcV1Y83S_-Q3XDA==/com.taxina-nd4Nbu1hwRq4T2Ctm8S0_Q==/base.dm) is kOatUpToDate with filter 'verify' executable 'false'
10-29 15:29:33.008 27406 27410 I artd    : GetBestInfo: odex next to the dex file (/data/app/~~AwsW0zcQtlZCSD0b27dibA==/com.google.android.webview-gTT5aDv0Cm2uFNaVAndeGA==/oat/arm64/base.odex) is kOatUpToDate with filter 'speed-profile' executable 'false'
10-29 15:29:33.042 27406 27410 I artd    : GetBestInfo: odex next to the dex file (/data/app/~~2LVD3cXI_CsiUy21UCwarg==/recorder.screenrecorder.videoeditor-HPew1soKVnxmEYf2AR6rzg==/oat/arm64/base.odex) is kOatUpToDate with filter 'speed-profile' executable 'false'
10-29 15:29:33.047 27406 27407 I artd    : GetBestInfo: vdex next to the dex file (/data/user/0/recorder.screenrecorder.videoeditor/app_pccache/5/A676523B3E46DAB04C3DAC7B4C5781491E6DC27A/oat/arm64/pcam.vdex) is kOatUpToDate with filter 'verify' executable 'false'
10-29 15:29:33.066 27406 27407 I artd    : GetBestInfo: odex next to the dex file (/data/preload/com.google.android.apps.docs.editors.docs/oat/arm64/EditorsDocs.odex) is kOatCannotOpen: In oat file '/data/preload/com.google.android.apps.docs.editors.docs/oat/arm64/EditorsDocs.odex': invalid oat header: Invalid oat version, expected 0x32353900, got 0x32353700.
10-29 15:29:33.074 27406 27407 I artd    : GetBestInfo: vdex next to the dex file (/data/preload/com.google.android.apps.docs.editors.docs/oat/arm64/EditorsDocs.vdex) is kOatUpToDate with filter 'verify' executable 'false'
10-29 15:29:33.083 27267 27267 W Finsky  : [2] STU: Failed to get storage stats for package 'com.android.apex.cts.shim' (1601: Error getting stats: android.content.pm.PackageManager.NameNotFoundException)
10-29 15:29:33.103 27406 27407 I artd    : GetBestInfo: vdex next to the dex file (/data/app/~~KgE9HbnByLOv1uv9I67nHA==/com.microsoft.office.excel-Md9DT4sOCcyImNgQ8BsZRw==/oat/arm64/base.vdex) is kOatUpToDate with filter 'verify' executable 'false'
10-29 15:29:33.135 27406 27410 I artd    : GetBestInfo: odex next to the dex file (/data/app/~~esJuOea01htCDTblbZr68w==/com.openai.chatgpt-PM8IifxyiR_LI6SZrZ0ngg==/oat/arm64/base.odex) is kOatUpToDate with filter 'speed-profile' executable 'false'
10-29 15:29:33.152 27406 27410 I artd    : GetBestInfo: odex next to the dex file (/data/app/~~u0L_iPbyIB3XsZYe8i_prQ==/com.google.android.apps.docs-aNrxo-9eO6IyrHNxBr-Sxw==/oat/arm64/base.odex) is kOatUpToDate with filter 'speed-profile' executable 'false'
10-29 15:29:33.179 18285 18285 W TooltipLifecycleManager: TooltipLifecycleManager.dismissTooltips():153 Tooltip with id SUGGESTION_VIEW_EDU_MINI_DIALOG not found in tooltipManager.
10-29 15:29:33.196 27406 27407 I artd    : GetBestInfo: odex next to the dex file (/data/preload/com.spotify.music/oat/arm64/Spotify.odex) is kOatUpToDate with filter 'speed-profile' executable 'false'
10-29 15:29:33.206 27267 27267 W Finsky  : [2] STU: Failed to get storage stats for package 'com.google.android.appsearch' (1601: Error getting stats: android.content.pm.PackageManager.NameNotFoundException)
10-29 15:29:33.221 27406 27407 I artd    : GetBestInfo: odex next to the dex file (/data/app/~~E9kqu19F2cWfoZ6ffnz_YQ==/im.thebot.messenger-gCgsnVj1WTJDuwuzVoNYzw==/oat/arm64/base.odex) is kOatUpToDate with filter 'speed-profile' executable 'false'
10-29 15:29:33.236 27406 27410 I artd    : GetBestInfo: odex next to the dex file (/data/app/~~K3d4aB6DPudECemQf9xtlw==/com.google.android.videos-X0DzpZRNZtWb3db8movyNQ==/oat/arm64/base.odex) is kOatUpToDate with filter 'speed-profile' executable 'false'
10-29 15:29:33.242 27267 27267 W Finsky  : [2] STU: Failed to get storage stats for package 'com.google.android.art' (1601: Error getting stats: android.content.pm.PackageManager.NameNotFoundException)
10-29 15:29:33.250 27406 27410 I artd    : GetBestInfo: odex next to the dex file (/data/app/~~tjUHdH9t3ij7DHZcdjyJgw==/com.google.android.marvin.talkback-qqjtEesVJvovE6iKe4jL0g==/oat/arm64/base.odex) is kOatUpToDate with filter 'speed-profile' executable 'false'
10-29 15:29:33.265 27406 27407 I artd    : GetBestInfo: odex next to the dex file (/data/app/~~oD3EpJxL_F5c5v1r7hgEsg==/net.skyscanner.android.main-0XrsnutNXsJbybWKw1RyhA==/oat/arm64/base.odex) is kOatUpToDate with filter 'speed-profile' executable 'false'
10-29 15:29:33.282 27406 27410 I artd    : GetBestInfo: odex next to the dex file (/data/app/~~F4Ux7VwQFuWpeVaJti-lnA==/net.one97.paytm-PgGUx_znWm6RLB8xR6Ee4g==/oat/arm64/base.odex) is kOatUpToDate with filter 'speed-profile' executable 'false'
10-29 15:29:33.288 27406 27410 I artd    : GetBestInfo: dm (/data/app/~~F4Ux7VwQFuWpeVaJti-lnA==/net.one97.paytm-PgGUx_znWm6RLB8xR6Ee4g==/split_flight_dynamic.dm) is kOatUpToDate with filter 'verify' executable 'false'
10-29 15:29:33.291 27406 27410 I artd    : GetBestInfo: dm (/data/app/~~F4Ux7VwQFuWpeVaJti-lnA==/net.one97.paytm-PgGUx_znWm6RLB8xR6Ee4g==/split_movie.dm) is kOatUpToDate with filter 'verify' executable 'false'
10-29 15:29:33.319 27406 27407 I artd    : GetBestInfo: odex next to the dex file (/data/app/~~lC7cqedI0sPPZWDLpYIDtg==/com.whatsapp-Y5U36RhcmpqEygtI9HSDwA==/oat/arm64/base.odex) is kOatUpToDate with filter 'speed-profile' executable 'false'
10-29 15:29:33.334 27406 27407 I artd    : GetBestInfo: odex in dalvik-cache (/data/dalvik-cache/arm64/data@app@~~P6EtfvkhrLgxXubiq-YBxg==@in.juspay.nammayatri-hMHUPHe31deYbJOzJkkNIg==@base.apk@classes.dex) is kOatUpToDate with filter 'speed-profile' executable 'false'
10-29 15:29:33.372 27406 27407 I artd    : GetBestInfo: odex next to the dex file (/data/app/~~HYdmWQjpbaNwak0jdtPb9g==/com.google.android.safetycore-UjcBk7GbP5EdlVr_YzzuZA==/oat/arm64/base.odex) is kOatUpToDate with filter 'speed-profile' executable 'false'
10-29 15:29:33.395 27267 27267 W Finsky  : [2] STU: Failed to get storage stats for package 'com.google.android.mediaprovider' (1601: Error getting stats: android.content.pm.PackageManager.NameNotFoundException)
10-29 15:29:33.412 27267 27267 W Finsky  : [2] STU: Failed to get storage stats for package 'com.android.virt' (1601: Error getting stats: android.content.pm.PackageManager.NameNotFoundException)
10-29 15:29:33.413 27267 27267 W Finsky  : [2] STU: Failed to get storage stats for package 'com.android.btservices' (1601: Error getting stats: android.content.pm.PackageManager.NameNotFoundException)
10-29 15:29:33.426 27406 27407 I artd    : GetBestInfo: odex next to the dex file (/data/preload/com.google.android.apps.docs.editors.slides/oat/arm64/EditorsSlides.odex) is kOatCannotOpen: In oat file '/data/preload/com.google.android.apps.docs.editors.slides/oat/arm64/EditorsSlides.odex': invalid oat header: Invalid oat version, expected 0x32353900, got 0x32353700.
10-29 15:29:33.433 27406 27407 I artd    : GetBestInfo: vdex next to the dex file (/data/preload/com.google.android.apps.docs.editors.slides/oat/arm64/EditorsSlides.vdex) is kOatUpToDate with filter 'verify' executable 'false'
10-29 15:29:33.445 27267 27267 W Finsky  : [2] STU: Failed to get storage stats for package 'com.google.android.resolv' (1601: Error getting stats: android.content.pm.PackageManager.NameNotFoundException)
10-29 15:29:33.455 27406 27410 I artd    : GetBestInfo: odex next to the dex file (/data/app/~~WYy28ZNfgaU7rHLk4yk1jQ==/com.google.android.apps.nbu.paisa.user-uMpBr3Q4YPiiFsCZAHjS1w==/oat/arm64/base.odex) is kOatUpToDate with filter 'speed-profile' executable 'false'
10-29 15:29:33.457 27406 27410 I artd    : GetBestInfo: vdex next to the dex file (/data/user/0/com.google.android.apps.nbu.paisa.user/app_pccache2/5/A676523B3E46DAB04C3DAC7B4C5781491E6DC27A/oat/arm64/pcam.vdex) is kOatUpToDate with filter 'verify' executable 'false'
10-29 15:29:33.459 27406 27410 I artd    : GetBestInfo: vdex next to the dex file (/data/user/0/com.google.android.apps.nbu.paisa.user/app_pccache2/5/E47C86B2C77009FBA9F0C961D11E60B330CFF68E/oat/arm64/pcam.vdex) is kOatUpToDate with filter 'verify' executable 'false'
10-29 15:29:33.494 27267 27267 W Finsky  : [2] STU: Failed to get storage stats for package 'com.google.android.configinfrastructure' (1601: Error getting stats: android.content.pm.PackageManager.NameNotFoundException)
10-29 15:29:33.495 27267 27267 W Finsky  : [2] STU: Failed to get storage stats for package 'com.google.android.media' (1601: Error getting stats: android.content.pm.PackageManager.NameNotFoundException)
10-29 15:29:33.510 27406 27410 I artd    : GetBestInfo: odex next to the dex file (/data/app/~~RRwDKt9JivPRggftQBXYng==/com.google.android.apps.maps-CSfHpqz0-tqj93nX6fEYIQ==/oat/arm64/base.odex) is kOatUpToDate with filter 'speed-profile' executable 'false'
10-29 15:29:33.532 27406 27410 I artd    : GetBestInfo: odex next to the dex file (/data/app/~~5V4vzX_eTsAbLrsmFqmQkQ==/com.snapwork.hdfc-HKpAjZbvWYGddjONsCWR8w==/oat/arm64/base.odex) is kOatUpToDate with filter 'speed-profile' executable 'false'
10-29 15:29:33.562 18285 18285 W TooltipLifecycleManager: TooltipLifecycleManager.dismissTooltips():153 Tooltip with id SUGGESTION_VIEW_EDU_MINI_DIALOG not found in tooltipManager.
10-29 15:29:33.571 27406 27410 I artd    : GetBestInfo: odex next to the dex file (/data/app/~~ptDP3mMGz964tjRWMD1aeA==/com.amazon.avod.thirdpartyclient-FOlsc88aCQ1nJe1eiDTajA==/oat/arm64/base.odex) is kOatUpToDate with filter 'speed-profile' executable 'false'
10-29 15:29:33.584 27406 27410 I artd    : GetBestInfo: odex next to the dex file (/data/app/~~nZ9eNFkNWOgVnr7JnIlnNg==/com.google.android.apps.messaging-UcSOjDhmlaYgGYaWLgJI2A==/oat/arm64/base.odex) is kOatUpToDate with filter 'speed-profile' executable 'false'
10-29 15:29:33.584 27406 27410 W artd    : Could not get dex checksums for location /data/app/~~4xkHno2TP4YAL_hxWUGGBg==/com.google.android.apps.messaging-heqBLr-vgWDoWa8ayRvldw==/base.apk, fd=-1
10-29 15:29:33.602 27406 27410 I artd    : GetBestInfo: odex next to the dex file (/data/app/~~U_9nG6hOb6heF75F3xhWVg==/com.google.android.googlequicksearchbox-hO0t_x6hOINMiLRN11XaDw==/oat/arm64/base.odex) is kOatUpToDate with filter 'speed-profile' executable 'false'
10-29 15:29:33.609 27267 27267 W Finsky  : [2] STU: Failed to get storage stats for package 'com.android.vndk.v31' (1601: Error getting stats: android.content.pm.PackageManager.NameNotFoundException)
10-29 15:29:33.612 27267 27267 W Finsky  : [2] STU: Failed to get storage stats for package 'com.android.vndk.v33' (1601: Error getting stats: android.content.pm.PackageManager.NameNotFoundException)
10-29 15:29:33.624 27267 27267 W Finsky  : [2] STU: Failed to get storage stats for package 'com.android.vndk.v34' (1601: Error getting stats: android.content.pm.PackageManager.NameNotFoundException)
10-29 15:29:33.635 27406 27407 I artd    : GetBestInfo: odex next to the dex file (/data/app/~~Ni5m9rOIYd20IHvTFoOnuQ==/com.mediocre.smashhit-qUOp6xc7dkQFBJI_0eD-FQ==/oat/arm64/base.odex) is kOatUpToDate with filter 'speed-profile' executable 'false'
10-29 15:29:33.637 27406 27407 I artd    : GetBestInfo: vdex next to the dex file (/data/user/0/com.mediocre.smashhit/app_pccache/5/6D8DFE5A7E736B59EEF1FDF8D2FF55E7A1CEC401/oat/arm64/pcam.vdex) is kOatUpToDate with filter 'verify' executable 'false'
10-29 15:29:33.645 27406 27407 I artd    : GetBestInfo: odex next to the dex file (/data/app/~~4kLhMOYhQOc1nwW4tOfV2A==/com.google.android.documentsui--Wkdg_ycgDklgU9r4H2HRw==/oat/arm64/base.odex) is kOatUpToDate with filter 'speed-profile' executable 'false'
10-29 15:29:33.670 27406 27407 I artd    : GetBestInfo: odex next to the dex file (/data/app/~~sUn1Vnw0s8wvf1wElnNarg==/com.google.android.contactkeys-a4MbaF0c7nWbf08c65_Itg==/oat/arm64/base.odex) is kOatUpToDate with filter 'speed-profile' executable 'false'
10-29 15:29:33.696 27406 27410 I artd    : GetBestInfo: odex next to the dex file (/data/app/~~42EDeu8lGou3uKnNbJ9RuQ==/com.microsoft.appmanager-K4dYXUTtlN439IIl-dp08g==/oat/arm64/base.odex) is kOatUpToDate with filter 'speed-profile' executable 'false'
10-29 15:29:33.701 27267 27267 W Finsky  : [2] STU: Failed to get storage stats for package 'com.google.android.sdkext' (1601: Error getting stats: android.content.pm.PackageManager.NameNotFoundException)
10-29 15:29:33.720 27406 27410 I artd    : GetBestInfo: odex next to the dex file (/data/app/~~T7jWlxcFCAiC8Ci9ggNyBw==/com.instagram.android-_L2fLAynusyUQjeFfquX1Q==/oat/arm64/base.odex) is kOatUpToDate with filter 'speed-profile' executable 'false'
10-29 15:29:33.747 27406 27410 I artd    : GetBestInfo: odex next to the dex file (/data/app/~~mh30IbrruuiSGSMW3y9iUg==/com.vivo.website-1N-UUIgXUM_HVNQsKf4Grg==/oat/arm64/base.odex) is kOatUpToDate with filter 'speed-profile' executable 'false'
10-29 15:29:33.764 27406 27407 I artd    : GetBestInfo: odex next to the dex file (/data/app/~~OsrxmSHUWmNZpozg4JMatQ==/in.amazon.mShop.android.shopping-3eORU81DF8g35l_mIdqMbg==/oat/arm64/base.odex) is kOatUpToDate with filter 'speed-profile' executable 'false'
10-29 15:29:33.772 27267 27267 W Finsky  : [2] STU: Failed to get storage stats for package 'com.google.android.adservices' (1601: Error getting stats: android.content.pm.PackageManager.NameNotFoundException)
10-29 15:29:33.772 27267 27267 W Finsky  : [2] STU: Failed to get storage stats for package 'com.google.android.tethering' (1601: Error getting stats: android.content.pm.PackageManager.NameNotFoundException)
10-29 15:29:33.788 27406 27410 I artd    : GetBestInfo: dm (/data/app/~~kbtHfT9I861Nbiazpdx0mQ==/com.google.android.captiveportallogin-CiX56fMqIXj5uPjSGn0JOA==/base.dm) is kOatUpToDate with filter 'verify' executable 'false'
10-29 15:29:33.831 27406 27407 I artd    : GetBestInfo: vdex next to the dex file (/data/app/~~K9z-5i1uFZX9Xv5qbTw7ag==/com.vivo.game-fd-TV-qqFpLSbnYswu3nnw==/oat/arm64/base.vdex) is kOatUpToDate with filter 'verify' executable 'false'
10-29 15:29:33.869 27406 27410 I artd    : GetBestInfo: odex next to the dex file (/data/app/~~TMBzU86A6AmkITIBZzl89g==/com.a1taxi.a1taxicustomer-RFDht-bbcgiI7zciO7lk0g==/oat/arm64/base.odex) is kOatUpToDate with filter 'speed-profile' executable 'false'
10-29 15:29:33.884 27406 27407 I artd    : GetBestInfo: odex next to the dex file (/data/app/~~7VJpeTbVUVoDxJWeNd0Hog==/com.android.chrome-sHIQtPLnwPLLkvZqdMjnRQ==/oat/arm64/base.odex) is kOatUpToDate with filter 'speed-profile' executable 'false'
10-29 15:29:33.892 27406 27407 I artd    : GetBestInfo: dm (/data/app/~~7VJpeTbVUVoDxJWeNd0Hog==/com.android.chrome-sHIQtPLnwPLLkvZqdMjnRQ==/split_chrome.dm) is kOatUpToDate with filter 'verify' executable 'false'
10-29 15:29:33.896 27406 27407 I artd    : GetBestInfo: dm (/data/app/~~7VJpeTbVUVoDxJWeNd0Hog==/com.android.chrome-sHIQtPLnwPLLkvZqdMjnRQ==/split_dev_ui.dm) is kOatUpToDate with filter 'verify' executable 'false'
10-29 15:29:33.904 27406 27407 I artd    : GetBestInfo: dm (/data/app/~~7VJpeTbVUVoDxJWeNd0Hog==/com.android.chrome-sHIQtPLnwPLLkvZqdMjnRQ==/split_on_demand.dm) is kOatUpToDate with filter 'verify' executable 'false'
10-29 15:29:33.908 27406 27407 I artd    : GetBestInfo: dm (/data/app/~~7VJpeTbVUVoDxJWeNd0Hog==/com.android.chrome-sHIQtPLnwPLLkvZqdMjnRQ==/split_stack_unwinder.dm) is kOatUpToDate with filter 'verify' executable 'false'
10-29 15:29:33.910 27406 27407 I artd    : GetBestInfo: dm (/data/app/~~7VJpeTbVUVoDxJWeNd0Hog==/com.android.chrome-sHIQtPLnwPLLkvZqdMjnRQ==/split_test_dummy.dm) is kOatUpToDate with filter 'verify' executable 'false'
10-29 15:29:33.988 27406 27410 I artd    : GetBestInfo: odex next to the dex file (/data/app/~~utogSPA5mHq74rEpMdjyMg==/com.facebook.services-uDwGm_MP1nhH84SUX5B9jw==/oat/arm64/base.odex) is kOatUpToDate with filter 'verify' executable 'false'
10-29 15:29:34.015 27267 27267 W Finsky  : [2] STU: Failed to get storage stats for package 'com.android.runtime' (1601: Error getting stats: android.content.pm.PackageManager.NameNotFoundException)
10-29 15:29:34.037 27406 27407 I artd    : GetBestInfo: odex next to the dex file (/data/app/~~qSopo4JjtvrLzorxxT3Jcw==/com.netflix.mediaclient-q9zxKx4zNu7uEZ9USUU85Q==/oat/arm64/base.odex) is kOatUpToDate with filter 'speed-profile' executable 'false'
10-29 15:29:34.042 18285 18285 W TooltipLifecycleManager: TooltipLifecycleManager.dismissTooltips():153 Tooltip with id SUGGESTION_VIEW_EDU_MINI_DIALOG not found in tooltipManager.
10-29 15:29:34.074 27267 27267 W Finsky  : [2] STU: Failed to get storage stats for package 'com.google.android.cellbroadcast' (1601: Error getting stats: android.content.pm.PackageManager.NameNotFoundException)
10-29 15:29:34.124 27406 27410 I artd    : GetBestInfo: odex next to the dex file (/data/app/~~FHzHO1ykTtTf2DCWYXY9QQ==/com.grofers.customerapp-RIOELgCmdu-kvRQJAuDnJw==/oat/arm64/base.odex) is kOatUpToDate with filter 'speed-profile' executable 'false'
10-29 15:29:34.148 27406 27410 I artd    : GetBestInfo: odex next to the dex file (/data/app/~~fEibWwpOoq33dRZSFZ920A==/com.google.android.accessibility.switchaccess-cweGvKt1T9_r8DM83BM_jg==/oat/arm64/base.odex) is kOatUpToDate with filter 'speed-profile' executable 'false'
10-29 15:29:34.198 27406 27410 I artd    : GetBestInfo: odex next to the dex file (/data/app/~~rUeNTINGgbUNobPZ0Qh4uw==/com.google.android.apps.wellbeing-aBN_STDA7BMcUbQ3HgeMfA==/oat/arm64/base.odex) is kOatUpToDate with filter 'speed-profile' executable 'false'
10-29 15:29:34.228 27406 27410 I artd    : GetBestInfo: odex next to the dex file (/data/app/~~FwSf80t46U_vTRTdmQmJuA==/com.olacabs.customer-GwrNZORAysqaoaufvi1PxA==/oat/arm64/base.odex) is kOatUpToDate with filter 'speed-profile' executable 'false'
10-29 15:29:34.267 27406 27407 I artd    : GetBestInfo: odex next to the dex file (/data/app/~~q7fYvM4-tyAPkIBmG7KQ0g==/com.google.android.apps.restore-qZ6rhKt0LU4ildQM7zs_QQ==/oat/arm64/base.odex) is kOatUpToDate with filter 'speed-profile' executable 'false'
10-29 15:29:34.281 27406 27407 I artd    : GetBestInfo: odex next to the dex file (/data/app/~~7a5k4itB3Z_szCXdEaZA9Q==/cards.uni.app.credit-86UrRGbHWWZK9N4-pOaU1g==/oat/arm64/base.odex) is kOatUpToDate with filter 'speed-profile' executable 'false'
10-29 15:29:34.322 27406 27407 I artd    : GetBestInfo: odex next to the dex file (/data/app/~~a1qrCv3KzDX7G8kS_82CnA==/com.google.android.apps.photos-QUcbfk5gGRXrrdR1S7ikEA==/oat/arm64/base.odex) is kOatUpToDate with filter 'speed-profile' executable 'false'
10-29 15:29:34.331 27267 27267 W Finsky  : [2] STU: Failed to get storage stats for package 'com.android.compos' (1601: Error getting stats: android.content.pm.PackageManager.NameNotFoundException)
10-29 15:29:34.345 27406 27410 I artd    : GetBestInfo: odex next to the dex file (/data/app/~~FEtn0PcCuNl-IsTcWZKogg==/com.eaglefleet.redtaxi-BeazDaslxIL2dm61CQQo8w==/oat/arm64/base.odex) is kOatUpToDate with filter 'speed-profile' executable 'false'
10-29 15:29:34.363 27406 27410 I artd    : GetBestInfo: odex next to the dex file (/data/app/~~deN_TmpOilfXLRk3X_pDgA==/com.sbi.lotusintouch-GwIigX_wzAzRki-sC78gtg==/oat/arm64/base.odex) is kOatUpToDate with filter 'speed-profile' executable 'false'
10-29 15:29:34.376 27267 27267 W Finsky  : [2] STU: Failed to get storage stats for package 'com.google.android.tzdata6' (1601: Error getting stats: android.content.pm.PackageManager.NameNotFoundException)
10-29 15:29:34.400 27267 27267 W Finsky  : [2] STU: Failed to get storage stats for package 'com.google.android.permission' (1601: Error getting stats: android.content.pm.PackageManager.NameNotFoundException)
10-29 15:29:34.416 27406 27410 I artd    : GetBestInfo: odex next to the dex file (/data/app/~~koF7yaVdjDQNOCIDFBw4cA==/com.facebook.system-jRbiVewdtzUwx2R4nKPi4Q==/oat/arm64/base.odex) is kOatUpToDate with filter 'verify' executable 'false'
10-29 15:29:34.454 27406 27407 I artd    : GetBestInfo: odex next to the dex file (/data/app/~~NCHY40OHem7iZA4ScObvrQ==/com.facebook.katana-a0wPfLzWceFhh25O-0TxLA==/oat/arm64/base.odex) is kOatUpToDate with filter 'speed-profile' executable 'false'
10-29 15:29:34.498 27406 27407 I artd    : GetBestInfo: odex next to the dex file (/data/app/~~N-XV-PAB6w_YlEK8eoyoXQ==/com.airbnb.android-dnv1mIc1USK14kK-VA0AFw==/oat/arm64/base.odex) is kOatUpToDate with filter 'speed-profile' executable 'false'
10-29 15:29:34.518 27267 27267 W Finsky  : [2] STU: Failed to get storage stats for package 'com.google.android.wifi' (1601: Error getting stats: android.content.pm.PackageManager.NameNotFoundException)
10-29 15:29:34.603 27406 27410 I artd    : GetBestInfo: odex next to the dex file (/data/app/~~n3KxicaCTnjseouGcB3oqw==/com.makemytrip-oacMrBJyW4QT-JuU-Aso5Q==/oat/arm64/base.odex) is kOatUpToDate with filter 'speed-profile' executable 'false'
10-29 15:29:34.604 27406 27410 W artd    : Could not get dex checksums for location /data/app/~~v5jx9H4i58uFQrmTpVMAlQ==/com.makemytrip-FL-Cg87u4yaxQvK-dUkgGA==/base.apk, fd=-1
10-29 15:29:34.711 18285 18285 I StylusModule: StylusModule.onUpdateToolType():799 Update tool type = 0
10-29 15:29:34.733 18285 18285 I ImeTracker: com.google.android.inputmethod.latin:d620c89c: onRequestHide at ORIGIN_IME reason HIDE_SOFT_INPUT_BY_BACK_KEY fromUser true
10-29 15:29:34.757 18285 18285 I GoogleInputMethodService: GoogleInputMethodService.onFinishInputView():1572 onFinishInputView(false)
10-29 15:29:34.758 18285 18285 I GlobeKeyExtension: GlobeKeyExtension.onDeactivate():144 
10-29 15:29:34.758 18285 18285 W TooltipLifecycleManager: TooltipLifecycleManager.dismissTooltips():153 Tooltip with id SUGGESTION_VIEW_EDU_MINI_DIALOG not found in tooltipManager.
10-29 15:29:34.758 18285 18285 I VoiceInputManagerWrapper: VoiceInputManagerWrapper.shutdown():131 shutdown()
10-29 15:29:34.758 18285 18285 W TooltipLifecycleManager: TooltipLifecycleManager.dismissTooltips():153 Tooltip with id spell_check_add_to_dictionary not found in tooltipManager.
10-29 15:29:34.759 18285 18285 I AndroidIME: AbstractIme.onDeactivate():216 PasswordIme.onDeactivate()
10-29 15:29:34.760 18285 18285 W TooltipLifecycleManager: TooltipLifecycleManager.dismissTooltips():153 Tooltip with id undo_access_point_promotion_banner not found in tooltipManager.
10-29 15:29:34.780 18285 18285 I KeyboardModeUtils: KeyboardModeUtils.getKeyboardBottomOffset():435 inch: 0.000000 ydpi: 387.429993 adjustKeyboardBottomByDisplaySize: false currentDensityDpi: 440 defaultDensityDpi: 440 keyboardBottomToScreenPx: 0 keyboardBottomToNavBarPx: -116 navBarHeight: 116
10-29 15:29:34.780 18285 18285 I KeyboardHeightUtil: KeyboardHeightUtil.calculateMaxKeyboardBodyHeight():50 leave 267 height for app when ime window height:2171, header height:121 and isFullscreenMode:false, so the max keyboard body height is:1783
10-29 15:29:34.780 18285 18285 I KeyboardHeightUtil: KeyboardHeightUtil.calculateMaxKeyboardBodyHeight():50 leave 267 height for app when ime window height:2171, header height:121 and isFullscreenMode:false, so the max keyboard body height is:1783
10-29 15:29:34.780 18285 18285 I AndroidIME: KeyboardViewManager.updateKeyboardBodyViewHolderPaddingBottom():472 Set finalPaddingBottom = 5 while holderPaddingBottom = 5; navigationHeight = 116
10-29 15:29:35.079 27267 27267 W Finsky  : [2] STU: Failed to get storage stats for package 'com.google.android.media.swcodec' (1601: Error getting stats: android.content.pm.PackageManager.NameNotFoundException)
10-29 15:29:35.096 27406 27407 I artd    : GetBestInfo: odex next to the dex file (/data/app/~~4eOVbduh7Pp6HuLqnABQLg==/com.google.android.projection.gearhead-C1UtHxT1qnbkVO-G7PjmkQ==/oat/arm64/base.odex) is kOatUpToDate with filter 'speed-profile' executable 'false'
10-29 15:29:35.100 27406 27407 I artd    : GetBestInfo: vdex next to the dex file (/data/user/0/com.google.android.projection.gearhead/app_impl/oat/arm64/sdk_impl.vdex) is kOatUpToDate with filter 'verify' executable 'false'
10-29 15:29:35.117 27267 27267 W Finsky  : [2] STU: Failed to get storage stats for package 'com.android.profiling' (1601: Error getting stats: android.content.pm.PackageManager.NameNotFoundException)
10-29 15:29:35.306 27406 27410 I artd    : GetBestInfo: odex next to the dex file (/data/app/~~EwTplhdgJ7-yHy_jFao6rA==/com.google.ambient.streaming-zm7mCDNjhNKMsRyzvmPKcQ==/oat/arm64/base.odex) is kOatUpToDate with filter 'speed-profile' executable 'false'
10-29 15:29:35.342 27406 27410 I artd    : GetBestInfo: odex next to the dex file (/data/app/~~Hcek6TFt-zS4u_oZnEz0Zg==/com.bbk.theme-UTH-vt7Fp_ZG_QvMyZhg5A==/oat/arm64/base.odex) is kOatUpToDate with filter 'speed-profile' executable 'false'
10-29 15:29:35.358 27406 27407 I artd    : GetBestInfo: odex next to the dex file (/data/app/~~_M3sJ4Uye63zIDUUBTXNiQ==/com.google.android.apps.docs.editors.sheets-JsQpthpmYl_C92FBnnEtQA==/oat/arm64/base.odex) is kOatUpToDate with filter 'speed-profile' executable 'false'
10-29 15:29:35.372 27406 27410 I artd    : GetBestInfo: odex next to the dex file (/data/app/~~Na_E4VXYPEdS0423EwWhpQ==/com.google.android.music-dS_7d7woOeToHl_Ajdp1GQ==/oat/arm64/base.odex) is kOatUpToDate with filter 'speed-profile' executable 'false'
10-29 15:29:35.463 27406 27407 I artd    : GetBestInfo: odex next to the dex file (/data/app/~~tdgVFy4mKcLIdXejNMbROw==/com.google.android.apps.walletnfcrel-uJzKktJP_LC_dFeIdwxxvQ==/oat/arm64/base.odex) is kOatUpToDate with filter 'speed-profile' executable 'false'
10-29 15:29:35.489 18285 18285 W TooltipLifecycleManager: TooltipLifecycleManager.dismissTooltips():153 Tooltip with id undo_access_point_promotion_banner not found in tooltipManager.
10-29 15:29:35.497 27406 27407 I artd    : GetBestInfo: odex next to the dex file (/data/app/~~O6rl15dJb50drM-hNT-o5A==/host.exp.exponent-VV2RWFguikxSwJOsrbvgyA==/oat/arm64/base.odex) is kOatUpToDate with filter 'speed-profile' executable 'false'
10-29 15:29:35.555 27267 27267 W Finsky  : [2] STU: Failed to get storage stats for package 'com.google.android.adbd' (1601: Error getting stats: android.content.pm.PackageManager.NameNotFoundException)
10-29 15:29:35.559 27406 27407 I artd    : GetBestInfo: odex next to the dex file (/data/app/~~Nv2hCSswo2kctVCoZ03Pqw==/com.a1taxi.driverpro-H4GTCHubEQ3Z_p0DnB8weg==/oat/arm64/base.odex) is kOatUpToDate with filter 'speed-profile' executable 'false'
10-29 15:29:35.573 27406 27407 I artd    : GetBestInfo: odex next to the dex file (/data/app/~~GTCWoHp9Kcaw61mKJWZVyw==/com.digilocker.android-ufAoRUcGruo_5PGb5I5cAQ==/oat/arm64/base.odex) is kOatUpToDate with filter 'speed-profile' executable 'false'
10-29 15:29:35.599 27267 27267 W Finsky  : [2] STU: Failed to get storage stats for package 'com.android.i18n' (1601: Error getting stats: android.content.pm.PackageManager.NameNotFoundException)
10-29 15:29:35.612 27406 27410 I artd    : GetBestInfo: odex next to the dex file (/data/app/~~IubJhYyo4OXa9esHsQ0ufg==/com.google.android.apps.safetyhub-vqHZjuWH8OZhgwlyVQTr0w==/oat/arm64/base.odex) is kOatUpToDate with filter 'speed-profile' executable 'false'
10-29 15:29:35.633 27267 27267 W Finsky  : [2] STU: Failed to get storage stats for package 'com.google.android.conscrypt' (1601: Error getting stats: android.content.pm.PackageManager.NameNotFoundException)
10-29 15:29:35.647 27406 27407 I artd    : GetBestInfo: odex next to the dex file (/data/app/~~72FFAOgW4Aj25KqlkjYabQ==/com.google.android.apps.tachyon-WhV8FKs-nOcVutiIWd6XRA==/oat/arm64/base.odex) is kOatUpToDate with filter 'speed-profile' executable 'false'
10-29 15:29:35.675 27406 27410 I artd    : GetBestInfo: odex next to the dex file (/data/app/~~Po82oak_o8-jL-DI3ZWG3Q==/com.booking-6pMsYCbulA6Xg_WA1xyevw==/oat/arm64/base.odex) is kOatUpToDate with filter 'speed-profile' executable 'false'
10-29 15:29:35.676 27406 27410 W artd    : Could not get dex checksums for location /data/app/~~6E2WKoCIq0qIluP5umAEaw==/com.booking-qUTi_qiQLoPhIhmCc7QdJw==/base.apk, fd=-1
10-29 15:29:35.690 27406 27407 I artd    : GetBestInfo: odex next to the dex file (/data/app/~~MY1T9l4rxGoNHw43rc7Y9Q==/com.vivo.imanager-c66ykYfX61YFS5tIKjOIbA==/oat/arm64/base.odex) is kOatUpToDate with filter 'verify' executable 'false'
10-29 15:29:35.760 27406 27407 I artd    : GetBestInfo: odex next to the dex file (/data/app/~~6d7y0P6J4f-fayTRuhBzLQ==/com.google.audio.hearing.visualization.accessibility.scribe-ZOQw3FKv0LN30VeoGpht4Q==/oat/arm64/base.odex) is kOatUpToDate with filter 'speed-profile' executable 'false'
10-29 15:29:35.770 27267 27267 W Finsky  : [2] STU: Failed to get storage stats for package 'com.google.android.neuralnetworks' (1601: Error getting stats: android.content.pm.PackageManager.NameNotFoundException)
10-29 15:29:35.779 27267 27267 W Finsky  : [2] STU: Failed to get storage stats for package 'com.google.android.ipsec' (1601: Error getting stats: android.content.pm.PackageManager.NameNotFoundException)
10-29 15:29:35.793 27406 27407 I artd    : GetBestInfo: odex next to the dex file (/data/app/~~wKe-KcGCeYJItl69uNTcpA==/com.namp.relux-L_G_UH56XbHsmSC0Bo5rmg==/oat/arm64/base.odex) is kOatUpToDate with filter 'speed-profile' executable 'false'
10-29 15:29:35.826 27406 27407 I artd    : GetBestInfo: odex next to the dex file (/data/app/~~MHpR9exVol6vxy-A4jt5yQ==/com.truecaller-90rZE1ay63iDqk8kuemEhg==/oat/arm64/base.odex) is kOatUpToDate with filter 'speed-profile' executable 'false'
10-29 15:29:35.836 27406 27410 I artd    : GetBestInfo: dm (/data/app/~~MHpR9exVol6vxy-A4jt5yQ==/com.truecaller-90rZE1ay63iDqk8kuemEhg==/split_insights_category_model.dm) is kOatUpToDate with filter 'verify' executable 'false'
10-29 15:29:35.847 27406 27410 I artd    : GetBestInfo: vdex next to the dex file (/data/user/0/com.truecaller/app_pccache/5/A676523B3E46DAB04C3DAC7B4C5781491E6DC27A/oat/arm64/pcam.vdex) is kOatUpToDate with filter 'verify' executable 'false'
10-29 15:29:35.854 27406 27410 I artd    : GetBestInfo: vdex next to the dex file (/data/user/0/com.truecaller/app_pccache/5/E47C86B2C77009FBA9F0C961D11E60B330CFF68E/oat/arm64/pcam.vdex) is kOatUpToDate with filter 'verify' executable 'false'
10-29 15:29:35.895 27406 27410 I artd    : GetBestInfo: odex next to the dex file (/data/app/~~IudCxfJyKE1tQiHtZA2rmg==/com.google.android.as.oss-HQUmRFn_TRicj1cSXE6oMA==/oat/arm64/base.odex) is kOatUpToDate with filter 'speed-profile' executable 'false'
10-29 15:29:35.924 27267 27267 W Finsky  : [2] STU: Failed to get storage stats for package 'com.google.android.ondevicepersonalization' (1601: Error getting stats: android.content.pm.PackageManager.NameNotFoundException)
10-29 15:29:35.938 27267 27267 W Finsky  : [2] STU: Failed to get storage stats for package 'com.google.android.healthfitness' (1601: Error getting stats: android.content.pm.PackageManager.NameNotFoundException)
10-29 15:29:35.961 27406 27407 I artd    : GetBestInfo: odex next to the dex file (/data/app/~~1_Rb1_R-0UzOHo2Rw4W8Jg==/com.facebook.appmanager-rDDiaubYvjnaboA3pxGY9A==/oat/arm64/base.odex) is kOatUpToDate with filter 'verify' executable 'false'
10-29 15:29:36.029 27406 27410 I artd    : GetBestInfo: odex next to the dex file (/data/app/~~dy9Vbb0ErJBWa9wDghEN0w==/pi.browser-WnYxUs8RUaMs118KH7vFog==/oat/arm64/base.odex) is kOatUpToDate with filter 'speed-profile' executable 'false'
10-29 15:29:36.038 27267 27267 W Finsky  : [2] STU: Failed to get storage stats for package 'com.android.uwb' (1601: Error getting stats: android.content.pm.PackageManager.NameNotFoundException)
10-29 15:29:36.039 27267 27267 W Finsky  : [2] STU: Failed to get storage stats for package 'com.google.android.extservices' (1601: Error getting stats: android.content.pm.PackageManager.NameNotFoundException)
10-29 15:29:36.055 27406 27410 I artd    : GetBestInfo: odex next to the dex file (/data/app/~~eGAS5c9ZZJXCiGOGs6tkXg==/com.snapchat.android-jfF6S5Je4mxMCAOlAKy-4Q==/oat/arm64/base.odex) is kOatUpToDate with filter 'speed-profile' executable 'false'
10-29 15:29:36.078 27406 27407 I artd    : GetBestInfo: odex next to the dex file (/data/app/~~NUSd9xlymHp9WeWtwbgF5g==/com.android.vending-FYhjO1rw2N6GC0fUfIupMQ==/oat/arm64/base.odex) is kOatUpToDate with filter 'speed-profile' executable 'false'
10-29 15:29:36.080 27406 27407 W artd    : Could not get dex checksums for location /data/app/~~C9Xe7fqF896H5zpfi10DLQ==/com.android.vending-iqS7tnfWq3MwPph-xR-Idw==/base.apk, fd=-1
10-29 15:29:36.081 27406 27410 W artd    : Could not get dex checksums for location /data/app/~~SODErCt30xJIyC5i-v-8mQ==/com.android.vending-WtcQFbvT2RIKyRLgfoYjfA==/base.apk, fd=-1
10-29 15:29:36.088 27406 27410 I artd    : GetBestInfo: vdex next to the dex file (/data/user/0/com.android.vending/app_dg_cache/049A20A054B771E851974256D3271311889FCDDF/oat/arm64/the.vdex) is kOatUpToDate with filter 'verify' executable 'false'
10-29 15:29:36.108 27406 27407 I artd    : GetBestInfo: odex next to the dex file (/data/app/~~pPME58w7QHLoagg4bMCuwQ==/com.google.android.apps.nbu.files-MJq39CRihoJrlphB2H5BUA==/oat/arm64/base.odex) is kOatUpToDate with filter 'speed-profile' executable 'false'
10-29 15:29:36.145 27406 27410 I artd    : GetBestInfo: odex next to the dex file (/data/app/~~xnEIE0_vXymkwCa-TQ-T_Q==/com.google.android.youtube-UtDOlSiBfvtokgUnQ7wwNg==/oat/arm64/base.odex) is kOatUpToDate with filter 'speed-profile' executable 'false'
10-29 15:29:36.150 27406 27407 I artd    : GetBestInfo: vdex next to the dex file (/data/user/0/com.google.android.youtube/app_pccache/5/A676523B3E46DAB04C3DAC7B4C5781491E6DC27A/oat/arm64/pcam.vdex) is kOatUpToDate with filter 'verify' executable 'false'
10-29 15:29:36.151 27406 27407 W artd    : Could not get dex checksums for location /data/app/~~U7zqbrHB7HfKaC6SX_ljFg==/com.google.android.youtube-j2UNFWJe_A00mSop1jNYgw==/base.apk, fd=-1
