10-19 23:09:49.173  5946 15964 D HWUI    : endAllActiveAnimators on 0xb4000077800d85f0 (RippleDrawable) with handle 0xb4000077d00d10b0
10-19 23:09:49.183  5946  5946 W WindowOnBackDispatcher: OnBackInvokedCallback is not enabled for the application.
10-19 23:09:49.183  5946  5946 W WindowOnBackDispatcher: Set 'android:enableOnBackInvokedCallback="true"' in the application manifest.
10-19 23:09:49.185  5946 15961 D BLASTBufferQueue: [VRI[MainActivity]#4](f:0,a:4) destructor()
10-19 23:09:49.185  5946 15961 D BufferQueueConsumer: [VRI[MainActivity]#4(BLAST Consumer)4](id:173a00000004,api:0,p:-1,c:5946) disconnect
10-19 23:09:49.190  5946 15986 I ReactNativeJS: '🎯🎯🎯 TripCompletionModal RENDER - visible:', false
10-19 23:09:49.190  5946 15986 I ReactNativeJS: '🎯🎯🎯 tripData:', '{\n  "distance": 0,\n  "duration": 0,\n  "fareBreakdown": {\n    "booking_type": "regular",\n    "vehicle_type": "sedan",\n    "base_fare": 0,\n    "distance_fare": 0,\n    "time_fare": 0,\n    "surge_charges": 0,\n    "deadhead_charges": 0,\n    "platform_fee": 0,\n    "gst_on_charges": 0,\n    "gst_on_platform_fee": 0,\n    "extra_km_charges": 0,\n    "driver_allowance": 0,\n    "total_fare": 0,\n    "details": {\n      "actual_distance_km": 0,\n      "actual_duration_minutes": 0,\n      "per_km_rate": 0\n    }\n  },\n  "pickup_address": "",\n  "destination_address": "",\n  "booking_type": "regular",\n  "rental_hours": null\n}'
10-19 23:09:49.190  5946 15986 I ReactNativeJS: ❌ Not visible - returning null
10-19 23:09:49.217  5946 15986 I ReactNativeJS: 🛑 Cleaning up auto-refresh interval
10-19 23:09:49.217  5946 15986 I ReactNativeJS: ✅ Notification sound service cleaned up
10-19 23:09:49.217  5946 15986 I ReactNativeJS: === NAVIGATION CHECK ===
10-19 23:09:49.217  5946 15986 I ReactNativeJS: 'In auth group:', false
10-19 23:09:49.218  5946 15986 I ReactNativeJS: 'Has session:', false
10-19 23:09:49.218  5946 15986 I ReactNativeJS: 'Has driver:', false
10-19 23:09:49.218  5946 15986 I ReactNativeJS: 'Current segments:', [ '(tabs)', 'profile' ]
10-19 23:09:49.218  5946 15986 I ReactNativeJS: 'Loading state:', false
10-19 23:09:49.218  5946 15986 I ReactNativeJS: 'Is authenticated:', null
10-19 23:09:49.218  5946 15986 I ReactNativeJS: Redirecting to login - not authenticated
10-19 23:09:49.218  5946  5946 V ImeFocusController: onWindowFocus: com.android.internal.policy.DecorView{e311d29 V.E...... R......D 0,0-1080,2392 aid=0}[MainActivity] softInputMode=STATE_UNSPECIFIED|ADJUST_RESIZE
10-19 23:09:49.220  5589  5589 I GoogleInputMethodService: GoogleInputMethodService.onFinishInput():2085 
10-19 23:09:49.221  5589  5589 I Module  : DeviceLockedStatusModuleProvider$Module.updateDeviceLockedStatus():100 repeatCheckTimes = 0, locked = false
10-19 23:09:49.221  5589  5589 I GoogleInputMethodService: GoogleInputMethodService.onStartInput():1346 onStartInput(EditorInfo{EditorInfo{packageName=com.a1taxi.driverpro, inputType=0, inputTypeString=NULL, enableLearning=false, autoCorrection=false, autoComplete=false, imeOptions=0, privateImeOptions=null, actionName=UNSPECIFIED, actionLabel=null, initialSelStart=-1, initialSelEnd=-1, initialCapsMode=0, label=null, fieldId=0, fieldName=null, extras=null, hintText=null, hintLocales=[]}}, false)
10-19 23:09:49.222  5589  5589 I Module  : DeviceLockedStatusModuleProvider$Module.updateDeviceLockedStatus():100 repeatCheckTimes = 1, locked = false
10-19 23:09:49.222  5946 15986 I ReactNativeJS: === DRIVER STATUS CHANGE DETECTED ===
10-19 23:09:49.222  5946 15986 I ReactNativeJS: 'Driver:', undefined
10-19 23:09:49.222  5946 15986 I ReactNativeJS: 'Driver Status:', undefined
10-19 23:09:49.222  5946 15986 I ReactNativeJS: 'Driver User ID:', undefined
10-19 23:09:49.222  5946 15986 I ReactNativeJS: 'Driver Verified:', undefined
10-19 23:09:49.222  5946 15986 I ReactNativeJS: 🔍 Checking conditions:
10-19 23:09:49.222  5946 15986 I ReactNativeJS: '  - driver exists:', false
10-19 23:09:49.222  5946 15986 I ReactNativeJS: '  - status is online/busy:', false
10-19 23:09:49.222  5946 15986 I ReactNativeJS: '  - locationPermission:', true
10-19 23:09:49.222  5946 15986 I ReactNativeJS: '  - NOT isTracking:', false
10-19 23:09:49.222  5946 15986 I ReactNativeJS: '  - NOT isBackgroundTrackingActive:', false
10-19 23:09:49.222  5946 15986 I ReactNativeJS: '  - NOT isHandlingActiveDriver:', true
10-19 23:09:49.222  5946 15986 I ReactNativeJS: ❌ Conditions not met for starting location tracking
10-19 23:09:49.222  5946 15986 I ReactNativeJS: ❌ No driver available, stopping location tracking
10-19 23:09:49.222  5946 15986 I ReactNativeJS: === STOPPING LOCATION TRACKING ===
10-19 23:09:49.224  5946 15986 I ReactNativeJS: ✅ Location tracking stopped
10-19 23:09:49.224  5946 15986 I ReactNativeJS: === STOPPING BACKGROUND LOCATION TRACKING ===
10-19 23:09:49.224  5946 15986 I ReactNativeJS: === STOPPING BACKGROUND LOCATION TRACKING ===
10-19 23:09:49.234  5946 15986 I ReactNativeJS: ✅ Sign out completed - driver status preserved in database
10-19 23:09:49.235  5946 15986 I ReactNativeJS: ✅ Sign out completed
10-19 23:09:49.236  5946 15986 I ReactNativeJS: === DRIVER STATUS CHANGE DETECTED ===
10-19 23:09:49.236  5946 15986 I ReactNativeJS: 'Driver:', undefined
10-19 23:09:49.236  5946 15986 I ReactNativeJS: 'Driver Status:', undefined
10-19 23:09:49.236  5946 15986 I ReactNativeJS: 'Driver User ID:', undefined
10-19 23:09:49.236  5946 15986 I ReactNativeJS: 'Driver Verified:', undefined
10-19 23:09:49.236  5946 15986 I ReactNativeJS: 🔍 Checking conditions:
10-19 23:09:49.236  5946 15986 I ReactNativeJS: '  - driver exists:', false
10-19 23:09:49.236  5946 15986 I ReactNativeJS: '  - status is online/busy:', false
10-19 23:09:49.236  5946 15986 I ReactNativeJS: '  - locationPermission:', true
10-19 23:09:49.236  5946 15986 I ReactNativeJS: '  - NOT isTracking:', true
10-19 23:09:49.236  5946 15986 I ReactNativeJS: '  - NOT isBackgroundTrackingActive:', false
10-19 23:09:49.236  5946 15986 I ReactNativeJS: '  - NOT isHandlingActiveDriver:', true
10-19 23:09:49.236  5946 15986 I ReactNativeJS: ❌ Conditions not met for starting location tracking
10-19 23:09:49.239  5946 15986 I ReactNativeJS: === NAVIGATION CHECK ===
10-19 23:09:49.239  5946 15986 I ReactNativeJS: 'In auth group:', true
10-19 23:09:49.239  5946 15986 I ReactNativeJS: 'Has session:', false
10-19 23:09:49.239  5946 15986 I ReactNativeJS: 'Has driver:', false
10-19 23:09:49.239  5946 15986 I ReactNativeJS: 'Current segments:', [ '(auth)', 'login' ]
10-19 23:09:49.239  5946 15986 I ReactNativeJS: 'Loading state:', false
10-19 23:09:49.239  5946 15986 I ReactNativeJS: 'Is authenticated:', null
10-19 23:09:49.239  5946 15986 I ReactNativeJS: No navigation needed - staying in current route
10-19 23:09:49.240  5946 15978 I TaskService: Unregistering task 'background-location-task' for app with scoping identifier 'com.a1taxi.driverpro'.
10-19 23:09:49.249  5946 15986 I ReactNativeJS: ✅ Background location tracking stopped
10-19 23:09:49.250  5946 15978 I TaskService: Unregistering task 'background-fetch-task' for app with scoping identifier 'com.a1taxi.driverpro'.
10-19 23:09:49.250  5946 15978 I BackgroundFetchTaskConsumer: Stopping an alarm for task 'background-fetch-task'.
10-19 23:09:49.250  5946 15986 I ReactNativeJS: 📋 Found 0 unread ride notifications
10-19 23:09:49.251  5946 15986 I ReactNativeJS: ✅ No pending ride notifications
10-19 23:09:49.251  5946 15986 I ReactNativeJS: ✅ Background fetch stopped
10-19 23:09:49.251  5946 15986 I ReactNativeJS: ✅ All background location services stopped
10-19 23:09:49.252  5946 15986 I ReactNativeJS: ✅ Background location tracking stopped
10-19 23:09:49.252  5946 15986 I ReactNativeJS: === DRIVER STATUS CHANGE DETECTED ===
10-19 23:09:49.252  5946 15986 I ReactNativeJS: 'Driver:', undefined
10-19 23:09:49.252  5946 15986 I ReactNativeJS: 'Driver Status:', undefined
10-19 23:09:49.252  5946 15986 I ReactNativeJS: 'Driver User ID:', undefined
10-19 23:09:49.252  5946 15986 I ReactNativeJS: 'Driver Verified:', undefined
10-19 23:09:49.252  5946 15986 I ReactNativeJS: 🔍 Checking conditions:
10-19 23:09:49.252  5946 15986 I ReactNativeJS: '  - driver exists:', false
10-19 23:09:49.252  5946 15986 I ReactNativeJS: '  - status is online/busy:', false
10-19 23:09:49.252  5946 15986 I ReactNativeJS: '  - locationPermission:', true
10-19 23:09:49.252  5946 15986 I ReactNativeJS: '  - NOT isTracking:', true
10-19 23:09:49.252  5946 15986 I ReactNativeJS: '  - NOT isBackgroundTrackingActive:', true
10-19 23:09:49.252  5946 15986 I ReactNativeJS: '  - NOT isHandlingActiveDriver:', true
10-19 23:09:49.252  5946 15986 I ReactNativeJS: ❌ Conditions not met for starting location tracking
10-19 23:09:49.256 21104 17863 I FusedLocation: (REDACTED) stationary throttling engaged @%s
10-19 23:09:49.280  5946 15987 W unknown:ReactNative: Attempt to set local data for view with unknown tag: -1
10-19 23:09:49.280  5946 15987 W unknown:ReactNative: Attempt to set local data for view with unknown tag: -1
10-19 23:09:49.280  5946 15987 W unknown:ReactNative: Attempt to set local data for view with unknown tag: -1
10-19 23:09:49.280  5946 15987 W unknown:ReactNative: Attempt to set local data for view with unknown tag: -1
10-19 23:09:49.280  5946 15987 W unknown:ReactNative: Attempt to set local data for view with unknown tag: -1
10-19 23:09:49.280  5946 15987 W unknown:ReactNative: Attempt to set local data for view with unknown tag: -1
10-19 23:09:49.285 21104 17863 I FusedOrientationManager: Unregistering orientation client. [CONTEXT service_id=6 ]
10-19 23:09:49.901  5946  5946 I ImeTracker: com.a1taxi.driverpro:30719ae7: onRequestShow at ORIGIN_CLIENT reason SHOW_SOFT_INPUT fromUser false
10-19 23:09:49.905  5589  5589 I GoogleInputMethodService: GoogleInputMethodService.onFinishInput():2085 
10-19 23:09:49.907  5589  5589 I Module  : DeviceLockedStatusModuleProvider$Module.updateDeviceLockedStatus():100 repeatCheckTimes = 0, locked = false
10-19 23:09:49.908  5589  5589 I GoogleInputMethodService: GoogleInputMethodService.onStartInput():1346 onStartInput(EditorInfo{EditorInfo{packageName=com.a1taxi.driverpro, inputType=80001, inputTypeString=Normal[NoSuggestion], enableLearning=true, autoCorrection=true, autoComplete=true, imeOptions=8000006, privateImeOptions=null, actionName=DONE, actionLabel=null, initialSelStart=0, initialSelEnd=0, initialCapsMode=0, label=null, fieldId=1905, fieldName=null, extras=Bundle[mParcelledData.dataSize=404], hintText=non-empty, hintLocales=[]}}, false)
10-19 23:09:49.908  5589  5589 I Module  : DeviceLockedStatusModuleProvider$Module.updateDeviceLockedStatus():100 repeatCheckTimes = 1, locked = false
10-19 23:09:49.912  5589  5589 I StylusModule: StylusModule.onUpdateToolType():800 Update tool type = 1
10-19 23:09:49.914  5589  5589 I GoogleInputMethodService: GoogleInputMethodService.onStartInputView():1439 onStartInputView(EditorInfo{EditorInfo{packageName=com.a1taxi.driverpro, inputType=80001, inputTypeString=Normal[NoSuggestion], enableLearning=true, autoCorrection=true, autoComplete=true, imeOptions=8000006, privateImeOptions=null, actionName=DONE, actionLabel=null, initialSelStart=0, initialSelEnd=0, initialCapsMode=0, label=null, fieldId=1905, fieldName=null, extras=Bundle[{android.support.text.emoji.emojiCompat_metadataVersion=11, androidx.core.view.inputmethod.EditorInfoCompat.STYLUS_HANDWRITING_ENABLED=true, android.support.text.emoji.emojiCompat_replaceAll=false}], hintText=non-empty, hintLocales=[]}}, false)
10-19 23:09:49.914  5589  5589 I KeyboardHeightUtil: KeyboardHeightUtil.getOemKeyboardHeightRatio():108 systemKeyboardHeightRatio:1.000000.
10-19 23:09:49.914  5589  5589 I AndroidIME: InputBundleManager.loadActiveInputBundleId():528 loadActiveInputBundleId: en-US, ime_english_united_states
10-19 23:09:49.916  5589  5589 I AndroidIME: AbstractIme.onActivate():96 LatinIme.onActivate() : EditorInfo = EditorInfo{packageName=com.a1taxi.driverpro, inputType=80001, inputTypeString=Normal[NoSuggestion], enableLearning=true, autoCorrection=true, autoComplete=true, imeOptions=8000006, privateImeOptions=null, actionName=DONE, actionLabel=null, initialSelStart=0, initialSelEnd=0, initialCapsMode=0, label=null, fieldId=1905, fieldName=null, extras=Bundle[{android.support.text.emoji.emojiCompat_metadataVersion=11, androidx.core.view.inputmethod.EditorInfoCompat.STYLUS_HANDWRITING_ENABLED=true, android.support.text.emoji.emojiCompat_replaceAll=false}], hintText=non-empty, hintLocales=[]}, IncognitoMode = false, DeviceLocked = false
10-19 23:09:49.917  5589  5589 I InputBundle: InputBundle.consumeEvent():1032 Skip consuming an event as keyboard status is INACTIVE
10-19 23:09:49.919  5589  5589 I Delight5Facilitator: Delight5Facilitator.initializeForIme():740 initializeForIme() : Locale = [en_US], layout = qwerty
10-19 23:09:49.921  5946  5946 I AssistStructure: Flattened final assist data: 1704 bytes, containing 1 windows, 10 views
10-19 23:09:49.921  1870  3354 D AutofillSession: createPendingIntent for request 2492
10-19 23:09:49.929  5589  5589 I LatinIme: LatinIme.updateEnableInlineSuggestionsOnDecoderSideFlags():1247 inline flag updated to:false
10-19 23:09:49.935  5589  5589 I LatinIme: LatinIme.updateEnableInlineSuggestionsOnDecoderSideFlags():1247 inline flag updated to:false
10-19 23:09:49.977  5589  5589 I InputBundle: InputBundle.consumeEvent():1032 Skip consuming an event as keyboard status is INACTIVE
10-19 23:09:49.978  5589  5589 I LatinIme: LatinIme.resetInputContext():2251 resetInputContext(): reason=1, externalEditsInfo=ExternalEditsInfo{action=0, offset=-1, text=null, originalText=null, edits=null}
10-19 23:09:49.978  5589  5589 I InputBundle: InputBundle.consumeEvent():1032 Skip consuming an event as keyboard status is INACTIVE
10-19 23:09:49.981  5589  5589 I KeyboardWrapper: KeyboardWrapper.activateKeyboard():581 activateKeyboard(): type=prime, status=INACTIVE, imeDef=mkk{stringId=ime_english_united_states, language=en-US, languageTag=en-US, processedConditions={writing_helper_enable_by_word_revert=false, true=true, enable_number_row=true, device=phone, enable_pk_simulator=false}, className=com.google.android.apps.inputmethod.libs.latin5.LatinIme, label=0, keyEventInterpreter=null, inlineComposing=true, autoCapital=true, announceAutoSelectedCandidate=true, statusIcon=0, indicatorIcon=0, indicatorLabel=US, displayAppCompletions=true, extraValues=mkd{#0x7f0b02e0=TypedValue{t=0x3/d=0x0 "com.google.android.apps.inputmethod.libs.latin5.LatinIme"}}, processors=mmb@7d3d911, unacceptableMetaKeys=4098, languageSpecificSettings=0, asciiCapable=true, alwaysShowSuggestions=false, useAsciiPasswordKeyboard=false, keyboardGroupDef=mlk@9ed8bf6, phenotypeFlagId=0, localizationLanguageTag=null, supportsInlineSuggestion=true}
10-19 23:09:49.981  5589  5589 I KeyboardManager: KeyboardManager.requestKeyboard():248 Creating keyboard prime, imeId=ime_english_united_states, cacheKey=theme,!gsf,!pgsans,!pgsf,!use_system_font,BORDER,FLAVOR_DPI=XXHDPI,GOOGLE_ICONS,KEYBOARD_WIDTH_CATEGORY=NORMAL,KEY_BORDER_SHAPE=1,LIGHT_THEME=false,PHYSICAL_DIAGONAL=5.748144,POPUP,SCREEN_SHORTEST_WIDTH=393,SCREEN_SHORTEST_WIDTH_NO_SCALE=393,XXHDPI,bottom4dp,enable_emoji_kitchen_browse_color_v2=true,enable_google_fonts_icons=true,enable_popup_on_keypress=true,keyboard_redesign_google_sans=true,non_linear_scale,noshadow,overlay_builtin_dynamic_color_dark_base.binarypb:gm3-dark-ff131313-ffffffff-4d9204e36e3ccb6a165e3e3dbe763ce0,roundedchip,silkpopup
10-19 23:09:49.981  5589  5589 I KeyboardWrapper: KeyboardWrapper.onKeyboardReady():224 onKeyboardReady(): type=prime(prime), kb=com.google.android.apps.inputmethod.latin.keyboard.LatinPrimeKeyboard@5f2e513
10-19 23:09:49.981  5589  5589 I KeyboardWrapper: KeyboardWrapper.doActivateKeyboard():611 doActivateKeyboard(): prime
10-19 23:09:50.007  5589  5589 I KeyboardHeightUtil: KeyboardHeightUtil.calculateMaxKeyboardBodyHeight():50 leave 267 height for app when ime window height:2171, header height:121 and isFullscreenMode:false, so the max keyboard body height is:1783
10-19 23:09:50.007  5589  5589 W TooltipLifecycleManager: TooltipLifecycleManager.dismissTooltips():153 Tooltip with id undo_access_point_promotion_banner not found in tooltipManager.
10-19 23:09:50.008  5589  5589 I KeyboardModeUtils: KeyboardModeUtils.getKeyboardBottomOffset():435 inch: 0.000000 ydpi: 387.429993 adjustKeyboardBottomByDisplaySize: false currentDensityDpi: 440 defaultDensityDpi: 440 keyboardBottomToScreenPx: 0 keyboardBottomToNavBarPx: -116 navBarHeight: 116
10-19 23:09:50.008  5589  5589 I KeyboardHeightUtil: KeyboardHeightUtil.calculateMaxKeyboardBodyHeight():50 leave 267 height for app when ime window height:2171, header height:121 and isFullscreenMode:false, so the max keyboard body height is:1783
10-19 23:09:50.009  5589  5589 I KeyboardHeightUtil: KeyboardHeightUtil.calculateMaxKeyboardBodyHeight():50 leave 267 height for app when ime window height:2171, header height:121 and isFullscreenMode:false, so the max keyboard body height is:1783
10-19 23:09:50.009  5589  5589 I AndroidIME: KeyboardViewManager.updateKeyboardBodyViewHolderPaddingBottom():472 Set finalPaddingBottom = 5 while holderPaddingBottom = 5; navigationHeight = 116
10-19 23:09:50.009  5589  5589 I KeyboardHeightUtil: KeyboardHeightUtil.calculateMaxKeyboardBodyHeight():50 leave 267 height for app when ime window height:2171, header height:121 and isFullscreenMode:false, so the max keyboard body height is:1783
10-19 23:09:50.009  5589  5589 I KeyboardHeightUtil: KeyboardHeightUtil.calculateMaxKeyboardBodyHeight():50 leave 267 height for app when ime window height:2171, header height:121 and isFullscreenMode:false, so the max keyboard body height is:1783
10-19 23:09:50.009  5589  5589 I KeyboardModeUtils: KeyboardModeUtils.getKeyboardBottomOffset():435 inch: 0.000000 ydpi: 387.429993 adjustKeyboardBottomByDisplaySize: false currentDensityDpi: 440 defaultDensityDpi: 440 keyboardBottomToScreenPx: 0 keyboardBottomToNavBarPx: -116 navBarHeight: 116
10-19 23:09:50.009  5589  5589 I KeyboardHeightUtil: KeyboardHeightUtil.calculateMaxKeyboardBodyHeight():50 leave 267 height for app when ime window height:2171, header height:121 and isFullscreenMode:false, so the max keyboard body height is:1783
10-19 23:09:50.009  5589  5589 I KeyboardHeightUtil: KeyboardHeightUtil.calculateMaxKeyboardBodyHeight():50 leave 267 height for app when ime window height:2171, header height:121 and isFullscreenMode:false, so the max keyboard body height is:1783
10-19 23:09:50.009  5589  5589 I AndroidIME: KeyboardViewManager.updateKeyboardBodyViewHolderPaddingBottom():472 Set finalPaddingBottom = 5 while holderPaddingBottom = 5; navigationHeight = 116
10-19 23:09:50.009  5589  5589 I KeyboardHeightUtil: KeyboardHeightUtil.calculateMaxKeyboardBodyHeight():50 leave 267 height for app when ime window height:2171, header height:121 and isFullscreenMode:false, so the max keyboard body height is:1783
10-19 23:09:50.009  5589  5589 I KeyboardHeightUtil: KeyboardHeightUtil.calculateMaxKeyboardBodyHeight():50 leave 267 height for app when ime window height:2171, header height:121 and isFullscreenMode:false, so the max keyboard body height is:1783
10-19 23:09:50.010  5589  5589 I GlobeKeyExtension: GlobeKeyExtension.getKeyboardInitialStates():175 
10-19 23:09:50.011  5589  5589 W Keyboard: Keyboard.getKeyboardViewHelper():609 null helper is returned: keyboardDef=mle{processedConditions={show_comma_key=true, enable_more_candidates_view_for_multilingual=false, layout_9key_split=false, enable_secondary_symbols=false, pref_enable_flick_symbols=false, language=en-US, deprecate_long_press_space_for_ime_picker=false, expressions=normal, enable_flick_symbols=true, variant=qwerty, show_period_key=true, enable_number_row=true, device=phone, keyboard_mode=normal, show_secondary_digits=false, enable_preemptive_decode=true, enable_pk_simulator=false, bottom_period_popup_slash=false}, globalConditions={global_theme_key=theme,!gsf,!pgsans,!pgsf,!use_system_font,BORDER,FLAVOR_DPI=XXHDPI,GOOGLE_ICONS,KEYBOARD_WIDTH_CATEGORY=NORMAL,KEY_BORDER_SHAPE=1,LIGHT_THEME=false,PHYSICAL_DIAGONAL=5.748144,POPUP,SCREEN_SHORTEST_WIDTH=393,SCREEN_SHORTEST_WIDTH_NO_SCALE=393,XXHDPI,bottom4dp,enable_emoji_kitchen_browse_color_v2=true,enable_google_fonts_icons=true,enable_popup_on_keypress=true,keyboard_redesign_google_sans=true,non_linear_scale,noshadow,overlay_builtin_dynamic_color_dark_base.binarypb:gm3-dark-ff131313-ffffffff-4d9204e36e3ccb6a165e3e3dbe763ce0,roundedchip,silkpopup, global_locale=en_US, global_density_dpi=440, global_orientation=1}, className=.latin.keyboard.LatinPrimeKeyboard, resourceIds=[#0x7f1705fb, #0x7f17088d], initialStates=0, keyboardViewDefs=[mls{direction=null, id=#0x7f0b0224, isScalable=true, layoutId=#0x7f0e029f, type=BODY, touchable=true, defaultShow=true}, mls{direction=null, id=#0x7f0b0224, isScalable=false, layoutId=#0x7f0e01f9, type=FLOATING_CANDIDATES, touchable=false, defaultShow=false}, mls{direction=LOCALE, id=#0x7f0b0224, isScalable=false, layoutId=#0x7f0e0500, type=HEADER, touchable=true, defaultShow=true}], persistentStates=0, persistentStatesPrefKey=null, popupBubbleLayoutId=#0x7f0e05f1, recentKeyLayoutId=0, recentKeyPopupLayoutId=0, recentKeyType=null, rememberRecentKey=NONE, sessionStates=17592186044419}, type=WIDGET, helpersCreated=[lxm@939c0f4, lxm@719b01d, lxm@d070292, null], context.getResources().getConfiguration(): {1.0 405mcc869mnc [en_US] ldltr sw393dp w393dp h790dp 440dpi nrml long port night finger -keyb/v/h -nav/h winConfig={ mBounds=Rect(0, 0 - 1080, 2392) mAppBounds=Rect(0, 103 - 1080, 2276) mMaxBounds=Rect(0, 0 - 1080, 2392) mDisplayRotation=ROTATION_0 mWindowingMode=fullscreen mActivityType=undefined mAlwaysOnTop=undefined mRotation=ROTATION_0 isEmbedding:false} s.5420 fontWeightAdjustment=0 themeId=2 themeParameter=0 nightModeLevel = -1 typefaceChanged=0.0 ?spacesystem eaMode=1}
10-19 23:09:50.011  5589  5589 I KeyboardHeightUtil: KeyboardHeightUtil.calculateMaxKeyboardBodyHeight():50 leave 267 height for app when ime window height:2171, header height:121 and isFullscreenMode:false, so the max keyboard body height is:1783
10-19 23:09:50.024  5589  5589 I AndroidIME: InputBundleManager.startInput():358 startInput() with mlo[keyboardType=prime, payload=null]
10-19 23:09:50.024  5589  5589 I GlobeKeyExtension: GlobeKeyExtension.onActivate():120 
10-19 23:09:50.025  5589  5589 I LanguagePromoExtension: LanguagePromoExtension.checkDisplayPreconditions():174 Not show language promo: exceeds the max display times.
10-19 23:09:50.026  5589  5589 I HardKeyTracker: HardKeyTracker.unregisterKeySequence():221 Unregister key sequence nfz{labelResId=2132020497, callback=cgp@7147eb0, lastModifier=2, keyCodes=[56], actions=[0]}
10-19 23:09:50.026  5589  5589 I HardKeyTracker: HardKeyTracker.unregisterKeySequence():221 Unregister key sequence nfz{labelResId=2132020497, callback=cgp@17afa4f, lastModifier=0, keyCodes=[317], actions=[0]}
10-19 23:09:50.026  5589  5589 I HardKeyTracker: HardKeyTracker.registerKeySequence():170 Register key sequence nfz{labelResId=2132020497, callback=cgp@522e7c3, lastModifier=2, keyCodes=[56], actions=[0]}
10-19 23:09:50.026  5589  5589 I HardKeyTracker: HardKeyTracker.registerKeySequence():170 Register key sequence nfz{labelResId=2132020497, callback=cgp@51c38be, lastModifier=0, keyCodes=[317], actions=[0]}
10-19 23:09:50.026  5589  5589 I VoiceInputManagerWrapper: VoiceInputManagerWrapper.cancelShutdown():109 cancelShutdown()
10-19 23:09:50.026  5589  5589 I VoiceInputManagerWrapper: VoiceInputManagerWrapper.syncLanguagePacks():121 syncLanguagePacks()
10-19 23:09:50.026  5589  5589 I VoiceInputManager: VoiceInputManager.onKeyboardActivated():1173 onKeyboardActivated() [UD]
10-19 23:09:50.026  5589  6558 I SpeechFactory: SpeechRecognitionFactory.maybeScheduleAutoPackDownloadForFallback():217 maybeScheduleAutoPackDownloadForFallback()
10-19 23:09:50.027  5589  5589 I PkModeUpdater: PkModeUpdater.onActivate():74 onActivate false true
10-19 23:09:50.027  5589  6558 I FallbackOnDeviceRecognitionProvider: FallbackOnDeviceRecognitionProvider.maybeScheduleAutoPackDownload():205 maybeScheduleAutoPackDownload() for language tag en-US
10-19 23:09:50.027  5589  5589 I AccessoryInputModeManager: AccessoryInputModeManager.onModeStarted():318 Accessory input mode started: null
10-19 23:09:50.027  5589  5589 W SupplementaryKeyboardsWrapper: SupplementaryKeyboardsWrapper.deactivateKeyboard():161 keyboard accessory_candidates_consumer is not activated before!
10-19 23:09:50.027  5589  5589 I KeyboardModeUtils: KeyboardModeUtils.getKeyboardBottomOffset():435 inch: 0.000000 ydpi: 387.429993 adjustKeyboardBottomByDisplaySize: false currentDensityDpi: 440 defaultDensityDpi: 440 keyboardBottomToScreenPx: 0 keyboardBottomToNavBarPx: -116 navBarHeight: 116
10-19 23:09:50.027  5589  5589 I KeyboardHeightUtil: KeyboardHeightUtil.calculateMaxKeyboardBodyHeight():50 leave 267 height for app when ime window height:2171, header height:121 and isFullscreenMode:false, so the max keyboard body height is:1783
10-19 23:09:50.027  5589  5589 I KeyboardHeightUtil: KeyboardHeightUtil.calculateMaxKeyboardBodyHeight():50 leave 267 height for app when ime window height:2171, header height:121 and isFullscreenMode:false, so the max keyboard body height is:1783
10-19 23:09:50.027  5589  5589 I AndroidIME: KeyboardViewManager.updateKeyboardBodyViewHolderPaddingBottom():472 Set finalPaddingBottom = 5 while holderPaddingBottom = 5; navigationHeight = 116
10-19 23:09:50.027  5589  5589 I KeyboardHeightUtil: KeyboardHeightUtil.calculateMaxKeyboardBodyHeight():50 leave 267 height for app when ime window height:2171, header height:121 and isFullscreenMode:false, so the max keyboard body height is:1783
10-19 23:09:50.027  5589  5589 I KeyboardHeightUtil: KeyboardHeightUtil.calculateMaxKeyboardBodyHeight():50 leave 267 height for app when ime window height:2171, header height:121 and isFullscreenMode:false, so the max keyboard body height is:1783
10-19 23:09:50.028  5589  5589 W ExtensionWrapper: ExtensionWrapper.setExtensionViewVisibility():811 interface mas is not activate
10-19 23:09:50.029  5589  5589 I Module  : DeviceLockedStatusModuleProvider$Module.updateDeviceLockedStatus():100 repeatCheckTimes = 1, locked = false
10-19 23:09:50.029  5589  5589 I HardKeyTracker: HardKeyTracker.unregisterKeySequence():221 Unregister key sequence nfz{labelResId=2132020501, callback=cgp@ad78e3b, lastModifier=2, keyCodes=[48], actions=[0]}
10-19 23:09:50.029  5589  5589 I HardKeyTracker: HardKeyTracker.registerKeySequence():170 Register key sequence nfz{labelResId=2132020501, callback=cgp@f44a2f6, lastModifier=2, keyCodes=[48], actions=[0]}
10-19 23:09:50.029  5589  5589 I HardKeyTracker: HardKeyTracker.unregisterKeySequence():221 Unregister key sequence nfz{labelResId=2132020501, callback=cgp@ad280ed, lastModifier=2, keyCodes=[48], actions=[0]}
10-19 23:09:50.029  5589  5589 I HardKeyTracker: HardKeyTracker.registerKeySequence():170 Register key sequence nfz{labelResId=2132020501, callback=cgp@d909b93, lastModifier=2, keyCodes=[48], actions=[0]}
10-19 23:09:50.030  5589  5589 I HardKeyTracker: HardKeyTracker.unregisterKeySequence():221 Unregister key sequence nfz{labelResId=2132020497, callback=cgp@4a7be9c, lastModifier=2, keyCodes=[56], actions=[0]}
10-19 23:09:50.030  5589  5589 I HardKeyTracker: HardKeyTracker.unregisterKeySequence():221 Unregister key sequence nfz{labelResId=2132020497, callback=cgp@3c47c2b, lastModifier=0, keyCodes=[317], actions=[0]}
10-19 23:09:50.030  5589  5589 I HardKeyTracker: HardKeyTracker.registerKeySequence():170 Register key sequence nfz{labelResId=2132020497, callback=cgp@f2dea0b, lastModifier=2, keyCodes=[56], actions=[0]}
10-19 23:09:50.030  5589  5589 I HardKeyTracker: HardKeyTracker.registerKeySequence():170 Register key sequence nfz{labelResId=2132020497, callback=cgp@1b9b5a6, lastModifier=0, keyCodes=[317], actions=[0]}
10-19 23:09:50.030  5589  5589 I HardKeyTracker: HardKeyTracker.unregisterKeySequence():221 Unregister key sequence nfz{labelResId=2132020502, callback=cgp@6734534, lastModifier=2, keyCodes=[32], actions=[0]}
10-19 23:09:50.030  5589  5589 I HardKeyTracker: HardKeyTracker.registerKeySequence():170 Register key sequence nfz{labelResId=2132020502, callback=cgp@1678f83, lastModifier=2, keyCodes=[32], actions=[0]}
10-19 23:09:50.032  5589  5589 I HardKeyTracker: HardKeyTracker.unregisterKeySequence():221 Unregister key sequence nfz{labelResId=2132020502, callback=cgp@3ef9591, lastModifier=2, keyCodes=[32], actions=[0]}
10-19 23:09:50.032  5589  5589 I HardKeyTracker: HardKeyTracker.registerKeySequence():170 Register key sequence nfz{labelResId=2132020502, callback=cgp@5f3a418, lastModifier=2, keyCodes=[32], actions=[0]}
10-19 23:09:50.032  5589  5589 I VoiceImeExtension: VoiceImeExtension.shouldStartVoiceInputAutomaticallyInCurrentInputBox():378 No private IME option set to start voice input.
10-19 23:09:50.044  5589  5589 D ViewRootImpl: AppSizeAfterRelayout, size: Point(1080, 2287), rotation: ROTATION_0
10-19 23:09:50.044  5589  5589 D BufferQueueConsumer: [](id:15d50000093b,api:0,p:-1,c:5589) connect: controlledByApp=false
10-19 23:09:50.044  5589  5589 D BLASTBufferQueue: [VRI[InputMethod]#2363](f:0,a:0) constructor()
10-19 23:09:50.044  5589  5589 D BLASTBufferQueue: [VRI[InputMethod]#2363](f:0,a:0) update width=1080 height=2287 format=-2 mTransformHint=0
10-19 23:09:50.045  5589  5589 I KeyboardModeUtils: KeyboardModeUtils.getKeyboardBottomOffset():435 inch: 0.000000 ydpi: 387.429993 adjustKeyboardBottomByDisplaySize: false currentDensityDpi: 440 defaultDensityDpi: 440 keyboardBottomToScreenPx: 0 keyboardBottomToNavBarPx: -116 navBarHeight: 116
10-19 23:09:50.045  5589  5589 I KeyboardHeightUtil: KeyboardHeightUtil.calculateMaxKeyboardBodyHeight():50 leave 267 height for app when ime window height:2171, header height:121 and isFullscreenMode:false, so the max keyboard body height is:1783
10-19 23:09:50.046  5589  5589 I KeyboardHeightUtil: KeyboardHeightUtil.calculateMaxKeyboardBodyHeight():50 leave 267 height for app when ime window height:2171, header height:121 and isFullscreenMode:false, so the max keyboard body height is:1783
10-19 23:09:50.046  5589  5589 I AndroidIME: KeyboardViewManager.updateKeyboardBodyViewHolderPaddingBottom():472 Set finalPaddingBottom = 5 while holderPaddingBottom = 5; navigationHeight = 116
10-19 23:09:50.046  5589  5589 I WindowMetricsNotification: WindowMetricsNotification.notifyWithWindow():166 
10-19 23:09:50.046  5589  5589 I WindowMetricsNotification: WindowMetricsNotification.notify():159 pfu[bounds=Rect(0, 105 - 1080, 2392), insets=Rect(0, 0 - 0, 116), densityDpi=440, smallestScreenWidthDp=393, displayWidth=1080, displayHeight=2392, xdpi=387.43, ydpi=387.43, isTrustable=true, displayId=0]; DisplayMetrics{density=2.75, width=1080, height=2392, scaledDensity=2.75, xdpi=387.43, ydpi=387.43}
10-19 23:09:50.063  5589  5657 D BLASTBufferQueue: [VRI[InputMethod]#2363](f:0,a:1) acquireNextBufferLocked size=1080x2287 mFrameNumber=1 applyTransaction=true mTimestamp=656511939840284(auto) mPendingTransactions.size=0 graphicBufferId=24004572225045 transform=0
10-19 23:09:50.067  5946  5946 D InsetsController: show(ime(), fromIme=true)
10-19 23:09:50.069  5589  5589 I GoogleInputMethodService: GoogleInputMethodService$1.onKeyboardViewShown():325 onKeyboardViewShown: keyboardType=prime, keyboardViewType=HEADER keyboardView=com.google.android.libraries.inputmethod.widgets.SoftKeyboardView{2803e57 V.E...... ........ 0,0-1080,121}
10-19 23:09:50.070  5589  5589 I KeyboardHeightUtil: KeyboardHeightUtil.calculateMaxKeyboardBodyHeight():50 leave 267 height for app when ime window height:2171, header height:121 and isFullscreenMode:false, so the max keyboard body height is:1783
10-19 23:09:50.070  5589  5589 I GoogleInputMethodService: GoogleInputMethodService$1.onKeyboardViewShown():325 onKeyboardViewShown: keyboardType=prime, keyboardViewType=BODY keyboardView=com.google.android.libraries.inputmethod.widgets.SoftKeyboardView{739ce04 V.E...... ........ 0,0-1080,693}
10-19 23:09:50.070  5589  5589 I KeyboardHeightUtil: KeyboardHeightUtil.calculateMaxKeyboardBodyHeight():50 leave 267 height for app when ime window height:2171, header height:121 and isFullscreenMode:false, so the max keyboard body height is:1783
10-19 23:09:50.071  5589  5589 I GlobeKeyExtension: GlobeKeyExtension$1.onKeyboardViewShown():72 maybeDisableLanguageSwitchKeyPref when the keyboard is shown
10-19 23:09:50.071  5589  5589 I GlobeKeyExtension: GlobeKeyExtension.maybeDisableLanguageSwitchKeyPref():200 maybeDisableLanguageSwitchKeyPref hasGlobeKeyBeenDisabled: false, shouldDisableLanguageSwitchKey: false
10-19 23:09:50.071  5589  5589 I NewLanguagePromptExtension: NewLanguagePromptExtension$1.onKeyboardViewShown():98 Not show new language banner: no change in enabled input method entries
10-19 23:09:50.071  5589  5589 I DynamicLayoutHandler: DynamicLayoutHandler.loadDynamicKeys():83 This isn't a dynamic layout.
10-19 23:09:50.071  5589  6030 I Delight5Decoder: Delight5DecoderWrapper.setKeyboardLayout():536 setKeyboardLayout()
10-19 23:09:50.072  5589  5589 I KeyboardModeUtils: KeyboardModeUtils.getKeyboardBottomOffset():435 inch: 0.000000 ydpi: 387.429993 adjustKeyboardBottomByDisplaySize: false currentDensityDpi: 440 defaultDensityDpi: 440 keyboardBottomToScreenPx: 0 keyboardBottomToNavBarPx: -116 navBarHeight: 116
10-19 23:09:50.072  5589  5589 I KeyboardHeightUtil: KeyboardHeightUtil.calculateMaxKeyboardBodyHeight():50 leave 267 height for app when ime window height:2171, header height:121 and isFullscreenMode:false, so the max keyboard body height is:1783
10-19 23:09:50.072  5589  5589 I KeyboardHeightUtil: KeyboardHeightUtil.calculateMaxKeyboardBodyHeight():50 leave 267 height for app when ime window height:2171, header height:121 and isFullscreenMode:false, so the max keyboard body height is:1783
10-19 23:09:50.072  5589  5589 I AndroidIME: KeyboardViewManager.updateKeyboardBodyViewHolderPaddingBottom():472 Set finalPaddingBottom = 5 while holderPaddingBottom = 5; navigationHeight = 116
10-19 23:09:50.103 21163 21163 D BoundBrokerSvc: onBind: Intent { act=com.google.android.gms.common.BIND_SHARED_PREFS pkg=com.google.android.gms }
10-19 23:09:50.103 21163 21163 D BoundBrokerSvc: Loading bound service for intent: Intent { act=com.google.android.gms.common.BIND_SHARED_PREFS pkg=com.google.android.gms }
10-19 23:09:50.110 21163 21163 D BoundBrokerSvc: onBind: Intent { act=com.google.android.gms.wallet.service.BIND pkg=com.google.android.gms }
10-19 23:09:50.110 21163 21163 D BoundBrokerSvc: Loading bound service for intent: Intent { act=com.google.android.gms.wallet.service.BIND pkg=com.google.android.gms }
10-19 23:09:50.112 21104 17863 W anqe    : Failed to retrieve prediction data. [CONTEXT service_id=177 ]
10-19 23:09:50.112 21104 17863 W anqe    : java.util.concurrent.ExecutionException: fnpd: No active MDD filegroup android-autofill-infinitedata found for the table autofill-domain-predictions-prod-spanner.
10-19 23:09:50.112 21104 17863 W anqe    : 	at gpkb.j(:com.google.android.gms@254031035@25.40.31 (260400-816341114):21)
10-19 23:09:50.112 21104 17863 W anqe    : 	at gpkk.v(:com.google.android.gms@254031035@25.40.31 (260400-816341114):107)
10-19 23:09:50.112 21104 17863 W anqe    : 	at gpkb.get(:com.google.android.gms@254031035@25.40.31 (260400-816341114):2)
10-19 23:09:50.112 21104 17863 W anqe    : 	at anqe.e(:com.google.android.gms@254031035@25.40.31 (260400-816341114):81)
10-19 23:09:50.112 21104 17863 W anqe    : 	at anqe.a(:com.google.android.gms@254031035@25.40.31 (260400-816341114):124)
10-19 23:09:50.112 21104 17863 W anqe    : 	at anno.call(:com.google.android.gms@254031035@25.40.31 (260400-816341114):5)
10-19 23:09:50.112 21104 17863 W anqe    : 	at java.util.concurrent.FutureTask.run(FutureTask.java:317)
10-19 23:09:50.112 21104 17863 W anqe    : 	at bckr.c(:com.google.android.gms@254031035@25.40.31 (260400-816341114):50)
10-19 23:09:50.112 21104 17863 W anqe    : 	at bckr.run(:com.google.android.gms@254031035@25.40.31 (260400-816341114):73)
10-19 23:09:50.112 21104 17863 W anqe    : 	at java.util.concurrent.ThreadPoolExecutor.runWorker(ThreadPoolExecutor.java:1156)
10-19 23:09:50.112 21104 17863 W anqe    : 	at java.util.concurrent.ThreadPoolExecutor$Worker.run(ThreadPoolExecutor.java:651)
10-19 23:09:50.112 21104 17863 W anqe    : 	at bcqi.run(:com.google.android.gms@254031035@25.40.31 (260400-816341114):8)
10-19 23:09:50.112 21104 17863 W anqe    : 	at java.lang.Thread.run(Thread.java:1119)
10-19 23:09:50.112 21104 17863 W anqe    : Caused by: fnpd: No active MDD filegroup android-autofill-infinitedata found for the table autofill-domain-predictions-prod-spanner.
10-19 23:09:50.112 21104 17863 W anqe    : 	at fnpr.a(:com.google.android.gms@254031035@25.40.31 (260400-816341114):13)
10-19 23:09:50.112 21104 17863 W anqe    : 	at gpjr.d(:com.google.android.gms@254031035@25.40.31 (260400-816341114):3)
10-19 23:09:50.112 21104 17863 W anqe    : 	at gpjt.run(:com.google.android.gms@254031035@25.40.31 (260400-816341114):130)
10-19 23:09:50.112 21104 17863 W anqe    : 	at gpma.execute(:com.google.android.gms@254031035@25.40.31 (260400-816341114):1)
10-19 23:09:50.112 21104 17863 W anqe    : 	at gpkb.f(:com.google.android.gms@254031035@25.40.31 (260400-816341114):1)
10-19 23:09:50.112 21104 17863 W anqe    : 	at gpkb.m(:com.google.android.gms@254031035@25.40.31 (260400-816341114):99)
10-19 23:09:50.112 21104 17863 W anqe    : 	at gpkb.r(:com.google.android.gms@254031035@25.40.31 (260400-816341114):17)
10-19 23:09:50.112 21104 17863 W anqe    : 	at gpko.run(:com.google.android.gms@254031035@25.40.31 (260400-816341114):77)
10-19 23:09:50.112 21104 17863 W anqe    : 	at gpma.execute(:com.google.android.gms@254031035@25.40.31 (260400-816341114):1)
10-19 23:09:50.112 21104 17863 W anqe    : 	at gpkb.f(:com.google.android.gms@254031035@25.40.31 (260400-816341114):1)
10-19 23:09:50.112 21104 17863 W anqe    : 	at gpkb.m(:com.google.android.gms@254031035@25.40.31 (260400-816341114):99)
10-19 23:09:50.112 21104 17863 W anqe    : 	at gpkb.t(:com.google.android.gms@254031035@25.40.31 (260400-816341114):26)
10-19 23:09:50.112 21104 17863 W anqe    : 	at gpjr.e(:com.google.android.gms@254031035@25.40.31 (260400-816341114):3)
10-19 23:09:50.112 21104 17863 W anqe    : 	at gpjt.run(:com.google.android.gms@254031035@25.40.31 (260400-816341114):138)
10-19 23:09:50.112 21104 17863 W anqe    : 	at gpma.execute(:com.google.android.gms@254031035@25.40.31 (260400-816341114):1)
10-19 23:09:50.112 21104 17863 W anqe    : 	at gpkb.f(:com.google.android.gms@254031035@25.40.31 (260400-816341114):1)
10-19 23:09:50.112 21104 17863 W anqe    : 	at gpkb.m(:com.google.android.gms@254031035@25.40.31 (260400-816341114):99)
10-19 23:09:50.112 21104 17863 W anqe    : 	at gpkb.r(:com.google.android.gms@254031035@25.40.31 (260400-816341114):17)
10-19 23:09:50.112 21104 17863 W anqe    : 	at gpko.run(:com.google.android.gms@254031035@25.40.31 (260400-816341114):77)
10-19 23:09:50.112 21104 17863 W anqe    : 	at gpma.execute(:com.google.android.gms@254031035@25.40.31 (260400-816341114):1)
10-19 23:09:50.112 21104 17863 W anqe    : 	at gpkb.f(:com.google.android.gms@254031035@25.40.31 (260400-816341114):1)
10-19 23:09:50.112 21104 17863 W anqe    : 	at gpkb.m(:com.google.android.gms@254031035@25.40.31 (260400-816341114):99)
10-19 23:09:50.112 21104 17863 W anqe    : 	at gpkb.t(:com.google.android.gms@254031035@25.40.31 (260400-816341114):26)
10-19 23:09:50.112 21104 17863 W anqe    : 	at gpmx.run(:com.google.android.gms@254031035@25.40.31 (260400-816341114):5)
10-19 23:09:50.112 21104 17863 W anqe    : 	at gpma.execute(:com.google.android.gms@254031035@25.40.31 (260400-816341114):1)
10-19 23:09:50.112 21104 17863 W anqe    : 	at gpkb.f(:com.google.android.gms@254031035@25.40.31 (260400-816341114):1)
10-19 23:09:50.112 21104 17863 W anqe    : 	at gpkb.m(:com.google.android.gms@254031035@25.40.31 (260400-816341114):99)
10-19 23:09:50.112 21104 17863 W anqe    : 	at gpkb.t(:com.google.android.gms@254031035@25.40.31 (260400-816341114):26)
10-19 23:09:50.112 21104 17863 W anqe    : 	at gpkm.e(:com.google.android.gms@254031035@25.40.31 (260400-816341114):3)
10-19 23:09:50.112 21104 17863 W anqe    : 	at gpko.run(:com.google.android.gms@254031035@25.40.31 (260400-816341114):44)
10-19 23:09:50.112 21104 17863 W anqe    : 	at gpod.run(:com.google.android.gms@254031035@25.40.31 (260400-816341114):64)
10-19 23:09:50.112 21104 17863 W anqe    : 	... 6 more
10-19 23:09:50.112 21104 17863 W anqe    : Caused by: flxc: Requested group not found.
10-19 23:09:50.112 21104 17863 W anqe    : 	at flxa.a(:com.google.android.gms@254031035@25.40.31 (260400-816341114):30)
10-19 23:09:50.112 21104 17863 W anqe    : 	at fmce.a(:com.google.android.gms@254031035@25.40.31 (260400-816341114):19)
10-19 23:09:50.112 21104 17863 W anqe    : 	at ghbr.a(:com.google.android.gms@254031035@25.40.31 (260400-816341114):13)
10-19 23:09:50.112 21104 17863 W anqe    : 	at gpkm.d(:com.google.android.gms@254031035@25.40.31 (260400-816341114):3)
10-19 23:09:50.112 21104 17863 W anqe    : 	at gpko.run(:com.google.android.gms@254031035@25.40.31 (260400-816341114):38)
10-19 23:09:50.112 21104 17863 W anqe    : 	... 7 more
10-19 23:09:50.134 21104 18161 I PasswordSaveInfoFactory: Form has a username and is not a password only form. [CONTEXT service_id=177 ]
10-19 23:09:50.135 21104 18161 I PasswordSaveInfoFactory: Form is not a password only form. [CONTEXT service_id=177 ]
10-19 23:09:50.137 21104 18161 I UsernameSaveInfoFactory: Form has a password and is not a username only form. [CONTEXT service_id=177 ]
10-19 23:09:50.146 21163 30822 I SyncManager: (REDACTED) Executing sync(type=%s%s)
10-19 23:09:50.160 18166 18166 I .android.gms.ui: Using CollectorTypeCC GC.
10-19 23:09:50.161 21163 30822 I SyncManager: (REDACTED) Executing sync(type=%s) finished in %s
10-19 23:09:50.164 21163 30822 I SyncManager: (REDACTED) Executing sync(type=%s%s)
10-19 23:09:50.165 18166 18166 E .android.gms.ui: Not starting debugger since process cannot load the jdwp agent.
10-19 23:09:50.170 18166 18166 D nativeloader: Load libframework-connectivity-tiramisu-jni.so using APEX ns com_android_tethering for caller /apex/com.android.tethering/javalib/framework-connectivity-t.jar: ok
10-19 23:09:50.171 21163 30822 I SyncManager: (REDACTED) Executing sync(type=%s) finished in %s
10-19 23:09:50.173 21163 30822 I SyncManager: (REDACTED) Executing sync(type=%s%s)
10-19 23:09:50.176 21163 30822 I SyncManager: (REDACTED) Executing sync(type=%s) finished in %s
10-19 23:09:50.177 21163 30822 I SyncManager: (REDACTED) Executing sync(type=%s%s)
10-19 23:09:50.180 21163 30822 I SyncManager: (REDACTED) Executing sync(type=%s) finished in %s
10-19 23:09:50.181  5589  5589 W TooltipLifecycleManager: TooltipLifecycleManager.dismissTooltips():153 Tooltip with id spell_check_add_to_dictionary not found in tooltipManager.
10-19 23:09:50.185 21163 30822 I SyncManager: (REDACTED) Executing sync(type=%s%s)
10-19 23:09:50.188 18166 18166 E .android.gms.ui: BBinder_init Processname  <pre-initialized>  
10-19 23:09:50.188 18166 18166 E .android.gms.ui: BBinder_init hasGetProcessName  <pre-initialized>
10-19 23:09:50.189 21163 30822 I SyncManager: (REDACTED) Executing sync(type=%s) finished in %s
10-19 23:09:50.206 18166 18166 D ApplicationLoaders: Returning zygote-cached class loader: /system/framework/org.apache.http.legacy.jar
10-19 23:09:50.209 18166 18166 D nativeloader: Configuring clns-7 for other apk /system/framework/com.android.media.remotedisplay.jar. target_sdk_version=36, uses_libraries=ALL, library_path=/data/app/~~eCrvdpce8cKhF_o5XuPylw==/com.google.android.gms-3JM2t0qN4ruXi9hkKZ22Bw==/lib/arm64:/data/app/~~eCrvdpce8cKhF_o5XuPylw==/com.google.android.gms-3JM2t0qN4ruXi9hkKZ22Bw==/base.apk!/lib/arm64-v8a, permitted_path=/data:/mnt/expand:/data/user/0/com.google.android.gms
10-19 23:09:50.209 18166 18166 D nativeloader: Extending system_exposed_libraries: libapuwareapusys.mtk.so:libapuwareapusys_v2.mtk.so:libapuwarexrp.mtk.so:libapuwarexrp_v2.mtk.so:libapuwareutils.mtk.so:libapuwareutils_v2.mtk.so:libapuwarehmp.mtk.so:libneuron_graph_delegate.mtk.so:libneuronusdk_adapter.mtk.so:libtflite_mtk.mtk.so:libarmnn_ndk.mtk.so:libcmdl_ndk.mtk.so:libnir_neon_driver_ndk.mtk.so:libmvpu_runtime.mtk.so:libmvpu_runtime_pub.mtk.so:libmvpu_engine_pub.mtk.so:libmvpu_pattern_pub.mtk.so:libmvpuop_mtk_cv.mtk.so:libmvpuop_mtk_nn.mtk.so:libmvpu_runtime_25.mtk.so:libmvpu_runtime_25_pub.mtk.so:libmvpu_engine_25_pub.mtk.so:libmvpu_pattern_25_pub.mtk.so:libmvpuop25_mtk_cv.mtk.so:libmvpuop25_mtk_nn.mtk.so:libmvpu_config.mtk.so:libteeservice_client.trustonic.so:librealm-jni.vivo.so
10-19 23:09:50.213 18166 18166 D nativeloader: Configuring clns-8 for other apk /system/framework/com.android.location.provider.jar. target_sdk_version=36, uses_libraries=ALL, library_path=/data/app/~~eCrvdpce8cKhF_o5XuPylw==/com.google.android.gms-3JM2t0qN4ruXi9hkKZ22Bw==/lib/arm64:/data/app/~~eCrvdpce8cKhF_o5XuPylw==/com.google.android.gms-3JM2t0qN4ruXi9hkKZ22Bw==/base.apk!/lib/arm64-v8a, permitted_path=/data:/mnt/expand:/data/user/0/com.google.android.gms
10-19 23:09:50.213 18166 18166 D nativeloader: Extending system_exposed_libraries: libapuwareapusys.mtk.so:libapuwareapusys_v2.mtk.so:libapuwarexrp.mtk.so:libapuwarexrp_v2.mtk.so:libapuwareutils.mtk.so:libapuwareutils_v2.mtk.so:libapuwarehmp.mtk.so:libneuron_graph_delegate.mtk.so:libneuronusdk_adapter.mtk.so:libtflite_mtk.mtk.so:libarmnn_ndk.mtk.so:libcmdl_ndk.mtk.so:libnir_neon_driver_ndk.mtk.so:libmvpu_runtime.mtk.so:libmvpu_runtime_pub.mtk.so:libmvpu_engine_pub.mtk.so:libmvpu_pattern_pub.mtk.so:libmvpuop_mtk_cv.mtk.so:libmvpuop_mtk_nn.mtk.so:libmvpu_runtime_25.mtk.so:libmvpu_runtime_25_pub.mtk.so:libmvpu_engine_25_pub.mtk.so:libmvpu_pattern_25_pub.mtk.so:libmvpuop25_mtk_cv.mtk.so:libmvpuop25_mtk_nn.mtk.so:libmvpu_config.mtk.so:libteeservice_client.trustonic.so:librealm-jni.vivo.so
10-19 23:09:50.213 18166 18166 D ApplicationLoaders: Returning zygote-cached class loader: /system_ext/framework/androidx.window.extensions.jar
10-19 23:09:50.213 18166 18166 D ApplicationLoaders: Returning zygote-cached class loader: /system_ext/framework/androidx.window.sidecar.jar
10-19 23:09:50.220  1870  1870 D AutofillSession: Service did not request to wait for delayed fill response.
10-19 23:09:50.229  3458  3458 V InlinePresentationRendererServiceImpl: onRenderSuggestion: width=-2, height=-2
10-19 23:09:50.238  3458  3458 V InlineSuggestionRenderService: width=-2, height=-2, measuredSize=366x121
10-19 23:09:50.252 18166 18166 D nativeloader: Configuring clns-9 for other apk /data/app/~~eCrvdpce8cKhF_o5XuPylw==/com.google.android.gms-3JM2t0qN4ruXi9hkKZ22Bw==/base.apk. target_sdk_version=36, uses_libraries=, library_path=/data/app/~~eCrvdpce8cKhF_o5XuPylw==/com.google.android.gms-3JM2t0qN4ruXi9hkKZ22Bw==/lib/arm64:/data/app/~~eCrvdpce8cKhF_o5XuPylw==/com.google.android.gms-3JM2t0qN4ruXi9hkKZ22Bw==/base.apk!/lib/arm64-v8a, permitted_path=/data:/mnt/expand:/data/user/0/com.google.android.gms
10-19 23:09:50.255  3458  3458 D ViewRootImpl: AppSizeAfterRelayout, size: Point(366, 121), rotation: ROTATION_0
10-19 23:09:50.255  3458  3458 D BufferQueueConsumer: [](id:d8200000246,api:0,p:-1,c:3458) connect: controlledByApp=false
10-19 23:09:50.255  3458  3458 D BLASTBufferQueue: [VRI[]#582](f:0,a:0) constructor()
10-19 23:09:50.255  3458  3458 D BLASTBufferQueue: [VRI[]#582](f:0,a:0) update width=366 height=121 format=-2 mTransformHint=0
10-19 23:09:50.258  1870  1976 D AutofillSession: onShown(): 2, 1
10-19 23:09:50.260  5589  5589 I ProactiveSuggestionsHolderManager: ProactiveSuggestionsHolderManager$2.display():195 Requesting to show proactive suggestions: AUTO_FILL PREEMPTIVE_WITH_SUPPRESSION
10-19 23:09:50.265  5589  5589 D BufferQueueConsumer: [](id:15d50000093c,api:0,p:-1,c:5589) connect: controlledByApp=false
10-19 23:09:50.265  5589  5589 D BLASTBufferQueue: [SurfaceView[InputMethod]#2364](f:0,a:0) constructor()
10-19 23:09:50.265  5589  5589 D BLASTBufferQueue: [SurfaceView[InputMethod]#2364](f:0,a:0) update width=770 height=121 format=-2 mTransformHint=0
10-19 23:09:50.266  1870  3603 D BatteryStatsService: noteVideoSurfaceChanged  noteWhich: 49,arg1: 770, arg2: 121, arg3: 5589, arg4: 106001, name: com.google.android.inputmethod.latin
10-19 23:09:50.266  3458 31463 D BLASTBufferQueue: [VRI[]#582](f:0,a:1) acquireNextBufferLocked size=366x121 mFrameNumber=1 applyTransaction=true mTimestamp=656512142755591(auto) mPendingTransactions.size=0 graphicBufferId=14851996913642 transform=0
10-19 23:09:50.267  5589  5589 I ProactiveSuggestionsHolderManager: ProactiveSuggestionsHolderManager$Holder.setSuggestionsAndShow():898 succeed to show proactive suggestions AUTO_FILL PREEMPTIVE_WITH_SUPPRESSION
10-19 23:09:50.269  5589  5589 I KeyboardModeUtils: KeyboardModeUtils.getKeyboardBottomOffset():435 inch: 0.000000 ydpi: 387.429993 adjustKeyboardBottomByDisplaySize: false currentDensityDpi: 440 defaultDensityDpi: 440 keyboardBottomToScreenPx: 0 keyboardBottomToNavBarPx: -116 navBarHeight: 116
10-19 23:09:50.269  5589  5589 I KeyboardHeightUtil: KeyboardHeightUtil.calculateMaxKeyboardBodyHeight():50 leave 267 height for app when ime window height:2171, header height:121 and isFullscreenMode:false, so the max keyboard body height is:1783
10-19 23:09:50.269  5589  5589 I KeyboardHeightUtil: KeyboardHeightUtil.calculateMaxKeyboardBodyHeight():50 leave 267 height for app when ime window height:2171, header height:121 and isFullscreenMode:false, so the max keyboard body height is:1783
10-19 23:09:50.269  5589  5589 I AndroidIME: KeyboardViewManager.updateKeyboardBodyViewHolderPaddingBottom():472 Set finalPaddingBottom = 5 while holderPaddingBottom = 5; navigationHeight = 116
