10-19 14:57:28.804  5720 15069 D SQLiteQueryBuilder: SELECT _id, _data, _size, date_modified, bucket_id, orientation, datetaken FROM images WHERE ((((is_pending=0 AND NOT _modifier=4) OR (is_pending=1 AND lower(_data) NOT REGEXP '.*/\.pending-(\d+)-([^/]+)$' AND owner_package_name IN ( 'com.vivo.gallery' , 'com.vivo.widget.gallery' )))) AND (is_trashed=0) AND (volume_name IN ( 'external_primary' ))) AND (( bucket_id IN ( -1212198981, -1695567127, -53910322, -2140495773, 606811175, 1251957395, 1115488879, 1092149518, 390907738, -1694063856, -803954635, -1690180765, -1816304744, 911081060, -1291404494, -1285319851, -651554454, 151630153, 543621159, -2002206485, 73761835, -1760112825, -71543827, -302991967, -1227671927, -156420408, -1516374533, 1829735780, -1450708494, -506316380, -1341114264, 1114833418, 1152093397, -1733679058, -2131021710, -680697881, 2084439217, -2024679488, -1447456465, 700805465, 991906690, 1345966226, 657155968, 1266435012, -1966306697, -1897284014, -1949680778, 434583847, 990381004, -1526850504, -1612742889, -1273942824, -1004938028, 331203438, 708879003, 255899559, -528275350, -602893060, -1055518229, 545491069, -1716401999, 668104411, -1118657469, 1040014575, 849662899, -174887798, -1292465169, 1101584562, -613830029, -1577375515, -1628155945, -1033534650, -328196774, -2071947861, 805181138, -1104308479, 181789691, 619245019, 616142335, -1829889111, -1578944343, -1809455754, 1690766750, -793566743, 272894235, -435605656, -1858432929, -792464988, -434569360, -1462931038, -879973635, 65759896, -924335728, -1809287853, 1755148769, -223571158, 2126348076, 48382832, 700217390, 630412299, 183872366, 1059985074, -1806957104, -1641691205, -571335571, 1519174419, 1036004452, -2031220924, -1537104433, 1829930144, -745596364, -8122821, 1366741172, 1548299660, 1674287630, -1535937100, 13148420, 1909659649, 264986155, -9482612, 13005089, -2089205090, -1022498075, -919133986, -884178250, -1422443828, -670014994, -2121027476, 2020100714, 489993, 448544941, -2101462868, -261299595, 1172023232, 1278178828, -607125002, -856420653, -1973993346, 1498690426, -1527464249, -1945110980, 395625896, 1909316592, 569711560, -1686988495, 1763470175, -1488038648, 2113906615, -550734493, 85651275, -1964037955, 428383196, -1949793892, 1136101865, 2018234913, -18391924, 1490911920, -884178653, -1170470833, -1215953411, 1077477957, -1198914825, 1461775709, -643464410, 1900774339, 1272506704, -485246563, 1960476238, -1291404897, -1950041765, 1664549270, 2070856141, 1220790880, 359301071, 278762032, 470519460, -924530092, -1382559966, 904275793, 1298630565, 1186223222, -519179321, 232691476, -1684913851, -750954006, 83641895, 1145800364, -2012790048, 1286776387, 397907126, 1330064451, -1804177550, -1809174739, 174397812, 2043613916, -675937132, 1736146008, -1702973091, -1184968074, 1502601919, 1574223589, 445258174, -1682700158, -351293385, 638217523, 2052700512, 949947357, -1318309340, 616722321, -1406249091, 656868479, -402361508, -1410236246, -1193446467, -1415689986, -1935708161, 1786892787, -2041971395, -1087402833, -1809045590, 658433208, 1208185747, 761624307, 250774884, 12344107, -1415495622, 35166595, -175675851, 912551383, -1432612566, 39258592, -131644514, -1950760957, -1022555983, -1656404229, -731336746, 1106324018, 1962141495, -643270046, 133162019, -2075879543, 945165185, -1572118126, 1746875333, -2129001792, -1739773001, -214169408, 1354535744, -1551292529, 581197485, 1732723533, 1456888538, -1448813142, 13311172, -1569520032, -1527994117, 348164313, 1631149349, -242606674, -1914187326, -1445556762, 211087524, -219150656, -1422672119, -1530754818, -1171388910, -2072752055, -1325148867, 361712075, -1730634595, -340891674, 1407102871, 53870456, -508660256, 2028258487, -815228101, -1694937425, -519178918, 1561178453, -1131671344, 1431320847, 2046578077, -781677303, 1291266200, 848578299, -1972390376, -978314959, -1319727662, 943502520, 1028125135, -175466238, 1195992005, 1920382715, 2108277051, 443703009, 675671268, 263662367, -347572232, 183545411, 1450478273, -1879659704, 1957916785, 1976953110, -1157253172, -1407948598, 
10-19 14:57:29.138 23589 24108 I ReactNativeJS: === LOGIN BUTTON PRESSED ===
10-19 14:57:29.138 23589 24108 I ReactNativeJS: 'Username entered:', 'Jai'
10-19 14:57:29.138 23589 24108 I ReactNativeJS: 'Password length:', 10
10-19 14:57:29.138 23589 24108 I ReactNativeJS: === DRIVER AUTHENTICATION ===
10-19 14:57:29.138 23589 24108 I ReactNativeJS: 'Username:', 'Jai'
10-19 14:57:29.138 23589 24108 I ReactNativeJS: 'Password length:', 10
10-19 14:57:29.138 23589 24108 I ReactNativeJS:  Authenticating driver credentials via RPC...
10-19 14:57:29.145 23589 24108 I ReactNativeJS: Auth still loading...
10-19 14:57:29.167 23589 23589 I ImeTracker: com.a1taxi.driverpro:53784de9: onRequestHide at ORIGIN_CLIENT reason HIDE_SOFT_INPUT_CLOSE_CURRENT_SESSION fromUser false
10-19 14:57:29.305  5589  5589 W TooltipLifecycleManager: TooltipLifecycleManager.dismissTooltips():153 Tooltip with id undo_access_point_promotion_banner not found in tooltipManager.
10-19 14:57:29.329  5589  5589 D ViewRootImpl: AppSizeAfterRelayout, size: Point(1080, 2287), rotation: ROTATION_0
10-19 14:57:29.330  5589  5589 D BLASTBufferQueue: [VRI[InputMethod]#1919](f:0,a:4) destructor()
10-19 14:57:29.330  5589  5589 D BufferQueueConsumer: [VRI[InputMethod]#1919(BLAST Consumer)1919](id:15d50000077f,api:0,p:-1,c:5589) disconnect
10-19 14:57:29.413 23589 24108 I ReactNativeJS: 'Authentication result:', { success: true,
10-19 14:57:29.413 23589 24108 I ReactNativeJS:   user_id: 'ae53a792-6aed-4186-823d-61c34c6defe2',
10-19 14:57:29.413 23589 24108 I ReactNativeJS:   message: 'Authentication successful' }
10-19 14:57:29.413 23589 24108 I ReactNativeJS:  Authentication successful
10-19 14:57:29.414 23589 24108 I ReactNativeJS: 'User ID:', 'ae53a792-6aed-4186-823d-61c34c6defe2'
10-19 14:57:29.414 23589 24108 I ReactNativeJS:  Loading user profile...
10-19 14:57:29.758 23589 24108 I ReactNativeJS:  User verified as driver
10-19 14:57:29.758 23589 24108 I ReactNativeJS:  Loading driver profile via RPC...
10-19 14:57:30.119 23589 24108 I ReactNativeJS: === RETRIEVING CURRENT DRIVER STATUS ===
10-19 14:57:30.120 23589 24108 I ReactNativeJS:  Driver profile loaded successfully
10-19 14:57:30.120 23589 24108 I ReactNativeJS: ' CURRENT status from database:', 'busy'
10-19 14:57:30.120 23589 24108 I ReactNativeJS: ' Status retrieved at:', '2025-10-19T09:27:30.120Z'
10-19 14:57:30.120 23589 24108 I ReactNativeJS:  TESTING MODE: Setting status to ONLINE by default
10-19 14:57:30.120 23589 24108 I ReactNativeJS:  TESTING MODE ACTIVE - Ensuring driver is ONLINE and AVAILABLE
10-19 14:57:30.408 23589 24108 I ReactNativeJS:  Driver status set to ONLINE and VERIFIED for testing
10-19 14:57:30.409 23589 24108 I ReactNativeJS: === FINAL STATUS CONFIRMATION ===
10-19 14:57:30.409 23589 24108 I ReactNativeJS: ' Driver logged in with TESTING status:', 'online'
10-19 14:57:30.410 23589 24108 I ReactNativeJS:  TESTING MODE: Driver defaulted to ONLINE
10-19 14:57:30.410 23589 24108 I ReactNativeJS:  Status will remain ONLINE until manually changed
10-19 14:57:30.415 23589 24108 I ReactNativeJS: Auth still loading...
10-19 14:57:30.415 23589 24108 I ReactNativeJS: === RIDE CONTEXT INITIALIZED ===
10-19 14:57:30.416 23589 24108 I ReactNativeJS: 'Driver:', 'jai'
10-19 14:57:30.416 23589 24108 I ReactNativeJS: 'Driver ID:', '76b66a88-dff9-4965-9e36-8a92023f155d'
10-19 14:57:30.416 23589 24108 I ReactNativeJS: 'Driver Status:', 'online'
10-19 14:57:30.416 23589 24108 I ReactNativeJS: === LOADING RIDES ===
10-19 14:57:30.416 23589 24108 I ReactNativeJS: 'Driver ID:', '76b66a88-dff9-4965-9e36-8a92023f155d'
10-19 14:57:30.417 23589 24108 I ReactNativeJS: 'Driver User ID:', 'ae53a792-6aed-4186-823d-61c34c6defe2'
10-19 14:57:30.417 23589 24108 I ReactNativeJS:  Loading current ride...
10-19 14:57:30.418 23589 24108 I ReactNativeJS: === SETTING UP REAL-TIME SUBSCRIPTIONS ===
10-19 14:57:30.419 23589 24108 I ReactNativeJS: 'Driver User ID:', 'ae53a792-6aed-4186-823d-61c34c6defe2'
10-19 14:57:30.419 23589 24108 I ReactNativeJS: 'Driver ID:', '76b66a88-dff9-4965-9e36-8a92023f155d'
10-19 14:57:30.419 23589 24108 I ReactNativeJS:  Real-time subscriptions established
10-19 14:57:30.419 23589 24108 I ReactNativeJS: === DRIVER STATUS CHANGE DETECTED ===
10-19 14:57:30.419 23589 24108 I ReactNativeJS: 'Driver:', 'jai'
10-19 14:57:30.419 23589 24108 I ReactNativeJS: 'Driver Status:', 'online'
10-19 14:57:30.419 23589 24108 I ReactNativeJS: 'Driver User ID:', 'ae53a792-6aed-4186-823d-61c34c6defe2'
10-19 14:57:30.420 23589 24108 I ReactNativeJS: 'Driver Verified:', true
10-19 14:57:30.420 23589 24108 I ReactNativeJS:  Driver is active, ensuring location record exists and driver is available for customers...
10-19 14:57:30.420 23589 24108 I ReactNativeJS: === HANDLING ACTIVE DRIVER ===
10-19 14:57:30.420 23589 24108 I ReactNativeJS: 'Driver status:', 'online'
10-19 14:57:30.420 23589 24108 I ReactNativeJS: 'Driver verified:', true
10-19 14:57:30.420 23589 24108 I ReactNativeJS: === FORCE CREATING LOCATION RECORD ===
10-19 14:57:30.420 23589 24108 I ReactNativeJS: 'Driver User ID:', 'ae53a792-6aed-4186-823d-61c34c6defe2'
10-19 14:57:30.421 23589 24108 I ReactNativeJS: 'Driver Name:', 'jai'
10-19 14:57:30.421 23589 24108 E ReactNativeJS:  EXPO_PUBLIC_SUPABASE_URL is not configured properly
10-19 14:57:30.427 23589 24108 E ReactNativeJS: 'Current value:', undefined
10-19 14:57:30.429 23589 24108 I ReactNativeJS:  Falling back to direct database insert without edge function
10-19 14:57:30.429 23589 24108 I ReactNativeJS: === FALLBACK: CREATING LOCATION RECORD VIA RPC ===
10-19 14:57:30.429 23589 24108 I ReactNativeJS:  Attempting to get current GPS location...
10-19 14:57:30.431 23589 24108 I ReactNativeJS: === DRIVER STATUS CHANGE DETECTED ===
10-19 14:57:30.431 23589 24108 I ReactNativeJS: 'Driver:', 'jai'
10-19 14:57:30.431 23589 24108 I ReactNativeJS: 'Driver Status:', 'online'
10-19 14:57:30.431 23589 24108 I ReactNativeJS: 'Driver User ID:', 'ae53a792-6aed-4186-823d-61c34c6defe2'
10-19 14:57:30.431 23589 24108 I ReactNativeJS: 'Driver Verified:', true
10-19 14:57:30.433 23589 24108 I ReactNativeJS:  Authentication completed - LocationContext will handle location setup
10-19 14:57:30.433 23589 24108 I ReactNativeJS:  Location permission will be requested by LocationContext
10-19 14:57:30.434 23589 24109 E unknown:ReactNative: console.error:  EXPO_PUBLIC_SUPABASE_URL is not configured properly, js engine: hermes, stack:
10-19 14:57:30.434 23589 24109 E unknown:ReactNative: _construct@1:117842
10-19 14:57:30.434 23589 24109 E unknown:ReactNative: Wrapper@1:117496
10-19 14:57:30.434 23589 24109 E unknown:ReactNative: _callSuper@1:115478
10-19 14:57:30.434 23589 24109 E unknown:ReactNative: SyntheticError@1:116983
10-19 14:57:30.434 23589 24109 E unknown:ReactNative: reactConsoleErrorHandler@1:116629
10-19 14:57:30.434 23589 24109 E unknown:ReactNative: ?anon_0_@1:1954897
10-19 14:57:30.434 23589 24109 E unknown:ReactNative: asyncGeneratorStep@1:573272
10-19 14:57:30.434 23589 24109 E unknown:ReactNative: _next@1:573529
10-19 14:57:30.434 23589 24109 E unknown:ReactNative: anonymous@1:573481
10-19 14:57:30.434 23589 24109 E unknown:ReactNative: anonymous@1:573402
10-19 14:57:30.434 23589 24109 E unknown:ReactNative: forceCreateLocationRecord@1:1955060
10-19 14:57:30.434 23589 24109 E unknown:ReactNative: ?anon_0_@1:1953805
10-19 14:57:30.434 23589 24109 E unknown:ReactNative: asyncGeneratorStep@1:573272
10-19 14:57:30.434 23589 24109 E unknown:ReactNative: _next@1:573529
10-19 14:57:30.434 23589 24109 E unknown:ReactNative: anonymous@1:573481
10-19 14:57:30.434 23589 24109 E unknown:ReactNative: anonymous@1:573402
10-19 14:57:30.434 23589 24109 E unknown:ReactNative: handleActiveDriver@1:1954029
10-19 14:57:30.434 23589 24109 E unknown:ReactNative: anonymous@1:1952572
10-19 14:57:30.434 23589 24109 E unknown:ReactNative: commitHookEffectListMount@1:393533
10-19 14:57:30.434 23589 24109 E unknown:ReactNative: commitHookPassiveMountEffects@1:401261
10-19 14:57:30.434 23589 24109 E unknown:ReactNative: commitPassiveMountOnFiber@1:401706
10-19 14:57:30.434 23589 24109 E unknown:ReactNative: recursivelyTraversePassiveMountEffects@1:401345
10-19 14:57:30.434 23589 24109 E unknown:ReactNative: commitPassiveMountOnFiber@1:401453
10-19 14:57:30.434 23589 24109 E unknown:ReactNative: recursivelyTraversePassiveMountEffects@1:401345
10-19 14:57:30.434 23589 24109 E unknown:ReactNative: commitPassiveMountOnFiber@1:401679
10-19 14:57:30.434 23589 24109 E unknown:ReactNative: recursivelyTraversePassiveMountEffects@1:401345
10-19 14:57:30.434 23589 24109 E unknown:ReactNative: commitPassiveMountOnFiber@1:401679
10-19 14:57:30.434 23589 24109 E unknown:ReactNative: recursivelyTraversePassiveMountEffects@1:401345
10-19 14:57:30.434 23589 24109 E unknown:ReactNative: commitPassiveMountOnFiber@1:401679
10-19 14:57:30.434 23589 24109 E unknown:ReactNative: recursivelyTraversePassiveMountEffects@1:401345
10-19 14:57:30.434 23589 24109 E unknown:ReactNative: commitPassiveMountOnFiber@1:401559
10-19 14:57:30.434 23589 24109 E unknown:ReactNative: recursivelyTraversePassiveMountEffects@1:401345
10-19 14:57:30.434 23589 24109 E unknown:ReactNative: commitPassiveMountOnFiber@1:401453
10-19 14:57:30.434 23589 24109 E unknown:ReactNative: recursivelyTraversePassiveMountEffects@1:401345
10-19 14:57:30.434 23589 24109 E unknown:ReactNative: commitPassiveMountOnFiber@1:401453
10-19 14:57:30.434 23589 24109 E unknown:ReactNative: recursivelyTraversePassiveMountEffects@1:401345
10-19 14:57:30.434 23589 24109 E unknown:ReactNative: commitPassiveMountOnFiber@1:401453
10-19 14:57:30.434 23589 24109 E unknown:ReactNative: recursivelyTraversePassiveMountEffects@1:401345
10-19 14:57:30.434 23589 24109 E unknown:ReactNative: commitPassiveMountOnFiber@1:401679
10-19 14:57:30.434 23589 24109 E unknown:ReactNative: recursivelyTraversePassiveMountEffects@1:401345
10-19 14:57:30.434 23589 24109 E unknown:ReactNative: commitPassiveMountOnFiber@1:401679
10-19 14:57:30.434 23589 24109 E unknown:ReactNative: recursivelyTraversePassiveMountEffects@1:401345
10-19 14:57:30.434 23589 24109 E unknown:ReactNative: commitPassiveMountOnFiber@1:401453
10-19 14:57:30.434 23589 24109 E unknown:ReactNative: recursivelyTraversePassiveMountEffects@1:401345
10-19 14:57:30.434 23589 24109 E unknown:ReactNative: commitPassiveMountOnFiber@1:401453
10-19 14:57:30.434 23589 24109 E unknown:ReactNative: recursivelyTraversePassiveMountEffects@1:401345
10-19 14:57:30.434 23589 24109 E unknown:ReactNative: commitPassiveMountOnFiber@1:401679
10-19 14:57:30.434 23589 24109 E unknown:ReactNative: recursivelyTraversePassiveMountEffects@1:401345
10-19 14:57:30.434 23589 24109 E unknown:ReactNative: commitPassiveMountOnFiber@1:401453
10-19 14:57:30.434 23589 24109 E unknown:ReactNative: recursivelyTraversePassiveMountEffects@1:401345
10-19 14:57:30.434 23589 24109 E unknown:ReactNative: commitPassiveMountOnFiber@1:401453
10-19 14:57:30.434 23589 24109 E unknown:ReactNative: recursivelyTraversePassiveMountEffects@1:401345
10-19 14:57:30.434 23589 24109 E unknown:ReactNative: commitPassiveMountOnFiber@1:401453
10-19 14:57:30.434 23589 24109 E unknown:ReactNative: recursivelyTraversePassiveMountEffects@1:401345
10-19 14:57:30.434 23589 24109 E unknown:ReactNative: commitPassiveMountOnFiber@1:401453
10-19 14:57:30.434 23589 24109 E unknown:ReactNative: recursivelyTraversePassiveMountEffects@1:401345
10-19 14:57:30.434 23589 24109 E unknown:ReactNative: commitPassiveMountOnFiber@1:401453
10-19 14:57:30.434 23589 24109 E unknown:ReactNative: recursivelyTraversePassiveMountEffects@1:401345
10-19 14:57:30.434 23589 24109 E unknown:ReactNative: commitPassiveMountOnFiber@1:401679
10-19 14:57:30.434 23589 24109 E unknown:ReactNative: recursivelyTraversePassiveMountEffects@1:401345
10-19 14:57:30.434 23589 24109 E unknown:ReactNative: commitPassiveMountOnFiber@1:401453
10-19 14:57:30.434 23589 24109 E unknown:ReactNative: recursivelyTraversePassiveMountEffects@1:401345
10-19 14:57:30.434 23589 24109 E unknown:ReactNative: commitPassiveMountOnFiber@1:401679
10-19 14:57:30.434 23589 24109 E unknown:ReactNative: recursivelyTraversePassiveMountEffects@1:401345
10-19 14:57:30.434 23589 24109 E unknown:ReactNative: commitPassiveMountOnFiber@1:401453
10-19 14:57:30.434 23589 24109 E unknown:ReactNative: recursivelyTraversePassiveMountEffects@1:401345
10-19 14:57:30.434 23589 24109 E unknown:ReactNative: commitPassiveMountOnFiber@1:401679
10-19 14:57:30.434 23589 24109 E unknown:ReactNative: recursivelyTraversePassiveMountEffects@1:401345
10-19 14:57:30.434 23589 24109 E unknown:ReactNative: commitPassiveMountOnFiber@1:401679
10-19 14:57:30.434 23589 24109 E unknown:ReactNative: recursivelyTraversePassiveMountEffects@1:401345
10-19 14:57:30.434 23589 24109 E unknown:ReactNative: commitPassiveMountOnFiber@1:401679
10-19 14:57:30.434 23589 24109 E unknown:ReactNative: recursivelyTraversePassiveMountEffects@1:401345
10-19 14:57:30.434 23589 24109 E unknown:ReactNative: commitPassiveMountOnFiber@1:401679
10-19 14:57:30.434 23589 24109 E unknown:ReactNative: recursivelyTraversePassiveMountEffects@1:401345
10-19 14:57:30.434 23589 24109 E unknown:ReactNative: commitPassiveMountOnFiber@1:401453
10-19 14:57:30.434 23589 24109 E unknown:ReactNative: recursivelyTraversePassiveMountEffects@1:401345
10-19 14:57:30.434 23589 24109 E unknown:ReactNative: commitPassiveMountOnFiber@1:401679
10-19 14:57:30.434 23589 24109 E unknown:ReactNative: recursivelyTraversePassiveMountEffects@1:401345
10-19 14:57:30.434 23589 24109 E unknown:ReactNative: commitPassiveMountOnFiber@1:401453
10-19 14:57:30.434 23589 24109 E unknown:ReactNative: recursivelyTraversePassiveMountEffects@1:401345
10-19 14:57:30.434 23589 24109 E unknown:ReactNative: commitPassiveMountOnFiber@1:401679
10-19 14:57:30.434 23589 24109 E unknown:ReactNative: recursivelyTraversePassiveMountEffects@1:401345
10-19 14:57:30.434 23589 24109 E unknown:ReactNative: commitPassiveMountOnFiber@1:401453
10-19 14:57:30.434 23589 24109 E unknown:ReactNative: recursivelyTraversePassiveMountEffects@1:401345
10-19 14:57:30.434 23589 24109 E unknown:ReactNative: commitPassiveMountOnFiber@1:401661
10-19 14:57:30.434 23589 24109 E unknown:ReactNative: flushPassiveEffects@1:409129
10-19 14:57:30.434 23589 24109 E unknown:ReactNative: anonymous@1:408952
10-19 14:57:30.438 23589 24109 E unknown:ReactNative: console.error: Current value: undefined, js engine: hermes, stack:
10-19 14:57:30.438 23589 24109 E unknown:ReactNative: _construct@1:117842
10-19 14:57:30.438 23589 24109 E unknown:ReactNative: Wrapper@1:117496
10-19 14:57:30.438 23589 24109 E unknown:ReactNative: _callSuper@1:115478
10-19 14:57:30.438 23589 24109 E unknown:ReactNative: SyntheticError@1:116983
10-19 14:57:30.438 23589 24109 E unknown:ReactNative: reactConsoleErrorHandler@1:116629
10-19 14:57:30.438 23589 24109 E unknown:ReactNative: ?anon_0_@1:1954917
10-19 14:57:30.438 23589 24109 E unknown:ReactNative: asyncGeneratorStep@1:573272
10-19 14:57:30.438 23589 24109 E unknown:ReactNative: _next@1:573529
10-19 14:57:30.438 23589 24109 E unknown:ReactNative: anonymous@1:573481
10-19 14:57:30.438 23589 24109 E unknown:ReactNative: anonymous@1:573402
10-19 14:57:30.438 23589 24109 E unknown:ReactNative: forceCreateLocationRecord@1:1955060
10-19 14:57:30.438 23589 24109 E unknown:ReactNative: ?anon_0_@1:1953805
10-19 14:57:30.438 23589 24109 E unknown:ReactNative: asyncGeneratorStep@1:573272
10-19 14:57:30.438 23589 24109 E unknown:ReactNative: _next@1:573529
10-19 14:57:30.438 23589 24109 E unknown:ReactNative: anonymous@1:573481
10-19 14:57:30.438 23589 24109 E unknown:ReactNative: anonymous@1:573402
10-19 14:57:30.438 23589 24109 E unknown:ReactNative: handleActiveDriver@1:1954029
10-19 14:57:30.438 23589 24109 E unknown:ReactNative: anonymous@1:1952572
10-19 14:57:30.438 23589 24109 E unknown:ReactNative: commitHookEffectListMount@1:393533
10-19 14:57:30.438 23589 24109 E unknown:ReactNative: commitHookPassiveMountEffects@1:401261
10-19 14:57:30.438 23589 24109 E unknown:ReactNative: commitPassiveMountOnFiber@1:401706
10-19 14:57:30.438 23589 24109 E unknown:ReactNative: recursivelyTraversePassiveMountEffects@1:401345
10-19 14:57:30.438 23589 24109 E unknown:ReactNative: commitPassiveMountOnFiber@1:401453
10-19 14:57:30.438 23589 24109 E unknown:ReactNative: recursivelyTraversePassiveMountEffects@1:401345
10-19 14:57:30.438 23589 24109 E unknown:ReactNative: commitPassiveMountOnFiber@1:401679
10-19 14:57:30.438 23589 24109 E unknown:ReactNative: recursivelyTraversePassiveMountEffects@1:401345
10-19 14:57:30.438 23589 24109 E unknown:ReactNative: commitPassiveMountOnFiber@1:401679
10-19 14:57:30.438 23589 24109 E unknown:ReactNative: recursivelyTraversePassiveMountEffects@1:401345
10-19 14:57:30.438 23589 24109 E unknown:ReactNative: commitPassiveMountOnFiber@1:401679
10-19 14:57:30.438 23589 24109 E unknown:ReactNative: recursivelyTraversePassiveMountEffects@1:401345
10-19 14:57:30.438 23589 24109 E unknown:ReactNative: commitPassiveMountOnFiber@1:401559
10-19 14:57:30.438 23589 24109 E unknown:ReactNative: recursivelyTraversePassiveMountEffects@1:401345
10-19 14:57:30.438 23589 24109 E unknown:ReactNative: commitPassiveMountOnFiber@1:401453
10-19 14:57:30.438 23589 24109 E unknown:ReactNative: recursivelyTraversePassiveMountEffects@1:401345
10-19 14:57:30.438 23589 24109 E unknown:ReactNative: commitPassiveMountOnFiber@1:401453
10-19 14:57:30.438 23589 24109 E unknown:ReactNative: recursivelyTraversePassiveMountEffects@1:401345
10-19 14:57:30.438 23589 24109 E unknown:ReactNative: commitPassiveMountOnFiber@1:401453
10-19 14:57:30.438 23589 24109 E unknown:ReactNative: recursivelyTraversePassiveMountEffects@1:401345
10-19 14:57:30.438 23589 24109 E unknown:ReactNative: commitPassiveMountOnFiber@1:401679
10-19 14:57:30.438 23589 24109 E unknown:ReactNative: recursivelyTraversePassiveMountEffects@1:401345
10-19 14:57:30.438 23589 24109 E unknown:ReactNative: commitPassiveMountOnFiber@1:401679
10-19 14:57:30.438 23589 24109 E unknown:ReactNative: recursivelyTraversePassiveMountEffects@1:401345
10-19 14:57:30.438 23589 24109 E unknown:ReactNative: commitPassiveMountOnFiber@1:401453
10-19 14:57:30.438 23589 24109 E unknown:ReactNative: recursivelyTraversePassiveMountEffects@1:401345
10-19 14:57:30.438 23589 24109 E unknown:ReactNative: commitPassiveMountOnFiber@1:401453
10-19 14:57:30.438 23589 24109 E unknown:ReactNative: recursivelyTraversePassiveMountEffects@1:401345
10-19 14:57:30.438 23589 24109 E unknown:ReactNative: commitPassiveMountOnFiber@1:401679
10-19 14:57:30.438 23589 24109 E unknown:ReactNative: recursivelyTraversePassiveMountEffects@1:401345
10-19 14:57:30.438 23589 24109 E unknown:ReactNative: commitPassiveMountOnFiber@1:401453
10-19 14:57:30.438 23589 24109 E unknown:ReactNative: recursivelyTraversePassiveMountEffects@1:401345
10-19 14:57:30.438 23589 24109 E unknown:ReactNative: commitPassiveMountOnFiber@1:401453
10-19 14:57:30.438 23589 24109 E unknown:ReactNative: recursivelyTraversePassiveMountEffects@1:401345
10-19 14:57:30.438 23589 24109 E unknown:ReactNative: commitPassiveMountOnFiber@1:401453
10-19 14:57:30.438 23589 24109 E unknown:ReactNative: recursivelyTraversePassiveMountEffects@1:401345
10-19 14:57:30.438 23589 24109 E unknown:ReactNative: commitPassiveMountOnFiber@1:401453
10-19 14:57:30.438 23589 24109 E unknown:ReactNative: recursivelyTraversePassiveMountEffects@1:401345
10-19 14:57:30.438 23589 24109 E unknown:ReactNative: commitPassiveMountOnFiber@1:401453
10-19 14:57:30.438 23589 24109 E unknown:ReactNative: recursivelyTraversePassiveMountEffects@1:401345
10-19 14:57:30.438 23589 24109 E unknown:ReactNative: commitPassiveMountOnFiber@1:401679
10-19 14:57:30.438 23589 24109 E unknown:ReactNative: recursivelyTraversePassiveMountEffects@1:401345
10-19 14:57:30.438 23589 24109 E unknown:ReactNative: commitPassiveMountOnFiber@1:401453
10-19 14:57:30.438 23589 24109 E unknown:ReactNative: recursivelyTraversePassiveMountEffects@1:401345
10-19 14:57:30.438 23589 24109 E unknown:ReactNative: commitPassiveMountOnFiber@1:401679
10-19 14:57:30.438 23589 24109 E unknown:ReactNative: recursivelyTraversePassiveMountEffects@1:401345
10-19 14:57:30.438 23589 24109 E unknown:ReactNative: commitPassiveMountOnFiber@1:401453
10-19 14:57:30.438 23589 24109 E unknown:ReactNative: recursivelyTraversePassiveMountEffects@1:401345
10-19 14:57:30.438 23589 24109 E unknown:ReactNative: commitPassiveMountOnFiber@1:401679
10-19 14:57:30.438 23589 24109 E unknown:ReactNative: recursivelyTraversePassiveMountEffects@1:401345
10-19 14:57:30.438 23589 24109 E unknown:ReactNative: commitPassiveMountOnFiber@1:401679
10-19 14:57:30.438 23589 24109 E unknown:ReactNative: recursivelyTraversePassiveMountEffects@1:401345
10-19 14:57:30.438 23589 24109 E unknown:ReactNative: commitPassiveMountOnFiber@1:401679
10-19 14:57:30.438 23589 24109 E unknown:ReactNative: recursivelyTraversePassiveMountEffects@1:401345
10-19 14:57:30.438 23589 24109 E unknown:ReactNative: commitPassiveMountOnFiber@1:401679
10-19 14:57:30.438 23589 24109 E unknown:ReactNative: recursivelyTraversePassiveMountEffects@1:401345
10-19 14:57:30.438 23589 24109 E unknown:ReactNative: commitPassiveMountOnFiber@1:401453
10-19 14:57:30.438 23589 24109 E unknown:ReactNative: recursivelyTraversePassiveMountEffects@1:401345
10-19 14:57:30.438 23589 24109 E unknown:ReactNative: commitPassiveMountOnFiber@1:401679
10-19 14:57:30.438 23589 24109 E unknown:ReactNative: recursivelyTraversePassiveMountEffects@1:401345
10-19 14:57:30.438 23589 24109 E unknown:ReactNative: commitPassiveMountOnFiber@1:401453
10-19 14:57:30.438 23589 24109 E unknown:ReactNative: recursivelyTraversePassiveMountEffects@1:401345
10-19 14:57:30.438 23589 24109 E unknown:ReactNative: commitPassiveMountOnFiber@1:401679
10-19 14:57:30.438 23589 24109 E unknown:ReactNative: recursivelyTraversePassiveMountEffects@1:401345
10-19 14:57:30.438 23589 24109 E unknown:ReactNative: commitPassiveMountOnFiber@1:401453
10-19 14:57:30.438 23589 24109 E unknown:ReactNative: recursivelyTraversePassiveMountEffects@1:401345
10-19 14:57:30.438 23589 24109 E unknown:ReactNative: commitPassiveMountOnFiber@1:401661
10-19 14:57:30.438 23589 24109 E unknown:ReactNative: flushPassiveEffects@1:409129
10-19 14:57:30.438 23589 24109 E unknown:ReactNative: anonymous@1:408952
10-19 14:57:30.441 21104 25658 I FusedLocation: stationary throttling disengaged [CONTEXT service_id=6 ]
10-19 14:57:30.447 23589 24108 I ReactNativeJS:  Login successful, waiting for navigation...
10-19 14:57:30.449 23589 24108 I ReactNativeJS: === NAVIGATION CHECK ===
10-19 14:57:30.449 23589 24108 I ReactNativeJS: 'In auth group:', true
10-19 14:57:30.449 23589 24108 I ReactNativeJS: 'Has session:', false
10-19 14:57:30.449 23589 24108 I ReactNativeJS: 'Has driver:', true
10-19 14:57:30.449 23589 24108 I ReactNativeJS: 'Current segments:', [ '(auth)', 'login' ]
10-19 14:57:30.449 23589 24108 I ReactNativeJS: 'Loading state:', false
10-19 14:57:30.450 23589 24108 I ReactNativeJS: 'Is authenticated:', { id: '76b66a88-dff9-4965-9e36-8a92023f155d',
10-19 14:57:30.450 23589 24108 I ReactNativeJS:   user_id: 'ae53a792-6aed-4186-823d-61c34c6defe2',
10-19 14:57:30.450 23589 24108 I ReactNativeJS:   license_number: '25845',
10-19 14:57:30.450 23589 24108 I ReactNativeJS:   license_expiry: '2025-09-28',
10-19 14:57:30.450 23589 24108 I ReactNativeJS:   status: 'online',
10-19 14:57:30.450 23589 24108 I ReactNativeJS:   rating: 5,
10-19 14:57:30.450 23589 24108 I ReactNativeJS:   total_rides: 17,
10-19 14:57:30.450 23589 24108 I ReactNativeJS:   is_verified: true,
10-19 14:57:30.450 23589 24108 I ReactNativeJS:   vehicle_id: '95c87077-b016-49de-a05b-dbfd5e383a1a',
10-19 14:57:30.450 23589 24108 I ReactNativeJS:   vendor_id: null,
10-19 14:57:30.450 23589 24108 I ReactNativeJS:   phone_number: '6985471230',
10-19 14:57:30.450 23589 24108 I ReactNativeJS:   name: 'jai',
10-19 14:57:30.450 23589 24108 I ReactNativeJS:   created_at: '2025-09-12T17:52:54.786298+00:00',
10-19 14:57:30.450 23589 24108 I ReactNativeJS:   updated_at: '2025-10-19T09:26:02.217037+00:00',
10-19 14:57:30.450 23589 24108 I ReactNativeJS:   vehicles: 
10-19 14:57:30.450 23589 24108 I ReactNativeJS:    { id: '95c87077-b016-49de-a05b-dbfd5e383a1a',
10-19 14:57:30.450 23589 24108 I ReactNativeJS:      registration_number: 'KA 01025896',
10-19 14:57:30.450 23589 24108 I ReactNativeJS:      make: 'BMW',
10-19 14:57:30.450 23589 24108 I ReactNativeJS:      model: '450ld',
10-19 14:57:30.450 23589 24108 I ReactNativeJS:      year: 2024,
10-19 14:57:30.450 23589 24108 I ReactNativeJS:      color: 'black',
10-19 14:57:30.450 23589 24108 I ReactNativeJS:      vehicle_type: 'sedan',
10-19 14:57:30.450 23589 24108 I ReactNativeJS:      capacity: 4 },
10-19 14:57:30.450 23589 24108 I ReactNativeJS:   user: 
10-19 14:57:30.450 23589 24108 I ReactNativeJS:    { id: 'ae53a792-6aed-4186-823d-61c34c6defe2',
10-19 14:57:30.450 23589 24108 I ReactNativeJS:      email: 'jai@gmail.com',
10-19 14:57:30.450 23589 24108 I ReactNativeJS:      role: 'driver',
10-19 14:57:30.450 23589 24108 I ReactNativeJS:      full_name: 'jai',
10-19 14:57:30.450 23589 24108 I ReactNativeJS:      phone_number: '6985471230',
10-19 14:57:30.450 23589 24108 I ReactNativeJS:      avatar_url: null,
10-19 14:57:30.450 23589 24108 I ReactNativeJS:      is_active: true,
10-19 14:57:30.450 23589 24108 I ReactNativeJS:      created_at: '2025-09-12T17:52:54.109176+00:00',
10-19 14:57:30.450 23589 24108 I ReactNativeJS:      updated_at: '2025-09-12T17:52:54.109176+00:00' },
10-19 14:57:30.450 23589 24108 I ReactNativeJS:   vehicle: 
10-19 14:57:30.450 23589 24108 I ReactNativeJS:    { id: '95c87077-b016-49de-a05b-dbfd5e383a1a',
10-19 14:57:30.450 23589 24108 I ReactNativeJS:      registration_number: 'KA 01025896',
10-19 14:57:30.450 23589 24108 I ReactNativeJS:      make: 'BMW',
10-19 14:57:30.450 23589 24108 I ReactNativeJS:      model: '450ld',
10-19 14:57:30.450 23589 24108 I ReactNativeJS:      year: 2024,
10-19 14:57:30.450 23589 24108 I ReactNativeJS:      color: 'black',
10-19 14:57:30.450 23589 24108 I ReactNativeJS:      vehicle_type: 'sedan',
10-19 14:57:30.450 23589 24108 I ReactNativeJS:      capacity: 4 } }
10-19 14:57:30.450 23589 24108 I ReactNativeJS: Redirecting to main app - authenticated
10-19 14:57:30.471 21104 21188 W Settings: Setting airplane_mode_on has moved from android.provider.Settings.System to android.provider.Settings.Global, returning read-only value.
10-19 14:57:30.479 21104 25647 W SystemServiceRegistry: No service published for: wifirtt
10-19 14:57:30.487 21104 25700 I FusedOrientationManager: Registering orientation client. [CONTEXT service_id=6 ]
10-19 14:57:30.488 21104 21184 W inertial-anchor: Triggering reinit due to mag declination change
10-19 14:57:30.488 21104 21184 W Looper  : Looper already prepared for this thread with a different value for the LOOPER_PREPARE_ALLOW_NON_CALLBACKS option.
10-19 14:57:30.491 23589 24109 W unknown:ReactNative: Attempt to set local data for view with unknown tag: -1
10-19 14:57:30.491 23589 24109 W unknown:ReactNative: Attempt to set local data for view with unknown tag: -1
10-19 14:57:30.491 23589 24109 W unknown:ReactNative: Attempt to set local data for view with unknown tag: -1
10-19 14:57:30.496 23589 24108 I ReactNativeJS: === NAVIGATION CHECK ===
10-19 14:57:30.496 23589 24108 I ReactNativeJS: 'In auth group:', false
10-19 14:57:30.496 23589 24108 I ReactNativeJS: 'Has session:', false
10-19 14:57:30.496 23589 24108 I ReactNativeJS: 'Has driver:', true
10-19 14:57:30.496 23589 24108 I ReactNativeJS: 'Current segments:', [ '(tabs)' ]
10-19 14:57:30.496 23589 24108 I ReactNativeJS: 'Loading state:', false
10-19 14:57:30.497 23589 24108 I ReactNativeJS: 'Is authenticated:', { id: '76b66a88-dff9-4965-9e36-8a92023f155d',
10-19 14:57:30.497 23589 24108 I ReactNativeJS:   user_id: 'ae53a792-6aed-4186-823d-61c34c6defe2',
10-19 14:57:30.497 23589 24108 I ReactNativeJS:   license_number: '25845',
10-19 14:57:30.497 23589 24108 I ReactNativeJS:   license_expiry: '2025-09-28',
10-19 14:57:30.497 23589 24108 I ReactNativeJS:   status: 'online',
10-19 14:57:30.497 23589 24108 I ReactNativeJS:   rating: 5,
10-19 14:57:30.497 23589 24108 I ReactNativeJS:   total_rides: 17,
10-19 14:57:30.497 23589 24108 I ReactNativeJS:   is_verified: true,
10-19 14:57:30.497 23589 24108 I ReactNativeJS:   vehicle_id: '95c87077-b016-49de-a05b-dbfd5e383a1a',
10-19 14:57:30.497 23589 24108 I ReactNativeJS:   vendor_id: null,
10-19 14:57:30.497 23589 24108 I ReactNativeJS:   phone_number: '6985471230',
10-19 14:57:30.497 23589 24108 I ReactNativeJS:   name: 'jai',
10-19 14:57:30.497 23589 24108 I ReactNativeJS:   created_at: '2025-09-12T17:52:54.786298+00:00',
10-19 14:57:30.497 23589 24108 I ReactNativeJS:   updated_at: '2025-10-19T09:26:02.217037+00:00',
10-19 14:57:30.497 23589 24108 I ReactNativeJS:   vehicles: 
10-19 14:57:30.497 23589 24108 I ReactNativeJS:    { id: '95c87077-b016-49de-a05b-dbfd5e383a1a',
10-19 14:57:30.497 23589 24108 I ReactNativeJS:      registration_number: 'KA 01025896',
10-19 14:57:30.497 23589 24108 I ReactNativeJS:      make: 'BMW',
10-19 14:57:30.497 23589 24108 I ReactNativeJS:      model: '450ld',
10-19 14:57:30.497 23589 24108 I ReactNativeJS:      year: 2024,
10-19 14:57:30.497 23589 24108 I ReactNativeJS:      color: 'black',
10-19 14:57:30.497 23589 24108 I ReactNativeJS:      vehicle_type: 'sedan',
10-19 14:57:30.497 23589 24108 I ReactNativeJS:      capacity: 4 },
10-19 14:57:30.497 23589 24108 I ReactNativeJS:   user: 
10-19 14:57:30.497 23589 24108 I ReactNativeJS:    { id: 'ae53a792-6aed-4186-823d-61c34c6defe2',
10-19 14:57:30.497 23589 24108 I ReactNativeJS:      email: 'jai@gmail.com',
10-19 14:57:30.497 23589 24108 I ReactNativeJS:      role: 'driver',
10-19 14:57:30.497 23589 24108 I ReactNativeJS:      full_name: 'jai',
10-19 14:57:30.497 23589 24108 I ReactNativeJS:      phone_number: '6985471230',
10-19 14:57:30.497 23589 24108 I ReactNativeJS:      avatar_url: null,
10-19 14:57:30.497 23589 24108 I ReactNativeJS:      is_active: true,
10-19 14:57:30.497 23589 24108 I ReactNativeJS:      created_at: '2025-09-12T17:52:54.109176+00:00',
10-19 14:57:30.497 23589 24108 I ReactNativeJS:      updated_at: '2025-09-12T17:52:54.109176+00:00' },
10-19 14:57:30.497 23589 24108 I ReactNativeJS:   vehicle: 
10-19 14:57:30.497 23589 24108 I ReactNativeJS:    { id: '95c87077-b016-49de-a05b-dbfd5e383a1a',
10-19 14:57:30.497 23589 24108 I ReactNativeJS:      registration_number: 'KA 01025896',
10-19 14:57:30.497 23589 24108 I ReactNativeJS:      make: 'BMW',
10-19 14:57:30.497 23589 24108 I ReactNativeJS:      model: '450ld',
10-19 14:57:30.497 23589 24108 I ReactNativeJS:      year: 2024,
10-19 14:57:30.497 23589 24108 I ReactNativeJS:      color: 'black',
10-19 14:57:30.497 23589 24108 I ReactNativeJS:      vehicle_type: 'sedan',
10-19 14:57:30.497 23589 24108 I ReactNativeJS:      capacity: 4 } }
10-19 14:57:30.497 23589 24108 I ReactNativeJS: No navigation needed - staying in current route
10-19 14:57:30.503 23589 24109 W unknown:ReactNative: Attempt to set local data for view with unknown tag: -1
10-19 14:57:30.504 23589 24109 W unknown:ReactNative: Attempt to set local data for view with unknown tag: -1
10-19 14:57:30.505 23589 24109 W unknown:ReactNative: Attempt to set local data for view with unknown tag: -1
10-19 14:57:30.505 23589 24109 W unknown:ReactNative: Attempt to set local data for view with unknown tag: 2983
10-19 14:57:30.506 23589 24109 W unknown:ReactNative: Attempt to set local data for view with unknown tag: 2983
10-19 14:57:30.524 23589 24109 W unknown:ReactNative: Attempt to set local data for view with unknown tag: 3007
10-19 14:57:30.540 23589 24109 W unknown:ReactNative: Attempt to set local data for view with unknown tag: 2967
10-19 14:57:30.540 23589 24109 W unknown:ReactNative: Attempt to set local data for view with unknown tag: 2967
10-19 14:57:30.540 23589 24109 W unknown:ReactNative: Attempt to set local data for view with unknown tag: 2983
10-19 14:57:30.540 23589 24109 W unknown:ReactNative: Attempt to set local data for view with unknown tag: 2983
10-19 14:57:30.543 23589 24109 W unknown:ReactNative: Attempt to set local data for view with unknown tag: 2967
10-19 14:57:30.543 23589 24109 W unknown:ReactNative: Attempt to set local data for view with unknown tag: 2967
10-19 14:57:30.543 23589 24109 W unknown:ReactNative: Attempt to set local data for view with unknown tag: 2967
10-19 14:57:30.543 23589 24109 W unknown:ReactNative: Attempt to set local data for view with unknown tag: 2983
10-19 14:57:30.543 23589 24109 W unknown:ReactNative: Tried to update size of non-existent tag: 3017
10-19 14:57:30.543 23589 24109 W unknown:ReactNative: Tried to update size of non-existent tag: 3033
10-19 14:57:30.557 23589 24108 I ReactNativeJS: === RIDES SCREEN STATE DEBUG ===
10-19 14:57:30.557 23589 24108 I ReactNativeJS:  Component state updated:
10-19 14:57:30.557 23589 24108 I ReactNativeJS: '  - Current ride:', { id: '9af31e93-dea1-44d0-ba28-80396f18e004',
10-19 14:57:30.557 23589 24108 I ReactNativeJS:   status: 'in_progress',
10-19 14:57:30.557 23589 24108 I ReactNativeJS:   pickup: 'PRXJ+F32, Brindavan Nagar, Plot 87, NGGO\'s Colony, Anand Nagar, Hosur, Tamil Nadu 635109, India',
10-19 14:57:30.557 23589 24108 I ReactNativeJS:   destination: 'Anthivadi Stadium, SBM Colony, Anthivadi, Hosur, Tamil Nadu, India' }
10-19 14:57:30.557 23589 24108 I ReactNativeJS: '  - Pending rides count:', 0
10-19 14:57:30.557 23589 24108 I ReactNativeJS: '  - Driver status:', 'online'
10-19 14:57:30.557 23589 24108 I ReactNativeJS: '  - Loading:', true
10-19 14:57:30.557 23589 24108 I ReactNativeJS: '  - Error:', null
10-19 14:57:30.557 23589 24108 I ReactNativeJS: '  - Show modal:', false
10-19 14:57:30.557 23589 24108 I ReactNativeJS: '  - Timestamp:', '2025-10-19T09:27:30.557Z'
10-19 14:57:30.557 23589 24108 I ReactNativeJS:  CURRENT RIDE EXISTS - should be visible in UI
10-19 14:57:30.557 23589 24108 I ReactNativeJS: === RIDE REQUEST MODAL LOGIC DEBUG ===
10-19 14:57:30.557 23589 24108 I ReactNativeJS:  Checking if should show ride request modal:
10-19 14:57:30.557 23589 24108 I ReactNativeJS: '  - Pending rides:', 0
10-19 14:57:30.557 23589 24108 I ReactNativeJS: '  - Modal already showing:', false
10-19 14:57:30.557 23589 24108 I ReactNativeJS: '  - Driver status:', 'online'
10-19 14:57:30.557 23589 24108 I ReactNativeJS: '  - Has current ride:', true
10-19 14:57:30.557 23589 24108 I ReactNativeJS:  NOT SHOWING MODAL - reasons:
10-19 14:57:30.557 23589 24108 I ReactNativeJS: ' Analysis:', { pendingRidesCount: 0,
10-19 14:57:30.557 23589 24108 I ReactNativeJS:   modalAlreadyShowing: false,
10-19 14:57:30.557 23589 24108 I ReactNativeJS:   driverStatus: 'online',
10-19 14:57:30.557 23589 24108 I ReactNativeJS:   hasCurrentRide: true }
10-19 14:57:30.562 23589 24108 I ReactNativeJS: === NAVIGATION CHECK ===
10-19 14:57:30.562 23589 24108 I ReactNativeJS: 'In auth group:', false
10-19 14:57:30.562 23589 24108 I ReactNativeJS: 'Has session:', false
10-19 14:57:30.562 23589 24108 I ReactNativeJS: 'Has driver:', true
10-19 14:57:30.562 23589 24108 I ReactNativeJS: 'Current segments:', [ '(tabs)', 'rides' ]
10-19 14:57:30.562 23589 24108 I ReactNativeJS: 'Loading state:', false
10-19 14:57:30.563 23589 24108 I ReactNativeJS: 'Is authenticated:', { id: '76b66a88-dff9-4965-9e36-8a92023f155d',
10-19 14:57:30.563 23589 24108 I ReactNativeJS:   user_id: 'ae53a792-6aed-4186-823d-61c34c6defe2',
10-19 14:57:30.563 23589 24108 I ReactNativeJS:   license_number: '25845',
10-19 14:57:30.563 23589 24108 I ReactNativeJS:   license_expiry: '2025-09-28',
10-19 14:57:30.563 23589 24108 I ReactNativeJS:   status: 'online',
10-19 14:57:30.563 23589 24108 I ReactNativeJS:   rating: 5,
10-19 14:57:30.563 23589 24108 I ReactNativeJS:   total_rides: 17,
10-19 14:57:30.563 23589 24108 I ReactNativeJS:   is_verified: true,
10-19 14:57:30.563 23589 24108 I ReactNativeJS:   vehicle_id: '95c87077-b016-49de-a05b-dbfd5e383a1a',
10-19 14:57:30.563 23589 24108 I ReactNativeJS:   vendor_id: null,
10-19 14:57:30.563 23589 24108 I ReactNativeJS:   phone_number: '6985471230',
10-19 14:57:30.563 23589 24108 I ReactNativeJS:   name: 'jai',
10-19 14:57:30.563 23589 24108 I ReactNativeJS:   created_at: '2025-09-12T17:52:54.786298+00:00',
10-19 14:57:30.563 23589 24108 I ReactNativeJS:   updated_at: '2025-10-19T09:26:02.217037+00:00',
10-19 14:57:30.563 23589 24108 I ReactNativeJS:   vehicles: 
10-19 14:57:30.563 23589 24108 I ReactNativeJS:    { id: '95c87077-b016-49de-a05b-dbfd5e383a1a',
10-19 14:57:30.563 23589 24108 I ReactNativeJS:      registration_number: 'KA 01025896',
10-19 14:57:30.563 23589 24108 I ReactNativeJS:      make: 'BMW',
10-19 14:57:30.563 23589 24108 I ReactNativeJS:      model: '450ld',
10-19 14:57:30.563 23589 24108 I ReactNativeJS:      year: 2024,
10-19 14:57:30.563 23589 24108 I ReactNativeJS:      color: 'black',
10-19 14:57:30.563 23589 24108 I ReactNativeJS:      vehicle_type: 'sedan',
10-19 14:57:30.563 23589 24108 I ReactNativeJS:      capacity: 4 },
10-19 14:57:30.563 23589 24108 I ReactNativeJS:   user: 
10-19 14:57:30.563 23589 24108 I ReactNativeJS:    { id: 'ae53a792-6aed-4186-823d-61c34c6defe2',
10-19 14:57:30.563 23589 24108 I ReactNativeJS:      email: 'jai@gmail.com',
10-19 14:57:30.563 23589 24108 I ReactNativeJS:      role: 'driver',
10-19 14:57:30.563 23589 24108 I ReactNativeJS:      full_name: 'jai',
10-19 14:57:30.563 23589 24108 I ReactNativeJS:      phone_number: '6985471230',
10-19 14:57:30.563 23589 24108 I ReactNativeJS:      avatar_url: null,
10-19 14:57:30.563 23589 24108 I ReactNativeJS:      is_active: true,
10-19 14:57:30.563 23589 24108 I ReactNativeJS:      created_at: '2025-09-12T17:52:54.109176+00:00',
10-19 14:57:30.563 23589 24108 I ReactNativeJS:      updated_at: '2025-09-12T17:52:54.109176+00:00' },
10-19 14:57:30.563 23589 24108 I ReactNativeJS:   vehicle: 
10-19 14:57:30.563 23589 24108 I ReactNativeJS:    { id: '95c87077-b016-49de-a05b-dbfd5e383a1a',
10-19 14:57:30.563 23589 24108 I ReactNativeJS:      registration_number: 'KA 01025896',
10-19 14:57:30.563 23589 24108 I ReactNativeJS:      make: 'BMW',
10-19 14:57:30.563 23589 24108 I ReactNativeJS:      model: '450ld',
10-19 14:57:30.563 23589 24108 I ReactNativeJS:      year: 2024,
10-19 14:57:30.563 23589 24108 I ReactNativeJS:      color: 'black',
10-19 14:57:30.563 23589 24108 I ReactNativeJS:      vehicle_type: 'sedan',
10-19 14:57:30.563 23589 24108 I ReactNativeJS:      capacity: 4 } }
10-19 14:57:30.563 23589 24108 I ReactNativeJS: No navigation needed - staying in current route
10-19 14:57:30.600 23589 23589 D MapsInitializer: preferredRenderer: LATEST
10-19 14:57:30.600 23589 23589 D AirMapRenderer: LATEST
10-19 14:57:30.600 23589 23589 D MapsInitializer: preferredRenderer: null
10-19 14:57:30.600 23589 23589 D zzcc    : preferredRenderer: null
10-19 14:57:30.601 23589 23589 I Google Android Maps SDK: Google Play services package version: 254031035
10-19 14:57:30.601 23589 23589 I Google Android Maps SDK: Google Play services maps renderer version(maps_core): 253425402
10-19 14:57:30.604 23589 23589 W ProxyAndroidLoggerBackend: Too many Flogger logs received before configuration. Dropping old logs.
10-19 14:57:30.604 21104 25700 I PhenotypeResourceReader: unable to find any Phenotype resource metadata for com.a1taxi.driverpro
10-19 14:57:30.604 23589 23589 W ProxyAndroidLoggerBackend: Too many Flogger logs received before configuration. Dropping old logs.
10-19 14:57:30.605 23589 23589 W ProxyAndroidLoggerBackend: Too many Flogger logs received before configuration. Dropping old logs.
10-19 14:57:30.605 23589 23589 W ProxyAndroidLoggerBackend: Too many Flogger logs received before configuration. Dropping old logs.
10-19 14:57:30.606 23589 25718 W ProxyAndroidLoggerBackend: Too many Flogger logs received before configuration. Dropping old logs.
10-19 14:57:30.606 23589 23589 W ProxyAndroidLoggerBackend: Too many Flogger logs received before configuration. Dropping old logs.
10-19 14:57:30.606 23589 25721 W ProxyAndroidLoggerBackend: Too many Flogger logs received before configuration. Dropping old logs.
10-19 14:57:30.606 23589 23589 W ProxyAndroidLoggerBackend: Too many Flogger logs received before configuration. Dropping old logs.
10-19 14:57:30.606 23589 23589 W ProxyAndroidLoggerBackend: Too many Flogger logs received before configuration. Dropping old logs.
10-19 14:57:30.614 23589 25721 W ProxyAndroidLoggerBackend: Too many Flogger logs received before configuration. Dropping old logs.
10-19 14:57:30.614 23589 25721 W ProxyAndroidLoggerBackend: Too many Flogger logs received before configuration. Dropping old logs.
10-19 14:57:30.616 23589 25718 W ProxyAndroidLoggerBackend: Too many Flogger logs received before configuration. Dropping old logs.
10-19 14:57:30.616 23589 25718 W ProxyAndroidLoggerBackend: Too many Flogger logs received before configuration. Dropping old logs.
10-19 14:57:30.622 23589 25718 W ProxyAndroidLoggerBackend: Too many Flogger logs received before configuration. Dropping old logs.
10-19 14:57:30.622 23589 25718 W ProxyAndroidLoggerBackend: Too many Flogger logs received before configuration. Dropping old logs.
10-19 14:57:30.624 23589 25718 W ProxyAndroidLoggerBackend: Too many Flogger logs received before configuration. Dropping old logs.
10-19 14:57:30.624 23589 25718 W ProxyAndroidLoggerBackend: Too many Flogger logs received before configuration. Dropping old logs.
10-19 14:57:30.627 23589 25718 W ProxyAndroidLoggerBackend: Too many Flogger logs received before configuration. Dropping old logs.
10-19 14:57:30.627 23589 25718 W ProxyAndroidLoggerBackend: Too many Flogger logs received before configuration. Dropping old logs.
10-19 14:57:30.629 23589 25718 W ProxyAndroidLoggerBackend: Too many Flogger logs received before configuration. Dropping old logs.
10-19 14:57:30.629 23589 25718 W ProxyAndroidLoggerBackend: Too many Flogger logs received before configuration. Dropping old logs.
10-19 14:57:30.630 23589 25718 W ProxyAndroidLoggerBackend: Too many Flogger logs received before configuration. Dropping old logs.
10-19 14:57:30.630 23589 25718 W ProxyAndroidLoggerBackend: Too many Flogger logs received before configuration. Dropping old logs.
10-19 14:57:30.634 23589 25718 W ProxyAndroidLoggerBackend: Too many Flogger logs received before configuration. Dropping old logs.
10-19 14:57:30.634 23589 25718 W ProxyAndroidLoggerBackend: Too many Flogger logs received before configuration. Dropping old logs.
10-19 14:57:30.636 23589 25718 W ProxyAndroidLoggerBackend: Too many Flogger logs received before configuration. Dropping old logs.
10-19 14:57:30.636 23589 25718 W ProxyAndroidLoggerBackend: Too many Flogger logs received before configuration. Dropping old logs.
10-19 14:57:30.637 23589 23589 D BufferQueueConsumer: [](id:5c2500000014,api:0,p:-1,c:23589) connect: controlledByApp=true
10-19 14:57:30.637 23589 25718 W ProxyAndroidLoggerBackend: Too many Flogger logs received before configuration. Dropping old logs.
10-19 14:57:30.637 23589 25718 W ProxyAndroidLoggerBackend: Too many Flogger logs received before configuration. Dropping old logs.
10-19 14:57:30.641 23589 25718 W ProxyAndroidLoggerBackend: Too many Flogger logs received before configuration. Dropping old logs.
10-19 14:57:30.641 23589 25718 W ProxyAndroidLoggerBackend: Too many Flogger logs received before configuration. Dropping old logs.
10-19 14:57:30.642 23589 25718 W ProxyAndroidLoggerBackend: Too many Flogger logs received before configuration. Dropping old logs.
10-19 14:57:30.642 23589 25718 W ProxyAndroidLoggerBackend: Too many Flogger logs received before configuration. Dropping old logs.
10-19 14:57:30.644 23589 25718 W ProxyAndroidLoggerBackend: Too many Flogger logs received before configuration. Dropping old logs.
10-19 14:57:30.644 23589 25718 W ProxyAndroidLoggerBackend: Too many Flogger logs received before configuration. Dropping old logs.
10-19 14:57:30.648 23589 25721 W ProxyAndroidLoggerBackend: Too many Flogger logs received before configuration. Dropping old logs.
10-19 14:57:30.648 23589 25721 W ProxyAndroidLoggerBackend: Too many Flogger logs received before configuration. Dropping old logs.
10-19 14:57:30.651 23589 25717 W ProxyAndroidLoggerBackend: Too many Flogger logs received before configuration. Dropping old logs.
10-19 14:57:30.651 23589 25717 W ProxyAndroidLoggerBackend: Too many Flogger logs received before configuration. Dropping old logs.
10-19 14:57:30.667 23589 25717 W ProxyAndroidLoggerBackend: Too many Flogger logs received before configuration. Dropping old logs.
10-19 14:57:30.667 23589 25717 W ProxyAndroidLoggerBackend: Too many Flogger logs received before configuration. Dropping old logs.
10-19 14:57:30.669 23589 25717 W ProxyAndroidLoggerBackend: Too many Flogger logs received before configuration. Dropping old logs.
10-19 14:57:30.669 23589 25717 W ProxyAndroidLoggerBackend: Too many Flogger logs received before configuration. Dropping old logs.
10-19 14:57:30.677 23589 25718 W ProxyAndroidLoggerBackend: Too many Flogger logs received before configuration. Dropping old logs.
10-19 14:57:30.677 23589 25718 W ProxyAndroidLoggerBackend: Too many Flogger logs received before configuration. Dropping old logs.
10-19 14:57:30.681 23589 25721 W ProxyAndroidLoggerBackend: Too many Flogger logs received before configuration. Dropping old logs.
10-19 14:57:30.681 23589 25721 W ProxyAndroidLoggerBackend: Too many Flogger logs received before configuration. Dropping old logs.
10-19 14:57:30.682 23589 23589 W ProxyAndroidLoggerBackend: Too many Flogger logs received before configuration. Dropping old logs.
