10-19 15:49:50.958  4589  7939 E unknown:ReactNative: SyntheticError@1:116983
10-19 15:49:50.958  4589  7939 E unknown:ReactNative: reactConsoleErrorHandler@1:116629
10-19 15:49:50.958  4589  7939 E unknown:ReactNative: ?anon_0_@1:1954917
10-19 15:49:50.958  4589  7939 E unknown:ReactNative: asyncGeneratorStep@1:573272
10-19 15:49:50.958  4589  7939 E unknown:ReactNative: _next@1:573529
10-19 15:49:50.958  4589  7939 E unknown:ReactNative: anonymous@1:573481
10-19 15:49:50.958  4589  7939 E unknown:ReactNative: anonymous@1:573402
10-19 15:49:50.958  4589  7939 E unknown:ReactNative: forceCreateLocationRecord@1:1955060
10-19 15:49:50.958  4589  7939 E unknown:ReactNative: ?anon_0_@1:1953805
10-19 15:49:50.958  4589  7939 E unknown:ReactNative: asyncGeneratorStep@1:573272
10-19 15:49:50.958  4589  7939 E unknown:ReactNative: _next@1:573529
10-19 15:49:50.958  4589  7939 E unknown:ReactNative: anonymous@1:573481
10-19 15:49:50.958  4589  7939 E unknown:ReactNative: anonymous@1:573402
10-19 15:49:50.958  4589  7939 E unknown:ReactNative: handleActiveDriver@1:1954029
10-19 15:49:50.958  4589  7939 E unknown:ReactNative: anonymous@1:1952572
10-19 15:49:50.958  4589  7939 E unknown:ReactNative: commitHookEffectListMount@1:393533
10-19 15:49:50.958  4589  7939 E unknown:ReactNative: commitHookPassiveMountEffects@1:401261
10-19 15:49:50.958  4589  7939 E unknown:ReactNative: commitPassiveMountOnFiber@1:401706
10-19 15:49:50.958  4589  7939 E unknown:ReactNative: recursivelyTraversePassiveMountEffects@1:401345
10-19 15:49:50.958  4589  7939 E unknown:ReactNative: commitPassiveMountOnFiber@1:401453
10-19 15:49:50.958  4589  7939 E unknown:ReactNative: recursivelyTraversePassiveMountEffects@1:401345
10-19 15:49:50.958  4589  7939 E unknown:ReactNative: commitPassiveMountOnFiber@1:401679
10-19 15:49:50.958  4589  7939 E unknown:ReactNative: recursivelyTraversePassiveMountEffects@1:401345
10-19 15:49:50.958  4589  7939 E unknown:ReactNative: commitPassiveMountOnFiber@1:401679
10-19 15:49:50.958  4589  7939 E unknown:ReactNative: recursivelyTraversePassiveMountEffects@1:401345
10-19 15:49:50.958  4589  7939 E unknown:ReactNative: commitPassiveMountOnFiber@1:401679
10-19 15:49:50.958  4589  7939 E unknown:ReactNative: recursivelyTraversePassiveMountEffects@1:401345
10-19 15:49:50.958  4589  7939 E unknown:ReactNative: commitPassiveMountOnFiber@1:401559
10-19 15:49:50.958  4589  7939 E unknown:ReactNative: recursivelyTraversePassiveMountEffects@1:401345
10-19 15:49:50.958  4589  7939 E unknown:ReactNative: commitPassiveMountOnFiber@1:401453
10-19 15:49:50.958  4589  7939 E unknown:ReactNative: recursivelyTraversePassiveMountEffects@1:401345
10-19 15:49:50.958  4589  7939 E unknown:ReactNative: commitPassiveMountOnFiber@1:401453
10-19 15:49:50.958  4589  7939 E unknown:ReactNative: recursivelyTraversePassiveMountEffects@1:401345
10-19 15:49:50.958  4589  7939 E unknown:ReactNative: commitPassiveMountOnFiber@1:401453
10-19 15:49:50.958  4589  7939 E unknown:ReactNative: recursivelyTraversePassiveMountEffects@1:401345
10-19 15:49:50.958  4589  7939 E unknown:ReactNative: commitPassiveMountOnFiber@1:401679
10-19 15:49:50.958  4589  7939 E unknown:ReactNative: recursivelyTraversePassiveMountEffects@1:401345
10-19 15:49:50.958  4589  7939 E unknown:ReactNative: commitPassiveMountOnFiber@1:401679
10-19 15:49:50.958  4589  7939 E unknown:ReactNative: recursivelyTraversePassiveMountEffects@1:401345
10-19 15:49:50.958  4589  7939 E unknown:ReactNative: commitPassiveMountOnFiber@1:401453
10-19 15:49:50.958  4589  7939 E unknown:ReactNative: recursivelyTraversePassiveMountEffects@1:401345
10-19 15:49:50.958  4589  7939 E unknown:ReactNative: commitPassiveMountOnFiber@1:401453
10-19 15:49:50.958  4589  7939 E unknown:ReactNative: recursivelyTraversePassiveMountEffects@1:401345
10-19 15:49:50.958  4589  7939 E unknown:ReactNative: commitPassiveMountOnFiber@1:401679
10-19 15:49:50.958  4589  7939 E unknown:ReactNative: recursivelyTraversePassiveMountEffects@1:401345
10-19 15:49:50.958  4589  7939 E unknown:ReactNative: commitPassiveMountOnFiber@1:401453
10-19 15:49:50.958  4589  7939 E unknown:ReactNative: recursivelyTraversePassiveMountEffects@1:401345
10-19 15:49:50.958  4589  7939 E unknown:ReactNative: commitPassiveMountOnFiber@1:401453
10-19 15:49:50.958  4589  7939 E unknown:ReactNative: recursivelyTraversePassiveMountEffects@1:401345
10-19 15:49:50.958  4589  7939 E unknown:ReactNative: commitPassiveMountOnFiber@1:401453
10-19 15:49:50.958  4589  7939 E unknown:ReactNative: recursivelyTraversePassiveMountEffects@1:401345
10-19 15:49:50.958  4589  7939 E unknown:ReactNative: commitPassiveMountOnFiber@1:401453
10-19 15:49:50.958  4589  7939 E unknown:ReactNative: recursivelyTraversePassiveMountEffects@1:401345
10-19 15:49:50.958  4589  7939 E unknown:ReactNative: commitPassiveMountOnFiber@1:401453
10-19 15:49:50.958  4589  7939 E unknown:ReactNative: recursivelyTraversePassiveMountEffects@1:401345
10-19 15:49:50.958  4589  7939 E unknown:ReactNative: commitPassiveMountOnFiber@1:401679
10-19 15:49:50.958  4589  7939 E unknown:ReactNative: recursivelyTraversePassiveMountEffects@1:401345
10-19 15:49:50.958  4589  7939 E unknown:ReactNative: commitPassiveMountOnFiber@1:401453
10-19 15:49:50.958  4589  7939 E unknown:ReactNative: recursivelyTraversePassiveMountEffects@1:401345
10-19 15:49:50.958  4589  7939 E unknown:ReactNative: commitPassiveMountOnFiber@1:401679
10-19 15:49:50.958  4589  7939 E unknown:ReactNative: recursivelyTraversePassiveMountEffects@1:401345
10-19 15:49:50.958  4589  7939 E unknown:ReactNative: commitPassiveMountOnFiber@1:401453
10-19 15:49:50.958  4589  7939 E unknown:ReactNative: recursivelyTraversePassiveMountEffects@1:401345
10-19 15:49:50.958  4589  7939 E unknown:ReactNative: commitPassiveMountOnFiber@1:401679
10-19 15:49:50.958  4589  7939 E unknown:ReactNative: recursivelyTraversePassiveMountEffects@1:401345
10-19 15:49:50.958  4589  7939 E unknown:ReactNative: commitPassiveMountOnFiber@1:401679
10-19 15:49:50.958  4589  7939 E unknown:ReactNative: recursivelyTraversePassiveMountEffects@1:401345
10-19 15:49:50.958  4589  7939 E unknown:ReactNative: commitPassiveMountOnFiber@1:401679
10-19 15:49:50.958  4589  7939 E unknown:ReactNative: recursivelyTraversePassiveMountEffects@1:401345
10-19 15:49:50.958  4589  7939 E unknown:ReactNative: commitPassiveMountOnFiber@1:401679
10-19 15:49:50.958  4589  7939 E unknown:ReactNative: recursivelyTraversePassiveMountEffects@1:401345
10-19 15:49:50.958  4589  7939 E unknown:ReactNative: commitPassiveMountOnFiber@1:401453
10-19 15:49:50.958  4589  7939 E unknown:ReactNative: recursivelyTraversePassiveMountEffects@1:401345
10-19 15:49:50.958  4589  7939 E unknown:ReactNative: commitPassiveMountOnFiber@1:401679
10-19 15:49:50.958  4589  7939 E unknown:ReactNative: recursivelyTraversePassiveMountEffects@1:401345
10-19 15:49:50.958  4589  7939 E unknown:ReactNative: commitPassiveMountOnFiber@1:401453
10-19 15:49:50.958  4589  7939 E unknown:ReactNative: recursivelyTraversePassiveMountEffects@1:401345
10-19 15:49:50.958  4589  7939 E unknown:ReactNative: commitPassiveMountOnFiber@1:401679
10-19 15:49:50.958  4589  7939 E unknown:ReactNative: recursivelyTraversePassiveMountEffects@1:401345
10-19 15:49:50.958  4589  7939 E unknown:ReactNative: commitPassiveMountOnFiber@1:401453
10-19 15:49:50.958  4589  7939 E unknown:ReactNative: recursivelyTraversePassiveMountEffects@1:401345
10-19 15:49:50.958  4589  7939 E unknown:ReactNative: commitPassiveMountOnFiber@1:401661
10-19 15:49:50.958  4589  7939 E unknown:ReactNative: flushPassiveEffects@1:409129
10-19 15:49:50.958  4589  7939 E unknown:ReactNative: anonymous@1:408952
10-19 15:49:50.965 21104  8977 I FusedLocation: stationary throttling disengaged [CONTEXT service_id=6 ]
10-19 15:49:50.966  4589  7937 I ReactNativeJS: ✅ Login successful, waiting for navigation...
10-19 15:49:50.967  4589  7937 I ReactNativeJS: === NAVIGATION CHECK ===
10-19 15:49:50.967  4589  7937 I ReactNativeJS: 'In auth group:', true
10-19 15:49:50.967  4589  7937 I ReactNativeJS: 'Has session:', false
10-19 15:49:50.967  4589  7937 I ReactNativeJS: 'Has driver:', true
10-19 15:49:50.967  4589  7937 I ReactNativeJS: 'Current segments:', [ '(auth)', 'login' ]
10-19 15:49:50.967  4589  7937 I ReactNativeJS: 'Loading state:', false
10-19 15:49:50.968  4589  7937 I ReactNativeJS: 'Is authenticated:', { id: '76b66a88-dff9-4965-9e36-8a92023f155d',
10-19 15:49:50.968  4589  7937 I ReactNativeJS:   user_id: 'ae53a792-6aed-4186-823d-61c34c6defe2',
10-19 15:49:50.968  4589  7937 I ReactNativeJS:   license_number: '25845',
10-19 15:49:50.968  4589  7937 I ReactNativeJS:   license_expiry: '2025-09-28',
10-19 15:49:50.968  4589  7937 I ReactNativeJS:   status: 'online',
10-19 15:49:50.968  4589  7937 I ReactNativeJS:   rating: 5,
10-19 15:49:50.968  4589  7937 I ReactNativeJS:   total_rides: 17,
10-19 15:49:50.968  4589  7937 I ReactNativeJS:   is_verified: true,
10-19 15:49:50.968  4589  7937 I ReactNativeJS:   vehicle_id: '95c87077-b016-49de-a05b-dbfd5e383a1a',
10-19 15:49:50.968  4589  7937 I ReactNativeJS:   vendor_id: null,
10-19 15:49:50.968  4589  7937 I ReactNativeJS:   phone_number: '6985471230',
10-19 15:49:50.968  4589  7937 I ReactNativeJS:   name: 'jai',
10-19 15:49:50.968  4589  7937 I ReactNativeJS:   created_at: '2025-09-12T17:52:54.786298+00:00',
10-19 15:49:50.968  4589  7937 I ReactNativeJS:   updated_at: '2025-10-19T09:26:02.217037+00:00',
10-19 15:49:50.968  4589  7937 I ReactNativeJS:   vehicles: 
10-19 15:49:50.968  4589  7937 I ReactNativeJS:    { id: '95c87077-b016-49de-a05b-dbfd5e383a1a',
10-19 15:49:50.968  4589  7937 I ReactNativeJS:      registration_number: 'KA 01025896',
10-19 15:49:50.968  4589  7937 I ReactNativeJS:      make: 'BMW',
10-19 15:49:50.968  4589  7937 I ReactNativeJS:      model: '450ld',
10-19 15:49:50.968  4589  7937 I ReactNativeJS:      year: 2024,
10-19 15:49:50.968  4589  7937 I ReactNativeJS:      color: 'black',
10-19 15:49:50.968  4589  7937 I ReactNativeJS:      vehicle_type: 'sedan',
10-19 15:49:50.968  4589  7937 I ReactNativeJS:      capacity: 4 },
10-19 15:49:50.968  4589  7937 I ReactNativeJS:   user: 
10-19 15:49:50.968  4589  7937 I ReactNativeJS:    { id: 'ae53a792-6aed-4186-823d-61c34c6defe2',
10-19 15:49:50.968  4589  7937 I ReactNativeJS:      email: 'jai@gmail.com',
10-19 15:49:50.968  4589  7937 I ReactNativeJS:      role: 'driver',
10-19 15:49:50.968  4589  7937 I ReactNativeJS:      full_name: 'jai',
10-19 15:49:50.968  4589  7937 I ReactNativeJS:      phone_number: '6985471230',
10-19 15:49:50.968  4589  7937 I ReactNativeJS:      avatar_url: null,
10-19 15:49:50.968  4589  7937 I ReactNativeJS:      is_active: true,
10-19 15:49:50.968  4589  7937 I ReactNativeJS:      created_at: '2025-09-12T17:52:54.109176+00:00',
10-19 15:49:50.968  4589  7937 I ReactNativeJS:      updated_at: '2025-09-12T17:52:54.109176+00:00' },
10-19 15:49:50.968  4589  7937 I ReactNativeJS:   vehicle: 
10-19 15:49:50.968  4589  7937 I ReactNativeJS:    { id: '95c87077-b016-49de-a05b-dbfd5e383a1a',
10-19 15:49:50.968  4589  7937 I ReactNativeJS:      registration_number: 'KA 01025896',
10-19 15:49:50.968  4589  7937 I ReactNativeJS:      make: 'BMW',
10-19 15:49:50.968  4589  7937 I ReactNativeJS:      model: '450ld',
10-19 15:49:50.968  4589  7937 I ReactNativeJS:      year: 2024,
10-19 15:49:50.968  4589  7937 I ReactNativeJS:      color: 'black',
10-19 15:49:50.968  4589  7937 I ReactNativeJS:      vehicle_type: 'sedan',
10-19 15:49:50.968  4589  7937 I ReactNativeJS:      capacity: 4 } }
10-19 15:49:50.968  4589  7937 I ReactNativeJS: Redirecting to main app - authenticated
10-19 15:49:50.979 21104  8775 I FusedOrientationManager: Registering orientation client. [CONTEXT service_id=6 ]
10-19 15:49:50.988  4589  7939 W unknown:ReactNative: Attempt to set local data for view with unknown tag: -1
10-19 15:49:50.991 21104 21184 W inertial-anchor: Triggering reinit due to mag declination change
10-19 15:49:50.991 21104 21184 W Looper  : Looper already prepared for this thread with a different value for the LOOPER_PREPARE_ALLOW_NON_CALLBACKS option.
10-19 15:49:50.995  4589  7939 W unknown:ReactNative: Attempt to set local data for view with unknown tag: -1
10-19 15:49:50.995  4589  7939 W unknown:ReactNative: Attempt to set local data for view with unknown tag: -1
10-19 15:49:50.995  4589  7939 W unknown:ReactNative: Attempt to set local data for view with unknown tag: -1
10-19 15:49:50.995  4589  7939 W unknown:ReactNative: Attempt to set local data for view with unknown tag: -1
10-19 15:49:50.995  4589  7939 W unknown:ReactNative: Attempt to set local data for view with unknown tag: -1
10-19 15:49:51.001 21104 21188 I ActivityScheduler: nextTriggerTime: 1313355362, in -5002ms, detectorType: 39, FULL_TYPE alarmWindowMillis: 0
10-19 15:49:51.004 21104 21188 W Settings: Setting airplane_mode_on has moved from android.provider.Settings.System to android.provider.Settings.Global, returning read-only value.
10-19 15:49:51.007  4589  7937 I ReactNativeJS: === NAVIGATION CHECK ===
10-19 15:49:51.007  4589  7937 I ReactNativeJS: 'In auth group:', false
10-19 15:49:51.007  4589  7937 I ReactNativeJS: 'Has session:', false
10-19 15:49:51.007  4589  7937 I ReactNativeJS: 'Has driver:', true
10-19 15:49:51.007  4589  7937 I ReactNativeJS: 'Current segments:', [ '(tabs)' ]
10-19 15:49:51.007  4589  7937 I ReactNativeJS: 'Loading state:', false
10-19 15:49:51.008  4589  7937 I ReactNativeJS: 'Is authenticated:', { id: '76b66a88-dff9-4965-9e36-8a92023f155d',
10-19 15:49:51.008  4589  7937 I ReactNativeJS:   user_id: 'ae53a792-6aed-4186-823d-61c34c6defe2',
10-19 15:49:51.008  4589  7937 I ReactNativeJS:   license_number: '25845',
10-19 15:49:51.008  4589  7937 I ReactNativeJS:   license_expiry: '2025-09-28',
10-19 15:49:51.008  4589  7937 I ReactNativeJS:   status: 'online',
10-19 15:49:51.008  4589  7937 I ReactNativeJS:   rating: 5,
10-19 15:49:51.008  4589  7937 I ReactNativeJS:   total_rides: 17,
10-19 15:49:51.008  4589  7937 I ReactNativeJS:   is_verified: true,
10-19 15:49:51.008  4589  7937 I ReactNativeJS:   vehicle_id: '95c87077-b016-49de-a05b-dbfd5e383a1a',
10-19 15:49:51.008  4589  7937 I ReactNativeJS:   vendor_id: null,
10-19 15:49:51.008  4589  7937 I ReactNativeJS:   phone_number: '6985471230',
10-19 15:49:51.008  4589  7937 I ReactNativeJS:   name: 'jai',
10-19 15:49:51.008  4589  7937 I ReactNativeJS:   created_at: '2025-09-12T17:52:54.786298+00:00',
10-19 15:49:51.008  4589  7937 I ReactNativeJS:   updated_at: '2025-10-19T09:26:02.217037+00:00',
10-19 15:49:51.008  4589  7937 I ReactNativeJS:   vehicles: 
10-19 15:49:51.008  4589  7937 I ReactNativeJS:    { id: '95c87077-b016-49de-a05b-dbfd5e383a1a',
10-19 15:49:51.008  4589  7937 I ReactNativeJS:      registration_number: 'KA 01025896',
10-19 15:49:51.008  4589  7937 I ReactNativeJS:      make: 'BMW',
10-19 15:49:51.008  4589  7937 I ReactNativeJS:      model: '450ld',
10-19 15:49:51.008  4589  7937 I ReactNativeJS:      year: 2024,
10-19 15:49:51.008  4589  7937 I ReactNativeJS:      color: 'black',
10-19 15:49:51.008  4589  7937 I ReactNativeJS:      vehicle_type: 'sedan',
10-19 15:49:51.008  4589  7937 I ReactNativeJS:      capacity: 4 },
10-19 15:49:51.008  4589  7937 I ReactNativeJS:   user: 
10-19 15:49:51.008  4589  7937 I ReactNativeJS:    { id: 'ae53a792-6aed-4186-823d-61c34c6defe2',
10-19 15:49:51.008  4589  7937 I ReactNativeJS:      email: 'jai@gmail.com',
10-19 15:49:51.008  4589  7937 I ReactNativeJS:      role: 'driver',
10-19 15:49:51.008  4589  7937 I ReactNativeJS:      full_name: 'jai',
10-19 15:49:51.008  4589  7937 I ReactNativeJS:      phone_number: '6985471230',
10-19 15:49:51.008  4589  7937 I ReactNativeJS:      avatar_url: null,
10-19 15:49:51.008  4589  7937 I ReactNativeJS:      is_active: true,
10-19 15:49:51.008  4589  7937 I ReactNativeJS:      created_at: '2025-09-12T17:52:54.109176+00:00',
10-19 15:49:51.008  4589  7937 I ReactNativeJS:      updated_at: '2025-09-12T17:52:54.109176+00:00' },
10-19 15:49:51.008  4589  7937 I ReactNativeJS:   vehicle: 
10-19 15:49:51.008  4589  7937 I ReactNativeJS:    { id: '95c87077-b016-49de-a05b-dbfd5e383a1a',
10-19 15:49:51.008  4589  7937 I ReactNativeJS:      registration_number: 'KA 01025896',
10-19 15:49:51.008  4589  7937 I ReactNativeJS:      make: 'BMW',
10-19 15:49:51.008  4589  7937 I ReactNativeJS:      model: '450ld',
10-19 15:49:51.008  4589  7937 I ReactNativeJS:      year: 2024,
10-19 15:49:51.008  4589  7937 I ReactNativeJS:      color: 'black',
10-19 15:49:51.008  4589  7937 I ReactNativeJS:      vehicle_type: 'sedan',
10-19 15:49:51.008  4589  7937 I ReactNativeJS:      capacity: 4 } }
10-19 15:49:51.008  4589  7937 I ReactNativeJS: No navigation needed - staying in current route
10-19 15:49:51.008 21104  8996 W SystemServiceRegistry: No service published for: wifirtt
10-19 15:49:51.018  4589  7939 W unknown:ReactNative: Attempt to set local data for view with unknown tag: 2187
10-19 15:49:51.018  4589  7939 W unknown:ReactNative: Attempt to set local data for view with unknown tag: 2187
10-19 15:49:51.018  4589  7939 W unknown:ReactNative: Attempt to set local data for view with unknown tag: 2203
10-19 15:49:51.018  4589  7939 W unknown:ReactNative: Attempt to set local data for view with unknown tag: 2203
10-19 15:49:51.019  4589  7939 W unknown:ReactNative: Attempt to set local data for view with unknown tag: 2187
10-19 15:49:51.019  4589  7939 W unknown:ReactNative: Attempt to set local data for view with unknown tag: 2187
10-19 15:49:51.020  4589  7939 W unknown:ReactNative: Attempt to set local data for view with unknown tag: 2187
10-19 15:49:51.020  4589  7939 W unknown:ReactNative: Attempt to set local data for view with unknown tag: 2203
10-19 15:49:51.021  4589  7939 W unknown:ReactNative: Tried to update size of non-existent tag: 2237
10-19 15:49:51.025  4589  7939 W unknown:ReactNative: Tried to update size of non-existent tag: 2253
10-19 15:49:51.038 21163 21163 D BoundBrokerSvc: onUnbind: Intent { act=com.google.android.gms.appset.service.START dat=chimera-action:/... cmp=com.google.android.gms/.chimera.GmsApiService }
10-19 15:49:51.044  4589  7937 I ReactNativeJS: === RIDES SCREEN STATE DEBUG ===
10-19 15:49:51.044  4589  7937 I ReactNativeJS: 🔄 Component state updated:
10-19 15:49:51.044  4589  7937 I ReactNativeJS: '  - Current ride:', 'null'
10-19 15:49:51.045  4589  7937 I ReactNativeJS: '  - Pending rides count:', 0
10-19 15:49:51.045  4589  7937 I ReactNativeJS: '  - Driver status:', 'online'
10-19 15:49:51.045  4589  7937 I ReactNativeJS: '  - Loading:', true
10-19 15:49:51.045  4589  7937 I ReactNativeJS: '  - Error:', null
10-19 15:49:51.045  4589  7937 I ReactNativeJS: '  - Show modal:', false
10-19 15:49:51.045  4589  7937 I ReactNativeJS: '  - Timestamp:', '2025-10-19T10:19:51.045Z'
10-19 15:49:51.045  4589  7937 I ReactNativeJS: ❌ NO CURRENT RIDE - showing empty state
10-19 15:49:51.045  4589  7937 I ReactNativeJS: === RIDE REQUEST MODAL LOGIC DEBUG ===
10-19 15:49:51.045  4589  7937 I ReactNativeJS: 🔄 Checking if should show ride request modal:
10-19 15:49:51.045  4589  7937 I ReactNativeJS: '  - Pending rides:', 0
10-19 15:49:51.045  4589  7937 I ReactNativeJS: '  - Modal already showing:', false
10-19 15:49:51.045  4589  7937 I ReactNativeJS: '  - Driver status:', 'online'
10-19 15:49:51.045  4589  7937 I ReactNativeJS: '  - Has current ride:', false
10-19 15:49:51.045  4589  7937 I ReactNativeJS: ❌ NOT SHOWING MODAL - reasons:
10-19 15:49:51.045  4589  7937 I ReactNativeJS: '🚗 Analysis:', { pendingRidesCount: 0,
10-19 15:49:51.045  4589  7937 I ReactNativeJS:   modalAlreadyShowing: false,
10-19 15:49:51.045  4589  7937 I ReactNativeJS:   driverStatus: 'online',
10-19 15:49:51.045  4589  7937 I ReactNativeJS:   hasCurrentRide: false }
10-19 15:49:51.048  4589  7937 I ReactNativeJS: === NAVIGATION CHECK ===
10-19 15:49:51.048  4589  7937 I ReactNativeJS: 'In auth group:', false
10-19 15:49:51.048  4589  7937 I ReactNativeJS: 'Has session:', false
10-19 15:49:51.048  4589  7937 I ReactNativeJS: 'Has driver:', true
10-19 15:49:51.048  4589  7937 I ReactNativeJS: 'Current segments:', [ '(tabs)', 'rides' ]
10-19 15:49:51.048  4589  7937 I ReactNativeJS: 'Loading state:', false
10-19 15:49:51.049  4589  7937 I ReactNativeJS: 'Is authenticated:', { id: '76b66a88-dff9-4965-9e36-8a92023f155d',
10-19 15:49:51.049  4589  7937 I ReactNativeJS:   user_id: 'ae53a792-6aed-4186-823d-61c34c6defe2',
10-19 15:49:51.049  4589  7937 I ReactNativeJS:   license_number: '25845',
10-19 15:49:51.049  4589  7937 I ReactNativeJS:   license_expiry: '2025-09-28',
10-19 15:49:51.049  4589  7937 I ReactNativeJS:   status: 'online',
10-19 15:49:51.049  4589  7937 I ReactNativeJS:   rating: 5,
10-19 15:49:51.049  4589  7937 I ReactNativeJS:   total_rides: 17,
10-19 15:49:51.049  4589  7937 I ReactNativeJS:   is_verified: true,
10-19 15:49:51.049  4589  7937 I ReactNativeJS:   vehicle_id: '95c87077-b016-49de-a05b-dbfd5e383a1a',
10-19 15:49:51.049  4589  7937 I ReactNativeJS:   vendor_id: null,
10-19 15:49:51.049  4589  7937 I ReactNativeJS:   phone_number: '6985471230',
10-19 15:49:51.049  4589  7937 I ReactNativeJS:   name: 'jai',
10-19 15:49:51.049  4589  7937 I ReactNativeJS:   created_at: '2025-09-12T17:52:54.786298+00:00',
10-19 15:49:51.049  4589  7937 I ReactNativeJS:   updated_at: '2025-10-19T09:26:02.217037+00:00',
10-19 15:49:51.049  4589  7937 I ReactNativeJS:   vehicles: 
10-19 15:49:51.049  4589  7937 I ReactNativeJS:    { id: '95c87077-b016-49de-a05b-dbfd5e383a1a',
10-19 15:49:51.049  4589  7937 I ReactNativeJS:      registration_number: 'KA 01025896',
10-19 15:49:51.049  4589  7937 I ReactNativeJS:      make: 'BMW',
10-19 15:49:51.049  4589  7937 I ReactNativeJS:      model: '450ld',
10-19 15:49:51.049  4589  7937 I ReactNativeJS:      year: 2024,
10-19 15:49:51.049  4589  7937 I ReactNativeJS:      color: 'black',
10-19 15:49:51.049  4589  7937 I ReactNativeJS:      vehicle_type: 'sedan',
10-19 15:49:51.049  4589  7937 I ReactNativeJS:      capacity: 4 },
10-19 15:49:51.049  4589  7937 I ReactNativeJS:   user: 
10-19 15:49:51.049  4589  7937 I ReactNativeJS:    { id: 'ae53a792-6aed-4186-823d-61c34c6defe2',
10-19 15:49:51.049  4589  7937 I ReactNativeJS:      email: 'jai@gmail.com',
10-19 15:49:51.049  4589  7937 I ReactNativeJS:      role: 'driver',
10-19 15:49:51.049  4589  7937 I ReactNativeJS:      full_name: 'jai',
10-19 15:49:51.049  4589  7937 I ReactNativeJS:      phone_number: '6985471230',
10-19 15:49:51.049  4589  7937 I ReactNativeJS:      avatar_url: null,
10-19 15:49:51.049  4589  7937 I ReactNativeJS:      is_active: true,
10-19 15:49:51.049  4589  7937 I ReactNativeJS:      created_at: '2025-09-12T17:52:54.109176+00:00',
10-19 15:49:51.049  4589  7937 I ReactNativeJS:      updated_at: '2025-09-12T17:52:54.109176+00:00' },
10-19 15:49:51.049  4589  7937 I ReactNativeJS:   vehicle: 
10-19 15:49:51.049  4589  7937 I ReactNativeJS:    { id: '95c87077-b016-49de-a05b-dbfd5e383a1a',
10-19 15:49:51.049  4589  7937 I ReactNativeJS:      registration_number: 'KA 01025896',
10-19 15:49:51.049  4589  7937 I ReactNativeJS:      make: 'BMW',
10-19 15:49:51.049  4589  7937 I ReactNativeJS:      model: '450ld',
10-19 15:49:51.049  4589  7937 I ReactNativeJS:      year: 2024,
10-19 15:49:51.049  4589  7937 I ReactNativeJS:      color: 'black',
10-19 15:49:51.049  4589  7937 I ReactNativeJS:      vehicle_type: 'sedan',
10-19 15:49:51.049  4589  7937 I ReactNativeJS:      capacity: 4 } }
10-19 15:49:51.049  4589  7937 I ReactNativeJS: No navigation needed - staying in current route
10-19 15:49:51.086 21104 21188 I ActivityScheduler: nextTriggerTime: 1313360449, in 0ms, detectorType: 39, FULL_TYPE alarmWindowMillis: 0
10-19 15:49:51.331 21104 21118 I WifiScanner: onFullResults
10-19 15:49:51.332 21104 21199 I WifiScanner: onFullResults
10-19 15:49:51.333 21104 21118 I WifiScanner: onFullResults
10-19 15:49:51.343 21104  8989 I FrewleTileCacheManagerV: (REDACTED) Fetched %d AP models from cache
10-19 15:49:51.361  4589  7937 I ReactNativeJS: '✅ Current ride loaded:', { id: '9af31e93-dea1-44d0-ba28-80396f18e004',
10-19 15:49:51.361  4589  7937 I ReactNativeJS:   status: 'in_progress',
10-19 15:49:51.361  4589  7937 I ReactNativeJS:   pickup: 'PRXJ+F32, Brindavan Nagar, Plot 87, NGGO\'s Colony, Anand Nagar, Hosur, Tamil Nadu 635109, India',
10-19 15:49:51.361  4589  7937 I ReactNativeJS:   destination: 'Anthivadi Stadium, SBM Colony, Anthivadi, Hosur, Tamil Nadu, India',
10-19 15:49:51.361  4589  7937 I ReactNativeJS:   customer: 
10-19 15:49:51.361  4589  7937 I ReactNativeJS:    { id: '10c9aa9e-6cb4-45e5-b9d3-682bc1a9bd11',
10-19 15:49:51.361  4589  7937 I ReactNativeJS:      full_name: 'Jaishankar',
10-19 15:49:51.361  4589  7937 I ReactNativeJS:      phone_number: null,
10-19 15:49:51.361  4589  7937 I ReactNativeJS:      email: '+919597230958@phone.a1taxi.local' } }
10-19 15:49:51.361  4589  7937 I ReactNativeJS: ⚠️ Driver has current ride - not loading pending ride requests
10-19 15:49:51.361  4589  7937 I ReactNativeJS: === RIDES SCREEN STATE DEBUG ===
10-19 15:49:51.361  4589  7937 I ReactNativeJS: 🔄 Component state updated:
10-19 15:49:51.361  4589  7937 I ReactNativeJS: '  - Current ride:', { id: '9af31e93-dea1-44d0-ba28-80396f18e004',
10-19 15:49:51.361  4589  7937 I ReactNativeJS:   status: 'in_progress',
10-19 15:49:51.361  4589  7937 I ReactNativeJS:   pickup: 'PRXJ+F32, Brindavan Nagar, Plot 87, NGGO\'s Colony, Anand Nagar, Hosur, Tamil Nadu 635109, India',
10-19 15:49:51.361  4589  7937 I ReactNativeJS:   destination: 'Anthivadi Stadium, SBM Colony, Anthivadi, Hosur, Tamil Nadu, India' }
10-19 15:49:51.361  4589  7937 I ReactNativeJS: '  - Pending rides count:', 0
10-19 15:49:51.362  4589  7937 I ReactNativeJS: '  - Driver status:', 'online'
10-19 15:49:51.362  4589  7937 I ReactNativeJS: '  - Loading:', true
10-19 15:49:51.362  4589  7937 I ReactNativeJS: '  - Error:', null
10-19 15:49:51.362  4589  7937 I ReactNativeJS: '  - Show modal:', false
10-19 15:49:51.362  4589  7937 I ReactNativeJS: '  - Timestamp:', '2025-10-19T10:19:51.362Z'
10-19 15:49:51.362  4589  7937 I ReactNativeJS: ✅ CURRENT RIDE EXISTS - should be visible in UI
10-19 15:49:51.362  4589  7937 I ReactNativeJS: === RIDE REQUEST MODAL LOGIC DEBUG ===
10-19 15:49:51.362  4589  7937 I ReactNativeJS: 🔄 Checking if should show ride request modal:
10-19 15:49:51.362  4589  7937 I ReactNativeJS: '  - Pending rides:', 0
10-19 15:49:51.362  4589  7937 I ReactNativeJS: '  - Modal already showing:', false
10-19 15:49:51.362  4589  7937 I ReactNativeJS: '  - Driver status:', 'online'
10-19 15:49:51.362  4589  7937 I ReactNativeJS: '  - Has current ride:', true
10-19 15:49:51.362  4589  7937 I ReactNativeJS: ❌ NOT SHOWING MODAL - reasons:
10-19 15:49:51.362  4589  7937 I ReactNativeJS: '🚗 Analysis:', { pendingRidesCount: 0,
10-19 15:49:51.362  4589  7937 I ReactNativeJS:   modalAlreadyShowing: false,
10-19 15:49:51.362  4589  7937 I ReactNativeJS:   driverStatus: 'online',
10-19 15:49:51.362  4589  7937 I ReactNativeJS:   hasCurrentRide: true }
10-19 15:49:51.365 21104 21188 I ActivityScheduler: nextTriggerTime: 1313360449, in -279ms, detectorType: 39, FULL_TYPE alarmWindowMillis: 0
10-19 15:49:51.367 21104 21184 I FusedLocation: (REDACTED) location delivery to %s blocked - too fast
10-19 15:49:51.369 21104 21184 I FusedLocation: (REDACTED) location delivery to %s blocked - too close
10-19 15:49:51.370  4589  4589 D MapsInitializer: preferredRenderer: LATEST
10-19 15:49:51.370  4589  4589 D AirMapRenderer: LATEST
10-19 15:49:51.370  4589  4589 D MapsInitializer: preferredRenderer: null
10-19 15:49:51.370  4589  4589 D zzcc    : preferredRenderer: null
10-19 15:49:51.371  4589  7937 I ReactNativeJS: === RIDES SCREEN STATE DEBUG ===
10-19 15:49:51.371  4589  7937 I ReactNativeJS: 🔄 Component state updated:
10-19 15:49:51.371  4589  7937 I ReactNativeJS: '  - Current ride:', { id: '9af31e93-dea1-44d0-ba28-80396f18e004',
10-19 15:49:51.371  4589  7937 I ReactNativeJS:   status: 'in_progress',
10-19 15:49:51.371  4589  7937 I ReactNativeJS:   pickup: 'PRXJ+F32, Brindavan Nagar, Plot 87, NGGO\'s Colony, Anand Nagar, Hosur, Tamil Nadu 635109, India',
10-19 15:49:51.371  4589  7937 I ReactNativeJS:   destination: 'Anthivadi Stadium, SBM Colony, Anthivadi, Hosur, Tamil Nadu, India' }
10-19 15:49:51.371  4589  7937 I ReactNativeJS: '  - Pending rides count:', 0
10-19 15:49:51.371  4589  7937 I ReactNativeJS: '  - Driver status:', 'online'
10-19 15:49:51.371  4589  7937 I ReactNativeJS: '  - Loading:', true
10-19 15:49:51.371  4589  7937 I ReactNativeJS: '  - Error:', null
10-19 15:49:51.372  4589  7937 I ReactNativeJS: '  - Show modal:', false
10-19 15:49:51.372  4589  7937 I ReactNativeJS: '  - Timestamp:', '2025-10-19T10:19:51.372Z'
10-19 15:49:51.372  4589  7937 I ReactNativeJS: ✅ CURRENT RIDE EXISTS - should be visible in UI
10-19 15:49:51.372  4589  7937 I ReactNativeJS: === RIDE REQUEST MODAL LOGIC DEBUG ===
10-19 15:49:51.372  4589  7937 I ReactNativeJS: 🔄 Checking if should show ride request modal:
10-19 15:49:51.372  4589  7937 I ReactNativeJS: '  - Pending rides:', 0
10-19 15:49:51.372  4589  7937 I ReactNativeJS: '  - Modal already showing:', false
10-19 15:49:51.372  4589  7937 I ReactNativeJS: '  - Driver status:', 'online'
10-19 15:49:51.372  4589  7937 I ReactNativeJS: '  - Has current ride:', true
10-19 15:49:51.372  4589  7937 I ReactNativeJS: ❌ NOT SHOWING MODAL - reasons:
10-19 15:49:51.372  4589  7937 I ReactNativeJS: '🚗 Analysis:', { pendingRidesCount: 0,
10-19 15:49:51.372  4589  7937 I ReactNativeJS:   modalAlreadyShowing: false,
10-19 15:49:51.372  4589  7937 I ReactNativeJS:   driverStatus: 'online',
10-19 15:49:51.372  4589  7937 I ReactNativeJS:   hasCurrentRide: true }
10-19 15:49:51.372  4589  4589 I Google Android Maps SDK: Google Play services package version: 254031035
10-19 15:49:51.372  4589  4589 I Google Android Maps SDK: Google Play services maps renderer version(maps_core): 253425402
10-19 15:49:51.373 21104 21184 I fznc    : Received empty WiFi-RTT scan. [CONTEXT service_id=6 ]
10-19 15:49:51.375 21104  9220 I FusedLocation: (REDACTED) stationary throttling engaged @%s
10-19 15:49:51.379 21104  8977 I FusedOrientationManager: Unregistering orientation client. [CONTEXT service_id=6 ]
10-19 15:49:51.382 21104  8977 I PhenotypeResourceReader: unable to find any Phenotype resource metadata for com.a1taxi.driverpro
10-19 15:49:51.382  4589  7937 I ReactNativeJS: === RIDES SCREEN STATE DEBUG ===
10-19 15:49:51.382  4589  7937 I ReactNativeJS: 🔄 Component state updated:
10-19 15:49:51.383  4589  7937 I ReactNativeJS: '  - Current ride:', { id: '9af31e93-dea1-44d0-ba28-80396f18e004',
10-19 15:49:51.383  4589  7937 I ReactNativeJS:   status: 'in_progress',
10-19 15:49:51.383  4589  7937 I ReactNativeJS:   pickup: 'PRXJ+F32, Brindavan Nagar, Plot 87, NGGO\'s Colony, Anand Nagar, Hosur, Tamil Nadu 635109, India',
10-19 15:49:51.383  4589  7937 I ReactNativeJS:   destination: 'Anthivadi Stadium, SBM Colony, Anthivadi, Hosur, Tamil Nadu, India' }
10-19 15:49:51.383  4589  7937 I ReactNativeJS: '  - Pending rides count:', 0
10-19 15:49:51.383  4589  7937 I ReactNativeJS: '  - Driver status:', 'online'
10-19 15:49:51.383  4589  7937 I ReactNativeJS: '  - Loading:', false
10-19 15:49:51.383  4589  7937 I ReactNativeJS: '  - Error:', null
10-19 15:49:51.383  4589  7937 I ReactNativeJS: '  - Show modal:', false
10-19 15:49:51.383  4589  7937 I ReactNativeJS: '  - Timestamp:', '2025-10-19T10:19:51.383Z'
10-19 15:49:51.383  4589  7937 I ReactNativeJS: ✅ CURRENT RIDE EXISTS - should be visible in UI
10-19 15:49:51.386  4589  4589 W ProxyAndroidLoggerBackend: Too many Flogger logs received before configuration. Dropping old logs.
10-19 15:49:51.388  4589  4589 W ProxyAndroidLoggerBackend: Too many Flogger logs received before configuration. Dropping old logs.
10-19 15:49:51.391  4589  4589 W ProxyAndroidLoggerBackend: Too many Flogger logs received before configuration. Dropping old logs.
10-19 15:49:51.391  4589  4589 W ProxyAndroidLoggerBackend: Too many Flogger logs received before configuration. Dropping old logs.
10-19 15:49:51.393  4589  9313 W ProxyAndroidLoggerBackend: Too many Flogger logs received before configuration. Dropping old logs.
10-19 15:49:51.393  4589  4589 W ProxyAndroidLoggerBackend: Too many Flogger logs received before configuration. Dropping old logs.
10-19 15:49:51.394  4589  9315 W ProxyAndroidLoggerBackend: Too many Flogger logs received before configuration. Dropping old logs.
10-19 15:49:51.394  4589  4589 W ProxyAndroidLoggerBackend: Too many Flogger logs received before configuration. Dropping old logs.
10-19 15:49:51.394  4589  4589 W ProxyAndroidLoggerBackend: Too many Flogger logs received before configuration. Dropping old logs.
10-19 15:49:51.395 21104 21188 I ActivityScheduler: nextTriggerTime: 1313600449, in 239691ms, detectorType: 39, FULL_TYPE alarmWindowMillis: 30000
10-19 15:49:51.401  4589  7937 I ReactNativeJS: '✅ Got native location:', { accuracy: 18.81399917602539,
10-19 15:49:51.401  4589  7937 I ReactNativeJS:   longitude: 77.8299815,
10-19 15:49:51.401  4589  7937 I ReactNativeJS:   altitude: 772.5999755859375,
10-19 15:49:51.401  4589  7937 I ReactNativeJS:   heading: 0,
10-19 15:49:51.401  4589  7937 I ReactNativeJS:   latitude: 12.7487195,
10-19 15:49:51.401  4589  7937 I ReactNativeJS:   altitudeAccuracy: 1.2585630416870117,
10-19 15:49:51.401  4589  7937 I ReactNativeJS:   speed: 0.003634924301877618 }
10-19 15:49:51.419  4589  4589 D BufferQueueConsumer: [](id:11ed00000007,api:0,p:-1,c:4589) connect: controlledByApp=true
10-19 15:49:51.457 21104  8996 I TFLite-in-PlayServices: Created interpreter.
10-19 15:49:51.464  4589  4589 W ProxyAndroidLoggerBackend: Too many Flogger logs received before configuration. Dropping old logs.
10-19 15:49:51.465  4589  4589 W ProxyAndroidLoggerBackend: Too many Flogger logs received before configuration. Dropping old logs.
10-19 15:49:51.473 21104  9219 I FusedLocation: stationary throttling disengaged [CONTEXT service_id=6 ]
10-19 15:49:51.482 21104  8996 I TFLite-in-PlayServices: Created interpreter.
10-19 15:49:51.485  1870  3386 D BatteryStatsService: noteVideoSurfaceChanged  noteWhich: 49,arg1: 882, arg2: 550, arg3: 4589, arg4: 1029, name: com.a1taxi.driverpro
10-19 15:49:51.490 21104  9219 I FusedOrientationManager: Registering orientation client. [CONTEXT service_id=6 ]
10-19 15:49:51.498  4589  9315 W ProxyAndroidLoggerBackend: Too many Flogger logs received before configuration. Dropping old logs.
10-19 15:49:51.499  4589  9315 W ProxyAndroidLoggerBackend: Too many Flogger logs received before configuration. Dropping old logs.
10-19 15:49:51.502 21104 21184 W inertial-anchor: Triggering reinit due to mag declination change
10-19 15:49:51.502 21104 21184 W Looper  : Looper already prepared for this thread with a different value for the LOOPER_PREPARE_ALLOW_NON_CALLBACKS option.
10-19 15:49:51.508 21104 21188 I ActivityScheduler: nextTriggerTime: 1313366680, in 5809ms, detectorType: 39, FULL_TYPE alarmWindowMillis: 625
10-19 15:49:51.520 21104  8996 I SemanticLocation: (REDACTED) [Inferrer] %s%s
10-19 15:49:51.539  4589  9312 W ProxyAndroidLoggerBackend: Too many Flogger logs received before configuration. Dropping old logs.
10-19 15:49:51.539  4589  9312 W ProxyAndroidLoggerBackend: Too many Flogger logs received before configuration. Dropping old logs.
10-19 15:49:51.544  4589  9313 W ProxyAndroidLoggerBackend: Too many Flogger logs received before configuration. Dropping old logs.
10-19 15:49:51.544  4589  9313 W ProxyAndroidLoggerBackend: Too many Flogger logs received before configuration. Dropping old logs.
10-19 15:49:51.546  4589  9313 W ProxyAndroidLoggerBackend: Too many Flogger logs received before configuration. Dropping old logs.
10-19 15:49:51.546  4589  9313 W ProxyAndroidLoggerBackend: Too many Flogger logs received before configuration. Dropping old logs.
10-19 15:49:51.553  4589  9313 W ProxyAndroidLoggerBackend: Too many Flogger logs received before configuration. Dropping old logs.
10-19 15:49:51.553  4589  9313 W ProxyAndroidLoggerBackend: Too many Flogger logs received before configuration. Dropping old logs.
10-19 15:49:51.555  4589  9312 W ProxyAndroidLoggerBackend: Too many Flogger logs received before configuration. Dropping old logs.
10-19 15:49:51.555  4589  9312 W ProxyAndroidLoggerBackend: Too many Flogger logs received before configuration. Dropping old logs.
10-19 15:49:51.557  4589  9315 W ProxyAndroidLoggerBackend: Too many Flogger logs received before configuration. Dropping old logs.
10-19 15:49:51.558  4589  9315 W ProxyAndroidLoggerBackend: Too many Flogger logs received before configuration. Dropping old logs.
10-19 15:49:51.648  4589  7937 I ReactNativeJS: '✅ Location record', 'updated', 'successfully via RPC'
10-19 15:49:51.649  4589  7937 I ReactNativeJS: ✅ Location record confirmed, starting tracking...
10-19 15:49:51.649  4589  7937 I ReactNativeJS: ✅ Driver is now available for customer bookings
10-19 15:49:51.649  4589  7937 I ReactNativeJS: === STARTING LOCATION TRACKING ===
10-19 15:49:51.649  4589  7937 I ReactNativeJS: 'Driver:', 'jai'
10-19 15:49:51.649  4589  7937 I ReactNativeJS: 'Status:', 'online'
10-19 15:49:51.649  4589  7937 I ReactNativeJS: 'Permission:', true
10-19 15:49:51.649  4589  7937 I ReactNativeJS: === UPDATING LOCATION WITH GOOGLE MAPS ===
10-19 15:49:51.649  4589  7937 I ReactNativeJS: 📱 Using native location...
10-19 15:49:51.650  4589  7937 I ReactNativeJS: === STARTING BACKGROUND LOCATION TRACKING ===
10-19 15:49:51.650  4589  7937 I ReactNativeJS: 'Driver:', 'jai'
10-19 15:49:51.650  4589  7937 I ReactNativeJS: 'Status:', 'online'
10-19 15:49:51.651  4589  7937 I ReactNativeJS: === STARTING BACKGROUND LOCATION TRACKING ===
10-19 15:49:51.651  4589  7937 I ReactNativeJS: 'Driver User ID:', 'ae53a792-6aed-4186-823d-61c34c6defe2'
10-19 15:49:51.651  4589  7937 I ReactNativeJS: 'Platform:', 'android'
10-19 15:49:51.693 21104  8977 I FusedLocation: (REDACTED) stationary throttling engaged @%s
10-19 15:49:51.722 21104  9220 I FusedOrientationManager: Unregistering orientation client. [CONTEXT service_id=6 ]
10-19 15:49:51.748 21104 21188 I ActivityScheduler: nextTriggerTime: 1313600449, in 239338ms, detectorType: 39, FULL_TYPE alarmWindowMillis: 30000
10-19 15:49:51.781  4589  9312 W ProxyAndroidLoggerBackend: Too many Flogger logs received before configuration. Dropping old logs.
10-19 15:49:51.782  4589  9312 W ProxyAndroidLoggerBackend: Too many Flogger logs received before configuration. Dropping old logs.
10-19 15:49:51.783  4589  9312 W ProxyAndroidLoggerBackend: Too many Flogger logs received before configuration. Dropping old logs.
10-19 15:49:51.784  4589  9312 W ProxyAndroidLoggerBackend: Too many Flogger logs received before configuration. Dropping old logs.
10-19 15:49:51.786  4589  9312 W ProxyAndroidLoggerBackend: Too many Flogger logs received before configuration. Dropping old logs.
10-19 15:49:51.786  4589  9312 W ProxyAndroidLoggerBackend: Too many Flogger logs received before configuration. Dropping old logs.
10-19 15:49:51.786  4589  9312 W ProxyAndroidLoggerBackend: Too many Flogger logs received before configuration. Dropping old logs.
10-19 15:49:51.786  4589  9312 W ProxyAndroidLoggerBackend: Too many Flogger logs received before configuration. Dropping old logs.
10-19 15:49:51.786  4589  9312 W ProxyAndroidLoggerBackend: Too many Flogger logs received before configuration. Dropping old logs.
10-19 15:49:51.788  4589  9315 W ProxyAndroidLoggerBackend: Too many Flogger logs received before configuration. Dropping old logs.
10-19 15:49:51.790  4589  9313 W ProxyAndroidLoggerBackend: Too many Flogger logs received before configuration. Dropping old logs.
10-19 15:49:51.802  4589  9318 W ProxyAndroidLoggerBackend: Too many Flogger logs received before configuration. Dropping old logs.
10-19 15:49:51.825  4589  9315 W ProxyAndroidLoggerBackend: Too many Flogger logs received before configuration. Dropping old logs.
10-19 15:49:51.827  4589  9315 W ProxyAndroidLoggerBackend: Too many Flogger logs received before configuration. Dropping old logs.
10-19 15:49:51.830  4589  9313 W ProxyAndroidLoggerBackend: Too many Flogger logs received before configuration. Dropping old logs.
10-19 15:49:51.835  4589  9312 W ProxyAndroidLoggerBackend: Too many Flogger logs received before configuration. Dropping old logs.
10-19 15:49:51.874  4589  9313 W ProxyAndroidLoggerBackend: Too many Flogger logs received before configuration. Dropping old logs.
10-19 15:49:51.882  4589  9313 W ProxyAndroidLoggerBackend: Too many Flogger logs received before configuration. Dropping old logs.
10-19 15:49:51.884  4589  9321 W ProxyAndroidLoggerBackend: Too many Flogger logs received before configuration. Dropping old logs.
10-19 15:49:51.885  4589  9321 W ProxyAndroidLoggerBackend: Too many Flogger logs received before configuration. Dropping old logs.
10-19 15:49:51.888  4589  9315 W ProxyAndroidLoggerBackend: Too many Flogger logs received before configuration. Dropping old logs.
10-19 15:49:51.890  4589  9315 W ProxyAndroidLoggerBackend: Too many Flogger logs received before configuration. Dropping old logs.
10-19 15:49:51.891  4589  9315 W ProxyAndroidLoggerBackend: Too many Flogger logs received before configuration. Dropping old logs.
10-19 15:49:51.894  4589  9315 W ProxyAndroidLoggerBackend: Too many Flogger logs received before configuration. Dropping old logs.
10-19 15:49:51.899  4589  9313 W ProxyAndroidLoggerBackend: Too many Flogger logs received before configuration. Dropping old logs.
10-19 15:49:51.902  4589  9312 W ProxyAndroidLoggerBackend: Too many Flogger logs received before configuration. Dropping old logs.
10-19 15:49:51.921  4589  7937 I ReactNativeJS: '✅ Location obtained:', { accuracy: 18.81399917602539,
10-19 15:49:51.921  4589  7937 I ReactNativeJS:   longitude: 77.8299815,
10-19 15:49:51.921  4589  7937 I ReactNativeJS:   altitude: 772.5999755859375,
10-19 15:49:51.921  4589  7937 I ReactNativeJS:   heading: 0,
10-19 15:49:51.921  4589  7937 I ReactNativeJS:   latitude: 12.7487195,
10-19 15:49:51.921  4589  7937 I ReactNativeJS:   altitudeAccuracy: 1.2585630416870117,
10-19 15:49:51.921  4589  7937 I ReactNativeJS:   speed: 0.003634924301877618 }
10-19 15:49:51.930  4589  7937 I ReactNativeJS: === SENDING LOCATION TO EDGE FUNCTION ===
10-19 15:49:51.931  4589  7937 I ReactNativeJS: 'Driver User ID:', 'ae53a792-6aed-4186-823d-61c34c6defe2'
10-19 15:49:51.931  4589  7937 I ReactNativeJS: 'Location:', { latitude: 12.7487195,
10-19 15:49:51.931  4589  7937 I ReactNativeJS:   longitude: 77.8299815,
10-19 15:49:51.931  4589  7937 I ReactNativeJS:   accuracy: 18.81399917602539 }
10-19 15:49:51.931  4589  7937 I ReactNativeJS: 📤 Updating location via RPC...
10-19 15:49:51.974  4589  7886 E 1taxi.driverpro: [SurfaceTexture-0-4589-0] setSurfaceTextureListener: listener is nullptr
10-19 15:49:52.108  1870  1976 I ActivityTaskManager: Displayed com.google.android.permissioncontroller/com.android.permissioncontroller.permission.ui.GrantPermissionsActivity for user 0: +435ms
10-19 15:49:52.127  5589  5589 I GoogleInputMethodService: GoogleInputMethodService.onFinishInput():2085 
10-19 15:49:52.127  5589  5589 I Module  : DeviceLockedStatusModuleProvider$Module.updateDeviceLockedStatus():100 repeatCheckTimes = 0, locked = false
10-19 15:49:52.127  5589  5589 I GoogleInputMethodService: GoogleInputMethodService.onStartInput():1346 onStartInput(EditorInfo{EditorInfo{packageName=com.google.android.permissioncontroller, inputType=0, inputTypeString=NULL, enableLearning=false, autoCorrection=false, autoComplete=false, imeOptions=0, privateImeOptions=null, actionName=UNSPECIFIED, actionLabel=null, initialSelStart=-1, initialSelEnd=-1, initialCapsMode=0, label=null, fieldId=0, fieldName=null, extras=null, hintText=null, hintLocales=[]}}, false)
10-19 15:49:52.128  5589  5589 I Module  : DeviceLockedStatusModuleProvider$Module.updateDeviceLockedStatus():100 repeatCheckTimes = 1, locked = false
10-19 15:49:52.128  5589  5589 I HardKeyTracker: HardKeyTracker.registerKeySequence():170 Register key sequence nfz{labelResId=0, callback=gds@efeae48, lastModifier=0, keyCodes=[57, 57], actions=[1, 0]}
10-19 15:49:52.128  5589  5589 I HardKeyTracker: HardKeyTracker.registerKeySequence():170 Register key sequence nfz{labelResId=0, callback=gds@23a40c7, lastModifier=0, keyCodes=[58, 58], actions=[1, 0]}
10-19 15:49:52.161  4589  7937 I ReactNativeJS: '✅ Location', 'updated', 'successfully via RPC'
10-19 15:49:52.162  4589  7937 I ReactNativeJS: 📱 Starting native location watching with 5s intervals
10-19 15:49:52.179 21104  9220 I FusedLocation: stationary throttling disengaged [CONTEXT service_id=6 ]
10-19 15:49:52.188  4589  4589 V ImeFocusController: onWindowFocus: com.android.internal.policy.DecorView{88218ae V.E...... R......D 0,0-1080,2392 aid=0}[MainActivity] softInputMode=STATE_UNSPECIFIED|ADJUST_RESIZE
10-19 15:49:52.204  4589  7937 I ReactNativeJS: ✅ Location tracking started successfully
10-19 15:49:52.204  4589  7937 I ReactNativeJS: '✅ isTracking state set to:', true
10-19 15:49:52.205  4589  7937 I ReactNativeJS: ✅ Background location permission granted
10-19 15:49:52.207  4589  7937 I ReactNativeJS: '📍 5-second location watch update:', { altitude: 772.5999755859375,
10-19 15:49:52.207  4589  7937 I ReactNativeJS:   heading: 0,
10-19 15:49:52.207  4589  7937 I ReactNativeJS:   altitudeAccuracy: 1.2585630416870117,
10-19 15:49:52.207  4589  7937 I ReactNativeJS:   latitude: 12.7487195,
10-19 15:49:52.207  4589  7937 I ReactNativeJS:   speed: 0.003634924301877618,
10-19 15:49:52.207  4589  7937 I ReactNativeJS:   longitude: 77.8299815,
10-19 15:49:52.207  4589  7937 I ReactNativeJS:   accuracy: 18.81399917602539 }
10-19 15:49:52.207  4589  7937 I ReactNativeJS: === DRIVER STATUS CHANGE DETECTED ===
10-19 15:49:52.207  4589  7937 I ReactNativeJS: 'Driver:', 'jai'
10-19 15:49:52.207  4589  7937 I ReactNativeJS: 'Driver Status:', 'online'
10-19 15:49:52.207  4589  7937 I ReactNativeJS: 'Driver User ID:', 'ae53a792-6aed-4186-823d-61c34c6defe2'
10-19 15:49:52.207  4589  7937 I ReactNativeJS: 'Driver Verified:', true
10-19 15:49:52.210  4589  7926 I TaskService: Registered task with name 'background-location-task' for app with scoping identifier 'com.a1taxi.driverpro'.
10-19 15:49:52.224  5589  5589 I GoogleInputMethodService: GoogleInputMethodService.onFinishInput():2085 
10-19 15:49:52.225  5589  5589 I Module  : DeviceLockedStatusModuleProvider$Module.updateDeviceLockedStatus():100 repeatCheckTimes = 0, locked = false
10-19 15:49:52.225  5589  5589 I GoogleInputMethodService: GoogleInputMethodService.onStartInput():1346 onStartInput(EditorInfo{EditorInfo{packageName=com.a1taxi.driverpro, inputType=0, inputTypeString=NULL, enableLearning=false, autoCorrection=false, autoComplete=false, imeOptions=0, privateImeOptions=null, actionName=UNSPECIFIED, actionLabel=null, initialSelStart=-1, initialSelEnd=-1, initialCapsMode=0, label=null, fieldId=0, fieldName=null, extras=null, hintText=null, hintLocales=[]}}, false)
10-19 15:49:52.226  5589  5589 I Module  : DeviceLockedStatusModuleProvider$Module.updateDeviceLockedStatus():100 repeatCheckTimes = 1, locked = false
10-19 15:49:52.234 21104  9219 I FusedOrientationManager: Registering orientation client. [CONTEXT service_id=6 ]
10-19 15:49:52.241  4589  7926 I TaskService: Registered task with name 'background-fetch-task' for app with scoping identifier 'com.a1taxi.driverpro'.
10-19 15:49:52.241  4589  7937 I ReactNativeJS: ✅ Background location tracking started
10-19 15:49:52.241  4589  7937 I ReactNativeJS: ✅ Foreground service notification will be shown
10-19 15:49:52.241  4589  7937 I ReactNativeJS: ✅ Location will update every 5 seconds even when app is closed
10-19 15:49:52.250 21104 21184 W inertial-anchor: Triggering reinit due to mag declination change
10-19 15:49:52.250 21104 21184 W Looper  : Looper already prepared for this thread with a different value for the LOOPER_PREPARE_ALLOW_NON_CALLBACKS option.
10-19 15:49:52.259 21104  9396 I AlarmManager: set [name: SystemMemoryMap-flp type: 2 triggerAtMillis: 9223372036854775806 windowMillis: -1 intervalMillis: 0]
10-19 15:49:52.259  4589  7937 I ReactNativeJS: ✅ Background location tracking started successfully
10-19 15:49:52.259  4589  7937 I ReactNativeJS: ✅ Driver location will be sent every 5 seconds even when app is closed
10-19 15:49:52.259  4589  7937 I ReactNativeJS: === DRIVER STATUS CHANGE DETECTED ===
10-19 15:49:52.260  4589  7937 I ReactNativeJS: 'Driver:', 'jai'
10-19 15:49:52.260  4589  7937 I ReactNativeJS: 'Driver Status:', 'online'
10-19 15:49:52.260  4589  7937 I ReactNativeJS: 'Driver User ID:', 'ae53a792-6aed-4186-823d-61c34c6defe2'
10-19 15:49:52.260  4589  7937 I ReactNativeJS: 'Driver Verified:', true
10-19 15:49:52.271  4589  7937 I ReactNativeJS: === DRIVER STATUS CHANGE DETECTED ===
10-19 15:49:52.271  4589  7937 I ReactNativeJS: 'Driver:', 'jai'
10-19 15:49:52.271  4589  7937 I ReactNativeJS: 'Driver Status:', 'online'
10-19 15:49:52.271  4589  7937 I ReactNativeJS: 'Driver User ID:', 'ae53a792-6aed-4186-823d-61c34c6defe2'
10-19 15:49:52.271  4589  7937 I ReactNativeJS: 'Driver Verified:', true
10-19 15:49:52.295 21104 21188 I ActivityScheduler: nextTriggerTime: 1313600449, in 238791ms, detectorType: 39, FULL_TYPE alarmWindowMillis: 30000
10-19 15:49:52.297  4589  4589 I TaskService: Handling intent with task name 'background-location-task' and app scoping identifier 'com.a1taxi.driverpro'.
10-19 15:49:52.404  4589  4589 I ScrollIdentify: on fling
10-19 15:49:52.411  4589  7937 I ReactNativeJS: === SENDING LOCATION TO EDGE FUNCTION ===
10-19 15:49:52.411  4589  7937 I ReactNativeJS: 'Driver User ID:', 'ae53a792-6aed-4186-823d-61c34c6defe2'
