10-18 02:18:20.953 10844 11438 W unknown:ViewManagerPropertyUpdater: Could not find generated setter for class com.swmansion.rnscreens.ScreenStackViewManager
10-18 02:18:20.954 10844 11438 W unknown:ViewManagerPropertyUpdater: Could not find generated setter for class com.swmansion.rnscreens.ScreenStackHeaderConfigViewManager
10-18 02:18:20.954 10844 11438 W unknown:ViewManagerPropertyUpdater: Could not find generated setter for class com.swmansion.rnscreens.ScreenStackHeaderSubviewManager
10-18 02:18:20.955 10844 11438 W unknown:ViewManagerPropertyUpdater: Could not find generated setter for class com.swmansion.rnscreens.SearchBarManager
10-18 02:18:20.957 10844 11438 W unknown:ViewManagerPropertyUpdater: Could not find generated setter for class com.horcrux.svg.RenderableViewManager$DefsViewManager
10-18 02:18:20.958 10844 11438 W unknown:ViewManagerPropertyUpdater: Could not find generated setter for class com.horcrux.svg.VirtualViewManager$RenderableShadowNode
10-18 02:18:20.958 10844 11438 W unknown:ViewManagerPropertyUpdater: Could not find generated setter for class com.horcrux.svg.RenderableViewManager$MarkerManager
10-18 02:18:20.960 10844 11438 W unknown:ViewManagerPropertyUpdater: Could not find generated setter for class com.horcrux.svg.RenderableViewManager$ForeignObjectManager
10-18 02:18:20.960 10844 11438 W unknown:ViewManagerPropertyUpdater: Could not find generated setter for class com.horcrux.svg.RenderableViewManager$EllipseViewManager
10-18 02:18:20.961 10844 11438 W unknown:ViewManagerPropertyUpdater: Could not find generated setter for class com.horcrux.svg.RenderableViewManager$LineViewManager
10-18 02:18:20.962 10844 11438 W unknown:ViewManagerPropertyUpdater: Could not find generated setter for class com.horcrux.svg.RenderableViewManager$LinearGradientManager
10-18 02:18:20.963 10844 11438 W unknown:ViewManagerPropertyUpdater: Could not find generated setter for class com.horcrux.svg.RenderableViewManager$GroupViewManager
10-18 02:18:20.963 10844 11438 W unknown:ViewManagerPropertyUpdater: Could not find generated setter for class com.horcrux.svg.RenderableViewManager$TextViewManager
10-18 02:18:20.964 10844 11438 W unknown:ViewManagerPropertyUpdater: Could not find generated setter for class com.horcrux.svg.RenderableViewManager$ImageViewManager
10-18 02:18:20.964 10844 11438 W unknown:ViewManagerPropertyUpdater: Could not find generated setter for class com.horcrux.svg.RenderableViewManager$ClipPathViewManager
10-18 02:18:20.965 10844 11438 W unknown:ViewManagerPropertyUpdater: Could not find generated setter for class com.horcrux.svg.RenderableViewManager$RadialGradientManager
10-18 02:18:20.966 10844 11438 W unknown:ViewManagerPropertyUpdater: Could not find generated setter for class com.horcrux.svg.RenderableViewManager$MaskManager
10-18 02:18:20.966 10844 11438 W unknown:ViewManagerPropertyUpdater: Could not find generated setter for class com.horcrux.svg.RenderableViewManager$SymbolManager
10-18 02:18:20.967 10844 11438 W unknown:ViewManagerPropertyUpdater: Could not find generated setter for class com.horcrux.svg.RenderableViewManager$PatternManager
10-18 02:18:20.968 10844 11438 W unknown:ViewManagerPropertyUpdater: Could not find generated setter for class com.horcrux.svg.RenderableViewManager$RectViewManager
10-18 02:18:20.968 10844 11438 W unknown:ViewManagerPropertyUpdater: Could not find generated setter for class com.horcrux.svg.RenderableViewManager$TextPathViewManager
10-18 02:18:20.969 10844 11438 W unknown:ViewManagerPropertyUpdater: Could not find generated setter for class com.horcrux.svg.SvgViewManager
10-18 02:18:20.970 10844 11438 W unknown:ViewManagerPropertyUpdater: Could not find generated setter for class com.horcrux.svg.RenderableViewManager$PathViewManager
10-18 02:18:20.971 10844 11438 W unknown:ViewManagerPropertyUpdater: Could not find generated setter for class com.horcrux.svg.RenderableViewManager$UseViewManager
10-18 02:18:20.971 10844 11438 W unknown:ViewManagerPropertyUpdater: Could not find generated setter for class com.horcrux.svg.RenderableViewManager$CircleViewManager
10-18 02:18:20.972 10844 11438 W unknown:ViewManagerPropertyUpdater: Could not find generated setter for class com.horcrux.svg.RenderableViewManager$TSpanViewManager
10-18 02:18:21.007 10844 11437 V SoLoader: libexpo-modules-core.so not found on /data/app/~~z3Kb1ULEEVzH9WMoPoOLMA==/com.a1taxi.driverpro-omwYU1NwuOKOoC8LYgPKog==/lib/arm64
10-18 02:18:21.011 10844 11437 V SoLoader: libreact_nativemodule_core.so not found on /data/app/~~z3Kb1ULEEVzH9WMoPoOLMA==/com.a1taxi.driverpro-omwYU1NwuOKOoC8LYgPKog==/lib/arm64
10-18 02:18:21.017 10844 11437 D nativeloader: Load /data/app/~~z3Kb1ULEEVzH9WMoPoOLMA==/com.a1taxi.driverpro-omwYU1NwuOKOoC8LYgPKog==/base.apk!/lib/arm64-v8a/libreact_nativemodule_core.so using class loader ns clns-7 (caller=/data/app/~~z3Kb1ULEEVzH9WMoPoOLMA==/com.a1taxi.driverpro-omwYU1NwuOKOoC8LYgPKog==/base.apk): ok
10-18 02:18:21.018 10844 11437 D SoLoader: libreact_nativemodule_core.so found on /data/app/~~z3Kb1ULEEVzH9WMoPoOLMA==/com.a1taxi.driverpro-omwYU1NwuOKOoC8LYgPKog==/base.apk!/lib/arm64-v8a
10-18 02:18:21.023 10844 11437 D nativeloader: Load /data/app/~~z3Kb1ULEEVzH9WMoPoOLMA==/com.a1taxi.driverpro-omwYU1NwuOKOoC8LYgPKog==/base.apk!/lib/arm64-v8a/libexpo-modules-core.so using class loader ns clns-7 (caller=/data/app/~~z3Kb1ULEEVzH9WMoPoOLMA==/com.a1taxi.driverpro-omwYU1NwuOKOoC8LYgPKog==/base.apk): ok
10-18 02:18:21.024 10844 11437 D SoLoader: libexpo-modules-core.so found on /data/app/~~z3Kb1ULEEVzH9WMoPoOLMA==/com.a1taxi.driverpro-omwYU1NwuOKOoC8LYgPKog==/base.apk!/lib/arm64-v8a
10-18 02:18:21.025 10844 11437 V SoLoader: libturbomodulejsijni.so not found on /data/app/~~z3Kb1ULEEVzH9WMoPoOLMA==/com.a1taxi.driverpro-omwYU1NwuOKOoC8LYgPKog==/lib/arm64
10-18 02:18:21.031 10844 11437 D nativeloader: Load /data/app/~~z3Kb1ULEEVzH9WMoPoOLMA==/com.a1taxi.driverpro-omwYU1NwuOKOoC8LYgPKog==/base.apk!/lib/arm64-v8a/libturbomodulejsijni.so using class loader ns clns-7 (caller=/data/app/~~z3Kb1ULEEVzH9WMoPoOLMA==/com.a1taxi.driverpro-omwYU1NwuOKOoC8LYgPKog==/base.apk): ok
10-18 02:18:21.032 10844 11437 D SoLoader: libturbomodulejsijni.so found on /data/app/~~z3Kb1ULEEVzH9WMoPoOLMA==/com.a1taxi.driverpro-omwYU1NwuOKOoC8LYgPKog==/base.apk!/lib/arm64-v8a
10-18 02:18:21.035 10844 11437 I ExpoModulesCore: âœ… JSI interop was installed
10-18 02:18:21.036 10844 11437 W ExpoModulesCore: âš ï¸ JSI interop was already installed
10-18 02:18:21.045 10844 11437 I ExpoModulesCore: âœ… Constants were exported
10-18 02:18:21.071 16422 16422 D VRI[Launcher]: visibilityChanged oldVisibility=true newVisibility=false
10-18 02:18:21.077 10844 11437 D nativeloader: Load /data/app/~~z3Kb1ULEEVzH9WMoPoOLMA==/com.a1taxi.driverpro-omwYU1NwuOKOoC8LYgPKog==/base.apk!/lib/arm64-v8a/librnscreens.so using class loader ns clns-7 (caller=/data/app/~~z3Kb1ULEEVzH9WMoPoOLMA==/com.a1taxi.driverpro-omwYU1NwuOKOoC8LYgPKog==/base.apk!classes3.dex): ok
10-18 02:18:21.087 10844 11437 I ReactNativeJS: Running "main
10-18 02:18:21.092 10844 11437 E ReactNativeJS: Error: No routes found
10-18 02:18:21.092 10844 11437 E ReactNativeJS: 
10-18 02:18:21.092 10844 11437 E ReactNativeJS: This error is located at:
10-18 02:18:21.092 10844 11437 E ReactNativeJS:     in ContextNavigator
10-18 02:18:21.092 10844 11437 E ReactNativeJS:     in ExpoRoot
10-18 02:18:21.092 10844 11437 E ReactNativeJS:     in App
10-18 02:18:21.092 10844 11437 E ReactNativeJS:     in RCTView
10-18 02:18:21.092 10844 11437 E ReactNativeJS:     in Unknown
10-18 02:18:21.092 10844 11437 E ReactNativeJS:     in AppContainer, js engine: hermes
10-18 02:18:21.093 10844 11437 E ReactNativeJS: Error: No routes found
10-18 02:18:21.093 10844 11437 E ReactNativeJS: 
10-18 02:18:21.093 10844 11437 E ReactNativeJS: This error is located at:
10-18 02:18:21.093 10844 11437 E ReactNativeJS:     in ContextNavigator
10-18 02:18:21.093 10844 11437 E ReactNativeJS:     in ExpoRoot
10-18 02:18:21.093 10844 11437 E ReactNativeJS:     in App
10-18 02:18:21.093 10844 11437 E ReactNativeJS:     in RCTView
10-18 02:18:21.093 10844 11437 E ReactNativeJS:     in Unknown
10-18 02:18:21.093 10844 11437 E ReactNativeJS:     in AppContainer, js engine: hermes
10-18 02:18:21.097 10844 11438 E unknown:ReactNative: Error: No routes found
10-18 02:18:21.097 10844 11438 E unknown:ReactNative: 
10-18 02:18:21.097 10844 11438 E unknown:ReactNative: This error is located at:
10-18 02:18:21.097 10844 11438 E unknown:ReactNative:     in ContextNavigator
10-18 02:18:21.097 10844 11438 E unknown:ReactNative:     in ExpoRoot
10-18 02:18:21.097 10844 11438 E unknown:ReactNative:     in App
10-18 02:18:21.097 10844 11438 E unknown:ReactNative:     in RCTView
10-18 02:18:21.097 10844 11438 E unknown:ReactNative:     in Unknown
10-18 02:18:21.097 10844 11438 E unknown:ReactNative:     in AppContainer, js engine: hermes, stack:
10-18 02:18:21.097 10844 11438 E unknown:ReactNative: initialize@1:747488
10-18 02:18:21.097 10844 11438 E unknown:ReactNative: anonymous@1:746016
10-18 02:18:21.097 10844 11438 E unknown:ReactNative: useMemo@1:359685
10-18 02:18:21.097 10844 11438 E unknown:ReactNative: anonymous@1:149519
10-18 02:18:21.097 10844 11438 E unknown:ReactNative: useInitializeExpoRouter@1:745958
10-18 02:18:21.097 10844 11438 E unknown:ReactNative: ContextNavigator@1:636746
10-18 02:18:21.097 10844 11438 E unknown:ReactNative: renderWithHooks@1:315508
10-18 02:18:21.097 10844 11438 E unknown:ReactNative: beginWork@1:363365
10-18 02:18:21.097 10844 11438 E unknown:ReactNative: performUnitOfWork@1:349725
10-18 02:18:21.097 10844 11438 E unknown:ReactNative: workLoopSync@1:348855
10-18 02:18:21.097 10844 11438 E unknown:ReactNative: renderRootSync@1:348686
10-18 02:18:21.097 10844 11438 E unknown:ReactNative: flushSyncWorkAcrossRoots_impl@1:305241
10-18 02:18:21.097 10844 11438 E unknown:ReactNative: scheduleUpdateOnFiber@1:346192
10-18 02:18:21.097 10844 11438 E unknown:ReactNative: updateContainer@1:355295
10-18 02:18:21.097 10844 11438 E unknown:ReactNative: anonymous@1:364350
10-18 02:18:21.097 10844 11438 E unknown:ReactNative: renderElement@1:183327
10-18 02:18:21.097 10844 11438 E unknown:ReactNative: renderApplication@1:144720
10-18 02:18:21.097 10844 11438 E unknown:ReactNative: anonymous@1:136588
10-18 02:18:21.097 10844 11438 E unknown:ReactNative: runApplication@1:137013
10-18 02:18:21.097 10844 11438 E unknown:ReactNative: __callFunction@1:44453
10-18 02:18:21.097 10844 11438 E unknown:ReactNative: anonymous@1:42895
10-18 02:18:21.097 10844 11438 E unknown:ReactNative: __guard@1:43835
10-18 02:18:21.097 10844 11438 E unknown:ReactNative: callFunctionReturnFlushedQueue@1:42853
--------- beginning of crash
10-18 02:18:21.105 10844 11438 E AndroidRuntime: FATAL EXCEPTION: mqt_native_modules
10-18 02:18:21.105 10844 11438 E AndroidRuntime: Process: com.a1taxi.driverpro, PID: 10844
10-18 02:18:21.105 10844 11438 E AndroidRuntime: com.facebook.react.common.JavascriptException: Error: No routes found
10-18 02:18:21.105 10844 11438 E AndroidRuntime: 
10-18 02:18:21.105 10844 11438 E AndroidRuntime: This error is located at:
10-18 02:18:21.105 10844 11438 E AndroidRuntime:     in ContextNavigator
10-18 02:18:21.105 10844 11438 E AndroidRuntime:     in ExpoRoot
10-18 02:18:21.105 10844 11438 E AndroidRuntime:     in App
10-18 02:18:21.105 10844 11438 E AndroidRuntime:     in RCTView
10-18 02:18:21.105 10844 11438 E AndroidRuntime:     in Unknown
10-18 02:18:21.105 10844 11438 E AndroidRuntime:     in AppContainer, js engine: hermes, stack:
10-18 02:18:21.105 10844 11438 E AndroidRuntime: initialize@1:747488
10-18 02:18:21.105 10844 11438 E AndroidRuntime: anonymous@1:746016
10-18 02:18:21.105 10844 11438 E AndroidRuntime: useMemo@1:359685
10-18 02:18:21.105 10844 11438 E AndroidRuntime: anonymous@1:149519
10-18 02:18:21.105 10844 11438 E AndroidRuntime: useInitializeExpoRouter@1:745958
10-18 02:18:21.105 10844 11438 E AndroidRuntime: ContextNavigator@1:636746
10-18 02:18:21.105 10844 11438 E AndroidRuntime: renderWithHooks@1:315508
10-18 02:18:21.105 10844 11438 E AndroidRuntime: beginWork@1:363365
10-18 02:18:21.105 10844 11438 E AndroidRuntime: performUnitOfWork@1:349725
10-18 02:18:21.105 10844 11438 E AndroidRuntime: workLoopSync@1:348855
10-18 02:18:21.105 10844 11438 E AndroidRuntime: renderRootSync@1:348686
10-18 02:18:21.105 10844 11438 E AndroidRuntime: flushSyncWorkAcrossRoots_impl@1:305241
10-18 02:18:21.105 10844 11438 E AndroidRuntime: scheduleUpdateOnFiber@1:346192
10-18 02:18:21.105 10844 11438 E AndroidRuntime: updateContainer@1:355295
10-18 02:18:21.105 10844 11438 E AndroidRuntime: anonymous@1:364350
10-18 02:18:21.105 10844 11438 E AndroidRuntime: renderElement@1:183327
10-18 02:18:21.105 10844 11438 E AndroidRuntime: renderApplication@1:144720
10-18 02:18:21.105 10844 11438 E AndroidRuntime: anonymous@1:136588
10-18 02:18:21.105 10844 11438 E AndroidRuntime: runApplication@1:137013
10-18 02:18:21.105 10844 11438 E AndroidRuntime: __callFunction@1:44453
10-18 02:18:21.105 10844 11438 E AndroidRuntime: anonymous@1:42895
10-18 02:18:21.105 10844 11438 E AndroidRuntime: __guard@1:43835
10-18 02:18:21.105 10844 11438 E AndroidRuntime: callFunctionReturnFlushedQueue@1:42853
10-18 02:18:21.105 10844 11438 E AndroidRuntime: 
10-18 02:18:21.105 10844 11438 E AndroidRuntime: 	at com.facebook.react.modules.core.ExceptionsManagerModule.reportException(ExceptionsManagerModule.java:65)
10-18 02:18:21.105 10844 11438 E AndroidRuntime: 	at java.lang.reflect.Method.invoke(Native Method)
10-18 02:18:21.105 10844 11438 E AndroidRuntime: 	at com.facebook.react.bridge.JavaMethodWrapper.invoke(JavaMethodWrapper.java:372)
10-18 02:18:21.105 10844 11438 E AndroidRuntime: 	at com.facebook.react.bridge.JavaModuleWrapper.invoke(JavaModuleWrapper.java:146)
10-18 02:18:21.105 10844 11438 E AndroidRuntime: 	at com.facebook.jni.NativeRunnable.run(Native Method)
10-18 02:18:21.105 10844 11438 E AndroidRuntime: 	at android.os.Handler.handleCallback(Handler.java:1014)
10-18 02:18:21.105 10844 11438 E AndroidRuntime: 	at android.os.Handler.dispatchMessage(Handler.java:102)
10-18 02:18:21.105 10844 11438 E AndroidRuntime: 	at com.facebook.react.bridge.queue.MessageQueueThreadHandler.dispatchMessage(MessageQueueThreadHandler.java:27)
10-18 02:18:21.105 10844 11438 E AndroidRuntime: 	at android.os.Looper.loopOnce(Looper.java:250)
10-18 02:18:21.105 10844 11438 E AndroidRuntime: 	at android.os.Looper.loop(Looper.java:340)
10-18 02:18:21.105 10844 11438 E AndroidRuntime: 	at com.facebook.react.bridge.queue.MessageQueueThreadImpl$4.run(MessageQueueThreadImpl.java:233)
10-18 02:18:21.105 10844 11438 E AndroidRuntime: 	at java.lang.Thread.run(Thread.java:1119)
10-18 02:18:21.110 16422 16422 D ViewRootImpl: AppSizeAfterRelayout, size: Point(1080, 2392), rotation: ROTATION_0
10-18 02:18:21.110 16422 16422 D BLASTBufferQueue: [VRI[Launcher]#328](f:0,a:1) destructor()
10-18 02:18:21.111 16422 16422 D BufferQueueConsumer: [VRI[Launcher]#328(BLAST Consumer)328](id:402600000148,api:0,p:-1,c:16422) disconnect
10-18 02:18:21.143 16422 16422 D VRI[Launcher]: visibilityChanged oldVisibility=false newVisibility=true
10-18 02:18:21.147 10844 11438 I Process : Sending signal. PID: 10844 SIG: 9
10-18 02:18:21.158 16422 16422 D BufferQueueConsumer: [](id:402600000149,api:0,p:-1,c:16422) connect: controlledByApp=false
10-18 02:18:21.159 16422 16422 D BLASTBufferQueue: [VRI[Launcher]#329](f:0,a:0) constructor()
10-18 02:18:21.159 16422 16422 D BLASTBufferQueue: [VRI[Launcher]#329](f:0,a:0) update width=1080 height=2392 format=-2 mTransformHint=0
10-18 02:18:21.171 16422 16541 D BLASTBufferQueue: [VRI[Launcher]#329](f:0,a:1) acquireNextBufferLocked size=1080x2392 mFrameNumber=1 applyTransaction=true mTimestamp=568114839417246(auto) mPendingTransactions.size=0 graphicBufferId=70531952937216 transform=0
10-18 02:18:21.174 16422 16422 I bnew    : onStop
10-18 02:18:21.192 16422 16422 D VRI[Launcher]: visibilityChanged oldVisibility=true newVisibility=false
10-18 02:18:21.233 16422 16422 D ViewRootImpl: AppSizeAfterRelayout, size: Point(1080, 2392), rotation: ROTATION_0
10-18 02:18:21.234 16422 16422 D BLASTBufferQueue: [VRI[Launcher]#329](f:0,a:1) destructor()
10-18 02:18:21.234 16422 16422 D BufferQueueConsumer: [VRI[Launcher]#329(BLAST Consumer)329](id:402600000149,api:0,p:-1,c:16422) disconnect
10-18 02:18:21.235 16422 16422 D VRI[Launcher]: visibilityChanged oldVisibility=false newVisibility=true
10-18 02:18:21.235 16422 16422 I bnew    : onStart
10-18 02:18:21.242 16422 16422 I bkwn    : (REDACTED) [%s] onStart()
10-18 02:18:21.242 16422 16422 I bkys    : Reloading theme data
10-18 02:18:21.244 16422 16422 I bnew    : onResume
10-18 02:18:21.278 16422 16422 D BufferQueueConsumer: [](id:40260000014a,api:0,p:-1,c:16422) connect: controlledByApp=false
10-18 02:18:21.278 16422 16422 D BLASTBufferQueue: [VRI[Launcher]#330](f:0,a:0) constructor()
10-18 02:18:21.278 16422 16422 D BLASTBufferQueue: [VRI[Launcher]#330](f:0,a:0) update width=1080 height=2392 format=-2 mTransformHint=0
10-18 02:18:21.292 16422 16541 D BLASTBufferQueue: [VRI[Launcher]#330](f:0,a:1) acquireNextBufferLocked size=1080x2392 mFrameNumber=1 applyTransaction=true mTimestamp=568114961153169(auto) mPendingTransactions.size=0 graphicBufferId=70531952937223 transform=0
10-18 02:18:21.316  5589  5589 I GoogleInputMethodService: GoogleInputMethodService.onFinishInput():2085 
10-18 02:18:21.317  5589  5589 I Module  : DeviceLockedStatusModuleProvider$Module.updateDeviceLockedStatus():100 repeatCheckTimes = 0, locked = false
10-18 02:18:21.317  5589  5589 I GoogleInputMethodService: GoogleInputMethodService.onStartInput():1346 onStartInput(EditorInfo{EditorInfo{packageName=com.android.launcher3, inputType=0, inputTypeString=NULL, enableLearning=false, autoCorrection=false, autoComplete=false, imeOptions=0, privateImeOptions=null, actionName=UNSPECIFIED, actionLabel=null, initialSelStart=-1, initialSelEnd=-1, initialCapsMode=0, label=null, fieldId=0, fieldName=null, extras=null, hintText=null, hintLocales=[]}}, false)
10-18 02:18:21.318  5589  5589 I Module  : DeviceLockedStatusModuleProvider$Module.updateDeviceLockedStatus():100 repeatCheckTimes = 1, locked = false
10-18 02:18:21.533 27559 27559 I Choreographer: Skipped 118 frames!  The application may be doing too much work on its main thread.
10-18 02:18:22.185 26036  9448 I NearbyPresence: (REDACTED) %s verified [==] new request %s equals to the old request
10-18 02:18:24.501 16422 16422 I bnew    : onPause
10-18 02:18:24.647  1870  1976 I ActivityTaskManager: Displayed com.a1taxi.driverpro/.MainActivity for user 0: +301ms
10-18 02:18:24.662  5589  5589 I GoogleInputMethodService: GoogleInputMethodService.onFinishInput():2085 
10-18 02:18:24.663  5589  5589 I Module  : DeviceLockedStatusModuleProvider$Module.updateDeviceLockedStatus():100 repeatCheckTimes = 0, locked = false
10-18 02:18:24.663  5589  5589 I GoogleInputMethodService: GoogleInputMethodService.onStartInput():1346 onStartInput(EditorInfo{EditorInfo{packageName=com.a1taxi.driverpro, inputType=0, inputTypeString=NULL, enableLearning=false, autoCorrection=false, autoComplete=false, imeOptions=0, privateImeOptions=null, actionName=UNSPECIFIED, actionLabel=null, initialSelStart=-1, initialSelEnd=-1, initialCapsMode=0, label=null, fieldId=0, fieldName=null, extras=null, hintText=null, hintLocales=[]}}, false)
10-18 02:18:24.664  5589  5589 I Module  : DeviceLockedStatusModuleProvider$Module.updateDeviceLockedStatus():100 repeatCheckTimes = 1, locked = false
10-18 02:18:24.765 10913 11513 E AndroidRuntime: FATAL EXCEPTION: mqt_native_modules
10-18 02:18:24.765 10913 11513 E AndroidRuntime: Process: com.a1taxi.driverpro, PID: 10913
10-18 02:18:24.765 10913 11513 E AndroidRuntime: com.facebook.react.common.JavascriptException: Error: No routes found
10-18 02:18:24.765 10913 11513 E AndroidRuntime: 
10-18 02:18:24.765 10913 11513 E AndroidRuntime: This error is located at:
10-18 02:18:24.765 10913 11513 E AndroidRuntime:     in ContextNavigator
10-18 02:18:24.765 10913 11513 E AndroidRuntime:     in ExpoRoot
10-18 02:18:24.765 10913 11513 E AndroidRuntime:     in App
10-18 02:18:24.765 10913 11513 E AndroidRuntime:     in RCTView
10-18 02:18:24.765 10913 11513 E AndroidRuntime:     in Unknown
10-18 02:18:24.765 10913 11513 E AndroidRuntime:     in AppContainer, js engine: hermes, stack:
10-18 02:18:24.765 10913 11513 E AndroidRuntime: initialize@1:747488
10-18 02:18:24.765 10913 11513 E AndroidRuntime: anonymous@1:746016
10-18 02:18:24.765 10913 11513 E AndroidRuntime: useMemo@1:359685
10-18 02:18:24.765 10913 11513 E AndroidRuntime: anonymous@1:149519
10-18 02:18:24.765 10913 11513 E AndroidRuntime: useInitializeExpoRouter@1:745958
10-18 02:18:24.765 10913 11513 E AndroidRuntime: ContextNavigator@1:636746
10-18 02:18:24.765 10913 11513 E AndroidRuntime: renderWithHooks@1:315508
10-18 02:18:24.765 10913 11513 E AndroidRuntime: beginWork@1:363365
10-18 02:18:24.765 10913 11513 E AndroidRuntime: performUnitOfWork@1:349725
10-18 02:18:24.765 10913 11513 E AndroidRuntime: workLoopSync@1:348855
10-18 02:18:24.765 10913 11513 E AndroidRuntime: renderRootSync@1:348686
10-18 02:18:24.765 10913 11513 E AndroidRuntime: flushSyncWorkAcrossRoots_impl@1:305241
10-18 02:18:24.765 10913 11513 E AndroidRuntime: scheduleUpdateOnFiber@1:346192
10-18 02:18:24.765 10913 11513 E AndroidRuntime: updateContainer@1:355295
10-18 02:18:24.765 10913 11513 E AndroidRuntime: anonymous@1:364350
10-18 02:18:24.765 10913 11513 E AndroidRuntime: renderElement@1:183327
10-18 02:18:24.765 10913 11513 E AndroidRuntime: renderApplication@1:144720
10-18 02:18:24.765 10913 11513 E AndroidRuntime: anonymous@1:136588
10-18 02:18:24.765 10913 11513 E AndroidRuntime: runApplication@1:137013
10-18 02:18:24.765 10913 11513 E AndroidRuntime: __callFunction@1:44453
10-18 02:18:24.765 10913 11513 E AndroidRuntime: anonymous@1:42895
10-18 02:18:24.765 10913 11513 E AndroidRuntime: __guard@1:43835
10-18 02:18:24.765 10913 11513 E AndroidRuntime: callFunctionReturnFlushedQueue@1:42853
10-18 02:18:24.765 10913 11513 E AndroidRuntime: 
10-18 02:18:24.765 10913 11513 E AndroidRuntime: 	at com.facebook.react.modules.core.ExceptionsManagerModule.reportException(ExceptionsManagerModule.java:65)
10-18 02:18:24.765 10913 11513 E AndroidRuntime: 	at java.lang.reflect.Method.invoke(Native Method)
10-18 02:18:24.765 10913 11513 E AndroidRuntime: 	at com.facebook.react.bridge.JavaMethodWrapper.invoke(JavaMethodWrapper.java:372)
10-18 02:18:24.765 10913 11513 E AndroidRuntime: 	at com.facebook.react.bridge.JavaModuleWrapper.invoke(JavaModuleWrapper.java:146)
10-18 02:18:24.765 10913 11513 E AndroidRuntime: 	at com.facebook.jni.NativeRunnable.run(Native Method)
10-18 02:18:24.765 10913 11513 E AndroidRuntime: 	at android.os.Handler.handleCallback(Handler.java:1014)
10-18 02:18:24.765 10913 11513 E AndroidRuntime: 	at android.os.Handler.dispatchMessage(Handler.java:102)
10-18 02:18:24.765 10913 11513 E AndroidRuntime: 	at com.facebook.react.bridge.queue.MessageQueueThreadHandler.dispatchMessage(MessageQueueThreadHandler.java:27)
10-18 02:18:24.765 10913 11513 E AndroidRuntime: 	at android.os.Looper.loopOnce(Looper.java:250)
10-18 02:18:24.765 10913 11513 E AndroidRuntime: 	at android.os.Looper.loop(Looper.java:340)
10-18 02:18:24.765 10913 11513 E AndroidRuntime: 	at com.facebook.react.bridge.queue.MessageQueueThreadImpl$4.run(MessageQueueThreadImpl.java:233)
10-18 02:18:24.765 10913 11513 E AndroidRuntime: 	at java.lang.Thread.run(Thread.java:1119)
10-18 02:18:24.800  5589  5589 I GoogleInputMethodService: GoogleInputMethodService.onFinishInput():2085 
10-18 02:18:24.801  5589  5589 I Module  : DeviceLockedStatusModuleProvider$Module.updateDeviceLockedStatus():100 repeatCheckTimes = 0, locked = false
10-18 02:18:24.802  5589  5589 I GoogleInputMethodService: GoogleInputMethodService.onStartInput():1346 onStartInput(EditorInfo{EditorInfo{packageName=com.android.launcher3, inputType=0, inputTypeString=NULL, enableLearning=false, autoCorrection=false, autoComplete=false, imeOptions=0, privateImeOptions=null, actionName=UNSPECIFIED, actionLabel=null, initialSelStart=-1, initialSelEnd=-1, initialCapsMode=0, label=null, fieldId=0, fieldName=null, extras=null, hintText=null, hintLocales=[]}}, false)
10-18 02:18:24.802  5589  5589 I Module  : DeviceLockedStatusModuleProvider$Module.updateDeviceLockedStatus():100 repeatCheckTimes = 1, locked = false
10-18 02:18:24.899 16422 16422 I bnew    : onResume
10-18 02:18:24.925  5589  5589 I GoogleInputMethodService: GoogleInputMethodService.onFinishInput():2085 
10-18 02:18:24.927  5589  5589 I Module  : DeviceLockedStatusModuleProvider$Module.updateDeviceLockedStatus():100 repeatCheckTimes = 0, locked = false
10-18 02:18:24.927  5589  5589 I GoogleInputMethodService: GoogleInputMethodService.onStartInput():1346 onStartInput(EditorInfo{EditorInfo{packageName=com.android.launcher3, inputType=0, inputTypeString=NULL, enableLearning=false, autoCorrection=false, autoComplete=false, imeOptions=0, privateImeOptions=null, actionName=UNSPECIFIED, actionLabel=null, initialSelStart=-1, initialSelEnd=-1, initialCapsMode=0, label=null, fieldId=0, fieldName=null, extras=null, hintText=null, hintLocales=[]}}, false)
10-18 02:18:24.928  5589  5589 I Module  : DeviceLockedStatusModuleProvider$Module.updateDeviceLockedStatus():100 repeatCheckTimes = 1, locked = false
10-18 02:18:26.380 27559 27559 I Choreographer: Skipped 238 frames!  The application may be doing too much work on its main thread.
10-18 02:18:27.342 11127 11139 W on.gearhead:car: ApkAssets: Deleting an ApkAssets object '<empty> and /data/app/~~IDaI5KlFNatiGruBiE7H2A==/com.google.android.apps.maps-74I08DO_1CSy7wM1RkCryg==/base.apk' with 1 weak references
10-18 02:18:27.345 11127 11139 W on.gearhead:car: ApkAssets: Deleting an ApkAssets object '<empty> and /data/app/~~IDaI5KlFNatiGruBiE7H2A==/com.google.android.apps.maps-74I08DO_1CSy7wM1RkCryg==/split_config.arm64_v8a.apk' with 1 weak references
10-18 02:18:27.346 11127 11139 W on.gearhead:car: ApkAssets: Deleting an ApkAssets object '<empty> and /data/app/~~IDaI5KlFNatiGruBiE7H2A==/com.google.android.apps.maps-74I08DO_1CSy7wM1RkCryg==/split_config.bn.apk' with 1 weak references
10-18 02:18:27.346 11127 11139 W on.gearhead:car: ApkAssets: Deleting an ApkAssets object '<empty> and /data/app/~~IDaI5KlFNatiGruBiE7H2A==/com.google.android.apps.maps-74I08DO_1CSy7wM1RkCryg==/split_config.en.apk' with 1 weak references
10-18 02:18:27.348 11127 11139 W on.gearhead:car: ApkAssets: Deleting an ApkAssets object '<empty> and /data/app/~~IDaI5KlFNatiGruBiE7H2A==/com.google.android.apps.maps-74I08DO_1CSy7wM1RkCryg==/split_config.gu.apk' with 1 weak references
10-18 02:18:27.348 11127 11139 W on.gearhead:car: ApkAssets: Deleting an ApkAssets object '<empty> and /data/app/~~IDaI5KlFNatiGruBiE7H2A==/com.google.android.apps.maps-74I08DO_1CSy7wM1RkCryg==/split_config.hi.apk' with 1 weak references
10-18 02:18:27.348 11127 11139 W on.gearhead:car: ApkAssets: Deleting an ApkAssets object '<empty> and /data/app/~~IDaI5KlFNatiGruBiE7H2A==/com.google.android.apps.maps-74I08DO_1CSy7wM1RkCryg==/split_config.kn.apk' with 1 weak references
10-18 02:18:27.348 11127 11139 W on.gearhead:car: ApkAssets: Deleting an ApkAssets object '<empty> and /data/app/~~IDaI5KlFNatiGruBiE7H2A==/com.google.android.apps.maps-74I08DO_1CSy7wM1RkCryg==/split_config.ml.apk' with 1 weak references
10-18 02:18:27.349 11127 11139 W on.gearhead:car: ApkAssets: Deleting an ApkAssets object '<empty> and /data/app/~~IDaI5KlFNatiGruBiE7H2A==/com.google.android.apps.maps-74I08DO_1CSy7wM1RkCryg==/split_config.mr.apk' with 1 weak references
10-18 02:18:27.349 11127 11139 W on.gearhead:car: ApkAssets: Deleting an ApkAssets object '<empty> and /data/app/~~IDaI5KlFNatiGruBiE7H2A==/com.google.android.apps.maps-74I08DO_1CSy7wM1RkCryg==/split_config.pa.apk' with 1 weak references
10-18 02:18:27.350 11127 11139 W on.gearhead:car: ApkAssets: Deleting an ApkAssets object '<empty> and /data/app/~~IDaI5KlFNatiGruBiE7H2A==/com.google.android.apps.maps-74I08DO_1CSy7wM1RkCryg==/split_config.ta.apk' with 1 weak references
10-18 02:18:27.350 11127 11139 W on.gearhead:car: ApkAssets: Deleting an ApkAssets object '<empty> and /data/app/~~IDaI5KlFNatiGruBiE7H2A==/com.google.android.apps.maps-74I08DO_1CSy7wM1RkCryg==/split_config.te.apk' with 1 weak references
10-18 02:18:27.350 11127 11139 W on.gearhead:car: ApkAssets: Deleting an ApkAssets object '<empty> and /data/app/~~IDaI5KlFNatiGruBiE7H2A==/com.google.android.apps.maps-74I08DO_1CSy7wM1RkCryg==/split_config.xxhdpi.apk' with 1 weak references
