10-19 17:12:37.425 30930  2759 I ReactNativeJS:   hasCurrentRide: true }
10-19 17:12:37.431 30930  2759 I ReactNativeJS: 🎯 TripCompletionModal RENDER
10-19 17:12:37.431 30930  2759 I ReactNativeJS: '🎯 visible:', false
10-19 17:12:37.431 30930  2759 I ReactNativeJS: '🎯 tripData:', '{\n  "distance": 0,\n  "duration": 0,\n  "fareBreakdown": {\n    "booking_type": "regular",\n    "vehicle_type": "sedan",\n    "base_fare": 0,\n    "distance_fare": 0,\n    "time_fare": 0,\n    "surge_charges": 0,\n    "deadhead_charges": 0,\n    "platform_fee": 0,\n    "gst_on_charges": 0,\n    "gst_on_platform_fee": 0,\n    "extra_km_charges": 0,\n    "driver_allowance": 0,\n    "total_fare": 0,\n    "details": {\n      "actual_distance_km": 0,\n      "actual_duration_minutes": 0,\n      "per_km_rate": 0\n    }\n  },\n  "pickup_address": "",\n  "destination_address": "",\n  "booking_type": "regular",\n  "rental_hours": null\n}'
10-19 17:12:37.433 30930  2759 I ReactNativeJS: === RIDES SCREEN STATE DEBUG ===
10-19 17:12:37.433 30930  2759 I ReactNativeJS: 🔄 Component state updated:
10-19 17:12:37.434 30930  2759 I ReactNativeJS: '  - Current ride:', { id: '26174bc5-3632-4104-b463-80df9679884c',
10-19 17:12:37.434 30930  2759 I ReactNativeJS:   status: 'driver_arrived',
10-19 17:12:37.434 30930  2759 I ReactNativeJS:   pickup: 'PRXJ+F32, Brindavan Nagar, Plot 87, NGGO\'s Colony, Anand Nagar, Hosur, Tamil Nadu 635109, India',
10-19 17:12:37.434 30930  2759 I ReactNativeJS:   destination: 'Bagalur, Tamil Nadu, India' }
10-19 17:12:37.434 30930  2759 I ReactNativeJS: '  - Pending rides count:', 0
10-19 17:12:37.434 30930  2759 I ReactNativeJS: '  - Driver status:', 'busy'
10-19 17:12:37.434 30930  2759 I ReactNativeJS: '  - Loading:', false
10-19 17:12:37.434 30930  2759 I ReactNativeJS: '  - Error:', null
10-19 17:12:37.434 30930  2759 I ReactNativeJS: '  - Show modal:', false
10-19 17:12:37.434 30930  2759 I ReactNativeJS: '  - Timestamp:', '2025-10-19T11:42:37.434Z'
10-19 17:12:37.434 30930  2759 I ReactNativeJS: ✅ CURRENT RIDE EXISTS - should be visible in UI
10-19 17:12:37.587 30930  2759 I ReactNativeJS: 🎯 TripCompletionModal RENDER
10-19 17:12:37.587 30930  2759 I ReactNativeJS: '🎯 visible:', false
10-19 17:12:37.587 30930  2759 I ReactNativeJS: '🎯 tripData:', '{\n  "distance": 0,\n  "duration": 0,\n  "fareBreakdown": {\n    "booking_type": "regular",\n    "vehicle_type": "sedan",\n    "base_fare": 0,\n    "distance_fare": 0,\n    "time_fare": 0,\n    "surge_charges": 0,\n    "deadhead_charges": 0,\n    "platform_fee": 0,\n    "gst_on_charges": 0,\n    "gst_on_platform_fee": 0,\n    "extra_km_charges": 0,\n    "driver_allowance": 0,\n    "total_fare": 0,\n    "details": {\n      "actual_distance_km": 0,\n      "actual_duration_minutes": 0,\n      "per_km_rate": 0\n    }\n  },\n  "pickup_address": "",\n  "destination_address": "",\n  "booking_type": "regular",\n  "rental_hours": null\n}'
10-19 17:12:37.591 30930  2759 I ReactNativeJS: '✅ Current ride loaded:', { id: '26174bc5-3632-4104-b463-80df9679884c',
10-19 17:12:37.591 30930  2759 I ReactNativeJS:   status: 'driver_arrived',
10-19 17:12:37.591 30930  2759 I ReactNativeJS:   pickup: 'PRXJ+F32, Brindavan Nagar, Plot 87, NGGO\'s Colony, Anand Nagar, Hosur, Tamil Nadu 635109, India',
10-19 17:12:37.591 30930  2759 I ReactNativeJS:   destination: 'Bagalur, Tamil Nadu, India',
10-19 17:12:37.591 30930  2759 I ReactNativeJS:   customer: 
10-19 17:12:37.591 30930  2759 I ReactNativeJS:    { id: 'e95a4f14-8958-49e9-8ede-d81b82a7ba12',
10-19 17:12:37.591 30930  2759 I ReactNativeJS:      full_name: 'Ricco',
10-19 17:12:37.591 30930  2759 I ReactNativeJS:      phone_number: null,
10-19 17:12:37.591 30930  2759 I ReactNativeJS:      email: '918608374935@a1taxi.app' } }
10-19 17:12:37.591 30930  2759 I ReactNativeJS: ⚠️ Driver has current ride - not loading pending ride requests
10-19 17:12:37.591 30930  2759 I ReactNativeJS: === RIDES SCREEN STATE DEBUG ===
10-19 17:12:37.591 30930  2759 I ReactNativeJS: 🔄 Component state updated:
10-19 17:12:37.591 30930  2759 I ReactNativeJS: '  - Current ride:', { id: '26174bc5-3632-4104-b463-80df9679884c',
10-19 17:12:37.591 30930  2759 I ReactNativeJS:   status: 'driver_arrived',
10-19 17:12:37.591 30930  2759 I ReactNativeJS:   pickup: 'PRXJ+F32, Brindavan Nagar, Plot 87, NGGO\'s Colony, Anand Nagar, Hosur, Tamil Nadu 635109, India',
10-19 17:12:37.591 30930  2759 I ReactNativeJS:   destination: 'Bagalur, Tamil Nadu, India' }
10-19 17:12:37.591 30930  2759 I ReactNativeJS: '  - Pending rides count:', 0
10-19 17:12:37.591 30930  2759 I ReactNativeJS: '  - Driver status:', 'busy'
10-19 17:12:37.591 30930  2759 I ReactNativeJS: '  - Loading:', false
10-19 17:12:37.591 30930  2759 I ReactNativeJS: '  - Error:', null
10-19 17:12:37.591 30930  2759 I ReactNativeJS: '  - Show modal:', false
10-19 17:12:37.591 30930  2759 I ReactNativeJS: '  - Timestamp:', '2025-10-19T11:42:37.591Z'
10-19 17:12:37.591 30930  2759 I ReactNativeJS: ✅ CURRENT RIDE EXISTS - should be visible in UI
10-19 17:12:37.591 30930  2759 I ReactNativeJS: === RIDE REQUEST MODAL LOGIC DEBUG ===
10-19 17:12:37.591 30930  2759 I ReactNativeJS: 🔄 Checking if should show ride request modal:
10-19 17:12:37.591 30930  2759 I ReactNativeJS: '  - Pending rides:', 0
10-19 17:12:37.591 30930  2759 I ReactNativeJS: '  - Modal already showing:', false
10-19 17:12:37.591 30930  2759 I ReactNativeJS: '  - Driver status:', 'busy'
10-19 17:12:37.591 30930  2759 I ReactNativeJS: '  - Has current ride:', true
10-19 17:12:37.591 30930  2759 I ReactNativeJS: ❌ NOT SHOWING MODAL - reasons:
10-19 17:12:37.591 30930  2759 I ReactNativeJS: '🚗 Analysis:', { pendingRidesCount: 0,
10-19 17:12:37.591 30930  2759 I ReactNativeJS:   modalAlreadyShowing: false,
10-19 17:12:37.591 30930  2759 I ReactNativeJS:   driverStatus: 'busy',
10-19 17:12:37.591 30930  2759 I ReactNativeJS:   hasCurrentRide: true }
10-19 17:12:37.598 30930  2759 I ReactNativeJS: 🎯 TripCompletionModal RENDER
10-19 17:12:37.599 30930  2759 I ReactNativeJS: '🎯 visible:', false
10-19 17:12:37.599 30930  2759 I ReactNativeJS: '🎯 tripData:', '{\n  "distance": 0,\n  "duration": 0,\n  "fareBreakdown": {\n    "booking_type": "regular",\n    "vehicle_type": "sedan",\n    "base_fare": 0,\n    "distance_fare": 0,\n    "time_fare": 0,\n    "surge_charges": 0,\n    "deadhead_charges": 0,\n    "platform_fee": 0,\n    "gst_on_charges": 0,\n    "gst_on_platform_fee": 0,\n    "extra_km_charges": 0,\n    "driver_allowance": 0,\n    "total_fare": 0,\n    "details": {\n      "actual_distance_km": 0,\n      "actual_duration_minutes": 0,\n      "per_km_rate": 0\n    }\n  },\n  "pickup_address": "",\n  "destination_address": "",\n  "booking_type": "regular",\n  "rental_hours": null\n}'
10-19 17:12:37.601 30930  2759 I ReactNativeJS: === RIDES SCREEN STATE DEBUG ===
10-19 17:12:37.601 30930  2759 I ReactNativeJS: 🔄 Component state updated:
10-19 17:12:37.601 30930  2759 I ReactNativeJS: '  - Current ride:', { id: '26174bc5-3632-4104-b463-80df9679884c',
10-19 17:12:37.601 30930  2759 I ReactNativeJS:   status: 'driver_arrived',
10-19 17:12:37.601 30930  2759 I ReactNativeJS:   pickup: 'PRXJ+F32, Brindavan Nagar, Plot 87, NGGO\'s Colony, Anand Nagar, Hosur, Tamil Nadu 635109, India',
10-19 17:12:37.601 30930  2759 I ReactNativeJS:   destination: 'Bagalur, Tamil Nadu, India' }
10-19 17:12:37.601 30930  2759 I ReactNativeJS: '  - Pending rides count:', 0
10-19 17:12:37.601 30930  2759 I ReactNativeJS: '  - Driver status:', 'busy'
10-19 17:12:37.601 30930  2759 I ReactNativeJS: '  - Loading:', false
10-19 17:12:37.601 30930  2759 I ReactNativeJS: '  - Error:', null
10-19 17:12:37.601 30930  2759 I ReactNativeJS: '  - Show modal:', false
10-19 17:12:37.601 30930  2759 I ReactNativeJS: '  - Timestamp:', '2025-10-19T11:42:37.601Z'
10-19 17:12:37.601 30930  2759 I ReactNativeJS: ✅ CURRENT RIDE EXISTS - should be visible in UI
10-19 17:12:37.601 30930  2759 I ReactNativeJS: === RIDE REQUEST MODAL LOGIC DEBUG ===
10-19 17:12:37.601 30930  2759 I ReactNativeJS: 🔄 Checking if should show ride request modal:
10-19 17:12:37.601 30930  2759 I ReactNativeJS: '  - Pending rides:', 0
10-19 17:12:37.601 30930  2759 I ReactNativeJS: '  - Modal already showing:', false
10-19 17:12:37.601 30930  2759 I ReactNativeJS: '  - Driver status:', 'busy'
10-19 17:12:37.601 30930  2759 I ReactNativeJS: '  - Has current ride:', true
10-19 17:12:37.601 30930  2759 I ReactNativeJS: ❌ NOT SHOWING MODAL - reasons:
10-19 17:12:37.601 30930  2759 I ReactNativeJS: '🚗 Analysis:', { pendingRidesCount: 0,
10-19 17:12:37.601 30930  2759 I ReactNativeJS:   modalAlreadyShowing: false,
10-19 17:12:37.601 30930  2759 I ReactNativeJS:   driverStatus: 'busy',
10-19 17:12:37.601 30930  2759 I ReactNativeJS:   hasCurrentRide: true }
10-19 17:12:37.601 30930  2759 I ReactNativeJS: ✅ Driver marked as arrived
10-19 17:12:38.308 21163  7090 I Authzen : [DeviceStateSyncManager] The server is in sync with current state. Nothing to do
10-19 17:12:38.358 30930  2759 I ReactNativeJS: === GENERATING PICKUP OTP ===
10-19 17:12:38.358 30930  2759 I ReactNativeJS: 'Ride ID:', '26174bc5-3632-4104-b463-80df9679884c'
10-19 17:12:38.488 21104 21184 I FusedLocation: (REDACTED) location delivery to %s blocked - too close
10-19 17:12:38.489 21104 21184 I FusedLocation: (REDACTED) location delivery to %s blocked - too fast
10-19 17:12:38.491 21104 21184 I FusedLocation: (REDACTED) location delivery to %s blocked - too close
10-19 17:12:38.492 21104 21184 I FusedLocation: (REDACTED) location delivery to %s blocked - too close
10-19 17:12:38.493 21104 21184 I FusedLocation: (REDACTED) location delivery to %s blocked - too fast
10-19 17:12:38.634 30930  2759 I ReactNativeJS: '✅ Pickup OTP generated:', '6736'
10-19 17:12:38.654 30930  2759 I ReactNativeJS: 🎯 TripCompletionModal RENDER
10-19 17:12:38.654 30930  2759 I ReactNativeJS: '🎯 visible:', false
10-19 17:12:38.654 30930  2759 I ReactNativeJS: '🎯 tripData:', '{\n  "distance": 0,\n  "duration": 0,\n  "fareBreakdown": {\n    "booking_type": "regular",\n    "vehicle_type": "sedan",\n    "base_fare": 0,\n    "distance_fare": 0,\n    "time_fare": 0,\n    "surge_charges": 0,\n    "deadhead_charges": 0,\n    "platform_fee": 0,\n    "gst_on_charges": 0,\n    "gst_on_platform_fee": 0,\n    "extra_km_charges": 0,\n    "driver_allowance": 0,\n    "total_fare": 0,\n    "details": {\n      "actual_distance_km": 0,\n      "actual_duration_minutes": 0,\n      "per_km_rate": 0\n    }\n  },\n  "pickup_address": "",\n  "destination_address": "",\n  "booking_type": "regular",\n  "rental_hours": null\n}'
10-19 17:12:38.665 30930  2759 I ReactNativeJS: 🎯 TripCompletionModal RENDER
10-19 17:12:38.665 30930  2759 I ReactNativeJS: '🎯 visible:', false
10-19 17:12:38.665 30930  2759 I ReactNativeJS: '🎯 tripData:', '{\n  "distance": 0,\n  "duration": 0,\n  "fareBreakdown": {\n    "booking_type": "regular",\n    "vehicle_type": "sedan",\n    "base_fare": 0,\n    "distance_fare": 0,\n    "time_fare": 0,\n    "surge_charges": 0,\n    "deadhead_charges": 0,\n    "platform_fee": 0,\n    "gst_on_charges": 0,\n    "gst_on_platform_fee": 0,\n    "extra_km_charges": 0,\n    "driver_allowance": 0,\n    "total_fare": 0,\n    "details": {\n      "actual_distance_km": 0,\n      "actual_duration_minutes": 0,\n      "per_km_rate": 0\n    }\n  },\n  "pickup_address": "",\n  "destination_address": "",\n  "booking_type": "regular",\n  "rental_hours": null\n}'
10-19 17:12:38.678 30930  2759 I ReactNativeJS: 🎯 TripCompletionModal RENDER
10-19 17:12:38.678 30930  2759 I ReactNativeJS: '🎯 visible:', false
10-19 17:12:38.678 30930  2759 I ReactNativeJS: '🎯 tripData:', '{\n  "distance": 0,\n  "duration": 0,\n  "fareBreakdown": {\n    "booking_type": "regular",\n    "vehicle_type": "sedan",\n    "base_fare": 0,\n    "distance_fare": 0,\n    "time_fare": 0,\n    "surge_charges": 0,\n    "deadhead_charges": 0,\n    "platform_fee": 0,\n    "gst_on_charges": 0,\n    "gst_on_platform_fee": 0,\n    "extra_km_charges": 0,\n    "driver_allowance": 0,\n    "total_fare": 0,\n    "details": {\n      "actual_distance_km": 0,\n      "actual_duration_minutes": 0,\n      "per_km_rate": 0\n    }\n  },\n  "pickup_address": "",\n  "destination_address": "",\n  "booking_type": "regular",\n  "rental_hours": null\n}'
10-19 17:12:38.733 30930 30930 E unknown:ReactModalHost: Creating new dialog from context: com.a1taxi.driverpro.MainActivity@de5a225@233153061
10-19 17:12:38.797 30930 30930 D ViewRootImpl: AppSizeAfterRelayout, size: Point(1080, 2392), rotation: ROTATION_0
10-19 17:12:38.799 30930 30930 D BufferQueueConsumer: [](id:78d200000010,api:0,p:-1,c:30930) connect: controlledByApp=false
10-19 17:12:38.799 30930 30930 D BLASTBufferQueue: [VRI[MainActivity]#14](f:0,a:0) constructor()
10-19 17:12:38.800 30930 30930 D BLASTBufferQueue: [VRI[MainActivity]#14](f:0,a:0) update width=1080 height=2392 format=-2 mTransformHint=0
10-19 17:12:38.818 30930  2717 D BLASTBufferQueue: [VRI[MainActivity]#14](f:0,a:1) acquireNextBufferLocked size=1080x2392 mFrameNumber=1 applyTransaction=true mTimestamp=637529369567075(auto) mPendingTransactions.size=0 graphicBufferId=132843338465385 transform=0
10-19 17:12:38.821 30930 30930 E unknown:ReactModalHost: Updating existing dialog with context: com.a1taxi.driverpro.MainActivity@de5a225@233153061
10-19 17:12:38.849 30930 30930 V ImeFocusController: onWindowFocus: com.android.internal.policy.DecorView{e7a7d1a V.E...... R....... 0,0-1080,2392}[MainActivity] softInputMode=STATE_UNSPECIFIED|ADJUST_RESIZE
10-19 17:12:38.854  5589  5589 I GoogleInputMethodService: GoogleInputMethodService.onFinishInput():2085 
10-19 17:12:38.856  5589  5589 I Module  : DeviceLockedStatusModuleProvider$Module.updateDeviceLockedStatus():100 repeatCheckTimes = 0, locked = false
10-19 17:12:38.859  5589  5589 I GoogleInputMethodService: GoogleInputMethodService.onStartInput():1346 onStartInput(EditorInfo{EditorInfo{packageName=com.a1taxi.driverpro, inputType=0, inputTypeString=NULL, enableLearning=false, autoCorrection=false, autoComplete=false, imeOptions=0, privateImeOptions=null, actionName=UNSPECIFIED, actionLabel=null, initialSelStart=-1, initialSelEnd=-1, initialCapsMode=0, label=null, fieldId=0, fieldName=null, extras=null, hintText=null, hintLocales=[]}}, false)
10-19 17:12:38.861  5589  5589 I Module  : DeviceLockedStatusModuleProvider$Module.updateDeviceLockedStatus():100 repeatCheckTimes = 1, locked = false
10-19 17:12:39.009 30930  2759 I ReactNativeJS: 🔄 Auto-refreshing rides (2-second interval)...
10-19 17:12:39.009 30930  2759 I ReactNativeJS: === LOADING RIDES ===
10-19 17:12:39.009 30930  2759 I ReactNativeJS: 'Driver ID:', 'eb91d7e5-e2f2-4021-a8c8-3739a3d4cae4'
10-19 17:12:39.009 30930  2759 I ReactNativeJS: 'Driver User ID:', '1c4ac410-54d8-4b5e-960b-3afcbebd115d'
10-19 17:12:39.024 30930  2759 I ReactNativeJS: 🎯 TripCompletionModal RENDER
10-19 17:12:39.024 30930  2759 I ReactNativeJS: '🎯 visible:', false
10-19 17:12:39.025 30930  2759 I ReactNativeJS: '🎯 tripData:', '{\n  "distance": 0,\n  "duration": 0,\n  "fareBreakdown": {\n    "booking_type": "regular",\n    "vehicle_type": "sedan",\n    "base_fare": 0,\n    "distance_fare": 0,\n    "time_fare": 0,\n    "surge_charges": 0,\n    "deadhead_charges": 0,\n    "platform_fee": 0,\n    "gst_on_charges": 0,\n    "gst_on_platform_fee": 0,\n    "extra_km_charges": 0,\n    "driver_allowance": 0,\n    "total_fare": 0,\n    "details": {\n      "actual_distance_km": 0,\n      "actual_duration_minutes": 0,\n      "per_km_rate": 0\n    }\n  },\n  "pickup_address": "",\n  "destination_address": "",\n  "booking_type": "regular",\n  "rental_hours": null\n}'
10-19 17:12:39.028 30930  2759 I ReactNativeJS: 🔍 Loading current ride...
10-19 17:12:39.030 30930  2759 I ReactNativeJS: === RIDES SCREEN STATE DEBUG ===
10-19 17:12:39.030 30930  2759 I ReactNativeJS: 🔄 Component state updated:
10-19 17:12:39.030 30930  2759 I ReactNativeJS: '  - Current ride:', { id: '26174bc5-3632-4104-b463-80df9679884c',
10-19 17:12:39.030 30930  2759 I ReactNativeJS:   status: 'driver_arrived',
10-19 17:12:39.030 30930  2759 I ReactNativeJS:   pickup: 'PRXJ+F32, Brindavan Nagar, Plot 87, NGGO\'s Colony, Anand Nagar, Hosur, Tamil Nadu 635109, India',
10-19 17:12:39.030 30930  2759 I ReactNativeJS:   destination: 'Bagalur, Tamil Nadu, India' }
10-19 17:12:39.030 30930  2759 I ReactNativeJS: '  - Pending rides count:', 0
10-19 17:12:39.030 30930  2759 I ReactNativeJS: '  - Driver status:', 'busy'
10-19 17:12:39.030 30930  2759 I ReactNativeJS: '  - Loading:', true
10-19 17:12:39.030 30930  2759 I ReactNativeJS: '  - Error:', null
10-19 17:12:39.030 30930  2759 I ReactNativeJS: '  - Show modal:', false
10-19 17:12:39.030 30930  2759 I ReactNativeJS: '  - Timestamp:', '2025-10-19T11:42:39.030Z'
10-19 17:12:39.030 30930  2759 I ReactNativeJS: ✅ CURRENT RIDE EXISTS - should be visible in UI
10-19 17:12:39.285 30930  2759 I ReactNativeJS: 🎯 TripCompletionModal RENDER
10-19 17:12:39.285 30930  2759 I ReactNativeJS: '🎯 visible:', false
10-19 17:12:39.286 30930  2759 I ReactNativeJS: '🎯 tripData:', '{\n  "distance": 0,\n  "duration": 0,\n  "fareBreakdown": {\n    "booking_type": "regular",\n    "vehicle_type": "sedan",\n    "base_fare": 0,\n    "distance_fare": 0,\n    "time_fare": 0,\n    "surge_charges": 0,\n    "deadhead_charges": 0,\n    "platform_fee": 0,\n    "gst_on_charges": 0,\n    "gst_on_platform_fee": 0,\n    "extra_km_charges": 0,\n    "driver_allowance": 0,\n    "total_fare": 0,\n    "details": {\n      "actual_distance_km": 0,\n      "actual_duration_minutes": 0,\n      "per_km_rate": 0\n    }\n  },\n  "pickup_address": "",\n  "destination_address": "",\n  "booking_type": "regular",\n  "rental_hours": null\n}'
10-19 17:12:39.288 30930  2759 I ReactNativeJS: '✅ Current ride loaded:', { id: '26174bc5-3632-4104-b463-80df9679884c',
10-19 17:12:39.288 30930  2759 I ReactNativeJS:   status: 'driver_arrived',
10-19 17:12:39.288 30930  2759 I ReactNativeJS:   pickup: 'PRXJ+F32, Brindavan Nagar, Plot 87, NGGO\'s Colony, Anand Nagar, Hosur, Tamil Nadu 635109, India',
10-19 17:12:39.288 30930  2759 I ReactNativeJS:   destination: 'Bagalur, Tamil Nadu, India',
10-19 17:12:39.288 30930  2759 I ReactNativeJS:   customer: 
10-19 17:12:39.288 30930  2759 I ReactNativeJS:    { id: 'e95a4f14-8958-49e9-8ede-d81b82a7ba12',
10-19 17:12:39.288 30930  2759 I ReactNativeJS:      full_name: 'Ricco',
10-19 17:12:39.288 30930  2759 I ReactNativeJS:      phone_number: null,
10-19 17:12:39.288 30930  2759 I ReactNativeJS:      email: '918608374935@a1taxi.app' } }
10-19 17:12:39.288 30930  2759 I ReactNativeJS: ⚠️ Driver has current ride - not loading pending ride requests
10-19 17:12:39.288 30930  2759 I ReactNativeJS: === RIDES SCREEN STATE DEBUG ===
10-19 17:12:39.288 30930  2759 I ReactNativeJS: 🔄 Component state updated:
10-19 17:12:39.289 30930  2759 I ReactNativeJS: '  - Current ride:', { id: '26174bc5-3632-4104-b463-80df9679884c',
10-19 17:12:39.289 30930  2759 I ReactNativeJS:   status: 'driver_arrived',
10-19 17:12:39.289 30930  2759 I ReactNativeJS:   pickup: 'PRXJ+F32, Brindavan Nagar, Plot 87, NGGO\'s Colony, Anand Nagar, Hosur, Tamil Nadu 635109, India',
10-19 17:12:39.289 30930  2759 I ReactNativeJS:   destination: 'Bagalur, Tamil Nadu, India' }
10-19 17:12:39.289 30930  2759 I ReactNativeJS: '  - Pending rides count:', 0
10-19 17:12:39.289 30930  2759 I ReactNativeJS: '  - Driver status:', 'busy'
10-19 17:12:39.289 30930  2759 I ReactNativeJS: '  - Loading:', true
10-19 17:12:39.289 30930  2759 I ReactNativeJS: '  - Error:', null
10-19 17:12:39.289 30930  2759 I ReactNativeJS: '  - Show modal:', false
10-19 17:12:39.289 30930  2759 I ReactNativeJS: '  - Timestamp:', '2025-10-19T11:42:39.289Z'
10-19 17:12:39.289 30930  2759 I ReactNativeJS: ✅ CURRENT RIDE EXISTS - should be visible in UI
10-19 17:12:39.289 30930  2759 I ReactNativeJS: === RIDE REQUEST MODAL LOGIC DEBUG ===
10-19 17:12:39.289 30930  2759 I ReactNativeJS: 🔄 Checking if should show ride request modal:
10-19 17:12:39.289 30930  2759 I ReactNativeJS: '  - Pending rides:', 0
10-19 17:12:39.289 30930  2759 I ReactNativeJS: '  - Modal already showing:', false
10-19 17:12:39.289 30930  2759 I ReactNativeJS: '  - Driver status:', 'busy'
10-19 17:12:39.289 30930  2759 I ReactNativeJS: '  - Has current ride:', true
10-19 17:12:39.289 30930  2759 I ReactNativeJS: ❌ NOT SHOWING MODAL - reasons:
10-19 17:12:39.289 30930  2759 I ReactNativeJS: '🚗 Analysis:', { pendingRidesCount: 0,
10-19 17:12:39.289 30930  2759 I ReactNativeJS:   modalAlreadyShowing: false,
10-19 17:12:39.289 30930  2759 I ReactNativeJS:   driverStatus: 'busy',
10-19 17:12:39.289 30930  2759 I ReactNativeJS:   hasCurrentRide: true }
10-19 17:12:39.298 30930  2759 I ReactNativeJS: 🎯 TripCompletionModal RENDER
10-19 17:12:39.298 30930  2759 I ReactNativeJS: '🎯 visible:', false
10-19 17:12:39.298 30930  2759 I ReactNativeJS: '🎯 tripData:', '{\n  "distance": 0,\n  "duration": 0,\n  "fareBreakdown": {\n    "booking_type": "regular",\n    "vehicle_type": "sedan",\n    "base_fare": 0,\n    "distance_fare": 0,\n    "time_fare": 0,\n    "surge_charges": 0,\n    "deadhead_charges": 0,\n    "platform_fee": 0,\n    "gst_on_charges": 0,\n    "gst_on_platform_fee": 0,\n    "extra_km_charges": 0,\n    "driver_allowance": 0,\n    "total_fare": 0,\n    "details": {\n      "actual_distance_km": 0,\n      "actual_duration_minutes": 0,\n      "per_km_rate": 0\n    }\n  },\n  "pickup_address": "",\n  "destination_address": "",\n  "booking_type": "regular",\n  "rental_hours": null\n}'
10-19 17:12:39.301 30930  2759 I ReactNativeJS: === RIDES SCREEN STATE DEBUG ===
10-19 17:12:39.301 30930  2759 I ReactNativeJS: 🔄 Component state updated:
10-19 17:12:39.301 30930  2759 I ReactNativeJS: '  - Current ride:', { id: '26174bc5-3632-4104-b463-80df9679884c',
10-19 17:12:39.301 30930  2759 I ReactNativeJS:   status: 'driver_arrived',
10-19 17:12:39.301 30930  2759 I ReactNativeJS:   pickup: 'PRXJ+F32, Brindavan Nagar, Plot 87, NGGO\'s Colony, Anand Nagar, Hosur, Tamil Nadu 635109, India',
10-19 17:12:39.301 30930  2759 I ReactNativeJS:   destination: 'Bagalur, Tamil Nadu, India' }
10-19 17:12:39.301 30930  2759 I ReactNativeJS: '  - Pending rides count:', 0
10-19 17:12:39.301 30930  2759 I ReactNativeJS: '  - Driver status:', 'busy'
10-19 17:12:39.301 30930  2759 I ReactNativeJS: '  - Loading:', true
10-19 17:12:39.301 30930  2759 I ReactNativeJS: '  - Error:', null
10-19 17:12:39.301 30930  2759 I ReactNativeJS: '  - Show modal:', false
10-19 17:12:39.301 30930  2759 I ReactNativeJS: '  - Timestamp:', '2025-10-19T11:42:39.301Z'
10-19 17:12:39.301 30930  2759 I ReactNativeJS: ✅ CURRENT RIDE EXISTS - should be visible in UI
10-19 17:12:39.301 30930  2759 I ReactNativeJS: === RIDE REQUEST MODAL LOGIC DEBUG ===
10-19 17:12:39.301 30930  2759 I ReactNativeJS: 🔄 Checking if should show ride request modal:
10-19 17:12:39.301 30930  2759 I ReactNativeJS: '  - Pending rides:', 0
10-19 17:12:39.301 30930  2759 I ReactNativeJS: '  - Modal already showing:', false
10-19 17:12:39.301 30930  2759 I ReactNativeJS: '  - Driver status:', 'busy'
10-19 17:12:39.301 30930  2759 I ReactNativeJS: '  - Has current ride:', true
10-19 17:12:39.301 30930  2759 I ReactNativeJS: ❌ NOT SHOWING MODAL - reasons:
10-19 17:12:39.301 30930  2759 I ReactNativeJS: '🚗 Analysis:', { pendingRidesCount: 0,
10-19 17:12:39.301 30930  2759 I ReactNativeJS:   modalAlreadyShowing: false,
10-19 17:12:39.301 30930  2759 I ReactNativeJS:   driverStatus: 'busy',
10-19 17:12:39.301 30930  2759 I ReactNativeJS:   hasCurrentRide: true }
10-19 17:12:39.309 30930  2759 I ReactNativeJS: 🎯 TripCompletionModal RENDER
10-19 17:12:39.309 30930  2759 I ReactNativeJS: '🎯 visible:', false
10-19 17:12:39.309 30930  2759 I ReactNativeJS: '🎯 tripData:', '{\n  "distance": 0,\n  "duration": 0,\n  "fareBreakdown": {\n    "booking_type": "regular",\n    "vehicle_type": "sedan",\n    "base_fare": 0,\n    "distance_fare": 0,\n    "time_fare": 0,\n    "surge_charges": 0,\n    "deadhead_charges": 0,\n    "platform_fee": 0,\n    "gst_on_charges": 0,\n    "gst_on_platform_fee": 0,\n    "extra_km_charges": 0,\n    "driver_allowance": 0,\n    "total_fare": 0,\n    "details": {\n      "actual_distance_km": 0,\n      "actual_duration_minutes": 0,\n      "per_km_rate": 0\n    }\n  },\n  "pickup_address": "",\n  "destination_address": "",\n  "booking_type": "regular",\n  "rental_hours": null\n}'
10-19 17:12:39.312 30930  2759 I ReactNativeJS: === RIDES SCREEN STATE DEBUG ===
10-19 17:12:39.312 30930  2759 I ReactNativeJS: 🔄 Component state updated:
10-19 17:12:39.312 30930  2759 I ReactNativeJS: '  - Current ride:', { id: '26174bc5-3632-4104-b463-80df9679884c',
10-19 17:12:39.312 30930  2759 I ReactNativeJS:   status: 'driver_arrived',
10-19 17:12:39.312 30930  2759 I ReactNativeJS:   pickup: 'PRXJ+F32, Brindavan Nagar, Plot 87, NGGO\'s Colony, Anand Nagar, Hosur, Tamil Nadu 635109, India',
10-19 17:12:39.312 30930  2759 I ReactNativeJS:   destination: 'Bagalur, Tamil Nadu, India' }
10-19 17:12:39.312 30930  2759 I ReactNativeJS: '  - Pending rides count:', 0
10-19 17:12:39.312 30930  2759 I ReactNativeJS: '  - Driver status:', 'busy'
10-19 17:12:39.312 30930  2759 I ReactNativeJS: '  - Loading:', false
10-19 17:12:39.312 30930  2759 I ReactNativeJS: '  - Error:', null
10-19 17:12:39.312 30930  2759 I ReactNativeJS: '  - Show modal:', false
10-19 17:12:39.312 30930  2759 I ReactNativeJS: '  - Timestamp:', '2025-10-19T11:42:39.312Z'
10-19 17:12:39.312 30930  2759 I ReactNativeJS: ✅ CURRENT RIDE EXISTS - should be visible in UI
10-19 17:12:39.657 30930  2759 I ReactNativeJS: 🎯 TripCompletionModal RENDER
10-19 17:12:39.657 30930  2759 I ReactNativeJS: '🎯 visible:', false
10-19 17:12:39.658 30930  2759 I ReactNativeJS: '🎯 tripData:', '{\n  "distance": 0,\n  "duration": 0,\n  "fareBreakdown": {\n    "booking_type": "regular",\n    "vehicle_type": "sedan",\n    "base_fare": 0,\n    "distance_fare": 0,\n    "time_fare": 0,\n    "surge_charges": 0,\n    "deadhead_charges": 0,\n    "platform_fee": 0,\n    "gst_on_charges": 0,\n    "gst_on_platform_fee": 0,\n    "extra_km_charges": 0,\n    "driver_allowance": 0,\n    "total_fare": 0,\n    "details": {\n      "actual_distance_km": 0,\n      "actual_duration_minutes": 0,\n      "per_km_rate": 0\n    }\n  },\n  "pickup_address": "",\n  "destination_address": "",\n  "booking_type": "regular",\n  "rental_hours": null\n}'
10-19 17:12:39.678 30930 30930 W WindowOnBackDispatcher: sendCancelIfRunning: isInProgress=false callback=android.view.ViewRootImpl$$ExternalSyntheticLambda11@99b6db3
10-19 17:12:39.687 30930 30930 D BLASTBufferQueue: [VRI[MainActivity]#14](f:0,a:4) destructor()
10-19 17:12:39.687 30930 30930 D BufferQueueConsumer: [VRI[MainActivity]#14(BLAST Consumer)14](id:78d200000010,api:0,p:-1,c:30930) disconnect
10-19 17:12:39.736 30930 30930 V ImeFocusController: onWindowFocus: com.android.internal.policy.DecorView{e311d29 V.E...... R....... 0,0-1080,2392 aid=0}[MainActivity] softInputMode=STATE_UNSPECIFIED|ADJUST_RESIZE
10-19 17:12:39.745  5589  5589 I GoogleInputMethodService: GoogleInputMethodService.onFinishInput():2085 
10-19 17:12:39.747  5589  5589 I Module  : DeviceLockedStatusModuleProvider$Module.updateDeviceLockedStatus():100 repeatCheckTimes = 0, locked = false
10-19 17:12:39.748  5589  5589 I GoogleInputMethodService: GoogleInputMethodService.onStartInput():1346 onStartInput(EditorInfo{EditorInfo{packageName=com.a1taxi.driverpro, inputType=0, inputTypeString=NULL, enableLearning=false, autoCorrection=false, autoComplete=false, imeOptions=0, privateImeOptions=null, actionName=UNSPECIFIED, actionLabel=null, initialSelStart=-1, initialSelEnd=-1, initialCapsMode=0, label=null, fieldId=0, fieldName=null, extras=null, hintText=null, hintLocales=[]}}, false)
10-19 17:12:39.750  5589  5589 I Module  : DeviceLockedStatusModuleProvider$Module.updateDeviceLockedStatus():100 repeatCheckTimes = 1, locked = false
10-19 17:12:40.502 14485 14485 I bnlz    : onStart
10-19 17:12:40.504 14485 14485 I bldh    : (REDACTED) [%s] onStart()
10-19 17:12:40.504 14485 14485 I blfn    : Reloading theme data
10-19 17:12:40.507 14485 14485 I bnlz    : onResume
10-19 17:12:40.509 14485 14485 D VRI[Launcher]: visibilityChanged oldVisibility=false newVisibility=true
10-19 17:12:40.542 14485 14485 D ViewRootImpl: AppSizeAfterRelayout, size: Point(1080, 2392), rotation: ROTATION_0
10-19 17:12:40.542 14485 14485 D BufferQueueConsumer: [](id:389500000077,api:0,p:-1,c:14485) connect: controlledByApp=false
10-19 17:12:40.543 14485 14485 D BLASTBufferQueue: [VRI[Launcher]#119](f:0,a:0) constructor()
10-19 17:12:40.543 14485 14485 D BLASTBufferQueue: [VRI[Launcher]#119](f:0,a:0) update width=1080 height=2392 format=-2 mTransformHint=0
10-19 17:12:40.553 14485 14785 D BLASTBufferQueue: [VRI[Launcher]#119](f:0,a:1) acquireNextBufferLocked size=1080x2392 mFrameNumber=1 applyTransaction=true mTimestamp=637531104285229(auto) mPendingTransactions.size=0 graphicBufferId=62212601283394 transform=0
10-19 17:12:41.002 30930  2759 I ReactNativeJS: 🔄 Auto-refreshing rides (2-second interval)...
10-19 17:12:41.002 30930  2759 I ReactNativeJS: === LOADING RIDES ===
10-19 17:12:41.002 30930  2759 I ReactNativeJS: 'Driver ID:', 'eb91d7e5-e2f2-4021-a8c8-3739a3d4cae4'
10-19 17:12:41.002 30930  2759 I ReactNativeJS: 'Driver User ID:', '1c4ac410-54d8-4b5e-960b-3afcbebd115d'
10-19 17:12:41.014 30930  2759 I ReactNativeJS: 🎯 TripCompletionModal RENDER
10-19 17:12:41.014 30930  2759 I ReactNativeJS: '🎯 visible:', false
10-19 17:12:41.014 30930  2759 I ReactNativeJS: '🎯 tripData:', '{\n  "distance": 0,\n  "duration": 0,\n  "fareBreakdown": {\n    "booking_type": "regular",\n    "vehicle_type": "sedan",\n    "base_fare": 0,\n    "distance_fare": 0,\n    "time_fare": 0,\n    "surge_charges": 0,\n    "deadhead_charges": 0,\n    "platform_fee": 0,\n    "gst_on_charges": 0,\n    "gst_on_platform_fee": 0,\n    "extra_km_charges": 0,\n    "driver_allowance": 0,\n    "total_fare": 0,\n    "details": {\n      "actual_distance_km": 0,\n      "actual_duration_minutes": 0,\n      "per_km_rate": 0\n    }\n  },\n  "pickup_address": "",\n  "destination_address": "",\n  "booking_type": "regular",\n  "rental_hours": null\n}'
10-19 17:12:41.026 30930  2759 I ReactNativeJS: 🔍 Loading current ride...
10-19 17:12:41.029 30930  2759 I ReactNativeJS: === RIDES SCREEN STATE DEBUG ===
10-19 17:12:41.029 30930  2759 I ReactNativeJS: 🔄 Component state updated:
10-19 17:12:41.029 30930  2759 I ReactNativeJS: '  - Current ride:', { id: '26174bc5-3632-4104-b463-80df9679884c',
10-19 17:12:41.029 30930  2759 I ReactNativeJS:   status: 'driver_arrived',
10-19 17:12:41.029 30930  2759 I ReactNativeJS:   pickup: 'PRXJ+F32, Brindavan Nagar, Plot 87, NGGO\'s Colony, Anand Nagar, Hosur, Tamil Nadu 635109, India',
10-19 17:12:41.029 30930  2759 I ReactNativeJS:   destination: 'Bagalur, Tamil Nadu, India' }
10-19 17:12:41.029 30930  2759 I ReactNativeJS: '  - Pending rides count:', 0
10-19 17:12:41.029 30930  2759 I ReactNativeJS: '  - Driver status:', 'busy'
10-19 17:12:41.030 30930  2759 I ReactNativeJS: '  - Loading:', true
10-19 17:12:41.030 30930  2759 I ReactNativeJS: '  - Error:', null
10-19 17:12:41.030 30930  2759 I ReactNativeJS: '  - Show modal:', false
10-19 17:12:41.030 30930  2759 I ReactNativeJS: '  - Timestamp:', '2025-10-19T11:42:41.030Z'
10-19 17:12:41.030 30930  2759 I ReactNativeJS: ✅ CURRENT RIDE EXISTS - should be visible in UI
10-19 17:12:41.043 14485 14485 I bnft    : (REDACTED) onApplyWindowInsets: systemWindowInsets=%s
10-19 17:12:41.043 14485 14485 I bnft    : (REDACTED) onApplyWindowInsets: systemWindowInsets=%s
10-19 17:12:41.046 30930 30930 I BackgroundFetchTaskConsumer: Starting an alarm for task 'background-fetch-task'.
10-19 17:12:41.062  5589  5589 I GoogleInputMethodService: GoogleInputMethodService.onFinishInput():2085 
10-19 17:12:41.063  5589  5589 I Module  : DeviceLockedStatusModuleProvider$Module.updateDeviceLockedStatus():100 repeatCheckTimes = 0, locked = false
10-19 17:12:41.063  5589  5589 I GoogleInputMethodService: GoogleInputMethodService.onStartInput():1346 onStartInput(EditorInfo{EditorInfo{packageName=com.android.launcher3, inputType=0, inputTypeString=NULL, enableLearning=false, autoCorrection=false, autoComplete=false, imeOptions=0, privateImeOptions=null, actionName=UNSPECIFIED, actionLabel=null, initialSelStart=-1, initialSelEnd=-1, initialCapsMode=0, label=null, fieldId=0, fieldName=null, extras=null, hintText=null, hintLocales=[]}}, false)
10-19 17:12:41.064  5589  5589 I Module  : DeviceLockedStatusModuleProvider$Module.updateDeviceLockedStatus():100 repeatCheckTimes = 1, locked = false
10-19 17:12:41.083  1870  3605 D BatteryStatsService: noteVideoSurfaceChanged  noteWhich: 49,arg1: -2, arg2: -1, arg3: 30930, arg4: 807, name: com.a1taxi.driverpro
10-19 17:12:41.089 30930  2717 D BLASTBufferQueue: [VRI[MainActivity]#11](f:0,a:4) destructor()
10-19 17:12:41.089 30930  2717 D BufferQueueConsumer: [VRI[MainActivity]#11(BLAST Consumer)11](id:78d20000000c,api:0,p:-1,c:30930) disconnect
10-19 17:12:41.104 30930 30930 D ViewRootImpl: AppSizeAfterRelayout, size: Point(1080, 2392), rotation: ROTATION_0
10-19 17:12:41.354 30930  2759 I ReactNativeJS: 🎯 TripCompletionModal RENDER
10-19 17:12:41.354 30930  2759 I ReactNativeJS: '🎯 visible:', false
10-19 17:12:41.354 30930  2759 I ReactNativeJS: '🎯 tripData:', '{\n  "distance": 0,\n  "duration": 0,\n  "fareBreakdown": {\n    "booking_type": "regular",\n    "vehicle_type": "sedan",\n    "base_fare": 0,\n    "distance_fare": 0,\n    "time_fare": 0,\n    "surge_charges": 0,\n    "deadhead_charges": 0,\n    "platform_fee": 0,\n    "gst_on_charges": 0,\n    "gst_on_platform_fee": 0,\n    "extra_km_charges": 0,\n    "driver_allowance": 0,\n    "total_fare": 0,\n    "details": {\n      "actual_distance_km": 0,\n      "actual_duration_minutes": 0,\n      "per_km_rate": 0\n    }\n  },\n  "pickup_address": "",\n  "destination_address": "",\n  "booking_type": "regular",\n  "rental_hours": null\n}'
10-19 17:12:41.358 30930  2759 I ReactNativeJS: '✅ Current ride loaded:', { id: '26174bc5-3632-4104-b463-80df9679884c',
10-19 17:12:41.358 30930  2759 I ReactNativeJS:   status: 'driver_arrived',
10-19 17:12:41.358 30930  2759 I ReactNativeJS:   pickup: 'PRXJ+F32, Brindavan Nagar, Plot 87, NGGO\'s Colony, Anand Nagar, Hosur, Tamil Nadu 635109, India',
10-19 17:12:41.358 30930  2759 I ReactNativeJS:   destination: 'Bagalur, Tamil Nadu, India',
10-19 17:12:41.358 30930  2759 I ReactNativeJS:   customer: 
10-19 17:12:41.358 30930  2759 I ReactNativeJS:    { id: 'e95a4f14-8958-49e9-8ede-d81b82a7ba12',
10-19 17:12:41.358 30930  2759 I ReactNativeJS:      full_name: 'Ricco',
10-19 17:12:41.358 30930  2759 I ReactNativeJS:      phone_number: null,
10-19 17:12:41.358 30930  2759 I ReactNativeJS:      email: '918608374935@a1taxi.app' } }
10-19 17:12:41.358 30930  2759 I ReactNativeJS: ⚠️ Driver has current ride - not loading pending ride requests
10-19 17:12:41.358 30930  2759 I ReactNativeJS: === RIDES SCREEN STATE DEBUG ===
10-19 17:12:41.358 30930  2759 I ReactNativeJS: 🔄 Component state updated:
10-19 17:12:41.359 30930  2759 I ReactNativeJS: '  - Current ride:', { id: '26174bc5-3632-4104-b463-80df9679884c',
10-19 17:12:41.359 30930  2759 I ReactNativeJS:   status: 'driver_arrived',
10-19 17:12:41.359 30930  2759 I ReactNativeJS:   pickup: 'PRXJ+F32, Brindavan Nagar, Plot 87, NGGO\'s Colony, Anand Nagar, Hosur, Tamil Nadu 635109, India',
10-19 17:12:41.359 30930  2759 I ReactNativeJS:   destination: 'Bagalur, Tamil Nadu, India' }
10-19 17:12:41.359 30930  2759 I ReactNativeJS: '  - Pending rides count:', 0
10-19 17:12:41.359 30930  2759 I ReactNativeJS: '  - Driver status:', 'busy'
10-19 17:12:41.359 30930  2759 I ReactNativeJS: '  - Loading:', true
10-19 17:12:41.359 30930  2759 I ReactNativeJS: '  - Error:', null
10-19 17:12:41.359 30930  2759 I ReactNativeJS: '  - Show modal:', false
10-19 17:12:41.359 30930  2759 I ReactNativeJS: '  - Timestamp:', '2025-10-19T11:42:41.359Z'
10-19 17:12:41.359 30930  2759 I ReactNativeJS: ✅ CURRENT RIDE EXISTS - should be visible in UI
10-19 17:12:41.359 30930  2759 I ReactNativeJS: === RIDE REQUEST MODAL LOGIC DEBUG ===
10-19 17:12:41.359 30930  2759 I ReactNativeJS: 🔄 Checking if should show ride request modal:
10-19 17:12:41.359 30930  2759 I ReactNativeJS: '  - Pending rides:', 0
10-19 17:12:41.359 30930  2759 I ReactNativeJS: '  - Modal already showing:', false
10-19 17:12:41.359 30930  2759 I ReactNativeJS: '  - Driver status:', 'busy'
10-19 17:12:41.359 30930  2759 I ReactNativeJS: '  - Has current ride:', true
10-19 17:12:41.359 30930  2759 I ReactNativeJS: ❌ NOT SHOWING MODAL - reasons:
10-19 17:12:41.359 30930  2759 I ReactNativeJS: '🚗 Analysis:', { pendingRidesCount: 0,
10-19 17:12:41.359 30930  2759 I ReactNativeJS:   modalAlreadyShowing: false,
10-19 17:12:41.359 30930  2759 I ReactNativeJS:   driverStatus: 'busy',
10-19 17:12:41.359 30930  2759 I ReactNativeJS:   hasCurrentRide: true }
10-19 17:12:41.366 30930  2759 I ReactNativeJS: 🎯 TripCompletionModal RENDER
10-19 17:12:41.367 30930  2759 I ReactNativeJS: '🎯 visible:', false
10-19 17:12:41.367 30930  2759 I ReactNativeJS: '🎯 tripData:', '{\n  "distance": 0,\n  "duration": 0,\n  "fareBreakdown": {\n    "booking_type": "regular",\n    "vehicle_type": "sedan",\n    "base_fare": 0,\n    "distance_fare": 0,\n    "time_fare": 0,\n    "surge_charges": 0,\n    "deadhead_charges": 0,\n    "platform_fee": 0,\n    "gst_on_charges": 0,\n    "gst_on_platform_fee": 0,\n    "extra_km_charges": 0,\n    "driver_allowance": 0,\n    "total_fare": 0,\n    "details": {\n      "actual_distance_km": 0,\n      "actual_duration_minutes": 0,\n      "per_km_rate": 0\n    }\n  },\n  "pickup_address": "",\n  "destination_address": "",\n  "booking_type": "regular",\n  "rental_hours": null\n}'
10-19 17:12:41.369 30930  2759 I ReactNativeJS: === RIDES SCREEN STATE DEBUG ===
10-19 17:12:41.369 30930  2759 I ReactNativeJS: 🔄 Component state updated:
10-19 17:12:41.369 30930  2759 I ReactNativeJS: '  - Current ride:', { id: '26174bc5-3632-4104-b463-80df9679884c',
10-19 17:12:41.369 30930  2759 I ReactNativeJS:   status: 'driver_arrived',
10-19 17:12:41.369 30930  2759 I ReactNativeJS:   pickup: 'PRXJ+F32, Brindavan Nagar, Plot 87, NGGO\'s Colony, Anand Nagar, Hosur, Tamil Nadu 635109, India',
10-19 17:12:41.369 30930  2759 I ReactNativeJS:   destination: 'Bagalur, Tamil Nadu, India' }
10-19 17:12:41.369 30930  2759 I ReactNativeJS: '  - Pending rides count:', 0
10-19 17:12:41.369 30930  2759 I ReactNativeJS: '  - Driver status:', 'busy'
10-19 17:12:41.369 30930  2759 I ReactNativeJS: '  - Loading:', true
10-19 17:12:41.369 30930  2759 I ReactNativeJS: '  - Error:', null
10-19 17:12:41.370 30930  2759 I ReactNativeJS: '  - Show modal:', false
10-19 17:12:41.370 30930  2759 I ReactNativeJS: '  - Timestamp:', '2025-10-19T11:42:41.370Z'
10-19 17:12:41.370 30930  2759 I ReactNativeJS: ✅ CURRENT RIDE EXISTS - should be visible in UI
10-19 17:12:41.370 30930  2759 I ReactNativeJS: === RIDE REQUEST MODAL LOGIC DEBUG ===
10-19 17:12:41.370 30930  2759 I ReactNativeJS: 🔄 Checking if should show ride request modal:
10-19 17:12:41.370 30930  2759 I ReactNativeJS: '  - Pending rides:', 0
10-19 17:12:41.370 30930  2759 I ReactNativeJS: '  - Modal already showing:', false
10-19 17:12:41.370 30930  2759 I ReactNativeJS: '  - Driver status:', 'busy'
10-19 17:12:41.370 30930  2759 I ReactNativeJS: '  - Has current ride:', true
10-19 17:12:41.370 30930  2759 I ReactNativeJS: ❌ NOT SHOWING MODAL - reasons:
10-19 17:12:41.370 30930  2759 I ReactNativeJS: '🚗 Analysis:', { pendingRidesCount: 0,
10-19 17:12:41.370 30930  2759 I ReactNativeJS:   modalAlreadyShowing: false,
10-19 17:12:41.370 30930  2759 I ReactNativeJS:   driverStatus: 'busy',
10-19 17:12:41.370 30930  2759 I ReactNativeJS:   hasCurrentRide: true }
10-19 17:12:41.376 30930  2759 I ReactNativeJS: 🎯 TripCompletionModal RENDER
10-19 17:12:41.376 30930  2759 I ReactNativeJS: '🎯 visible:', false
10-19 17:12:41.377 30930  2759 I ReactNativeJS: '🎯 tripData:', '{\n  "distance": 0,\n  "duration": 0,\n  "fareBreakdown": {\n    "booking_type": "regular",\n    "vehicle_type": "sedan",\n    "base_fare": 0,\n    "distance_fare": 0,\n    "time_fare": 0,\n    "surge_charges": 0,\n    "deadhead_charges": 0,\n    "platform_fee": 0,\n    "gst_on_charges": 0,\n    "gst_on_platform_fee": 0,\n    "extra_km_charges": 0,\n    "driver_allowance": 0,\n    "total_fare": 0,\n    "details": {\n      "actual_distance_km": 0,\n      "actual_duration_minutes": 0,\n      "per_km_rate": 0\n    }\n  },\n  "pickup_address": "",\n  "destination_address": "",\n  "booking_type": "regular",\n  "rental_hours": null\n}'
10-19 17:12:41.380 30930  2759 I ReactNativeJS: === RIDES SCREEN STATE DEBUG ===
10-19 17:12:41.380 30930  2759 I ReactNativeJS: 🔄 Component state updated:
10-19 17:12:41.380 30930  2759 I ReactNativeJS: '  - Current ride:', { id: '26174bc5-3632-4104-b463-80df9679884c',
10-19 17:12:41.380 30930  2759 I ReactNativeJS:   status: 'driver_arrived',
10-19 17:12:41.380 30930  2759 I ReactNativeJS:   pickup: 'PRXJ+F32, Brindavan Nagar, Plot 87, NGGO\'s Colony, Anand Nagar, Hosur, Tamil Nadu 635109, India',
10-19 17:12:41.380 30930  2759 I ReactNativeJS:   destination: 'Bagalur, Tamil Nadu, India' }
10-19 17:12:41.380 30930  2759 I ReactNativeJS: '  - Pending rides count:', 0
10-19 17:12:41.380 30930  2759 I ReactNativeJS: '  - Driver status:', 'busy'
10-19 17:12:41.380 30930  2759 I ReactNativeJS: '  - Loading:', false
10-19 17:12:41.381 30930  2759 I ReactNativeJS: '  - Error:', null
10-19 17:12:41.381 30930  2759 I ReactNativeJS: '  - Show modal:', false
10-19 17:12:41.381 30930  2759 I ReactNativeJS: '  - Timestamp:', '2025-10-19T11:42:41.381Z'
10-19 17:12:41.381 30930  2759 I ReactNativeJS: ✅ CURRENT RIDE EXISTS - should be visible in UI
10-19 17:12:41.749 21104 21188 W Settings: Setting airplane_mode_on has moved from android.provider.Settings.System to android.provider.Settings.Global, returning read-only value.
10-19 17:12:41.767  1870  3354 D BatteryStatsService: noteVideoSurfaceChanged  noteWhich: 49,arg1: 970, arg2: 825, arg3: 30055, arg4: 1865, name: com.a1taxi.a1taxicustomer
10-19 17:12:41.791 21104  6710 W SystemServiceRegistry: No service published for: wifirtt
10-19 17:12:41.802 14485 14485 I bnlz    : onPause
10-19 17:12:41.815 14485 11895 V ClearcutMetricXmitter: Transmission is done.
10-19 17:12:41.853 21104 21188 I ActivityScheduler: nextTriggerTime: 1318336216, in 5000ms, detectorType: 39, FULL_TYPE alarmWindowMillis: 625
10-19 17:12:41.860  5589  5589 I GoogleInputMethodService: GoogleInputMethodService.onFinishInput():2085 
10-19 17:12:41.860  5589  5589 I Module  : DeviceLockedStatusModuleProvider$Module.updateDeviceLockedStatus():100 repeatCheckTimes = 0, locked = false
10-19 17:12:41.861  5589  5589 I GoogleInputMethodService: GoogleInputMethodService.onStartInput():1346 onStartInput(EditorInfo{EditorInfo{packageName=com.a1taxi.a1taxicustomer, inputType=0, inputTypeString=NULL, enableLearning=false, autoCorrection=false, autoComplete=false, imeOptions=0, privateImeOptions=null, actionName=UNSPECIFIED, actionLabel=null, initialSelStart=-1, initialSelEnd=-1, initialCapsMode=0, label=null, fieldId=0, fieldName=null, extras=null, hintText=null, hintLocales=[]}}, false)
10-19 17:12:41.861  5589  5589 I Module  : DeviceLockedStatusModuleProvider$Module.updateDeviceLockedStatus():100 repeatCheckTimes = 1, locked = false
10-19 17:12:41.878 14485 14485 I bnft    : (REDACTED) onApplyWindowInsets: systemWindowInsets=%s
10-19 17:12:41.878 14485 14485 I bnft    : (REDACTED) onApplyWindowInsets: systemWindowInsets=%s
10-19 17:12:42.158  7096  7120 I native  : I0000 00:00:1760874162.158524    7120 soda_async_impl.cc:1383] Current audio timestamp: 1760874162050624
10-19 17:12:42.246 14485 14485 D VRI[Launcher]: visibilityChanged oldVisibility=true newVisibility=false
10-19 17:12:42.280 14485 14485 D ViewRootImpl: AppSizeAfterRelayout, size: Point(1080, 2392), rotation: ROTATION_0
10-19 17:12:42.280 14485 14485 D BLASTBufferQueue: [VRI[Launcher]#119](f:0,a:3) destructor()
10-19 17:12:42.280 14485 14485 D BufferQueueConsumer: [VRI[Launcher]#119(BLAST Consumer)119](id:389500000077,api:0,p:-1,c:14485) disconnect
10-19 17:12:42.300 14485 14485 I bnlz    : onStop
10-19 17:12:42.302 21104 24145 I WifiScanner: onFullResults
10-19 17:12:42.302 21104 23957 I WifiScanner: onFullResults
10-19 17:12:42.303 21104 21249 I WifiScanner: onFullResults
10-19 17:12:42.320 21104  6710 I FrewleTileCacheManagerV: (REDACTED) Fetched %d AP models from cache
10-19 17:12:42.335 21104 21188 I ActivityScheduler: nextTriggerTime: 1318337638, in 5940ms, detectorType: 39, FULL_TYPE alarmWindowMillis: 625
10-19 17:12:42.335 21104 21184 I FusedLocation: (REDACTED) location delivery to %s blocked - too close
10-19 17:12:42.336 21104 21184 I FusedLocation: (REDACTED) location delivery to %s blocked - too fast
10-19 17:12:42.336 21104 21184 I FusedLocation: (REDACTED) location delivery to %s blocked - too close
10-19 17:12:42.337 21104 21184 I FusedLocation: (REDACTED) location delivery to %s blocked - too close
10-19 17:12:42.337 21104 21184 I FusedLocation: (REDACTED) location delivery to %s blocked - too fast
10-19 17:12:42.338 21104 21184 I FusedLocation: (REDACTED) location delivery to %s blocked - too fast
10-19 17:12:42.338 21104 21184 I fznc    : Received empty WiFi-RTT scan. [CONTEXT service_id=6 ]
10-19 17:12:42.367  1870  2891 D BatteryStatsService: noteVideoSurfaceChanged  noteWhich: 49,arg1: -1, arg2: -1, arg3: 30055, arg4: 1865, name: com.a1taxi.a1taxicustomer
10-19 17:12:42.619  5589  5589 I GoogleInputMethodService: GoogleInputMethodService.onFinishInput():2085 
10-19 17:12:42.620  5589  5589 I Module  : DeviceLockedStatusModuleProvider$Module.updateDeviceLockedStatus():100 repeatCheckTimes = 0, locked = false
10-19 17:12:42.620  5589  5589 I GoogleInputMethodService: GoogleInputMethodService.onStartInput():1346 onStartInput(EditorInfo{EditorInfo{packageName=com.a1taxi.a1taxicustomer, inputType=0, inputTypeString=NULL, enableLearning=false, autoCorrection=false, autoComplete=false, imeOptions=0, privateImeOptions=null, actionName=UNSPECIFIED, actionLabel=null, initialSelStart=-1, initialSelEnd=-1, initialCapsMode=0, label=null, fieldId=0, fieldName=null, extras=null, hintText=null, hintLocales=[]}}, false)
10-19 17:12:42.621  5589  5589 I Module  : DeviceLockedStatusModuleProvider$Module.updateDeviceLockedStatus():100 repeatCheckTimes = 1, locked = false
10-19 17:12:43.471 21104 21184 I FusedLocation: (REDACTED) location delivery to %s blocked - too close
10-19 17:12:43.471 21104 21184 I FusedLocation: (REDACTED) location delivery to %s blocked - too fast
10-19 17:12:43.471 21104 21184 I FusedLocation: (REDACTED) location delivery to %s blocked - too close
10-19 17:12:43.472 21104 21184 I FusedLocation: (REDACTED) location delivery to %s blocked - too close
10-19 17:12:43.473 21104 21184 I FusedLocation: (REDACTED) location delivery to %s blocked - too fast
10-19 17:12:44.232 21104  6948 I PhenotypeResourceReader: unable to find any Phenotype resource metadata for com.a1taxi.a1taxicustomer
10-19 17:12:44.250  1870  2891 D BatteryStatsService: noteVideoSurfaceChanged  noteWhich: 49,arg1: 860, arg2: 1238, arg3: 30055, arg4: 2289, name: com.a1taxi.a1taxicustomer
10-19 17:12:44.700  7096  7126 W ProxyAndroidLoggerBackend: Too many Flogger logs received before configuration. Dropping old logs.
10-19 17:12:45.181  5589  5589 I GoogleInputMethodService: GoogleInputMethodService.onFinishInput():2085 
10-19 17:12:45.182  5589  5589 I Module  : DeviceLockedStatusModuleProvider$Module.updateDeviceLockedStatus():100 repeatCheckTimes = 0, locked = false
10-19 17:12:45.183  5589  5589 I GoogleInputMethodService: GoogleInputMethodService.onStartInput():1346 onStartInput(EditorInfo{EditorInfo{packageName=com.a1taxi.a1taxicustomer, inputType=0, inputTypeString=NULL, enableLearning=false, autoCorrection=false, autoComplete=false, imeOptions=0, privateImeOptions=null, actionName=UNSPECIFIED, actionLabel=null, initialSelStart=-1, initialSelEnd=-1, initialCapsMode=0, label=null, fieldId=0, fieldName=null, extras=null, hintText=null, hintLocales=[]}}, false)
10-19 17:12:45.184  5589  5589 I Module  : DeviceLockedStatusModuleProvider$Module.updateDeviceLockedStatus():100 repeatCheckTimes = 1, locked = false
10-19 17:12:47.278 21104 21188 W Settings: Setting airplane_mode_on has moved from android.provider.Settings.System to android.provider.Settings.Global, returning read-only value.
10-19 17:12:47.281 21104  4912 W SystemServiceRegistry: No service published for: wifirtt
10-19 17:12:47.304 21104 23957 I WifiScanner: onFullResults
10-19 17:12:47.304 21104 24145 I WifiScanner: onFullResults
10-19 17:12:47.306 21104 23957 I WifiScanner: onFullResults
10-19 17:12:47.325 21104 21188 I ActivityScheduler: nextTriggerTime: 1318341688, in 4999ms, detectorType: 39, FULL_TYPE alarmWindowMillis: 625
10-19 17:12:47.329 21104  6710 I FrewleTileCacheManagerV: (REDACTED) Fetched %d AP models from cache
10-19 17:12:47.344 21104 21188 I ActivityScheduler: nextTriggerTime: 1318342664, in 5956ms, detectorType: 39, FULL_TYPE alarmWindowMillis: 625
10-19 17:12:47.346 21104 21184 I FusedLocation: (REDACTED) location delivery to %s blocked - too close
10-19 17:12:47.346 21104 21184 I FusedLocation: (REDACTED) location delivery to %s blocked - too fast
10-19 17:12:47.346 21104 21184 I FusedLocation: (REDACTED) location delivery to %s blocked - too close
10-19 17:12:47.347 21104 21184 I FusedLocation: (REDACTED) location delivery to %s blocked - too close
10-19 17:12:47.347 21104 21184 I FusedLocation: (REDACTED) location delivery to %s blocked - too fast
10-19 17:12:47.349 21104 21184 I fznc    : Received empty WiFi-RTT scan. [CONTEXT service_id=6 ]
