10-19 14:57:44.795 23589 24108 I ReactNativeJS:      phone_number: null,
10-19 14:57:44.795 23589 24108 I ReactNativeJS:      email: '+919597230958@phone.a1taxi.local' } }
10-19 14:57:44.795 23589 24108 I ReactNativeJS:  Driver has current ride - not loading pending ride requests
10-19 14:57:44.795 23589 24108 I ReactNativeJS: === RIDES SCREEN STATE DEBUG ===
10-19 14:57:44.795 23589 24108 I ReactNativeJS:  Component state updated:
10-19 14:57:44.796 23589 24108 I ReactNativeJS: '  - Current ride:', { id: '9af31e93-dea1-44d0-ba28-80396f18e004',
10-19 14:57:44.796 23589 24108 I ReactNativeJS:   status: 'in_progress',
10-19 14:57:44.796 23589 24108 I ReactNativeJS:   pickup: 'PRXJ+F32, Brindavan Nagar, Plot 87, NGGO\'s Colony, Anand Nagar, Hosur, Tamil Nadu 635109, India',
10-19 14:57:44.796 23589 24108 I ReactNativeJS:   destination: 'Anthivadi Stadium, SBM Colony, Anthivadi, Hosur, Tamil Nadu, India' }
10-19 14:57:44.796 23589 24108 I ReactNativeJS: '  - Pending rides count:', 0
10-19 14:57:44.796 23589 24108 I ReactNativeJS: '  - Driver status:', 'online'
10-19 14:57:44.796 23589 24108 I ReactNativeJS: '  - Loading:', true
10-19 14:57:44.796 23589 24108 I ReactNativeJS: '  - Error:', null
10-19 14:57:44.796 23589 24108 I ReactNativeJS: '  - Show modal:', false
10-19 14:57:44.796 23589 24108 I ReactNativeJS: '  - Timestamp:', '2025-10-19T09:27:44.796Z'
10-19 14:57:44.796 23589 24108 I ReactNativeJS:  CURRENT RIDE EXISTS - should be visible in UI
10-19 14:57:44.796 23589 24108 I ReactNativeJS: === RIDE REQUEST MODAL LOGIC DEBUG ===
10-19 14:57:44.796 23589 24108 I ReactNativeJS:  Checking if should show ride request modal:
10-19 14:57:44.796 23589 24108 I ReactNativeJS: '  - Pending rides:', 0
10-19 14:57:44.796 23589 24108 I ReactNativeJS: '  - Modal already showing:', false
10-19 14:57:44.796 23589 24108 I ReactNativeJS: '  - Driver status:', 'online'
10-19 14:57:44.796 23589 24108 I ReactNativeJS: '  - Has current ride:', true
10-19 14:57:44.796 23589 24108 I ReactNativeJS:  NOT SHOWING MODAL - reasons:
10-19 14:57:44.796 23589 24108 I ReactNativeJS: ' Analysis:', { pendingRidesCount: 0,
10-19 14:57:44.796 23589 24108 I ReactNativeJS:   modalAlreadyShowing: false,
10-19 14:57:44.796 23589 24108 I ReactNativeJS:   driverStatus: 'online',
10-19 14:57:44.796 23589 24108 I ReactNativeJS:   hasCurrentRide: true }
10-19 14:57:44.805 23589 24108 I ReactNativeJS: === RIDES SCREEN STATE DEBUG ===
10-19 14:57:44.805 23589 24108 I ReactNativeJS:  Component state updated:
10-19 14:57:44.806 23589 24108 I ReactNativeJS: '  - Current ride:', { id: '9af31e93-dea1-44d0-ba28-80396f18e004',
10-19 14:57:44.806 23589 24108 I ReactNativeJS:   status: 'in_progress',
10-19 14:57:44.806 23589 24108 I ReactNativeJS:   pickup: 'PRXJ+F32, Brindavan Nagar, Plot 87, NGGO\'s Colony, Anand Nagar, Hosur, Tamil Nadu 635109, India',
10-19 14:57:44.806 23589 24108 I ReactNativeJS:   destination: 'Anthivadi Stadium, SBM Colony, Anthivadi, Hosur, Tamil Nadu, India' }
10-19 14:57:44.806 23589 24108 I ReactNativeJS: '  - Pending rides count:', 0
10-19 14:57:44.806 23589 24108 I ReactNativeJS: '  - Driver status:', 'online'
10-19 14:57:44.806 23589 24108 I ReactNativeJS: '  - Loading:', true
10-19 14:57:44.806 23589 24108 I ReactNativeJS: '  - Error:', null
10-19 14:57:44.806 23589 24108 I ReactNativeJS: '  - Show modal:', false
10-19 14:57:44.806 23589 24108 I ReactNativeJS: '  - Timestamp:', '2025-10-19T09:27:44.806Z'
10-19 14:57:44.806 23589 24108 I ReactNativeJS:  CURRENT RIDE EXISTS - should be visible in UI
10-19 14:57:44.806 23589 24108 I ReactNativeJS: === RIDE REQUEST MODAL LOGIC DEBUG ===
10-19 14:57:44.806 23589 24108 I ReactNativeJS:  Checking if should show ride request modal:
10-19 14:57:44.806 23589 24108 I ReactNativeJS: '  - Pending rides:', 0
10-19 14:57:44.806 23589 24108 I ReactNativeJS: '  - Modal already showing:', false
10-19 14:57:44.806 23589 24108 I ReactNativeJS: '  - Driver status:', 'online'
10-19 14:57:44.806 23589 24108 I ReactNativeJS: '  - Has current ride:', true
10-19 14:57:44.806 23589 24108 I ReactNativeJS:  NOT SHOWING MODAL - reasons:
10-19 14:57:44.806 23589 24108 I ReactNativeJS: ' Analysis:', { pendingRidesCount: 0,
10-19 14:57:44.806 23589 24108 I ReactNativeJS:   modalAlreadyShowing: false,
10-19 14:57:44.806 23589 24108 I ReactNativeJS:   driverStatus: 'online',
10-19 14:57:44.806 23589 24108 I ReactNativeJS:   hasCurrentRide: true }
10-19 14:57:44.813 23589 24108 I ReactNativeJS: === RIDES SCREEN STATE DEBUG ===
10-19 14:57:44.813 23589 24108 I ReactNativeJS:  Component state updated:
10-19 14:57:44.813 23589 24108 I ReactNativeJS: '  - Current ride:', { id: '9af31e93-dea1-44d0-ba28-80396f18e004',
10-19 14:57:44.813 23589 24108 I ReactNativeJS:   status: 'in_progress',
10-19 14:57:44.813 23589 24108 I ReactNativeJS:   pickup: 'PRXJ+F32, Brindavan Nagar, Plot 87, NGGO\'s Colony, Anand Nagar, Hosur, Tamil Nadu 635109, India',
10-19 14:57:44.813 23589 24108 I ReactNativeJS:   destination: 'Anthivadi Stadium, SBM Colony, Anthivadi, Hosur, Tamil Nadu, India' }
10-19 14:57:44.813 23589 24108 I ReactNativeJS: '  - Pending rides count:', 0
10-19 14:57:44.813 23589 24108 I ReactNativeJS: '  - Driver status:', 'online'
10-19 14:57:44.813 23589 24108 I ReactNativeJS: '  - Loading:', false
10-19 14:57:44.813 23589 24108 I ReactNativeJS: '  - Error:', null
10-19 14:57:44.813 23589 24108 I ReactNativeJS: '  - Show modal:', false
10-19 14:57:44.813 23589 24108 I ReactNativeJS: '  - Timestamp:', '2025-10-19T09:27:44.813Z'
10-19 14:57:44.813 23589 24108 I ReactNativeJS:  CURRENT RIDE EXISTS - should be visible in UI
10-19 14:57:44.966 23589 24108 I ReactNativeJS: === SPECIFIC QUERY RESULT ===
10-19 14:57:44.967 23589 24108 I ReactNativeJS: 'Query error:', null
10-19 14:57:44.967 23589 24108 I ReactNativeJS: 'Query result:', []
10-19 14:57:44.967 23589 24108 I ReactNativeJS: 'Number of records found:', 0
10-19 14:57:44.967 23589 24108 E ReactNativeJS: ' No fare matrix found for:', { booking_type: 'regular', vehicle_type: 'sedan' }
10-19 14:57:44.968 23589 24108 E ReactNativeJS: 'Exception calculating trip fare:', [Error: Fare configuration not found for this vehicle type]
10-19 14:57:44.969 23589 24108 I ReactNativeJS: ' FareCalculationService result:', { success: false,
10-19 14:57:44.969 23589 24108 I ReactNativeJS:   error: 'Fare configuration not found for this vehicle type' }
10-19 14:57:44.969 23589 24108 E ReactNativeJS: ' Fare calculation failed:', 'Fare configuration not found for this vehicle type'
10-19 14:57:44.989 23589 24108 I ReactNativeJS: ' CompleteRide function completed, result:', { success: false }
10-19 14:57:44.989 23589 24108 E ReactNativeJS:  Failed to complete ride
10-19 14:57:44.990 23589 24108 I ReactNativeJS: === RIDES SCREEN STATE DEBUG ===
10-19 14:57:44.990 23589 24108 I ReactNativeJS:  Component state updated:
10-19 14:57:44.990 23589 24108 I ReactNativeJS: '  - Current ride:', { id: '9af31e93-dea1-44d0-ba28-80396f18e004',
10-19 14:57:44.990 23589 24108 I ReactNativeJS:   status: 'in_progress',
10-19 14:57:44.990 23589 24108 I ReactNativeJS:   pickup: 'PRXJ+F32, Brindavan Nagar, Plot 87, NGGO\'s Colony, Anand Nagar, Hosur, Tamil Nadu 635109, India',
10-19 14:57:44.990 23589 24108 I ReactNativeJS:   destination: 'Anthivadi Stadium, SBM Colony, Anthivadi, Hosur, Tamil Nadu, India' }
10-19 14:57:44.990 23589 24108 I ReactNativeJS: '  - Pending rides count:', 0
10-19 14:57:44.990 23589 24108 I ReactNativeJS: '  - Driver status:', 'online'
10-19 14:57:44.990 23589 24108 I ReactNativeJS: '  - Loading:', false
10-19 14:57:44.990 23589 24108 I ReactNativeJS: '  - Error:', 'Failed to calculate fare: Fare configuration not found for this vehicle type'
10-19 14:57:44.990 23589 24108 I ReactNativeJS: '  - Show modal:', false
10-19 14:57:44.990 23589 24108 I ReactNativeJS: '  - Timestamp:', '2025-10-19T09:27:44.990Z'
10-19 14:57:44.990 23589 24108 I ReactNativeJS:  CURRENT RIDE EXISTS - should be visible in UI
10-19 14:57:44.996 23589 24109 E unknown:ReactNative: console.error:  No fare matrix found for: {"booking_type":"regular","vehicle_type":"sedan"}, js engine: hermes, stack:
10-19 14:57:44.996 23589 24109 E unknown:ReactNative: _construct@1:117842
10-19 14:57:44.996 23589 24109 E unknown:ReactNative: Wrapper@1:117496
10-19 14:57:44.996 23589 24109 E unknown:ReactNative: _callSuper@1:115478
10-19 14:57:44.996 23589 24109 E unknown:ReactNative: SyntheticError@1:116983
10-19 14:57:44.996 23589 24109 E unknown:ReactNative: reactConsoleErrorHandler@1:116629
10-19 14:57:44.996 23589 24109 E unknown:ReactNative: ?anon_0_@1:2019965
10-19 14:57:44.996 23589 24109 E unknown:ReactNative: asyncGeneratorStep@1:573272
10-19 14:57:44.996 23589 24109 E unknown:ReactNative: _next@1:573529
10-19 14:57:44.996 23589 24109 E unknown:ReactNative: anonymous@1:136226
10-19 14:57:44.996 23589 24109 E unknown:ReactNative: _callTimer@1:135225
10-19 14:57:44.996 23589 24109 E unknown:ReactNative: _callReactNativeMicrotasksPass@1:135369
10-19 14:57:44.996 23589 24109 E unknown:ReactNative: callReactNativeMicrotasks@1:137300
10-19 14:57:44.996 23589 24109 E unknown:ReactNative: __callReactNativeMicrotasks@1:101038
10-19 14:57:44.996 23589 24109 E unknown:ReactNative: anonymous@1:100174
10-19 14:57:44.996 23589 24109 E unknown:ReactNative: __guard@1:100912
10-19 14:57:44.996 23589 24109 E unknown:ReactNative: flushedQueue@1:100085
10-19 14:57:44.996 23589 24109 E unknown:ReactNative: invokeCallbackAndReturnFlushedQueue@1:100028
10-19 14:57:44.998 23589 24108 I ReactNativeJS: === RIDES SCREEN STATE DEBUG ===
10-19 14:57:44.998 23589 24108 I ReactNativeJS:  Component state updated:
10-19 14:57:44.998 23589 24108 I ReactNativeJS: '  - Current ride:', { id: '9af31e93-dea1-44d0-ba28-80396f18e004',
10-19 14:57:44.998 23589 24108 I ReactNativeJS:   status: 'in_progress',
10-19 14:57:44.998 23589 24108 I ReactNativeJS:   pickup: 'PRXJ+F32, Brindavan Nagar, Plot 87, NGGO\'s Colony, Anand Nagar, Hosur, Tamil Nadu 635109, India',
10-19 14:57:44.998 23589 24108 I ReactNativeJS:   destination: 'Anthivadi Stadium, SBM Colony, Anthivadi, Hosur, Tamil Nadu, India' }
10-19 14:57:44.998 23589 24108 I ReactNativeJS: '  - Pending rides count:', 0
10-19 14:57:44.998 23589 24108 I ReactNativeJS: '  - Driver status:', 'online'
10-19 14:57:44.998 23589 24108 I ReactNativeJS: '  - Loading:', false
10-19 14:57:44.999 23589 24108 I ReactNativeJS: '  - Error:', null
10-19 14:57:44.999 23589 24108 I ReactNativeJS: '  - Show modal:', false
10-19 14:57:44.999 23589 24108 I ReactNativeJS: '  - Timestamp:', '2025-10-19T09:27:44.999Z'
10-19 14:57:44.999 23589 24108 I ReactNativeJS:  CURRENT RIDE EXISTS - should be visible in UI
10-19 14:57:45.001 23589 24109 E unknown:ReactNative: console.error: Exception calculating trip fare: Error: Fare configuration not found for this vehicle type, js engine: hermes, stack:
10-19 14:57:45.001 23589 24109 E unknown:ReactNative: _construct@1:117842
10-19 14:57:45.001 23589 24109 E unknown:ReactNative: Wrapper@1:117496
10-19 14:57:45.001 23589 24109 E unknown:ReactNative: _callSuper@1:115478
10-19 14:57:45.001 23589 24109 E unknown:ReactNative: SyntheticError@1:116983
10-19 14:57:45.001 23589 24109 E unknown:ReactNative: reactConsoleErrorHandler@1:116629
10-19 14:57:45.001 23589 24109 E unknown:ReactNative: ?anon_0_@1:2010920
10-19 14:57:45.001 23589 24109 E unknown:ReactNative: asyncGeneratorStep@1:573272
10-19 14:57:45.001 23589 24109 E unknown:ReactNative: _throw@1:573576
10-19 14:57:45.001 23589 24109 E unknown:ReactNative: anonymous@1:136226
10-19 14:57:45.001 23589 24109 E unknown:ReactNative: _callTimer@1:135225
10-19 14:57:45.001 23589 24109 E unknown:ReactNative: _callReactNativeMicrotasksPass@1:135369
10-19 14:57:45.001 23589 24109 E unknown:ReactNative: callReactNativeMicrotasks@1:137300
10-19 14:57:45.001 23589 24109 E unknown:ReactNative: __callReactNativeMicrotasks@1:101038
10-19 14:57:45.001 23589 24109 E unknown:ReactNative: anonymous@1:100174
10-19 14:57:45.001 23589 24109 E unknown:ReactNative: __guard@1:100912
10-19 14:57:45.001 23589 24109 E unknown:ReactNative: flushedQueue@1:100085
10-19 14:57:45.001 23589 24109 E unknown:ReactNative: invokeCallbackAndReturnFlushedQueue@1:100028
10-19 14:57:45.006 23589 24109 E unknown:ReactNative: console.error:  Fare calculation failed: Fare configuration not found for this vehicle type, js engine: hermes, stack:
10-19 14:57:45.006 23589 24109 E unknown:ReactNative: _construct@1:117842
10-19 14:57:45.006 23589 24109 E unknown:ReactNative: Wrapper@1:117496
10-19 14:57:45.006 23589 24109 E unknown:ReactNative: _callSuper@1:115478
10-19 14:57:45.006 23589 24109 E unknown:ReactNative: SyntheticError@1:116983
10-19 14:57:45.006 23589 24109 E unknown:ReactNative: reactConsoleErrorHandler@1:116629
10-19 14:57:45.006 23589 24109 E unknown:ReactNative: ?anon_0_@1:2002419
10-19 14:57:45.006 23589 24109 E unknown:ReactNative: asyncGeneratorStep@1:573272
10-19 14:57:45.006 23589 24109 E unknown:ReactNative: _next@1:573529
10-19 14:57:45.006 23589 24109 E unknown:ReactNative: anonymous@1:136226
10-19 14:57:45.006 23589 24109 E unknown:ReactNative: _callTimer@1:135225
10-19 14:57:45.006 23589 24109 E unknown:ReactNative: _callReactNativeMicrotasksPass@1:135369
10-19 14:57:45.006 23589 24109 E unknown:ReactNative: callReactNativeMicrotasks@1:137300
10-19 14:57:45.006 23589 24109 E unknown:ReactNative: __callReactNativeMicrotasks@1:101038
10-19 14:57:45.006 23589 24109 E unknown:ReactNative: anonymous@1:100174
10-19 14:57:45.006 23589 24109 E unknown:ReactNative: __guard@1:100912
10-19 14:57:45.006 23589 24109 E unknown:ReactNative: flushedQueue@1:100085
10-19 14:57:45.006 23589 24109 E unknown:ReactNative: invokeCallbackAndReturnFlushedQueue@1:100028
10-19 14:57:45.009 23589 24109 E unknown:ReactNative: console.error:  Failed to complete ride, js engine: hermes, stack:
10-19 14:57:45.009 23589 24109 E unknown:ReactNative: _construct@1:117842
10-19 14:57:45.009 23589 24109 E unknown:ReactNative: Wrapper@1:117496
10-19 14:57:45.009 23589 24109 E unknown:ReactNative: _callSuper@1:115478
10-19 14:57:45.009 23589 24109 E unknown:ReactNative: SyntheticError@1:116983
10-19 14:57:45.009 23589 24109 E unknown:ReactNative: reactConsoleErrorHandler@1:116629
10-19 14:57:45.009 23589 24109 E unknown:ReactNative: ?anon_0_@1:1990325
10-19 14:57:45.009 23589 24109 E unknown:ReactNative: asyncGeneratorStep@1:573272
10-19 14:57:45.009 23589 24109 E unknown:ReactNative: _next@1:573529
10-19 14:57:45.009 23589 24109 E unknown:ReactNative: anonymous@1:136226
10-19 14:57:45.009 23589 24109 E unknown:ReactNative: _callTimer@1:135225
10-19 14:57:45.009 23589 24109 E unknown:ReactNative: _callReactNativeMicrotasksPass@1:135369
10-19 14:57:45.009 23589 24109 E unknown:ReactNative: callReactNativeMicrotasks@1:137300
10-19 14:57:45.009 23589 24109 E unknown:ReactNative: __callReactNativeMicrotasks@1:101038
10-19 14:57:45.009 23589 24109 E unknown:ReactNative: anonymous@1:100174
10-19 14:57:45.009 23589 24109 E unknown:ReactNative: __guard@1:100912
10-19 14:57:45.009 23589 24109 E unknown:ReactNative: flushedQueue@1:100085
10-19 14:57:45.009 23589 24109 E unknown:ReactNative: invokeCallbackAndReturnFlushedQueue@1:100028
10-19 14:57:45.012 23589 23589 W WindowOnBackDispatcher: OnBackInvokedCallback is not enabled for the application.
10-19 14:57:45.012 23589 23589 W WindowOnBackDispatcher: Set 'android:enableOnBackInvokedCallback="true"' in the application manifest.
10-19 14:57:45.153 23589 23589 D ViewRootImpl: AppSizeAfterRelayout, size: Point(1202, 713), rotation: ROTATION_0
10-19 14:57:45.154 23589 23589 D BufferQueueConsumer: [](id:5c2500000017,api:0,p:-1,c:23589) connect: controlledByApp=false
10-19 14:57:45.155 23589 23589 D BLASTBufferQueue: [VRI[MainActivity]#19](f:0,a:0) constructor()
10-19 14:57:45.155 23589 23589 D BLASTBufferQueue: [VRI[MainActivity]#19](f:0,a:0) update width=1202 height=713 format=-3 mTransformHint=0
10-19 14:57:45.172 23589 24072 D BLASTBufferQueue: [VRI[MainActivity]#19](f:0,a:1) acquireNextBufferLocked size=1202x713 mFrameNumber=1 applyTransaction=true mTimestamp=629435722820131(auto) mPendingTransactions.size=0 graphicBufferId=101313983545489 transform=0
10-19 14:57:45.190 23589 23589 D ViewRootImpl: AppSizeAfterRelayout, size: Point(1202, 744), rotation: ROTATION_0
10-19 14:57:45.190 23589 23589 D BufferQueueConsumer: [](id:5c2500000018,api:0,p:-1,c:23589) connect: controlledByApp=false
10-19 14:57:45.190 23589 23589 D BLASTBufferQueue: [VRI[MainActivity]#20](f:0,a:0) constructor()
10-19 14:57:45.190 23589 23589 D BLASTBufferQueue: [VRI[MainActivity]#20](f:0,a:0) update width=1202 height=744 format=-3 mTransformHint=0
10-19 14:57:45.198 23589 24072 D BLASTBufferQueue: [VRI[MainActivity]#20](f:0,a:1) acquireNextBufferLocked size=1202x744 mFrameNumber=1 applyTransaction=true mTimestamp=629435749620131(auto) mPendingTransactions.size=0 graphicBufferId=101313983545496 transform=0
10-19 14:57:45.338 23589 24108 I ReactNativeJS:  COMPLETE RIDE BUTTON CLICKED!
10-19 14:57:45.338 23589 24108 I ReactNativeJS: ' Current ride exists:', true
10-19 14:57:45.338 23589 24108 I ReactNativeJS: ' Current ride ID:', '9af31e93-dea1-44d0-ba28-80396f18e004'
10-19 14:57:45.338 23589 24108 I ReactNativeJS:  About to call completeRide function...
10-19 14:57:45.338 23589 24108 I ReactNativeJS: ' Calling completeRide with ID:', '9af31e93-dea1-44d0-ba28-80396f18e004'
10-19 14:57:45.338 23589 24108 I ReactNativeJS:  === COMPLETE RIDE FUNCTION CALLED ===
10-19 14:57:45.338 23589 24108 I ReactNativeJS: ' Ride ID:', '9af31e93-dea1-44d0-ba28-80396f18e004'
10-19 14:57:45.338 23589 24108 I ReactNativeJS: ' Driver ID:', '76b66a88-dff9-4965-9e36-8a92023f155d'
10-19 14:57:45.338 23589 24108 I ReactNativeJS: ' Driver User ID:', 'ae53a792-6aed-4186-823d-61c34c6defe2'
10-19 14:57:45.587  5720 14136 D SQLiteQueryBuilder: SELECT _id, _data, _size, date_modified, bucket_id, orientation, datetaken FROM images WHERE ((((is_pending=0 AND NOT _modifier=4) OR (is_pending=1 AND lower(_data) NOT REGEXP '.*/\.pending-(\d+)-([^/]+)$' AND owner_package_name IN ( 'com.vivo.gallery' , 'com.vivo.widget.gallery' )))) AND (is_trashed=0) AND (volume_name IN ( 'external_primary' ))) AND (( bucket_id IN ( -1212198981, -1695567127, -53910322, -2140495773, 606811175, 1251957395, 1115488879, 1092149518, 390907738, -1694063856, -803954635, -1690180765, -1816304744, 911081060, -1291404494, -1285319851, -651554454, 151630153, 543621159, -2002206485, 73761835, -1760112825, -71543827, -302991967, -1227671927, -156420408, -1516374533, 1829735780, -1450708494, -506316380, -1341114264, 1114833418, 1152093397, -1733679058, -2131021710, -680697881, 2084439217, -2024679488, -1447456465, 700805465, 991906690, 1345966226, 657155968, 1266435012, -1966306697, -1897284014, -1949680778, 434583847, 990381004, -1526850504, -1612742889, -1273942824, -1004938028, 331203438, 708879003, 255899559, -528275350, -602893060, -1055518229, 545491069, -1716401999, 668104411, -1118657469, 1040014575, 849662899, -174887798, -1292465169, 1101584562, -613830029, -1577375515, -1628155945, -1033534650, -328196774, -2071947861, 805181138, -1104308479, 181789691, 619245019, 616142335, -1829889111, -1578944343, -1809455754, 1690766750, -793566743, 272894235, -435605656, -1858432929, -792464988, -434569360, -1462931038, -879973635, 65759896, -924335728, -1809287853, 1755148769, -223571158, 2126348076, 48382832, 700217390, 630412299, 183872366, 1059985074, -1806957104, -1641691205, -571335571, 1519174419, 1036004452, -2031220924, -1537104433, 1829930144, -745596364, -8122821, 1366741172, 1548299660, 1674287630, -1535937100, 13148420, 1909659649, 264986155, -9482612, 13005089, -2089205090, -1022498075, -919133986, -884178250, -1422443828, -670014994, -2121027476, 2020100714, 489993, 448544941, -2101462868, -261299595, 1172023232, 1278178828, -607125002, -856420653, -1973993346, 1498690426, -1527464249, -1945110980, 395625896, 1909316592, 569711560, -1686988495, 1763470175, -1488038648, 2113906615, -550734493, 85651275, -1964037955, 428383196, -1949793892, 1136101865, 2018234913, -18391924, 1490911920, -884178653, -1170470833, -1215953411, 1077477957, -1198914825, 1461775709, -643464410, 1900774339, 1272506704, -485246563, 1960476238, -1291404897, -1950041765, 1664549270, 2070856141, 1220790880, 359301071, 278762032, 470519460, -924530092, -1382559966, 904275793, 1298630565, 1186223222, -519179321, 232691476, -1684913851, -750954006, 83641895, 1145800364, -2012790048, 1286776387, 397907126, 1330064451, -1804177550, -1809174739, 174397812, 2043613916, -675937132, 1736146008, -1702973091, -1184968074, 1502601919, 1574223589, 445258174, -1682700158, -351293385, 638217523, 2052700512, 949947357, -1318309340, 616722321, -1406249091, 656868479, -402361508, -1410236246, -1193446467, -1415689986, -1935708161, 1786892787, -2041971395, -1087402833, -1809045590, 658433208, 1208185747, 761624307, 250774884, 12344107, -1415495622, 35166595, -175675851, 912551383, -1432612566, 39258592, -131644514, -1950760957, -1022555983, -1656404229, -731336746, 1106324018, 1962141495, -643270046, 133162019, -2075879543, 945165185, -1572118126, 1746875333, -2129001792, -1739773001, -214169408, 1354535744, -1551292529, 581197485, 1732723533, 1456888538, -1448813142, 13311172, -1569520032, -1527994117, 348164313, 1631149349, -242606674, -1914187326, -1445556762, 211087524, -219150656, -1422672119, -1530754818, -1171388910, -2072752055, -1325148867, 361712075, -1730634595, -340891674, 1407102871, 53870456, -508660256, 2028258487, -815228101, -1694937425, -519178918, 1561178453, -1131671344, 1431320847, 2046578077, -781677303, 1291266200, 848578299, -1972390376, -978314959, -1319727662, 943502520, 1028125135, -175466238, 1195992005, 1920382715, 2108277051, 443703009, 675671268, 263662367, -347572232, 183545411, 1450478273, -1879659704, 1957916785, 1976953110, -1157253172, -1407948598, 
10-19 14:57:45.896 23589 24108 I ReactNativeJS: ' Driver and vehicle details fetched:', { driverName: 'jai',
10-19 14:57:45.896 23589 24108 I ReactNativeJS:   driverRating: 5,
10-19 14:57:45.896 23589 24108 I ReactNativeJS:   vehicle: 
10-19 14:57:45.896 23589 24108 I ReactNativeJS:    { id: '95c87077-b016-49de-a05b-dbfd5e383a1a',
10-19 14:57:45.896 23589 24108 I ReactNativeJS:      make: 'BMW',
10-19 14:57:45.896 23589 24108 I ReactNativeJS:      model: '450ld',
10-19 14:57:45.896 23589 24108 I ReactNativeJS:      color: 'black',
10-19 14:57:45.896 23589 24108 I ReactNativeJS:      registration_number: 'KA 01025896' } }
10-19 14:57:45.898 23589 24108 I ReactNativeJS: ' Ride details fetched for completion:', { id: '9af31e93-dea1-44d0-ba28-80396f18e004',
10-19 14:57:45.898 23589 24108 I ReactNativeJS:   status: 'in_progress',
10-19 14:57:45.898 23589 24108 I ReactNativeJS:   booking_type: 'regular',
10-19 14:57:45.898 23589 24108 I ReactNativeJS:   vehicle_type: 'sedan',
10-19 14:57:45.898 23589 24108 I ReactNativeJS:   pickup: 'PRXJ+F32, Brindavan Nagar, Plot 87, NGGO\'s Colony, Anand Nagar, Hosur, Tamil Nadu 635109, India',
10-19 14:57:45.898 23589 24108 I ReactNativeJS:   destination: 'Anthivadi Stadium, SBM Colony, Anthivadi, Hosur, Tamil Nadu, India' }
10-19 14:57:45.898 23589 24108 I ReactNativeJS:  Stopping GPS tracking and calculating actual distance...
10-19 14:57:45.898 23589 24108 I ReactNativeJS: === STOPPING TRIP GPS TRACKING ===
10-19 14:57:45.898 23589 24108 I ReactNativeJS: 'Trip ID:', '9af31e93-dea1-44d0-ba28-80396f18e004'
10-19 14:57:45.899 23589 24108 I ReactNativeJS:  Trip GPS tracking stopped. Total points recorded: 2
10-19 14:57:45.899 23589 24108 I ReactNativeJS: === CALCULATING TRIP DISTANCE FROM GPS (Google Maps API) ===
10-19 14:57:45.899 23589 24108 I ReactNativeJS: 'Trip ID:', '9af31e93-dea1-44d0-ba28-80396f18e004'
10-19 14:57:46.062 23589 23589 W WindowOnBackDispatcher: sendCancelIfRunning: isInProgress=false callback=android.view.ViewRootImpl$$ExternalSyntheticLambda11@bfc5107
10-19 14:57:46.071 23589 24072 D HWUI    : endAllActiveAnimators on 0xb400007780195e00 (RippleDrawable) with handle 0xb4000077d00b9b30
10-19 14:57:46.088 23589 24062 D BLASTBufferQueue: [VRI[MainActivity]#20](f:0,a:4) destructor()
10-19 14:57:46.088 23589 24062 D BufferQueueConsumer: [VRI[MainActivity]#20(BLAST Consumer)20](id:5c2500000018,api:0,p:-1,c:23589) disconnect
10-19 14:57:46.094 23589 23589 W WindowOnBackDispatcher: OnBackInvokedCallback is not enabled for the application.
10-19 14:57:46.094 23589 23589 W WindowOnBackDispatcher: Set 'android:enableOnBackInvokedCallback="true"' in the application manifest.
10-19 14:57:46.168 21104 21188 W Settings: Setting airplane_mode_on has moved from android.provider.Settings.System to android.provider.Settings.Global, returning read-only value.
10-19 14:57:46.175 21104 25714 W SystemServiceRegistry: No service published for: wifirtt
10-19 14:57:46.197 23589 24108 W ReactNativeJS:  Not enough GPS points for distance calculation
10-19 14:57:46.197 23589 24108 I ReactNativeJS: ' GPS distance result (raw):', { distanceKm: 0, pointsUsed: 0 }
10-19 14:57:46.197 23589 24108 W ReactNativeJS:  GPS tracking insufficient (distance < 0.5km or < 3 points), using Google Maps API...
10-19 14:57:46.197 23589 24108 W ReactNativeJS: ' GPS distance calculation failed, using Google Maps API fallback:', [Error: Insufficient GPS data]
10-19 14:57:46.197 23589 24108 I ReactNativeJS:  Calling Google Maps Directions API...
10-19 14:57:46.197 23589 24108 I ReactNativeJS: ' Origin:', { latitude: 12.7486171, longitude: 77.829857 }
10-19 14:57:46.198 23589 24108 I ReactNativeJS: ' Destination:', { latitude: 12.7112605, longitude: 77.7972197 }
10-19 14:57:46.202 21104 21199 I WifiScanner: onFullResults
10-19 14:57:46.203 21104 21142 I WifiScanner: onFullResults
10-19 14:57:46.203 21104 22617 I WifiScanner: onFullResults
10-19 14:57:46.239 21104 25647 I FrewleTileCacheManagerV: (REDACTED) Fetched %d AP models from cache
10-19 14:57:46.263 21104 21184 I FusedLocation: (REDACTED) location delivery to %s blocked - too fast
10-19 14:57:46.265 21104 21184 I FusedLocation: (REDACTED) location delivery to %s blocked - too close
10-19 14:57:46.265 21104 21184 I FusedLocation: (REDACTED) location delivery to %s blocked - too close
10-19 14:57:46.266 21104 21184 I FusedLocation: (REDACTED) location delivery to %s blocked - too close
10-19 14:57:46.267 21104 21184 I FusedLocation: (REDACTED) location delivery to %s blocked - too fast
10-19 14:57:46.268 21104 21184 I fznc    : Received empty WiFi-RTT scan. [CONTEXT service_id=6 ]
10-19 14:57:46.431 23589 24108 I ReactNativeJS:  Auto-refreshing rides (2-second interval)...
10-19 14:57:46.431 23589 24108 I ReactNativeJS: === LOADING RIDES ===
10-19 14:57:46.431 23589 24108 I ReactNativeJS: 'Driver ID:', '76b66a88-dff9-4965-9e36-8a92023f155d'
10-19 14:57:46.431 23589 24108 I ReactNativeJS: 'Driver User ID:', 'ae53a792-6aed-4186-823d-61c34c6defe2'
10-19 14:57:46.458 23589 24108 I ReactNativeJS:  Loading current ride...
10-19 14:57:46.460 23589 24108 I ReactNativeJS: === RIDES SCREEN STATE DEBUG ===
10-19 14:57:46.460 23589 24108 I ReactNativeJS:  Component state updated:
10-19 14:57:46.460 23589 24108 I ReactNativeJS: '  - Current ride:', { id: '9af31e93-dea1-44d0-ba28-80396f18e004',
10-19 14:57:46.460 23589 24108 I ReactNativeJS:   status: 'in_progress',
10-19 14:57:46.460 23589 24108 I ReactNativeJS:   pickup: 'PRXJ+F32, Brindavan Nagar, Plot 87, NGGO\'s Colony, Anand Nagar, Hosur, Tamil Nadu 635109, India',
10-19 14:57:46.460 23589 24108 I ReactNativeJS:   destination: 'Anthivadi Stadium, SBM Colony, Anthivadi, Hosur, Tamil Nadu, India' }
10-19 14:57:46.460 23589 24108 I ReactNativeJS: '  - Pending rides count:', 0
10-19 14:57:46.461 23589 24108 I ReactNativeJS: '  - Driver status:', 'online'
10-19 14:57:46.461 23589 24108 I ReactNativeJS: '  - Loading:', true
10-19 14:57:46.461 23589 24108 I ReactNativeJS: '  - Error:', null
10-19 14:57:46.461 23589 24108 I ReactNativeJS: '  - Show modal:', false
10-19 14:57:46.461 23589 24108 I ReactNativeJS: '  - Timestamp:', '2025-10-19T09:27:46.461Z'
10-19 14:57:46.461 23589 24108 I ReactNativeJS:  CURRENT RIDE EXISTS - should be visible in UI
10-19 14:57:46.475 23589 24108 I ReactNativeJS:  Found 3 route(s):
10-19 14:57:46.475 23589 24108 I ReactNativeJS:   Route 1: 10.70 km, 27 min
10-19 14:57:46.475 23589 24108 I ReactNativeJS:   Route 2: 12.99 km, 32 min
10-19 14:57:46.475 23589 24108 I ReactNativeJS:   Route 3: 10.48 km, 29 min
10-19 14:57:46.476 23589 24108 I ReactNativeJS: ' Google Maps Directions result (using Route 1):', { distance: '10.70 km',
10-19 14:57:46.476 23589 24108 I ReactNativeJS:   duration: '27 min',
10-19 14:57:46.476 23589 24108 I ReactNativeJS:   distanceMeters: 10697,
10-19 14:57:46.476 23589 24108 I ReactNativeJS:   durationSeconds: 1624,
10-19 14:57:46.476 23589 24108 I ReactNativeJS:   startAddress: 'PRXJ+F32, Brindavan Nagar, Plot 87, NGGO\'s Colony, Anand Nagar, Hosur, Tamil Nadu 635109, India',
10-19 14:57:46.476 23589 24108 I ReactNativeJS:   endAddress: 'PQ6W+GV5, SBM Colony, Anthivadi, Hosur, Tamil Nadu 635109, India' }
10-19 14:57:46.476 23589 24108 I ReactNativeJS: ' Google Maps fallback distance:', { distanceKm: '10.70',
10-19 14:57:46.476 23589 24108 I ReactNativeJS:   durationMinutes: 27,
10-19 14:57:46.476 23589 24108 I ReactNativeJS:   method: 'Google Maps Directions API' }
10-19 14:57:46.476 23589 24108 I ReactNativeJS: ' Trip metrics (Real GPS-tracked distance):', { actualDistanceKm: '10.70',
10-19 14:57:46.476 23589 24108 I ReactNativeJS:   actualDurationMinutes: 27,
10-19 14:57:46.476 23589 24108 I ReactNativeJS:   gpsPointsUsed: 0,
10-19 14:57:46.476 23589 24108 I ReactNativeJS:   pickupLat: 12.7486171,
10-19 14:57:46.476 23589 24108 I ReactNativeJS:   pickupLng: 77.829857,
10-19 14:57:46.476 23589 24108 I ReactNativeJS:   dropLat: 12.7112605,
10-19 14:57:46.476 23589 24108 I ReactNativeJS:   dropLng: 77.7972197,
10-19 14:57:46.476 23589 24108 I ReactNativeJS:   method: 'GPS Breadcrumb Tracking' }
10-19 14:57:46.476 23589 24108 I ReactNativeJS:  About to call FareCalculationService.calculateAndStoreTripFare...
10-19 14:57:46.476 23589 24108 I ReactNativeJS: === CALCULATING TRIP FARE ===
10-19 14:57:46.476 23589 24108 I ReactNativeJS: 'Ride ID:', '9af31e93-dea1-44d0-ba28-80396f18e004'
10-19 14:57:46.476 23589 24108 I ReactNativeJS: 'Actual Distance:', 10.697, 'km'
10-19 14:57:46.476 23589 24108 I ReactNativeJS: 'Actual Duration:', 27, 'minutes'
10-19 14:57:46.490 21104 21184 I FusedLocation: (REDACTED) location delivery to %s blocked - too fast
10-19 14:57:46.490 21104 21184 I FusedLocation: (REDACTED) location delivery to %s blocked - too fast
10-19 14:57:46.490 21104 21184 I FusedLocation: (REDACTED) location delivery to %s blocked - too close
10-19 14:57:46.491 21104 21184 I FusedLocation: (REDACTED) location delivery to %s blocked - too close
10-19 14:57:46.491 21104 21184 I FusedLocation: (REDACTED) location delivery to %s blocked - too fast
10-19 14:57:46.491 21104 21184 I FusedLocation: (REDACTED) location delivery to %s blocked - too close
10-19 14:57:46.491 21104 21184 I FusedLocation: (REDACTED) location delivery to %s blocked - too fast
10-19 14:57:46.493 21104 21184 I FusedLocation: (REDACTED) location delivery to %s blocked - too fast
10-19 14:57:46.759 23589 24108 I ReactNativeJS: ' Current ride loaded:', { id: '9af31e93-dea1-44d0-ba28-80396f18e004',
10-19 14:57:46.759 23589 24108 I ReactNativeJS:   status: 'in_progress',
10-19 14:57:46.759 23589 24108 I ReactNativeJS:   pickup: 'PRXJ+F32, Brindavan Nagar, Plot 87, NGGO\'s Colony, Anand Nagar, Hosur, Tamil Nadu 635109, India',
10-19 14:57:46.759 23589 24108 I ReactNativeJS:   destination: 'Anthivadi Stadium, SBM Colony, Anthivadi, Hosur, Tamil Nadu, India',
10-19 14:57:46.759 23589 24108 I ReactNativeJS:   customer: 
10-19 14:57:46.759 23589 24108 I ReactNativeJS:    { id: '10c9aa9e-6cb4-45e5-b9d3-682bc1a9bd11',
10-19 14:57:46.759 23589 24108 I ReactNativeJS:      full_name: 'Jaishankar',
10-19 14:57:46.759 23589 24108 I ReactNativeJS:      phone_number: null,
10-19 14:57:46.759 23589 24108 I ReactNativeJS:      email: '+919597230958@phone.a1taxi.local' } }
10-19 14:57:46.760 23589 24108 I ReactNativeJS:  Driver has current ride - not loading pending ride requests
10-19 14:57:46.760 23589 24108 I ReactNativeJS: === RIDES SCREEN STATE DEBUG ===
10-19 14:57:46.760 23589 24108 I ReactNativeJS:  Component state updated:
10-19 14:57:46.760 23589 24108 I ReactNativeJS: '  - Current ride:', { id: '9af31e93-dea1-44d0-ba28-80396f18e004',
10-19 14:57:46.760 23589 24108 I ReactNativeJS:   status: 'in_progress',
10-19 14:57:46.760 23589 24108 I ReactNativeJS:   pickup: 'PRXJ+F32, Brindavan Nagar, Plot 87, NGGO\'s Colony, Anand Nagar, Hosur, Tamil Nadu 635109, India',
10-19 14:57:46.760 23589 24108 I ReactNativeJS:   destination: 'Anthivadi Stadium, SBM Colony, Anthivadi, Hosur, Tamil Nadu, India' }
10-19 14:57:46.760 23589 24108 I ReactNativeJS: '  - Pending rides count:', 0
10-19 14:57:46.760 23589 24108 I ReactNativeJS: '  - Driver status:', 'online'
10-19 14:57:46.760 23589 24108 I ReactNativeJS: '  - Loading:', true
10-19 14:57:46.760 23589 24108 I ReactNativeJS: '  - Error:', null
10-19 14:57:46.760 23589 24108 I ReactNativeJS: '  - Show modal:', false
10-19 14:57:46.760 23589 24108 I ReactNativeJS: '  - Timestamp:', '2025-10-19T09:27:46.760Z'
10-19 14:57:46.760 23589 24108 I ReactNativeJS:  CURRENT RIDE EXISTS - should be visible in UI
10-19 14:57:46.760 23589 24108 I ReactNativeJS: === RIDE REQUEST MODAL LOGIC DEBUG ===
10-19 14:57:46.760 23589 24108 I ReactNativeJS:  Checking if should show ride request modal:
10-19 14:57:46.760 23589 24108 I ReactNativeJS: '  - Pending rides:', 0
10-19 14:57:46.761 23589 24108 I ReactNativeJS: '  - Modal already showing:', false
10-19 14:57:46.761 23589 24108 I ReactNativeJS: '  - Driver status:', 'online'
10-19 14:57:46.761 23589 24108 I ReactNativeJS: '  - Has current ride:', true
10-19 14:57:46.761 23589 24108 I ReactNativeJS:  NOT SHOWING MODAL - reasons:
10-19 14:57:46.761 23589 24108 I ReactNativeJS: ' Analysis:', { pendingRidesCount: 0,
10-19 14:57:46.761 23589 24108 I ReactNativeJS:   modalAlreadyShowing: false,
10-19 14:57:46.761 23589 24108 I ReactNativeJS:   driverStatus: 'online',
10-19 14:57:46.761 23589 24108 I ReactNativeJS:   hasCurrentRide: true }
10-19 14:57:46.770 23589 24108 I ReactNativeJS: === RIDES SCREEN STATE DEBUG ===
10-19 14:57:46.770 23589 24108 I ReactNativeJS:  Component state updated:
10-19 14:57:46.770 23589 24108 I ReactNativeJS: '  - Current ride:', { id: '9af31e93-dea1-44d0-ba28-80396f18e004',
10-19 14:57:46.770 23589 24108 I ReactNativeJS:   status: 'in_progress',
10-19 14:57:46.770 23589 24108 I ReactNativeJS:   pickup: 'PRXJ+F32, Brindavan Nagar, Plot 87, NGGO\'s Colony, Anand Nagar, Hosur, Tamil Nadu 635109, India',
10-19 14:57:46.770 23589 24108 I ReactNativeJS:   destination: 'Anthivadi Stadium, SBM Colony, Anthivadi, Hosur, Tamil Nadu, India' }
10-19 14:57:46.770 23589 24108 I ReactNativeJS: '  - Pending rides count:', 0
10-19 14:57:46.770 23589 24108 I ReactNativeJS: '  - Driver status:', 'online'
10-19 14:57:46.770 23589 24108 I ReactNativeJS: '  - Loading:', true
10-19 14:57:46.770 23589 24108 I ReactNativeJS: '  - Error:', null
10-19 14:57:46.770 23589 24108 I ReactNativeJS: '  - Show modal:', false
10-19 14:57:46.770 23589 24108 I ReactNativeJS: '  - Timestamp:', '2025-10-19T09:27:46.770Z'
10-19 14:57:46.770 23589 24108 I ReactNativeJS:  CURRENT RIDE EXISTS - should be visible in UI
10-19 14:57:46.770 23589 24108 I ReactNativeJS: === RIDE REQUEST MODAL LOGIC DEBUG ===
10-19 14:57:46.770 23589 24108 I ReactNativeJS:  Checking if should show ride request modal:
10-19 14:57:46.770 23589 24108 I ReactNativeJS: '  - Pending rides:', 0
10-19 14:57:46.770 23589 24108 I ReactNativeJS: '  - Modal already showing:', false
10-19 14:57:46.770 23589 24108 I ReactNativeJS: '  - Driver status:', 'online'
10-19 14:57:46.770 23589 24108 I ReactNativeJS: '  - Has current ride:', true
10-19 14:57:46.770 23589 24108 I ReactNativeJS:  NOT SHOWING MODAL - reasons:
10-19 14:57:46.770 23589 24108 I ReactNativeJS: ' Analysis:', { pendingRidesCount: 0,
10-19 14:57:46.770 23589 24108 I ReactNativeJS:   modalAlreadyShowing: false,
10-19 14:57:46.770 23589 24108 I ReactNativeJS:   driverStatus: 'online',
10-19 14:57:46.770 23589 24108 I ReactNativeJS:   hasCurrentRide: true }
10-19 14:57:46.780 23589 24108 I ReactNativeJS: === RIDES SCREEN STATE DEBUG ===
10-19 14:57:46.780 23589 24108 I ReactNativeJS:  Component state updated:
10-19 14:57:46.780 23589 24108 I ReactNativeJS: '  - Current ride:', { id: '9af31e93-dea1-44d0-ba28-80396f18e004',
10-19 14:57:46.780 23589 24108 I ReactNativeJS:   status: 'in_progress',
10-19 14:57:46.780 23589 24108 I ReactNativeJS:   pickup: 'PRXJ+F32, Brindavan Nagar, Plot 87, NGGO\'s Colony, Anand Nagar, Hosur, Tamil Nadu 635109, India',
10-19 14:57:46.780 23589 24108 I ReactNativeJS:   destination: 'Anthivadi Stadium, SBM Colony, Anthivadi, Hosur, Tamil Nadu, India' }
10-19 14:57:46.780 23589 24108 I ReactNativeJS: '  - Pending rides count:', 0
10-19 14:57:46.780 23589 24108 I ReactNativeJS: '  - Driver status:', 'online'
10-19 14:57:46.780 23589 24108 I ReactNativeJS: '  - Loading:', false
10-19 14:57:46.780 23589 24108 I ReactNativeJS: '  - Error:', null
10-19 14:57:46.780 23589 24108 I ReactNativeJS: '  - Show modal:', false
10-19 14:57:46.780 23589 24108 I ReactNativeJS: '  - Timestamp:', '2025-10-19T09:27:46.780Z'
10-19 14:57:46.780 23589 24108 I ReactNativeJS:  CURRENT RIDE EXISTS - should be visible in UI
10-19 14:57:46.823 23589 24108 I ReactNativeJS: 'Ride details:', { booking_type: 'regular',
10-19 14:57:46.823 23589 24108 I ReactNativeJS:   vehicle_type: 'sedan',
10-19 14:57:46.823 23589 24108 I ReactNativeJS:   scheduled_time: null,
10-19 14:57:46.823 23589 24108 I ReactNativeJS:   trip_type: 'round_trip' }
10-19 14:57:46.823 23589 24108 I ReactNativeJS:  Fetching zones from database...
10-19 14:57:46.913 23589 23589 W WindowOnBackDispatcher: sendCancelIfRunning: isInProgress=false callback=android.view.ViewRootImpl$$ExternalSyntheticLambda11@776c9a5
10-19 14:57:46.919 23589 24072 D HWUI    : endAllActiveAnimators on 0xb400007780152480 (RippleDrawable) with handle 0xb4000077d00bdc70
10-19 14:57:46.928 23589 23589 W WindowOnBackDispatcher: OnBackInvokedCallback is not enabled for the application.
10-19 14:57:46.928 23589 23589 W WindowOnBackDispatcher: Set 'android:enableOnBackInvokedCallback="true"' in the application manifest.
10-19 14:57:46.932 23589 24061 D BLASTBufferQueue: [VRI[MainActivity]#19](f:0,a:4) destructor()
10-19 14:57:46.933 23589 24061 D BufferQueueConsumer: [VRI[MainActivity]#19(BLAST Consumer)19](id:5c2500000017,api:0,p:-1,c:23589) disconnect
10-19 14:57:46.963 23589 23589 V ImeFocusController: onWindowFocus: com.android.internal.policy.DecorView{e311d29 V.E...... R......D 0,0-1080,2392 aid=0}[MainActivity] softInputMode=STATE_UNSPECIFIED|ADJUST_RESIZE
10-19 14:57:46.967  5589  5589 I GoogleInputMethodService: GoogleInputMethodService.onFinishInput():2085 
10-19 14:57:46.968  5589  5589 I Module  : DeviceLockedStatusModuleProvider$Module.updateDeviceLockedStatus():100 repeatCheckTimes = 0, locked = false
10-19 14:57:46.970  5589  5589 I GoogleInputMethodService: GoogleInputMethodService.onStartInput():1346 onStartInput(EditorInfo{EditorInfo{packageName=com.a1taxi.driverpro, inputType=0, inputTypeString=NULL, enableLearning=false, autoCorrection=false, autoComplete=false, imeOptions=0, privateImeOptions=null, actionName=UNSPECIFIED, actionLabel=null, initialSelStart=-1, initialSelEnd=-1, initialCapsMode=0, label=null, fieldId=0, fieldName=null, extras=null, hintText=null, hintLocales=[]}}, false)
10-19 14:57:46.971  5589  5589 I Module  : DeviceLockedStatusModuleProvider$Module.updateDeviceLockedStatus():100 repeatCheckTimes = 1, locked = false
10-19 14:57:47.221 23589 24108 I ReactNativeJS: ' Zones fetched:', 2
10-19 14:57:47.221 23589 24108 I ReactNativeJS: Zone: Inner Ring - Center: 12.73913777, 77.82861132 - Radius: 7.74km
10-19 14:57:47.221 23589 24108 I ReactNativeJS: Zone: Outer Ring - Center: 12.73813315, 77.82916922 - Radius: 13.16km
10-19 14:57:47.221 23589 24108 I ReactNativeJS: === CALCULATING REGULAR FARE ===
10-19 14:57:47.221 23589 24108 I ReactNativeJS: 'Vehicle Type:', 'sedan'
10-19 14:57:47.221 23589 24108 I ReactNativeJS: 'Actual Distance:', 10.697, 'km'
10-19 14:57:47.221 23589 24108 I ReactNativeJS: 'Actual Duration:', 27, 'minutes'
10-19 14:57:47.225 23589 24108 I ReactNativeJS: 'Zones parameter received:', { isArray: true,
10-19 14:57:47.225 23589 24108 I ReactNativeJS:   length: 2,
10-19 14:57:47.225 23589 24108 I ReactNativeJS:   zones: 
10-19 14:57:47.225 23589 24108 I ReactNativeJS:    [ { id: '227fb7d8-2e9a-439b-b315-a28619795daa',
10-19 14:57:47.225 23589 24108 I ReactNativeJS:        name: 'Inner Ring',
10-19 14:57:47.225 23589 24108 I ReactNativeJS:        city: 'Hosur',
10-19 14:57:47.225 23589 24108 I ReactNativeJS:        state: 'Tamil Nadu',
10-19 14:57:47.225 23589 24108 I ReactNativeJS:        coordinates: 
10-19 14:57:47.225 23589 24108 I ReactNativeJS:         { type: 'circle',
10-19 14:57:47.225 23589 24108 I ReactNativeJS:           center: { lat: 12.739137771576607, lng: 77.82861131744386 },
10-19 14:57:47.225 23589 24108 I ReactNativeJS:           radius: 7740.280633057722 },
10-19 14:57:47.225 23589 24108 I ReactNativeJS:        center_latitude: 12.73913777,
10-19 14:57:47.225 23589 24108 I ReactNativeJS:        center_longitude: 77.82861132,
10-19 14:57:47.225 23589 24108 I ReactNativeJS:        radius_km: 7.74,
10-19 14:57:47.225 23589 24108 I ReactNativeJS:        base_fare: 50,
10-19 14:57:47.225 23589 24108 I ReactNativeJS:        per_km_rate: 12,
10-19 14:57:47.225 23589 24108 I ReactNativeJS:        surge_multiplier: 1,
10-19 14:57:47.225 23589 24108 I ReactNativeJS:        is_active: true,
10-19 14:57:47.225 23589 24108 I ReactNativeJS:        created_at: '2025-10-14T06:53:07.902747+00:00',
10-19 14:57:47.225 23589 24108 I ReactNativeJS:        updated_at: '2025-10-14T06:53:07.902747+00:00' },
10-19 14:57:47.225 23589 24108 I ReactNativeJS:      { id: '743ead3b-5e3c-4812-9bd7-d056934e7ad5',
10-19 14:57:47.225 23589 24108 I ReactNativeJS:        name: 'Outer Ring',
10-19 14:57:47.225 23589 24108 I ReactNativeJS:        city: 'Hosur',
10-19 14:57:47.225 23589 24108 I ReactNativeJS:        state: 'Tamil Nadu',
10-19 14:57:47.225 23589 24108 I ReactNativeJS:        coordinates: 
10-19 14:57:47.225 23589 24108 I ReactNativeJS:         { type: 'circle',
10-19 14:57:47.225 23589 24108 I ReactNativeJS:           center: { lat: 12.738133154875067, lng: 77.82916921691896 },
10-19 14:57:47.225 23589 24108 I ReactNativeJS:           radius: 13156.583388351022 },
10-19 14:57:47.225 23589 24108 I ReactNativeJS:        center_latitude: 12.73813315,
10-19 14:57:47.225 23589 24108 I ReactNativeJS:        center_longitude: 77.82916922,
10-19 14:57:47.225 23589 24108 I ReactNativeJS:        radius_km: 13.16,
10-19 14:57:47.225 23589 24108 I ReactNativeJS:        base_fare: 50,
10-19 14:57:47.225 23589 24108 I ReactNativeJS:        per_km_rate: 12,
10-19 14:57:47.225 23589 24108 I ReactNativeJS:        surge_multiplier: 1,
10-19 14:57:47.225 23589 24108 I ReactNativeJS:        is_active: true,
10-19 14:57:47.225 23589 24108 I ReactNativeJS:        created_at: '2025-10-14T06:53:40.388587+00:00',
10-19 14:57:47.225 23589 24108 I ReactNativeJS:        updated_at: '2025-10-14T06:53:40.388587+00:00' } ] }
10-19 14:57:47.225 23589 24108 I ReactNativeJS: === FARE MATRIX QUERY DEBUG ===
10-19 14:57:47.225 23589 24108 I ReactNativeJS: Searching for fare matrix with:
10-19 14:57:47.225 23589 24108 I ReactNativeJS: '- booking_type:', 'regular'
10-19 14:57:47.225 23589 24108 I ReactNativeJS: '- vehicle_type:', 'sedan'
10-19 14:57:47.225 23589 24108 I ReactNativeJS: '- is_active:', true
10-19 14:57:47.225 23589 24108 I ReactNativeJS:  Fetching fare matrix for regular rides...
10-19 14:57:47.225 23589 24108 I ReactNativeJS: === DEBUGGING: FETCHING ALL FARE MATRIX RECORDS ===
10-19 14:57:47.515 23589 24108 I ReactNativeJS:  ALL ACTIVE FARE MATRIX RECORDS:
10-19 14:57:47.515 23589 24108 I ReactNativeJS: Total records: 0
10-19 14:57:47.515 23589 24108 I ReactNativeJS:  Now fetching specific record for regular + hatchback...
10-19 14:57:47.698  5720 14136 D SQLiteQueryBuilder: SELECT _id, _data, _size, date_modified, bucket_id, orientation, datetaken FROM images WHERE ((((is_pending=0 AND NOT _modifier=4) OR (is_pending=1 AND lower(_data) NOT REGEXP '.*/\.pending-(\d+)-([^/]+)$' AND owner_package_name IN ( 'com.vivo.gallery' , 'com.vivo.widget.gallery' )))) AND (is_trashed=0) AND (volume_name IN ( 'external_primary' ))) AND (( bucket_id IN ( -1212198981, -1695567127, -53910322, -2140495773, 606811175, 1251957395, 1115488879, 1092149518, 390907738, -1694063856, -803954635, -1690180765, -1816304744, 911081060, -1291404494, -1285319851, -651554454, 151630153, 543621159, -2002206485, 73761835, -1760112825, -71543827, -302991967, -1227671927, -156420408, -1516374533, 1829735780, -1450708494, -506316380, -1341114264, 1114833418, 1152093397, -1733679058, -2131021710, -680697881, 2084439217, -2024679488, -1447456465, 700805465, 991906690, 1345966226, 657155968, 1266435012, -1966306697, -1897284014, -1949680778, 434583847, 990381004, -1526850504, -1612742889, -1273942824, -1004938028, 331203438, 708879003, 255899559, -528275350, -602893060, -1055518229, 545491069, -1716401999, 668104411, -1118657469, 1040014575, 849662899, -174887798, -1292465169, 1101584562, -613830029, -1577375515, -1628155945, -1033534650, -328196774, -2071947861, 805181138, -1104308479, 181789691, 619245019, 616142335, -1829889111, -1578944343, -1809455754, 1690766750, -793566743, 272894235, -435605656, -1858432929, -792464988, -434569360, -1462931038, -879973635, 65759896, -924335728, -1809287853, 1755148769, -223571158, 2126348076, 48382832, 700217390, 630412299, 183872366, 1059985074, -1806957104, -1641691205, -571335571, 1519174419, 1036004452, -2031220924, -1537104433, 1829930144, -745596364, -8122821, 1366741172, 1548299660, 1674287630, -1535937100, 13148420, 1909659649, 264986155, -9482612, 13005089, -2089205090, -1022498075, -919133986, -884178250, -1422443828, -670014994, -2121027476, 2020100714, 489993, 448544941, -2101462868, -261299595, 1172023232, 1278178828, -607125002, -856420653, -1973993346, 1498690426, -1527464249, -1945110980, 395625896, 1909316592, 569711560, -1686988495, 1763470175, -1488038648, 2113906615, -550734493, 85651275, -1964037955, 428383196, -1949793892, 1136101865, 2018234913, -18391924, 1490911920, -884178653, -1170470833, -1215953411, 1077477957, -1198914825, 1461775709, -643464410, 1900774339, 1272506704, -485246563, 1960476238, -1291404897, -1950041765, 1664549270, 2070856141, 1220790880, 359301071, 278762032, 470519460, -924530092, -1382559966, 904275793, 1298630565, 1186223222, -519179321, 232691476, -1684913851, -750954006, 83641895, 1145800364, -2012790048, 1286776387, 397907126, 1330064451, -1804177550, -1809174739, 174397812, 2043613916, -675937132, 1736146008, -1702973091, -1184968074, 1502601919, 1574223589, 445258174, -1682700158, -351293385, 638217523, 2052700512, 949947357, -1318309340, 616722321, -1406249091, 656868479, -402361508, -1410236246, -1193446467, -1415689986, -1935708161, 1786892787, -2041971395, -1087402833, -1809045590, 658433208, 1208185747, 761624307, 250774884, 12344107, -1415495622, 35166595, -175675851, 912551383, -1432612566, 39258592, -131644514, -1950760957, -1022555983, -1656404229, -731336746, 1106324018, 1962141495, -643270046, 133162019, -2075879543, 945165185, -1572118126, 1746875333, -2129001792, -1739773001, -214169408, 1354535744, -1551292529, 581197485, 1732723533, 1456888538, -1448813142, 13311172, -1569520032, -1527994117, 348164313, 1631149349, -242606674, -1914187326, -1445556762, 211087524, -219150656, -1422672119, -1530754818, -1171388910, -2072752055, -1325148867, 361712075, -1730634595, -340891674, 1407102871, 53870456, -508660256, 2028258487, -815228101, -1694937425, -519178918, 1561178453, -1131671344, 1431320847, 2046578077, -781677303, 1291266200, 848578299, -1972390376, -978314959, -1319727662, 943502520, 1028125135, -175466238, 1195992005, 1920382715, 2108277051, 443703009, 675671268, 263662367, -347572232, 183545411, 1450478273, -1879659704, 1957916785, 1976953110, -1157253172, -1407948598, 
10-19 14:57:47.821 23589 24108 I ReactNativeJS: === SPECIFIC QUERY RESULT ===
10-19 14:57:47.821 23589 24108 I ReactNativeJS: 'Query error:', null
10-19 14:57:47.821 23589 24108 I ReactNativeJS: 'Query result:', []
10-19 14:57:47.822 23589 24108 I ReactNativeJS: 'Number of records found:', 0
10-19 14:57:47.822 23589 24108 E ReactNativeJS: ' No fare matrix found for:', { booking_type: 'regular', vehicle_type: 'sedan' }
10-19 14:57:47.824 23589 24108 E ReactNativeJS: 'Exception calculating trip fare:', [Error: Fare configuration not found for this vehicle type]
10-19 14:57:47.827 23589 24108 I ReactNativeJS: ' FareCalculationService result:', { success: false,
10-19 14:57:47.827 23589 24108 I ReactNativeJS:   error: 'Fare configuration not found for this vehicle type' }
10-19 14:57:47.827 23589 24108 E ReactNativeJS: ' Fare calculation failed:', 'Fare configuration not found for this vehicle type'
10-19 14:57:47.834 23589 24109 E unknown:ReactNative: console.error:  No fare matrix found for: {"booking_type":"regular","vehicle_type":"sedan"}, js engine: hermes, stack:
10-19 14:57:47.834 23589 24109 E unknown:ReactNative: _construct@1:117842
10-19 14:57:47.834 23589 24109 E unknown:ReactNative: Wrapper@1:117496
10-19 14:57:47.834 23589 24109 E unknown:ReactNative: _callSuper@1:115478
10-19 14:57:47.834 23589 24109 E unknown:ReactNative: SyntheticError@1:116983
10-19 14:57:47.834 23589 24109 E unknown:ReactNative: reactConsoleErrorHandler@1:116629
