--------- beginning of main
10-20 00:55:55.199 21104 21188 W Settings: Setting airplane_mode_on has moved from android.provider.Settings.System to android.provider.Settings.Global, returning read-only value.
10-20 00:55:55.205 21104 22307 W SystemServiceRegistry: No service published for: wifirtt
10-20 00:55:55.222 21104 22617 I WifiScanner: onFullResults
10-20 00:55:55.224 21104 21118 I WifiScanner: onFullResults
10-20 00:55:55.226 21104 23957 I WifiScanner: onFullResults
10-20 00:55:55.271 21104 22018 I FrewleTileCacheManagerV: (REDACTED) Fetched %d AP models from cache
10-20 00:55:55.318 21104 21184 I FusedLocation: (REDACTED) location delivery to %s blocked - too close
10-20 00:55:55.319 21104 21184 I FusedLocation: (REDACTED) location delivery to %s blocked - too close
10-20 00:55:55.320 21104 21184 I FusedLocation: (REDACTED) location delivery to %s blocked - too close
10-20 00:55:55.321 21104 21184 I FusedLocation: (REDACTED) location delivery to %s blocked - too close
10-20 00:55:55.321 21104 21184 I FusedLocation: (REDACTED) location delivery to %s blocked - too close
10-20 00:55:55.322 21104 21184 I FusedLocation: (REDACTED) location delivery to %s blocked - too fast
10-20 00:55:55.324 21104 21184 I FusedLocation: (REDACTED) location delivery to %s blocked - too close
10-20 00:55:55.325 21104 21184 I FusedLocation: (REDACTED) location delivery to %s blocked - too fast
10-20 00:55:55.325 21104 21184 I FusedLocation: (REDACTED) location delivery to %s blocked - too fast
10-20 00:55:55.327 21104 21184 I fznc    : Received empty WiFi-RTT scan. [CONTEXT service_id=6 ]
10-20 00:55:57.292 21163 21163 D BoundBrokerSvc: onUnbind: Intent { act=com.google.android.gms.common.BIND_SHARED_PREFS pkg=com.google.android.gms }
10-20 00:55:57.523 21104 21184 I FusedLocation: (REDACTED) location delivery to %s blocked - too close
10-20 00:55:57.524 21104 21184 I FusedLocation: (REDACTED) location delivery to %s blocked - too fast
10-20 00:55:57.525 15711 19686 I ReactNativeJS: '📍 5-second location watch update:', { altitude: 772.5999755859375,
10-20 00:55:57.525 15711 19686 I ReactNativeJS:   heading: 0,
10-20 00:55:57.525 15711 19686 I ReactNativeJS:   altitudeAccuracy: 1.2105991840362549,
10-20 00:55:57.525 15711 19686 I ReactNativeJS:   latitude: 12.7486053,
10-20 00:55:57.525 15711 19686 I ReactNativeJS:   speed: 0.01444263570010662,
10-20 00:55:57.525 15711 19686 I ReactNativeJS:   longitude: 77.8300254,
10-20 00:55:57.525 15711 19686 I ReactNativeJS:   accuracy: 4.386000156402588 }
10-20 00:55:57.525 21104 21184 I FusedLocation: (REDACTED) location delivery to %s blocked - too close
10-20 00:55:57.528 15711 19686 I ReactNativeJS: '📍 5-second location watch update:', { altitude: 772.5999755859375,
10-20 00:55:57.528 15711 19686 I ReactNativeJS:   heading: 0,
10-20 00:55:57.528 15711 19686 I ReactNativeJS:   altitudeAccuracy: 1.2105991840362549,
10-20 00:55:57.528 15711 19686 I ReactNativeJS:   latitude: 12.7486053,
10-20 00:55:57.528 15711 19686 I ReactNativeJS:   speed: 0.01444263570010662,
10-20 00:55:57.528 15711 19686 I ReactNativeJS:   longitude: 77.8300254,
10-20 00:55:57.528 15711 19686 I ReactNativeJS:   accuracy: 4.386000156402588 }
10-20 00:55:57.530 15711 19686 I ReactNativeJS: '📍 5-second location watch update:', { altitude: 772.5999755859375,
10-20 00:55:57.530 15711 19686 I ReactNativeJS:   heading: 0,
10-20 00:55:57.530 15711 19686 I ReactNativeJS:   altitudeAccuracy: 1.2105991840362549,
10-20 00:55:57.530 15711 19686 I ReactNativeJS:   latitude: 12.7486053,
10-20 00:55:57.530 15711 19686 I ReactNativeJS:   speed: 0.01444263570010662,
10-20 00:55:57.530 15711 19686 I ReactNativeJS:   longitude: 77.8300254,
10-20 00:55:57.530 15711 19686 I ReactNativeJS:   accuracy: 4.386000156402588 }
10-20 00:55:57.535 15711 15711 I TaskService: Handling intent with task name 'background-location-task' and app scoping identifier 'com.a1taxi.driverpro'.
10-20 00:55:57.537 15711 15711 W JobInfo : Job 'com.a1taxi.driverpro/expo.modules.taskManager.TaskJobService#0' has a deadline with no functional constraints. The deadline won't improve job execution latency. Consider removing the deadline.
10-20 00:55:57.543 15711 15711 I TaskService: Handling job with task name 'background-location-task' for app with scoping identifier 'com.a1taxi.driverpro'.
10-20 00:55:57.545 15711 19686 I ReactNativeJS: '📍 Background location update:', [ { timestamp: 1760901957437,
10-20 00:55:57.545 15711 19686 I ReactNativeJS:     mocked: false,
10-20 00:55:57.545 15711 19686 I ReactNativeJS:     coords: 
10-20 00:55:57.545 15711 19686 I ReactNativeJS:      { altitude: 772.5999755859375,
10-20 00:55:57.545 15711 19686 I ReactNativeJS:        heading: 0,
10-20 00:55:57.545 15711 19686 I ReactNativeJS:        altitudeAccuracy: 1.2105991840362549,
10-20 00:55:57.545 15711 19686 I ReactNativeJS:        latitude: 12.7486053,
10-20 00:55:57.545 15711 19686 I ReactNativeJS:        speed: 0.01444263570010662,
10-20 00:55:57.545 15711 19686 I ReactNativeJS:        longitude: 77.8300254,
10-20 00:55:57.545 15711 19686 I ReactNativeJS:        accuracy: 4.386000156402588 } } ]
10-20 00:55:57.551 15711 19686 I ReactNativeJS: 📤 Background location update via RPC...
10-20 00:55:57.551 15711 19686 E ReactNativeJS: ❌ Supabase credentials not configured
10-20 00:55:57.554 15711 19676 I TaskService: Finished task 'background-location-task' with eventId '421e9cfe-4364-4e7e-996b-3380193ce8fb'.
10-20 00:55:57.558 15711 19687 E unknown:ReactNative: console.error: ❌ Supabase credentials not configured, js engine: hermes, stack:
10-20 00:55:57.558 15711 19687 E unknown:ReactNative: _construct@1:117842
10-20 00:55:57.558 15711 19687 E unknown:ReactNative: Wrapper@1:117496
10-20 00:55:57.558 15711 19687 E unknown:ReactNative: _callSuper@1:115478
10-20 00:55:57.558 15711 19687 E unknown:ReactNative: SyntheticError@1:116983
10-20 00:55:57.558 15711 19687 E unknown:ReactNative: reactConsoleErrorHandler@1:116629
10-20 00:55:57.558 15711 19687 E unknown:ReactNative: ?anon_0_@1:1972482
10-20 00:55:57.558 15711 19687 E unknown:ReactNative: asyncGeneratorStep@1:573256
10-20 00:55:57.558 15711 19687 E unknown:ReactNative: _next@1:573513
10-20 00:55:57.558 15711 19687 E unknown:ReactNative: anonymous@1:136226
10-20 00:55:57.558 15711 19687 E unknown:ReactNative: _callTimer@1:135225
10-20 00:55:57.558 15711 19687 E unknown:ReactNative: _callReactNativeMicrotasksPass@1:135369
10-20 00:55:57.558 15711 19687 E unknown:ReactNative: callReactNativeMicrotasks@1:137289
10-20 00:55:57.558 15711 19687 E unknown:ReactNative: __callReactNativeMicrotasks@1:101038
10-20 00:55:57.558 15711 19687 E unknown:ReactNative: anonymous@1:100174
10-20 00:55:57.558 15711 19687 E unknown:ReactNative: __guard@1:100912
10-20 00:55:57.558 15711 19687 E unknown:ReactNative: flushedQueue@1:100085
10-20 00:55:57.558 15711 19687 E unknown:ReactNative: invokeCallbackAndReturnFlushedQueue@1:100028
10-20 00:55:57.585 21104 22307 I TFLite-in-PlayServices: Created interpreter.
10-20 00:55:57.608 21104 22307 I TFLite-in-PlayServices: Created interpreter.
10-20 00:55:57.633 21104 22307 I SemanticLocation: (REDACTED) [Inferrer] %s%s
10-20 00:55:57.821 15711 19686 I ReactNativeJS: === SENDING LOCATION TO EDGE FUNCTION ===
10-20 00:55:57.822 15711 19686 I ReactNativeJS: 'Driver User ID:', '539b06c9-4e24-49a4-b307-3fb3f9dc39da'
10-20 00:55:57.822 15711 19686 I ReactNativeJS: 'Location:', { latitude: 12.7486053,
10-20 00:55:57.822 15711 19686 I ReactNativeJS:   longitude: 77.8300254,
10-20 00:55:57.822 15711 19686 I ReactNativeJS:   accuracy: 4.386000156402588 }
10-20 00:55:57.822 15711 19686 I ReactNativeJS: 📤 Updating location via RPC...
10-20 00:55:58.060 15711 19686 I ReactNativeJS: '✅ Location', 'updated', 'successfully via RPC'
10-20 00:55:58.082 15711 19686 I ReactNativeJS: === SENDING LOCATION TO EDGE FUNCTION ===
10-20 00:55:58.082 15711 19686 I ReactNativeJS: 'Driver User ID:', '539b06c9-4e24-49a4-b307-3fb3f9dc39da'
10-20 00:55:58.083 15711 19686 I ReactNativeJS: 'Location:', { latitude: 12.7486053,
10-20 00:55:58.083 15711 19686 I ReactNativeJS:   longitude: 77.8300254,
10-20 00:55:58.083 15711 19686 I ReactNativeJS:   accuracy: 4.386000156402588 }
10-20 00:55:58.083 15711 19686 I ReactNativeJS: 📤 Updating location via RPC...
10-20 00:55:58.160 15711 19686 I ReactNativeJS: === SENDING LOCATION TO EDGE FUNCTION ===
10-20 00:55:58.161 15711 19686 I ReactNativeJS: 'Driver User ID:', '6c03a657-c3e4-466e-b49c-324c2d051ce9'
10-20 00:55:58.162 15711 19686 I ReactNativeJS: 'Location:', { latitude: 12.7486053,
10-20 00:55:58.162 15711 19686 I ReactNativeJS:   longitude: 77.8300254,
10-20 00:55:58.162 15711 19686 I ReactNativeJS:   accuracy: 4.386000156402588 }
10-20 00:55:58.162 15711 19686 I ReactNativeJS: 📤 Updating location via RPC...
10-20 00:55:58.319 15711 19686 I ReactNativeJS: '✅ Location', 'updated', 'successfully via RPC'
10-20 00:55:58.439 15711 19686 I ReactNativeJS: '✅ Location', 'updated', 'successfully via RPC'
10-20 00:55:58.582 10567 10567 I bnft    : (REDACTED) onApplyWindowInsets: systemWindowInsets=%s
10-20 00:55:58.582 10567 10567 I bnft    : (REDACTED) onApplyWindowInsets: systemWindowInsets=%s
10-20 00:55:59.598 10567 10567 I bnft    : (REDACTED) onApplyWindowInsets: systemWindowInsets=%s
10-20 00:55:59.598 10567 10567 I bnft    : (REDACTED) onApplyWindowInsets: systemWindowInsets=%s
10-20 00:56:00.221 21104 21188 W Settings: Setting airplane_mode_on has moved from android.provider.Settings.System to android.provider.Settings.Global, returning read-only value.
10-20 00:56:00.223 21104 22307 W SystemServiceRegistry: No service published for: wifirtt
10-20 00:56:00.717 21104 22617 I WifiScanner: onFullResults
10-20 00:56:00.717 21104 21118 I WifiScanner: onFullResults
10-20 00:56:00.719 21104 23957 I WifiScanner: onFullResults
10-20 00:56:00.725 21104 22307 I FrewleTileCacheManagerV: (REDACTED) Fetched %d AP models from cache
10-20 00:56:00.752 21104 21184 I FusedLocation: (REDACTED) location delivery to %s blocked - too fast
10-20 00:56:00.752 21104 21184 I FusedLocation: (REDACTED) location delivery to %s blocked - too fast
10-20 00:56:00.753 21104 21184 I FusedLocation: (REDACTED) location delivery to %s blocked - too fast
10-20 00:56:00.754 21104 21184 I FusedLocation: (REDACTED) location delivery to %s blocked - too close
10-20 00:56:00.754 21104 21184 I FusedLocation: (REDACTED) location delivery to %s blocked - too fast
10-20 00:56:00.754 21104 21184 I FusedLocation: (REDACTED) location delivery to %s blocked - too fast
10-20 00:56:00.756 21104 21184 I FusedLocation: (REDACTED) location delivery to %s blocked - too close
10-20 00:56:00.757 21104 21184 I FusedLocation: (REDACTED) location delivery to %s blocked - too fast
10-20 00:56:00.758 21104 21184 I FusedLocation: (REDACTED) location delivery to %s blocked - too fast
10-20 00:56:00.759 21104 21184 I fznc    : Received empty WiFi-RTT scan. [CONTEXT service_id=6 ]
10-20 00:56:00.832 19723 19723 I .a1taxicustomer: Using CollectorTypeCC GC.
10-20 00:56:00.836 19723 19723 E .a1taxicustomer: Not starting debugger since process cannot load the jdwp agent.
10-20 00:56:00.839 19723 19723 D nativeloader: Load libframework-connectivity-tiramisu-jni.so using APEX ns com_android_tethering for caller /apex/com.android.tethering/javalib/framework-connectivity-t.jar: ok
10-20 00:56:00.848 19723 19723 E .a1taxicustomer: BBinder_init Processname  <pre-initialized>  
10-20 00:56:00.849 19723 19723 E .a1taxicustomer: BBinder_init hasGetProcessName  <pre-initialized>
10-20 00:56:00.878 19723 19723 D ApplicationLoaders: Returning zygote-cached class loader: /system/framework/org.apache.http.legacy.jar
10-20 00:56:00.883 19723 19723 D nativeloader: InitLlndkLibrariesVendor: libEGL.so:libGLESv1_CM.so:libGLESv2.so:libGLESv3.so:libRS.so:libandroid_net.so:libbinder_ndk.so:libc.so:libcgrouprc.so:libclang_rt.asan-aarch64-android.so:libclang_rt.asan-arm-android.so:libclang_rt.hwasan-aarch64-android.so:libcom.android.tethering.connectivity_native.so:libdl.so:libft2.so:liblog.so:libm.so:libmediandk.so:libnativewindow.so:libneuralnetworks.so:libselinux.so:libsync.so:libvndksupport.so:libvulkan.so
10-20 00:56:00.883 19723 19723 D nativeloader: Configuring vendor-clns-7 for unbundled vendor apk /vendor/framework/androidx.camera.extensions.impl.dummy.jar. target_sdk_version=35, uses_libraries=ALL, library_path=/data/app/~~cbG-YjOP44jOlX9mg9SGEg==/com.a1taxi.a1taxicustomer-61J6uCEzulrUn2jS9vZfNA==/lib/arm64:/data/app/~~cbG-YjOP44jOlX9mg9SGEg==/com.a1taxi.a1taxicustomer-61J6uCEzulrUn2jS9vZfNA==/base.apk!/lib/arm64-v8a:/vendor/lib64, permitted_path=/data:/mnt/expand:/data/user/0/com.a1taxi.a1taxicustomer:/vendor/lib64
10-20 00:56:00.884 19723 19723 D nativeloader: InitVndkspLibrariesVendor: android.hardware.common-V2-ndk.so:android.hardware.common.fmq-V1-ndk.so:android.hardware.graphics.allocator-V2-ndk.so:android.hardware.graphics.common-V4-ndk.so:android.hardware.graphics.common@1.0.so:android.hardware.graphics.common@1.1.so:android.hardware.graphics.common@1.2.so:android.hardware.graphics.composer3-V1-ndk.so:android.hardware.graphics.mapper@2.0.so:android.hardware.graphics.mapper@2.1.so:android.hardware.graphics.mapper@3.0.so:android.hardware.graphics.mapper@4.0.so:android.hardware.renderscript@1.0.so:android.hidl.memory.token@1.0.so:android.hidl.memory@1.0-impl.so:android.hidl.memory@1.0.so:android.hidl.safe_union@1.0.so:libRSCpuRef.so:libRSDriver.so:libRS_internal.so:libbase.so:libbcinfo.so:libblas.so:libc++.so:libcompiler_rt.so:libcutils.so:libdmabufheap.so:libgralloctypes.so:libhardware.so:libhidlbase.so:libhidlmemory.so:libion.so:libjsoncpp.so:liblzma.so:libprocessgroup.so:libunwindstack.so:libutils.so:libutilscallstack.so:libz.so
10-20 00:56:00.891 19723 19723 D nativeloader: Configuring clns-8 for other apk /data/app/~~cbG-YjOP44jOlX9mg9SGEg==/com.a1taxi.a1taxicustomer-61J6uCEzulrUn2jS9vZfNA==/base.apk. target_sdk_version=35, uses_libraries=, library_path=/data/app/~~cbG-YjOP44jOlX9mg9SGEg==/com.a1taxi.a1taxicustomer-61J6uCEzulrUn2jS9vZfNA==/lib/arm64:/data/app/~~cbG-YjOP44jOlX9mg9SGEg==/com.a1taxi.a1taxicustomer-61J6uCEzulrUn2jS9vZfNA==/base.apk!/lib/arm64-v8a, permitted_path=/data:/mnt/expand:/data/user/0/com.a1taxi.a1taxicustomer
10-20 00:56:00.892 19723 19723 D CompatChangeReporter: Compat change id reported: 202956589; UID 10407; state: ENABLED
10-20 00:56:00.903 19723 19723 V GraphicsEnvironment: Currently set values for:
10-20 00:56:00.903 19723 19723 V GraphicsEnvironment:   angle_gl_driver_selection_pkgs=[com.android.angle, com.linecorp.b612.android, com.campmobile.snow, com.google.android.apps.tachyon]
10-20 00:56:00.903 19723 19723 V GraphicsEnvironment:   angle_gl_driver_selection_values=[angle, native, native, native]
10-20 00:56:00.903 19723 19723 V GraphicsEnvironment: com.a1taxi.a1taxicustomer is not listed in per-application setting
10-20 00:56:00.903 19723 19723 V GraphicsEnvironment: App is not on the allowlist for updatable production driver.
10-20 00:56:00.923 19723 19723 W FirebaseApp: Default FirebaseApp failed to initialize because no default options were found. This usually means that com.google.gms:google-services was not applied to your gradle project.
10-20 00:56:00.923 19723 19723 I FirebaseInitProvider: FirebaseApp initialization unsuccessful
10-20 00:56:00.931 19723 19723 D CompatChangeReporter: Compat change id reported: 279646685; UID 10407; state: ENABLED
10-20 00:56:00.932 19723 19723 D WM-WrkMgrInitializer: Initializing WorkManager with default configuration.
10-20 00:56:00.937 19723 19723 D WM-PackageManagerHelper: Skipping component enablement for androidx.work.impl.background.systemjob.SystemJobService
10-20 00:56:00.937 19723 19723 D WM-Schedulers: Created SystemJobScheduler and enabled SystemJobService
10-20 00:56:00.941 19723 19723 W SoLoader: Initializing SoLoader: 0
10-20 00:56:00.942 19723 19723 W SoLoader: Recording new base apk path: /data/app/~~cbG-YjOP44jOlX9mg9SGEg==/com.a1taxi.a1taxicustomer-61J6uCEzulrUn2jS9vZfNA==/base.apk
10-20 00:56:00.942 19723 19723 W SoLoader: Previously recorded 0 base apk paths.
10-20 00:56:00.942 19723 19723 D CompatChangeReporter: Compat change id reported: 312399441; UID 10407; state: ENABLED
10-20 00:56:00.943 19723 19723 I SoLoader: Preparing SO source: DirectorySoSource[root = /vendor/lib64 flags = 2]
10-20 00:56:00.943 19723 19723 I SoLoader: Preparing SO source: DirectorySoSource[root = /system/lib64 flags = 2]
10-20 00:56:00.943 19723 19723 I SoLoader: Preparing SO source: DirectApkSoSource[root = [/data/app/~~cbG-YjOP44jOlX9mg9SGEg==/com.a1taxi.a1taxicustomer-61J6uCEzulrUn2jS9vZfNA==/base.apk!/lib/arm64-v8a]]
10-20 00:56:00.945 19723 19723 I SoLoader: Preparing SO source: ApplicationSoSource[DirectorySoSource[root = /data/app/~~cbG-YjOP44jOlX9mg9SGEg==/com.a1taxi.a1taxicustomer-61J6uCEzulrUn2jS9vZfNA==/lib/arm64 flags = 0]]
10-20 00:56:00.945 19723 19723 I SoLoader: init finish: 4 SO sources prepared
10-20 00:56:00.945 19723 19723 W SoLoader: SoLoader initialized: 8
10-20 00:56:00.963 19723 19723 D nativeloader: Load libpowerhalwrap_jni.so using system ns (caller=/system_ext/framework/mediatek-framework.jar): ok
10-20 00:56:00.964 19723 19723 I PowerHalWrapper: PowerHalWrapper.getInstance 
10-20 00:56:00.964 19723 19723 I M-ProMotion: M-ProMotion is disabled
10-20 00:56:00.987 19723 19723 D AppCompatDelegate: Checking for metadata for AppLocalesMetadataHolderService : Service not found
10-20 00:56:01.016 10567 10567 I bnlz    : onPause
10-20 00:56:01.033 10567 12335 V ClearcutMetricXmitter: Transmission is done.
10-20 00:56:01.040 19723 19723 D nativeloader: Load /data/app/~~cbG-YjOP44jOlX9mg9SGEg==/com.a1taxi.a1taxicustomer-61J6uCEzulrUn2jS9vZfNA==/base.apk!/lib/arm64-v8a/libc++_shared.so using class loader ns clns-8 (caller=/data/app/~~cbG-YjOP44jOlX9mg9SGEg==/com.a1taxi.a1taxicustomer-61J6uCEzulrUn2jS9vZfNA==/base.apk!classes2.dex): ok
10-20 00:56:01.044 19723 19723 D nativeloader: Load /data/app/~~cbG-YjOP44jOlX9mg9SGEg==/com.a1taxi.a1taxicustomer-61J6uCEzulrUn2jS9vZfNA==/base.apk!/lib/arm64-v8a/libjsi.so using class loader ns clns-8 (caller=/data/app/~~cbG-YjOP44jOlX9mg9SGEg==/com.a1taxi.a1taxicustomer-61J6uCEzulrUn2jS9vZfNA==/base.apk!classes2.dex): ok
10-20 00:56:01.050 19723 19723 D nativeloader: Load /data/app/~~cbG-YjOP44jOlX9mg9SGEg==/com.a1taxi.a1taxicustomer-61J6uCEzulrUn2jS9vZfNA==/base.apk!/lib/arm64-v8a/libfbjni.so using class loader ns clns-8 (caller=/data/app/~~cbG-YjOP44jOlX9mg9SGEg==/com.a1taxi.a1taxicustomer-61J6uCEzulrUn2jS9vZfNA==/base.apk!classes2.dex): ok
10-20 00:56:01.056 19723 19723 D nativeloader: Load /data/app/~~cbG-YjOP44jOlX9mg9SGEg==/com.a1taxi.a1taxicustomer-61J6uCEzulrUn2jS9vZfNA==/base.apk!/lib/arm64-v8a/libreactnative.so using class loader ns clns-8 (caller=/data/app/~~cbG-YjOP44jOlX9mg9SGEg==/com.a1taxi.a1taxicustomer-61J6uCEzulrUn2jS9vZfNA==/base.apk!classes2.dex): ok
10-20 00:56:01.056 19723 19723 D jni_lib_merge: Entering merged library JNI_OnLoad.
10-20 00:56:01.056 19723 19723 D jni_lib_merge: Preparing 11 pre-merged libs (including stub)
10-20 00:56:01.056 19723 19723 D jni_lib_merge: Preparing to register libfabricjni_so.  onload_func: 0x756cceada0
10-20 00:56:01.056 19723 19723 D jni_lib_merge: Preparing to register libreact_devsupportjni_so.  onload_func: 0x756cdbc9ec
10-20 00:56:01.056 19723 19723 D jni_lib_merge: Preparing to register libreact_featureflagsjni_so.  onload_func: 0x756cdc4c88
10-20 00:56:01.056 19723 19723 D jni_lib_merge: Preparing to register libreact_newarchdefaults_so.  onload_func: 0x756cde8c70
10-20 00:56:01.056 19723 19723 D jni_lib_merge: Preparing to register libreactnativeblob_so.  onload_func: 0x756ce6fac4
10-20 00:56:01.056 19723 19723 D jni_lib_merge: Preparing to register libreactnativejni_so.  onload_func: 0x756ce8daac
10-20 00:56:01.056 19723 19723 D jni_lib_merge: Preparing to register librninstance_so.  onload_func: 0x756cea7238
10-20 00:56:01.056 19723 19723 D jni_lib_merge: Preparing to register libturbomodulejsijni_so.  onload_func: 0x756cf21e60
10-20 00:56:01.056 19723 19723 D jni_lib_merge: Preparing to register libuimanagerjni_so.  onload_func: 0x756cf29378
10-20 00:56:01.056 19723 19723 D jni_lib_merge: Preparing to register libyoga_so.  onload_func: 0x756cf2e7cc
10-20 00:56:01.056 19723 19723 D jni_lib_merge: About to register 10 actual methods.
10-20 00:56:01.059 19723 19723 W SoLoader: SoLoader already initialized
10-20 00:56:01.063 19723 19723 D nativeloader: Load /data/app/~~cbG-YjOP44jOlX9mg9SGEg==/com.a1taxi.a1taxicustomer-61J6uCEzulrUn2jS9vZfNA==/base.apk!/lib/arm64-v8a/libhermes.so using class loader ns clns-8 (caller=/data/app/~~cbG-YjOP44jOlX9mg9SGEg==/com.a1taxi.a1taxicustomer-61J6uCEzulrUn2jS9vZfNA==/base.apk!classes2.dex): ok
10-20 00:56:01.067 19723 19723 D nativeloader: Load /data/app/~~cbG-YjOP44jOlX9mg9SGEg==/com.a1taxi.a1taxicustomer-61J6uCEzulrUn2jS9vZfNA==/base.apk!/lib/arm64-v8a/libhermestooling.so using class loader ns clns-8 (caller=/data/app/~~cbG-YjOP44jOlX9mg9SGEg==/com.a1taxi.a1taxicustomer-61J6uCEzulrUn2jS9vZfNA==/base.apk!classes2.dex): ok
10-20 00:56:01.067 19723 19723 D jni_lib_merge: Entering merged library JNI_OnLoad.
10-20 00:56:01.067 19723 19723 D jni_lib_merge: Preparing 4 pre-merged libs (including stub)
10-20 00:56:01.067 19723 19723 D jni_lib_merge: Preparing to register libhermes_executor_so.  onload_func: 0x75e47e211c
10-20 00:56:01.067 19723 19723 D jni_lib_merge: Preparing to register libhermesinstancejni_so.  onload_func: 0x75e47e9a58
10-20 00:56:01.067 19723 19723 D jni_lib_merge: Preparing to register libjsijniprofiler_so.  onload_func: 0x75e47ea114
10-20 00:56:01.067 19723 19723 D jni_lib_merge: About to register 3 actual methods.
10-20 00:56:01.067 19723 19723 W SoLoader: SoLoader already initialized
10-20 00:56:01.075 19723 22385 I PowerHalWrapper: PowerHalWrapper.getInstance 
10-20 00:56:01.075 19723 19723 D CompatChangeReporter: Compat change id reported: 352594277; UID 10407; state: ENABLED
10-20 00:56:01.078 19723 19723 W libc    : Access denied finding property "persist.vivo.ltw.enabled"
10-20 00:56:01.081 19723 19723 W HWUI    : Unknown dataspace 0
10-20 00:56:01.099 19723 19723 D ViewRootImpl: AppSizeAfterRelayout, size: Point(1080, 2392), rotation: ROTATION_0
10-20 00:56:01.099 19723 19723 D BufferQueueConsumer: [](id:4d0b00000000,api:0,p:-1,c:19723) connect: controlledByApp=false
10-20 00:56:01.100 19723 19723 D BLASTBufferQueue: [VRI[MainActivity]#0](f:0,a:0) constructor()
10-20 00:56:01.100 19723 19723 D BLASTBufferQueue: [VRI[MainActivity]#0](f:0,a:0) update width=1080 height=2392 format=-1 mTransformHint=0
10-20 00:56:01.212 19723 22399 I ExpoModulesCore: ✅ AppContext was initialized
10-20 00:56:01.212 19723 22399 I RNFusedLocation: RNFusedLocation initialized
10-20 00:56:01.229 19723 22408 W unknown:ViewManagerPropertyUpdater: Could not find generated setter for class com.facebook.react.views.drawer.ReactDrawerLayoutManager
10-20 00:56:01.231 19723 22408 W unknown:ViewManagerPropertyUpdater: Could not find generated setter for class com.facebook.react.uimanager.LayoutShadowNode
10-20 00:56:01.232 19723 22408 W unknown:ViewManagerPropertyUpdater: Could not find generated setter for class com.facebook.react.views.scroll.ReactHorizontalScrollViewManager
10-20 00:56:01.233 19723 22408 W unknown:ViewManagerPropertyUpdater: Could not find generated setter for class com.facebook.react.views.scroll.ReactHorizontalScrollContainerViewManager
10-20 00:56:01.235 19723 22408 W unknown:ViewManagerPropertyUpdater: Could not find generated setter for class com.facebook.react.views.progressbar.ReactProgressBarViewManager
10-20 00:56:01.235 19723 22408 W unknown:ViewManagerPropertyUpdater: Could not find generated setter for class com.facebook.react.views.progressbar.ProgressBarShadowNode
10-20 00:56:01.236 19723 22408 W unknown:ViewManagerPropertyUpdater: Could not find generated setter for class com.facebook.react.views.scroll.ReactScrollViewManager
10-20 00:56:01.237 19723 22408 W unknown:ViewManagerPropertyUpdater: Could not find generated setter for class com.facebook.react.views.switchview.ReactSwitchManager
10-20 00:56:01.238 19723 22408 W unknown:ViewManagerPropertyUpdater: Could not find generated setter for class com.facebook.react.views.switchview.ReactSwitchShadowNode
10-20 00:56:01.238 19723 22408 W unknown:ViewManagerPropertyUpdater: Could not find generated setter for class com.facebook.react.views.safeareaview.ReactSafeAreaViewManager
10-20 00:56:01.238 19723 22408 W unknown:ViewManagerPropertyUpdater: Could not find generated setter for class com.facebook.react.views.safeareaview.ReactSafeAreaViewShadowNode
10-20 00:56:01.238 19723 22408 W unknown:ViewManagerPropertyUpdater: Could not find generated setter for class com.facebook.react.views.swiperefresh.SwipeRefreshLayoutManager
10-20 00:56:01.239 19723 22408 W unknown:ViewManagerPropertyUpdater: Could not find generated setter for class com.facebook.react.views.text.frescosupport.FrescoBasedReactTextInlineImageViewManager
10-20 00:56:01.239 19723 22408 W unknown:ViewManagerPropertyUpdater: Could not find generated setter for class com.facebook.react.views.text.frescosupport.FrescoBasedReactTextInlineImageShadowNode
10-20 00:56:01.240 19723 22408 W unknown:ViewManagerPropertyUpdater: Could not find generated setter for class com.facebook.react.views.image.ReactImageManager
10-20 00:56:01.241 19723 22408 W unknown:ViewManagerPropertyUpdater: Could not find generated setter for class com.facebook.react.views.modal.ReactModalHostManager
10-20 00:56:01.242 19723 22408 W unknown:ViewManagerPropertyUpdater: Could not find generated setter for class com.facebook.react.views.text.ReactRawTextManager
10-20 00:56:01.243 19723 22408 W unknown:ViewManagerPropertyUpdater: Could not find generated setter for class com.facebook.react.views.text.ReactRawTextShadowNode
10-20 00:56:01.243 19723 22408 W unknown:ViewManagerPropertyUpdater: Could not find generated setter for class com.facebook.react.views.textinput.ReactTextInputManager
10-20 00:56:01.244 19723 22408 W unknown:ViewManagerPropertyUpdater: Could not find generated setter for class com.facebook.react.views.textinput.ReactTextInputShadowNode
10-20 00:56:01.245 19723 22408 W unknown:ViewManagerPropertyUpdater: Could not find generated setter for class com.facebook.react.views.text.ReactTextViewManager
10-20 00:56:01.245 19723 22408 W unknown:ViewManagerPropertyUpdater: Could not find generated setter for class com.facebook.react.views.text.ReactTextShadowNode
10-20 00:56:01.246 19723 22408 W unknown:ViewManagerPropertyUpdater: Could not find generated setter for class com.facebook.react.views.view.ReactViewManager
10-20 00:56:01.246 19723 22408 W unknown:ViewManagerPropertyUpdater: Could not find generated setter for class com.facebook.react.views.text.ReactVirtualTextViewManager
10-20 00:56:01.246 19723 22408 W unknown:ViewManagerPropertyUpdater: Could not find generated setter for class com.facebook.react.views.text.ReactVirtualTextShadowNode
10-20 00:56:01.246 19723 22408 W unknown:ViewManagerPropertyUpdater: Could not find generated setter for class com.facebook.react.views.unimplementedview.ReactUnimplementedViewManager
10-20 00:56:01.246 19723 22408 W unknown:ViewManagerPropertyUpdater: Could not find generated setter for class com.reactnativegooglesignin.RNGoogleSigninButtonViewManager
10-20 00:56:01.247 19723 22408 W unknown:ViewManagerPropertyUpdater: Could not find generated setter for class expo.modules.kotlin.views.GroupViewManagerWrapper
10-20 00:56:01.249 19723 22408 W unknown:ViewManagerPropertyUpdater: Could not find generated setter for class expo.modules.kotlin.views.SimpleViewManagerWrapper
10-20 00:56:01.249 19723 22408 W unknown:ViewManagerPropertyUpdater: Could not find generated setter for class com.swmansion.gesturehandler.react.RNGestureHandlerRootViewManager
10-20 00:56:01.250 19723 22408 W unknown:ViewManagerPropertyUpdater: Could not find generated setter for class com.swmansion.gesturehandler.react.RNGestureHandlerButtonViewManager
10-20 00:56:01.252 19723 22408 W unknown:ViewManagerPropertyUpdater: Could not find generated setter for class com.rnmaps.fabric.MapViewManager
10-20 00:56:01.252 19723 22408 W unknown:ViewManagerPropertyUpdater: Could not find generated setter for class com.rnmaps.fabric.MarkerManager
10-20 00:56:01.253 19723 22408 W unknown:ViewManagerPropertyUpdater: Could not find generated setter for class com.rnmaps.fabric.CalloutManager
10-20 00:56:01.253 19723 22408 W unknown:ViewManagerPropertyUpdater: Could not find generated setter for class com.rnmaps.fabric.PolygonManager
10-20 00:56:01.254 19723 22408 W unknown:ViewManagerPropertyUpdater: Could not find generated setter for class com.rnmaps.fabric.PolylineManager
10-20 00:56:01.255 19723 22408 W unknown:ViewManagerPropertyUpdater: Could not find generated setter for class com.rnmaps.fabric.CircleManager
10-20 00:56:01.255 19723 22408 W unknown:ViewManagerPropertyUpdater: Could not find generated setter for class com.rnmaps.fabric.OverlayManager
10-20 00:56:01.255 19723 22408 W unknown:ViewManagerPropertyUpdater: Could not find generated setter for class com.rnmaps.fabric.UrlTileManager
10-20 00:56:01.255 19723 22408 W unknown:ViewManagerPropertyUpdater: Could not find generated setter for class com.rnmaps.fabric.WMSTileManager
10-20 00:56:01.256 19723 22408 W unknown:ViewManagerPropertyUpdater: Could not find generated setter for class com.rnmaps.maps.MapGradientPolylineManager
10-20 00:56:01.256 19723 22408 W unknown:ViewManagerPropertyUpdater: Could not find generated setter for class com.rnmaps.maps.MapLocalTileManager
10-20 00:56:01.256 19723 22408 W unknown:ViewManagerPropertyUpdater: Could not find generated setter for class com.rnmaps.maps.MapHeatmapManager
10-20 00:56:01.257 19723 22408 W unknown:ViewManagerPropertyUpdater: Could not find generated setter for class com.th3rdwave.safeareacontext.SafeAreaProviderManager
10-20 00:56:01.257 19723 22408 W unknown:ViewManagerPropertyUpdater: Could not find generated setter for class com.th3rdwave.safeareacontext.SafeAreaViewManager
10-20 00:56:01.258 19723 22408 W unknown:ViewManagerPropertyUpdater: Could not find generated setter for class com.th3rdwave.safeareacontext.SafeAreaViewShadowNode
10-20 00:56:01.258 19723 22408 W unknown:ViewManagerPropertyUpdater: Could not find generated setter for class com.swmansion.rnscreens.ScreenContainerViewManager
10-20 00:56:01.259 19723 22408 W unknown:ViewManagerPropertyUpdater: Could not find generated setter for class com.swmansion.rnscreens.ScreenViewManager
10-20 00:56:01.260 19723 22408 W unknown:ViewManagerPropertyUpdater: Could not find generated setter for class com.swmansion.rnscreens.ModalScreenViewManager
10-20 00:56:01.260 19723 22408 W unknown:ViewManagerPropertyUpdater: Could not find generated setter for class com.swmansion.rnscreens.ScreenStackViewManager
10-20 00:56:01.261 19723 22408 W unknown:ViewManagerPropertyUpdater: Could not find generated setter for class com.swmansion.rnscreens.ScreenStackHeaderConfigViewManager
10-20 00:56:01.262 19723 22408 W unknown:ViewManagerPropertyUpdater: Could not find generated setter for class com.swmansion.rnscreens.ScreenStackHeaderSubviewManager
10-20 00:56:01.262 19723 22408 W unknown:ViewManagerPropertyUpdater: Could not find generated setter for class com.swmansion.rnscreens.SearchBarManager
10-20 00:56:01.263 19723 22408 W unknown:ViewManagerPropertyUpdater: Could not find generated setter for class com.swmansion.rnscreens.ScreenFooterManager
10-20 00:56:01.263 19723 22408 W unknown:ViewManagerPropertyUpdater: Could not find generated setter for class com.swmansion.rnscreens.ScreenContentWrapperManager
10-20 00:56:01.263 19723 22408 W unknown:ViewManagerPropertyUpdater: Could not find generated setter for class com.swmansion.rnscreens.gamma.tabs.TabsHostViewManager
10-20 00:56:01.264 19723 22408 W unknown:ViewManagerPropertyUpdater: Could not find generated setter for class com.swmansion.rnscreens.gamma.tabs.TabScreenViewManager
10-20 00:56:01.264 19723 22408 W unknown:ViewManagerPropertyUpdater: Could not find generated setter for class com.swmansion.rnscreens.safearea.SafeAreaViewManager
10-20 00:56:01.265 19723 22408 W unknown:ViewManagerPropertyUpdater: Could not find generated setter for class com.swmansion.rnscreens.safearea.paper.SafeAreaViewShadowNode
10-20 00:56:01.265 19723 22408 W unknown:ViewManagerPropertyUpdater: Could not find generated setter for class com.horcrux.svg.RenderableViewManager$DefsViewManager
10-20 00:56:01.266 19723 22408 W unknown:ViewManagerPropertyUpdater: Could not find generated setter for class com.horcrux.svg.VirtualViewManager$RenderableShadowNode
10-20 00:56:01.266 19723 22408 W unknown:ViewManagerPropertyUpdater: Could not find generated setter for class com.horcrux.svg.RenderableViewManager$FeMergeManager
10-20 00:56:01.267 19723 22408 W unknown:ViewManagerPropertyUpdater: Could not find generated setter for class com.horcrux.svg.RenderableViewManager$LinearGradientManager
10-20 00:56:01.268 19723 22408 W unknown:ViewManagerPropertyUpdater: Could not find generated setter for class com.horcrux.svg.RenderableViewManager$FeGaussianBlurManager
10-20 00:56:01.269 19723 22408 W unknown:ViewManagerPropertyUpdater: Could not find generated setter for class com.horcrux.svg.RenderableViewManager$FeColorMatrixManager
10-20 00:56:01.269 19723 22408 W unknown:ViewManagerPropertyUpdater: Could not find generated setter for class com.horcrux.svg.RenderableViewManager$ClipPathViewManager
10-20 00:56:01.270 19723 22408 W unknown:ViewManagerPropertyUpdater: Could not find generated setter for class com.horcrux.svg.RenderableViewManager$SymbolManager
10-20 00:56:01.270 19723 22408 W unknown:ViewManagerPropertyUpdater: Could not find generated setter for class com.horcrux.svg.RenderableViewManager$PatternManager
10-20 00:56:01.271 19723 22408 W unknown:ViewManagerPropertyUpdater: Could not find generated setter for class com.horcrux.svg.RenderableViewManager$FeBlendManager
10-20 00:56:01.271 19723 22408 W unknown:ViewManagerPropertyUpdater: Could not find generated setter for class com.horcrux.svg.SvgViewManager
10-20 00:56:01.272 19723 22408 W unknown:ViewManagerPropertyUpdater: Could not find generated setter for class com.horcrux.svg.RenderableViewManager$UseViewManager
10-20 00:56:01.272 19723 22408 W unknown:ViewManagerPropertyUpdater: Could not find generated setter for class com.horcrux.svg.RenderableViewManager$CircleViewManager
10-20 00:56:01.273 19723 22408 W unknown:ViewManagerPropertyUpdater: Could not find generated setter for class com.horcrux.svg.RenderableViewManager$TSpanViewManager
10-20 00:56:01.274 19723 22408 W unknown:ViewManagerPropertyUpdater: Could not find generated setter for class com.horcrux.svg.RenderableViewManager$FilterManager
10-20 00:56:01.274 19723 22408 W unknown:ViewManagerPropertyUpdater: Could not find generated setter for class com.horcrux.svg.RenderableViewManager$MarkerManager
10-20 00:56:01.276 19723 22408 W unknown:ViewManagerPropertyUpdater: Could not find generated setter for class com.horcrux.svg.RenderableViewManager$ForeignObjectManager
10-20 00:56:01.276 19723 22408 W unknown:ViewManagerPropertyUpdater: Could not find generated setter for class com.horcrux.svg.RenderableViewManager$EllipseViewManager
10-20 00:56:01.277 19723 22408 W unknown:ViewManagerPropertyUpdater: Could not find generated setter for class com.horcrux.svg.RenderableViewManager$LineViewManager
10-20 00:56:01.278 19723 22408 W unknown:ViewManagerPropertyUpdater: Could not find generated setter for class com.horcrux.svg.RenderableViewManager$FeFloodManager
10-20 00:56:01.278 19723 22408 W unknown:ViewManagerPropertyUpdater: Could not find generated setter for class com.horcrux.svg.RenderableViewManager$GroupViewManager
10-20 00:56:01.278 19723 22408 W unknown:ViewManagerPropertyUpdater: Could not find generated setter for class com.horcrux.svg.RenderableViewManager$TextViewManager
10-20 00:56:01.279 19723 22408 W unknown:ViewManagerPropertyUpdater: Could not find generated setter for class com.horcrux.svg.RenderableViewManager$ImageViewManager
10-20 00:56:01.279 19723 22408 W unknown:ViewManagerPropertyUpdater: Could not find generated setter for class com.horcrux.svg.RenderableViewManager$FeCompositeManager
10-20 00:56:01.280 19723 22408 W unknown:ViewManagerPropertyUpdater: Could not find generated setter for class com.horcrux.svg.RenderableViewManager$RadialGradientManager
10-20 00:56:01.280 19723 22408 W unknown:ViewManagerPropertyUpdater: Could not find generated setter for class com.horcrux.svg.RenderableViewManager$MaskManager
10-20 00:56:01.281 19723 22408 W unknown:ViewManagerPropertyUpdater: Could not find generated setter for class com.horcrux.svg.RenderableViewManager$RectViewManager
10-20 00:56:01.281 19723 22408 W unknown:ViewManagerPropertyUpdater: Could not find generated setter for class com.horcrux.svg.RenderableViewManager$TextPathViewManager
10-20 00:56:01.282 19723 22408 W unknown:ViewManagerPropertyUpdater: Could not find generated setter for class com.horcrux.svg.RenderableViewManager$FeOffsetManager
10-20 00:56:01.282 19723 22408 W unknown:ViewManagerPropertyUpdater: Could not find generated setter for class com.horcrux.svg.RenderableViewManager$PathViewManager
10-20 00:56:01.283 19723 22408 W unknown:ViewManagerPropertyUpdater: Could not find generated setter for class com.reactnativecommunity.webview.RNCWebViewManager
10-20 00:56:01.336 19723 22407 D nativeloader: Load /data/app/~~cbG-YjOP44jOlX9mg9SGEg==/com.a1taxi.a1taxicustomer-61J6uCEzulrUn2jS9vZfNA==/base.apk!/lib/arm64-v8a/libexpo-modules-core.so using class loader ns clns-8 (caller=/data/app/~~cbG-YjOP44jOlX9mg9SGEg==/com.a1taxi.a1taxicustomer-61J6uCEzulrUn2jS9vZfNA==/base.apk!classes2.dex): ok
10-20 00:56:01.341 19723 22407 I ExpoModulesCore: ✅ JSI interop was installed
10-20 00:56:01.347 19723 22407 I ExpoModulesCore: ✅ Constants were exported
10-20 00:56:01.377 19723 22407 D nativeloader: Load /data/app/~~cbG-YjOP44jOlX9mg9SGEg==/com.a1taxi.a1taxicustomer-61J6uCEzulrUn2jS9vZfNA==/base.apk!/lib/arm64-v8a/librnscreens.so using class loader ns clns-8 (caller=/data/app/~~cbG-YjOP44jOlX9mg9SGEg==/com.a1taxi.a1taxicustomer-61J6uCEzulrUn2jS9vZfNA==/base.apk!classes2.dex): ok
10-20 00:56:01.380 19723 22407 I ReactNativeJS: Running "main"
10-20 00:56:01.429 10567 10567 D VRI[Launcher]: visibilityChanged oldVisibility=true newVisibility=false
10-20 00:56:01.462 19723 19723 D nativeloader: Load /data/app/~~cbG-YjOP44jOlX9mg9SGEg==/com.a1taxi.a1taxicustomer-61J6uCEzulrUn2jS9vZfNA==/base.apk!/lib/arm64-v8a/libworklets.so using class loader ns clns-8 (caller=/data/app/~~cbG-YjOP44jOlX9mg9SGEg==/com.a1taxi.a1taxicustomer-61J6uCEzulrUn2jS9vZfNA==/base.apk!classes2.dex): ok
10-20 00:56:01.465 10567 10567 D ViewRootImpl: AppSizeAfterRelayout, size: Point(1080, 2392), rotation: ROTATION_0
10-20 00:56:01.466 10567 10567 D BLASTBufferQueue: [VRI[Launcher]#22](f:0,a:4) destructor()
10-20 00:56:01.466 10567 10567 D BufferQueueConsumer: [VRI[Launcher]#22(BLAST Consumer)22](id:294700000016,api:0,p:-1,c:10567) disconnect
10-20 00:56:01.470 10567 10567 I bnlz    : onStop
10-20 00:56:01.485 19723 22387 D MAGT_SYNC_FRAME: MAGT Sync: MAGT is not supported. Disabling Sync.
10-20 00:56:01.487 19723 22407 W ReactNativeJS: '🎯 [TRIP_NOTIFICATION] Component render, notifications count:', 0
10-20 00:56:01.487 19723 22407 W ReactNativeJS: '🎯 [TRIP_NOTIFICATION] Notifications:', '[]'
10-20 00:56:01.487 19723 22407 I ReactNativeJS: '🔍 [TRIP_NOTIFICATION] Component render - visible:', false, 'notification:', false
10-20 00:56:01.500 19723 22387 I GrallocExtra: gralloc_extra_query:is_SW3D 0
10-20 00:56:01.500 19723 22387 D BLASTBufferQueue: [VRI[MainActivity]#0](f:0,a:1) acquireNextBufferLocked size=1080x2392 mFrameNumber=1 applyTransaction=true mTimestamp=662883376135971(auto) mPendingTransactions.size=0 graphicBufferId=84709639979014 transform=0
10-20 00:56:01.515 19723 19723 D CompatChangeReporter: Compat change id reported: 63938206; UID 10407; state: ENABLED
10-20 00:56:01.515 19723 22408 W unknown:ViewManagerPropertyUpdater: Could not find generated setter for class com.swmansion.rnscreens.ScreensShadowNode
10-20 00:56:01.525  1870  1976 I ActivityTaskManager: Displayed com.a1taxi.a1taxicustomer/.MainActivity for user 0: +644ms
10-20 00:56:01.537 19723 19723 V ImeFocusController: onWindowFocus: com.android.internal.policy.DecorView{c1d4fea V.E...... R....... 0,0-1080,2392}[MainActivity] softInputMode=STATE_UNSPECIFIED|ADJUST_RESIZE|IS_FORWARD_NAVIGATION
10-20 00:56:01.548  5589  5589 I GoogleInputMethodService: GoogleInputMethodService.onFinishInput():2085 
10-20 00:56:01.549  5589  5589 I Module  : DeviceLockedStatusModuleProvider$Module.updateDeviceLockedStatus():100 repeatCheckTimes = 0, locked = false
10-20 00:56:01.550  5589  5589 I GoogleInputMethodService: GoogleInputMethodService.onStartInput():1346 onStartInput(EditorInfo{EditorInfo{packageName=com.a1taxi.a1taxicustomer, inputType=0, inputTypeString=NULL, enableLearning=false, autoCorrection=false, autoComplete=false, imeOptions=0, privateImeOptions=null, actionName=UNSPECIFIED, actionLabel=null, initialSelStart=-1, initialSelEnd=-1, initialCapsMode=0, label=null, fieldId=0, fieldName=null, extras=null, hintText=null, hintLocales=[]}}, false)
10-20 00:56:01.550  5589  5589 I Module  : DeviceLockedStatusModuleProvider$Module.updateDeviceLockedStatus():100 repeatCheckTimes = 1, locked = false
10-20 00:56:01.553 19723 22407 I ReactNativeJS: 🔔 [BANNER_DEBUG] ===== NOTIFICATION BANNER EFFECT =====
10-20 00:56:01.553 19723 22407 I ReactNativeJS: '🔔 [BANNER_DEBUG] Banner summary:', { totalNotifications: 0,
10-20 00:56:01.553 19723 22407 I ReactNativeJS:   currentlyVisible: false,
10-20 00:56:01.553 19723 22407 I ReactNativeJS:   currentNotification: undefined,
10-20 00:56:01.553 19723 22407 I ReactNativeJS:   shownNotificationsCount: 0,
10-20 00:56:01.553 19723 22407 I ReactNativeJS:   tripCompletedNotifications: 0,
10-20 00:56:01.553 19723 22407 I ReactNativeJS:   unreadTripCompleted: 0 }
10-20 00:56:01.563 19723 22407 I ReactNativeJS: 📱 [BANNER_DEBUG] ===== BANNER DISPLAY DECISION =====
10-20 00:56:01.563 19723 22407 W ReactNativeJS: 🎯 [TRIP_NOTIFICATION] ===== useEffect TRIGGERED - CHECKING FOR COMPLETION NOTIFICATIONS =====
10-20 00:56:01.563 19723 22407 W ReactNativeJS: '🎯 [TRIP_NOTIFICATION] Notifications array length:', 0
10-20 00:56:01.564 19723 22408 W unknown:ViewManagerPropertyUpdater: Could not find generated setter for class com.swmansion.rnscreens.ScreenStackHeaderConfigShadowNode
10-20 00:56:01.565 19723 22407 W ReactNativeJS: '🎯 [TRIP_NOTIFICATION] Total notifications received:', 0
10-20 00:56:01.566 19723 22407 W ReactNativeJS: '🎯 [TRIP_NOTIFICATION] Notification types:', '[]'
10-20 00:56:01.566 19723 22407 W ReactNativeJS: '🎯 [TRIP_NOTIFICATION] ride_completed count:', 0
10-20 00:56:01.566 19723 22407 W ReactNativeJS: '🎯 [TRIP_NOTIFICATION] Unread ride_completed:', 0
10-20 00:56:01.566 19723 22407 W ReactNativeJS: '🎯 [TRIP_NOTIFICATION] Already shown count:', 0
10-20 00:56:01.566 19723 22407 W ReactNativeJS: '🎯 [TRIP_NOTIFICATION] Currently visible:', false
10-20 00:56:01.566 19723 22407 W ReactNativeJS: '🎯 [TRIP_NOTIFICATION] Filtered completion notifications:', 0
10-20 00:56:01.566 19723 22407 I ReactNativeJS: 📱 Requesting location permission on app start for all platforms...
10-20 00:56:01.566 19723 22407 I ReactNativeJS: '📱 Current platform:', 'android'
10-20 00:56:01.566 19723 22407 I ReactNativeJS: '🔍 Requesting location permission for platform:', 'android'
10-20 00:56:01.566 19723 22407 I ReactNativeJS: 📱 Requesting Android location permissions...
10-20 00:56:01.569 19723 22407 I ReactNativeJS: 📊 Loading all vehicle configs from fare_matrix table for booking_type=regular
10-20 00:56:01.570 19723 22407 I ReactNativeJS: 🗺️ Fetching active zones from database...
10-20 00:56:01.571 19723 22407 I ReactNativeJS: 📊 [HOME] ===== AVAILABLE DRIVERS STATE CHANGED =====
10-20 00:56:01.571 19723 22407 I ReactNativeJS: '📊 [HOME] availableDrivers state update:', { count: 0,
10-20 00:56:01.571 19723 22407 I ReactNativeJS:   showDriversOnMap: true,
10-20 00:56:01.571 19723 22407 I ReactNativeJS:   driversPassedToMap: 0,
10-20 00:56:01.571 19723 22407 I ReactNativeJS:   drivers: [] }
10-20 00:56:01.571 19723 22407 I ReactNativeJS: 🗺️ [HOME] No drivers to pass to map (availableDrivers is empty)
10-20 00:56:01.573 19723 22407 I ReactNativeJS: ⏳ AuthNavigator - waiting for navigation to be ready
10-20 00:56:01.579 19723 19723 W [RNScreens]: topInsetEnabled prop is not available on Android
10-20 00:56:01.584 21104 21143 I FontLog : (REDACTED) Received query %s, URI %s
10-20 00:56:01.584 21104 21143 I FontLog : (REDACTED) Query [%s] resolved to %s
10-20 00:56:01.586 21104 21143 I FontLog : (REDACTED) Fetch %s end status %s
10-20 00:56:01.590 19723 22407 I ReactNativeJS: '🔍 AuthNavigator - checking auth state:', { user: false,
10-20 00:56:01.590 19723 22407 I ReactNativeJS:   loading: true,
10-20 00:56:01.590 19723 22407 I ReactNativeJS:   segments: '(tabs)',
10-20 00:56:01.590 19723 22407 I ReactNativeJS:   userEmail: undefined,
10-20 00:56:01.590 19723 22407 I ReactNativeJS:   userRole: undefined }
10-20 00:56:01.590 21104 21143 I FontLog : (REDACTED) Pulling font file for id = %d, cache size = %d
10-20 00:56:01.590 19723 22407 W ReactNativeJS: '🎯 [TRIP_NOTIFICATION] Component render, notifications count:', 0
10-20 00:56:01.590 19723 22407 W ReactNativeJS: '🎯 [TRIP_NOTIFICATION] Notifications:', '[]'
10-20 00:56:01.591 19723 22407 I ReactNativeJS: '🔍 [TRIP_NOTIFICATION] Component render - visible:', false, 'notification:', false
10-20 00:56:01.593 19723 22407 I ReactNativeJS: '🔍 AuthNavigator - checking auth state:', { user: false,
10-20 00:56:01.593 19723 22407 I ReactNativeJS:   loading: false,
10-20 00:56:01.593 19723 22407 I ReactNativeJS:   segments: '(tabs)',
10-20 00:56:01.593 19723 22407 I ReactNativeJS:   userEmail: undefined,
10-20 00:56:01.593 19723 22407 I ReactNativeJS:   userRole: undefined }
10-20 00:56:01.593 19723 22407 I ReactNativeJS: 🔄 Redirecting to login - user not authenticated
10-20 00:56:01.594 21104 21143 I FontLog : (REDACTED) Pulling font file for id = %d, cache size = %d
10-20 00:56:01.616 19723 22420 I WebViewFactory: Loading com.google.android.webview version 141.0.7390.43 (code 739004333)
10-20 00:56:01.621 19723 22420 W .a1taxicustomer: Failed to find entry 'classes.dex': Entry not found
10-20 00:56:01.621 19723 22420 D nativeloader: Configuring clns-9 for other apk /data/app/~~_E4p1LJR5JF7COZmMiDVoA==/com.google.android.trichromelibrary_739004333-IYHcrypmKBkTpfxt3UyU4A==/base.apk. target_sdk_version=36, uses_libraries=ALL, library_path=/data/app/~~0k-bhKJKWMvMm9CSFH5Hzg==/com.google.android.webview-mLV-HzOd8sNTJLZpa_7utA==/lib/arm64:/data/app/~~0k-bhKJKWMvMm9CSFH5Hzg==/com.google.android.webview-mLV-HzOd8sNTJLZpa_7utA==/base.apk!/lib/arm64-v8a:/data/app/~~_E4p1LJR5JF7COZmMiDVoA==/com.google.android.trichromelibrary_739004333-IYHcrypmKBkTpfxt3UyU4A==/base.apk!/lib/arm64-v8a, permitted_path=/data:/mnt/expand
10-20 00:56:01.621 19723 22420 D nativeloader: Extending system_exposed_libraries: libapuwareapusys.mtk.so:libapuwareapusys_v2.mtk.so:libapuwarexrp.mtk.so:libapuwarexrp_v2.mtk.so:libapuwareutils.mtk.so:libapuwareutils_v2.mtk.so:libapuwarehmp.mtk.so:libneuron_graph_delegate.mtk.so:libneuronusdk_adapter.mtk.so:libtflite_mtk.mtk.so:libarmnn_ndk.mtk.so:libcmdl_ndk.mtk.so:libnir_neon_driver_ndk.mtk.so:libmvpu_runtime.mtk.so:libmvpu_runtime_pub.mtk.so:libmvpu_engine_pub.mtk.so:libmvpu_pattern_pub.mtk.so:libmvpuop_mtk_cv.mtk.so:libmvpuop_mtk_nn.mtk.so:libmvpu_runtime_25.mtk.so:libmvpu_runtime_25_pub.mtk.so:libmvpu_engine_25_pub.mtk.so:libmvpu_pattern_25_pub.mtk.so:libmvpuop25_mtk_cv.mtk.so:libmvpuop25_mtk_nn.mtk.so:libmvpu_config.mtk.so:libteeservice_client.trustonic.so:librealm-jni.vivo.so
10-20 00:56:01.622 19723 22420 D ApplicationLoaders: Returning zygote-cached class loader: /system_ext/framework/androidx.window.extensions.jar
10-20 00:56:01.625 19723 22420 D nativeloader: Configuring clns-10 for other apk /data/app/~~0k-bhKJKWMvMm9CSFH5Hzg==/com.google.android.webview-mLV-HzOd8sNTJLZpa_7utA==/base.apk. target_sdk_version=36, uses_libraries=, library_path=/data/app/~~0k-bhKJKWMvMm9CSFH5Hzg==/com.google.android.webview-mLV-HzOd8sNTJLZpa_7utA==/lib/arm64:/data/app/~~0k-bhKJKWMvMm9CSFH5Hzg==/com.google.android.webview-mLV-HzOd8sNTJLZpa_7utA==/base.apk!/lib/arm64-v8a:/data/app/~~_E4p1LJR5JF7COZmMiDVoA==/com.google.android.trichromelibrary_739004333-IYHcrypmKBkTpfxt3UyU4A==/base.apk!/lib/arm64-v8a, permitted_path=/data:/mnt/expand
10-20 00:56:01.626 19723 22407 I ReactNativeJS: 🛑 [HOME] Stopping driver location polling
10-20 00:56:01.631 19723 22408 D CompatChangeReporter: Compat change id reported: 303326708; UID 10407; state: ENABLED
10-20 00:56:01.635 19723 22407 I ReactNativeJS: '🔍 AuthNavigator - checking auth state:', { user: false,
10-20 00:56:01.635 19723 22407 I ReactNativeJS:   loading: false,
10-20 00:56:01.635 19723 22407 I ReactNativeJS:   segments: 'auth/login',
10-20 00:56:01.635 19723 22407 I ReactNativeJS:   userEmail: undefined,
10-20 00:56:01.635 19723 22407 I ReactNativeJS:   userRole: undefined }
10-20 00:56:01.654 19723 22420 I cr_WVCFactoryProvider: version=141.0.7390.43 (739004333) minSdkVersion=29 multiprocess=true packageId=2 splits=<none>
10-20 00:56:01.657 19723 22420 D nativeloader: Load /data/app/~~_E4p1LJR5JF7COZmMiDVoA==/com.google.android.trichromelibrary_739004333-IYHcrypmKBkTpfxt3UyU4A==/base.apk!/lib/arm64-v8a/libmonochrome_64.so using class loader ns clns-10 (caller=/data/app/~~0k-bhKJKWMvMm9CSFH5Hzg==/com.google.android.webview-mLV-HzOd8sNTJLZpa_7utA==/base.apk): ok
