10-20 00:56:08.698 19723 22408 W unknown:ReactNative: Attempt to set local data for view with unknown tag: -1
10-20 00:56:08.698 19723 22408 W unknown:ReactNative: Attempt to set local data for view with unknown tag: -1
10-20 00:56:08.700 19723 22408 W unknown:ReactNative: Attempt to set local data for view with unknown tag: -1
10-20 00:56:08.701 19723 22408 W unknown:ReactNative: Attempt to set local data for view with unknown tag: -1
10-20 00:56:08.701 19723 22408 W unknown:ReactNative: Attempt to set local data for view with unknown tag: -1
10-20 00:56:08.703 19723 22408 W unknown:ReactNative: Attempt to set local data for view with unknown tag: -1
10-20 00:56:08.703 19723 22408 W unknown:ReactNative: Attempt to set local data for view with unknown tag: -1
10-20 00:56:08.703 19723 22408 W unknown:ReactNative: Attempt to set local data for view with unknown tag: -1
10-20 00:56:08.706 19723 19723 W [RNScreens]: topInsetEnabled prop is not available on Android
10-20 00:56:08.738 19723 19723 V ImeFocusController: onWindowFocus: com.android.internal.policy.DecorView{c1d4fea V.E...... R......D 0,0-1080,2392 aid=0}[MainActivity] softInputMode=STATE_UNSPECIFIED|ADJUST_RESIZE
10-20 00:56:08.742  5589  5589 I GoogleInputMethodService: GoogleInputMethodService.onFinishInputView():1571 onFinishInputView(false)
10-20 00:56:08.742  5589  5589 I GlobeKeyExtension: GlobeKeyExtension.onDeactivate():144 
10-20 00:56:08.742  5589  5589 W TooltipLifecycleManager: TooltipLifecycleManager.dismissTooltips():153 Tooltip with id SUGGESTION_VIEW_EDU_MINI_DIALOG not found in tooltipManager.
10-20 00:56:08.743  5589  5589 I VoiceInputManagerWrapper: VoiceInputManagerWrapper.shutdown():131 shutdown()
10-20 00:56:08.746  5589  5589 W TooltipLifecycleManager: TooltipLifecycleManager.dismissTooltips():153 Tooltip with id spell_check_add_to_dictionary not found in tooltipManager.
10-20 00:56:08.748  5589  5589 W TooltipLifecycleManager: TooltipLifecycleManager.dismissTooltips():153 Tooltip with id undo_access_point_promotion_banner not found in tooltipManager.
10-20 00:56:08.750  5589  5589 I GoogleInputMethodService: GoogleInputMethodService.onFinishInput():2085 
10-20 00:56:08.751  5589  5589 I Module  : DeviceLockedStatusModuleProvider$Module.updateDeviceLockedStatus():100 repeatCheckTimes = 0, locked = false
10-20 00:56:08.752 19723 19723 D InsetsController: hide(ime(), fromIme=true)
10-20 00:56:08.752  5589  5589 I GoogleInputMethodService: GoogleInputMethodService.onStartInput():1346 onStartInput(EditorInfo{EditorInfo{packageName=com.a1taxi.a1taxicustomer, inputType=0, inputTypeString=NULL, enableLearning=false, autoCorrection=false, autoComplete=false, imeOptions=0, privateImeOptions=null, actionName=UNSPECIFIED, actionLabel=null, initialSelStart=-1, initialSelEnd=-1, initialCapsMode=0, label=null, fieldId=0, fieldName=null, extras=null, hintText=null, hintLocales=[]}}, false)
10-20 00:56:08.752 19723 19723 W RemoteInputConnectionImpl: requestCursorUpdates on inactive InputConnection
10-20 00:56:08.754  5589  5589 I Module  : DeviceLockedStatusModuleProvider$Module.updateDeviceLockedStatus():100 repeatCheckTimes = 1, locked = false
10-20 00:56:08.755  5589  5589 I HardKeyTracker: HardKeyTracker.registerKeySequence():170 Register key sequence nfz{labelResId=0, callback=gds@ff71536, lastModifier=0, keyCodes=[57, 57], actions=[1, 0]}
10-20 00:56:08.755  5589  5589 I HardKeyTracker: HardKeyTracker.registerKeySequence():170 Register key sequence nfz{labelResId=0, callback=gds@fa7cf0d, lastModifier=0, keyCodes=[58, 58], actions=[1, 0]}
10-20 00:56:08.773  5589  5589 I KeyboardModeUtils: KeyboardModeUtils.getKeyboardBottomOffset():435 inch: 0.000000 ydpi: 387.429993 adjustKeyboardBottomByDisplaySize: false currentDensityDpi: 440 defaultDensityDpi: 440 keyboardBottomToScreenPx: 0 keyboardBottomToNavBarPx: -116 navBarHeight: 116
10-20 00:56:08.773  5589  5589 I KeyboardHeightUtil: KeyboardHeightUtil.calculateMaxKeyboardBodyHeight():50 leave 267 height for app when ime window height:2171, header height:121 and isFullscreenMode:false, so the max keyboard body height is:1783
10-20 00:56:08.773  5589  5589 I KeyboardHeightUtil: KeyboardHeightUtil.calculateMaxKeyboardBodyHeight():50 leave 267 height for app when ime window height:2171, header height:121 and isFullscreenMode:false, so the max keyboard body height is:1783
10-20 00:56:08.773  5589  5589 I AndroidIME: KeyboardViewManager.updateKeyboardBodyViewHolderPaddingBottom():472 Set finalPaddingBottom = 5 while holderPaddingBottom = 5; navigationHeight = 116
10-20 00:56:08.987 19723 19723 I ImeTracker: com.a1taxi.a1taxicustomer:90f37a21: onRequestHide at ORIGIN_CLIENT reason HIDE_SOFT_INPUT_ON_ANIMATION_STATE_CHANGED fromUser false
10-20 00:56:08.989 19723 19723 I ImeTracker: com.a1taxi.a1taxicustomer:c2fd6ab3: onHidden
10-20 00:56:09.145  5589  6647 I SpellCheckerSession: SpellCheckerSession.onClose():690 com.google.android.keyboard.client.delight5.LanguageIdentifier@b2d4e7d is closed
10-20 00:56:09.500  5589  5589 W TooltipLifecycleManager: TooltipLifecycleManager.dismissTooltips():153 Tooltip with id undo_access_point_promotion_banner not found in tooltipManager.
10-20 00:56:09.529  5589  5589 D ViewRootImpl: AppSizeAfterRelayout, size: Point(1080, 2287), rotation: ROTATION_0
10-20 00:56:09.530  5589  5589 D BLASTBufferQueue: [VRI[InputMethod]#2527](f:0,a:4) destructor()
10-20 00:56:09.530  5589  5589 D BufferQueueConsumer: [VRI[InputMethod]#2527(BLAST Consumer)2527](id:15d5000009df,api:0,p:-1,c:5589) disconnect
10-20 00:56:09.570  5589  5602 I BpBinder: onLastStrongRef automatically unlinking death recipients: 
10-20 00:56:09.571  5589  5602 I BpBinder: onLastStrongRef automatically unlinking death recipients: 
10-20 00:56:09.578  5589  5602 I BpBinder: onLastStrongRef automatically unlinking death recipients: 
10-20 00:56:09.596  5589  5602 I BpBinder: onLastStrongRef automatically unlinking death recipients: 
10-20 00:56:10.000 19723 22407 I ReactNativeJS: 📱 ===== SEND OTP STARTING =====
10-20 00:56:10.000 19723 22407 I ReactNativeJS: '📱 Phone Number:', '+918608374935'
10-20 00:56:10.000 19723 22407 I ReactNativeJS: '📱 Name:', 'Vb'
10-20 00:56:10.000 19723 22407 I ReactNativeJS: '📱 Supabase URL:', 'https://whubaypabojomdyfqxcf.supabase.co'
10-20 00:56:10.000 19723 22407 I ReactNativeJS: '📱 Anon Key exists:', true
10-20 00:56:10.000 19723 22407 I ReactNativeJS: '📱 Request URL:', 'https://whubaypabojomdyfqxcf.supabase.co/functions/v1/send-otp'
10-20 00:56:10.000 19723 22407 I ReactNativeJS: 📱 Making fetch request...
10-20 00:56:10.761 21104 21188 W Settings: Setting airplane_mode_on has moved from android.provider.Settings.System to android.provider.Settings.Global, returning read-only value.
10-20 00:56:10.768 21104 22439 W SystemServiceRegistry: No service published for: wifirtt
10-20 00:56:10.812 19723 22407 I ReactNativeJS: '📱 Response status:', 200
10-20 00:56:10.812 19723 22407 I ReactNativeJS: '📱 Response ok:', true
10-20 00:56:10.813 19723 22407 I ReactNativeJS: '📱 Response data:', '{\n  "success": true,\n  "message": "OTP generated successfully",\n  "devOtp": "797819",\n  "smsSent": false,\n  "smsError": "Authenticate"\n}'
10-20 00:56:10.813 19723 22407 I ReactNativeJS: 📱 ✅ OTP sent successfully!
10-20 00:56:10.813 19723 22407 I ReactNativeJS: '📱 Dev OTP:', '797819'
10-20 00:56:10.813 19723 22407 I ReactNativeJS: '📱 SMS Sent:', false
10-20 00:56:10.814 19723 22407 I ReactNativeJS: '📱 SMS Error:', 'Authenticate'
10-20 00:56:10.814 19723 22407 I ReactNativeJS: 📱 ===== SEND OTP COMPLETE =====
10-20 00:56:10.824 19723 19723 W WindowOnBackDispatcher: OnBackInvokedCallback is not enabled for the application.
10-20 00:56:10.824 19723 19723 W WindowOnBackDispatcher: Set 'android:enableOnBackInvokedCallback="true"' in the application manifest.
10-20 00:56:10.878 19723 19723 D ViewRootImpl: AppSizeAfterRelayout, size: Point(1202, 796), rotation: ROTATION_0
10-20 00:56:10.878 19723 19723 D BufferQueueConsumer: [](id:4d0b00000002,api:0,p:-1,c:19723) connect: controlledByApp=false
10-20 00:56:10.878 19723 19723 D BLASTBufferQueue: [VRI[MainActivity]#2](f:0,a:0) constructor()
10-20 00:56:10.879 19723 19723 D BLASTBufferQueue: [VRI[MainActivity]#2](f:0,a:0) update width=1202 height=796 format=-3 mTransformHint=0
10-20 00:56:10.885 19723 22387 D BLASTBufferQueue: [VRI[MainActivity]#2](f:0,a:1) acquireNextBufferLocked size=1202x796 mFrameNumber=1 applyTransaction=true mTimestamp=662892761121587(auto) mPendingTransactions.size=0 graphicBufferId=84709639979022 transform=0
10-20 00:56:10.901 19723 22363 W .a1taxicustomer: Cleared Reference was only reachable from finalizer (only reported once)
10-20 00:56:10.924 19723 22365 W System  : A resource failed to call release. 
10-20 00:56:10.924 19723 22365 W .a1taxicustomer: ApkAssets: Deleting an ApkAssets object '<empty> and /data/app/~~0k-bhKJKWMvMm9CSFH5Hzg==/com.google.android.webview-mLV-HzOd8sNTJLZpa_7utA==/base.apk' with 1 weak references
10-20 00:56:11.256  7096  7126 W ProxyAndroidLoggerBackend: Too many Flogger logs received before configuration. Dropping old logs.
10-20 00:56:11.276 21104 21143 I WifiScanner: onFullResults
10-20 00:56:11.276 21104 21249 I WifiScanner: onFullResults
10-20 00:56:11.276 21104 21143 I WifiScanner: onFullResults
10-20 00:56:11.288 21104 22439 I FrewleTileCacheManagerV: (REDACTED) Fetched %d AP models from cache
10-20 00:56:11.314 21104 21184 I FusedLocation: (REDACTED) location delivery to %s blocked - too close
10-20 00:56:11.314 21104 21184 I FusedLocation: (REDACTED) location delivery to %s blocked - too close
10-20 00:56:11.315 21104 21184 I FusedLocation: (REDACTED) location delivery to %s blocked - too close
10-20 00:56:11.316 21104 21184 I FusedLocation: (REDACTED) location delivery to %s blocked - too close
10-20 00:56:11.316 21104 21184 I FusedLocation: (REDACTED) location delivery to %s blocked - too close
10-20 00:56:11.316 21104 21184 I FusedLocation: (REDACTED) location delivery to %s blocked - too fast
10-20 00:56:11.317 21104 21184 I FusedLocation: (REDACTED) location delivery to %s blocked - too close
10-20 00:56:11.317 21104 21184 I FusedLocation: (REDACTED) location delivery to %s blocked - too fast
10-20 00:56:11.322 21104 22439 I SemanticLocation: [InfMgr] No location reports after filtering [CONTEXT service_id=173 ]
10-20 00:56:11.325 21104 21184 I fznc    : Received empty WiFi-RTT scan. [CONTEXT service_id=6 ]
10-20 00:56:12.498 21104 21184 I FusedLocation: (REDACTED) location delivery to %s blocked - too close
10-20 00:56:12.499 21104 21184 I FusedLocation: (REDACTED) location delivery to %s blocked - too close
10-20 00:56:12.500 21104 21184 I FusedLocation: (REDACTED) location delivery to %s blocked - too close
10-20 00:56:12.505 21104 21184 I FusedLocation: (REDACTED) location delivery to %s blocked - too close
10-20 00:56:12.505 21104 21184 I FusedLocation: (REDACTED) location delivery to %s blocked - too close
10-20 00:56:12.505 21104 21184 I FusedLocation: (REDACTED) location delivery to %s blocked - too fast
10-20 00:56:12.507 21104 21184 I FusedLocation: (REDACTED) location delivery to %s blocked - too close
10-20 00:56:12.510 21104 21184 I FusedLocation: (REDACTED) location delivery to %s blocked - too fast
10-20 00:56:13.578 21104 22331 I NearbyMediums: No BLE Fast/GATT advertisements found in the latest cycle.
10-20 00:56:13.579 21104 22331 I NearbyMediums: Current Tracked Scanning Clients are : {NearbyConnections.EnvironmentMonitor, NearbySharing}
10-20 00:56:15.821 19723 19723 W WindowOnBackDispatcher: sendCancelIfRunning: isInProgress=false callback=android.view.ViewRootImpl$$ExternalSyntheticLambda11@efc7daa
10-20 00:56:15.833 19723 22387 D HWUI    : endAllActiveAnimators on 0xb4000077800ee800 (RippleDrawable) with handle 0xb4000077d00ba700
10-20 00:56:15.842 19723 22368 D BLASTBufferQueue: [VRI[MainActivity]#2](f:0,a:4) destructor()
10-20 00:56:15.842 19723 22368 D BufferQueueConsumer: [VRI[MainActivity]#2(BLAST Consumer)2](id:4d0b00000002,api:0,p:-1,c:19723) disconnect
10-20 00:56:15.848 19723 19723 I ImeTracker: com.a1taxi.a1taxicustomer:9a6ef0cd: onRequestShow at ORIGIN_CLIENT reason SHOW_SOFT_INPUT fromUser false
10-20 00:56:15.848 19723 19723 I ImeTracker: com.a1taxi.a1taxicustomer:9a6ef0cd: onFailed at PHASE_CLIENT_VIEW_SERVED
10-20 00:56:15.848 19723 19723 W InputMethodManager: Ignoring showSoftInput() as view=com.facebook.react.views.textinput.ReactEditText{8e9f02a VFED..CL. .F....ID 55,952-193,1117 #18d aid=1073741873} is not served.
10-20 00:56:15.851 19723 19723 W WindowOnBackDispatcher: OnBackInvokedCallback is not enabled for the application.
10-20 00:56:15.851 19723 19723 W WindowOnBackDispatcher: Set 'android:enableOnBackInvokedCallback="true"' in the application manifest.
10-20 00:56:15.856 19723 19723 I AssistStructure: Flattened final assist data: 2936 bytes, containing 1 windows, 17 views
10-20 00:56:15.856  1870  3603 D AutofillSession: createPendingIntent for request 2592
10-20 00:56:15.880 19723 19723 V ImeFocusController: onWindowFocus: com.facebook.react.views.textinput.ReactEditText{8e9f02a VFED..CL. .F...... 55,952-193,1117 #18d aid=1073741873} softInputMode=STATE_UNSPECIFIED|ADJUST_RESIZE
10-20 00:56:15.888  5589  5589 I GoogleInputMethodService: GoogleInputMethodService.onFinishInput():2085 
10-20 00:56:15.890  5589  5589 I Module  : DeviceLockedStatusModuleProvider$Module.updateDeviceLockedStatus():100 repeatCheckTimes = 0, locked = false
10-20 00:56:15.891  5589  5589 W TooltipLifecycleManager: TooltipLifecycleManager.dismissTooltips():153 Tooltip with id SUGGESTION_VIEW_EDU_MINI_DIALOG not found in tooltipManager.
10-20 00:56:15.893  5589  5589 I GoogleInputMethodService: GoogleInputMethodService.onStartInput():1346 onStartInput(EditorInfo{EditorInfo{packageName=com.a1taxi.a1taxicustomer, inputType=4002, inputTypeString=Number, enableLearning=false, autoCorrection=false, autoComplete=false, imeOptions=6, privateImeOptions=null, actionName=DONE, actionLabel=null, initialSelStart=0, initialSelEnd=0, initialCapsMode=2000, label=null, fieldId=397, fieldName=null, extras=Bundle[mParcelledData.dataSize=404], hintText=empty, hintLocales=[]}}, false)
10-20 00:56:15.895  5589  5589 I Module  : DeviceLockedStatusModuleProvider$Module.updateDeviceLockedStatus():100 repeatCheckTimes = 1, locked = false
10-20 00:56:15.896  5589  5589 I HardKeyTracker: HardKeyTracker.unregisterKeySequence():221 Unregister key sequence nfz{labelResId=0, callback=gds@ff71536, lastModifier=0, keyCodes=[57, 57], actions=[1, 0]}
10-20 00:56:15.896  5589  5589 I HardKeyTracker: HardKeyTracker.unregisterKeySequence():221 Unregister key sequence nfz{labelResId=0, callback=gds@fa7cf0d, lastModifier=0, keyCodes=[58, 58], actions=[1, 0]}
10-20 00:56:15.923 21104 22338 W anqe    : Failed to retrieve prediction data. [CONTEXT service_id=177 ]
10-20 00:56:15.923 21104 22338 W anqe    : java.util.concurrent.ExecutionException: fnpd: No active MDD filegroup android-autofill-infinitedata found for the table autofill-domain-predictions-prod-spanner.
10-20 00:56:15.923 21104 22338 W anqe    : 	at gpkb.j(:com.google.android.gms@254031035@25.40.31 (260400-816341114):21)
10-20 00:56:15.923 21104 22338 W anqe    : 	at gpkk.v(:com.google.android.gms@254031035@25.40.31 (260400-816341114):31)
10-20 00:56:15.923 21104 22338 W anqe    : 	at gpkb.get(:com.google.android.gms@254031035@25.40.31 (260400-816341114):2)
10-20 00:56:15.923 21104 22338 W anqe    : 	at anqe.e(:com.google.android.gms@254031035@25.40.31 (260400-816341114):81)
10-20 00:56:15.923 21104 22338 W anqe    : 	at anqe.a(:com.google.android.gms@254031035@25.40.31 (260400-816341114):124)
10-20 00:56:15.923 21104 22338 W anqe    : 	at anno.call(:com.google.android.gms@254031035@25.40.31 (260400-816341114):5)
10-20 00:56:15.923 21104 22338 W anqe    : 	at java.util.concurrent.FutureTask.run(FutureTask.java:317)
10-20 00:56:15.923 21104 22338 W anqe    : 	at bckr.c(:com.google.android.gms@254031035@25.40.31 (260400-816341114):50)
10-20 00:56:15.923 21104 22338 W anqe    : 	at bckr.run(:com.google.android.gms@254031035@25.40.31 (260400-816341114):73)
10-20 00:56:15.923 21104 22338 W anqe    : 	at java.util.concurrent.ThreadPoolExecutor.runWorker(ThreadPoolExecutor.java:1156)
10-20 00:56:15.923 21104 22338 W anqe    : 	at java.util.concurrent.ThreadPoolExecutor$Worker.run(ThreadPoolExecutor.java:651)
10-20 00:56:15.923 21104 22338 W anqe    : 	at bcqi.run(:com.google.android.gms@254031035@25.40.31 (260400-816341114):8)
10-20 00:56:15.923 21104 22338 W anqe    : 	at java.lang.Thread.run(Thread.java:1119)
10-20 00:56:15.923 21104 22338 W anqe    : Caused by: fnpd: No active MDD filegroup android-autofill-infinitedata found for the table autofill-domain-predictions-prod-spanner.
10-20 00:56:15.923 21104 22338 W anqe    : 	at fnpr.a(:com.google.android.gms@254031035@25.40.31 (260400-816341114):13)
10-20 00:56:15.923 21104 22338 W anqe    : 	at gpjr.d(:com.google.android.gms@254031035@25.40.31 (260400-816341114):3)
10-20 00:56:15.923 21104 22338 W anqe    : 	at gpjt.run(:com.google.android.gms@254031035@25.40.31 (260400-816341114):130)
10-20 00:56:15.923 21104 22338 W anqe    : 	at gpma.execute(:com.google.android.gms@254031035@25.40.31 (260400-816341114):1)
10-20 00:56:15.923 21104 22338 W anqe    : 	at gpkb.f(:com.google.android.gms@254031035@25.40.31 (260400-816341114):1)
10-20 00:56:15.923 21104 22338 W anqe    : 	at gpkb.m(:com.google.android.gms@254031035@25.40.31 (260400-816341114):99)
10-20 00:56:15.923 21104 22338 W anqe    : 	at gpkb.r(:com.google.android.gms@254031035@25.40.31 (260400-816341114):17)
10-20 00:56:15.923 21104 22338 W anqe    : 	at gpko.run(:com.google.android.gms@254031035@25.40.31 (260400-816341114):77)
10-20 00:56:15.923 21104 22338 W anqe    : 	at gpma.execute(:com.google.android.gms@254031035@25.40.31 (260400-816341114):1)
10-20 00:56:15.923 21104 22338 W anqe    : 	at gpkb.f(:com.google.android.gms@254031035@25.40.31 (260400-816341114):1)
10-20 00:56:15.923 21104 22338 W anqe    : 	at gpkb.m(:com.google.android.gms@254031035@25.40.31 (260400-816341114):99)
10-20 00:56:15.923 21104 22338 W anqe    : 	at gpkb.t(:com.google.android.gms@254031035@25.40.31 (260400-816341114):26)
10-20 00:56:15.923 21104 22338 W anqe    : 	at gpjr.e(:com.google.android.gms@254031035@25.40.31 (260400-816341114):3)
10-20 00:56:15.923 21104 22338 W anqe    : 	at gpjt.run(:com.google.android.gms@254031035@25.40.31 (260400-816341114):138)
10-20 00:56:15.923 21104 22338 W anqe    : 	at gpma.execute(:com.google.android.gms@254031035@25.40.31 (260400-816341114):1)
10-20 00:56:15.923 21104 22338 W anqe    : 	at gpkb.f(:com.google.android.gms@254031035@25.40.31 (260400-816341114):1)
10-20 00:56:15.923 21104 22338 W anqe    : 	at gpkb.m(:com.google.android.gms@254031035@25.40.31 (260400-816341114):99)
10-20 00:56:15.923 21104 22338 W anqe    : 	at gpkb.r(:com.google.android.gms@254031035@25.40.31 (260400-816341114):17)
10-20 00:56:15.923 21104 22338 W anqe    : 	at gpko.run(:com.google.android.gms@254031035@25.40.31 (260400-816341114):77)
10-20 00:56:15.923 21104 22338 W anqe    : 	at gpma.execute(:com.google.android.gms@254031035@25.40.31 (260400-816341114):1)
10-20 00:56:15.923 21104 22338 W anqe    : 	at gpkb.f(:com.google.android.gms@254031035@25.40.31 (260400-816341114):1)
10-20 00:56:15.923 21104 22338 W anqe    : 	at gpkb.m(:com.google.android.gms@254031035@25.40.31 (260400-816341114):99)
10-20 00:56:15.923 21104 22338 W anqe    : 	at gpkb.t(:com.google.android.gms@254031035@25.40.31 (260400-816341114):26)
10-20 00:56:15.923 21104 22338 W anqe    : 	at gpmx.run(:com.google.android.gms@254031035@25.40.31 (260400-816341114):5)
10-20 00:56:15.923 21104 22338 W anqe    : 	at gpma.execute(:com.google.android.gms@254031035@25.40.31 (260400-816341114):1)
10-20 00:56:15.923 21104 22338 W anqe    : 	at gpkb.f(:com.google.android.gms@254031035@25.40.31 (260400-816341114):1)
10-20 00:56:15.923 21104 22338 W anqe    : 	at gpkb.m(:com.google.android.gms@254031035@25.40.31 (260400-816341114):99)
10-20 00:56:15.923 21104 22338 W anqe    : 	at gpkb.t(:com.google.android.gms@254031035@25.40.31 (260400-816341114):26)
10-20 00:56:15.923 21104 22338 W anqe    : 	at gpkm.e(:com.google.android.gms@254031035@25.40.31 (260400-816341114):3)
10-20 00:56:15.923 21104 22338 W anqe    : 	at gpko.run(:com.google.android.gms@254031035@25.40.31 (260400-816341114):44)
10-20 00:56:15.923 21104 22338 W anqe    : 	at gpod.run(:com.google.android.gms@254031035@25.40.31 (260400-816341114):64)
10-20 00:56:15.923 21104 22338 W anqe    : 	... 6 more
10-20 00:56:15.923 21104 22338 W anqe    : Caused by: flxc: Requested group not found.
10-20 00:56:15.923 21104 22338 W anqe    : 	at flxa.a(:com.google.android.gms@254031035@25.40.31 (260400-816341114):30)
10-20 00:56:15.923 21104 22338 W anqe    : 	at fmce.a(:com.google.android.gms@254031035@25.40.31 (260400-816341114):19)
10-20 00:56:15.923 21104 22338 W anqe    : 	at ghbr.a(:com.google.android.gms@254031035@25.40.31 (260400-816341114):13)
10-20 00:56:15.923 21104 22338 W anqe    : 	at gpkm.d(:com.google.android.gms@254031035@25.40.31 (260400-816341114):3)
10-20 00:56:15.923 21104 22338 W anqe    : 	at gpko.run(:com.google.android.gms@254031035@25.40.31 (260400-816341114):38)
10-20 00:56:15.923 21104 22338 W anqe    : 	... 7 more
10-20 00:56:15.938 21163 25508 I SyncManager: (REDACTED) Executing sync(type=%s%s)
10-20 00:56:15.942 21163 25508 I SyncManager: (REDACTED) Executing sync(type=%s) finished in %s
10-20 00:56:15.945 21163 21967 I AutofillPreferences: The stored preference is not current autofill service. Clean permission. [CONTEXT service_id=177 ]
10-20 00:56:15.945 21163 21967 I AutofillPreferences: cleanPermission [CONTEXT service_id=177 ]
10-20 00:56:15.947 21163 21163 D BoundBrokerSvc: onBind: Intent { act=com.google.android.gms.auth.api.phone.service.InternalService.START dat=chimera-action:/... cmp=com.google.android.gms/.chimera.GmsInternalApiService }
10-20 00:56:15.947 21163 21163 D BoundBrokerSvc: Loading bound service for intent: Intent { act=com.google.android.gms.auth.api.phone.service.InternalService.START dat=chimera-action:/... cmp=com.google.android.gms/.chimera.GmsInternalApiService }
10-20 00:56:15.962 21163 21967 I AutofillPreferences: The stored preference is not current autofill service. Clean permission. [CONTEXT service_id=177 ]
10-20 00:56:15.962 21163 21967 I AutofillPreferences: cleanPermission [CONTEXT service_id=177 ]
10-20 00:56:16.272  1870  1870 D AutofillSession: Service did not request to wait for delayed fill response.
10-20 00:56:16.276 21104 21188 W Settings: Setting airplane_mode_on has moved from android.provider.Settings.System to android.provider.Settings.Global, returning read-only value.
10-20 00:56:16.279 21104 22018 W SystemServiceRegistry: No service published for: wifirtt
10-20 00:56:16.290 21104 21249 I WifiScanner: onFullResults
10-20 00:56:16.290 21104 21143 I WifiScanner: onFullResults
10-20 00:56:16.290 21104 21142 I WifiScanner: onFullResults
10-20 00:56:16.320 19723 19723 I ImeTracker: com.a1taxi.a1taxicustomer:7c4c4085: onRequestShow at ORIGIN_CLIENT reason SHOW_SOFT_INPUT fromUser true
10-20 00:56:16.321 21104 22463 I FrewleTileCacheManagerV: (REDACTED) Fetched %d AP models from cache
10-20 00:56:16.327  5589  5589 I StylusModule: StylusModule.onUpdateToolType():800 Update tool type = 1
10-20 00:56:16.329  5589  5589 I GoogleInputMethodService: GoogleInputMethodService.onStartInputView():1439 onStartInputView(EditorInfo{EditorInfo{packageName=com.a1taxi.a1taxicustomer, inputType=4002, inputTypeString=Number, enableLearning=false, autoCorrection=false, autoComplete=false, imeOptions=6, privateImeOptions=null, actionName=DONE, actionLabel=null, initialSelStart=0, initialSelEnd=0, initialCapsMode=2000, label=null, fieldId=397, fieldName=null, extras=Bundle[{android.support.text.emoji.emojiCompat_metadataVersion=11, androidx.core.view.inputmethod.EditorInfoCompat.STYLUS_HANDWRITING_ENABLED=true, android.support.text.emoji.emojiCompat_replaceAll=false}], hintText=empty, hintLocales=[]}}, false)
10-20 00:56:16.329  5589  5589 I KeyboardHeightUtil: KeyboardHeightUtil.getOemKeyboardHeightRatio():108 systemKeyboardHeightRatio:1.000000.
10-20 00:56:16.330  5589  5589 I AndroidIME: InputBundleManager.loadActiveInputBundleId():528 loadActiveInputBundleId: und-Latn-x-number, number
10-20 00:56:16.330  5589  5589 I KeyboardWrapper: KeyboardWrapper.activateKeyboard():581 activateKeyboard(): type=prime, status=INACTIVE, imeDef=mkk{stringId=number, language=und-Latn-x-number, languageTag=und-Latn-x-number, processedConditions={}, className=com.google.android.libraries.inputmethod.ime.DummyIme, label=2132019216, keyEventInterpreter=null, inlineComposing=true, autoCapital=false, announceAutoSelectedCandidate=false, statusIcon=0, indicatorIcon=0, indicatorLabel=null, displayAppCompletions=false, extraValues=mkd{}, processors=mmb@7d3d911, unacceptableMetaKeys=4098, languageSpecificSettings=0, asciiCapable=false, alwaysShowSuggestions=false, useAsciiPasswordKeyboard=false, keyboardGroupDef=mlk@821ce4, phenotypeFlagId=0, localizationLanguageTag=null, supportsInlineSuggestion=false}
10-20 00:56:16.330  5589  5589 I KeyboardManager: KeyboardManager.requestKeyboard():248 Creating keyboard prime, imeId=number, cacheKey=theme,!gsf,!pgsans,!pgsf,!use_system_font,BORDER,FLAVOR_DPI=XXHDPI,GOOGLE_ICONS,KEYBOARD_WIDTH_CATEGORY=NORMAL,KEY_BORDER_SHAPE=1,LIGHT_THEME=false,PHYSICAL_DIAGONAL=5.748144,POPUP,SCREEN_SHORTEST_WIDTH=393,SCREEN_SHORTEST_WIDTH_NO_SCALE=393,XXHDPI,bottom4dp,enable_emoji_kitchen_browse_color_v2=true,enable_google_fonts_icons=true,enable_popup_on_keypress=true,keyboard_redesign_google_sans=true,non_linear_scale,noshadow,overlay_builtin_dynamic_color_dark_base.binarypb:gm3-dark-ff131313-ffffffff-4d9204e36e3ccb6a165e3e3dbe763ce0,roundedchip,silkpopup
10-20 00:56:16.331  5589  5589 I KeyboardWrapper: KeyboardWrapper.onKeyboardReady():224 onKeyboardReady(): type=prime(prime), kb=com.google.android.apps.inputmethod.latin.keyboard.LatinNumberKeyboard@24d99a
10-20 00:56:16.331  5589  5589 I KeyboardWrapper: KeyboardWrapper.doActivateKeyboard():611 doActivateKeyboard(): prime
10-20 00:56:16.339  5589  5589 I KeyboardViewHelper: KeyboardViewHelper.getView():180 Get view with height ratio:1.000000
10-20 00:56:16.341 21104 21184 I FusedLocation: (REDACTED) location delivery to %s blocked - too close
10-20 00:56:16.341 21104 21184 I FusedLocation: (REDACTED) location delivery to %s blocked - too close
10-20 00:56:16.342 21104 21184 I FusedLocation: (REDACTED) location delivery to %s blocked - too close
10-20 00:56:16.342 21104 21184 I FusedLocation: (REDACTED) location delivery to %s blocked - too close
10-20 00:56:16.342 21104 21184 I FusedLocation: (REDACTED) location delivery to %s blocked - too close
10-20 00:56:16.342 21104 21184 I FusedLocation: (REDACTED) location delivery to %s blocked - too fast
10-20 00:56:16.343 21104 21184 I FusedLocation: (REDACTED) location delivery to %s blocked - too close
10-20 00:56:16.344 21104 21184 I FusedLocation: (REDACTED) location delivery to %s blocked - too fast
10-20 00:56:16.344 21104 21184 I FusedLocation: (REDACTED) location delivery to %s blocked - too fast
10-20 00:56:16.345 21104 21184 I fznc    : Received empty WiFi-RTT scan. [CONTEXT service_id=6 ]
10-20 00:56:16.349  5589  5589 I KeyboardHeightUtil: KeyboardHeightUtil.calculateMaxKeyboardBodyHeight():50 leave 267 height for app when ime window height:2171, header height:121 and isFullscreenMode:false, so the max keyboard body height is:1783
10-20 00:56:16.349  5589  5589 I GlobeKeyExtension: GlobeKeyExtension.getKeyboardInitialStates():175 
10-20 00:56:16.350  5589  5589 W Keyboard: Keyboard.getKeyboardViewHelper():609 null helper is returned: keyboardDef=mle{processedConditions={enable_access_points_in_password_number=true, enable_correction_settings_updates=true, layout_9key_split=false, language=en-US, deprecate_long_press_space_for_ime_picker=false, show_suggestion_strip=true, device=phone, expressions=normal}, globalConditions={global_theme_key=theme,!gsf,!pgsans,!pgsf,!use_system_font,BORDER,FLAVOR_DPI=XXHDPI,GOOGLE_ICONS,KEYBOARD_WIDTH_CATEGORY=NORMAL,KEY_BORDER_SHAPE=1,LIGHT_THEME=false,PHYSICAL_DIAGONAL=5.748144,POPUP,SCREEN_SHORTEST_WIDTH=393,SCREEN_SHORTEST_WIDTH_NO_SCALE=393,XXHDPI,bottom4dp,enable_emoji_kitchen_browse_color_v2=true,enable_google_fonts_icons=true,enable_popup_on_keypress=true,keyboard_redesign_google_sans=true,non_linear_scale,noshadow,overlay_builtin_dynamic_color_dark_base.binarypb:gm3-dark-ff131313-ffffffff-4d9204e36e3ccb6a165e3e3dbe763ce0,roundedchip,silkpopup, global_locale=en_US, global_density_dpi=440, global_orientation=1}, className=.latin.keyboard.LatinNumberKeyboard, resourceIds=[#0x7f17086b], initialStates=0, keyboardViewDefs=[mls{direction=LOCALE, id=#0x7f0b0224, isScalable=false, layoutId=#0x7f0e0500, type=HEADER, touchable=true, defaultShow=true}, mls{direction=null, id=#0x7f0b0224, isScalable=true, layoutId=#0x7f0e0556, type=BODY, touchable=true, defaultShow=true}], persistentStates=0, persistentStatesPrefKey=null, popupBubbleLayoutId=#0x7f0e05f1, recentKeyLayoutId=0, recentKeyPopupLayoutId=0, recentKeyType=null, rememberRecentKey=NONE, sessionStates=0}, type=FLOATING_CANDIDATES, helpersCreated=[lxm@6c6f06c, lxm@f7d7635, null, null], context.getResources().getConfiguration(): {1.0 405mcc869mnc [en_US] ldltr sw393dp w393dp h790dp 440dpi nrml long port night finger -keyb/v/h -nav/h winConfig={ mBounds=Rect(0, 0 - 1080, 2392) mAppBounds=Rect(0, 103 - 1080, 2276) mMaxBounds=Rect(0, 0 - 1080, 2392) mDisplayRotation=ROTATION_0 mWindowingMode=fullscreen mActivityType=undefined mAlwaysOnTop=undefined mRotation=ROTATION_0 isEmbedding:false} s.5420 fontWeightAdjustment=0 themeId=2 themeParameter=0 nightModeLevel = -1 typefaceChanged=0.0 ?spacesystem eaMode=1}
10-20 00:56:16.350  5589  5589 W Keyboard: Keyboard.getKeyboardViewHelper():609 null helper is returned: keyboardDef=mle{processedConditions={enable_access_points_in_password_number=true, enable_correction_settings_updates=true, layout_9key_split=false, language=en-US, deprecate_long_press_space_for_ime_picker=false, show_suggestion_strip=true, device=phone, expressions=normal}, globalConditions={global_theme_key=theme,!gsf,!pgsans,!pgsf,!use_system_font,BORDER,FLAVOR_DPI=XXHDPI,GOOGLE_ICONS,KEYBOARD_WIDTH_CATEGORY=NORMAL,KEY_BORDER_SHAPE=1,LIGHT_THEME=false,PHYSICAL_DIAGONAL=5.748144,POPUP,SCREEN_SHORTEST_WIDTH=393,SCREEN_SHORTEST_WIDTH_NO_SCALE=393,XXHDPI,bottom4dp,enable_emoji_kitchen_browse_color_v2=true,enable_google_fonts_icons=true,enable_popup_on_keypress=true,keyboard_redesign_google_sans=true,non_linear_scale,noshadow,overlay_builtin_dynamic_color_dark_base.binarypb:gm3-dark-ff131313-ffffffff-4d9204e36e3ccb6a165e3e3dbe763ce0,roundedchip,silkpopup, global_locale=en_US, global_density_dpi=440, global_orientation=1}, className=.latin.keyboard.LatinNumberKeyboard, resourceIds=[#0x7f17086b], initialStates=0, keyboardViewDefs=[mls{direction=LOCALE, id=#0x7f0b0224, isScalable=false, layoutId=#0x7f0e0500, type=HEADER, touchable=true, defaultShow=true}, mls{direction=null, id=#0x7f0b0224, isScalable=true, layoutId=#0x7f0e0556, type=BODY, touchable=true, defaultShow=true}], persistentStates=0, persistentStatesPrefKey=null, popupBubbleLayoutId=#0x7f0e05f1, recentKeyLayoutId=0, recentKeyPopupLayoutId=0, recentKeyType=null, rememberRecentKey=NONE, sessionStates=0}, type=WIDGET, helpersCreated=[lxm@6c6f06c, lxm@f7d7635, null, null], context.getResources().getConfiguration(): {1.0 405mcc869mnc [en_US] ldltr sw393dp w393dp h790dp 440dpi nrml long port night finger -keyb/v/h -nav/h winConfig={ mBounds=Rect(0, 0 - 1080, 2392) mAppBounds=Rect(0, 103 - 1080, 2276) mMaxBounds=Rect(0, 0 - 1080, 2392) mDisplayRotation=ROTATION_0 mWindowingMode=fullscreen mActivityType=undefined mAlwaysOnTop=undefined mRotation=ROTATION_0 isEmbedding:false} s.5420 fontWeightAdjustment=0 themeId=2 themeParameter=0 nightModeLevel = -1 typefaceChanged=0.0 ?spacesystem eaMode=1}
10-20 00:56:16.350  5589  5589 I AndroidIME: InputBundleManager.startInput():358 startInput() with mlo[keyboardType=prime, payload=null]
10-20 00:56:16.350  5589  5589 I GlobeKeyExtension: GlobeKeyExtension.onActivate():120 
10-20 00:56:16.352  5589  5589 I LanguagePromoExtension: LanguagePromoExtension.checkDisplayPreconditions():174 Not show language promo: exceeds the max display times.
10-20 00:56:16.352  5589  5589 I NewLanguagePromptExtension: NewLanguagePromptExtension.onActivate():189 Not activated NewLanguagePromptExtension: not a normal text input box.
10-20 00:56:16.352  5589  5589 I VoiceInputManagerWrapper: VoiceInputManagerWrapper.cancelShutdown():109 cancelShutdown()
10-20 00:56:16.352  5589  5589 I VoiceInputManagerWrapper: VoiceInputManagerWrapper.syncLanguagePacks():121 syncLanguagePacks()
10-20 00:56:16.352  5589  5589 I VoiceInputManager: VoiceInputManager.onKeyboardActivated():1173 onKeyboardActivated() [UD]
10-20 00:56:16.352  5589  5589 I PkModeUpdater: PkModeUpdater.onActivate():74 onActivate false true
10-20 00:56:16.352  5589  5589 I AccessoryInputModeManager: AccessoryInputModeManager.onModeStarted():318 Accessory input mode started: null
10-20 00:56:16.352  5589  5589 W SupplementaryKeyboardsWrapper: SupplementaryKeyboardsWrapper.deactivateKeyboard():161 keyboard accessory_candidates_consumer is not activated before!
10-20 00:56:16.352  5589  6558 I SpeechFactory: SpeechRecognitionFactory.maybeScheduleAutoPackDownloadForFallback():217 maybeScheduleAutoPackDownloadForFallback()
10-20 00:56:16.352  5589  6558 I FallbackOnDeviceRecognitionProvider: FallbackOnDeviceRecognitionProvider.maybeScheduleAutoPackDownload():205 maybeScheduleAutoPackDownload() for language tag en-US
10-20 00:56:16.352  5589  5589 I KeyboardModeUtils: KeyboardModeUtils.getKeyboardBottomOffset():435 inch: 0.000000 ydpi: 387.429993 adjustKeyboardBottomByDisplaySize: false currentDensityDpi: 440 defaultDensityDpi: 440 keyboardBottomToScreenPx: 0 keyboardBottomToNavBarPx: -116 navBarHeight: 116
10-20 00:56:16.353  5589  5589 I KeyboardHeightUtil: KeyboardHeightUtil.calculateMaxKeyboardBodyHeight():50 leave 267 height for app when ime window height:2171, header height:121 and isFullscreenMode:false, so the max keyboard body height is:1783
10-20 00:56:16.353  5589  5589 I KeyboardHeightUtil: KeyboardHeightUtil.calculateMaxKeyboardBodyHeight():50 leave 267 height for app when ime window height:2171, header height:121 and isFullscreenMode:false, so the max keyboard body height is:1783
10-20 00:56:16.353  5589  5589 I AndroidIME: KeyboardViewManager.updateKeyboardBodyViewHolderPaddingBottom():472 Set finalPaddingBottom = 5 while holderPaddingBottom = 5; navigationHeight = 116
10-20 00:56:16.353  5589  5589 I KeyboardHeightUtil: KeyboardHeightUtil.calculateMaxKeyboardBodyHeight():50 leave 267 height for app when ime window height:2171, header height:121 and isFullscreenMode:false, so the max keyboard body height is:1783
10-20 00:56:16.353  5589  5589 I KeyboardHeightUtil: KeyboardHeightUtil.calculateMaxKeyboardBodyHeight():50 leave 267 height for app when ime window height:2171, header height:121 and isFullscreenMode:false, so the max keyboard body height is:1783
10-20 00:56:16.353  5589  5589 W ExtensionWrapper: ExtensionWrapper.setExtensionViewVisibility():811 interface mas is not activate
10-20 00:56:16.354  5589  5589 I Module  : DeviceLockedStatusModuleProvider$Module.updateDeviceLockedStatus():100 repeatCheckTimes = 1, locked = false
10-20 00:56:16.356  3458  3458 V InlinePresentationRendererServiceImpl: onRenderSuggestion: width=-2, height=-2
10-20 00:56:16.361  5589  5589 D ViewRootImpl: AppSizeAfterRelayout, size: Point(1080, 2287), rotation: ROTATION_0
10-20 00:56:16.361  5589  5589 D BufferQueueConsumer: [](id:15d5000009e5,api:0,p:-1,c:5589) connect: controlledByApp=false
10-20 00:56:16.361  5589  5589 D BLASTBufferQueue: [VRI[InputMethod]#2533](f:0,a:0) constructor()
10-20 00:56:16.361  5589  5589 D BLASTBufferQueue: [VRI[InputMethod]#2533](f:0,a:0) update width=1080 height=2287 format=-2 mTransformHint=0
10-20 00:56:16.362  3458  3458 V InlineSuggestionRenderService: width=-2, height=-2, measuredSize=660x121
10-20 00:56:16.362  5589  5589 I KeyboardModeUtils: KeyboardModeUtils.getKeyboardBottomOffset():435 inch: 0.000000 ydpi: 387.429993 adjustKeyboardBottomByDisplaySize: false currentDensityDpi: 440 defaultDensityDpi: 440 keyboardBottomToScreenPx: 0 keyboardBottomToNavBarPx: -116 navBarHeight: 116
10-20 00:56:16.362  5589  5589 I KeyboardHeightUtil: KeyboardHeightUtil.calculateMaxKeyboardBodyHeight():50 leave 267 height for app when ime window height:2171, header height:121 and isFullscreenMode:false, so the max keyboard body height is:1783
10-20 00:56:16.362  5589  5589 I KeyboardHeightUtil: KeyboardHeightUtil.calculateMaxKeyboardBodyHeight():50 leave 267 height for app when ime window height:2171, header height:121 and isFullscreenMode:false, so the max keyboard body height is:1783
10-20 00:56:16.362  5589  5589 I AndroidIME: KeyboardViewManager.updateKeyboardBodyViewHolderPaddingBottom():472 Set finalPaddingBottom = 5 while holderPaddingBottom = 5; navigationHeight = 116
10-20 00:56:16.362  5589  5589 I WindowMetricsNotification: WindowMetricsNotification.notifyWithWindow():166 
10-20 00:56:16.362  5589  5589 I WindowMetricsNotification: WindowMetricsNotification.notify():159 pfu[bounds=Rect(0, 105 - 1080, 2392), insets=Rect(0, 0 - 0, 116), densityDpi=440, smallestScreenWidthDp=393, displayWidth=1080, displayHeight=2392, xdpi=387.43, ydpi=387.43, isTrustable=true, displayId=0]; DisplayMetrics{density=2.75, width=1080, height=2392, scaledDensity=2.75, xdpi=387.43, ydpi=387.43}
10-20 00:56:16.373  5589  5657 D BLASTBufferQueue: [VRI[InputMethod]#2533](f:0,a:1) acquireNextBufferLocked size=1080x2287 mFrameNumber=1 applyTransaction=true mTimestamp=662898249267126(auto) mPendingTransactions.size=0 graphicBufferId=24004572225399 transform=0
10-20 00:56:16.374  5589  5589 I GoogleInputMethodService: GoogleInputMethodService$1.onKeyboardViewShown():325 onKeyboardViewShown: keyboardType=prime, keyboardViewType=HEADER keyboardView=com.google.android.libraries.inputmethod.widgets.SoftKeyboardView{ed882ab V.E...... ........ 0,0-1080,121}
10-20 00:56:16.375  5589  5589 I KeyboardHeightUtil: KeyboardHeightUtil.calculateMaxKeyboardBodyHeight():50 leave 267 height for app when ime window height:2171, header height:121 and isFullscreenMode:false, so the max keyboard body height is:1783
10-20 00:56:16.375  5589  5589 I GoogleInputMethodService: GoogleInputMethodService$1.onKeyboardViewShown():325 onKeyboardViewShown: keyboardType=prime, keyboardViewType=BODY keyboardView=com.google.android.libraries.inputmethod.widgets.SoftKeyboardView{8f3d729 V.E...... ........ 0,0-1080,580}
10-20 00:56:16.375  5589  5589 I KeyboardHeightUtil: KeyboardHeightUtil.calculateMaxKeyboardBodyHeight():50 leave 267 height for app when ime window height:2171, header height:121 and isFullscreenMode:false, so the max keyboard body height is:1783
10-20 00:56:16.375  5589  5589 I GlobeKeyExtension: GlobeKeyExtension$1.onKeyboardViewShown():72 maybeDisableLanguageSwitchKeyPref when the keyboard is shown
10-20 00:56:16.375  5589  5589 I GlobeKeyExtension: GlobeKeyExtension.maybeDisableLanguageSwitchKeyPref():200 maybeDisableLanguageSwitchKeyPref hasGlobeKeyBeenDisabled: false, shouldDisableLanguageSwitchKey: false
10-20 00:56:16.375  5589  5589 I NewLanguagePromptExtension: NewLanguagePromptExtension$1.onKeyboardViewShown():88 Not show new language banner: not prime keyboard, or the extension not activated.
10-20 00:56:16.376  3458  3458 D ViewRootImpl: AppSizeAfterRelayout, size: Point(660, 121), rotation: ROTATION_0
10-20 00:56:16.377  3458  3458 D BufferQueueConsumer: [](id:d8200000289,api:0,p:-1,c:3458) connect: controlledByApp=false
10-20 00:56:16.377  3458  3458 D BLASTBufferQueue: [VRI[]#649](f:0,a:0) constructor()
10-20 00:56:16.377  3458  3458 D BLASTBufferQueue: [VRI[]#649](f:0,a:0) update width=660 height=121 format=-2 mTransformHint=0
10-20 00:56:16.378 19723 19723 D InsetsController: show(ime(), fromIme=true)
10-20 00:56:16.382  1870  1976 D AutofillSession: onShown(): 2, 1
10-20 00:56:16.383  3458 31463 D BLASTBufferQueue: [VRI[]#649](f:0,a:1) acquireNextBufferLocked size=660x121 mFrameNumber=1 applyTransaction=true mTimestamp=662898259607433(auto) mPendingTransactions.size=0 graphicBufferId=14851996914111 transform=0
10-20 00:56:16.384  5589  5589 I ProactiveSuggestionsHolderManager: ProactiveSuggestionsHolderManager$2.display():195 Requesting to show proactive suggestions: AUTO_FILL PREEMPTIVE_WITH_SUPPRESSION
10-20 00:56:16.389  5589  5589 D BufferQueueConsumer: [](id:15d5000009e6,api:0,p:-1,c:5589) connect: controlledByApp=false
10-20 00:56:16.389  5589  5589 D BLASTBufferQueue: [SurfaceView[InputMethod]#2534](f:0,a:0) constructor()
10-20 00:56:16.389  5589  5589 D BLASTBufferQueue: [SurfaceView[InputMethod]#2534](f:0,a:0) update width=770 height=121 format=-2 mTransformHint=0
10-20 00:56:16.391  1870  2605 D BatteryStatsService: noteVideoSurfaceChanged  noteWhich: 49,arg1: 770, arg2: 121, arg3: 5589, arg4: 112395, name: com.google.android.inputmethod.latin
10-20 00:56:16.392  5589  5589 I ProactiveSuggestionsHolderManager: ProactiveSuggestionsHolderManager$Holder.setSuggestionsAndShow():898 succeed to show proactive suggestions AUTO_FILL PREEMPTIVE_WITH_SUPPRESSION
10-20 00:56:16.395  5589  5589 I KeyboardModeUtils: KeyboardModeUtils.getKeyboardBottomOffset():435 inch: 0.000000 ydpi: 387.429993 adjustKeyboardBottomByDisplaySize: false currentDensityDpi: 440 defaultDensityDpi: 440 keyboardBottomToScreenPx: 0 keyboardBottomToNavBarPx: -116 navBarHeight: 116
10-20 00:56:16.395  5589  5589 I KeyboardHeightUtil: KeyboardHeightUtil.calculateMaxKeyboardBodyHeight():50 leave 267 height for app when ime window height:2171, header height:121 and isFullscreenMode:false, so the max keyboard body height is:1783
10-20 00:56:16.395  5589  5589 I KeyboardHeightUtil: KeyboardHeightUtil.calculateMaxKeyboardBodyHeight():50 leave 267 height for app when ime window height:2171, header height:121 and isFullscreenMode:false, so the max keyboard body height is:1783
10-20 00:56:16.395  5589  5589 I AndroidIME: KeyboardViewManager.updateKeyboardBodyViewHolderPaddingBottom():472 Set finalPaddingBottom = 5 while holderPaddingBottom = 5; navigationHeight = 116
10-20 00:56:16.397  5589  5589 D BufferQueueConsumer: [](id:15d5000009e7,api:0,p:-1,c:5589) connect: controlledByApp=false
10-20 00:56:16.397  5589  5589 D BLASTBufferQueue: [SurfaceView[InputMethod]#2535](f:0,a:0) constructor()
10-20 00:56:16.397  5589  5589 D BLASTBufferQueue: [SurfaceView[InputMethod]#2535](f:0,a:0) update width=660 height=121 format=-2 mTransformHint=0
10-20 00:56:16.399  1870  2891 D BatteryStatsService: noteVideoSurfaceChanged  noteWhich: 49,arg1: 660, arg2: 121, arg3: 5589, arg4: 114111, name: com.google.android.inputmethod.latin
10-20 00:56:16.402  5589  5657 D BLASTBufferQueue: [SurfaceView[InputMethod]#2535](f:0,a:1) acquireNextBufferLocked size=660x121 mFrameNumber=1 applyTransaction=true mTimestamp=662898278091126(auto) mPendingTransactions.size=0 graphicBufferId=24004572225401 transform=0
10-20 00:56:16.403  1870  2891 D BatteryStatsService: noteVideoSurfaceChanged  noteWhich: 49,arg1: 330, arg2: 13, arg3: 5589, arg4: 114111, name: com.google.android.inputmethod.latin
10-20 00:56:16.404  1870  2891 D BatteryStatsService: noteVideoSurfaceChanged  noteWhich: 49,arg1: 770, arg2: 121, arg3: 5589, arg4: 112395, name: com.google.android.inputmethod.latin
10-20 00:56:16.411  1870  2605 D BatteryStatsService: noteVideoSurfaceChanged  noteWhich: 49,arg1: 402, arg2: 37, arg3: 5589, arg4: 114111, name: com.google.android.inputmethod.latin
10-20 00:56:16.420  1870  3603 D BatteryStatsService: noteVideoSurfaceChanged  noteWhich: 49,arg1: 460, arg2: 55, arg3: 5589, arg4: 114111, name: com.google.android.inputmethod.latin
10-20 00:56:16.438  1870  3603 D BatteryStatsService: noteVideoSurfaceChanged  noteWhich: 49,arg1: 514, arg2: 73, arg3: 5589, arg4: 114111, name: com.google.android.inputmethod.latin
10-20 00:56:16.455  1870  3603 D BatteryStatsService: noteVideoSurfaceChanged  noteWhich: 49,arg1: 560, arg2: 89, arg3: 5589, arg4: 114111, name: com.google.android.inputmethod.latin
10-20 00:56:16.470  1870  3603 D BatteryStatsService: noteVideoSurfaceChanged  noteWhich: 49,arg1: 596, arg2: 101, arg3: 5589, arg4: 114111, name: com.google.android.inputmethod.latin
10-20 00:56:16.486  1870  2605 D BatteryStatsService: noteVideoSurfaceChanged  noteWhich: 49,arg1: 624, arg2: 109, arg3: 5589, arg4: 114111, name: com.google.android.inputmethod.latin
10-20 00:56:16.506  1870  2605 D BatteryStatsService: noteVideoSurfaceChanged  noteWhich: 49,arg1: 646, arg2: 117, arg3: 5589, arg4: 114111, name: com.google.android.inputmethod.latin
10-20 00:56:16.521  1870  2605 D BatteryStatsService: noteVideoSurfaceChanged  noteWhich: 49,arg1: 656, arg2: 121, arg3: 5589, arg4: 114111, name: com.google.android.inputmethod.latin
10-20 00:56:16.540 21163 21163 D BoundBrokerSvc: onUnbind: Intent { act=com.google.android.gms.inappreach.service.START dat=chimera-action:/... cmp=com.google.android.gms/.chimera.GmsApiService }
10-20 00:56:16.540  1870  2605 D BatteryStatsService: noteVideoSurfaceChanged  noteWhich: 49,arg1: 660, arg2: 121, arg3: 5589, arg4: 114111, name: com.google.android.inputmethod.latin
10-20 00:56:16.592 19723 19723 I ImeTracker: com.a1taxi.a1taxicustomer:7c4c4085: onShown
10-20 00:56:17.511 21104 21184 I FusedLocation: (REDACTED) location delivery to %s blocked - too close
10-20 00:56:17.511 21104 21184 I FusedLocation: (REDACTED) location delivery to %s blocked - too close
10-20 00:56:17.513 21104 21184 I FusedLocation: (REDACTED) location delivery to %s blocked - too close
10-20 00:56:17.514 21104 21184 I FusedLocation: (REDACTED) location delivery to %s blocked - too close
10-20 00:56:17.514 21104 21184 I FusedLocation: (REDACTED) location delivery to %s blocked - too close
10-20 00:56:17.515 21104 21184 I FusedLocation: (REDACTED) location delivery to %s blocked - too fast
10-20 00:56:17.517 21104 21184 I FusedLocation: (REDACTED) location delivery to %s blocked - too close
10-20 00:56:17.520 21104 21184 I FusedLocation: (REDACTED) location delivery to %s blocked - too fast
10-20 00:56:18.541  5589  5589 W TooltipLifecycleManager: TooltipLifecycleManager.dismissTooltips():153 Tooltip with id SUGGESTION_VIEW_EDU_MINI_DIALOG not found in tooltipManager.
10-20 00:56:18.544  1870  3606 D BatteryStatsService: noteVideoSurfaceChanged  noteWhich: 49,arg1: -1, arg2: -1, arg3: 5589, arg4: 114111, name: com.google.android.inputmethod.latin
10-20 00:56:18.546  5589  5657 E BufferQueueProducer: [SurfaceView[InputMethod]#2535(BLAST Consumer)2535](id:15d5000009e7,api:0,p:-1,c:5589) disconnect: not connected (req=1)
10-20 00:56:18.546  5589  5657 W libEGL  : EGLNativeWindowType 0xb4000077e0268430 disconnect failed
10-20 00:56:18.546  5589  5589 D BLASTBufferQueue: [SurfaceView[InputMethod]#2535](f:0,a:1) destructor()
10-20 00:56:18.547  5589  5589 D BufferQueueConsumer: [SurfaceView[InputMethod]#2535(BLAST Consumer)2535](id:15d5000009e7,api:0,p:-1,c:5589) disconnect
10-20 00:56:18.550  5589  5589 W TooltipLifecycleManager: TooltipLifecycleManager.dismissTooltips():153 Tooltip with id SUGGESTION_VIEW_EDU_MINI_DIALOG not found in tooltipManager.
10-20 00:56:18.556  5589  5589 I KeyboardModeUtils: KeyboardModeUtils.getKeyboardBottomOffset():435 inch: 0.000000 ydpi: 387.429993 adjustKeyboardBottomByDisplaySize: false currentDensityDpi: 440 defaultDensityDpi: 440 keyboardBottomToScreenPx: 0 keyboardBottomToNavBarPx: -116 navBarHeight: 116
10-20 00:56:18.557  5589  5589 I KeyboardHeightUtil: KeyboardHeightUtil.calculateMaxKeyboardBodyHeight():50 leave 267 height for app when ime window height:2171, header height:121 and isFullscreenMode:false, so the max keyboard body height is:1783
10-20 00:56:18.557  5589  5589 I KeyboardHeightUtil: KeyboardHeightUtil.calculateMaxKeyboardBodyHeight():50 leave 267 height for app when ime window height:2171, header height:121 and isFullscreenMode:false, so the max keyboard body height is:1783
10-20 00:56:18.557  5589  5589 I AndroidIME: KeyboardViewManager.updateKeyboardBodyViewHolderPaddingBottom():472 Set finalPaddingBottom = 5 while holderPaddingBottom = 5; navigationHeight = 116
10-20 00:56:18.563  5589  5589 W TooltipLifecycleManager: TooltipLifecycleManager.dismissTooltips():153 Tooltip with id SUGGESTION_VIEW_EDU_MINI_DIALOG not found in tooltipManager.
10-20 00:56:18.607 19723 19723 I ImeTracker: com.a1taxi.a1taxicustomer:7056acff: onRequestShow at ORIGIN_CLIENT reason SHOW_SOFT_INPUT fromUser false
10-20 00:56:18.612  1870  2891 D BatteryStatsService: noteVideoSurfaceChanged  noteWhich: 49,arg1: -1, arg2: -1, arg3: 5589, arg4: 112395, name: com.google.android.inputmethod.latin
10-20 00:56:18.612  5589  5589 D BLASTBufferQueue: [SurfaceView[InputMethod]#2534](f:0,a:0) destructor()
10-20 00:56:18.612  5589  5589 D BufferQueueConsumer: [SurfaceView[InputMethod]#2534(BLAST Consumer)2534](id:15d5000009e6,api:0,p:-1,c:5589) disconnect
10-20 00:56:18.615  5589  5589 I GoogleInputMethodService: GoogleInputMethodService.onFinishInputView():1571 onFinishInputView(true)
10-20 00:56:18.615  5589  5589 I GlobeKeyExtension: GlobeKeyExtension.onDeactivate():144 
10-20 00:56:18.616  5589  5589 W TooltipLifecycleManager: TooltipLifecycleManager.dismissTooltips():153 Tooltip with id SUGGESTION_VIEW_EDU_MINI_DIALOG not found in tooltipManager.
10-20 00:56:18.617  5589  5589 I VoiceInputManagerWrapper: VoiceInputManagerWrapper.shutdown():131 shutdown()
10-20 00:56:18.617  5589  5589 W TooltipLifecycleManager: TooltipLifecycleManager.dismissTooltips():153 Tooltip with id spell_check_add_to_dictionary not found in tooltipManager.
