10-19 17:12:54.600  5589  5589 W Keyboard: Keyboard.getKeyboardViewHelper():609 null helper is returned: keyboardDef=mle{processedConditions={enable_access_points_in_password_number=true, enable_correction_settings_updates=true, layout_9key_split=false, language=en-US, deprecate_long_press_space_for_ime_picker=false, show_suggestion_strip=true, device=phone, expressions=normal}, globalConditions={global_theme_key=theme,!gsf,!pgsans,!pgsf,!use_system_font,BORDER,FLAVOR_DPI=XXHDPI,GOOGLE_ICONS,KEYBOARD_WIDTH_CATEGORY=NORMAL,KEY_BORDER_SHAPE=1,LIGHT_THEME=false,PHYSICAL_DIAGONAL=5.748144,POPUP,SCREEN_SHORTEST_WIDTH=393,SCREEN_SHORTEST_WIDTH_NO_SCALE=393,XXHDPI,bottom4dp,enable_emoji_kitchen_browse_color_v2=true,enable_google_fonts_icons=true,enable_popup_on_keypress=true,keyboard_redesign_google_sans=true,non_linear_scale,noshadow,overlay_builtin_dynamic_color_dark_base.binarypb:gm3-dark-ff131313-ffffffff-4d9204e36e3ccb6a165e3e3dbe763ce0,roundedchip,silkpopup, global_locale=en_US, global_density_dpi=440, global_orientation=1}, className=.latin.keyboard.LatinNumberKeyboard, resourceIds=[#0x7f17086b], initialStates=0, keyboardViewDefs=[mls{direction=LOCALE, id=#0x7f0b0224, isScalable=false, layoutId=#0x7f0e0500, type=HEADER, touchable=true, defaultShow=true}, mls{direction=null, id=#0x7f0b0224, isScalable=true, layoutId=#0x7f0e0556, type=BODY, touchable=true, defaultShow=true}], persistentStates=0, persistentStatesPrefKey=null, popupBubbleLayoutId=#0x7f0e05f1, recentKeyLayoutId=0, recentKeyPopupLayoutId=0, recentKeyType=null, rememberRecentKey=NONE, sessionStates=0}, type=WIDGET, helpersCreated=[lxm@e7604a8, lxm@f9b5bc1, null, null], context.getResources().getConfiguration(): {1.0 405mcc869mnc [en_US] ldltr sw393dp w393dp h790dp 440dpi nrml long port night finger -keyb/v/h -nav/h winConfig={ mBounds=Rect(0, 0 - 1080, 2392) mAppBounds=Rect(0, 103 - 1080, 2276) mMaxBounds=Rect(0, 0 - 1080, 2392) mDisplayRotation=ROTATION_0 mWindowingMode=fullscreen mActivityType=undefined mAlwaysOnTop=undefined mRotation=ROTATION_0 isEmbedding:false} s.5420 fontWeightAdjustment=0 themeId=2 themeParameter=0 nightModeLevel = -1 typefaceChanged=0.0 ?spacesystem eaMode=1}
10-19 17:12:54.600  5589  5589 I AndroidIME: InputBundleManager.startInput():358 startInput() with mlo[keyboardType=prime, payload=null]
10-19 17:12:54.600  5589  5589 I GlobeKeyExtension: GlobeKeyExtension.onDeactivate():144 
10-19 17:12:54.601  5589  5589 W TooltipLifecycleManager: TooltipLifecycleManager.dismissTooltips():153 Tooltip with id SUGGESTION_VIEW_EDU_MINI_DIALOG not found in tooltipManager.
10-19 17:12:54.605  5589  5589 I VoiceInputManagerWrapper: VoiceInputManagerWrapper.shutdown():131 shutdown()
10-19 17:12:54.606  5589  5589 I GlobeKeyExtension: GlobeKeyExtension.onActivate():120 
10-19 17:12:54.608  5589  5589 I LanguagePromoExtension: LanguagePromoExtension.checkDisplayPreconditions():174 Not show language promo: exceeds the max display times.
10-19 17:12:54.609  5589  5589 I NewLanguagePromptExtension: NewLanguagePromptExtension.onActivate():189 Not activated NewLanguagePromptExtension: not a normal text input box.
10-19 17:12:54.610  5589  5589 I VoiceInputManagerWrapper: VoiceInputManagerWrapper.cancelShutdown():109 cancelShutdown()
10-19 17:12:54.610  5589  5589 I VoiceInputManagerWrapper: VoiceInputManagerWrapper.syncLanguagePacks():121 syncLanguagePacks()
10-19 17:12:54.610  5589  5589 I VoiceInputManager: VoiceInputManager.onKeyboardActivated():1173 onKeyboardActivated() [UD]
10-19 17:12:54.610  5589  6558 I SpeechFactory: SpeechRecognitionFactory.maybeScheduleAutoPackDownloadForFallback():217 maybeScheduleAutoPackDownloadForFallback()
10-19 17:12:54.610  5589  5589 I PkModeUpdater: PkModeUpdater.onActivate():74 onActivate false true
10-19 17:12:54.610  5589  5589 I AccessoryInputModeManager: AccessoryInputModeManager.onModeStarted():318 Accessory input mode started: null
10-19 17:12:54.610  5589  6558 I FallbackOnDeviceRecognitionProvider: FallbackOnDeviceRecognitionProvider.maybeScheduleAutoPackDownload():205 maybeScheduleAutoPackDownload() for language tag en-US
10-19 17:12:54.610  5589  5589 W SupplementaryKeyboardsWrapper: SupplementaryKeyboardsWrapper.deactivateKeyboard():161 keyboard accessory_candidates_consumer is not activated before!
10-19 17:12:54.611  3458  3458 D ViewRootImpl: AppSizeAfterRelayout, size: Point(660, 121), rotation: ROTATION_0
10-19 17:12:54.611  3458  3458 D BufferQueueConsumer: [](id:d82000001d9,api:0,p:-1,c:3458) connect: controlledByApp=false
10-19 17:12:54.611  3458  3458 D BLASTBufferQueue: [VRI[]#473](f:0,a:0) constructor()
10-19 17:12:54.612  3458  3458 D BLASTBufferQueue: [VRI[]#473](f:0,a:0) update width=660 height=121 format=-2 mTransformHint=0
10-19 17:12:54.612  5589  5589 I KeyboardModeUtils: KeyboardModeUtils.getKeyboardBottomOffset():435 inch: 0.000000 ydpi: 387.429993 adjustKeyboardBottomByDisplaySize: false currentDensityDpi: 440 defaultDensityDpi: 440 keyboardBottomToScreenPx: 0 keyboardBottomToNavBarPx: -116 navBarHeight: 116
10-19 17:12:54.612  5589  5589 I KeyboardHeightUtil: KeyboardHeightUtil.calculateMaxKeyboardBodyHeight():50 leave 267 height for app when ime window height:2171, header height:121 and isFullscreenMode:false, so the max keyboard body height is:1783
10-19 17:12:54.612  5589  5589 I KeyboardHeightUtil: KeyboardHeightUtil.calculateMaxKeyboardBodyHeight():50 leave 267 height for app when ime window height:2171, header height:121 and isFullscreenMode:false, so the max keyboard body height is:1783
10-19 17:12:54.612  5589  5589 I AndroidIME: KeyboardViewManager.updateKeyboardBodyViewHolderPaddingBottom():472 Set finalPaddingBottom = 5 while holderPaddingBottom = 5; navigationHeight = 116
10-19 17:12:54.612  5589  5589 I KeyboardHeightUtil: KeyboardHeightUtil.calculateMaxKeyboardBodyHeight():50 leave 267 height for app when ime window height:2171, header height:121 and isFullscreenMode:false, so the max keyboard body height is:1783
10-19 17:12:54.612  5589  5589 I KeyboardHeightUtil: KeyboardHeightUtil.calculateMaxKeyboardBodyHeight():50 leave 267 height for app when ime window height:2171, header height:121 and isFullscreenMode:false, so the max keyboard body height is:1783
10-19 17:12:54.613  5589  5589 W ExtensionWrapper: ExtensionWrapper.setExtensionViewVisibility():811 interface mas is not activate
10-19 17:12:54.614  5589  5589 I Module  : DeviceLockedStatusModuleProvider$Module.updateDeviceLockedStatus():100 repeatCheckTimes = 1, locked = false
10-19 17:12:54.618  3458 31463 D BLASTBufferQueue: [VRI[]#473](f:0,a:1) acquireNextBufferLocked size=660x121 mFrameNumber=1 applyTransaction=true mTimestamp=637545169169615(auto) mPendingTransactions.size=0 graphicBufferId=14851996912879 transform=0
10-19 17:12:54.619  5589  5589 I KeyboardModeUtils: KeyboardModeUtils.getKeyboardBottomOffset():435 inch: 0.000000 ydpi: 387.429993 adjustKeyboardBottomByDisplaySize: false currentDensityDpi: 440 defaultDensityDpi: 440 keyboardBottomToScreenPx: 0 keyboardBottomToNavBarPx: -116 navBarHeight: 116
10-19 17:12:54.619  5589  5589 I KeyboardHeightUtil: KeyboardHeightUtil.calculateMaxKeyboardBodyHeight():50 leave 267 height for app when ime window height:2171, header height:121 and isFullscreenMode:false, so the max keyboard body height is:1783
10-19 17:12:54.619  5589  5589 I KeyboardHeightUtil: KeyboardHeightUtil.calculateMaxKeyboardBodyHeight():50 leave 267 height for app when ime window height:2171, header height:121 and isFullscreenMode:false, so the max keyboard body height is:1783
10-19 17:12:54.619  5589  5589 I AndroidIME: KeyboardViewManager.updateKeyboardBodyViewHolderPaddingBottom():472 Set finalPaddingBottom = 5 while holderPaddingBottom = 5; navigationHeight = 116
10-19 17:12:54.619  5589  5589 I WindowMetricsNotification: WindowMetricsNotification.notifyWithWindow():166 
10-19 17:12:54.619  5589  5589 I WindowMetricsNotification: WindowMetricsNotification.notify():159 pfu[bounds=Rect(0, 105 - 1080, 2392), insets=Rect(0, 0 - 0, 116), densityDpi=440, smallestScreenWidthDp=393, displayWidth=1080, displayHeight=2392, xdpi=387.43, ydpi=387.43, isTrustable=true, displayId=0]; DisplayMetrics{density=2.75, width=1080, height=2392, scaledDensity=2.75, xdpi=387.43, ydpi=387.43}
10-19 17:12:54.620  3458 11264 D InlineSuggestionRenderService: getSurfacePackage
10-19 17:12:54.624  5589  5589 I GoogleInputMethodService: GoogleInputMethodService$1.onKeyboardViewShown():325 onKeyboardViewShown: keyboardType=prime, keyboardViewType=HEADER keyboardView=com.google.android.libraries.inputmethod.widgets.SoftKeyboardView{9a4bdd2 V.E...... ........ 0,0-1080,121}
10-19 17:12:54.624  5589  5589 I KeyboardHeightUtil: KeyboardHeightUtil.calculateMaxKeyboardBodyHeight():50 leave 267 height for app when ime window height:2171, header height:121 and isFullscreenMode:false, so the max keyboard body height is:1783
10-19 17:12:54.624  5589  5589 I GoogleInputMethodService: GoogleInputMethodService$1.onKeyboardViewShown():325 onKeyboardViewShown: keyboardType=prime, keyboardViewType=BODY keyboardView=com.google.android.libraries.inputmethod.widgets.SoftKeyboardView{84bc248 V.E...... ........ 0,0-1080,580}
10-19 17:12:54.624  5589  5589 I KeyboardHeightUtil: KeyboardHeightUtil.calculateMaxKeyboardBodyHeight():50 leave 267 height for app when ime window height:2171, header height:121 and isFullscreenMode:false, so the max keyboard body height is:1783
10-19 17:12:54.624  5589  5589 I GlobeKeyExtension: GlobeKeyExtension$1.onKeyboardViewShown():72 maybeDisableLanguageSwitchKeyPref when the keyboard is shown
10-19 17:12:54.625  5589  5589 I GlobeKeyExtension: GlobeKeyExtension.maybeDisableLanguageSwitchKeyPref():200 maybeDisableLanguageSwitchKeyPref hasGlobeKeyBeenDisabled: false, shouldDisableLanguageSwitchKey: false
10-19 17:12:54.625  5589  5589 I NewLanguagePromptExtension: NewLanguagePromptExtension$1.onKeyboardViewShown():88 Not show new language banner: not prime keyboard, or the extension not activated.
10-19 17:12:54.627  5589  5589 I ProactiveSuggestionsHolderManager: ProactiveSuggestionsHolderManager$2.display():195 Requesting to show proactive suggestions: AUTO_FILL PREEMPTIVE_WITH_SUPPRESSION
10-19 17:12:54.630  5589  5589 D BufferQueueConsumer: [](id:15d50000082a,api:0,p:-1,c:5589) connect: controlledByApp=false
10-19 17:12:54.630  5589  5589 D BLASTBufferQueue: [SurfaceView[InputMethod]#2090](f:0,a:0) constructor()
10-19 17:12:54.630  5589  5589 D BLASTBufferQueue: [SurfaceView[InputMethod]#2090](f:0,a:0) update width=770 height=121 format=-2 mTransformHint=0
10-19 17:12:54.632  1870  1997 D BatteryStatsService: noteVideoSurfaceChanged  noteWhich: 49,arg1: 770, arg2: 121, arg3: 5589, arg4: 105641, name: com.google.android.inputmethod.latin
10-19 17:12:54.633  5589  5589 I ProactiveSuggestionsHolderManager: ProactiveSuggestionsHolderManager$Holder.setSuggestionsAndShow():898 succeed to show proactive suggestions AUTO_FILL PREEMPTIVE_WITH_SUPPRESSION
10-19 17:12:54.634  5589  5589 I ProactiveSuggestionsHolderManager: ProactiveSuggestionsHolderManager$2.display():195 Requesting to show proactive suggestions: AUTO_FILL PREEMPTIVE_WITH_SUPPRESSION
10-19 17:12:54.634  5589  5589 I ProactiveSuggestionsHolderManager: ProactiveSuggestionsHolderManager$Holder.setSuggestionsAndShow():898 succeed to show proactive suggestions AUTO_FILL PREEMPTIVE_WITH_SUPPRESSION
10-19 17:12:54.635  5589  5589 W TooltipLifecycleManager: TooltipLifecycleManager.dismissTooltips():153 Tooltip with id SUGGESTION_VIEW_EDU_MINI_DIALOG not found in tooltipManager.
10-19 17:12:54.643  5589  5589 I KeyboardModeUtils: KeyboardModeUtils.getKeyboardBottomOffset():435 inch: 0.000000 ydpi: 387.429993 adjustKeyboardBottomByDisplaySize: false currentDensityDpi: 440 defaultDensityDpi: 440 keyboardBottomToScreenPx: 0 keyboardBottomToNavBarPx: -116 navBarHeight: 116
10-19 17:12:54.643  5589  5589 I KeyboardHeightUtil: KeyboardHeightUtil.calculateMaxKeyboardBodyHeight():50 leave 267 height for app when ime window height:2171, header height:121 and isFullscreenMode:false, so the max keyboard body height is:1783
10-19 17:12:54.643  5589  5589 I KeyboardHeightUtil: KeyboardHeightUtil.calculateMaxKeyboardBodyHeight():50 leave 267 height for app when ime window height:2171, header height:121 and isFullscreenMode:false, so the max keyboard body height is:1783
10-19 17:12:54.643  5589  5589 I AndroidIME: KeyboardViewManager.updateKeyboardBodyViewHolderPaddingBottom():472 Set finalPaddingBottom = 5 while holderPaddingBottom = 5; navigationHeight = 116
10-19 17:12:54.647  5589  5589 D BufferQueueConsumer: [](id:15d50000082b,api:0,p:-1,c:5589) connect: controlledByApp=false
10-19 17:12:54.647  5589  5589 D BLASTBufferQueue: [SurfaceView[InputMethod]#2091](f:0,a:0) constructor()
10-19 17:12:54.648  5589  5589 D BLASTBufferQueue: [SurfaceView[InputMethod]#2091](f:0,a:0) update width=660 height=121 format=-2 mTransformHint=0
10-19 17:12:54.650  1870  3647 D BatteryStatsService: noteVideoSurfaceChanged  noteWhich: 49,arg1: 660, arg2: 121, arg3: 5589, arg4: 105696, name: com.google.android.inputmethod.latin
10-19 17:12:54.653  5589  5657 D BLASTBufferQueue: [SurfaceView[InputMethod]#2091](f:0,a:1) acquireNextBufferLocked size=660x121 mFrameNumber=1 applyTransaction=true mTimestamp=637545204181845(auto) mPendingTransactions.size=0 graphicBufferId=24004572224442 transform=0
10-19 17:12:54.655  1870  3647 D BatteryStatsService: noteVideoSurfaceChanged  noteWhich: 49,arg1: 660, arg2: 121, arg3: 5589, arg4: 105696, name: com.google.android.inputmethod.latin
10-19 17:12:54.655  1870  3647 D BatteryStatsService: noteVideoSurfaceChanged  noteWhich: 49,arg1: 770, arg2: 121, arg3: 5589, arg4: 105641, name: com.google.android.inputmethod.latin
10-19 17:12:54.932 30930  2759 I ReactNativeJS: === LOADING RIDES ===
10-19 17:12:54.933 30930  2759 I ReactNativeJS: 'Driver ID:', 'eb91d7e5-e2f2-4021-a8c8-3739a3d4cae4'
10-19 17:12:54.933 30930  2759 I ReactNativeJS: 'Driver User ID:', '1c4ac410-54d8-4b5e-960b-3afcbebd115d'
10-19 17:12:54.960 30930  2759 I ReactNativeJS: 🎯 TripCompletionModal RENDER
10-19 17:12:54.960 30930  2759 I ReactNativeJS: '🎯 visible:', false
10-19 17:12:54.960 30930  2759 I ReactNativeJS: '🎯 tripData:', '{\n  "distance": 0,\n  "duration": 0,\n  "fareBreakdown": {\n    "booking_type": "regular",\n    "vehicle_type": "sedan",\n    "base_fare": 0,\n    "distance_fare": 0,\n    "time_fare": 0,\n    "surge_charges": 0,\n    "deadhead_charges": 0,\n    "platform_fee": 0,\n    "gst_on_charges": 0,\n    "gst_on_platform_fee": 0,\n    "extra_km_charges": 0,\n    "driver_allowance": 0,\n    "total_fare": 0,\n    "details": {\n      "actual_distance_km": 0,\n      "actual_duration_minutes": 0,\n      "per_km_rate": 0\n    }\n  },\n  "pickup_address": "",\n  "destination_address": "",\n  "booking_type": "regular",\n  "rental_hours": null\n}'
10-19 17:12:54.964 30930  2759 I ReactNativeJS: 🔍 Loading current ride...
10-19 17:12:54.966 30930  2759 I ReactNativeJS: === RIDES SCREEN STATE DEBUG ===
10-19 17:12:54.966 30930  2759 I ReactNativeJS: 🔄 Component state updated:
10-19 17:12:54.966 30930  2759 I ReactNativeJS: '  - Current ride:', { id: '26174bc5-3632-4104-b463-80df9679884c',
10-19 17:12:54.966 30930  2759 I ReactNativeJS:   status: 'driver_arrived',
10-19 17:12:54.966 30930  2759 I ReactNativeJS:   pickup: 'PRXJ+F32, Brindavan Nagar, Plot 87, NGGO\'s Colony, Anand Nagar, Hosur, Tamil Nadu 635109, India',
10-19 17:12:54.966 30930  2759 I ReactNativeJS:   destination: 'Bagalur, Tamil Nadu, India' }
10-19 17:12:54.966 30930  2759 I ReactNativeJS: '  - Pending rides count:', 0
10-19 17:12:54.966 30930  2759 I ReactNativeJS: '  - Driver status:', 'busy'
10-19 17:12:54.966 30930  2759 I ReactNativeJS: '  - Loading:', true
10-19 17:12:54.966 30930  2759 I ReactNativeJS: '  - Error:', null
10-19 17:12:54.966 30930  2759 I ReactNativeJS: '  - Show modal:', false
10-19 17:12:54.966 30930  2759 I ReactNativeJS: '  - Timestamp:', '2025-10-19T11:42:54.966Z'
10-19 17:12:54.966 30930  2759 I ReactNativeJS: ✅ CURRENT RIDE EXISTS - should be visible in UI
10-19 17:12:55.238 30930  2759 I ReactNativeJS: 🎯 TripCompletionModal RENDER
10-19 17:12:55.238 30930  2759 I ReactNativeJS: '🎯 visible:', false
10-19 17:12:55.238 30930  2759 I ReactNativeJS: '🎯 tripData:', '{\n  "distance": 0,\n  "duration": 0,\n  "fareBreakdown": {\n    "booking_type": "regular",\n    "vehicle_type": "sedan",\n    "base_fare": 0,\n    "distance_fare": 0,\n    "time_fare": 0,\n    "surge_charges": 0,\n    "deadhead_charges": 0,\n    "platform_fee": 0,\n    "gst_on_charges": 0,\n    "gst_on_platform_fee": 0,\n    "extra_km_charges": 0,\n    "driver_allowance": 0,\n    "total_fare": 0,\n    "details": {\n      "actual_distance_km": 0,\n      "actual_duration_minutes": 0,\n      "per_km_rate": 0\n    }\n  },\n  "pickup_address": "",\n  "destination_address": "",\n  "booking_type": "regular",\n  "rental_hours": null\n}'
10-19 17:12:55.242 30930  2759 I ReactNativeJS: '✅ Current ride loaded:', { id: '26174bc5-3632-4104-b463-80df9679884c',
10-19 17:12:55.242 30930  2759 I ReactNativeJS:   status: 'in_progress',
10-19 17:12:55.242 30930  2759 I ReactNativeJS:   pickup: 'PRXJ+F32, Brindavan Nagar, Plot 87, NGGO\'s Colony, Anand Nagar, Hosur, Tamil Nadu 635109, India',
10-19 17:12:55.242 30930  2759 I ReactNativeJS:   destination: 'Bagalur, Tamil Nadu, India',
10-19 17:12:55.242 30930  2759 I ReactNativeJS:   customer: 
10-19 17:12:55.242 30930  2759 I ReactNativeJS:    { id: 'e95a4f14-8958-49e9-8ede-d81b82a7ba12',
10-19 17:12:55.242 30930  2759 I ReactNativeJS:      full_name: 'Ricco',
10-19 17:12:55.242 30930  2759 I ReactNativeJS:      phone_number: null,
10-19 17:12:55.242 30930  2759 I ReactNativeJS:      email: '918608374935@a1taxi.app' } }
10-19 17:12:55.242 30930  2759 I ReactNativeJS: ⚠️ Driver has current ride - not loading pending ride requests
10-19 17:12:55.242 30930  2759 I ReactNativeJS: === RIDES SCREEN STATE DEBUG ===
10-19 17:12:55.242 30930  2759 I ReactNativeJS: 🔄 Component state updated:
10-19 17:12:55.242 30930  2759 I ReactNativeJS: '  - Current ride:', { id: '26174bc5-3632-4104-b463-80df9679884c',
10-19 17:12:55.242 30930  2759 I ReactNativeJS:   status: 'in_progress',
10-19 17:12:55.242 30930  2759 I ReactNativeJS:   pickup: 'PRXJ+F32, Brindavan Nagar, Plot 87, NGGO\'s Colony, Anand Nagar, Hosur, Tamil Nadu 635109, India',
10-19 17:12:55.242 30930  2759 I ReactNativeJS:   destination: 'Bagalur, Tamil Nadu, India' }
10-19 17:12:55.242 30930  2759 I ReactNativeJS: '  - Pending rides count:', 0
10-19 17:12:55.242 30930  2759 I ReactNativeJS: '  - Driver status:', 'busy'
10-19 17:12:55.242 30930  2759 I ReactNativeJS: '  - Loading:', true
10-19 17:12:55.243 30930  2759 I ReactNativeJS: '  - Error:', null
10-19 17:12:55.243 30930  2759 I ReactNativeJS: '  - Show modal:', false
10-19 17:12:55.243 30930  2759 I ReactNativeJS: '  - Timestamp:', '2025-10-19T11:42:55.243Z'
10-19 17:12:55.243 30930  2759 I ReactNativeJS: ✅ CURRENT RIDE EXISTS - should be visible in UI
10-19 17:12:55.243 30930  2759 I ReactNativeJS: === RIDE REQUEST MODAL LOGIC DEBUG ===
10-19 17:12:55.243 30930  2759 I ReactNativeJS: 🔄 Checking if should show ride request modal:
10-19 17:12:55.243 30930  2759 I ReactNativeJS: '  - Pending rides:', 0
10-19 17:12:55.243 30930  2759 I ReactNativeJS: '  - Modal already showing:', false
10-19 17:12:55.243 30930  2759 I ReactNativeJS: '  - Driver status:', 'busy'
10-19 17:12:55.243 30930  2759 I ReactNativeJS: '  - Has current ride:', true
10-19 17:12:55.243 30930  2759 I ReactNativeJS: ❌ NOT SHOWING MODAL - reasons:
10-19 17:12:55.243 30930  2759 I ReactNativeJS: '🚗 Analysis:', { pendingRidesCount: 0,
10-19 17:12:55.243 30930  2759 I ReactNativeJS:   modalAlreadyShowing: false,
10-19 17:12:55.243 30930  2759 I ReactNativeJS:   driverStatus: 'busy',
10-19 17:12:55.243 30930  2759 I ReactNativeJS:   hasCurrentRide: true }
10-19 17:12:55.250 30930  2759 I ReactNativeJS: 🎯 TripCompletionModal RENDER
10-19 17:12:55.250 30930  2759 I ReactNativeJS: '🎯 visible:', false
10-19 17:12:55.251 30930  2759 I ReactNativeJS: '🎯 tripData:', '{\n  "distance": 0,\n  "duration": 0,\n  "fareBreakdown": {\n    "booking_type": "regular",\n    "vehicle_type": "sedan",\n    "base_fare": 0,\n    "distance_fare": 0,\n    "time_fare": 0,\n    "surge_charges": 0,\n    "deadhead_charges": 0,\n    "platform_fee": 0,\n    "gst_on_charges": 0,\n    "gst_on_platform_fee": 0,\n    "extra_km_charges": 0,\n    "driver_allowance": 0,\n    "total_fare": 0,\n    "details": {\n      "actual_distance_km": 0,\n      "actual_duration_minutes": 0,\n      "per_km_rate": 0\n    }\n  },\n  "pickup_address": "",\n  "destination_address": "",\n  "booking_type": "regular",\n  "rental_hours": null\n}'
10-19 17:12:55.253 30930  2759 I ReactNativeJS: === RIDES SCREEN STATE DEBUG ===
10-19 17:12:55.253 30930  2759 I ReactNativeJS: 🔄 Component state updated:
10-19 17:12:55.253 30930  2759 I ReactNativeJS: '  - Current ride:', { id: '26174bc5-3632-4104-b463-80df9679884c',
10-19 17:12:55.253 30930  2759 I ReactNativeJS:   status: 'in_progress',
10-19 17:12:55.253 30930  2759 I ReactNativeJS:   pickup: 'PRXJ+F32, Brindavan Nagar, Plot 87, NGGO\'s Colony, Anand Nagar, Hosur, Tamil Nadu 635109, India',
10-19 17:12:55.253 30930  2759 I ReactNativeJS:   destination: 'Bagalur, Tamil Nadu, India' }
10-19 17:12:55.253 30930  2759 I ReactNativeJS: '  - Pending rides count:', 0
10-19 17:12:55.253 30930  2759 I ReactNativeJS: '  - Driver status:', 'busy'
10-19 17:12:55.253 30930  2759 I ReactNativeJS: '  - Loading:', true
10-19 17:12:55.253 30930  2759 I ReactNativeJS: '  - Error:', null
10-19 17:12:55.253 30930  2759 I ReactNativeJS: '  - Show modal:', false
10-19 17:12:55.254 30930  2759 I ReactNativeJS: '  - Timestamp:', '2025-10-19T11:42:55.253Z'
10-19 17:12:55.254 30930  2759 I ReactNativeJS: ✅ CURRENT RIDE EXISTS - should be visible in UI
10-19 17:12:55.254 30930  2759 I ReactNativeJS: === RIDE REQUEST MODAL LOGIC DEBUG ===
10-19 17:12:55.254 30930  2759 I ReactNativeJS: 🔄 Checking if should show ride request modal:
10-19 17:12:55.254 30930  2759 I ReactNativeJS: '  - Pending rides:', 0
10-19 17:12:55.254 30930  2759 I ReactNativeJS: '  - Modal already showing:', false
10-19 17:12:55.254 30930  2759 I ReactNativeJS: '  - Driver status:', 'busy'
10-19 17:12:55.254 30930  2759 I ReactNativeJS: '  - Has current ride:', true
10-19 17:12:55.254 30930  2759 I ReactNativeJS: ❌ NOT SHOWING MODAL - reasons:
10-19 17:12:55.254 30930  2759 I ReactNativeJS: '🚗 Analysis:', { pendingRidesCount: 0,
10-19 17:12:55.254 30930  2759 I ReactNativeJS:   modalAlreadyShowing: false,
10-19 17:12:55.254 30930  2759 I ReactNativeJS:   driverStatus: 'busy',
10-19 17:12:55.254 30930  2759 I ReactNativeJS:   hasCurrentRide: true }
10-19 17:12:55.263 30930  2759 I ReactNativeJS: 🎯 TripCompletionModal RENDER
10-19 17:12:55.263 30930  2759 I ReactNativeJS: '🎯 visible:', false
10-19 17:12:55.264 30930  2759 I ReactNativeJS: '🎯 tripData:', '{\n  "distance": 0,\n  "duration": 0,\n  "fareBreakdown": {\n    "booking_type": "regular",\n    "vehicle_type": "sedan",\n    "base_fare": 0,\n    "distance_fare": 0,\n    "time_fare": 0,\n    "surge_charges": 0,\n    "deadhead_charges": 0,\n    "platform_fee": 0,\n    "gst_on_charges": 0,\n    "gst_on_platform_fee": 0,\n    "extra_km_charges": 0,\n    "driver_allowance": 0,\n    "total_fare": 0,\n    "details": {\n      "actual_distance_km": 0,\n      "actual_duration_minutes": 0,\n      "per_km_rate": 0\n    }\n  },\n  "pickup_address": "",\n  "destination_address": "",\n  "booking_type": "regular",\n  "rental_hours": null\n}'
10-19 17:12:55.266 30930  2759 I ReactNativeJS: === STARTING TRIP GPS TRACKING ===
10-19 17:12:55.266 30930  2759 I ReactNativeJS: 'Trip ID:', '26174bc5-3632-4104-b463-80df9679884c'
10-19 17:12:55.266 30930  2759 I ReactNativeJS: 'Trip Type:', 'regular'
10-19 17:12:55.266 30930  2759 I ReactNativeJS: 'Driver ID:', '1c4ac410-54d8-4b5e-960b-3afcbebd115d'
10-19 17:12:55.267 30930  2759 I ReactNativeJS: === RIDES SCREEN STATE DEBUG ===
10-19 17:12:55.267 30930  2759 I ReactNativeJS: 🔄 Component state updated:
10-19 17:12:55.267 30930  2759 I ReactNativeJS: '  - Current ride:', { id: '26174bc5-3632-4104-b463-80df9679884c',
10-19 17:12:55.267 30930  2759 I ReactNativeJS:   status: 'in_progress',
10-19 17:12:55.267 30930  2759 I ReactNativeJS:   pickup: 'PRXJ+F32, Brindavan Nagar, Plot 87, NGGO\'s Colony, Anand Nagar, Hosur, Tamil Nadu 635109, India',
10-19 17:12:55.267 30930  2759 I ReactNativeJS:   destination: 'Bagalur, Tamil Nadu, India' }
10-19 17:12:55.267 30930  2759 I ReactNativeJS: '  - Pending rides count:', 0
10-19 17:12:55.267 30930  2759 I ReactNativeJS: '  - Driver status:', 'busy'
10-19 17:12:55.267 30930  2759 I ReactNativeJS: '  - Loading:', false
10-19 17:12:55.267 30930  2759 I ReactNativeJS: '  - Error:', null
10-19 17:12:55.267 30930  2759 I ReactNativeJS: '  - Show modal:', false
10-19 17:12:55.267 30930  2759 I ReactNativeJS: '  - Timestamp:', '2025-10-19T11:42:55.267Z'
10-19 17:12:55.267 30930  2759 I ReactNativeJS: ✅ CURRENT RIDE EXISTS - should be visible in UI
10-19 17:12:55.499 21104 21184 I FusedLocation: (REDACTED) location delivery to %s blocked - too close
10-19 17:12:55.499 21104 21184 I FusedLocation: (REDACTED) location delivery to %s blocked - too fast
10-19 17:12:55.500 21104 21184 I FusedLocation: (REDACTED) location delivery to %s blocked - too close
10-19 17:12:55.500 21104 21184 I FusedLocation: (REDACTED) location delivery to %s blocked - too close
10-19 17:12:55.505 21104 21184 I FusedLocation: (REDACTED) location delivery to %s blocked - too fast
10-19 17:12:55.505 21104 21184 I FusedLocation: (REDACTED) location delivery to %s blocked - too fast
10-19 17:12:55.559 30930  2759 I ReactNativeJS: 🔄 Auto-refreshing rides (2-second interval)...
10-19 17:12:55.559 30930  2759 I ReactNativeJS: === LOADING RIDES ===
10-19 17:12:55.560 30930  2759 I ReactNativeJS: 'Driver ID:', 'eb91d7e5-e2f2-4021-a8c8-3739a3d4cae4'
10-19 17:12:55.560 30930  2759 I ReactNativeJS: 'Driver User ID:', '1c4ac410-54d8-4b5e-960b-3afcbebd115d'
10-19 17:12:55.575 30930  2759 I ReactNativeJS: 🎯 TripCompletionModal RENDER
10-19 17:12:55.575 30930  2759 I ReactNativeJS: '🎯 visible:', false
10-19 17:12:55.576 30930  2759 I ReactNativeJS: '🎯 tripData:', '{\n  "distance": 0,\n  "duration": 0,\n  "fareBreakdown": {\n    "booking_type": "regular",\n    "vehicle_type": "sedan",\n    "base_fare": 0,\n    "distance_fare": 0,\n    "time_fare": 0,\n    "surge_charges": 0,\n    "deadhead_charges": 0,\n    "platform_fee": 0,\n    "gst_on_charges": 0,\n    "gst_on_platform_fee": 0,\n    "extra_km_charges": 0,\n    "driver_allowance": 0,\n    "total_fare": 0,\n    "details": {\n      "actual_distance_km": 0,\n      "actual_duration_minutes": 0,\n      "per_km_rate": 0\n    }\n  },\n  "pickup_address": "",\n  "destination_address": "",\n  "booking_type": "regular",\n  "rental_hours": null\n}'
10-19 17:12:55.579 30930  2759 I ReactNativeJS: 🔍 Loading current ride...
10-19 17:12:55.581 30930  2759 I ReactNativeJS: === RIDES SCREEN STATE DEBUG ===
10-19 17:12:55.581 30930  2759 I ReactNativeJS: 🔄 Component state updated:
10-19 17:12:55.581 30930  2759 I ReactNativeJS: '  - Current ride:', { id: '26174bc5-3632-4104-b463-80df9679884c',
10-19 17:12:55.581 30930  2759 I ReactNativeJS:   status: 'in_progress',
10-19 17:12:55.581 30930  2759 I ReactNativeJS:   pickup: 'PRXJ+F32, Brindavan Nagar, Plot 87, NGGO\'s Colony, Anand Nagar, Hosur, Tamil Nadu 635109, India',
10-19 17:12:55.581 30930  2759 I ReactNativeJS:   destination: 'Bagalur, Tamil Nadu, India' }
10-19 17:12:55.581 30930  2759 I ReactNativeJS: '  - Pending rides count:', 0
10-19 17:12:55.581 30930  2759 I ReactNativeJS: '  - Driver status:', 'busy'
10-19 17:12:55.581 30930  2759 I ReactNativeJS: '  - Loading:', true
10-19 17:12:55.581 30930  2759 I ReactNativeJS: '  - Error:', null
10-19 17:12:55.581 30930  2759 I ReactNativeJS: '  - Show modal:', false
10-19 17:12:55.581 30930  2759 I ReactNativeJS: '  - Timestamp:', '2025-10-19T11:42:55.581Z'
10-19 17:12:55.581 30930  2759 I ReactNativeJS: ✅ CURRENT RIDE EXISTS - should be visible in UI
10-19 17:12:55.723 21104 24145 I IPCThreadState: oneway function results for code 1 on binder at 0xb4000077d00f3940 will be dropped but finished with status UNKNOWN_TRANSACTION and reply parcel size 80
10-19 17:12:55.877 30930  2759 I ReactNativeJS: 🎯 TripCompletionModal RENDER
10-19 17:12:55.877 30930  2759 I ReactNativeJS: '🎯 visible:', false
10-19 17:12:55.878 30930  2759 I ReactNativeJS: '🎯 tripData:', '{\n  "distance": 0,\n  "duration": 0,\n  "fareBreakdown": {\n    "booking_type": "regular",\n    "vehicle_type": "sedan",\n    "base_fare": 0,\n    "distance_fare": 0,\n    "time_fare": 0,\n    "surge_charges": 0,\n    "deadhead_charges": 0,\n    "platform_fee": 0,\n    "gst_on_charges": 0,\n    "gst_on_platform_fee": 0,\n    "extra_km_charges": 0,\n    "driver_allowance": 0,\n    "total_fare": 0,\n    "details": {\n      "actual_distance_km": 0,\n      "actual_duration_minutes": 0,\n      "per_km_rate": 0\n    }\n  },\n  "pickup_address": "",\n  "destination_address": "",\n  "booking_type": "regular",\n  "rental_hours": null\n}'
10-19 17:12:55.881 30930  2759 I ReactNativeJS: '✅ Current ride loaded:', { id: '26174bc5-3632-4104-b463-80df9679884c',
10-19 17:12:55.881 30930  2759 I ReactNativeJS:   status: 'in_progress',
10-19 17:12:55.881 30930  2759 I ReactNativeJS:   pickup: 'PRXJ+F32, Brindavan Nagar, Plot 87, NGGO\'s Colony, Anand Nagar, Hosur, Tamil Nadu 635109, India',
10-19 17:12:55.881 30930  2759 I ReactNativeJS:   destination: 'Bagalur, Tamil Nadu, India',
10-19 17:12:55.881 30930  2759 I ReactNativeJS:   customer: 
10-19 17:12:55.881 30930  2759 I ReactNativeJS:    { id: 'e95a4f14-8958-49e9-8ede-d81b82a7ba12',
10-19 17:12:55.881 30930  2759 I ReactNativeJS:      full_name: 'Ricco',
10-19 17:12:55.881 30930  2759 I ReactNativeJS:      phone_number: null,
10-19 17:12:55.881 30930  2759 I ReactNativeJS:      email: '918608374935@a1taxi.app' } }
10-19 17:12:55.881 30930  2759 I ReactNativeJS: ⚠️ Driver has current ride - not loading pending ride requests
10-19 17:12:55.881 30930  2759 I ReactNativeJS: === RIDES SCREEN STATE DEBUG ===
10-19 17:12:55.881 30930  2759 I ReactNativeJS: 🔄 Component state updated:
10-19 17:12:55.882 30930  2759 I ReactNativeJS: '  - Current ride:', { id: '26174bc5-3632-4104-b463-80df9679884c',
10-19 17:12:55.882 30930  2759 I ReactNativeJS:   status: 'in_progress',
10-19 17:12:55.882 30930  2759 I ReactNativeJS:   pickup: 'PRXJ+F32, Brindavan Nagar, Plot 87, NGGO\'s Colony, Anand Nagar, Hosur, Tamil Nadu 635109, India',
10-19 17:12:55.882 30930  2759 I ReactNativeJS:   destination: 'Bagalur, Tamil Nadu, India' }
10-19 17:12:55.882 30930  2759 I ReactNativeJS: '  - Pending rides count:', 0
10-19 17:12:55.882 30930  2759 I ReactNativeJS: '  - Driver status:', 'busy'
10-19 17:12:55.882 30930  2759 I ReactNativeJS: '  - Loading:', true
10-19 17:12:55.882 30930  2759 I ReactNativeJS: '  - Error:', null
10-19 17:12:55.882 30930  2759 I ReactNativeJS: '  - Show modal:', false
10-19 17:12:55.882 30930  2759 I ReactNativeJS: '  - Timestamp:', '2025-10-19T11:42:55.882Z'
10-19 17:12:55.882 30930  2759 I ReactNativeJS: ✅ CURRENT RIDE EXISTS - should be visible in UI
10-19 17:12:55.882 30930  2759 I ReactNativeJS: === RIDE REQUEST MODAL LOGIC DEBUG ===
10-19 17:12:55.882 30930  2759 I ReactNativeJS: 🔄 Checking if should show ride request modal:
10-19 17:12:55.882 30930  2759 I ReactNativeJS: '  - Pending rides:', 0
10-19 17:12:55.882 30930  2759 I ReactNativeJS: '  - Modal already showing:', false
10-19 17:12:55.882 30930  2759 I ReactNativeJS: '  - Driver status:', 'busy'
10-19 17:12:55.882 30930  2759 I ReactNativeJS: '  - Has current ride:', true
10-19 17:12:55.882 30930  2759 I ReactNativeJS: ❌ NOT SHOWING MODAL - reasons:
10-19 17:12:55.882 30930  2759 I ReactNativeJS: '🚗 Analysis:', { pendingRidesCount: 0,
10-19 17:12:55.882 30930  2759 I ReactNativeJS:   modalAlreadyShowing: false,
10-19 17:12:55.882 30930  2759 I ReactNativeJS:   driverStatus: 'busy',
10-19 17:12:55.882 30930  2759 I ReactNativeJS:   hasCurrentRide: true }
10-19 17:12:55.890 30930  2759 I ReactNativeJS: 🎯 TripCompletionModal RENDER
10-19 17:12:55.890 30930  2759 I ReactNativeJS: '🎯 visible:', false
10-19 17:12:55.890 30930  2759 I ReactNativeJS: '🎯 tripData:', '{\n  "distance": 0,\n  "duration": 0,\n  "fareBreakdown": {\n    "booking_type": "regular",\n    "vehicle_type": "sedan",\n    "base_fare": 0,\n    "distance_fare": 0,\n    "time_fare": 0,\n    "surge_charges": 0,\n    "deadhead_charges": 0,\n    "platform_fee": 0,\n    "gst_on_charges": 0,\n    "gst_on_platform_fee": 0,\n    "extra_km_charges": 0,\n    "driver_allowance": 0,\n    "total_fare": 0,\n    "details": {\n      "actual_distance_km": 0,\n      "actual_duration_minutes": 0,\n      "per_km_rate": 0\n    }\n  },\n  "pickup_address": "",\n  "destination_address": "",\n  "booking_type": "regular",\n  "rental_hours": null\n}'
10-19 17:12:55.892 30930  2759 I ReactNativeJS: === RIDES SCREEN STATE DEBUG ===
10-19 17:12:55.892 30930  2759 I ReactNativeJS: 🔄 Component state updated:
10-19 17:12:55.893 30930  2759 I ReactNativeJS: '  - Current ride:', { id: '26174bc5-3632-4104-b463-80df9679884c',
10-19 17:12:55.893 30930  2759 I ReactNativeJS:   status: 'in_progress',
10-19 17:12:55.893 30930  2759 I ReactNativeJS:   pickup: 'PRXJ+F32, Brindavan Nagar, Plot 87, NGGO\'s Colony, Anand Nagar, Hosur, Tamil Nadu 635109, India',
10-19 17:12:55.893 30930  2759 I ReactNativeJS:   destination: 'Bagalur, Tamil Nadu, India' }
10-19 17:12:55.893 30930  2759 I ReactNativeJS: '  - Pending rides count:', 0
10-19 17:12:55.893 30930  2759 I ReactNativeJS: '  - Driver status:', 'busy'
10-19 17:12:55.893 30930  2759 I ReactNativeJS: '  - Loading:', true
10-19 17:12:55.893 30930  2759 I ReactNativeJS: '  - Error:', null
10-19 17:12:55.893 30930  2759 I ReactNativeJS: '  - Show modal:', false
10-19 17:12:55.893 30930  2759 I ReactNativeJS: '  - Timestamp:', '2025-10-19T11:42:55.893Z'
10-19 17:12:55.893 30930  2759 I ReactNativeJS: ✅ CURRENT RIDE EXISTS - should be visible in UI
10-19 17:12:55.893 30930  2759 I ReactNativeJS: === RIDE REQUEST MODAL LOGIC DEBUG ===
10-19 17:12:55.893 30930  2759 I ReactNativeJS: 🔄 Checking if should show ride request modal:
10-19 17:12:55.893 30930  2759 I ReactNativeJS: '  - Pending rides:', 0
10-19 17:12:55.893 30930  2759 I ReactNativeJS: '  - Modal already showing:', false
10-19 17:12:55.893 30930  2759 I ReactNativeJS: '  - Driver status:', 'busy'
10-19 17:12:55.893 30930  2759 I ReactNativeJS: '  - Has current ride:', true
10-19 17:12:55.893 30930  2759 I ReactNativeJS: ❌ NOT SHOWING MODAL - reasons:
10-19 17:12:55.893 30930  2759 I ReactNativeJS: '🚗 Analysis:', { pendingRidesCount: 0,
10-19 17:12:55.893 30930  2759 I ReactNativeJS:   modalAlreadyShowing: false,
10-19 17:12:55.893 30930  2759 I ReactNativeJS:   driverStatus: 'busy',
10-19 17:12:55.893 30930  2759 I ReactNativeJS:   hasCurrentRide: true }
10-19 17:12:55.900 30930  2759 I ReactNativeJS: 🎯 TripCompletionModal RENDER
10-19 17:12:55.900 30930  2759 I ReactNativeJS: '🎯 visible:', false
10-19 17:12:55.901 30930  2759 I ReactNativeJS: '🎯 tripData:', '{\n  "distance": 0,\n  "duration": 0,\n  "fareBreakdown": {\n    "booking_type": "regular",\n    "vehicle_type": "sedan",\n    "base_fare": 0,\n    "distance_fare": 0,\n    "time_fare": 0,\n    "surge_charges": 0,\n    "deadhead_charges": 0,\n    "platform_fee": 0,\n    "gst_on_charges": 0,\n    "gst_on_platform_fee": 0,\n    "extra_km_charges": 0,\n    "driver_allowance": 0,\n    "total_fare": 0,\n    "details": {\n      "actual_distance_km": 0,\n      "actual_duration_minutes": 0,\n      "per_km_rate": 0\n    }\n  },\n  "pickup_address": "",\n  "destination_address": "",\n  "booking_type": "regular",\n  "rental_hours": null\n}'
10-19 17:12:55.905 30930  2759 I ReactNativeJS: === RIDES SCREEN STATE DEBUG ===
10-19 17:12:55.905 30930  2759 I ReactNativeJS: 🔄 Component state updated:
10-19 17:12:55.905 30930  2759 I ReactNativeJS: '  - Current ride:', { id: '26174bc5-3632-4104-b463-80df9679884c',
10-19 17:12:55.905 30930  2759 I ReactNativeJS:   status: 'in_progress',
10-19 17:12:55.905 30930  2759 I ReactNativeJS:   pickup: 'PRXJ+F32, Brindavan Nagar, Plot 87, NGGO\'s Colony, Anand Nagar, Hosur, Tamil Nadu 635109, India',
10-19 17:12:55.905 30930  2759 I ReactNativeJS:   destination: 'Bagalur, Tamil Nadu, India' }
10-19 17:12:55.905 30930  2759 I ReactNativeJS: '  - Pending rides count:', 0
10-19 17:12:55.905 30930  2759 I ReactNativeJS: '  - Driver status:', 'busy'
10-19 17:12:55.905 30930  2759 I ReactNativeJS: '  - Loading:', false
10-19 17:12:55.905 30930  2759 I ReactNativeJS: '  - Error:', null
10-19 17:12:55.905 30930  2759 I ReactNativeJS: '  - Show modal:', false
10-19 17:12:55.905 30930  2759 I ReactNativeJS: '  - Timestamp:', '2025-10-19T11:42:55.905Z'
10-19 17:12:55.905 30930  2759 I ReactNativeJS: ✅ CURRENT RIDE EXISTS - should be visible in UI
10-19 17:12:55.911 30930  2759 E ReactNativeJS: '❌ Error storing location point:', { code: '42501',
10-19 17:12:55.911 30930  2759 E ReactNativeJS:   details: null,
10-19 17:12:55.911 30930  2759 E ReactNativeJS:   hint: null,
10-19 17:12:55.911 30930  2759 E ReactNativeJS:   message: 'new row violates row-level security policy for table "trip_location_history"' }
10-19 17:12:55.912 30930  2759 I ReactNativeJS: ✅ Trip GPS tracking started (5-second intervals)
10-19 17:12:55.912 30930  2759 I ReactNativeJS: ✅ Pickup OTP verified and ride started
10-19 17:12:55.919 30930  2759 I ReactNativeJS: 🎯 TripCompletionModal RENDER
10-19 17:12:55.919 30930  2759 I ReactNativeJS: '🎯 visible:', false
10-19 17:12:55.919 30930  2759 I ReactNativeJS: '🎯 tripData:', '{\n  "distance": 0,\n  "duration": 0,\n  "fareBreakdown": {\n    "booking_type": "regular",\n    "vehicle_type": "sedan",\n    "base_fare": 0,\n    "distance_fare": 0,\n    "time_fare": 0,\n    "surge_charges": 0,\n    "deadhead_charges": 0,\n    "platform_fee": 0,\n    "gst_on_charges": 0,\n    "gst_on_platform_fee": 0,\n    "extra_km_charges": 0,\n    "driver_allowance": 0,\n    "total_fare": 0,\n    "details": {\n      "actual_distance_km": 0,\n      "actual_duration_minutes": 0,\n      "per_km_rate": 0\n    }\n  },\n  "pickup_address": "",\n  "destination_address": "",\n  "booking_type": "regular",\n  "rental_hours": null\n}'
10-19 17:12:55.928 30930  2760 E unknown:ReactNative: console.error: ❌ Error storing location point: {"code":"42501","details":null,"hint":null,"message":"new row violates row-level security policy for table \"trip_location_history\""}, js engine: hermes, stack:
10-19 17:12:55.928 30930  2760 E unknown:ReactNative: _construct@1:117842
10-19 17:12:55.928 30930  2760 E unknown:ReactNative: Wrapper@1:117496
10-19 17:12:55.928 30930  2760 E unknown:ReactNative: _callSuper@1:115478
10-19 17:12:55.928 30930  2760 E unknown:ReactNative: SyntheticError@1:116983
10-19 17:12:55.928 30930  2760 E unknown:ReactNative: reactConsoleErrorHandler@1:116629
10-19 17:12:55.928 30930  2760 E unknown:ReactNative: ?anon_0_@1:2030994
10-19 17:12:55.928 30930  2760 E unknown:ReactNative: asyncGeneratorStep@1:573272
10-19 17:12:55.928 30930  2760 E unknown:ReactNative: _next@1:573529
10-19 17:12:55.928 30930  2760 E unknown:ReactNative: anonymous@1:136226
10-19 17:12:55.928 30930  2760 E unknown:ReactNative: _callTimer@1:135225
10-19 17:12:55.928 30930  2760 E unknown:ReactNative: _callReactNativeMicrotasksPass@1:135369
10-19 17:12:55.928 30930  2760 E unknown:ReactNative: callReactNativeMicrotasks@1:137300
10-19 17:12:55.928 30930  2760 E unknown:ReactNative: __callReactNativeMicrotasks@1:101038
10-19 17:12:55.928 30930  2760 E unknown:ReactNative: anonymous@1:100174
10-19 17:12:55.928 30930  2760 E unknown:ReactNative: __guard@1:100912
10-19 17:12:55.928 30930  2760 E unknown:ReactNative: flushedQueue@1:100085
10-19 17:12:55.928 30930  2760 E unknown:ReactNative: invokeCallbackAndReturnFlushedQueue@1:100028
10-19 17:12:55.947 30930 30930 I ImeTracker: com.a1taxi.driverpro:723945a6: onRequestHide at ORIGIN_CLIENT reason HIDE_SOFT_INPUT fromUser false
10-19 17:12:55.955  5589  5589 I GoogleInputMethodService: GoogleInputMethodService.onFinishInputView():1571 onFinishInputView(false)
10-19 17:12:55.955  5589  5589 I GlobeKeyExtension: GlobeKeyExtension.onDeactivate():144 
10-19 17:12:55.956  5589  5589 W TooltipLifecycleManager: TooltipLifecycleManager.dismissTooltips():153 Tooltip with id SUGGESTION_VIEW_EDU_MINI_DIALOG not found in tooltipManager.
10-19 17:12:55.958  1870  3354 D BatteryStatsService: noteVideoSurfaceChanged  noteWhich: 49,arg1: -1, arg2: -1, arg3: 5589, arg4: 105696, name: com.google.android.inputmethod.latin
10-19 17:12:55.959  5589  5657 E BufferQueueProducer: [SurfaceView[InputMethod]#2091(BLAST Consumer)2091](id:15d50000082b,api:0,p:-1,c:5589) disconnect: not connected (req=1)
10-19 17:12:55.959  5589  5657 W libEGL  : EGLNativeWindowType 0xb4000077e00eb300 disconnect failed
10-19 17:12:55.959 30930 30930 W WindowOnBackDispatcher: sendCancelIfRunning: isInProgress=false callback=android.view.ViewRootImpl$$ExternalSyntheticLambda11@3f38d05
10-19 17:12:55.963  5589  5589 D BLASTBufferQueue: [SurfaceView[InputMethod]#2091](f:0,a:1) destructor()
10-19 17:12:55.963  5589  5589 D BufferQueueConsumer: [SurfaceView[InputMethod]#2091(BLAST Consumer)2091](id:15d50000082b,api:0,p:-1,c:5589) disconnect
10-19 17:12:55.965  5589  5589 W TooltipLifecycleManager: TooltipLifecycleManager.dismissTooltips():153 Tooltip with id SUGGESTION_VIEW_EDU_MINI_DIALOG not found in tooltipManager.
10-19 17:12:55.965  5589  5589 I VoiceInputManagerWrapper: VoiceInputManagerWrapper.shutdown():131 shutdown()
10-19 17:12:55.966  5589  5589 W TooltipLifecycleManager: TooltipLifecycleManager.dismissTooltips():153 Tooltip with id spell_check_add_to_dictionary not found in tooltipManager.
10-19 17:12:55.969 30930 30930 D BLASTBufferQueue: [VRI[MainActivity]#16](f:0,a:4) destructor()
10-19 17:12:55.969 30930 30930 D BufferQueueConsumer: [VRI[MainActivity]#16(BLAST Consumer)16](id:78d200000012,api:0,p:-1,c:30930) disconnect
10-19 17:12:55.970  1870  3354 D BatteryStatsService: noteVideoSurfaceChanged  noteWhich: 49,arg1: -1, arg2: -1, arg3: 5589, arg4: 105641, name: com.google.android.inputmethod.latin
10-19 17:12:55.971  5589  5589 D BLASTBufferQueue: [SurfaceView[InputMethod]#2090](f:0,a:0) destructor()
10-19 17:12:55.971  5589  5589 D BufferQueueConsumer: [SurfaceView[InputMethod]#2090(BLAST Consumer)2090](id:15d50000082a,api:0,p:-1,c:5589) disconnect
10-19 17:12:55.972  5589  5589 W TooltipLifecycleManager: TooltipLifecycleManager.dismissTooltips():153 Tooltip with id undo_access_point_promotion_banner not found in tooltipManager.
10-19 17:12:56.008 30930 30930 D InsetsController: hide(ime(), fromIme=true)
10-19 17:12:56.008 30930 30930 I ImeTracker: com.a1taxi.driverpro:723945a6: onCancelled at PHASE_CLIENT_APPLY_ANIMATION
10-19 17:12:56.008 30930 30930 W RemoteInputConnectionImpl: requestCursorUpdates on inactive InputConnection
10-19 17:12:56.008  5589  5589 I KeyboardModeUtils: KeyboardModeUtils.getKeyboardBottomOffset():435 inch: 0.000000 ydpi: 387.429993 adjustKeyboardBottomByDisplaySize: false currentDensityDpi: 440 defaultDensityDpi: 440 keyboardBottomToScreenPx: 0 keyboardBottomToNavBarPx: -116 navBarHeight: 116
10-19 17:12:56.008  5589  5589 I KeyboardHeightUtil: KeyboardHeightUtil.calculateMaxKeyboardBodyHeight():50 leave 267 height for app when ime window height:2171, header height:121 and isFullscreenMode:false, so the max keyboard body height is:1783
10-19 17:12:56.008  5589  5589 I KeyboardHeightUtil: KeyboardHeightUtil.calculateMaxKeyboardBodyHeight():50 leave 267 height for app when ime window height:2171, header height:121 and isFullscreenMode:false, so the max keyboard body height is:1783
10-19 17:12:56.009  5589  5589 I AndroidIME: KeyboardViewManager.updateKeyboardBodyViewHolderPaddingBottom():472 Set finalPaddingBottom = 5 while holderPaddingBottom = 5; navigationHeight = 116
10-19 17:12:56.054 30930 30930 V ImeFocusController: onWindowFocus: com.android.internal.policy.DecorView{e311d29 V.E...... R....... 0,0-1080,2392 aid=0}[MainActivity] softInputMode=STATE_UNSPECIFIED|ADJUST_RESIZE
10-19 17:12:56.061  5589  5589 I GoogleInputMethodService: GoogleInputMethodService.onFinishInput():2085 
10-19 17:12:56.061  5589  5589 I Module  : DeviceLockedStatusModuleProvider$Module.updateDeviceLockedStatus():100 repeatCheckTimes = 0, locked = false
10-19 17:12:56.062  5589  5589 W TooltipLifecycleManager: TooltipLifecycleManager.dismissTooltips():153 Tooltip with id SUGGESTION_VIEW_EDU_MINI_DIALOG not found in tooltipManager.
10-19 17:12:56.063  5589  5589 I GoogleInputMethodService: GoogleInputMethodService.onStartInput():1346 onStartInput(EditorInfo{EditorInfo{packageName=com.a1taxi.driverpro, inputType=0, inputTypeString=NULL, enableLearning=false, autoCorrection=false, autoComplete=false, imeOptions=0, privateImeOptions=null, actionName=UNSPECIFIED, actionLabel=null, initialSelStart=-1, initialSelEnd=-1, initialCapsMode=0, label=null, fieldId=0, fieldName=null, extras=null, hintText=null, hintLocales=[]}}, false)
10-19 17:12:56.064  5589  5589 I Module  : DeviceLockedStatusModuleProvider$Module.updateDeviceLockedStatus():100 repeatCheckTimes = 1, locked = false
10-19 17:12:56.065  5589  5589 I HardKeyTracker: HardKeyTracker.registerKeySequence():170 Register key sequence nfz{labelResId=0, callback=gds@c1db942, lastModifier=0, keyCodes=[57, 57], actions=[1, 0]}
10-19 17:12:56.065  5589  5589 I HardKeyTracker: HardKeyTracker.registerKeySequence():170 Register key sequence nfz{labelResId=0, callback=gds@14e9b89, lastModifier=0, keyCodes=[58, 58], actions=[1, 0]}
10-19 17:12:56.078  5589  5589 I KeyboardModeUtils: KeyboardModeUtils.getKeyboardBottomOffset():435 inch: 0.000000 ydpi: 387.429993 adjustKeyboardBottomByDisplaySize: false currentDensityDpi: 440 defaultDensityDpi: 440 keyboardBottomToScreenPx: 0 keyboardBottomToNavBarPx: -116 navBarHeight: 116
10-19 17:12:56.078  5589  5589 I KeyboardHeightUtil: KeyboardHeightUtil.calculateMaxKeyboardBodyHeight():50 leave 267 height for app when ime window height:2171, header height:121 and isFullscreenMode:false, so the max keyboard body height is:1783
10-19 17:12:56.079  5589  5589 I KeyboardHeightUtil: KeyboardHeightUtil.calculateMaxKeyboardBodyHeight():50 leave 267 height for app when ime window height:2171, header height:121 and isFullscreenMode:false, so the max keyboard body height is:1783
10-19 17:12:56.079  5589  5589 I AndroidIME: KeyboardViewManager.updateKeyboardBodyViewHolderPaddingBottom():472 Set finalPaddingBottom = 5 while holderPaddingBottom = 5; navigationHeight = 116
10-19 17:12:56.225  3458  3458 V InlineSuggestionRenderService: Releasing inline suggestion view host
10-19 17:12:56.239  3458  3458 D BLASTBufferQueue: [VRI[]#473](f:0,a:4) destructor()
10-19 17:12:56.239  3458  3458 D BufferQueueConsumer: [VRI[]#473(BLAST Consumer)473](id:d82000001d9,api:0,p:-1,c:3458) disconnect
10-19 17:12:56.247  3458  3458 V InlineSuggestionRenderService: Removed the inline suggestion from the cache, current size=0
10-19 17:12:56.511 21104 21184 I FusedLocation: (REDACTED) location delivery to %s blocked - too close
10-19 17:12:56.512 21104 21184 I FusedLocation: (REDACTED) location delivery to %s blocked - too fast
10-19 17:12:56.512 21104 21184 I FusedLocation: (REDACTED) location delivery to %s blocked - too close
10-19 17:12:56.514 21104 21184 I FusedLocation: (REDACTED) location delivery to %s blocked - too close
10-19 17:12:56.516 21104 21184 I FusedLocation: (REDACTED) location delivery to %s blocked - too fast
10-19 17:12:56.517 21104 21184 I FusedLocation: (REDACTED) location delivery to %s blocked - too fast
10-19 17:12:56.594  5589  5589 W TooltipLifecycleManager: TooltipLifecycleManager.dismissTooltips():153 Tooltip with id undo_access_point_promotion_banner not found in tooltipManager.
10-19 17:12:56.622  5589  5589 D ViewRootImpl: AppSizeAfterRelayout, size: Point(1080, 2287), rotation: ROTATION_0
10-19 17:12:56.624  5589  5589 D BLASTBufferQueue: [VRI[InputMethod]#2087](f:0,a:4) destructor()
10-19 17:12:56.624  5589  5589 D BufferQueueConsumer: [VRI[InputMethod]#2087(BLAST Consumer)2087](id:15d500000827,api:0,p:-1,c:5589) disconnect
10-19 17:12:57.077 30930  2759 I ReactNativeJS: 🚨 COMPLETE RIDE BUTTON CLICKED!
10-19 17:12:57.078 30930  2759 I ReactNativeJS: '🚨 Current ride exists:', true
10-19 17:12:57.078 30930  2759 I ReactNativeJS: '🚨 Current ride ID:', '26174bc5-3632-4104-b463-80df9679884c'
10-19 17:12:57.078 30930  2759 I ReactNativeJS: 🚨 About to call completeRide function...
10-19 17:12:57.078 30930  2759 I ReactNativeJS: '🚨 Calling completeRide with ID:', '26174bc5-3632-4104-b463-80df9679884c'
10-19 17:12:57.078 30930  2759 I ReactNativeJS: 🚨 === COMPLETE RIDE FUNCTION CALLED ===
10-19 17:12:57.078 30930  2759 I ReactNativeJS: '🚨 Ride ID:', '26174bc5-3632-4104-b463-80df9679884c'
10-19 17:12:57.078 30930  2759 I ReactNativeJS: '🚨 Driver ID:', 'eb91d7e5-e2f2-4021-a8c8-3739a3d4cae4'
10-19 17:12:57.078 30930  2759 I ReactNativeJS: '🚨 Driver User ID:', '1c4ac410-54d8-4b5e-960b-3afcbebd115d'
10-19 17:12:57.563 30930  2759 I ReactNativeJS: 🔄 Auto-refreshing rides (2-second interval)...
10-19 17:12:57.563 30930  2759 I ReactNativeJS: === LOADING RIDES ===
10-19 17:12:57.563 30930  2759 I ReactNativeJS: 'Driver ID:', 'eb91d7e5-e2f2-4021-a8c8-3739a3d4cae4'
10-19 17:12:57.564 30930  2759 I ReactNativeJS: 'Driver User ID:', '1c4ac410-54d8-4b5e-960b-3afcbebd115d'
10-19 17:12:57.591 30930  2759 I ReactNativeJS: 🎯 TripCompletionModal RENDER
10-19 17:12:57.591 30930  2759 I ReactNativeJS: '🎯 visible:', false
