10-19 15:49:37.573  4589  4589 D ViewRootImpl: AppSizeAfterRelayout, size: Point(1080, 2392), rotation: ROTATION_0
10-19 15:49:37.574  4589  4589 D BufferQueueConsumer: [](id:11ed00000005,api:0,p:-1,c:4589) connect: controlledByApp=false
10-19 15:49:37.584  4589  4589 D BLASTBufferQueue: [VRI[MainActivity]#4](f:0,a:0) constructor()
10-19 15:49:37.584  4589  4589 D BLASTBufferQueue: [VRI[MainActivity]#4](f:0,a:0) update width=1080 height=2392 format=-1 mTransformHint=0
10-19 15:49:37.606  1870  6015 D BatteryStatsService: noteVideoSurfaceChanged  noteWhich: 49,arg1: -2, arg2: -1, arg3: 2704, arg4: 230, name: com.android.systemui
10-19 15:49:37.625  1870  6015 D BatteryStatsService: noteVideoSurfaceChanged  noteWhich: 49,arg1: -2, arg2: -1, arg3: 2704, arg4: 236, name: com.android.systemui
10-19 15:49:37.628  4589  7907 D BLASTBufferQueue: [VRI[MainActivity]#4](f:0,a:1) acquireNextBufferLocked size=1080x2392 mFrameNumber=1 applyTransaction=true mTimestamp=632548179252701(auto) mPendingTransactions.size=0 graphicBufferId=19709604921378 transform=0
10-19 15:49:37.707 21104  8968 I NearbySharing: Screen is unlocked
10-19 15:49:37.720  4589  4589 V ImeFocusController: onWindowFocus: com.android.internal.policy.DecorView{88218ae V.E...... R......D 0,0-1080,2392 aid=0}[MainActivity] softInputMode=STATE_UNSPECIFIED|ADJUST_RESIZE
10-19 15:49:37.724  5589  5589 I GoogleInputMethodService: GoogleInputMethodService.onStartInput():1346 onStartInput(EditorInfo{EditorInfo{packageName=com.a1taxi.driverpro, inputType=0, inputTypeString=NULL, enableLearning=false, autoCorrection=false, autoComplete=false, imeOptions=0, privateImeOptions=null, actionName=UNSPECIFIED, actionLabel=null, initialSelStart=-1, initialSelEnd=-1, initialCapsMode=0, label=null, fieldId=0, fieldName=null, extras=null, hintText=null, hintLocales=[]}}, false)
10-19 15:49:37.726  5589  5589 I Module  : DeviceLockedStatusModuleProvider$Module.updateDeviceLockedStatus():100 repeatCheckTimes = 1, locked = false
10-19 15:49:37.729 11830 11830 I epse    : (REDACTED) Created gRPC endpoint for service %s
10-19 15:49:37.741 11830 17810 D VivoJavaJsonManager: failed to find appName:com.google.android.googlequicksearchbox from config key:mProtakePackages
10-19 15:49:37.742  4589  7937 I ReactNativeJS: '✅ Current ride loaded:', 'none'
10-19 15:49:37.742  4589  7937 I ReactNativeJS: 🔍 Loading pending ride notifications...
10-19 15:49:37.742 11830 17810 D VivoJavaJsonManager: failed to find appName:com.google.android.googlequicksearchbox from config key:mProtakePackages
10-19 15:49:37.749 21104  8968 I NearbySharing: Uwb feature is off.
10-19 15:49:37.749 21104  8968 I NearbySharing: Uwb feature is off.
10-19 15:49:37.749 21104  8968 I NearbySharing: Stopping scanning because Bluetooth is disabled.
10-19 15:49:37.769 21104  8968 I NearbySharing: Stopping Fast Init advertisement because Bluetooth is off.
10-19 15:49:37.769 21104  8968 I NearbySharing: Stopping advertising because Bluetooth is disabled.
10-19 15:49:37.789 13532 13532 W fbservices-stub:InitStatus: Not blocking Service (51888160)
10-19 15:49:37.789 13532 13532 W fbservices-stub:InitStatus: Not blocking Service (51888160)
10-19 15:49:37.800 21104  8968 I NearbySharing: Starting scanning for Fast Initiation.
10-19 15:49:37.803 21104  8968 I NearbySharing: Failed to scan for FastInitiation. Scanning is not supported on this device.
10-19 15:49:37.809 21104  8968 I NearbySharing: Dismissing HUN as there's no device nearby.
10-19 15:49:37.841 21104 21250 I WifiScanner: onFullResults
10-19 15:49:37.842 21104 22617 I WifiScanner: onFullResults
10-19 15:49:37.842 21104 22225 I WifiScanner: onFullResults
10-19 15:49:37.851  7096  7122 W ProxyAndroidLoggerBackend: Too many Flogger logs received before configuration. Dropping old logs.
10-19 15:49:37.851  7096  7122 W ProxyAndroidLoggerBackend: Too many Flogger logs received before configuration. Dropping old logs.
10-19 15:49:37.851  7096  7122 W ProxyAndroidLoggerBackend: Too many Flogger logs received before configuration. Dropping old logs.
10-19 15:49:37.851  7096  7122 W ProxyAndroidLoggerBackend: Too many Flogger logs received before configuration. Dropping old logs.
10-19 15:49:37.851  7096  7122 W ProxyAndroidLoggerBackend: Too many Flogger logs received before configuration. Dropping old logs.
10-19 15:49:37.855  7096  7122 E VivoAudioPolicyProxyNative: VivoAudioPolicyProxy getInstanceInter: binding to vivoaudiopolicy service failed, service up?
10-19 15:49:37.857  7096  7122 D AudioRecord: set(): 0xb40000778002e2e0, inputSource 1999, sampleRate 16000, format 0x1, channelMask 0x10, frameCount 128000, notificationFrames 0, sessionId 0, transferType 0, flags 0, attributionSource AttributionSourceState{pid: 7096, uid: 99384, deviceId: 0, packageName: com.google.android.googlequicksearchbox, attributionTag: (null), token: binder:0xb4000076000314f0, renouncedPermissions: [], next: []} uid -1, pid -1
10-19 15:49:37.857  7096  7122 I AudioRecord: set final client name com.google.android.googlequicksearchbox(0)
10-19 15:49:37.858  7096  7122 E word_detector_0: RecordingActivityTracker(): binding to audio service failed, service up?
10-19 15:49:37.859  7096  7122 I AudioRecord: set(): getPolicyInputSourceForVoip mAttributes inputsource=1999, input source= 1999,flags:0
10-19 15:49:37.879 21104  9017 I NearbyMediums: ModuleInitializer handles incoming intent android.intent.action.USER_PRESENT
10-19 15:49:37.884 21104  8996 I FrewleTileCacheManagerV: (REDACTED) Fetched %d AP models from cache
10-19 15:49:37.886 21104  8775 I Nearby  : (REDACTED) Beginning attempt #%d out of %d for %s...
10-19 15:49:37.888 21104 21104 I RCNIntentOperation: RCN is disabled on this network.
10-19 15:49:37.891 21104  8775 I NearbyMediums: BluetoothAdapter's name was not set by Nearby Connections, ignoring call to restore default scan mode.
10-19 15:49:37.893 21104  8775 I NearbyMediums: BluetoothAdapter's name was not set by Nearby Connections, ignoring call to restore device name
10-19 15:49:37.901 21163  9181 I PersonalSafety: ConnectivityProtectionLockingIntentOperation: cancelled task [CONTEXT service_id=310 ]
10-19 15:49:37.907  7096  7122 D AudioRecord: openRecord_l: 0xb40000778002e2e0, mCblk = 0x7abab1b000
10-19 15:49:37.911  7096  7122 W ProxyAndroidLoggerBackend: Too many Flogger logs received before configuration. Dropping old logs.
10-19 15:49:37.911  7096  7126 W ProxyAndroidLoggerBackend: Too many Flogger logs received before configuration. Dropping old logs.
10-19 15:49:37.917 21104 21188 I ActivityScheduler: nextTriggerTime: 1313353060, in 5780ms, detectorType: 39, FULL_TYPE alarmWindowMillis: 625
10-19 15:49:37.917  7096  7126 W ProxyAndroidLoggerBackend: Too many Flogger logs received before configuration. Dropping old logs.
10-19 15:49:37.918  7096  7126 D AudioRecord: start(24890): 0xb40000778002e2e0, sync event 0 trigger session 0
10-19 15:49:37.918  7096  7126 E VivoAudioPolicyProxyNative: VivoAudioPolicyProxy getInstanceInter: binding to vivoaudiopolicy service failed, service up?
10-19 15:49:37.923  7096  7122 I native  : I0000 00:00:1760869177.922365    7122 soda_client.cc:330] Starting capture.
10-19 15:49:37.924  7096  7122 I native  : I0000 00:00:1760869177.924181    7122 soda_async_impl.cc:651] SODA session starting (require_hotword:1, hotword_timeout_in_millis:0, trigger_type:TRIGGER_TYPE_UNSPECIFIED, hybrid_asr_config.mode:MODE_DEFAULT)
10-19 15:49:37.927 21104 21184 I FusedLocation: (REDACTED) location delivery to %s blocked - too fast
10-19 15:49:37.928 21104 21184 I FusedLocation: (REDACTED) location delivery to %s blocked - too fast
10-19 15:49:37.928 21104 21184 I FusedLocation: (REDACTED) location delivery to %s blocked - too fast
10-19 15:49:37.928 21104 21184 I FusedLocation: (REDACTED) location delivery to %s blocked - too close
10-19 15:49:37.930 21104 21184 I FusedLocation: (REDACTED) location delivery to %s blocked - too fast
10-19 15:49:37.933  7096  7130 W ProxyAndroidLoggerBackend: Too many Flogger logs received before configuration. Dropping old logs.
10-19 15:49:37.933 21104 21184 I fznc    : Received empty WiFi-RTT scan. [CONTEXT service_id=6 ]
10-19 15:49:37.943  7096  7126 D AudioRecord: start(24890): return status 0
10-19 15:49:37.943  7096  7126 W ProxyAndroidLoggerBackend: Too many Flogger logs received before configuration. Dropping old logs.
10-19 15:49:37.943  7096  7126 D AudioSystem: +setParameters(): MAGT-Process=7096;MAGT-AudioThread=7126 
10-19 15:49:37.957  1870  3647 D BatteryStatsService: noteVideoSurfaceChanged  noteWhich: 49,arg1: -2, arg2: -1, arg3: 2704, arg4: 230, name: com.android.systemui
10-19 15:49:37.958  1870  3647 D BatteryStatsService: noteVideoSurfaceChanged  noteWhich: 49,arg1: -2, arg2: -1, arg3: 2704, arg4: 236, name: com.android.systemui
10-19 15:49:37.973  4589  7937 I ReactNativeJS: 📋 Found 0 unread ride notifications
10-19 15:49:37.978  4589  7937 I ReactNativeJS: ✅ No pending ride notifications
10-19 15:49:37.978  4589  7937 I ReactNativeJS: === RIDES SCREEN STATE DEBUG ===
10-19 15:49:37.978  4589  7937 I ReactNativeJS: 🔄 Component state updated:
10-19 15:49:37.978  4589  7937 I ReactNativeJS: '  - Current ride:', 'null'
10-19 15:49:37.978  4589  7937 I ReactNativeJS: '  - Pending rides count:', 0
10-19 15:49:37.978  4589  7937 I ReactNativeJS: '  - Driver status:', 'online'
10-19 15:49:37.978  4589  7937 I ReactNativeJS: '  - Loading:', true
10-19 15:49:37.978  4589  7937 I ReactNativeJS: '  - Error:', null
10-19 15:49:37.978  4589  7937 I ReactNativeJS: '  - Show modal:', false
10-19 15:49:37.978  4589  7937 I ReactNativeJS: '  - Timestamp:', '2025-10-19T10:19:37.978Z'
10-19 15:49:37.978  4589  7937 I ReactNativeJS: ❌ NO CURRENT RIDE - showing empty state
10-19 15:49:37.978  4589  7937 I ReactNativeJS: === RIDE REQUEST MODAL LOGIC DEBUG ===
10-19 15:49:37.978  4589  7937 I ReactNativeJS: 🔄 Checking if should show ride request modal:
10-19 15:49:37.978  4589  7937 I ReactNativeJS: '  - Pending rides:', 0
10-19 15:49:37.978  4589  7937 I ReactNativeJS: '  - Modal already showing:', false
10-19 15:49:37.978  4589  7937 I ReactNativeJS: '  - Driver status:', 'online'
10-19 15:49:37.978  4589  7937 I ReactNativeJS: '  - Has current ride:', false
10-19 15:49:37.978  4589  7937 I ReactNativeJS: ❌ NOT SHOWING MODAL - reasons:
10-19 15:49:37.978  4589  7937 I ReactNativeJS: '🚗 Analysis:', { pendingRidesCount: 0,
10-19 15:49:37.978  4589  7937 I ReactNativeJS:   modalAlreadyShowing: false,
10-19 15:49:37.978  4589  7937 I ReactNativeJS:   driverStatus: 'online',
10-19 15:49:37.978  4589  7937 I ReactNativeJS:   hasCurrentRide: false }
10-19 15:49:37.982  4589  7937 I ReactNativeJS: === RIDES SCREEN STATE DEBUG ===
10-19 15:49:37.982  4589  7937 I ReactNativeJS: 🔄 Component state updated:
10-19 15:49:37.982  4589  7937 I ReactNativeJS: '  - Current ride:', 'null'
10-19 15:49:37.982  4589  7937 I ReactNativeJS: '  - Pending rides count:', 0
10-19 15:49:37.982  4589  7937 I ReactNativeJS: '  - Driver status:', 'online'
10-19 15:49:37.982  4589  7937 I ReactNativeJS: '  - Loading:', false
10-19 15:49:37.982  4589  7937 I ReactNativeJS: '  - Error:', null
10-19 15:49:37.982  4589  7937 I ReactNativeJS: '  - Show modal:', false
10-19 15:49:37.982  4589  7937 I ReactNativeJS: '  - Timestamp:', '2025-10-19T10:19:37.982Z'
10-19 15:49:37.982  4589  7937 I ReactNativeJS: ❌ NO CURRENT RIDE - showing empty state
10-19 15:49:38.002  5720 14147 D SQLiteQueryBuilder: SELECT _id, _data, _size, date_modified, bucket_id, orientation, datetaken FROM images WHERE ((((is_pending=0 AND NOT _modifier=4) OR (is_pending=1 AND lower(_data) NOT REGEXP '.*/\.pending-(\d+)-([^/]+)$' AND owner_package_name IN ( 'com.vivo.gallery' , 'com.vivo.widget.gallery' )))) AND (is_trashed=0) AND (volume_name IN ( 'external_primary' ))) AND (( bucket_id IN ( -1212198981, -1695567127, -53910322, -2140495773, 606811175, 1251957395, 1115488879, 1092149518, 390907738, -1694063856, -803954635, -1690180765, -1816304744, 911081060, -1291404494, -1285319851, -651554454, 151630153, 543621159, -2002206485, 73761835, -1760112825, -71543827, -302991967, -1227671927, -156420408, -1516374533, 1829735780, -1450708494, -506316380, -1341114264, 1114833418, 1152093397, -1733679058, -2131021710, -680697881, 2084439217, -2024679488, -1447456465, 700805465, 991906690, 1345966226, 657155968, 1266435012, -1966306697, -1897284014, -1949680778, 434583847, 990381004, -1526850504, -1612742889, -1273942824, -1004938028, 331203438, 708879003, 255899559, -528275350, -602893060, -1055518229, 545491069, -1716401999, 668104411, -1118657469, 1040014575, 849662899, -174887798, -1292465169, 1101584562, -613830029, -1577375515, -1628155945, -1033534650, -328196774, -2071947861, 805181138, -1104308479, 181789691, 619245019, 616142335, -1829889111, -1578944343, -1809455754, 1690766750, -793566743, 272894235, -435605656, -1858432929, -792464988, -434569360, -1462931038, -879973635, 65759896, -924335728, -1809287853, 1755148769, -223571158, 2126348076, 48382832, 700217390, 630412299, 183872366, 1059985074, -1806957104, -1641691205, -571335571, 1519174419, 1036004452, -2031220924, -1537104433, 1829930144, -745596364, -8122821, 1366741172, 1548299660, 1674287630, -1535937100, 13148420, 1909659649, 264986155, -9482612, 13005089, -2089205090, -1022498075, -919133986, -884178250, -1422443828, -670014994, -2121027476, 2020100714, 489993, 448544941, -2101462868, -261299595, 1172023232, 1278178828, -607125002, -856420653, -1973993346, 1498690426, -1527464249, -1945110980, 395625896, 1909316592, 569711560, -1686988495, 1763470175, -1488038648, 2113906615, -550734493, 85651275, -1964037955, 428383196, -1949793892, 1136101865, 2018234913, -18391924, 1490911920, -884178653, -1170470833, -1215953411, 1077477957, -1198914825, 1461775709, -643464410, 1900774339, 1272506704, -485246563, 1960476238, -1291404897, -1950041765, 1664549270, 2070856141, 1220790880, 359301071, 278762032, 470519460, -924530092, -1382559966, 904275793, 1298630565, 1186223222, -519179321, 232691476, -1684913851, -750954006, 83641895, 1145800364, -2012790048, 1286776387, 397907126, 1330064451, -1804177550, -1809174739, 174397812, 2043613916, -675937132, 1736146008, -1702973091, -1184968074, 1502601919, 1574223589, 445258174, -1682700158, -351293385, 638217523, 2052700512, 949947357, -1318309340, 616722321, -1406249091, 656868479, -402361508, -1410236246, -1193446467, -1415689986, -1935708161, 1786892787, -2041971395, -1087402833, -1809045590, 658433208, 1208185747, 761624307, 250774884, 12344107, -1415495622, 35166595, -175675851, 912551383, -1432612566, 39258592, -131644514, -1950760957, -1022555983, -1656404229, -731336746, 1106324018, 1962141495, -643270046, 133162019, -2075879543, 945165185, -1572118126, 1746875333, -2129001792, -1739773001, -214169408, 1354535744, -1551292529, 581197485, 1732723533, 1456888538, -1448813142, 13311172, -1569520032, -1527994117, 348164313, 1631149349, -242606674, -1914187326, -1445556762, 211087524, -219150656, -1422672119, -1530754818, -1171388910, -2072752055, -1325148867, 361712075, -1730634595, -340891674, 1407102871, 53870456, -508660256, 2028258487, -815228101, -1694937425, -519178918, 1561178453, -1131671344, 1431320847, 2046578077, -781677303, 1291266200, 848578299, -1972390376, -978314959, -1319727662, 943502520, 1028125135, -175466238, 1195992005, 1920382715, 2108277051, 443703009, 675671268, 263662367, -347572232, 183545411, 1450478273, -1879659704, 1957916785, 1976953110, -1157253172, -1407948598, 
10-19 15:49:38.037  7096  7126 W ProxyAndroidLoggerBackend: Too many Flogger logs received before configuration. Dropping old logs.
10-19 15:49:38.038  7096  7120 I native  : I0000 00:00:1760869178.037949    7120 soda_async_impl.cc:1357] SODA received first mic audio buffer, size in bytes: 320, format: 1, channels: 1, sample rate: 16000
10-19 15:49:38.132 13532 13532 W fbservices-stub:InitStatus: Not blocking Service (51888160)
10-19 15:49:38.132 13532 13532 W fbservices-stub:InitStatus: Not blocking Service (51888160)
10-19 15:49:38.441  7096  7120 I native  : I0000 00:00:1760869178.437751    7120 soda_async_impl.cc:1126] Not receiving any loopback audio in 500ms. Last audio received time: 1970-01-01T05:30:00+05:30, Current time: 2025-10-19T15:49:38.437748193+05:30
10-19 15:49:38.655  4589  7937 I ReactNativeJS: === NAVIGATION CHECK ===
10-19 15:49:38.655  4589  7937 I ReactNativeJS: 'In auth group:', false
10-19 15:49:38.655  4589  7937 I ReactNativeJS: 'Has session:', false
10-19 15:49:38.655  4589  7937 I ReactNativeJS: 'Has driver:', true
10-19 15:49:38.655  4589  7937 I ReactNativeJS: 'Current segments:', [ '(tabs)', 'profile' ]
10-19 15:49:38.655  4589  7937 I ReactNativeJS: 'Loading state:', false
10-19 15:49:38.656  4589  7937 I ReactNativeJS: 'Is authenticated:', { id: 'eb91d7e5-e2f2-4021-a8c8-3739a3d4cae4',
10-19 15:49:38.656  4589  7937 I ReactNativeJS:   user_id: '1c4ac410-54d8-4b5e-960b-3afcbebd115d',
10-19 15:49:38.656  4589  7937 I ReactNativeJS:   license_number: 'TY58971234',
10-19 15:49:38.656  4589  7937 I ReactNativeJS:   license_expiry: '2025-10-04',
10-19 15:49:38.656  4589  7937 I ReactNativeJS:   status: 'online',
10-19 15:49:38.656  4589  7937 I ReactNativeJS:   rating: 5,
10-19 15:49:38.656  4589  7937 I ReactNativeJS:   total_rides: 40,
10-19 15:49:38.656  4589  7937 I ReactNativeJS:   is_verified: true,
10-19 15:49:38.656  4589  7937 I ReactNativeJS:   vehicle_id: 'e7591bc7-c083-49f6-b30d-cc0d6964f3a1',
10-19 15:49:38.656  4589  7937 I ReactNativeJS:   vendor_id: null,
10-19 15:49:38.656  4589  7937 I ReactNativeJS:   phone_number: '9598972325',
10-19 15:49:38.656  4589  7937 I ReactNativeJS:   name: 'john',
10-19 15:49:38.656  4589  7937 I ReactNativeJS:   created_at: '2025-09-16T17:06:10.397003+00:00',
10-19 15:49:38.656  4589  7937 I ReactNativeJS:   updated_at: '2025-10-18T15:15:50.284134+00:00',
10-19 15:49:38.656  4589  7937 I ReactNativeJS:   vehicles: 
10-19 15:49:38.656  4589  7937 I ReactNativeJS:    { id: 'e7591bc7-c083-49f6-b30d-cc0d6964f3a1',
10-19 15:49:38.656  4589  7937 I ReactNativeJS:      registration_number: 'KA51MN1111',
10-19 15:49:38.656  4589  7937 I ReactNativeJS:      make: 'Maruti',
10-19 15:49:38.656  4589  7937 I ReactNativeJS:      model: 'Ciaz',
10-19 15:49:38.656  4589  7937 I ReactNativeJS:      year: 2022,
10-19 15:49:38.656  4589  7937 I ReactNativeJS:      color: 'Silver',
10-19 15:49:38.656  4589  7937 I ReactNativeJS:      vehicle_type: 'sedan',
10-19 15:49:38.656  4589  7937 I ReactNativeJS:      capacity: 4 },
10-19 15:49:38.656  4589  7937 I ReactNativeJS:   user: 
10-19 15:49:38.656  4589  7937 I ReactNativeJS:    { id: '1c4ac410-54d8-4b5e-960b-3afcbebd115d',
10-19 15:49:38.656  4589  7937 I ReactNativeJS:      email: 'john@gmail.com',
10-19 15:49:38.656  4589  7937 I ReactNativeJS:      role: 'driver',
10-19 15:49:38.656  4589  7937 I ReactNativeJS:      full_name: 'john',
10-19 15:49:38.656  4589  7937 I ReactNativeJS:      phone_number: '9598972325',
10-19 15:49:38.656  4589  7937 I ReactNativeJS:      avatar_url: null,
10-19 15:49:38.656  4589  7937 I ReactNativeJS:      is_active: true,
10-19 15:49:38.656  4589  7937 I ReactNativeJS:      created_at: '2025-09-16T17:06:09.397142+00:00',
10-19 15:49:38.656  4589  7937 I ReactNativeJS:      updated_at: '2025-09-16T17:06:09.397142+00:00' },
10-19 15:49:38.656  4589  7937 I ReactNativeJS:   vehicle: 
10-19 15:49:38.656  4589  7937 I ReactNativeJS:    { id: 'e7591bc7-c083-49f6-b30d-cc0d6964f3a1',
10-19 15:49:38.656  4589  7937 I ReactNativeJS:      registration_number: 'KA51MN1111',
10-19 15:49:38.656  4589  7937 I ReactNativeJS:      make: 'Maruti',
10-19 15:49:38.656  4589  7937 I ReactNativeJS:      model: 'Ciaz',
10-19 15:49:38.656  4589  7937 I ReactNativeJS:      year: 2022,
10-19 15:49:38.656  4589  7937 I ReactNativeJS:      color: 'Silver',
10-19 15:49:38.656  4589  7937 I ReactNativeJS:      vehicle_type: 'sedan',
10-19 15:49:38.656  4589  7937 I ReactNativeJS:      capacity: 4 } }
10-19 15:49:38.656  4589  7937 I ReactNativeJS: No navigation needed - staying in current route
10-19 15:49:39.509  4589  7937 I ReactNativeJS: 🔄 Auto-refreshing rides (2-second interval)...
10-19 15:49:39.509  4589  7937 I ReactNativeJS: === LOADING RIDES ===
10-19 15:49:39.509  4589  7937 I ReactNativeJS: 'Driver ID:', 'eb91d7e5-e2f2-4021-a8c8-3739a3d4cae4'
10-19 15:49:39.509  4589  7937 I ReactNativeJS: 'Driver User ID:', '1c4ac410-54d8-4b5e-960b-3afcbebd115d'
10-19 15:49:39.515  4589  7937 I ReactNativeJS: 🔍 Loading current ride...
10-19 15:49:39.517  4589  7937 I ReactNativeJS: === RIDES SCREEN STATE DEBUG ===
10-19 15:49:39.517  4589  7937 I ReactNativeJS: 🔄 Component state updated:
10-19 15:49:39.517  4589  7937 I ReactNativeJS: '  - Current ride:', 'null'
10-19 15:49:39.517  4589  7937 I ReactNativeJS: '  - Pending rides count:', 0
10-19 15:49:39.517  4589  7937 I ReactNativeJS: '  - Driver status:', 'online'
10-19 15:49:39.517  4589  7937 I ReactNativeJS: '  - Loading:', true
10-19 15:49:39.517  4589  7937 I ReactNativeJS: '  - Error:', null
10-19 15:49:39.517  4589  7937 I ReactNativeJS: '  - Show modal:', false
10-19 15:49:39.517  4589  7937 I ReactNativeJS: '  - Timestamp:', '2025-10-19T10:19:39.517Z'
10-19 15:49:39.517  4589  7937 I ReactNativeJS: ❌ NO CURRENT RIDE - showing empty state
10-19 15:49:39.777  4589  7937 I ReactNativeJS: '✅ Current ride loaded:', 'none'
10-19 15:49:39.777  4589  7937 I ReactNativeJS: 🔍 Loading pending ride notifications...
10-19 15:49:39.809  4589  7937 I ReactNativeJS: === SIGN OUT BUTTON CLICKED ===
10-19 15:49:39.829  4589  4589 W WindowOnBackDispatcher: OnBackInvokedCallback is not enabled for the application.
10-19 15:49:39.829  4589  4589 W WindowOnBackDispatcher: Set 'android:enableOnBackInvokedCallback="true"' in the application manifest.
10-19 15:49:39.919  4589  4589 D ViewRootImpl: AppSizeAfterRelayout, size: Point(1202, 713), rotation: ROTATION_0
10-19 15:49:39.919  4589  4589 D BufferQueueConsumer: [](id:11ed00000006,api:0,p:-1,c:4589) connect: controlledByApp=false
10-19 15:49:39.920  4589  4589 D BLASTBufferQueue: [VRI[MainActivity]#5](f:0,a:0) constructor()
10-19 15:49:39.920  4589  4589 D BLASTBufferQueue: [VRI[MainActivity]#5](f:0,a:0) update width=1202 height=713 format=-3 mTransformHint=0
10-19 15:49:39.928  4589  7907 D BLASTBufferQueue: [VRI[MainActivity]#5](f:0,a:1) acquireNextBufferLocked size=1202x713 mFrameNumber=1 applyTransaction=true mTimestamp=632550479170471(auto) mPendingTransactions.size=0 graphicBufferId=19709604921382 transform=0
10-19 15:49:40.020  4589  7937 I ReactNativeJS: 📋 Found 0 unread ride notifications
10-19 15:49:40.028  4589  7937 I ReactNativeJS: ✅ No pending ride notifications
10-19 15:49:40.028  4589  7937 I ReactNativeJS: === RIDES SCREEN STATE DEBUG ===
10-19 15:49:40.028  4589  7937 I ReactNativeJS: 🔄 Component state updated:
10-19 15:49:40.029  4589  7937 I ReactNativeJS: '  - Current ride:', 'null'
10-19 15:49:40.029  4589  7937 I ReactNativeJS: '  - Pending rides count:', 0
10-19 15:49:40.029  4589  7937 I ReactNativeJS: '  - Driver status:', 'online'
10-19 15:49:40.029  4589  7937 I ReactNativeJS: '  - Loading:', true
10-19 15:49:40.029  4589  7937 I ReactNativeJS: '  - Error:', null
10-19 15:49:40.029  4589  7937 I ReactNativeJS: '  - Show modal:', false
10-19 15:49:40.029  4589  7937 I ReactNativeJS: '  - Timestamp:', '2025-10-19T10:19:40.029Z'
10-19 15:49:40.029  4589  7937 I ReactNativeJS: ❌ NO CURRENT RIDE - showing empty state
10-19 15:49:40.029  4589  7937 I ReactNativeJS: === RIDE REQUEST MODAL LOGIC DEBUG ===
10-19 15:49:40.029  4589  7937 I ReactNativeJS: 🔄 Checking if should show ride request modal:
10-19 15:49:40.029  4589  7937 I ReactNativeJS: '  - Pending rides:', 0
10-19 15:49:40.029  4589  7937 I ReactNativeJS: '  - Modal already showing:', false
10-19 15:49:40.029  4589  7937 I ReactNativeJS: '  - Driver status:', 'online'
10-19 15:49:40.029  4589  7937 I ReactNativeJS: '  - Has current ride:', false
10-19 15:49:40.029  4589  7937 I ReactNativeJS: ❌ NOT SHOWING MODAL - reasons:
10-19 15:49:40.029  4589  7937 I ReactNativeJS: '🚗 Analysis:', { pendingRidesCount: 0,
10-19 15:49:40.029  4589  7937 I ReactNativeJS:   modalAlreadyShowing: false,
10-19 15:49:40.029  4589  7937 I ReactNativeJS:   driverStatus: 'online',
10-19 15:49:40.029  4589  7937 I ReactNativeJS:   hasCurrentRide: false }
10-19 15:49:40.034  4589  7937 I ReactNativeJS: === RIDES SCREEN STATE DEBUG ===
10-19 15:49:40.034  4589  7937 I ReactNativeJS: 🔄 Component state updated:
10-19 15:49:40.034  4589  7937 I ReactNativeJS: '  - Current ride:', 'null'
10-19 15:49:40.034  4589  7937 I ReactNativeJS: '  - Pending rides count:', 0
10-19 15:49:40.034  4589  7937 I ReactNativeJS: '  - Driver status:', 'online'
10-19 15:49:40.034  4589  7937 I ReactNativeJS: '  - Loading:', false
10-19 15:49:40.034  4589  7937 I ReactNativeJS: '  - Error:', null
10-19 15:49:40.034  4589  7937 I ReactNativeJS: '  - Show modal:', false
10-19 15:49:40.035  4589  7937 I ReactNativeJS: '  - Timestamp:', '2025-10-19T10:19:40.034Z'
10-19 15:49:40.035  4589  7937 I ReactNativeJS: ❌ NO CURRENT RIDE - showing empty state
10-19 15:49:40.115  5720 14147 D SQLiteQueryBuilder: SELECT _id, _data, _size, date_modified, bucket_id, orientation, datetaken FROM images WHERE ((((is_pending=0 AND NOT _modifier=4) OR (is_pending=1 AND lower(_data) NOT REGEXP '.*/\.pending-(\d+)-([^/]+)$' AND owner_package_name IN ( 'com.vivo.gallery' , 'com.vivo.widget.gallery' )))) AND (is_trashed=0) AND (volume_name IN ( 'external_primary' ))) AND (( bucket_id IN ( -1212198981, -1695567127, -53910322, -2140495773, 606811175, 1251957395, 1115488879, 1092149518, 390907738, -1694063856, -803954635, -1690180765, -1816304744, 911081060, -1291404494, -1285319851, -651554454, 151630153, 543621159, -2002206485, 73761835, -1760112825, -71543827, -302991967, -1227671927, -156420408, -1516374533, 1829735780, -1450708494, -506316380, -1341114264, 1114833418, 1152093397, -1733679058, -2131021710, -680697881, 2084439217, -2024679488, -1447456465, 700805465, 991906690, 1345966226, 657155968, 1266435012, -1966306697, -1897284014, -1949680778, 434583847, 990381004, -1526850504, -1612742889, -1273942824, -1004938028, 331203438, 708879003, 255899559, -528275350, -602893060, -1055518229, 545491069, -1716401999, 668104411, -1118657469, 1040014575, 849662899, -174887798, -1292465169, 1101584562, -613830029, -1577375515, -1628155945, -1033534650, -328196774, -2071947861, 805181138, -1104308479, 181789691, 619245019, 616142335, -1829889111, -1578944343, -1809455754, 1690766750, -793566743, 272894235, -435605656, -1858432929, -792464988, -434569360, -1462931038, -879973635, 65759896, -924335728, -1809287853, 1755148769, -223571158, 2126348076, 48382832, 700217390, 630412299, 183872366, 1059985074, -1806957104, -1641691205, -571335571, 1519174419, 1036004452, -2031220924, -1537104433, 1829930144, -745596364, -8122821, 1366741172, 1548299660, 1674287630, -1535937100, 13148420, 1909659649, 264986155, -9482612, 13005089, -2089205090, -1022498075, -919133986, -884178250, -1422443828, -670014994, -2121027476, 2020100714, 489993, 448544941, -2101462868, -261299595, 1172023232, 1278178828, -607125002, -856420653, -1973993346, 1498690426, -1527464249, -1945110980, 395625896, 1909316592, 569711560, -1686988495, 1763470175, -1488038648, 2113906615, -550734493, 85651275, -1964037955, 428383196, -1949793892, 1136101865, 2018234913, -18391924, 1490911920, -884178653, -1170470833, -1215953411, 1077477957, -1198914825, 1461775709, -643464410, 1900774339, 1272506704, -485246563, 1960476238, -1291404897, -1950041765, 1664549270, 2070856141, 1220790880, 359301071, 278762032, 470519460, -924530092, -1382559966, 904275793, 1298630565, 1186223222, -519179321, 232691476, -1684913851, -750954006, 83641895, 1145800364, -2012790048, 1286776387, 397907126, 1330064451, -1804177550, -1809174739, 174397812, 2043613916, -675937132, 1736146008, -1702973091, -1184968074, 1502601919, 1574223589, 445258174, -1682700158, -351293385, 638217523, 2052700512, 949947357, -1318309340, 616722321, -1406249091, 656868479, -402361508, -1410236246, -1193446467, -1415689986, -1935708161, 1786892787, -2041971395, -1087402833, -1809045590, 658433208, 1208185747, 761624307, 250774884, 12344107, -1415495622, 35166595, -175675851, 912551383, -1432612566, 39258592, -131644514, -1950760957, -1022555983, -1656404229, -731336746, 1106324018, 1962141495, -643270046, 133162019, -2075879543, 945165185, -1572118126, 1746875333, -2129001792, -1739773001, -214169408, 1354535744, -1551292529, 581197485, 1732723533, 1456888538, -1448813142, 13311172, -1569520032, -1527994117, 348164313, 1631149349, -242606674, -1914187326, -1445556762, 211087524, -219150656, -1422672119, -1530754818, -1171388910, -2072752055, -1325148867, 361712075, -1730634595, -340891674, 1407102871, 53870456, -508660256, 2028258487, -815228101, -1694937425, -519178918, 1561178453, -1131671344, 1431320847, 2046578077, -781677303, 1291266200, 848578299, -1972390376, -978314959, -1319727662, 943502520, 1028125135, -175466238, 1195992005, 1920382715, 2108277051, 443703009, 675671268, 263662367, -347572232, 183545411, 1450478273, -1879659704, 1957916785, 1976953110, -1157253172, -1407948598, 
10-19 15:49:40.503 21104 21184 I FusedLocation: (REDACTED) location delivery to %s blocked - too close
10-19 15:49:40.504 21104 21184 I FusedLocation: (REDACTED) location delivery to %s blocked - too fast
10-19 15:49:40.504 21104 21184 I FusedLocation: (REDACTED) location delivery to %s blocked - too close
10-19 15:49:40.505 21104 21184 I FusedLocation: (REDACTED) location delivery to %s blocked - too close
10-19 15:49:40.506 21104 21184 I FusedLocation: (REDACTED) location delivery to %s blocked - too fast
10-19 15:49:40.507 21104 21184 I FusedLocation: (REDACTED) location delivery to %s blocked - too fast
10-19 15:49:40.597  4589  7937 I ReactNativeJS: === SIGN OUT INITIATED ===
10-19 15:49:40.597  4589  7937 I ReactNativeJS: === SIGNING OUT ===
10-19 15:49:40.597  4589  7937 I ReactNativeJS: '📊 Current driver status before logout:', 'online'
10-19 15:49:40.597  4589  7937 I ReactNativeJS: 🔒 Status will be preserved in database - NOT changing to offline
10-19 15:49:40.597  4589  4589 W WindowOnBackDispatcher: sendCancelIfRunning: isInProgress=false callback=android.view.ViewRootImpl$$ExternalSyntheticLambda11@47fd6b9
10-19 15:49:40.605  4589  7907 D HWUI    : endAllActiveAnimators on 0xb4000077801a7940 (RippleDrawable) with handle 0xb4000077d00b7c10
10-19 15:49:40.617  4589  4589 W WindowOnBackDispatcher: OnBackInvokedCallback is not enabled for the application.
10-19 15:49:40.617  4589  4589 W WindowOnBackDispatcher: Set 'android:enableOnBackInvokedCallback="true"' in the application manifest.
10-19 15:49:40.627  4589  8265 D BLASTBufferQueue: [VRI[MainActivity]#5](f:0,a:4) destructor()
10-19 15:49:40.627  4589  8265 D BufferQueueConsumer: [VRI[MainActivity]#5(BLAST Consumer)5](id:11ed00000006,api:0,p:-1,c:4589) disconnect
10-19 15:49:40.646  4589  4589 V ImeFocusController: onWindowFocus: com.android.internal.policy.DecorView{88218ae V.E...... R....... 0,0-1080,2392 aid=0}[MainActivity] softInputMode=STATE_UNSPECIFIED|ADJUST_RESIZE
10-19 15:49:40.650  5589  5589 I GoogleInputMethodService: GoogleInputMethodService.onFinishInput():2085 
10-19 15:49:40.650  5589  5589 I Module  : DeviceLockedStatusModuleProvider$Module.updateDeviceLockedStatus():100 repeatCheckTimes = 0, locked = false
10-19 15:49:40.651  5589  5589 I GoogleInputMethodService: GoogleInputMethodService.onStartInput():1346 onStartInput(EditorInfo{EditorInfo{packageName=com.a1taxi.driverpro, inputType=0, inputTypeString=NULL, enableLearning=false, autoCorrection=false, autoComplete=false, imeOptions=0, privateImeOptions=null, actionName=UNSPECIFIED, actionLabel=null, initialSelStart=-1, initialSelEnd=-1, initialCapsMode=0, label=null, fieldId=0, fieldName=null, extras=null, hintText=null, hintLocales=[]}}, false)
10-19 15:49:40.652  5589  5589 I Module  : DeviceLockedStatusModuleProvider$Module.updateDeviceLockedStatus():100 repeatCheckTimes = 1, locked = false
10-19 15:49:40.661  4589  7937 I ReactNativeJS: 🛑 Cleaning up auto-refresh interval
10-19 15:49:40.661  4589  7937 I ReactNativeJS: ✅ Notification sound service cleaned up
10-19 15:49:40.661  4589  7937 I ReactNativeJS: === NAVIGATION CHECK ===
10-19 15:49:40.661  4589  7937 I ReactNativeJS: 'In auth group:', false
10-19 15:49:40.661  4589  7937 I ReactNativeJS: 'Has session:', false
10-19 15:49:40.661  4589  7937 I ReactNativeJS: 'Has driver:', false
10-19 15:49:40.661  4589  7937 I ReactNativeJS: 'Current segments:', [ '(tabs)', 'profile' ]
10-19 15:49:40.661  4589  7937 I ReactNativeJS: 'Loading state:', false
10-19 15:49:40.661  4589  7937 I ReactNativeJS: 'Is authenticated:', null
10-19 15:49:40.661  4589  7937 I ReactNativeJS: Redirecting to login - not authenticated
10-19 15:49:40.666  4589  7937 I ReactNativeJS: === DRIVER STATUS CHANGE DETECTED ===
10-19 15:49:40.666  4589  7937 I ReactNativeJS: 'Driver:', undefined
10-19 15:49:40.666  4589  7937 I ReactNativeJS: 'Driver Status:', undefined
10-19 15:49:40.666  4589  7937 I ReactNativeJS: 'Driver User ID:', undefined
10-19 15:49:40.666  4589  7937 I ReactNativeJS: 'Driver Verified:', undefined
10-19 15:49:40.666  4589  7937 I ReactNativeJS: ❌ No driver available, stopping location tracking
10-19 15:49:40.666  4589  7937 I ReactNativeJS: === STOPPING LOCATION TRACKING ===
10-19 15:49:40.667  4589  7937 I ReactNativeJS: ✅ Location tracking stopped
10-19 15:49:40.667  4589  7937 I ReactNativeJS: === STOPPING BACKGROUND LOCATION TRACKING ===
10-19 15:49:40.667  4589  7937 I ReactNativeJS: === STOPPING BACKGROUND LOCATION TRACKING ===
10-19 15:49:40.677  4589  7937 I ReactNativeJS: ✅ Sign out completed - driver status preserved in database
10-19 15:49:40.677  4589  7937 I ReactNativeJS: ✅ Sign out completed
10-19 15:49:40.678  4589  7937 I ReactNativeJS: === DRIVER STATUS CHANGE DETECTED ===
10-19 15:49:40.678  4589  7937 I ReactNativeJS: 'Driver:', undefined
10-19 15:49:40.678  4589  7937 I ReactNativeJS: 'Driver Status:', undefined
10-19 15:49:40.678  4589  7937 I ReactNativeJS: 'Driver User ID:', undefined
10-19 15:49:40.678  4589  7937 I ReactNativeJS: 'Driver Verified:', undefined
10-19 15:49:40.681  4589  7937 I ReactNativeJS: === NAVIGATION CHECK ===
10-19 15:49:40.681  4589  7937 I ReactNativeJS: 'In auth group:', true
10-19 15:49:40.681  4589  7937 I ReactNativeJS: 'Has session:', false
10-19 15:49:40.681  4589  7937 I ReactNativeJS: 'Has driver:', false
10-19 15:49:40.681  4589  7937 I ReactNativeJS: 'Current segments:', [ '(auth)', 'login' ]
10-19 15:49:40.681  4589  7937 I ReactNativeJS: 'Loading state:', false
10-19 15:49:40.681  4589  7937 I ReactNativeJS: 'Is authenticated:', null
10-19 15:49:40.681  4589  7937 I ReactNativeJS: No navigation needed - staying in current route
10-19 15:49:40.682  4589  7926 I TaskService: Unregistering task 'background-location-task' for app with scoping identifier 'com.a1taxi.driverpro'.
10-19 15:49:40.694 21104  8982 I FusedLocation: (REDACTED) stationary throttling engaged @%s
10-19 15:49:40.695  4589  7937 I ReactNativeJS: ✅ Background location tracking stopped
10-19 15:49:40.696  4589  7926 I TaskService: Unregistering task 'background-fetch-task' for app with scoping identifier 'com.a1taxi.driverpro'.
10-19 15:49:40.696  4589  7926 I BackgroundFetchTaskConsumer: Stopping an alarm for task 'background-fetch-task'.
10-19 15:49:40.699  4589  7937 I ReactNativeJS: ✅ Background fetch stopped
10-19 15:49:40.699  4589  7937 I ReactNativeJS: ✅ All background location services stopped
10-19 15:49:40.700  4589  7937 I ReactNativeJS: ✅ Background location tracking stopped
10-19 15:49:40.700  4589  7937 I ReactNativeJS: === DRIVER STATUS CHANGE DETECTED ===
10-19 15:49:40.700  4589  7937 I ReactNativeJS: 'Driver:', undefined
10-19 15:49:40.700  4589  7937 I ReactNativeJS: 'Driver Status:', undefined
10-19 15:49:40.700  4589  7937 I ReactNativeJS: 'Driver User ID:', undefined
10-19 15:49:40.700  4589  7937 I ReactNativeJS: 'Driver Verified:', undefined
10-19 15:49:40.710 21104  8982 I FusedOrientationManager: Unregistering orientation client. [CONTEXT service_id=6 ]
10-19 15:49:40.711  4589  7939 W unknown:ReactNative: Attempt to set local data for view with unknown tag: -1
10-19 15:49:40.715 21104 21188 I ActivityScheduler: nextTriggerTime: 1313351683, in 1605ms, detectorType: 39, FULL_TYPE alarmWindowMillis: 625
10-19 15:49:40.720  4589  7939 W unknown:ReactNative: Attempt to set local data for view with unknown tag: -1
10-19 15:49:40.720  4589  7939 W unknown:ReactNative: Attempt to set local data for view with unknown tag: -1
10-19 15:49:40.720  4589  7939 W unknown:ReactNative: Attempt to set local data for view with unknown tag: -1
10-19 15:49:40.720  4589  7939 W unknown:ReactNative: Attempt to set local data for view with unknown tag: -1
10-19 15:49:40.720  4589  7939 W unknown:ReactNative: Attempt to set local data for view with unknown tag: -1
10-19 15:49:41.327  4589  4589 I ImeTracker: com.a1taxi.driverpro:45c1cc4f: onRequestShow at ORIGIN_CLIENT reason SHOW_SOFT_INPUT fromUser false
10-19 15:49:41.331  5589  5589 I GoogleInputMethodService: GoogleInputMethodService.onFinishInput():2085 
10-19 15:49:41.332  5589  5589 I Module  : DeviceLockedStatusModuleProvider$Module.updateDeviceLockedStatus():100 repeatCheckTimes = 0, locked = false
10-19 15:49:41.333  5589  5589 W TooltipLifecycleManager: TooltipLifecycleManager.dismissTooltips():153 Tooltip with id SUGGESTION_VIEW_EDU_MINI_DIALOG not found in tooltipManager.
10-19 15:49:41.334  5589  5589 I GoogleInputMethodService: GoogleInputMethodService.onStartInput():1346 onStartInput(EditorInfo{EditorInfo{packageName=com.a1taxi.driverpro, inputType=80001, inputTypeString=Normal[NoSuggestion], enableLearning=true, autoCorrection=true, autoComplete=true, imeOptions=8000006, privateImeOptions=null, actionName=DONE, actionLabel=null, initialSelStart=0, initialSelEnd=0, initialCapsMode=0, label=null, fieldId=2073, fieldName=null, extras=Bundle[mParcelledData.dataSize=404], hintText=non-empty, hintLocales=[]}}, false)
10-19 15:49:41.336  5589  5589 I Module  : DeviceLockedStatusModuleProvider$Module.updateDeviceLockedStatus():100 repeatCheckTimes = 1, locked = false
10-19 15:49:41.338  5589  5589 I StylusModule: StylusModule.onUpdateToolType():800 Update tool type = 1
10-19 15:49:41.340  5589  5589 I GoogleInputMethodService: GoogleInputMethodService.onStartInputView():1439 onStartInputView(EditorInfo{EditorInfo{packageName=com.a1taxi.driverpro, inputType=80001, inputTypeString=Normal[NoSuggestion], enableLearning=true, autoCorrection=true, autoComplete=true, imeOptions=8000006, privateImeOptions=null, actionName=DONE, actionLabel=null, initialSelStart=0, initialSelEnd=0, initialCapsMode=0, label=null, fieldId=2073, fieldName=null, extras=Bundle[{android.support.text.emoji.emojiCompat_metadataVersion=11, androidx.core.view.inputmethod.EditorInfoCompat.STYLUS_HANDWRITING_ENABLED=true, android.support.text.emoji.emojiCompat_replaceAll=false}], hintText=non-empty, hintLocales=[]}}, false)
10-19 15:49:41.341  5589  5589 I KeyboardHeightUtil: KeyboardHeightUtil.getOemKeyboardHeightRatio():108 systemKeyboardHeightRatio:1.000000.
10-19 15:49:41.342  5589  5589 I AndroidIME: InputBundleManager.loadActiveInputBundleId():528 loadActiveInputBundleId: en-US, ime_english_united_states
10-19 15:49:41.343  5589  5589 I AndroidIME: AbstractIme.onActivate():96 LatinIme.onActivate() : EditorInfo = EditorInfo{packageName=com.a1taxi.driverpro, inputType=80001, inputTypeString=Normal[NoSuggestion], enableLearning=true, autoCorrection=true, autoComplete=true, imeOptions=8000006, privateImeOptions=null, actionName=DONE, actionLabel=null, initialSelStart=0, initialSelEnd=0, initialCapsMode=0, label=null, fieldId=2073, fieldName=null, extras=Bundle[{android.support.text.emoji.emojiCompat_metadataVersion=11, androidx.core.view.inputmethod.EditorInfoCompat.STYLUS_HANDWRITING_ENABLED=true, android.support.text.emoji.emojiCompat_replaceAll=false}], hintText=non-empty, hintLocales=[]}, IncognitoMode = false, DeviceLocked = false
10-19 15:49:41.345  4589  4589 I AssistStructure: Flattened final assist data: 1704 bytes, containing 1 windows, 10 views
10-19 15:49:41.345  1870  2960 D AutofillSession: createPendingIntent for request 2198
10-19 15:49:41.348  5589  5589 I InputBundle: InputBundle.consumeEvent():1032 Skip consuming an event as keyboard status is INACTIVE
10-19 15:49:41.352  5589  5589 I Delight5Facilitator: Delight5Facilitator.initializeForIme():740 initializeForIme() : Locale = [en_US], layout = qwerty
10-19 15:49:41.361 21163 21163 D BoundBrokerSvc: onBind: Intent { act=com.google.android.mdd.service.START dat=chimera-action:/... cmp=com.google.android.gms/.chimera.GmsBoundBrokerService }
10-19 15:49:41.361 21163 21163 D BoundBrokerSvc: Loading bound service for intent: Intent { act=com.google.android.mdd.service.START dat=chimera-action:/... cmp=com.google.android.gms/.chimera.GmsBoundBrokerService }
10-19 15:49:41.363  5589  5589 I LatinIme: LatinIme.updateEnableInlineSuggestionsOnDecoderSideFlags():1247 inline flag updated to:false
10-19 15:49:41.371  5589  5589 I LatinIme: LatinIme.updateEnableInlineSuggestionsOnDecoderSideFlags():1247 inline flag updated to:false
10-19 15:49:41.386 21163 21163 D BoundBrokerSvc: onBind: Intent { act=com.google.android.gms.wallet.service.BIND pkg=com.google.android.gms }
10-19 15:49:41.386 21163 21163 D BoundBrokerSvc: Loading bound service for intent: Intent { act=com.google.android.gms.wallet.service.BIND pkg=com.google.android.gms }
10-19 15:49:41.386 21104  8968 W anqe    : Failed to retrieve prediction data. [CONTEXT service_id=177 ]
10-19 15:49:41.386 21104  8968 W anqe    : java.util.concurrent.ExecutionException: fnpd: No active MDD filegroup android-autofill-infinitedata found for the table autofill-domain-predictions-prod-spanner.
10-19 15:49:41.386 21104  8968 W anqe    : 	at gpkb.j(:com.google.android.gms@254031035@25.40.31 (260400-816341114):21)
10-19 15:49:41.386 21104  8968 W anqe    : 	at gpkk.v(:com.google.android.gms@254031035@25.40.31 (260400-816341114):107)
10-19 15:49:41.386 21104  8968 W anqe    : 	at gpkb.get(:com.google.android.gms@254031035@25.40.31 (260400-816341114):2)
10-19 15:49:41.386 21104  8968 W anqe    : 	at anqe.e(:com.google.android.gms@254031035@25.40.31 (260400-816341114):81)
10-19 15:49:41.386 21104  8968 W anqe    : 	at anqe.a(:com.google.android.gms@254031035@25.40.31 (260400-816341114):124)
10-19 15:49:41.386 21104  8968 W anqe    : 	at anno.call(:com.google.android.gms@254031035@25.40.31 (260400-816341114):5)
10-19 15:49:41.386 21104  8968 W anqe    : 	at java.util.concurrent.FutureTask.run(FutureTask.java:317)
10-19 15:49:41.386 21104  8968 W anqe    : 	at bckr.c(:com.google.android.gms@254031035@25.40.31 (260400-816341114):50)
10-19 15:49:41.386 21104  8968 W anqe    : 	at bckr.run(:com.google.android.gms@254031035@25.40.31 (260400-816341114):73)
10-19 15:49:41.386 21104  8968 W anqe    : 	at java.util.concurrent.ThreadPoolExecutor.runWorker(ThreadPoolExecutor.java:1156)
10-19 15:49:41.386 21104  8968 W anqe    : 	at java.util.concurrent.ThreadPoolExecutor$Worker.run(ThreadPoolExecutor.java:651)
10-19 15:49:41.386 21104  8968 W anqe    : 	at bcqi.run(:com.google.android.gms@254031035@25.40.31 (260400-816341114):8)
10-19 15:49:41.386 21104  8968 W anqe    : 	at java.lang.Thread.run(Thread.java:1119)
10-19 15:49:41.386 21104  8968 W anqe    : Caused by: fnpd: No active MDD filegroup android-autofill-infinitedata found for the table autofill-domain-predictions-prod-spanner.
10-19 15:49:41.386 21104  8968 W anqe    : 	at fnpr.a(:com.google.android.gms@254031035@25.40.31 (260400-816341114):13)
10-19 15:49:41.386 21104  8968 W anqe    : 	at gpjr.d(:com.google.android.gms@254031035@25.40.31 (260400-816341114):3)
10-19 15:49:41.386 21104  8968 W anqe    : 	at gpjt.run(:com.google.android.gms@254031035@25.40.31 (260400-816341114):130)
10-19 15:49:41.386 21104  8968 W anqe    : 	at gpma.execute(:com.google.android.gms@254031035@25.40.31 (260400-816341114):1)
10-19 15:49:41.386 21104  8968 W anqe    : 	at gpkb.f(:com.google.android.gms@254031035@25.40.31 (260400-816341114):1)
10-19 15:49:41.386 21104  8968 W anqe    : 	at gpkb.m(:com.google.android.gms@254031035@25.40.31 (260400-816341114):99)
10-19 15:49:41.386 21104  8968 W anqe    : 	at gpkb.r(:com.google.android.gms@254031035@25.40.31 (260400-816341114):17)
10-19 15:49:41.386 21104  8968 W anqe    : 	at gpko.run(:com.google.android.gms@254031035@25.40.31 (260400-816341114):77)
10-19 15:49:41.386 21104  8968 W anqe    : 	at gpma.execute(:com.google.android.gms@254031035@25.40.31 (260400-816341114):1)
10-19 15:49:41.386 21104  8968 W anqe    : 	at gpkb.f(:com.google.android.gms@254031035@25.40.31 (260400-816341114):1)
10-19 15:49:41.386 21104  8968 W anqe    : 	at gpkb.m(:com.google.android.gms@254031035@25.40.31 (260400-816341114):99)
10-19 15:49:41.386 21104  8968 W anqe    : 	at gpkb.t(:com.google.android.gms@254031035@25.40.31 (260400-816341114):26)
10-19 15:49:41.386 21104  8968 W anqe    : 	at gpjr.e(:com.google.android.gms@254031035@25.40.31 (260400-816341114):3)
10-19 15:49:41.386 21104  8968 W anqe    : 	at gpjt.run(:com.google.android.gms@254031035@25.40.31 (260400-816341114):138)
10-19 15:49:41.386 21104  8968 W anqe    : 	at gpma.execute(:com.google.android.gms@254031035@25.40.31 (260400-816341114):1)
10-19 15:49:41.386 21104  8968 W anqe    : 	at gpkb.f(:com.google.android.gms@254031035@25.40.31 (260400-816341114):1)
10-19 15:49:41.386 21104  8968 W anqe    : 	at gpkb.m(:com.google.android.gms@254031035@25.40.31 (260400-816341114):99)
10-19 15:49:41.386 21104  8968 W anqe    : 	at gpkb.r(:com.google.android.gms@254031035@25.40.31 (260400-816341114):17)
10-19 15:49:41.386 21104  8968 W anqe    : 	at gpko.run(:com.google.android.gms@254031035@25.40.31 (260400-816341114):77)
10-19 15:49:41.386 21104  8968 W anqe    : 	at gpma.execute(:com.google.android.gms@254031035@25.40.31 (260400-816341114):1)
10-19 15:49:41.386 21104  8968 W anqe    : 	at gpkb.f(:com.google.android.gms@254031035@25.40.31 (260400-816341114):1)
10-19 15:49:41.386 21104  8968 W anqe    : 	at gpkb.m(:com.google.android.gms@254031035@25.40.31 (260400-816341114):99)
10-19 15:49:41.386 21104  8968 W anqe    : 	at gpkb.t(:com.google.android.gms@254031035@25.40.31 (260400-816341114):26)
10-19 15:49:41.386 21104  8968 W anqe    : 	at gpmx.run(:com.google.android.gms@254031035@25.40.31 (260400-816341114):5)
10-19 15:49:41.386 21104  8968 W anqe    : 	at gpma.execute(:com.google.android.gms@254031035@25.40.31 (260400-816341114):1)
10-19 15:49:41.386 21104  8968 W anqe    : 	at gpkb.f(:com.google.android.gms@254031035@25.40.31 (260400-816341114):1)
10-19 15:49:41.386 21104  8968 W anqe    : 	at gpkb.m(:com.google.android.gms@254031035@25.40.31 (260400-816341114):99)
10-19 15:49:41.386 21104  8968 W anqe    : 	at gpkb.t(:com.google.android.gms@254031035@25.40.31 (260400-816341114):26)
10-19 15:49:41.386 21104  8968 W anqe    : 	at gpkm.e(:com.google.android.gms@254031035@25.40.31 (260400-816341114):3)
10-19 15:49:41.386 21104  8968 W anqe    : 	at gpko.run(:com.google.android.gms@254031035@25.40.31 (260400-816341114):44)
10-19 15:49:41.386 21104  8968 W anqe    : 	at gpod.run(:com.google.android.gms@254031035@25.40.31 (260400-816341114):64)
10-19 15:49:41.386 21104  8968 W anqe    : 	... 6 more
10-19 15:49:41.386 21104  8968 W anqe    : Caused by: flxc: Requested group not found.
10-19 15:49:41.386 21104  8968 W anqe    : 	at flxa.a(:com.google.android.gms@254031035@25.40.31 (260400-816341114):30)
10-19 15:49:41.386 21104  8968 W anqe    : 	at fmce.a(:com.google.android.gms@254031035@25.40.31 (260400-816341114):19)
10-19 15:49:41.386 21104  8968 W anqe    : 	at ghbr.a(:com.google.android.gms@254031035@25.40.31 (260400-816341114):13)
10-19 15:49:41.386 21104  8968 W anqe    : 	at gpkm.d(:com.google.android.gms@254031035@25.40.31 (260400-816341114):3)
10-19 15:49:41.386 21104  8968 W anqe    : 	at gpko.run(:com.google.android.gms@254031035@25.40.31 (260400-816341114):38)
10-19 15:49:41.386 21104  8968 W anqe    : 	... 7 more
10-19 15:49:41.399 21104  9219 I PasswordSaveInfoFactory: Form has a username and is not a password only form. [CONTEXT service_id=177 ]
10-19 15:49:41.399 21104  9219 I PasswordSaveInfoFactory: Form is not a password only form. [CONTEXT service_id=177 ]
10-19 15:49:41.399 21104  9219 I UsernameSaveInfoFactory: Form has a password and is not a username only form. [CONTEXT service_id=177 ]
10-19 15:49:41.402 21163 30014 I SyncManager: (REDACTED) Executing sync(type=%s%s)
10-19 15:49:41.406  5589  5589 I InputBundle: InputBundle.consumeEvent():1032 Skip consuming an event as keyboard status is INACTIVE
10-19 15:49:41.406 21163 30014 I SyncManager: (REDACTED) Executing sync(type=%s) finished in %s
10-19 15:49:41.407  5589  5589 I LatinIme: LatinIme.resetInputContext():2251 resetInputContext(): reason=1, externalEditsInfo=ExternalEditsInfo{action=0, offset=-1, text=null, originalText=null, edits=null}
10-19 15:49:41.407  5589  5589 I InputBundle: InputBundle.consumeEvent():1032 Skip consuming an event as keyboard status is INACTIVE
10-19 15:49:41.409 21163 30014 I SyncManager: (REDACTED) Executing sync(type=%s%s)
