10-18 20:54:14.590 11547 13183 W unknown:ViewManagerPropertyUpdater: Could not find generated setter for class com.facebook.react.views.text.frescosupport.FrescoBasedReactTextInlineImageViewManager
10-18 20:54:14.590 11547 13183 W unknown:ViewManagerPropertyUpdater: Could not find generated setter for class com.facebook.react.views.text.frescosupport.FrescoBasedReactTextInlineImageShadowNode
10-18 20:54:14.590 11547 13183 W unknown:ViewManagerPropertyUpdater: Could not find generated setter for class com.facebook.react.views.image.ReactImageManager
10-18 20:54:14.591  5589  5589 I Module  : DeviceLockedStatusModuleProvider$Module.updateDeviceLockedStatus():100 repeatCheckTimes = 1, locked = false
10-18 20:54:14.593 11547 13183 W unknown:ViewManagerPropertyUpdater: Could not find generated setter for class com.facebook.react.views.modal.ReactModalHostManager
10-18 20:54:14.593 26036 13155 I AlarmManager: set [name: SystemMemoryMap-flp type: 2 triggerAtMillis: 9223372036854775806 windowMillis: -1 intervalMillis: 0]
10-18 20:54:14.594 11547 13183 W unknown:ViewManagerPropertyUpdater: Could not find generated setter for class com.facebook.react.views.modal.ModalHostShadowNode
10-18 20:54:14.594 11547 13183 W unknown:ViewManagerPropertyUpdater: Could not find generated setter for class com.facebook.react.views.text.ReactRawTextManager
10-18 20:54:14.594 11547 13183 W unknown:ViewManagerPropertyUpdater: Could not find generated setter for class com.facebook.react.views.text.ReactRawTextShadowNode
10-18 20:54:14.595 11547 13183 W unknown:ViewManagerPropertyUpdater: Could not find generated setter for class com.facebook.react.views.textinput.ReactTextInputManager
10-18 20:54:14.596 11547 13183 W unknown:ViewManagerPropertyUpdater: Could not find generated setter for class com.facebook.react.views.textinput.ReactTextInputShadowNode
10-18 20:54:14.597 11547 13183 W unknown:ViewManagerPropertyUpdater: Could not find generated setter for class com.facebook.react.views.text.ReactTextViewManager
10-18 20:54:14.598 11547 13183 W unknown:ViewManagerPropertyUpdater: Could not find generated setter for class com.facebook.react.views.text.ReactTextShadowNode
10-18 20:54:14.598 11547 13183 W unknown:ViewManagerPropertyUpdater: Could not find generated setter for class com.facebook.react.views.view.ReactViewManager
10-18 20:54:14.598 11547 13183 W unknown:ViewManagerPropertyUpdater: Could not find generated setter for class com.facebook.react.views.text.ReactVirtualTextViewManager
10-18 20:54:14.598 11547 13183 W unknown:ViewManagerPropertyUpdater: Could not find generated setter for class com.facebook.react.views.text.ReactVirtualTextShadowNode
10-18 20:54:14.599 11547 13183 W unknown:ViewManagerPropertyUpdater: Could not find generated setter for class com.facebook.react.views.unimplementedview.ReactUnimplementedViewManager
10-18 20:54:14.599 11547 13183 W unknown:ViewManagerPropertyUpdater: Could not find generated setter for class expo.modules.kotlin.views.GroupViewManagerWrapper
10-18 20:54:14.599 11547 13183 W unknown:ViewManagerPropertyUpdater: Could not find generated setter for class com.swmansion.gesturehandler.react.RNGestureHandlerRootViewManager
10-18 20:54:14.600 11547 13183 W unknown:ViewManagerPropertyUpdater: Could not find generated setter for class com.swmansion.gesturehandler.react.RNGestureHandlerButtonViewManager
10-18 20:54:14.601 11547 13183 W unknown:ViewManagerPropertyUpdater: Could not find generated setter for class com.rnmaps.maps.MapManager
10-18 20:54:14.603 11547 13183 W unknown:ViewManagerPropertyUpdater: Could not find generated setter for class com.rnmaps.maps.MapMarkerManager
10-18 20:54:14.604 11547 13183 W unknown:ViewManagerPropertyUpdater: Could not find generated setter for class com.rnmaps.maps.MapCalloutManager
10-18 20:54:14.604 11547 13183 W unknown:ViewManagerPropertyUpdater: Could not find generated setter for class com.rnmaps.maps.MapPolylineManager
10-18 20:54:14.605 11547 13183 W unknown:ViewManagerPropertyUpdater: Could not find generated setter for class com.rnmaps.maps.MapGradientPolylineManager
10-18 20:54:14.605 11547 13183 W unknown:ViewManagerPropertyUpdater: Could not find generated setter for class com.rnmaps.maps.MapPolygonManager
10-18 20:54:14.606 11547 13183 W unknown:ViewManagerPropertyUpdater: Could not find generated setter for class com.rnmaps.maps.MapCircleManager
10-18 20:54:14.606 11547 13183 W unknown:ViewManagerPropertyUpdater: Could not find generated setter for class com.rnmaps.maps.MapUrlTileManager
10-18 20:54:14.607 11547 13183 W unknown:ViewManagerPropertyUpdater: Could not find generated setter for class com.rnmaps.maps.MapWMSTileManager
10-18 20:54:14.607 11547 13183 W unknown:ViewManagerPropertyUpdater: Could not find generated setter for class com.rnmaps.maps.MapLocalTileManager
10-18 20:54:14.608 11547 13183 W unknown:ViewManagerPropertyUpdater: Could not find generated setter for class com.rnmaps.maps.MapOverlayManager
10-18 20:54:14.608 11547 13183 W unknown:ViewManagerPropertyUpdater: Could not find generated setter for class com.rnmaps.maps.MapHeatmapManager
10-18 20:54:14.609 11547 13183 W unknown:ViewManagerPropertyUpdater: Could not find generated setter for class com.th3rdwave.safeareacontext.SafeAreaProviderManager
10-18 20:54:14.609 11547 13183 W unknown:ViewManagerPropertyUpdater: Could not find generated setter for class com.th3rdwave.safeareacontext.SafeAreaViewManager
10-18 20:54:14.610 11547 13183 W unknown:ViewManagerPropertyUpdater: Could not find generated setter for class com.th3rdwave.safeareacontext.SafeAreaViewShadowNode
10-18 20:54:14.610 11547 13183 W unknown:ViewManagerPropertyUpdater: Could not find generated setter for class com.swmansion.rnscreens.ScreenContainerViewManager
10-18 20:54:14.610 11547 13183 W unknown:ViewManagerPropertyUpdater: Could not find generated setter for class com.swmansion.rnscreens.ScreenViewManager
10-18 20:54:14.611 11547 13183 W unknown:ViewManagerPropertyUpdater: Could not find generated setter for class com.swmansion.rnscreens.ModalScreenViewManager
10-18 20:54:14.611 11547 13183 W unknown:ViewManagerPropertyUpdater: Could not find generated setter for class com.swmansion.rnscreens.ScreenStackViewManager
10-18 20:54:14.612 11547 13183 W unknown:ViewManagerPropertyUpdater: Could not find generated setter for class com.swmansion.rnscreens.ScreenStackHeaderConfigViewManager
10-18 20:54:14.612 11547 13183 W unknown:ViewManagerPropertyUpdater: Could not find generated setter for class com.swmansion.rnscreens.ScreenStackHeaderSubviewManager
10-18 20:54:14.613 11547 13183 W unknown:ViewManagerPropertyUpdater: Could not find generated setter for class com.swmansion.rnscreens.SearchBarManager
10-18 20:54:14.613 11547 13183 W unknown:ViewManagerPropertyUpdater: Could not find generated setter for class com.horcrux.svg.RenderableViewManager$DefsViewManager
10-18 20:54:14.614 11547 13183 W unknown:ViewManagerPropertyUpdater: Could not find generated setter for class com.horcrux.svg.VirtualViewManager$RenderableShadowNode
10-18 20:54:14.614 11547 13183 W unknown:ViewManagerPropertyUpdater: Could not find generated setter for class com.horcrux.svg.RenderableViewManager$MarkerManager
10-18 20:54:14.615 11547 13183 W unknown:ViewManagerPropertyUpdater: Could not find generated setter for class com.horcrux.svg.RenderableViewManager$ForeignObjectManager
10-18 20:54:14.617 11547 13183 W unknown:ViewManagerPropertyUpdater: Could not find generated setter for class com.horcrux.svg.RenderableViewManager$EllipseViewManager
10-18 20:54:14.617 11547 13183 W unknown:ViewManagerPropertyUpdater: Could not find generated setter for class com.horcrux.svg.RenderableViewManager$LineViewManager
10-18 20:54:14.618 11547 13183 W unknown:ViewManagerPropertyUpdater: Could not find generated setter for class com.horcrux.svg.RenderableViewManager$LinearGradientManager
10-18 20:54:14.619 11547 13183 W unknown:ViewManagerPropertyUpdater: Could not find generated setter for class com.horcrux.svg.RenderableViewManager$GroupViewManager
10-18 20:54:14.619 11547 13183 W unknown:ViewManagerPropertyUpdater: Could not find generated setter for class com.horcrux.svg.RenderableViewManager$TextViewManager
10-18 20:54:14.620 11547 13183 W unknown:ViewManagerPropertyUpdater: Could not find generated setter for class com.horcrux.svg.RenderableViewManager$ImageViewManager
10-18 20:54:14.621 11547 13183 W unknown:ViewManagerPropertyUpdater: Could not find generated setter for class com.horcrux.svg.RenderableViewManager$ClipPathViewManager
10-18 20:54:14.621 11547 13183 W unknown:ViewManagerPropertyUpdater: Could not find generated setter for class com.horcrux.svg.RenderableViewManager$RadialGradientManager
10-18 20:54:14.622 11547 13183 W unknown:ViewManagerPropertyUpdater: Could not find generated setter for class com.horcrux.svg.RenderableViewManager$MaskManager
10-18 20:54:14.622 11547 13183 W unknown:ViewManagerPropertyUpdater: Could not find generated setter for class com.horcrux.svg.RenderableViewManager$SymbolManager
10-18 20:54:14.623 11547 13183 W unknown:ViewManagerPropertyUpdater: Could not find generated setter for class com.horcrux.svg.RenderableViewManager$PatternManager
10-18 20:54:14.624 11547 13183 W unknown:ViewManagerPropertyUpdater: Could not find generated setter for class com.horcrux.svg.RenderableViewManager$RectViewManager
10-18 20:54:14.625 11547 13183 W unknown:ViewManagerPropertyUpdater: Could not find generated setter for class com.horcrux.svg.RenderableViewManager$TextPathViewManager
10-18 20:54:14.625 11547 13183 W unknown:ViewManagerPropertyUpdater: Could not find generated setter for class com.horcrux.svg.SvgViewManager
10-18 20:54:14.626 11547 13183 W unknown:ViewManagerPropertyUpdater: Could not find generated setter for class com.horcrux.svg.RenderableViewManager$PathViewManager
10-18 20:54:14.627 11547 13183 W unknown:ViewManagerPropertyUpdater: Could not find generated setter for class com.horcrux.svg.RenderableViewManager$UseViewManager
10-18 20:54:14.627 11547 13183 W unknown:ViewManagerPropertyUpdater: Could not find generated setter for class com.horcrux.svg.RenderableViewManager$CircleViewManager
10-18 20:54:14.628 11547 13183 W unknown:ViewManagerPropertyUpdater: Could not find generated setter for class com.horcrux.svg.RenderableViewManager$TSpanViewManager
10-18 20:54:14.662 11547 13181 V SoLoader: libexpo-modules-core.so not found on /data/app/~~qdwfY3fN7Kk_DI0QZoyw_w==/com.a1taxi.driverpro-dOdIvavY5QucTesdsNTGwA==/lib/arm64
10-18 20:54:14.665 11547 13181 V SoLoader: libreact_nativemodule_core.so not found on /data/app/~~qdwfY3fN7Kk_DI0QZoyw_w==/com.a1taxi.driverpro-dOdIvavY5QucTesdsNTGwA==/lib/arm64
10-18 20:54:14.668 11547 13181 D nativeloader: Load /data/app/~~qdwfY3fN7Kk_DI0QZoyw_w==/com.a1taxi.driverpro-dOdIvavY5QucTesdsNTGwA==/base.apk!/lib/arm64-v8a/libreact_nativemodule_core.so using class loader ns clns-7 (caller=/data/app/~~qdwfY3fN7Kk_DI0QZoyw_w==/com.a1taxi.driverpro-dOdIvavY5QucTesdsNTGwA==/base.apk): ok
10-18 20:54:14.669 11547 13181 D SoLoader: libreact_nativemodule_core.so found on /data/app/~~qdwfY3fN7Kk_DI0QZoyw_w==/com.a1taxi.driverpro-dOdIvavY5QucTesdsNTGwA==/base.apk!/lib/arm64-v8a
10-18 20:54:14.670 11547 13181 D nativeloader: Load /data/app/~~qdwfY3fN7Kk_DI0QZoyw_w==/com.a1taxi.driverpro-dOdIvavY5QucTesdsNTGwA==/base.apk!/lib/arm64-v8a/libexpo-modules-core.so using class loader ns clns-7 (caller=/data/app/~~qdwfY3fN7Kk_DI0QZoyw_w==/com.a1taxi.driverpro-dOdIvavY5QucTesdsNTGwA==/base.apk): ok
10-18 20:54:14.671 11547 13181 D SoLoader: libexpo-modules-core.so found on /data/app/~~qdwfY3fN7Kk_DI0QZoyw_w==/com.a1taxi.driverpro-dOdIvavY5QucTesdsNTGwA==/base.apk!/lib/arm64-v8a
10-18 20:54:14.672 11547 13181 V SoLoader: libturbomodulejsijni.so not found on /data/app/~~qdwfY3fN7Kk_DI0QZoyw_w==/com.a1taxi.driverpro-dOdIvavY5QucTesdsNTGwA==/lib/arm64
10-18 20:54:14.677 11547 13181 D nativeloader: Load /data/app/~~qdwfY3fN7Kk_DI0QZoyw_w==/com.a1taxi.driverpro-dOdIvavY5QucTesdsNTGwA==/base.apk!/lib/arm64-v8a/libturbomodulejsijni.so using class loader ns clns-7 (caller=/data/app/~~qdwfY3fN7Kk_DI0QZoyw_w==/com.a1taxi.driverpro-dOdIvavY5QucTesdsNTGwA==/base.apk): ok
10-18 20:54:14.677 11547 13181 D SoLoader: libturbomodulejsijni.so found on /data/app/~~qdwfY3fN7Kk_DI0QZoyw_w==/com.a1taxi.driverpro-dOdIvavY5QucTesdsNTGwA==/base.apk!/lib/arm64-v8a
10-18 20:54:14.681 11547 13181 I ExpoModulesCore:  JSI interop was installed
10-18 20:54:14.681 11547 13181 W ExpoModulesCore:  JSI interop was already installed
10-18 20:54:14.685 11547 13181 I ExpoModulesCore:  Constants were exported
10-18 20:54:14.707 11547 13181 D nativeloader: Load /data/app/~~qdwfY3fN7Kk_DI0QZoyw_w==/com.a1taxi.driverpro-dOdIvavY5QucTesdsNTGwA==/base.apk!/lib/arm64-v8a/librnscreens.so using class loader ns clns-7 (caller=/data/app/~~qdwfY3fN7Kk_DI0QZoyw_w==/com.a1taxi.driverpro-dOdIvavY5QucTesdsNTGwA==/base.apk!classes3.dex): ok
10-18 20:54:14.711 11547 13181 I ReactNativeJS: Running "main
10-18 20:54:14.716 11547 13181 V SoLoader: libreactnativeblob.so not found on /data/app/~~qdwfY3fN7Kk_DI0QZoyw_w==/com.a1taxi.driverpro-dOdIvavY5QucTesdsNTGwA==/lib/arm64
10-18 20:54:14.723  6545  6545 D VRI[Launcher]: visibilityChanged oldVisibility=true newVisibility=false
10-18 20:54:14.723 11547 13181 D nativeloader: Load /data/app/~~qdwfY3fN7Kk_DI0QZoyw_w==/com.a1taxi.driverpro-dOdIvavY5QucTesdsNTGwA==/base.apk!/lib/arm64-v8a/libreactnativeblob.so using class loader ns clns-7 (caller=/data/app/~~qdwfY3fN7Kk_DI0QZoyw_w==/com.a1taxi.driverpro-dOdIvavY5QucTesdsNTGwA==/base.apk): ok
10-18 20:54:14.723 11547 13181 D SoLoader: libreactnativeblob.so found on /data/app/~~qdwfY3fN7Kk_DI0QZoyw_w==/com.a1taxi.driverpro-dOdIvavY5QucTesdsNTGwA==/base.apk!/lib/arm64-v8a
10-18 20:54:14.739 11547 13181 I ReactNativeJS: 'Supabase Config:', { hasUrl: true,
10-18 20:54:14.739 11547 13181 I ReactNativeJS:   hasAnonKey: true,
10-18 20:54:14.739 11547 13181 I ReactNativeJS:   url: 'https://whubaypabojomdyfqxcf.supabase.co' }
10-18 20:54:14.754  6545  6545 D ViewRootImpl: AppSizeAfterRelayout, size: Point(1080, 2392), rotation: ROTATION_0
10-18 20:54:14.754  6545  6545 D BLASTBufferQueue: [VRI[Launcher]#50](f:0,a:1) destructor()
10-18 20:54:14.755  6545  6545 D BufferQueueConsumer: [VRI[Launcher]#50(BLAST Consumer)50](id:199100000032,api:0,p:-1,c:6545) disconnect
10-18 20:54:14.764  6545  6545 I bnlz    : onStop
10-18 20:54:14.861 11547 13183 D CompatChangeReporter: Compat change id reported: 289878283; UID 10383; state: ENABLED
10-18 20:54:14.890 11547 13181 I ReactNativeJS: Auth still loading...
10-18 20:54:14.890 11547 13181 I ReactNativeJS: === LOCATION PROVIDER INITIALIZATION ===
10-18 20:54:14.890 11547 13181 I ReactNativeJS: === REQUESTING LOCATION PERMISSION ON STARTUP ===
10-18 20:54:14.891 11547 13181 I ReactNativeJS: === DRIVER STATUS CHANGE DETECTED ===
10-18 20:54:14.891 11547 13181 I ReactNativeJS: 'Driver:', undefined
10-18 20:54:14.891 11547 13181 I ReactNativeJS: 'Driver Status:', undefined
10-18 20:54:14.891 11547 13181 I ReactNativeJS: 'Driver User ID:', undefined
10-18 20:54:14.891 11547 13181 I ReactNativeJS: 'Driver Verified:', undefined
10-18 20:54:14.891 11547 13181 I ReactNativeJS: === INITIALIZING AUTHENTICATION ===
10-18 20:54:14.891 11547 13181 I ReactNativeJS:  Checking Supabase client session...
10-18 20:54:14.896 11547 13181 I ReactNativeJS: Found stored driver session
10-18 20:54:14.896 11547 13181 I ReactNativeJS:  Found valid stored session, but fetching CURRENT status from database...
10-18 20:54:14.906 11547 13190 I WebViewFactory: Loading com.google.android.webview version 141.0.7390.43 (code 739004333)
10-18 20:54:14.909 11547 13190 W 1taxi.driverpro: Failed to find entry 'classes.dex': Entry not found
10-18 20:54:14.910 11547 13190 D nativeloader: Configuring clns-8 for other apk /data/app/~~_E4p1LJR5JF7COZmMiDVoA==/com.google.android.trichromelibrary_739004333-IYHcrypmKBkTpfxt3UyU4A==/base.apk. target_sdk_version=36, uses_libraries=ALL, library_path=/data/app/~~0k-bhKJKWMvMm9CSFH5Hzg==/com.google.android.webview-mLV-HzOd8sNTJLZpa_7utA==/lib/arm64:/data/app/~~0k-bhKJKWMvMm9CSFH5Hzg==/com.google.android.webview-mLV-HzOd8sNTJLZpa_7utA==/base.apk!/lib/arm64-v8a:/data/app/~~_E4p1LJR5JF7COZmMiDVoA==/com.google.android.trichromelibrary_739004333-IYHcrypmKBkTpfxt3UyU4A==/base.apk!/lib/arm64-v8a, permitted_path=/data:/mnt/expand
10-18 20:54:14.910 11547 13190 D nativeloader: Extending system_exposed_libraries: libapuwareapusys.mtk.so:libapuwareapusys_v2.mtk.so:libapuwarexrp.mtk.so:libapuwarexrp_v2.mtk.so:libapuwareutils.mtk.so:libapuwareutils_v2.mtk.so:libapuwarehmp.mtk.so:libneuron_graph_delegate.mtk.so:libneuronusdk_adapter.mtk.so:libtflite_mtk.mtk.so:libarmnn_ndk.mtk.so:libcmdl_ndk.mtk.so:libnir_neon_driver_ndk.mtk.so:libmvpu_runtime.mtk.so:libmvpu_runtime_pub.mtk.so:libmvpu_engine_pub.mtk.so:libmvpu_pattern_pub.mtk.so:libmvpuop_mtk_cv.mtk.so:libmvpuop_mtk_nn.mtk.so:libmvpu_runtime_25.mtk.so:libmvpu_runtime_25_pub.mtk.so:libmvpu_engine_25_pub.mtk.so:libmvpu_pattern_25_pub.mtk.so:libmvpuop25_mtk_cv.mtk.so:libmvpuop25_mtk_nn.mtk.so:libmvpu_config.mtk.so:libteeservice_client.trustonic.so:librealm-jni.vivo.so
10-18 20:54:14.910 11547 13190 D ApplicationLoaders: Returning zygote-cached class loader: /system_ext/framework/androidx.window.extensions.jar
10-18 20:54:14.913 11547 13190 D nativeloader: Configuring clns-9 for other apk /data/app/~~0k-bhKJKWMvMm9CSFH5Hzg==/com.google.android.webview-mLV-HzOd8sNTJLZpa_7utA==/base.apk. target_sdk_version=36, uses_libraries=, library_path=/data/app/~~0k-bhKJKWMvMm9CSFH5Hzg==/com.google.android.webview-mLV-HzOd8sNTJLZpa_7utA==/lib/arm64:/data/app/~~0k-bhKJKWMvMm9CSFH5Hzg==/com.google.android.webview-mLV-HzOd8sNTJLZpa_7utA==/base.apk!/lib/arm64-v8a:/data/app/~~_E4p1LJR5JF7COZmMiDVoA==/com.google.android.trichromelibrary_739004333-IYHcrypmKBkTpfxt3UyU4A==/base.apk!/lib/arm64-v8a, permitted_path=/data:/mnt/expand
10-18 20:54:14.934 26036 26081 I WifiScanner: onFullResults
10-18 20:54:14.935 26036 26892 I WifiScanner: onFullResults
10-18 20:54:14.935 26036 26051 I WifiScanner: onFullResults
10-18 20:54:14.945 11547 13190 I cr_WVCFactoryProvider: version=141.0.7390.43 (739004333) minSdkVersion=29 multiprocess=true packageId=2 splits=<none>
10-18 20:54:14.949 11547 13190 D nativeloader: Load /data/app/~~_E4p1LJR5JF7COZmMiDVoA==/com.google.android.trichromelibrary_739004333-IYHcrypmKBkTpfxt3UyU4A==/base.apk!/lib/arm64-v8a/libmonochrome_64.so using class loader ns clns-9 (caller=/data/app/~~0k-bhKJKWMvMm9CSFH5Hzg==/com.google.android.webview-mLV-HzOd8sNTJLZpa_7utA==/base.apk): ok
10-18 20:54:14.951 11547 13190 D nativeloader: Load /system/lib64/libwebviewchromium_plat_support.so using class loader ns clns-9 (caller=/data/app/~~0k-bhKJKWMvMm9CSFH5Hzg==/com.google.android.webview-mLV-HzOd8sNTJLZpa_7utA==/base.apk): ok
10-18 20:54:14.952 26036 13155 I FrewleTileCacheManagerV: (REDACTED) Fetched %d AP models from cache
10-18 20:54:14.952 11547 13194 I chromium: [1018/205414.952668:INFO:android_webview/browser/variations/variations_seed_loader.cc:67] Failed to open file for reading.: No such file or directory (2)
10-18 20:54:14.961 11547 13190 I cr_LibraryLoader: Successfully loaded native library
10-18 20:54:14.962 11547 13190 I cr_CachingUmaRecorder: Flushed 15 samples from 15 histograms, 0 samples were dropped.
10-18 20:54:14.982 26036 26172 I FusedLocation: (REDACTED) location delivery to %s blocked - too close
10-18 20:54:14.982 26036 26172 I FusedLocation: (REDACTED) location delivery to %s blocked - too close
10-18 20:54:14.982 26036 26172 I FusedLocation: (REDACTED) location delivery to %s blocked - too fast
10-18 20:54:14.985 11547 13181 I ReactNativeJS: 'Current location permission status:', 'granted'
10-18 20:54:14.985 11547 13181 I ReactNativeJS:  Location permission already granted
10-18 20:54:14.986 11547 13181 I ReactNativeJS:  Initializing location services...
10-18 20:54:14.986 11547 13181 I ReactNativeJS:  Location services initialized
10-18 20:54:14.986 11547 13181 I ReactNativeJS: === DRIVER STATUS CHANGE DETECTED ===
10-18 20:54:14.986 11547 13181 I ReactNativeJS: 'Driver:', undefined
10-18 20:54:14.986 11547 13181 I ReactNativeJS: 'Driver Status:', undefined
10-18 20:54:14.986 11547 13181 I ReactNativeJS: 'Driver User ID:', undefined
10-18 20:54:14.986 11547 13181 I ReactNativeJS: 'Driver Verified:', undefined
10-18 20:54:14.987 26036 26172 I fyyu    : Received empty WiFi-RTT scan. [CONTEXT service_id=6 ]
10-18 20:54:14.993 26036 27730 I FontLog : (REDACTED) Received query %s, URI %s
10-18 20:54:14.993 26036 27730 I FontLog : (REDACTED) Query [%s] resolved to %s
10-18 20:54:14.994 26036 27730 I FontLog : (REDACTED) Fetch %s end status %s
10-18 20:54:14.997 26036 27730 I FontLog : (REDACTED) Pulling font file for id = %d, cache size = %d
10-18 20:54:14.999 26036 27730 I FontLog : (REDACTED) Pulling font file for id = %d, cache size = %d
10-18 20:54:15.042 26036 12626 I TFLite-in-PlayServices: Created interpreter.
10-18 20:54:15.066 26036 12626 I TFLite-in-PlayServices: Created interpreter.
10-18 20:54:15.092 26036 12626 I SemanticLocation: (REDACTED) [Inferrer] %s%s
10-18 20:54:15.462 11547 13181 I ReactNativeJS: === CURRENT STATUS FROM DATABASE ===
10-18 20:54:15.462 11547 13181 I ReactNativeJS: ' Database status:', 'busy'
10-18 20:54:15.462 11547 13181 I ReactNativeJS: ' Stored session status:', 'busy'
10-18 20:54:15.462 11547 13181 I ReactNativeJS:  Using DATABASE status (authoritative source)
10-18 20:54:15.463 11547 13181 I ReactNativeJS: ' Session restored with CURRENT database status:', 'busy'
10-18 20:54:15.463 11547 13181 I ReactNativeJS: Auth still loading...
10-18 20:54:15.463 11547 13181 I ReactNativeJS: === RIDE CONTEXT INITIALIZED ===
10-18 20:54:15.463 11547 13181 I ReactNativeJS: 'Driver:', 'john'
10-18 20:54:15.463 11547 13181 I ReactNativeJS: 'Driver ID:', 'eb91d7e5-e2f2-4021-a8c8-3739a3d4cae4'
10-18 20:54:15.463 11547 13181 I ReactNativeJS: 'Driver Status:', 'busy'
10-18 20:54:15.464 11547 13181 I ReactNativeJS: === LOADING RIDES ===
10-18 20:54:15.464 11547 13181 I ReactNativeJS: 'Driver ID:', 'eb91d7e5-e2f2-4021-a8c8-3739a3d4cae4'
10-18 20:54:15.464 11547 13181 I ReactNativeJS: 'Driver User ID:', '1c4ac410-54d8-4b5e-960b-3afcbebd115d'
10-18 20:54:15.464 11547 13181 I ReactNativeJS:  Loading current ride...
10-18 20:54:15.465 11547 13172 D AudioManager: setMode(0)
10-18 20:54:15.465 11547 13181 I ReactNativeJS: === SETTING UP REAL-TIME SUBSCRIPTIONS ===
10-18 20:54:15.465 11547 13181 I ReactNativeJS: 'Driver User ID:', '1c4ac410-54d8-4b5e-960b-3afcbebd115d'
10-18 20:54:15.465 11547 13181 I ReactNativeJS: 'Driver ID:', 'eb91d7e5-e2f2-4021-a8c8-3739a3d4cae4'
10-18 20:54:15.467 11547 13172 D AudioManager: setSpeakerphoneOn(true)
10-18 20:54:15.467 11547 13181 I ReactNativeJS:  Real-time subscriptions established
10-18 20:54:15.467 11547 13181 I ReactNativeJS: === DRIVER STATUS CHANGE DETECTED ===
10-18 20:54:15.467 11547 13181 I ReactNativeJS: 'Driver:', 'john'
10-18 20:54:15.467 11547 13181 I ReactNativeJS: 'Driver Status:', 'busy'
10-18 20:54:15.467 11547 13181 I ReactNativeJS: 'Driver User ID:', '1c4ac410-54d8-4b5e-960b-3afcbebd115d'
10-18 20:54:15.467 11547 13181 I ReactNativeJS: 'Driver Verified:', true
10-18 20:54:15.467 11547 13181 I ReactNativeJS:  Driver is active, ensuring location record exists and driver is available for customers...
10-18 20:54:15.467 11547 13181 I ReactNativeJS: === HANDLING ACTIVE DRIVER ===
10-18 20:54:15.467 11547 13181 I ReactNativeJS: 'Driver status:', 'busy'
10-18 20:54:15.467 11547 13181 I ReactNativeJS: 'Driver verified:', true
10-18 20:54:15.467 11547 13181 I ReactNativeJS: === FORCE CREATING LOCATION RECORD ===
10-18 20:54:15.467 11547 13181 I ReactNativeJS: 'Driver User ID:', '1c4ac410-54d8-4b5e-960b-3afcbebd115d'
10-18 20:54:15.467 11547 13181 I ReactNativeJS: 'Driver Name:', 'john'
10-18 20:54:15.467 11547 13181 E ReactNativeJS:  EXPO_PUBLIC_SUPABASE_URL is not configured properly
10-18 20:54:15.469 11547 13181 E ReactNativeJS: 'Current value:', undefined
10-18 20:54:15.470 11547 13181 I ReactNativeJS:  Falling back to direct database insert without edge function
10-18 20:54:15.470 11547 13181 I ReactNativeJS: === FALLBACK: CREATING LOCATION RECORD VIA RPC ===
10-18 20:54:15.470 11547 13181 I ReactNativeJS:  Attempting to get current GPS location...
10-18 20:54:15.480 11547 13183 E unknown:ReactNative: console.error:  EXPO_PUBLIC_SUPABASE_URL is not configured properly, js engine: hermes, stack:
10-18 20:54:15.480 11547 13183 E unknown:ReactNative: _construct@1:117842
10-18 20:54:15.480 11547 13183 E unknown:ReactNative: Wrapper@1:117496
10-18 20:54:15.480 11547 13183 E unknown:ReactNative: _callSuper@1:115478
10-18 20:54:15.480 11547 13183 E unknown:ReactNative: SyntheticError@1:116983
10-18 20:54:15.480 11547 13183 E unknown:ReactNative: reactConsoleErrorHandler@1:116629
10-18 20:54:15.480 11547 13183 E unknown:ReactNative: ?anon_0_@1:1954897
10-18 20:54:15.480 11547 13183 E unknown:ReactNative: asyncGeneratorStep@1:573272
10-18 20:54:15.480 11547 13183 E unknown:ReactNative: _next@1:573529
10-18 20:54:15.480 11547 13183 E unknown:ReactNative: anonymous@1:573481
10-18 20:54:15.480 11547 13183 E unknown:ReactNative: anonymous@1:573402
10-18 20:54:15.480 11547 13183 E unknown:ReactNative: forceCreateLocationRecord@1:1955060
10-18 20:54:15.480 11547 13183 E unknown:ReactNative: ?anon_0_@1:1953805
10-18 20:54:15.480 11547 13183 E unknown:ReactNative: asyncGeneratorStep@1:573272
10-18 20:54:15.480 11547 13183 E unknown:ReactNative: _next@1:573529
10-18 20:54:15.480 11547 13183 E unknown:ReactNative: anonymous@1:573481
10-18 20:54:15.480 11547 13183 E unknown:ReactNative: anonymous@1:573402
10-18 20:54:15.480 11547 13183 E unknown:ReactNative: handleActiveDriver@1:1954029
10-18 20:54:15.480 11547 13183 E unknown:ReactNative: anonymous@1:1952572
10-18 20:54:15.480 11547 13183 E unknown:ReactNative: commitHookEffectListMount@1:393533
10-18 20:54:15.480 11547 13183 E unknown:ReactNative: commitHookPassiveMountEffects@1:401261
10-18 20:54:15.480 11547 13183 E unknown:ReactNative: commitPassiveMountOnFiber@1:401706
10-18 20:54:15.480 11547 13183 E unknown:ReactNative: recursivelyTraversePassiveMountEffects@1:401345
10-18 20:54:15.480 11547 13183 E unknown:ReactNative: commitPassiveMountOnFiber@1:401453
10-18 20:54:15.480 11547 13183 E unknown:ReactNative: recursivelyTraversePassiveMountEffects@1:401345
10-18 20:54:15.480 11547 13183 E unknown:ReactNative: commitPassiveMountOnFiber@1:401679
10-18 20:54:15.480 11547 13183 E unknown:ReactNative: recursivelyTraversePassiveMountEffects@1:401345
10-18 20:54:15.480 11547 13183 E unknown:ReactNative: commitPassiveMountOnFiber@1:401679
10-18 20:54:15.480 11547 13183 E unknown:ReactNative: recursivelyTraversePassiveMountEffects@1:401345
10-18 20:54:15.480 11547 13183 E unknown:ReactNative: commitPassiveMountOnFiber@1:401679
10-18 20:54:15.480 11547 13183 E unknown:ReactNative: recursivelyTraversePassiveMountEffects@1:401345
10-18 20:54:15.480 11547 13183 E unknown:ReactNative: commitPassiveMountOnFiber@1:401559
10-18 20:54:15.480 11547 13183 E unknown:ReactNative: recursivelyTraversePassiveMountEffects@1:401345
10-18 20:54:15.480 11547 13183 E unknown:ReactNative: commitPassiveMountOnFiber@1:401453
10-18 20:54:15.480 11547 13183 E unknown:ReactNative: recursivelyTraversePassiveMountEffects@1:401345
10-18 20:54:15.480 11547 13183 E unknown:ReactNative: commitPassiveMountOnFiber@1:401453
10-18 20:54:15.480 11547 13183 E unknown:ReactNative: recursivelyTraversePassiveMountEffects@1:401345
10-18 20:54:15.480 11547 13183 E unknown:ReactNative: commitPassiveMountOnFiber@1:401453
10-18 20:54:15.480 11547 13183 E unknown:ReactNative: recursivelyTraversePassiveMountEffects@1:401345
10-18 20:54:15.480 11547 13183 E unknown:ReactNative: commitPassiveMountOnFiber@1:401453
10-18 20:54:15.480 11547 13183 E unknown:ReactNative: recursivelyTraversePassiveMountEffects@1:401345
10-18 20:54:15.480 11547 13183 E unknown:ReactNative: commitPassiveMountOnFiber@1:401679
10-18 20:54:15.480 11547 13183 E unknown:ReactNative: recursivelyTraversePassiveMountEffects@1:401345
10-18 20:54:15.480 11547 13183 E unknown:ReactNative: commitPassiveMountOnFiber@1:401453
10-18 20:54:15.480 11547 13183 E unknown:ReactNative: recursivelyTraversePassiveMountEffects@1:401345
10-18 20:54:15.480 11547 13183 E unknown:ReactNative: commitPassiveMountOnFiber@1:401679
10-18 20:54:15.480 11547 13183 E unknown:ReactNative: recursivelyTraversePassiveMountEffects@1:401345
10-18 20:54:15.480 11547 13183 E unknown:ReactNative: commitPassiveMountOnFiber@1:401453
10-18 20:54:15.480 11547 13183 E unknown:ReactNative: recursivelyTraversePassiveMountEffects@1:401345
10-18 20:54:15.480 11547 13183 E unknown:ReactNative: commitPassiveMountOnFiber@1:401679
10-18 20:54:15.480 11547 13183 E unknown:ReactNative: recursivelyTraversePassiveMountEffects@1:401345
10-18 20:54:15.480 11547 13183 E unknown:ReactNative: commitPassiveMountOnFiber@1:401679
10-18 20:54:15.480 11547 13183 E unknown:ReactNative: recursivelyTraversePassiveMountEffects@1:401345
10-18 20:54:15.480 11547 13183 E unknown:ReactNative: commitPassiveMountOnFiber@1:401679
10-18 20:54:15.480 11547 13183 E unknown:ReactNative: recursivelyTraversePassiveMountEffects@1:401345
10-18 20:54:15.480 11547 13183 E unknown:ReactNative: commitPassiveMountOnFiber@1:401679
10-18 20:54:15.480 11547 13183 E unknown:ReactNative: recursivelyTraversePassiveMountEffects@1:401345
10-18 20:54:15.480 11547 13183 E unknown:ReactNative: commitPassiveMountOnFiber@1:401453
10-18 20:54:15.480 11547 13183 E unknown:ReactNative: recursivelyTraversePassiveMountEffects@1:401345
10-18 20:54:15.480 11547 13183 E unknown:ReactNative: commitPassiveMountOnFiber@1:401679
10-18 20:54:15.480 11547 13183 E unknown:ReactNative: recursivelyTraversePassiveMountEffects@1:401345
10-18 20:54:15.480 11547 13183 E unknown:ReactNative: commitPassiveMountOnFiber@1:401453
10-18 20:54:15.480 11547 13183 E unknown:ReactNative: recursivelyTraversePassiveMountEffects@1:401345
10-18 20:54:15.480 11547 13183 E unknown:ReactNative: commitPassiveMountOnFiber@1:401679
10-18 20:54:15.480 11547 13183 E unknown:ReactNative: recursivelyTraversePassiveMountEffects@1:401345
10-18 20:54:15.480 11547 13183 E unknown:ReactNative: commitPassiveMountOnFiber@1:401453
10-18 20:54:15.480 11547 13183 E unknown:ReactNative: recursivelyTraversePassiveMountEffects@1:401345
10-18 20:54:15.480 11547 13183 E unknown:ReactNative: commitPassiveMountOnFiber@1:401661
10-18 20:54:15.480 11547 13183 E unknown:ReactNative: flushPassiveEffects@1:409129
10-18 20:54:15.480 11547 13183 E unknown:ReactNative: flushSyncWorkAcrossRoots_impl@1:362680
10-18 20:54:15.480 11547 13183 E unknown:ReactNative: scheduleUpdateOnFiber@1:403741
10-18 20:54:15.480 11547 13183 E unknown:ReactNative: dispatchSetState@1:377419
10-18 20:54:15.480 11547 13183 E unknown:ReactNative: ?anon_0_@1:951395
10-18 20:54:15.480 11547 13183 E unknown:ReactNative: asyncGeneratorStep@1:573272
10-18 20:54:15.480 11547 13183 E unknown:ReactNative: _next@1:573529
10-18 20:54:15.480 11547 13183 E unknown:ReactNative: anonymous@1:136226
10-18 20:54:15.480 11547 13183 E unknown:ReactNative: _callTimer@1:135225
10-18 20:54:15.480 11547 13183 E unknown:ReactNative: _callReactNativeMicrotasksPass@1:135369
10-18 20:54:15.480 11547 13183 E unknown:ReactNative: callReactNativeMicrotasks@1:137300
10-18 20:54:15.480 11547 13183 E unknown:ReactNative: __callReactNativeMicrotasks@1:101038
10-18 20:54:15.480 11547 13183 E unknown:ReactNative: anonymous@1:100174
10-18 20:54:15.480 11547 13183 E unknown:ReactNative: __guard@1:100912
10-18 20:54:15.480 11547 13183 E unknown:ReactNative: flushedQueue@1:100085
10-18 20:54:15.480 11547 13183 E unknown:ReactNative: invokeCallbackAndReturnFlushedQueue@1:100028
10-18 20:54:15.482 11547 13183 E unknown:ReactNative: console.error: Current value: undefined, js engine: hermes, stack:
10-18 20:54:15.482 11547 13183 E unknown:ReactNative: _construct@1:117842
10-18 20:54:15.482 11547 13183 E unknown:ReactNative: Wrapper@1:117496
10-18 20:54:15.482 11547 13183 E unknown:ReactNative: _callSuper@1:115478
10-18 20:54:15.482 11547 13183 E unknown:ReactNative: SyntheticError@1:116983
10-18 20:54:15.482 11547 13183 E unknown:ReactNative: reactConsoleErrorHandler@1:116629
10-18 20:54:15.482 11547 13183 E unknown:ReactNative: ?anon_0_@1:1954917
10-18 20:54:15.482 11547 13183 E unknown:ReactNative: asyncGeneratorStep@1:573272
10-18 20:54:15.482 11547 13183 E unknown:ReactNative: _next@1:573529
10-18 20:54:15.482 11547 13183 E unknown:ReactNative: anonymous@1:573481
10-18 20:54:15.482 11547 13183 E unknown:ReactNative: anonymous@1:573402
10-18 20:54:15.482 11547 13183 E unknown:ReactNative: forceCreateLocationRecord@1:1955060
10-18 20:54:15.482 11547 13183 E unknown:ReactNative: ?anon_0_@1:1953805
10-18 20:54:15.482 11547 13183 E unknown:ReactNative: asyncGeneratorStep@1:573272
10-18 20:54:15.482 11547 13183 E unknown:ReactNative: _next@1:573529
10-18 20:54:15.482 11547 13183 E unknown:ReactNative: anonymous@1:573481
10-18 20:54:15.482 11547 13183 E unknown:ReactNative: anonymous@1:573402
10-18 20:54:15.482 11547 13183 E unknown:ReactNative: handleActiveDriver@1:1954029
10-18 20:54:15.482 11547 13183 E unknown:ReactNative: anonymous@1:1952572
10-18 20:54:15.482 11547 13183 E unknown:ReactNative: commitHookEffectListMount@1:393533
10-18 20:54:15.482 11547 13183 E unknown:ReactNative: commitHookPassiveMountEffects@1:401261
10-18 20:54:15.482 11547 13183 E unknown:ReactNative: commitPassiveMountOnFiber@1:401706
10-18 20:54:15.482 11547 13183 E unknown:ReactNative: recursivelyTraversePassiveMountEffects@1:401345
10-18 20:54:15.482 11547 13183 E unknown:ReactNative: commitPassiveMountOnFiber@1:401453
10-18 20:54:15.482 11547 13183 E unknown:ReactNative: recursivelyTraversePassiveMountEffects@1:401345
10-18 20:54:15.482 11547 13183 E unknown:ReactNative: commitPassiveMountOnFiber@1:401679
10-18 20:54:15.482 11547 13183 E unknown:ReactNative: recursivelyTraversePassiveMountEffects@1:401345
10-18 20:54:15.482 11547 13183 E unknown:ReactNative: commitPassiveMountOnFiber@1:401679
10-18 20:54:15.482 11547 13183 E unknown:ReactNative: recursivelyTraversePassiveMountEffects@1:401345
10-18 20:54:15.482 11547 13183 E unknown:ReactNative: commitPassiveMountOnFiber@1:401679
10-18 20:54:15.482 11547 13183 E unknown:ReactNative: recursivelyTraversePassiveMountEffects@1:401345
10-18 20:54:15.482 11547 13183 E unknown:ReactNative: commitPassiveMountOnFiber@1:401559
10-18 20:54:15.482 11547 13183 E unknown:ReactNative: recursivelyTraversePassiveMountEffects@1:401345
10-18 20:54:15.482 11547 13183 E unknown:ReactNative: commitPassiveMountOnFiber@1:401453
10-18 20:54:15.482 11547 13183 E unknown:ReactNative: recursivelyTraversePassiveMountEffects@1:401345
10-18 20:54:15.482 11547 13183 E unknown:ReactNative: commitPassiveMountOnFiber@1:401453
10-18 20:54:15.482 11547 13183 E unknown:ReactNative: recursivelyTraversePassiveMountEffects@1:401345
10-18 20:54:15.482 11547 13183 E unknown:ReactNative: commitPassiveMountOnFiber@1:401453
10-18 20:54:15.482 11547 13183 E unknown:ReactNative: recursivelyTraversePassiveMountEffects@1:401345
10-18 20:54:15.482 11547 13183 E unknown:ReactNative: commitPassiveMountOnFiber@1:401453
10-18 20:54:15.482 11547 13183 E unknown:ReactNative: recursivelyTraversePassiveMountEffects@1:401345
10-18 20:54:15.482 11547 13183 E unknown:ReactNative: commitPassiveMountOnFiber@1:401679
10-18 20:54:15.482 11547 13183 E unknown:ReactNative: recursivelyTraversePassiveMountEffects@1:401345
10-18 20:54:15.482 11547 13183 E unknown:ReactNative: commitPassiveMountOnFiber@1:401453
10-18 20:54:15.482 11547 13183 E unknown:ReactNative: recursivelyTraversePassiveMountEffects@1:401345
10-18 20:54:15.482 11547 13183 E unknown:ReactNative: commitPassiveMountOnFiber@1:401679
10-18 20:54:15.482 11547 13183 E unknown:ReactNative: recursivelyTraversePassiveMountEffects@1:401345
10-18 20:54:15.482 11547 13183 E unknown:ReactNative: commitPassiveMountOnFiber@1:401453
10-18 20:54:15.482 11547 13183 E unknown:ReactNative: recursivelyTraversePassiveMountEffects@1:401345
10-18 20:54:15.482 11547 13183 E unknown:ReactNative: commitPassiveMountOnFiber@1:401679
10-18 20:54:15.482 11547 13183 E unknown:ReactNative: recursivelyTraversePassiveMountEffects@1:401345
10-18 20:54:15.482 11547 13183 E unknown:ReactNative: commitPassiveMountOnFiber@1:401679
10-18 20:54:15.482 11547 13183 E unknown:ReactNative: recursivelyTraversePassiveMountEffects@1:401345
10-18 20:54:15.482 11547 13183 E unknown:ReactNative: commitPassiveMountOnFiber@1:401679
10-18 20:54:15.482 11547 13183 E unknown:ReactNative: recursivelyTraversePassiveMountEffects@1:401345
10-18 20:54:15.482 11547 13183 E unknown:ReactNative: commitPassiveMountOnFiber@1:401679
10-18 20:54:15.482 11547 13183 E unknown:ReactNative: recursivelyTraversePassiveMountEffects@1:401345
10-18 20:54:15.482 11547 13183 E unknown:ReactNative: commitPassiveMountOnFiber@1:401453
10-18 20:54:15.482 11547 13183 E unknown:ReactNative: recursivelyTraversePassiveMountEffects@1:401345
10-18 20:54:15.482 11547 13183 E unknown:ReactNative: commitPassiveMountOnFiber@1:401679
10-18 20:54:15.482 11547 13183 E unknown:ReactNative: recursivelyTraversePassiveMountEffects@1:401345
10-18 20:54:15.482 11547 13183 E unknown:ReactNative: commitPassiveMountOnFiber@1:401453
10-18 20:54:15.482 11547 13183 E unknown:ReactNative: recursivelyTraversePassiveMountEffects@1:401345
10-18 20:54:15.482 11547 13183 E unknown:ReactNative: commitPassiveMountOnFiber@1:401679
10-18 20:54:15.482 11547 13183 E unknown:ReactNative: recursivelyTraversePassiveMountEffects@1:401345
10-18 20:54:15.482 11547 13183 E unknown:ReactNative: commitPassiveMountOnFiber@1:401453
10-18 20:54:15.482 11547 13183 E unknown:ReactNative: recursivelyTraversePassiveMountEffects@1:401345
10-18 20:54:15.482 11547 13183 E unknown:ReactNative: commitPassiveMountOnFiber@1:401661
10-18 20:54:15.482 11547 13183 E unknown:ReactNative: flushPassiveEffects@1:409129
10-18 20:54:15.482 11547 13183 E unknown:ReactNative: flushSyncWorkAcrossRoots_impl@1:362680
10-18 20:54:15.482 11547 13183 E unknown:ReactNative: scheduleUpdateOnFiber@1:403741
10-18 20:54:15.482 11547 13183 E unknown:ReactNative: dispatchSetState@1:377419
10-18 20:54:15.482 11547 13183 E unknown:ReactNative: ?anon_0_@1:951395
10-18 20:54:15.482 11547 13183 E unknown:ReactNative: asyncGeneratorStep@1:573272
10-18 20:54:15.482 11547 13183 E unknown:ReactNative: _next@1:573529
10-18 20:54:15.482 11547 13183 E unknown:ReactNative: anonymous@1:136226
10-18 20:54:15.482 11547 13183 E unknown:ReactNative: _callTimer@1:135225
10-18 20:54:15.482 11547 13183 E unknown:ReactNative: _callReactNativeMicrotasksPass@1:135369
10-18 20:54:15.482 11547 13183 E unknown:ReactNative: callReactNativeMicrotasks@1:137300
10-18 20:54:15.482 11547 13183 E unknown:ReactNative: __callReactNativeMicrotasks@1:101038
10-18 20:54:15.482 11547 13183 E unknown:ReactNative: anonymous@1:100174
10-18 20:54:15.482 11547 13183 E unknown:ReactNative: __guard@1:100912
10-18 20:54:15.482 11547 13183 E unknown:ReactNative: flushedQueue@1:100085
10-18 20:54:15.482 11547 13183 E unknown:ReactNative: invokeCallbackAndReturnFlushedQueue@1:100028
10-18 20:54:15.484 11547 13183 W unknown:ViewManagerPropertyUpdater: Could not find generated setter for class com.swmansion.rnscreens.ScreensShadowNode
10-18 20:54:15.509 11547 13181 I ReactNativeJS: === NAVIGATION CHECK ===
10-18 20:54:15.510 11547 13181 I ReactNativeJS: 'In auth group:', false
10-18 20:54:15.510 11547 13181 I ReactNativeJS: 'Has session:', false
10-18 20:54:15.510 11547 13181 I ReactNativeJS: 'Has driver:', true
10-18 20:54:15.510 11547 13181 I ReactNativeJS: 'Current segments:', [ '(tabs)' ]
10-18 20:54:15.510 11547 13181 I ReactNativeJS: 'Loading state:', false
10-18 20:54:15.510 11547 13181 I ReactNativeJS: 'Is authenticated:', { id: 'eb91d7e5-e2f2-4021-a8c8-3739a3d4cae4',
10-18 20:54:15.510 11547 13181 I ReactNativeJS:   user_id: '1c4ac410-54d8-4b5e-960b-3afcbebd115d',
10-18 20:54:15.510 11547 13181 I ReactNativeJS:   license_number: 'TY58971234',
10-18 20:54:15.510 11547 13181 I ReactNativeJS:   license_expiry: '2025-10-04',
10-18 20:54:15.510 11547 13181 I ReactNativeJS:   status: 'busy',
10-18 20:54:15.510 11547 13181 I ReactNativeJS:   rating: 5,
10-18 20:54:15.510 11547 13181 I ReactNativeJS:   total_rides: 40,
10-18 20:54:15.510 11547 13181 I ReactNativeJS:   is_verified: true,
10-18 20:54:15.510 11547 13181 I ReactNativeJS:   vehicle_id: 'e7591bc7-c083-49f6-b30d-cc0d6964f3a1',
10-18 20:54:15.510 11547 13181 I ReactNativeJS:   vendor_id: null,
10-18 20:54:15.510 11547 13181 I ReactNativeJS:   phone_number: '9598972325',
10-18 20:54:15.510 11547 13181 I ReactNativeJS:   name: 'john',
10-18 20:54:15.510 11547 13181 I ReactNativeJS:   created_at: '2025-09-16T17:06:10.397003+00:00',
10-18 20:54:15.510 11547 13181 I ReactNativeJS:   updated_at: '2025-10-18T15:15:50.284134+00:00',
10-18 20:54:15.510 11547 13181 I ReactNativeJS:   user: 
10-18 20:54:15.510 11547 13181 I ReactNativeJS:    { id: '1c4ac410-54d8-4b5e-960b-3afcbebd115d',
10-18 20:54:15.510 11547 13181 I ReactNativeJS:      email: 'john@gmail.com',
10-18 20:54:15.510 11547 13181 I ReactNativeJS:      role: 'driver',
10-18 20:54:15.510 11547 13181 I ReactNativeJS:      full_name: 'john',
10-18 20:54:15.510 11547 13181 I ReactNativeJS:      phone_number: '9598972325',
10-18 20:54:15.510 11547 13181 I ReactNativeJS:      avatar_url: null,
10-18 20:54:15.510 11547 13181 I ReactNativeJS:      is_active: true,
10-18 20:54:15.510 11547 13181 I ReactNativeJS:      created_at: '2025-09-16T17:06:09.397142+00:00',
10-18 20:54:15.510 11547 13181 I ReactNativeJS:      updated_at: '2025-09-16T17:06:09.397142+00:00' },
10-18 20:54:15.510 11547 13181 I ReactNativeJS:   vehicle: 
10-18 20:54:15.510 11547 13181 I ReactNativeJS:    { id: 'e7591bc7-c083-49f6-b30d-cc0d6964f3a1',
10-18 20:54:15.510 11547 13181 I ReactNativeJS:      registration_number: 'KA51MN1111',
10-18 20:54:15.510 11547 13181 I ReactNativeJS:      make: 'Maruti',
10-18 20:54:15.510 11547 13181 I ReactNativeJS:      model: 'Ciaz',
10-18 20:54:15.510 11547 13181 I ReactNativeJS:      year: 2022,
10-18 20:54:15.510 11547 13181 I ReactNativeJS:      color: 'Silver',
10-18 20:54:15.510 11547 13181 I ReactNativeJS:      vehicle_type: 'sedan',
10-18 20:54:15.510 11547 13181 I ReactNativeJS:      capacity: 4 } }
10-18 20:54:15.510 11547 13181 I ReactNativeJS: No navigation needed - staying in current route
10-18 20:54:15.510 11547 13181 I ReactNativeJS: === DRIVER STATUS CHANGE DETECTED ===
10-18 20:54:15.510 11547 13181 I ReactNativeJS: 'Driver:', 'john'
10-18 20:54:15.510 11547 13181 I ReactNativeJS: 'Driver Status:', 'busy'
10-18 20:54:15.510 11547 13181 I ReactNativeJS: 'Driver User ID:', '1c4ac410-54d8-4b5e-960b-3afcbebd115d'
10-18 20:54:15.510 11547 13181 I ReactNativeJS: 'Driver Verified:', true
10-18 20:54:15.514 11547 13183 V SoLoader: libreact_featureflagsjni.so not found on /data/app/~~qdwfY3fN7Kk_DI0QZoyw_w==/com.a1taxi.driverpro-dOdIvavY5QucTesdsNTGwA==/lib/arm64
10-18 20:54:15.518 11547 13183 D nativeloader: Load /data/app/~~qdwfY3fN7Kk_DI0QZoyw_w==/com.a1taxi.driverpro-dOdIvavY5QucTesdsNTGwA==/base.apk!/lib/arm64-v8a/libreact_featureflagsjni.so using class loader ns clns-7 (caller=/data/app/~~qdwfY3fN7Kk_DI0QZoyw_w==/com.a1taxi.driverpro-dOdIvavY5QucTesdsNTGwA==/base.apk): ok
10-18 20:54:15.518 11547 13183 D SoLoader: libreact_featureflagsjni.so found on /data/app/~~qdwfY3fN7Kk_DI0QZoyw_w==/com.a1taxi.driverpro-dOdIvavY5QucTesdsNTGwA==/base.apk!/lib/arm64-v8a
10-18 20:54:15.542 11547 13181 I ReactNativeJS: === RIDES SCREEN STATE DEBUG ===
10-18 20:54:15.542 11547 13181 I ReactNativeJS:  Component state updated:
10-18 20:54:15.542 11547 13181 I ReactNativeJS: '  - Current ride:', 'null'
10-18 20:54:15.542 11547 13181 I ReactNativeJS: '  - Pending rides count:', 0
10-18 20:54:15.542 11547 13181 I ReactNativeJS: '  - Driver status:', 'busy'
10-18 20:54:15.542 11547 13181 I ReactNativeJS: '  - Loading:', true
10-18 20:54:15.542 11547 13181 I ReactNativeJS: '  - Error:', null
10-18 20:54:15.542 11547 13181 I ReactNativeJS: '  - Show modal:', false
10-18 20:54:15.542 11547 13181 I ReactNativeJS: '  - Timestamp:', '2025-10-18T15:24:15.542Z'
10-18 20:54:15.542 11547 13181 I ReactNativeJS:  NO CURRENT RIDE - showing empty state
10-18 20:54:15.542 11547 13181 I ReactNativeJS: === RIDE REQUEST MODAL LOGIC DEBUG ===
10-18 20:54:15.542 11547 13181 I ReactNativeJS:  Checking if should show ride request modal:
10-18 20:54:15.542 11547 13181 I ReactNativeJS: '  - Pending rides:', 0
10-18 20:54:15.542 11547 13181 I ReactNativeJS: '  - Modal already showing:', false
10-18 20:54:15.542 11547 13181 I ReactNativeJS: '  - Driver status:', 'busy'
10-18 20:54:15.542 11547 13181 I ReactNativeJS: '  - Has current ride:', false
10-18 20:54:15.542 11547 13181 I ReactNativeJS:  NOT SHOWING MODAL - reasons:
10-18 20:54:15.542 11547 13181 I ReactNativeJS: ' Analysis:', { pendingRidesCount: 0,
10-18 20:54:15.542 11547 13181 I ReactNativeJS:   modalAlreadyShowing: false,
10-18 20:54:15.542 11547 13181 I ReactNativeJS:   driverStatus: 'busy',
10-18 20:54:15.542 11547 13181 I ReactNativeJS:   hasCurrentRide: false }
10-18 20:54:15.545 11547 13181 I ReactNativeJS: === NAVIGATION CHECK ===
10-18 20:54:15.546 11547 13181 I ReactNativeJS: 'In auth group:', false
10-18 20:54:15.546 11547 13181 I ReactNativeJS: 'Has session:', false
10-18 20:54:15.546 11547 13181 I ReactNativeJS: 'Has driver:', true
10-18 20:54:15.546 11547 13181 I ReactNativeJS: 'Current segments:', [ '(tabs)', 'rides' ]
10-18 20:54:15.546 11547 13181 I ReactNativeJS: 'Loading state:', false
10-18 20:54:15.546 11547 13181 I ReactNativeJS: 'Is authenticated:', { id: 'eb91d7e5-e2f2-4021-a8c8-3739a3d4cae4',
10-18 20:54:15.546 11547 13181 I ReactNativeJS:   user_id: '1c4ac410-54d8-4b5e-960b-3afcbebd115d',
10-18 20:54:15.546 11547 13181 I ReactNativeJS:   license_number: 'TY58971234',
10-18 20:54:15.546 11547 13181 I ReactNativeJS:   license_expiry: '2025-10-04',
10-18 20:54:15.546 11547 13181 I ReactNativeJS:   status: 'busy',
10-18 20:54:15.546 11547 13181 I ReactNativeJS:   rating: 5,
10-18 20:54:15.546 11547 13181 I ReactNativeJS:   total_rides: 40,
10-18 20:54:15.546 11547 13181 I ReactNativeJS:   is_verified: true,
10-18 20:54:15.546 11547 13181 I ReactNativeJS:   vehicle_id: 'e7591bc7-c083-49f6-b30d-cc0d6964f3a1',
10-18 20:54:15.546 11547 13181 I ReactNativeJS:   vendor_id: null,
10-18 20:54:15.546 11547 13181 I ReactNativeJS:   phone_number: '9598972325',
10-18 20:54:15.546 11547 13181 I ReactNativeJS:   name: 'john',
10-18 20:54:15.546 11547 13181 I ReactNativeJS:   created_at: '2025-09-16T17:06:10.397003+00:00',
10-18 20:54:15.546 11547 13181 I ReactNativeJS:   updated_at: '2025-10-18T15:15:50.284134+00:00',
10-18 20:54:15.546 11547 13181 I ReactNativeJS:   user: 
10-18 20:54:15.546 11547 13181 I ReactNativeJS:    { id: '1c4ac410-54d8-4b5e-960b-3afcbebd115d',
10-18 20:54:15.546 11547 13181 I ReactNativeJS:      email: 'john@gmail.com',
10-18 20:54:15.546 11547 13181 I ReactNativeJS:      role: 'driver',
10-18 20:54:15.546 11547 13181 I ReactNativeJS:      full_name: 'john',
10-18 20:54:15.546 11547 13181 I ReactNativeJS:      phone_number: '9598972325',
10-18 20:54:15.546 11547 13181 I ReactNativeJS:      avatar_url: null,
10-18 20:54:15.546 11547 13181 I ReactNativeJS:      is_active: true,
10-18 20:54:15.546 11547 13181 I ReactNativeJS:      created_at: '2025-09-16T17:06:09.397142+00:00',
10-18 20:54:15.546 11547 13181 I ReactNativeJS:      updated_at: '2025-09-16T17:06:09.397142+00:00' },
10-18 20:54:15.546 11547 13181 I ReactNativeJS:   vehicle: 
10-18 20:54:15.546 11547 13181 I ReactNativeJS:    { id: 'e7591bc7-c083-49f6-b30d-cc0d6964f3a1',
10-18 20:54:15.546 11547 13181 I ReactNativeJS:      registration_number: 'KA51MN1111',
10-18 20:54:15.546 11547 13181 I ReactNativeJS:      make: 'Maruti',
10-18 20:54:15.546 11547 13181 I ReactNativeJS:      model: 'Ciaz',
10-18 20:54:15.546 11547 13181 I ReactNativeJS:      year: 2022,
10-18 20:54:15.546 11547 13181 I ReactNativeJS:      color: 'Silver',
10-18 20:54:15.546 11547 13181 I ReactNativeJS:      vehicle_type: 'sedan',
10-18 20:54:15.546 11547 13181 I ReactNativeJS:      capacity: 4 } }
10-18 20:54:15.546 11547 13181 I ReactNativeJS: No navigation needed - staying in current route
10-18 20:54:15.546 11547 13181 I ReactNativeJS:  Notification sound service initialized
10-18 20:54:15.717 11547 13183 W unknown:ViewManagerPropertyUpdater: Could not find generated setter for class com.rnmaps.maps.SizeReportingShadowNode
10-18 20:54:15.722 11547 11547 D MapsInitializer: preferredRenderer: LATEST
10-18 20:54:15.722 11547 11547 D zzcc    : preferredRenderer: LATEST
10-18 20:54:15.722 11547 11547 I zzcc    : Making Creator dynamically
10-18 20:54:15.727 11547 11547 W 1taxi.driverpro: ClassLoaderContext classpath size mismatch. expected=1, found=0 (DLC[];PCL[base.apk*2536329430]{PCL[/system/framework/org.apache.http.legacy.jar*1230680128]#PCL[/system/framework/com.android.media.remotedisplay.jar*2042759013]#PCL[/system/framework/com.android.location.provider.jar*3414091812]#PCL[/system_ext/framework/androidx.window.extensions.jar*3686172054]#PCL[/system_ext/framework/androidx.window.sidecar.jar*3225371103]} | DLC[];PCL[])
10-18 20:54:15.728 11547 11547 I DynamiteModule: Considering local module com.google.android.gms.maps_core_dynamite:0 and remote module com.google.android.gms.maps_core_dynamite:253425402
10-18 20:54:15.728 11547 11547 I DynamiteModule: Selected remote version of com.google.android.gms.maps_core_dynamite, version >= 253425402
10-18 20:54:15.728 11547 11547 V DynamiteModule: Dynamite loader version >= 2, using loadModule2NoCrashUtils
