10-18 09:48:23.892 15708  1066 W ProxyAndroidLoggerBackend: Too many Flogger logs received before configuration. Dropping old logs.
10-18 09:48:23.892 15708  1066 W ProxyAndroidLoggerBackend: Too many Flogger logs received before configuration. Dropping old logs.
10-18 09:48:23.892 15708  1066 W ProxyAndroidLoggerBackend: Too many Flogger logs received before configuration. Dropping old logs.
10-18 09:48:23.892 15708  1066 W ProxyAndroidLoggerBackend: Too many Flogger logs received before configuration. Dropping old logs.
10-18 09:48:23.892 15708  1066 W ProxyAndroidLoggerBackend: Too many Flogger logs received before configuration. Dropping old logs.
10-18 09:48:23.893 15708  1066 W ProxyAndroidLoggerBackend: Too many Flogger logs received before configuration. Dropping old logs.
10-18 09:48:23.893 15708  1066 W ProxyAndroidLoggerBackend: Too many Flogger logs received before configuration. Dropping old logs.
10-18 09:48:23.893 15708  1066 W ProxyAndroidLoggerBackend: Too many Flogger logs received before configuration. Dropping old logs.
10-18 09:48:23.893 15708  1066 W ProxyAndroidLoggerBackend: Too many Flogger logs received before configuration. Dropping old logs.
10-18 09:48:23.893 15708  1066 W ProxyAndroidLoggerBackend: Too many Flogger logs received before configuration. Dropping old logs.
10-18 09:48:23.893 15708  1066 W ProxyAndroidLoggerBackend: Too many Flogger logs received before configuration. Dropping old logs.
10-18 09:48:23.893 15708  1066 W ProxyAndroidLoggerBackend: Too many Flogger logs received before configuration. Dropping old logs.
10-18 09:48:23.893 15708  1066 W ProxyAndroidLoggerBackend: Too many Flogger logs received before configuration. Dropping old logs.
10-18 09:48:23.893 15708  1066 W ProxyAndroidLoggerBackend: Too many Flogger logs received before configuration. Dropping old logs.
10-18 09:48:23.893 15708  1066 W ProxyAndroidLoggerBackend: Too many Flogger logs received before configuration. Dropping old logs.
10-18 09:48:23.893 15708  1066 W ProxyAndroidLoggerBackend: Too many Flogger logs received before configuration. Dropping old logs.
10-18 09:48:23.893 15708  1066 W ProxyAndroidLoggerBackend: Too many Flogger logs received before configuration. Dropping old logs.
10-18 09:48:23.893 15708  1066 W ProxyAndroidLoggerBackend: Too many Flogger logs received before configuration. Dropping old logs.
10-18 09:48:23.893 15708  1066 W ProxyAndroidLoggerBackend: Too many Flogger logs received before configuration. Dropping old logs.
10-18 09:48:23.893 15708  1066 W ProxyAndroidLoggerBackend: Too many Flogger logs received before configuration. Dropping old logs.
10-18 09:48:23.894 15708  1066 W ProxyAndroidLoggerBackend: Too many Flogger logs received before configuration. Dropping old logs.
10-18 09:48:23.894 15708  1066 W ProxyAndroidLoggerBackend: Too many Flogger logs received before configuration. Dropping old logs.
10-18 09:48:23.898 15708  1075 W ProxyAndroidLoggerBackend: Too many Flogger logs received before configuration. Dropping old logs.
10-18 09:48:23.898 15708  1075 W ProxyAndroidLoggerBackend: Too many Flogger logs received before configuration. Dropping old logs.
10-18 09:48:23.898 15708  1075 W ProxyAndroidLoggerBackend: Too many Flogger logs received before configuration. Dropping old logs.
10-18 09:48:23.898 15708  1075 W ProxyAndroidLoggerBackend: Too many Flogger logs received before configuration. Dropping old logs.
10-18 09:48:23.899 15708  1075 W ProxyAndroidLoggerBackend: Too many Flogger logs received before configuration. Dropping old logs.
10-18 09:48:23.899 15708  1075 W ProxyAndroidLoggerBackend: Too many Flogger logs received before configuration. Dropping old logs.
10-18 09:48:23.899 15708  1075 W ProxyAndroidLoggerBackend: Too many Flogger logs received before configuration. Dropping old logs.
10-18 09:48:23.899 15708  1075 W ProxyAndroidLoggerBackend: Too many Flogger logs received before configuration. Dropping old logs.
10-18 09:48:23.899 15708  1075 W ProxyAndroidLoggerBackend: Too many Flogger logs received before configuration. Dropping old logs.
10-18 09:48:23.899 15708  1075 W ProxyAndroidLoggerBackend: Too many Flogger logs received before configuration. Dropping old logs.
10-18 09:48:23.899 15708  1075 W ProxyAndroidLoggerBackend: Too many Flogger logs received before configuration. Dropping old logs.
10-18 09:48:23.899 15708  1075 W ProxyAndroidLoggerBackend: Too many Flogger logs received before configuration. Dropping old logs.
10-18 09:48:23.899 15708  1075 W ProxyAndroidLoggerBackend: Too many Flogger logs received before configuration. Dropping old logs.
10-18 09:48:23.899 15708  1075 W ProxyAndroidLoggerBackend: Too many Flogger logs received before configuration. Dropping old logs.
10-18 09:48:23.899 15708  1075 W ProxyAndroidLoggerBackend: Too many Flogger logs received before configuration. Dropping old logs.
10-18 09:48:23.899 15708  1075 W ProxyAndroidLoggerBackend: Too many Flogger logs received before configuration. Dropping old logs.
10-18 09:48:23.899 15708  1075 W ProxyAndroidLoggerBackend: Too many Flogger logs received before configuration. Dropping old logs.
10-18 09:48:23.899 15708  1075 W ProxyAndroidLoggerBackend: Too many Flogger logs received before configuration. Dropping old logs.
10-18 09:48:23.899 15708  1075 W ProxyAndroidLoggerBackend: Too many Flogger logs received before configuration. Dropping old logs.
10-18 09:48:23.900 15708  1075 W ProxyAndroidLoggerBackend: Too many Flogger logs received before configuration. Dropping old logs.
10-18 09:48:23.900 15708  1075 W ProxyAndroidLoggerBackend: Too many Flogger logs received before configuration. Dropping old logs.
10-18 09:48:23.900 15708  1075 W ProxyAndroidLoggerBackend: Too many Flogger logs received before configuration. Dropping old logs.
10-18 09:48:23.900 15708  1075 W ProxyAndroidLoggerBackend: Too many Flogger logs received before configuration. Dropping old logs.
10-18 09:48:23.900 15708  1075 W ProxyAndroidLoggerBackend: Too many Flogger logs received before configuration. Dropping old logs.
10-18 09:48:23.900 15708  1075 W ProxyAndroidLoggerBackend: Too many Flogger logs received before configuration. Dropping old logs.
10-18 09:48:23.900 15708  1075 W ProxyAndroidLoggerBackend: Too many Flogger logs received before configuration. Dropping old logs.
10-18 09:48:23.900 15708  1075 W ProxyAndroidLoggerBackend: Too many Flogger logs received before configuration. Dropping old logs.
10-18 09:48:23.900 15708  1075 W ProxyAndroidLoggerBackend: Too many Flogger logs received before configuration. Dropping old logs.
10-18 09:48:23.911 26036 31675 I NetworkScheduler: (REDACTED) Error inserting %s
10-18 09:48:23.939 26036 30348 I NearbySharing: Network state changed: NetworkState(isRestricted=false, isOnline=false, isCongested=false, isMetered=false, isWifiConnected=true)
10-18 09:48:23.974 26036  1217 W DatabaseProcessor: processLocalDevices: failed to get the network info with non-null networkId.
10-18 09:48:23.974 26036 26092 I NearbyPresence: (REDACTED) NetworkMonitorImpl onLinkPropertiesChanged %s
10-18 09:48:23.974 26036 26036 I CastMediaRouteProvider: Published 0 routes
10-18 09:48:23.981 26036  1217 I AlarmManager: setExactAndAllowWhileIdle [name: GCM_HB_ALARM type: 2 triggerAtMillis: 1205753344]
10-18 09:48:24.061 15708 19060 I ReactNativeJS: 🚨 [DEBUG] Driver location polling interval triggered
10-18 09:48:24.154 26036 26519 I NullBinder: NullBinder for android.net.action.RECOMMEND_NETWORKS triggering remote TransactionTooLargeException due to Service without Chimera impl, calling uid: 1000, calling pid: 0
10-18 09:48:24.154 26036 26519 W .gms.persistent: Large reply transaction of 1056768 bytes, interface descriptor , code 1
10-18 09:48:24.159 31924   740 E fb4a.FbnsAIDLClientManager: Max Try reached for binding to FbnsAIDLService, threadId 42571
10-18 09:48:24.162 31924   740 E fb4a.FbnsAIDLClientManager: Fbns AIDL request got RemoteException
10-18 09:48:24.162 31924   740 E fb4a.FbnsAIDLClientManager: android.os.RemoteException: AIDLService is not bound
10-18 09:48:24.162 31924   740 E fb4a.FbnsAIDLClientManager: 	at X.0OK.call(:356)
10-18 09:48:24.162 31924   740 E fb4a.FbnsAIDLClientManager: 	at java.util.concurrent.FutureTask.run(FutureTask.java:317)
10-18 09:48:24.162 31924   740 E fb4a.FbnsAIDLClientManager: 	at java.util.concurrent.ThreadPoolExecutor.runWorker(ThreadPoolExecutor.java:1156)
10-18 09:48:24.162 31924   740 E fb4a.FbnsAIDLClientManager: 	at java.util.concurrent.ThreadPoolExecutor$Worker.run(ThreadPoolExecutor.java:651)
10-18 09:48:24.162 31924   740 E fb4a.FbnsAIDLClientManager: 	at java.lang.Thread.run(Thread.java:1119)
10-18 09:48:24.174 27276 27473 D WM-NetworkStateTracker: Network capabilities changed: [ Transports: WIFI Capabilities: NOT_METERED&INTERNET&NOT_RESTRICTED&TRUSTED&NOT_VPN&VALIDATED&NOT_ROAMING&FOREGROUND&NOT_CONGESTED&NOT_SUSPENDED&NOT_VCN_MANAGED&NOT_BANDWIDTH_CONSTRAINED LinkUpBandwidth>=12000Kbps LinkDnBandwidth>=60000Kbps TransportInfo: <SSID: <unknown ssid>, BSSID: 02:00:00:00:00:00, MAC: 02:00:00:00:00:00, IP: /192.168.31.172, Security type: 2, Supplicant state: COMPLETED, Wi-Fi standard: 11ax, RSSI: -41, Link speed: -1Mbps, Tx Link speed: -1Mbps, Max Supported Tx Link speed: 600Mbps, Rx Link speed: -1Mbps, Max Supported Rx Link speed: 600Mbps, Frequency: 5785MHz, Net ID: -1, Metered hint: false, score: 0, isUsable: true, CarrierMerged: false, SubscriptionId: -1, IsPrimary: -1, Trusted: true, Restricted: false, Ephemeral: false, OEM paid: false, OEM private: false, OSU AP: false, FQDN: <none>, Provider friendly name: <none>, Requesting package name: <none><none>MLO Information: , Is TID-To-Link negotiation supported by the AP: false, AP MLD Address: <none>, AP MLO Link Id: <none>, AP MLO Affiliated links: <none>, Vendor Data: <none>> SignalStrength: -41 UnderlyingNetworks: Null]
10-18 09:48:24.175 31924 32034 W CrashLoopRemedyLog: unable to delete remedy log, instaCrash: true
10-18 09:48:24.193 27276 27321 D WM-GreedyScheduler: Constraints met: Scheduling work ID WorkGenerationalId(workSpecId=64f9ffc3-ea24-4216-80d5-303342214168, generation=52)
10-18 09:48:24.204 31924 31924 W fb4a.AppComponentFactory: Instantiating Service
10-18 09:48:24.233 31924 31924 W fb4a.AppComponentFactory: Instantiating Service
10-18 09:48:24.255 30108 30108 W fbservices-stub:InitStatus: Not blocking Service (67681868)
10-18 09:48:24.301 26036 26519 I NullBinder: NullBinder for android.net.action.RECOMMEND_NETWORKS triggering remote TransactionTooLargeException due to Service without Chimera impl, calling uid: 1000, calling pid: 0
10-18 09:48:24.301 26036 26519 W .gms.persistent: Large reply transaction of 1056768 bytes, interface descriptor , code 1
10-18 09:48:24.301 26106 26106 D BoundBrokerSvc: onBind: Intent { act=com.google.android.gms.constellation.service.START pkg=com.google.android.gms }
10-18 09:48:24.301 26106 26106 D BoundBrokerSvc: Loading bound service for intent: Intent { act=com.google.android.gms.constellation.service.START pkg=com.google.android.gms }
10-18 09:48:24.306 31924 32121 W JobInfo : Job 'com.facebook.katana/com.facebook.conditionalworker.ConditionalWorkerService#-1199678986' has a deadline with no functional constraints. The deadline won't improve job execution latency. Consider removing the deadline.
10-18 09:48:24.309 26036 26519 I NullBinder: NullBinder for android.net.action.RECOMMEND_NETWORKS triggering remote TransactionTooLargeException due to Service without Chimera impl, calling uid: 1000, calling pid: 0
10-18 09:48:24.309 26036 26519 W .gms.persistent: Large reply transaction of 1056768 bytes, interface descriptor , code 1
10-18 09:48:24.359 31924 31924 E fb4a.SlowAppComponent: 0ms: FBPapayaJobService instantiating…
10-18 09:48:24.360 31924 31924 E fb4a.SlowAppComponent: 28ms: SystemJobService instantiating…
10-18 09:48:24.360 31924 31924 E fb4a.SlowAppComponent: Main thread was blocked for 155ms in the background starting with FBPapayaJobService
10-18 09:48:24.399 26522 26522 W JobService: onNetworkChanged() not implemented in androidx.work.impl.background.systemjob.SystemJobService. Must override in a subclass.
10-18 09:48:24.418 27276 27473 D WM-NetworkStateTracker: Network capabilities changed: [ Transports: WIFI Capabilities: NOT_METERED&INTERNET&NOT_RESTRICTED&TRUSTED&NOT_VPN&VALIDATED&NOT_ROAMING&FOREGROUND&NOT_CONGESTED&NOT_SUSPENDED&NOT_VCN_MANAGED&NOT_BANDWIDTH_CONSTRAINED LinkUpBandwidth>=12000Kbps LinkDnBandwidth>=60000Kbps TransportInfo: <SSID: <unknown ssid>, BSSID: 02:00:00:00:00:00, MAC: 02:00:00:00:00:00, IP: /192.168.31.172, Security type: 2, Supplicant state: COMPLETED, Wi-Fi standard: 11ax, RSSI: -41, Link speed: -1Mbps, Tx Link speed: -1Mbps, Max Supported Tx Link speed: 600Mbps, Rx Link speed: -1Mbps, Max Supported Rx Link speed: 600Mbps, Frequency: 5785MHz, Net ID: -1, Metered hint: false, score: 60, isUsable: true, CarrierMerged: false, SubscriptionId: -1, IsPrimary: -1, Trusted: true, Restricted: false, Ephemeral: false, OEM paid: false, OEM private: false, OSU AP: false, FQDN: <none>, Provider friendly name: <none>, Requesting package name: <none><none>MLO Information: , Is TID-To-Link negotiation supported by the AP: false, AP MLD Address: <none>, AP MLO Link Id: <none>, AP MLO Affiliated links: <none>, Vendor Data: <none>> SignalStrength: -41 UnderlyingNetworks: Null]
10-18 09:48:24.452 26036  1209 I AlarmManager: setExactAndAllowWhileIdle [name: GCM_HB_ALARM type: 2 triggerAtMillis: 1205753815]
10-18 09:48:24.454 26036 26519 I NullBinder: NullBinder for android.net.action.RECOMMEND_NETWORKS triggering remote TransactionTooLargeException due to Service without Chimera impl, calling uid: 1000, calling pid: 0
10-18 09:48:24.454 26036 26519 W .gms.persistent: Large reply transaction of 1056768 bytes, interface descriptor , code 1
10-18 09:48:24.457 26036  1209 W WakeLock: GCM_CONN_ALARM release without a matched acquire!
10-18 09:48:24.463 26036 26519 I NullBinder: NullBinder for android.net.action.RECOMMEND_NETWORKS triggering remote TransactionTooLargeException due to Service without Chimera impl, calling uid: 1000, calling pid: 0
10-18 09:48:24.463 26036 26519 W .gms.persistent: Large reply transaction of 1056768 bytes, interface descriptor , code 1
10-18 09:48:24.479 26036 26519 I NullBinder: NullBinder for android.net.action.RECOMMEND_NETWORKS triggering remote TransactionTooLargeException due to Service without Chimera impl, calling uid: 1000, calling pid: 0
10-18 09:48:24.479 26036 26519 W .gms.persistent: Large reply transaction of 1056768 bytes, interface descriptor , code 1
10-18 09:48:24.486 31924 31924 W JobService: onNetworkChanged() not implemented in androidx.work.impl.background.systemjob.SystemJobService. Must override in a subclass.
10-18 09:48:24.486 31924 31924 W JobService: onNetworkChanged() not implemented in com.facebook.papaya.fb.client.services.FBPapayaJobService. Must override in a subclass.
10-18 09:48:24.497 26522 26726 E TY_Work : [3341:304][26726] No worker found for key null
10-18 09:48:24.499 26522 26726 E TY_Work : [3341:310][26726] akak: MEDIUM
10-18 09:48:24.372 28626 28748 W WM-Processor: Didn't find WorkSpec for id WorkGenerationalId(workSpecId=71ac9966-0d3a-4173-94c5-b491125e3cfc, generation=0)
10-18 09:48:24.583 26522 26726 E TY_Work : [3341:395][26726] akak: MEDIUM
10-18 09:48:24.583 26522 26726 E TY_Work : 	at nnj.a(PG:52)
10-18 09:48:24.583 26522 26726 E TY_Work : 	at fwx.a(PG:19)
10-18 09:48:24.583 26522 26726 E TY_Work : 	at fyd.b(PG:7)
10-18 09:48:24.583 26522 26726 E TY_Work : 	at gai.b(PG:367)
10-18 09:48:24.583 26522 26726 E TY_Work : 	at fhp.b(PG:762)
10-18 09:48:24.583 26522 26726 E TY_Work : 	at fhp.a(PG:239)
10-18 09:48:24.583 26522 26726 E TY_Work : 	at atpg.m(PG:14)
10-18 09:48:24.583 26522 26726 E TY_Work : 	at atpg.l(PG:2)
10-18 09:48:24.583 26522 26726 E TY_Work : 	at atph.E(PG:52)
10-18 09:48:24.583 26522 26726 E TY_Work : 	at fhp.b(PG:683)
10-18 09:48:24.583 26522 26726 E TY_Work : 	at fhp.a(PG:222)
10-18 09:48:24.583 26522 26726 E TY_Work : 	at fxf.b(PG:226)
10-18 09:48:24.583 26522 26726 E TY_Work : 	at atnd.iH(PG:12)
10-18 09:48:24.583 26522 26726 E TY_Work : 	at attu.run(PG:107)
10-18 09:48:24.583 26522 26726 E TY_Work : 	at ged.run(PG:88)
10-18 09:48:24.583 26522 26726 E TY_Work : 	at java.util.concurrent.Executors$RunnableAdapter.call(Executors.java:524)
10-18 09:48:24.583 26522 26726 E TY_Work : 	at akpt.a(PG:3)
10-18 09:48:24.583 26522 26726 E TY_Work : 	at akox.run(PG:19)
10-18 09:48:24.583 26522 26726 E TY_Work : 	at akpu.run(PG:5)
10-18 09:48:24.583 26522 26726 E TY_Work : 	at akhv.run(PG:44)
10-18 09:48:24.598 26106 26483 D SQLiteQueryBuilder: SELECT value FROM partner WHERE ((name=?))
10-18 09:48:24.638 26106 26106 D BoundBrokerSvc: onUnbind: Intent { act=com.google.android.gms.inappreach.service.START dat=chimera-action:/... cmp=com.google.android.gms/.chimera.GmsApiService }
10-18 09:48:24.657 27276 27321 D WM-Processor: mkt: processing WorkGenerationalId(workSpecId=64f9ffc3-ea24-4216-80d5-303342214168, generation=52)
10-18 09:48:24.675 27276 27276 D WM-WorkerWrapper: Starting work for androidx.work.multiprocess.RemoteListenableDelegatingWorker
10-18 09:48:24.676 27276 27276 D WM-ListenableWorkerImpl: Binding to com.google.android.googlequicksearchbox, com.google.android.libraries.search.integrations.tiktok.RemoteWorkerService_googleapp
10-18 09:48:24.702 30791 30791 I WM-RemoteWorkerService: Binding to RemoteWorkerService
10-18 09:48:24.705 27276 27276 D WM-ListenableWorkerImpl: Service connected
10-18 09:48:24.729 26036 26460 I cn_CronetUrlRequestContext: destroyNativeStreamLocked org.chromium.net.impl.CronetBidirectionalStream@9c7595e
10-18 09:48:24.779 26106 26106 D BoundBrokerSvc: onBind: Intent { act=com.google.android.gms.auth.api.phone.service.SmsRetrieverApiService.START pkg=com.google.android.gms }
10-18 09:48:24.779 26106 26106 D BoundBrokerSvc: Loading bound service for intent: Intent { act=com.google.android.gms.auth.api.phone.service.SmsRetrieverApiService.START pkg=com.google.android.gms }
10-18 09:48:24.781 26522 26733 W WM-Processor: Didn't find WorkSpec for id WorkGenerationalId(workSpecId=03fcac21-adef-4347-a2fe-91784b781191, generation=0)
10-18 09:48:24.787 26522 26726 W WM-Processor: Didn't find WorkSpec for id WorkGenerationalId(workSpecId=43ec035e-5d7c-4cd1-9583-5ca8b1538eb9, generation=0)
10-18 09:48:24.799 26522 26726 W WM-Processor: Didn't find WorkSpec for id WorkGenerationalId(workSpecId=09e466b5-3775-4b5e-ad0a-f7ff426c11a3, generation=0)
10-18 09:48:24.816 26036  1215 I NetworkScheduler: (REDACTED) Error inserting %s
10-18 09:48:24.821 31924  1907 D SQLiteQueryBuilder: SELECT feed_type, fetched_at, cursor, dedup_key, sort_key, ranking_weight, features_meta, feed_edge_meta, disallow_first, story_type, cache_tree_file_path, cache_id, seen_state, story_ranking_time, unit_position_in_flatbuffer FROM home_stories WHERE (((feed_type=?) AND fetched_at>=? AND row_type=?)) ORDER BY sort_key DESC LIMIT 200
10-18 09:48:24.844 26036 26036 D BoundBrokerSvc: onRebind: Intent { act=com.google.android.gms.common.telemetry.service.START dat=chimera-action:/... cmp=com.google.android.gms/.chimera.PersistentApiService }
10-18 09:48:24.879  2098  2098 I id.gms.unstable: Using CollectorTypeCC GC.
10-18 09:48:24.903  2098  2098 E id.gms.unstable: Not starting debugger since process cannot load the jdwp agent.
10-18 09:48:24.908  2098  2098 D nativeloader: Load libframework-connectivity-tiramisu-jni.so using APEX ns com_android_tethering for caller /apex/com.android.tethering/javalib/framework-connectivity-t.jar: ok
10-18 09:48:24.908 30791 30837 D WM-ListenableWorkerImpl: Executing work request (64f9ffc3-ea24-4216-80d5-303342214168, com.google.apps.tiktok.contrib.work.TikTokListenableWorker)
10-18 09:48:24.929  2098  2098 E id.gms.unstable: BBinder_init Processname  <pre-initialized>  
10-18 09:48:24.929  2098  2098 E id.gms.unstable: BBinder_init hasGetProcessName  <pre-initialized>
10-18 09:48:24.929 26036 31388 I NearbySharing: Network state changed: NetworkState(isRestricted=false, isOnline=true, isCongested=false, isMetered=false, isWifiConnected=true)
10-18 09:48:24.936  5589  5589 I StylusModule: StylusModule.onUpdateToolType():800 Update tool type = 0
10-18 09:48:24.958  2098  2098 D ApplicationLoaders: Returning zygote-cached class loader: /system/framework/org.apache.http.legacy.jar
10-18 09:48:24.961  2098  2098 D nativeloader: Configuring clns-7 for other apk /system/framework/com.android.media.remotedisplay.jar. target_sdk_version=36, uses_libraries=ALL, library_path=/data/app/~~Nj5x6oEjOfi5wD5H_znOGQ==/com.google.android.gms-is4C_Gk9dUPsxVnNnVBzPg==/lib/arm64:/data/app/~~Nj5x6oEjOfi5wD5H_znOGQ==/com.google.android.gms-is4C_Gk9dUPsxVnNnVBzPg==/base.apk!/lib/arm64-v8a, permitted_path=/data:/mnt/expand:/data/user/0/com.google.android.gms
10-18 09:48:24.961  2098  2098 D nativeloader: Extending system_exposed_libraries: libapuwareapusys.mtk.so:libapuwareapusys_v2.mtk.so:libapuwarexrp.mtk.so:libapuwarexrp_v2.mtk.so:libapuwareutils.mtk.so:libapuwareutils_v2.mtk.so:libapuwarehmp.mtk.so:libneuron_graph_delegate.mtk.so:libneuronusdk_adapter.mtk.so:libtflite_mtk.mtk.so:libarmnn_ndk.mtk.so:libcmdl_ndk.mtk.so:libnir_neon_driver_ndk.mtk.so:libmvpu_runtime.mtk.so:libmvpu_runtime_pub.mtk.so:libmvpu_engine_pub.mtk.so:libmvpu_pattern_pub.mtk.so:libmvpuop_mtk_cv.mtk.so:libmvpuop_mtk_nn.mtk.so:libmvpu_runtime_25.mtk.so:libmvpu_runtime_25_pub.mtk.so:libmvpu_engine_25_pub.mtk.so:libmvpu_pattern_25_pub.mtk.so:libmvpuop25_mtk_cv.mtk.so:libmvpuop25_mtk_nn.mtk.so:libmvpu_config.mtk.so:libteeservice_client.trustonic.so:librealm-jni.vivo.so
10-18 09:48:24.964  2098  2098 D nativeloader: Configuring clns-8 for other apk /system/framework/com.android.location.provider.jar. target_sdk_version=36, uses_libraries=ALL, library_path=/data/app/~~Nj5x6oEjOfi5wD5H_znOGQ==/com.google.android.gms-is4C_Gk9dUPsxVnNnVBzPg==/lib/arm64:/data/app/~~Nj5x6oEjOfi5wD5H_znOGQ==/com.google.android.gms-is4C_Gk9dUPsxVnNnVBzPg==/base.apk!/lib/arm64-v8a, permitted_path=/data:/mnt/expand:/data/user/0/com.google.android.gms
10-18 09:48:24.964  2098  2098 D nativeloader: Extending system_exposed_libraries: libapuwareapusys.mtk.so:libapuwareapusys_v2.mtk.so:libapuwarexrp.mtk.so:libapuwarexrp_v2.mtk.so:libapuwareutils.mtk.so:libapuwareutils_v2.mtk.so:libapuwarehmp.mtk.so:libneuron_graph_delegate.mtk.so:libneuronusdk_adapter.mtk.so:libtflite_mtk.mtk.so:libarmnn_ndk.mtk.so:libcmdl_ndk.mtk.so:libnir_neon_driver_ndk.mtk.so:libmvpu_runtime.mtk.so:libmvpu_runtime_pub.mtk.so:libmvpu_engine_pub.mtk.so:libmvpu_pattern_pub.mtk.so:libmvpuop_mtk_cv.mtk.so:libmvpuop_mtk_nn.mtk.so:libmvpu_runtime_25.mtk.so:libmvpu_runtime_25_pub.mtk.so:libmvpu_engine_25_pub.mtk.so:libmvpu_pattern_25_pub.mtk.so:libmvpuop25_mtk_cv.mtk.so:libmvpuop25_mtk_nn.mtk.so:libmvpu_config.mtk.so:libteeservice_client.trustonic.so:librealm-jni.vivo.so
10-18 09:48:24.965  2098  2098 D ApplicationLoaders: Returning zygote-cached class loader: /system_ext/framework/androidx.window.extensions.jar
10-18 09:48:24.965  2098  2098 D ApplicationLoaders: Returning zygote-cached class loader: /system_ext/framework/androidx.window.sidecar.jar
10-18 09:48:25.014  2098  2098 D nativeloader: Configuring clns-9 for other apk /data/app/~~Nj5x6oEjOfi5wD5H_znOGQ==/com.google.android.gms-is4C_Gk9dUPsxVnNnVBzPg==/base.apk. target_sdk_version=36, uses_libraries=, library_path=/data/app/~~Nj5x6oEjOfi5wD5H_znOGQ==/com.google.android.gms-is4C_Gk9dUPsxVnNnVBzPg==/lib/arm64:/data/app/~~Nj5x6oEjOfi5wD5H_znOGQ==/com.google.android.gms-is4C_Gk9dUPsxVnNnVBzPg==/base.apk!/lib/arm64-v8a, permitted_path=/data:/mnt/expand:/data/user/0/com.google.android.gms
10-18 09:48:25.022 26036  1209 I AlarmManager: setExactAndAllowWhileIdle [name: GCM_HB_ALARM type: 2 triggerAtMillis: 1205754385]
10-18 09:48:25.041 15708 19060 I ReactNativeJS: 🛑 [HOME] Stopping driver location polling
10-18 09:48:25.042 15708 19060 I ReactNativeJS: 🔴 [GPS-TRACKING] Cleaning up subscription
10-18 09:48:25.042 15708 19060 I ReactNativeJS: '📡 [GPS-TRACKING] Subscription status:', 'CLOSED'
10-18 09:48:25.042 15708 19060 I ReactNativeJS: 🧹 [RIDES] Cleaning up subscriptions
10-18 09:48:25.071 15708 15708 D Google Android Maps SDK: For capability in capabilities, log:
10-18 09:48:25.071 15708 15708 D Google Android Maps SDK: "AdvancedMarkers: false: Capabilities unavailable without a Map ID."Data-driven styling: false
10-18 09:48:25.072 15708  1072 W ProxyAndroidLoggerBackend: Too many Flogger logs received before configuration. Dropping old logs.
10-18 09:48:25.072 15708  1072 W ProxyAndroidLoggerBackend: Too many Flogger logs received before configuration. Dropping old logs.
10-18 09:48:25.081 15708 15708 W ProxyAndroidLoggerBackend: Too many Flogger logs received before configuration. Dropping old logs.
10-18 09:48:25.081 15708 15708 W ProxyAndroidLoggerBackend: Too many Flogger logs received before configuration. Dropping old logs.
10-18 09:48:25.081 15708 15708 W ProxyAndroidLoggerBackend: Too many Flogger logs received before configuration. Dropping old logs.
10-18 09:48:25.081 15708 15708 W ProxyAndroidLoggerBackend: Too many Flogger logs received before configuration. Dropping old logs.
10-18 09:48:25.081 15708 15708 W ProxyAndroidLoggerBackend: Too many Flogger logs received before configuration. Dropping old logs.
10-18 09:48:25.081 15708 15708 W ProxyAndroidLoggerBackend: Too many Flogger logs received before configuration. Dropping old logs.
10-18 09:48:25.082 15708 15708 W ProxyAndroidLoggerBackend: Too many Flogger logs received before configuration. Dropping old logs.
10-18 09:48:25.082 15708 15708 W ProxyAndroidLoggerBackend: Too many Flogger logs received before configuration. Dropping old logs.
10-18 09:48:25.082 15708 15708 W ProxyAndroidLoggerBackend: Too many Flogger logs received before configuration. Dropping old logs.
10-18 09:48:25.082 15708 15708 W ProxyAndroidLoggerBackend: Too many Flogger logs received before configuration. Dropping old logs.
10-18 09:48:25.103 15708 15708 W ProxyAndroidLoggerBackend: Too many Flogger logs received before configuration. Dropping old logs.
10-18 09:48:25.103 15708 15708 W ProxyAndroidLoggerBackend: Too many Flogger logs received before configuration. Dropping old logs.
10-18 09:48:25.104 15708 15708 W ProxyAndroidLoggerBackend: Too many Flogger logs received before configuration. Dropping old logs.
10-18 09:48:25.104 15708 15708 W ProxyAndroidLoggerBackend: Too many Flogger logs received before configuration. Dropping old logs.
10-18 09:48:25.105 15708  2170 W ProxyAndroidLoggerBackend: Too many Flogger logs received before configuration. Dropping old logs.
10-18 09:48:25.105 15708 15708 W ProxyAndroidLoggerBackend: Too many Flogger logs received before configuration. Dropping old logs.
10-18 09:48:25.105 15708  2171 W ProxyAndroidLoggerBackend: Too many Flogger logs received before configuration. Dropping old logs.
10-18 09:48:25.106 15708 15708 W ProxyAndroidLoggerBackend: Too many Flogger logs received before configuration. Dropping old logs.
10-18 09:48:25.106 15708 15708 W ProxyAndroidLoggerBackend: Too many Flogger logs received before configuration. Dropping old logs.
10-18 09:48:25.108 26036  1209 I AlarmManager: setExactAndAllowWhileIdle [name: GCM_HB_ALARM type: 2 triggerAtMillis: 1205754471]
10-18 09:48:25.117 15708 15708 W ProxyAndroidLoggerBackend: Too many Flogger logs received before configuration. Dropping old logs.
10-18 09:48:25.117 15708 15708 W ProxyAndroidLoggerBackend: Too many Flogger logs received before configuration. Dropping old logs.
10-18 09:48:25.117 15708 15708 W ProxyAndroidLoggerBackend: Too many Flogger logs received before configuration. Dropping old logs.
10-18 09:48:25.118 15708 15708 W ProxyAndroidLoggerBackend: Too many Flogger logs received before configuration. Dropping old logs.
10-18 09:48:25.118 15708 15708 W ProxyAndroidLoggerBackend: Too many Flogger logs received before configuration. Dropping old logs.
10-18 09:48:25.118 15708 15708 W ProxyAndroidLoggerBackend: Too many Flogger logs received before configuration. Dropping old logs.
10-18 09:48:25.118 15708 15708 W ProxyAndroidLoggerBackend: Too many Flogger logs received before configuration. Dropping old logs.
10-18 09:48:25.118 15708 15708 W ProxyAndroidLoggerBackend: Too many Flogger logs received before configuration. Dropping old logs.
10-18 09:48:25.119 30791 30791 I boxt    : (REDACTED) #device eligible for sharesheet: %s
10-18 09:48:25.119 30791 30791 I boxt    : (REDACTED) #sharesheet enabled: %s #sharesheet with image type enabled: %s
10-18 09:48:25.122 30791 30791 I boxx    : (REDACTED) AvailabilityUtils.updateAvailability() component:%s enabled:%s
10-18 09:48:25.129 30791 30791 I boxx    : (REDACTED) Update complete. %s enabled: %s
10-18 09:48:25.129 30791 30791 I boxx    : (REDACTED) AvailabilityUtils.updateAvailability() component:%s enabled:%s
10-18 09:48:25.130 30791 30791 I boxx    : (REDACTED) Update complete. %s enabled: %s
10-18 09:48:25.130 30791 30791 I boxt    : #synclet interval set for every : 12 hours
10-18 09:48:25.132 30791 30791 I eesg    : #sync(). Running Synclets and scheduling next sync.
10-18 09:48:25.139 15708  2169 W ProxyAndroidLoggerBackend: Too many Flogger logs received before configuration. Dropping old logs.
10-18 09:48:25.139 15708  2169 W ProxyAndroidLoggerBackend: Too many Flogger logs received before configuration. Dropping old logs.
10-18 09:48:25.143 15708  2170 W ProxyAndroidLoggerBackend: Too many Flogger logs received before configuration. Dropping old logs.
10-18 09:48:25.143 15708  2170 W ProxyAndroidLoggerBackend: Too many Flogger logs received before configuration. Dropping old logs.
10-18 09:48:25.159 15708  2170 W ProxyAndroidLoggerBackend: Too many Flogger logs received before configuration. Dropping old logs.
10-18 09:48:25.159 15708  2170 W ProxyAndroidLoggerBackend: Too many Flogger logs received before configuration. Dropping old logs.
10-18 09:48:25.162 15708  2170 W ProxyAndroidLoggerBackend: Too many Flogger logs received before configuration. Dropping old logs.
10-18 09:48:25.162 15708  2170 W ProxyAndroidLoggerBackend: Too many Flogger logs received before configuration. Dropping old logs.
10-18 09:48:25.162 15708 15708 W ProxyAndroidLoggerBackend: Too many Flogger logs received before configuration. Dropping old logs.
10-18 09:48:25.163 15708  2171 W ProxyAndroidLoggerBackend: Too many Flogger logs received before configuration. Dropping old logs.
10-18 09:48:25.163 15708  2171 W ProxyAndroidLoggerBackend: Too many Flogger logs received before configuration. Dropping old logs.
10-18 09:48:25.164 15708 15708 D BufferQueueConsumer: [](id:3d5c00000033,api:0,p:-1,c:15708) connect: controlledByApp=true
10-18 09:48:25.168 31948 32429 I cn_CronetUrlRequestContext: destroyNativeStreamLocked android.net.connectivity.org.chromium.net.impl.CronetBidirectionalStream@d5cdffb
10-18 09:48:25.177 15708  2171 W ProxyAndroidLoggerBackend: Too many Flogger logs received before configuration. Dropping old logs.
10-18 09:48:25.178 15708  2171 W ProxyAndroidLoggerBackend: Too many Flogger logs received before configuration. Dropping old logs.
10-18 09:48:25.194 15708  2171 W ProxyAndroidLoggerBackend: Too many Flogger logs received before configuration. Dropping old logs.
10-18 09:48:25.194 15708  2171 W ProxyAndroidLoggerBackend: Too many Flogger logs received before configuration. Dropping old logs.
10-18 09:48:25.198  2098  2098 V GraphicsEnvironment: Currently set values for:
10-18 09:48:25.198  2098  2098 V GraphicsEnvironment:   angle_gl_driver_selection_pkgs=[com.android.angle, com.linecorp.b612.android, com.campmobile.snow, com.google.android.apps.tachyon]
10-18 09:48:25.198  2098  2098 V GraphicsEnvironment:   angle_gl_driver_selection_values=[angle, native, native, native]
10-18 09:48:25.198  2098  2098 V GraphicsEnvironment: com.google.android.gms is not listed in per-application setting
10-18 09:48:25.202  1870  2671 D BatteryStatsService: noteVideoSurfaceChanged  noteWhich: 49,arg1: 1080, arg2: 2056, arg3: 15708, arg4: 5021, name: com.a1taxi.a1taxicustomer
10-18 09:48:25.210 15708  2171 W ProxyAndroidLoggerBackend: Too many Flogger logs received before configuration. Dropping old logs.
10-18 09:48:25.210 15708  2171 W ProxyAndroidLoggerBackend: Too many Flogger logs received before configuration. Dropping old logs.
10-18 09:48:25.211 15708  2170 W ProxyAndroidLoggerBackend: Too many Flogger logs received before configuration. Dropping old logs.
10-18 09:48:25.211 15708  2170 W ProxyAndroidLoggerBackend: Too many Flogger logs received before configuration. Dropping old logs.
10-18 09:48:25.211 15708  2170 W ProxyAndroidLoggerBackend: Too many Flogger logs received before configuration. Dropping old logs.
10-18 09:48:25.211 15708  2170 W ProxyAndroidLoggerBackend: Too many Flogger logs received before configuration. Dropping old logs.
10-18 09:48:25.215 15708  2170 W ProxyAndroidLoggerBackend: Too many Flogger logs received before configuration. Dropping old logs.
10-18 09:48:25.215 15708  2170 W ProxyAndroidLoggerBackend: Too many Flogger logs received before configuration. Dropping old logs.
10-18 09:48:25.218 15708  2169 W ProxyAndroidLoggerBackend: Too many Flogger logs received before configuration. Dropping old logs.
10-18 09:48:25.218 15708  2169 W ProxyAndroidLoggerBackend: Too many Flogger logs received before configuration. Dropping old logs.
10-18 09:48:25.219 15708  2169 W ProxyAndroidLoggerBackend: Too many Flogger logs received before configuration. Dropping old logs.
10-18 09:48:25.219 15708  2169 W ProxyAndroidLoggerBackend: Too many Flogger logs received before configuration. Dropping old logs.
10-18 09:48:25.219 15708  2170 W ProxyAndroidLoggerBackend: Too many Flogger logs received before configuration. Dropping old logs.
10-18 09:48:25.219 15708  2170 W ProxyAndroidLoggerBackend: Too many Flogger logs received before configuration. Dropping old logs.
10-18 09:48:25.219 15708  2170 W ProxyAndroidLoggerBackend: Too many Flogger logs received before configuration. Dropping old logs.
10-18 09:48:25.219 15708  2170 W ProxyAndroidLoggerBackend: Too many Flogger logs received before configuration. Dropping old logs.
10-18 09:48:25.222 15708  2169 W ProxyAndroidLoggerBackend: Too many Flogger logs received before configuration. Dropping old logs.
10-18 09:48:25.222 15708  2169 W ProxyAndroidLoggerBackend: Too many Flogger logs received before configuration. Dropping old logs.
10-18 09:48:25.223 30791 30836 I blqa    : (REDACTED) #provideSyncletBinding isEmberNativeEnabled:%s enableAutofetch:%s
10-18 09:48:25.228 15708  2169 W ProxyAndroidLoggerBackend: Too many Flogger logs received before configuration. Dropping old logs.
10-18 09:48:25.228 15708  2169 W ProxyAndroidLoggerBackend: Too many Flogger logs received before configuration. Dropping old logs.
10-18 09:48:25.249 15708  2171 W ProxyAndroidLoggerBackend: Too many Flogger logs received before configuration. Dropping old logs.
10-18 09:48:25.249 15708  2171 W ProxyAndroidLoggerBackend: Too many Flogger logs received before configuration. Dropping old logs.
10-18 09:48:25.252 15708  2170 W ProxyAndroidLoggerBackend: Too many Flogger logs received before configuration. Dropping old logs.
10-18 09:48:25.252 15708  2170 W ProxyAndroidLoggerBackend: Too many Flogger logs received before configuration. Dropping old logs.
10-18 09:48:25.257 15708  2169 W ProxyAndroidLoggerBackend: Too many Flogger logs received before configuration. Dropping old logs.
10-18 09:48:25.257 15708  2169 W ProxyAndroidLoggerBackend: Too many Flogger logs received before configuration. Dropping old logs.
10-18 09:48:25.269 15708  2171 W ProxyAndroidLoggerBackend: Too many Flogger logs received before configuration. Dropping old logs.
10-18 09:48:25.269 15708  2171 W ProxyAndroidLoggerBackend: Too many Flogger logs received before configuration. Dropping old logs.
10-18 09:48:25.307 26036 31582 I AlarmManager: setExactAndAllowWhileIdle [name: FcmRetry type: 2 triggerAtMillis: 1205394660]
10-18 09:48:25.311 15708  2181 W ProxyAndroidLoggerBackend: Too many Flogger logs received before configuration. Dropping old logs.
10-18 09:48:25.330  2098  2098 I GmsApplication: Using GservicesReaderQueryDelegate
10-18 09:48:25.338 15708  2171 W ProxyAndroidLoggerBackend: Too many Flogger logs received before configuration. Dropping old logs.
10-18 09:48:25.338 15708  2171 W ProxyAndroidLoggerBackend: Too many Flogger logs received before configuration. Dropping old logs.
10-18 09:48:25.356 31948 32429 I cn_CronetUrlRequestContext: destroyNativeStreamLocked android.net.connectivity.org.chromium.net.impl.CronetBidirectionalStream@c3a6f44
10-18 09:48:25.356 32509 32509 I lacabs.customer: Using CollectorTypeCC GC.
10-18 09:48:25.359 32509 32509 E lacabs.customer: Not starting debugger since process cannot load the jdwp agent.
10-18 09:48:25.362 32509 32509 D nativeloader: Load libframework-connectivity-tiramisu-jni.so using APEX ns com_android_tethering for caller /apex/com.android.tethering/javalib/framework-connectivity-t.jar: ok
10-18 09:48:25.376 32509 32509 E lacabs.customer: BBinder_init Processname  <pre-initialized>  
10-18 09:48:25.376 32509 32509 E lacabs.customer: BBinder_init hasGetProcessName  <pre-initialized>
10-18 09:48:25.380  2098  2098 W SQLiteCompatibilityWalFlags: Cannot read global setting sqlite_compatibility_wal_flags - Application state not available
10-18 09:48:25.412 32509 32509 D ApplicationLoaders: Returning zygote-cached class loader: /system/framework/org.apache.http.legacy.jar
10-18 09:48:25.413 32509 32509 D ApplicationLoaders: Returning zygote-cached class loader: /system_ext/framework/androidx.window.extensions.jar
10-18 09:48:25.413 32509 32509 D ApplicationLoaders: Returning zygote-cached class loader: /system_ext/framework/androidx.window.sidecar.jar
10-18 09:48:25.475  2098  2098 W ProviderHelper: Unknown dynamite feature providerinstaller.dynamite
10-18 09:48:25.475  2098  2098 I DynamiteModule: Considering local module com.google.android.gms.providerinstaller.dynamite:1 and remote module com.google.android.gms.providerinstaller.dynamite:0
10-18 09:48:25.475  2098  2098 I DynamiteModule: Selected local version of com.google.android.gms.providerinstaller.dynamite
10-18 09:48:25.490 32509 32509 W lacabs.customer: Failed to find entry 'classes.dex': Entry not found
10-18 09:48:25.490  2098  2098 D nativeloader: Load /data/app/~~Nj5x6oEjOfi5wD5H_znOGQ==/com.google.android.gms-is4C_Gk9dUPsxVnNnVBzPg==/base.apk!/lib/arm64-v8a/libconscrypt_gmscore_jni.so using class loader ns clns-9 (caller=/data/app/~~Nj5x6oEjOfi5wD5H_znOGQ==/com.google.android.gms-is4C_Gk9dUPsxVnNnVBzPg==/base.apk): ok
10-18 09:48:25.490  2098  2098 V NativeCrypto: Registering com/google/android/gms/org/conscrypt/NativeCrypto's 319 native methods...
10-18 09:48:25.492 32509 32509 W lacabs.customer: Failed to find entry 'classes.dex': Entry not found
10-18 09:48:25.494 32509 32509 W lacabs.customer: Failed to find entry 'classes.dex': Entry not found
10-18 09:48:25.496 32509 32509 D nativeloader: Configuring clns-7 for other apk /data/app/~~-_MUSlni3pNtH1xi3a-MDg==/com.olacabs.customer-5fqWroNxwRCHBjoJJ6ydxg==/base.apk:/data/app/~~-_MUSlni3pNtH1xi3a-MDg==/com.olacabs.customer-5fqWroNxwRCHBjoJJ6ydxg==/split_config.arm64_v8a.apk:/data/app/~~-_MUSlni3pNtH1xi3a-MDg==/com.olacabs.customer-5fqWroNxwRCHBjoJJ6ydxg==/split_config.en.apk:/data/app/~~-_MUSlni3pNtH1xi3a-MDg==/com.olacabs.customer-5fqWroNxwRCHBjoJJ6ydxg==/split_config.xxhdpi.apk. target_sdk_version=35, uses_libraries=, library_path=/data/app/~~-_MUSlni3pNtH1xi3a-MDg==/com.olacabs.customer-5fqWroNxwRCHBjoJJ6ydxg==/lib/arm64:/data/app/~~-_MUSlni3pNtH1xi3a-MDg==/com.olacabs.customer-5fqWroNxwRCHBjoJJ6ydxg==/base.apk!/lib/arm64-v8a:/data/app/~~-_MUSlni3pNtH1xi3a-MDg==/com.olacabs.customer-5fqWroNxwRCHBjoJJ6ydxg==/split_config.arm64_v8a.apk!/lib/arm64-v8a:/data/app/~~-_MUSlni3pNtH1xi3a-MDg==/com.olacabs.customer-5fqWroNxwRCHBjoJJ6ydxg==/split_config.en.apk!/lib/arm64-v8a:/data/app/~~-_MUSlni3pNtH1xi3a-MDg==/com.olacabs.customer-5fqWroNxwRCHBjoJJ6ydxg=
10-18 09:48:25.499  2098  2098 I ProviderInstaller: Installed default security provider GmsCore_OpenSSL
10-18 09:48:25.502 32509 32509 D CompatChangeReporter: Compat change id reported: 202956589; UID 10296; state: ENABLED
10-18 09:48:25.509 30791 30836 I blqa    : (REDACTED) #provideSyncletBinding isEmberNativeEnabled:%s enableAutofetch:%s
10-18 09:48:25.512 26036 26082 I NullBinder: NullBinder for com.google.android.gms.lockbox.service.START triggering remote TransactionTooLargeException due to Service without Chimera impl, calling uid: 10202, calling pid: 26106
10-18 09:48:25.512 26036 26082 W .gms.persistent: Large reply transaction of 1056768 bytes, interface descriptor , code 46
10-18 09:48:25.515 15708  2174 W ProxyAndroidLoggerBackend: Too many Flogger logs received before configuration. Dropping old logs.
10-18 09:48:25.516 15708  2174 W ProxyAndroidLoggerBackend: Too many Flogger logs received before configuration. Dropping old logs.
10-18 09:48:25.516 15708  2174 W ProxyAndroidLoggerBackend: Too many Flogger logs received before configuration. Dropping old logs.
10-18 09:48:25.516 15708  2174 W ProxyAndroidLoggerBackend: Too many Flogger logs received before configuration. Dropping old logs.
10-18 09:48:25.516 15708  2174 W ProxyAndroidLoggerBackend: Too many Flogger logs received before configuration. Dropping old logs.
10-18 09:48:25.516 15708  2174 W ProxyAndroidLoggerBackend: Too many Flogger logs received before configuration. Dropping old logs.
10-18 09:48:25.516 15708  2174 W ProxyAndroidLoggerBackend: Too many Flogger logs received before configuration. Dropping old logs.
10-18 09:48:25.516 15708  2174 W ProxyAndroidLoggerBackend: Too many Flogger logs received before configuration. Dropping old logs.
10-18 09:48:25.517 15708  2174 W ProxyAndroidLoggerBackend: Too many Flogger logs received before configuration. Dropping old logs.
10-18 09:48:25.517 15708  2174 W ProxyAndroidLoggerBackend: Too many Flogger logs received before configuration. Dropping old logs.
10-18 09:48:25.517 15708  2174 W ProxyAndroidLoggerBackend: Too many Flogger logs received before configuration. Dropping old logs.
10-18 09:48:25.517 15708  2174 W ProxyAndroidLoggerBackend: Too many Flogger logs received before configuration. Dropping old logs.
10-18 09:48:25.517 15708  2174 W ProxyAndroidLoggerBackend: Too many Flogger logs received before configuration. Dropping old logs.
10-18 09:48:25.517 15708  2174 W ProxyAndroidLoggerBackend: Too many Flogger logs received before configuration. Dropping old logs.
10-18 09:48:25.517 15708  2174 W ProxyAndroidLoggerBackend: Too many Flogger logs received before configuration. Dropping old logs.
10-18 09:48:25.517 15708  2174 W ProxyAndroidLoggerBackend: Too many Flogger logs received before configuration. Dropping old logs.
10-18 09:48:25.517 15708  2174 W ProxyAndroidLoggerBackend: Too many Flogger logs received before configuration. Dropping old logs.
10-18 09:48:25.517 15708  2174 W ProxyAndroidLoggerBackend: Too many Flogger logs received before configuration. Dropping old logs.
10-18 09:48:25.517 15708  2174 W ProxyAndroidLoggerBackend: Too many Flogger logs received before configuration. Dropping old logs.
10-18 09:48:25.517 15708  2174 W ProxyAndroidLoggerBackend: Too many Flogger logs received before configuration. Dropping old logs.
10-18 09:48:25.517 15708  2174 W ProxyAndroidLoggerBackend: Too many Flogger logs received before configuration. Dropping old logs.
10-18 09:48:25.518 15708  2174 W ProxyAndroidLoggerBackend: Too many Flogger logs received before configuration. Dropping old logs.
10-18 09:48:25.518 15708  2174 W ProxyAndroidLoggerBackend: Too many Flogger logs received before configuration. Dropping old logs.
10-18 09:48:25.518 15708  2174 W ProxyAndroidLoggerBackend: Too many Flogger logs received before configuration. Dropping old logs.
10-18 09:48:25.518 15708  2174 W ProxyAndroidLoggerBackend: Too many Flogger logs received before configuration. Dropping old logs.
10-18 09:48:25.518 15708  2174 W ProxyAndroidLoggerBackend: Too many Flogger logs received before configuration. Dropping old logs.
10-18 09:48:25.518 15708  2174 W ProxyAndroidLoggerBackend: Too many Flogger logs received before configuration. Dropping old logs.
10-18 09:48:25.518 15708  2174 W ProxyAndroidLoggerBackend: Too many Flogger logs received before configuration. Dropping old logs.
10-18 09:48:25.519 15708  2174 W ProxyAndroidLoggerBackend: Too many Flogger logs received before configuration. Dropping old logs.
10-18 09:48:25.519 15708  2174 W ProxyAndroidLoggerBackend: Too many Flogger logs received before configuration. Dropping old logs.
10-18 09:48:25.520 26106 26139 E IPCThreadState: Binder transaction failure. id: 428293736, BR_*: 29201, error: -28 (No space left on device)
10-18 09:48:25.520 26106 26139 E JavaBinder: !!! FAILED BINDER TRANSACTION !!!  (parcel size = 408)
10-18 09:48:25.521 26106 26139 W GmsClient: IGmsServiceBroker.getService failed
10-18 09:48:25.521 26106 26139 W GmsClient: android.os.DeadObjectException: Transaction failed on small parcel; remote process probably died, but this could also be caused by running out of binder buffer space
10-18 09:48:25.521 26106 26139 W GmsClient: 	at android.os.BinderProxy.transactNative(Native Method)
10-18 09:48:25.521 26106 26139 W GmsClient: 	at android.os.BinderProxy.transact(BinderProxy.java:692)
10-18 09:48:25.521 26106 26139 W GmsClient: 	at bbkc.a(:com.google.android.gms@253931035@25.39.31 (260400-813878953):33)
10-18 09:48:25.521 26106 26139 W GmsClient: 	at bbid.z(:com.google.android.gms@253931035@25.39.31 (260400-813878953):160)
10-18 09:48:25.521 26106 26139 W GmsClient: 	at baoz.run(:com.google.android.gms@253931035@25.39.31 (260400-813878953):42)
10-18 09:48:25.521 26106 26139 W GmsClient: 	at android.os.Handler.handleCallback(Handler.java:1014)
10-18 09:48:25.521 26106 26139 W GmsClient: 	at android.os.Handler.dispatchMessage(Handler.java:102)
10-18 09:48:25.521 26106 26139 W GmsClient: 	at cmjd.mC(:com.google.android.gms@253931035@25.39.31 (260400-813878953):1)
10-18 09:48:25.521 26106 26139 W GmsClient: 	at cmjd.dispatchMessage(:com.google.android.gms@253931035@25.39.31 (260400-813878953):144)
10-18 09:48:25.521 26106 26139 W GmsClient: 	at android.os.Looper.loopOnce(Looper.java:250)
10-18 09:48:25.521 26106 26139 W GmsClient: 	at android.os.Looper.loop(Looper.java:340)
10-18 09:48:25.521 26106 26139 W GmsClient: 	at android.os.HandlerThread.run(HandlerThread.java:107)
10-18 09:48:25.537 15708 15708 D BufferQueueConsumer: [SurfaceTexture-0-15708-21](id:3d5c00000031,api:0,p:-1,c:15708) disconnect
10-18 09:48:25.537  1870  2894 D BatteryStatsService: noteVideoSurfaceChanged  noteWhich: 49,arg1: -1, arg2: -1, arg3: 15708, arg4: 4862, name: com.a1taxi.a1taxicustomer
10-18 09:48:25.546  2098  2262 I Watchcat: Started
10-18 09:48:25.553  2098  2262 I GMS_MM_Logger: (REDACTED) Start time: %s
10-18 09:48:25.553  2098  2262 I GMS_MM_Logger: Started.
10-18 09:48:25.554 15708  2186 W ProxyAndroidLoggerBackend: Too many Flogger logs received before configuration. Dropping old logs.
10-18 09:48:25.554 15708  2186 W ProxyAndroidLoggerBackend: Too many Flogger logs received before configuration. Dropping old logs.
10-18 09:48:25.554 15708  2186 W ProxyAndroidLoggerBackend: Too many Flogger logs received before configuration. Dropping old logs.
10-18 09:48:25.554 15708  2186 W ProxyAndroidLoggerBackend: Too many Flogger logs received before configuration. Dropping old logs.
10-18 09:48:25.554 15708  2186 W ProxyAndroidLoggerBackend: Too many Flogger logs received before configuration. Dropping old logs.
10-18 09:48:25.554 15708  2186 W ProxyAndroidLoggerBackend: Too many Flogger logs received before configuration. Dropping old logs.
10-18 09:48:25.554 15708  2186 W ProxyAndroidLoggerBackend: Too many Flogger logs received before configuration. Dropping old logs.
10-18 09:48:25.554 15708  2186 W ProxyAndroidLoggerBackend: Too many Flogger logs received before configuration. Dropping old logs.
10-18 09:48:25.555 15708  2186 W ProxyAndroidLoggerBackend: Too many Flogger logs received before configuration. Dropping old logs.
10-18 09:48:25.555 15708  2186 W ProxyAndroidLoggerBackend: Too many Flogger logs received before configuration. Dropping old logs.
10-18 09:48:25.555 15708  2186 W ProxyAndroidLoggerBackend: Too many Flogger logs received before configuration. Dropping old logs.
10-18 09:48:25.555 15708  2186 W ProxyAndroidLoggerBackend: Too many Flogger logs received before configuration. Dropping old logs.
10-18 09:48:25.555 15708  2186 W ProxyAndroidLoggerBackend: Too many Flogger logs received before configuration. Dropping old logs.
10-18 09:48:25.555 15708  2186 W ProxyAndroidLoggerBackend: Too many Flogger logs received before configuration. Dropping old logs.
10-18 09:48:25.555 15708  2186 W ProxyAndroidLoggerBackend: Too many Flogger logs received before configuration. Dropping old logs.
10-18 09:48:25.555 15708  2186 W ProxyAndroidLoggerBackend: Too many Flogger logs received before configuration. Dropping old logs.
10-18 09:48:25.555 15708  2186 W ProxyAndroidLoggerBackend: Too many Flogger logs received before configuration. Dropping old logs.
10-18 09:48:25.555 15708  2186 W ProxyAndroidLoggerBackend: Too many Flogger logs received before configuration. Dropping old logs.
10-18 09:48:25.555 15708  2186 W ProxyAndroidLoggerBackend: Too many Flogger logs received before configuration. Dropping old logs.
10-18 09:48:25.555 15708  2186 W ProxyAndroidLoggerBackend: Too many Flogger logs received before configuration. Dropping old logs.
10-18 09:48:25.555 15708  2186 W ProxyAndroidLoggerBackend: Too many Flogger logs received before configuration. Dropping old logs.
