10-29 15:29:12.478 27406 27410 I artd    : GetBestInfo: odex next to the dex file (/data/app/~~q7fYvM4-tyAPkIBmG7KQ0g==/com.google.android.apps.restore-qZ6rhKt0LU4ildQM7zs_QQ==/oat/arm64/base.odex) is kOatUpToDate with filter 'speed-profile' executable 'false'
10-29 15:29:12.489 27406 27410 I artd    : GetBestInfo: odex next to the dex file (/data/app/~~7a5k4itB3Z_szCXdEaZA9Q==/cards.uni.app.credit-86UrRGbHWWZK9N4-pOaU1g==/oat/arm64/base.odex) is kOatUpToDate with filter 'speed-profile' executable 'false'
10-29 15:29:12.536  9313 22656 W Conscrypt: Could not set socket write timeout: java.net.SocketException: Socket closed
10-29 15:29:12.537  9313 22656 W Conscrypt: 	at com.google.android.gms.org.conscrypt.Platform.setSocketWriteTimeout(:com.google.android.gms@254232035@25.42.32 (260400-820822052):204)
10-29 15:29:12.537  9313 22656 W Conscrypt: 	at com.google.android.gms.org.conscrypt.ConscryptFileDescriptorSocket.setSoWriteTimeout(:com.google.android.gms@254232035@25.42.32 (260400-820822052):4)
10-29 15:29:12.537 27406 27410 I artd    : GetBestInfo: odex next to the dex file (/data/app/~~a1qrCv3KzDX7G8kS_82CnA==/com.google.android.apps.photos-QUcbfk5gGRXrrdR1S7ikEA==/oat/arm64/base.odex) is kOatUpToDate with filter 'speed-profile' executable 'false'
10-29 15:29:12.545 27267 27267 W Finsky  : [2] STU: Failed to get storage stats for package 'com.android.compos' (1601: Error getting stats: android.content.pm.PackageManager.NameNotFoundException)
10-29 15:29:12.567 27406 27410 I artd    : GetBestInfo: odex next to the dex file (/data/app/~~FEtn0PcCuNl-IsTcWZKogg==/com.eaglefleet.redtaxi-BeazDaslxIL2dm61CQQo8w==/oat/arm64/base.odex) is kOatUpToDate with filter 'speed-profile' executable 'false'
10-29 15:29:12.584 27406 27410 I artd    : GetBestInfo: odex next to the dex file (/data/app/~~deN_TmpOilfXLRk3X_pDgA==/com.sbi.lotusintouch-GwIigX_wzAzRki-sC78gtg==/oat/arm64/base.odex) is kOatUpToDate with filter 'speed-profile' executable 'false'
10-29 15:29:12.596 27267 27267 W Finsky  : [2] STU: Failed to get storage stats for package 'com.google.android.tzdata6' (1601: Error getting stats: android.content.pm.PackageManager.NameNotFoundException)
10-29 15:29:12.620 27267 27267 W Finsky  : [2] STU: Failed to get storage stats for package 'com.google.android.permission' (1601: Error getting stats: android.content.pm.PackageManager.NameNotFoundException)
10-29 15:29:12.638 27406 27407 I artd    : GetBestInfo: odex next to the dex file (/data/app/~~koF7yaVdjDQNOCIDFBw4cA==/com.facebook.system-jRbiVewdtzUwx2R4nKPi4Q==/oat/arm64/base.odex) is kOatUpToDate with filter 'verify' executable 'false'
10-29 15:29:12.679 27406 27407 I artd    : GetBestInfo: odex next to the dex file (/data/app/~~NCHY40OHem7iZA4ScObvrQ==/com.facebook.katana-a0wPfLzWceFhh25O-0TxLA==/oat/arm64/base.odex) is kOatUpToDate with filter 'speed-profile' executable 'false'
10-29 15:29:12.731 27406 27410 I artd    : GetBestInfo: odex next to the dex file (/data/app/~~N-XV-PAB6w_YlEK8eoyoXQ==/com.airbnb.android-dnv1mIc1USK14kK-VA0AFw==/oat/arm64/base.odex) is kOatUpToDate with filter 'speed-profile' executable 'false'
10-29 15:29:12.754 27267 27267 W Finsky  : [2] STU: Failed to get storage stats for package 'com.google.android.wifi' (1601: Error getting stats: android.content.pm.PackageManager.NameNotFoundException)
10-29 15:29:12.858 27406 27410 I artd    : GetBestInfo: odex next to the dex file (/data/app/~~n3KxicaCTnjseouGcB3oqw==/com.makemytrip-oacMrBJyW4QT-JuU-Aso5Q==/oat/arm64/base.odex) is kOatUpToDate with filter 'speed-profile' executable 'false'
10-29 15:29:12.859 27406 27410 W artd    : Could not get dex checksums for location /data/app/~~v5jx9H4i58uFQrmTpVMAlQ==/com.makemytrip-FL-Cg87u4yaxQvK-dUkgGA==/base.apk, fd=-1
10-29 15:29:13.018  9313 11166 I Backup  : [GmsBackupTransport] Got kv restore package: @pm@
10-29 15:29:13.018  9313 11166 I AndroidBackupEventsLogg: (REDACTED) Logging with sampling event %s
10-29 15:29:13.034  9313 11166 I Backup  : [GmsBackupTransport] Encrypted kv restore of @pm@
10-29 15:29:13.376 27267 27267 W Finsky  : [2] STU: Failed to get storage stats for package 'com.google.android.media.swcodec' (1601: Error getting stats: android.content.pm.PackageManager.NameNotFoundException)
10-29 15:29:13.401 27406 27410 I artd    : GetBestInfo: odex next to the dex file (/data/app/~~4eOVbduh7Pp6HuLqnABQLg==/com.google.android.projection.gearhead-C1UtHxT1qnbkVO-G7PjmkQ==/oat/arm64/base.odex) is kOatUpToDate with filter 'speed-profile' executable 'false'
10-29 15:29:13.406 27406 27407 I artd    : GetBestInfo: vdex next to the dex file (/data/user/0/com.google.android.projection.gearhead/app_impl/oat/arm64/sdk_impl.vdex) is kOatUpToDate with filter 'verify' executable 'false'
10-29 15:29:13.431 27267 27267 W Finsky  : [2] STU: Failed to get storage stats for package 'com.android.profiling' (1601: Error getting stats: android.content.pm.PackageManager.NameNotFoundException)
10-29 15:29:13.598 27406 27410 I artd    : GetBestInfo: odex next to the dex file (/data/app/~~EwTplhdgJ7-yHy_jFao6rA==/com.google.ambient.streaming-zm7mCDNjhNKMsRyzvmPKcQ==/oat/arm64/base.odex) is kOatUpToDate with filter 'speed-profile' executable 'false'
10-29 15:29:13.638 27406 27407 I artd    : GetBestInfo: odex next to the dex file (/data/app/~~Hcek6TFt-zS4u_oZnEz0Zg==/com.bbk.theme-UTH-vt7Fp_ZG_QvMyZhg5A==/oat/arm64/base.odex) is kOatUpToDate with filter 'speed-profile' executable 'false'
10-29 15:29:13.671 27406 27407 I artd    : GetBestInfo: odex next to the dex file (/data/app/~~_M3sJ4Uye63zIDUUBTXNiQ==/com.google.android.apps.docs.editors.sheets-JsQpthpmYl_C92FBnnEtQA==/oat/arm64/base.odex) is kOatUpToDate with filter 'speed-profile' executable 'false'
10-29 15:29:13.691 27406 27407 I artd    : GetBestInfo: odex next to the dex file (/data/app/~~Na_E4VXYPEdS0423EwWhpQ==/com.google.android.music-dS_7d7woOeToHl_Ajdp1GQ==/oat/arm64/base.odex) is kOatUpToDate with filter 'speed-profile' executable 'false'
10-29 15:29:13.792 27406 27410 I artd    : GetBestInfo: odex next to the dex file (/data/app/~~tdgVFy4mKcLIdXejNMbROw==/com.google.android.apps.walletnfcrel-uJzKktJP_LC_dFeIdwxxvQ==/oat/arm64/base.odex) is kOatUpToDate with filter 'speed-profile' executable 'false'
10-29 15:29:13.838 27406 27410 I artd    : GetBestInfo: odex next to the dex file (/data/app/~~O6rl15dJb50drM-hNT-o5A==/host.exp.exponent-VV2RWFguikxSwJOsrbvgyA==/oat/arm64/base.odex) is kOatUpToDate with filter 'speed-profile' executable 'false'
10-29 15:29:13.878 27267 27267 W Finsky  : [2] STU: Failed to get storage stats for package 'com.google.android.adbd' (1601: Error getting stats: android.content.pm.PackageManager.NameNotFoundException)
10-29 15:29:13.895 27406 27410 I artd    : GetBestInfo: odex next to the dex file (/data/app/~~GTCWoHp9Kcaw61mKJWZVyw==/com.digilocker.android-ufAoRUcGruo_5PGb5I5cAQ==/oat/arm64/base.odex) is kOatUpToDate with filter 'speed-profile' executable 'false'
10-29 15:29:13.916 27267 27267 W Finsky  : [2] STU: Failed to get storage stats for package 'com.android.i18n' (1601: Error getting stats: android.content.pm.PackageManager.NameNotFoundException)
10-29 15:29:13.931 27406 27410 I artd    : GetBestInfo: odex next to the dex file (/data/app/~~IubJhYyo4OXa9esHsQ0ufg==/com.google.android.apps.safetyhub-vqHZjuWH8OZhgwlyVQTr0w==/oat/arm64/base.odex) is kOatUpToDate with filter 'speed-profile' executable 'false'
10-29 15:29:13.950 27267 27267 W Finsky  : [2] STU: Failed to get storage stats for package 'com.google.android.conscrypt' (1601: Error getting stats: android.content.pm.PackageManager.NameNotFoundException)
10-29 15:29:13.974 27406 27407 I artd    : GetBestInfo: odex next to the dex file (/data/app/~~72FFAOgW4Aj25KqlkjYabQ==/com.google.android.apps.tachyon-WhV8FKs-nOcVutiIWd6XRA==/oat/arm64/base.odex) is kOatUpToDate with filter 'speed-profile' executable 'false'
10-29 15:29:14.016 27406 27410 I artd    : GetBestInfo: odex next to the dex file (/data/app/~~Po82oak_o8-jL-DI3ZWG3Q==/com.booking-6pMsYCbulA6Xg_WA1xyevw==/oat/arm64/base.odex) is kOatUpToDate with filter 'speed-profile' executable 'false'
10-29 15:29:14.018 27406 27407 W artd    : Could not get dex checksums for location /data/app/~~6E2WKoCIq0qIluP5umAEaw==/com.booking-qUTi_qiQLoPhIhmCc7QdJw==/base.apk, fd=-1
10-29 15:29:14.037 27406 27407 I artd    : GetBestInfo: odex next to the dex file (/data/app/~~MY1T9l4rxGoNHw43rc7Y9Q==/com.vivo.imanager-c66ykYfX61YFS5tIKjOIbA==/oat/arm64/base.odex) is kOatUpToDate with filter 'verify' executable 'false'
10-29 15:29:14.105 27406 27407 I artd    : GetBestInfo: odex next to the dex file (/data/app/~~6d7y0P6J4f-fayTRuhBzLQ==/com.google.audio.hearing.visualization.accessibility.scribe-ZOQw3FKv0LN30VeoGpht4Q==/oat/arm64/base.odex) is kOatUpToDate with filter 'speed-profile' executable 'false'
10-29 15:29:14.114 27267 27267 W Finsky  : [2] STU: Failed to get storage stats for package 'com.google.android.neuralnetworks' (1601: Error getting stats: android.content.pm.PackageManager.NameNotFoundException)
10-29 15:29:14.121 27267 27267 W Finsky  : [2] STU: Failed to get storage stats for package 'com.google.android.ipsec' (1601: Error getting stats: android.content.pm.PackageManager.NameNotFoundException)
10-29 15:29:14.136 27406 27410 I artd    : GetBestInfo: odex next to the dex file (/data/app/~~wKe-KcGCeYJItl69uNTcpA==/com.namp.relux-L_G_UH56XbHsmSC0Bo5rmg==/oat/arm64/base.odex) is kOatUpToDate with filter 'speed-profile' executable 'false'
10-29 15:29:14.191 27406 27410 I artd    : GetBestInfo: odex next to the dex file (/data/app/~~MHpR9exVol6vxy-A4jt5yQ==/com.truecaller-90rZE1ay63iDqk8kuemEhg==/oat/arm64/base.odex) is kOatUpToDate with filter 'speed-profile' executable 'false'
10-29 15:29:14.204 27406 27410 I artd    : GetBestInfo: dm (/data/app/~~MHpR9exVol6vxy-A4jt5yQ==/com.truecaller-90rZE1ay63iDqk8kuemEhg==/split_insights_category_model.dm) is kOatUpToDate with filter 'verify' executable 'false'
10-29 15:29:14.213 27406 27410 I artd    : GetBestInfo: vdex next to the dex file (/data/user/0/com.truecaller/app_pccache/5/A676523B3E46DAB04C3DAC7B4C5781491E6DC27A/oat/arm64/pcam.vdex) is kOatUpToDate with filter 'verify' executable 'false'
10-29 15:29:14.222 27406 27407 I artd    : GetBestInfo: vdex next to the dex file (/data/user/0/com.truecaller/app_pccache/5/E47C86B2C77009FBA9F0C961D11E60B330CFF68E/oat/arm64/pcam.vdex) is kOatUpToDate with filter 'verify' executable 'false'
10-29 15:29:14.260 27406 27410 I artd    : GetBestInfo: odex next to the dex file (/data/app/~~IudCxfJyKE1tQiHtZA2rmg==/com.google.android.as.oss-HQUmRFn_TRicj1cSXE6oMA==/oat/arm64/base.odex) is kOatUpToDate with filter 'speed-profile' executable 'false'
10-29 15:29:14.283 27267 27267 W Finsky  : [2] STU: Failed to get storage stats for package 'com.google.android.ondevicepersonalization' (1601: Error getting stats: android.content.pm.PackageManager.NameNotFoundException)
10-29 15:29:14.302 27267 27267 W Finsky  : [2] STU: Failed to get storage stats for package 'com.google.android.healthfitness' (1601: Error getting stats: android.content.pm.PackageManager.NameNotFoundException)
10-29 15:29:14.324 27406 27410 I artd    : GetBestInfo: odex next to the dex file (/data/app/~~1_Rb1_R-0UzOHo2Rw4W8Jg==/com.facebook.appmanager-rDDiaubYvjnaboA3pxGY9A==/oat/arm64/base.odex) is kOatUpToDate with filter 'verify' executable 'false'
10-29 15:29:14.415 27406 27410 I artd    : GetBestInfo: odex next to the dex file (/data/app/~~dy9Vbb0ErJBWa9wDghEN0w==/pi.browser-WnYxUs8RUaMs118KH7vFog==/oat/arm64/base.odex) is kOatUpToDate with filter 'speed-profile' executable 'false'
10-29 15:29:14.424 27267 27267 W Finsky  : [2] STU: Failed to get storage stats for package 'com.android.uwb' (1601: Error getting stats: android.content.pm.PackageManager.NameNotFoundException)
10-29 15:29:14.424 27267 27267 W Finsky  : [2] STU: Failed to get storage stats for package 'com.google.android.extservices' (1601: Error getting stats: android.content.pm.PackageManager.NameNotFoundException)
10-29 15:29:14.469 27406 27407 I artd    : GetBestInfo: odex next to the dex file (/data/app/~~eGAS5c9ZZJXCiGOGs6tkXg==/com.snapchat.android-jfF6S5Je4mxMCAOlAKy-4Q==/oat/arm64/base.odex) is kOatUpToDate with filter 'speed-profile' executable 'false'
10-29 15:29:14.499 27406 27410 I artd    : GetBestInfo: odex next to the dex file (/data/app/~~NUSd9xlymHp9WeWtwbgF5g==/com.android.vending-FYhjO1rw2N6GC0fUfIupMQ==/oat/arm64/base.odex) is kOatUpToDate with filter 'speed-profile' executable 'false'
10-29 15:29:14.501 27406 27410 W artd    : Could not get dex checksums for location /data/app/~~C9Xe7fqF896H5zpfi10DLQ==/com.android.vending-iqS7tnfWq3MwPph-xR-Idw==/base.apk, fd=-1
10-29 15:29:14.503 27406 27410 W artd    : Could not get dex checksums for location /data/app/~~SODErCt30xJIyC5i-v-8mQ==/com.android.vending-WtcQFbvT2RIKyRLgfoYjfA==/base.apk, fd=-1
10-29 15:29:14.515 27406 27410 I artd    : GetBestInfo: vdex next to the dex file (/data/user/0/com.android.vending/app_dg_cache/049A20A054B771E851974256D3271311889FCDDF/oat/arm64/the.vdex) is kOatUpToDate with filter 'verify' executable 'false'
10-29 15:29:14.546 27406 27410 I artd    : GetBestInfo: odex next to the dex file (/data/app/~~pPME58w7QHLoagg4bMCuwQ==/com.google.android.apps.nbu.files-MJq39CRihoJrlphB2H5BUA==/oat/arm64/base.odex) is kOatUpToDate with filter 'speed-profile' executable 'false'
10-29 15:29:14.611 27406 27410 I artd    : GetBestInfo: odex next to the dex file (/data/app/~~xnEIE0_vXymkwCa-TQ-T_Q==/com.google.android.youtube-UtDOlSiBfvtokgUnQ7wwNg==/oat/arm64/base.odex) is kOatUpToDate with filter 'speed-profile' executable 'false'
10-29 15:29:14.620 27406 27410 I artd    : GetBestInfo: vdex next to the dex file (/data/user/0/com.google.android.youtube/app_pccache/5/A676523B3E46DAB04C3DAC7B4C5781491E6DC27A/oat/arm64/pcam.vdex) is kOatUpToDate with filter 'verify' executable 'false'
10-29 15:29:14.621 27406 27410 W artd    : Could not get dex checksums for location /data/app/~~U7zqbrHB7HfKaC6SX_ljFg==/com.google.android.youtube-j2UNFWJe_A00mSop1jNYgw==/base.apk, fd=-1
10-29 15:29:14.632 27406 27410 I artd    : GetBestInfo: vdex next to the dex file (/data/user/0/com.google.android.youtube/app_dg_cache/68ABBF10BD2349E9D7068D50DCB84A7E0CD70855/oat/arm64/the.vdex) is kOatUpToDate with filter 'verify' executable 'false'
10-29 15:29:14.654 27267 27267 W Finsky  : [2] STU: Failed to get storage stats for package 'com.google.android.os.statsd' (1601: Error getting stats: android.content.pm.PackageManager.NameNotFoundException)
10-29 15:29:14.678 27267 27267 W Finsky  : [2] STU: Failed to get storage stats for package 'com.android.rkpd' (1601: Error getting stats: android.content.pm.PackageManager.NameNotFoundException)
10-29 15:29:14.688 27267 27267 W Finsky  : [2] STU: Failed to get storage stats for package 'com.google.android.scheduling' (1601: Error getting stats: android.content.pm.PackageManager.NameNotFoundException)
10-29 15:29:14.723 27406 27407 I artd    : GetBestInfo: odex next to the dex file (/data/app/~~FjiHkrGIvshx7VTCfIR3DQ==/com.google.android.gm-4czlUpwl5r_SNjdEo5o6Tw==/oat/arm64/base.odex) is kOatUpToDate with filter 'speed-profile' executable 'false'
10-29 15:29:14.759 27406 27407 I artd    : GetBestInfo: odex next to the dex file (/data/app/~~48KMnykKaHIGRACDCaB2Tg==/com.google.android.inputmethod.latin-3WSrzy74S4wg-28rWSxG6w==/oat/arm64/base.odex) is kOatUpToDate with filter 'speed-profile' executable 'false'
10-29 15:29:14.789 27406 27407 I artd    : GetBestInfo: odex next to the dex file (/data/app/~~mBcAZm1IiX4DWfEDDmCY3g==/com.suntv.sunnxt-_IoqByY__23UgjZJajRw1g==/oat/arm64/base.odex) is kOatUpToDate with filter 'speed-profile' executable 'false'
10-29 15:29:14.818 27406 27410 I artd    : GetBestInfo: odex next to the dex file (/data/app/~~ojEeIpV4Gkj26SJ-KK0rfQ==/com.google.android.calendar-AhkvXNZqOATyXkOjjpS4Zw==/oat/arm64/base.odex) is kOatUpToDate with filter 'speed-profile' executable 'false'
10-29 15:29:14.828 27267 27267 I Finsky  : [2] App states replicator found 49 unowned apps
10-29 15:29:14.847 27267 27336 I Finsky  : [87131] Completed 0 account content syncs with 0 successful.
10-29 15:29:14.847 27267 27267 I Finsky  : [2] [ContentSync] Installation state replication succeeded.
10-29 15:29:14.849 27267 27267 I Finsky  : [2] SCH: jobFinished: 12-1. TimeElapsed: 4658ms.
10-29 15:29:14.850 27267 27267 I Finsky  : [2] WM::SCH: Logging work end for 12-1
10-29 15:29:14.860 27267 27336 I Finsky  : [87131] SCH: Scheduling phonesky job Id: 1-1337, CT: 1761715216569, Constraints: [{ L: 19954165, D: 63154165, C: CHARGING_NONE, I: IDLE_NONE, N: NET_ANY, B: BATTERY_ANY }]
10-29 15:29:14.861 27267 27336 I Finsky  : [87131] SCH: Scheduling phonesky job Id: 34-186, CT: 1761648784389, Constraints: [{ L: 604800000, D: 2482114077, C: CHARGING_NONE, I: IDLE_NONE, N: NET_ANY, B: BATTERY_ANY }]
10-29 15:29:14.861 27267 27336 I Finsky  : [87131] SCH: Scheduling phonesky job Id: 34-201, CT: 1761648784388, Constraints: [{ L: 604800000, D: 2562617114, C: CHARGING_NONE, I: IDLE_NONE, N: NET_ANY, B: BATTERY_ANY }]
10-29 15:29:14.862 27267 27336 I Finsky  : [87131] SCH: Scheduling phonesky job Id: 34-203, CT: 1761715218977, Constraints: [{ L: 79199750, D: 1375199750, C: CHARGING_NONE, I: IDLE_NONE, N: NET_ANY, B: BATTERY_ANY }]
10-29 15:29:14.862 27267 27336 I Finsky  : [87131] SCH: Scheduling phonesky job Id: 34-206, CT: 1761715222949, Constraints: [{ L: 604800000, D: 2591999517, C: CHARGING_NONE, I: IDLE_NONE, N: NET_ANY, B: BATTERY_ANY }]
10-29 15:29:14.868 27267 27342 I Finsky  : [87136] SCH: Scheduling 1 system job(s)
10-29 15:29:14.868 27267 27342 I Finsky  : [87136] SCH: Scheduling system job Id: 9493, L: 3215866, D: 46415866, C: false, I: false, N: 1
10-29 15:29:14.875 27267 30269 I Finsky  : [87358] SCH: job service finished with id 9484.
10-29 15:29:15.382  9313 11166 I AndroidBackupEventsLogg: (REDACTED) Logging with sampling event %s
10-29 15:29:15.445  9313 11166 I Backup  : [GmsBackupTransport] Got full restore package: com.a1taxi.driverpro
10-29 15:29:15.449  9313 11166 I AndroidBackupEventsLogg: (REDACTED) Logging with sampling event %s
10-29 15:29:15.467  9313 11166 I AndroidBackupEventsLogg: (REDACTED) Logging with sampling event %s
10-29 15:29:15.468  9313 11166 I AndroidBackupEventsLogg: (REDACTED) Logging with sampling event %s
10-29 15:29:15.470  9313 11166 I Backup  : [FullRestoreDataProcessorFac] Performing encrypted restore for com.a1taxi.driverpro
10-29 15:29:16.767  9313 11166 I AndroidBackupEventsLogg: (REDACTED) Logging with sampling event %s
10-29 15:29:16.778  9313  9537 I AndroidBackupEventsLogg: (REDACTED) Logging with sampling event %s
10-29 15:29:16.893 27406 27410 I artd    : GetBestInfo: odex next to the dex file (/data/app/~~Nv2hCSswo2kctVCoZ03Pqw==/com.a1taxi.driverpro-H4GTCHubEQ3Z_p0DnB8weg==/oat/arm64/base.odex) is kOatUpToDate with filter 'speed-profile' executable 'false'
10-29 15:29:16.901 10830 30440 I Fitness : (REDACTED) FitCleanupIntentOperation received Intent %s
10-29 15:29:16.902  5720  6325 I MediaProvider: Begin Intent { act=android.intent.action.PACKAGE_DATA_CLEARED dat=package: flg=0x5000010 cmp=com.google.android.providers.media.module/com.android.providers.media.MediaService (has extras) }
10-29 15:29:16.918  5720  6325 I FuseDaemon: Successfully deleted rows in leveldb for owner_id:  and ownerPackageIdentifier: com.a1taxi.driverpro::0
10-29 15:29:16.918  5720  6325 D SQLiteQueryBuilder: DELETE FROM media_grants WHERE ((media_grants.owner_package_name IN (?,?)) AND (media_grants.package_user_id = ? ))
10-29 15:29:16.920  5720  6325 I MediaProvider: End Intent { act=android.intent.action.PACKAGE_DATA_CLEARED dat=package: flg=0x5000010 cmp=com.google.android.providers.media.module/com.android.providers.media.MediaService (has extras) }
10-29 15:29:16.930  9313 30449 I NearbyDiscovery: (REDACTED) processGrantSlicePermission: %s
10-29 15:29:16.934  9313 30441 I Blockstore: [PackageIntentOperation] Checking IS_RESTORE extra. [CONTEXT service_id=258 ]
10-29 15:29:16.934  9313 22656 I Icing   : doRemovePackageData com.a1taxi.driverpro
10-29 15:29:16.934  9313 30441 I Blockstore: (REDACTED) [PackageIntentOperation] Package data cleared as part of restore. Skip clearing Blockstore data for %s
10-29 15:29:17.020  9313 11166 I AndroidBackupEventsLogg: (REDACTED) Logging with sampling event %s
10-29 15:29:17.022  9313 11166 W Backup  : [GmsBackupTransport] Error logging monitor event
10-29 15:29:17.024  9313 11166 I AndroidBackupEventsLogg: (REDACTED) Logging with sampling event %s
10-29 15:29:17.026  9313 11166 I AndroidBackupEventsLogg: (REDACTED) Logging with sampling event %s
10-29 15:29:17.027  9313 11166 I Backup  : [GmsBackupTransport] restore finished
10-29 15:29:17.027  9313 11166 I AndroidBackupEventsLogg: (REDACTED) Logging with sampling event %s
10-29 15:29:17.028  1870  5735 I BackupManagerService: Restore complete.
10-29 15:29:17.029  9313 11166 I AndroidBackupEventsLogg: (REDACTED) Logging with sampling event %s
10-29 15:29:17.066 30521 30521 W WindowOnBackDispatcher: sendCancelIfRunning: isInProgress=false callback=android.view.ViewRootImpl$$ExternalSyntheticLambda11@a0dd8fd
10-29 15:29:17.120 23614 23753 I PermissionControllerServiceImpl: Updating user sensitive for uid 10581
10-29 15:29:17.139 27267 27267 I Finsky  : [2] agdj - Received: android.intent.action.PACKAGE_ADDED, [RJhPvoB96hwwFKmVHhI9-Qa5dVJcP2sdr6v_A5ng5M0]
10-29 15:29:17.230 23614 30238 I PermissionControllerServiceImpl: Updating user sensitive for uid 10581
10-29 15:29:17.233 23614 23639 I ServiceLiveData: Not exempting com.vivo.vtouch - not an active InputMethod for u0
10-29 15:29:17.233 23614 23639 I ServiceLiveData: Not exempting com.snapchat.android - not an active InputMethod for u0
10-29 15:29:17.233 23614 23639 I ServiceLiveData: Detected InputMethods: [com.google.android.inputmethod.latin, com.google.android.tts]
10-29 15:29:17.234 23614 23638 I ServiceLiveData: Detected PrintServices: [com.android.bips]
10-29 15:29:17.235 23614 23635 I ServiceLiveData: Not exempting com.google.ambient.streaming - not an active NotificationListenerService for u0
10-29 15:29:17.235 23614 23638 I ServiceLiveData: Not exempting com.google.android.gms - not an active DEVICE_ADMIN_SERVICE for u0
10-29 15:29:17.236 23614 23635 I ServiceLiveData: Not exempting com.google.android.as - not an active NotificationListenerService for u0
10-29 15:29:17.236 23614 23635 I ServiceLiveData: Not exempting com.google.android.gms - not an active NotificationListenerService for u0
10-29 15:29:17.236 23614 23635 I ServiceLiveData: Not exempting com.microsoft.appmanager - not an active NotificationListenerService for u0
10-29 15:29:17.236 23614 23635 I ServiceLiveData: Not exempting com.truecaller - not an active NotificationListenerService for u0
10-29 15:29:17.236 23614 23635 I ServiceLiveData: Detected NotificationListenerServices: [com.android.launcher3, com.google.android.projection.gearhead]
10-29 15:29:17.236 23614 23638 I ServiceLiveData: Detected DEVICE_ADMIN_SERVICEs: []
10-29 15:29:17.239 23614 23636 I ServiceLiveData: Not exempting com.openai.chatgpt - not an active VoiceInteractionService for u0
10-29 15:29:17.240 23614 23636 I ServiceLiveData: Detected VoiceInteractionServices: [com.google.android.googlequicksearchbox]
10-29 15:29:17.240 23614 23637 I ServiceLiveData: Not exempting com.android.deskclock - not an active DreamService for u0
10-29 15:29:17.242 23614 23637 I ServiceLiveData: Not exempting com.google.android.apps.photos - not an active DreamService for u0
10-29 15:29:17.245 23614 23637 I ServiceLiveData: Detected DreamServices: []
10-29 15:29:17.247 23614 23767 I ServiceLiveData: Not exempting com.vivo.effectengine - not an active WallpaperService for u0
10-29 15:29:17.247 23614 23767 I ServiceLiveData: Not exempting com.vivo.effectengine - not an active WallpaperService for u0
10-29 15:29:17.247 23614 23767 I ServiceLiveData: Not exempting com.vivo.effectengine - not an active WallpaperService for u0
10-29 15:29:17.247 23614 23767 I ServiceLiveData: Not exempting com.vivo.effectengine - not an active WallpaperService for u0
10-29 15:29:17.247 23614 23767 I ServiceLiveData: Not exempting com.vivo.effectengine - not an active WallpaperService for u0
10-29 15:29:17.247 23614 23767 I ServiceLiveData: Not exempting com.vivo.effectengine - not an active WallpaperService for u0
10-29 15:29:17.247 23614 23767 I ServiceLiveData: Not exempting com.vivo.effectengine - not an active WallpaperService for u0
10-29 15:29:17.247 23614 23767 I ServiceLiveData: Not exempting com.vivo.effectengine - not an active WallpaperService for u0
10-29 15:29:17.247 23614 23767 I ServiceLiveData: Not exempting com.vivo.effectengine - not an active WallpaperService for u0
10-29 15:29:17.247 23614 23767 I ServiceLiveData: Not exempting com.vivo.effectengine - not an active WallpaperService for u0
10-29 15:29:17.248 23614 23767 I ServiceLiveData: Not exempting com.vivo.livewallpaper.behavior - not an active WallpaperService for u0
10-29 15:29:17.248 23614 23767 I ServiceLiveData: Not exempting com.vivo.livewallpaper.behaviormountain - not an active WallpaperService for u0
10-29 15:29:17.248 23614 23767 I ServiceLiveData: Not exempting com.vivo.livewallpaper.box - not an active WallpaperService for u0
10-29 15:29:17.248 23614 23767 I ServiceLiveData: Not exempting com.vivo.livewallpaper.box - not an active WallpaperService for u0
10-29 15:29:17.248 23614 23767 I ServiceLiveData: Not exempting com.vivo.livewallpaper.box - not an active WallpaperService for u0
10-29 15:29:17.248 23614 23767 I ServiceLiveData: Not exempting com.vivo.livewallpaper.box - not an active WallpaperService for u0
10-29 15:29:17.248 23614 23767 I ServiceLiveData: Not exempting com.vivo.livewallpaper.box - not an active WallpaperService for u0
10-29 15:29:17.248 23614 23767 I ServiceLiveData: Not exempting com.vivo.livewallpaper.box - not an active WallpaperService for u0
10-29 15:29:17.248 23614 23767 I ServiceLiveData: Not exempting com.vivo.livewallpaper.box - not an active WallpaperService for u0
10-29 15:29:17.248 23614 23767 I ServiceLiveData: Not exempting com.vivo.livewallpaper.box - not an active WallpaperService for u0
10-29 15:29:17.249 23614 23767 I ServiceLiveData: Not exempting com.vivo.livewallpaper.box - not an active WallpaperService for u0
10-29 15:29:17.249 23614 23767 I ServiceLiveData: Not exempting com.vivo.livewallpaper.box - not an active WallpaperService for u0
10-29 15:29:17.249 23614 23767 I ServiceLiveData: Not exempting com.vivo.livewallpaper.box - not an active WallpaperService for u0
10-29 15:29:17.249 23614 23767 I ServiceLiveData: Not exempting com.vivo.livewallpaper.box - not an active WallpaperService for u0
10-29 15:29:17.249 23614 23767 I ServiceLiveData: Not exempting com.vivo.livewallpaper.box - not an active WallpaperService for u0
10-29 15:29:17.249 23614 23767 I ServiceLiveData: Not exempting com.vivo.livewallpaper.box - not an active WallpaperService for u0
10-29 15:29:17.249 23614 23767 I ServiceLiveData: Not exempting com.vivo.livewallpaper.box - not an active WallpaperService for u0
10-29 15:29:17.249 23614 23767 I ServiceLiveData: Not exempting com.vivo.livewallpaper.box - not an active WallpaperService for u0
10-29 15:29:17.249 23614 23767 I ServiceLiveData: Not exempting com.vivo.livewallpaper.ocean - not an active WallpaperService for u0
10-29 15:29:17.249 23614 23767 I ServiceLiveData: Not exempting com.vivo.livewallpaper.plant - not an active WallpaperService for u0
10-29 15:29:17.249 23614 23767 I ServiceLiveData: Detected WallpaperServices: []
10-29 15:29:17.259 27267 27267 I Finsky  : [2] AIM: AppInfoCacheUpdater -> invalidating apps: [com.a1taxi.driverpro]
10-29 15:29:17.259 27267 27267 I Finsky  : [2] AIM: AppInfoManager-Perf > getApps > called for 1 apps
10-29 15:29:17.267 27267 27350 I Finsky  : [87141] AIM: AppInfoManager-Perf > OnDeviceAppInfo > cacheHitCount=0, cacheMissCount=1. Missed  in cache (limit 10) : [com.a1taxi.driverpro]
10-29 15:29:17.294 27406 27410 I artd    : GetBestInfo: odex next to the dex file (/data/app/~~MY1T9l4rxGoNHw43rc7Y9Q==/com.vivo.imanager-c66ykYfX61YFS5tIKjOIbA==/oat/arm64/base.odex) is kOatUpToDate with filter 'verify' executable 'false'
10-29 15:29:17.298 30485 30485 I ager:releasable: Using CollectorTypeCC GC.
10-29 15:29:17.306 30485 30485 E ager:releasable: Not starting debugger since process cannot load the jdwp agent.
10-29 15:29:17.324 30485 30485 E ager:releasable: BBinder_init Processname  <pre-initialized>  
10-29 15:29:17.324 30485 30485 E ager:releasable: BBinder_init hasGetProcessName  <pre-initialized>
10-29 15:29:17.335 27267 27267 I Finsky  : [2] Clearing split related stale data.
10-29 15:29:17.340 27267 27267 I Finsky  : [2] DTU: Received onPackageAdded, replacing: false
10-29 15:29:17.344 27267 30211 I Finsky  : [87348] SCH: Received scheduling request: Id: 12-1, Constraints: [{ L: 15000, D: 86400000, C: CHARGING_NONE, I: IDLE_NONE, N: NET_ANY, B: BATTERY_ANY }]
10-29 15:29:17.353  1870  1976 I ActivityTaskManager: Displayed com.google.android.packageinstaller/com.android.packageinstaller.InstallSuccess for user 0: +263ms
10-29 15:29:17.386 27267 27336 I Finsky  : [87131] AIM: Got app ownership map. App counts: . Unique apps: 0
10-29 15:29:17.386 27267 27336 E Finsky  : [87131] [Counters] attempted to use a non-positive increment for: 4752
10-29 15:29:17.388 27267 27336 I Finsky  : [87131] AIM: AppInfoManager-Perf > OnDeviceAppInfo > cacheHitCount=0, cacheMissCount=1. Missed  in cache (limit 10) : [com.a1taxi.driverpro]
10-29 15:29:17.407 27406 27410 I artd    : GetBestInfo: odex next to the dex file (/data/app/~~Nv2hCSswo2kctVCoZ03Pqw==/com.a1taxi.driverpro-H4GTCHubEQ3Z_p0DnB8weg==/oat/arm64/base.odex) is kOatUpToDate with filter 'speed-profile' executable 'false'
10-29 15:29:17.494 27267 27336 E Finsky  : [87131] [Counters] attempted to use a non-positive increment for: 4753
10-29 15:29:17.572 27267 27267 I Finsky  : [2] Do not start WearSupportService due to Wear service optimization
10-29 15:29:17.620 27267 27267 I Finsky  : [2] VerifyApps: app installation complete for com.a1taxi.driverpro
10-29 15:29:17.625 27267 27342 I Finsky  : [87136] AIM: Got app ownership map. App counts: . Unique apps: 0
10-29 15:29:17.625 27267 27342 E Finsky  : [87136] [Counters] attempted to use a non-positive increment for: 4752
10-29 15:29:17.653 10830 30443 I Fitness : (REDACTED) OnPackageChangedOperation got intent: %s
10-29 15:29:17.723  9313 30454 I Auth    : (REDACTED) [SupervisedAccountIntentOperationV2] onHandleIntent: %s
10-29 15:29:17.734  9313 30452 I Dck     : (REDACTED) disableDckSupport: %s
10-29 15:29:17.735  9313 30452 W Dck     : [WirelessCapabilitiesFeatures] wccSysProp: 0 [CONTEXT service_id=289 ]
10-29 15:29:17.735  9313 30452 I Dck     : [WirelessCapabilitiesFeatures] wccMendel: 3 [CONTEXT service_id=289 ]
10-29 15:29:17.735  9313 30452 I Dck     : [WirelessCapabilitiesFeatures] deviceWccOverride: false [CONTEXT service_id=289 ]
10-29 15:29:17.735  9313 30452 I Dck     : [WirelessCapabilitiesFeatures] replaceSupportedWccWithWccOverride: true [CONTEXT service_id=289 ]
10-29 15:29:17.735  9313 30452 I Dck     : [WirelessCapabilitiesFeatures] wccOverride: not set [CONTEXT service_id=289 ]
10-29 15:29:17.738  9313 30452 I Dck     : (REDACTED) [WirelessCapabilitiesFeatures] wcc: %s
10-29 15:29:17.739  9313 30452 I Dck     : Dck module condition - hasWccSupport: false [CONTEXT service_id=289 ]
10-29 15:29:17.739  9313 30452 I Dck     : Dck module condition - downloadAllowed: false [CONTEXT service_id=289 ]
10-29 15:29:17.739  9313 30452 W Dck     : Dck module not eligible for asynchronous downloading [CONTEXT service_id=289 ]
10-29 15:29:17.754 27267 27349 E Finsky  : [87140] [Counters] attempted to use a non-positive increment for: 4753
10-29 15:29:17.791 27267 27311 I Finsky  : [87120] SCH: Received scheduling request: Id: 37-607, Constraints: [{ L: 0, D: 0, C: CHARGING_NONE, I: IDLE_NONE, N: NET_NONE, B: BATTERY_ANY }]
10-29 15:29:17.798  9313 30460 I NearbyDiscovery: (REDACTED) processGrantSlicePermission: %s
10-29 15:29:17.798 27267 27267 I Finsky  : [2] agdj - Received: android.intent.action.PACKAGE_CHANGED, [RJhPvoB96hwwFKmVHhI9-Qa5dVJcP2sdr6v_A5ng5M0]
10-29 15:29:17.821 27267 27267 I Finsky  : [2] AIM: AppInfoCacheUpdater -> invalidating apps: [com.a1taxi.driverpro]
10-29 15:29:17.821 27267 27267 I Finsky  : [2] AIM: AppInfoManager-Perf > getApps > called for 1 apps
10-29 15:29:17.826  9313 30529 D SQLiteQueryBuilder: SELECT external_game_id FROM game_instances JOIN games ON instance_game_id=games._id WHERE (package_name=?)
10-29 15:29:17.825 27267 27349 I Finsky  : [87140] VerifyApps: running post install verification task for package: com.a1taxi.driverpro, install ID: ced28ca9-41c1-49f6-a221-abc2e5bcc640
10-29 15:29:17.839 27267 27310 I Finsky  : [87119] RECEIVER_PACKAGE_MONITOR#logWorkEndAndFinishGoAsync: SUCCESS
10-29 15:29:17.849  9313 30529 D SQLiteQueryBuilder: SELECT external_game_id FROM game_instances JOIN games ON instance_game_id=games._id WHERE (package_name=?)
10-29 15:29:17.863 10830 30440 I Fitness : (REDACTED) FitCleanupIntentOperation received Intent %s
10-29 15:29:17.874  5720 14136 D SQLiteQueryBuilder: SELECT _data FROM files WHERE ((((is_pending=0 AND NOT _modifier=4) OR (is_pending=1 AND lower(_data) NOT REGEXP '.*/\.pending-(\d+)-([^/]+)$' AND owner_package_name IN ( 'com.vivo.appstore' )))) AND (is_trashed=0) AND (volume_name IN ( 'external_primary' ))) AND ((_data like ? ))
10-29 15:29:17.882 10830 30443 I ProximityAuth: [RecentAppsMediator] Package added: (user=UserHandle{0}) com.a1taxi.driverpro
10-29 15:29:17.884 10830 30442 W GCM     : Unexpected forwarded intent: Intent { act=android.intent.action.PACKAGE_ADDED dat=package: flg=0x4000010 pkg=com.google.android.gms cmp=com.google.android.gms/.chimera.PersistentIntentOperationService (has extras) }
10-29 15:29:17.888 27267 27350 I Finsky  : [87141] AIM: AppInfoManager-Perf > OnDeviceAppInfo > cacheHitCount=0, cacheMissCount=1. Missed  in cache (limit 10) : [com.a1taxi.driverpro]
10-29 15:29:17.893 10830 30442 W NetworkScheduler: Unexpected forwarded intent: Intent { act=android.intent.action.PACKAGE_ADDED dat=package: flg=0x4000010 pkg=com.google.android.gms cmp=com.google.android.gms/.chimera.PersistentIntentOperationService (has extras) }
10-29 15:29:17.919 27406 27410 I artd    : GetBestInfo: odex next to the dex file (/data/app/~~Nv2hCSswo2kctVCoZ03Pqw==/com.a1taxi.driverpro-H4GTCHubEQ3Z_p0DnB8weg==/oat/arm64/base.odex) is kOatUpToDate with filter 'speed-profile' executable 'false'
10-29 15:29:17.944 27267 27349 I Finsky  : [87140] VerifyApps: Putting package com.a1taxi.driverpro in ECM mode succeeded
10-29 15:29:17.962 27267 27349 I Finsky  : [87140] AIM: Got app ownership map. App counts: . Unique apps: 0
10-29 15:29:17.962 27267 27349 E Finsky  : [87140] [Counters] attempted to use a non-positive increment for: 4752
10-29 15:29:17.988  1870  1976 I ActivityTaskManager: Displayed com.vivo.appstore/.activity.AppInstallRecommendActivity for user 0: +486ms
10-29 15:29:18.007 27267 27327 I Finsky  : [87129] WM::SCH: Logging work initialize for 12-1
10-29 15:29:18.020 27267 27336 I Finsky  : [87131] AIM: AppInfoManager-Perf > OnDeviceAppInfo > cacheHitCount=1, cacheMissCount=0. Missed  in cache (limit 10) : []
10-29 15:29:18.022 27267 27336 I Finsky  : [87131] AIM: AppInfoManager-Perf > ItemModel > CacheSize=72, cacheHitCount=0, cacheMissCount=0, total appsWithNoServerDataCount=1. Missed  in cache (limit 10) : []
10-29 15:29:18.022 27267 27336 E Finsky  : [87131] [Counters] attempted to use a non-positive increment for: 4753
10-29 15:29:18.024 27267 27327 I Finsky  : [87129] WM::SCH: Logging work initialize for 37-607
10-29 15:29:18.096 30521 30521 W ratelimit: Single process limit 50/s drop 11 lines.
10-29 15:29:18.111 18285 18285 I GoogleInputMethodService: GoogleInputMethodService.onFinishInput():2086 
10-29 15:29:18.111 18285 18285 I Module  : DeviceLockedStatusModuleProvider$Module.updateDeviceLockedStatus():103 repeatCheckTimes = 0, locked = false
10-29 15:29:18.112 18285 18285 I GoogleInputMethodService: GoogleInputMethodService.onStartInput():1347 onStartInput(EditorInfo{EditorInfo{packageName=com.vivo.appstore, inputType=0, inputTypeString=NULL, enableLearning=false, autoCorrection=false, autoComplete=false, imeOptions=0, privateImeOptions=null, actionName=UNSPECIFIED, actionLabel=null, initialSelStart=-1, initialSelEnd=-1, initialCapsMode=0, label=null, fieldId=0, fieldName=null, extras=null, hintText=null, hintLocales=[]}}, false)
10-29 15:29:18.113 18285 18285 I Module  : DeviceLockedStatusModuleProvider$Module.updateDeviceLockedStatus():103 repeatCheckTimes = 1, locked = false
10-29 15:29:18.168 10830 30444 I Fitness : (REDACTED) OnPackageChangedOperation got intent: %s
10-29 15:29:18.169  9313 30873 I Icing   : IndexChimeraService.getServiceInterface callingPackage=com.google.android.gms componentName=AppsCorpus serviceId=36
10-29 15:29:18.178 10830 30546 I Fitness : (REDACTED) FitCleanupIntentOperation received Intent %s
10-29 15:29:18.195 27267 27350 I Finsky  : [87141] AIM: Got app ownership map. App counts: . Unique apps: 0
10-29 15:29:18.249 23614 23614 W ratelimit: Single process limit 50/s drop 134 lines.
10-29 15:29:18.249 23614 23614 I AutoRevokedPackagesLiveData: postValue: {}
10-29 15:29:18.250 23614 23614 I UnusedPackagesLiveData: onUpdate() -> {}
10-29 15:29:18.336  9313 30873 I Icing   : IndexChimeraService.getServiceInterface callingPackage=com.google.android.gms componentName=null serviceId=30
10-29 15:29:18.358  9313 30262 I Icing   : Usage reports ok 4, Failed Usage reports 0, indexed 0, rejected 0
10-29 15:29:18.377  9313 30262 I Icing   : Usage reports ok 0, Failed Usage reports 0, indexed 0, rejected 0
10-29 15:29:18.379  9313 30262 I Icing   : Indexing com.google.android.gms-apps from com.google.android.gms
10-29 15:29:18.388 27267 27350 E Finsky  : [87141] [Counters] attempted to use a non-positive increment for: 4752
10-29 15:29:18.389 27267 27350 I Finsky  : [87141] SCH: Scheduling phonesky job Id: 12-1, CT: 1761731957345, Constraints: [{ L: 15000, D: 86400000, C: CHARGING_NONE, I: IDLE_NONE, N: NET_ANY, B: BATTERY_ANY }]
10-29 15:29:18.392 27267 27350 E Finsky  : [87141] [Counters] attempted to use a non-positive increment for: 4753
10-29 15:29:18.413 23614 23640 I HibernatedPackagesLiveData: postValue: []
10-29 15:29:18.413 23614 23614 I UnusedPackagesLiveData: onUpdate() -> {}
10-29 15:29:18.418  9313 30262 I Icing   : Indexing done com.google.android.gms-apps
10-29 15:29:18.694 27267 27279 I android.vending: Background young concurrent copying GC freed 6682KB AllocSpace bytes, 9(372KB) LOS objects, 27% free, 15MB/20MB, paused 9.545ms,221us total 454.129ms
10-29 15:29:18.689  9313 22656 I Icing   : Indexing com.google.android.gms-apps from com.google.android.gms
10-29 15:29:18.720 27267 27336 I Finsky  : [87131] AIM: AppInfoManager-Perf > ItemModel > CacheSize=72, cacheHitCount=0, cacheMissCount=0, total appsWithNoServerDataCount=1. Missed  in cache (limit 10) : []
10-29 15:29:18.720 27267 27336 I Finsky  : [87131] SCH: Scheduling 1 system job(s)
10-29 15:29:18.720 27267 27336 I Finsky  : [87131] SCH: Scheduling system job Id: 9493, L: 13625, D: 46412014, C: false, I: false, N: 1
10-29 15:29:18.722  9313 22656 I Icing   : Indexing done com.google.android.gms-apps
10-29 15:29:18.738 27267 27336 I Finsky  : [87131] AIM: AppInfoManager-Perf > getApps > data collection finished
10-29 15:29:18.739 27267 27336 I Finsky  : [87131] AIM: AppInfoManager-Perf > maybeDestroyAppInfoManager is called. actives = 1
10-29 15:29:18.748 27267 27327 I Finsky  : [87129] [ContentSync] finished, scheduled=true
10-29 15:29:18.751 27267 27336 I Finsky  : [87131] AIM: AppInfoManager-Perf > ItemModel > CacheSize=72, cacheHitCount=0, cacheMissCount=0, total appsWithNoServerDataCount=1. Missed  in cache (limit 10) : []
10-29 15:29:18.753 27267 27336 I Finsky  : [87131] SCH: Scheduling phonesky job Id: 37-607, CT: 1761731957792, Constraints: [{ L: 0, D: 0, C: CHARGING_NONE, I: IDLE_NONE, N: NET_NONE, B: BATTERY_ANY }, { L: 0, D: 0, C: CHARGING_NONE, I: IDLE_NONE, N: NET_NONE, B: BATTERY_ANY }]
10-29 15:29:18.762  9313 30262 I Icing   : Indexing com.google.android.gms-apps from com.google.android.gms
10-29 15:29:18.770 27267 27349 I Finsky  : [87140] SCH: Scheduling 1 system job(s)
10-29 15:29:18.770 27267 27349 I Finsky  : [87140] SCH: Scheduling expedited system job 9492
10-29 15:29:18.772 27267 27350 I Finsky  : [87141] AIM: AppInfoManager-Perf > ItemModel > CacheSize=72, cacheHitCount=0, cacheMissCount=0, total appsWithNoServerDataCount=1. Missed  in cache (limit 10) : []
10-29 15:29:18.772 27267 27350 I Finsky  : [87141] AIM: AppInfoManager-Perf > getApps > data collection finished
10-29 15:29:18.773 27267 27350 I Finsky  : [87141] AIM: AppInfoManager-Perf > maybeDestroyAppInfoManager is called. actives = 0
10-29 15:29:18.774  9313 26342 I Icing   : Indexing done com.google.android.gms-apps
10-29 15:29:18.775 27267 27267 I Finsky  : [2] SCH: job service start with id 9492.
10-29 15:29:18.786 27267 30211 I Finsky  : [87348] SCH: Satisfied jobs for 9492 are: 37-607
10-29 15:29:18.787 27267 30269 I Finsky  : [87358] SCH: Job 37-607 starting
10-29 15:29:18.787 27267 27267 I Finsky  : [2] WM::SCH: Logging work start for 37-607
10-29 15:29:18.806 27267 27267 I Finsky  : [2] Received an install/uninstall event for package com.a1taxi.driverpro
10-29 15:29:18.807 27267 27267 I Finsky  : [2] SCH: jobFinished: 37-607. TimeElapsed: 20ms.
10-29 15:29:18.807 27267 27267 I Finsky  : [2] WM::SCH: Logging work end for 37-607
10-29 15:29:18.822 27267 27350 I Finsky  : [87141] Not an active Cubes user. Ignoring package install/uninstall event.
10-29 15:29:18.822 27267 27350 I Finsky  : [87141] SCH: Scheduling phonesky job Id: 26-1414141414, CT: 1761725096034, Constraints: [{ L: 43199999, D: 44099999, C: CHARGING_NONE, I: IDLE_NONE, N: NET_NONE, B: BATTERY_ANY }]
10-29 15:29:18.833 27267 27350 I Finsky  : [87141] SCH: Scheduling 1 system job(s)
10-29 15:29:18.837 27267 27350 W JobInfo : Job 'com.android.vending/com.google.android.finsky.scheduler.process.mainimpl.PhoneskyJobServiceMain#9501' has a deadline with no functional constraints. The deadline won't improve job execution latency. Consider removing the deadline.
10-29 15:29:18.838 27267 27350 I Finsky  : [87141] SCH: Scheduling system job Id: 9501, L: 36337200, D: 37237200, C: false, I: false, N: 0
10-29 15:29:18.854 27267 30269 I Finsky  : [87358] SCH: job service finished with id 9492.
10-29 15:29:19.087 30485 30578 W ratelimit: Single process limit 50/s drop 42 lines.
10-29 15:29:19.087 30485 30578 I ager:releasable: Starting a blocking GC Alloc
10-29 15:29:19.087 30485 30578 I ager:releasable: Waiting for a blocking GC Alloc
10-29 15:29:19.087 30485 30574 I ager:releasable: Starting a blocking GC Alloc
10-29 15:29:19.087 30485 30574 I ager:releasable: Waiting for a blocking GC Alloc
10-29 15:29:19.252 30485 30502 I ager:releasable: Background concurrent copying GC freed 11MB AllocSpace bytes, 3167(233MB) LOS objects, 49% free, 10MB/20MB, paused 164us,46us total 165.717ms
10-29 15:29:19.252 30485 30578 I ager:releasable: WaitForGcToComplete blocked Alloc on Background for 164.970ms
10-29 15:29:19.252 30485 30574 I ager:releasable: WaitForGcToComplete blocked Alloc on Background for 165.003ms
10-29 15:29:19.681 30485 30502 I ager:releasable: Background concurrent copying GC freed 8211KB AllocSpace bytes, 465(64MB) LOS objects, 30% free, 55MB/79MB, paused 395us,134us total 124.640ms
10-29 15:29:19.695 30485 30578 I avast-partner-antiviru*: Global state initialised
10-29 15:29:19.699 30485 30578 W avast-partner-updates: register: one-time registration: RESULT_OK
10-29 15:29:19.844 30485 30607 E AconfigFlags: Failed to read Aconfig values from /vendor/etc/aconfig_flags.pb
10-29 15:29:19.844 30485 30607 E AconfigFlags: java.io.FileNotFoundException: /vendor/etc/aconfig_flags.pb: open failed: ENOENT (No such file or directory)
10-29 15:29:19.844 30485 30607 E AconfigFlags: 	at libcore.io.IoBridge.open(IoBridge.java:574)
10-29 15:29:19.844 30485 30607 E AconfigFlags: 	at java.io.FileInputStream.<init>(FileInputStream.java:179)
10-29 15:29:19.844 30485 30607 E AconfigFlags: 	at java.io.FileInputStream.<init>(FileInputStream.java:133)
10-29 15:29:19.844 30485 30607 E AconfigFlags: 	at com.android.internal.pm.pkg.component.AconfigFlags.<init>(AconfigFlags.java:71)
10-29 15:29:19.844 30485 30607 E AconfigFlags: 	at com.android.internal.pm.pkg.parsing.ParsingPackageUtils.<clinit>(ParsingPackageUtils.java:299)
10-29 15:29:19.844 30485 30607 E AconfigFlags: 	at com.android.internal.pm.parsing.PackageParser2.<init>(PackageParser2.java:99)
10-29 15:29:19.844 30485 30607 E AconfigFlags: 	at android.content.pm.PackageManager.getPackageArchiveInfo(PackageManager.java:8937)
10-29 15:29:19.844 30485 30607 E AconfigFlags: 	at android.content.pm.PackageManager.getPackageArchiveInfo(PackageManager.java:8911)
10-29 15:29:19.844 30485 30607 E AconfigFlags: 	at com.avast.android.sdk.antivirus.partner.o.g.a(SourceFile:114)
10-29 15:29:19.844 30485 30607 E AconfigFlags: 	at com.avast.android.sdk.antivirus.partner.o.k.a(SourceFile:35)
10-29 15:29:19.844 30485 30607 E AconfigFlags: 	at com.avast.android.sdk.antivirus.partner.o.i0.a(SourceFile:69)
10-29 15:29:19.844 30485 30607 E AconfigFlags: 	at com.avast.android.sdk.antivirus.partner.o.o.a(SourceFile:4)
10-29 15:29:19.844 30485 30607 E AconfigFlags: 	at com.avast.android.sdk.antivirus.partner.o.z.a(SourceFile:35)
10-29 15:29:19.844 30485 30607 E AconfigFlags: 	at com.avast.android.sdk.antivirus.partner.AvSdk.scan(SourceFile:22)
10-29 15:29:19.844 30485 30607 E AconfigFlags: 	at e4.a.call(AvtEngine.java:34)
10-29 15:29:19.844 30485 30607 E AconfigFlags: 	at java.util.concurrent.FutureTask.run(FutureTask.java:317)
10-29 15:29:19.844 30485 30607 E AconfigFlags: 	at java.util.concurrent.ThreadPoolExecutor.runWorker(ThreadPoolExecutor.java:1156)
10-29 15:29:19.844 30485 30607 E AconfigFlags: 	at java.util.concurrent.ThreadPoolExecutor$Worker.run(ThreadPoolExecutor.java:651)
10-29 15:29:19.844 30485 30607 E AconfigFlags: 	at java.lang.Thread.run(Thread.java:1119)
10-29 15:29:19.844 30485 30607 E AconfigFlags: Caused by: android.system.ErrnoException: open failed: ENOENT (No such file or directory)
10-29 15:29:19.844 30485 30607 E AconfigFlags: 	at libcore.io.Linux.open(Native Method)
10-29 15:29:19.844 30485 30607 E AconfigFlags: 	at libcore.io.ForwardingOs.open(ForwardingOs.java:568)
10-29 15:29:19.844 30485 30607 E AconfigFlags: 	at libcore.io.BlockGuardOs.open(BlockGuardOs.java:274)
10-29 15:29:19.844 30485 30607 E AconfigFlags: 	at libcore.io.ForwardingOs.open(ForwardingOs.java:568)
10-29 15:29:19.844 30485 30607 E AconfigFlags: 	at android.app.ActivityThread$AndroidOs.open(ActivityThread.java:9782)
10-29 15:29:19.844 30485 30607 E AconfigFlags: 	at libcore.io.IoBridge.open(IoBridge.java:560)
10-29 15:29:19.844 30485 30607 E AconfigFlags: 	... 18 more
10-29 15:29:20.044 30485 30502 I ager:releasable: Background concurrent copying GC freed 4006KB AllocSpace bytes, 651(120MB) LOS objects, 23% free, 77MB/101MB, paused 1.127ms,242us total 191.656ms
10-29 15:29:20.366 30485 30502 I ager:releasable: Background concurrent copying GC freed 413KB AllocSpace bytes, 457(118MB) LOS objects, 34% free, 46MB/70MB, paused 347us,229us total 192.521ms
10-29 15:29:21.495 27406 27410 I artd    : GetBestInfo: odex next to the dex file (/data/app/~~Nv2hCSswo2kctVCoZ03Pqw==/com.a1taxi.driverpro-H4GTCHubEQ3Z_p0DnB8weg==/oat/arm64/base.odex) is kOatUpToDate with filter 'speed-profile' executable 'false'
10-29 15:29:22.168 18285 18285 I GoogleInputMethodService: GoogleInputMethodService.onFinishInput():2086 
10-29 15:29:22.168 18285 18285 I Module  : DeviceLockedStatusModuleProvider$Module.updateDeviceLockedStatus():103 repeatCheckTimes = 0, locked = false
10-29 15:29:22.169 18285 18285 I GoogleInputMethodService: GoogleInputMethodService.onStartInput():1347 onStartInput(EditorInfo{EditorInfo{packageName=com.a1taxi.driverpro, inputType=0, inputTypeString=NULL, enableLearning=false, autoCorrection=false, autoComplete=false, imeOptions=0, privateImeOptions=null, actionName=UNSPECIFIED, actionLabel=null, initialSelStart=-1, initialSelEnd=-1, initialCapsMode=0, label=null, fieldId=0, fieldName=null, extras=null, hintText=null, hintLocales=[]}}, false)
10-29 15:29:22.170 18285 18285 I Module  : DeviceLockedStatusModuleProvider$Module.updateDeviceLockedStatus():103 repeatCheckTimes = 1, locked = false
10-29 15:29:22.183  1870  1976 I ActivityTaskManager: Displayed com.a1taxi.driverpro/.MainActivity for user 0: +657ms
10-29 15:29:22.271 10830 15980 I FontLog : (REDACTED) Received query %s, URI %s
10-29 15:29:22.271 10830 15980 I FontLog : (REDACTED) Query [%s] resolved to %s
10-29 15:29:22.283 10830 15980 I FontLog : (REDACTED) Fetch %s end status %s
10-29 15:29:22.290 10830 10877 I FontLog : (REDACTED) Pulling font file for id = %d, cache size = %d
10-29 15:29:22.302 10830 10877 I FontLog : (REDACTED) Pulling font file for id = %d, cache size = %d
10-29 15:29:22.624 23614 23753 I PermissionControllerServiceImpl: Updating user sensitive for uid 10581
10-29 15:29:22.636 23614 23635 I ServiceLiveData: Not exempting com.openai.chatgpt - not an active VoiceInteractionService for u0
10-29 15:29:22.636 23614 23635 I ServiceLiveData: Detected VoiceInteractionServices: [com.google.android.googlequicksearchbox]
10-29 15:29:22.637 23614 23767 I ServiceLiveData: Detected PrintServices: [com.android.bips]
10-29 15:29:22.638 23614 23637 I ServiceLiveData: Not exempting com.google.android.accessibility.switchaccess - not an active AccessibilityService for u0
10-29 15:29:22.638 23614 23637 I ServiceLiveData: Not exempting com.google.android.marvin.talkback - not an active AccessibilityService for u0
