10-29 14:45:15.424 16568 16568 V SoLoader: libruntimeexecutor.so not found on /data/app/~~OauX-ikmsjEHwQiPHd4xew==/com.a1taxi.driverpro-yOTM-ubtCbmput9a5K_nQA==/lib/arm64
10-29 14:45:15.426 16568 16568 D nativeloader: Load /data/app/~~OauX-ikmsjEHwQiPHd4xew==/com.a1taxi.driverpro-yOTM-ubtCbmput9a5K_nQA==/base.apk!/lib/arm64-v8a/libruntimeexecutor.so using class loader ns clns-7 (caller=/data/app/~~OauX-ikmsjEHwQiPHd4xew==/com.a1taxi.driverpro-yOTM-ubtCbmput9a5K_nQA==/base.apk): ok
10-29 14:45:15.426 16568 16568 D SoLoader: libruntimeexecutor.so found on /data/app/~~OauX-ikmsjEHwQiPHd4xew==/com.a1taxi.driverpro-yOTM-ubtCbmput9a5K_nQA==/base.apk!/lib/arm64-v8a
10-29 14:45:15.427 16568 16568 D nativeloader: Load /data/app/~~OauX-ikmsjEHwQiPHd4xew==/com.a1taxi.driverpro-yOTM-ubtCbmput9a5K_nQA==/base.apk!/lib/arm64-v8a/libjsinspector.so using class loader ns clns-7 (caller=/data/app/~~OauX-ikmsjEHwQiPHd4xew==/com.a1taxi.driverpro-yOTM-ubtCbmput9a5K_nQA==/base.apk): ok
10-29 14:45:15.427 16568 16568 D SoLoader: libjsinspector.so found on /data/app/~~OauX-ikmsjEHwQiPHd4xew==/com.a1taxi.driverpro-yOTM-ubtCbmput9a5K_nQA==/base.apk!/lib/arm64-v8a
10-29 14:45:15.428 16568 16568 D nativeloader: Load /data/app/~~OauX-ikmsjEHwQiPHd4xew==/com.a1taxi.driverpro-yOTM-ubtCbmput9a5K_nQA==/base.apk!/lib/arm64-v8a/libreact_utils.so using class loader ns clns-7 (caller=/data/app/~~OauX-ikmsjEHwQiPHd4xew==/com.a1taxi.driverpro-yOTM-ubtCbmput9a5K_nQA==/base.apk): ok
10-29 14:45:15.429 16568 16568 D SoLoader: libreact_utils.so found on /data/app/~~OauX-ikmsjEHwQiPHd4xew==/com.a1taxi.driverpro-yOTM-ubtCbmput9a5K_nQA==/base.apk!/lib/arm64-v8a
10-29 14:45:15.430 16568 16568 D nativeloader: Load /data/app/~~OauX-ikmsjEHwQiPHd4xew==/com.a1taxi.driverpro-yOTM-ubtCbmput9a5K_nQA==/base.apk!/lib/arm64-v8a/libreact_render_graphics.so using class loader ns clns-7 (caller=/data/app/~~OauX-ikmsjEHwQiPHd4xew==/com.a1taxi.driverpro-yOTM-ubtCbmput9a5K_nQA==/base.apk): ok
10-29 14:45:15.430 16568 16568 D SoLoader: libreact_render_graphics.so found on /data/app/~~OauX-ikmsjEHwQiPHd4xew==/com.a1taxi.driverpro-yOTM-ubtCbmput9a5K_nQA==/base.apk!/lib/arm64-v8a
10-29 14:45:15.430 16568 16568 V SoLoader: libreact_render_mapbuffer.so not found on /data/app/~~OauX-ikmsjEHwQiPHd4xew==/com.a1taxi.driverpro-yOTM-ubtCbmput9a5K_nQA==/lib/arm64
10-29 14:45:15.432 16568 16568 D nativeloader: Load /data/app/~~OauX-ikmsjEHwQiPHd4xew==/com.a1taxi.driverpro-yOTM-ubtCbmput9a5K_nQA==/base.apk!/lib/arm64-v8a/libreact_render_mapbuffer.so using class loader ns clns-7 (caller=/data/app/~~OauX-ikmsjEHwQiPHd4xew==/com.a1taxi.driverpro-yOTM-ubtCbmput9a5K_nQA==/base.apk): ok
10-29 14:45:15.432 16568 16568 D SoLoader: libreact_render_mapbuffer.so found on /data/app/~~OauX-ikmsjEHwQiPHd4xew==/com.a1taxi.driverpro-yOTM-ubtCbmput9a5K_nQA==/base.apk!/lib/arm64-v8a
10-29 14:45:15.433 16568 16568 D nativeloader: Load /data/app/~~OauX-ikmsjEHwQiPHd4xew==/com.a1taxi.driverpro-yOTM-ubtCbmput9a5K_nQA==/base.apk!/lib/arm64-v8a/libreact_render_core.so using class loader ns clns-7 (caller=/data/app/~~OauX-ikmsjEHwQiPHd4xew==/com.a1taxi.driverpro-yOTM-ubtCbmput9a5K_nQA==/base.apk): ok
10-29 14:45:15.433 16568 16568 D SoLoader: libreact_render_core.so found on /data/app/~~OauX-ikmsjEHwQiPHd4xew==/com.a1taxi.driverpro-yOTM-ubtCbmput9a5K_nQA==/base.apk!/lib/arm64-v8a
10-29 14:45:15.435 16568 16568 D nativeloader: Load /data/app/~~OauX-ikmsjEHwQiPHd4xew==/com.a1taxi.driverpro-yOTM-ubtCbmput9a5K_nQA==/base.apk!/lib/arm64-v8a/libreactnativejni.so using class loader ns clns-7 (caller=/data/app/~~OauX-ikmsjEHwQiPHd4xew==/com.a1taxi.driverpro-yOTM-ubtCbmput9a5K_nQA==/base.apk): ok
10-29 14:45:15.435 16568 16568 D SoLoader: libreactnativejni.so found on /data/app/~~OauX-ikmsjEHwQiPHd4xew==/com.a1taxi.driverpro-yOTM-ubtCbmput9a5K_nQA==/base.apk!/lib/arm64-v8a
10-29 14:45:15.437 16568 16568 D nativeloader: Load /data/app/~~OauX-ikmsjEHwQiPHd4xew==/com.a1taxi.driverpro-yOTM-ubtCbmput9a5K_nQA==/base.apk!/lib/arm64-v8a/libhermes_executor.so using class loader ns clns-7 (caller=/data/app/~~OauX-ikmsjEHwQiPHd4xew==/com.a1taxi.driverpro-yOTM-ubtCbmput9a5K_nQA==/base.apk): ok
10-29 14:45:15.437 16568 16568 D SoLoader: libhermes_executor.so found on /data/app/~~OauX-ikmsjEHwQiPHd4xew==/com.a1taxi.driverpro-yOTM-ubtCbmput9a5K_nQA==/base.apk!/lib/arm64-v8a
10-29 14:45:15.445 16568 16673 D nativeloader: Load /data/app/~~OauX-ikmsjEHwQiPHd4xew==/com.a1taxi.driverpro-yOTM-ubtCbmput9a5K_nQA==/base.apk!/lib/arm64-v8a/libexpo-av.so using class loader ns clns-7 (caller=/data/app/~~OauX-ikmsjEHwQiPHd4xew==/com.a1taxi.driverpro-yOTM-ubtCbmput9a5K_nQA==/base.apk): ok
10-29 14:45:15.448 16568 16568 D nativeloader: Load libpowerhalwrap_jni.so using system ns (caller=/system_ext/framework/mediatek-framework.jar): ok
10-29 14:45:15.448 16568 16568 I PowerHalWrapper: PowerHalWrapper.getInstance 
10-29 14:45:15.448 16568 16568 I M-ProMotion: M-ProMotion is disabled
10-29 14:45:15.448 16568 16675 I PowerHalWrapper: PowerHalWrapper.getInstance 
10-29 14:45:15.452 16568 16568 W libc    : Access denied finding property "persist.vivo.ltw.enabled"
10-29 14:45:15.457 16568 16568 W HWUI    : Unknown dataspace 0
10-29 14:45:15.474 16568 16568 D ViewRootImpl: AppSizeAfterRelayout, size: Point(1080, 2392), rotation: ROTATION_0
10-29 14:45:15.474 16568 16568 D BufferQueueConsumer: [](id:40b800000000,api:0,p:-1,c:16568) connect: controlledByApp=false
10-29 14:45:15.475 16568 16568 D BLASTBufferQueue: [VRI[MainActivity]#0](f:0,a:0) constructor()
10-29 14:45:15.475 16568 16568 D BLASTBufferQueue: [VRI[MainActivity]#0](f:0,a:0) update width=1080 height=2392 format=-1 mTransformHint=0
10-29 14:45:15.485 16568 16663 D MAGT_SYNC_FRAME: MAGT Sync: MAGT is not supported. Disabling Sync.
10-29 14:45:15.487 16568 16673 I ExpoModulesCore:  AppContext was initialized
10-29 14:45:15.531 16568 16687 W unknown:ViewManagerPropertyUpdater: Could not find generated setter for class com.facebook.react.views.drawer.ReactDrawerLayoutManager
10-29 14:45:15.534 16568 16687 W unknown:ViewManagerPropertyUpdater: Could not find generated setter for class com.facebook.react.uimanager.LayoutShadowNode
10-29 14:45:15.534 16568 16687 W unknown:ViewManagerPropertyUpdater: Could not find generated setter for class com.facebook.react.views.scroll.ReactHorizontalScrollViewManager
10-29 14:45:15.534 16568 16663 I GrallocExtra: gralloc_extra_query:is_SW3D 0
10-29 14:45:15.535 16568 16663 D BLASTBufferQueue: [VRI[MainActivity]#0](f:0,a:1) acquireNextBufferLocked size=1080x2392 mFrameNumber=1 applyTransaction=true mTimestamp=1114876200952143(auto) mPendingTransactions.size=0 graphicBufferId=71159018160128 transform=0
10-29 14:45:15.536 16568 16687 W unknown:ViewManagerPropertyUpdater: Could not find generated setter for class com.facebook.react.views.scroll.ReactHorizontalScrollContainerViewManager
10-29 14:45:15.537 16568 16687 W unknown:ViewManagerPropertyUpdater: Could not find generated setter for class com.facebook.react.views.progressbar.ReactProgressBarViewManager
10-29 14:45:15.538 16568 16687 W unknown:ViewManagerPropertyUpdater: Could not find generated setter for class com.facebook.react.views.progressbar.ProgressBarShadowNode
10-29 14:45:15.539 16568 16687 W unknown:ViewManagerPropertyUpdater: Could not find generated setter for class com.facebook.react.views.scroll.ReactScrollViewManager
10-29 14:45:15.540 16568 16687 W unknown:ViewManagerPropertyUpdater: Could not find generated setter for class com.facebook.react.views.switchview.ReactSwitchManager
10-29 14:45:15.541 16568 16687 W unknown:ViewManagerPropertyUpdater: Could not find generated setter for class com.facebook.react.views.switchview.ReactSwitchManager$ReactSwitchShadowNode
10-29 14:45:15.542 16568 16687 W unknown:ViewManagerPropertyUpdater: Could not find generated setter for class com.facebook.react.views.swiperefresh.SwipeRefreshLayoutManager
10-29 14:45:15.543 16568 16687 W unknown:ViewManagerPropertyUpdater: Could not find generated setter for class com.facebook.react.views.text.frescosupport.FrescoBasedReactTextInlineImageViewManager
10-29 14:45:15.543 16568 16687 W unknown:ViewManagerPropertyUpdater: Could not find generated setter for class com.facebook.react.views.text.frescosupport.FrescoBasedReactTextInlineImageShadowNode
10-29 14:45:15.544 16568 16687 W unknown:ViewManagerPropertyUpdater: Could not find generated setter for class com.facebook.react.views.image.ReactImageManager
10-29 14:45:15.545 16568 16687 W unknown:ViewManagerPropertyUpdater: Could not find generated setter for class com.facebook.react.views.modal.ReactModalHostManager
10-29 14:45:15.545 16568 16687 W unknown:ViewManagerPropertyUpdater: Could not find generated setter for class com.facebook.react.views.modal.ModalHostShadowNode
10-29 14:45:15.546 16568 16687 W unknown:ViewManagerPropertyUpdater: Could not find generated setter for class com.facebook.react.views.text.ReactRawTextManager
10-29 14:45:15.546 16568 16687 W unknown:ViewManagerPropertyUpdater: Could not find generated setter for class com.facebook.react.views.text.ReactRawTextShadowNode
10-29 14:45:15.547 16568 16687 W unknown:ViewManagerPropertyUpdater: Could not find generated setter for class com.facebook.react.views.textinput.ReactTextInputManager
10-29 14:45:15.549 16568 16687 W unknown:ViewManagerPropertyUpdater: Could not find generated setter for class com.facebook.react.views.textinput.ReactTextInputShadowNode
10-29 14:45:15.551 16568 16687 W unknown:ViewManagerPropertyUpdater: Could not find generated setter for class com.facebook.react.views.text.ReactTextViewManager
10-29 14:45:15.552 16568 16687 W unknown:ViewManagerPropertyUpdater: Could not find generated setter for class com.facebook.react.views.text.ReactTextShadowNode
10-29 14:45:15.552 16568 16687 W unknown:ViewManagerPropertyUpdater: Could not find generated setter for class com.facebook.react.views.view.ReactViewManager
10-29 14:45:15.553 16568 16687 W unknown:ViewManagerPropertyUpdater: Could not find generated setter for class com.facebook.react.views.text.ReactVirtualTextViewManager
10-29 14:45:15.553 16568 16687 W unknown:ViewManagerPropertyUpdater: Could not find generated setter for class com.facebook.react.views.text.ReactVirtualTextShadowNode
10-29 14:45:15.553 16568 16687 W unknown:ViewManagerPropertyUpdater: Could not find generated setter for class com.facebook.react.views.unimplementedview.ReactUnimplementedViewManager
10-29 14:45:15.554 16568 16687 W unknown:ViewManagerPropertyUpdater: Could not find generated setter for class expo.modules.kotlin.views.GroupViewManagerWrapper
10-29 14:45:15.554 16568 16687 W unknown:ViewManagerPropertyUpdater: Could not find generated setter for class com.swmansion.gesturehandler.react.RNGestureHandlerRootViewManager
10-29 14:45:15.555 16568 16687 W unknown:ViewManagerPropertyUpdater: Could not find generated setter for class com.swmansion.gesturehandler.react.RNGestureHandlerButtonViewManager
10-29 14:45:15.556 16568 16687 W unknown:ViewManagerPropertyUpdater: Could not find generated setter for class com.rnmaps.maps.MapManager
10-29 14:45:15.557 16568 16687 W unknown:ViewManagerPropertyUpdater: Could not find generated setter for class com.rnmaps.maps.MapMarkerManager
10-29 14:45:15.558 16568 16687 W unknown:ViewManagerPropertyUpdater: Could not find generated setter for class com.rnmaps.maps.MapCalloutManager
10-29 14:45:15.558 16568 16687 W unknown:ViewManagerPropertyUpdater: Could not find generated setter for class com.rnmaps.maps.MapPolylineManager
10-29 14:45:15.559 16568 16687 W unknown:ViewManagerPropertyUpdater: Could not find generated setter for class com.rnmaps.maps.MapGradientPolylineManager
10-29 14:45:15.560 16568 16687 W unknown:ViewManagerPropertyUpdater: Could not find generated setter for class com.rnmaps.maps.MapPolygonManager
10-29 14:45:15.561 16568 16568 V ImeFocusController: onWindowFocus: com.android.internal.policy.DecorView{88218ae V.E...... R....... 0,0-1080,2392}[MainActivity] softInputMode=STATE_UNSPECIFIED|ADJUST_RESIZE|IS_FORWARD_NAVIGATION
10-29 14:45:15.561  1870  1976 I ActivityTaskManager: Displayed com.a1taxi.driverpro/.MainActivity for user 0: +272ms
10-29 14:45:15.561 16568 16687 W unknown:ViewManagerPropertyUpdater: Could not find generated setter for class com.rnmaps.maps.MapCircleManager
10-29 14:45:15.562 16568 16687 W unknown:ViewManagerPropertyUpdater: Could not find generated setter for class com.rnmaps.maps.MapUrlTileManager
10-29 14:45:15.563 16568 16687 W unknown:ViewManagerPropertyUpdater: Could not find generated setter for class com.rnmaps.maps.MapWMSTileManager
10-29 14:45:15.563 16568 16687 W unknown:ViewManagerPropertyUpdater: Could not find generated setter for class com.rnmaps.maps.MapLocalTileManager
10-29 14:45:15.564 16568 16687 W unknown:ViewManagerPropertyUpdater: Could not find generated setter for class com.rnmaps.maps.MapOverlayManager
10-29 14:45:15.565 16568 16687 W unknown:ViewManagerPropertyUpdater: Could not find generated setter for class com.rnmaps.maps.MapHeatmapManager
10-29 14:45:15.565 16568 16687 W unknown:ViewManagerPropertyUpdater: Could not find generated setter for class com.th3rdwave.safeareacontext.SafeAreaProviderManager
10-29 14:45:15.566 16568 16687 W unknown:ViewManagerPropertyUpdater: Could not find generated setter for class com.th3rdwave.safeareacontext.SafeAreaViewManager
10-29 14:45:15.566 16568 16687 W unknown:ViewManagerPropertyUpdater: Could not find generated setter for class com.th3rdwave.safeareacontext.SafeAreaViewShadowNode
10-29 14:45:15.567 16568 16687 W unknown:ViewManagerPropertyUpdater: Could not find generated setter for class com.swmansion.rnscreens.ScreenContainerViewManager
10-29 14:45:15.567 16568 16687 W unknown:ViewManagerPropertyUpdater: Could not find generated setter for class com.swmansion.rnscreens.ScreenViewManager
10-29 14:45:15.568 16568 16687 W unknown:ViewManagerPropertyUpdater: Could not find generated setter for class com.swmansion.rnscreens.ModalScreenViewManager
10-29 14:45:15.569 16568 16687 W unknown:ViewManagerPropertyUpdater: Could not find generated setter for class com.swmansion.rnscreens.ScreenStackViewManager
10-29 14:45:15.569 16568 16687 W unknown:ViewManagerPropertyUpdater: Could not find generated setter for class com.swmansion.rnscreens.ScreenStackHeaderConfigViewManager
10-29 14:45:15.570 18285 18285 I GoogleInputMethodService: GoogleInputMethodService.onFinishInput():2086 
10-29 14:45:15.570 16568 16687 W unknown:ViewManagerPropertyUpdater: Could not find generated setter for class com.swmansion.rnscreens.ScreenStackHeaderSubviewManager
10-29 14:45:15.570 18285 18285 I Module  : DeviceLockedStatusModuleProvider$Module.updateDeviceLockedStatus():103 repeatCheckTimes = 0, locked = false
10-29 14:45:15.570 16568 16687 W unknown:ViewManagerPropertyUpdater: Could not find generated setter for class com.swmansion.rnscreens.SearchBarManager
10-29 14:45:15.571 16568 16687 W unknown:ViewManagerPropertyUpdater: Could not find generated setter for class com.horcrux.svg.RenderableViewManager$DefsViewManager
10-29 14:45:15.571 18285 18285 I GoogleInputMethodService: GoogleInputMethodService.onStartInput():1347 onStartInput(EditorInfo{EditorInfo{packageName=com.a1taxi.driverpro, inputType=0, inputTypeString=NULL, enableLearning=false, autoCorrection=false, autoComplete=false, imeOptions=0, privateImeOptions=null, actionName=UNSPECIFIED, actionLabel=null, initialSelStart=-1, initialSelEnd=-1, initialCapsMode=0, label=null, fieldId=0, fieldName=null, extras=null, hintText=null, hintLocales=[]}}, false)
10-29 14:45:15.572 16568 16687 W unknown:ViewManagerPropertyUpdater: Could not find generated setter for class com.horcrux.svg.VirtualViewManager$RenderableShadowNode
10-29 14:45:15.572 18285 18285 I Module  : DeviceLockedStatusModuleProvider$Module.updateDeviceLockedStatus():103 repeatCheckTimes = 1, locked = false
10-29 14:45:15.572 16568 16687 W unknown:ViewManagerPropertyUpdater: Could not find generated setter for class com.horcrux.svg.RenderableViewManager$MarkerManager
10-29 14:45:15.574 16568 16687 W unknown:ViewManagerPropertyUpdater: Could not find generated setter for class com.horcrux.svg.RenderableViewManager$ForeignObjectManager
10-29 14:45:15.575 16568 16687 W unknown:ViewManagerPropertyUpdater: Could not find generated setter for class com.horcrux.svg.RenderableViewManager$EllipseViewManager
10-29 14:45:15.576 16568 16687 W unknown:ViewManagerPropertyUpdater: Could not find generated setter for class com.horcrux.svg.RenderableViewManager$LineViewManager
10-29 14:45:15.576 16568 16687 W unknown:ViewManagerPropertyUpdater: Could not find generated setter for class com.horcrux.svg.RenderableViewManager$LinearGradientManager
10-29 14:45:15.578 16568 16687 W unknown:ViewManagerPropertyUpdater: Could not find generated setter for class com.horcrux.svg.RenderableViewManager$GroupViewManager
10-29 14:45:15.578 16568 16687 W unknown:ViewManagerPropertyUpdater: Could not find generated setter for class com.horcrux.svg.RenderableViewManager$TextViewManager
10-29 14:45:15.579 16568 16687 W unknown:ViewManagerPropertyUpdater: Could not find generated setter for class com.horcrux.svg.RenderableViewManager$ImageViewManager
10-29 14:45:15.580 16568 16687 W unknown:ViewManagerPropertyUpdater: Could not find generated setter for class com.horcrux.svg.RenderableViewManager$ClipPathViewManager
10-29 14:45:15.581 16568 16687 W unknown:ViewManagerPropertyUpdater: Could not find generated setter for class com.horcrux.svg.RenderableViewManager$RadialGradientManager
10-29 14:45:15.582 16568 16687 W unknown:ViewManagerPropertyUpdater: Could not find generated setter for class com.horcrux.svg.RenderableViewManager$MaskManager
10-29 14:45:15.583 16568 16687 W unknown:ViewManagerPropertyUpdater: Could not find generated setter for class com.horcrux.svg.RenderableViewManager$SymbolManager
10-29 14:45:15.584 16568 16687 W unknown:ViewManagerPropertyUpdater: Could not find generated setter for class com.horcrux.svg.RenderableViewManager$PatternManager
10-29 14:45:15.585 16568 16687 W unknown:ViewManagerPropertyUpdater: Could not find generated setter for class com.horcrux.svg.RenderableViewManager$RectViewManager
10-29 14:45:15.586 16568 16687 W unknown:ViewManagerPropertyUpdater: Could not find generated setter for class com.horcrux.svg.RenderableViewManager$TextPathViewManager
10-29 14:45:15.586 16568 16687 W unknown:ViewManagerPropertyUpdater: Could not find generated setter for class com.horcrux.svg.SvgViewManager
10-29 14:45:15.587 16568 16687 W unknown:ViewManagerPropertyUpdater: Could not find generated setter for class com.horcrux.svg.RenderableViewManager$PathViewManager
10-29 14:45:15.588 16568 16687 W unknown:ViewManagerPropertyUpdater: Could not find generated setter for class com.horcrux.svg.RenderableViewManager$UseViewManager
10-29 14:45:15.589 16568 16687 W unknown:ViewManagerPropertyUpdater: Could not find generated setter for class com.horcrux.svg.RenderableViewManager$CircleViewManager
10-29 14:45:15.589 16568 16687 W unknown:ViewManagerPropertyUpdater: Could not find generated setter for class com.horcrux.svg.RenderableViewManager$TSpanViewManager
10-29 14:45:15.623 16568 16686 V SoLoader: libexpo-modules-core.so not found on /data/app/~~OauX-ikmsjEHwQiPHd4xew==/com.a1taxi.driverpro-yOTM-ubtCbmput9a5K_nQA==/lib/arm64
10-29 14:45:15.625 16568 16686 V SoLoader: libreact_nativemodule_core.so not found on /data/app/~~OauX-ikmsjEHwQiPHd4xew==/com.a1taxi.driverpro-yOTM-ubtCbmput9a5K_nQA==/lib/arm64
10-29 14:45:15.629 16568 16686 D nativeloader: Load /data/app/~~OauX-ikmsjEHwQiPHd4xew==/com.a1taxi.driverpro-yOTM-ubtCbmput9a5K_nQA==/base.apk!/lib/arm64-v8a/libreact_nativemodule_core.so using class loader ns clns-7 (caller=/data/app/~~OauX-ikmsjEHwQiPHd4xew==/com.a1taxi.driverpro-yOTM-ubtCbmput9a5K_nQA==/base.apk): ok
10-29 14:45:15.629 16568 16686 D SoLoader: libreact_nativemodule_core.so found on /data/app/~~OauX-ikmsjEHwQiPHd4xew==/com.a1taxi.driverpro-yOTM-ubtCbmput9a5K_nQA==/base.apk!/lib/arm64-v8a
10-29 14:45:15.631 16568 16686 D nativeloader: Load /data/app/~~OauX-ikmsjEHwQiPHd4xew==/com.a1taxi.driverpro-yOTM-ubtCbmput9a5K_nQA==/base.apk!/lib/arm64-v8a/libexpo-modules-core.so using class loader ns clns-7 (caller=/data/app/~~OauX-ikmsjEHwQiPHd4xew==/com.a1taxi.driverpro-yOTM-ubtCbmput9a5K_nQA==/base.apk): ok
10-29 14:45:15.632 16568 16686 D SoLoader: libexpo-modules-core.so found on /data/app/~~OauX-ikmsjEHwQiPHd4xew==/com.a1taxi.driverpro-yOTM-ubtCbmput9a5K_nQA==/base.apk!/lib/arm64-v8a
10-29 14:45:15.633 16568 16686 V SoLoader: libturbomodulejsijni.so not found on /data/app/~~OauX-ikmsjEHwQiPHd4xew==/com.a1taxi.driverpro-yOTM-ubtCbmput9a5K_nQA==/lib/arm64
10-29 14:45:15.638 16568 16686 D nativeloader: Load /data/app/~~OauX-ikmsjEHwQiPHd4xew==/com.a1taxi.driverpro-yOTM-ubtCbmput9a5K_nQA==/base.apk!/lib/arm64-v8a/libturbomodulejsijni.so using class loader ns clns-7 (caller=/data/app/~~OauX-ikmsjEHwQiPHd4xew==/com.a1taxi.driverpro-yOTM-ubtCbmput9a5K_nQA==/base.apk): ok
10-29 14:45:15.638 16568 16686 D SoLoader: libturbomodulejsijni.so found on /data/app/~~OauX-ikmsjEHwQiPHd4xew==/com.a1taxi.driverpro-yOTM-ubtCbmput9a5K_nQA==/base.apk!/lib/arm64-v8a
10-29 14:45:15.642 16568 16686 I ExpoModulesCore:  JSI interop was installed
10-29 14:45:15.642 16568 16686 W ExpoModulesCore:  JSI interop was already installed
10-29 14:45:15.648 16568 16686 I ExpoModulesCore:  Constants were exported
10-29 14:45:15.672 16568 16686 D nativeloader: Load /data/app/~~OauX-ikmsjEHwQiPHd4xew==/com.a1taxi.driverpro-yOTM-ubtCbmput9a5K_nQA==/base.apk!/lib/arm64-v8a/librnscreens.so using class loader ns clns-7 (caller=/data/app/~~OauX-ikmsjEHwQiPHd4xew==/com.a1taxi.driverpro-yOTM-ubtCbmput9a5K_nQA==/base.apk!classes3.dex): ok
10-29 14:45:15.677 16568 16686 I ReactNativeJS: Running "main
10-29 14:45:15.682 16568 16686 V SoLoader: libreactnativeblob.so not found on /data/app/~~OauX-ikmsjEHwQiPHd4xew==/com.a1taxi.driverpro-yOTM-ubtCbmput9a5K_nQA==/lib/arm64
10-29 14:45:15.687 16568 16686 D nativeloader: Load /data/app/~~OauX-ikmsjEHwQiPHd4xew==/com.a1taxi.driverpro-yOTM-ubtCbmput9a5K_nQA==/base.apk!/lib/arm64-v8a/libreactnativeblob.so using class loader ns clns-7 (caller=/data/app/~~OauX-ikmsjEHwQiPHd4xew==/com.a1taxi.driverpro-yOTM-ubtCbmput9a5K_nQA==/base.apk): ok
10-29 14:45:15.687 16568 16686 D SoLoader: libreactnativeblob.so found on /data/app/~~OauX-ikmsjEHwQiPHd4xew==/com.a1taxi.driverpro-yOTM-ubtCbmput9a5K_nQA==/base.apk!/lib/arm64-v8a
10-29 14:45:15.690 16568 16686 I ReactNativeJS: 'Supabase Config:', { hasUrl: true,
10-29 14:45:15.690 16568 16686 I ReactNativeJS:   hasAnonKey: true,
10-29 14:45:15.690 16568 16686 I ReactNativeJS:   url: 'https://whubaypabojomdyfqxcf.supabase.co' }
10-29 14:45:15.808 16568 16686 I ReactNativeJS:  TripLocationTracker: Background task registered
10-29 14:45:15.809 16568 16686 E ReactNativeJS: TypeError: undefined is not a function, js engine: hermes
10-29 14:45:15.811 16568 16686 E ReactNativeJS: TypeError: undefined is not a function, js engine: hermes
10-29 14:45:15.811 16568 16686 E ReactNativeJS: TypeError: Cannot read property 'ErrorBoundary' of undefined
10-29 14:45:15.811 16568 16686 E ReactNativeJS: 
10-29 14:45:15.811 16568 16686 E ReactNativeJS: This error is located at:
10-29 14:45:15.811 16568 16686 E ReactNativeJS:     in ContextNavigator
10-29 14:45:15.811 16568 16686 E ReactNativeJS:     in ExpoRoot
10-29 14:45:15.811 16568 16686 E ReactNativeJS:     in App
10-29 14:45:15.811 16568 16686 E ReactNativeJS:     in RCTView
10-29 14:45:15.811 16568 16686 E ReactNativeJS:     in Unknown
10-29 14:45:15.811 16568 16686 E ReactNativeJS:     in AppContainer, js engine: hermes
10-29 14:45:15.812 16568 16686 E ReactNativeJS: TypeError: Cannot read property 'ErrorBoundary' of undefined
10-29 14:45:15.812 16568 16686 E ReactNativeJS: 
10-29 14:45:15.812 16568 16686 E ReactNativeJS: This error is located at:
10-29 14:45:15.812 16568 16686 E ReactNativeJS:     in ContextNavigator
10-29 14:45:15.812 16568 16686 E ReactNativeJS:     in ExpoRoot
10-29 14:45:15.812 16568 16686 E ReactNativeJS:     in App
10-29 14:45:15.812 16568 16686 E ReactNativeJS:     in RCTView
10-29 14:45:15.812 16568 16686 E ReactNativeJS:     in Unknown
10-29 14:45:15.812 16568 16686 E ReactNativeJS:     in AppContainer, js engine: hermes
10-29 14:45:15.813 16568 16687 E AndroidRuntime: FATAL EXCEPTION: mqt_native_modules
10-29 14:45:15.813 16568 16687 E AndroidRuntime: Process: com.a1taxi.driverpro, PID: 16568
10-29 14:45:15.813 16568 16687 E AndroidRuntime: com.facebook.react.common.JavascriptException: TypeError: undefined is not a function, js engine: hermes, stack:
10-29 14:45:15.813 16568 16687 E AndroidRuntime: anonymous@1:2548679
10-29 14:45:15.813 16568 16687 E AndroidRuntime: loadModuleImplementation@1:92788
10-29 14:45:15.813 16568 16687 E AndroidRuntime: guardedLoadModule@1:92318
10-29 14:45:15.813 16568 16687 E AndroidRuntime: metroRequire@1:91948
10-29 14:45:15.813 16568 16687 E AndroidRuntime: anonymous@1:2544987
10-29 14:45:15.813 16568 16687 E AndroidRuntime: loadModuleImplementation@1:92788
10-29 14:45:15.813 16568 16687 E AndroidRuntime: guardedLoadModule@1:92275
10-29 14:45:15.813 16568 16687 E AndroidRuntime: metroRequire@1:91948
10-29 14:45:15.813 16568 16687 E AndroidRuntime: get@1:704383
10-29 14:45:15.813 16568 16687 E AndroidRuntime: metroContext@1:704088
10-29 14:45:15.813 16568 16687 E AndroidRuntime: loadRoute@1:933407
10-29 14:45:15.813 16568 16687 E AndroidRuntime: getLayoutNode@1:935475
10-29 14:45:15.813 16568 16687 E AndroidRuntime: _loop@1:933305
10-29 14:45:15.813 16568 16687 E AndroidRuntime: getDirectoryTree@1:932443
10-29 14:45:15.813 16568 16687 E AndroidRuntime: getRoutes@1:932152
10-29 14:45:15.813 16568 16687 E AndroidRuntime: getRoutes@1:931380
10-29 14:45:15.813 16568 16687 E AndroidRuntime: initialize@1:906463
10-29 14:45:15.813 16568 16687 E AndroidRuntime: anonymous@1:905068
10-29 14:45:15.813 16568 16687 E AndroidRuntime: useMemo@1:427180
10-29 14:45:15.813 16568 16687 E AndroidRuntime: anonymous@1:216470
10-29 14:45:15.813 16568 16687 E AndroidRuntime: useInitializeExpoRouter@1:905008
10-29 14:45:15.813 16568 16687 E AndroidRuntime: ContextNavigator@1:948340
10-29 14:45:15.813 16568 16687 E AndroidRuntime: renderWithHooks@1:382872
10-29 14:45:15.813 16568 16687 E AndroidRuntime: beginWork@1:430869
10-29 14:45:15.813 16568 16687 E AndroidRuntime: performUnitOfWork@1:417168
10-29 14:45:15.813 16568 16687 E AndroidRuntime: workLoopSync@1:416298
10-29 14:45:15.813 16568 16687 E AndroidRuntime: renderRootSync@1:416129
10-29 14:45:15.813 16568 16687 E AndroidRuntime: flushSyncWorkAcrossRoots_impl@1:372563
10-29 14:45:15.813 16568 16687 E AndroidRuntime: scheduleUpdateOnFiber@1:413634
10-29 14:45:15.813 16568 16687 E AndroidRuntime: updateContainer@1:422756
10-29 14:45:15.813 16568 16687 E AndroidRuntime: anonymous@1:431861
10-29 14:45:15.813 16568 16687 E AndroidRuntime: renderElement@1:250306
10-29 14:45:15.813 16568 16687 E AndroidRuntime: renderApplication@1:211665
10-29 14:45:15.813 16568 16687 E AndroidRuntime: anonymous@1:203533
10-29 14:45:15.813 16568 16687 E AndroidRuntime: runApplication@1:203958
10-29 14:45:15.813 16568 16687 E AndroidRuntime: __callFunction@1:111349
10-29 14:45:15.813 16568 16687 E AndroidRuntime: anonymous@1:109791
10-29 14:45:15.813 16568 16687 E AndroidRuntime: __guard@1:110731
10-29 14:45:15.813 16568 16687 E AndroidRuntime: callFunctionReturnFlushedQueue@1:109749
10-29 14:45:15.813 16568 16687 E AndroidRuntime: 
10-29 14:45:15.813 16568 16687 E AndroidRuntime: 	at com.facebook.react.modules.core.ExceptionsManagerModule.reportException(ExceptionsManagerModule.java:65)
10-29 14:45:15.813 16568 16687 E AndroidRuntime: 	at java.lang.reflect.Method.invoke(Native Method)
10-29 14:45:15.813 16568 16687 E AndroidRuntime: 	at com.facebook.react.bridge.JavaMethodWrapper.invoke(JavaMethodWrapper.java:372)
10-29 14:45:15.813 16568 16687 E AndroidRuntime: 	at com.facebook.react.bridge.JavaModuleWrapper.invoke(JavaModuleWrapper.java:146)
10-29 14:45:15.813 16568 16687 E AndroidRuntime: 	at com.facebook.jni.NativeRunnable.run(Native Method)
10-29 14:45:15.813 16568 16687 E AndroidRuntime: 	at android.os.Handler.handleCallback(Handler.java:1014)
10-29 14:45:15.813 16568 16687 E AndroidRuntime: 	at android.os.Handler.dispatchMessage(Handler.java:102)
10-29 14:45:15.813 16568 16687 E AndroidRuntime: 	at com.facebook.react.bridge.queue.MessageQueueThreadHandler.dispatchMessage(MessageQueueThreadHandler.java:27)
10-29 14:45:15.813 16568 16687 E AndroidRuntime: 	at android.os.Looper.loopOnce(Looper.java:250)
10-29 14:45:15.813 16568 16687 E AndroidRuntime: 	at android.os.Looper.loop(Looper.java:340)
10-29 14:45:15.813 16568 16687 E AndroidRuntime: 	at com.facebook.react.bridge.queue.MessageQueueThreadImpl$4.run(MessageQueueThreadImpl.java:233)
10-29 14:45:15.813 16568 16687 E AndroidRuntime: 	at java.lang.Thread.run(Thread.java:1119)
10-29 14:45:15.843 16568 16568 D VRI[MainActivity]: visibilityChanged oldVisibility=true newVisibility=false
10-29 14:45:15.852 16568 16568 D ViewRootImpl: AppSizeAfterRelayout, size: Point(1, 1), rotation: ROTATION_0
10-29 14:45:15.852 16568 16568 D BLASTBufferQueue: [VRI[MainActivity]#0](f:0,a:1) destructor()
10-29 14:45:15.852 16568 16568 D BufferQueueConsumer: [VRI[MainActivity]#0(BLAST Consumer)0](id:40b800000000,api:0,p:-1,c:16568) disconnect
10-29 14:45:15.874 18285 18285 I GoogleInputMethodService: GoogleInputMethodService.onFinishInput():2086 
10-29 14:45:15.874 18285 18285 I Module  : DeviceLockedStatusModuleProvider$Module.updateDeviceLockedStatus():103 repeatCheckTimes = 0, locked = false
10-29 14:45:15.875 18285 18285 I GoogleInputMethodService: GoogleInputMethodService.onStartInput():1347 onStartInput(EditorInfo{EditorInfo{packageName=com.android.launcher3, inputType=0, inputTypeString=NULL, enableLearning=false, autoCorrection=false, autoComplete=false, imeOptions=0, privateImeOptions=null, actionName=UNSPECIFIED, actionLabel=null, initialSelStart=-1, initialSelEnd=-1, initialCapsMode=0, label=null, fieldId=0, fieldName=null, extras=null, hintText=null, hintLocales=[]}}, false)
10-29 14:45:15.875 18285 18285 I Module  : DeviceLockedStatusModuleProvider$Module.updateDeviceLockedStatus():103 repeatCheckTimes = 1, locked = false
10-29 14:45:17.064 15129 15129 I artd    : GetBestInfo: odex next to the dex file (/data/app/~~OauX-ikmsjEHwQiPHd4xew==/com.a1taxi.driverpro-yOTM-ubtCbmput9a5K_nQA==/oat/arm64/base.odex) is kOatUpToDate with filter 'speed-profile' executable 'false'
10-29 14:45:17.077 16641 16641 I 1taxi.driverpro: Using CollectorTypeCC GC.
10-29 14:45:17.082 16641 16641 E 1taxi.driverpro: Not starting debugger since process cannot load the jdwp agent.
10-29 14:45:17.084 16641 16641 D nativeloader: Load libframework-connectivity-tiramisu-jni.so using APEX ns com_android_tethering for caller /apex/com.android.tethering/javalib/framework-connectivity-t.jar: ok
10-29 14:45:17.096 16641 16641 E 1taxi.driverpro: BBinder_init Processname  <pre-initialized>  
10-29 14:45:17.096 16641 16641 E 1taxi.driverpro: BBinder_init hasGetProcessName  <pre-initialized>
10-29 14:45:17.106 16641 16641 D CompatChangeReporter: Compat change id reported: 242716250; UID 10578; state: ENABLED
10-29 14:45:17.113 16641 16641 D ApplicationLoaders: Returning zygote-cached class loader: /system/framework/org.apache.http.legacy.jar
10-29 14:45:17.117 16641 16641 D nativeloader: Configuring clns-7 for other apk /data/app/~~OauX-ikmsjEHwQiPHd4xew==/com.a1taxi.driverpro-yOTM-ubtCbmput9a5K_nQA==/base.apk. target_sdk_version=34, uses_libraries=, library_path=/data/app/~~OauX-ikmsjEHwQiPHd4xew==/com.a1taxi.driverpro-yOTM-ubtCbmput9a5K_nQA==/lib/arm64:/data/app/~~OauX-ikmsjEHwQiPHd4xew==/com.a1taxi.driverpro-yOTM-ubtCbmput9a5K_nQA==/base.apk!/lib/arm64-v8a, permitted_path=/data:/mnt/expand:/data/user/0/com.a1taxi.driverpro
10-29 14:45:17.127 16641 16641 V GraphicsEnvironment: Currently set values for:
10-29 14:45:17.127 16641 16641 V GraphicsEnvironment:   angle_gl_driver_selection_pkgs=[com.android.angle, com.linecorp.b612.android, com.campmobile.snow, com.google.android.apps.tachyon]
10-29 14:45:17.127 16641 16641 V GraphicsEnvironment:   angle_gl_driver_selection_values=[angle, native, native, native]
10-29 14:45:17.127 16641 16641 V GraphicsEnvironment: com.a1taxi.driverpro is not listed in per-application setting
10-29 14:45:17.127 16641 16641 V GraphicsEnvironment: App is not on the allowlist for updatable production driver.
10-29 14:45:17.143 16641 16641 W FirebaseApp: Default FirebaseApp failed to initialize because no default options were found. This usually means that com.google.gms:google-services was not applied to your gradle project.
10-29 14:45:17.143 16641 16641 I FirebaseInitProvider: FirebaseApp initialization unsuccessful
10-29 14:45:17.144 16641 16641 D WM-WrkMgrInitializer: Initializing WorkManager with default configuration.
10-29 14:45:17.154 16641 16641 V SoLoader: Init SoLoader delegate
10-29 14:45:17.174 16641 16641 D AppCompatDelegate: Checking for metadata for AppLocalesMetadataHolderService : Service not found
10-29 14:45:17.204 16641 16641 V SoLoader: libhermes.so not found on /data/app/~~OauX-ikmsjEHwQiPHd4xew==/com.a1taxi.driverpro-yOTM-ubtCbmput9a5K_nQA==/lib/arm64
10-29 14:45:17.206 16641 16641 V SoLoader: libjsi.so not found on /data/app/~~OauX-ikmsjEHwQiPHd4xew==/com.a1taxi.driverpro-yOTM-ubtCbmput9a5K_nQA==/lib/arm64
10-29 14:45:17.207 16641 16641 V SoLoader: libfolly_runtime.so not found on /data/app/~~OauX-ikmsjEHwQiPHd4xew==/com.a1taxi.driverpro-yOTM-ubtCbmput9a5K_nQA==/lib/arm64
10-29 14:45:17.208 16641 16641 V SoLoader: libglog.so not found on /data/app/~~OauX-ikmsjEHwQiPHd4xew==/com.a1taxi.driverpro-yOTM-ubtCbmput9a5K_nQA==/lib/arm64
10-29 14:45:17.209 16641 16641 V SoLoader: libm.so not found on /data/app/~~OauX-ikmsjEHwQiPHd4xew==/com.a1taxi.driverpro-yOTM-ubtCbmput9a5K_nQA==/lib/arm64
10-29 14:45:17.209 16641 16641 V SoLoader: libm.so not found on /data/app/~~OauX-ikmsjEHwQiPHd4xew==/com.a1taxi.driverpro-yOTM-ubtCbmput9a5K_nQA==/base.apk!/lib/arm64-v8a
10-29 14:45:17.209 16641 16641 D SoLoader: libm.so found on /system/lib64
10-29 14:45:17.209 16641 16641 D SoLoader: libm.so loaded implicitly
10-29 14:45:17.209 16641 16641 V SoLoader: libc++_shared.so not found on /data/app/~~OauX-ikmsjEHwQiPHd4xew==/com.a1taxi.driverpro-yOTM-ubtCbmput9a5K_nQA==/lib/arm64
10-29 14:45:17.209 16641 16641 V SoLoader: libc.so not found on /data/app/~~OauX-ikmsjEHwQiPHd4xew==/com.a1taxi.driverpro-yOTM-ubtCbmput9a5K_nQA==/lib/arm64
10-29 14:45:17.209 16641 16641 V SoLoader: libc.so not found on /data/app/~~OauX-ikmsjEHwQiPHd4xew==/com.a1taxi.driverpro-yOTM-ubtCbmput9a5K_nQA==/base.apk!/lib/arm64-v8a
10-29 14:45:17.209 16641 16641 D SoLoader: libc.so found on /system/lib64
10-29 14:45:17.209 16641 16641 D SoLoader: libc.so loaded implicitly
10-29 14:45:17.210 16641 16641 V SoLoader: libdl.so not found on /data/app/~~OauX-ikmsjEHwQiPHd4xew==/com.a1taxi.driverpro-yOTM-ubtCbmput9a5K_nQA==/lib/arm64
10-29 14:45:17.210 16641 16641 V SoLoader: libdl.so not found on /data/app/~~OauX-ikmsjEHwQiPHd4xew==/com.a1taxi.driverpro-yOTM-ubtCbmput9a5K_nQA==/base.apk!/lib/arm64-v8a
10-29 14:45:17.210 16641 16641 D SoLoader: libdl.so found on /system/lib64
10-29 14:45:17.210 16641 16641 D SoLoader: libdl.so loaded implicitly
10-29 14:45:17.211 16641 16641 D nativeloader: Load /data/app/~~OauX-ikmsjEHwQiPHd4xew==/com.a1taxi.driverpro-yOTM-ubtCbmput9a5K_nQA==/base.apk!/lib/arm64-v8a/libc++_shared.so using class loader ns clns-7 (caller=/data/app/~~OauX-ikmsjEHwQiPHd4xew==/com.a1taxi.driverpro-yOTM-ubtCbmput9a5K_nQA==/base.apk): ok
10-29 14:45:17.211 16641 16641 D SoLoader: libc++_shared.so found on /data/app/~~OauX-ikmsjEHwQiPHd4xew==/com.a1taxi.driverpro-yOTM-ubtCbmput9a5K_nQA==/base.apk!/lib/arm64-v8a
10-29 14:45:17.212 16641 16641 D nativeloader: Load /data/app/~~OauX-ikmsjEHwQiPHd4xew==/com.a1taxi.driverpro-yOTM-ubtCbmput9a5K_nQA==/base.apk!/lib/arm64-v8a/libglog.so using class loader ns clns-7 (caller=/data/app/~~OauX-ikmsjEHwQiPHd4xew==/com.a1taxi.driverpro-yOTM-ubtCbmput9a5K_nQA==/base.apk): ok
10-29 14:45:17.212 16641 16641 D SoLoader: libglog.so found on /data/app/~~OauX-ikmsjEHwQiPHd4xew==/com.a1taxi.driverpro-yOTM-ubtCbmput9a5K_nQA==/base.apk!/lib/arm64-v8a
10-29 14:45:17.213 16641 16641 D nativeloader: Load /data/app/~~OauX-ikmsjEHwQiPHd4xew==/com.a1taxi.driverpro-yOTM-ubtCbmput9a5K_nQA==/base.apk!/lib/arm64-v8a/libfolly_runtime.so using class loader ns clns-7 (caller=/data/app/~~OauX-ikmsjEHwQiPHd4xew==/com.a1taxi.driverpro-yOTM-ubtCbmput9a5K_nQA==/base.apk): ok
10-29 14:45:17.213 16641 16641 D SoLoader: libfolly_runtime.so found on /data/app/~~OauX-ikmsjEHwQiPHd4xew==/com.a1taxi.driverpro-yOTM-ubtCbmput9a5K_nQA==/base.apk!/lib/arm64-v8a
10-29 14:45:17.214 16641 16641 D nativeloader: Load /data/app/~~OauX-ikmsjEHwQiPHd4xew==/com.a1taxi.driverpro-yOTM-ubtCbmput9a5K_nQA==/base.apk!/lib/arm64-v8a/libjsi.so using class loader ns clns-7 (caller=/data/app/~~OauX-ikmsjEHwQiPHd4xew==/com.a1taxi.driverpro-yOTM-ubtCbmput9a5K_nQA==/base.apk): ok
10-29 14:45:17.214 16641 16641 D SoLoader: libjsi.so found on /data/app/~~OauX-ikmsjEHwQiPHd4xew==/com.a1taxi.driverpro-yOTM-ubtCbmput9a5K_nQA==/base.apk!/lib/arm64-v8a
10-29 14:45:17.214 16641 16641 V SoLoader: libfbjni.so not found on /data/app/~~OauX-ikmsjEHwQiPHd4xew==/com.a1taxi.driverpro-yOTM-ubtCbmput9a5K_nQA==/lib/arm64
10-29 14:45:17.215 16641 16641 V SoLoader: libandroid.so not found on /data/app/~~OauX-ikmsjEHwQiPHd4xew==/com.a1taxi.driverpro-yOTM-ubtCbmput9a5K_nQA==/lib/arm64
10-29 14:45:17.215 16641 16641 V SoLoader: libandroid.so not found on /data/app/~~OauX-ikmsjEHwQiPHd4xew==/com.a1taxi.driverpro-yOTM-ubtCbmput9a5K_nQA==/base.apk!/lib/arm64-v8a
10-29 14:45:17.215 16641 16641 D SoLoader: libandroid.so found on /system/lib64
10-29 14:45:17.215 16641 16641 D SoLoader: libandroid.so loaded implicitly
10-29 14:45:17.215 16641 16641 V SoLoader: liblog.so not found on /data/app/~~OauX-ikmsjEHwQiPHd4xew==/com.a1taxi.driverpro-yOTM-ubtCbmput9a5K_nQA==/lib/arm64
10-29 14:45:17.215 16641 16641 V SoLoader: liblog.so not found on /data/app/~~OauX-ikmsjEHwQiPHd4xew==/com.a1taxi.driverpro-yOTM-ubtCbmput9a5K_nQA==/base.apk!/lib/arm64-v8a
10-29 14:45:17.215 16641 16641 D SoLoader: liblog.so found on /system/lib64
10-29 14:45:17.215 16641 16641 D SoLoader: liblog.so loaded implicitly
10-29 14:45:17.216 16641 16641 D nativeloader: Load /data/app/~~OauX-ikmsjEHwQiPHd4xew==/com.a1taxi.driverpro-yOTM-ubtCbmput9a5K_nQA==/base.apk!/lib/arm64-v8a/libfbjni.so using class loader ns clns-7 (caller=/data/app/~~OauX-ikmsjEHwQiPHd4xew==/com.a1taxi.driverpro-yOTM-ubtCbmput9a5K_nQA==/base.apk): ok
10-29 14:45:17.217 16641 16641 D SoLoader: libfbjni.so found on /data/app/~~OauX-ikmsjEHwQiPHd4xew==/com.a1taxi.driverpro-yOTM-ubtCbmput9a5K_nQA==/base.apk!/lib/arm64-v8a
10-29 14:45:17.218 16641 16641 D nativeloader: Load /data/app/~~OauX-ikmsjEHwQiPHd4xew==/com.a1taxi.driverpro-yOTM-ubtCbmput9a5K_nQA==/base.apk!/lib/arm64-v8a/libhermes.so using class loader ns clns-7 (caller=/data/app/~~OauX-ikmsjEHwQiPHd4xew==/com.a1taxi.driverpro-yOTM-ubtCbmput9a5K_nQA==/base.apk): ok
10-29 14:45:17.218 16641 16641 D SoLoader: libhermes.so found on /data/app/~~OauX-ikmsjEHwQiPHd4xew==/com.a1taxi.driverpro-yOTM-ubtCbmput9a5K_nQA==/base.apk!/lib/arm64-v8a
10-29 14:45:17.218 16641 16641 V SoLoader: libhermes_executor.so not found on /data/app/~~OauX-ikmsjEHwQiPHd4xew==/com.a1taxi.driverpro-yOTM-ubtCbmput9a5K_nQA==/lib/arm64
10-29 14:45:17.221 16641 16641 V SoLoader: libreactnativejni.so not found on /data/app/~~OauX-ikmsjEHwQiPHd4xew==/com.a1taxi.driverpro-yOTM-ubtCbmput9a5K_nQA==/lib/arm64
10-29 14:45:17.223 16641 16641 V SoLoader: libyoga.so not found on /data/app/~~OauX-ikmsjEHwQiPHd4xew==/com.a1taxi.driverpro-yOTM-ubtCbmput9a5K_nQA==/lib/arm64
10-29 14:45:17.225 16641 16641 D nativeloader: Load /data/app/~~OauX-ikmsjEHwQiPHd4xew==/com.a1taxi.driverpro-yOTM-ubtCbmput9a5K_nQA==/base.apk!/lib/arm64-v8a/libyoga.so using class loader ns clns-7 (caller=/data/app/~~OauX-ikmsjEHwQiPHd4xew==/com.a1taxi.driverpro-yOTM-ubtCbmput9a5K_nQA==/base.apk): ok
10-29 14:45:17.225 16641 16641 D SoLoader: libyoga.so found on /data/app/~~OauX-ikmsjEHwQiPHd4xew==/com.a1taxi.driverpro-yOTM-ubtCbmput9a5K_nQA==/base.apk!/lib/arm64-v8a
10-29 14:45:17.226 16641 16641 V SoLoader: libreactperfloggerjni.so not found on /data/app/~~OauX-ikmsjEHwQiPHd4xew==/com.a1taxi.driverpro-yOTM-ubtCbmput9a5K_nQA==/lib/arm64
10-29 14:45:17.227 16641 16641 D nativeloader: Load /data/app/~~OauX-ikmsjEHwQiPHd4xew==/com.a1taxi.driverpro-yOTM-ubtCbmput9a5K_nQA==/base.apk!/lib/arm64-v8a/libreactperfloggerjni.so using class loader ns clns-7 (caller=/data/app/~~OauX-ikmsjEHwQiPHd4xew==/com.a1taxi.driverpro-yOTM-ubtCbmput9a5K_nQA==/base.apk): ok
10-29 14:45:17.227 16641 16641 D SoLoader: libreactperfloggerjni.so found on /data/app/~~OauX-ikmsjEHwQiPHd4xew==/com.a1taxi.driverpro-yOTM-ubtCbmput9a5K_nQA==/base.apk!/lib/arm64-v8a
10-29 14:45:17.227 16641 16641 V SoLoader: libreact_render_core.so not found on /data/app/~~OauX-ikmsjEHwQiPHd4xew==/com.a1taxi.driverpro-yOTM-ubtCbmput9a5K_nQA==/lib/arm64
10-29 14:45:17.229 16641 16641 V SoLoader: libreact_render_debug.so not found on /data/app/~~OauX-ikmsjEHwQiPHd4xew==/com.a1taxi.driverpro-yOTM-ubtCbmput9a5K_nQA==/lib/arm64
10-29 14:45:17.231 16641 16641 D nativeloader: Load /data/app/~~OauX-ikmsjEHwQiPHd4xew==/com.a1taxi.driverpro-yOTM-ubtCbmput9a5K_nQA==/base.apk!/lib/arm64-v8a/libreact_render_debug.so using class loader ns clns-7 (caller=/data/app/~~OauX-ikmsjEHwQiPHd4xew==/com.a1taxi.driverpro-yOTM-ubtCbmput9a5K_nQA==/base.apk): ok
10-29 14:45:17.231 16641 16641 D SoLoader: libreact_render_debug.so found on /data/app/~~OauX-ikmsjEHwQiPHd4xew==/com.a1taxi.driverpro-yOTM-ubtCbmput9a5K_nQA==/base.apk!/lib/arm64-v8a
10-29 14:45:17.231 16641 16641 V SoLoader: libreact_render_graphics.so not found on /data/app/~~OauX-ikmsjEHwQiPHd4xew==/com.a1taxi.driverpro-yOTM-ubtCbmput9a5K_nQA==/lib/arm64
10-29 14:45:17.233 16641 16641 V SoLoader: libreact_utils.so not found on /data/app/~~OauX-ikmsjEHwQiPHd4xew==/com.a1taxi.driverpro-yOTM-ubtCbmput9a5K_nQA==/lib/arm64
10-29 14:45:17.234 16641 16641 V SoLoader: libreact_debug.so not found on /data/app/~~OauX-ikmsjEHwQiPHd4xew==/com.a1taxi.driverpro-yOTM-ubtCbmput9a5K_nQA==/lib/arm64
10-29 14:45:17.235 16641 16641 D nativeloader: Load /data/app/~~OauX-ikmsjEHwQiPHd4xew==/com.a1taxi.driverpro-yOTM-ubtCbmput9a5K_nQA==/base.apk!/lib/arm64-v8a/libreact_debug.so using class loader ns clns-7 (caller=/data/app/~~OauX-ikmsjEHwQiPHd4xew==/com.a1taxi.driverpro-yOTM-ubtCbmput9a5K_nQA==/base.apk): ok
10-29 14:45:17.236 16641 16641 D SoLoader: libreact_debug.so found on /data/app/~~OauX-ikmsjEHwQiPHd4xew==/com.a1taxi.driverpro-yOTM-ubtCbmput9a5K_nQA==/base.apk!/lib/arm64-v8a
10-29 14:45:17.236 16641 16641 V SoLoader: libjsinspector.so not found on /data/app/~~OauX-ikmsjEHwQiPHd4xew==/com.a1taxi.driverpro-yOTM-ubtCbmput9a5K_nQA==/lib/arm64
10-29 14:45:17.237 16641 16641 V SoLoader: libreact_featureflags.so not found on /data/app/~~OauX-ikmsjEHwQiPHd4xew==/com.a1taxi.driverpro-yOTM-ubtCbmput9a5K_nQA==/lib/arm64
10-29 14:45:17.238 16641 16641 D nativeloader: Load /data/app/~~OauX-ikmsjEHwQiPHd4xew==/com.a1taxi.driverpro-yOTM-ubtCbmput9a5K_nQA==/base.apk!/lib/arm64-v8a/libreact_featureflags.so using class loader ns clns-7 (caller=/data/app/~~OauX-ikmsjEHwQiPHd4xew==/com.a1taxi.driverpro-yOTM-ubtCbmput9a5K_nQA==/base.apk): ok
10-29 14:45:17.238 16641 16641 D SoLoader: libreact_featureflags.so found on /data/app/~~OauX-ikmsjEHwQiPHd4xew==/com.a1taxi.driverpro-yOTM-ubtCbmput9a5K_nQA==/base.apk!/lib/arm64-v8a
10-29 14:45:17.239 16641 16641 V SoLoader: libruntimeexecutor.so not found on /data/app/~~OauX-ikmsjEHwQiPHd4xew==/com.a1taxi.driverpro-yOTM-ubtCbmput9a5K_nQA==/lib/arm64
10-29 14:45:17.240 16641 16641 D nativeloader: Load /data/app/~~OauX-ikmsjEHwQiPHd4xew==/com.a1taxi.driverpro-yOTM-ubtCbmput9a5K_nQA==/base.apk!/lib/arm64-v8a/libruntimeexecutor.so using class loader ns clns-7 (caller=/data/app/~~OauX-ikmsjEHwQiPHd4xew==/com.a1taxi.driverpro-yOTM-ubtCbmput9a5K_nQA==/base.apk): ok
10-29 14:45:17.240 16641 16641 D SoLoader: libruntimeexecutor.so found on /data/app/~~OauX-ikmsjEHwQiPHd4xew==/com.a1taxi.driverpro-yOTM-ubtCbmput9a5K_nQA==/base.apk!/lib/arm64-v8a
10-29 14:45:17.241 16641 16641 D nativeloader: Load /data/app/~~OauX-ikmsjEHwQiPHd4xew==/com.a1taxi.driverpro-yOTM-ubtCbmput9a5K_nQA==/base.apk!/lib/arm64-v8a/libjsinspector.so using class loader ns clns-7 (caller=/data/app/~~OauX-ikmsjEHwQiPHd4xew==/com.a1taxi.driverpro-yOTM-ubtCbmput9a5K_nQA==/base.apk): ok
10-29 14:45:17.241 16641 16641 D SoLoader: libjsinspector.so found on /data/app/~~OauX-ikmsjEHwQiPHd4xew==/com.a1taxi.driverpro-yOTM-ubtCbmput9a5K_nQA==/base.apk!/lib/arm64-v8a
10-29 14:45:17.242 16641 16641 D nativeloader: Load /data/app/~~OauX-ikmsjEHwQiPHd4xew==/com.a1taxi.driverpro-yOTM-ubtCbmput9a5K_nQA==/base.apk!/lib/arm64-v8a/libreact_utils.so using class loader ns clns-7 (caller=/data/app/~~OauX-ikmsjEHwQiPHd4xew==/com.a1taxi.driverpro-yOTM-ubtCbmput9a5K_nQA==/base.apk): ok
10-29 14:45:17.242 16641 16641 D SoLoader: libreact_utils.so found on /data/app/~~OauX-ikmsjEHwQiPHd4xew==/com.a1taxi.driverpro-yOTM-ubtCbmput9a5K_nQA==/base.apk!/lib/arm64-v8a
10-29 14:45:17.243 16641 16641 D nativeloader: Load /data/app/~~OauX-ikmsjEHwQiPHd4xew==/com.a1taxi.driverpro-yOTM-ubtCbmput9a5K_nQA==/base.apk!/lib/arm64-v8a/libreact_render_graphics.so using class loader ns clns-7 (caller=/data/app/~~OauX-ikmsjEHwQiPHd4xew==/com.a1taxi.driverpro-yOTM-ubtCbmput9a5K_nQA==/base.apk): ok
10-29 14:45:17.243 16641 16641 D SoLoader: libreact_render_graphics.so found on /data/app/~~OauX-ikmsjEHwQiPHd4xew==/com.a1taxi.driverpro-yOTM-ubtCbmput9a5K_nQA==/base.apk!/lib/arm64-v8a
10-29 14:45:17.243 16641 16641 V SoLoader: libreact_render_mapbuffer.so not found on /data/app/~~OauX-ikmsjEHwQiPHd4xew==/com.a1taxi.driverpro-yOTM-ubtCbmput9a5K_nQA==/lib/arm64
10-29 14:45:17.245 16641 16641 D nativeloader: Load /data/app/~~OauX-ikmsjEHwQiPHd4xew==/com.a1taxi.driverpro-yOTM-ubtCbmput9a5K_nQA==/base.apk!/lib/arm64-v8a/libreact_render_mapbuffer.so using class loader ns clns-7 (caller=/data/app/~~OauX-ikmsjEHwQiPHd4xew==/com.a1taxi.driverpro-yOTM-ubtCbmput9a5K_nQA==/base.apk): ok
10-29 14:45:17.245 16641 16641 D SoLoader: libreact_render_mapbuffer.so found on /data/app/~~OauX-ikmsjEHwQiPHd4xew==/com.a1taxi.driverpro-yOTM-ubtCbmput9a5K_nQA==/base.apk!/lib/arm64-v8a
10-29 14:45:17.246 16641 16641 D nativeloader: Load /data/app/~~OauX-ikmsjEHwQiPHd4xew==/com.a1taxi.driverpro-yOTM-ubtCbmput9a5K_nQA==/base.apk!/lib/arm64-v8a/libreact_render_core.so using class loader ns clns-7 (caller=/data/app/~~OauX-ikmsjEHwQiPHd4xew==/com.a1taxi.driverpro-yOTM-ubtCbmput9a5K_nQA==/base.apk): ok
10-29 14:45:17.246 16641 16641 D SoLoader: libreact_render_core.so found on /data/app/~~OauX-ikmsjEHwQiPHd4xew==/com.a1taxi.driverpro-yOTM-ubtCbmput9a5K_nQA==/base.apk!/lib/arm64-v8a
10-29 14:45:17.248 16641 16641 D nativeloader: Load /data/app/~~OauX-ikmsjEHwQiPHd4xew==/com.a1taxi.driverpro-yOTM-ubtCbmput9a5K_nQA==/base.apk!/lib/arm64-v8a/libreactnativejni.so using class loader ns clns-7 (caller=/data/app/~~OauX-ikmsjEHwQiPHd4xew==/com.a1taxi.driverpro-yOTM-ubtCbmput9a5K_nQA==/base.apk): ok
10-29 14:45:17.248 16641 16641 D SoLoader: libreactnativejni.so found on /data/app/~~OauX-ikmsjEHwQiPHd4xew==/com.a1taxi.driverpro-yOTM-ubtCbmput9a5K_nQA==/base.apk!/lib/arm64-v8a
10-29 14:45:17.250 16641 16641 D nativeloader: Load /data/app/~~OauX-ikmsjEHwQiPHd4xew==/com.a1taxi.driverpro-yOTM-ubtCbmput9a5K_nQA==/base.apk!/lib/arm64-v8a/libhermes_executor.so using class loader ns clns-7 (caller=/data/app/~~OauX-ikmsjEHwQiPHd4xew==/com.a1taxi.driverpro-yOTM-ubtCbmput9a5K_nQA==/base.apk): ok
10-29 14:45:17.250 16641 16641 D SoLoader: libhermes_executor.so found on /data/app/~~OauX-ikmsjEHwQiPHd4xew==/com.a1taxi.driverpro-yOTM-ubtCbmput9a5K_nQA==/base.apk!/lib/arm64-v8a
10-29 14:45:17.259 16641 16762 D nativeloader: Load /data/app/~~OauX-ikmsjEHwQiPHd4xew==/com.a1taxi.driverpro-yOTM-ubtCbmput9a5K_nQA==/base.apk!/lib/arm64-v8a/libexpo-av.so using class loader ns clns-7 (caller=/data/app/~~OauX-ikmsjEHwQiPHd4xew==/com.a1taxi.driverpro-yOTM-ubtCbmput9a5K_nQA==/base.apk): ok
10-29 14:45:17.261 16641 16641 D nativeloader: Load libpowerhalwrap_jni.so using system ns (caller=/system_ext/framework/mediatek-framework.jar): ok
10-29 14:45:17.261 16641 16641 I PowerHalWrapper: PowerHalWrapper.getInstance 
10-29 14:45:17.261 16641 16641 I M-ProMotion: M-ProMotion is disabled
10-29 14:45:17.262 16641 16768 I PowerHalWrapper: PowerHalWrapper.getInstance 
10-29 14:45:17.265 16641 16641 W libc    : Access denied finding property "persist.vivo.ltw.enabled"
10-29 14:45:17.268 16641 16641 W HWUI    : Unknown dataspace 0
10-29 14:45:17.283 16641 16641 D ViewRootImpl: AppSizeAfterRelayout, size: Point(1080, 2392), rotation: ROTATION_0
10-29 14:45:17.284 16641 16641 D BufferQueueConsumer: [](id:410100000000,api:0,p:-1,c:16641) connect: controlledByApp=false
10-29 14:45:17.285 16641 16641 D BLASTBufferQueue: [VRI[MainActivity]#0](f:0,a:0) constructor()
10-29 14:45:17.285 16641 16641 D BLASTBufferQueue: [VRI[MainActivity]#0](f:0,a:0) update width=1080 height=2392 format=-1 mTransformHint=0
10-29 14:45:17.292 16641 16743 D MAGT_SYNC_FRAME: MAGT Sync: MAGT is not supported. Disabling Sync.
10-29 14:45:17.294 16641 16762 I ExpoModulesCore:  AppContext was initialized
10-29 14:45:17.333 16641 16779 W unknown:ViewManagerPropertyUpdater: Could not find generated setter for class com.facebook.react.views.drawer.ReactDrawerLayoutManager
10-29 14:45:17.335 16641 16779 W unknown:ViewManagerPropertyUpdater: Could not find generated setter for class com.facebook.react.uimanager.LayoutShadowNode
