10-18 09:48:34.114  4758  4898 I PlayCore: UID: [10307]  PID: [4758] AppUpdateService : requestUpdateInfo(com.makemytrip)
10-18 09:48:34.114  5720 23763 D SQLiteQueryBuilder: INSERT INTO files (_user_id,inferred_date,format,bucket_display_name,owner_package_name,parent,volume_name,date_expires,_modifier,_display_name,mime_type,_data,title,is_trashed,is_pending,date_added,bucket_id,media_type,relative_path,generation_added,generation_modified,_id) VALUES (?,?,?,?,?,?,?,?,?,?,?,?,?,?,?,?,?,?,?,(SELECT generation FROM local_metadata),(SELECT generation FROM local_metadata),_GET_ID( '/storage/emulated/0/Android/media/com.whatsapp/WhatsApp/.Shared/LgmVU+-MTV-poFEWl2o38w29sl6mh3CkZJYz7RT7vl0=.chk.tmp' ))
10-18 09:48:34.126 26106 26106 D BoundBrokerSvc: onBind: Intent { act=com.google.android.gms.chimera.container.moduleinstall.ModuleInstallService.START dat=chimera-action:/... cmp=com.google.android.gms/.chimera.GmsApiService }
10-18 09:48:34.127 26106 26106 D BoundBrokerSvc: Loading bound service for intent: Intent { act=com.google.android.gms.chimera.container.moduleinstall.ModuleInstallService.START dat=chimera-action:/... cmp=com.google.android.gms/.chimera.GmsApiService }
10-18 09:48:34.152 26106 26106 D BoundBrokerSvc: onBind: Intent { act=com.google.android.gms.ocr.service.internal.START dat=chimera-action:/... cmp=com.google.android.gms/.chimera.GmsInternalApiService }
10-18 09:48:34.152 26106 26106 D BoundBrokerSvc: Loading bound service for intent: Intent { act=com.google.android.gms.ocr.service.internal.START dat=chimera-action:/... cmp=com.google.android.gms/.chimera.GmsInternalApiService }
10-18 09:48:34.184  4758  4898 I PlayCore: UID: [10307]  PID: [4758] AppUpdateService : requestUpdateInfo(com.makemytrip)
10-18 09:48:34.184  4758  5113 I PlayCore: UID: [10307]  PID: [4758] AppUpdateService : Initiate binding to the service.
10-18 09:48:34.215 26106  5093 E RequestContextBuilder: Could not get APN after (but including) LollipopMr1: 
10-18 09:48:34.215 26106  5093 E RequestContextBuilder: java.lang.SecurityException: No permission to access APN settings
10-18 09:48:34.215 26106  5093 E RequestContextBuilder: 	at android.os.Parcel.createExceptionOrNull(Parcel.java:3256)
10-18 09:48:34.215 26106  5093 E RequestContextBuilder: 	at android.os.Parcel.createException(Parcel.java:3240)
10-18 09:48:34.215 26106  5093 E RequestContextBuilder: 	at android.os.Parcel.readException(Parcel.java:3223)
10-18 09:48:34.215 26106  5093 E RequestContextBuilder: 	at android.database.DatabaseUtils.readExceptionFromParcel(DatabaseUtils.java:203)
10-18 09:48:34.215 26106  5093 E RequestContextBuilder: 	at android.database.DatabaseUtils.readExceptionFromParcel(DatabaseUtils.java:155)
10-18 09:48:34.215 26106  5093 E RequestContextBuilder: 	at android.content.ContentProviderProxy.query(ContentProviderNative.java:498)
10-18 09:48:34.215 26106  5093 E RequestContextBuilder: 	at android.content.ContentResolver.query(ContentResolver.java:1250)
10-18 09:48:34.215 26106  5093 E RequestContextBuilder: 	at android.content.ContentResolver.query(ContentResolver.java:1182)
10-18 09:48:34.215 26106  5093 E RequestContextBuilder: 	at android.content.ContentResolver.query(ContentResolver.java:1138)
10-18 09:48:34.215 26106  5093 E RequestContextBuilder: 	at gfrb.c(:com.google.android.gms@253931035@25.39.31 (260400-813878953):113)
10-18 09:48:34.215 26106  5093 E RequestContextBuilder: 	at geec.c(:com.google.android.gms@253931035@25.39.31 (260400-813878953):338)
10-18 09:48:34.215 26106  5093 E RequestContextBuilder: 	at gecm.jF(:com.google.android.gms@253931035@25.39.31 (260400-813878953):44)
10-18 09:48:34.215 26106  5093 E RequestContextBuilder: 	at iexk.w(:com.google.android.gms@253931035@25.39.31 (260400-813878953):11)
10-18 09:48:34.215 26106  5093 E RequestContextBuilder: 	at ifij.run(:com.google.android.gms@253931035@25.39.31 (260400-813878953):112)
10-18 09:48:34.215 26106  5093 E RequestContextBuilder: 	at bcdr.c(:com.google.android.gms@253931035@25.39.31 (260400-813878953):50)
10-18 09:48:34.215 26106  5093 E RequestContextBuilder: 	at bcdr.run(:com.google.android.gms@253931035@25.39.31 (260400-813878953):73)
10-18 09:48:34.215 26106  5093 E RequestContextBuilder: 	at java.util.concurrent.ThreadPoolExecutor.runWorker(ThreadPoolExecutor.java:1156)
10-18 09:48:34.215 26106  5093 E RequestContextBuilder: 	at java.util.concurrent.ThreadPoolExecutor$Worker.run(ThreadPoolExecutor.java:651)
10-18 09:48:34.215 26106  5093 E RequestContextBuilder: 	at bcji.run(:com.google.android.gms@253931035@25.39.31 (260400-813878953):8)
10-18 09:48:34.215 26106  5093 E RequestContextBuilder: 	at java.lang.Thread.run(Thread.java:1119)
10-18 09:48:34.229  4758  4758 D nativeloader: Load libpowerhalwrap_jni.so using system ns (caller=/system_ext/framework/mediatek-framework.jar): ok
10-18 09:48:34.229  4758  4758 I PowerHalWrapper: PowerHalWrapper.getInstance 
10-18 09:48:34.230  4758  4758 I M-ProMotion: M-ProMotion is disabled
10-18 09:48:34.232 26106  5093 E RequestContextBuilder: Could not get APN after (but including) LollipopMr1: 
10-18 09:48:34.232 26106  5093 E RequestContextBuilder: java.lang.SecurityException: No permission to access APN settings
10-18 09:48:34.232 26106  5093 E RequestContextBuilder: 	at android.os.Parcel.createExceptionOrNull(Parcel.java:3256)
10-18 09:48:34.232 26106  5093 E RequestContextBuilder: 	at android.os.Parcel.createException(Parcel.java:3240)
10-18 09:48:34.232 26106  5093 E RequestContextBuilder: 	at android.os.Parcel.readException(Parcel.java:3223)
10-18 09:48:34.232 26106  5093 E RequestContextBuilder: 	at android.database.DatabaseUtils.readExceptionFromParcel(DatabaseUtils.java:203)
10-18 09:48:34.232 26106  5093 E RequestContextBuilder: 	at android.database.DatabaseUtils.readExceptionFromParcel(DatabaseUtils.java:155)
10-18 09:48:34.232 26106  5093 E RequestContextBuilder: 	at android.content.ContentProviderProxy.query(ContentProviderNative.java:498)
10-18 09:48:34.232 26106  5093 E RequestContextBuilder: 	at android.content.ContentResolver.query(ContentResolver.java:1250)
10-18 09:48:34.232 26106  5093 E RequestContextBuilder: 	at android.content.ContentResolver.query(ContentResolver.java:1182)
10-18 09:48:34.232 26106  5093 E RequestContextBuilder: 	at android.content.ContentResolver.query(ContentResolver.java:1138)
10-18 09:48:34.232 26106  5093 E RequestContextBuilder: 	at gfrb.c(:com.google.android.gms@253931035@25.39.31 (260400-813878953):113)
10-18 09:48:34.232 26106  5093 E RequestContextBuilder: 	at geec.c(:com.google.android.gms@253931035@25.39.31 (260400-813878953):338)
10-18 09:48:34.232 26106  5093 E RequestContextBuilder: 	at gecm.jF(:com.google.android.gms@253931035@25.39.31 (260400-813878953):44)
10-18 09:48:34.232 26106  5093 E RequestContextBuilder: 	at iexk.w(:com.google.android.gms@253931035@25.39.31 (260400-813878953):11)
10-18 09:48:34.232 26106  5093 E RequestContextBuilder: 	at ifij.run(:com.google.android.gms@253931035@25.39.31 (260400-813878953):112)
10-18 09:48:34.232 26106  5093 E RequestContextBuilder: 	at bcdr.c(:com.google.android.gms@253931035@25.39.31 (260400-813878953):50)
10-18 09:48:34.232 26106  5093 E RequestContextBuilder: 	at bcdr.run(:com.google.android.gms@253931035@25.39.31 (260400-813878953):73)
10-18 09:48:34.232 26106  5093 E RequestContextBuilder: 	at java.util.concurrent.ThreadPoolExecutor.runWorker(ThreadPoolExecutor.java:1156)
10-18 09:48:34.232 26106  5093 E RequestContextBuilder: 	at java.util.concurrent.ThreadPoolExecutor$Worker.run(ThreadPoolExecutor.java:651)
10-18 09:48:34.232 26106  5093 E RequestContextBuilder: 	at bcji.run(:com.google.android.gms@253931035@25.39.31 (260400-813878953):8)
10-18 09:48:34.232 26106  5093 E RequestContextBuilder: 	at java.lang.Thread.run(Thread.java:1119)
10-18 09:48:34.234  4758  4758 I Choreographer: Skipped 30 frames!  The application may be doing too much work on its main thread.
10-18 09:48:34.257  4758  4758 I PlayCore: UID: [10307]  PID: [4758] AppUpdateService : ServiceConnectionImpl.onServiceConnected(ComponentInfo{com.android.vending/com.google.android.finsky.installservice.DevTriggeredUpdateService})
10-18 09:48:34.266 26106 27420 D SQLiteQueryBuilder: SELECT value FROM partner WHERE ((name=?))
10-18 09:48:34.267 15708 19060 I ReactNativeJS: '📡 [FARE-CALC] Edge function response status:', 200
10-18 09:48:34.268 15708 19060 I ReactNativeJS: '📊 [FARE-CALC] Edge function raw result for Bagalur:', { success: true,
10-18 09:48:34.268 15708 19060 I ReactNativeJS:   fareBreakdown: 
10-18 09:48:34.268 15708 19060 I ReactNativeJS:    { baseFare: 150,
10-18 09:48:34.268 15708 19060 I ReactNativeJS:      distanceFare: 131,
10-18 09:48:34.268 15708 19060 I ReactNativeJS:      timeFare: 0,
10-18 09:48:34.268 15708 19060 I ReactNativeJS:      surgeFare: 0,
10-18 09:48:34.268 15708 19060 I ReactNativeJS:      platformFee: 0,
10-18 09:48:34.268 15708 19060 I ReactNativeJS:      deadheadCharge: 110,
10-18 09:48:34.268 15708 19060 I ReactNativeJS:      totalFare: 391,
10-18 09:48:34.268 15708 19060 I ReactNativeJS:      distance: 10.56,
10-18 09:48:34.268 15708 19060 I ReactNativeJS:      duration: 16,
10-18 09:48:34.268 15708 19060 I ReactNativeJS:      deadheadDistance: 11.03 },
10-18 09:48:34.268 15708 19060 I ReactNativeJS:   config: 
10-18 09:48:34.268 15708 19060 I ReactNativeJS:    { vehicle_type: 'sedan',
10-18 09:48:34.268 15708 19060 I ReactNativeJS:      base_fare: 150,
10-18 09:48:34.268 15708 19060 I ReactNativeJS:      per_km_rate: 20,
10-18 09:48:34.268 15708 19060 I ReactNativeJS:      per_minute_rate: 0,
10-18 09:48:34.268 15708 19060 I ReactNativeJS:      minimum_fare: 0,
10-18 09:48:34.268 15708 19060 I ReactNativeJS:      surge_multiplier: 1,
10-18 09:48:34.268 15708 19060 I ReactNativeJS:      platform_fee_percent: 0 },
10-18 09:48:34.268 15708 19060 I ReactNativeJS:   deadheadInfo: 
10-18 09:48:34.268 15708 19060 I ReactNativeJS:    { applied: true,
10-18 09:48:34.268 15708 19060 I ReactNativeJS:      reason: 'Between Inner and Outer Ring',
10-18 09:48:34.268 15708 19060 I ReactNativeJS:      deadheadDistance: 11.025914915977474,
10-18 09:48:34.268 15708 19060 I ReactNativeJS:      deadheadCharge: 110.25914915977474,
10-18 09:48:34.268 15708 19060 I ReactNativeJS:      zoneStatus: 'Between Inner and Outer Ring' } }
10-18 09:48:34.268 15708 19060 I ReactNativeJS: ✅ [FARE-CALC] ===== EDGE FUNCTION SUCCESS WITH DEADHEAD FOR BAGALUR =====
10-18 09:48:34.273 15708 19060 I ReactNativeJS: '✅ [FARE-CALC] Complete fare breakdown:', { baseFare: '₹150',
10-18 09:48:34.273 15708 19060 I ReactNativeJS:   distanceFare: '₹131',
10-18 09:48:34.273 15708 19060 I ReactNativeJS:   timeFare: '₹0',
10-18 09:48:34.273 15708 19060 I ReactNativeJS:   surgeFare: '₹0',
10-18 09:48:34.273 15708 19060 I ReactNativeJS:   platformFee: '₹0',
10-18 09:48:34.273 15708 19060 I ReactNativeJS:   deadheadCharge: '₹110',
10-18 09:48:34.273 15708 19060 I ReactNativeJS:   deadheadDistance: '11.03km',
10-18 09:48:34.273 15708 19060 I ReactNativeJS:   totalFare: '₹391',
10-18 09:48:34.273 15708 19060 I ReactNativeJS:   deadheadInfo: 
10-18 09:48:34.273 15708 19060 I ReactNativeJS:    { applied: true,
10-18 09:48:34.273 15708 19060 I ReactNativeJS:      reason: 'Between Inner and Outer Ring',
10-18 09:48:34.273 15708 19060 I ReactNativeJS:      deadheadDistance: 11.025914915977474,
10-18 09:48:34.273 15708 19060 I ReactNativeJS:      deadheadCharge: 110.25914915977474,
10-18 09:48:34.273 15708 19060 I ReactNativeJS:      zoneStatus: 'Between Inner and Outer Ring' },
10-18 09:48:34.273 15708 19060 I ReactNativeJS:   formula: '₹150 + ₹131 + ₹0 + ₹0 + ₹0 + ₹110 = ₹391',
10-18 09:48:34.273 15708 19060 I ReactNativeJS:   bagalurSpecific: 'This should show deadhead charges for Bagalur destination' }
10-18 09:48:34.274 15708 19060 I ReactNativeJS: '✅ [FARE-CALC] Deadhead analysis for Bagalur:', { destination: { latitude: 12.8303987, longitude: 77.86623689999999 },
10-18 09:48:34.274 15708 19060 I ReactNativeJS:   deadheadApplied: true,
10-18 09:48:34.274 15708 19060 I ReactNativeJS:   deadheadReason: 'Between Inner and Outer Ring',
10-18 09:48:34.274 15708 19060 I ReactNativeJS:   zoneStatus: 'Between Inner and Outer Ring',
10-18 09:48:34.274 15708 19060 I ReactNativeJS:   expectedForBagalur: 'Should be between Inner and Outer Ring with deadhead charge' }
10-18 09:48:34.274 15708 19060 I ReactNativeJS: 💰 [HOME] ===== FARE CALCULATION RESULT =====
10-18 09:48:34.274 15708 19060 I ReactNativeJS: '✅ [HOME] Fare breakdown received:', { baseFare: '₹150',
10-18 09:48:34.274 15708 19060 I ReactNativeJS:   distanceFare: '₹131',
10-18 09:48:34.274 15708 19060 I ReactNativeJS:   timeFare: '₹0',
10-18 09:48:34.274 15708 19060 I ReactNativeJS:   surgeFare: '₹0',
10-18 09:48:34.274 15708 19060 I ReactNativeJS:   platformFee: '₹0',
10-18 09:48:34.274 15708 19060 I ReactNativeJS:   deadheadCharge: '₹110',
10-18 09:48:34.274 15708 19060 I ReactNativeJS:   deadheadDistance: '11.03km',
10-18 09:48:34.274 15708 19060 I ReactNativeJS:   totalFare: '₹391',
10-18 09:48:34.274 15708 19060 I ReactNativeJS:   distance: '10.56km',
10-18 09:48:34.274 15708 19060 I ReactNativeJS:   duration: '16min',
10-18 09:48:34.274 15708 19060 I ReactNativeJS:   hasDeadheadCharge: true,
10-18 09:48:34.274 15708 19060 I ReactNativeJS:   isBagalurTrip: true,
10-18 09:48:34.274 15708 19060 I ReactNativeJS:   expectedDeadhead: 'YES' }
10-18 09:48:34.275 15708 19060 I ReactNativeJS: '🎯 [HOME] ✅ DEADHEAD CHARGE APPLIED:', { destination: 'Bagalur, Tamil Nadu, India',
10-18 09:48:34.275 15708 19060 I ReactNativeJS:   deadheadCharge: '₹110',
10-18 09:48:34.275 15708 19060 I ReactNativeJS:   deadheadDistance: '11.03km',
10-18 09:48:34.275 15708 19060 I ReactNativeJS:   reason: 'Destination is between Inner Ring and Outer Ring' }
10-18 09:48:34.275 15708 19060 I ReactNativeJS: '💰 [HOME] Calculating fares for all vehicle types based on', 'sedan', 'calculation'
10-18 09:48:34.275 15708 19060 I ReactNativeJS: 💰 [HOME] hatchback (estimated): ₹381 (ratio-based from sedan)
10-18 09:48:34.275 15708 19060 I ReactNativeJS: 💰 [HOME] hatchback_ac (estimated): ₹451 (ratio-based from sedan)
10-18 09:48:34.275 15708 19060 I ReactNativeJS: 💰 [HOME] sedan (selected): ₹391 (exact calculation)
10-18 09:48:34.275 15708 19060 I ReactNativeJS: 💰 [HOME] sedan_ac (estimated): ₹461 (ratio-based from sedan)
10-18 09:48:34.275 15708 19060 I ReactNativeJS: 💰 [HOME] suv (estimated): ₹762 (ratio-based from sedan)
10-18 09:48:34.275 15708 19060 I ReactNativeJS: 💰 [HOME] suv_ac (estimated): ₹1922 (ratio-based from sedan)
10-18 09:48:34.275 15708 19060 I ReactNativeJS: '💰 [UI] Displaying fare for hatchback:', { fare: 381,
10-18 09:48:34.275 15708 19060 I ReactNativeJS:   isSelected: false,
10-18 09:48:34.275 15708 19060 I ReactNativeJS:   showingCalculated: true,
10-18 09:48:34.275 15708 19060 I ReactNativeJS:   source: 'calculated' }
10-18 09:48:34.279 15708 19060 I ReactNativeJS: '💰 [UI] Displaying fare for hatchback_ac:', { fare: 451,
10-18 09:48:34.279 15708 19060 I ReactNativeJS:   isSelected: false,
10-18 09:48:34.279 15708 19060 I ReactNativeJS:   showingCalculated: true,
10-18 09:48:34.279 15708 19060 I ReactNativeJS:   source: 'calculated' }
10-18 09:48:34.280 15708 19060 I ReactNativeJS: '💰 [UI] Displaying fare for sedan:', { fare: 391,
10-18 09:48:34.280 15708 19060 I ReactNativeJS:   isSelected: true,
10-18 09:48:34.280 15708 19060 I ReactNativeJS:   showingCalculated: true,
10-18 09:48:34.280 15708 19060 I ReactNativeJS:   source: 'calculated' }
10-18 09:48:34.280 15708 19060 I ReactNativeJS: '💰 [UI] Displaying fare for sedan_ac:', { fare: 461,
10-18 09:48:34.280 15708 19060 I ReactNativeJS:   isSelected: false,
10-18 09:48:34.280 15708 19060 I ReactNativeJS:   showingCalculated: true,
10-18 09:48:34.280 15708 19060 I ReactNativeJS:   source: 'calculated' }
10-18 09:48:34.281 15708 19060 I ReactNativeJS: '💰 [UI] Displaying fare for suv:', { fare: 762,
10-18 09:48:34.281 15708 19060 I ReactNativeJS:   isSelected: false,
10-18 09:48:34.281 15708 19060 I ReactNativeJS:   showingCalculated: true,
10-18 09:48:34.281 15708 19060 I ReactNativeJS:   source: 'calculated' }
10-18 09:48:34.282 15708 19060 I ReactNativeJS: '💰 [UI] Displaying fare for suv_ac:', { fare: 1922,
10-18 09:48:34.282 15708 19060 I ReactNativeJS:   isSelected: false,
10-18 09:48:34.282 15708 19060 I ReactNativeJS:   showingCalculated: true,
10-18 09:48:34.282 15708 19060 I ReactNativeJS:   source: 'calculated' }
10-18 09:48:34.294  4758  5113 I PlayCore: UID: [10307]  PID: [4758] AppUpdateService : Already connected to the service.
10-18 09:48:34.294  4758  5113 I PlayCore: UID: [10307]  PID: [4758] AppUpdateService : Waiting to bind to the service.
10-18 09:48:34.295  4758  5113 I PlayCore: UID: [10307]  PID: [4758] AppUpdateService : linkToDeath
10-18 09:48:34.303 15708 19060 I ReactNativeJS: '💰 [HOME] All vehicle fares calculated:', { hatchback: 381,
10-18 09:48:34.303 15708 19060 I ReactNativeJS:   hatchback_ac: 451,
10-18 09:48:34.303 15708 19060 I ReactNativeJS:   sedan: 391,
10-18 09:48:34.303 15708 19060 I ReactNativeJS:   sedan_ac: 461,
10-18 09:48:34.303 15708 19060 I ReactNativeJS:   suv: 762,
10-18 09:48:34.303 15708 19060 I ReactNativeJS:   suv_ac: 1922 }
10-18 09:48:34.304 15708 19060 I ReactNativeJS: '💰 [UI] Displaying fare for hatchback:', { fare: 381,
10-18 09:48:34.304 15708 19060 I ReactNativeJS:   isSelected: false,
10-18 09:48:34.304 15708 19060 I ReactNativeJS:   showingCalculated: true,
10-18 09:48:34.304 15708 19060 I ReactNativeJS:   source: 'calculated' }
10-18 09:48:34.305 15708 19060 I ReactNativeJS: '💰 [UI] Displaying fare for hatchback_ac:', { fare: 451,
10-18 09:48:34.305 15708 19060 I ReactNativeJS:   isSelected: false,
10-18 09:48:34.305 15708 19060 I ReactNativeJS:   showingCalculated: true,
10-18 09:48:34.305 15708 19060 I ReactNativeJS:   source: 'calculated' }
10-18 09:48:34.306 15708 19060 I ReactNativeJS: '💰 [UI] Displaying fare for sedan:', { fare: 391,
10-18 09:48:34.306 15708 19060 I ReactNativeJS:   isSelected: true,
10-18 09:48:34.306 15708 19060 I ReactNativeJS:   showingCalculated: true,
10-18 09:48:34.306 15708 19060 I ReactNativeJS:   source: 'calculated' }
10-18 09:48:34.307 15708 19060 I ReactNativeJS: '💰 [UI] Displaying fare for sedan_ac:', { fare: 461,
10-18 09:48:34.307 15708 19060 I ReactNativeJS:   isSelected: false,
10-18 09:48:34.307 15708 19060 I ReactNativeJS:   showingCalculated: true,
10-18 09:48:34.307 15708 19060 I ReactNativeJS:   source: 'calculated' }
10-18 09:48:34.308 15708 19060 I ReactNativeJS: '💰 [UI] Displaying fare for suv:', { fare: 762,
10-18 09:48:34.308 15708 19060 I ReactNativeJS:   isSelected: false,
10-18 09:48:34.308 15708 19060 I ReactNativeJS:   showingCalculated: true,
10-18 09:48:34.308 15708 19060 I ReactNativeJS:   source: 'calculated' }
10-18 09:48:34.310 15708 19060 I ReactNativeJS: '💰 [UI] Displaying fare for suv_ac:', { fare: 1922,
10-18 09:48:34.310 15708 19060 I ReactNativeJS:   isSelected: false,
10-18 09:48:34.310 15708 19060 I ReactNativeJS:   showingCalculated: true,
10-18 09:48:34.310 15708 19060 I ReactNativeJS:   source: 'calculated' }
10-18 09:48:34.330 15708 19060 I ReactNativeJS: '💰 [UI] Displaying fare for hatchback:', { fare: 381,
10-18 09:48:34.330 15708 19060 I ReactNativeJS:   isSelected: false,
10-18 09:48:34.330 15708 19060 I ReactNativeJS:   showingCalculated: true,
10-18 09:48:34.330 15708 19060 I ReactNativeJS:   source: 'calculated' }
10-18 09:48:34.332 15708 19060 I ReactNativeJS: '💰 [UI] Displaying fare for hatchback_ac:', { fare: 451,
10-18 09:48:34.332 15708 19060 I ReactNativeJS:   isSelected: false,
10-18 09:48:34.332 15708 19060 I ReactNativeJS:   showingCalculated: true,
10-18 09:48:34.332 15708 19060 I ReactNativeJS:   source: 'calculated' }
10-18 09:48:34.333 15708 19060 I ReactNativeJS: '💰 [UI] Displaying fare for sedan:', { fare: 391,
10-18 09:48:34.333 15708 19060 I ReactNativeJS:   isSelected: true,
10-18 09:48:34.333 15708 19060 I ReactNativeJS:   showingCalculated: true,
10-18 09:48:34.333 15708 19060 I ReactNativeJS:   source: 'calculated' }
10-18 09:48:34.334 15708 19060 I ReactNativeJS: '💰 [UI] Displaying fare for sedan_ac:', { fare: 461,
10-18 09:48:34.334 15708 19060 I ReactNativeJS:   isSelected: false,
10-18 09:48:34.334 15708 19060 I ReactNativeJS:   showingCalculated: true,
10-18 09:48:34.334 15708 19060 I ReactNativeJS:   source: 'calculated' }
10-18 09:48:34.336 15708 19060 I ReactNativeJS: '💰 [UI] Displaying fare for suv:', { fare: 762,
10-18 09:48:34.336 15708 19060 I ReactNativeJS:   isSelected: false,
10-18 09:48:34.336 15708 19060 I ReactNativeJS:   showingCalculated: true,
10-18 09:48:34.336 15708 19060 I ReactNativeJS:   source: 'calculated' }
10-18 09:48:34.337 15708 19060 I ReactNativeJS: '💰 [UI] Displaying fare for suv_ac:', { fare: 1922,
10-18 09:48:34.337 15708 19060 I ReactNativeJS:   isSelected: false,
10-18 09:48:34.337 15708 19060 I ReactNativeJS:   showingCalculated: true,
10-18 09:48:34.337 15708 19060 I ReactNativeJS:   source: 'calculated' }
10-18 09:48:34.338  5720 18797 D SQLiteQueryBuilder: SELECT instance_id, _user_id, compilation, disc_number, duration, album_artist, resolution, orientation, artist, author, inferred_date, format, height, is_drm, bucket_display_name, owner_package_name, parent, volume_name, date_modified, writer, date_expires, composer, _display_name, datetaken, mime_type, bitrate, cd_track_number, _id, xmp, year, oem_metadata, _data, _size, album, genre, title, width, is_favorite, is_trashed, group_id, document_id, generation_added, is_download, generation_modified, is_pending, date_added, capture_framerate, num_tracks, original_document_id, bucket_id, media_type, relative_path FROM files WHERE ((volume_name IN ( 'external_primary' ))) AND ((_data = ?))
10-18 09:48:34.342  5720 18797 W MediaProvider: isAppCloneUserPair for user 0: false
10-18 09:48:34.342  5720 18797 D SQLiteQueryBuilder: INSERT INTO files (_user_id,inferred_date,format,bucket_display_name,owner_package_name,parent,volume_name,date_expires,_modifier,_display_name,mime_type,_data,title,is_trashed,is_pending,date_added,bucket_id,media_type,relative_path,generation_added,generation_modified,_id) VALUES (?,?,?,?,?,?,?,?,?,?,?,?,?,?,?,?,?,?,?,(SELECT generation FROM local_metadata),(SELECT generation FROM local_metadata),_GET_ID( '/storage/emulated/0/Android/media/com.whatsapp/WhatsApp/.Shared/LgmVU+-MTV-poFEWl2o38w29sl6mh3CkZJYz7RT7vl0=.tmp.chck' ))
10-18 09:48:34.368  5751 10865 I IPCThreadState: oneway function results for code 2 on binder at 0xb4000077d005ec60 will be dropped but finished with status UNKNOWN_TRANSACTION
10-18 09:48:34.387  4758  4992 I FirebaseApp: Device unlocked: initializing all Firebase APIs for app storage-db-firebase
10-18 09:48:34.425   752  4814 D skia    : SkJpegCodec::onGetPixels -
10-18 09:48:34.455 26036 26036 D BoundBrokerSvc: onBind: Intent { act=com.google.android.gms.clearcut.sampler.service.START dat=chimera-action:/... cmp=com.google.android.gms/.chimera.PersistentDirectBootAwareApiService }
10-18 09:48:34.455 26036 26036 D BoundBrokerSvc: Loading bound service for intent: Intent { act=com.google.android.gms.clearcut.sampler.service.START dat=chimera-action:/... cmp=com.google.android.gms/.chimera.PersistentDirectBootAwareApiService }
10-18 09:48:34.474 26036 26172 I FusedLocation: (REDACTED) location delivery to %s blocked - too close
10-18 09:48:34.479 26036 26172 I FusedLocation: (REDACTED) location delivery to %s blocked - too fast
10-18 09:48:34.479 26036 26172 I FusedLocation: (REDACTED) location delivery to %s blocked - too fast
10-18 09:48:34.480 26036  1251 I Geofencer: (REDACTED) geofence trigger to %s blocked - initial event filter not matched
10-18 09:48:34.480 26036  1251 I Geofencer: (REDACTED) geofence trigger to %s blocked - initial event filter not matched
10-18 09:48:34.480 26036  1251 I Geofencer: (REDACTED) geofence trigger to %s blocked - initial event filter not matched
10-18 09:48:34.481 26036 26172 I FusedLocation: (REDACTED) location delivery to %s blocked - too fast
10-18 09:48:34.481 26036 26172 I FusedLocation: (REDACTED) location delivery to %s blocked - too close
10-18 09:48:34.481 26036 26172 I FusedLocation: (REDACTED) location delivery to %s blocked - too fast
10-18 09:48:34.490 18428 18428 I TaskService: Handling intent with task name 'background-location-task' and app scoping identifier 'com.a1taxi.driverpro'.
10-18 09:48:34.493 15708 19060 I ReactNativeJS: '📡 [FARE-CALC] Edge function response status:', 200
10-18 09:48:34.495 15708 19060 I ReactNativeJS: '📊 [FARE-CALC] Edge function raw result for Bagalur:', { success: true,
10-18 09:48:34.495 15708 19060 I ReactNativeJS:   fareBreakdown: 
10-18 09:48:34.495 15708 19060 I ReactNativeJS:    { baseFare: 150,
10-18 09:48:34.495 15708 19060 I ReactNativeJS:      distanceFare: 131,
10-18 09:48:34.495 15708 19060 I ReactNativeJS:      timeFare: 0,
10-18 09:48:34.495 15708 19060 I ReactNativeJS:      surgeFare: 0,
10-18 09:48:34.495 15708 19060 I ReactNativeJS:      platformFee: 0,
10-18 09:48:34.495 15708 19060 I ReactNativeJS:      deadheadCharge: 110,
10-18 09:48:34.495 15708 19060 I ReactNativeJS:      totalFare: 391,
10-18 09:48:34.495 15708 19060 I ReactNativeJS:      distance: 10.56,
10-18 09:48:34.495 15708 19060 I ReactNativeJS:      duration: 16,
10-18 09:48:34.495 15708 19060 I ReactNativeJS:      deadheadDistance: 11.03 },
10-18 09:48:34.495 15708 19060 I ReactNativeJS:   config: 
10-18 09:48:34.495 15708 19060 I ReactNativeJS:    { vehicle_type: 'sedan',
10-18 09:48:34.495 15708 19060 I ReactNativeJS:      base_fare: 150,
10-18 09:48:34.495 15708 19060 I ReactNativeJS:      per_km_rate: 20,
10-18 09:48:34.495 15708 19060 I ReactNativeJS:      per_minute_rate: 0,
10-18 09:48:34.495 15708 19060 I ReactNativeJS:      minimum_fare: 0,
10-18 09:48:34.495 15708 19060 I ReactNativeJS:      surge_multiplier: 1,
10-18 09:48:34.495 15708 19060 I ReactNativeJS:      platform_fee_percent: 0 },
10-18 09:48:34.495 15708 19060 I ReactNativeJS:   deadheadInfo: 
10-18 09:48:34.495 15708 19060 I ReactNativeJS:    { applied: true,
10-18 09:48:34.495 15708 19060 I ReactNativeJS:      reason: 'Between Inner and Outer Ring',
10-18 09:48:34.495 15708 19060 I ReactNativeJS:      deadheadDistance: 11.025914915977474,
10-18 09:48:34.495 15708 19060 I ReactNativeJS:      deadheadCharge: 110.25914915977474,
10-18 09:48:34.495 15708 19060 I ReactNativeJS:      zoneStatus: 'Between Inner and Outer Ring' } }
10-18 09:48:34.495 15708 19060 I ReactNativeJS: ✅ [FARE-CALC] ===== EDGE FUNCTION SUCCESS WITH DEADHEAD FOR BAGALUR =====
10-18 09:48:34.495 15708 19060 I ReactNativeJS: '✅ [FARE-CALC] Complete fare breakdown:', { baseFare: '₹150',
10-18 09:48:34.495 15708 19060 I ReactNativeJS:   distanceFare: '₹131',
10-18 09:48:34.495 15708 19060 I ReactNativeJS:   timeFare: '₹0',
10-18 09:48:34.495 15708 19060 I ReactNativeJS:   surgeFare: '₹0',
10-18 09:48:34.495 15708 19060 I ReactNativeJS:   platformFee: '₹0',
10-18 09:48:34.495 15708 19060 I ReactNativeJS:   deadheadCharge: '₹110',
10-18 09:48:34.495 15708 19060 I ReactNativeJS:   deadheadDistance: '11.03km',
10-18 09:48:34.495 15708 19060 I ReactNativeJS:   totalFare: '₹391',
10-18 09:48:34.495 15708 19060 I ReactNativeJS:   deadheadInfo: 
10-18 09:48:34.495 15708 19060 I ReactNativeJS:    { applied: true,
10-18 09:48:34.495 15708 19060 I ReactNativeJS:      reason: 'Between Inner and Outer Ring',
10-18 09:48:34.495 15708 19060 I ReactNativeJS:      deadheadDistance: 11.025914915977474,
10-18 09:48:34.495 15708 19060 I ReactNativeJS:      deadheadCharge: 110.25914915977474,
10-18 09:48:34.495 15708 19060 I ReactNativeJS:      zoneStatus: 'Between Inner and Outer Ring' },
10-18 09:48:34.495 15708 19060 I ReactNativeJS:   formula: '₹150 + ₹131 + ₹0 + ₹0 + ₹0 + ₹110 = ₹391',
10-18 09:48:34.495 15708 19060 I ReactNativeJS:   bagalurSpecific: 'This should show deadhead charges for Bagalur destination' }
10-18 09:48:34.495 15708 19060 I ReactNativeJS: '✅ [FARE-CALC] Deadhead analysis for Bagalur:', { destination: { latitude: 12.8303987, longitude: 77.86623689999999 },
10-18 09:48:34.495 15708 19060 I ReactNativeJS:   deadheadApplied: true,
10-18 09:48:34.495 15708 19060 I ReactNativeJS:   deadheadReason: 'Between Inner and Outer Ring',
10-18 09:48:34.495 15708 19060 I ReactNativeJS:   zoneStatus: 'Between Inner and Outer Ring',
10-18 09:48:34.495 15708 19060 I ReactNativeJS:   expectedForBagalur: 'Should be between Inner and Outer Ring with deadhead charge' }
10-18 09:48:34.495 18428 18428 W JobInfo : Job 'com.a1taxi.driverpro/expo.modules.taskManager.TaskJobService#0' has a deadline with no functional constraints. The deadline won't improve job execution latency. Consider removing the deadline.
10-18 09:48:34.495 15708 19060 I ReactNativeJS: 💰 [HOME] ===== FARE CALCULATION RESULT =====
10-18 09:48:34.495 15708 19060 I ReactNativeJS: '✅ [HOME] Fare breakdown received:', { baseFare: '₹150',
10-18 09:48:34.495 15708 19060 I ReactNativeJS:   distanceFare: '₹131',
10-18 09:48:34.495 15708 19060 I ReactNativeJS:   timeFare: '₹0',
10-18 09:48:34.495 15708 19060 I ReactNativeJS:   surgeFare: '₹0',
10-18 09:48:34.495 15708 19060 I ReactNativeJS:   platformFee: '₹0',
10-18 09:48:34.495 15708 19060 I ReactNativeJS:   deadheadCharge: '₹110',
10-18 09:48:34.495 15708 19060 I ReactNativeJS:   deadheadDistance: '11.03km',
10-18 09:48:34.495 15708 19060 I ReactNativeJS:   totalFare: '₹391',
10-18 09:48:34.495 15708 19060 I ReactNativeJS:   distance: '10.56km',
10-18 09:48:34.495 15708 19060 I ReactNativeJS:   duration: '16min',
10-18 09:48:34.495 15708 19060 I ReactNativeJS:   hasDeadheadCharge: true,
10-18 09:48:34.495 15708 19060 I ReactNativeJS:   isBagalurTrip: true,
10-18 09:48:34.495 15708 19060 I ReactNativeJS:   expectedDeadhead: 'YES' }
10-18 09:48:34.495 15708 19060 I ReactNativeJS: '🎯 [HOME] ✅ DEADHEAD CHARGE APPLIED:', { destination: 'Bagalur, Tamil Nadu, India',
10-18 09:48:34.495 15708 19060 I ReactNativeJS:   deadheadCharge: '₹110',
10-18 09:48:34.495 15708 19060 I ReactNativeJS:   deadheadDistance: '11.03km',
10-18 09:48:34.495 15708 19060 I ReactNativeJS:   reason: 'Destination is between Inner Ring and Outer Ring' }
10-18 09:48:34.496 15708 19060 I ReactNativeJS: '💰 [HOME] Calculating fares for all vehicle types based on', 'sedan', 'calculation'
10-18 09:48:34.496 15708 19060 I ReactNativeJS: 💰 [HOME] hatchback (estimated): ₹381 (ratio-based from sedan)
10-18 09:48:34.496 15708 19060 I ReactNativeJS: 💰 [HOME] hatchback_ac (estimated): ₹451 (ratio-based from sedan)
10-18 09:48:34.496 15708 19060 I ReactNativeJS: 💰 [HOME] sedan (selected): ₹391 (exact calculation)
10-18 09:48:34.496 15708 19060 I ReactNativeJS: 💰 [HOME] sedan_ac (estimated): ₹461 (ratio-based from sedan)
10-18 09:48:34.496 15708 19060 I ReactNativeJS: 💰 [HOME] suv (estimated): ₹762 (ratio-based from sedan)
10-18 09:48:34.496 15708 19060 I ReactNativeJS: 💰 [HOME] suv_ac (estimated): ₹1922 (ratio-based from sedan)
10-18 09:48:34.496 15708 19060 I ReactNativeJS: '💰 [UI] Displaying fare for hatchback:', { fare: 381,
10-18 09:48:34.496 15708 19060 I ReactNativeJS:   isSelected: false,
10-18 09:48:34.496 15708 19060 I ReactNativeJS:   showingCalculated: true,
10-18 09:48:34.496 15708 19060 I ReactNativeJS:   source: 'calculated' }
10-18 09:48:34.498 15708 19060 I ReactNativeJS: '💰 [UI] Displaying fare for hatchback_ac:', { fare: 451,
10-18 09:48:34.498 15708 19060 I ReactNativeJS:   isSelected: false,
10-18 09:48:34.498 15708 19060 I ReactNativeJS:   showingCalculated: true,
10-18 09:48:34.498 15708 19060 I ReactNativeJS:   source: 'calculated' }
10-18 09:48:34.499 15708 19060 I ReactNativeJS: '💰 [UI] Displaying fare for sedan:', { fare: 391,
10-18 09:48:34.499 15708 19060 I ReactNativeJS:   isSelected: true,
10-18 09:48:34.499 15708 19060 I ReactNativeJS:   showingCalculated: true,
10-18 09:48:34.499 15708 19060 I ReactNativeJS:   source: 'calculated' }
10-18 09:48:34.500 15708 19060 I ReactNativeJS: '💰 [UI] Displaying fare for sedan_ac:', { fare: 461,
10-18 09:48:34.500 15708 19060 I ReactNativeJS:   isSelected: false,
10-18 09:48:34.500 15708 19060 I ReactNativeJS:   showingCalculated: true,
10-18 09:48:34.500 15708 19060 I ReactNativeJS:   source: 'calculated' }
10-18 09:48:34.501 15708 19060 I ReactNativeJS: '💰 [UI] Displaying fare for suv:', { fare: 762,
10-18 09:48:34.501 15708 19060 I ReactNativeJS:   isSelected: false,
10-18 09:48:34.501 15708 19060 I ReactNativeJS:   showingCalculated: true,
10-18 09:48:34.501 15708 19060 I ReactNativeJS:   source: 'calculated' }
10-18 09:48:34.505 15708 19060 I ReactNativeJS: '💰 [UI] Displaying fare for suv_ac:', { fare: 1922,
10-18 09:48:34.505 15708 19060 I ReactNativeJS:   isSelected: false,
10-18 09:48:34.505 15708 19060 I ReactNativeJS:   showingCalculated: true,
10-18 09:48:34.505 15708 19060 I ReactNativeJS:   source: 'calculated' }
10-18 09:48:34.506 18428 18428 I TaskService: Handling job with task name 'background-location-task' for app with scoping identifier 'com.a1taxi.driverpro'.
10-18 09:48:34.516 18428 19185 I ReactNativeJS: '📍 Background location update:', [ { timestamp: 1760761108890,
10-18 09:48:34.516 18428 19185 I ReactNativeJS:     mocked: false,
10-18 09:48:34.516 18428 19185 I ReactNativeJS:     coords: 
10-18 09:48:34.516 18428 19185 I ReactNativeJS:      { altitude: 762.3,
10-18 09:48:34.516 18428 19185 I ReactNativeJS:        heading: 255,
10-18 09:48:34.516 18428 19185 I ReactNativeJS:        altitudeAccuracy: 33.20000076293945,
10-18 09:48:34.516 18428 19185 I ReactNativeJS:        latitude: 12.7486967,
10-18 09:48:34.516 18428 19185 I ReactNativeJS:        speed: 0.3608202636241913,
10-18 09:48:34.516 18428 19185 I ReactNativeJS:        longitude: 77.8298883,
10-18 09:48:34.516 18428 19185 I ReactNativeJS:        accuracy: 9.050000190734863 } },
10-18 09:48:34.516 18428 19185 I ReactNativeJS:   { timestamp: 1760761114428,
10-18 09:48:34.516 18428 19185 I ReactNativeJS:     mocked: false,
10-18 09:48:34.516 18428 19185 I ReactNativeJS:     coords: 
10-18 09:48:34.516 18428 19185 I ReactNativeJS:      { altitude: 777.5999999999999,
10-18 09:48:34.516 18428 19185 I ReactNativeJS:        heading: 355,
10-18 09:48:34.516 18428 19185 I ReactNativeJS:        altitudeAccuracy: 43.099998474121094,
10-18 09:48:34.516 18428 19185 I ReactNativeJS:        latitude: 12.7487417,
10-18 09:48:34.516 18428 19185 I ReactNativeJS:        speed: 0.2563316524028778,
10-18 09:48:34.516 18428 19185 I ReactNativeJS:        longitude: 77.8299567,
10-18 09:48:34.516 18428 19185 I ReactNativeJS:        accuracy: 4.599999904632568 } } ]
10-18 09:48:34.527 15708 19060 I ReactNativeJS: '💰 [HOME] All vehicle fares calculated:', { hatchback: 381,
10-18 09:48:34.527 15708 19060 I ReactNativeJS:   hatchback_ac: 451,
10-18 09:48:34.527 15708 19060 I ReactNativeJS:   sedan: 391,
10-18 09:48:34.527 15708 19060 I ReactNativeJS:   sedan_ac: 461,
10-18 09:48:34.527 15708 19060 I ReactNativeJS:   suv: 762,
10-18 09:48:34.527 15708 19060 I ReactNativeJS:   suv_ac: 1922 }
10-18 09:48:34.528 15708 19060 I ReactNativeJS: '💰 [UI] Displaying fare for hatchback:', { fare: 381,
10-18 09:48:34.528 15708 19060 I ReactNativeJS:   isSelected: false,
10-18 09:48:34.528 15708 19060 I ReactNativeJS:   showingCalculated: true,
10-18 09:48:34.528 15708 19060 I ReactNativeJS:   source: 'calculated' }
10-18 09:48:34.529 15708 19060 I ReactNativeJS: '💰 [UI] Displaying fare for hatchback_ac:', { fare: 451,
10-18 09:48:34.529 15708 19060 I ReactNativeJS:   isSelected: false,
10-18 09:48:34.529 15708 19060 I ReactNativeJS:   showingCalculated: true,
10-18 09:48:34.529 15708 19060 I ReactNativeJS:   source: 'calculated' }
10-18 09:48:34.531 15708 19060 I ReactNativeJS: '💰 [UI] Displaying fare for sedan:', { fare: 391,
10-18 09:48:34.531 15708 19060 I ReactNativeJS:   isSelected: true,
10-18 09:48:34.531 15708 19060 I ReactNativeJS:   showingCalculated: true,
10-18 09:48:34.531 15708 19060 I ReactNativeJS:   source: 'calculated' }
10-18 09:48:34.532 15708 19060 I ReactNativeJS: '💰 [UI] Displaying fare for sedan_ac:', { fare: 461,
10-18 09:48:34.532 15708 19060 I ReactNativeJS:   isSelected: false,
10-18 09:48:34.532 15708 19060 I ReactNativeJS:   showingCalculated: true,
10-18 09:48:34.532 15708 19060 I ReactNativeJS:   source: 'calculated' }
10-18 09:48:34.533 15708 19060 I ReactNativeJS: '💰 [UI] Displaying fare for suv:', { fare: 762,
10-18 09:48:34.533 15708 19060 I ReactNativeJS:   isSelected: false,
10-18 09:48:34.533 15708 19060 I ReactNativeJS:   showingCalculated: true,
10-18 09:48:34.533 15708 19060 I ReactNativeJS:   source: 'calculated' }
10-18 09:48:34.534 15708 19060 I ReactNativeJS: '💰 [UI] Displaying fare for suv_ac:', { fare: 1922,
10-18 09:48:34.534 15708 19060 I ReactNativeJS:   isSelected: false,
10-18 09:48:34.534 15708 19060 I ReactNativeJS:   showingCalculated: true,
10-18 09:48:34.534 15708 19060 I ReactNativeJS:   source: 'calculated' }
10-18 09:48:34.552 15708 19060 I ReactNativeJS: '💰 [UI] Displaying fare for hatchback:', { fare: 381,
10-18 09:48:34.552 15708 19060 I ReactNativeJS:   isSelected: false,
10-18 09:48:34.552 15708 19060 I ReactNativeJS:   showingCalculated: true,
10-18 09:48:34.552 15708 19060 I ReactNativeJS:   source: 'calculated' }
10-18 09:48:34.554 15708 19060 I ReactNativeJS: '💰 [UI] Displaying fare for hatchback_ac:', { fare: 451,
10-18 09:48:34.554 15708 19060 I ReactNativeJS:   isSelected: false,
10-18 09:48:34.554 15708 19060 I ReactNativeJS:   showingCalculated: true,
10-18 09:48:34.554 15708 19060 I ReactNativeJS:   source: 'calculated' }
10-18 09:48:34.555 15708 19060 I ReactNativeJS: '💰 [UI] Displaying fare for sedan:', { fare: 391,
10-18 09:48:34.555 15708 19060 I ReactNativeJS:   isSelected: true,
10-18 09:48:34.555 15708 19060 I ReactNativeJS:   showingCalculated: true,
10-18 09:48:34.555 15708 19060 I ReactNativeJS:   source: 'calculated' }
10-18 09:48:34.556 15708 19060 I ReactNativeJS: '💰 [UI] Displaying fare for sedan_ac:', { fare: 461,
10-18 09:48:34.556 15708 19060 I ReactNativeJS:   isSelected: false,
10-18 09:48:34.556 15708 19060 I ReactNativeJS:   showingCalculated: true,
10-18 09:48:34.556 15708 19060 I ReactNativeJS:   source: 'calculated' }
10-18 09:48:34.557 15708 19060 I ReactNativeJS: '💰 [UI] Displaying fare for suv:', { fare: 762,
10-18 09:48:34.557 15708 19060 I ReactNativeJS:   isSelected: false,
10-18 09:48:34.557 15708 19060 I ReactNativeJS:   showingCalculated: true,
10-18 09:48:34.557 15708 19060 I ReactNativeJS:   source: 'calculated' }
10-18 09:48:34.558 15708 19060 I ReactNativeJS: '💰 [UI] Displaying fare for suv_ac:', { fare: 1922,
10-18 09:48:34.558 15708 19060 I ReactNativeJS:   isSelected: false,
10-18 09:48:34.558 15708 19060 I ReactNativeJS:   showingCalculated: true,
10-18 09:48:34.558 15708 19060 I ReactNativeJS:   source: 'calculated' }
10-18 09:48:34.562 32656  5158 I Finsky  : [42556] Created new item store.
10-18 09:48:34.597  4758  4908 D SessionConfigFetcher: Fetching settings from server.
10-18 09:48:34.602 15708 19060 I ReactNativeJS: 🚨 [DEBUG] Driver location polling interval triggered
10-18 09:48:34.616 26036 26669 I WifiScanner: onFullResults
10-18 09:48:34.616 26036 26082 I WifiScanner: onFullResults
10-18 09:48:34.619 26036 26892 I WifiScanner: onFullResults
10-18 09:48:34.683  4758  5146 W Ads     : Failed to instantiate ClientApi class.
10-18 09:48:34.684  4758  5146 W DynamiteModule: Local module descriptor class for com.google.android.gms.ads.dynamite not found.
10-18 09:48:34.736 30791  4703 I cn_CronetUrlRequestContext: destroyNativeStreamLocked android.net.connectivity.org.chromium.net.impl.CronetBidirectionalStream@740d520
10-18 09:48:34.739 26036 31675 E ieha    : *~*~*~ Previous channel {0} was garbage collected without being shut down! ~*~*~*
10-18 09:48:34.739 26036 31675 E ieha    :     Make sure to call shutdown()/shutdownNow()
10-18 09:48:34.739 26036 31675 E ieha    : java.lang.RuntimeException: ManagedChannel allocation site
10-18 09:48:34.739 26036 31675 E ieha    : 	at iegz.<init>(:com.google.android.gms@253931035@25.39.31 (260400-813878953):21)
10-18 09:48:34.739 26036 31675 E ieha    : 	at ieha.<init>(:com.google.android.gms@253931035@25.39.31 (260400-813878953):10)
10-18 09:48:34.739 26036 31675 E ieha    : 	at iegy.a(:com.google.android.gms@253931035@25.39.31 (260400-813878953):250)
10-18 09:48:34.739 26036 31675 E ieha    : 	at idrg.a(:com.google.android.gms@253931035@25.39.31 (260400-813878953):5)
10-18 09:48:34.739 26036 31675 E ieha    : 	at cnny.h(:com.google.android.gms@253931035@25.39.31 (260400-813878953):150)
10-18 09:48:34.739 26036 31675 E ieha    : 	at gshn.a(:com.google.android.gms@253931035@25.39.31 (260400-813878953):158)
10-18 09:48:34.739 26036 31675 E ieha    : 	at ggnb.a(:com.google.android.gms@253931035@25.39.31 (260400-813878953):13)
10-18 09:48:34.739 26036 31675 E ieha    : 	at gpab.a(:com.google.android.gms@253931035@25.39.31 (260400-813878953):3)
10-18 09:48:34.739 26036 31675 E ieha    : 	at gozc.run(:com.google.android.gms@253931035@25.39.31 (260400-813878953):19)
10-18 09:48:34.739 26036 31675 E ieha    : 	at gpad.run(:com.google.android.gms@253931035@25.39.31 (260400-813878953):5)
10-18 09:48:34.739 26036 31675 E ieha    : 	at bcdr.c(:com.google.android.gms@253931035@25.39.31 (260400-813878953):50)
10-18 09:48:34.739 26036 31675 E ieha    : 	at bcdr.run(:com.google.android.gms@253931035@25.39.31 (260400-813878953):73)
10-18 09:48:34.739 26036 31675 E ieha    : 	at java.util.concurrent.ThreadPoolExecutor.runWorker(ThreadPoolExecutor.java:1156)
10-18 09:48:34.739 26036 31675 E ieha    : 	at java.util.concurrent.ThreadPoolExecutor$Worker.run(ThreadPoolExecutor.java:651)
10-18 09:48:34.739 26036 31675 E ieha    : 	at bcji.run(:com.google.android.gms@253931035@25.39.31 (260400-813878953):8)
10-18 09:48:34.739 26036 31675 E ieha    : 	at java.lang.Thread.run(Thread.java:1119)
10-18 09:48:34.806 30791 30864 W bntd    : (REDACTED) Deprecated channel: "%s" with group "%s" and title "%s"
10-18 09:48:34.806 30791 30864 W bntd    : (REDACTED) Deprecated channel: "%s" with group "%s" and title "%s"
10-18 09:48:34.810 27276 27286 W earchbox:search: Reducing the number of considered missed Gc histogram windows from 124 to 100
10-18 09:48:34.825 26036 26047 I .gms.persistent: Background young concurrent copying GC freed 17MB AllocSpace bytes, 7(904KB) LOS objects, 34% free, 26MB/40MB, paused 20.055ms,3.052ms total 772.182ms
10-18 09:48:34.930  4758  5146 I DynamiteModule: Considering local module com.google.android.gms.ads.dynamite:0 and remote module com.google.android.gms.ads.dynamite:253405700
10-18 09:48:34.931  4758  5146 I DynamiteModule: Selected remote version of com.google.android.gms.ads.dynamite, version >= 253405700
10-18 09:48:34.950   752  3409 D nativeloader: Load /data/app/~~Nj5x6oEjOfi5wD5H_znOGQ==/com.google.android.gms-is4C_Gk9dUPsxVnNnVBzPg==/base.apk!/lib/arm64-v8a/libconscrypt_gmscore_jni.so using class loader ns clns-10 (caller=/data/app/~~Nj5x6oEjOfi5wD5H_znOGQ==/com.google.android.gms-is4C_Gk9dUPsxVnNnVBzPg==/base.apk): ok
10-18 09:48:34.965  4758  4888 D SessionConfigFetcher: Fetched settings: {"settings_version":3,"cache_duration":189854,"features":{"collect_logged_exceptions":true,"collect_reports":true,"collect_analytics":false,"prompt_enabled":false,"push_enabled":false,"firebase_crashlytics_enabled":false,"collect_anrs":true,"collect_metric_kit":false,"collect_build_ids":true},"app":{"status":"activated","update_required":false,"report_upload_variant":2,"native_report_upload_variant":2},"fabric":{"org_id":"537af22bcb2e0506d50000dd","bundle_id":"com.makemytrip"},"on_demand_upload_rate_per_minute":10,"on_demand_backoff_base":1.2,"on_demand_backoff_step_duration_seconds":60,"app_quality":{"sessions_enabled":true,"sampling_rate":1,"session_timeout_seconds":1800},"on_demand_thread_recording_suspension_enabled":true}
10-18 09:48:34.995 26036  5154 D BluetoothAdapter: 132558518: getState(). Returning OFF
10-18 09:48:35.003  4758  5146 D DynamitePackage: Instantiated singleton DynamitePackage.
10-18 09:48:35.004  4758  5146 D DynamitePackage: Instantiating com.google.android.gms.ads.ChimeraMobileAdsSettingManagerCreatorImpl
10-18 09:48:35.018 18428 19185 I ReactNativeJS: 📤 Attempting to send background location...
10-18 09:48:35.018 18428 19185 E ReactNativeJS: ❌ EXPO_PUBLIC_SUPABASE_URL is not configured properly in background service
10-18 09:48:35.025 18428 19185 I ReactNativeJS: ⚠️ Skipping background location update - edge function not available
10-18 09:48:35.033 18428 19186 E unknown:ReactNative: console.error: ❌ EXPO_PUBLIC_SUPABASE_URL is not configured properly in background service, js engine: hermes, stack:
10-18 09:48:35.033 18428 19186 E unknown:ReactNative: _construct@1:117842
10-18 09:48:35.033 18428 19186 E unknown:ReactNative: Wrapper@1:117496
10-18 09:48:35.033 18428 19186 E unknown:ReactNative: _callSuper@1:115478
10-18 09:48:35.033 18428 19186 E unknown:ReactNative: SyntheticError@1:116983
10-18 09:48:35.033 18428 19186 E unknown:ReactNative: reactConsoleErrorHandler@1:116629
10-18 09:48:35.033 18428 19186 E unknown:ReactNative: ?anon_0_@1:1972321
10-18 09:48:35.033 18428 19186 E unknown:ReactNative: asyncGeneratorStep@1:573272
10-18 09:48:35.033 18428 19186 E unknown:ReactNative: _next@1:573529
10-18 09:48:35.033 18428 19186 E unknown:ReactNative: anonymous@1:136226
10-18 09:48:35.033 18428 19186 E unknown:ReactNative: _callTimer@1:135225
10-18 09:48:35.033 18428 19186 E unknown:ReactNative: _callReactNativeMicrotasksPass@1:135369
10-18 09:48:35.033 18428 19186 E unknown:ReactNative: callReactNativeMicrotasks@1:137289
10-18 09:48:35.033 18428 19186 E unknown:ReactNative: __callReactNativeMicrotasks@1:101038
10-18 09:48:35.033 18428 19186 E unknown:ReactNative: anonymous@1:100174
10-18 09:48:35.033 18428 19186 E unknown:ReactNative: __guard@1:100912
10-18 09:48:35.033 18428 19186 E unknown:ReactNative: flushedQueue@1:100085
10-18 09:48:35.033 18428 19186 E unknown:ReactNative: invokeCallbackAndReturnFlushedQueue@1:100028
10-18 09:48:35.033 18428 19173 I TaskService: Finished task 'background-location-task' with eventId 'c8a54809-ca96-42fb-9b2f-42122d9712f3'.
10-18 09:48:35.117 28626 28780 W GnpSdk  : Job finished with permanent failure. Job ID: 'GNP_SDK_JOB::no_account::15', key: 'GNP_REGISTRATION'
10-18 09:48:35.117 28626 28780 W GnpSdk  : mvi: HTTP Error Code: 403
10-18 09:48:35.117 28626 28780 W GnpSdk  : 	at mvh.b(PG:23)
10-18 09:48:35.117 28626 28780 W GnpSdk  : 	at naz.f(PG:391)
10-18 09:48:35.117 28626 28780 W GnpSdk  : 	at naw.b(PG:19)
10-18 09:48:35.117 28626 28780 W GnpSdk  : 	at uvu.s(PG:12)
10-18 09:48:35.117 28626 28780 W GnpSdk  : 	at vbq.run(PG:107)
10-18 09:48:35.117 28626 28780 W GnpSdk  : 	at pew.run(PG:204)
10-18 09:48:35.117 28626 28780 W GnpSdk  : 	at pew.run(PG:185)
10-18 09:48:35.117 28626 28780 W GnpSdk  : 	at lph.run(PG:5)
10-18 09:48:35.117 28626 28780 W GnpSdk  : 	at java.util.concurrent.ThreadPoolExecutor.runWorker(ThreadPoolExecutor.java:1156)
10-18 09:48:35.117 28626 28780 W GnpSdk  : 	at java.util.concurrent.ThreadPoolExecutor$Worker.run(ThreadPoolExecutor.java:651)
10-18 09:48:35.117 28626 28780 W GnpSdk  : 	at lbp.run(PG:272)
10-18 09:48:35.117 28626 28780 W GnpSdk  : 	at java.lang.Thread.run(Thread.java:1119)
10-18 09:48:35.117 28626 28780 W GnpSdk  : 	at lpy.run(PG:61)
10-18 09:48:35.134 15708 15708 I ScrollIdentify: on fling
10-18 09:48:35.144   752  3409 V NativeCrypto: Registering com/google/android/gms/org/conscrypt/NativeCrypto's 319 native methods...
10-18 09:48:35.168  5283  5283 I ers.customerapp: Using CollectorTypeCC GC.
10-18 09:48:35.173  5283  5283 E ers.customerapp: Not starting debugger since process cannot load the jdwp agent.
10-18 09:48:35.177  5283  5283 D nativeloader: Load libframework-connectivity-tiramisu-jni.so using APEX ns com_android_tethering for caller /apex/com.android.tethering/javalib/framework-connectivity-t.jar: ok
10-18 09:48:35.187  5283  5283 E ers.customerapp: BBinder_init Processname  <pre-initialized>  
10-18 09:48:35.187  5283  5283 E ers.customerapp: BBinder_init hasGetProcessName  <pre-initialized>
10-18 09:48:35.214  5283  5283 D ApplicationLoaders: Returning zygote-cached class loader: /system/framework/org.apache.http.legacy.jar
10-18 09:48:35.237 26036 26460 I cn_CronetUrlRequestContext: destroyNativeStreamLocked org.chromium.net.impl.CronetBidirectionalStream@537e974
10-18 09:48:35.251  5283  5283 W ers.customerapp: Failed to find entry 'classes.dex': Entry not found
10-18 09:48:35.258  5283  5283 W ers.customerapp: Failed to find entry 'classes.dex': Entry not found
10-18 09:48:35.258  4758  4892 I FirebaseCrashlytics: Saved version control info
10-18 09:48:35.261  5283  5283 D nativeloader: Configuring clns-7 for other apk /data/app/~~FHzHO1ykTtTf2DCWYXY9QQ==/com.grofers.customerapp-RIOELgCmdu-kvRQJAuDnJw==/base.apk:/data/app/~~FHzHO1ykTtTf2DCWYXY9QQ==/com.grofers.customerapp-RIOELgCmdu-kvRQJAuDnJw==/split_config.arm64_v8a.apk:/data/app/~~FHzHO1ykTtTf2DCWYXY9QQ==/com.grofers.customerapp-RIOELgCmdu-kvRQJAuDnJw==/split_config.xxhdpi.apk. target_sdk_version=35, uses_libraries=, library_path=/data/app/~~FHzHO1ykTtTf2DCWYXY9QQ==/com.grofers.customerapp-RIOELgCmdu-kvRQJAuDnJw==/lib/arm64:/data/app/~~FHzHO1ykTtTf2DCWYXY9QQ==/com.grofers.customerapp-RIOELgCmdu-kvRQJAuDnJw==/base.apk!/lib/arm64-v8a:/data/app/~~FHzHO1ykTtTf2DCWYXY9QQ==/com.grofers.customerapp-RIOELgCmdu-kvRQJAuDnJw==/split_config.arm64_v8a.apk!/lib/arm64-v8a:/data/app/~~FHzHO1ykTtTf2DCWYXY9QQ==/com.grofers.customerapp-RIOELgCmdu-kvRQJAuDnJw==/split_config.xxhdpi.apk!/lib/arm64-v8a, permitted_path=/data:/mnt/expand:/data/user/0/com.grofers.customerapp
10-18 09:48:35.270  5283  5283 D CompatChangeReporter: Compat change id reported: 202956589; UID 10304; state: ENABLED
