10-18 09:48:12.988 15708 19060 I ReactNativeJS: '💰 [HOME] Calculating fare for Bagalur trip:', { pickup: 'PRXJ+F32, Brindavan Nagar, Plot 87, NGGO\'s Colony, Anand Nagar, Hosur, Tamil Nadu 635109, India',
10-18 09:48:12.988 15708 19060 I ReactNativeJS:   destination: 'Bagalur, Tamil Nadu, India',
10-18 09:48:12.988 15708 19060 I ReactNativeJS:   pickupCoords: { latitude: 12.7486583, longitude: 77.8299917 },
10-18 09:48:12.988 15708 19060 I ReactNativeJS:   destinationCoords: { latitude: 12.8303987, longitude: 77.86623689999999 },
10-18 09:48:12.988 15708 19060 I ReactNativeJS:   selectedVehicle: 'sedan',
10-18 09:48:12.988 15708 19060 I ReactNativeJS:   timestamp: '2025-10-18T04:18:12.987Z',
10-18 09:48:12.988 15708 19060 I ReactNativeJS:   shouldHaveDeadhead: true }
10-18 09:48:12.988 15708 19060 I ReactNativeJS: 💰 [HOME] Calling fareCalculator.calculateFare...
10-18 09:48:12.988 15708 19060 I ReactNativeJS: '💰 [FARE-CALC] Input parameters:', { vehicleType: 'sedan',
10-18 09:48:12.988 15708 19060 I ReactNativeJS:   pickup: { latitude: 12.7486583, longitude: 77.8299917 },
10-18 09:48:12.988 15708 19060 I ReactNativeJS:   destination: { latitude: 12.8303987, longitude: 77.86623689999999 },
10-18 09:48:12.988 15708 19060 I ReactNativeJS:   timestamp: '2025-10-18T04:18:12.988Z',
10-18 09:48:12.988 15708 19060 I ReactNativeJS:   supabaseUrl: 'SET',
10-18 09:48:12.988 15708 19060 I ReactNativeJS:   supabaseKey: 'SET' }
10-18 09:48:12.988 15708 19060 I ReactNativeJS: 🎯 [FARE-CALC] Using edge function for deadhead calculation...
10-18 09:48:12.988 15708 19060 I ReactNativeJS: '🔍 [FARE-CALC] Environment validation:', { supabaseUrl: 'SET',
10-18 09:48:12.988 15708 19060 I ReactNativeJS:   supabaseKey: 'SET',
10-18 09:48:12.988 15708 19060 I ReactNativeJS:   urlValid: true,
10-18 09:48:12.988 15708 19060 I ReactNativeJS:   keyValid: true }
10-18 09:48:12.988 15708 19060 I ReactNativeJS: '🎯 [FARE-CALC] Edge function URL:', 'https://whubaypabojomdyfqxcf.supabase.co/functions/v1/fare-calculation'
10-18 09:48:12.988 15708 19060 I ReactNativeJS: 📡 [FARE-CALC] Making request to edge function...
10-18 09:48:12.988 15708 19060 I ReactNativeJS: '📡 [FARE-CALC] Request body:', { pickup_latitude: 12.7486583,
10-18 09:48:12.988 15708 19060 I ReactNativeJS:   pickup_longitude: 77.8299917,
10-18 09:48:12.988 15708 19060 I ReactNativeJS:   destination_latitude: 12.8303987,
10-18 09:48:12.988 15708 19060 I ReactNativeJS:   destination_longitude: 77.86623689999999,
10-18 09:48:12.988 15708 19060 I ReactNativeJS:   vehicle_type: 'sedan',
10-18 09:48:12.988 15708 19060 I ReactNativeJS:   booking_type: 'regular' }
10-18 09:48:12.989 15708 19060 I ReactNativeJS: '💰 [UI] Displaying fare for hatchback:', { fare: 0,
10-18 09:48:12.989 15708 19060 I ReactNativeJS:   isSelected: false,
10-18 09:48:12.989 15708 19060 I ReactNativeJS:   showingCalculated: false,
10-18 09:48:12.989 15708 19060 I ReactNativeJS:   source: 'minimum_fare' }
10-18 09:48:12.990 15708 19060 I ReactNativeJS: '💰 [UI] Displaying fare for hatchback_ac:', { fare: 0,
10-18 09:48:12.990 15708 19060 I ReactNativeJS:   isSelected: false,
10-18 09:48:12.990 15708 19060 I ReactNativeJS:   showingCalculated: false,
10-18 09:48:12.990 15708 19060 I ReactNativeJS:   source: 'minimum_fare' }
10-18 09:48:12.991 15708 19060 I ReactNativeJS: '💰 [UI] Displaying fare for sedan:', { fare: 0,
10-18 09:48:12.991 15708 19060 I ReactNativeJS:   isSelected: true,
10-18 09:48:12.991 15708 19060 I ReactNativeJS:   showingCalculated: false,
10-18 09:48:12.991 15708 19060 I ReactNativeJS:   source: 'minimum_fare' }
10-18 09:48:12.991 15708 19060 I ReactNativeJS: '💰 [UI] Displaying fare for sedan_ac:', { fare: 0,
10-18 09:48:12.991 15708 19060 I ReactNativeJS:   isSelected: false,
10-18 09:48:12.991 15708 19060 I ReactNativeJS:   showingCalculated: false,
10-18 09:48:12.991 15708 19060 I ReactNativeJS:   source: 'minimum_fare' }
10-18 09:48:12.992 15708 19060 I ReactNativeJS: '💰 [UI] Displaying fare for suv:', { fare: 90,
10-18 09:48:12.992 15708 19060 I ReactNativeJS:   isSelected: false,
10-18 09:48:12.992 15708 19060 I ReactNativeJS:   showingCalculated: true,
10-18 09:48:12.992 15708 19060 I ReactNativeJS:   source: 'calculated' }
10-18 09:48:12.993 15708 19060 I ReactNativeJS: '💰 [UI] Displaying fare for suv_ac:', { fare: 0,
10-18 09:48:12.993 15708 19060 I ReactNativeJS:   isSelected: false,
10-18 09:48:12.993 15708 19060 I ReactNativeJS:   showingCalculated: false,
10-18 09:48:12.993 15708 19060 I ReactNativeJS:   source: 'minimum_fare' }
10-18 09:48:13.010 15708 15708 D AutofillManager: view not autofillable - not passing ime action check
10-18 09:48:13.011 15708 15708 I ImeTracker: com.a1taxi.a1taxicustomer:bf5f89f8: onRequestHide at ORIGIN_CLIENT reason HIDE_SOFT_INPUT fromUser false
10-18 09:48:13.028 15708 15708 W WindowOnBackDispatcher: sendCancelIfRunning: isInProgress=false callback=android.view.ViewRootImpl$$ExternalSyntheticLambda11@10b11cb
10-18 09:48:13.029 15708 19060 E ReactNativeJS: '❌ [FARE-CALC] Edge function failed completely for', 'sedan', ':', 'Network request failed'
10-18 09:48:13.029 15708 15708 D AutofillManager: view not autofillable - not passing ime action check
10-18 09:48:13.030 15708 15708 D AutofillManager: view not autofillable - not passing ime action check
10-18 09:48:13.030 15708 19060 E ReactNativeJS: ❌ [FARE-CALC] This means deadhead charges will NOT be applied
10-18 09:48:13.030 15708 19060 W ReactNativeJS: ⚠️ [FARE-CALC] Using fallback calculation without deadhead charges
10-18 09:48:13.030 15708 19060 I ReactNativeJS: 🔄 Using fallback fare calculation with deadhead charges
10-18 09:48:13.030 15708 19060 I ReactNativeJS: 🗺️ [ROUTE-INFO] ===== FETCHING FRESH ROUTE INFORMATION =====
10-18 09:48:13.030 15708 19060 I ReactNativeJS: 🗺️ [ROUTE-INFO] Cache miss - will fetch from Google Maps
10-18 09:48:13.031 15708 19060 I ReactNativeJS: '🗺️ [ROUTE-INFO] Pickup:', { latitude: 12.7486583, longitude: 77.8299917 }
10-18 09:48:13.031 15708 19060 I ReactNativeJS: '🗺️ [ROUTE-INFO] Destination:', { latitude: 12.8303987, longitude: 77.86623689999999 }
10-18 09:48:13.031 15708 19060 I ReactNativeJS: 🗺️ [ROUTE-INFO] Attempting Google Maps Directions API...
10-18 09:48:13.031 15708 19060 I ReactNativeJS: '🗺️ [GOOGLE-MAPS] Getting directions from', { lat: 12.7486583, lng: 77.8299917 }, 'to', { lat: 12.8303987, lng: 77.86623689999999 }
10-18 09:48:13.031 15708 19060 I ReactNativeJS: '🌐 Making proxy request to:', 'https://whubaypabojomdyfqxcf.supabase.co/functions/v1/places-proxy/directions?origin=12.7486583%2C77.8299917&destination=12.8303987%2C77.86623689999999&mode=driving'
10-18 09:48:13.035 15708 15708 D BLASTBufferQueue: [VRI[MainActivity]#28](f:0,a:4) destructor()
10-18 09:48:13.035 15708 15708 D BufferQueueConsumer: [VRI[MainActivity]#28(BLAST Consumer)28](id:3d5c00000032,api:0,p:-1,c:15708) disconnect
10-18 09:48:13.056 15708 19060 E ReactNativeJS: '❌ Proxy request error:', [TypeError: Network request failed]
10-18 09:48:13.056 15708 19060 E ReactNativeJS: '❌ [GOOGLE-MAPS] Error getting directions:', [TypeError: Network request failed]
10-18 09:48:13.057 15708 19060 I ReactNativeJS: ⚠️ Google Directions failed, using fallback calculation
10-18 09:48:13.058 15708 19060 I ReactNativeJS: 💰 [HOME] ===== STARTING FARE CALCULATION WITH DEADHEAD =====
10-18 09:48:13.058 15708 19060 I ReactNativeJS: '💰 [HOME] Calculating fare for Bagalur trip:', { pickup: 'PRXJ+F32, Brindavan Nagar, Plot 87, NGGO\'s Colony, Anand Nagar, Hosur, Tamil Nadu 635109, India',
10-18 09:48:13.058 15708 19060 I ReactNativeJS:   destination: 'Bagalur, Tamil Nadu, India',
10-18 09:48:13.058 15708 19060 I ReactNativeJS:   pickupCoords: { latitude: 12.7486583, longitude: 77.8299917 },
10-18 09:48:13.058 15708 19060 I ReactNativeJS:   destinationCoords: { latitude: 12.8303987, longitude: 77.86623689999999 },
10-18 09:48:13.058 15708 19060 I ReactNativeJS:   selectedVehicle: 'sedan',
10-18 09:48:13.058 15708 19060 I ReactNativeJS:   timestamp: '2025-10-18T04:18:13.058Z',
10-18 09:48:13.058 15708 19060 I ReactNativeJS:   shouldHaveDeadhead: true }
10-18 09:48:13.058 15708 19060 I ReactNativeJS: 💰 [HOME] Calling fareCalculator.calculateFare...
10-18 09:48:13.059 15708 19060 I ReactNativeJS: '💰 [FARE-CALC] Input parameters:', { vehicleType: 'sedan',
10-18 09:48:13.059 15708 19060 I ReactNativeJS:   pickup: { latitude: 12.7486583, longitude: 77.8299917 },
10-18 09:48:13.059 15708 19060 I ReactNativeJS:   destination: { latitude: 12.8303987, longitude: 77.86623689999999 },
10-18 09:48:13.059 15708 19060 I ReactNativeJS:   timestamp: '2025-10-18T04:18:13.058Z',
10-18 09:48:13.059 15708 19060 I ReactNativeJS:   supabaseUrl: 'SET',
10-18 09:48:13.059 15708 19060 I ReactNativeJS:   supabaseKey: 'SET' }
10-18 09:48:13.059 15708 19060 I ReactNativeJS: 🎯 [FARE-CALC] Using edge function for deadhead calculation...
10-18 09:48:13.059 15708 19060 I ReactNativeJS: '🔍 [FARE-CALC] Environment validation:', { supabaseUrl: 'SET',
10-18 09:48:13.059 15708 19060 I ReactNativeJS:   supabaseKey: 'SET',
10-18 09:48:13.059 15708 19060 I ReactNativeJS:   urlValid: true,
10-18 09:48:13.059 15708 19060 I ReactNativeJS:   keyValid: true }
10-18 09:48:13.059 15708 19060 I ReactNativeJS: '🎯 [FARE-CALC] Edge function URL:', 'https://whubaypabojomdyfqxcf.supabase.co/functions/v1/fare-calculation'
10-18 09:48:13.059 15708 19060 I ReactNativeJS: 📡 [FARE-CALC] Making request to edge function...
10-18 09:48:13.059 15708 19060 I ReactNativeJS: '📡 [FARE-CALC] Request body:', { pickup_latitude: 12.7486583,
10-18 09:48:13.059 15708 19060 I ReactNativeJS:   pickup_longitude: 77.8299917,
10-18 09:48:13.059 15708 19060 I ReactNativeJS:   destination_latitude: 12.8303987,
10-18 09:48:13.059 15708 19060 I ReactNativeJS:   destination_longitude: 77.86623689999999,
10-18 09:48:13.059 15708 19060 I ReactNativeJS:   vehicle_type: 'sedan',
10-18 09:48:13.059 15708 19060 I ReactNativeJS:   booking_type: 'regular' }
10-18 09:48:13.060 15708 19061 E unknown:ReactNative: console.error: ❌ [FARE-CALC] Edge function failed completely for sedan : Network request failed, js engine: hermes, stack:
10-18 09:48:13.060 15708 19061 E unknown:ReactNative: _construct@1:175995
10-18 09:48:13.060 15708 19061 E unknown:ReactNative: Wrapper@1:175649
10-18 09:48:13.060 15708 19061 E unknown:ReactNative: _callSuper@1:173480
10-18 09:48:13.060 15708 19061 E unknown:ReactNative: SyntheticError@1:175136
10-18 09:48:13.060 15708 19061 E unknown:ReactNative: reactConsoleErrorHandler@1:174747
10-18 09:48:13.060 15708 19061 E unknown:ReactNative: ?anon_0_@1:2496506
10-18 09:48:13.060 15708 19061 E unknown:ReactNative: asyncGeneratorStep@1:605691
10-18 09:48:13.060 15708 19061 E unknown:ReactNative: _throw@1:605996
10-18 09:48:13.060 15708 19061 E unknown:ReactNative: anonymous@1:445123
10-18 09:48:13.060 15708 19061 E unknown:ReactNative: _callTimer@1:444108
10-18 09:48:13.060 15708 19061 E unknown:ReactNative: _callReactNativeMicrotasksPass@1:444252
10-18 09:48:13.060 15708 19061 E unknown:ReactNative: callReactNativeMicrotasks@1:446186
10-18 09:48:13.060 15708 19061 E unknown:ReactNative: __callReactNativeMicrotasks@1:166636
10-18 09:48:13.060 15708 19061 E unknown:ReactNative: anonymous@1:165772
10-18 09:48:13.060 15708 19061 E unknown:ReactNative: __guard@1:166510
10-18 09:48:13.060 15708 19061 E unknown:ReactNative: flushedQueue@1:165683
10-18 09:48:13.060 15708 19061 E unknown:ReactNative: callFunctionReturnFlushedQueue@1:165539
10-18 09:48:13.061 15708 19061 E unknown:ReactNative: console.error: ❌ [FARE-CALC] This means deadhead charges will NOT be applied, js engine: hermes, stack:
10-18 09:48:13.061 15708 19061 E unknown:ReactNative: _construct@1:175995
10-18 09:48:13.061 15708 19061 E unknown:ReactNative: Wrapper@1:175649
10-18 09:48:13.061 15708 19061 E unknown:ReactNative: _callSuper@1:173480
10-18 09:48:13.061 15708 19061 E unknown:ReactNative: SyntheticError@1:175136
10-18 09:48:13.061 15708 19061 E unknown:ReactNative: reactConsoleErrorHandler@1:174747
10-18 09:48:13.061 15708 19061 E unknown:ReactNative: ?anon_0_@1:2496525
10-18 09:48:13.061 15708 19061 E unknown:ReactNative: asyncGeneratorStep@1:605691
10-18 09:48:13.061 15708 19061 E unknown:ReactNative: _throw@1:605996
10-18 09:48:13.061 15708 19061 E unknown:ReactNative: anonymous@1:445123
10-18 09:48:13.061 15708 19061 E unknown:ReactNative: _callTimer@1:444108
10-18 09:48:13.061 15708 19061 E unknown:ReactNative: _callReactNativeMicrotasksPass@1:444252
10-18 09:48:13.061 15708 19061 E unknown:ReactNative: callReactNativeMicrotasks@1:446186
10-18 09:48:13.061 15708 19061 E unknown:ReactNative: __callReactNativeMicrotasks@1:166636
10-18 09:48:13.061 15708 19061 E unknown:ReactNative: anonymous@1:165772
10-18 09:48:13.061 15708 19061 E unknown:ReactNative: __guard@1:166510
10-18 09:48:13.061 15708 19061 E unknown:ReactNative: flushedQueue@1:165683
10-18 09:48:13.061 15708 19061 E unknown:ReactNative: callFunctionReturnFlushedQueue@1:165539
10-18 09:48:13.063 15708 19061 E unknown:ReactNative: console.error: ❌ Proxy request error: TypeError: Network request failed, js engine: hermes, stack:
10-18 09:48:13.063 15708 19061 E unknown:ReactNative: _construct@1:175995
10-18 09:48:13.063 15708 19061 E unknown:ReactNative: Wrapper@1:175649
10-18 09:48:13.063 15708 19061 E unknown:ReactNative: _callSuper@1:173480
10-18 09:48:13.063 15708 19061 E unknown:ReactNative: SyntheticError@1:175136
10-18 09:48:13.063 15708 19061 E unknown:ReactNative: reactConsoleErrorHandler@1:174747
10-18 09:48:13.063 15708 19061 E unknown:ReactNative: ?anon_0_@1:2470709
10-18 09:48:13.063 15708 19061 E unknown:ReactNative: asyncGeneratorStep@1:605691
10-18 09:48:13.063 15708 19061 E unknown:ReactNative: _throw@1:605996
10-18 09:48:13.063 15708 19061 E unknown:ReactNative: anonymous@1:445123
10-18 09:48:13.063 15708 19061 E unknown:ReactNative: _callTimer@1:444108
10-18 09:48:13.063 15708 19061 E unknown:ReactNative: _callReactNativeMicrotasksPass@1:444252
10-18 09:48:13.063 15708 19061 E unknown:ReactNative: callReactNativeMicrotasks@1:446186
10-18 09:48:13.063 15708 19061 E unknown:ReactNative: __callReactNativeMicrotasks@1:166636
10-18 09:48:13.063 15708 19061 E unknown:ReactNative: anonymous@1:165772
10-18 09:48:13.063 15708 19061 E unknown:ReactNative: __guard@1:166510
10-18 09:48:13.063 15708 19061 E unknown:ReactNative: flushedQueue@1:165683
10-18 09:48:13.063 15708 19061 E unknown:ReactNative: callFunctionReturnFlushedQueue@1:165539
10-18 09:48:13.065 15708 19061 E unknown:ReactNative: console.error: ❌ [GOOGLE-MAPS] Error getting directions: TypeError: Network request failed, js engine: hermes, stack:
10-18 09:48:13.065 15708 19061 E unknown:ReactNative: _construct@1:175995
10-18 09:48:13.065 15708 19061 E unknown:ReactNative: Wrapper@1:175649
10-18 09:48:13.065 15708 19061 E unknown:ReactNative: _callSuper@1:173480
10-18 09:48:13.065 15708 19061 E unknown:ReactNative: SyntheticError@1:175136
10-18 09:48:13.065 15708 19061 E unknown:ReactNative: reactConsoleErrorHandler@1:174747
10-18 09:48:13.065 15708 19061 E unknown:ReactNative: ?anon_0_@1:2472156
10-18 09:48:13.065 15708 19061 E unknown:ReactNative: asyncGeneratorStep@1:605691
10-18 09:48:13.065 15708 19061 E unknown:ReactNative: _throw@1:605996
10-18 09:48:13.065 15708 19061 E unknown:ReactNative: anonymous@1:445123
10-18 09:48:13.065 15708 19061 E unknown:ReactNative: _callTimer@1:444108
10-18 09:48:13.065 15708 19061 E unknown:ReactNative: _callReactNativeMicrotasksPass@1:444252
10-18 09:48:13.065 15708 19061 E unknown:ReactNative: callReactNativeMicrotasks@1:446197
10-18 09:48:13.065 15708 19061 E unknown:ReactNative: __callReactNativeMicrotasks@1:166636
10-18 09:48:13.065 15708 19061 E unknown:ReactNative: anonymous@1:165772
10-18 09:48:13.065 15708 19061 E unknown:ReactNative: __guard@1:166510
10-18 09:48:13.065 15708 19061 E unknown:ReactNative: flushedQueue@1:165683
10-18 09:48:13.065 15708 19061 E unknown:ReactNative: callFunctionReturnFlushedQueue@1:165539
10-18 09:48:13.067 15708 19060 E ReactNativeJS: '❌ Proxy request error:', [TypeError: Network request failed]
10-18 09:48:13.068 15708 19060 E ReactNativeJS: '❌ [GOOGLE-MAPS] Error getting directions:', [TypeError: Network request failed]
10-18 09:48:13.069 15708 19060 W ReactNativeJS: ⚠️ [ROUTE-INFO] ===== GOOGLE DIRECTIONS API FAILED =====
10-18 09:48:13.069 15708 19060 W ReactNativeJS: ⚠️ [ROUTE-INFO] Falling back to straight-line (Haversine) distance
10-18 09:48:13.069 15708 19060 W ReactNativeJS: ⚠️ [ROUTE-INFO] This will be LESS ACCURATE than road distance
10-18 09:48:13.069 15708 19060 I ReactNativeJS: '📏 [ROUTE-INFO] Haversine (straight-line) distance:', '9.90km'
10-18 09:48:13.069 15708 19060 I ReactNativeJS: 📏 [ROUTE-INFO] Note: This is NOT the road distance!
10-18 09:48:13.069 15708 19060 I ReactNativeJS: 🗺️ [ROUTE-INFO] ===== FINAL ROUTE INFO =====
10-18 09:48:13.069 15708 19060 I ReactNativeJS: '🗺️ [ROUTE-INFO] Distance used for fare:', '9.90km'
10-18 09:48:13.069 15708 19060 I ReactNativeJS: '🗺️ [ROUTE-INFO] Duration used for fare:', '19.8 min'
10-18 09:48:13.069 15708 19060 I ReactNativeJS: '🔄 Fetching FRESH fare config from database for vehicle_type:', 'sedan'
10-18 09:48:13.069 15708 19060 I ReactNativeJS: '🔍 Query parameters:', { vehicle_type: 'sedan',
10-18 09:48:13.069 15708 19060 I ReactNativeJS:   booking_type: 'regular',
10-18 09:48:13.069 15708 19060 I ReactNativeJS:   is_active: true }
10-18 09:48:13.073 15708 19061 E unknown:ReactNative: console.error: ❌ Proxy request error: TypeError: Network request failed, js engine: hermes, stack:
10-18 09:48:13.073 15708 19061 E unknown:ReactNative: _construct@1:175995
10-18 09:48:13.073 15708 19061 E unknown:ReactNative: Wrapper@1:175649
10-18 09:48:13.073 15708 19061 E unknown:ReactNative: _callSuper@1:173480
10-18 09:48:13.073 15708 19061 E unknown:ReactNative: SyntheticError@1:175136
10-18 09:48:13.073 15708 19061 E unknown:ReactNative: reactConsoleErrorHandler@1:174747
10-18 09:48:13.073 15708 19061 E unknown:ReactNative: ?anon_0_@1:2470709
10-18 09:48:13.073 15708 19061 E unknown:ReactNative: asyncGeneratorStep@1:605691
10-18 09:48:13.073 15708 19061 E unknown:ReactNative: _throw@1:605996
10-18 09:48:13.073 15708 19061 E unknown:ReactNative: anonymous@1:445123
10-18 09:48:13.073 15708 19061 E unknown:ReactNative: _callTimer@1:444108
10-18 09:48:13.073 15708 19061 E unknown:ReactNative: _callReactNativeMicrotasksPass@1:444252
10-18 09:48:13.073 15708 19061 E unknown:ReactNative: callReactNativeMicrotasks@1:446186
10-18 09:48:13.073 15708 19061 E unknown:ReactNative: __callReactNativeMicrotasks@1:166636
10-18 09:48:13.073 15708 19061 E unknown:ReactNative: anonymous@1:165772
10-18 09:48:13.073 15708 19061 E unknown:ReactNative: __guard@1:166510
10-18 09:48:13.073 15708 19061 E unknown:ReactNative: flushedQueue@1:165683
10-18 09:48:13.073 15708 19061 E unknown:ReactNative: callFunctionReturnFlushedQueue@1:165539
10-18 09:48:13.074 15708 19061 E unknown:ReactNative: console.error: ❌ [GOOGLE-MAPS] Error getting directions: TypeError: Network request failed, js engine: hermes, stack:
10-18 09:48:13.074 15708 19061 E unknown:ReactNative: _construct@1:175995
10-18 09:48:13.074 15708 19061 E unknown:ReactNative: Wrapper@1:175649
10-18 09:48:13.074 15708 19061 E unknown:ReactNative: _callSuper@1:173480
10-18 09:48:13.074 15708 19061 E unknown:ReactNative: SyntheticError@1:175136
10-18 09:48:13.074 15708 19061 E unknown:ReactNative: reactConsoleErrorHandler@1:174747
10-18 09:48:13.074 15708 19061 E unknown:ReactNative: ?anon_0_@1:2472156
10-18 09:48:13.074 15708 19061 E unknown:ReactNative: asyncGeneratorStep@1:605691
10-18 09:48:13.074 15708 19061 E unknown:ReactNative: _throw@1:605996
10-18 09:48:13.074 15708 19061 E unknown:ReactNative: anonymous@1:445123
10-18 09:48:13.074 15708 19061 E unknown:ReactNative: _callTimer@1:444108
10-18 09:48:13.074 15708 19061 E unknown:ReactNative: _callReactNativeMicrotasksPass@1:444252
10-18 09:48:13.074 15708 19061 E unknown:ReactNative: callReactNativeMicrotasks@1:446197
10-18 09:48:13.074 15708 19061 E unknown:ReactNative: __callReactNativeMicrotasks@1:166636
10-18 09:48:13.074 15708 19061 E unknown:ReactNative: anonymous@1:165772
10-18 09:48:13.074 15708 19061 E unknown:ReactNative: __guard@1:166510
10-18 09:48:13.074 15708 19061 E unknown:ReactNative: flushedQueue@1:165683
10-18 09:48:13.074 15708 19061 E unknown:ReactNative: callFunctionReturnFlushedQueue@1:165539
10-18 09:48:13.076 15708 19060 E ReactNativeJS: '❌ [FARE-CALC] Edge function failed completely for', 'sedan', ':', 'Network request failed'
10-18 09:48:13.077 15708 19060 E ReactNativeJS: ❌ [FARE-CALC] This means deadhead charges will NOT be applied
10-18 09:48:13.077 15708 19060 W ReactNativeJS: ⚠️ [FARE-CALC] Using fallback calculation without deadhead charges
10-18 09:48:13.077 15708 19060 I ReactNativeJS: 🔄 Using fallback fare calculation with deadhead charges
10-18 09:48:13.078 15708 19060 I ReactNativeJS: '🗺️ [ROUTE-CACHE] ⚠️ Using CACHED route info:', { cacheKey: '12.748658,77.829992-12.830399,77.866237...',
10-18 09:48:13.078 15708 19060 I ReactNativeJS:   distance: '9.902486622747142km',
10-18 09:48:13.078 15708 19060 I ReactNativeJS:   duration: '19.804973245494285min',
10-18 09:48:13.078 15708 19060 I ReactNativeJS:   cacheAge: '0s',
10-18 09:48:13.078 15708 19060 I ReactNativeJS:   maxCacheAge: '120s',
10-18 09:48:13.078 15708 19060 I ReactNativeJS:   WARNING: 'If distance looks wrong, cache may be returning stale data!' }
10-18 09:48:13.078 15708 19060 I ReactNativeJS: '🔄 Fetching FRESH fare config from database for vehicle_type:', 'sedan'
10-18 09:48:13.078 15708 19060 I ReactNativeJS: '🔍 Query parameters:', { vehicle_type: 'sedan',
10-18 09:48:13.078 15708 19060 I ReactNativeJS:   booking_type: 'regular',
10-18 09:48:13.078 15708 19060 I ReactNativeJS:   is_active: true }
10-18 09:48:13.081 15708 19061 E unknown:ReactNative: console.error: ❌ [FARE-CALC] Edge function failed completely for sedan : Network request failed, js engine: hermes, stack:
10-18 09:48:13.081 15708 19061 E unknown:ReactNative: _construct@1:175995
10-18 09:48:13.081 15708 19061 E unknown:ReactNative: Wrapper@1:175649
10-18 09:48:13.081 15708 19061 E unknown:ReactNative: _callSuper@1:173480
10-18 09:48:13.081 15708 19061 E unknown:ReactNative: SyntheticError@1:175136
10-18 09:48:13.081 15708 19061 E unknown:ReactNative: reactConsoleErrorHandler@1:174747
10-18 09:48:13.081 15708 19061 E unknown:ReactNative: ?anon_0_@1:2496506
10-18 09:48:13.081 15708 19061 E unknown:ReactNative: asyncGeneratorStep@1:605691
10-18 09:48:13.081 15708 19061 E unknown:ReactNative: _throw@1:605996
10-18 09:48:13.081 15708 19061 E unknown:ReactNative: anonymous@1:445123
10-18 09:48:13.081 15708 19061 E unknown:ReactNative: _callTimer@1:444108
10-18 09:48:13.081 15708 19061 E unknown:ReactNative: _callReactNativeMicrotasksPass@1:444252
10-18 09:48:13.081 15708 19061 E unknown:ReactNative: callReactNativeMicrotasks@1:446186
10-18 09:48:13.081 15708 19061 E unknown:ReactNative: __callReactNativeMicrotasks@1:166636
10-18 09:48:13.081 15708 19061 E unknown:ReactNative: anonymous@1:165772
10-18 09:48:13.081 15708 19061 E unknown:ReactNative: __guard@1:166510
10-18 09:48:13.081 15708 19061 E unknown:ReactNative: flushedQueue@1:165683
10-18 09:48:13.081 15708 19061 E unknown:ReactNative: callFunctionReturnFlushedQueue@1:165539
10-18 09:48:13.082 15708 19061 E unknown:ReactNative: console.error: ❌ [FARE-CALC] This means deadhead charges will NOT be applied, js engine: hermes, stack:
10-18 09:48:13.082 15708 19061 E unknown:ReactNative: _construct@1:175995
10-18 09:48:13.082 15708 19061 E unknown:ReactNative: Wrapper@1:175649
10-18 09:48:13.082 15708 19061 E unknown:ReactNative: _callSuper@1:173480
10-18 09:48:13.082 15708 19061 E unknown:ReactNative: SyntheticError@1:175136
10-18 09:48:13.082 15708 19061 E unknown:ReactNative: reactConsoleErrorHandler@1:174747
10-18 09:48:13.082 15708 19061 E unknown:ReactNative: ?anon_0_@1:2496525
10-18 09:48:13.082 15708 19061 E unknown:ReactNative: asyncGeneratorStep@1:605691
10-18 09:48:13.082 15708 19061 E unknown:ReactNative: _throw@1:605996
10-18 09:48:13.082 15708 19061 E unknown:ReactNative: anonymous@1:445123
10-18 09:48:13.082 15708 19061 E unknown:ReactNative: _callTimer@1:444108
10-18 09:48:13.082 15708 19061 E unknown:ReactNative: _callReactNativeMicrotasksPass@1:444252
10-18 09:48:13.082 15708 19061 E unknown:ReactNative: callReactNativeMicrotasks@1:446186
10-18 09:48:13.082 15708 19061 E unknown:ReactNative: __callReactNativeMicrotasks@1:166636
10-18 09:48:13.082 15708 19061 E unknown:ReactNative: anonymous@1:165772
10-18 09:48:13.082 15708 19061 E unknown:ReactNative: __guard@1:166510
10-18 09:48:13.082 15708 19061 E unknown:ReactNative: flushedQueue@1:165683
10-18 09:48:13.082 15708 19061 E unknown:ReactNative: callFunctionReturnFlushedQueue@1:165539
10-18 09:48:13.095 15708 15708 V ImeFocusController: onWindowFocus: com.android.internal.policy.DecorView{59ad08d V.E...... R......D 0,0-1080,2392 aid=0}[MainActivity] softInputMode=STATE_UNSPECIFIED|ADJUST_RESIZE
10-18 09:48:13.099  5589  5589 I GoogleInputMethodService: GoogleInputMethodService.onFinishInput():2085 
10-18 09:48:13.100  5589  5589 I Module  : DeviceLockedStatusModuleProvider$Module.updateDeviceLockedStatus():100 repeatCheckTimes = 0, locked = false
10-18 09:48:13.101  5589  5589 I GoogleInputMethodService: GoogleInputMethodService.onStartInput():1346 onStartInput(EditorInfo{EditorInfo{packageName=com.a1taxi.a1taxicustomer, inputType=0, inputTypeString=NULL, enableLearning=false, autoCorrection=false, autoComplete=false, imeOptions=0, privateImeOptions=null, actionName=UNSPECIFIED, actionLabel=null, initialSelStart=-1, initialSelEnd=-1, initialCapsMode=0, label=null, fieldId=0, fieldName=null, extras=null, hintText=null, hintLocales=[]}}, false)
10-18 09:48:13.102  5589  5589 I Module  : DeviceLockedStatusModuleProvider$Module.updateDeviceLockedStatus():100 repeatCheckTimes = 1, locked = false
10-18 09:48:14.004 26036 26104 W Settings: Setting airplane_mode_on has moved from android.provider.Settings.System to android.provider.Settings.Global, returning read-only value.
10-18 09:48:14.005 26036 26104 W Settings: Setting airplane_mode_on has moved from android.provider.Settings.System to android.provider.Settings.Global, returning read-only value.
10-18 09:48:14.010 26036 30448 W SystemServiceRegistry: No service published for: wifirtt
10-18 09:48:14.045 15708 19060 I ReactNativeJS: 🚨 [DEBUG] Driver location polling interval triggered
10-18 09:48:15.486 26036 26669 I NullBinder: NullBinder for com.google.android.gms.lockbox.service.START triggering remote TransactionTooLargeException due to Service without Chimera impl, calling uid: 10202, calling pid: 26106
10-18 09:48:15.486 26036 26669 W .gms.persistent: Large reply transaction of 1056768 bytes, interface descriptor , code 46
10-18 09:48:15.487 26106 26139 E IPCThreadState: Binder transaction failure. id: 428274849, BR_*: 29201, error: -28 (No space left on device)
10-18 09:48:15.487 26106 26139 D ActivityThread: Too many transaction errors, throttling freezer binder callback.
10-18 09:48:15.487 26106 26139 E JavaBinder: !!! FAILED BINDER TRANSACTION !!!  (parcel size = 408)
10-18 09:48:15.488 26106 26139 W GmsClient: IGmsServiceBroker.getService failed
10-18 09:48:15.488 26106 26139 W GmsClient: android.os.DeadObjectException: Transaction failed on small parcel; remote process probably died, but this could also be caused by running out of binder buffer space
10-18 09:48:15.488 26106 26139 W GmsClient: 	at android.os.BinderProxy.transactNative(Native Method)
10-18 09:48:15.488 26106 26139 W GmsClient: 	at android.os.BinderProxy.transact(BinderProxy.java:692)
10-18 09:48:15.488 26106 26139 W GmsClient: 	at bbkc.a(:com.google.android.gms@253931035@25.39.31 (260400-813878953):33)
10-18 09:48:15.488 26106 26139 W GmsClient: 	at bbid.z(:com.google.android.gms@253931035@25.39.31 (260400-813878953):160)
10-18 09:48:15.488 26106 26139 W GmsClient: 	at baoz.run(:com.google.android.gms@253931035@25.39.31 (260400-813878953):42)
10-18 09:48:15.488 26106 26139 W GmsClient: 	at android.os.Handler.handleCallback(Handler.java:1014)
10-18 09:48:15.488 26106 26139 W GmsClient: 	at android.os.Handler.dispatchMessage(Handler.java:102)
10-18 09:48:15.488 26106 26139 W GmsClient: 	at cmjd.mC(:com.google.android.gms@253931035@25.39.31 (260400-813878953):1)
10-18 09:48:15.488 26106 26139 W GmsClient: 	at cmjd.dispatchMessage(:com.google.android.gms@253931035@25.39.31 (260400-813878953):144)
10-18 09:48:15.488 26106 26139 W GmsClient: 	at android.os.Looper.loopOnce(Looper.java:250)
10-18 09:48:15.488 26106 26139 W GmsClient: 	at android.os.Looper.loop(Looper.java:340)
10-18 09:48:15.488 26106 26139 W GmsClient: 	at android.os.HandlerThread.run(HandlerThread.java:107)
10-18 09:48:15.555 15708 19060 E ReactNativeJS: [TypeError: Network request failed]
10-18 09:48:15.556 15708 19061 E unknown:ReactNative: TypeError: Network request failed, js engine: hermes, stack:
10-18 09:48:15.556 15708 19061 E unknown:ReactNative: anonymous@1:497763
10-18 09:48:15.556 15708 19061 E unknown:ReactNative: anonymous@1:444776
10-18 09:48:15.556 15708 19061 E unknown:ReactNative: _callTimer@1:444108
10-18 09:48:15.556 15708 19061 E unknown:ReactNative: callTimers@1:445831
10-18 09:48:15.556 15708 19061 E unknown:ReactNative: __callFunction@1:167128
10-18 09:48:15.556 15708 19061 E unknown:ReactNative: anonymous@1:165570
10-18 09:48:15.556 15708 19061 E unknown:ReactNative: __guard@1:166510
10-18 09:48:15.556 15708 19061 E unknown:ReactNative: callFunctionReturnFlushedQueue@1:165528
10-18 09:48:15.711 15708 15708 I ScrollIdentify: on fling
10-18 09:48:17.199 26036 26669 I WifiScanner: onFullResults
10-18 09:48:17.200 26036 26082 I WifiScanner: onFullResults
10-18 09:48:17.202 26036 26669 I WifiScanner: onFullResults
10-18 09:48:17.211 26036 30417 I FrewleTileCacheManagerV: (REDACTED) Fetched %d AP models from cache
10-18 09:48:18.361  1870  2859 D BatteryStatsService: noteVideoSurfaceChanged  noteWhich: 49,arg1: 1080, arg2: 2392, arg3: 2704, arg4: 230, name: com.android.systemui
10-18 09:48:18.361  1870  2859 D BatteryStatsService: noteVideoSurfaceChanged  noteWhich: 49,arg1: 1080, arg2: 2392, arg3: 2704, arg4: 236, name: com.android.systemui
10-18 09:48:18.369  1870  1928 D BatteryStatsService: noteVideoSurfaceChanged  noteWhich: 49,arg1: 1080, arg2: 2392, arg3: 2704, arg4: 230, name: com.android.systemui
10-18 09:48:18.370  1870  2859 D BatteryStatsService: noteVideoSurfaceChanged  noteWhich: 49,arg1: 1080, arg2: 2392, arg3: 2704, arg4: 236, name: com.android.systemui
10-18 09:48:18.405  1870  2610 D BatteryStatsService: noteVideoSurfaceChanged  noteWhich: 49,arg1: 1080, arg2: 2392, arg3: 2704, arg4: 230, name: com.android.systemui
10-18 09:48:18.454  1870  2859 D BatteryStatsService: noteVideoSurfaceChanged  noteWhich: 49,arg1: 1080, arg2: 2392, arg3: 2704, arg4: 230, name: com.android.systemui
10-18 09:48:18.455  1870  2859 D BatteryStatsService: noteVideoSurfaceChanged  noteWhich: 49,arg1: 1080, arg2: 2392, arg3: 2704, arg4: 236, name: com.android.systemui
10-18 09:48:19.048 15708 19060 I ReactNativeJS: 🚨 [DEBUG] Driver location polling interval triggered
10-18 09:48:19.650 26036 31695 I NearbySharing: Broadcasting NearbySharing state change.
10-18 09:48:19.655 26036 31273 W NearbyMediums: [WIFI_RADIO] State was changed outside of our control. Updating the snapshot to match current radio state.
10-18 09:48:19.697 26106 26106 I NearbySharing: SharingTileService created.
10-18 09:48:19.724 26106 26106 D BluetoothAdapter: 45290631: getState(). Returning OFF
10-18 09:48:19.741 26036 26052 I NearbySharing: A new client has bound to the NearbySharingService ClientBridge for calling package com.google.android.gms and PID 26106
10-18 09:48:19.744 26036 26036 D MediaRouter: updateWifiDisplayStatus status: WifiDisplayStatus{featureState=2, scanState=0, activeDisplayState=0, activeDisplay=null, displays=[], sessionInfo=WifiDisplaySessionInfo:
10-18 09:48:19.744 26036 26036 D MediaRouter:     Client/Owner: Client
10-18 09:48:19.744 26036 26036 D MediaRouter:     GroupId: 
10-18 09:48:19.744 26036 26036 D MediaRouter:     Passphrase: 
10-18 09:48:19.744 26036 26036 D MediaRouter:     SessionId: 0
10-18 09:48:19.744 26036 26036 D MediaRouter:     IP Address: }
10-18 09:48:19.758 26106 26106 D BluetoothAdapter: 45290631: getState(). Returning OFF
10-18 09:48:19.764 26106 26106 D BluetoothAdapter: 45290631: getState(). Returning OFF
10-18 09:48:19.784 15708 19023 I .a1taxicustomer: Background concurrent copying GC freed 13MB AllocSpace bytes, 169(18MB) LOS objects, 29% free, 57MB/81MB, paused 80us,76us total 140.083ms
10-18 09:48:19.794 15708 19025 E .a1taxicustomer: [SurfaceTexture-0-15708-20] setSurfaceTextureListener: listener is nullptr
10-18 09:48:20.500 26036 28451 I NullBinder: NullBinder for com.google.android.gms.lockbox.service.START triggering remote TransactionTooLargeException due to Service without Chimera impl, calling uid: 10202, calling pid: 26106
10-18 09:48:20.500 26036 28451 W .gms.persistent: Large reply transaction of 1056768 bytes, interface descriptor , code 46
10-18 09:48:20.500 26106 26139 E IPCThreadState: Binder transaction failure. id: 428280392, BR_*: 29201, error: -28 (No space left on device)
10-18 09:48:20.500 26106 26139 D ActivityThread: Too many transaction errors, throttling freezer binder callback.
10-18 09:48:20.500 26106 26139 E JavaBinder: !!! FAILED BINDER TRANSACTION !!!  (parcel size = 408)
10-18 09:48:20.501 26106 26139 W GmsClient: IGmsServiceBroker.getService failed
10-18 09:48:20.501 26106 26139 W GmsClient: android.os.DeadObjectException: Transaction failed on small parcel; remote process probably died, but this could also be caused by running out of binder buffer space
10-18 09:48:20.501 26106 26139 W GmsClient: 	at android.os.BinderProxy.transactNative(Native Method)
10-18 09:48:20.501 26106 26139 W GmsClient: 	at android.os.BinderProxy.transact(BinderProxy.java:692)
10-18 09:48:20.501 26106 26139 W GmsClient: 	at bbkc.a(:com.google.android.gms@253931035@25.39.31 (260400-813878953):33)
10-18 09:48:20.501 26106 26139 W GmsClient: 	at bbid.z(:com.google.android.gms@253931035@25.39.31 (260400-813878953):160)
10-18 09:48:20.501 26106 26139 W GmsClient: 	at baoz.run(:com.google.android.gms@253931035@25.39.31 (260400-813878953):42)
10-18 09:48:20.501 26106 26139 W GmsClient: 	at android.os.Handler.handleCallback(Handler.java:1014)
10-18 09:48:20.501 26106 26139 W GmsClient: 	at android.os.Handler.dispatchMessage(Handler.java:102)
10-18 09:48:20.501 26106 26139 W GmsClient: 	at cmjd.mC(:com.google.android.gms@253931035@25.39.31 (260400-813878953):1)
10-18 09:48:20.501 26106 26139 W GmsClient: 	at cmjd.dispatchMessage(:com.google.android.gms@253931035@25.39.31 (260400-813878953):144)
10-18 09:48:20.501 26106 26139 W GmsClient: 	at android.os.Looper.loopOnce(Looper.java:250)
10-18 09:48:20.501 26106 26139 W GmsClient: 	at android.os.Looper.loop(Looper.java:340)
10-18 09:48:20.501 26106 26139 W GmsClient: 	at android.os.HandlerThread.run(HandlerThread.java:107)
10-18 09:48:21.190  1870  1997 D BatteryStatsService: noteVideoSurfaceChanged  noteWhich: 49,arg1: -2, arg2: -1, arg3: 2704, arg4: 230, name: com.android.systemui
10-18 09:48:21.196  1870  2894 D BatteryStatsService: noteVideoSurfaceChanged  noteWhich: 49,arg1: -2, arg2: -1, arg3: 2704, arg4: 230, name: com.android.systemui
10-18 09:48:21.196  1870  1997 D BatteryStatsService: noteVideoSurfaceChanged  noteWhich: 49,arg1: -2, arg2: -1, arg3: 2704, arg4: 236, name: com.android.systemui
10-18 09:48:21.214  1870  3603 D BatteryStatsService: noteVideoSurfaceChanged  noteWhich: 49,arg1: -2, arg2: -1, arg3: 2704, arg4: 230, name: com.android.systemui
10-18 09:48:21.215  1870  3603 D BatteryStatsService: noteVideoSurfaceChanged  noteWhich: 49,arg1: -2, arg2: -1, arg3: 2704, arg4: 236, name: com.android.systemui
10-18 09:48:21.228 15708 15708 V ImeFocusController: onWindowFocus: com.android.internal.policy.DecorView{59ad08d V.E...... R......D 0,0-1080,2392 aid=0}[MainActivity] softInputMode=STATE_UNSPECIFIED|ADJUST_RESIZE
10-18 09:48:21.233  5589  5589 I GoogleInputMethodService: GoogleInputMethodService.onFinishInput():2085 
10-18 09:48:21.234  5589  5589 I Module  : DeviceLockedStatusModuleProvider$Module.updateDeviceLockedStatus():100 repeatCheckTimes = 0, locked = false
10-18 09:48:21.234  5589  5589 I GoogleInputMethodService: GoogleInputMethodService.onStartInput():1346 onStartInput(EditorInfo{EditorInfo{packageName=com.a1taxi.a1taxicustomer, inputType=0, inputTypeString=NULL, enableLearning=false, autoCorrection=false, autoComplete=false, imeOptions=0, privateImeOptions=null, actionName=UNSPECIFIED, actionLabel=null, initialSelStart=-1, initialSelEnd=-1, initialCapsMode=0, label=null, fieldId=0, fieldName=null, extras=null, hintText=null, hintLocales=[]}}, false)
10-18 09:48:21.239  5589  5589 I Module  : DeviceLockedStatusModuleProvider$Module.updateDeviceLockedStatus():100 repeatCheckTimes = 1, locked = false
10-18 09:48:21.964 15708 19060 E ReactNativeJS: [TypeError: Network request failed]
10-18 09:48:21.965 15708 19061 E unknown:ReactNative: TypeError: Network request failed, js engine: hermes, stack:
10-18 09:48:21.965 15708 19061 E unknown:ReactNative: anonymous@1:497763
10-18 09:48:21.965 15708 19061 E unknown:ReactNative: anonymous@1:444776
10-18 09:48:21.965 15708 19061 E unknown:ReactNative: _callTimer@1:444108
10-18 09:48:21.965 15708 19061 E unknown:ReactNative: callTimers@1:445831
10-18 09:48:21.965 15708 19061 E unknown:ReactNative: __callFunction@1:167128
10-18 09:48:21.965 15708 19061 E unknown:ReactNative: anonymous@1:165570
10-18 09:48:21.965 15708 19061 E unknown:ReactNative: __guard@1:166510
10-18 09:48:21.965 15708 19061 E unknown:ReactNative: callFunctionReturnFlushedQueue@1:165528
10-18 09:48:22.195 26036 26104 W Settings: Setting airplane_mode_on has moved from android.provider.Settings.System to android.provider.Settings.Global, returning read-only value.
10-18 09:48:22.199 26036 30417 W SystemServiceRegistry: No service published for: wifirtt
10-18 09:48:22.843 26036 26228 I WifiScanner: onFullResults
10-18 09:48:22.844 26036 28451 I WifiScanner: onFullResults
10-18 09:48:22.844 26036 26513 I WifiScanner: onFullResults
10-18 09:48:22.853 26036 30448 I FrewleTileCacheManagerV: (REDACTED) Fetched %d AP models from cache
10-18 09:48:23.039 26036 23159 I NearbyDiscovery: (REDACTED) FastPairHandler: Received action %s
10-18 09:48:23.121 26036 23159 I NearbyDiscovery: (REDACTED) FastPairHandler: Received action %s
10-18 09:48:23.137 26036 23159 I NearbyDiscovery: (REDACTED) FastPairHandler: Received action %s
10-18 09:48:23.152 26036 23159 I NearbyDiscovery: (REDACTED) FastPairHandler: Received action %s
10-18 09:48:23.261 26036 23159 I NearbyDiscovery: (REDACTED) FastPairHandler: Received action %s
10-18 09:48:23.335 26036 23159 I NearbyDiscovery: (REDACTED) FastPairHandler: Received action %s
10-18 09:48:23.373  5751 14952 W ratelimit: Single process limit 250/s drop 14 lines.
10-18 09:48:23.373  5751 14952 I albu    : #onAvailable()
10-18 09:48:23.391 27276 27473 D WM-NetworkStateTracker: Network capabilities changed: [ Transports: WIFI Capabilities: NOT_METERED&INTERNET&NOT_RESTRICTED&TRUSTED&NOT_VPN&NOT_ROAMING&FOREGROUND&NOT_CONGESTED&NOT_SUSPENDED&NOT_VCN_MANAGED&NOT_BANDWIDTH_CONSTRAINED LinkUpBandwidth>=12000Kbps LinkDnBandwidth>=60000Kbps TransportInfo: <SSID: <unknown ssid>, BSSID: 02:00:00:00:00:00, MAC: 02:00:00:00:00:00, IP: /192.168.31.172, Security type: 2, Supplicant state: COMPLETED, Wi-Fi standard: 11ax, RSSI: -41, Link speed: -1Mbps, Tx Link speed: -1Mbps, Max Supported Tx Link speed: 600Mbps, Rx Link speed: -1Mbps, Max Supported Rx Link speed: 600Mbps, Frequency: 5785MHz, Net ID: -1, Metered hint: false, score: 0, isUsable: true, CarrierMerged: false, SubscriptionId: -1, IsPrimary: -1, Trusted: true, Restricted: false, Ephemeral: false, OEM paid: false, OEM private: false, OSU AP: false, FQDN: <none>, Provider friendly name: <none>, Requesting package name: <none><none>MLO Information: , Is TID-To-Link negotiation supported by the AP: false, AP MLD Address: <none>, AP MLO Link Id: <none>, AP MLO Affiliated links: <none>, Vendor Data: <none>> SignalStrength: -41 UnderlyingNetworks: Null]
10-18 09:48:23.424 26036 26092 I GeoTZService: Network becomes available
10-18 09:48:23.435 26036 26092 I NearbyMediums: WifiNetwork defaultNetworkCallback onAvailable netId:309
10-18 09:48:23.439 26036 26092 I NearbyPresence: (REDACTED) NetworkMonitorImpl onAvailable %s
10-18 09:48:23.439 26036 26092 I NearbyPresence: (REDACTED) NetworkMonitorImpl onLinkPropertiesChanged %s
10-18 09:48:23.445 26036 31388 I NearbyMediums: [WifiNetworkV2] networkCallback doAvailable netId:309 wifiStatusChangedCallbacks.size:0 freq:5785
10-18 09:48:23.451  5589  6178 W chromium: [1018/094823.449874:WARNING:net/dns/dns_config_service_android.cc:69] Failed to read DnsConfig.
10-18 09:48:23.465 26036 30448 W DatabaseProcessor: processLocalDevices: failed to get the network info with non-null networkId.
10-18 09:48:23.473 26036 26036 I CastMediaRouteProvider: Published 0 routes
10-18 09:48:23.473  5589 31468 I DeviceStatusMonitor: DeviceStatusMonitor.handleBroadcast():123 onReceive() : Action = android.net.conn.CONNECTIVITY_CHANGE
10-18 09:48:23.476  5589 31468 I DeviceStatusMonitor: DeviceStatusMonitor.getNetworkState():262 Network has no NET_CAPABILITY_INTERNET capability.
10-18 09:48:23.476 26036 31273 I GmsCoreXrpcWrapper: (REDACTED) Creating a custom channel provider with trafficStatsTag=%d trafficStatsUid=%d
10-18 09:48:23.477  5589 31468 I DeviceStatusMonitor: DeviceStatusMonitor.getNetworkState():262 Network has no NET_CAPABILITY_INTERNET capability.
10-18 09:48:23.479  5589 31468 I DeviceStatusMonitor: DeviceStatusMonitor.notifyIfNetworkChanged():180 notifyIfNetworkChanged: newState = NON_METERED, airplaneModeOn = false, notifyAnyway = false
10-18 09:48:23.479  5589 31468 I NetworkInfoNotification: NetworkInfoNotification$Listener.onReceive():107 onNetworkAvailable: networkState = NON_METERED, isAirplaneModeOn = false
10-18 09:48:23.480  5589  5589 I NetworkInfoNotification: NetworkInfoNotification$Listener.onReceive():107 onNetworkAvailable: networkState = NON_METERED, isAirplaneModeOn = false
10-18 09:48:23.481  5589 31576 I NetworkInfoNotification: NetworkInfoNotification$Listener.onReceive():107 onNetworkAvailable: networkState = NON_METERED, isAirplaneModeOn = false
10-18 09:48:23.482  5589  5589 I HandwritingOnlineSuperpacks: HandwritingOnlineSuperpacks$1.onNetworkAvailable():70 onNetworkAvailable
10-18 09:48:23.485 26036 23159 I NearbyDiscovery: (REDACTED) FastPairHandler: Received action %s
10-18 09:48:23.487  5589  5589 I NetworkInfoNotification: NetworkInfoNotification$Listener.onReceive():107 onNetworkAvailable: networkState = NON_METERED, isAirplaneModeOn = false
10-18 09:48:23.487 26036 31582 I CastDatabase: Saving the database
10-18 09:48:23.493 26036 26620 I NullBinder: NullBinder for android.net.action.RECOMMEND_NETWORKS triggering remote TransactionTooLargeException due to Service without Chimera impl, calling uid: 1000, calling pid: 0
10-18 09:48:23.493 26036 26620 W .gms.persistent: Large reply transaction of 1056768 bytes, interface descriptor , code 1
10-18 09:48:23.497 26106 26156 D SQLiteQueryBuilder: SELECT value FROM partner WHERE ((name=?))
10-18 09:48:23.519 26036 26620 I NullBinder: NullBinder for android.net.action.RECOMMEND_NETWORKS triggering remote TransactionTooLargeException due to Service without Chimera impl, calling uid: 1000, calling pid: 0
10-18 09:48:23.519 26036 26620 W .gms.persistent: Large reply transaction of 1056768 bytes, interface descriptor , code 1
10-18 09:48:23.535 30108 30108 W fbservices-stub:InitStatus: Not blocking Service (67681868)
10-18 09:48:23.535 30108 30108 W fbservices-stub:InitStatus: Not blocking Service (67681868)
10-18 09:48:23.547 26036 26620 I NullBinder: NullBinder for android.net.action.RECOMMEND_NETWORKS triggering remote TransactionTooLargeException due to Service without Chimera impl, calling uid: 1000, calling pid: 0
10-18 09:48:23.547 26036 26620 W .gms.persistent: Large reply transaction of 1056768 bytes, interface descriptor , code 1
10-18 09:48:23.557 26036 31582 I SQLiteCastStore: [CastNetworkInfo] saved: 0, skipped: 0, [CastDeviceInfo]: saved 0, skipped 0, [Paired Guest Mode DeviceInfo] saved: 0, skipped: 0. [ProbedNetworks]: saved 0, skipped: 0, [ProbedSocketAddress]: saved 0, skipped: 0, [Network-Device pairs]: saved: 0
10-18 09:48:23.562 26106 26156 D SQLiteQueryBuilder: SELECT value FROM partner WHERE ((name=?))
10-18 09:48:23.588 26036 30448 I TrafficStats: tagSocketFd(-1, 1031, -1) failed with errno-9
10-18 09:48:23.657 26036  1251 I FusedOrientationManager: Registering orientation client. [CONTEXT service_id=6 ]
10-18 09:48:23.692 26036 26036 D WearableService: Creating wearable service asynchronously.
10-18 09:48:23.703 26036 26070 D WearableService: onGetService: waiting for onCreate to be completed.
10-18 09:48:23.712 26036 26075 I Wear_Controller: Wearable module requires a companion app to be installed.
10-18 09:48:23.712 26036 26075 I WearableService: onCreate: Wearable Services not starting. Wear is not available on this device.
10-18 09:48:23.714 26036 26070 W WearableService: onGetService: Wear is not available on this device.
10-18 09:48:23.724 26036 26070 W EAlert  : [WearCoord] failed to add listener for ealert_safety_info_support due to 17: API: Wearable.API is not available on this device. Connection failed with: ConnectionResult{statusCode=API_UNAVAILABLE, resolution=null, message=null, clientMethodKey=null} [CONTEXT service_id=6 ]
10-18 09:48:23.725 26036 26070 W EAlert  : [WearCoord] failed to add listener for ealert_support due to 17: API: Wearable.API is not available on this device. Connection failed with: ConnectionResult{statusCode=API_UNAVAILABLE, resolution=null, message=null, clientMethodKey=null} [CONTEXT service_id=6 ]
10-18 09:48:23.733 26036 26036 W EAlert  : [WearCoord] failed to get capability ealert_safety_info_support due to 17: API: Wearable.API is not available on this device. Connection failed with: ConnectionResult{statusCode=API_UNAVAILABLE, resolution=null, message=null, clientMethodKey=null} [CONTEXT service_id=6 ]
10-18 09:48:23.734 26036 26036 W EAlert  : [WearCoord] failed to get capability ealert_support due to 17: API: Wearable.API is not available on this device. Connection failed with: ConnectionResult{statusCode=API_UNAVAILABLE, resolution=null, message=null, clientMethodKey=null} [CONTEXT service_id=6 ]
10-18 09:48:23.736 26036 31273 I LocationReportUplIntOp: Uploading owner sightings. [CONTEXT service_id=284 ratelimit_period="5 MINUTES" ]
10-18 09:48:23.736 26036 31273 I GmsCoreXrpcWrapper: (REDACTED) Returning a channel provider with trafficStatsTag=%d trafficStatsUid=%d
10-18 09:48:23.755 26036  1250 I EAlert  : added ealert gateway capability [CONTEXT service_id=6 ]
10-18 09:48:23.757 26036 26070 W WearableService: onGetService: Wear is not available on this device.
10-18 09:48:23.783 31948  1235 W cmjk    : Failed to create JWT helper. This is unexpected
10-18 09:48:23.783 31948  1235 W cmjk    : java.lang.NoSuchMethodException: btyh.getScopes []
10-18 09:48:23.783 31948  1235 W cmjk    : 	at java.lang.Class.getMethod(Class.java:2940)
10-18 09:48:23.783 31948  1235 W cmjk    : 	at java.lang.Class.getMethod(Class.java:2440)
10-18 09:48:23.783 31948  1235 W cmjk    : 	at chjl.<init>(PG:5)
10-18 09:48:23.783 31948  1235 W cmjk    : 	at cmjk.<clinit>(PG:27)
10-18 09:48:23.783 31948  1235 W cmjk    : 	at cgxf.a(PG:3)
10-18 09:48:23.783 31948  1235 W cmjk    : 	at axjz.a(PG:35)
10-18 09:48:23.783 31948  1235 W cmjk    : 	at axju.a(PG:160)
10-18 09:48:23.783 31948  1235 W cmjk    : 	at axix.a(PG:540)
10-18 09:48:23.783 31948  1235 W cmjk    : 	at btrv.a(PG:13)
10-18 09:48:23.783 31948  1235 W cmjk    : 	at bwmw.e(PG:3)
10-18 09:48:23.783 31948  1235 W cmjk    : 	at bwmy.run(PG:38)
10-18 09:48:23.783 31948  1235 W cmjk    : 	at java.util.concurrent.Executors$RunnableAdapter.call(Executors.java:524)
10-18 09:48:23.783 31948  1235 W cmjk    : 	at awzq.run(PG:14)
10-18 09:48:23.783 31948  1235 W cmjk    : 	at java.util.concurrent.ThreadPoolExecutor.runWorker(ThreadPoolExecutor.java:1156)
10-18 09:48:23.783 31948  1235 W cmjk    : 	at java.util.concurrent.ThreadPoolExecutor$Worker.run(ThreadPoolExecutor.java:651)
10-18 09:48:23.783 31948  1235 W cmjk    : 	at afiq.run(PG:738)
10-18 09:48:23.783 31948  1235 W cmjk    : 	at java.lang.Thread.run(Thread.java:1119)
10-18 09:48:23.805 26036 30348 I NearbyMediums: [DeviceCapabilities] Refresh cache wifi mode WFD_GC channels [2412..2472, 5180..5240, 5745..5825]
10-18 09:48:23.819 26036 30348 I NearbyMediums: [DeviceCapabilities] Refresh cache wifi mode WFD_GO channels [2412..2472, 5180..5240, 5745..5825]
10-18 09:48:23.841 26036 30348 I NearbyMediums: [DeviceCapabilities] Refresh cache wifi mode AWARE channels [2412..2472, 5180..5240, 5745..5825]
10-18 09:48:23.891 15708  1066 W ProxyAndroidLoggerBackend: Too many Flogger logs received before configuration. Dropping old logs.
10-18 09:48:23.891 15708  1066 W ProxyAndroidLoggerBackend: Too many Flogger logs received before configuration. Dropping old logs.
10-18 09:48:23.891 15708  1066 W ProxyAndroidLoggerBackend: Too many Flogger logs received before configuration. Dropping old logs.
10-18 09:48:23.891 15708  1066 W ProxyAndroidLoggerBackend: Too many Flogger logs received before configuration. Dropping old logs.
10-18 09:48:23.891 15708  1066 W ProxyAndroidLoggerBackend: Too many Flogger logs received before configuration. Dropping old logs.
10-18 09:48:23.891 15708  1066 W ProxyAndroidLoggerBackend: Too many Flogger logs received before configuration. Dropping old logs.
