10-18 02:54:34.335 26036 23159 I NearbyDiscovery: FastPairController: onSystemStateChanged: skip due to flag disabled [CONTEXT service_id=265 ]
10-18 02:54:34.339 26036 27707 I NullBinder: NullBinder for android.net.action.RECOMMEND_NETWORKS triggering remote TransactionTooLargeException due to Service without Chimera impl, calling uid: 1000, calling pid: 0
10-18 02:54:34.339 26036 27707 W .gms.persistent: Large reply transaction of 1056768 bytes, interface descriptor , code 1
10-18 02:54:34.344 26036 26052 I NullBinder: NullBinder for android.net.action.RECOMMEND_NETWORKS triggering remote TransactionTooLargeException due to Service without Chimera impl, calling uid: 1000, calling pid: 0
10-18 02:54:34.344 26036 26052 W .gms.persistent: Large reply transaction of 1056768 bytes, interface descriptor , code 1
10-18 02:54:34.495 20901 20951 W DGW     : W[onSuccessfulResponse:848] StreamGroupTransport[notifgateway] on successful response. DGW is now connected.
10-18 02:54:34.572  5720 14136 D SQLiteQueryBuilder: SELECT bucket_id FROM images WHERE ((((is_pending=0 AND NOT _modifier=4) OR (is_pending=1 AND lower(_data) NOT REGEXP '.*/\.pending-(\d+)-([^/]+)$' AND owner_package_name IN ( 'com.vivo.widget.gallery' , 'com.vivo.gallery' )))) AND (is_trashed=0) AND (volume_name IN ( 'external_primary' ))) AND ((_data like '/storage/emulated/0/Download//folder/%' AND (width > 0 AND height > 0)))
10-18 02:54:34.650  5720 14136 D SQLiteQueryBuilder: SELECT _id, _data, width, height FROM video WHERE ((((is_pending=0 AND NOT _modifier=4) OR (is_pending=1 AND lower(_data) NOT REGEXP '.*/\.pending-(\d+)-([^/]+)$' AND owner_package_name IN ( 'com.vivo.widget.gallery' , 'com.vivo.gallery' )))) AND (is_trashed=0) AND (volume_name IN ( 'external_primary' ))) AND ((duration >= 3000 AND  duration <= 60000 AND (bucket_id IN (-1949793892, 13311172, -1739773001, 1216519567, -1535937100, 1028125135, -1524047660, 1040014575, -1526850504, 1037211731, 139421402, 1136101865, 2126348076, -452826217, -519179321, -519178918, 1711169606, -884178653, -884178250, -1421703830, 232691476, -1949680778)) AND _id NOT IN () AND (width > 0 AND height > 0))) LIMIT 40 OFFSET 0
10-18 02:54:34.717  5720 14136 D SQLiteQueryBuilder: SELECT count(_id) FROM images WHERE ((((is_pending=0 AND NOT _modifier=4) OR (is_pending=1 AND lower(_data) NOT REGEXP '.*/\.pending-(\d+)-([^/]+)$' AND owner_package_name IN ( 'com.vivo.widget.gallery' , 'com.vivo.gallery' )))) AND (is_trashed=0) AND (volume_name IN ( 'external_primary' ))) AND ((_id>?))
10-18 02:54:34.842 26036 20982 I NearbySharing: Network state changed: NetworkState(isRestricted=false, isOnline=true, isCongested=false, isMetered=false, isWifiConnected=true)
10-18 02:54:35.492 26036 23159 I NearbyDiscovery: (REDACTED) FastPairHandler: Received action %s
10-18 02:54:35.507  5751  5751 I dvdx    : (REDACTED) received broadcast: %s
10-18 02:54:35.509  5751  6240 I dvec    : (REDACTED) received broadcast: %s
10-18 02:54:35.509  5751  6240 I duzh    : (REDACTED) #onConfigUpdate. requester: %s
10-18 02:54:35.510  5751  6240 I duzh    : #onConfigUpdate inside sequencer
10-18 02:54:35.510  5751  6240 I duxh    : (REDACTED) hotword enrollment state is enrolled:  %b, speakerId model exist: %b.
10-18 02:54:35.510  5751  6240 I duxh    : (REDACTED) Hotword enrollment state : %s.
10-18 02:54:35.511  5751  6240 I duxh    : (REDACTED) hotword enrollment state is enrolled:  %b, speakerId model exist: %b, voice match supported : %b
10-18 02:54:35.511  5751  6240 I duxh    : (REDACTED) Hotword enrollment state : %s.
10-18 02:54:35.511  5751  6240 I duxh    : (REDACTED) Hotword isNonVoiceMatchHotwordEnabled: %b, isVoiceMatchSupported: %b, isHotwordEnrolled: %b,
10-18 02:54:35.511  5751  6240 I duzh    : (REDACTED) getAllConfigAndTakeAction called because of %s
10-18 02:54:35.514  5751  6241 I dvho    : (REDACTED) hotword running %s
--------- beginning of system
10-18 02:54:35.521  5751  6207 W KeyphraseEnrollmentInfo: No enrollment application supports the given keyphrase/locale: 'X Google'/en_US
10-18 02:54:35.522  5751  6207 W KeyphraseEnrollmentInfo: No enrollment application supports the given keyphrase/locale: 'X Google'/en_US
10-18 02:54:35.522  5751  6207 W KeyphraseEnrollmentInfo: No enrollment application supports the given keyphrase/locale: 'X Google'/ar_EG
10-18 02:54:35.523  5751  6207 W KeyphraseEnrollmentInfo: No enrollment application supports the given keyphrase/locale: 'X Google'/en_US
10-18 02:54:35.523  5751  6207 W dvbz    : (REDACTED) #getDspEnrollmentFallbackLocale cannot find a fallback locale for %s.
10-18 02:54:35.525  5751  6207 W KeyphraseEnrollmentInfo: No enrollment application supports the given keyphrase/locale: 'Ok Google'/en_US
10-18 02:54:35.525  5751  6207 W KeyphraseEnrollmentInfo: No enrollment application supports the given keyphrase/locale: 'Ok Google'/ar_EG
10-18 02:54:35.525  5751  6207 W KeyphraseEnrollmentInfo: No enrollment application supports the given keyphrase/locale: 'Ok Google'/en_US
10-18 02:54:35.525  5751  6207 W dvbz    : (REDACTED) #getDspEnrollmentFallbackLocale cannot find a fallback locale for %s.
10-18 02:54:35.525  5751  6207 I dvcf    : (REDACTED) #getDspAvailableResult locale : %s, dsp locale : %s, keyphrase : %s, DSP keyphrase : %s, isKeyphraseAndLocaleSupported : %b, canUseDownloadDspModel : %b. forceUniversalDspHotwordModel : %b
10-18 02:54:35.525  5751  6207 W KeyphraseEnrollmentInfo: No enrollment application supports the given keyphrase/locale: 'Y Google'/en_US
10-18 02:54:35.525  5751  6207 I dvcf    : (REDACTED) isDspHotwordSupportedByPlatform = %s, isDspHotwordModelAvailable = %s
10-18 02:54:35.526  5751  6207 I duzh    : (REDACTED) getAllConfigAndTakeAction dspAvailable: %b, disableDspInTest: %b
10-18 02:54:35.526  5751  6207 I duxh    : (REDACTED) hotword enrollment state is enrolled:  %b, speakerId model exist: %b.
10-18 02:54:35.528  5751  6207 I duxh    : (REDACTED) Hotword enrollment state : %s.
10-18 02:54:35.528  5751  6207 I duzh    : Registering for USER_PRESENT intent ...
10-18 02:54:35.529 26036 23159 I NearbyDiscovery: FastPairController: onSystemStateChanged: skip due to flag disabled [CONTEXT service_id=265 ]
10-18 02:54:35.554  5751  6207 I duxh    : (REDACTED) Hotword enrollment state : %s.
10-18 02:54:35.591  5751  6240 I duxh    : (REDACTED) hotword enrollment state is enrolled:  %b, speakerId model exist: %b.
10-18 02:54:35.591  5751  6240 I duxh    : (REDACTED) Hotword enrollment state : %s.
10-18 02:54:35.591  5751  6240 I duxh    : (REDACTED) hotword enrollment state is enrolled:  %b, speakerId model exist: %b, voice match supported : %b
10-18 02:54:35.591  5751  6240 I duxh    : (REDACTED) Hotword enrollment state : %s.
10-18 02:54:35.592  5751  6240 I duxh    : (REDACTED) Hotword isNonVoiceMatchHotwordEnabled: %b, isVoiceMatchSupported: %b, isHotwordEnrolled: %b,
10-18 02:54:35.592  5751  6240 I dvai    : (REDACTED) Operational mode passed in HotwordConfig is %s
10-18 02:54:35.592  5751  6240 I duxh    : (REDACTED) Hotword enrollment state : %s.
10-18 02:54:35.592  5751  6240 I dvaa    : (REDACTED) DefaultPersonalDecisionMaker#getNextAction. Voice match enabled: %b. incomplete enrollment state: %b, screen on: %b, screen locked: %b dsp available: %b
10-18 02:54:35.592  5751  6240 I dvaa    : (REDACTED) Enrollment incomplete getNext action for hotword detection, screenOn: %b, locked:%b
10-18 02:54:35.592  5751  6240 I dvak    : (REDACTED) SharedDecisionMaker#getNextAction for requester %s, mode %s 
10-18 02:54:35.592  5751  6240 I dvak    : #SharedDecisionMaker. NextAction.START
10-18 02:54:35.597  5751  6240 I duxx    : Speaker-id model never provided.
10-18 02:54:35.597  5751  6240 I duxx    : Reconfig not needed.
10-18 02:54:35.597  5751  6240 I duzh    : (REDACTED) currentReconfigCheckerResult %s
10-18 02:54:35.598  5751  6240 I dvfw    : (REDACTED) #setSpeakerIdRequired: %s
10-18 02:54:35.598  5751  6240 I duzh    : (REDACTED) Get the next action %s for requester %s.
10-18 02:54:35.598  5751  6240 I duzh    : getDspTriggerNotificationRequirement
10-18 02:54:35.599  5751  6305 I dvho    : #setSpeakerIdRequired inside sequencer
10-18 02:54:35.599  5751  6305 I dvho    : No change in speaker-id requirement, so no need to update.
10-18 02:54:35.599  5751  6240 I duzh    : (REDACTED) dspTriggerNotificationRequirement: %s
10-18 02:54:35.600  5751  6240 I dvht    : Trusted hotword enabled for flag
10-18 02:54:35.600  5751  6240 I duxu    : Starting trusted software hotword detection
10-18 02:54:35.607 20901 20901 W fbservices-stub:InitStatus: Not blocking Service (195433554)
10-18 02:54:35.607 20901 20901 W fbservices-stub:InitStatus: Not blocking Service (195433554)
10-18 02:54:35.648 26036 20418 I NearbySharing: Screen is unlocked
10-18 02:54:35.652 26036 20418 I NearbySharing: Uwb feature is off.
10-18 02:54:35.652 26036 20418 I NearbySharing: Uwb feature is off.
10-18 02:54:35.652 26036 20418 I NearbySharing: Stopping scanning because Bluetooth is disabled.
10-18 02:54:35.657 26036 20418 I NearbySharing: Stopping Fast Init advertisement because Bluetooth is off.
10-18 02:54:35.657 26036 20418 I NearbySharing: Stopping advertising because Bluetooth is disabled.
10-18 02:54:35.666 26036 21105 I NearbyMediums: ModuleInitializer handles incoming intent android.intent.action.USER_PRESENT
10-18 02:54:35.681 26036 20982 I Nearby  : (REDACTED) Beginning attempt #%d out of %d for %s...
10-18 02:54:35.684 26036 20982 I NearbyMediums: BluetoothAdapter's name was not set by Nearby Connections, ignoring call to restore default scan mode.
10-18 02:54:35.685 26106 21120 I PersonalSafety: ConnectivityProtectionLockingIntentOperation: cancelled task [CONTEXT service_id=310 ]
10-18 02:54:35.688 26036 20982 I NearbyMediums: BluetoothAdapter's name was not set by Nearby Connections, ignoring call to restore device name
10-18 02:54:35.703 26036 20418 I NearbySharing: Starting scanning for Fast Initiation.
10-18 02:54:35.707 26036 20418 I NearbySharing: Failed to scan for FastInitiation. Scanning is not supported on this device.
10-18 02:54:35.708 26036 20418 I NearbySharing: Dismissing HUN as there's no device nearby.
10-18 02:54:35.735  8424 28800 W ProxyAndroidLoggerBackend: Too many Flogger logs received before configuration. Dropping old logs.
10-18 02:54:35.735  8424 28800 W ProxyAndroidLoggerBackend: Too many Flogger logs received before configuration. Dropping old logs.
10-18 02:54:35.735  8424 28800 W ProxyAndroidLoggerBackend: Too many Flogger logs received before configuration. Dropping old logs.
10-18 02:54:35.737  8424 28800 W ProxyAndroidLoggerBackend: Too many Flogger logs received before configuration. Dropping old logs.
10-18 02:54:35.739  8424 28800 W ProxyAndroidLoggerBackend: Too many Flogger logs received before configuration. Dropping old logs.
10-18 02:54:35.740  8424 28800 E VivoAudioPolicyProxyNative: VivoAudioPolicyProxy getInstanceInter: binding to vivoaudiopolicy service failed, service up?
10-18 02:54:35.740  8424 28800 I AudioRecord: set final client name com.google.android.googlequicksearchbox(0)
10-18 02:54:35.740  8424 28800 E word_detector_0: RecordingActivityTracker(): binding to audio service failed, service up?
10-18 02:54:35.741  8424 28800 I AudioRecord: set(): getPolicyInputSourceForVoip mAttributes inputsource=1999, input source= 1999,flags:0
10-18 02:54:35.759 26036 26036 I RCNIntentOperation: RCN is disabled on this network.
10-18 02:54:35.793  8424 28800 W ProxyAndroidLoggerBackend: Too many Flogger logs received before configuration. Dropping old logs.
10-18 02:54:35.793  8424  8459 W ProxyAndroidLoggerBackend: Too many Flogger logs received before configuration. Dropping old logs.
10-18 02:54:35.793  8424  8459 W ProxyAndroidLoggerBackend: Too many Flogger logs received before configuration. Dropping old logs.
10-18 02:54:35.793  8424  8459 E VivoAudioPolicyProxyNative: VivoAudioPolicyProxy getInstanceInter: binding to vivoaudiopolicy service failed, service up?
10-18 02:54:35.798  8424 28800 I native  : I0000 00:00:1760736275.797898   28800 soda_client.cc:330] Starting capture.
10-18 02:54:35.798  8424 28800 I native  : I0000 00:00:1760736275.798304   28800 soda_async_impl.cc:645] SODA session starting (require_hotword:1, hotword_timeout_in_millis:0, trigger_type:TRIGGER_TYPE_UNSPECIFIED, hybrid_asr_config.mode:MODE_DEFAULT)
10-18 02:54:35.800  8424  8462 W ProxyAndroidLoggerBackend: Too many Flogger logs received before configuration. Dropping old logs.
10-18 02:54:35.812  8424  8459 W ProxyAndroidLoggerBackend: Too many Flogger logs received before configuration. Dropping old logs.
10-18 02:54:35.901  8424  8459 W ProxyAndroidLoggerBackend: Too many Flogger logs received before configuration. Dropping old logs.
10-18 02:54:35.902  8424  8450 I native  : I0000 00:00:1760736275.902573    8450 soda_async_impl.cc:1351] SODA received first mic audio buffer, size in bytes: 320, format: 1, channels: 1, sample rate: 16000
10-18 02:54:36.040 27559 27559 I Choreographer: Skipped 108 frames!  The application may be doing too much work on its main thread.
10-18 02:54:36.304  8424  8450 I native  : I0000 00:00:1760736276.302299    8450 soda_async_impl.cc:1120] Not receiving any loopback audio in 500ms. Last audio received time: 1970-01-01T05:30:00+05:30, Current time: 2025-10-18T02:54:36.302296284+05:30
10-18 02:54:36.505 31602 21220 I Finsky  : [40288] Integrity key attestation record generated successfully.
10-18 02:54:36.544  5589  5589 I GoogleInputMethodService: GoogleInputMethodService.onStartInput():1346 onStartInput(EditorInfo{EditorInfo{packageName=com.a1taxi.driverpro, inputType=0, inputTypeString=NULL, enableLearning=false, autoCorrection=false, autoComplete=false, imeOptions=0, privateImeOptions=null, actionName=UNSPECIFIED, actionLabel=null, initialSelStart=-1, initialSelEnd=-1, initialCapsMode=0, label=null, fieldId=0, fieldName=null, extras=null, hintText=null, hintLocales=[]}}, false)
10-18 02:54:36.547  5589  5589 I DeviceLockTags: DeviceLockTags.notifyDeviceLockStatusChanged():108 notifyDeviceLockStatusChanged(): deviceLocked=false, blockPersonalData=false
10-18 02:54:36.547  5589  5589 I Module  : DeviceLockedStatusModuleProvider$Module.updateDeviceLockedStatus():100 repeatCheckTimes = 1, locked = false
10-18 02:54:36.547  5589  5589 I HardKeyTracker: HardKeyTracker.registerKeySequence():170 Register key sequence nfz{labelResId=0, callback=gds@37bb266, lastModifier=0, keyCodes=[57, 57], actions=[1, 0]}
10-18 02:54:36.547  5589  5589 I HardKeyTracker: HardKeyTracker.registerKeySequence():170 Register key sequence nfz{labelResId=0, callback=gds@4a31fd, lastModifier=0, keyCodes=[58, 58], actions=[1, 0]}
10-18 02:54:36.551  5589  5589 I AbstractOpenableExtension: AbstractOpenableExtension.createKeyboardGroupManagerListenableFuture():121 Create keyboard group manager listenable future in gze
10-18 02:54:36.552  5589  5589 I EmojifyExtensionImpl: EmojifyExtensionImpl.onCreate():602 Creating Emojify extension emc@39bd2d8.
10-18 02:54:36.552  5589  5589 I AbstractOpenableExtension: AbstractOpenableExtension.createKeyboardGroupManagerListenableFuture():121 Create keyboard group manager listenable future in emx
10-18 02:54:36.554  5589  5589 I ClipboardDataHandler: ClipboardDataHandler.updateScreenshotsContentObserver():311 Disable the feature of handling screenshots in the clipboard.
10-18 02:54:36.554  5589  5589 W NotificationCenter: NotificationCenter.unregisterListener():480 Listener dsf@e499cee was not registered for notification class mpn
10-18 02:54:36.559  5589 21227 I KeyboardGroupDefParser: KeyboardGroupDefParser.parseKeyboardGroupDef():86 parseKeyboardGroupDef() 2132213997 -> 0_resource_name_obfuscated : WaitTime = 1 ms : RunTime = 5 ms
10-18 02:54:36.564  5589 21228 I KeyboardGroupDefParser: KeyboardGroupDefParser.parseKeyboardGroupDef():86 parseKeyboardGroupDef() 2132213996 -> 0_resource_name_obfuscated : WaitTime = 1 ms : RunTime = 10 ms
10-18 02:54:36.590  5589  5589 W NotificationCenter: NotificationCenter$NotificationQueue.notifyPendingNotificationsOnExecutor():877 Heavy notify work detected on UI thread: [mpn->mou] takes 37ms
10-18 02:54:36.590  5589 20216 I KeyboardGroupDefParser: KeyboardGroupDefParser.parseKeyboardGroupDef():86 parseKeyboardGroupDef() 2132213989 -> 0_resource_name_obfuscated : WaitTime = 1 ms : RunTime = 0 ms
10-18 02:54:36.591  5589  5589 I ExtensionManager: ExtensionManager.updateExtensionWrappersMap():230 The same notification is already processed
10-18 02:54:36.595  5589  5589 I ExtensionManager: ExtensionManager.updateExtensionWrappersMap():230 The same notification is already processed
10-18 02:54:36.595  5589  5589 I HardKeyTracker: HardKeyTracker.unregisterKeySequence():221 Unregister key sequence nfz{labelResId=2132020499, callback=cgp@7b29d60, lastModifier=2, keyCodes=[37], actions=[0]}
10-18 02:54:36.596  5589  5589 I HardKeyTracker: HardKeyTracker.registerKeySequence():170 Register key sequence nfz{labelResId=2132020499, callback=cgp@bb59787, lastModifier=2, keyCodes=[37], actions=[0]}
10-18 02:54:36.596  5589  5589 I HardKeyTracker: HardKeyTracker.unregisterKeySequence():221 Unregister key sequence nfz{labelResId=2132020499, callback=cgp@8dd16d5, lastModifier=2, keyCodes=[37], actions=[0]}
10-18 02:54:36.596  5589  5589 I HardKeyTracker: HardKeyTracker.registerKeySequence():170 Register key sequence nfz{labelResId=2132020499, callback=cgp@374aa20, lastModifier=2, keyCodes=[37], actions=[0]}
10-18 02:54:36.596  5589  5589 I HardKeyTracker: HardKeyTracker.unregisterKeySequence():221 Unregister key sequence nfz{labelResId=2132020496, callback=cgp@bb9efb6, lastModifier=2, keyCodes=[50], actions=[0]}
10-18 02:54:36.596  5589  5589 I HardKeyTracker: HardKeyTracker.registerKeySequence():170 Register key sequence nfz{labelResId=2132020496, callback=cgp@e702095, lastModifier=2, keyCodes=[50], actions=[0]}
10-18 02:54:36.596  5589  5589 I HardKeyTracker: HardKeyTracker.unregisterKeySequence():221 Unregister key sequence nfz{labelResId=2132020496, callback=cgp@7d9e553, lastModifier=2, keyCodes=[50], actions=[0]}
10-18 02:54:36.597  5589  5589 I HardKeyTracker: HardKeyTracker.registerKeySequence():170 Register key sequence nfz{labelResId=2132020496, callback=cgp@74754e4, lastModifier=2, keyCodes=[50], actions=[0]}
10-18 02:54:36.597  5589  5589 I HardKeyTracker: HardKeyTracker.unregisterKeySequence():221 Unregister key sequence nfz{labelResId=2132020500, callback=cgp@f4893bc, lastModifier=65536, keyCodes=[76], actions=[0]}
10-18 02:54:36.597  5589  5589 I HardKeyTracker: HardKeyTracker.registerKeySequence():170 Register key sequence nfz{labelResId=2132020500, callback=cgp@8edf149, lastModifier=65536, keyCodes=[76], actions=[0]}
10-18 02:54:36.597  5589  5589 W NotificationCenter: NotificationCenter$NotificationQueue.notifyPendingNotificationsOnExecutor():877 Heavy notify work detected on UI thread: [lva->lhd, lva->jvn, lva->jua, lva->jua, lva->jua, lva->jua, lva->jua, lva->nwr, lva->kzp, lva->jua, lva->fvc, lva->jua, lva->jua, lva->lud, lva->nii, lva->jua, lva->ltu, lva->hml, lva->jua, lva->gvk, lva->jua, lva->jua, lva->jua, lva->fxi, nho->mtr, nho->mtr, nho->mtr, nho->mtr, nho->mtr, nho->mtr, nho->mtr, nho->mtr, nho->mtr, nho->mtr, nho->mtr, nho->mtr, nho->mtr, nho->mtr, nho->mtr, nho->mtr, nho->mtr, nho->mtr, nho->mtr, nho->mtr, nho->mtr, nho->mtr, nho->mtr, nhn->mtr, mpy->mpx, jtv->jtu, jtv->jtu, jtv->jtu, mpy->mpx, mpy->mpx, mpy->mpx, mpy->mpx, jtv->jtu, mpy->mpx, mpy->mpx, jtv->jtu, jtv->jtu, jtv->jtu, jtv->jtu, jtv->jtu, mpy->mpx, mpy->mpx, mpy->mpx] takes 51ms
10-18 02:54:37.344 19290 21232 I PermissionControllerServiceImpl: Updating user sensitive for uid 10085
10-18 02:54:38.729 26036 27730 I NullBinder: NullBinder for com.google.android.gms.lockbox.service.START triggering remote TransactionTooLargeException due to Service without Chimera impl, calling uid: 10202, calling pid: 26106
10-18 02:54:38.729 26036 27730 W .gms.persistent: Large reply transaction of 1056768 bytes, interface descriptor , code 46
10-18 02:54:38.730 26106 26139 E IPCThreadState: Binder transaction failure. id: 419248264, BR_*: 29201, error: -28 (No space left on device)
10-18 02:54:38.730 26106 26139 E JavaBinder: !!! FAILED BINDER TRANSACTION !!!  (parcel size = 408)
10-18 02:54:38.731 26106 26139 W GmsClient: IGmsServiceBroker.getService failed
10-18 02:54:38.731 26106 26139 W GmsClient: android.os.DeadObjectException: Transaction failed on small parcel; remote process probably died, but this could also be caused by running out of binder buffer space
10-18 02:54:38.731 26106 26139 W GmsClient: 	at android.os.BinderProxy.transactNative(Native Method)
10-18 02:54:38.731 26106 26139 W GmsClient: 	at android.os.BinderProxy.transact(BinderProxy.java:692)
10-18 02:54:38.731 26106 26139 W GmsClient: 	at bbkc.a(:com.google.android.gms@253931035@25.39.31 (260400-813878953):33)
10-18 02:54:38.731 26106 26139 W GmsClient: 	at bbid.z(:com.google.android.gms@253931035@25.39.31 (260400-813878953):160)
10-18 02:54:38.731 26106 26139 W GmsClient: 	at baoz.run(:com.google.android.gms@253931035@25.39.31 (260400-813878953):42)
10-18 02:54:38.731 26106 26139 W GmsClient: 	at android.os.Handler.handleCallback(Handler.java:1014)
10-18 02:54:38.731 26106 26139 W GmsClient: 	at android.os.Handler.dispatchMessage(Handler.java:102)
10-18 02:54:38.731 26106 26139 W GmsClient: 	at cmjd.mC(:com.google.android.gms@253931035@25.39.31 (260400-813878953):1)
10-18 02:54:38.731 26106 26139 W GmsClient: 	at cmjd.dispatchMessage(:com.google.android.gms@253931035@25.39.31 (260400-813878953):144)
10-18 02:54:38.731 26106 26139 W GmsClient: 	at android.os.Looper.loopOnce(Looper.java:250)
10-18 02:54:38.731 26106 26139 W GmsClient: 	at android.os.Looper.loop(Looper.java:340)
10-18 02:54:38.731 26106 26139 W GmsClient: 	at android.os.HandlerThread.run(HandlerThread.java:107)
10-18 02:54:40.005 26036 20982 W BpBinder: Large outgoing transaction of 454392 bytes, interface descriptor , code 4
10-18 02:54:40.313 26036 26075 I Wear_Controller: Wearable module requires a companion app to be installed.
10-18 02:54:40.313 26036 26075 I WearableService: onCreate: Wearable Services not starting. Wear is not available on this device.
10-18 02:54:40.314 26036 26051 W WearableService: onGetService: Wear is not available on this device.
10-18 02:54:42.563  5589  5589 I GoogleInputMethodService: GoogleInputMethodService.onFinishInput():2085 
10-18 02:54:42.564  5589  5589 I Module  : DeviceLockedStatusModuleProvider$Module.updateDeviceLockedStatus():100 repeatCheckTimes = 0, locked = false
10-18 02:54:42.565  5589  5589 I GoogleInputMethodService: GoogleInputMethodService.onStartInput():1346 onStartInput(EditorInfo{EditorInfo{packageName=com.a1taxi.driverpro, inputType=80001, inputTypeString=Normal[NoSuggestion], enableLearning=true, autoCorrection=true, autoComplete=true, imeOptions=8000006, privateImeOptions=null, actionName=DONE, actionLabel=null, initialSelStart=0, initialSelEnd=0, initialCapsMode=0, label=null, fieldId=545, fieldName=null, extras=Bundle[mParcelledData.dataSize=404], hintText=non-empty, hintLocales=[]}}, false)
10-18 02:54:42.568  5589  5589 I Module  : DeviceLockedStatusModuleProvider$Module.updateDeviceLockedStatus():100 repeatCheckTimes = 1, locked = false
10-18 02:54:42.570  5751 13940 W ratelimit: Single process limit 250/s drop 14 lines.
10-18 02:54:42.570  5751 13940 I duzn    : (REDACTED) appOpsListener %s %s
10-18 02:54:42.571  5751 13940 I duzn    : (REDACTED) Ignoring irrelevant audio permission changes for package %s
10-18 02:54:42.574  5589  5589 I StylusModule: StylusModule.onUpdateToolType():800 Update tool type = 1
10-18 02:54:42.576  5589  5589 I GoogleInputMethodService: GoogleInputMethodService.onStartInputView():1439 onStartInputView(EditorInfo{EditorInfo{packageName=com.a1taxi.driverpro, inputType=80001, inputTypeString=Normal[NoSuggestion], enableLearning=true, autoCorrection=true, autoComplete=true, imeOptions=8000006, privateImeOptions=null, actionName=DONE, actionLabel=null, initialSelStart=0, initialSelEnd=0, initialCapsMode=0, label=null, fieldId=545, fieldName=null, extras=Bundle[{android.support.text.emoji.emojiCompat_metadataVersion=11, androidx.core.view.inputmethod.EditorInfoCompat.STYLUS_HANDWRITING_ENABLED=true, android.support.text.emoji.emojiCompat_replaceAll=false}], hintText=non-empty, hintLocales=[]}}, false)
10-18 02:54:42.577  5589  5589 I KeyboardHeightUtil: KeyboardHeightUtil.getOemKeyboardHeightRatio():108 systemKeyboardHeightRatio:1.000000.
10-18 02:54:42.577  5589  5589 I AndroidIME: InputBundleManager.loadActiveInputBundleId():528 loadActiveInputBundleId: en-US, ime_english_united_states
10-18 02:54:42.578  5589  5589 I AndroidIME: AbstractIme.onActivate():96 LatinIme.onActivate() : EditorInfo = EditorInfo{packageName=com.a1taxi.driverpro, inputType=80001, inputTypeString=Normal[NoSuggestion], enableLearning=true, autoCorrection=true, autoComplete=true, imeOptions=8000006, privateImeOptions=null, actionName=DONE, actionLabel=null, initialSelStart=0, initialSelEnd=0, initialCapsMode=0, label=null, fieldId=545, fieldName=null, extras=Bundle[{android.support.text.emoji.emojiCompat_metadataVersion=11, androidx.core.view.inputmethod.EditorInfoCompat.STYLUS_HANDWRITING_ENABLED=true, android.support.text.emoji.emojiCompat_replaceAll=false}], hintText=non-empty, hintLocales=[]}, IncognitoMode = false, DeviceLocked = false
10-18 02:54:42.578  5589  5589 I InputBundle: InputBundle.consumeEvent():1032 Skip consuming an event as keyboard status is INACTIVE
10-18 02:54:42.578  5589  5589 I Delight5Facilitator: Delight5Facilitator.initializeForIme():740 initializeForIme() : Locale = [en_US], layout = qwerty
10-18 02:54:42.579  5589  5589 I LatinIme: LatinIme.updateEnableInlineSuggestionsOnDecoderSideFlags():1247 inline flag updated to:false
10-18 02:54:42.579  5589  5589 I LatinIme: LatinIme.updateEnableInlineSuggestionsOnDecoderSideFlags():1247 inline flag updated to:false
10-18 02:54:42.588  1870  2894 D AutofillSession: createPendingIntent for request 1920
10-18 02:54:42.593  5589  5589 I InputBundle: InputBundle.consumeEvent():1032 Skip consuming an event as keyboard status is INACTIVE
10-18 02:54:42.593  5589  5589 I LatinIme: LatinIme.resetInputContext():2251 resetInputContext(): reason=1, externalEditsInfo=ExternalEditsInfo{action=0, offset=-1, text=null, originalText=null, edits=null}
10-18 02:54:42.593  5589  5589 I InputBundle: InputBundle.consumeEvent():1032 Skip consuming an event as keyboard status is INACTIVE
10-18 02:54:42.595  5589  5589 I KeyboardWrapper: KeyboardWrapper.activateKeyboard():581 activateKeyboard(): type=prime, status=INACTIVE, imeDef=mkk{stringId=ime_english_united_states, language=en-US, languageTag=en-US, processedConditions={writing_helper_enable_by_word_revert=false, true=true, enable_number_row=true, device=phone, enable_pk_simulator=false}, className=com.google.android.apps.inputmethod.libs.latin5.LatinIme, label=0, keyEventInterpreter=null, inlineComposing=true, autoCapital=true, announceAutoSelectedCandidate=true, statusIcon=0, indicatorIcon=0, indicatorLabel=US, displayAppCompletions=true, extraValues=mkd{#0x7f0b02e0=TypedValue{t=0x3/d=0x0 "com.google.android.apps.inputmethod.libs.latin5.LatinIme"}}, processors=mmb@7d3d911, unacceptableMetaKeys=4098, languageSpecificSettings=0, asciiCapable=true, alwaysShowSuggestions=false, useAsciiPasswordKeyboard=false, keyboardGroupDef=mlk@9ed8bf6, phenotypeFlagId=0, localizationLanguageTag=null, supportsInlineSuggestion=true}
10-18 02:54:42.595  5589  5589 I KeyboardManager: KeyboardManager.requestKeyboard():248 Creating keyboard prime, imeId=ime_english_united_states, cacheKey=theme,!gsf,!pgsans,!pgsf,!use_system_font,BORDER,FLAVOR_DPI=XXHDPI,GOOGLE_ICONS,KEYBOARD_WIDTH_CATEGORY=NORMAL,KEY_BORDER_SHAPE=1,LIGHT_THEME=false,PHYSICAL_DIAGONAL=5.748144,POPUP,SCREEN_SHORTEST_WIDTH=393,SCREEN_SHORTEST_WIDTH_NO_SCALE=393,XXHDPI,bottom4dp,enable_emoji_kitchen_browse_color_v2=true,enable_google_fonts_icons=true,enable_popup_on_keypress=true,keyboard_redesign_google_sans=true,non_linear_scale,noshadow,overlay_builtin_dynamic_color_dark_base.binarypb:gm3-dark-ff131313-ffffffff-4d9204e36e3ccb6a165e3e3dbe763ce0,roundedchip,silkpopup
10-18 02:54:42.595  5589  5589 I KeyboardWrapper: KeyboardWrapper.onKeyboardReady():224 onKeyboardReady(): type=prime(prime), kb=com.google.android.apps.inputmethod.latin.keyboard.LatinPrimeKeyboard@b50191e
10-18 02:54:42.596  5589  5589 I KeyboardWrapper: KeyboardWrapper.doActivateKeyboard():611 doActivateKeyboard(): prime
10-18 02:54:42.609 26036 26036 E AbstractGmsTracer: Traced class shouldn't be obfuscated: apab [CONTEXT service_id=259 ]
10-18 02:54:42.626 26106 26106 D BoundBrokerSvc: onBind: Intent { act=com.google.android.mdd.service.START dat=chimera-action:/... cmp=com.google.android.gms/.chimera.GmsBoundBrokerService }
10-18 02:54:42.626 26106 26106 D BoundBrokerSvc: Loading bound service for intent: Intent { act=com.google.android.mdd.service.START dat=chimera-action:/... cmp=com.google.android.gms/.chimera.GmsBoundBrokerService }
10-18 02:54:42.636  5589  5589 I KeyboardViewHelper: KeyboardViewHelper.getView():180 Get view with height ratio:1.000000
10-18 02:54:42.639  5589  5589 I KeyboardHeightUtil: KeyboardHeightUtil.calculateMaxKeyboardBodyHeight():50 leave 267 height for app when ime window height:2171, header height:121 and isFullscreenMode:false, so the max keyboard body height is:1783
10-18 02:54:42.639  5589  5589 W TooltipLifecycleManager: TooltipLifecycleManager.dismissTooltips():153 Tooltip with id undo_access_point_promotion_banner not found in tooltipManager.
10-18 02:54:42.641  5589  5589 I KeyboardModeUtils: KeyboardModeUtils.getKeyboardBottomOffset():435 inch: 0.000000 ydpi: 387.429993 adjustKeyboardBottomByDisplaySize: false currentDensityDpi: 440 defaultDensityDpi: 440 keyboardBottomToScreenPx: 0 keyboardBottomToNavBarPx: -116 navBarHeight: 116
10-18 02:54:42.641  5589  5589 I KeyboardHeightUtil: KeyboardHeightUtil.calculateMaxKeyboardBodyHeight():50 leave 267 height for app when ime window height:2171, header height:121 and isFullscreenMode:false, so the max keyboard body height is:1783
10-18 02:54:42.641  5589  5589 I KeyboardHeightUtil: KeyboardHeightUtil.calculateMaxKeyboardBodyHeight():50 leave 267 height for app when ime window height:2171, header height:121 and isFullscreenMode:false, so the max keyboard body height is:1783
10-18 02:54:42.641  5589  5589 I AndroidIME: KeyboardViewManager.updateKeyboardBodyViewHolderPaddingBottom():472 Set finalPaddingBottom = 5 while holderPaddingBottom = 5; navigationHeight = 116
10-18 02:54:42.641  5589  5589 I KeyboardHeightUtil: KeyboardHeightUtil.calculateMaxKeyboardBodyHeight():50 leave 267 height for app when ime window height:2171, header height:121 and isFullscreenMode:false, so the max keyboard body height is:1783
10-18 02:54:42.641  5589  5589 I KeyboardHeightUtil: KeyboardHeightUtil.calculateMaxKeyboardBodyHeight():50 leave 267 height for app when ime window height:2171, header height:121 and isFullscreenMode:false, so the max keyboard body height is:1783
10-18 02:54:42.642  5589  5589 I GlobeKeyExtension: GlobeKeyExtension.getKeyboardInitialStates():175 
10-18 02:54:42.642  5589  5589 W Keyboard: Keyboard.getKeyboardViewHelper():609 null helper is returned: keyboardDef=mle{processedConditions={show_comma_key=true, enable_more_candidates_view_for_multilingual=false, layout_9key_split=false, enable_secondary_symbols=false, pref_enable_flick_symbols=false, language=en-US, deprecate_long_press_space_for_ime_picker=false, expressions=normal, enable_flick_symbols=true, variant=qwerty, show_period_key=true, enable_number_row=true, device=phone, keyboard_mode=normal, show_secondary_digits=false, enable_preemptive_decode=true, enable_pk_simulator=false, bottom_period_popup_slash=false}, globalConditions={global_theme_key=theme,!gsf,!pgsans,!pgsf,!use_system_font,BORDER,FLAVOR_DPI=XXHDPI,GOOGLE_ICONS,KEYBOARD_WIDTH_CATEGORY=NORMAL,KEY_BORDER_SHAPE=1,LIGHT_THEME=false,PHYSICAL_DIAGONAL=5.748144,POPUP,SCREEN_SHORTEST_WIDTH=393,SCREEN_SHORTEST_WIDTH_NO_SCALE=393,XXHDPI,bottom4dp,enable_emoji_kitchen_browse_color_v2=true,enable_google_fonts_icons=true,enable_popup_on_keypress=true,keyboard_redesign_google_sans=true,non_linear_scale,noshadow,overlay_builtin_dynamic_color_dark_base.binarypb:gm3-dark-ff131313-ffffffff-4d9204e36e3ccb6a165e3e3dbe763ce0,roundedchip,silkpopup, global_locale=en_US, global_density_dpi=440, global_orientation=1}, className=.latin.keyboard.LatinPrimeKeyboard, resourceIds=[#0x7f1705fb, #0x7f17088d], initialStates=0, keyboardViewDefs=[mls{direction=null, id=#0x7f0b0224, isScalable=true, layoutId=#0x7f0e029f, type=BODY, touchable=true, defaultShow=true}, mls{direction=null, id=#0x7f0b0224, isScalable=false, layoutId=#0x7f0e01f9, type=FLOATING_CANDIDATES, touchable=false, defaultShow=false}, mls{direction=LOCALE, id=#0x7f0b0224, isScalable=false, layoutId=#0x7f0e0500, type=HEADER, touchable=true, defaultShow=true}], persistentStates=0, persistentStatesPrefKey=null, popupBubbleLayoutId=#0x7f0e05f1, recentKeyLayoutId=0, recentKeyPopupLayoutId=0, recentKeyType=null, rememberRecentKey=NONE, sessionStates=17592186044419}, type=WIDGET, helpersCreated=[lxm@69dc35, lxm@42918ca, lxm@1494a3b, null], context.getResources().getConfiguration(): {1.0 405mcc869mnc [en_US] ldltr sw393dp w393dp h790dp 440dpi nrml long port night finger -keyb/v/h -nav/h winConfig={ mBounds=Rect(0, 0 - 1080, 2392) mAppBounds=Rect(0, 103 - 1080, 2276) mMaxBounds=Rect(0, 0 - 1080, 2392) mDisplayRotation=ROTATION_0 mWindowingMode=fullscreen mActivityType=undefined mAlwaysOnTop=undefined mRotation=ROTATION_0 isEmbedding:false} s.5420 fontWeightAdjustment=0 themeId=2 themeParameter=0 nightModeLevel = -1 typefaceChanged=0.0 ?spacesystem eaMode=1}
10-18 02:54:42.643  5589  5589 I KeyboardHeightUtil: KeyboardHeightUtil.calculateMaxKeyboardBodyHeight():50 leave 267 height for app when ime window height:2171, header height:121 and isFullscreenMode:false, so the max keyboard body height is:1783
10-18 02:54:42.650  5589  5589 I AndroidIME: InputBundleManager.startInput():358 startInput() with mlo[keyboardType=prime, payload=null]
10-18 02:54:42.650  5589  5589 I GlobeKeyExtension: GlobeKeyExtension.onActivate():120 
10-18 02:54:42.653  5589  5589 I LanguagePromoExtension: LanguagePromoExtension.checkDisplayPreconditions():174 Not show language promo: exceeds the max display times.
10-18 02:54:42.653  5589  5589 I HardKeyTracker: HardKeyTracker.unregisterKeySequence():221 Unregister key sequence nfz{labelResId=2132020497, callback=cgp@fe453b4, lastModifier=2, keyCodes=[56], actions=[0]}
10-18 02:54:42.653  5589  5589 I HardKeyTracker: HardKeyTracker.unregisterKeySequence():221 Unregister key sequence nfz{labelResId=2132020497, callback=cgp@fcf8623, lastModifier=0, keyCodes=[317], actions=[0]}
10-18 02:54:42.653  5589  5589 I HardKeyTracker: HardKeyTracker.registerKeySequence():170 Register key sequence nfz{labelResId=2132020497, callback=cgp@b925127, lastModifier=2, keyCodes=[56], actions=[0]}
10-18 02:54:42.654  5589  5589 I HardKeyTracker: HardKeyTracker.registerKeySequence():170 Register key sequence nfz{labelResId=2132020497, callback=cgp@a48d8c3, lastModifier=0, keyCodes=[317], actions=[0]}
10-18 02:54:42.654  5589  5589 I VoiceInputManagerWrapper: VoiceInputManagerWrapper.cancelShutdown():109 cancelShutdown()
10-18 02:54:42.654  5589  5589 I VoiceInputManagerWrapper: VoiceInputManagerWrapper.syncLanguagePacks():121 syncLanguagePacks()
10-18 02:54:42.654  5589  5589 I VoiceInputManager: VoiceInputManager.onKeyboardActivated():1173 onKeyboardActivated() [UD]
10-18 02:54:42.654  5589  6558 I SpeechFactory: SpeechRecognitionFactory.maybeScheduleAutoPackDownloadForFallback():217 maybeScheduleAutoPackDownloadForFallback()
10-18 02:54:42.654  5589  5589 I PkModeUpdater: PkModeUpdater.onActivate():74 onActivate false true
10-18 02:54:42.655  5589  6558 I FallbackOnDeviceRecognitionProvider: FallbackOnDeviceRecognitionProvider.maybeScheduleAutoPackDownload():205 maybeScheduleAutoPackDownload() for language tag en-US
10-18 02:54:42.655  5589  5589 I AccessoryInputModeManager: AccessoryInputModeManager.onModeStarted():318 Accessory input mode started: null
10-18 02:54:42.655  5589  5589 W SupplementaryKeyboardsWrapper: SupplementaryKeyboardsWrapper.deactivateKeyboard():161 keyboard accessory_candidates_consumer is not activated before!
10-18 02:54:42.655  5589  5589 I HardKeyTracker: HardKeyTracker.unregisterKeySequence():221 Unregister key sequence nfz{labelResId=2132020506, callback=cgp@6b1423c, lastModifier=2, keyCodes=[47], actions=[0]}
10-18 02:54:42.655  5589  5589 I HardKeyTracker: HardKeyTracker.registerKeySequence():170 Register key sequence nfz{labelResId=2132020506, callback=cgp@2723fce, lastModifier=2, keyCodes=[47], actions=[0]}
10-18 02:54:42.656  5589  5589 I KeyboardModeUtils: KeyboardModeUtils.getKeyboardBottomOffset():435 inch: 0.000000 ydpi: 387.429993 adjustKeyboardBottomByDisplaySize: false currentDensityDpi: 440 defaultDensityDpi: 440 keyboardBottomToScreenPx: 0 keyboardBottomToNavBarPx: -116 navBarHeight: 116
10-18 02:54:42.656  5589  5589 I KeyboardHeightUtil: KeyboardHeightUtil.calculateMaxKeyboardBodyHeight():50 leave 267 height for app when ime window height:2171, header height:121 and isFullscreenMode:false, so the max keyboard body height is:1783
10-18 02:54:42.656  5589  5589 I KeyboardHeightUtil: KeyboardHeightUtil.calculateMaxKeyboardBodyHeight():50 leave 267 height for app when ime window height:2171, header height:121 and isFullscreenMode:false, so the max keyboard body height is:1783
10-18 02:54:42.656  5589  5589 I AndroidIME: KeyboardViewManager.updateKeyboardBodyViewHolderPaddingBottom():472 Set finalPaddingBottom = 5 while holderPaddingBottom = 5; navigationHeight = 116
10-18 02:54:42.656  5589  5589 I KeyboardHeightUtil: KeyboardHeightUtil.calculateMaxKeyboardBodyHeight():50 leave 267 height for app when ime window height:2171, header height:121 and isFullscreenMode:false, so the max keyboard body height is:1783
10-18 02:54:42.656  5589  5589 I KeyboardHeightUtil: KeyboardHeightUtil.calculateMaxKeyboardBodyHeight():50 leave 267 height for app when ime window height:2171, header height:121 and isFullscreenMode:false, so the max keyboard body height is:1783
10-18 02:54:42.656  5589  5589 W ExtensionWrapper: ExtensionWrapper.setExtensionViewVisibility():811 interface mas is not activate
10-18 02:54:42.658  5589  5589 I Module  : DeviceLockedStatusModuleProvider$Module.updateDeviceLockedStatus():100 repeatCheckTimes = 1, locked = false
10-18 02:54:42.659  5589  5589 I HardKeyTracker: HardKeyTracker.unregisterKeySequence():221 Unregister key sequence nfz{labelResId=2132020501, callback=cgp@c775aaa, lastModifier=2, keyCodes=[48], actions=[0]}
10-18 02:54:42.659  5589  5589 I HardKeyTracker: HardKeyTracker.registerKeySequence():170 Register key sequence nfz{labelResId=2132020501, callback=cgp@f63bb0b, lastModifier=2, keyCodes=[48], actions=[0]}
10-18 02:54:42.659  5589  5589 I HardKeyTracker: HardKeyTracker.unregisterKeySequence():221 Unregister key sequence nfz{labelResId=2132020501, callback=cgp@a850177, lastModifier=2, keyCodes=[48], actions=[0]}
10-18 02:54:42.659  5589  5589 I HardKeyTracker: HardKeyTracker.registerKeySequence():170 Register key sequence nfz{labelResId=2132020501, callback=cgp@d24c73d, lastModifier=2, keyCodes=[48], actions=[0]}
10-18 02:54:42.660  5589  5589 I HardKeyTracker: HardKeyTracker.unregisterKeySequence():221 Unregister key sequence nfz{labelResId=2132020497, callback=cgp@d62ff4e, lastModifier=2, keyCodes=[56], actions=[0]}
10-18 02:54:42.660  5589  5589 I HardKeyTracker: HardKeyTracker.unregisterKeySequence():221 Unregister key sequence nfz{labelResId=2132020497, callback=cgp@a95f205, lastModifier=0, keyCodes=[317], actions=[0]}
10-18 02:54:42.660  5589  5589 I HardKeyTracker: HardKeyTracker.registerKeySequence():170 Register key sequence nfz{labelResId=2132020497, callback=cgp@c3dfee1, lastModifier=2, keyCodes=[56], actions=[0]}
10-18 02:54:42.660  5589  5589 I HardKeyTracker: HardKeyTracker.registerKeySequence():170 Register key sequence nfz{labelResId=2132020497, callback=cgp@9e398f4, lastModifier=0, keyCodes=[317], actions=[0]}
10-18 02:54:42.661  5589  5589 I HardKeyTracker: HardKeyTracker.unregisterKeySequence():221 Unregister key sequence nfz{labelResId=2132020502, callback=cgp@b9baa26, lastModifier=2, keyCodes=[32], actions=[0]}
10-18 02:54:42.661  5589  5589 I HardKeyTracker: HardKeyTracker.registerKeySequence():170 Register key sequence nfz{labelResId=2132020502, callback=cgp@95ea919, lastModifier=2, keyCodes=[32], actions=[0]}
10-18 02:54:42.662 26106 26106 D BoundBrokerSvc: onBind: Intent { act=com.google.firebase.dynamiclinks.service.START pkg=com.google.android.gms }
10-18 02:54:42.662 26106 26106 D BoundBrokerSvc: Loading bound service for intent: Intent { act=com.google.firebase.dynamiclinks.service.START pkg=com.google.android.gms }
10-18 02:54:42.663  5589  5589 I HardKeyTracker: HardKeyTracker.unregisterKeySequence():221 Unregister key sequence nfz{labelResId=2132020502, callback=cgp@9827e7b, lastModifier=2, keyCodes=[32], actions=[0]}
10-18 02:54:42.664  5589  5589 I HardKeyTracker: HardKeyTracker.registerKeySequence():170 Register key sequence nfz{labelResId=2132020502, callback=cgp@e7bbab6, lastModifier=2, keyCodes=[32], actions=[0]}
10-18 02:54:42.664  5589  5589 I VoiceImeExtension: VoiceImeExtension.shouldStartVoiceInputAutomaticallyInCurrentInputBox():378 No private IME option set to start voice input.
10-18 02:54:42.672 26106 26106 D BoundBrokerSvc: onBind: Intent { act=com.google.android.gms.wallet.service.BIND pkg=com.google.android.gms }
10-18 02:54:42.672 26106 26106 D BoundBrokerSvc: Loading bound service for intent: Intent { act=com.google.android.gms.wallet.service.BIND pkg=com.google.android.gms }
10-18 02:54:42.674  5589  5589 D ViewRootImpl: AppSizeAfterRelayout, size: Point(1080, 2287), rotation: ROTATION_0
10-18 02:54:42.675  5589  5589 D BufferQueueConsumer: [](id:15d50000065e,api:0,p:-1,c:5589) connect: controlledByApp=false
10-18 02:54:42.675  5589  5589 D BLASTBufferQueue: [VRI[InputMethod]#1630](f:0,a:0) constructor()
10-18 02:54:42.675  5589  5589 D BLASTBufferQueue: [VRI[InputMethod]#1630](f:0,a:0) update width=1080 height=2287 format=-2 mTransformHint=0
10-18 02:54:42.677  5589  5589 I KeyboardModeUtils: KeyboardModeUtils.getKeyboardBottomOffset():435 inch: 0.000000 ydpi: 387.429993 adjustKeyboardBottomByDisplaySize: false currentDensityDpi: 440 defaultDensityDpi: 440 keyboardBottomToScreenPx: 0 keyboardBottomToNavBarPx: -116 navBarHeight: 116
10-18 02:54:42.677  5589  5589 I KeyboardHeightUtil: KeyboardHeightUtil.calculateMaxKeyboardBodyHeight():50 leave 267 height for app when ime window height:2171, header height:121 and isFullscreenMode:false, so the max keyboard body height is:1783
10-18 02:54:42.677  5589  5589 I KeyboardHeightUtil: KeyboardHeightUtil.calculateMaxKeyboardBodyHeight():50 leave 267 height for app when ime window height:2171, header height:121 and isFullscreenMode:false, so the max keyboard body height is:1783
10-18 02:54:42.677  5589  5589 I AndroidIME: KeyboardViewManager.updateKeyboardBodyViewHolderPaddingBottom():472 Set finalPaddingBottom = 5 while holderPaddingBottom = 5; navigationHeight = 116
10-18 02:54:42.677  5589  5589 I WindowMetricsNotification: WindowMetricsNotification.notifyWithWindow():166 
10-18 02:54:42.677  5589  5589 I WindowMetricsNotification: WindowMetricsNotification.notify():159 pfu[bounds=Rect(0, 105 - 1080, 2392), insets=Rect(0, 0 - 0, 116), densityDpi=440, smallestScreenWidthDp=393, displayWidth=1080, displayHeight=2392, xdpi=387.43, ydpi=387.43, isTrustable=true, displayId=0]; DisplayMetrics{density=2.75, width=1080, height=2392, scaledDensity=2.75, xdpi=387.43, ydpi=387.43}
10-18 02:54:42.687 26036 20157 W anly    : Failed to retrieve prediction data. [CONTEXT service_id=177 ]
10-18 02:54:42.687 26036 20157 W anly    : java.util.concurrent.ExecutionException: fnbd: No active MDD filegroup android-autofill-infinitedata found for the table autofill-domain-predictions-prod-spanner.
10-18 02:54:42.687 26036 20157 W anly    : 	at govr.j(:com.google.android.gms@253931035@25.39.31 (260400-813878953):21)
10-18 02:54:42.687 26036 20157 W anly    : 	at gowa.v(:com.google.android.gms@253931035@25.39.31 (260400-813878953):31)
10-18 02:54:42.687 26036 20157 W anly    : 	at govr.get(:com.google.android.gms@253931035@25.39.31 (260400-813878953):2)
10-18 02:54:42.687 26036 20157 W anly    : 	at anly.e(:com.google.android.gms@253931035@25.39.31 (260400-813878953):81)
10-18 02:54:42.687 26036 20157 W anly    : 	at anly.a(:com.google.android.gms@253931035@25.39.31 (260400-813878953):124)
10-18 02:54:42.687 26036 20157 W anly    : 	at anji.call(:com.google.android.gms@253931035@25.39.31 (260400-813878953):5)
10-18 02:54:42.687 26036 20157 W anly    : 	at java.util.concurrent.FutureTask.run(FutureTask.java:317)
10-18 02:54:42.687 26036 20157 W anly    : 	at bcdr.c(:com.google.android.gms@253931035@25.39.31 (260400-813878953):50)
10-18 02:54:42.687 26036 20157 W anly    : 	at bcdr.run(:com.google.android.gms@253931035@25.39.31 (260400-813878953):73)
10-18 02:54:42.687 26036 20157 W anly    : 	at java.util.concurrent.ThreadPoolExecutor.runWorker(ThreadPoolExecutor.java:1156)
10-18 02:54:42.687 26036 20157 W anly    : 	at java.util.concurrent.ThreadPoolExecutor$Worker.run(ThreadPoolExecutor.java:651)
10-18 02:54:42.687 26036 20157 W anly    : 	at bcji.run(:com.google.android.gms@253931035@25.39.31 (260400-813878953):8)
10-18 02:54:42.687 26036 20157 W anly    : 	at java.lang.Thread.run(Thread.java:1119)
10-18 02:54:42.687 26036 20157 W anly    : Caused by: fnbd: No active MDD filegroup android-autofill-infinitedata found for the table autofill-domain-predictions-prod-spanner.
10-18 02:54:42.687 26036 20157 W anly    : 	at fnbr.a(:com.google.android.gms@253931035@25.39.31 (260400-813878953):13)
10-18 02:54:42.687 26036 20157 W anly    : 	at govh.d(:com.google.android.gms@253931035@25.39.31 (260400-813878953):3)
10-18 02:54:42.687 26036 20157 W anly    : 	at govj.run(:com.google.android.gms@253931035@25.39.31 (260400-813878953):130)
10-18 02:54:42.687 26036 20157 W anly    : 	at goxq.execute(:com.google.android.gms@253931035@25.39.31 (260400-813878953):1)
10-18 02:54:42.687 26036 20157 W anly    : 	at govr.f(:com.google.android.gms@253931035@25.39.31 (260400-813878953):1)
10-18 02:54:42.687 26036 20157 W anly    : 	at govr.hu(:com.google.android.gms@253931035@25.39.31 (260400-813878953):41)
10-18 02:54:42.687 26036 20157 W anly    : 	at govj.g(:com.google.android.gms@253931035@25.39.31 (260400-813878953):10)
10-18 02:54:42.687 26036 20157 W anly    : 	at fnby.a(:com.google.android.gms@253931035@25.39.31 (260400-813878953):182)
10-18 02:54:42.687 26036 20157 W anly    : 	at fncc.a(:com.google.android.gms@253931035@25.39.31 (260400-813878953):33)
10-18 02:54:42.687 26036 20157 W anly    : 	at aorm.a(:com.google.android.gms@253931035@25.39.31 (260400-813878953):51)
10-18 02:54:42.687 26036 20157 W anly    : 	at aork.a(:com.google.android.gms@253931035@25.39.31 (260400-813878953):41)
10-18 02:54:42.687 26036 20157 W anly    : 	at gowc.d(:com.google.android.gms@253931035@25.39.31 (260400-813878953):3)
10-18 02:54:42.687 26036 20157 W anly    : 	at gowe.run(:com.google.android.gms@253931035@25.39.31 (260400-813878953):38)
10-18 02:54:42.687 26036 20157 W anly    : 	at goxq.execute(:com.google.android.gms@253931035@25.39.31 (260400-813878953):1)
10-18 02:54:42.687 26036 20157 W anly    : 	at goyy.hu(:com.google.android.gms@253931035@25.39.31 (260400-813878953):6)
10-18 02:54:42.687 26036 20157 W anly    : 	at gowe.g(:com.google.android.gms@253931035@25.39.31 (260400-813878953):10)
10-18 02:54:42.687 26036 20157 W anly    : 	at aorm.d(:com.google.android.gms@253931035@25.39.31 (260400-813878953):38)
10-18 02:54:42.687 26036 20157 W anly    : 	at aorm.c(:com.google.android.gms@253931035@25.39.31 (260400-813878953):1)
10-18 02:54:42.687 26036 20157 W anly    : 	at anly.d(:com.google.android.gms@253931035@25.39.31 (260400-813878953):23)
10-18 02:54:42.687 26036 20157 W anly    : 	at anmb.d(:com.google.android.gms@253931035@25.39.31 (260400-813878953):16)
10-18 02:54:42.687 26036 20157 W anly    : 	at anil.run(:com.google.android.gms@253931035@25.39.31 (260400-813878953):9)
10-18 02:54:42.687 26036 20157 W anly    : 	at java.util.concurrent.Executors$RunnableAdapter.call(Executors.java:524)
10-18 02:54:42.687 26036 20157 W anly    : 	... 7 more
10-18 02:54:42.687 26036 20157 W anly    : Caused by: fljc: Requested group not found.
10-18 02:54:42.687 26036 20157 W anly    : 	at flja.a(:com.google.android.gms@253931035@25.39.31 (260400-813878953):30)
10-18 02:54:42.687 26036 20157 W anly    : 	at floe.a(:com.google.android.gms@253931035@25.39.31 (260400-813878953):19)
10-18 02:54:42.687 26036 20157 W anly    : 	at ggnc.a(:com.google.android.gms@253931035@25.39.31 (260400-813878953):13)
10-18 02:54:42.687 26036 20157 W anly    : 	at gowc.d(:com.google.android.gms@253931035@25.39.31 (260400-813878953):3)
10-18 02:54:42.687 26036 20157 W anly    : 	at gowe.run(:com.google.android.gms@253931035@25.39.31 (260400-813878953):38)
10-18 02:54:42.687 26036 20157 W anly    : 	at gozt.run(:com.google.android.gms@253931035@25.39.31 (260400-813878953):64)
10-18 02:54:42.687 26036 20157 W anly    : 	... 6 more
10-18 02:54:42.703  5589  5657 D BLASTBufferQueue: [VRI[InputMethod]#1630](f:0,a:1) acquireNextBufferLocked size=1080x2287 mFrameNumber=1 applyTransaction=true mTimestamp=569962183704586(auto) mPendingTransactions.size=0 graphicBufferId=24004572223459 transform=0
