10-19 15:22:12.525 28571 31227 I ReactNativeJS:  Checking if should show ride request modal:
10-19 15:22:12.525 28571 31227 I ReactNativeJS: '  - Pending rides:', 0
10-19 15:22:12.525 28571 31227 I ReactNativeJS: '  - Modal already showing:', false
10-19 15:22:12.525 28571 31227 I ReactNativeJS: '  - Driver status:', 'online'
10-19 15:22:12.525 28571 31227 I ReactNativeJS: '  - Has current ride:', true
10-19 15:22:12.525 28571 31227 I ReactNativeJS:  NOT SHOWING MODAL - reasons:
10-19 15:22:12.525 28571 31227 I ReactNativeJS: ' Analysis:', { pendingRidesCount: 0,
10-19 15:22:12.525 28571 31227 I ReactNativeJS:   modalAlreadyShowing: false,
10-19 15:22:12.525 28571 31227 I ReactNativeJS:   driverStatus: 'online',
10-19 15:22:12.525 28571 31227 I ReactNativeJS:   hasCurrentRide: true }
10-19 15:22:12.529 28571 31227 I ReactNativeJS: === NAVIGATION CHECK ===
10-19 15:22:12.529 28571 31227 I ReactNativeJS: 'In auth group:', false
10-19 15:22:12.529 28571 31227 I ReactNativeJS: 'Has session:', false
10-19 15:22:12.529 28571 31227 I ReactNativeJS: 'Has driver:', true
10-19 15:22:12.529 28571 31227 I ReactNativeJS: 'Current segments:', [ '(tabs)', 'rides' ]
10-19 15:22:12.529 28571 31227 I ReactNativeJS: 'Loading state:', false
10-19 15:22:12.530 28571 31227 I ReactNativeJS: 'Is authenticated:', { id: '76b66a88-dff9-4965-9e36-8a92023f155d',
10-19 15:22:12.530 28571 31227 I ReactNativeJS:   user_id: 'ae53a792-6aed-4186-823d-61c34c6defe2',
10-19 15:22:12.530 28571 31227 I ReactNativeJS:   license_number: '25845',
10-19 15:22:12.530 28571 31227 I ReactNativeJS:   license_expiry: '2025-09-28',
10-19 15:22:12.530 28571 31227 I ReactNativeJS:   status: 'online',
10-19 15:22:12.530 28571 31227 I ReactNativeJS:   rating: 5,
10-19 15:22:12.530 28571 31227 I ReactNativeJS:   total_rides: 17,
10-19 15:22:12.530 28571 31227 I ReactNativeJS:   is_verified: true,
10-19 15:22:12.530 28571 31227 I ReactNativeJS:   vehicle_id: '95c87077-b016-49de-a05b-dbfd5e383a1a',
10-19 15:22:12.530 28571 31227 I ReactNativeJS:   vendor_id: null,
10-19 15:22:12.530 28571 31227 I ReactNativeJS:   phone_number: '6985471230',
10-19 15:22:12.530 28571 31227 I ReactNativeJS:   name: 'jai',
10-19 15:22:12.530 28571 31227 I ReactNativeJS:   created_at: '2025-09-12T17:52:54.786298+00:00',
10-19 15:22:12.530 28571 31227 I ReactNativeJS:   updated_at: '2025-10-19T09:26:02.217037+00:00',
10-19 15:22:12.530 28571 31227 I ReactNativeJS:   vehicles: 
10-19 15:22:12.530 28571 31227 I ReactNativeJS:    { id: '95c87077-b016-49de-a05b-dbfd5e383a1a',
10-19 15:22:12.530 28571 31227 I ReactNativeJS:      registration_number: 'KA 01025896',
10-19 15:22:12.530 28571 31227 I ReactNativeJS:      make: 'BMW',
10-19 15:22:12.530 28571 31227 I ReactNativeJS:      model: '450ld',
10-19 15:22:12.530 28571 31227 I ReactNativeJS:      year: 2024,
10-19 15:22:12.530 28571 31227 I ReactNativeJS:      color: 'black',
10-19 15:22:12.530 28571 31227 I ReactNativeJS:      vehicle_type: 'sedan',
10-19 15:22:12.530 28571 31227 I ReactNativeJS:      capacity: 4 },
10-19 15:22:12.530 28571 31227 I ReactNativeJS:   user: 
10-19 15:22:12.530 28571 31227 I ReactNativeJS:    { id: 'ae53a792-6aed-4186-823d-61c34c6defe2',
10-19 15:22:12.530 28571 31227 I ReactNativeJS:      email: 'jai@gmail.com',
10-19 15:22:12.530 28571 31227 I ReactNativeJS:      role: 'driver',
10-19 15:22:12.530 28571 31227 I ReactNativeJS:      full_name: 'jai',
10-19 15:22:12.530 28571 31227 I ReactNativeJS:      phone_number: '6985471230',
10-19 15:22:12.530 28571 31227 I ReactNativeJS:      avatar_url: null,
10-19 15:22:12.530 28571 31227 I ReactNativeJS:      is_active: true,
10-19 15:22:12.530 28571 31227 I ReactNativeJS:      created_at: '2025-09-12T17:52:54.109176+00:00',
10-19 15:22:12.530 28571 31227 I ReactNativeJS:      updated_at: '2025-09-12T17:52:54.109176+00:00' },
10-19 15:22:12.530 28571 31227 I ReactNativeJS:   vehicle: 
10-19 15:22:12.530 28571 31227 I ReactNativeJS:    { id: '95c87077-b016-49de-a05b-dbfd5e383a1a',
10-19 15:22:12.530 28571 31227 I ReactNativeJS:      registration_number: 'KA 01025896',
10-19 15:22:12.530 28571 31227 I ReactNativeJS:      make: 'BMW',
10-19 15:22:12.530 28571 31227 I ReactNativeJS:      model: '450ld',
10-19 15:22:12.530 28571 31227 I ReactNativeJS:      year: 2024,
10-19 15:22:12.530 28571 31227 I ReactNativeJS:      color: 'black',
10-19 15:22:12.530 28571 31227 I ReactNativeJS:      vehicle_type: 'sedan',
10-19 15:22:12.530 28571 31227 I ReactNativeJS:      capacity: 4 } }
10-19 15:22:12.530 28571 31227 I ReactNativeJS: No navigation needed - staying in current route
10-19 15:22:12.557 28571 28571 I Google Android Maps SDK: Google Play services package version: 254031035
10-19 15:22:12.557 28571 28571 I Google Android Maps SDK: Google Play services maps renderer version(maps_core): 253425402
10-19 15:22:12.557 21104 32176 I PhenotypeResourceReader: unable to find any Phenotype resource metadata for com.a1taxi.driverpro
10-19 15:22:12.564 28571 28571 W ProxyAndroidLoggerBackend: Too many Flogger logs received before configuration. Dropping old logs.
10-19 15:22:12.565 28571 28571 W ProxyAndroidLoggerBackend: Too many Flogger logs received before configuration. Dropping old logs.
10-19 15:22:12.565 28571 28571 W ProxyAndroidLoggerBackend: Too many Flogger logs received before configuration. Dropping old logs.
10-19 15:22:12.565 28571 28571 W ProxyAndroidLoggerBackend: Too many Flogger logs received before configuration. Dropping old logs.
10-19 15:22:12.566 28571 32202 W ProxyAndroidLoggerBackend: Too many Flogger logs received before configuration. Dropping old logs.
10-19 15:22:12.566 28571 28571 W ProxyAndroidLoggerBackend: Too many Flogger logs received before configuration. Dropping old logs.
10-19 15:22:12.566 28571 32204 W ProxyAndroidLoggerBackend: Too many Flogger logs received before configuration. Dropping old logs.
10-19 15:22:12.566 28571 28571 W ProxyAndroidLoggerBackend: Too many Flogger logs received before configuration. Dropping old logs.
10-19 15:22:12.566 28571 28571 W ProxyAndroidLoggerBackend: Too many Flogger logs received before configuration. Dropping old logs.
10-19 15:22:12.640 28571 28571 W ProxyAndroidLoggerBackend: Too many Flogger logs received before configuration. Dropping old logs.
10-19 15:22:12.640 28571 28571 W ProxyAndroidLoggerBackend: Too many Flogger logs received before configuration. Dropping old logs.
10-19 15:22:12.665 28571 32202 W ProxyAndroidLoggerBackend: Too many Flogger logs received before configuration. Dropping old logs.
10-19 15:22:12.666 28571 32202 W ProxyAndroidLoggerBackend: Too many Flogger logs received before configuration. Dropping old logs.
10-19 15:22:12.711 28571 32204 W ProxyAndroidLoggerBackend: Too many Flogger logs received before configuration. Dropping old logs.
10-19 15:22:12.711 28571 32204 W ProxyAndroidLoggerBackend: Too many Flogger logs received before configuration. Dropping old logs.
10-19 15:22:12.712 28571 32204 W ProxyAndroidLoggerBackend: Too many Flogger logs received before configuration. Dropping old logs.
10-19 15:22:12.712 28571 32204 W ProxyAndroidLoggerBackend: Too many Flogger logs received before configuration. Dropping old logs.
10-19 15:22:12.714 28571 32204 W ProxyAndroidLoggerBackend: Too many Flogger logs received before configuration. Dropping old logs.
10-19 15:22:12.714 28571 32204 W ProxyAndroidLoggerBackend: Too many Flogger logs received before configuration. Dropping old logs.
10-19 15:22:12.715 28571 32204 W ProxyAndroidLoggerBackend: Too many Flogger logs received before configuration. Dropping old logs.
10-19 15:22:12.715 28571 32204 W ProxyAndroidLoggerBackend: Too many Flogger logs received before configuration. Dropping old logs.
10-19 15:22:12.720 28571 32200 W ProxyAndroidLoggerBackend: Too many Flogger logs received before configuration. Dropping old logs.
10-19 15:22:12.720 28571 32200 W ProxyAndroidLoggerBackend: Too many Flogger logs received before configuration. Dropping old logs.
10-19 15:22:12.727 28571 31227 I ReactNativeJS: ' Current ride loaded:', { id: '9af31e93-dea1-44d0-ba28-80396f18e004',
10-19 15:22:12.727 28571 31227 I ReactNativeJS:   status: 'in_progress',
10-19 15:22:12.727 28571 31227 I ReactNativeJS:   pickup: 'PRXJ+F32, Brindavan Nagar, Plot 87, NGGO\'s Colony, Anand Nagar, Hosur, Tamil Nadu 635109, India',
10-19 15:22:12.727 28571 31227 I ReactNativeJS:   destination: 'Anthivadi Stadium, SBM Colony, Anthivadi, Hosur, Tamil Nadu, India',
10-19 15:22:12.727 28571 31227 I ReactNativeJS:   customer: 
10-19 15:22:12.727 28571 31227 I ReactNativeJS:    { id: '10c9aa9e-6cb4-45e5-b9d3-682bc1a9bd11',
10-19 15:22:12.727 28571 31227 I ReactNativeJS:      full_name: 'Jaishankar',
10-19 15:22:12.727 28571 31227 I ReactNativeJS:      phone_number: null,
10-19 15:22:12.727 28571 31227 I ReactNativeJS:      email: '+919597230958@phone.a1taxi.local' } }
10-19 15:22:12.727 28571 31227 I ReactNativeJS:  Driver has current ride - not loading pending ride requests
10-19 15:22:12.727 28571 31227 I ReactNativeJS: === RIDES SCREEN STATE DEBUG ===
10-19 15:22:12.727 28571 31227 I ReactNativeJS:  Component state updated:
10-19 15:22:12.727 28571 31227 I ReactNativeJS: '  - Current ride:', { id: '9af31e93-dea1-44d0-ba28-80396f18e004',
10-19 15:22:12.727 28571 31227 I ReactNativeJS:   status: 'in_progress',
10-19 15:22:12.727 28571 31227 I ReactNativeJS:   pickup: 'PRXJ+F32, Brindavan Nagar, Plot 87, NGGO\'s Colony, Anand Nagar, Hosur, Tamil Nadu 635109, India',
10-19 15:22:12.727 28571 31227 I ReactNativeJS:   destination: 'Anthivadi Stadium, SBM Colony, Anthivadi, Hosur, Tamil Nadu, India' }
10-19 15:22:12.728 28571 31227 I ReactNativeJS: '  - Pending rides count:', 0
10-19 15:22:12.728 28571 31227 I ReactNativeJS: '  - Driver status:', 'online'
10-19 15:22:12.728 28571 31227 I ReactNativeJS: '  - Loading:', true
10-19 15:22:12.728 28571 31227 I ReactNativeJS: '  - Error:', null
10-19 15:22:12.728 28571 31227 I ReactNativeJS: '  - Show modal:', false
10-19 15:22:12.728 28571 31227 I ReactNativeJS: '  - Timestamp:', '2025-10-19T09:52:12.728Z'
10-19 15:22:12.728 28571 31227 I ReactNativeJS:  CURRENT RIDE EXISTS - should be visible in UI
10-19 15:22:12.728 28571 31227 I ReactNativeJS: === RIDE REQUEST MODAL LOGIC DEBUG ===
10-19 15:22:12.728 28571 31227 I ReactNativeJS:  Checking if should show ride request modal:
10-19 15:22:12.728 28571 31227 I ReactNativeJS: '  - Pending rides:', 0
10-19 15:22:12.728 28571 31227 I ReactNativeJS: '  - Modal already showing:', false
10-19 15:22:12.728 28571 31227 I ReactNativeJS: '  - Driver status:', 'online'
10-19 15:22:12.728 28571 31227 I ReactNativeJS: '  - Has current ride:', true
10-19 15:22:12.728 28571 31227 I ReactNativeJS:  NOT SHOWING MODAL - reasons:
10-19 15:22:12.728 28571 31227 I ReactNativeJS: ' Analysis:', { pendingRidesCount: 0,
10-19 15:22:12.728 28571 31227 I ReactNativeJS:   modalAlreadyShowing: false,
10-19 15:22:12.728 28571 31227 I ReactNativeJS:   driverStatus: 'online',
10-19 15:22:12.728 28571 31227 I ReactNativeJS:   hasCurrentRide: true }
10-19 15:22:12.729 28571 32202 W ProxyAndroidLoggerBackend: Too many Flogger logs received before configuration. Dropping old logs.
10-19 15:22:12.729 28571 32202 W ProxyAndroidLoggerBackend: Too many Flogger logs received before configuration. Dropping old logs.
10-19 15:22:12.735 28571 31227 I ReactNativeJS: === RIDES SCREEN STATE DEBUG ===
10-19 15:22:12.735 28571 31227 I ReactNativeJS:  Component state updated:
10-19 15:22:12.735 28571 31227 I ReactNativeJS: '  - Current ride:', { id: '9af31e93-dea1-44d0-ba28-80396f18e004',
10-19 15:22:12.735 28571 31227 I ReactNativeJS:   status: 'in_progress',
10-19 15:22:12.735 28571 31227 I ReactNativeJS:   pickup: 'PRXJ+F32, Brindavan Nagar, Plot 87, NGGO\'s Colony, Anand Nagar, Hosur, Tamil Nadu 635109, India',
10-19 15:22:12.735 28571 31227 I ReactNativeJS:   destination: 'Anthivadi Stadium, SBM Colony, Anthivadi, Hosur, Tamil Nadu, India' }
10-19 15:22:12.736 28571 31227 I ReactNativeJS: '  - Pending rides count:', 0
10-19 15:22:12.736 28571 31227 I ReactNativeJS: '  - Driver status:', 'online'
10-19 15:22:12.736 28571 31227 I ReactNativeJS: '  - Loading:', true
10-19 15:22:12.736 28571 31227 I ReactNativeJS: '  - Error:', null
10-19 15:22:12.736 28571 31227 I ReactNativeJS: '  - Show modal:', false
10-19 15:22:12.736 28571 31227 I ReactNativeJS: '  - Timestamp:', '2025-10-19T09:52:12.736Z'
10-19 15:22:12.736 28571 31227 I ReactNativeJS:  CURRENT RIDE EXISTS - should be visible in UI
10-19 15:22:12.736 28571 31227 I ReactNativeJS: === RIDE REQUEST MODAL LOGIC DEBUG ===
10-19 15:22:12.736 28571 31227 I ReactNativeJS:  Checking if should show ride request modal:
10-19 15:22:12.736 28571 31227 I ReactNativeJS: '  - Pending rides:', 0
10-19 15:22:12.736 28571 31227 I ReactNativeJS: '  - Modal already showing:', false
10-19 15:22:12.736 28571 31227 I ReactNativeJS: '  - Driver status:', 'online'
10-19 15:22:12.736 28571 31227 I ReactNativeJS: '  - Has current ride:', true
10-19 15:22:12.736 28571 31227 I ReactNativeJS:  NOT SHOWING MODAL - reasons:
10-19 15:22:12.736 28571 31227 I ReactNativeJS: ' Analysis:', { pendingRidesCount: 0,
10-19 15:22:12.736 28571 31227 I ReactNativeJS:   modalAlreadyShowing: false,
10-19 15:22:12.736 28571 31227 I ReactNativeJS:   driverStatus: 'online',
10-19 15:22:12.736 28571 31227 I ReactNativeJS:   hasCurrentRide: true }
10-19 15:22:12.744 28571 31227 I ReactNativeJS: === RIDES SCREEN STATE DEBUG ===
10-19 15:22:12.744 28571 31227 I ReactNativeJS:  Component state updated:
10-19 15:22:12.744 28571 31227 I ReactNativeJS: '  - Current ride:', { id: '9af31e93-dea1-44d0-ba28-80396f18e004',
10-19 15:22:12.744 28571 31227 I ReactNativeJS:   status: 'in_progress',
10-19 15:22:12.744 28571 31227 I ReactNativeJS:   pickup: 'PRXJ+F32, Brindavan Nagar, Plot 87, NGGO\'s Colony, Anand Nagar, Hosur, Tamil Nadu 635109, India',
10-19 15:22:12.744 28571 31227 I ReactNativeJS:   destination: 'Anthivadi Stadium, SBM Colony, Anthivadi, Hosur, Tamil Nadu, India' }
10-19 15:22:12.744 28571 31227 I ReactNativeJS: '  - Pending rides count:', 0
10-19 15:22:12.744 28571 31227 I ReactNativeJS: '  - Driver status:', 'online'
10-19 15:22:12.744 28571 31227 I ReactNativeJS: '  - Loading:', false
10-19 15:22:12.744 28571 31227 I ReactNativeJS: '  - Error:', null
10-19 15:22:12.744 28571 31227 I ReactNativeJS: '  - Show modal:', false
10-19 15:22:12.744 28571 31227 I ReactNativeJS: '  - Timestamp:', '2025-10-19T09:52:12.744Z'
10-19 15:22:12.744 28571 31227 I ReactNativeJS:  CURRENT RIDE EXISTS - should be visible in UI
10-19 15:22:12.877 28571 32200 W ProxyAndroidLoggerBackend: Too many Flogger logs received before configuration. Dropping old logs.
10-19 15:22:12.878 28571 32200 W ProxyAndroidLoggerBackend: Too many Flogger logs received before configuration. Dropping old logs.
10-19 15:22:12.878 28571 32200 W ProxyAndroidLoggerBackend: Too many Flogger logs received before configuration. Dropping old logs.
10-19 15:22:12.878 28571 32204 W ProxyAndroidLoggerBackend: Too many Flogger logs received before configuration. Dropping old logs.
10-19 15:22:12.900 28571 32207 W ProxyAndroidLoggerBackend: Too many Flogger logs received before configuration. Dropping old logs.
10-19 15:22:12.919 28571 32202 W ProxyAndroidLoggerBackend: Too many Flogger logs received before configuration. Dropping old logs.
10-19 15:22:12.920 28571 32202 W ProxyAndroidLoggerBackend: Too many Flogger logs received before configuration. Dropping old logs.
10-19 15:22:12.923 28571 32202 W ProxyAndroidLoggerBackend: Too many Flogger logs received before configuration. Dropping old logs.
10-19 15:22:12.926 28571 32202 W ProxyAndroidLoggerBackend: Too many Flogger logs received before configuration. Dropping old logs.
10-19 15:22:12.931 28571 32202 W ProxyAndroidLoggerBackend: Too many Flogger logs received before configuration. Dropping old logs.
10-19 15:22:12.933 28571 32202 W ProxyAndroidLoggerBackend: Too many Flogger logs received before configuration. Dropping old logs.
10-19 15:22:12.935 28571 32202 W ProxyAndroidLoggerBackend: Too many Flogger logs received before configuration. Dropping old logs.
10-19 15:22:12.937 28571 32202 W ProxyAndroidLoggerBackend: Too many Flogger logs received before configuration. Dropping old logs.
10-19 15:22:12.938 28571 32202 W ProxyAndroidLoggerBackend: Too many Flogger logs received before configuration. Dropping old logs.
10-19 15:22:12.941 28571 32204 W ProxyAndroidLoggerBackend: Too many Flogger logs received before configuration. Dropping old logs.
10-19 15:22:12.941 28571 32200 W ProxyAndroidLoggerBackend: Too many Flogger logs received before configuration. Dropping old logs.
10-19 15:22:12.946 28571 32202 W ProxyAndroidLoggerBackend: Too many Flogger logs received before configuration. Dropping old logs.
10-19 15:22:12.948 28571 32202 W ProxyAndroidLoggerBackend: Too many Flogger logs received before configuration. Dropping old logs.
10-19 15:22:12.950 28571 32202 W ProxyAndroidLoggerBackend: Too many Flogger logs received before configuration. Dropping old logs.
10-19 15:22:12.952 28571 32202 W ProxyAndroidLoggerBackend: Too many Flogger logs received before configuration. Dropping old logs.
10-19 15:22:12.953 28571 32202 W ProxyAndroidLoggerBackend: Too many Flogger logs received before configuration. Dropping old logs.
10-19 15:22:12.956 28571 32202 W ProxyAndroidLoggerBackend: Too many Flogger logs received before configuration. Dropping old logs.
10-19 15:22:12.969 28571 32204 W ProxyAndroidLoggerBackend: Too many Flogger logs received before configuration. Dropping old logs.
10-19 15:22:12.980 28571 32200 W ProxyAndroidLoggerBackend: Too many Flogger logs received before configuration. Dropping old logs.
10-19 15:22:13.038 21104 21249 I WifiScanner: onFullResults
10-19 15:22:13.038 21104 22647 I WifiScanner: onFullResults
10-19 15:22:13.038 21104 21142 I WifiScanner: onFullResults
10-19 15:22:13.052 21104 32171 I FrewleTileCacheManagerV: (REDACTED) Fetched %d AP models from cache
10-19 15:22:13.054 28571 32209 W ProxyAndroidLoggerBackend: Too many Flogger logs received before configuration. Dropping old logs.
10-19 15:22:13.054 28571 32209 W ProxyAndroidLoggerBackend: Too many Flogger logs received before configuration. Dropping old logs.
10-19 15:22:13.080 21104 21184 I FusedLocation: (REDACTED) location delivery to %s blocked - too fast
10-19 15:22:13.080 21104 21184 I FusedLocation: (REDACTED) location delivery to %s blocked - too close
10-19 15:22:13.082 28571 31227 I ReactNativeJS: ' Got native location:', { accuracy: 19.591999053955078,
10-19 15:22:13.082 28571 31227 I ReactNativeJS:   longitude: 77.8299833,
10-19 15:22:13.082 28571 31227 I ReactNativeJS:   altitude: 774.5999755859375,
10-19 15:22:13.082 28571 31227 I ReactNativeJS:   heading: 0,
10-19 15:22:13.082 28571 31227 I ReactNativeJS:   latitude: 12.7487033,
10-19 15:22:13.082 28571 31227 I ReactNativeJS:   altitudeAccuracy: 22.692272186279297,
10-19 15:22:13.082 28571 31227 I ReactNativeJS:   speed: 7.927315362163243e-37 }
10-19 15:22:13.085 21104 21184 I fznc    : Received empty WiFi-RTT scan. [CONTEXT service_id=6 ]
10-19 15:22:13.104 21104 32198 I TFLite-in-PlayServices: Created interpreter.
10-19 15:22:13.112 21104 32198 I TFLite-in-PlayServices: Created interpreter.
10-19 15:22:13.117 21104 32198 I SemanticLocation: (REDACTED) [Inferrer] %s%s
10-19 15:22:13.318 28571 31227 I ReactNativeJS: ' Location record', 'updated', 'successfully via RPC'
10-19 15:22:13.318 28571 31227 I ReactNativeJS:  Location record confirmed, starting tracking...
10-19 15:22:13.318 28571 31227 I ReactNativeJS:  Driver is now available for customer bookings
10-19 15:22:13.318 28571 31227 I ReactNativeJS: === STARTING LOCATION TRACKING ===
10-19 15:22:13.319 28571 31227 I ReactNativeJS: 'Driver:', 'jai'
10-19 15:22:13.319 28571 31227 I ReactNativeJS: 'Status:', 'online'
10-19 15:22:13.319 28571 31227 I ReactNativeJS: 'Permission:', true
10-19 15:22:13.320 28571 31227 I ReactNativeJS: === UPDATING LOCATION WITH GOOGLE MAPS ===
10-19 15:22:13.320 28571 31227 I ReactNativeJS:  Using native location...
10-19 15:22:13.321 28571 31227 I ReactNativeJS: === STARTING BACKGROUND LOCATION TRACKING ===
10-19 15:22:13.322 28571 31227 I ReactNativeJS: 'Driver:', 'jai'
10-19 15:22:13.322 28571 31227 I ReactNativeJS: 'Status:', 'online'
10-19 15:22:13.322 28571 31227 I ReactNativeJS: === STARTING BACKGROUND LOCATION TRACKING ===
10-19 15:22:13.322 28571 31227 I ReactNativeJS: 'Driver User ID:', 'ae53a792-6aed-4186-823d-61c34c6defe2'
10-19 15:22:13.322 28571 31227 I ReactNativeJS: 'Platform:', 'android'
10-19 15:22:13.363 21104 32176 I FusedLocation: (REDACTED) stationary throttling engaged @%s
10-19 15:22:13.397 21104 32176 I FusedOrientationManager: Unregistering orientation client. [CONTEXT service_id=6 ]
10-19 15:22:13.450  1870  1976 I ActivityTaskManager: Displayed com.google.android.permissioncontroller/com.android.permissioncontroller.permission.ui.GrantPermissionsActivity for user 0: +105ms
10-19 15:22:13.474 28571 31227 I ReactNativeJS:  Background location permission granted
10-19 15:22:13.475 28571 31219 I TaskService: Registered task with name 'background-location-task' for app with scoping identifier 'com.a1taxi.driverpro'.
10-19 15:22:13.485 28571 31219 I TaskService: Registered task with name 'background-fetch-task' for app with scoping identifier 'com.a1taxi.driverpro'.
10-19 15:22:13.491 28571 31227 I ReactNativeJS:  Background location tracking started
10-19 15:22:13.491 28571 31227 I ReactNativeJS:  Foreground service notification will be shown
10-19 15:22:13.491 28571 31227 I ReactNativeJS:  Location will update every 5 seconds even when app is closed
10-19 15:22:13.521  5589  5589 I GoogleInputMethodService: GoogleInputMethodService.onFinishInput():2085 
10-19 15:22:13.525 28571 31227 I ReactNativeJS:  Background location tracking started successfully
10-19 15:22:13.525 28571 31227 I ReactNativeJS:  Driver location will be sent every 5 seconds even when app is closed
10-19 15:22:13.526 28571 31227 I ReactNativeJS: === DRIVER STATUS CHANGE DETECTED ===
10-19 15:22:13.526 28571 31227 I ReactNativeJS: 'Driver:', 'jai'
10-19 15:22:13.526 28571 31227 I ReactNativeJS: 'Driver Status:', 'online'
10-19 15:22:13.526 28571 31227 I ReactNativeJS: 'Driver User ID:', 'ae53a792-6aed-4186-823d-61c34c6defe2'
10-19 15:22:13.526 28571 31227 I ReactNativeJS: 'Driver Verified:', true
10-19 15:22:13.534  5589  5589 I Module  : DeviceLockedStatusModuleProvider$Module.updateDeviceLockedStatus():100 repeatCheckTimes = 0, locked = false
10-19 15:22:13.534  5589  5589 I GoogleInputMethodService: GoogleInputMethodService.onStartInput():1346 onStartInput(EditorInfo{EditorInfo{packageName=com.a1taxi.driverpro, inputType=0, inputTypeString=NULL, enableLearning=false, autoCorrection=false, autoComplete=false, imeOptions=0, privateImeOptions=null, actionName=UNSPECIFIED, actionLabel=null, initialSelStart=-1, initialSelEnd=-1, initialCapsMode=0, label=null, fieldId=0, fieldName=null, extras=null, hintText=null, hintLocales=[]}}, false)
10-19 15:22:13.534  5589  5589 I Module  : DeviceLockedStatusModuleProvider$Module.updateDeviceLockedStatus():100 repeatCheckTimes = 1, locked = false
10-19 15:22:13.535  5589  5589 I HardKeyTracker: HardKeyTracker.registerKeySequence():170 Register key sequence nfz{labelResId=0, callback=gds@1a7da0e, lastModifier=0, keyCodes=[57, 57], actions=[1, 0]}
10-19 15:22:13.535  5589  5589 I HardKeyTracker: HardKeyTracker.registerKeySequence():170 Register key sequence nfz{labelResId=0, callback=gds@fa99bc5, lastModifier=0, keyCodes=[58, 58], actions=[1, 0]}
10-19 15:22:13.539 28571 31227 I ReactNativeJS: === DRIVER STATUS CHANGE DETECTED ===
10-19 15:22:13.539 28571 31227 I ReactNativeJS: 'Driver:', 'jai'
10-19 15:22:13.540 28571 31227 I ReactNativeJS: 'Driver Status:', 'online'
10-19 15:22:13.540 28571 31227 I ReactNativeJS: 'Driver User ID:', 'ae53a792-6aed-4186-823d-61c34c6defe2'
10-19 15:22:13.540 28571 31227 I ReactNativeJS: 'Driver Verified:', true
10-19 15:22:13.548 21104 32176 I FusedLocation: stationary throttling disengaged [CONTEXT service_id=6 ]
10-19 15:22:13.549 28571 31227 I ReactNativeJS: ' Location obtained:', { accuracy: 19.591999053955078,
10-19 15:22:13.549 28571 31227 I ReactNativeJS:   longitude: 77.8299833,
10-19 15:22:13.549 28571 31227 I ReactNativeJS:   altitude: 774.5999755859375,
10-19 15:22:13.549 28571 31227 I ReactNativeJS:   heading: 0,
10-19 15:22:13.549 28571 31227 I ReactNativeJS:   latitude: 12.7487033,
10-19 15:22:13.549 28571 31227 I ReactNativeJS:   altitudeAccuracy: 22.692272186279297,
10-19 15:22:13.549 28571 31227 I ReactNativeJS:   speed: 7.927315362163243e-37 }
10-19 15:22:13.552 21104 32176 I FusedLocation: (REDACTED) stationary throttling engaged @%s
10-19 15:22:13.559 28571 31227 I ReactNativeJS: === SENDING LOCATION TO EDGE FUNCTION ===
10-19 15:22:13.559 28571 31227 I ReactNativeJS: 'Driver User ID:', 'ae53a792-6aed-4186-823d-61c34c6defe2'
10-19 15:22:13.559 28571 31227 I ReactNativeJS: 'Location:', { latitude: 12.7487033,
10-19 15:22:13.559 28571 31227 I ReactNativeJS:   longitude: 77.8299833,
10-19 15:22:13.559 28571 31227 I ReactNativeJS:   accuracy: 19.591999053955078 }
10-19 15:22:13.559 28571 31227 I ReactNativeJS:  Updating location via RPC...
10-19 15:22:13.560 21104 32177 I FusedOrientationManager: Registering orientation client. [CONTEXT service_id=6 ]
10-19 15:22:13.564 21104 32176 I FusedLocation: stationary throttling disengaged [CONTEXT service_id=6 ]
10-19 15:22:13.570 21104 32198 I AlarmManager: set [name: SystemMemoryMap-flp type: 2 triggerAtMillis: 9223372036854775806 windowMillis: -1 intervalMillis: 0]
10-19 15:22:13.582 21104 31945 I FusedOrientationManager: Unregistering orientation client. [CONTEXT service_id=6 ]
10-19 15:22:13.583 28571 28571 I TaskService: Handling intent with task name 'background-location-task' and app scoping identifier 'com.a1taxi.driverpro'.
10-19 15:22:13.602 21104 31945 I FusedOrientationManager: Registering orientation client. [CONTEXT service_id=6 ]
10-19 15:22:13.608 21104 21184 W inertial-anchor: Triggering reinit due to mag declination change
10-19 15:22:13.608 21104 21184 W Looper  : Looper already prepared for this thread with a different value for the LOOPER_PREPARE_ALLOW_NON_CALLBACKS option.
10-19 15:22:13.630 21104 21184 W inertial-anchor: Triggering reinit due to mag declination change
10-19 15:22:13.630 21104 21184 W Looper  : Looper already prepared for this thread with a different value for the LOOPER_PREPARE_ALLOW_NON_CALLBACKS option.
10-19 15:22:13.736  5720  5734 D SQLiteQueryBuilder: SELECT _id, _data, _size, date_modified, bucket_id, orientation, datetaken FROM images WHERE ((((is_pending=0 AND NOT _modifier=4) OR (is_pending=1 AND lower(_data) NOT REGEXP '.*/\.pending-(\d+)-([^/]+)$' AND owner_package_name IN ( 'com.vivo.gallery' , 'com.vivo.widget.gallery' )))) AND (is_trashed=0) AND (volume_name IN ( 'external_primary' ))) AND (( bucket_id IN ( -1212198981, -1695567127, -53910322, -2140495773, 606811175, 1251957395, 1115488879, 1092149518, 390907738, -1694063856, -803954635, -1690180765, -1816304744, 911081060, -1291404494, -1285319851, -651554454, 151630153, 543621159, -2002206485, 73761835, -1760112825, -71543827, -302991967, -1227671927, -156420408, -1516374533, 1829735780, -1450708494, -506316380, -1341114264, 1114833418, 1152093397, -1733679058, -2131021710, -680697881, 2084439217, -2024679488, -1447456465, 700805465, 991906690, 1345966226, 657155968, 1266435012, -1966306697, -1897284014, -1949680778, 434583847, 990381004, -1526850504, -1612742889, -1273942824, -1004938028, 331203438, 708879003, 255899559, -528275350, -602893060, -1055518229, 545491069, -1716401999, 668104411, -1118657469, 1040014575, 849662899, -174887798, -1292465169, 1101584562, -613830029, -1577375515, -1628155945, -1033534650, -328196774, -2071947861, 805181138, -1104308479, 181789691, 619245019, 616142335, -1829889111, -1578944343, -1809455754, 1690766750, -793566743, 272894235, -435605656, -1858432929, -792464988, -434569360, -1462931038, -879973635, 65759896, -924335728, -1809287853, 1755148769, -223571158, 2126348076, 48382832, 700217390, 630412299, 183872366, 1059985074, -1806957104, -1641691205, -571335571, 1519174419, 1036004452, -2031220924, -1537104433, 1829930144, -745596364, -8122821, 1366741172, 1548299660, 1674287630, -1535937100, 13148420, 1909659649, 264986155, -9482612, 13005089, -2089205090, -1022498075, -919133986, -884178250, -1422443828, -670014994, -2121027476, 2020100714, 489993, 448544941, -2101462868, -261299595, 1172023232, 1278178828, -607125002, -856420653, -1973993346, 1498690426, -1527464249, -1945110980, 395625896, 1909316592, 569711560, -1686988495, 1763470175, -1488038648, 2113906615, -550734493, 85651275, -1964037955, 428383196, -1949793892, 1136101865, 2018234913, -18391924, 1490911920, -884178653, -1170470833, -1215953411, 1077477957, -1198914825, 1461775709, -643464410, 1900774339, 1272506704, -485246563, 1960476238, -1291404897, -1950041765, 1664549270, 2070856141, 1220790880, 359301071, 278762032, 470519460, -924530092, -1382559966, 904275793, 1298630565, 1186223222, -519179321, 232691476, -1684913851, -750954006, 83641895, 1145800364, -2012790048, 1286776387, 397907126, 1330064451, -1804177550, -1809174739, 174397812, 2043613916, -675937132, 1736146008, -1702973091, -1184968074, 1502601919, 1574223589, 445258174, -1682700158, -351293385, 638217523, 2052700512, 949947357, -1318309340, 616722321, -1406249091, 656868479, -402361508, -1410236246, -1193446467, -1415689986, -1935708161, 1786892787, -2041971395, -1087402833, -1809045590, 658433208, 1208185747, 761624307, 250774884, 12344107, -1415495622, 35166595, -175675851, 912551383, -1432612566, 39258592, -131644514, -1950760957, -1022555983, -1656404229, -731336746, 1106324018, 1962141495, -643270046, 133162019, -2075879543, 945165185, -1572118126, 1746875333, -2129001792, -1739773001, -214169408, 1354535744, -1551292529, 581197485, 1732723533, 1456888538, -1448813142, 13311172, -1569520032, -1527994117, 348164313, 1631149349, -242606674, -1914187326, -1445556762, 211087524, -219150656, -1422672119, -1530754818, -1171388910, -2072752055, -1325148867, 361712075, -1730634595, -340891674, 1407102871, 53870456, -508660256, 2028258487, -815228101, -1694937425, -519178918, 1561178453, -1131671344, 1431320847, 2046578077, -781677303, 1291266200, 848578299, -1972390376, -978314959, -1319727662, 943502520, 1028125135, -175466238, 1195992005, 1920382715, 2108277051, 443703009, 675671268, 263662367, -347572232, 183545411, 1450478273, -1879659704, 1957916785, 1976953110, -1157253172, -1407948598, 
10-19 15:22:13.762 28571 31227 I ReactNativeJS: ' Location', 'updated', 'successfully via RPC'
10-19 15:22:13.762 28571 31227 I ReactNativeJS:  Starting native location watching with 5s intervals
10-19 15:22:13.779 28571 31227 I ReactNativeJS:  Location tracking started successfully
10-19 15:22:13.779 28571 31227 I ReactNativeJS: ' isTracking state set to:', true
10-19 15:22:13.779 28571 31227 I ReactNativeJS: ' 5-second location watch update:', { altitude: 774.5999755859375,
10-19 15:22:13.779 28571 31227 I ReactNativeJS:   heading: 0,
10-19 15:22:13.779 28571 31227 I ReactNativeJS:   altitudeAccuracy: 22.692272186279297,
10-19 15:22:13.779 28571 31227 I ReactNativeJS:   latitude: 12.7487033,
10-19 15:22:13.779 28571 31227 I ReactNativeJS:   speed: 7.927315362163243e-37,
10-19 15:22:13.779 28571 31227 I ReactNativeJS:   longitude: 77.8299833,
10-19 15:22:13.779 28571 31227 I ReactNativeJS:   accuracy: 19.591999053955078 }
10-19 15:22:13.779 28571 31227 I ReactNativeJS: === DRIVER STATUS CHANGE DETECTED ===
10-19 15:22:13.779 28571 31227 I ReactNativeJS: 'Driver:', 'jai'
10-19 15:22:13.779 28571 31227 I ReactNativeJS: 'Driver Status:', 'online'
10-19 15:22:13.779 28571 31227 I ReactNativeJS: 'Driver User ID:', 'ae53a792-6aed-4186-823d-61c34c6defe2'
10-19 15:22:13.780 28571 31227 I ReactNativeJS: 'Driver Verified:', true
10-19 15:22:13.939 28571 31227 I ReactNativeJS: === SENDING LOCATION TO EDGE FUNCTION ===
10-19 15:22:13.939 28571 31227 I ReactNativeJS: 'Driver User ID:', 'ae53a792-6aed-4186-823d-61c34c6defe2'
10-19 15:22:13.939 28571 31227 I ReactNativeJS: 'Location:', { latitude: 12.7487033,
10-19 15:22:13.939 28571 31227 I ReactNativeJS:   longitude: 77.8299833,
10-19 15:22:13.939 28571 31227 I ReactNativeJS:   accuracy: 19.591999053955078 }
10-19 15:22:13.939 28571 31227 I ReactNativeJS:  Updating location via RPC...
10-19 15:22:14.175 28571 31227 I ReactNativeJS: ' Location', 'updated', 'successfully via RPC'
10-19 15:22:14.433 28571 31227 I ReactNativeJS:  Auto-refreshing rides (2-second interval)...
10-19 15:22:14.433 28571 31227 I ReactNativeJS: === LOADING RIDES ===
10-19 15:22:14.433 28571 31227 I ReactNativeJS: 'Driver ID:', '76b66a88-dff9-4965-9e36-8a92023f155d'
10-19 15:22:14.433 28571 31227 I ReactNativeJS: 'Driver User ID:', 'ae53a792-6aed-4186-823d-61c34c6defe2'
10-19 15:22:14.458 28571 31227 I ReactNativeJS:  Loading current ride...
10-19 15:22:14.460 28571 31227 I ReactNativeJS: === RIDES SCREEN STATE DEBUG ===
10-19 15:22:14.460 28571 31227 I ReactNativeJS:  Component state updated:
10-19 15:22:14.460 28571 31227 I ReactNativeJS: '  - Current ride:', { id: '9af31e93-dea1-44d0-ba28-80396f18e004',
10-19 15:22:14.460 28571 31227 I ReactNativeJS:   status: 'in_progress',
10-19 15:22:14.460 28571 31227 I ReactNativeJS:   pickup: 'PRXJ+F32, Brindavan Nagar, Plot 87, NGGO\'s Colony, Anand Nagar, Hosur, Tamil Nadu 635109, India',
10-19 15:22:14.460 28571 31227 I ReactNativeJS:   destination: 'Anthivadi Stadium, SBM Colony, Anthivadi, Hosur, Tamil Nadu, India' }
10-19 15:22:14.461 28571 31227 I ReactNativeJS: '  - Pending rides count:', 0
10-19 15:22:14.461 28571 31227 I ReactNativeJS: '  - Driver status:', 'online'
10-19 15:22:14.461 28571 31227 I ReactNativeJS: '  - Loading:', true
10-19 15:22:14.461 28571 31227 I ReactNativeJS: '  - Error:', null
10-19 15:22:14.461 28571 31227 I ReactNativeJS: '  - Show modal:', false
10-19 15:22:14.461 28571 31227 I ReactNativeJS: '  - Timestamp:', '2025-10-19T09:52:14.461Z'
10-19 15:22:14.461 28571 31227 I ReactNativeJS:  CURRENT RIDE EXISTS - should be visible in UI
10-19 15:22:14.705 28571 31227 I ReactNativeJS: ' Current ride loaded:', { id: '9af31e93-dea1-44d0-ba28-80396f18e004',
10-19 15:22:14.705 28571 31227 I ReactNativeJS:   status: 'in_progress',
10-19 15:22:14.705 28571 31227 I ReactNativeJS:   pickup: 'PRXJ+F32, Brindavan Nagar, Plot 87, NGGO\'s Colony, Anand Nagar, Hosur, Tamil Nadu 635109, India',
10-19 15:22:14.705 28571 31227 I ReactNativeJS:   destination: 'Anthivadi Stadium, SBM Colony, Anthivadi, Hosur, Tamil Nadu, India',
10-19 15:22:14.705 28571 31227 I ReactNativeJS:   customer: 
10-19 15:22:14.705 28571 31227 I ReactNativeJS:    { id: '10c9aa9e-6cb4-45e5-b9d3-682bc1a9bd11',
10-19 15:22:14.705 28571 31227 I ReactNativeJS:      full_name: 'Jaishankar',
10-19 15:22:14.705 28571 31227 I ReactNativeJS:      phone_number: null,
10-19 15:22:14.705 28571 31227 I ReactNativeJS:      email: '+919597230958@phone.a1taxi.local' } }
10-19 15:22:14.705 28571 31227 I ReactNativeJS:  Driver has current ride - not loading pending ride requests
10-19 15:22:14.705 28571 31227 I ReactNativeJS: === RIDES SCREEN STATE DEBUG ===
10-19 15:22:14.705 28571 31227 I ReactNativeJS:  Component state updated:
10-19 15:22:14.706 28571 31227 I ReactNativeJS: '  - Current ride:', { id: '9af31e93-dea1-44d0-ba28-80396f18e004',
10-19 15:22:14.706 28571 31227 I ReactNativeJS:   status: 'in_progress',
10-19 15:22:14.706 28571 31227 I ReactNativeJS:   pickup: 'PRXJ+F32, Brindavan Nagar, Plot 87, NGGO\'s Colony, Anand Nagar, Hosur, Tamil Nadu 635109, India',
10-19 15:22:14.706 28571 31227 I ReactNativeJS:   destination: 'Anthivadi Stadium, SBM Colony, Anthivadi, Hosur, Tamil Nadu, India' }
10-19 15:22:14.706 28571 31227 I ReactNativeJS: '  - Pending rides count:', 0
10-19 15:22:14.706 28571 31227 I ReactNativeJS: '  - Driver status:', 'online'
10-19 15:22:14.706 28571 31227 I ReactNativeJS: '  - Loading:', true
10-19 15:22:14.706 28571 31227 I ReactNativeJS: '  - Error:', null
10-19 15:22:14.706 28571 31227 I ReactNativeJS: '  - Show modal:', false
10-19 15:22:14.706 28571 31227 I ReactNativeJS: '  - Timestamp:', '2025-10-19T09:52:14.706Z'
10-19 15:22:14.706 28571 31227 I ReactNativeJS:  CURRENT RIDE EXISTS - should be visible in UI
10-19 15:22:14.706 28571 31227 I ReactNativeJS: === RIDE REQUEST MODAL LOGIC DEBUG ===
10-19 15:22:14.706 28571 31227 I ReactNativeJS:  Checking if should show ride request modal:
10-19 15:22:14.706 28571 31227 I ReactNativeJS: '  - Pending rides:', 0
10-19 15:22:14.706 28571 31227 I ReactNativeJS: '  - Modal already showing:', false
10-19 15:22:14.706 28571 31227 I ReactNativeJS: '  - Driver status:', 'online'
10-19 15:22:14.706 28571 31227 I ReactNativeJS: '  - Has current ride:', true
10-19 15:22:14.706 28571 31227 I ReactNativeJS:  NOT SHOWING MODAL - reasons:
10-19 15:22:14.706 28571 31227 I ReactNativeJS: ' Analysis:', { pendingRidesCount: 0,
10-19 15:22:14.706 28571 31227 I ReactNativeJS:   modalAlreadyShowing: false,
10-19 15:22:14.706 28571 31227 I ReactNativeJS:   driverStatus: 'online',
10-19 15:22:14.706 28571 31227 I ReactNativeJS:   hasCurrentRide: true }
10-19 15:22:14.715 28571 31227 I ReactNativeJS: === RIDES SCREEN STATE DEBUG ===
10-19 15:22:14.715 28571 31227 I ReactNativeJS:  Component state updated:
10-19 15:22:14.715 28571 31227 I ReactNativeJS: '  - Current ride:', { id: '9af31e93-dea1-44d0-ba28-80396f18e004',
10-19 15:22:14.715 28571 31227 I ReactNativeJS:   status: 'in_progress',
10-19 15:22:14.715 28571 31227 I ReactNativeJS:   pickup: 'PRXJ+F32, Brindavan Nagar, Plot 87, NGGO\'s Colony, Anand Nagar, Hosur, Tamil Nadu 635109, India',
10-19 15:22:14.715 28571 31227 I ReactNativeJS:   destination: 'Anthivadi Stadium, SBM Colony, Anthivadi, Hosur, Tamil Nadu, India' }
10-19 15:22:14.715 28571 31227 I ReactNativeJS: '  - Pending rides count:', 0
10-19 15:22:14.715 28571 31227 I ReactNativeJS: '  - Driver status:', 'online'
10-19 15:22:14.715 28571 31227 I ReactNativeJS: '  - Loading:', true
10-19 15:22:14.715 28571 31227 I ReactNativeJS: '  - Error:', null
10-19 15:22:14.715 28571 31227 I ReactNativeJS: '  - Show modal:', false
10-19 15:22:14.715 28571 31227 I ReactNativeJS: '  - Timestamp:', '2025-10-19T09:52:14.715Z'
10-19 15:22:14.715 28571 31227 I ReactNativeJS:  CURRENT RIDE EXISTS - should be visible in UI
10-19 15:22:14.715 28571 31227 I ReactNativeJS: === RIDE REQUEST MODAL LOGIC DEBUG ===
10-19 15:22:14.715 28571 31227 I ReactNativeJS:  Checking if should show ride request modal:
10-19 15:22:14.715 28571 31227 I ReactNativeJS: '  - Pending rides:', 0
10-19 15:22:14.715 28571 31227 I ReactNativeJS: '  - Modal already showing:', false
10-19 15:22:14.715 28571 31227 I ReactNativeJS: '  - Driver status:', 'online'
10-19 15:22:14.715 28571 31227 I ReactNativeJS: '  - Has current ride:', true
10-19 15:22:14.715 28571 31227 I ReactNativeJS:  NOT SHOWING MODAL - reasons:
10-19 15:22:14.715 28571 31227 I ReactNativeJS: ' Analysis:', { pendingRidesCount: 0,
10-19 15:22:14.715 28571 31227 I ReactNativeJS:   modalAlreadyShowing: false,
10-19 15:22:14.715 28571 31227 I ReactNativeJS:   driverStatus: 'online',
10-19 15:22:14.715 28571 31227 I ReactNativeJS:   hasCurrentRide: true }
10-19 15:22:14.722 28571 31227 I ReactNativeJS: === RIDES SCREEN STATE DEBUG ===
10-19 15:22:14.722 28571 31227 I ReactNativeJS:  Component state updated:
10-19 15:22:14.722 28571 31227 I ReactNativeJS: '  - Current ride:', { id: '9af31e93-dea1-44d0-ba28-80396f18e004',
10-19 15:22:14.722 28571 31227 I ReactNativeJS:   status: 'in_progress',
10-19 15:22:14.722 28571 31227 I ReactNativeJS:   pickup: 'PRXJ+F32, Brindavan Nagar, Plot 87, NGGO\'s Colony, Anand Nagar, Hosur, Tamil Nadu 635109, India',
10-19 15:22:14.722 28571 31227 I ReactNativeJS:   destination: 'Anthivadi Stadium, SBM Colony, Anthivadi, Hosur, Tamil Nadu, India' }
10-19 15:22:14.722 28571 31227 I ReactNativeJS: '  - Pending rides count:', 0
10-19 15:22:14.722 28571 31227 I ReactNativeJS: '  - Driver status:', 'online'
10-19 15:22:14.722 28571 31227 I ReactNativeJS: '  - Loading:', false
10-19 15:22:14.722 28571 31227 I ReactNativeJS: '  - Error:', null
10-19 15:22:14.722 28571 31227 I ReactNativeJS: '  - Show modal:', false
10-19 15:22:14.722 28571 31227 I ReactNativeJS: '  - Timestamp:', '2025-10-19T09:52:14.722Z'
10-19 15:22:14.722 28571 31227 I ReactNativeJS:  CURRENT RIDE EXISTS - should be visible in UI
10-19 15:22:15.843  5720 14148 D SQLiteQueryBuilder: SELECT _id, _data, _size, date_modified, bucket_id, orientation, datetaken FROM images WHERE ((((is_pending=0 AND NOT _modifier=4) OR (is_pending=1 AND lower(_data) NOT REGEXP '.*/\.pending-(\d+)-([^/]+)$' AND owner_package_name IN ( 'com.vivo.gallery' , 'com.vivo.widget.gallery' )))) AND (is_trashed=0) AND (volume_name IN ( 'external_primary' ))) AND (( bucket_id IN ( -1212198981, -1695567127, -53910322, -2140495773, 606811175, 1251957395, 1115488879, 1092149518, 390907738, -1694063856, -803954635, -1690180765, -1816304744, 911081060, -1291404494, -1285319851, -651554454, 151630153, 543621159, -2002206485, 73761835, -1760112825, -71543827, -302991967, -1227671927, -156420408, -1516374533, 1829735780, -1450708494, -506316380, -1341114264, 1114833418, 1152093397, -1733679058, -2131021710, -680697881, 2084439217, -2024679488, -1447456465, 700805465, 991906690, 1345966226, 657155968, 1266435012, -1966306697, -1897284014, -1949680778, 434583847, 990381004, -1526850504, -1612742889, -1273942824, -1004938028, 331203438, 708879003, 255899559, -528275350, -602893060, -1055518229, 545491069, -1716401999, 668104411, -1118657469, 1040014575, 849662899, -174887798, -1292465169, 1101584562, -613830029, -1577375515, -1628155945, -1033534650, -328196774, -2071947861, 805181138, -1104308479, 181789691, 619245019, 616142335, -1829889111, -1578944343, -1809455754, 1690766750, -793566743, 272894235, -435605656, -1858432929, -792464988, -434569360, -1462931038, -879973635, 65759896, -924335728, -1809287853, 1755148769, -223571158, 2126348076, 48382832, 700217390, 630412299, 183872366, 1059985074, -1806957104, -1641691205, -571335571, 1519174419, 1036004452, -2031220924, -1537104433, 1829930144, -745596364, -8122821, 1366741172, 1548299660, 1674287630, -1535937100, 13148420, 1909659649, 264986155, -9482612, 13005089, -2089205090, -1022498075, -919133986, -884178250, -1422443828, -670014994, -2121027476, 2020100714, 489993, 448544941, -2101462868, -261299595, 1172023232, 1278178828, -607125002, -856420653, -1973993346, 1498690426, -1527464249, -1945110980, 395625896, 1909316592, 569711560, -1686988495, 1763470175, -1488038648, 2113906615, -550734493, 85651275, -1964037955, 428383196, -1949793892, 1136101865, 2018234913, -18391924, 1490911920, -884178653, -1170470833, -1215953411, 1077477957, -1198914825, 1461775709, -643464410, 1900774339, 1272506704, -485246563, 1960476238, -1291404897, -1950041765, 1664549270, 2070856141, 1220790880, 359301071, 278762032, 470519460, -924530092, -1382559966, 904275793, 1298630565, 1186223222, -519179321, 232691476, -1684913851, -750954006, 83641895, 1145800364, -2012790048, 1286776387, 397907126, 1330064451, -1804177550, -1809174739, 174397812, 2043613916, -675937132, 1736146008, -1702973091, -1184968074, 1502601919, 1574223589, 445258174, -1682700158, -351293385, 638217523, 2052700512, 949947357, -1318309340, 616722321, -1406249091, 656868479, -402361508, -1410236246, -1193446467, -1415689986, -1935708161, 1786892787, -2041971395, -1087402833, -1809045590, 658433208, 1208185747, 761624307, 250774884, 12344107, -1415495622, 35166595, -175675851, 912551383, -1432612566, 39258592, -131644514, -1950760957, -1022555983, -1656404229, -731336746, 1106324018, 1962141495, -643270046, 133162019, -2075879543, 945165185, -1572118126, 1746875333, -2129001792, -1739773001, -214169408, 1354535744, -1551292529, 581197485, 1732723533, 1456888538, -1448813142, 13311172, -1569520032, -1527994117, 348164313, 1631149349, -242606674, -1914187326, -1445556762, 211087524, -219150656, -1422672119, -1530754818, -1171388910, -2072752055, -1325148867, 361712075, -1730634595, -340891674, 1407102871, 53870456, -508660256, 2028258487, -815228101, -1694937425, -519178918, 1561178453, -1131671344, 1431320847, 2046578077, -781677303, 1291266200, 848578299, -1972390376, -978314959, -1319727662, 943502520, 1028125135, -175466238, 1195992005, 1920382715, 2108277051, 443703009, 675671268, 263662367, -347572232, 183545411, 1450478273, -1879659704, 1957916785, 1976953110, -1157253172, -1407948598, 
10-19 15:22:16.014 21104 21184 I FusedLocation: (REDACTED) location delivery to %s blocked - too fast
10-19 15:22:16.015 21104 21184 I FusedLocation: (REDACTED) location delivery to %s blocked - too fast
10-19 15:22:16.015 21104 21184 I FusedLocation: (REDACTED) location delivery to %s blocked - too close
10-19 15:22:16.021 21104 21184 I FusedLocation: (REDACTED) location delivery to %s blocked - too fast
10-19 15:22:16.023 21104 21184 I FusedLocation: (REDACTED) location delivery to %s blocked - too fast
10-19 15:22:16.023 21104 21184 I FusedLocation: (REDACTED) location delivery to %s blocked - too fast
10-19 15:22:16.434 28571 31227 I ReactNativeJS:  Auto-refreshing rides (2-second interval)...
10-19 15:22:16.434 28571 31227 I ReactNativeJS: === LOADING RIDES ===
10-19 15:22:16.434 28571 31227 I ReactNativeJS: 'Driver ID:', '76b66a88-dff9-4965-9e36-8a92023f155d'
10-19 15:22:16.434 28571 31227 I ReactNativeJS: 'Driver User ID:', 'ae53a792-6aed-4186-823d-61c34c6defe2'
10-19 15:22:16.443 28571 31227 I ReactNativeJS:  Loading current ride...
10-19 15:22:16.445 28571 31227 I ReactNativeJS: === RIDES SCREEN STATE DEBUG ===
10-19 15:22:16.445 28571 31227 I ReactNativeJS:  Component state updated:
10-19 15:22:16.445 28571 31227 I ReactNativeJS: '  - Current ride:', { id: '9af31e93-dea1-44d0-ba28-80396f18e004',
10-19 15:22:16.445 28571 31227 I ReactNativeJS:   status: 'in_progress',
10-19 15:22:16.445 28571 31227 I ReactNativeJS:   pickup: 'PRXJ+F32, Brindavan Nagar, Plot 87, NGGO\'s Colony, Anand Nagar, Hosur, Tamil Nadu 635109, India',
10-19 15:22:16.445 28571 31227 I ReactNativeJS:   destination: 'Anthivadi Stadium, SBM Colony, Anthivadi, Hosur, Tamil Nadu, India' }
10-19 15:22:16.445 28571 31227 I ReactNativeJS: '  - Pending rides count:', 0
10-19 15:22:16.445 28571 31227 I ReactNativeJS: '  - Driver status:', 'online'
10-19 15:22:16.445 28571 31227 I ReactNativeJS: '  - Loading:', true
10-19 15:22:16.445 28571 31227 I ReactNativeJS: '  - Error:', null
10-19 15:22:16.445 28571 31227 I ReactNativeJS: '  - Show modal:', false
10-19 15:22:16.445 28571 31227 I ReactNativeJS: '  - Timestamp:', '2025-10-19T09:52:16.445Z'
10-19 15:22:16.445 28571 31227 I ReactNativeJS:  CURRENT RIDE EXISTS - should be visible in UI
10-19 15:22:16.706 28571 31227 I ReactNativeJS: ' Current ride loaded:', { id: '9af31e93-dea1-44d0-ba28-80396f18e004',
10-19 15:22:16.706 28571 31227 I ReactNativeJS:   status: 'in_progress',
10-19 15:22:16.706 28571 31227 I ReactNativeJS:   pickup: 'PRXJ+F32, Brindavan Nagar, Plot 87, NGGO\'s Colony, Anand Nagar, Hosur, Tamil Nadu 635109, India',
10-19 15:22:16.706 28571 31227 I ReactNativeJS:   destination: 'Anthivadi Stadium, SBM Colony, Anthivadi, Hosur, Tamil Nadu, India',
10-19 15:22:16.706 28571 31227 I ReactNativeJS:   customer: 
10-19 15:22:16.706 28571 31227 I ReactNativeJS:    { id: '10c9aa9e-6cb4-45e5-b9d3-682bc1a9bd11',
10-19 15:22:16.706 28571 31227 I ReactNativeJS:      full_name: 'Jaishankar',
10-19 15:22:16.706 28571 31227 I ReactNativeJS:      phone_number: null,
10-19 15:22:16.706 28571 31227 I ReactNativeJS:      email: '+919597230958@phone.a1taxi.local' } }
10-19 15:22:16.706 28571 31227 I ReactNativeJS:  Driver has current ride - not loading pending ride requests
10-19 15:22:16.706 28571 31227 I ReactNativeJS: === RIDES SCREEN STATE DEBUG ===
10-19 15:22:16.706 28571 31227 I ReactNativeJS:  Component state updated:
10-19 15:22:16.706 28571 31227 I ReactNativeJS: '  - Current ride:', { id: '9af31e93-dea1-44d0-ba28-80396f18e004',
10-19 15:22:16.706 28571 31227 I ReactNativeJS:   status: 'in_progress',
10-19 15:22:16.706 28571 31227 I ReactNativeJS:   pickup: 'PRXJ+F32, Brindavan Nagar, Plot 87, NGGO\'s Colony, Anand Nagar, Hosur, Tamil Nadu 635109, India',
10-19 15:22:16.706 28571 31227 I ReactNativeJS:   destination: 'Anthivadi Stadium, SBM Colony, Anthivadi, Hosur, Tamil Nadu, India' }
10-19 15:22:16.706 28571 31227 I ReactNativeJS: '  - Pending rides count:', 0
10-19 15:22:16.706 28571 31227 I ReactNativeJS: '  - Driver status:', 'online'
10-19 15:22:16.706 28571 31227 I ReactNativeJS: '  - Loading:', true
10-19 15:22:16.707 28571 31227 I ReactNativeJS: '  - Error:', null
10-19 15:22:16.707 28571 31227 I ReactNativeJS: '  - Show modal:', false
10-19 15:22:16.707 28571 31227 I ReactNativeJS: '  - Timestamp:', '2025-10-19T09:52:16.707Z'
10-19 15:22:16.707 28571 31227 I ReactNativeJS:  CURRENT RIDE EXISTS - should be visible in UI
10-19 15:22:16.707 28571 31227 I ReactNativeJS: === RIDE REQUEST MODAL LOGIC DEBUG ===
10-19 15:22:16.707 28571 31227 I ReactNativeJS:  Checking if should show ride request modal:
10-19 15:22:16.707 28571 31227 I ReactNativeJS: '  - Pending rides:', 0
10-19 15:22:16.707 28571 31227 I ReactNativeJS: '  - Modal already showing:', false
10-19 15:22:16.707 28571 31227 I ReactNativeJS: '  - Driver status:', 'online'
10-19 15:22:16.707 28571 31227 I ReactNativeJS: '  - Has current ride:', true
10-19 15:22:16.707 28571 31227 I ReactNativeJS:  NOT SHOWING MODAL - reasons:
10-19 15:22:16.707 28571 31227 I ReactNativeJS: ' Analysis:', { pendingRidesCount: 0,
10-19 15:22:16.707 28571 31227 I ReactNativeJS:   modalAlreadyShowing: false,
10-19 15:22:16.707 28571 31227 I ReactNativeJS:   driverStatus: 'online',
