10-18 04:12:12.092  5589  5589 I KeyboardModeUtils: KeyboardModeUtils.getKeyboardBottomOffset():435 inch: 0.000000 ydpi: 387.429993 adjustKeyboardBottomByDisplaySize: false currentDensityDpi: 440 defaultDensityDpi: 440 keyboardBottomToScreenPx: 0 keyboardBottomToNavBarPx: -116 navBarHeight: 116
10-18 04:12:12.093  5589  5589 I KeyboardHeightUtil: KeyboardHeightUtil.calculateMaxKeyboardBodyHeight():50 leave 267 height for app when ime window height:2171, header height:121 and isFullscreenMode:false, so the max keyboard body height is:1783
10-18 04:12:12.093  5589  5589 I KeyboardHeightUtil: KeyboardHeightUtil.calculateMaxKeyboardBodyHeight():50 leave 267 height for app when ime window height:2171, header height:121 and isFullscreenMode:false, so the max keyboard body height is:1783
10-18 04:12:12.093  5589  5589 I AndroidIME: KeyboardViewManager.updateKeyboardBodyViewHolderPaddingBottom():472 Set finalPaddingBottom = 5 while holderPaddingBottom = 5; navigationHeight = 116
10-18 04:12:12.112  5589  5589 W TooltipLifecycleManager: TooltipLifecycleManager.dismissTooltips():153 Tooltip with id SUGGESTION_VIEW_EDU_MINI_DIALOG not found in tooltipManager.
10-18 04:12:12.123 26036 27730 I NullBinder: NullBinder for com.google.android.gms.lockbox.service.START triggering remote TransactionTooLargeException due to Service without Chimera impl, calling uid: 10202, calling pid: 26106
10-18 04:12:12.123 26036 27730 W .gms.persistent: Large reply transaction of 1056768 bytes, interface descriptor , code 46
10-18 04:12:12.124 26106 26139 E IPCThreadState: Binder transaction failure. id: 422712006, BR_*: 29201, error: -28 (No space left on device)
10-18 04:12:12.124 26106 26139 E JavaBinder: !!! FAILED BINDER TRANSACTION !!!  (parcel size = 408)
10-18 04:12:12.125 26106 26139 W GmsClient: IGmsServiceBroker.getService failed
10-18 04:12:12.125 26106 26139 W GmsClient: android.os.DeadObjectException: Transaction failed on small parcel; remote process probably died, but this could also be caused by running out of binder buffer space
10-18 04:12:12.125 26106 26139 W GmsClient: 	at android.os.BinderProxy.transactNative(Native Method)
10-18 04:12:12.125 26106 26139 W GmsClient: 	at android.os.BinderProxy.transact(BinderProxy.java:692)
10-18 04:12:12.125 26106 26139 W GmsClient: 	at bbkc.a(:com.google.android.gms@253931035@25.39.31 (260400-813878953):33)
10-18 04:12:12.125 26106 26139 W GmsClient: 	at bbid.z(:com.google.android.gms@253931035@25.39.31 (260400-813878953):160)
10-18 04:12:12.125 26106 26139 W GmsClient: 	at baoz.run(:com.google.android.gms@253931035@25.39.31 (260400-813878953):42)
10-18 04:12:12.125 26106 26139 W GmsClient: 	at android.os.Handler.handleCallback(Handler.java:1014)
10-18 04:12:12.125 26106 26139 W GmsClient: 	at android.os.Handler.dispatchMessage(Handler.java:102)
10-18 04:12:12.125 26106 26139 W GmsClient: 	at cmjd.mC(:com.google.android.gms@253931035@25.39.31 (260400-813878953):1)
10-18 04:12:12.125 26106 26139 W GmsClient: 	at cmjd.dispatchMessage(:com.google.android.gms@253931035@25.39.31 (260400-813878953):144)
10-18 04:12:12.125 26106 26139 W GmsClient: 	at android.os.Looper.loopOnce(Looper.java:250)
10-18 04:12:12.125 26106 26139 W GmsClient: 	at android.os.Looper.loop(Looper.java:340)
10-18 04:12:12.125 26106 26139 W GmsClient: 	at android.os.HandlerThread.run(HandlerThread.java:107)
10-18 04:12:12.146  1870  3603 D BatteryStatsService: noteVideoSurfaceChanged  noteWhich: 49,arg1: -1, arg2: -1, arg3: 5589, arg4: 85241, name: com.google.android.inputmethod.latin
10-18 04:12:12.147  5589  5589 D BLASTBufferQueue: [SurfaceView[InputMethod]#1696](f:0,a:0) destructor()
10-18 04:12:12.147  5589  5589 D BufferQueueConsumer: [SurfaceView[InputMethod]#1696(BLAST Consumer)1696](id:15d5000006a0,api:0,p:-1,c:5589) disconnect
10-18 04:12:12.154  5589  5589 I KeyboardModeUtils: KeyboardModeUtils.getKeyboardBottomOffset():435 inch: 0.000000 ydpi: 387.429993 adjustKeyboardBottomByDisplaySize: false currentDensityDpi: 440 defaultDensityDpi: 440 keyboardBottomToScreenPx: 0 keyboardBottomToNavBarPx: -116 navBarHeight: 116
10-18 04:12:12.154  5589  5589 I KeyboardHeightUtil: KeyboardHeightUtil.calculateMaxKeyboardBodyHeight():50 leave 267 height for app when ime window height:2171, header height:121 and isFullscreenMode:false, so the max keyboard body height is:1783
10-18 04:12:12.155  5589  5589 I KeyboardHeightUtil: KeyboardHeightUtil.calculateMaxKeyboardBodyHeight():50 leave 267 height for app when ime window height:2171, header height:121 and isFullscreenMode:false, so the max keyboard body height is:1783
10-18 04:12:12.155  5589  5589 I AndroidIME: KeyboardViewManager.updateKeyboardBodyViewHolderPaddingBottom():472 Set finalPaddingBottom = 5 while holderPaddingBottom = 5; navigationHeight = 116
10-18 04:12:12.240  5589  5589 I KeyboardModeUtils: KeyboardModeUtils.getKeyboardBottomOffset():435 inch: 0.000000 ydpi: 387.429993 adjustKeyboardBottomByDisplaySize: false currentDensityDpi: 440 defaultDensityDpi: 440 keyboardBottomToScreenPx: 0 keyboardBottomToNavBarPx: -116 navBarHeight: 116
10-18 04:12:12.241  5589  5589 I KeyboardHeightUtil: KeyboardHeightUtil.calculateMaxKeyboardBodyHeight():50 leave 267 height for app when ime window height:2171, header height:121 and isFullscreenMode:false, so the max keyboard body height is:1783
10-18 04:12:12.241  5589  5589 I KeyboardHeightUtil: KeyboardHeightUtil.calculateMaxKeyboardBodyHeight():50 leave 267 height for app when ime window height:2171, header height:121 and isFullscreenMode:false, so the max keyboard body height is:1783
10-18 04:12:12.241  5589  5589 I AndroidIME: KeyboardViewManager.updateKeyboardBodyViewHolderPaddingBottom():472 Set finalPaddingBottom = 5 while holderPaddingBottom = 5; navigationHeight = 116
10-18 04:12:12.302  3458  3458 V InlineSuggestionRenderService: Releasing inline suggestion view host
10-18 04:12:12.316  3458  3458 D BLASTBufferQueue: [VRI[]#323](f:0,a:4) destructor()
10-18 04:12:12.316  3458  3458 D BufferQueueConsumer: [VRI[]#323(BLAST Consumer)323](id:d8200000143,api:0,p:-1,c:3458) disconnect
10-18 04:12:12.327  3458  3458 V InlineSuggestionRenderService: Removed the inline suggestion from the cache, current size=0
10-18 04:12:12.526 26106 17555 I Authzen : [DeviceStateSyncManager] The server is in sync with current state. Nothing to do
10-18 04:12:12.616  3458  3458 V InlinePresentationRendererServiceImpl: onRenderSuggestion: width=-2, height=-2
10-18 04:12:12.620  3458  3458 V InlineSuggestionRenderService: width=-2, height=-2, measuredSize=366x121
10-18 04:12:12.645  3458  3458 D ViewRootImpl: AppSizeAfterRelayout, size: Point(366, 121), rotation: ROTATION_0
10-18 04:12:12.645  3458  3458 D BufferQueueConsumer: [](id:d8200000144,api:0,p:-1,c:3458) connect: controlledByApp=false
10-18 04:12:12.646  3458  3458 D BLASTBufferQueue: [VRI[]#324](f:0,a:0) constructor()
10-18 04:12:12.646  3458  3458 D BLASTBufferQueue: [VRI[]#324](f:0,a:0) update width=366 height=121 format=-2 mTransformHint=0
10-18 04:12:12.653  3458 31463 D BLASTBufferQueue: [VRI[]#324](f:0,a:1) acquireNextBufferLocked size=366x121 mFrameNumber=1 applyTransaction=true mTimestamp=574612134210479(auto) mPendingTransactions.size=0 graphicBufferId=14851996911836 transform=0
10-18 04:12:12.655  5589  5589 I ProactiveSuggestionsHolderManager: ProactiveSuggestionsHolderManager$2.display():195 Requesting to show proactive suggestions: AUTO_FILL PREEMPTIVE_WITH_SUPPRESSION
10-18 04:12:12.660  5589  5589 D BufferQueueConsumer: [](id:15d5000006a2,api:0,p:-1,c:5589) connect: controlledByApp=false
10-18 04:12:12.661  5589  5589 D BLASTBufferQueue: [SurfaceView[InputMethod]#1698](f:0,a:0) constructor()
10-18 04:12:12.661  5589  5589 D BLASTBufferQueue: [SurfaceView[InputMethod]#1698](f:0,a:0) update width=770 height=121 format=-2 mTransformHint=0
10-18 04:12:12.664  1870  3605 D BatteryStatsService: noteVideoSurfaceChanged  noteWhich: 49,arg1: 770, arg2: 121, arg3: 5589, arg4: 85241, name: com.google.android.inputmethod.latin
10-18 04:12:12.670  5589  5589 I ProactiveSuggestionsHolderManager: ProactiveSuggestionsHolderManager$Holder.setSuggestionsAndShow():898 succeed to show proactive suggestions AUTO_FILL PREEMPTIVE_WITH_SUPPRESSION
10-18 04:12:12.673  5589  5589 I KeyboardModeUtils: KeyboardModeUtils.getKeyboardBottomOffset():435 inch: 0.000000 ydpi: 387.429993 adjustKeyboardBottomByDisplaySize: false currentDensityDpi: 440 defaultDensityDpi: 440 keyboardBottomToScreenPx: 0 keyboardBottomToNavBarPx: -116 navBarHeight: 116
10-18 04:12:12.673  5589  5589 I KeyboardHeightUtil: KeyboardHeightUtil.calculateMaxKeyboardBodyHeight():50 leave 267 height for app when ime window height:2171, header height:121 and isFullscreenMode:false, so the max keyboard body height is:1783
10-18 04:12:12.673  5589  5589 I KeyboardHeightUtil: KeyboardHeightUtil.calculateMaxKeyboardBodyHeight():50 leave 267 height for app when ime window height:2171, header height:121 and isFullscreenMode:false, so the max keyboard body height is:1783
10-18 04:12:12.673  5589  5589 I AndroidIME: KeyboardViewManager.updateKeyboardBodyViewHolderPaddingBottom():472 Set finalPaddingBottom = 5 while holderPaddingBottom = 5; navigationHeight = 116
10-18 04:12:12.680  5589  5589 D BufferQueueConsumer: [](id:15d5000006a3,api:0,p:-1,c:5589) connect: controlledByApp=false
10-18 04:12:12.680  5589  5589 D BLASTBufferQueue: [SurfaceView[InputMethod]#1699](f:0,a:0) constructor()
10-18 04:12:12.680  5589  5589 D BLASTBufferQueue: [SurfaceView[InputMethod]#1699](f:0,a:0) update width=366 height=121 format=-2 mTransformHint=0
10-18 04:12:12.687  1870  3605 D BatteryStatsService: noteVideoSurfaceChanged  noteWhich: 49,arg1: 366, arg2: 121, arg3: 5589, arg4: 96424, name: com.google.android.inputmethod.latin
10-18 04:12:12.691  5589  5657 D BLASTBufferQueue: [SurfaceView[InputMethod]#1699](f:0,a:1) acquireNextBufferLocked size=366x121 mFrameNumber=1 applyTransaction=true mTimestamp=574612172200864(auto) mPendingTransactions.size=0 graphicBufferId=24004572223592 transform=0
10-18 04:12:12.694  1870  3605 D BatteryStatsService: noteVideoSurfaceChanged  noteWhich: 49,arg1: 184, arg2: 13, arg3: 5589, arg4: 96424, name: com.google.android.inputmethod.latin
10-18 04:12:12.695  1870  3605 D BatteryStatsService: noteVideoSurfaceChanged  noteWhich: 49,arg1: 770, arg2: 121, arg3: 5589, arg4: 85241, name: com.google.android.inputmethod.latin
10-18 04:12:12.701  1870  3605 D BatteryStatsService: noteVideoSurfaceChanged  noteWhich: 49,arg1: 220, arg2: 35, arg3: 5589, arg4: 96424, name: com.google.android.inputmethod.latin
10-18 04:12:12.705  1870  3605 D BatteryStatsService: noteVideoSurfaceChanged  noteWhich: 49,arg1: 256, arg2: 55, arg3: 5589, arg4: 96424, name: com.google.android.inputmethod.latin
10-18 04:12:12.723  1870  3605 D BatteryStatsService: noteVideoSurfaceChanged  noteWhich: 49,arg1: 286, arg2: 73, arg3: 5589, arg4: 96424, name: com.google.android.inputmethod.latin
10-18 04:12:12.740  1870  3605 D BatteryStatsService: noteVideoSurfaceChanged  noteWhich: 49,arg1: 310, arg2: 89, arg3: 5589, arg4: 96424, name: com.google.android.inputmethod.latin
10-18 04:12:12.758  1870  3605 D BatteryStatsService: noteVideoSurfaceChanged  noteWhich: 49,arg1: 330, arg2: 101, arg3: 5589, arg4: 96424, name: com.google.android.inputmethod.latin
10-18 04:12:12.774  1870  3605 D BatteryStatsService: noteVideoSurfaceChanged  noteWhich: 49,arg1: 346, arg2: 109, arg3: 5589, arg4: 96424, name: com.google.android.inputmethod.latin
10-18 04:12:12.791  1870  3605 D BatteryStatsService: noteVideoSurfaceChanged  noteWhich: 49,arg1: 358, arg2: 117, arg3: 5589, arg4: 96424, name: com.google.android.inputmethod.latin
10-18 04:12:12.806  1870  3607 D BatteryStatsService: noteVideoSurfaceChanged  noteWhich: 49,arg1: 364, arg2: 121, arg3: 5589, arg4: 96424, name: com.google.android.inputmethod.latin
10-18 04:12:12.823  1870  3607 D BatteryStatsService: noteVideoSurfaceChanged  noteWhich: 49,arg1: 366, arg2: 121, arg3: 5589, arg4: 96424, name: com.google.android.inputmethod.latin
10-18 04:12:13.223  5589  5589 W TooltipLifecycleManager: TooltipLifecycleManager.dismissTooltips():153 Tooltip with id SUGGESTION_VIEW_EDU_MINI_DIALOG not found in tooltipManager.
10-18 04:12:13.225  1870  3605 D BatteryStatsService: noteVideoSurfaceChanged  noteWhich: 49,arg1: -1, arg2: -1, arg3: 5589, arg4: 96424, name: com.google.android.inputmethod.latin
10-18 04:12:13.226  5589  5657 E BufferQueueProducer: [SurfaceView[InputMethod]#1699(BLAST Consumer)1699](id:15d5000006a3,api:0,p:-1,c:5589) disconnect: not connected (req=1)
10-18 04:12:13.226  5589  5657 W libEGL  : EGLNativeWindowType 0xb4000077e02330a0 disconnect failed
10-18 04:12:13.226  5589  5589 D BLASTBufferQueue: [SurfaceView[InputMethod]#1699](f:0,a:1) destructor()
10-18 04:12:13.226  5589  5589 D BufferQueueConsumer: [SurfaceView[InputMethod]#1699(BLAST Consumer)1699](id:15d5000006a3,api:0,p:-1,c:5589) disconnect
10-18 04:12:13.228  5589  5589 W TooltipLifecycleManager: TooltipLifecycleManager.dismissTooltips():153 Tooltip with id SUGGESTION_VIEW_EDU_MINI_DIALOG not found in tooltipManager.
10-18 04:12:13.239  5589  5589 I KeyboardModeUtils: KeyboardModeUtils.getKeyboardBottomOffset():435 inch: 0.000000 ydpi: 387.429993 adjustKeyboardBottomByDisplaySize: false currentDensityDpi: 440 defaultDensityDpi: 440 keyboardBottomToScreenPx: 0 keyboardBottomToNavBarPx: -116 navBarHeight: 116
10-18 04:12:13.240  5589  5589 I KeyboardHeightUtil: KeyboardHeightUtil.calculateMaxKeyboardBodyHeight():50 leave 267 height for app when ime window height:2171, header height:121 and isFullscreenMode:false, so the max keyboard body height is:1783
10-18 04:12:13.240  5589  5589 I KeyboardHeightUtil: KeyboardHeightUtil.calculateMaxKeyboardBodyHeight():50 leave 267 height for app when ime window height:2171, header height:121 and isFullscreenMode:false, so the max keyboard body height is:1783
10-18 04:12:13.240  5589  5589 I AndroidIME: KeyboardViewManager.updateKeyboardBodyViewHolderPaddingBottom():472 Set finalPaddingBottom = 5 while holderPaddingBottom = 5; navigationHeight = 116
10-18 04:12:13.246  5589  5589 W TooltipLifecycleManager: TooltipLifecycleManager.dismissTooltips():153 Tooltip with id SUGGESTION_VIEW_EDU_MINI_DIALOG not found in tooltipManager.
10-18 04:12:13.297  5589  5589 D BLASTBufferQueue: [SurfaceView[InputMethod]#1698](f:0,a:0) destructor()
10-18 04:12:13.297  5589  5589 D BufferQueueConsumer: [SurfaceView[InputMethod]#1698(BLAST Consumer)1698](id:15d5000006a2,api:0,p:-1,c:5589) disconnect
10-18 04:12:13.300  1870  3261 D BatteryStatsService: noteVideoSurfaceChanged  noteWhich: 49,arg1: -1, arg2: -1, arg3: 5589, arg4: 85241, name: com.google.android.inputmethod.latin
10-18 04:12:13.305  5589  5589 I KeyboardModeUtils: KeyboardModeUtils.getKeyboardBottomOffset():435 inch: 0.000000 ydpi: 387.429993 adjustKeyboardBottomByDisplaySize: false currentDensityDpi: 440 defaultDensityDpi: 440 keyboardBottomToScreenPx: 0 keyboardBottomToNavBarPx: -116 navBarHeight: 116
10-18 04:12:13.305  5589  5589 I KeyboardHeightUtil: KeyboardHeightUtil.calculateMaxKeyboardBodyHeight():50 leave 267 height for app when ime window height:2171, header height:121 and isFullscreenMode:false, so the max keyboard body height is:1783
10-18 04:12:13.306  5589  5589 I KeyboardHeightUtil: KeyboardHeightUtil.calculateMaxKeyboardBodyHeight():50 leave 267 height for app when ime window height:2171, header height:121 and isFullscreenMode:false, so the max keyboard body height is:1783
10-18 04:12:13.306  5589  5589 I AndroidIME: KeyboardViewManager.updateKeyboardBodyViewHolderPaddingBottom():472 Set finalPaddingBottom = 5 while holderPaddingBottom = 5; navigationHeight = 116
10-18 04:12:13.390  5589  5589 I KeyboardModeUtils: KeyboardModeUtils.getKeyboardBottomOffset():435 inch: 0.000000 ydpi: 387.429993 adjustKeyboardBottomByDisplaySize: false currentDensityDpi: 440 defaultDensityDpi: 440 keyboardBottomToScreenPx: 0 keyboardBottomToNavBarPx: -116 navBarHeight: 116
10-18 04:12:13.391  5589  5589 I KeyboardHeightUtil: KeyboardHeightUtil.calculateMaxKeyboardBodyHeight():50 leave 267 height for app when ime window height:2171, header height:121 and isFullscreenMode:false, so the max keyboard body height is:1783
10-18 04:12:13.391  5589  5589 I KeyboardHeightUtil: KeyboardHeightUtil.calculateMaxKeyboardBodyHeight():50 leave 267 height for app when ime window height:2171, header height:121 and isFullscreenMode:false, so the max keyboard body height is:1783
10-18 04:12:13.391  5589  5589 I AndroidIME: KeyboardViewManager.updateKeyboardBodyViewHolderPaddingBottom():472 Set finalPaddingBottom = 5 while holderPaddingBottom = 5; navigationHeight = 116
10-18 04:12:13.450  3458  3458 V InlineSuggestionRenderService: Releasing inline suggestion view host
10-18 04:12:13.466  3458  3458 D BLASTBufferQueue: [VRI[]#324](f:0,a:4) destructor()
10-18 04:12:13.466  3458  3458 D BufferQueueConsumer: [VRI[]#324(BLAST Consumer)324](id:d8200000144,api:0,p:-1,c:3458) disconnect
10-18 04:12:13.479  3458  3458 V InlineSuggestionRenderService: Removed the inline suggestion from the cache, current size=0
10-18 04:12:13.617  5589  5589 W TooltipLifecycleManager: TooltipLifecycleManager.dismissTooltips():153 Tooltip with id SUGGESTION_VIEW_EDU_MINI_DIALOG not found in tooltipManager.
10-18 04:12:13.814 26106 26106 D BoundBrokerSvc: onUnbind: Intent { act=com.google.android.gms.notifications.capping.api.NotificationsCappingApiService.START dat=chimera-action:/... cmp=com.google.android.gms/.chimera.GmsApiService }
10-18 04:12:13.821 26106 26106 D BoundBrokerSvc: onUnbind: Intent { act=com.google.android.mobstore.service.START pkg=com.google.android.gms }
10-18 04:12:13.982  5589  5589 W TooltipLifecycleManager: TooltipLifecycleManager.dismissTooltips():153 Tooltip with id SUGGESTION_VIEW_EDU_MINI_DIALOG not found in tooltipManager.
10-18 04:12:13.999 26036 26036 E AbstractGmsTracer: Traced class shouldn't be obfuscated: apab [CONTEXT service_id=259 ]
10-18 04:12:14.319  5589  5589 W TooltipLifecycleManager: TooltipLifecycleManager.dismissTooltips():153 Tooltip with id SUGGESTION_VIEW_EDU_MINI_DIALOG not found in tooltipManager.
10-18 04:12:14.834  5589  5589 W TooltipLifecycleManager: TooltipLifecycleManager.dismissTooltips():153 Tooltip with id SUGGESTION_VIEW_EDU_MINI_DIALOG not found in tooltipManager.
10-18 04:12:15.124  5589  5589 W TooltipLifecycleManager: TooltipLifecycleManager.dismissTooltips():153 Tooltip with id SUGGESTION_VIEW_EDU_MINI_DIALOG not found in tooltipManager.
10-18 04:12:15.421  5589  5589 W TooltipLifecycleManager: TooltipLifecycleManager.dismissTooltips():153 Tooltip with id SUGGESTION_VIEW_EDU_MINI_DIALOG not found in tooltipManager.
10-18 04:12:16.178 14073 14073 I ImeTracker: com.a1taxi.driverpro:afdb5657: onRequestHide at ORIGIN_CLIENT reason HIDE_SOFT_INPUT fromUser false
10-18 04:12:16.184  5589  5589 I GoogleInputMethodService: GoogleInputMethodService.onFinishInputView():1571 onFinishInputView(false)
10-18 04:12:16.184  5589  5589 I GlobeKeyExtension: GlobeKeyExtension.onDeactivate():144 
10-18 04:12:16.185  5589  5589 W TooltipLifecycleManager: TooltipLifecycleManager.dismissTooltips():153 Tooltip with id SUGGESTION_VIEW_EDU_MINI_DIALOG not found in tooltipManager.
10-18 04:12:16.186  5589  5589 I VoiceInputManagerWrapper: VoiceInputManagerWrapper.shutdown():131 shutdown()
10-18 04:12:16.189  5589  5589 W TooltipLifecycleManager: TooltipLifecycleManager.dismissTooltips():153 Tooltip with id spell_check_add_to_dictionary not found in tooltipManager.
10-18 04:12:16.190  5589  5589 I AndroidIME: AbstractIme.onDeactivate():216 PasswordIme.onDeactivate()
10-18 04:12:16.192  5589  5589 W TooltipLifecycleManager: TooltipLifecycleManager.dismissTooltips():153 Tooltip with id undo_access_point_promotion_banner not found in tooltipManager.
10-18 04:12:16.200 14073 14073 D InsetsController: hide(ime(), fromIme=true)
10-18 04:12:16.217  5589  5589 I KeyboardModeUtils: KeyboardModeUtils.getKeyboardBottomOffset():435 inch: 0.000000 ydpi: 387.429993 adjustKeyboardBottomByDisplaySize: false currentDensityDpi: 440 defaultDensityDpi: 440 keyboardBottomToScreenPx: 0 keyboardBottomToNavBarPx: -116 navBarHeight: 116
10-18 04:12:16.217  5589  5589 I KeyboardHeightUtil: KeyboardHeightUtil.calculateMaxKeyboardBodyHeight():50 leave 267 height for app when ime window height:2171, header height:121 and isFullscreenMode:false, so the max keyboard body height is:1783
10-18 04:12:16.217  5589  5589 I KeyboardHeightUtil: KeyboardHeightUtil.calculateMaxKeyboardBodyHeight():50 leave 267 height for app when ime window height:2171, header height:121 and isFullscreenMode:false, so the max keyboard body height is:1783
10-18 04:12:16.217  5589  5589 I AndroidIME: KeyboardViewManager.updateKeyboardBodyViewHolderPaddingBottom():472 Set finalPaddingBottom = 5 while holderPaddingBottom = 5; navigationHeight = 116
10-18 04:12:16.398  8424  8450 I native  : I0000 00:00:1760740936.398265    8450 soda_async_impl.cc:1377] Current audio timestamp: 1760740936306188
10-18 04:12:16.410 14073 14073 I ImeTracker: com.a1taxi.driverpro:ef802101: onRequestHide at ORIGIN_CLIENT reason HIDE_SOFT_INPUT_ON_ANIMATION_STATE_CHANGED fromUser false
10-18 04:12:16.411 14073 14073 I ImeTracker: com.a1taxi.driverpro:afdb5657: onHidden
10-18 04:12:16.416  8424  8459 W ProxyAndroidLoggerBackend: Too many Flogger logs received before configuration. Dropping old logs.
10-18 04:12:16.921  5589  5589 W TooltipLifecycleManager: TooltipLifecycleManager.dismissTooltips():153 Tooltip with id undo_access_point_promotion_banner not found in tooltipManager.
10-18 04:12:16.935  5589  5589 D ViewRootImpl: AppSizeAfterRelayout, size: Point(1080, 2287), rotation: ROTATION_0
10-18 04:12:16.935  5589  5589 D BLASTBufferQueue: [VRI[InputMethod]#1693](f:0,a:4) destructor()
10-18 04:12:16.936  5589  5589 D BufferQueueConsumer: [VRI[InputMethod]#1693(BLAST Consumer)1693](id:15d50000069d,api:0,p:-1,c:5589) disconnect
10-18 04:12:16.989 14073 16194 I ReactNativeJS: === LOGIN BUTTON PRESSED ===
10-18 04:12:16.989 14073 16194 I ReactNativeJS: 'Username entered:', 'john'
10-18 04:12:16.989 14073 16194 I ReactNativeJS: 'Password length:', 7
10-18 04:12:16.989 14073 16194 I ReactNativeJS: === DRIVER AUTHENTICATION ===
10-18 04:12:16.989 14073 16194 I ReactNativeJS: 'Username:', 'john'
10-18 04:12:16.990 14073 16194 I ReactNativeJS: 'Password length:', 7
10-18 04:12:16.990 14073 16194 I ReactNativeJS: 🔍 Authenticating driver credentials via RPC...
10-18 04:12:16.997 14073 16194 I ReactNativeJS: Auth still loading...
10-18 04:12:17.019 14073 14073 I ImeTracker: com.a1taxi.driverpro:e3d0c1d: onRequestHide at ORIGIN_CLIENT reason HIDE_SOFT_INPUT_CLOSE_CURRENT_SESSION fromUser false
10-18 04:12:17.154 26036 26236 I NullBinder: NullBinder for com.google.android.gms.lockbox.service.START triggering remote TransactionTooLargeException due to Service without Chimera impl, calling uid: 10202, calling pid: 26106
10-18 04:12:17.155 26036 26236 W .gms.persistent: Large reply transaction of 1056768 bytes, interface descriptor , code 46
10-18 04:12:17.156 26106 26139 E IPCThreadState: Binder transaction failure. id: 422715540, BR_*: 29201, error: -28 (No space left on device)
10-18 04:12:17.156 26106 26139 D ActivityThread: Too many transaction errors, throttling freezer binder callback.
10-18 04:12:17.156 26106 26139 E JavaBinder: !!! FAILED BINDER TRANSACTION !!!  (parcel size = 408)
10-18 04:12:17.157 26106 26139 W GmsClient: IGmsServiceBroker.getService failed
10-18 04:12:17.157 26106 26139 W GmsClient: android.os.DeadObjectException: Transaction failed on small parcel; remote process probably died, but this could also be caused by running out of binder buffer space
10-18 04:12:17.157 26106 26139 W GmsClient: 	at android.os.BinderProxy.transactNative(Native Method)
10-18 04:12:17.157 26106 26139 W GmsClient: 	at android.os.BinderProxy.transact(BinderProxy.java:692)
10-18 04:12:17.157 26106 26139 W GmsClient: 	at bbkc.a(:com.google.android.gms@253931035@25.39.31 (260400-813878953):33)
10-18 04:12:17.157 26106 26139 W GmsClient: 	at bbid.z(:com.google.android.gms@253931035@25.39.31 (260400-813878953):160)
10-18 04:12:17.157 26106 26139 W GmsClient: 	at baoz.run(:com.google.android.gms@253931035@25.39.31 (260400-813878953):42)
10-18 04:12:17.157 26106 26139 W GmsClient: 	at android.os.Handler.handleCallback(Handler.java:1014)
10-18 04:12:17.157 26106 26139 W GmsClient: 	at android.os.Handler.dispatchMessage(Handler.java:102)
10-18 04:12:17.157 26106 26139 W GmsClient: 	at cmjd.mC(:com.google.android.gms@253931035@25.39.31 (260400-813878953):1)
10-18 04:12:17.157 26106 26139 W GmsClient: 	at cmjd.dispatchMessage(:com.google.android.gms@253931035@25.39.31 (260400-813878953):144)
10-18 04:12:17.157 26106 26139 W GmsClient: 	at android.os.Looper.loopOnce(Looper.java:250)
10-18 04:12:17.157 26106 26139 W GmsClient: 	at android.os.Looper.loop(Looper.java:340)
10-18 04:12:17.157 26106 26139 W GmsClient: 	at android.os.HandlerThread.run(HandlerThread.java:107)
10-18 04:12:17.191  5751  5767 I duzn    : (REDACTED) appOpsListener %s %s
10-18 04:12:17.191  5751  5767 I duzn    : (REDACTED) Ignoring irrelevant audio permission changes for package %s
10-18 04:12:17.224 14073 16194 I ReactNativeJS: 'Authentication result:', { success: true,
10-18 04:12:17.224 14073 16194 I ReactNativeJS:   user_id: '1c4ac410-54d8-4b5e-960b-3afcbebd115d',
10-18 04:12:17.224 14073 16194 I ReactNativeJS:   message: 'Authentication successful' }
10-18 04:12:17.225 14073 16194 I ReactNativeJS: ✅ Authentication successful
10-18 04:12:17.225 14073 16194 I ReactNativeJS: 'User ID:', '1c4ac410-54d8-4b5e-960b-3afcbebd115d'
10-18 04:12:17.225 14073 16194 I ReactNativeJS: 📋 Loading user profile...
10-18 04:12:17.455 14073 16194 I ReactNativeJS: ✅ User verified as driver
10-18 04:12:17.455 14073 16194 I ReactNativeJS: 🚗 Loading driver profile via RPC...
10-18 04:12:17.702 14073 16194 I ReactNativeJS: === RETRIEVING CURRENT DRIVER STATUS ===
10-18 04:12:17.702 14073 16194 I ReactNativeJS: ✅ Driver profile loaded successfully
10-18 04:12:17.703 14073 16194 I ReactNativeJS: '📊 CURRENT status from database:', 'online'
10-18 04:12:17.703 14073 16194 I ReactNativeJS: '📊 Status retrieved at:', '2025-10-17T22:42:17.703Z'
10-18 04:12:17.703 14073 16194 I ReactNativeJS: 📊 TESTING MODE: Setting status to ONLINE by default
10-18 04:12:17.703 14073 16194 I ReactNativeJS: 🧪 TESTING MODE ACTIVE - Ensuring driver is ONLINE and AVAILABLE
10-18 04:12:17.937 14073 16194 I ReactNativeJS: ✅ Driver status set to ONLINE and VERIFIED for testing
10-18 04:12:17.938 14073 16194 I ReactNativeJS: === FINAL STATUS CONFIRMATION ===
10-18 04:12:17.938 14073 16194 I ReactNativeJS: '📊 Driver logged in with TESTING status:', 'online'
10-18 04:12:17.938 14073 16194 I ReactNativeJS: 🧪 TESTING MODE: Driver defaulted to ONLINE
10-18 04:12:17.938 14073 16194 I ReactNativeJS: 📊 Status will remain ONLINE until manually changed
10-18 04:12:17.943 14073 16194 I ReactNativeJS: Auth still loading...
10-18 04:12:17.943 14073 16194 I ReactNativeJS: === RIDE CONTEXT INITIALIZED ===
10-18 04:12:17.944 14073 16194 I ReactNativeJS: 'Driver:', 'john'
10-18 04:12:17.944 14073 16194 I ReactNativeJS: 'Driver ID:', 'eb91d7e5-e2f2-4021-a8c8-3739a3d4cae4'
10-18 04:12:17.944 14073 16194 I ReactNativeJS: 'Driver Status:', 'online'
10-18 04:12:17.944 14073 16194 I ReactNativeJS: === LOADING RIDES ===
10-18 04:12:17.944 14073 16194 I ReactNativeJS: 'Driver ID:', 'eb91d7e5-e2f2-4021-a8c8-3739a3d4cae4'
10-18 04:12:17.944 14073 16194 I ReactNativeJS: 'Driver User ID:', '1c4ac410-54d8-4b5e-960b-3afcbebd115d'
10-18 04:12:17.944 14073 16194 I ReactNativeJS: 🔍 Loading current ride...
10-18 04:12:17.946 14073 16194 I ReactNativeJS: === SETTING UP REAL-TIME SUBSCRIPTIONS ===
10-18 04:12:17.946 14073 16194 I ReactNativeJS: 'Driver User ID:', '1c4ac410-54d8-4b5e-960b-3afcbebd115d'
10-18 04:12:17.946 14073 16194 I ReactNativeJS: 'Driver ID:', 'eb91d7e5-e2f2-4021-a8c8-3739a3d4cae4'
10-18 04:12:17.948 14073 16194 I ReactNativeJS: ✅ Real-time subscriptions established
10-18 04:12:17.949 14073 16194 I ReactNativeJS: === DRIVER STATUS CHANGE DETECTED ===
10-18 04:12:17.949 14073 16194 I ReactNativeJS: 'Driver:', 'john'
10-18 04:12:17.949 14073 16194 I ReactNativeJS: 'Driver Status:', 'online'
10-18 04:12:17.949 14073 16194 I ReactNativeJS: 'Driver User ID:', '1c4ac410-54d8-4b5e-960b-3afcbebd115d'
10-18 04:12:17.949 14073 16194 I ReactNativeJS: 'Driver Verified:', true
10-18 04:12:17.949 14073 16194 I ReactNativeJS: ✅ Driver is active, ensuring location record exists and driver is available for customers...
10-18 04:12:17.949 14073 16194 I ReactNativeJS: === HANDLING ACTIVE DRIVER ===
10-18 04:12:17.949 14073 16194 I ReactNativeJS: 'Driver status:', 'online'
10-18 04:12:17.949 14073 16194 I ReactNativeJS: 'Driver verified:', true
10-18 04:12:17.950 14073 16194 I ReactNativeJS: === FORCE CREATING LOCATION RECORD ===
10-18 04:12:17.950 14073 16194 I ReactNativeJS: 'Driver User ID:', '1c4ac410-54d8-4b5e-960b-3afcbebd115d'
10-18 04:12:17.950 14073 16194 I ReactNativeJS: 'Driver Name:', 'john'
10-18 04:12:17.950 14073 16194 E ReactNativeJS: ❌ EXPO_PUBLIC_SUPABASE_URL is not configured properly
10-18 04:12:17.952 14073 16194 E ReactNativeJS: 'Current value:', undefined
10-18 04:12:17.957 14073 16194 I ReactNativeJS: ⚠️ Falling back to direct database insert without edge function
10-18 04:12:17.957 14073 16194 I ReactNativeJS: === FALLBACK: CREATING LOCATION RECORD VIA RPC ===
10-18 04:12:17.957 14073 16194 I ReactNativeJS: 📍 Attempting to get current GPS location...
10-18 04:12:17.958 14073 16194 I ReactNativeJS: === DRIVER STATUS CHANGE DETECTED ===
10-18 04:12:17.958 14073 16194 I ReactNativeJS: 'Driver:', 'john'
10-18 04:12:17.958 14073 16194 I ReactNativeJS: 'Driver Status:', 'online'
10-18 04:12:17.958 14073 16194 I ReactNativeJS: 'Driver User ID:', '1c4ac410-54d8-4b5e-960b-3afcbebd115d'
10-18 04:12:17.958 14073 16194 I ReactNativeJS: 'Driver Verified:', true
10-18 04:12:17.959 14073 16194 I ReactNativeJS: ✅ Authentication completed - LocationContext will handle location setup
10-18 04:12:17.959 14073 16194 I ReactNativeJS: 📍 Location permission will be requested by LocationContext
10-18 04:12:17.963 14073 16195 E unknown:ReactNative: console.error: ❌ EXPO_PUBLIC_SUPABASE_URL is not configured properly, js engine: hermes, stack:
10-18 04:12:17.963 14073 16195 E unknown:ReactNative: _construct@1:117842
10-18 04:12:17.963 14073 16195 E unknown:ReactNative: Wrapper@1:117496
10-18 04:12:17.963 14073 16195 E unknown:ReactNative: _callSuper@1:115478
10-18 04:12:17.963 14073 16195 E unknown:ReactNative: SyntheticError@1:116983
10-18 04:12:17.963 14073 16195 E unknown:ReactNative: reactConsoleErrorHandler@1:116629
10-18 04:12:17.963 14073 16195 E unknown:ReactNative: ?anon_0_@1:1954897
10-18 04:12:17.963 14073 16195 E unknown:ReactNative: asyncGeneratorStep@1:573272
10-18 04:12:17.963 14073 16195 E unknown:ReactNative: _next@1:573529
10-18 04:12:17.963 14073 16195 E unknown:ReactNative: anonymous@1:573481
10-18 04:12:17.963 14073 16195 E unknown:ReactNative: anonymous@1:573402
10-18 04:12:17.963 14073 16195 E unknown:ReactNative: forceCreateLocationRecord@1:1955060
10-18 04:12:17.963 14073 16195 E unknown:ReactNative: ?anon_0_@1:1953805
10-18 04:12:17.963 14073 16195 E unknown:ReactNative: asyncGeneratorStep@1:573272
10-18 04:12:17.963 14073 16195 E unknown:ReactNative: _next@1:573529
10-18 04:12:17.963 14073 16195 E unknown:ReactNative: anonymous@1:573481
10-18 04:12:17.963 14073 16195 E unknown:ReactNative: anonymous@1:573402
10-18 04:12:17.963 14073 16195 E unknown:ReactNative: handleActiveDriver@1:1954029
10-18 04:12:17.963 14073 16195 E unknown:ReactNative: anonymous@1:1952572
10-18 04:12:17.963 14073 16195 E unknown:ReactNative: commitHookEffectListMount@1:393533
10-18 04:12:17.963 14073 16195 E unknown:ReactNative: commitHookPassiveMountEffects@1:401261
10-18 04:12:17.963 14073 16195 E unknown:ReactNative: commitPassiveMountOnFiber@1:401706
10-18 04:12:17.963 14073 16195 E unknown:ReactNative: recursivelyTraversePassiveMountEffects@1:401345
10-18 04:12:17.963 14073 16195 E unknown:ReactNative: commitPassiveMountOnFiber@1:401453
10-18 04:12:17.963 14073 16195 E unknown:ReactNative: recursivelyTraversePassiveMountEffects@1:401345
10-18 04:12:17.963 14073 16195 E unknown:ReactNative: commitPassiveMountOnFiber@1:401679
10-18 04:12:17.963 14073 16195 E unknown:ReactNative: recursivelyTraversePassiveMountEffects@1:401345
10-18 04:12:17.963 14073 16195 E unknown:ReactNative: commitPassiveMountOnFiber@1:401679
10-18 04:12:17.963 14073 16195 E unknown:ReactNative: recursivelyTraversePassiveMountEffects@1:401345
10-18 04:12:17.963 14073 16195 E unknown:ReactNative: commitPassiveMountOnFiber@1:401679
10-18 04:12:17.963 14073 16195 E unknown:ReactNative: recursivelyTraversePassiveMountEffects@1:401345
10-18 04:12:17.963 14073 16195 E unknown:ReactNative: commitPassiveMountOnFiber@1:401559
10-18 04:12:17.963 14073 16195 E unknown:ReactNative: recursivelyTraversePassiveMountEffects@1:401345
10-18 04:12:17.963 14073 16195 E unknown:ReactNative: commitPassiveMountOnFiber@1:401453
10-18 04:12:17.963 14073 16195 E unknown:ReactNative: recursivelyTraversePassiveMountEffects@1:401345
10-18 04:12:17.963 14073 16195 E unknown:ReactNative: commitPassiveMountOnFiber@1:401453
10-18 04:12:17.963 14073 16195 E unknown:ReactNative: recursivelyTraversePassiveMountEffects@1:401345
10-18 04:12:17.963 14073 16195 E unknown:ReactNative: commitPassiveMountOnFiber@1:401453
10-18 04:12:17.963 14073 16195 E unknown:ReactNative: recursivelyTraversePassiveMountEffects@1:401345
10-18 04:12:17.963 14073 16195 E unknown:ReactNative: commitPassiveMountOnFiber@1:401679
10-18 04:12:17.963 14073 16195 E unknown:ReactNative: recursivelyTraversePassiveMountEffects@1:401345
10-18 04:12:17.963 14073 16195 E unknown:ReactNative: commitPassiveMountOnFiber@1:401679
10-18 04:12:17.963 14073 16195 E unknown:ReactNative: recursivelyTraversePassiveMountEffects@1:401345
10-18 04:12:17.963 14073 16195 E unknown:ReactNative: commitPassiveMountOnFiber@1:401453
10-18 04:12:17.963 14073 16195 E unknown:ReactNative: recursivelyTraversePassiveMountEffects@1:401345
10-18 04:12:17.963 14073 16195 E unknown:ReactNative: commitPassiveMountOnFiber@1:401453
10-18 04:12:17.963 14073 16195 E unknown:ReactNative: recursivelyTraversePassiveMountEffects@1:401345
10-18 04:12:17.963 14073 16195 E unknown:ReactNative: commitPassiveMountOnFiber@1:401679
10-18 04:12:17.963 14073 16195 E unknown:ReactNative: recursivelyTraversePassiveMountEffects@1:401345
10-18 04:12:17.963 14073 16195 E unknown:ReactNative: commitPassiveMountOnFiber@1:401453
10-18 04:12:17.963 14073 16195 E unknown:ReactNative: recursivelyTraversePassiveMountEffects@1:401345
10-18 04:12:17.963 14073 16195 E unknown:ReactNative: commitPassiveMountOnFiber@1:401453
10-18 04:12:17.963 14073 16195 E unknown:ReactNative: recursivelyTraversePassiveMountEffects@1:401345
10-18 04:12:17.963 14073 16195 E unknown:ReactNative: commitPassiveMountOnFiber@1:401453
10-18 04:12:17.963 14073 16195 E unknown:ReactNative: recursivelyTraversePassiveMountEffects@1:401345
10-18 04:12:17.963 14073 16195 E unknown:ReactNative: commitPassiveMountOnFiber@1:401453
10-18 04:12:17.963 14073 16195 E unknown:ReactNative: recursivelyTraversePassiveMountEffects@1:401345
10-18 04:12:17.963 14073 16195 E unknown:ReactNative: commitPassiveMountOnFiber@1:401453
10-18 04:12:17.963 14073 16195 E unknown:ReactNative: recursivelyTraversePassiveMountEffects@1:401345
10-18 04:12:17.963 14073 16195 E unknown:ReactNative: commitPassiveMountOnFiber@1:401679
10-18 04:12:17.963 14073 16195 E unknown:ReactNative: recursivelyTraversePassiveMountEffects@1:401345
10-18 04:12:17.963 14073 16195 E unknown:ReactNative: commitPassiveMountOnFiber@1:401453
10-18 04:12:17.963 14073 16195 E unknown:ReactNative: recursivelyTraversePassiveMountEffects@1:401345
10-18 04:12:17.963 14073 16195 E unknown:ReactNative: commitPassiveMountOnFiber@1:401679
10-18 04:12:17.963 14073 16195 E unknown:ReactNative: recursivelyTraversePassiveMountEffects@1:401345
10-18 04:12:17.963 14073 16195 E unknown:ReactNative: commitPassiveMountOnFiber@1:401453
10-18 04:12:17.963 14073 16195 E unknown:ReactNative: recursivelyTraversePassiveMountEffects@1:401345
10-18 04:12:17.963 14073 16195 E unknown:ReactNative: commitPassiveMountOnFiber@1:401679
10-18 04:12:17.963 14073 16195 E unknown:ReactNative: recursivelyTraversePassiveMountEffects@1:401345
10-18 04:12:17.963 14073 16195 E unknown:ReactNative: commitPassiveMountOnFiber@1:401679
10-18 04:12:17.963 14073 16195 E unknown:ReactNative: recursivelyTraversePassiveMountEffects@1:401345
10-18 04:12:17.963 14073 16195 E unknown:ReactNative: commitPassiveMountOnFiber@1:401679
10-18 04:12:17.963 14073 16195 E unknown:ReactNative: recursivelyTraversePassiveMountEffects@1:401345
10-18 04:12:17.963 14073 16195 E unknown:ReactNative: commitPassiveMountOnFiber@1:401679
10-18 04:12:17.963 14073 16195 E unknown:ReactNative: recursivelyTraversePassiveMountEffects@1:401345
10-18 04:12:17.963 14073 16195 E unknown:ReactNative: commitPassiveMountOnFiber@1:401453
10-18 04:12:17.963 14073 16195 E unknown:ReactNative: recursivelyTraversePassiveMountEffects@1:401345
10-18 04:12:17.963 14073 16195 E unknown:ReactNative: commitPassiveMountOnFiber@1:401679
10-18 04:12:17.963 14073 16195 E unknown:ReactNative: recursivelyTraversePassiveMountEffects@1:401345
10-18 04:12:17.963 14073 16195 E unknown:ReactNative: commitPassiveMountOnFiber@1:401453
10-18 04:12:17.963 14073 16195 E unknown:ReactNative: recursivelyTraversePassiveMountEffects@1:401345
10-18 04:12:17.963 14073 16195 E unknown:ReactNative: commitPassiveMountOnFiber@1:401679
10-18 04:12:17.963 14073 16195 E unknown:ReactNative: recursivelyTraversePassiveMountEffects@1:401345
10-18 04:12:17.963 14073 16195 E unknown:ReactNative: commitPassiveMountOnFiber@1:401453
10-18 04:12:17.963 14073 16195 E unknown:ReactNative: recursivelyTraversePassiveMountEffects@1:401345
10-18 04:12:17.963 14073 16195 E unknown:ReactNative: commitPassiveMountOnFiber@1:401661
10-18 04:12:17.963 14073 16195 E unknown:ReactNative: flushPassiveEffects@1:409129
10-18 04:12:17.963 14073 16195 E unknown:ReactNative: anonymous@1:408952
10-18 04:12:17.965 14073 16195 E unknown:ReactNative: console.error: Current value: undefined, js engine: hermes, stack:
10-18 04:12:17.965 14073 16195 E unknown:ReactNative: _construct@1:117842
10-18 04:12:17.965 14073 16195 E unknown:ReactNative: Wrapper@1:117496
10-18 04:12:17.965 14073 16195 E unknown:ReactNative: _callSuper@1:115478
10-18 04:12:17.965 14073 16195 E unknown:ReactNative: SyntheticError@1:116983
10-18 04:12:17.965 14073 16195 E unknown:ReactNative: reactConsoleErrorHandler@1:116629
10-18 04:12:17.965 14073 16195 E unknown:ReactNative: ?anon_0_@1:1954917
10-18 04:12:17.965 14073 16195 E unknown:ReactNative: asyncGeneratorStep@1:573272
10-18 04:12:17.965 14073 16195 E unknown:ReactNative: _next@1:573529
10-18 04:12:17.965 14073 16195 E unknown:ReactNative: anonymous@1:573481
10-18 04:12:17.965 14073 16195 E unknown:ReactNative: anonymous@1:573402
10-18 04:12:17.965 14073 16195 E unknown:ReactNative: forceCreateLocationRecord@1:1955060
10-18 04:12:17.965 14073 16195 E unknown:ReactNative: ?anon_0_@1:1953805
10-18 04:12:17.965 14073 16195 E unknown:ReactNative: asyncGeneratorStep@1:573272
10-18 04:12:17.965 14073 16195 E unknown:ReactNative: _next@1:573529
10-18 04:12:17.965 14073 16195 E unknown:ReactNative: anonymous@1:573481
10-18 04:12:17.965 14073 16195 E unknown:ReactNative: anonymous@1:573402
10-18 04:12:17.965 14073 16195 E unknown:ReactNative: handleActiveDriver@1:1954029
10-18 04:12:17.965 14073 16195 E unknown:ReactNative: anonymous@1:1952572
10-18 04:12:17.965 14073 16195 E unknown:ReactNative: commitHookEffectListMount@1:393533
10-18 04:12:17.965 14073 16195 E unknown:ReactNative: commitHookPassiveMountEffects@1:401261
10-18 04:12:17.965 14073 16195 E unknown:ReactNative: commitPassiveMountOnFiber@1:401706
10-18 04:12:17.965 14073 16195 E unknown:ReactNative: recursivelyTraversePassiveMountEffects@1:401345
10-18 04:12:17.965 14073 16195 E unknown:ReactNative: commitPassiveMountOnFiber@1:401453
10-18 04:12:17.965 14073 16195 E unknown:ReactNative: recursivelyTraversePassiveMountEffects@1:401345
10-18 04:12:17.965 14073 16195 E unknown:ReactNative: commitPassiveMountOnFiber@1:401679
10-18 04:12:17.965 14073 16195 E unknown:ReactNative: recursivelyTraversePassiveMountEffects@1:401345
10-18 04:12:17.965 14073 16195 E unknown:ReactNative: commitPassiveMountOnFiber@1:401679
10-18 04:12:17.965 14073 16195 E unknown:ReactNative: recursivelyTraversePassiveMountEffects@1:401345
10-18 04:12:17.965 14073 16195 E unknown:ReactNative: commitPassiveMountOnFiber@1:401679
10-18 04:12:17.965 14073 16195 E unknown:ReactNative: recursivelyTraversePassiveMountEffects@1:401345
10-18 04:12:17.965 14073 16195 E unknown:ReactNative: commitPassiveMountOnFiber@1:401559
10-18 04:12:17.965 14073 16195 E unknown:ReactNative: recursivelyTraversePassiveMountEffects@1:401345
10-18 04:12:17.965 14073 16195 E unknown:ReactNative: commitPassiveMountOnFiber@1:401453
10-18 04:12:17.965 14073 16195 E unknown:ReactNative: recursivelyTraversePassiveMountEffects@1:401345
10-18 04:12:17.965 14073 16195 E unknown:ReactNative: commitPassiveMountOnFiber@1:401453
10-18 04:12:17.965 14073 16195 E unknown:ReactNative: recursivelyTraversePassiveMountEffects@1:401345
10-18 04:12:17.965 14073 16195 E unknown:ReactNative: commitPassiveMountOnFiber@1:401453
10-18 04:12:17.965 14073 16195 E unknown:ReactNative: recursivelyTraversePassiveMountEffects@1:401345
10-18 04:12:17.965 14073 16195 E unknown:ReactNative: commitPassiveMountOnFiber@1:401679
10-18 04:12:17.965 14073 16195 E unknown:ReactNative: recursivelyTraversePassiveMountEffects@1:401345
10-18 04:12:17.965 14073 16195 E unknown:ReactNative: commitPassiveMountOnFiber@1:401679
10-18 04:12:17.965 14073 16195 E unknown:ReactNative: recursivelyTraversePassiveMountEffects@1:401345
10-18 04:12:17.965 14073 16195 E unknown:ReactNative: commitPassiveMountOnFiber@1:401453
10-18 04:12:17.965 14073 16195 E unknown:ReactNative: recursivelyTraversePassiveMountEffects@1:401345
10-18 04:12:17.965 14073 16195 E unknown:ReactNative: commitPassiveMountOnFiber@1:401453
10-18 04:12:17.965 14073 16195 E unknown:ReactNative: recursivelyTraversePassiveMountEffects@1:401345
10-18 04:12:17.965 14073 16195 E unknown:ReactNative: commitPassiveMountOnFiber@1:401679
10-18 04:12:17.965 14073 16195 E unknown:ReactNative: recursivelyTraversePassiveMountEffects@1:401345
10-18 04:12:17.965 14073 16195 E unknown:ReactNative: commitPassiveMountOnFiber@1:401453
10-18 04:12:17.965 14073 16195 E unknown:ReactNative: recursivelyTraversePassiveMountEffects@1:401345
10-18 04:12:17.965 14073 16195 E unknown:ReactNative: commitPassiveMountOnFiber@1:401453
10-18 04:12:17.965 14073 16195 E unknown:ReactNative: recursivelyTraversePassiveMountEffects@1:401345
10-18 04:12:17.965 14073 16195 E unknown:ReactNative: commitPassiveMountOnFiber@1:401453
10-18 04:12:17.965 14073 16195 E unknown:ReactNative: recursivelyTraversePassiveMountEffects@1:401345
10-18 04:12:17.965 14073 16195 E unknown:ReactNative: commitPassiveMountOnFiber@1:401453
10-18 04:12:17.965 14073 16195 E unknown:ReactNative: recursivelyTraversePassiveMountEffects@1:401345
10-18 04:12:17.965 14073 16195 E unknown:ReactNative: commitPassiveMountOnFiber@1:401453
10-18 04:12:17.965 14073 16195 E unknown:ReactNative: recursivelyTraversePassiveMountEffects@1:401345
10-18 04:12:17.965 14073 16195 E unknown:ReactNative: commitPassiveMountOnFiber@1:401679
10-18 04:12:17.965 14073 16195 E unknown:ReactNative: recursivelyTraversePassiveMountEffects@1:401345
10-18 04:12:17.965 14073 16195 E unknown:ReactNative: commitPassiveMountOnFiber@1:401453
10-18 04:12:17.965 14073 16195 E unknown:ReactNative: recursivelyTraversePassiveMountEffects@1:401345
10-18 04:12:17.965 14073 16195 E unknown:ReactNative: commitPassiveMountOnFiber@1:401679
10-18 04:12:17.965 14073 16195 E unknown:ReactNative: recursivelyTraversePassiveMountEffects@1:401345
10-18 04:12:17.965 14073 16195 E unknown:ReactNative: commitPassiveMountOnFiber@1:401453
10-18 04:12:17.965 14073 16195 E unknown:ReactNative: recursivelyTraversePassiveMountEffects@1:401345
10-18 04:12:17.965 14073 16195 E unknown:ReactNative: commitPassiveMountOnFiber@1:401679
10-18 04:12:17.965 14073 16195 E unknown:ReactNative: recursivelyTraversePassiveMountEffects@1:401345
10-18 04:12:17.965 14073 16195 E unknown:ReactNative: commitPassiveMountOnFiber@1:401679
10-18 04:12:17.965 14073 16195 E unknown:ReactNative: recursivelyTraversePassiveMountEffects@1:401345
10-18 04:12:17.965 14073 16195 E unknown:ReactNative: commitPassiveMountOnFiber@1:401679
10-18 04:12:17.965 14073 16195 E unknown:ReactNative: recursivelyTraversePassiveMountEffects@1:401345
10-18 04:12:17.965 14073 16195 E unknown:ReactNative: commitPassiveMountOnFiber@1:401679
10-18 04:12:17.965 14073 16195 E unknown:ReactNative: recursivelyTraversePassiveMountEffects@1:401345
10-18 04:12:17.965 14073 16195 E unknown:ReactNative: commitPassiveMountOnFiber@1:401453
10-18 04:12:17.965 14073 16195 E unknown:ReactNative: recursivelyTraversePassiveMountEffects@1:401345
10-18 04:12:17.965 14073 16195 E unknown:ReactNative: commitPassiveMountOnFiber@1:401679
10-18 04:12:17.965 14073 16195 E unknown:ReactNative: recursivelyTraversePassiveMountEffects@1:401345
10-18 04:12:17.965 14073 16195 E unknown:ReactNative: commitPassiveMountOnFiber@1:401453
10-18 04:12:17.965 14073 16195 E unknown:ReactNative: recursivelyTraversePassiveMountEffects@1:401345
10-18 04:12:17.965 14073 16195 E unknown:ReactNative: commitPassiveMountOnFiber@1:401679
10-18 04:12:17.965 14073 16195 E unknown:ReactNative: recursivelyTraversePassiveMountEffects@1:401345
10-18 04:12:17.965 14073 16195 E unknown:ReactNative: commitPassiveMountOnFiber@1:401453
10-18 04:12:17.965 14073 16195 E unknown:ReactNative: recursivelyTraversePassiveMountEffects@1:401345
10-18 04:12:17.965 14073 16195 E unknown:ReactNative: commitPassiveMountOnFiber@1:401661
10-18 04:12:17.965 14073 16195 E unknown:ReactNative: flushPassiveEffects@1:409129
10-18 04:12:17.965 14073 16195 E unknown:ReactNative: anonymous@1:408952
10-18 04:12:17.971 14073 16194 I ReactNativeJS: ✅ Login successful, waiting for navigation...
10-18 04:12:17.972 14073 16194 I ReactNativeJS: === NAVIGATION CHECK ===
10-18 04:12:17.972 14073 16194 I ReactNativeJS: 'In auth group:', true
10-18 04:12:17.972 14073 16194 I ReactNativeJS: 'Has session:', false
10-18 04:12:17.972 14073 16194 I ReactNativeJS: 'Has driver:', true
10-18 04:12:17.972 14073 16194 I ReactNativeJS: 'Current segments:', [ '(auth)', 'login' ]
10-18 04:12:17.972 14073 16194 I ReactNativeJS: 'Loading state:', false
10-18 04:12:17.973 14073 16194 I ReactNativeJS: 'Is authenticated:', { id: 'eb91d7e5-e2f2-4021-a8c8-3739a3d4cae4',
10-18 04:12:17.973 14073 16194 I ReactNativeJS:   user_id: '1c4ac410-54d8-4b5e-960b-3afcbebd115d',
10-18 04:12:17.973 14073 16194 I ReactNativeJS:   license_number: 'TY58971234',
10-18 04:12:17.973 14073 16194 I ReactNativeJS:   license_expiry: '2025-10-04',
10-18 04:12:17.973 14073 16194 I ReactNativeJS:   status: 'online',
10-18 04:12:17.973 14073 16194 I ReactNativeJS:   rating: 5,
10-18 04:12:17.973 14073 16194 I ReactNativeJS:   total_rides: 40,
10-18 04:12:17.973 14073 16194 I ReactNativeJS:   is_verified: true,
10-18 04:12:17.973 14073 16194 I ReactNativeJS:   vehicle_id: 'e7591bc7-c083-49f6-b30d-cc0d6964f3a1',
10-18 04:12:17.973 14073 16194 I ReactNativeJS:   vendor_id: null,
10-18 04:12:17.973 14073 16194 I ReactNativeJS:   phone_number: '9598972325',
10-18 04:12:17.973 14073 16194 I ReactNativeJS:   name: 'john',
10-18 04:12:17.973 14073 16194 I ReactNativeJS:   created_at: '2025-09-16T17:06:10.397003+00:00',
10-18 04:12:17.973 14073 16194 I ReactNativeJS:   updated_at: '2025-10-17T22:11:39.115224+00:00',
10-18 04:12:17.973 14073 16194 I ReactNativeJS:   vehicles: 
10-18 04:12:17.973 14073 16194 I ReactNativeJS:    { id: 'e7591bc7-c083-49f6-b30d-cc0d6964f3a1',
10-18 04:12:17.973 14073 16194 I ReactNativeJS:      registration_number: 'KA51MN1111',
10-18 04:12:17.973 14073 16194 I ReactNativeJS:      make: 'Maruti',
10-18 04:12:17.973 14073 16194 I ReactNativeJS:      model: 'Ciaz',
10-18 04:12:17.973 14073 16194 I ReactNativeJS:      year: 2022,
10-18 04:12:17.973 14073 16194 I ReactNativeJS:      color: 'Silver',
10-18 04:12:17.973 14073 16194 I ReactNativeJS:      vehicle_type: 'sedan',
10-18 04:12:17.973 14073 16194 I ReactNativeJS:      capacity: 4 },
10-18 04:12:17.973 14073 16194 I ReactNativeJS:   user: 
10-18 04:12:17.973 14073 16194 I ReactNativeJS:    { id: '1c4ac410-54d8-4b5e-960b-3afcbebd115d',
10-18 04:12:17.973 14073 16194 I ReactNativeJS:      email: 'john@gmail.com',
10-18 04:12:17.973 14073 16194 I ReactNativeJS:      role: 'driver',
10-18 04:12:17.973 14073 16194 I ReactNativeJS:      full_name: 'john',
10-18 04:12:17.973 14073 16194 I ReactNativeJS:      phone_number: '9598972325',
10-18 04:12:17.973 14073 16194 I ReactNativeJS:      avatar_url: null,
10-18 04:12:17.973 14073 16194 I ReactNativeJS:      is_active: true,
10-18 04:12:17.973 14073 16194 I ReactNativeJS:      created_at: '2025-09-16T17:06:09.397142+00:00',
10-18 04:12:17.973 14073 16194 I ReactNativeJS:      updated_at: '2025-09-16T17:06:09.397142+00:00' },
10-18 04:12:17.973 14073 16194 I ReactNativeJS:   vehicle: 
10-18 04:12:17.973 14073 16194 I ReactNativeJS:    { id: 'e7591bc7-c083-49f6-b30d-cc0d6964f3a1',
10-18 04:12:17.973 14073 16194 I ReactNativeJS:      registration_number: 'KA51MN1111',
10-18 04:12:17.973 14073 16194 I ReactNativeJS:      make: 'Maruti',
10-18 04:12:17.973 14073 16194 I ReactNativeJS:      model: 'Ciaz',
10-18 04:12:17.973 14073 16194 I ReactNativeJS:      year: 2022,
