10-19 23:07:46.102  1870  2605 D BatteryStatsService: noteVideoSurfaceChanged  noteWhich: 49,arg1: 470, arg2: 121, arg3: 5589, arg4: 111008, name: com.google.android.inputmethod.latin
10-19 23:07:46.118  1870  2605 D BatteryStatsService: noteVideoSurfaceChanged  noteWhich: 49,arg1: 472, arg2: 121, arg3: 5589, arg4: 111008, name: com.google.android.inputmethod.latin
10-19 23:07:46.138 14485 14511 W chbox:googleapp: Reducing the number of considered missed Gc histogram windows from 188 to 100
10-19 23:07:46.236  5589  5589 I StylusModule: StylusModule.onUpdateToolType():800 Update tool type = 1
10-19 23:07:46.435  1870  2605 E AutofillSession: Not starting a new partition on 1073743160@1209823137 because session 1209823137 reached maximum of 10
10-19 23:07:46.548 21104 21188 W Settings: Setting airplane_mode_on has moved from android.provider.Settings.System to android.provider.Settings.Global, returning read-only value.
10-19 23:07:46.554  5946  5946 I TaskService: Handling intent with task name 'background-location-task' and app scoping identifier 'com.a1taxi.driverpro'.
10-19 23:07:46.556 21104 17046 W SystemServiceRegistry: No service published for: wifirtt
10-19 23:07:47.222  7096  7120 I native  : I0000 00:00:1760895467.222631    7120 soda_async_impl.cc:1383] Current audio timestamp: 1760895467104684
10-19 23:07:47.241  7096  7126 W ProxyAndroidLoggerBackend: Too many Flogger logs received before configuration. Dropping old logs.
10-19 23:07:47.293 21104 21250 I WifiScanner: onFullResults
10-19 23:07:47.293 21104 21119 I WifiScanner: onFullResults
10-19 23:07:47.294 21104 21332 I WifiScanner: onFullResults
10-19 23:07:47.304 21104 17045 I FrewleTileCacheManagerV: (REDACTED) Fetched %d AP models from cache
10-19 23:07:47.331 21104 21184 I FusedLocation: (REDACTED) location delivery to %s blocked - too fast
10-19 23:07:47.331 21104 21184 I FusedLocation: (REDACTED) location delivery to %s blocked - too close
10-19 23:07:47.337  5946 15986 I ReactNativeJS: '📍 5-second location watch update:', { altitude: 773,
10-19 23:07:47.337  5946 15986 I ReactNativeJS:   heading: 131.8931884765625,
10-19 23:07:47.337  5946 15986 I ReactNativeJS:   altitudeAccuracy: 93.60562133789062,
10-19 23:07:47.337  5946 15986 I ReactNativeJS:   latitude: 12.7483587,
10-19 23:07:47.337  5946 15986 I ReactNativeJS:   speed: 7.288233280181885,
10-19 23:07:47.337  5946 15986 I ReactNativeJS:   longitude: 77.8301486,
10-19 23:07:47.337  5946 15986 I ReactNativeJS:   accuracy: 164.39999389648438 }
10-19 23:07:47.338  5946  5946 I TaskService: Handling intent with task name 'background-location-task' and app scoping identifier 'com.a1taxi.driverpro'.
10-19 23:07:47.344  5946  5946 W JobInfo : Job 'com.a1taxi.driverpro/expo.modules.taskManager.TaskJobService#0' has a deadline with no functional constraints. The deadline won't improve job execution latency. Consider removing the deadline.
10-19 23:07:47.344 21104 17046 I SemanticLocation: [InfMgr] No location reports after filtering [CONTEXT service_id=173 ]
10-19 23:07:47.349  5946  5946 I TaskService: Handling intent with task name 'background-location-task' and app scoping identifier 'com.a1taxi.driverpro'.
10-19 23:07:47.350 21104 21184 I fznc    : Received empty WiFi-RTT scan. [CONTEXT service_id=6 ]
10-19 23:07:47.352  5946  5946 I TaskService: Handling job with task name 'background-location-task' for app with scoping identifier 'com.a1taxi.driverpro'.
10-19 23:07:47.363  5946 15986 I ReactNativeJS: '🎯🎯🎯 TripCompletionModal RENDER - visible:', false
10-19 23:07:47.363  5946 15986 I ReactNativeJS: '🎯🎯🎯 tripData:', '{\n  "distance": 0,\n  "duration": 0,\n  "fareBreakdown": {\n    "booking_type": "regular",\n    "vehicle_type": "sedan",\n    "base_fare": 0,\n    "distance_fare": 0,\n    "time_fare": 0,\n    "surge_charges": 0,\n    "deadhead_charges": 0,\n    "platform_fee": 0,\n    "gst_on_charges": 0,\n    "gst_on_platform_fee": 0,\n    "extra_km_charges": 0,\n    "driver_allowance": 0,\n    "total_fare": 0,\n    "details": {\n      "actual_distance_km": 0,\n      "actual_duration_minutes": 0,\n      "per_km_rate": 0\n    }\n  },\n  "pickup_address": "",\n  "destination_address": "",\n  "booking_type": "regular",\n  "rental_hours": null\n}'
10-19 23:07:47.363  5946 15986 I ReactNativeJS: ❌ Not visible - returning null
10-19 23:07:47.372  5946 15986 I ReactNativeJS: '📍 Background location update:', [ { timestamp: 1760895467282,
10-19 23:07:47.372  5946 15986 I ReactNativeJS:     mocked: false,
10-19 23:07:47.372  5946 15986 I ReactNativeJS:     coords: 
10-19 23:07:47.372  5946 15986 I ReactNativeJS:      { altitude: 773,
10-19 23:07:47.372  5946 15986 I ReactNativeJS:        heading: 131.8931884765625,
10-19 23:07:47.372  5946 15986 I ReactNativeJS:        altitudeAccuracy: 93.60562133789062,
10-19 23:07:47.372  5946 15986 I ReactNativeJS:        latitude: 12.7483587,
10-19 23:07:47.372  5946 15986 I ReactNativeJS:        speed: 7.288233280181885,
10-19 23:07:47.372  5946 15986 I ReactNativeJS:        longitude: 77.8301486,
10-19 23:07:47.372  5946 15986 I ReactNativeJS:        accuracy: 164.39999389648438 } } ]
10-19 23:07:47.382  5946 15986 I ReactNativeJS: 📤 Background location update via RPC...
10-19 23:07:47.383  5946 15986 E ReactNativeJS: ❌ Supabase credentials not configured
10-19 23:07:47.385  5946 15978 I TaskService: Finished task 'background-location-task' with eventId '9f75ecbd-23b2-424b-9b9d-c42541ad6cf7'.
10-19 23:07:47.389  5946 15987 E unknown:ReactNative: console.error: ❌ Supabase credentials not configured, js engine: hermes, stack:
10-19 23:07:47.389  5946 15987 E unknown:ReactNative: _construct@1:117842
10-19 23:07:47.389  5946 15987 E unknown:ReactNative: Wrapper@1:117496
10-19 23:07:47.389  5946 15987 E unknown:ReactNative: _callSuper@1:115478
10-19 23:07:47.389  5946 15987 E unknown:ReactNative: SyntheticError@1:116983
10-19 23:07:47.389  5946 15987 E unknown:ReactNative: reactConsoleErrorHandler@1:116629
10-19 23:07:47.389  5946 15987 E unknown:ReactNative: ?anon_0_@1:1972482
10-19 23:07:47.389  5946 15987 E unknown:ReactNative: asyncGeneratorStep@1:573256
10-19 23:07:47.389  5946 15987 E unknown:ReactNative: _next@1:573513
10-19 23:07:47.389  5946 15987 E unknown:ReactNative: anonymous@1:136226
10-19 23:07:47.389  5946 15987 E unknown:ReactNative: _callTimer@1:135225
10-19 23:07:47.389  5946 15987 E unknown:ReactNative: _callReactNativeMicrotasksPass@1:135369
10-19 23:07:47.389  5946 15987 E unknown:ReactNative: callReactNativeMicrotasks@1:137289
10-19 23:07:47.389  5946 15987 E unknown:ReactNative: __callReactNativeMicrotasks@1:101038
10-19 23:07:47.389  5946 15987 E unknown:ReactNative: anonymous@1:100174
10-19 23:07:47.389  5946 15987 E unknown:ReactNative: __guard@1:100912
10-19 23:07:47.389  5946 15987 E unknown:ReactNative: flushedQueue@1:100085
10-19 23:07:47.389  5946 15987 E unknown:ReactNative: invokeCallbackAndReturnFlushedQueue@1:100028
10-19 23:07:47.644  5589  5589 W TooltipLifecycleManager: TooltipLifecycleManager.dismissTooltips():153 Tooltip with id SUGGESTION_VIEW_EDU_MINI_DIALOG not found in tooltipManager.
10-19 23:07:47.649  1870  1928 D BatteryStatsService: noteVideoSurfaceChanged  noteWhich: 49,arg1: -1, arg2: -1, arg3: 5589, arg4: 111008, name: com.google.android.inputmethod.latin
10-19 23:07:47.649  5589  5657 E BufferQueueProducer: [SurfaceView[InputMethod]#2361(BLAST Consumer)2361](id:15d500000939,api:0,p:-1,c:5589) disconnect: not connected (req=1)
10-19 23:07:47.650  5589  5657 W libEGL  : EGLNativeWindowType 0xb4000077e023daf0 disconnect failed
10-19 23:07:47.651  5589  5589 D BLASTBufferQueue: [SurfaceView[InputMethod]#2361](f:0,a:1) destructor()
10-19 23:07:47.651  5589  5589 D BufferQueueConsumer: [SurfaceView[InputMethod]#2361(BLAST Consumer)2361](id:15d500000939,api:0,p:-1,c:5589) disconnect
10-19 23:07:47.653  1870  1928 D BatteryStatsService: noteVideoSurfaceChanged  noteWhich: 49,arg1: -1, arg2: -1, arg3: 5589, arg4: 111006, name: com.google.android.inputmethod.latin
10-19 23:07:47.654  5589  5657 E BufferQueueProducer: [SurfaceView[InputMethod]#2360(BLAST Consumer)2360](id:15d500000938,api:0,p:-1,c:5589) disconnect: not connected (req=1)
10-19 23:07:47.654  5589  5657 W libEGL  : EGLNativeWindowType 0xb4000077e0246330 disconnect failed
10-19 23:07:47.654  5589  5589 D BLASTBufferQueue: [SurfaceView[InputMethod]#2360](f:0,a:1) destructor()
10-19 23:07:47.654  5589  5589 D BufferQueueConsumer: [SurfaceView[InputMethod]#2360(BLAST Consumer)2360](id:15d500000938,api:0,p:-1,c:5589) disconnect
10-19 23:07:47.656  5589  5589 W TooltipLifecycleManager: TooltipLifecycleManager.dismissTooltips():153 Tooltip with id SUGGESTION_VIEW_EDU_MINI_DIALOG not found in tooltipManager.
10-19 23:07:47.660  5589  5589 I KeyboardModeUtils: KeyboardModeUtils.getKeyboardBottomOffset():435 inch: 0.000000 ydpi: 387.429993 adjustKeyboardBottomByDisplaySize: false currentDensityDpi: 440 defaultDensityDpi: 440 keyboardBottomToScreenPx: 0 keyboardBottomToNavBarPx: -116 navBarHeight: 116
10-19 23:07:47.660  5589  5589 I KeyboardHeightUtil: KeyboardHeightUtil.calculateMaxKeyboardBodyHeight():50 leave 267 height for app when ime window height:2171, header height:121 and isFullscreenMode:false, so the max keyboard body height is:1783
10-19 23:07:47.660  5589  5589 I KeyboardHeightUtil: KeyboardHeightUtil.calculateMaxKeyboardBodyHeight():50 leave 267 height for app when ime window height:2171, header height:121 and isFullscreenMode:false, so the max keyboard body height is:1783
10-19 23:07:47.660  5589  5589 I AndroidIME: KeyboardViewManager.updateKeyboardBodyViewHolderPaddingBottom():472 Set finalPaddingBottom = 5 while holderPaddingBottom = 5; navigationHeight = 116
10-19 23:07:47.690  5589  5589 W TooltipLifecycleManager: TooltipLifecycleManager.dismissTooltips():153 Tooltip with id SUGGESTION_VIEW_EDU_MINI_DIALOG not found in tooltipManager.
10-19 23:07:47.714  5589  5589 D BLASTBufferQueue: [SurfaceView[InputMethod]#2359](f:0,a:0) destructor()
10-19 23:07:47.714  5589  5589 D BufferQueueConsumer: [SurfaceView[InputMethod]#2359(BLAST Consumer)2359](id:15d500000937,api:0,p:-1,c:5589) disconnect
10-19 23:07:47.714  1870  1928 D BatteryStatsService: noteVideoSurfaceChanged  noteWhich: 49,arg1: -1, arg2: -1, arg3: 5589, arg4: 105641, name: com.google.android.inputmethod.latin
10-19 23:07:47.718  5589  5589 I KeyboardModeUtils: KeyboardModeUtils.getKeyboardBottomOffset():435 inch: 0.000000 ydpi: 387.429993 adjustKeyboardBottomByDisplaySize: false currentDensityDpi: 440 defaultDensityDpi: 440 keyboardBottomToScreenPx: 0 keyboardBottomToNavBarPx: -116 navBarHeight: 116
10-19 23:07:47.718  5589  5589 I KeyboardHeightUtil: KeyboardHeightUtil.calculateMaxKeyboardBodyHeight():50 leave 267 height for app when ime window height:2171, header height:121 and isFullscreenMode:false, so the max keyboard body height is:1783
10-19 23:07:47.718  5589  5589 I KeyboardHeightUtil: KeyboardHeightUtil.calculateMaxKeyboardBodyHeight():50 leave 267 height for app when ime window height:2171, header height:121 and isFullscreenMode:false, so the max keyboard body height is:1783
10-19 23:07:47.718  5589  5589 I AndroidIME: KeyboardViewManager.updateKeyboardBodyViewHolderPaddingBottom():472 Set finalPaddingBottom = 5 while holderPaddingBottom = 5; navigationHeight = 116
10-19 23:07:47.724  5946 15986 I ReactNativeJS: '🎯🎯🎯 TripCompletionModal RENDER - visible:', false
10-19 23:07:47.725  5946 15986 I ReactNativeJS: '🎯🎯🎯 tripData:', '{\n  "distance": 0,\n  "duration": 0,\n  "fareBreakdown": {\n    "booking_type": "regular",\n    "vehicle_type": "sedan",\n    "base_fare": 0,\n    "distance_fare": 0,\n    "time_fare": 0,\n    "surge_charges": 0,\n    "deadhead_charges": 0,\n    "platform_fee": 0,\n    "gst_on_charges": 0,\n    "gst_on_platform_fee": 0,\n    "extra_km_charges": 0,\n    "driver_allowance": 0,\n    "total_fare": 0,\n    "details": {\n      "actual_distance_km": 0,\n      "actual_duration_minutes": 0,\n      "per_km_rate": 0\n    }\n  },\n  "pickup_address": "",\n  "destination_address": "",\n  "booking_type": "regular",\n  "rental_hours": null\n}'
10-19 23:07:47.725  5946 15986 I ReactNativeJS: ❌ Not visible - returning null
10-19 23:07:47.729  5946 15986 I ReactNativeJS: === SENDING LOCATION TO EDGE FUNCTION ===
10-19 23:07:47.730  5946 15986 I ReactNativeJS: 'Driver User ID:', '1c4ac410-54d8-4b5e-960b-3afcbebd115d'
10-19 23:07:47.730  5946 15986 I ReactNativeJS: 'Location:', { latitude: 12.7483587,
10-19 23:07:47.730  5946 15986 I ReactNativeJS:   longitude: 77.8301486,
10-19 23:07:47.730  5946 15986 I ReactNativeJS:   accuracy: 164.39999389648438 }
10-19 23:07:47.731  5946 15986 I ReactNativeJS: 📤 Updating location via RPC...
10-19 23:07:47.806  5589  5589 I KeyboardModeUtils: KeyboardModeUtils.getKeyboardBottomOffset():435 inch: 0.000000 ydpi: 387.429993 adjustKeyboardBottomByDisplaySize: false currentDensityDpi: 440 defaultDensityDpi: 440 keyboardBottomToScreenPx: 0 keyboardBottomToNavBarPx: -116 navBarHeight: 116
10-19 23:07:47.806  5589  5589 I KeyboardHeightUtil: KeyboardHeightUtil.calculateMaxKeyboardBodyHeight():50 leave 267 height for app when ime window height:2171, header height:121 and isFullscreenMode:false, so the max keyboard body height is:1783
10-19 23:07:47.807  5589  5589 I KeyboardHeightUtil: KeyboardHeightUtil.calculateMaxKeyboardBodyHeight():50 leave 267 height for app when ime window height:2171, header height:121 and isFullscreenMode:false, so the max keyboard body height is:1783
10-19 23:07:47.807  5589  5589 I AndroidIME: KeyboardViewManager.updateKeyboardBodyViewHolderPaddingBottom():472 Set finalPaddingBottom = 5 while holderPaddingBottom = 5; navigationHeight = 116
10-19 23:07:47.867  3458  3458 V InlineSuggestionRenderService: Releasing inline suggestion view host
10-19 23:07:47.871  3458  3458 D BLASTBufferQueue: [VRI[]#581](f:0,a:4) destructor()
10-19 23:07:47.871  3458  3458 D BufferQueueConsumer: [VRI[]#581(BLAST Consumer)581](id:d8200000245,api:0,p:-1,c:3458) disconnect
10-19 23:07:47.875  3458  3458 V InlineSuggestionRenderService: Removed the inline suggestion from the cache, current size=1
10-19 23:07:47.875  3458  3458 V InlineSuggestionRenderService: Releasing inline suggestion view host
10-19 23:07:47.882  3458  3458 D BLASTBufferQueue: [VRI[]#580](f:0,a:4) destructor()
10-19 23:07:47.882  3458  3458 D BufferQueueConsumer: [VRI[]#580(BLAST Consumer)580](id:d8200000244,api:0,p:-1,c:3458) disconnect
10-19 23:07:47.882  5589  5589 W TooltipLifecycleManager: TooltipLifecycleManager.dismissTooltips():153 Tooltip with id SUGGESTION_VIEW_EDU_MINI_DIALOG not found in tooltipManager.
10-19 23:07:47.887  3458  3458 V InlineSuggestionRenderService: Removed the inline suggestion from the cache, current size=0
10-19 23:07:47.998  5946 15986 I ReactNativeJS: '✅ Location', 'updated', 'successfully via RPC'
10-19 23:07:48.175  5589  5589 W TooltipLifecycleManager: TooltipLifecycleManager.dismissTooltips():153 Tooltip with id SUGGESTION_VIEW_EDU_MINI_DIALOG not found in tooltipManager.
10-19 23:07:48.435  5589  5589 W TooltipLifecycleManager: TooltipLifecycleManager.dismissTooltips():153 Tooltip with id SUGGESTION_VIEW_EDU_MINI_DIALOG not found in tooltipManager.
10-19 23:07:48.852  5589  5589 W TooltipLifecycleManager: TooltipLifecycleManager.dismissTooltips():153 Tooltip with id SUGGESTION_VIEW_EDU_MINI_DIALOG not found in tooltipManager.
10-19 23:07:49.619  5589  5589 W TooltipLifecycleManager: TooltipLifecycleManager.dismissTooltips():153 Tooltip with id SUGGESTION_VIEW_EDU_MINI_DIALOG not found in tooltipManager.
10-19 23:07:49.948  5589  5589 W TooltipLifecycleManager: TooltipLifecycleManager.dismissTooltips():153 Tooltip with id SUGGESTION_VIEW_EDU_MINI_DIALOG not found in tooltipManager.
10-19 23:07:50.068  5589  5589 W TooltipLifecycleManager: TooltipLifecycleManager.dismissTooltips():153 Tooltip with id SUGGESTION_VIEW_EDU_MINI_DIALOG not found in tooltipManager.
10-19 23:07:50.309  5589  5589 W TooltipLifecycleManager: TooltipLifecycleManager.dismissTooltips():153 Tooltip with id SUGGESTION_VIEW_EDU_MINI_DIALOG not found in tooltipManager.
10-19 23:07:50.433  5589  5589 W TooltipLifecycleManager: TooltipLifecycleManager.dismissTooltips():153 Tooltip with id SUGGESTION_VIEW_EDU_MINI_DIALOG not found in tooltipManager.
10-19 23:07:50.702 21104 21119 I IPCThreadState: oneway function results for code 1 on binder at 0xb4000077d00be6f0 will be dropped but finished with status UNKNOWN_TRANSACTION and reply parcel size 80
10-19 23:07:51.808  5589  5589 I StylusModule: StylusModule.onUpdateToolType():800 Update tool type = 0
10-19 23:07:51.878  5589  5589 I ImeTracker: com.google.android.inputmethod.latin:467ddfe3: onRequestHide at ORIGIN_IME reason HIDE_SOFT_INPUT_BY_BACK_KEY fromUser true
10-19 23:07:51.898  5589  5589 I GoogleInputMethodService: GoogleInputMethodService.onFinishInputView():1571 onFinishInputView(false)
10-19 23:07:51.898  5589  5589 I GlobeKeyExtension: GlobeKeyExtension.onDeactivate():144 
10-19 23:07:51.899  5589  5589 W TooltipLifecycleManager: TooltipLifecycleManager.dismissTooltips():153 Tooltip with id SUGGESTION_VIEW_EDU_MINI_DIALOG not found in tooltipManager.
10-19 23:07:51.899  5589  5589 I VoiceInputManagerWrapper: VoiceInputManagerWrapper.shutdown():131 shutdown()
10-19 23:07:51.902  5589  5589 W TooltipLifecycleManager: TooltipLifecycleManager.dismissTooltips():153 Tooltip with id spell_check_add_to_dictionary not found in tooltipManager.
10-19 23:07:51.905  5589  5589 W TooltipLifecycleManager: TooltipLifecycleManager.dismissTooltips():153 Tooltip with id undo_access_point_promotion_banner not found in tooltipManager.
10-19 23:07:51.917  5589  5589 I KeyboardModeUtils: KeyboardModeUtils.getKeyboardBottomOffset():435 inch: 0.000000 ydpi: 387.429993 adjustKeyboardBottomByDisplaySize: false currentDensityDpi: 440 defaultDensityDpi: 440 keyboardBottomToScreenPx: 0 keyboardBottomToNavBarPx: -116 navBarHeight: 116
10-19 23:07:51.917  5589  5589 I KeyboardHeightUtil: KeyboardHeightUtil.calculateMaxKeyboardBodyHeight():50 leave 267 height for app when ime window height:2171, header height:121 and isFullscreenMode:false, so the max keyboard body height is:1783
10-19 23:07:51.917  5589  5589 I KeyboardHeightUtil: KeyboardHeightUtil.calculateMaxKeyboardBodyHeight():50 leave 267 height for app when ime window height:2171, header height:121 and isFullscreenMode:false, so the max keyboard body height is:1783
10-19 23:07:51.917  5589  5589 I AndroidIME: KeyboardViewManager.updateKeyboardBodyViewHolderPaddingBottom():472 Set finalPaddingBottom = 5 while holderPaddingBottom = 5; navigationHeight = 116
10-19 23:07:52.296 21104 21188 W Settings: Setting airplane_mode_on has moved from android.provider.Settings.System to android.provider.Settings.Global, returning read-only value.
10-19 23:07:52.303 21104 17067 W SystemServiceRegistry: No service published for: wifirtt
10-19 23:07:52.303  5946  5946 I TaskService: Handling intent with task name 'background-location-task' and app scoping identifier 'com.a1taxi.driverpro'.
10-19 23:07:52.316 21104 21119 I WifiScanner: onFullResults
10-19 23:07:52.316 21104 21250 I WifiScanner: onFullResults
10-19 23:07:52.316 21104 21332 I WifiScanner: onFullResults
10-19 23:07:52.349 21104 17046 I FrewleTileCacheManagerV: (REDACTED) Fetched %d AP models from cache
10-19 23:07:52.382 21104 21184 I FusedLocation: (REDACTED) location delivery to %s blocked - too fast
10-19 23:07:52.383 21104 21184 I FusedLocation: (REDACTED) location delivery to %s blocked - too close
10-19 23:07:52.388 21104 21184 I FusedLocation: (REDACTED) location delivery to %s blocked - too fast
10-19 23:07:52.390  5946 15986 I ReactNativeJS: '📍 5-second location watch update:', { altitude: 773,
10-19 23:07:52.390  5946 15986 I ReactNativeJS:   heading: 132.12156677246094,
10-19 23:07:52.390  5946 15986 I ReactNativeJS:   altitudeAccuracy: 93.60562133789062,
10-19 23:07:52.390  5946 15986 I ReactNativeJS:   latitude: 12.7480875,
10-19 23:07:52.390  5946 15986 I ReactNativeJS:   speed: 8.289475440979004,
10-19 23:07:52.390  5946 15986 I ReactNativeJS:   longitude: 77.8304549,
10-19 23:07:52.390  5946 15986 I ReactNativeJS:   accuracy: 164.39999389648438 }
10-19 23:07:52.390 21104 21184 I fznc    : Received empty WiFi-RTT scan. [CONTEXT service_id=6 ]
10-19 23:07:52.392  5946  5946 I TaskService: Handling intent with task name 'background-location-task' and app scoping identifier 'com.a1taxi.driverpro'.
10-19 23:07:52.394  5946  5946 I TaskService: Handling intent with task name 'background-location-task' and app scoping identifier 'com.a1taxi.driverpro'.
10-19 23:07:52.394  5946  5946 W JobInfo : Job 'com.a1taxi.driverpro/expo.modules.taskManager.TaskJobService#0' has a deadline with no functional constraints. The deadline won't improve job execution latency. Consider removing the deadline.
10-19 23:07:52.402  5946  5946 I TaskService: Handling job with task name 'background-location-task' for app with scoping identifier 'com.a1taxi.driverpro'.
10-19 23:07:52.406  5946 15986 I ReactNativeJS: '🎯🎯🎯 TripCompletionModal RENDER - visible:', false
10-19 23:07:52.407  5946 15986 I ReactNativeJS: '🎯🎯🎯 tripData:', '{\n  "distance": 0,\n  "duration": 0,\n  "fareBreakdown": {\n    "booking_type": "regular",\n    "vehicle_type": "sedan",\n    "base_fare": 0,\n    "distance_fare": 0,\n    "time_fare": 0,\n    "surge_charges": 0,\n    "deadhead_charges": 0,\n    "platform_fee": 0,\n    "gst_on_charges": 0,\n    "gst_on_platform_fee": 0,\n    "extra_km_charges": 0,\n    "driver_allowance": 0,\n    "total_fare": 0,\n    "details": {\n      "actual_distance_km": 0,\n      "actual_duration_minutes": 0,\n      "per_km_rate": 0\n    }\n  },\n  "pickup_address": "",\n  "destination_address": "",\n  "booking_type": "regular",\n  "rental_hours": null\n}'
10-19 23:07:52.407  5946 15986 I ReactNativeJS: ❌ Not visible - returning null
10-19 23:07:52.413  5946 15986 I ReactNativeJS: '📍 Background location update:', [ { timestamp: 1760895472313,
10-19 23:07:52.413  5946 15986 I ReactNativeJS:     mocked: false,
10-19 23:07:52.413  5946 15986 I ReactNativeJS:     coords: 
10-19 23:07:52.413  5946 15986 I ReactNativeJS:      { altitude: 773,
10-19 23:07:52.413  5946 15986 I ReactNativeJS:        heading: 132.12156677246094,
10-19 23:07:52.413  5946 15986 I ReactNativeJS:        altitudeAccuracy: 93.60562133789062,
10-19 23:07:52.413  5946 15986 I ReactNativeJS:        latitude: 12.7480875,
10-19 23:07:52.413  5946 15986 I ReactNativeJS:        speed: 8.289475440979004,
10-19 23:07:52.413  5946 15986 I ReactNativeJS:        longitude: 77.8304549,
10-19 23:07:52.413  5946 15986 I ReactNativeJS:        accuracy: 164.39999389648438 } } ]
10-19 23:07:52.416  5946 15986 I ReactNativeJS: 📤 Background location update via RPC...
10-19 23:07:52.416  5946 15986 E ReactNativeJS: ❌ Supabase credentials not configured
10-19 23:07:52.419  5946 15978 I TaskService: Finished task 'background-location-task' with eventId '69cef7d1-aef3-407e-83b0-c700dfb875f7'.
10-19 23:07:52.422  5946 15987 E unknown:ReactNative: console.error: ❌ Supabase credentials not configured, js engine: hermes, stack:
10-19 23:07:52.422  5946 15987 E unknown:ReactNative: _construct@1:117842
10-19 23:07:52.422  5946 15987 E unknown:ReactNative: Wrapper@1:117496
10-19 23:07:52.422  5946 15987 E unknown:ReactNative: _callSuper@1:115478
10-19 23:07:52.422  5946 15987 E unknown:ReactNative: SyntheticError@1:116983
10-19 23:07:52.422  5946 15987 E unknown:ReactNative: reactConsoleErrorHandler@1:116629
10-19 23:07:52.422  5946 15987 E unknown:ReactNative: ?anon_0_@1:1972482
10-19 23:07:52.422  5946 15987 E unknown:ReactNative: asyncGeneratorStep@1:573256
10-19 23:07:52.422  5946 15987 E unknown:ReactNative: _next@1:573513
10-19 23:07:52.422  5946 15987 E unknown:ReactNative: anonymous@1:136226
10-19 23:07:52.422  5946 15987 E unknown:ReactNative: _callTimer@1:135225
10-19 23:07:52.422  5946 15987 E unknown:ReactNative: _callReactNativeMicrotasksPass@1:135369
10-19 23:07:52.422  5946 15987 E unknown:ReactNative: callReactNativeMicrotasks@1:137289
10-19 23:07:52.422  5946 15987 E unknown:ReactNative: __callReactNativeMicrotasks@1:101038
10-19 23:07:52.422  5946 15987 E unknown:ReactNative: anonymous@1:100174
10-19 23:07:52.422  5946 15987 E unknown:ReactNative: __guard@1:100912
10-19 23:07:52.422  5946 15987 E unknown:ReactNative: flushedQueue@1:100085
10-19 23:07:52.422  5946 15987 E unknown:ReactNative: invokeCallbackAndReturnFlushedQueue@1:100028
10-19 23:07:52.636  5589  5589 W TooltipLifecycleManager: TooltipLifecycleManager.dismissTooltips():153 Tooltip with id undo_access_point_promotion_banner not found in tooltipManager.
10-19 23:07:52.651  5589  5589 D ViewRootImpl: AppSizeAfterRelayout, size: Point(1080, 2287), rotation: ROTATION_0
10-19 23:07:52.652  5589  5589 D BLASTBufferQueue: [VRI[InputMethod]#2358](f:0,a:4) destructor()
10-19 23:07:52.652  5589  5589 D BufferQueueConsumer: [VRI[InputMethod]#2358(BLAST Consumer)2358](id:15d500000936,api:0,p:-1,c:5589) disconnect
10-19 23:07:52.795  5946 15986 I ReactNativeJS: '🎯🎯🎯 TripCompletionModal RENDER - visible:', false
10-19 23:07:52.795  5946 15986 I ReactNativeJS: '🎯🎯🎯 tripData:', '{\n  "distance": 0,\n  "duration": 0,\n  "fareBreakdown": {\n    "booking_type": "regular",\n    "vehicle_type": "sedan",\n    "base_fare": 0,\n    "distance_fare": 0,\n    "time_fare": 0,\n    "surge_charges": 0,\n    "deadhead_charges": 0,\n    "platform_fee": 0,\n    "gst_on_charges": 0,\n    "gst_on_platform_fee": 0,\n    "extra_km_charges": 0,\n    "driver_allowance": 0,\n    "total_fare": 0,\n    "details": {\n      "actual_distance_km": 0,\n      "actual_duration_minutes": 0,\n      "per_km_rate": 0\n    }\n  },\n  "pickup_address": "",\n  "destination_address": "",\n  "booking_type": "regular",\n  "rental_hours": null\n}'
10-19 23:07:52.796  5946 15986 I ReactNativeJS: ❌ Not visible - returning null
10-19 23:07:52.798  5946 15986 I ReactNativeJS: === SENDING LOCATION TO EDGE FUNCTION ===
10-19 23:07:52.799  5946 15986 I ReactNativeJS: 'Driver User ID:', '1c4ac410-54d8-4b5e-960b-3afcbebd115d'
10-19 23:07:52.799  5946 15986 I ReactNativeJS: 'Location:', { latitude: 12.7480875,
10-19 23:07:52.799  5946 15986 I ReactNativeJS:   longitude: 77.8304549,
10-19 23:07:52.799  5946 15986 I ReactNativeJS:   accuracy: 164.39999389648438 }
10-19 23:07:52.799  5946 15986 I ReactNativeJS: 📤 Updating location via RPC...
10-19 23:07:53.047  5946 15986 I ReactNativeJS: '✅ Location', 'updated', 'successfully via RPC'
10-19 23:07:57.323 21104 21188 W Settings: Setting airplane_mode_on has moved from android.provider.Settings.System to android.provider.Settings.Global, returning read-only value.
10-19 23:07:57.327 21104 17067 W SystemServiceRegistry: No service published for: wifirtt
10-19 23:07:57.330  5946  5946 I TaskService: Handling intent with task name 'background-location-task' and app scoping identifier 'com.a1taxi.driverpro'.
10-19 23:07:57.341  5589 25011 I SpellCheckerSession: SpellCheckerSession.onClose():690 com.google.android.keyboard.client.delight5.LanguageIdentifier@8a618ce is closed
10-19 23:07:57.583  1870  3647 E AutofillSession: Not starting a new partition on 1073743202@1209823137 because session 1209823137 reached maximum of 10
10-19 23:07:57.586  5589  5589 I GoogleInputMethodService: GoogleInputMethodService.onFinishInput():2085 
10-19 23:07:57.587  5589  5589 I Module  : DeviceLockedStatusModuleProvider$Module.updateDeviceLockedStatus():100 repeatCheckTimes = 0, locked = false
10-19 23:07:57.587  5589  5589 I GoogleInputMethodService: GoogleInputMethodService.onStartInput():1346 onStartInput(EditorInfo{EditorInfo{packageName=com.a1taxi.a1taxicustomer, inputType=4002, inputTypeString=Number, enableLearning=false, autoCorrection=false, autoComplete=false, imeOptions=6, privateImeOptions=null, actionName=DONE, actionLabel=null, initialSelStart=0, initialSelEnd=0, initialCapsMode=2000, label=null, fieldId=18075, fieldName=null, extras=Bundle[mParcelledData.dataSize=404], hintText=empty, hintLocales=[]}}, false)
10-19 23:07:57.588  5589  5589 I Module  : DeviceLockedStatusModuleProvider$Module.updateDeviceLockedStatus():100 repeatCheckTimes = 1, locked = false
10-19 23:07:57.593  5589  5589 I StylusModule: StylusModule.onUpdateToolType():800 Update tool type = 1
10-19 23:07:57.594  5589  5589 I GoogleInputMethodService: GoogleInputMethodService.onStartInputView():1439 onStartInputView(EditorInfo{EditorInfo{packageName=com.a1taxi.a1taxicustomer, inputType=4002, inputTypeString=Number, enableLearning=false, autoCorrection=false, autoComplete=false, imeOptions=6, privateImeOptions=null, actionName=DONE, actionLabel=null, initialSelStart=0, initialSelEnd=0, initialCapsMode=2000, label=null, fieldId=18075, fieldName=null, extras=Bundle[{android.support.text.emoji.emojiCompat_metadataVersion=11, androidx.core.view.inputmethod.EditorInfoCompat.STYLUS_HANDWRITING_ENABLED=true, android.support.text.emoji.emojiCompat_replaceAll=false}], hintText=empty, hintLocales=[]}}, false)
10-19 23:07:57.595  5589  5589 I KeyboardHeightUtil: KeyboardHeightUtil.getOemKeyboardHeightRatio():108 systemKeyboardHeightRatio:1.000000.
10-19 23:07:57.595  5589  5589 I AndroidIME: InputBundleManager.loadActiveInputBundleId():528 loadActiveInputBundleId: und-Latn-x-number, number
10-19 23:07:57.595  5589  5589 I KeyboardWrapper: KeyboardWrapper.activateKeyboard():581 activateKeyboard(): type=prime, status=INACTIVE, imeDef=mkk{stringId=number, language=und-Latn-x-number, languageTag=und-Latn-x-number, processedConditions={}, className=com.google.android.libraries.inputmethod.ime.DummyIme, label=2132019216, keyEventInterpreter=null, inlineComposing=true, autoCapital=false, announceAutoSelectedCandidate=false, statusIcon=0, indicatorIcon=0, indicatorLabel=null, displayAppCompletions=false, extraValues=mkd{}, processors=mmb@7d3d911, unacceptableMetaKeys=4098, languageSpecificSettings=0, asciiCapable=false, alwaysShowSuggestions=false, useAsciiPasswordKeyboard=false, keyboardGroupDef=mlk@821ce4, phenotypeFlagId=0, localizationLanguageTag=null, supportsInlineSuggestion=false}
10-19 23:07:57.596  5589  5589 I KeyboardManager: KeyboardManager.requestKeyboard():248 Creating keyboard prime, imeId=number, cacheKey=theme,!gsf,!pgsans,!pgsf,!use_system_font,BORDER,FLAVOR_DPI=XXHDPI,GOOGLE_ICONS,KEYBOARD_WIDTH_CATEGORY=NORMAL,KEY_BORDER_SHAPE=1,LIGHT_THEME=false,PHYSICAL_DIAGONAL=5.748144,POPUP,SCREEN_SHORTEST_WIDTH=393,SCREEN_SHORTEST_WIDTH_NO_SCALE=393,XXHDPI,bottom4dp,enable_emoji_kitchen_browse_color_v2=true,enable_google_fonts_icons=true,enable_popup_on_keypress=true,keyboard_redesign_google_sans=true,non_linear_scale,noshadow,overlay_builtin_dynamic_color_dark_base.binarypb:gm3-dark-ff131313-ffffffff-4d9204e36e3ccb6a165e3e3dbe763ce0,roundedchip,silkpopup
10-19 23:07:57.596  5589  5589 I KeyboardWrapper: KeyboardWrapper.onKeyboardReady():224 onKeyboardReady(): type=prime(prime), kb=com.google.android.apps.inputmethod.latin.keyboard.LatinNumberKeyboard@508e2c3
10-19 23:07:57.596  5589  5589 I KeyboardWrapper: KeyboardWrapper.doActivateKeyboard():611 doActivateKeyboard(): prime
10-19 23:07:57.600  5589  5589 I KeyboardViewHelper: KeyboardViewHelper.getView():180 Get view with height ratio:1.000000
10-19 23:07:57.616  5589  5589 I KeyboardHeightUtil: KeyboardHeightUtil.calculateMaxKeyboardBodyHeight():50 leave 267 height for app when ime window height:2171, header height:121 and isFullscreenMode:false, so the max keyboard body height is:1783
10-19 23:07:57.617  5589  5589 I GlobeKeyExtension: GlobeKeyExtension.getKeyboardInitialStates():175 
10-19 23:07:57.617  5589  5589 W Keyboard: Keyboard.getKeyboardViewHelper():609 null helper is returned: keyboardDef=mle{processedConditions={enable_access_points_in_password_number=true, enable_correction_settings_updates=true, layout_9key_split=false, language=en-US, deprecate_long_press_space_for_ime_picker=false, show_suggestion_strip=true, device=phone, expressions=normal}, globalConditions={global_theme_key=theme,!gsf,!pgsans,!pgsf,!use_system_font,BORDER,FLAVOR_DPI=XXHDPI,GOOGLE_ICONS,KEYBOARD_WIDTH_CATEGORY=NORMAL,KEY_BORDER_SHAPE=1,LIGHT_THEME=false,PHYSICAL_DIAGONAL=5.748144,POPUP,SCREEN_SHORTEST_WIDTH=393,SCREEN_SHORTEST_WIDTH_NO_SCALE=393,XXHDPI,bottom4dp,enable_emoji_kitchen_browse_color_v2=true,enable_google_fonts_icons=true,enable_popup_on_keypress=true,keyboard_redesign_google_sans=true,non_linear_scale,noshadow,overlay_builtin_dynamic_color_dark_base.binarypb:gm3-dark-ff131313-ffffffff-4d9204e36e3ccb6a165e3e3dbe763ce0,roundedchip,silkpopup, global_locale=en_US, global_density_dpi=440, global_orientation=1}, className=.latin.keyboard.LatinNumberKeyboard, resourceIds=[#0x7f17086b], initialStates=0, keyboardViewDefs=[mls{direction=LOCALE, id=#0x7f0b0224, isScalable=false, layoutId=#0x7f0e0500, type=HEADER, touchable=true, defaultShow=true}, mls{direction=null, id=#0x7f0b0224, isScalable=true, layoutId=#0x7f0e0556, type=BODY, touchable=true, defaultShow=true}], persistentStates=0, persistentStatesPrefKey=null, popupBubbleLayoutId=#0x7f0e05f1, recentKeyLayoutId=0, recentKeyPopupLayoutId=0, recentKeyType=null, rememberRecentKey=NONE, sessionStates=0}, type=FLOATING_CANDIDATES, helpersCreated=[lxm@e7604a8, lxm@f9b5bc1, null, null], context.getResources().getConfiguration(): {1.0 405mcc869mnc [en_US] ldltr sw393dp w393dp h790dp 440dpi nrml long port night finger -keyb/v/h -nav/h winConfig={ mBounds=Rect(0, 0 - 1080, 2392) mAppBounds=Rect(0, 103 - 1080, 2276) mMaxBounds=Rect(0, 0 - 1080, 2392) mDisplayRotation=ROTATION_0 mWindowingMode=fullscreen mActivityType=undefined mAlwaysOnTop=undefined mRotation=ROTATION_0 isEmbedding:false} s.5420 fontWeightAdjustment=0 themeId=2 themeParameter=0 nightModeLevel = -1 typefaceChanged=0.0 ?spacesystem eaMode=1}
10-19 23:07:57.617  5589  5589 W Keyboard: Keyboard.getKeyboardViewHelper():609 null helper is returned: keyboardDef=mle{processedConditions={enable_access_points_in_password_number=true, enable_correction_settings_updates=true, layout_9key_split=false, language=en-US, deprecate_long_press_space_for_ime_picker=false, show_suggestion_strip=true, device=phone, expressions=normal}, globalConditions={global_theme_key=theme,!gsf,!pgsans,!pgsf,!use_system_font,BORDER,FLAVOR_DPI=XXHDPI,GOOGLE_ICONS,KEYBOARD_WIDTH_CATEGORY=NORMAL,KEY_BORDER_SHAPE=1,LIGHT_THEME=false,PHYSICAL_DIAGONAL=5.748144,POPUP,SCREEN_SHORTEST_WIDTH=393,SCREEN_SHORTEST_WIDTH_NO_SCALE=393,XXHDPI,bottom4dp,enable_emoji_kitchen_browse_color_v2=true,enable_google_fonts_icons=true,enable_popup_on_keypress=true,keyboard_redesign_google_sans=true,non_linear_scale,noshadow,overlay_builtin_dynamic_color_dark_base.binarypb:gm3-dark-ff131313-ffffffff-4d9204e36e3ccb6a165e3e3dbe763ce0,roundedchip,silkpopup, global_locale=en_US, global_density_dpi=440, global_orientation=1}, className=.latin.keyboard.LatinNumberKeyboard, resourceIds=[#0x7f17086b], initialStates=0, keyboardViewDefs=[mls{direction=LOCALE, id=#0x7f0b0224, isScalable=false, layoutId=#0x7f0e0500, type=HEADER, touchable=true, defaultShow=true}, mls{direction=null, id=#0x7f0b0224, isScalable=true, layoutId=#0x7f0e0556, type=BODY, touchable=true, defaultShow=true}], persistentStates=0, persistentStatesPrefKey=null, popupBubbleLayoutId=#0x7f0e05f1, recentKeyLayoutId=0, recentKeyPopupLayoutId=0, recentKeyType=null, rememberRecentKey=NONE, sessionStates=0}, type=WIDGET, helpersCreated=[lxm@e7604a8, lxm@f9b5bc1, null, null], context.getResources().getConfiguration(): {1.0 405mcc869mnc [en_US] ldltr sw393dp w393dp h790dp 440dpi nrml long port night finger -keyb/v/h -nav/h winConfig={ mBounds=Rect(0, 0 - 1080, 2392) mAppBounds=Rect(0, 103 - 1080, 2276) mMaxBounds=Rect(0, 0 - 1080, 2392) mDisplayRotation=ROTATION_0 mWindowingMode=fullscreen mActivityType=undefined mAlwaysOnTop=undefined mRotation=ROTATION_0 isEmbedding:false} s.5420 fontWeightAdjustment=0 themeId=2 themeParameter=0 nightModeLevel = -1 typefaceChanged=0.0 ?spacesystem eaMode=1}
10-19 23:07:57.617  5589  5589 I AndroidIME: InputBundleManager.startInput():358 startInput() with mlo[keyboardType=prime, payload=null]
10-19 23:07:57.618  5589  5589 I GlobeKeyExtension: GlobeKeyExtension.onActivate():120 
10-19 23:07:57.619  5589  5589 I LanguagePromoExtension: LanguagePromoExtension.checkDisplayPreconditions():174 Not show language promo: exceeds the max display times.
10-19 23:07:57.619  5589  5589 I NewLanguagePromptExtension: NewLanguagePromptExtension.onActivate():189 Not activated NewLanguagePromptExtension: not a normal text input box.
10-19 23:07:57.619  5589  5589 I VoiceInputManagerWrapper: VoiceInputManagerWrapper.cancelShutdown():109 cancelShutdown()
10-19 23:07:57.619  5589  5589 I VoiceInputManagerWrapper: VoiceInputManagerWrapper.syncLanguagePacks():121 syncLanguagePacks()
10-19 23:07:57.619  5589  5589 I VoiceInputManager: VoiceInputManager.onKeyboardActivated():1173 onKeyboardActivated() [UD]
10-19 23:07:57.619  5589  6558 I SpeechFactory: SpeechRecognitionFactory.maybeScheduleAutoPackDownloadForFallback():217 maybeScheduleAutoPackDownloadForFallback()
10-19 23:07:57.619  5589  5589 I PkModeUpdater: PkModeUpdater.onActivate():74 onActivate false true
10-19 23:07:57.619  5589  6558 I FallbackOnDeviceRecognitionProvider: FallbackOnDeviceRecognitionProvider.maybeScheduleAutoPackDownload():205 maybeScheduleAutoPackDownload() for language tag en-US
10-19 23:07:57.620  5589  5589 I AccessoryInputModeManager: AccessoryInputModeManager.onModeStarted():318 Accessory input mode started: null
10-19 23:07:57.620  5589  5589 W SupplementaryKeyboardsWrapper: SupplementaryKeyboardsWrapper.deactivateKeyboard():161 keyboard accessory_candidates_consumer is not activated before!
10-19 23:07:57.620  5589  5589 I KeyboardModeUtils: KeyboardModeUtils.getKeyboardBottomOffset():435 inch: 0.000000 ydpi: 387.429993 adjustKeyboardBottomByDisplaySize: false currentDensityDpi: 440 defaultDensityDpi: 440 keyboardBottomToScreenPx: 0 keyboardBottomToNavBarPx: -116 navBarHeight: 116
10-19 23:07:57.620  5589  5589 I KeyboardHeightUtil: KeyboardHeightUtil.calculateMaxKeyboardBodyHeight():50 leave 267 height for app when ime window height:2171, header height:121 and isFullscreenMode:false, so the max keyboard body height is:1783
10-19 23:07:57.620  5589  5589 I KeyboardHeightUtil: KeyboardHeightUtil.calculateMaxKeyboardBodyHeight():50 leave 267 height for app when ime window height:2171, header height:121 and isFullscreenMode:false, so the max keyboard body height is:1783
10-19 23:07:57.620  5589  5589 I AndroidIME: KeyboardViewManager.updateKeyboardBodyViewHolderPaddingBottom():472 Set finalPaddingBottom = 5 while holderPaddingBottom = 5; navigationHeight = 116
10-19 23:07:57.620  5589  5589 I KeyboardHeightUtil: KeyboardHeightUtil.calculateMaxKeyboardBodyHeight():50 leave 267 height for app when ime window height:2171, header height:121 and isFullscreenMode:false, so the max keyboard body height is:1783
10-19 23:07:57.620  5589  5589 I KeyboardHeightUtil: KeyboardHeightUtil.calculateMaxKeyboardBodyHeight():50 leave 267 height for app when ime window height:2171, header height:121 and isFullscreenMode:false, so the max keyboard body height is:1783
10-19 23:07:57.620  5589  5589 W ExtensionWrapper: ExtensionWrapper.setExtensionViewVisibility():811 interface mas is not activate
10-19 23:07:57.621  5589  5589 I Module  : DeviceLockedStatusModuleProvider$Module.updateDeviceLockedStatus():100 repeatCheckTimes = 1, locked = false
10-19 23:07:57.631  5589  5589 D ViewRootImpl: AppSizeAfterRelayout, size: Point(1080, 2287), rotation: ROTATION_0
10-19 23:07:57.631  5589  5589 D BufferQueueConsumer: [](id:15d50000093a,api:0,p:-1,c:5589) connect: controlledByApp=false
10-19 23:07:57.632  5589  5589 D BLASTBufferQueue: [VRI[InputMethod]#2362](f:0,a:0) constructor()
10-19 23:07:57.632  5589  5589 D BLASTBufferQueue: [VRI[InputMethod]#2362](f:0,a:0) update width=1080 height=2287 format=-2 mTransformHint=0
10-19 23:07:57.633  5589  5589 I KeyboardModeUtils: KeyboardModeUtils.getKeyboardBottomOffset():435 inch: 0.000000 ydpi: 387.429993 adjustKeyboardBottomByDisplaySize: false currentDensityDpi: 440 defaultDensityDpi: 440 keyboardBottomToScreenPx: 0 keyboardBottomToNavBarPx: -116 navBarHeight: 116
10-19 23:07:57.633  5589  5589 I KeyboardHeightUtil: KeyboardHeightUtil.calculateMaxKeyboardBodyHeight():50 leave 267 height for app when ime window height:2171, header height:121 and isFullscreenMode:false, so the max keyboard body height is:1783
10-19 23:07:57.633  5589  5589 I KeyboardHeightUtil: KeyboardHeightUtil.calculateMaxKeyboardBodyHeight():50 leave 267 height for app when ime window height:2171, header height:121 and isFullscreenMode:false, so the max keyboard body height is:1783
10-19 23:07:57.633  5589  5589 I AndroidIME: KeyboardViewManager.updateKeyboardBodyViewHolderPaddingBottom():472 Set finalPaddingBottom = 5 while holderPaddingBottom = 5; navigationHeight = 116
10-19 23:07:57.633  5589  5589 I WindowMetricsNotification: WindowMetricsNotification.notifyWithWindow():166 
10-19 23:07:57.633  5589  5589 I WindowMetricsNotification: WindowMetricsNotification.notify():159 pfu[bounds=Rect(0, 105 - 1080, 2392), insets=Rect(0, 0 - 0, 116), densityDpi=440, smallestScreenWidthDp=393, displayWidth=1080, displayHeight=2392, xdpi=387.43, ydpi=387.43, isTrustable=true, displayId=0]; DisplayMetrics{density=2.75, width=1080, height=2392, scaledDensity=2.75, xdpi=387.43, ydpi=387.43}
10-19 23:07:57.645  5589  5657 D BLASTBufferQueue: [VRI[InputMethod]#2362](f:0,a:1) acquireNextBufferLocked size=1080x2287 mFrameNumber=1 applyTransaction=true mTimestamp=656399521371585(auto) mPendingTransactions.size=0 graphicBufferId=24004572225038 transform=0
10-19 23:07:57.648  5589  5589 I GoogleInputMethodService: GoogleInputMethodService$1.onKeyboardViewShown():325 onKeyboardViewShown: keyboardType=prime, keyboardViewType=HEADER keyboardView=com.google.android.libraries.inputmethod.widgets.SoftKeyboardView{9a4bdd2 V.E...... ........ 0,0-1080,121}
10-19 23:07:57.648  5589  5589 I KeyboardHeightUtil: KeyboardHeightUtil.calculateMaxKeyboardBodyHeight():50 leave 267 height for app when ime window height:2171, header height:121 and isFullscreenMode:false, so the max keyboard body height is:1783
10-19 23:07:57.648  5589  5589 I StylusModule: StylusModule.onUpdateToolType():800 Update tool type = 1
10-19 23:07:57.649  5589  5589 I GoogleInputMethodService: GoogleInputMethodService$1.onKeyboardViewShown():325 onKeyboardViewShown: keyboardType=prime, keyboardViewType=BODY keyboardView=com.google.android.libraries.inputmethod.widgets.SoftKeyboardView{84bc248 V.E...... ........ 0,0-1080,580}
10-19 23:07:57.649  5589  5589 I KeyboardHeightUtil: KeyboardHeightUtil.calculateMaxKeyboardBodyHeight():50 leave 267 height for app when ime window height:2171, header height:121 and isFullscreenMode:false, so the max keyboard body height is:1783
10-19 23:07:57.649  5589  5589 I GlobeKeyExtension: GlobeKeyExtension$1.onKeyboardViewShown():72 maybeDisableLanguageSwitchKeyPref when the keyboard is shown
10-19 23:07:57.649  5589  5589 I GlobeKeyExtension: GlobeKeyExtension.maybeDisableLanguageSwitchKeyPref():200 maybeDisableLanguageSwitchKeyPref hasGlobeKeyBeenDisabled: false, shouldDisableLanguageSwitchKey: false
10-19 23:07:57.649  5589  5589 I NewLanguagePromptExtension: NewLanguagePromptExtension$1.onKeyboardViewShown():88 Not show new language banner: not prime keyboard, or the extension not activated.
10-19 23:07:57.829 21104 21250 I WifiScanner: onFullResults
10-19 23:07:57.830 21104 21119 I WifiScanner: onFullResults
10-19 23:07:57.830 21104 21332 I WifiScanner: onFullResults
10-19 23:07:57.839 21104 17045 I FrewleTileCacheManagerV: (REDACTED) Fetched %d AP models from cache
10-19 23:07:57.853 21104 21184 I FusedLocation: (REDACTED) location delivery to %s blocked - too fast
10-19 23:07:57.854 21104 21184 I FusedLocation: (REDACTED) location delivery to %s blocked - too close
10-19 23:07:57.858 21104 21184 I FusedLocation: (REDACTED) location delivery to %s blocked - too fast
10-19 23:07:57.861  5946 15986 I ReactNativeJS: '📍 5-second location watch update:', { altitude: 773,
10-19 23:07:57.861  5946 15986 I ReactNativeJS:   heading: 132.2134246826172,
10-19 23:07:57.861  5946 15986 I ReactNativeJS:   altitudeAccuracy: 93.60562133789062,
10-19 23:07:57.861  5946 15986 I ReactNativeJS:   latitude: 12.7480011,
10-19 23:07:57.861  5946 15986 I ReactNativeJS:   speed: 5.079363822937012,
10-19 23:07:57.861  5946 15986 I ReactNativeJS:   longitude: 77.8305518,
10-19 23:07:57.861  5946 15986 I ReactNativeJS:   accuracy: 164.39999389648438 }
10-19 23:07:57.863  5946  5946 I TaskService: Handling intent with task name 'background-location-task' and app scoping identifier 'com.a1taxi.driverpro'.
10-19 23:07:57.868  5946  5946 W JobInfo : Job 'com.a1taxi.driverpro/expo.modules.taskManager.TaskJobService#0' has a deadline with no functional constraints. The deadline won't improve job execution latency. Consider removing the deadline.
10-19 23:07:57.873 21104 21184 I fznc    : Received empty WiFi-RTT scan. [CONTEXT service_id=6 ]
10-19 23:07:57.878  5946  5946 I TaskService: Handling intent with task name 'background-location-task' and app scoping identifier 'com.a1taxi.driverpro'.
10-19 23:07:57.880  5946  5946 I TaskService: Handling job with task name 'background-location-task' for app with scoping identifier 'com.a1taxi.driverpro'.
10-19 23:07:57.881  5946 15986 I ReactNativeJS: '🎯🎯🎯 TripCompletionModal RENDER - visible:', false
10-19 23:07:57.882  5946 15986 I ReactNativeJS: '🎯🎯🎯 tripData:', '{\n  "distance": 0,\n  "duration": 0,\n  "fareBreakdown": {\n    "booking_type": "regular",\n    "vehicle_type": "sedan",\n    "base_fare": 0,\n    "distance_fare": 0,\n    "time_fare": 0,\n    "surge_charges": 0,\n    "deadhead_charges": 0,\n    "platform_fee": 0,\n    "gst_on_charges": 0,\n    "gst_on_platform_fee": 0,\n    "extra_km_charges": 0,\n    "driver_allowance": 0,\n    "total_fare": 0,\n    "details": {\n      "actual_distance_km": 0,\n      "actual_duration_minutes": 0,\n      "per_km_rate": 0\n    }\n  },\n  "pickup_address": "",\n  "destination_address": "",\n  "booking_type": "regular",\n  "rental_hours": null\n}'
10-19 23:07:57.882  5946 15986 I ReactNativeJS: ❌ Not visible - returning null
10-19 23:07:57.888  5946 15986 I ReactNativeJS: '📍 Background location update:', [ { timestamp: 1760895477588,
10-19 23:07:57.888  5946 15986 I ReactNativeJS:     mocked: false,
10-19 23:07:57.888  5946 15986 I ReactNativeJS:     coords: 
10-19 23:07:57.888  5946 15986 I ReactNativeJS:      { altitude: 773,
10-19 23:07:57.888  5946 15986 I ReactNativeJS:        heading: 132.2134246826172,
10-19 23:07:57.888  5946 15986 I ReactNativeJS:        altitudeAccuracy: 93.60562133789062,
10-19 23:07:57.888  5946 15986 I ReactNativeJS:        latitude: 12.7480011,
10-19 23:07:57.888  5946 15986 I ReactNativeJS:        speed: 5.079363822937012,
10-19 23:07:57.888  5946 15986 I ReactNativeJS:        longitude: 77.8305518,
10-19 23:07:57.888  5946 15986 I ReactNativeJS:        accuracy: 164.39999389648438 } } ]
10-19 23:07:57.892  5946 15986 I ReactNativeJS: 📤 Background location update via RPC...
10-19 23:07:57.892  5946 15986 E ReactNativeJS: ❌ Supabase credentials not configured
10-19 23:07:57.894  5946 15978 I TaskService: Finished task 'background-location-task' with eventId 'cb5ff6f0-cf89-46a7-b185-1e93a889c1fe'.
10-19 23:07:57.900  5946 15987 E unknown:ReactNative: console.error: ❌ Supabase credentials not configured, js engine: hermes, stack:
10-19 23:07:57.900  5946 15987 E unknown:ReactNative: _construct@1:117842
10-19 23:07:57.900  5946 15987 E unknown:ReactNative: Wrapper@1:117496
10-19 23:07:57.900  5946 15987 E unknown:ReactNative: _callSuper@1:115478
10-19 23:07:57.900  5946 15987 E unknown:ReactNative: SyntheticError@1:116983
10-19 23:07:57.900  5946 15987 E unknown:ReactNative: reactConsoleErrorHandler@1:116629
10-19 23:07:57.900  5946 15987 E unknown:ReactNative: ?anon_0_@1:1972482
10-19 23:07:57.900  5946 15987 E unknown:ReactNative: asyncGeneratorStep@1:573256
10-19 23:07:57.900  5946 15987 E unknown:ReactNative: _next@1:573513
10-19 23:07:57.900  5946 15987 E unknown:ReactNative: anonymous@1:136226
10-19 23:07:57.900  5946 15987 E unknown:ReactNative: _callTimer@1:135225
10-19 23:07:57.900  5946 15987 E unknown:ReactNative: _callReactNativeMicrotasksPass@1:135369
10-19 23:07:57.900  5946 15987 E unknown:ReactNative: callReactNativeMicrotasks@1:137289
10-19 23:07:57.900  5946 15987 E unknown:ReactNative: __callReactNativeMicrotasks@1:101038
10-19 23:07:57.900  5946 15987 E unknown:ReactNative: anonymous@1:100174
10-19 23:07:57.900  5946 15987 E unknown:ReactNative: __guard@1:100912
10-19 23:07:57.900  5946 15987 E unknown:ReactNative: flushedQueue@1:100085
10-19 23:07:57.900  5946 15987 E unknown:ReactNative: invokeCallbackAndReturnFlushedQueue@1:100028
10-19 23:07:58.208  5946 15986 I ReactNativeJS: === SENDING LOCATION TO EDGE FUNCTION ===
10-19 23:07:58.209  5946 15986 I ReactNativeJS: 'Driver User ID:', '1c4ac410-54d8-4b5e-960b-3afcbebd115d'
10-19 23:07:58.209  5946 15986 I ReactNativeJS: 'Location:', { latitude: 12.7480011,
10-19 23:07:58.209  5946 15986 I ReactNativeJS:   longitude: 77.8305518,
10-19 23:07:58.209  5946 15986 I ReactNativeJS:   accuracy: 164.39999389648438 }
10-19 23:07:58.209  5946 15986 I ReactNativeJS: 📤 Updating location via RPC...
10-19 23:07:58.467  5946 15986 I ReactNativeJS: '✅ Location', 'updated', 'successfully via RPC'
10-19 23:07:59.193  5589  5589 W TooltipLifecycleManager: TooltipLifecycleManager.dismissTooltips():153 Tooltip with id SUGGESTION_VIEW_EDU_MINI_DIALOG not found in tooltipManager.
10-19 23:07:59.227  1870  3647 E AutofillSession: Not starting a new partition on 1073743203@1209823137 because session 1209823137 reached maximum of 10
