10-18 04:47:18.356 15708 19060 I ReactNativeJS:   source: 'calculated' }
10-18 04:47:18.358 15708 19060 I ReactNativeJS: '💰 [UI] Displaying fare for sedan:', { fare: 391,
10-18 04:47:18.358 15708 19060 I ReactNativeJS:   isSelected: true,
10-18 04:47:18.358 15708 19060 I ReactNativeJS:   showingCalculated: true,
10-18 04:47:18.358 15708 19060 I ReactNativeJS:   source: 'calculated' }
10-18 04:47:18.359 15708 19060 I ReactNativeJS: '💰 [UI] Displaying fare for sedan_ac:', { fare: 461,
10-18 04:47:18.359 15708 19060 I ReactNativeJS:   isSelected: false,
10-18 04:47:18.359 15708 19060 I ReactNativeJS:   showingCalculated: true,
10-18 04:47:18.359 15708 19060 I ReactNativeJS:   source: 'calculated' }
10-18 04:47:18.360 15708 19060 I ReactNativeJS: '💰 [UI] Displaying fare for suv:', { fare: 762,
10-18 04:47:18.360 15708 19060 I ReactNativeJS:   isSelected: false,
10-18 04:47:18.360 15708 19060 I ReactNativeJS:   showingCalculated: true,
10-18 04:47:18.360 15708 19060 I ReactNativeJS:   source: 'calculated' }
10-18 04:47:18.362 15708 19060 I ReactNativeJS: '💰 [UI] Displaying fare for suv_ac:', { fare: 1922,
10-18 04:47:18.362 15708 19060 I ReactNativeJS:   isSelected: false,
10-18 04:47:18.362 15708 19060 I ReactNativeJS:   showingCalculated: true,
10-18 04:47:18.362 15708 19060 I ReactNativeJS:   source: 'calculated' }
10-18 04:47:19.103 26106 30438 I Authzen : [DeviceStateSyncManager] The server is in sync with current state. Nothing to do
10-18 04:47:19.364 15708 19060 I ReactNativeJS: 🔔 [BANNER_DEBUG] ===== NOTIFICATION BANNER EFFECT =====
10-18 04:47:19.364 15708 19060 I ReactNativeJS: '🔔 [BANNER_DEBUG] Banner summary:', { totalNotifications: 12,
10-18 04:47:19.364 15708 19060 I ReactNativeJS:   currentlyVisible: false,
10-18 04:47:19.364 15708 19060 I ReactNativeJS:   currentNotification: '9c6911c2-87ea-4956-8c97-3e822ef63307',
10-18 04:47:19.364 15708 19060 I ReactNativeJS:   shownNotificationsCount: 2,
10-18 04:47:19.364 15708 19060 I ReactNativeJS:   tripCompletedNotifications: 0,
10-18 04:47:19.364 15708 19060 I ReactNativeJS:   unreadTripCompleted: 0 }
10-18 04:47:19.364 15708 19060 I ReactNativeJS: 📱 [BANNER_DEBUG] ===== BANNER DISPLAY DECISION =====
10-18 04:47:19.488 26036 26172 I FusedLocation: (REDACTED) location delivery to %s blocked - too fast
10-18 04:47:19.489 26036 26172 I FusedLocation: (REDACTED) location delivery to %s blocked - too fast
10-18 04:47:19.490 26036 26172 I FusedLocation: (REDACTED) location delivery to %s blocked - too close
10-18 04:47:19.490 26036 26172 I FusedLocation: (REDACTED) location delivery to %s blocked - too close
10-18 04:47:19.492 26036 26172 I FusedLocation: (REDACTED) location delivery to %s blocked - too fast
10-18 04:47:19.492 26036 26172 I FusedLocation: (REDACTED) location delivery to %s blocked - too close
10-18 04:47:19.801 15708 19060 I ReactNativeJS: '✅ Ride created via edge function:', 'ab10282a-8c94-44dc-a563-7cbdaa1f2152'
10-18 04:47:19.801 15708 19060 I ReactNativeJS: 📢 Starting driver notification process for regular ride...
10-18 04:47:19.801 15708 19060 I ReactNativeJS: '📢 Notifying drivers via edge function for ride:', 'ab10282a-8c94-44dc-a563-7cbdaa1f2152'
10-18 04:47:19.802 15708 19060 I ReactNativeJS: '📡 Making request to:', 'https://whubaypabojomdyfqxcf.supabase.co/functions/v1/driver-api/notify-drivers'
10-18 04:47:21.016 16422 16422 I bnew    : onStart
10-18 04:47:21.017 16422 16422 I bkwn    : (REDACTED) [%s] onStart()
10-18 04:47:21.017 16422 16422 I bkys    : Reloading theme data
10-18 04:47:21.023 15708 19060 I ReactNativeJS: 🔔 [useRideNotifications] ===== REALTIME NOTIFICATION RECEIVED =====
10-18 04:47:21.023 15708 19060 I ReactNativeJS: '🔔 [useRideNotifications] Notification:', { id: 'b5795e46-c850-4bcb-a933-898c21727b1b',
10-18 04:47:21.023 15708 19060 I ReactNativeJS:   type: 'ride_status_changed',
10-18 04:47:21.023 15708 19060 I ReactNativeJS:   status: 'unread',
10-18 04:47:21.023 15708 19060 I ReactNativeJS:   title: 'Ride Status Updated',
10-18 04:47:21.023 15708 19060 I ReactNativeJS:   rideId: 'ab10282a-8c94-44dc-a563-7cbdaa1f2152' }
10-18 04:47:21.024 15708 19060 I ReactNativeJS: 🔔 [useRideNotifications] New notification, adding to list
10-18 04:47:21.024 15708 19060 I ReactNativeJS: '💰 [UI] Displaying fare for hatchback:', { fare: 381,
10-18 04:47:21.024 15708 19060 I ReactNativeJS:   isSelected: false,
10-18 04:47:21.024 15708 19060 I ReactNativeJS:   showingCalculated: true,
10-18 04:47:21.024 15708 19060 I ReactNativeJS:   source: 'calculated' }
10-18 04:47:21.024 16422 16422 I bnew    : onResume
10-18 04:47:21.029 15708 19060 I ReactNativeJS: '💰 [UI] Displaying fare for hatchback_ac:', { fare: 451,
10-18 04:47:21.029 15708 19060 I ReactNativeJS:   isSelected: false,
10-18 04:47:21.029 15708 19060 I ReactNativeJS:   showingCalculated: true,
10-18 04:47:21.029 15708 19060 I ReactNativeJS:   source: 'calculated' }
10-18 04:47:21.030 16422 16422 D VRI[Launcher]: visibilityChanged oldVisibility=false newVisibility=true
10-18 04:47:21.030 15708 19060 I ReactNativeJS: '💰 [UI] Displaying fare for sedan:', { fare: 391,
10-18 04:47:21.030 15708 19060 I ReactNativeJS:   isSelected: true,
10-18 04:47:21.030 15708 19060 I ReactNativeJS:   showingCalculated: true,
10-18 04:47:21.030 15708 19060 I ReactNativeJS:   source: 'calculated' }
10-18 04:47:21.032 15708 19060 I ReactNativeJS: '💰 [UI] Displaying fare for sedan_ac:', { fare: 461,
10-18 04:47:21.032 15708 19060 I ReactNativeJS:   isSelected: false,
10-18 04:47:21.032 15708 19060 I ReactNativeJS:   showingCalculated: true,
10-18 04:47:21.032 15708 19060 I ReactNativeJS:   source: 'calculated' }
10-18 04:47:21.033 15708 19060 I ReactNativeJS: '💰 [UI] Displaying fare for suv:', { fare: 762,
10-18 04:47:21.033 15708 19060 I ReactNativeJS:   isSelected: false,
10-18 04:47:21.033 15708 19060 I ReactNativeJS:   showingCalculated: true,
10-18 04:47:21.033 15708 19060 I ReactNativeJS:   source: 'calculated' }
10-18 04:47:21.035 15708 19060 I ReactNativeJS: '💰 [UI] Displaying fare for suv_ac:', { fare: 1922,
10-18 04:47:21.035 15708 19060 I ReactNativeJS:   isSelected: false,
10-18 04:47:21.035 15708 19060 I ReactNativeJS:   showingCalculated: true,
10-18 04:47:21.035 15708 19060 I ReactNativeJS:   source: 'calculated' }
10-18 04:47:21.073 16422 16422 D ViewRootImpl: AppSizeAfterRelayout, size: Point(1080, 2392), rotation: ROTATION_0
10-18 04:47:21.075 16422 16422 D BufferQueueConsumer: [](id:40260000017e,api:0,p:-1,c:16422) connect: controlledByApp=false
10-18 04:47:21.076 16422 16422 D BLASTBufferQueue: [VRI[Launcher]#382](f:0,a:0) constructor()
10-18 04:47:21.076 16422 16422 D BLASTBufferQueue: [VRI[Launcher]#382](f:0,a:0) update width=1080 height=2392 format=-2 mTransformHint=0
10-18 04:47:21.078 15708 19060 I ReactNativeJS: '💰 [UI] Displaying fare for hatchback:', { fare: 381,
10-18 04:47:21.078 15708 19060 I ReactNativeJS:   isSelected: false,
10-18 04:47:21.078 15708 19060 I ReactNativeJS:   showingCalculated: true,
10-18 04:47:21.078 15708 19060 I ReactNativeJS:   source: 'calculated' }
10-18 04:47:21.082 15708 19060 I ReactNativeJS: '💰 [UI] Displaying fare for hatchback_ac:', { fare: 451,
10-18 04:47:21.082 15708 19060 I ReactNativeJS:   isSelected: false,
10-18 04:47:21.082 15708 19060 I ReactNativeJS:   showingCalculated: true,
10-18 04:47:21.082 15708 19060 I ReactNativeJS:   source: 'calculated' }
10-18 04:47:21.089 16422 16541 D BLASTBufferQueue: [VRI[Launcher]#382](f:0,a:1) acquireNextBufferLocked size=1080x2392 mFrameNumber=1 applyTransaction=true mTimestamp=576720311575143(auto) mPendingTransactions.size=0 graphicBufferId=70531952937587 transform=0
10-18 04:47:21.104 15708 19060 I ReactNativeJS: '💰 [UI] Displaying fare for sedan:', { fare: 391,
10-18 04:47:21.104 15708 19060 I ReactNativeJS:   isSelected: true,
10-18 04:47:21.104 15708 19060 I ReactNativeJS:   showingCalculated: true,
10-18 04:47:21.104 15708 19060 I ReactNativeJS:   source: 'calculated' }
10-18 04:47:21.106 15708 19060 I ReactNativeJS: '💰 [UI] Displaying fare for sedan_ac:', { fare: 461,
10-18 04:47:21.106 15708 19060 I ReactNativeJS:   isSelected: false,
10-18 04:47:21.106 15708 19060 I ReactNativeJS:   showingCalculated: true,
10-18 04:47:21.106 15708 19060 I ReactNativeJS:   source: 'calculated' }
10-18 04:47:21.107 15708 19060 I ReactNativeJS: '💰 [UI] Displaying fare for suv:', { fare: 762,
10-18 04:47:21.107 15708 19060 I ReactNativeJS:   isSelected: false,
10-18 04:47:21.107 15708 19060 I ReactNativeJS:   showingCalculated: true,
10-18 04:47:21.107 15708 19060 I ReactNativeJS:   source: 'calculated' }
10-18 04:47:21.109 15708 19060 I ReactNativeJS: '💰 [UI] Displaying fare for suv_ac:', { fare: 1922,
10-18 04:47:21.109 15708 19060 I ReactNativeJS:   isSelected: false,
10-18 04:47:21.109 15708 19060 I ReactNativeJS:   showingCalculated: true,
10-18 04:47:21.109 15708 19060 I ReactNativeJS:   source: 'calculated' }
10-18 04:47:21.141 15708 19060 I ReactNativeJS: '📡 Response status:', 200
10-18 04:47:21.147 15708 19060 I ReactNativeJS: '✅ Notified 0 drivers successfully:', { success: true, message: 'No drivers available' }
10-18 04:47:21.147 15708 19060 I ReactNativeJS: ✅ Driver notifications sent successfully
10-18 04:47:21.147 15708 19060 I ReactNativeJS: '✅ Ride created successfully:', 'ab10282a-8c94-44dc-a563-7cbdaa1f2152'
10-18 04:47:21.149 15708 19060 I ReactNativeJS: '🚗 Navigating to driver search with params:', { rideId: 'ab10282a-8c94-44dc-a563-7cbdaa1f2152',
10-18 04:47:21.149 15708 19060 I ReactNativeJS:   pickupLocation: 'PRXJ+F32, Brindavan Nagar, Plot 87, NGGO\'s Colony, Anand Nagar, Hosur, Tamil Nadu 635109, India',
10-18 04:47:21.149 15708 19060 I ReactNativeJS:   destinationLocation: 'Bagalur, Tamil Nadu, India',
10-18 04:47:21.149 15708 19060 I ReactNativeJS:   vehicleType: 'sedan',
10-18 04:47:21.149 15708 19060 I ReactNativeJS:   fareAmount: 391 }
10-18 04:47:21.150 15708 19060 I ReactNativeJS: 🚗 Attempting navigation to driver search...
10-18 04:47:21.151 15708 19060 I ReactNativeJS: '🚗 Navigation params prepared:', { rideId: 'ab10282a-8c94-44dc-a563-7cbdaa1f2152',
10-18 04:47:21.151 15708 19060 I ReactNativeJS:   pickupLocation: 'PRXJ+F32, Brindavan Nagar, Plot 87, NGGO\'s Colony, Anand Nagar, Hosur, Tamil Nadu 635109, India',
10-18 04:47:21.151 15708 19060 I ReactNativeJS:   destinationLocation: 'Bagalur, Tamil Nadu, India',
10-18 04:47:21.151 15708 19060 I ReactNativeJS:   pickupLatitude: '12.7486533',
10-18 04:47:21.151 15708 19060 I ReactNativeJS:   pickupLongitude: '77.8300267',
10-18 04:47:21.151 15708 19060 I ReactNativeJS:   destinationLatitude: '12.8303987',
10-18 04:47:21.151 15708 19060 I ReactNativeJS:   destinationLongitude: '77.86623689999999',
10-18 04:47:21.151 15708 19060 I ReactNativeJS:   vehicleType: 'sedan',
10-18 04:47:21.151 15708 19060 I ReactNativeJS:   fareAmount: '391',
10-18 04:47:21.151 15708 19060 I ReactNativeJS:   distance: '10.56',
10-18 04:47:21.151 15708 19060 I ReactNativeJS:   duration: '16' }
10-18 04:47:21.168 26036 26104 W Settings: Setting airplane_mode_on has moved from android.provider.Settings.System to android.provider.Settings.Global, returning read-only value.
10-18 04:47:21.182 26036 29709 W SystemServiceRegistry: No service published for: wifirtt
10-18 04:47:21.199 26036 26892 I WifiScanner: onFullResults
10-18 04:47:21.201 26036 26052 I WifiScanner: onFullResults
10-18 04:47:21.202 26036 26081 I WifiScanner: onFullResults
10-18 04:47:21.203 15708 19060 I ReactNativeJS: 🚨 [DEBUG] DriverSearchScreen component function called
10-18 04:47:21.204 15708 19060 I ReactNativeJS: '🚨 [DEBUG] DriverSearchScreen hooks initialized:', { hasRouter: true,
10-18 04:47:21.204 15708 19060 I ReactNativeJS:   hasUser: true,
10-18 04:47:21.204 15708 19060 I ReactNativeJS:   paramsKeys: 
10-18 04:47:21.204 15708 19060 I ReactNativeJS:    [ 'rideId',
10-18 04:47:21.204 15708 19060 I ReactNativeJS:      'pickupLocation',
10-18 04:47:21.204 15708 19060 I ReactNativeJS:      'destinationLocation',
10-18 04:47:21.204 15708 19060 I ReactNativeJS:      'pickupLatitude',
10-18 04:47:21.204 15708 19060 I ReactNativeJS:      'pickupLongitude',
10-18 04:47:21.204 15708 19060 I ReactNativeJS:      'destinationLatitude',
10-18 04:47:21.204 15708 19060 I ReactNativeJS:      'destinationLongitude',
10-18 04:47:21.204 15708 19060 I ReactNativeJS:      'vehicleType',
10-18 04:47:21.204 15708 19060 I ReactNativeJS:      'fareAmount',
10-18 04:47:21.204 15708 19060 I ReactNativeJS:      'distance',
10-18 04:47:21.204 15708 19060 I ReactNativeJS:      'duration' ],
10-18 04:47:21.204 15708 19060 I ReactNativeJS:   paramsValues: 
10-18 04:47:21.204 15708 19060 I ReactNativeJS:    { rideId: 'ab10282a-8c94-44dc-a563-7cbdaa1f2152',
10-18 04:47:21.204 15708 19060 I ReactNativeJS:      pickupLocation: 'PRXJ+F32, Brindavan Nagar, Plot 87, NGGO\'s Colony, Anand Nagar, Hosur, Tamil Nadu 635109, India',
10-18 04:47:21.204 15708 19060 I ReactNativeJS:      destinationLocation: 'Bagalur, Tamil Nadu, India',
10-18 04:47:21.204 15708 19060 I ReactNativeJS:      pickupLatitude: '12.7486533',
10-18 04:47:21.204 15708 19060 I ReactNativeJS:      pickupLongitude: '77.8300267',
10-18 04:47:21.204 15708 19060 I ReactNativeJS:      destinationLatitude: '12.8303987',
10-18 04:47:21.204 15708 19060 I ReactNativeJS:      destinationLongitude: '77.86623689999999',
10-18 04:47:21.204 15708 19060 I ReactNativeJS:      vehicleType: 'sedan',
10-18 04:47:21.204 15708 19060 I ReactNativeJS:      fareAmount: '391',
10-18 04:47:21.204 15708 19060 I ReactNativeJS:      distance: '10.56',
10-18 04:47:21.204 15708 19060 I ReactNativeJS:      duration: '16' } }
10-18 04:47:21.204 15708 19060 I ReactNativeJS: 🚨 [DEBUG] DriverSearchScreen state initialized
10-18 04:47:21.204 15708 19060 I ReactNativeJS: 🚨 [DEBUG] Parsing ride details from params...
10-18 04:47:21.204 15708 19060 I ReactNativeJS: '🚨 [DEBUG] Ride details parsed:', { rideId: 'ab10282a-8c94-44dc-a563-7cbdaa1f2152',
10-18 04:47:21.204 15708 19060 I ReactNativeJS:   bookingId: undefined,
10-18 04:47:21.204 15708 19060 I ReactNativeJS:   pickupLocation: 'PRXJ+F32, Brindavan Nagar, Plot 87, NGGO\'s Colony, Anand Nagar, Hosur, Tamil Nadu 635109, India',
10-18 04:47:21.204 15708 19060 I ReactNativeJS:   destinationLocation: 'Bagalur, Tamil Nadu, India',
10-18 04:47:21.204 15708 19060 I ReactNativeJS:   vehicleType: 'sedan',
10-18 04:47:21.204 15708 19060 I ReactNativeJS:   bookingType: 'regular',
10-18 04:47:21.204 15708 19060 I ReactNativeJS:   fareAmount: '391',
10-18 04:47:21.204 15708 19060 I ReactNativeJS:   pickupLatitude: 12.7486533,
10-18 04:47:21.204 15708 19060 I ReactNativeJS:   pickupLongitude: 77.8300267,
10-18 04:47:21.204 15708 19060 I ReactNativeJS:   destinationLatitude: 12.8303987,
10-18 04:47:21.204 15708 19060 I ReactNativeJS:   destinationLongitude: 77.86623689999999 }
10-18 04:47:21.204 15708 19060 I ReactNativeJS: '🚨 [DEBUG] Driver search initialized with:', { rideId: 'ab10282a-8c94-44dc-a563-7cbdaa1f2152',
10-18 04:47:21.204 15708 19060 I ReactNativeJS:   bookingId: undefined,
10-18 04:47:21.204 15708 19060 I ReactNativeJS:   bookingType: 'regular',
10-18 04:47:21.204 15708 19060 I ReactNativeJS:   hasRideId: true,
10-18 04:47:21.204 15708 19060 I ReactNativeJS:   hasBookingId: false,
10-18 04:47:21.204 15708 19060 I ReactNativeJS:   platform: 'android',
10-18 04:47:21.204 15708 19060 I ReactNativeJS:   timestamp: '2025-10-17T23:17:21.204Z' }
10-18 04:47:21.204 15708 19060 I ReactNativeJS: '🚨 [DEBUG] DriverSearchScreen RENDER with state:', { searchStatus: 'searching',
10-18 04:47:21.204 15708 19060 I ReactNativeJS:   hasDriverData: false,
10-18 04:47:21.204 15708 19060 I ReactNativeJS:   showCelebration: false,
10-18 04:47:21.204 15708 19060 I ReactNativeJS:   initialCheckComplete: false,
10-18 04:47:21.204 15708 19060 I ReactNativeJS:   driverName: undefined,
10-18 04:47:21.204 15708 19060 I ReactNativeJS:   rideDetailsValid: true,
10-18 04:47:21.204 15708 19060 I ReactNativeJS:   timestamp: '2025-10-17T23:17:21.204Z' }
10-18 04:47:21.204 15708 19060 I ReactNativeJS: 🚨 [DEBUG] About to render main component UI
10-18 04:47:21.233 15708 19060 I ReactNativeJS: 🛑 [HOME] Stopping driver location polling
10-18 04:47:21.238 15708 19060 I ReactNativeJS: '🗺️ [MAP] Props updated:', { showRoute: true,
10-18 04:47:21.238 15708 19060 I ReactNativeJS:   showDriverToPickupRoute: false,
10-18 04:47:21.238 15708 19060 I ReactNativeJS:   hasDriverLocation: false,
10-18 04:47:21.238 15708 19060 I ReactNativeJS:   hasPickupCoords: true,
10-18 04:47:21.238 15708 19060 I ReactNativeJS:   hasDestinationCoords: true,
10-18 04:47:21.238 15708 19060 I ReactNativeJS:   driverLocation: null,
10-18 04:47:21.238 15708 19060 I ReactNativeJS:   pickupCoords: { lat: 12.7486533, lng: 77.8300267 },
10-18 04:47:21.238 15708 19060 I ReactNativeJS:   destinationCoords: { lat: 12.8303987, lng: 77.86623689999999 } }
10-18 04:47:21.239 15708 19060 I ReactNativeJS: '🗺️ Calculating route between:', { latitude: 12.7486533, longitude: 77.8300267 }, 'and', { latitude: 12.8303987, longitude: 77.86623689999999 }
10-18 04:47:21.239 15708 19060 I ReactNativeJS: '🗺️ [GOOGLE-MAPS] Getting directions from', { lat: 12.7486533, lng: 77.8300267 }, 'to', { lat: 12.8303987, lng: 77.86623689999999 }
10-18 04:47:21.239 15708 19060 I ReactNativeJS: '🌐 Making proxy request to:', 'https://whubaypabojomdyfqxcf.supabase.co/functions/v1/places-proxy/directions?origin=12.7486533%2C77.8300267&destination=12.8303987%2C77.86623689999999&mode=driving'
10-18 04:47:21.240 15708 19060 I ReactNativeJS: 🚨 [DEBUG] useEffect for ride monitoring triggered
10-18 04:47:21.240 15708 19060 I ReactNativeJS: 🔔 [DRIVER_SEARCH] ===== SETTING UP RIDE MONITORING =====
10-18 04:47:21.240 15708 19060 I ReactNativeJS: '🔔 [DRIVER_SEARCH] Platform:', 'android'
10-18 04:47:21.240 15708 19060 I ReactNativeJS: '🔔 [DRIVER_SEARCH] Available IDs:', { rideId: 'ab10282a-8c94-44dc-a563-7cbdaa1f2152',
10-18 04:47:21.240 15708 19060 I ReactNativeJS:   bookingId: undefined }
10-18 04:47:21.245 15708 19060 I ReactNativeJS: 🚨 [DEBUG] DriverSearchScreen component function called
10-18 04:47:21.250 15708 19060 I ReactNativeJS: '🚨 [DEBUG] DriverSearchScreen hooks initialized:', { hasRouter: true,
10-18 04:47:21.250 15708 19060 I ReactNativeJS:   hasUser: true,
10-18 04:47:21.250 15708 19060 I ReactNativeJS:   paramsKeys: 
10-18 04:47:21.250 15708 19060 I ReactNativeJS:    [ 'rideId',
10-18 04:47:21.250 15708 19060 I ReactNativeJS:      'pickupLocation',
10-18 04:47:21.250 15708 19060 I ReactNativeJS:      'destinationLocation',
10-18 04:47:21.250 15708 19060 I ReactNativeJS:      'pickupLatitude',
10-18 04:47:21.250 15708 19060 I ReactNativeJS:      'pickupLongitude',
10-18 04:47:21.250 15708 19060 I ReactNativeJS:      'destinationLatitude',
10-18 04:47:21.250 15708 19060 I ReactNativeJS:      'destinationLongitude',
10-18 04:47:21.250 15708 19060 I ReactNativeJS:      'vehicleType',
10-18 04:47:21.250 15708 19060 I ReactNativeJS:      'fareAmount',
10-18 04:47:21.250 15708 19060 I ReactNativeJS:      'distance',
10-18 04:47:21.250 15708 19060 I ReactNativeJS:      'duration' ],
10-18 04:47:21.250 15708 19060 I ReactNativeJS:   paramsValues: 
10-18 04:47:21.250 15708 19060 I ReactNativeJS:    { rideId: 'ab10282a-8c94-44dc-a563-7cbdaa1f2152',
10-18 04:47:21.250 15708 19060 I ReactNativeJS:      pickupLocation: 'PRXJ+F32, Brindavan Nagar, Plot 87, NGGO\'s Colony, Anand Nagar, Hosur, Tamil Nadu 635109, India',
10-18 04:47:21.250 15708 19060 I ReactNativeJS:      destinationLocation: 'Bagalur, Tamil Nadu, India',
10-18 04:47:21.250 15708 19060 I ReactNativeJS:      pickupLatitude: '12.7486533',
10-18 04:47:21.250 15708 19060 I ReactNativeJS:      pickupLongitude: '77.8300267',
10-18 04:47:21.250 15708 19060 I ReactNativeJS:      destinationLatitude: '12.8303987',
10-18 04:47:21.250 15708 19060 I ReactNativeJS:      destinationLongitude: '77.86623689999999',
10-18 04:47:21.250 15708 19060 I ReactNativeJS:      vehicleType: 'sedan',
10-18 04:47:21.250 15708 19060 I ReactNativeJS:      fareAmount: '391',
10-18 04:47:21.250 15708 19060 I ReactNativeJS:      distance: '10.56',
10-18 04:47:21.250 15708 19060 I ReactNativeJS:      duration: '16' } }
10-18 04:47:21.250 15708 19060 I ReactNativeJS: 🚨 [DEBUG] DriverSearchScreen state initialized
10-18 04:47:21.250 15708 19060 I ReactNativeJS: 🚨 [DEBUG] Parsing ride details from params...
10-18 04:47:21.251 15708 19060 I ReactNativeJS: '🚨 [DEBUG] Ride details parsed:', { rideId: 'ab10282a-8c94-44dc-a563-7cbdaa1f2152',
10-18 04:47:21.251 15708 19060 I ReactNativeJS:   bookingId: undefined,
10-18 04:47:21.251 15708 19060 I ReactNativeJS:   pickupLocation: 'PRXJ+F32, Brindavan Nagar, Plot 87, NGGO\'s Colony, Anand Nagar, Hosur, Tamil Nadu 635109, India',
10-18 04:47:21.251 15708 19060 I ReactNativeJS:   destinationLocation: 'Bagalur, Tamil Nadu, India',
10-18 04:47:21.251 15708 19060 I ReactNativeJS:   vehicleType: 'sedan',
10-18 04:47:21.251 15708 19060 I ReactNativeJS:   bookingType: 'regular',
10-18 04:47:21.251 15708 19060 I ReactNativeJS:   fareAmount: '391',
10-18 04:47:21.251 15708 19060 I ReactNativeJS:   pickupLatitude: 12.7486533,
10-18 04:47:21.251 15708 19060 I ReactNativeJS:   pickupLongitude: 77.8300267,
10-18 04:47:21.251 15708 19060 I ReactNativeJS:   destinationLatitude: 12.8303987,
10-18 04:47:21.251 15708 19060 I ReactNativeJS:   destinationLongitude: 77.86623689999999 }
10-18 04:47:21.252 15708 19060 I ReactNativeJS: '🚨 [DEBUG] Driver search initialized with:', { rideId: 'ab10282a-8c94-44dc-a563-7cbdaa1f2152',
10-18 04:47:21.252 15708 19060 I ReactNativeJS:   bookingId: undefined,
10-18 04:47:21.252 15708 19060 I ReactNativeJS:   bookingType: 'regular',
10-18 04:47:21.252 15708 19060 I ReactNativeJS:   hasRideId: true,
10-18 04:47:21.252 15708 19060 I ReactNativeJS:   hasBookingId: false,
10-18 04:47:21.252 15708 19060 I ReactNativeJS:   platform: 'android',
10-18 04:47:21.252 15708 19060 I ReactNativeJS:   timestamp: '2025-10-17T23:17:21.251Z' }
10-18 04:47:21.253 15708 19060 I ReactNativeJS: '🚨 [DEBUG] DriverSearchScreen RENDER with state:', { searchStatus: 'searching',
10-18 04:47:21.253 15708 19060 I ReactNativeJS:   hasDriverData: false,
10-18 04:47:21.253 15708 19060 I ReactNativeJS:   showCelebration: false,
10-18 04:47:21.253 15708 19060 I ReactNativeJS:   initialCheckComplete: false,
10-18 04:47:21.253 15708 19060 I ReactNativeJS:   driverName: undefined,
10-18 04:47:21.253 15708 19060 I ReactNativeJS:   rideDetailsValid: true,
10-18 04:47:21.253 15708 19060 I ReactNativeJS:   timestamp: '2025-10-17T23:17:21.252Z' }
10-18 04:47:21.253 15708 19060 I ReactNativeJS: 🚨 [DEBUG] About to render main component UI
10-18 04:47:21.263 26036 30440 I FrewleTileCacheManagerV: (REDACTED) Fetched %d AP models from cache
10-18 04:47:21.269 15708 19060 I ReactNativeJS: 📱 [DRIVER_SEARCH] Mobile platform - setting up real-time subscription
10-18 04:47:21.269 15708 19060 I ReactNativeJS: '🚨 [DEBUG] setupRideSubscription called with rideId:', 'ab10282a-8c94-44dc-a563-7cbdaa1f2152'
10-18 04:47:21.269 15708 19060 I ReactNativeJS: '📱 [DRIVER_SEARCH] Setting up ride subscription for:', 'ab10282a-8c94-44dc-a563-7cbdaa1f2152'
10-18 04:47:21.269 15708 19060 I ReactNativeJS: 📡 [REALTIME] Setting up subscription for ride: ab10282a-8c94-44dc-a563-7cbdaa1f2152
10-18 04:47:21.270 15708 19060 I ReactNativeJS: ✅ Navigation completed successfully
10-18 04:47:21.270 15708 19060 I ReactNativeJS: '🗺️ [MAP] Props updated:', { showRoute: true,
10-18 04:47:21.270 15708 19060 I ReactNativeJS:   showDriverToPickupRoute: false,
10-18 04:47:21.270 15708 19060 I ReactNativeJS:   hasDriverLocation: false,
10-18 04:47:21.270 15708 19060 I ReactNativeJS:   hasPickupCoords: true,
10-18 04:47:21.270 15708 19060 I ReactNativeJS:   hasDestinationCoords: true,
10-18 04:47:21.270 15708 19060 I ReactNativeJS:   driverLocation: null,
10-18 04:47:21.270 15708 19060 I ReactNativeJS:   pickupCoords: { lat: 12.7486533, lng: 77.8300267 },
10-18 04:47:21.270 15708 19060 I ReactNativeJS:   destinationCoords: { lat: 12.8303987, lng: 77.86623689999999 } }
10-18 04:47:21.270 15708 19060 I ReactNativeJS: '🗺️ Calculating route between:', { latitude: 12.7486533, longitude: 77.8300267 }, 'and', { latitude: 12.8303987, longitude: 77.86623689999999 }
10-18 04:47:21.271 15708 19060 I ReactNativeJS: '🗺️ [GOOGLE-MAPS] Getting directions from', { lat: 12.7486533, lng: 77.8300267 }, 'to', { lat: 12.8303987, lng: 77.86623689999999 }
10-18 04:47:21.273 15708 19060 I ReactNativeJS: '🌐 Making proxy request to:', 'https://whubaypabojomdyfqxcf.supabase.co/functions/v1/places-proxy/directions?origin=12.7486533%2C77.8300267&destination=12.8303987%2C77.86623689999999&mode=driving'
10-18 04:47:21.274 15708 19060 I ReactNativeJS: '🔍 AuthNavigator - checking auth state:', { user: true,
10-18 04:47:21.274 15708 19060 I ReactNativeJS:   loading: false,
10-18 04:47:21.274 15708 19060 I ReactNativeJS:   segments: 'booking/driver-search',
10-18 04:47:21.274 15708 19060 I ReactNativeJS:   userEmail: '918608374935@a1taxi.app',
10-18 04:47:21.274 15708 19060 I ReactNativeJS:   userRole: 'customer' }
10-18 04:47:21.274 15708 19060 I ReactNativeJS: ✅ User authenticated and on correct screen
10-18 04:47:21.291 26036 26172 I FusedLocation: (REDACTED) location delivery to %s blocked - too fast
10-18 04:47:21.292 26036 26172 I FusedLocation: (REDACTED) location delivery to %s blocked - too fast
10-18 04:47:21.294 26036 26172 I FusedLocation: (REDACTED) location delivery to %s blocked - too close
10-18 04:47:21.294 26036 26172 I FusedLocation: (REDACTED) location delivery to %s blocked - too close
10-18 04:47:21.298 26036 26172 I FusedLocation: (REDACTED) location delivery to %s blocked - too fast
10-18 04:47:21.299 15708 15708 W [RNScreens]: topInsetEnabled prop is not available on Android
10-18 04:47:21.299 26036 26172 I FusedLocation: (REDACTED) location delivery to %s blocked - too fast
10-18 04:47:21.300 26036 26172 I FusedLocation: (REDACTED) location delivery to %s blocked - too close
10-18 04:47:21.303 15708 15708 W [RNScreens]: topInsetEnabled prop is not available on Android
10-18 04:47:21.305 26036 26172 I fyyu    : Received empty WiFi-RTT scan. [CONTEXT service_id=6 ]
10-18 04:47:21.306 15708 15708 D Google Android Maps SDK: For capability in capabilities, log:
10-18 04:47:21.306 15708 15708 D Google Android Maps SDK: "AdvancedMarkers: false: Capabilities unavailable without a Map ID."Data-driven styling: false
10-18 04:47:21.306 15708 30416 W ProxyAndroidLoggerBackend: Too many Flogger logs received before configuration. Dropping old logs.
10-18 04:47:21.306 15708 30416 W ProxyAndroidLoggerBackend: Too many Flogger logs received before configuration. Dropping old logs.
10-18 04:47:21.314 15708 15708 W ProxyAndroidLoggerBackend: Too many Flogger logs received before configuration. Dropping old logs.
10-18 04:47:21.314 15708 15708 W ProxyAndroidLoggerBackend: Too many Flogger logs received before configuration. Dropping old logs.
10-18 04:47:21.314 15708 15708 W ProxyAndroidLoggerBackend: Too many Flogger logs received before configuration. Dropping old logs.
10-18 04:47:21.315 15708 15708 W ProxyAndroidLoggerBackend: Too many Flogger logs received before configuration. Dropping old logs.
10-18 04:47:21.315 15708 15708 W ProxyAndroidLoggerBackend: Too many Flogger logs received before configuration. Dropping old logs.
10-18 04:47:21.315 15708 15708 W ProxyAndroidLoggerBackend: Too many Flogger logs received before configuration. Dropping old logs.
10-18 04:47:21.321 15708 15708 D MapsInitializer: preferredRenderer: null
10-18 04:47:21.321 15708 15708 D zzcc    : preferredRenderer: null
10-18 04:47:21.321 15708 15708 I Google Android Maps SDK: Google Play services package version: 253931035
10-18 04:47:21.321 15708 15708 I Google Android Maps SDK: Google Play services maps renderer version(maps_core): 253425402
10-18 04:47:21.323 26036 29907 I PhenotypeResourceReader: unable to find any Phenotype resource metadata for com.a1taxi.a1taxicustomer
10-18 04:47:21.324 15708 15708 W ProxyAndroidLoggerBackend: Too many Flogger logs received before configuration. Dropping old logs.
10-18 04:47:21.325 15708 15708 W ProxyAndroidLoggerBackend: Too many Flogger logs received before configuration. Dropping old logs.
10-18 04:47:21.325 15708 15708 W ProxyAndroidLoggerBackend: Too many Flogger logs received before configuration. Dropping old logs.
10-18 04:47:21.325 15708 15708 W ProxyAndroidLoggerBackend: Too many Flogger logs received before configuration. Dropping old logs.
10-18 04:47:21.327 15708 30447 W ProxyAndroidLoggerBackend: Too many Flogger logs received before configuration. Dropping old logs.
10-18 04:47:21.328 15708 15708 W ProxyAndroidLoggerBackend: Too many Flogger logs received before configuration. Dropping old logs.
10-18 04:47:21.328 15708 30451 W ProxyAndroidLoggerBackend: Too many Flogger logs received before configuration. Dropping old logs.
10-18 04:47:21.328 15708 15708 W ProxyAndroidLoggerBackend: Too many Flogger logs received before configuration. Dropping old logs.
10-18 04:47:21.328 15708 15708 W ProxyAndroidLoggerBackend: Too many Flogger logs received before configuration. Dropping old logs.
10-18 04:47:21.333 15708 30447 W ProxyAndroidLoggerBackend: Too many Flogger logs received before configuration. Dropping old logs.
10-18 04:47:21.334 15708 30447 W ProxyAndroidLoggerBackend: Too many Flogger logs received before configuration. Dropping old logs.
10-18 04:47:21.336 15708 30451 W ProxyAndroidLoggerBackend: Too many Flogger logs received before configuration. Dropping old logs.
10-18 04:47:21.336 15708 30451 W ProxyAndroidLoggerBackend: Too many Flogger logs received before configuration. Dropping old logs.
10-18 04:47:21.340 15708 30447 W ProxyAndroidLoggerBackend: Too many Flogger logs received before configuration. Dropping old logs.
10-18 04:47:21.340 15708 30447 W ProxyAndroidLoggerBackend: Too many Flogger logs received before configuration. Dropping old logs.
10-18 04:47:21.345 15708 30447 W ProxyAndroidLoggerBackend: Too many Flogger logs received before configuration. Dropping old logs.
10-18 04:47:21.345 15708 30447 W ProxyAndroidLoggerBackend: Too many Flogger logs received before configuration. Dropping old logs.
10-18 04:47:21.348 15708 19060 I ReactNativeJS: 🚨 [DEBUG] Driver location polling interval triggered
10-18 04:47:21.351 15708 30447 W ProxyAndroidLoggerBackend: Too many Flogger logs received before configuration. Dropping old logs.
10-18 04:47:21.351 15708 30447 W ProxyAndroidLoggerBackend: Too many Flogger logs received before configuration. Dropping old logs.
10-18 04:47:21.357 15708 30451 W ProxyAndroidLoggerBackend: Too many Flogger logs received before configuration. Dropping old logs.
10-18 04:47:21.357 15708 30451 W ProxyAndroidLoggerBackend: Too many Flogger logs received before configuration. Dropping old logs.
10-18 04:47:21.361 15708 30451 W ProxyAndroidLoggerBackend: Too many Flogger logs received before configuration. Dropping old logs.
10-18 04:47:21.361 15708 30451 W ProxyAndroidLoggerBackend: Too many Flogger logs received before configuration. Dropping old logs.
10-18 04:47:21.364 15708 15708 D BufferQueueConsumer: [](id:3d5c0000001b,api:0,p:-1,c:15708) connect: controlledByApp=true
10-18 04:47:21.369 15708 30449 W ProxyAndroidLoggerBackend: Too many Flogger logs received before configuration. Dropping old logs.
10-18 04:47:21.369 15708 30449 W ProxyAndroidLoggerBackend: Too many Flogger logs received before configuration. Dropping old logs.
10-18 04:47:21.374 15708 30449 W ProxyAndroidLoggerBackend: Too many Flogger logs received before configuration. Dropping old logs.
10-18 04:47:21.374 15708 30449 W ProxyAndroidLoggerBackend: Too many Flogger logs received before configuration. Dropping old logs.
10-18 04:47:21.384 15708 30447 W ProxyAndroidLoggerBackend: Too many Flogger logs received before configuration. Dropping old logs.
10-18 04:47:21.385 15708 30447 W ProxyAndroidLoggerBackend: Too many Flogger logs received before configuration. Dropping old logs.
10-18 04:47:21.399 15708 30447 W ProxyAndroidLoggerBackend: Too many Flogger logs received before configuration. Dropping old logs.
10-18 04:47:21.399 15708 30447 W ProxyAndroidLoggerBackend: Too many Flogger logs received before configuration. Dropping old logs.
10-18 04:47:21.405 15708 30451 W ProxyAndroidLoggerBackend: Too many Flogger logs received before configuration. Dropping old logs.
10-18 04:47:21.405 15708 30451 W ProxyAndroidLoggerBackend: Too many Flogger logs received before configuration. Dropping old logs.
10-18 04:47:21.407  1870  3343 D BatteryStatsService: noteVideoSurfaceChanged  noteWhich: 49,arg1: 970, arg2: 825, arg3: 15708, arg4: 2873, name: com.a1taxi.a1taxicustomer
10-18 04:47:21.411 15708 30451 W ProxyAndroidLoggerBackend: Too many Flogger logs received before configuration. Dropping old logs.
10-18 04:47:21.411 15708 30451 W ProxyAndroidLoggerBackend: Too many Flogger logs received before configuration. Dropping old logs.
10-18 04:47:21.413 15708 30447 W ProxyAndroidLoggerBackend: Too many Flogger logs received before configuration. Dropping old logs.
10-18 04:47:21.413 15708 30447 W ProxyAndroidLoggerBackend: Too many Flogger logs received before configuration. Dropping old logs.
10-18 04:47:21.417 15708 30451 W ProxyAndroidLoggerBackend: Too many Flogger logs received before configuration. Dropping old logs.
10-18 04:47:21.418 15708 30451 W ProxyAndroidLoggerBackend: Too many Flogger logs received before configuration. Dropping old logs.
10-18 04:47:21.420 15708 30447 W ProxyAndroidLoggerBackend: Too many Flogger logs received before configuration. Dropping old logs.
10-18 04:47:21.420 15708 30447 W ProxyAndroidLoggerBackend: Too many Flogger logs received before configuration. Dropping old logs.
10-18 04:47:21.423 15708 30451 W ProxyAndroidLoggerBackend: Too many Flogger logs received before configuration. Dropping old logs.
10-18 04:47:21.423 15708 30451 W ProxyAndroidLoggerBackend: Too many Flogger logs received before configuration. Dropping old logs.
10-18 04:47:21.433 15708 19060 I ReactNativeJS: '📡 [REALTIME] Ride subscription status for ab10282a-8c94-44dc-a563-7cbdaa1f2152:', 'SUBSCRIBED'
10-18 04:47:21.433 15708 30447 W ProxyAndroidLoggerBackend: Too many Flogger logs received before configuration. Dropping old logs.
10-18 04:47:21.433 15708 30447 W ProxyAndroidLoggerBackend: Too many Flogger logs received before configuration. Dropping old logs.
10-18 04:47:21.434 15708 30449 W ProxyAndroidLoggerBackend: Too many Flogger logs received before configuration. Dropping old logs.
10-18 04:47:21.434 15708 30449 W ProxyAndroidLoggerBackend: Too many Flogger logs received before configuration. Dropping old logs.
10-18 04:47:21.546 15708 30449 W ProxyAndroidLoggerBackend: Too many Flogger logs received before configuration. Dropping old logs.
10-18 04:47:21.546 15708 30449 W ProxyAndroidLoggerBackend: Too many Flogger logs received before configuration. Dropping old logs.
10-18 04:47:21.561 15708 30457 W ProxyAndroidLoggerBackend: Too many Flogger logs received before configuration. Dropping old logs.
10-18 04:47:21.561 15708 30457 W ProxyAndroidLoggerBackend: Too many Flogger logs received before configuration. Dropping old logs.
10-18 04:47:21.562 15708 30457 W ProxyAndroidLoggerBackend: Too many Flogger logs received before configuration. Dropping old logs.
10-18 04:47:21.577 15708 30457 W ProxyAndroidLoggerBackend: Too many Flogger logs received before configuration. Dropping old logs.
10-18 04:47:21.578 15708 30457 W ProxyAndroidLoggerBackend: Too many Flogger logs received before configuration. Dropping old logs.
10-18 04:47:21.578 15708 30457 W ProxyAndroidLoggerBackend: Too many Flogger logs received before configuration. Dropping old logs.
10-18 04:47:21.578 15708 30457 W ProxyAndroidLoggerBackend: Too many Flogger logs received before configuration. Dropping old logs.
10-18 04:47:21.579 15708 30457 W ProxyAndroidLoggerBackend: Too many Flogger logs received before configuration. Dropping old logs.
10-18 04:47:21.580 15708 30457 W ProxyAndroidLoggerBackend: Too many Flogger logs received before configuration. Dropping old logs.
10-18 04:47:21.580 15708 30454 W ProxyAndroidLoggerBackend: Too many Flogger logs received before configuration. Dropping old logs.
10-18 04:47:21.580 15708 30457 W ProxyAndroidLoggerBackend: Too many Flogger logs received before configuration. Dropping old logs.
10-18 04:47:21.580 15708 30457 W ProxyAndroidLoggerBackend: Too many Flogger logs received before configuration. Dropping old logs.
10-18 04:47:21.580 15708 30457 W ProxyAndroidLoggerBackend: Too many Flogger logs received before configuration. Dropping old logs.
10-18 04:47:21.580 15708 30457 W ProxyAndroidLoggerBackend: Too many Flogger logs received before configuration. Dropping old logs.
10-18 04:47:21.581 15708 30457 W ProxyAndroidLoggerBackend: Too many Flogger logs received before configuration. Dropping old logs.
10-18 04:47:21.581 15708 30457 W ProxyAndroidLoggerBackend: Too many Flogger logs received before configuration. Dropping old logs.
10-18 04:47:21.581 15708 30457 W ProxyAndroidLoggerBackend: Too many Flogger logs received before configuration. Dropping old logs.
10-18 04:47:21.581 15708 30457 W ProxyAndroidLoggerBackend: Too many Flogger logs received before configuration. Dropping old logs.
10-18 04:47:21.581 15708 30457 W ProxyAndroidLoggerBackend: Too many Flogger logs received before configuration. Dropping old logs.
10-18 04:47:21.581 15708 30457 W ProxyAndroidLoggerBackend: Too many Flogger logs received before configuration. Dropping old logs.
10-18 04:47:21.581 15708 30457 W ProxyAndroidLoggerBackend: Too many Flogger logs received before configuration. Dropping old logs.
10-18 04:47:21.606 16422 16422 I bmyq    : (REDACTED) onApplyWindowInsets: systemWindowInsets=%s
10-18 04:47:21.607 16422 16422 I bmyq    : (REDACTED) onApplyWindowInsets: systemWindowInsets=%s
10-18 04:47:21.632  5589  5589 I GoogleInputMethodService: GoogleInputMethodService.onFinishInput():2085 
10-18 04:47:21.634  5589  5589 I Module  : DeviceLockedStatusModuleProvider$Module.updateDeviceLockedStatus():100 repeatCheckTimes = 0, locked = false
10-18 04:47:21.634  5589  5589 I GoogleInputMethodService: GoogleInputMethodService.onStartInput():1346 onStartInput(EditorInfo{EditorInfo{packageName=com.android.launcher3, inputType=0, inputTypeString=NULL, enableLearning=false, autoCorrection=false, autoComplete=false, imeOptions=0, privateImeOptions=null, actionName=UNSPECIFIED, actionLabel=null, initialSelStart=-1, initialSelEnd=-1, initialCapsMode=0, label=null, fieldId=0, fieldName=null, extras=null, hintText=null, hintLocales=[]}}, false)
10-18 04:47:21.635  5589  5589 I Module  : DeviceLockedStatusModuleProvider$Module.updateDeviceLockedStatus():100 repeatCheckTimes = 1, locked = false
10-18 04:47:21.659 15708 19060 I ReactNativeJNI: Memory warning (pressure level: TRIM_MEMORY_UI_HIDDEN) received by JS VM, ignoring because it's non-severe
10-18 04:47:21.667 15708 19060 I ReactNativeJS: '✅ Proxy response received:', 'OK'
10-18 04:47:21.668 15708 19060 I ReactNativeJS: '✅ [GOOGLE-MAPS] Directions retrieved:', { distance: '10.6 km',
10-18 04:47:21.668 15708 19060 I ReactNativeJS:   duration: '16 mins',
10-18 04:47:21.668 15708 19060 I ReactNativeJS:   distance_km: '10.56',
10-18 04:47:21.668 15708 19060 I ReactNativeJS:   duration_min: '15.5',
10-18 04:47:21.668 15708 19060 I ReactNativeJS:   source: 'Google Directions API' }
10-18 04:47:21.669 15708 19060 I ReactNativeJS: '✅ Got directions from Google API:', { distance: { text: '10.6 km', value: 10556 },
10-18 04:47:21.669 15708 19060 I ReactNativeJS:   duration: { text: '16 mins', value: 930 },
10-18 04:47:21.669 15708 19060 I ReactNativeJS:   polyline: { points: '_~xlA}d`zMp@NZ{@\\cAoAa@^iBHWAQAS?K@MHM`@I`@sEP_DgHJkDJoA?o@CM@GB]A}ASeEmA{Cy@yIkBgB]wBk@sBc@yAa@SIWQy@y@q@s@a@Uq@Yq@S}@OeAS{A]o@Wy@e@s@c@gAo@cC{A_CuAiDiB]O_CeAcCiAiAi@cBeAk@_@aCuAUM_Bm@mC}@mDcAeCy@}As@oBiAMQeAm@u@e@kEkCiAo@mGsCmCqAuBgAqBkAcDsBeCwAiDsBeB_AUCsDyAw@]SOyJyDeAk@}AaAqB_AmCeAwD{AgDyAsAq@kHiDaCmAoE{B_C_AsCeAsA_@s@MwEw@aCg@_C]kC[e@IyCw@{A[a@KgBYiDg@qBOoF{@WG}A[kAO{AEqFQcACwCSwAQwDs@_BQa@Ca@CqCYsAA}APmCn@e@BgBCk@F[CcAByAJuABiAIUEgBk@}Bw@yDoAiC}@oB{@}L_FaG_CmBm@{C{@[?uAa@gIaCuA[eASi@EyCc@cD[eDUgGS]KSCk@OqB{@wBkAq@c@_CwAq@k@a@s@c@iAOSSOk@UwAo@iA_@[Ew@AaCA' } }
10-18 04:47:21.690  1870  3647 D BatteryStatsService: noteVideoSurfaceChanged  noteWhich: 49,arg1: -1, arg2: -1, arg3: 15708, arg4: 2649, name: com.a1taxi.a1taxicustomer
10-18 04:47:21.690 15708 15708 D BufferQueueConsumer: [SurfaceTexture-0-15708-10](id:3d5c00000019,api:0,p:-1,c:15708) disconnect
10-18 04:47:21.691 15708 19060 I ReactNativeJS: '✅ Proxy response received:', 'OK'
10-18 04:47:21.691 15708 19060 I ReactNativeJS: '✅ [GOOGLE-MAPS] Directions retrieved:', { distance: '10.6 km',
10-18 04:47:21.691 15708 19060 I ReactNativeJS:   duration: '16 mins',
10-18 04:47:21.691 15708 19060 I ReactNativeJS:   distance_km: '10.56',
10-18 04:47:21.691 15708 19060 I ReactNativeJS:   duration_min: '15.5',
10-18 04:47:21.691 15708 19060 I ReactNativeJS:   source: 'Google Directions API' }
10-18 04:47:21.692 15708 19060 I ReactNativeJS: '✅ Got directions from Google API:', { distance: { text: '10.6 km', value: 10556 },
10-18 04:47:21.692 15708 19060 I ReactNativeJS:   duration: { text: '16 mins', value: 930 },
10-18 04:47:21.692 15708 19060 I ReactNativeJS:   polyline: { points: '_~xlA}d`zMp@NZ{@\\cAoAa@^iBHWAQAS?K@MHM`@I`@sEP_DgHJkDJoA?o@CM@GB]A}ASeEmA{Cy@yIkBgB]wBk@sBc@yAa@SIWQy@y@q@s@a@Uq@Yq@S}@OeAS{A]o@Wy@e@s@c@gAo@cC{A_CuAiDiB]O_CeAcCiAiAi@cBeAk@_@aCuAUM_Bm@mC}@mDcAeCy@}As@oBiAMQeAm@u@e@kEkCiAo@mGsCmCqAuBgAqBkAcDsBeCwAiDsBeB_AUCsDyAw@]SOyJyDeAk@}AaAqB_AmCeAwD{AgDyAsAq@kHiDaCmAoE{B_C_AsCeAsA_@s@MwEw@aCg@_C]kC[e@IyCw@{A[a@KgBYiDg@qBOoF{@WG}A[kAO{AEqFQcACwCSwAQwDs@_BQa@Ca@CqCYsAA}APmCn@e@BgBCk@F[CcAByAJuABiAIUEgBk@}Bw@yDoAiC}@oB{@}L_FaG_CmBm@{C{@[?uAa@gIaCuA[eASi@EyCc@cD[eDUgGS]KSCk@OqB{@wBkAq@c@_CwAq@k@a@s@c@iAOSSOk@UwAo@iA_@[Ew@AaCA' } }
10-18 04:47:21.698 15708 30453 W ProxyAndroidLoggerBackend: Too many Flogger logs received before configuration. Dropping old logs.
10-18 04:47:21.714  1870  3647 D BatteryStatsService: noteVideoSurfaceChanged  noteWhich: 49,arg1: -2, arg2: -1, arg3: 15708, arg4: 2873, name: com.a1taxi.a1taxicustomer
10-18 04:47:21.722 15708 19040 D BLASTBufferQueue: [VRI[MainActivity]#14](f:0,a:4) destructor()
10-18 04:47:21.722 15708 19040 D BufferQueueConsumer: [VRI[MainActivity]#14(BLAST Consumer)14](id:3d5c00000017,api:0,p:-1,c:15708) disconnect
10-18 04:47:21.729 15708 15708 D ViewRootImpl: AppSizeAfterRelayout, size: Point(1080, 2392), rotation: ROTATION_0
10-18 04:47:22.566 27157 27157 I BackgroundFetchTaskConsumer: Stopping an alarm for task 'background-fetch-task'.
10-18 04:47:22.572 27157 29257 I ReactNativeJS: 🔄 Auto-refreshing rides (2-second interval)...
10-18 04:47:22.572 27157 29257 I ReactNativeJS: === LOADING RIDES ===
10-18 04:47:22.572 27157 29257 I ReactNativeJS: 'Driver ID:', '76b66a88-dff9-4965-9e36-8a92023f155d'
10-18 04:47:22.572 27157 29257 I ReactNativeJS: 'Driver User ID:', 'ae53a792-6aed-4186-823d-61c34c6defe2'
10-18 04:47:22.589 27157 29257 I ReactNativeJS: 🔍 Loading current ride...
10-18 04:47:22.589 27157 27157 D ViewRootImpl: AppSizeAfterRelayout, size: Point(1080, 2392), rotation: ROTATION_0
10-18 04:47:22.590 27157 27157 D BufferQueueConsumer: [](id:6a1500000005,api:0,p:-1,c:27157) connect: controlledByApp=false
10-18 04:47:22.591 27157 27157 D BLASTBufferQueue: [VRI[MainActivity]#5](f:0,a:0) constructor()
10-18 04:47:22.591 27157 27157 D BLASTBufferQueue: [VRI[MainActivity]#5](f:0,a:0) update width=1080 height=2392 format=-1 mTransformHint=0
10-18 04:47:22.601 27157 29257 I ReactNativeJS: === RIDES SCREEN STATE DEBUG ===
10-18 04:47:22.601 27157 29257 I ReactNativeJS: 🔄 Component state updated:
10-18 04:47:22.601 27157 29257 I ReactNativeJS: '  - Current ride:', 'null'
10-18 04:47:22.601 27157 29257 I ReactNativeJS: '  - Pending rides count:', 0
10-18 04:47:22.601 27157 29257 I ReactNativeJS: '  - Driver status:', 'online'
10-18 04:47:22.601 27157 29257 I ReactNativeJS: '  - Loading:', true
10-18 04:47:22.601 27157 29257 I ReactNativeJS: '  - Error:', null
10-18 04:47:22.601 27157 29257 I ReactNativeJS: '  - Show modal:', false
10-18 04:47:22.601 27157 29257 I ReactNativeJS: '  - Timestamp:', '2025-10-17T23:17:22.601Z'
10-18 04:47:22.602 27157 29257 I ReactNativeJS: ❌ NO CURRENT RIDE - showing empty state
10-18 04:47:22.606 16422 16422 I bmyq    : (REDACTED) onApplyWindowInsets: systemWindowInsets=%s
10-18 04:47:22.606 16422 16422 I bmyq    : (REDACTED) onApplyWindowInsets: systemWindowInsets=%s
10-18 04:47:22.639 27157 29232 D BLASTBufferQueue: [VRI[MainActivity]#5](f:0,a:1) acquireNextBufferLocked size=1080x2392 mFrameNumber=1 applyTransaction=true mTimestamp=576721861335143(auto) mPendingTransactions.size=0 graphicBufferId=116638426857510 transform=0
10-18 04:47:22.661 27157 27157 V ImeFocusController: onWindowFocus: com.android.internal.policy.DecorView{e311d29 V.E...... R......D 0,0-1080,2392 aid=0}[MainActivity] softInputMode=STATE_UNSPECIFIED|ADJUST_RESIZE|IS_FORWARD_NAVIGATION
10-18 04:47:22.664 16422 16422 I bnew    : onPause
10-18 04:47:22.664  5589  5589 I GoogleInputMethodService: GoogleInputMethodService.onFinishInput():2085 
10-18 04:47:22.665  5589  5589 I Module  : DeviceLockedStatusModuleProvider$Module.updateDeviceLockedStatus():100 repeatCheckTimes = 0, locked = false
10-18 04:47:22.665  5589  5589 I GoogleInputMethodService: GoogleInputMethodService.onStartInput():1346 onStartInput(EditorInfo{EditorInfo{packageName=com.a1taxi.driverpro, inputType=0, inputTypeString=NULL, enableLearning=false, autoCorrection=false, autoComplete=false, imeOptions=0, privateImeOptions=null, actionName=UNSPECIFIED, actionLabel=null, initialSelStart=-1, initialSelEnd=-1, initialCapsMode=0, label=null, fieldId=0, fieldName=null, extras=null, hintText=null, hintLocales=[]}}, false)
10-18 04:47:22.666  5589  5589 I Module  : DeviceLockedStatusModuleProvider$Module.updateDeviceLockedStatus():100 repeatCheckTimes = 1, locked = false
10-18 04:47:22.692 16422  5532 V ClearcutMetricXmitter: Transmission is done.
10-18 04:47:22.825 27157 29257 I ReactNativeJS: '✅ Current ride loaded:', 'none'
10-18 04:47:22.825 27157 29257 I ReactNativeJS: 🔍 Loading pending ride notifications...
10-18 04:47:22.998  8424  8450 I native  : I0000 00:00:1760743042.998088    8450 soda_async_impl.cc:1377] Current audio timestamp: 1760743042891363
10-18 04:47:23.037  8424  8459 W ProxyAndroidLoggerBackend: Too many Flogger logs received before configuration. Dropping old logs.
10-18 04:47:23.109 16422 16422 D VRI[Launcher]: visibilityChanged oldVisibility=true newVisibility=false
10-18 04:47:23.133 16422 16422 D ViewRootImpl: AppSizeAfterRelayout, size: Point(1080, 2392), rotation: ROTATION_0
10-18 04:47:23.133 16422 16422 D BLASTBufferQueue: [VRI[Launcher]#382](f:0,a:3) destructor()
10-18 04:47:23.133 16422 16422 D BufferQueueConsumer: [VRI[Launcher]#382(BLAST Consumer)382](id:40260000017e,api:0,p:-1,c:16422) disconnect
10-18 04:47:23.150 16422 16422 I bnew    : onStop
10-18 04:47:23.508 27157 29257 I ReactNativeJS: 📋 Found 0 unread ride notifications
10-18 04:47:23.516 27157 29257 I ReactNativeJS: ✅ No pending ride notifications
10-18 04:47:23.516 27157 29257 I ReactNativeJS: === RIDES SCREEN STATE DEBUG ===
10-18 04:47:23.516 27157 29257 I ReactNativeJS: 🔄 Component state updated:
10-18 04:47:23.516 27157 29257 I ReactNativeJS: '  - Current ride:', 'null'
10-18 04:47:23.516 27157 29257 I ReactNativeJS: '  - Pending rides count:', 0
10-18 04:47:23.516 27157 29257 I ReactNativeJS: '  - Driver status:', 'online'
10-18 04:47:23.516 27157 29257 I ReactNativeJS: '  - Loading:', true
10-18 04:47:23.516 27157 29257 I ReactNativeJS: '  - Error:', null
10-18 04:47:23.516 27157 29257 I ReactNativeJS: '  - Show modal:', false
10-18 04:47:23.516 27157 29257 I ReactNativeJS: '  - Timestamp:', '2025-10-17T23:17:23.516Z'
10-18 04:47:23.516 27157 29257 I ReactNativeJS: ❌ NO CURRENT RIDE - showing empty state
10-18 04:47:23.516 27157 29257 I ReactNativeJS: === RIDE REQUEST MODAL LOGIC DEBUG ===
10-18 04:47:23.516 27157 29257 I ReactNativeJS: 🔄 Checking if should show ride request modal:
10-18 04:47:23.516 27157 29257 I ReactNativeJS: '  - Pending rides:', 0
10-18 04:47:23.516 27157 29257 I ReactNativeJS: '  - Modal already showing:', false
10-18 04:47:23.516 27157 29257 I ReactNativeJS: '  - Driver status:', 'online'
10-18 04:47:23.516 27157 29257 I ReactNativeJS: '  - Has current ride:', false
10-18 04:47:23.516 27157 29257 I ReactNativeJS: ❌ NOT SHOWING MODAL - reasons:
10-18 04:47:23.517 27157 29257 I ReactNativeJS: '🚗 Analysis:', { pendingRidesCount: 0,
10-18 04:47:23.517 27157 29257 I ReactNativeJS:   modalAlreadyShowing: false,
10-18 04:47:23.517 27157 29257 I ReactNativeJS:   driverStatus: 'online',
10-18 04:47:23.517 27157 29257 I ReactNativeJS:   hasCurrentRide: false }
10-18 04:47:23.520 27157 29257 I ReactNativeJS: === RIDES SCREEN STATE DEBUG ===
10-18 04:47:23.520 27157 29257 I ReactNativeJS: 🔄 Component state updated:
10-18 04:47:23.520 27157 29257 I ReactNativeJS: '  - Current ride:', 'null'
10-18 04:47:23.520 27157 29257 I ReactNativeJS: '  - Pending rides count:', 0
10-18 04:47:23.520 27157 29257 I ReactNativeJS: '  - Driver status:', 'online'
10-18 04:47:23.520 27157 29257 I ReactNativeJS: '  - Loading:', false
10-18 04:47:23.520 27157 29257 I ReactNativeJS: '  - Error:', null
10-18 04:47:23.520 27157 29257 I ReactNativeJS: '  - Show modal:', false
10-18 04:47:23.520 27157 29257 I ReactNativeJS: '  - Timestamp:', '2025-10-17T23:17:23.520Z'
10-18 04:47:23.520 27157 29257 I ReactNativeJS: ❌ NO CURRENT RIDE - showing empty state
10-18 04:47:23.542 27559 27559 I Choreographer: Skipped 119 frames!  The application may be doing too much work on its main thread.
