10-19 16:41:26.746 20641 22493 I ReactNativeJS:   fare_details: 
10-19 16:41:26.746 20641 22493 I ReactNativeJS:    { details: 
10-19 16:41:26.746 20641 22493 I ReactNativeJS:       { extra_km: 6.553000000000001,
10-19 16:41:26.746 20641 22493 I ReactNativeJS:         per_km_rate: 25,
10-19 16:41:26.746 20641 22493 I ReactNativeJS:         minimum_fare: 0,
10-19 16:41:26.746 20641 22493 I ReactNativeJS:         is_inner_zone: false,
10-19 16:41:26.746 20641 22493 I ReactNativeJS:         zone_detected: 'Between Inner and Outer Ring',
10-19 16:41:26.746 20641 22493 I ReactNativeJS:         base_km_included: 4,
10-19 16:41:26.746 20641 22493 I ReactNativeJS:         surge_multiplier: 1,
10-19 16:41:26.746 20641 22493 I ReactNativeJS:         platform_fee_flat: 10,
10-19 16:41:26.746 20641 22493 I ReactNativeJS:         actual_distance_km: 10.553,
10-19 16:41:26.746 20641 22493 I ReactNativeJS:         actual_duration_minutes: 16 },
10-19 16:41:26.746 20641 22493 I ReactNativeJS:      base_fare: 145,
10-19 16:41:26.746 20641 22493 I ReactNativeJS:      time_fare: 0,
10-19 16:41:26.746 20641 22493 I ReactNativeJS:      total_fare: 481,
10-19 16:41:26.746 20641 22493 I ReactNativeJS:      booking_type: 'regular',
10-19 16:41:26.746 20641 22493 I ReactNativeJS:      platform_fee: 10,
10-19 16:41:26.746 20641 22493 I ReactNativeJS:      vehicle_type: 'sedan',
10-19 16:41:26.746 20641 22493 I ReactNativeJS:      distance_fare: 163.82500000000002,
10-19 16:41:26.746 20641 22493 I ReactNativeJS:      surge_charges: 0,
10-19 16:41:26.746 20641 22493 I ReactNativeJS:      gst_on_charges: 22.33254797400457,
10-19 16:41:26.746 20641 22493 I ReactNativeJS:      deadhead_charges: 137.82595948009134,
10-19 16:41:26.746 20641 22493 I ReactNativeJS:      driver_allowance: 0,
10-19 16:41:26.746 20641 22493 I ReactNativeJS:      extra_km_charges: 0,
10-19 16:41:26.746 20641 22493 I ReactNativeJS:      gst_on_platform_fee: 1.7999999999999998 },
10-19 16:41:26.746 20641 22493 I ReactNativeJS:   created_at: '2025-10-19T11:10:33.701185+00:00',
10-19 16:41:26.746 20641 22493 I ReactNativeJS:   updated_at: '2025-10-19T11:10:33.701185+00:00',
10-19 16:41:26.746 20641 22493 I ReactNativeJS:   driver_id: 'eb91d7e5-e2f2-4021-a8c8-3739a3d4cae4',
10-19 16:41:26.746 20641 22493 I ReactNativeJS:   customer_id: 'e95a4f14-8958-49e9-8ede-d81b82a7ba12',
10-19 16:41:26.746 20641 22493 I ReactNativeJS:   trip_type: 'round_trip',
10-19 16:41:26.746 20641 22493 I ReactNativeJS:   pickup_address: 'PRXJ+F32, Brindavan Nagar, Plot 87, NGGO\'s Colony, Anand Nagar, Hosur, Tamil Nadu 635109, India',
10-19 16:41:26.746 20641 22493 I ReactNativeJS:   destination_address: 'Bagalur, Tamil Nadu, India',
10-19 16:41:26.746 20641 22493 I ReactNativeJS:   gst_on_charges: 22.33254797400457,
10-19 16:41:26.746 20641 22493 I ReactNativeJS:   gst_on_platform_fee: 1.7999999999999998,
10-19 16:41:26.746 20641 22493 I ReactNativeJS:   rental_hours: 4,
10-19 16:41:26.746 20641 22493 I ReactNativeJS:   scheduled_time: null,
10-19 16:41:26.746 20641 22493 I ReactNativeJS:   completed_at: '2025-10-19T11:10:32.997+00:00',
10-19 16:41:26.746 20641 22493 I ReactNativeJS:   driver_name: 'john',
10-19 16:41:26.746 20641 22493 I ReactNativeJS:   driver_phone: '',
10-19 16:41:26.746 20641 22493 I ReactNativeJS:   driver_rating: 5,
10-19 16:41:26.746 20641 22493 I ReactNativeJS:   vehicle_id: 'e7591bc7-c083-49f6-b30d-cc0d6964f3a1',
10-19 16:41:26.746 20641 22493 I ReactNativeJS:   vehicle_make: 'Maruti',
10-19 16:41:26.746 20641 22493 I ReactNativeJS:   vehicle_model: 'Ciaz',
10-19 16:41:26.746 20641 22493 I ReactNativeJS:   vehicle_color: 'Silver',
10-19 16:41:26.746 20641 22493 I ReactNativeJS:   vehicle_license_plate: 'KA51MN1111' }
10-19 16:41:26.746 20641 22493 I ReactNativeJS: '🎯 [TRIP_NOTIFICATION] Component mounted, notifications count:', 47
10-19 16:41:26.747 20641 22493 I ReactNativeJS: '✅ [TRIP_NOTIFICATION] Rendering modal with notification:', { id: '60edca3e-f6e6-431b-a570-7a65e6d0f978',
10-19 16:41:26.747 20641 22493 I ReactNativeJS:   user_id: 'e95a4f14-8958-49e9-8ede-d81b82a7ba12',
10-19 16:41:26.747 20641 22493 I ReactNativeJS:   type: 'ride_completed',
10-19 16:41:26.747 20641 22493 I ReactNativeJS:   title: 'Trip Completed',
10-19 16:41:26.747 20641 22493 I ReactNativeJS:   message: 'Your ride has been completed successfully.',
10-19 16:41:26.747 20641 22493 I ReactNativeJS:   data: 
10-19 16:41:26.747 20641 22493 I ReactNativeJS:    { ride_id: '2dd64223-9cba-4fba-a2cc-bc6af646c2d4',
10-19 16:41:26.747 20641 22493 I ReactNativeJS:      fare_amount: 481 },
10-19 16:41:26.747 20641 22493 I ReactNativeJS:   status: 'unread',
10-19 16:41:26.747 20641 22493 I ReactNativeJS:   created_at: '2025-10-19T11:05:17.021812+00:00',
10-19 16:41:26.747 20641 22493 I ReactNativeJS:   updated_at: '2025-10-19T11:05:17.021812+00:00',
10-19 16:41:26.747 20641 22493 I ReactNativeJS:   expires_at: null }
10-19 16:41:26.758 20641 22493 I ReactNativeJS: '🎯 [TRIP_NOTIFICATION] Component mounted, notifications count:', 47
10-19 16:41:26.758 20641 22493 I ReactNativeJS: '✅ [TRIP_NOTIFICATION] Rendering modal with notification:', { id: '60edca3e-f6e6-431b-a570-7a65e6d0f978',
10-19 16:41:26.758 20641 22493 I ReactNativeJS:   user_id: 'e95a4f14-8958-49e9-8ede-d81b82a7ba12',
10-19 16:41:26.758 20641 22493 I ReactNativeJS:   type: 'ride_completed',
10-19 16:41:26.758 20641 22493 I ReactNativeJS:   title: 'Trip Completed',
10-19 16:41:26.758 20641 22493 I ReactNativeJS:   message: 'Your ride has been completed successfully.',
10-19 16:41:26.758 20641 22493 I ReactNativeJS:   data: 
10-19 16:41:26.758 20641 22493 I ReactNativeJS:    { ride_id: '2dd64223-9cba-4fba-a2cc-bc6af646c2d4',
10-19 16:41:26.758 20641 22493 I ReactNativeJS:      fare_amount: 481 },
10-19 16:41:26.758 20641 22493 I ReactNativeJS:   status: 'unread',
10-19 16:41:26.758 20641 22493 I ReactNativeJS:   created_at: '2025-10-19T11:05:17.021812+00:00',
10-19 16:41:26.758 20641 22493 I ReactNativeJS:   updated_at: '2025-10-19T11:05:17.021812+00:00',
10-19 16:41:26.758 20641 22493 I ReactNativeJS:   expires_at: null }
10-19 16:41:26.880 20641 22493 I ReactNativeJS: '🔍 [RIDES] ✅ Total active rides found:', { total: 1,
10-19 16:41:26.880 20641 22493 I ReactNativeJS:   regular_rides: 1,
10-19 16:41:26.880 20641 22493 I ReactNativeJS:   scheduled_bookings: 0,
10-19 16:41:26.880 20641 22493 I ReactNativeJS:   rides_summary: 
10-19 16:41:26.880 20641 22493 I ReactNativeJS:    [ { id: 'ad5b23e8-48fd-43e2-ab34-6c9a961e49f9',
10-19 16:41:26.880 20641 22493 I ReactNativeJS:        type: 'regular',
10-19 16:41:26.880 20641 22493 I ReactNativeJS:        booking_type: 'regular',
10-19 16:41:26.880 20641 22493 I ReactNativeJS:        status: 'driver_arrived' } ] }
10-19 16:41:26.881 20641 22493 I ReactNativeJS: 🧹 [RIDES] Cleaning up subscriptions
10-19 16:41:26.881 20641 22493 I ReactNativeJS: '🎯 [RIDES] Auto-selecting accepted ride for tracking:', 'ad5b23e8-48fd-43e2-ab34-6c9a961e49f9'
10-19 16:41:26.881 20641 22493 I ReactNativeJS: '📡 [RIDES] Subscribing to ride updates:', 'ad5b23e8-48fd-43e2-ab34-6c9a961e49f9'
10-19 16:41:26.881 20641 22493 I ReactNativeJS: 🔄 [REALTIME] Unsubscribing from existing channel: ride_ad5b23e8-48fd-43e2-ab34-6c9a961e49f9
10-19 16:41:26.881 20641 22493 I ReactNativeJS: '📡 [REALTIME] Ride subscription status for ad5b23e8-48fd-43e2-ab34-6c9a961e49f9:', 'CLOSED'
10-19 16:41:26.881 20641 22493 I ReactNativeJS: 📡 [REALTIME] Setting up subscription for ride: ad5b23e8-48fd-43e2-ab34-6c9a961e49f9
10-19 16:41:26.882 20641 22493 I ReactNativeJS: '📍 [RIDES] Subscribing to driver location for driver_id:', 'eb91d7e5-e2f2-4021-a8c8-3739a3d4cae4'
10-19 16:41:26.883  7096  7120 I native  : I0000 00:00:1760872286.883222    7120 soda_async_impl.cc:1383] Current audio timestamp: 1760872286785968
10-19 16:41:26.903 20641 22493 I ReactNativeJS: '🔍 [RIDES] Selected ride details:', { id: 'ad5b23e8-48fd-43e2-ab34-6c9a961e49f9',
10-19 16:41:26.903 20641 22493 I ReactNativeJS:   status: 'driver_arrived',
10-19 16:41:26.903 20641 22493 I ReactNativeJS:   driver_id: 'eb91d7e5-e2f2-4021-a8c8-3739a3d4cae4',
10-19 16:41:26.903 20641 22493 I ReactNativeJS:   assigned_driver_id: undefined,
10-19 16:41:26.903 20641 22493 I ReactNativeJS:   isScheduledBooking: undefined,
10-19 16:41:26.903 20641 22493 I ReactNativeJS:   pickup: { lat: 12.748695, lng: 77.8299949 },
10-19 16:41:26.903 20641 22493 I ReactNativeJS:   destination: { lat: 12.8303987, lng: 77.8662369 } }
10-19 16:41:26.903 20641 22493 I ReactNativeJS: '🔍 [RIDES] Using driver_id for tracking:', 'eb91d7e5-e2f2-4021-a8c8-3739a3d4cae4'
10-19 16:41:26.904 20641 22493 I ReactNativeJS: '🟢 [GPS-TRACKING] Starting real-time GPS tracking:', { rideId: 'ad5b23e8-48fd-43e2-ab34-6c9a961e49f9',
10-19 16:41:26.904 20641 22493 I ReactNativeJS:   driverId: 'eb91d7e5-e2f2-4021-a8c8-3739a3d4cae4',
10-19 16:41:26.904 20641 22493 I ReactNativeJS:   timestamp: '2025-10-19T11:11:26.904Z' }
10-19 16:41:26.904 20641 22493 I ReactNativeJS: 📍 [GPS-TRACKING] Fetching initial driver location...
10-19 16:41:26.955 20641 22493 I ReactNativeJS: '✅ [TRIP_NOTIFICATION] Fare breakdown fetched:', { id: '7abe2a14-a482-43f4-b1e6-d8ecd4da6800',
10-19 16:41:26.955 20641 22493 I ReactNativeJS:   ride_id: '2dd64223-9cba-4fba-a2cc-bc6af646c2d4',
10-19 16:41:26.955 20641 22493 I ReactNativeJS:   booking_type: 'regular',
10-19 16:41:26.955 20641 22493 I ReactNativeJS:   vehicle_type: 'sedan',
10-19 16:41:26.955 20641 22493 I ReactNativeJS:   actual_distance_km: 10.56,
10-19 16:41:26.955 20641 22493 I ReactNativeJS:   actual_duration_minutes: 16,
10-19 16:41:26.955 20641 22493 I ReactNativeJS:   base_fare: 145,
10-19 16:41:26.955 20641 22493 I ReactNativeJS:   distance_fare: 164,
10-19 16:41:26.955 20641 22493 I ReactNativeJS:   time_fare: 0,
10-19 16:41:26.955 20641 22493 I ReactNativeJS:   surge_charges: 0,
10-19 16:41:26.955 20641 22493 I ReactNativeJS:   deadhead_charges: 137.83,
10-19 16:41:26.955 20641 22493 I ReactNativeJS:   platform_fee: 10,
10-19 16:41:26.955 20641 22493 I ReactNativeJS:   extra_km_charges: 0,
10-19 16:41:26.955 20641 22493 I ReactNativeJS:   driver_allowance: 0,
10-19 16:41:26.955 20641 22493 I ReactNativeJS:   total_fare: 481,
10-19 16:41:26.955 20641 22493 I ReactNativeJS:   fare_details: 
10-19 16:41:26.955 20641 22493 I ReactNativeJS:    { details: 
10-19 16:41:26.955 20641 22493 I ReactNativeJS:       { extra_km: 6.5600000000000005,
10-19 16:41:26.955 20641 22493 I ReactNativeJS:         per_km_rate: 25,
10-19 16:41:26.955 20641 22493 I ReactNativeJS:         minimum_fare: 0,
10-19 16:41:26.955 20641 22493 I ReactNativeJS:         is_inner_zone: false,
10-19 16:41:26.955 20641 22493 I ReactNativeJS:         zone_detected: 'Between Inner and Outer Ring',
10-19 16:41:26.955 20641 22493 I ReactNativeJS:         base_km_included: 4,
10-19 16:41:26.955 20641 22493 I ReactNativeJS:         surge_multiplier: 1,
10-19 16:41:26.955 20641 22493 I ReactNativeJS:         platform_fee_flat: 10,
10-19 16:41:26.955 20641 22493 I ReactNativeJS:         actual_distance_km: 10.56,
10-19 16:41:26.955 20641 22493 I ReactNativeJS:         actual_duration_minutes: 16 },
10-19 16:41:26.955 20641 22493 I ReactNativeJS:      base_fare: 145,
10-19 16:41:26.955 20641 22493 I ReactNativeJS:      time_fare: 0,
10-19 16:41:26.955 20641 22493 I ReactNativeJS:      total_fare: 481,
10-19 16:41:26.955 20641 22493 I ReactNativeJS:      booking_type: 'regular',
10-19 16:41:26.955 20641 22493 I ReactNativeJS:      platform_fee: 10,
10-19 16:41:26.955 20641 22493 I ReactNativeJS:      vehicle_type: 'sedan',
10-19 16:41:26.955 20641 22493 I ReactNativeJS:      distance_fare: 164,
10-19 16:41:26.955 20641 22493 I ReactNativeJS:      surge_charges: 0,
10-19 16:41:26.955 20641 22493 I ReactNativeJS:      gst_on_charges: 22.34129797400457,
10-19 16:41:26.955 20641 22493 I ReactNativeJS:      deadhead_charges: 137.82595948009134,
10-19 16:41:26.955 20641 22493 I ReactNativeJS:      driver_allowance: 0,
10-19 16:41:26.955 20641 22493 I ReactNativeJS:      extra_km_charges: 0,
10-19 16:41:26.955 20641 22493 I ReactNativeJS:      gst_on_platform_fee: 1.7999999999999998 },
10-19 16:41:26.955 20641 22493 I ReactNativeJS:   created_at: '2025-10-19T11:05:15.613987+00:00',
10-19 16:41:26.955 20641 22493 I ReactNativeJS:   updated_at: '2025-10-19T11:05:15.613987+00:00',
10-19 16:41:26.955 20641 22493 I ReactNativeJS:   driver_id: 'eb91d7e5-e2f2-4021-a8c8-3739a3d4cae4',
10-19 16:41:26.955 20641 22493 I ReactNativeJS:   customer_id: 'e95a4f14-8958-49e9-8ede-d81b82a7ba12',
10-19 16:41:26.955 20641 22493 I ReactNativeJS:   trip_type: 'round_trip',
10-19 16:41:26.955 20641 22493 I ReactNativeJS:   pickup_address: 'PRXJ+F32, Brindavan Nagar, Plot 87, NGGO\'s Colony, Anand Nagar, Hosur, Tamil Nadu 635109, India',
10-19 16:41:26.955 20641 22493 I ReactNativeJS:   destination_address: 'Bagalur, Tamil Nadu, India',
10-19 16:41:26.955 20641 22493 I ReactNativeJS:   gst_on_charges: 22.34129797400457,
10-19 16:41:26.955 20641 22493 I ReactNativeJS:   gst_on_platform_fee: 1.7999999999999998,
10-19 16:41:26.955 20641 22493 I ReactNativeJS:   rental_hours: 4,
10-19 16:41:26.955 20641 22493 I ReactNativeJS:   scheduled_time: null,
10-19 16:41:26.955 20641 22493 I ReactNativeJS:   completed_at: '2025-10-19T11:05:14.849+00:00',
10-19 16:41:26.955 20641 22493 I ReactNativeJS:   driver_name: 'john',
10-19 16:41:26.955 20641 22493 I ReactNativeJS:   driver_phone: '',
10-19 16:41:26.955 20641 22493 I ReactNativeJS:   driver_rating: 5,
10-19 16:41:26.955 20641 22493 I ReactNativeJS:   vehicle_id: 'e7591bc7-c083-49f6-b30d-cc0d6964f3a1',
10-19 16:41:26.955 20641 22493 I ReactNativeJS:   vehicle_make: 'Maruti',
10-19 16:41:26.955 20641 22493 I ReactNativeJS:   vehicle_model: 'Ciaz',
10-19 16:41:26.955 20641 22493 I ReactNativeJS:   vehicle_color: 'Silver',
10-19 16:41:26.955 20641 22493 I ReactNativeJS:   vehicle_license_plate: 'KA51MN1111' }
10-19 16:41:26.955 20641 22493 I ReactNativeJS: '🎯 [TRIP_NOTIFICATION] Component mounted, notifications count:', 47
10-19 16:41:26.956 20641 22493 I ReactNativeJS: '✅ [TRIP_NOTIFICATION] Rendering modal with notification:', { id: '60edca3e-f6e6-431b-a570-7a65e6d0f978',
10-19 16:41:26.956 20641 22493 I ReactNativeJS:   user_id: 'e95a4f14-8958-49e9-8ede-d81b82a7ba12',
10-19 16:41:26.956 20641 22493 I ReactNativeJS:   type: 'ride_completed',
10-19 16:41:26.956 20641 22493 I ReactNativeJS:   title: 'Trip Completed',
10-19 16:41:26.956 20641 22493 I ReactNativeJS:   message: 'Your ride has been completed successfully.',
10-19 16:41:26.956 20641 22493 I ReactNativeJS:   data: 
10-19 16:41:26.956 20641 22493 I ReactNativeJS:    { ride_id: '2dd64223-9cba-4fba-a2cc-bc6af646c2d4',
10-19 16:41:26.956 20641 22493 I ReactNativeJS:      fare_amount: 481 },
10-19 16:41:26.956 20641 22493 I ReactNativeJS:   status: 'unread',
10-19 16:41:26.956 20641 22493 I ReactNativeJS:   created_at: '2025-10-19T11:05:17.021812+00:00',
10-19 16:41:26.956 20641 22493 I ReactNativeJS:   updated_at: '2025-10-19T11:05:17.021812+00:00',
10-19 16:41:26.956 20641 22493 I ReactNativeJS:   expires_at: null }
10-19 16:41:26.965 20641 22493 I ReactNativeJS: '🎯 [TRIP_NOTIFICATION] Component mounted, notifications count:', 47
10-19 16:41:26.965 20641 22493 I ReactNativeJS: '✅ [TRIP_NOTIFICATION] Rendering modal with notification:', { id: '60edca3e-f6e6-431b-a570-7a65e6d0f978',
10-19 16:41:26.965 20641 22493 I ReactNativeJS:   user_id: 'e95a4f14-8958-49e9-8ede-d81b82a7ba12',
10-19 16:41:26.965 20641 22493 I ReactNativeJS:   type: 'ride_completed',
10-19 16:41:26.965 20641 22493 I ReactNativeJS:   title: 'Trip Completed',
10-19 16:41:26.965 20641 22493 I ReactNativeJS:   message: 'Your ride has been completed successfully.',
10-19 16:41:26.965 20641 22493 I ReactNativeJS:   data: 
10-19 16:41:26.965 20641 22493 I ReactNativeJS:    { ride_id: '2dd64223-9cba-4fba-a2cc-bc6af646c2d4',
10-19 16:41:26.965 20641 22493 I ReactNativeJS:      fare_amount: 481 },
10-19 16:41:26.965 20641 22493 I ReactNativeJS:   status: 'unread',
10-19 16:41:26.965 20641 22493 I ReactNativeJS:   created_at: '2025-10-19T11:05:17.021812+00:00',
10-19 16:41:26.965 20641 22493 I ReactNativeJS:   updated_at: '2025-10-19T11:05:17.021812+00:00',
10-19 16:41:26.965 20641 22493 I ReactNativeJS:   expires_at: null }
10-19 16:41:27.002 20641 22493 I ReactNativeJS: '📡 [REALTIME] Ride subscription status for ad5b23e8-48fd-43e2-ab34-6c9a961e49f9:', 'SUBSCRIBED'
10-19 16:41:27.022  7096  7126 W ProxyAndroidLoggerBackend: Too many Flogger logs received before configuration. Dropping old logs.
10-19 16:41:27.072 20641 22493 I ReactNativeJS: '📡 [GPS-TRACKING] Subscription status:', 'SUBSCRIBED'
10-19 16:41:27.072 20641 22493 I ReactNativeJS: ✅ [GPS-TRACKING] Successfully subscribed to driver location updates
10-19 16:41:27.195 20641 22493 I ReactNativeJS: '✅ [RIDES] Initial driver location fetched:', { driver_id: 'eb91d7e5-e2f2-4021-a8c8-3739a3d4cae4',
10-19 16:41:27.195 20641 22493 I ReactNativeJS:   latitude: 12.7287,
10-19 16:41:27.195 20641 22493 I ReactNativeJS:   longitude: 77.8092,
10-19 16:41:27.195 20641 22493 I ReactNativeJS:   heading: 45,
10-19 16:41:27.195 20641 22493 I ReactNativeJS:   speed: 35.5,
10-19 16:41:27.195 20641 22493 I ReactNativeJS:   accuracy: 10,
10-19 16:41:27.195 20641 22493 I ReactNativeJS:   updated_at: '2025-10-11T19:04:29.192807+00:00',
10-19 16:41:27.195 20641 22493 I ReactNativeJS:   created_at: '2025-10-11T19:04:29.192807+00:00' }
10-19 16:41:27.196 20641 22493 I ReactNativeJS: '🗺️ [RIDES] Rendering map with data:', { rideId: 'ad5b23e8-48fd-43e2-ab34-6c9a961e49f9',
10-19 16:41:27.196 20641 22493 I ReactNativeJS:   rideStatus: 'driver_arrived',
10-19 16:41:27.196 20641 22493 I ReactNativeJS:   showDriverToPickupRoute: true,
10-19 16:41:27.196 20641 22493 I ReactNativeJS:   driverLocation: { lat: 12.7287, lng: 77.8092 },
10-19 16:41:27.196 20641 22493 I ReactNativeJS:   pickupLocation: { lat: 12.748695, lng: 77.8299949 },
10-19 16:41:27.196 20641 22493 I ReactNativeJS:   destinationLocation: { lat: 12.8303987, lng: 77.8662369 } }
10-19 16:41:27.196 20641 22493 I ReactNativeJS: '🚗 [RIDES] Driver info for LiveTracking:', { rideId: 'ad5b23e8-48fd-43e2-ab34-6c9a961e49f9',
10-19 16:41:27.196 20641 22493 I ReactNativeJS:   driverName: 'john',
10-19 16:41:27.196 20641 22493 I ReactNativeJS:   hasDrivers: true,
10-19 16:41:27.196 20641 22493 I ReactNativeJS:   hasAssignedDriver: false,
10-19 16:41:27.196 20641 22493 I ReactNativeJS:   driversUsersFullName: 'john',
10-19 16:41:27.196 20641 22493 I ReactNativeJS:   assignedDriverUsersFullName: undefined,
10-19 16:41:27.196 20641 22493 I ReactNativeJS:   driversStructure: 
10-19 16:41:27.196 20641 22493 I ReactNativeJS:    [ 'id',
10-19 16:41:27.196 20641 22493 I ReactNativeJS:      'users',
10-19 16:41:27.196 20641 22493 I ReactNativeJS:      'rating',
10-19 16:41:27.196 20641 22493 I ReactNativeJS:      'status',
10-19 16:41:27.196 20641 22493 I ReactNativeJS:      'user_id',
10-19 16:41:27.196 20641 22493 I ReactNativeJS:      'vehicles',
10-19 16:41:27.196 20641 22493 I ReactNativeJS:      'total_rides',
10-19 16:41:27.196 20641 22493 I ReactNativeJS:      'license_number' ],
10-19 16:41:27.196 20641 22493 I ReactNativeJS:   assignedDriverStructure: null }
10-19 16:41:27.213 20641 22493 I ReactNativeJS: 🗺️🗺️🗺️ [NATIVE-MAP] ===== MAP COMPONENT MOUNTED =====
10-19 16:41:27.213 20641 22493 I ReactNativeJS: '🗺️ [NATIVE-MAP] Initial Region Prop:', { latitude: 12.748695,
10-19 16:41:27.213 20641 22493 I ReactNativeJS:   longitude: 77.8299949,
10-19 16:41:27.213 20641 22493 I ReactNativeJS:   latitudeDelta: 0.05,
10-19 16:41:27.213 20641 22493 I ReactNativeJS:   longitudeDelta: 0.05 }
10-19 16:41:27.213 20641 22493 I ReactNativeJS: '🗺️ [NATIVE-MAP] Using mapRegion state:', { latitude: 12.748695,
10-19 16:41:27.213 20641 22493 I ReactNativeJS:   longitude: 77.8299949,
10-19 16:41:27.213 20641 22493 I ReactNativeJS:   latitudeDelta: 0.05,
10-19 16:41:27.213 20641 22493 I ReactNativeJS:   longitudeDelta: 0.05 }
10-19 16:41:27.213 20641 22493 I ReactNativeJS: '🗺️ [NATIVE-MAP] HOSUR_COORDINATES:', { latitude: 12.7402,
10-19 16:41:27.213 20641 22493 I ReactNativeJS:   longitude: 77.824,
10-19 16:41:27.213 20641 22493 I ReactNativeJS:   latitudeDelta: 0.05,
10-19 16:41:27.213 20641 22493 I ReactNativeJS:   longitudeDelta: 0.05 }
10-19 16:41:27.213 20641 22493 I ReactNativeJS: '🗺️ [NATIVE-MAP] Available Drivers Count:', 0
10-19 16:41:27.213 20641 22493 I ReactNativeJS: '🗺️ [MAP] Props updated:', { showRoute: true,
10-19 16:41:27.213 20641 22493 I ReactNativeJS:   showDriverToPickupRoute: true,
10-19 16:41:27.213 20641 22493 I ReactNativeJS:   hasDriverLocation: true,
10-19 16:41:27.213 20641 22493 I ReactNativeJS:   hasPickupCoords: true,
10-19 16:41:27.213 20641 22493 I ReactNativeJS:   hasDestinationCoords: false,
10-19 16:41:27.213 20641 22493 I ReactNativeJS:   driverLocation: { lat: 12.7287, lng: 77.8092 },
10-19 16:41:27.213 20641 22493 I ReactNativeJS:   pickupCoords: { lat: 12.748695, lng: 77.8299949 },
10-19 16:41:27.213 20641 22493 I ReactNativeJS:   destinationCoords: null }
10-19 16:41:27.213 20641 22493 I ReactNativeJS: '🗺️ Calculating route between:', { latitude: 12.7287, longitude: 77.8092, heading: 45 }, 'and', { latitude: 12.748695, longitude: 77.8299949 }
10-19 16:41:27.214 20641 22493 I ReactNativeJS: '🗺️ [GOOGLE-MAPS] Getting directions from', { lat: 12.7287, lng: 77.8092 }, 'to', { lat: 12.748695, lng: 77.8299949 }
10-19 16:41:27.214 20641 22493 I ReactNativeJS: '🌐 Making proxy request to:', 'https://whubaypabojomdyfqxcf.supabase.co/functions/v1/places-proxy/directions?origin=12.7287%2C77.8092&destination=12.748695%2C77.8299949&mode=driving'
10-19 16:41:27.214 20641 22493 I ReactNativeJS: '🚗 [MAP] Driver location updated:', { latitude: 12.7287, longitude: 77.8092, heading: 45 }
10-19 16:41:27.215 20641 22493 I ReactNativeJS: '🗺️ [RIDES] Rendering map with data:', { rideId: 'ad5b23e8-48fd-43e2-ab34-6c9a961e49f9',
10-19 16:41:27.215 20641 22493 I ReactNativeJS:   rideStatus: 'driver_arrived',
10-19 16:41:27.215 20641 22493 I ReactNativeJS:   showDriverToPickupRoute: true,
10-19 16:41:27.215 20641 22493 I ReactNativeJS:   driverLocation: { lat: 12.7287, lng: 77.8092 },
10-19 16:41:27.215 20641 22493 I ReactNativeJS:   pickupLocation: { lat: 12.748695, lng: 77.8299949 },
10-19 16:41:27.215 20641 22493 I ReactNativeJS:   destinationLocation: { lat: 12.8303987, lng: 77.8662369 } }
10-19 16:41:27.216 20641 22493 I ReactNativeJS: '🚗 [RIDES] Driver info for LiveTracking:', { rideId: 'ad5b23e8-48fd-43e2-ab34-6c9a961e49f9',
10-19 16:41:27.216 20641 22493 I ReactNativeJS:   driverName: 'john',
10-19 16:41:27.216 20641 22493 I ReactNativeJS:   hasDrivers: true,
10-19 16:41:27.216 20641 22493 I ReactNativeJS:   hasAssignedDriver: false,
10-19 16:41:27.216 20641 22493 I ReactNativeJS:   driversUsersFullName: 'john',
10-19 16:41:27.216 20641 22493 I ReactNativeJS:   assignedDriverUsersFullName: undefined,
10-19 16:41:27.216 20641 22493 I ReactNativeJS:   driversStructure: 
10-19 16:41:27.216 20641 22493 I ReactNativeJS:    [ 'id',
10-19 16:41:27.216 20641 22493 I ReactNativeJS:      'users',
10-19 16:41:27.216 20641 22493 I ReactNativeJS:      'rating',
10-19 16:41:27.216 20641 22493 I ReactNativeJS:      'status',
10-19 16:41:27.216 20641 22493 I ReactNativeJS:      'user_id',
10-19 16:41:27.216 20641 22493 I ReactNativeJS:      'vehicles',
10-19 16:41:27.216 20641 22493 I ReactNativeJS:      'total_rides',
10-19 16:41:27.216 20641 22493 I ReactNativeJS:      'license_number' ],
10-19 16:41:27.216 20641 22493 I ReactNativeJS:   assignedDriverStructure: null }
10-19 16:41:27.228 20641 22493 I ReactNativeJS: '🗺️ [MAP] Props updated:', { showRoute: true,
10-19 16:41:27.228 20641 22493 I ReactNativeJS:   showDriverToPickupRoute: true,
10-19 16:41:27.228 20641 22493 I ReactNativeJS:   hasDriverLocation: true,
10-19 16:41:27.228 20641 22493 I ReactNativeJS:   hasPickupCoords: true,
10-19 16:41:27.228 20641 22493 I ReactNativeJS:   hasDestinationCoords: false,
10-19 16:41:27.228 20641 22493 I ReactNativeJS:   driverLocation: { lat: 12.7287, lng: 77.8092 },
10-19 16:41:27.228 20641 22493 I ReactNativeJS:   pickupCoords: { lat: 12.748695, lng: 77.8299949 },
10-19 16:41:27.228 20641 22493 I ReactNativeJS:   destinationCoords: null }
10-19 16:41:27.229 20641 22493 I ReactNativeJS: '🗺️ Calculating route between:', { latitude: 12.7287, longitude: 77.8092, heading: 45 }, 'and', { latitude: 12.748695, longitude: 77.8299949 }
10-19 16:41:27.229 20641 22493 I ReactNativeJS: '🗺️ [GOOGLE-MAPS] Getting directions from', { lat: 12.7287, lng: 77.8092 }, 'to', { lat: 12.748695, lng: 77.8299949 }
10-19 16:41:27.229 20641 22493 I ReactNativeJS: '🌐 Making proxy request to:', 'https://whubaypabojomdyfqxcf.supabase.co/functions/v1/places-proxy/directions?origin=12.7287%2C77.8092&destination=12.748695%2C77.8299949&mode=driving'
10-19 16:41:27.229 20641 22493 I ReactNativeJS: '🚗 [MAP] Driver location updated:', { latitude: 12.7287, longitude: 77.8092, heading: 45 }
10-19 16:41:27.235 20641 20641 D MapsInitializer: preferredRenderer: null
10-19 16:41:27.235 20641 20641 D zzcc    : preferredRenderer: null
10-19 16:41:27.235 20641 20641 I Google Android Maps SDK: Google Play services package version: 254031035
10-19 16:41:27.235 20641 20641 I Google Android Maps SDK: Google Play services maps renderer version(maps_core): 253425402
10-19 16:41:27.238 20641 20641 W ProxyAndroidLoggerBackend: Too many Flogger logs received before configuration. Dropping old logs.
10-19 16:41:27.239 21104 24637 I PhenotypeResourceReader: unable to find any Phenotype resource metadata for com.a1taxi.a1taxicustomer
10-19 16:41:27.239 20641 20641 W ProxyAndroidLoggerBackend: Too many Flogger logs received before configuration. Dropping old logs.
10-19 16:41:27.239 20641 20641 W ProxyAndroidLoggerBackend: Too many Flogger logs received before configuration. Dropping old logs.
10-19 16:41:27.239 20641 20641 W ProxyAndroidLoggerBackend: Too many Flogger logs received before configuration. Dropping old logs.
10-19 16:41:27.240 20641 24820 W ProxyAndroidLoggerBackend: Too many Flogger logs received before configuration. Dropping old logs.
10-19 16:41:27.240 20641 20641 W ProxyAndroidLoggerBackend: Too many Flogger logs received before configuration. Dropping old logs.
10-19 16:41:27.240 20641 24819 W ProxyAndroidLoggerBackend: Too many Flogger logs received before configuration. Dropping old logs.
10-19 16:41:27.240 20641 20641 W ProxyAndroidLoggerBackend: Too many Flogger logs received before configuration. Dropping old logs.
10-19 16:41:27.240 20641 20641 W ProxyAndroidLoggerBackend: Too many Flogger logs received before configuration. Dropping old logs.
10-19 16:41:27.244 20641 24818 W ProxyAndroidLoggerBackend: Too many Flogger logs received before configuration. Dropping old logs.
10-19 16:41:27.244 20641 24818 W ProxyAndroidLoggerBackend: Too many Flogger logs received before configuration. Dropping old logs.
10-19 16:41:27.246 20641 22493 I ReactNativeJS: '✅ [GPS-TRACKING] Initial location fetched:', { latitude: 12.7287,
10-19 16:41:27.246 20641 22493 I ReactNativeJS:   longitude: 77.8092,
10-19 16:41:27.246 20641 22493 I ReactNativeJS:   heading: 45,
10-19 16:41:27.246 20641 22493 I ReactNativeJS:   speed: 35.5,
10-19 16:41:27.246 20641 22493 I ReactNativeJS:   accuracy: 10,
10-19 16:41:27.246 20641 22493 I ReactNativeJS:   timestamp: '2025-10-11T19:04:29.192807+00:00' }
10-19 16:41:27.246 20641 24818 W ProxyAndroidLoggerBackend: Too many Flogger logs received before configuration. Dropping old logs.
10-19 16:41:27.246 20641 24818 W ProxyAndroidLoggerBackend: Too many Flogger logs received before configuration. Dropping old logs.
10-19 16:41:27.247 20641 22493 I ReactNativeJS: '🗺️ [RIDES] Rendering map with data:', { rideId: 'ad5b23e8-48fd-43e2-ab34-6c9a961e49f9',
10-19 16:41:27.247 20641 22493 I ReactNativeJS:   rideStatus: 'driver_arrived',
10-19 16:41:27.247 20641 22493 I ReactNativeJS:   showDriverToPickupRoute: true,
10-19 16:41:27.247 20641 22493 I ReactNativeJS:   driverLocation: { lat: 12.7287, lng: 77.8092 },
10-19 16:41:27.247 20641 22493 I ReactNativeJS:   pickupLocation: { lat: 12.748695, lng: 77.8299949 },
10-19 16:41:27.247 20641 22493 I ReactNativeJS:   destinationLocation: { lat: 12.8303987, lng: 77.8662369 } }
10-19 16:41:27.247 20641 22493 I ReactNativeJS: '🚗 [RIDES] Driver info for LiveTracking:', { rideId: 'ad5b23e8-48fd-43e2-ab34-6c9a961e49f9',
10-19 16:41:27.247 20641 22493 I ReactNativeJS:   driverName: 'john',
10-19 16:41:27.247 20641 22493 I ReactNativeJS:   hasDrivers: true,
10-19 16:41:27.247 20641 22493 I ReactNativeJS:   hasAssignedDriver: false,
10-19 16:41:27.247 20641 22493 I ReactNativeJS:   driversUsersFullName: 'john',
10-19 16:41:27.247 20641 22493 I ReactNativeJS:   assignedDriverUsersFullName: undefined,
10-19 16:41:27.247 20641 22493 I ReactNativeJS:   driversStructure: 
10-19 16:41:27.247 20641 22493 I ReactNativeJS:    [ 'id',
10-19 16:41:27.247 20641 22493 I ReactNativeJS:      'users',
10-19 16:41:27.247 20641 22493 I ReactNativeJS:      'rating',
10-19 16:41:27.247 20641 22493 I ReactNativeJS:      'status',
10-19 16:41:27.247 20641 22493 I ReactNativeJS:      'user_id',
10-19 16:41:27.247 20641 22493 I ReactNativeJS:      'vehicles',
10-19 16:41:27.247 20641 22493 I ReactNativeJS:      'total_rides',
10-19 16:41:27.247 20641 22493 I ReactNativeJS:      'license_number' ],
10-19 16:41:27.247 20641 22493 I ReactNativeJS:   assignedDriverStructure: null }
10-19 16:41:27.249 20641 20641 D BufferQueueConsumer: [](id:50a100000019,api:0,p:-1,c:20641) connect: controlledByApp=true
10-19 16:41:27.249 20641 24818 W ProxyAndroidLoggerBackend: Too many Flogger logs received before configuration. Dropping old logs.
10-19 16:41:27.249 20641 24818 W ProxyAndroidLoggerBackend: Too many Flogger logs received before configuration. Dropping old logs.
10-19 16:41:27.251 20641 24819 W ProxyAndroidLoggerBackend: Too many Flogger logs received before configuration. Dropping old logs.
10-19 16:41:27.251 20641 24819 W ProxyAndroidLoggerBackend: Too many Flogger logs received before configuration. Dropping old logs.
10-19 16:41:27.256 20641 24819 W ProxyAndroidLoggerBackend: Too many Flogger logs received before configuration. Dropping old logs.
10-19 16:41:27.256 20641 24819 W ProxyAndroidLoggerBackend: Too many Flogger logs received before configuration. Dropping old logs.
10-19 16:41:27.258 20641 24819 W ProxyAndroidLoggerBackend: Too many Flogger logs received before configuration. Dropping old logs.
10-19 16:41:27.258 20641 24819 W ProxyAndroidLoggerBackend: Too many Flogger logs received before configuration. Dropping old logs.
10-19 16:41:27.259 20641 24819 W ProxyAndroidLoggerBackend: Too many Flogger logs received before configuration. Dropping old logs.
10-19 16:41:27.259 20641 24819 W ProxyAndroidLoggerBackend: Too many Flogger logs received before configuration. Dropping old logs.
10-19 16:41:27.262 20641 24819 W ProxyAndroidLoggerBackend: Too many Flogger logs received before configuration. Dropping old logs.
10-19 16:41:27.262 20641 24819 W ProxyAndroidLoggerBackend: Too many Flogger logs received before configuration. Dropping old logs.
10-19 16:41:27.264 20641 24819 W ProxyAndroidLoggerBackend: Too many Flogger logs received before configuration. Dropping old logs.
10-19 16:41:27.264 20641 24819 W ProxyAndroidLoggerBackend: Too many Flogger logs received before configuration. Dropping old logs.
10-19 16:41:27.265 20641 22493 I ReactNativeJS: '🗺️ [MAP] Props updated:', { showRoute: true,
10-19 16:41:27.265 20641 22493 I ReactNativeJS:   showDriverToPickupRoute: true,
10-19 16:41:27.265 20641 22493 I ReactNativeJS:   hasDriverLocation: true,
10-19 16:41:27.265 20641 22493 I ReactNativeJS:   hasPickupCoords: true,
10-19 16:41:27.265 20641 22493 I ReactNativeJS:   hasDestinationCoords: false,
10-19 16:41:27.265 20641 22493 I ReactNativeJS:   driverLocation: { lat: 12.7287, lng: 77.8092 },
10-19 16:41:27.265 20641 22493 I ReactNativeJS:   pickupCoords: { lat: 12.748695, lng: 77.8299949 },
10-19 16:41:27.265 20641 22493 I ReactNativeJS:   destinationCoords: null }
10-19 16:41:27.265 20641 24819 W ProxyAndroidLoggerBackend: Too many Flogger logs received before configuration. Dropping old logs.
10-19 16:41:27.265 20641 24819 W ProxyAndroidLoggerBackend: Too many Flogger logs received before configuration. Dropping old logs.
10-19 16:41:27.265 20641 22493 I ReactNativeJS: '🗺️ Calculating route between:', { latitude: 12.7287, longitude: 77.8092, heading: 45 }, 'and', { latitude: 12.748695, longitude: 77.8299949 }
10-19 16:41:27.265 20641 22493 I ReactNativeJS: '🗺️ [GOOGLE-MAPS] Getting directions from', { lat: 12.7287, lng: 77.8092 }, 'to', { lat: 12.748695, lng: 77.8299949 }
10-19 16:41:27.265 20641 22493 I ReactNativeJS: '🌐 Making proxy request to:', 'https://whubaypabojomdyfqxcf.supabase.co/functions/v1/places-proxy/directions?origin=12.7287%2C77.8092&destination=12.748695%2C77.8299949&mode=driving'
10-19 16:41:27.266 20641 22493 I ReactNativeJS: '🚗 [MAP] Driver location updated:', { latitude: 12.7287, longitude: 77.8092, heading: 45 }
10-19 16:41:27.266 20641 22493 I ReactNativeJS: '🚗 [RIDES] Driver location received:', { latitude: 12.7287,
10-19 16:41:27.266 20641 22493 I ReactNativeJS:   longitude: 77.8092,
10-19 16:41:27.266 20641 22493 I ReactNativeJS:   heading: 45,
10-19 16:41:27.266 20641 22493 I ReactNativeJS:   timestamp: '2025-10-11T19:04:29.192807+00:00' }
10-19 16:41:27.267 20641 22493 I ReactNativeJS: '🗺️ [RIDES] Rendering map with data:', { rideId: 'ad5b23e8-48fd-43e2-ab34-6c9a961e49f9',
10-19 16:41:27.267 20641 22493 I ReactNativeJS:   rideStatus: 'driver_arrived',
10-19 16:41:27.267 20641 22493 I ReactNativeJS:   showDriverToPickupRoute: true,
10-19 16:41:27.267 20641 22493 I ReactNativeJS:   driverLocation: { lat: 12.7287, lng: 77.8092 },
10-19 16:41:27.267 20641 22493 I ReactNativeJS:   pickupLocation: { lat: 12.748695, lng: 77.8299949 },
10-19 16:41:27.267 20641 22493 I ReactNativeJS:   destinationLocation: { lat: 12.8303987, lng: 77.8662369 } }
10-19 16:41:27.267 20641 22493 I ReactNativeJS: '🚗 [RIDES] Driver info for LiveTracking:', { rideId: 'ad5b23e8-48fd-43e2-ab34-6c9a961e49f9',
10-19 16:41:27.267 20641 22493 I ReactNativeJS:   driverName: 'john',
10-19 16:41:27.267 20641 22493 I ReactNativeJS:   hasDrivers: true,
10-19 16:41:27.267 20641 22493 I ReactNativeJS:   hasAssignedDriver: false,
10-19 16:41:27.267 20641 22493 I ReactNativeJS:   driversUsersFullName: 'john',
10-19 16:41:27.267 20641 22493 I ReactNativeJS:   assignedDriverUsersFullName: undefined,
10-19 16:41:27.267 20641 22493 I ReactNativeJS:   driversStructure: 
10-19 16:41:27.267 20641 22493 I ReactNativeJS:    [ 'id',
10-19 16:41:27.267 20641 22493 I ReactNativeJS:      'users',
10-19 16:41:27.267 20641 22493 I ReactNativeJS:      'rating',
10-19 16:41:27.267 20641 22493 I ReactNativeJS:      'status',
10-19 16:41:27.267 20641 22493 I ReactNativeJS:      'user_id',
10-19 16:41:27.267 20641 22493 I ReactNativeJS:      'vehicles',
10-19 16:41:27.267 20641 22493 I ReactNativeJS:      'total_rides',
10-19 16:41:27.267 20641 22493 I ReactNativeJS:      'license_number' ],
10-19 16:41:27.267 20641 22493 I ReactNativeJS:   assignedDriverStructure: null }
10-19 16:41:27.268 20641 24819 W ProxyAndroidLoggerBackend: Too many Flogger logs received before configuration. Dropping old logs.
10-19 16:41:27.268 20641 24819 W ProxyAndroidLoggerBackend: Too many Flogger logs received before configuration. Dropping old logs.
10-19 16:41:27.268  1870  2891 D BatteryStatsService: noteVideoSurfaceChanged  noteWhich: 49,arg1: 860, arg2: 1238, arg3: 20641, arg4: 3318, name: com.a1taxi.a1taxicustomer
10-19 16:41:27.268 20641 24819 W ProxyAndroidLoggerBackend: Too many Flogger logs received before configuration. Dropping old logs.
10-19 16:41:27.268 20641 24819 W ProxyAndroidLoggerBackend: Too many Flogger logs received before configuration. Dropping old logs.
10-19 16:41:27.271 20641 24819 W ProxyAndroidLoggerBackend: Too many Flogger logs received before configuration. Dropping old logs.
10-19 16:41:27.271 20641 24819 W ProxyAndroidLoggerBackend: Too many Flogger logs received before configuration. Dropping old logs.
10-19 16:41:27.273 20641 24818 W ProxyAndroidLoggerBackend: Too many Flogger logs received before configuration. Dropping old logs.
10-19 16:41:27.273 20641 24818 W ProxyAndroidLoggerBackend: Too many Flogger logs received before configuration. Dropping old logs.
10-19 16:41:27.275 20641 24820 W ProxyAndroidLoggerBackend: Too many Flogger logs received before configuration. Dropping old logs.
10-19 16:41:27.275 20641 24820 W ProxyAndroidLoggerBackend: Too many Flogger logs received before configuration. Dropping old logs.
10-19 16:41:27.278 20641 24820 W ProxyAndroidLoggerBackend: Too many Flogger logs received before configuration. Dropping old logs.
10-19 16:41:27.278 20641 24820 W ProxyAndroidLoggerBackend: Too many Flogger logs received before configuration. Dropping old logs.
10-19 16:41:27.279 20641 22493 I ReactNativeJS: '🗺️ [MAP] Props updated:', { showRoute: true,
10-19 16:41:27.279 20641 22493 I ReactNativeJS:   showDriverToPickupRoute: true,
10-19 16:41:27.279 20641 22493 I ReactNativeJS:   hasDriverLocation: true,
10-19 16:41:27.279 20641 22493 I ReactNativeJS:   hasPickupCoords: true,
10-19 16:41:27.279 20641 22493 I ReactNativeJS:   hasDestinationCoords: false,
10-19 16:41:27.279 20641 22493 I ReactNativeJS:   driverLocation: { lat: 12.7287, lng: 77.8092 },
10-19 16:41:27.279 20641 22493 I ReactNativeJS:   pickupCoords: { lat: 12.748695, lng: 77.8299949 },
10-19 16:41:27.279 20641 22493 I ReactNativeJS:   destinationCoords: null }
10-19 16:41:27.280 20641 22493 I ReactNativeJS: '🗺️ Calculating route between:', { latitude: 12.7287, longitude: 77.8092, heading: 45 }, 'and', { latitude: 12.748695, longitude: 77.8299949 }
10-19 16:41:27.280 20641 22493 I ReactNativeJS: '🗺️ [GOOGLE-MAPS] Getting directions from', { lat: 12.7287, lng: 77.8092 }, 'to', { lat: 12.748695, lng: 77.8299949 }
10-19 16:41:27.280 20641 24820 W ProxyAndroidLoggerBackend: Too many Flogger logs received before configuration. Dropping old logs.
10-19 16:41:27.280 20641 24820 W ProxyAndroidLoggerBackend: Too many Flogger logs received before configuration. Dropping old logs.
10-19 16:41:27.280 20641 22493 I ReactNativeJS: '🌐 Making proxy request to:', 'https://whubaypabojomdyfqxcf.supabase.co/functions/v1/places-proxy/directions?origin=12.7287%2C77.8092&destination=12.748695%2C77.8299949&mode=driving'
10-19 16:41:27.281 20641 22493 I ReactNativeJS: '🚗 [MAP] Driver location updated:', { latitude: 12.7287, longitude: 77.8092, heading: 45 }
10-19 16:41:27.282 20641 24818 W ProxyAndroidLoggerBackend: Too many Flogger logs received before configuration. Dropping old logs.
10-19 16:41:27.282 20641 24818 W ProxyAndroidLoggerBackend: Too many Flogger logs received before configuration. Dropping old logs.
10-19 16:41:27.289 20641 24819 W ProxyAndroidLoggerBackend: Too many Flogger logs received before configuration. Dropping old logs.
10-19 16:41:27.289 20641 24819 W ProxyAndroidLoggerBackend: Too many Flogger logs received before configuration. Dropping old logs.
10-19 16:41:27.322 20641 24845 W ProxyAndroidLoggerBackend: Too many Flogger logs received before configuration. Dropping old logs.
10-19 16:41:27.323 20641 24818 W ProxyAndroidLoggerBackend: Too many Flogger logs received before configuration. Dropping old logs.
10-19 16:41:27.323 20641 24818 W ProxyAndroidLoggerBackend: Too many Flogger logs received before configuration. Dropping old logs.
10-19 16:41:27.429 21163 21163 D BoundBrokerSvc: onUnbind: Intent { act=com.google.android.gms.common.BIND_SHARED_PREFS pkg=com.google.android.gms }
10-19 16:41:27.620 20641 22493 I ReactNativeJS: '✅ Proxy response received:', 'OK'
10-19 16:41:27.620 20641 22493 I ReactNativeJS: '✅ [GOOGLE-MAPS] Directions retrieved:', { distance: '5.4 km',
10-19 16:41:27.620 20641 22493 I ReactNativeJS:   duration: '18 mins',
10-19 16:41:27.620 20641 22493 I ReactNativeJS:   distance_km: '5.42',
10-19 16:41:27.620 20641 22493 I ReactNativeJS:   duration_min: '17.6',
10-19 16:41:27.620 20641 22493 I ReactNativeJS:   source: 'Google Directions API' }
10-19 16:41:27.621 20641 22493 I ReactNativeJS: '✅ Got directions from Google API:', { distance: { text: '5.4 km', value: 5423 },
10-19 16:41:27.621 20641 22493 I ReactNativeJS:   duration: { text: '18 mins', value: 1058 },
10-19 16:41:27.621 20641 22493 I ReactNativeJS:   polyline: { points: 'uaulA}b|yMNMg@q@z@}@JQj@Ez@Ct@JLBJ@FF`@e@`@e@\\e@|@oBl@yBj@kF\\sBJi@FuBRgC|@}Fz@sFz@_GNw@JSD]`AoG`AeHLo@Bi@NkANaAPw@A?AC?C?GDE?Az@uD\\kBHy@OAYAs@Au@S}Aq@sAe@eCaAs@WwJ{CoBaAi@]_@M[IYG{C[_@MgBYqAYsB]cBc@aA]mA_@sA[aFqAy@Mc@CwA@eB?i@IcBc@eAi@{@k@kBqAaAy@oC{D_BiBcAw@u@]u@U}C}@q@Og@GsAMyFe@yEYsLYyFHwABQ~Ca@rEYDMHCJAT@R@PIV_@hBnA`@]bA[z@w@Q' } }
10-19 16:41:27.661 20641 24849 W ProxyAndroidLoggerBackend: Too many Flogger logs received before configuration. Dropping old logs.
10-19 16:41:27.661 20641 24849 W ProxyAndroidLoggerBackend: Too many Flogger logs received before configuration. Dropping old logs.
10-19 16:41:27.661 20641 24849 W ProxyAndroidLoggerBackend: Too many Flogger logs received before configuration. Dropping old logs.
10-19 16:41:27.661 20641 24849 W ProxyAndroidLoggerBackend: Too many Flogger logs received before configuration. Dropping old logs.
10-19 16:41:27.662 20641 24849 W ProxyAndroidLoggerBackend: Too many Flogger logs received before configuration. Dropping old logs.
10-19 16:41:27.662 20641 24849 W ProxyAndroidLoggerBackend: Too many Flogger logs received before configuration. Dropping old logs.
10-19 16:41:27.662 20641 24849 W ProxyAndroidLoggerBackend: Too many Flogger logs received before configuration. Dropping old logs.
10-19 16:41:27.662 20641 24849 W ProxyAndroidLoggerBackend: Too many Flogger logs received before configuration. Dropping old logs.
10-19 16:41:27.662 20641 24849 W ProxyAndroidLoggerBackend: Too many Flogger logs received before configuration. Dropping old logs.
10-19 16:41:27.663 20641 24849 W ProxyAndroidLoggerBackend: Too many Flogger logs received before configuration. Dropping old logs.
10-19 16:41:27.663 20641 24849 W ProxyAndroidLoggerBackend: Too many Flogger logs received before configuration. Dropping old logs.
10-19 16:41:27.663 20641 24849 W ProxyAndroidLoggerBackend: Too many Flogger logs received before configuration. Dropping old logs.
10-19 16:41:27.663 20641 24849 W ProxyAndroidLoggerBackend: Too many Flogger logs received before configuration. Dropping old logs.
10-19 16:41:27.663 20641 24849 W ProxyAndroidLoggerBackend: Too many Flogger logs received before configuration. Dropping old logs.
10-19 16:41:27.663 20641 24849 W ProxyAndroidLoggerBackend: Too many Flogger logs received before configuration. Dropping old logs.
10-19 16:41:27.663 20641 24849 W ProxyAndroidLoggerBackend: Too many Flogger logs received before configuration. Dropping old logs.
10-19 16:41:27.664 20641 24849 W ProxyAndroidLoggerBackend: Too many Flogger logs received before configuration. Dropping old logs.
10-19 16:41:27.664 20641 24849 W ProxyAndroidLoggerBackend: Too many Flogger logs received before configuration. Dropping old logs.
10-19 16:41:27.665 20641 22493 I ReactNativeJS: '✅ Proxy response received:', 'OK'
10-19 16:41:27.665 20641 22493 I ReactNativeJS: '✅ [GOOGLE-MAPS] Directions retrieved:', { distance: '5.4 km',
10-19 16:41:27.665 20641 22493 I ReactNativeJS:   duration: '18 mins',
10-19 16:41:27.665 20641 22493 I ReactNativeJS:   distance_km: '5.42',
10-19 16:41:27.665 20641 22493 I ReactNativeJS:   duration_min: '17.6',
10-19 16:41:27.665 20641 22493 I ReactNativeJS:   source: 'Google Directions API' }
10-19 16:41:27.666 20641 22493 I ReactNativeJS: '✅ Got directions from Google API:', { distance: { text: '5.4 km', value: 5423 },
10-19 16:41:27.666 20641 22493 I ReactNativeJS:   duration: { text: '18 mins', value: 1058 },
10-19 16:41:27.666 20641 22493 I ReactNativeJS:   polyline: { points: 'uaulA}b|yMNMg@q@z@}@JQj@Ez@Ct@JLBJ@FF`@e@`@e@\\e@|@oBl@yBj@kF\\sBJi@FuBRgC|@}Fz@sFz@_GNw@JSD]`AoG`AeHLo@Bi@NkANaAPw@A?AC?C?GDE?Az@uD\\kBHy@OAYAs@Au@S}Aq@sAe@eCaAs@WwJ{CoBaAi@]_@M[IYG{C[_@MgBYqAYsB]cBc@aA]mA_@sA[aFqAy@Mc@CwA@eB?i@IcBc@eAi@{@k@kBqAaAy@oC{D_BiBcAw@u@]u@U}C}@q@Og@GsAMyFe@yEYsLYyFHwABQ~Ca@rEYDMHCJAT@R@PIV_@hBnA`@]bA[z@w@Q' } }
10-19 16:41:27.702 20641 22493 I ReactNativeJS: '✅ Proxy response received:', 'OK'
10-19 16:41:27.702 20641 22493 I ReactNativeJS: '✅ [GOOGLE-MAPS] Directions retrieved:', { distance: '5.4 km',
10-19 16:41:27.702 20641 22493 I ReactNativeJS:   duration: '18 mins',
10-19 16:41:27.702 20641 22493 I ReactNativeJS:   distance_km: '5.42',
10-19 16:41:27.702 20641 22493 I ReactNativeJS:   duration_min: '17.6',
10-19 16:41:27.702 20641 22493 I ReactNativeJS:   source: 'Google Directions API' }
10-19 16:41:27.703 20641 22493 I ReactNativeJS: '✅ Got directions from Google API:', { distance: { text: '5.4 km', value: 5423 },
10-19 16:41:27.703 20641 22493 I ReactNativeJS:   duration: { text: '18 mins', value: 1058 },
10-19 16:41:27.703 20641 22493 I ReactNativeJS:   polyline: { points: 'uaulA}b|yMNMg@q@z@}@JQj@Ez@Ct@JLBJ@FF`@e@`@e@\\e@|@oBl@yBj@kF\\sBJi@FuBRgC|@}Fz@sFz@_GNw@JSD]`AoG`AeHLo@Bi@NkANaAPw@A?AC?C?GDE?Az@uD\\kBHy@OAYAs@Au@S}Aq@sAe@eCaAs@WwJ{CoBaAi@]_@M[IYG{C[_@MgBYqAYsB]cBc@aA]mA_@sA[aFqAy@Mc@CwA@eB?i@IcBc@eAi@{@k@kBqAaAy@oC{D_BiBcAw@u@]u@U}C}@q@Og@GsAMyFe@yEYsLYyFHwABQ~Ca@rEYDMHCJAT@R@PIV_@hBnA`@]bA[z@w@Q' } }
10-19 16:41:27.713 20641 22493 I ReactNativeJS: '✅ Proxy response received:', 'OK'
10-19 16:41:27.713 20641 22493 I ReactNativeJS: '✅ [GOOGLE-MAPS] Directions retrieved:', { distance: '5.4 km',
10-19 16:41:27.713 20641 22493 I ReactNativeJS:   duration: '18 mins',
10-19 16:41:27.713 20641 22493 I ReactNativeJS:   distance_km: '5.42',
10-19 16:41:27.713 20641 22493 I ReactNativeJS:   duration_min: '17.6',
10-19 16:41:27.713 20641 22493 I ReactNativeJS:   source: 'Google Directions API' }
10-19 16:41:27.714 20641 22493 I ReactNativeJS: '✅ Got directions from Google API:', { distance: { text: '5.4 km', value: 5423 },
10-19 16:41:27.714 20641 22493 I ReactNativeJS:   duration: { text: '18 mins', value: 1058 },
10-19 16:41:27.714 20641 22493 I ReactNativeJS:   polyline: { points: 'uaulA}b|yMNMg@q@z@}@JQj@Ez@Ct@JLBJ@FF`@e@`@e@\\e@|@oBl@yBj@kF\\sBJi@FuBRgC|@}Fz@sFz@_GNw@JSD]`AoG`AeHLo@Bi@NkANaAPw@A?AC?C?GDE?Az@uD\\kBHy@OAYAs@Au@S}Aq@sAe@eCaAs@WwJ{CoBaAi@]_@M[IYG{C[_@MgBYqAYsB]cBc@aA]mA_@sA[aFqAy@Mc@CwA@eB?i@IcBc@eAi@{@k@kBqAaAy@oC{D_BiBcAw@u@]u@U}C}@q@Og@GsAMyFe@yEYsLYyFHwABQ~Ca@rEYDMHCJAT@R@PIV_@hBnA`@]bA[z@w@Q' } }
10-19 16:41:28.782 21104 22647 I IPCThreadState: oneway function results for code 1 on binder at 0xb4000077d00cf370 will be dropped but finished with status UNKNOWN_TRANSACTION and reply parcel size 80
10-19 16:41:28.949 21104 21188 W Settings: Setting airplane_mode_on has moved from android.provider.Settings.System to android.provider.Settings.Global, returning read-only value.
10-19 16:41:28.956 21104 24542 W SystemServiceRegistry: No service published for: wifirtt
10-19 16:41:28.977 21104 22647 I WifiScanner: onFullResults
10-19 16:41:28.977 21104 23957 I WifiScanner: onFullResults
10-19 16:41:28.977 21104 21119 I WifiScanner: onFullResults
10-19 16:41:29.047 21104 24471 I FrewleTileCacheManagerV: (REDACTED) Fetched %d AP models from cache
10-19 16:41:29.091 21104 21184 I FusedLocation: (REDACTED) location delivery to %s blocked - too close
10-19 16:41:29.092 21104 21184 I FusedLocation: (REDACTED) location delivery to %s blocked - too fast
10-19 16:41:29.092 21104 21184 I FusedLocation: (REDACTED) location delivery to %s blocked - too close
10-19 16:41:29.094 21104 21184 I FusedLocation: (REDACTED) location delivery to %s blocked - too close
10-19 16:41:29.094 21104 21184 I FusedLocation: (REDACTED) location delivery to %s blocked - too fast
10-19 16:41:29.095 21104 21184 I fznc    : Received empty WiFi-RTT scan. [CONTEXT service_id=6 ]
10-19 16:41:29.509 21104 21184 I FusedLocation: (REDACTED) location delivery to %s blocked - too close
10-19 16:41:29.509 21104 21184 I FusedLocation: (REDACTED) location delivery to %s blocked - too fast
10-19 16:41:29.509 21104 21184 I FusedLocation: (REDACTED) location delivery to %s blocked - too close
10-19 16:41:29.510 21104 21184 I FusedLocation: (REDACTED) location delivery to %s blocked - too fast
10-19 16:41:29.511 21104 21184 I FusedLocation: (REDACTED) location delivery to %s blocked - too close
10-19 16:41:29.512 21104 21184 I FusedLocation: (REDACTED) location delivery to %s blocked - too fast
10-19 16:41:29.512 21104 21184 I FusedLocation: (REDACTED) location delivery to %s blocked - too fast
10-19 16:41:30.406 20641 22493 I ReactNativeJS: 🚨 [DEBUG] Driver location polling interval triggered
10-19 16:41:30.411 20641 22493 I ReactNativeJS: 🚨 [DEBUG] Driver location polling interval triggered
10-19 16:41:30.415 20641 22493 I ReactNativeJS: 🚨 [DEBUG] Driver location polling interval triggered
10-19 16:41:30.460 20641 22493 I ReactNativeJS: '🎯 [TRIP_NOTIFICATION] Component mounted, notifications count:', 47
10-19 16:41:30.461 20641 22493 I ReactNativeJS: '🔍 [TRIP_NOTIFICATION] Component render - visible:', false, 'notification:', true
10-19 16:41:30.466 20641 22493 I ReactNativeJS: '🎯 [TRIP_NOTIFICATION] Component mounted, notifications count:', 47
10-19 16:41:30.467 20641 22493 I ReactNativeJS: '🔍 [TRIP_NOTIFICATION] Component render - visible:', false, 'notification:', false
10-19 16:41:30.467 20641 22493 I ReactNativeJS: 🎯 [TRIP_NOTIFICATION] ===== useEffect TRIGGERED - CHECKING FOR COMPLETION NOTIFICATIONS =====
10-19 16:41:30.467 20641 22493 I ReactNativeJS: '🎯 [TRIP_NOTIFICATION] Notifications array length:', 47
10-19 16:41:30.483 20641 22493 I ReactNativeJS: '🎯 [TRIP_NOTIFICATION] Notifications array reference:', [ { id: '4fae9b6c-cbc3-4ff8-b4ea-1c6aa64a73cc',
