10-19 20:14:07.613  5589  5589 I GoogleInputMethodService: GoogleInputMethodService.onFinishInput():2085 
10-19 20:14:07.615  5589  5589 I Module  : DeviceLockedStatusModuleProvider$Module.updateDeviceLockedStatus():100 repeatCheckTimes = 0, locked = false
10-19 20:14:07.616  5589  5589 I GoogleInputMethodService: GoogleInputMethodService.onStartInput():1346 onStartInput(EditorInfo{EditorInfo{packageName=com.a1taxi.driverpro, inputType=0, inputTypeString=NULL, enableLearning=false, autoCorrection=false, autoComplete=false, imeOptions=0, privateImeOptions=null, actionName=UNSPECIFIED, actionLabel=null, initialSelStart=-1, initialSelEnd=-1, initialCapsMode=0, label=null, fieldId=0, fieldName=null, extras=null, hintText=null, hintLocales=[]}}, false)
10-19 20:14:07.619  5589  5589 I Module  : DeviceLockedStatusModuleProvider$Module.updateDeviceLockedStatus():100 repeatCheckTimes = 1, locked = false
10-19 20:14:07.878 21104 21188 W Settings: Setting airplane_mode_on has moved from android.provider.Settings.System to android.provider.Settings.Global, returning read-only value.
10-19 20:14:07.884 21104  7169 W SystemServiceRegistry: No service published for: wifirtt
10-19 20:14:08.386 21104 22647 I WifiScanner: onFullResults
10-19 20:14:08.386 21104 24145 I WifiScanner: onFullResults
10-19 20:14:08.387 21104 22647 I WifiScanner: onFullResults
10-19 20:14:08.396 21104  7169 I FrewleTileCacheManagerV: (REDACTED) Fetched %d AP models from cache
10-19 20:14:08.436 21104 21184 I FusedLocation: (REDACTED) location delivery to %s blocked - too close
10-19 20:14:08.436 21104 21184 I FusedLocation: (REDACTED) location delivery to %s blocked - too fast
10-19 20:14:08.436 21104 21184 I FusedLocation: (REDACTED) location delivery to %s blocked - too close
10-19 20:14:08.437 21104 21184 I FusedLocation: (REDACTED) location delivery to %s blocked - too close
10-19 20:14:08.437 21104 21184 I FusedLocation: (REDACTED) location delivery to %s blocked - too fast
10-19 20:14:08.438 21104 21184 I fznc    : Received empty WiFi-RTT scan. [CONTEXT service_id=6 ]
10-19 20:14:08.507 21104 21184 I FusedLocation: (REDACTED) location delivery to %s blocked - too close
10-19 20:14:08.507 21104 21184 I FusedLocation: (REDACTED) location delivery to %s blocked - too fast
10-19 20:14:08.507 21104 21184 I FusedLocation: (REDACTED) location delivery to %s blocked - too close
10-19 20:14:08.507 21104 21184 I FusedLocation: (REDACTED) location delivery to %s blocked - too fast
10-19 20:14:08.507 21104 21184 I FusedLocation: (REDACTED) location delivery to %s blocked - too fast
10-19 20:14:08.507 21104 21184 I FusedLocation: (REDACTED) location delivery to %s blocked - too close
10-19 20:14:08.507 21104 21184 I FusedLocation: (REDACTED) location delivery to %s blocked - too fast
10-19 20:14:10.844 31427 31489 W chromium: [WARNING:net/cert/ev_root_ca_metadata.cc:117] Not implemented
10-19 20:14:12.866  5589  5589 I VoiceInputManagerWrapper: VoiceInputManagerWrapper.shutdownVoiceInternal():148 shutdownVoiceInternal()
10-19 20:14:12.867  5589  5589 W NotificationCenter: NotificationCenter.unregisterListener():480 Listener hxw@a3594cd was not registered for notification class nhu
10-19 20:14:13.388 21104 21188 W Settings: Setting airplane_mode_on has moved from android.provider.Settings.System to android.provider.Settings.Global, returning read-only value.
10-19 20:14:13.393 21104  7123 W SystemServiceRegistry: No service published for: wifirtt
10-19 20:14:13.401 21104 24145 I WifiScanner: onFullResults
10-19 20:14:13.402 21104 22647 I WifiScanner: onFullResults
10-19 20:14:13.402 21104 23957 I WifiScanner: onFullResults
10-19 20:14:13.410 21104  6752 I FrewleTileCacheManagerV: (REDACTED) Fetched %d AP models from cache
10-19 20:14:13.429 21104 21184 I FusedLocation: (REDACTED) location delivery to %s blocked - too close
10-19 20:14:13.429 21104 21184 I FusedLocation: (REDACTED) location delivery to %s blocked - too fast
10-19 20:14:13.430 21104 21184 I FusedLocation: (REDACTED) location delivery to %s blocked - too close
10-19 20:14:13.431 21104 21184 I FusedLocation: (REDACTED) location delivery to %s blocked - too close
10-19 20:14:13.433 21104 21184 I fznc    : Received empty WiFi-RTT scan. [CONTEXT service_id=6 ]
10-19 20:14:13.471 21104 21184 I FusedLocation: (REDACTED) location delivery to %s blocked - too close
10-19 20:14:13.471 21104 21184 I FusedLocation: (REDACTED) location delivery to %s blocked - too fast
10-19 20:14:13.471 21104 21184 I FusedLocation: (REDACTED) location delivery to %s blocked - too close
10-19 20:14:13.471 21104 21184 I FusedLocation: (REDACTED) location delivery to %s blocked - too fast
10-19 20:14:13.471 21104 21184 I FusedLocation: (REDACTED) location delivery to %s blocked - too fast
10-19 20:14:13.471 21104 21184 I FusedLocation: (REDACTED) location delivery to %s blocked - too close
10-19 20:14:13.472 21104 21184 I FusedLocation: (REDACTED) location delivery to %s blocked - too fast
10-19 20:14:13.485 21104  7123 I TFLite-in-PlayServices: Created interpreter.
10-19 20:14:13.510 21104  7123 I TFLite-in-PlayServices: Created interpreter.
10-19 20:14:13.534 21104  7123 I SemanticLocation: (REDACTED) [Inferrer] %s%s
10-19 20:14:13.611  5589  5589 I GoogleInputMethodService: GoogleInputMethodService.onFinishInput():2085 
10-19 20:14:13.612  5589  5589 I Module  : DeviceLockedStatusModuleProvider$Module.updateDeviceLockedStatus():100 repeatCheckTimes = 0, locked = false
10-19 20:14:13.613  5589  5589 I GoogleInputMethodService: GoogleInputMethodService.onStartInput():1346 onStartInput(EditorInfo{EditorInfo{packageName=com.a1taxi.driverpro, inputType=0, inputTypeString=NULL, enableLearning=false, autoCorrection=false, autoComplete=false, imeOptions=0, privateImeOptions=null, actionName=UNSPECIFIED, actionLabel=null, initialSelStart=-1, initialSelEnd=-1, initialCapsMode=0, label=null, fieldId=0, fieldName=null, extras=null, hintText=null, hintLocales=[]}}, false)
10-19 20:14:13.614  5589  5589 I Module  : DeviceLockedStatusModuleProvider$Module.updateDeviceLockedStatus():100 repeatCheckTimes = 1, locked = false
10-19 20:14:13.656  7096  7120 I native  : I0000 00:00:1760885053.656266    7120 soda_async_impl.cc:1383] Current audio timestamp: 1760885053543258
10-19 20:14:13.836  7096  7126 W ProxyAndroidLoggerBackend: Too many Flogger logs received before configuration. Dropping old logs.
10-19 20:14:15.032 18679 18688 W tingsExProvider: Reducing the number of considered missed Gc histogram windows from 295 to 100
10-19 20:14:15.858  5589  5589 I GoogleInputMethodService: GoogleInputMethodService.onFinishInput():2085 
10-19 20:14:15.858  5589  5589 I Module  : DeviceLockedStatusModuleProvider$Module.updateDeviceLockedStatus():100 repeatCheckTimes = 0, locked = false
10-19 20:14:15.859  5589  5589 I GoogleInputMethodService: GoogleInputMethodService.onStartInput():1346 onStartInput(EditorInfo{EditorInfo{packageName=com.a1taxi.driverpro, inputType=0, inputTypeString=NULL, enableLearning=false, autoCorrection=false, autoComplete=false, imeOptions=0, privateImeOptions=null, actionName=UNSPECIFIED, actionLabel=null, initialSelStart=-1, initialSelEnd=-1, initialCapsMode=0, label=null, fieldId=0, fieldName=null, extras=null, hintText=null, hintLocales=[]}}, false)
10-19 20:14:15.860  5589  5589 I Module  : DeviceLockedStatusModuleProvider$Module.updateDeviceLockedStatus():100 repeatCheckTimes = 1, locked = false
10-19 20:14:15.904 21104  7160 I FusedLocation: (REDACTED) stationary throttling engaged @%s
10-19 20:14:15.909 21104  7160 I FusedOrientationManager: Unregistering orientation client. [CONTEXT service_id=6 ]
10-19 20:14:16.708  5589  5589 I GoogleInputMethodService: GoogleInputMethodService.onFinishInput():2085 
10-19 20:14:16.709  5589  5589 I Module  : DeviceLockedStatusModuleProvider$Module.updateDeviceLockedStatus():100 repeatCheckTimes = 0, locked = false
10-19 20:14:16.709  5589  5589 W TooltipLifecycleManager: TooltipLifecycleManager.dismissTooltips():153 Tooltip with id SUGGESTION_VIEW_EDU_MINI_DIALOG not found in tooltipManager.
10-19 20:14:16.710  5589  5589 I GoogleInputMethodService: GoogleInputMethodService.onStartInput():1346 onStartInput(EditorInfo{EditorInfo{packageName=com.a1taxi.driverpro, inputType=80001, inputTypeString=Normal[NoSuggestion], enableLearning=true, autoCorrection=true, autoComplete=true, imeOptions=8000006, privateImeOptions=null, actionName=DONE, actionLabel=null, initialSelStart=0, initialSelEnd=0, initialCapsMode=0, label=null, fieldId=2417, fieldName=null, extras=Bundle[mParcelledData.dataSize=404], hintText=non-empty, hintLocales=[]}}, false)
10-19 20:14:16.711  5589  5589 I Module  : DeviceLockedStatusModuleProvider$Module.updateDeviceLockedStatus():100 repeatCheckTimes = 1, locked = false
10-19 20:14:16.712  5589  5589 I StylusModule: StylusModule.onUpdateToolType():800 Update tool type = 1
10-19 20:14:16.714  5589  5589 I GoogleInputMethodService: GoogleInputMethodService.onStartInputView():1439 onStartInputView(EditorInfo{EditorInfo{packageName=com.a1taxi.driverpro, inputType=80001, inputTypeString=Normal[NoSuggestion], enableLearning=true, autoCorrection=true, autoComplete=true, imeOptions=8000006, privateImeOptions=null, actionName=DONE, actionLabel=null, initialSelStart=0, initialSelEnd=0, initialCapsMode=0, label=null, fieldId=2417, fieldName=null, extras=Bundle[{android.support.text.emoji.emojiCompat_metadataVersion=11, androidx.core.view.inputmethod.EditorInfoCompat.STYLUS_HANDWRITING_ENABLED=true, android.support.text.emoji.emojiCompat_replaceAll=false}], hintText=non-empty, hintLocales=[]}}, false)
10-19 20:14:16.715  5589  5589 I KeyboardHeightUtil: KeyboardHeightUtil.getOemKeyboardHeightRatio():108 systemKeyboardHeightRatio:1.000000.
10-19 20:14:16.715  1870  3261 D AutofillSession: createPendingIntent for request 2452
10-19 20:14:16.716  5589  5589 I AndroidIME: InputBundleManager.loadActiveInputBundleId():528 loadActiveInputBundleId: en-US, ime_english_united_states
10-19 20:14:16.716  5589  5589 I AndroidIME: AbstractIme.onActivate():96 LatinIme.onActivate() : EditorInfo = EditorInfo{packageName=com.a1taxi.driverpro, inputType=80001, inputTypeString=Normal[NoSuggestion], enableLearning=true, autoCorrection=true, autoComplete=true, imeOptions=8000006, privateImeOptions=null, actionName=DONE, actionLabel=null, initialSelStart=0, initialSelEnd=0, initialCapsMode=0, label=null, fieldId=2417, fieldName=null, extras=Bundle[{android.support.text.emoji.emojiCompat_metadataVersion=11, androidx.core.view.inputmethod.EditorInfoCompat.STYLUS_HANDWRITING_ENABLED=true, android.support.text.emoji.emojiCompat_replaceAll=false}], hintText=non-empty, hintLocales=[]}, IncognitoMode = false, DeviceLocked = false
10-19 20:14:16.716  5589  5589 I InputBundle: InputBundle.consumeEvent():1032 Skip consuming an event as keyboard status is INACTIVE
10-19 20:14:16.717  5589  5589 I Delight5Facilitator: Delight5Facilitator.initializeForIme():740 initializeForIme() : Locale = [en_US], layout = qwerty
10-19 20:14:16.717  5589  5589 I LatinIme: LatinIme.updateEnableInlineSuggestionsOnDecoderSideFlags():1247 inline flag updated to:false
10-19 20:14:16.718  5589  5589 I LatinIme: LatinIme.updateEnableInlineSuggestionsOnDecoderSideFlags():1247 inline flag updated to:false
10-19 20:14:16.720  5589  5589 I InputBundle: InputBundle.consumeEvent():1032 Skip consuming an event as keyboard status is INACTIVE
10-19 20:14:16.720  5589  5589 I LatinIme: LatinIme.resetInputContext():2251 resetInputContext(): reason=1, externalEditsInfo=ExternalEditsInfo{action=0, offset=-1, text=null, originalText=null, edits=null}
10-19 20:14:16.720  5589  5589 I InputBundle: InputBundle.consumeEvent():1032 Skip consuming an event as keyboard status is INACTIVE
10-19 20:14:16.721  5589  5589 I KeyboardWrapper: KeyboardWrapper.activateKeyboard():581 activateKeyboard(): type=prime, status=INACTIVE, imeDef=mkk{stringId=ime_english_united_states, language=en-US, languageTag=en-US, processedConditions={writing_helper_enable_by_word_revert=false, true=true, enable_number_row=true, device=phone, enable_pk_simulator=false}, className=com.google.android.apps.inputmethod.libs.latin5.LatinIme, label=0, keyEventInterpreter=null, inlineComposing=true, autoCapital=true, announceAutoSelectedCandidate=true, statusIcon=0, indicatorIcon=0, indicatorLabel=US, displayAppCompletions=true, extraValues=mkd{#0x7f0b02e0=TypedValue{t=0x3/d=0x0 "com.google.android.apps.inputmethod.libs.latin5.LatinIme"}}, processors=mmb@7d3d911, unacceptableMetaKeys=4098, languageSpecificSettings=0, asciiCapable=true, alwaysShowSuggestions=false, useAsciiPasswordKeyboard=false, keyboardGroupDef=mlk@9ed8bf6, phenotypeFlagId=0, localizationLanguageTag=null, supportsInlineSuggestion=true}
10-19 20:14:16.721  5589  5589 I KeyboardManager: KeyboardManager.requestKeyboard():248 Creating keyboard prime, imeId=ime_english_united_states, cacheKey=theme,!gsf,!pgsans,!pgsf,!use_system_font,BORDER,FLAVOR_DPI=XXHDPI,GOOGLE_ICONS,KEYBOARD_WIDTH_CATEGORY=NORMAL,KEY_BORDER_SHAPE=1,LIGHT_THEME=false,PHYSICAL_DIAGONAL=5.748144,POPUP,SCREEN_SHORTEST_WIDTH=393,SCREEN_SHORTEST_WIDTH_NO_SCALE=393,XXHDPI,bottom4dp,enable_emoji_kitchen_browse_color_v2=true,enable_google_fonts_icons=true,enable_popup_on_keypress=true,keyboard_redesign_google_sans=true,non_linear_scale,noshadow,overlay_builtin_dynamic_color_dark_base.binarypb:gm3-dark-ff131313-ffffffff-4d9204e36e3ccb6a165e3e3dbe763ce0,roundedchip,silkpopup
10-19 20:14:16.721  5589  5589 I KeyboardWrapper: KeyboardWrapper.onKeyboardReady():224 onKeyboardReady(): type=prime(prime), kb=com.google.android.apps.inputmethod.latin.keyboard.LatinPrimeKeyboard@5f2e513
10-19 20:14:16.721  5589  5589 I KeyboardWrapper: KeyboardWrapper.doActivateKeyboard():611 doActivateKeyboard(): prime
10-19 20:14:16.735  5589  5589 I KeyboardViewHelper: KeyboardViewHelper.getView():180 Get view with height ratio:1.000000
10-19 20:14:16.739  5589  5589 I KeyboardHeightUtil: KeyboardHeightUtil.calculateMaxKeyboardBodyHeight():50 leave 267 height for app when ime window height:2171, header height:121 and isFullscreenMode:false, so the max keyboard body height is:1783
10-19 20:14:16.739  5589  5589 W TooltipLifecycleManager: TooltipLifecycleManager.dismissTooltips():153 Tooltip with id undo_access_point_promotion_banner not found in tooltipManager.
10-19 20:14:16.740  5589  5589 I KeyboardModeUtils: KeyboardModeUtils.getKeyboardBottomOffset():435 inch: 0.000000 ydpi: 387.429993 adjustKeyboardBottomByDisplaySize: false currentDensityDpi: 440 defaultDensityDpi: 440 keyboardBottomToScreenPx: 0 keyboardBottomToNavBarPx: -116 navBarHeight: 116
10-19 20:14:16.740  5589  5589 I KeyboardHeightUtil: KeyboardHeightUtil.calculateMaxKeyboardBodyHeight():50 leave 267 height for app when ime window height:2171, header height:121 and isFullscreenMode:false, so the max keyboard body height is:1783
10-19 20:14:16.740  5589  5589 I KeyboardHeightUtil: KeyboardHeightUtil.calculateMaxKeyboardBodyHeight():50 leave 267 height for app when ime window height:2171, header height:121 and isFullscreenMode:false, so the max keyboard body height is:1783
10-19 20:14:16.740  5589  5589 I AndroidIME: KeyboardViewManager.updateKeyboardBodyViewHolderPaddingBottom():472 Set finalPaddingBottom = 5 while holderPaddingBottom = 5; navigationHeight = 116
10-19 20:14:16.740  5589  5589 I KeyboardHeightUtil: KeyboardHeightUtil.calculateMaxKeyboardBodyHeight():50 leave 267 height for app when ime window height:2171, header height:121 and isFullscreenMode:false, so the max keyboard body height is:1783
10-19 20:14:16.740  5589  5589 I KeyboardHeightUtil: KeyboardHeightUtil.calculateMaxKeyboardBodyHeight():50 leave 267 height for app when ime window height:2171, header height:121 and isFullscreenMode:false, so the max keyboard body height is:1783
10-19 20:14:16.741  5589  5589 I KeyboardModeUtils: KeyboardModeUtils.getKeyboardBottomOffset():435 inch: 0.000000 ydpi: 387.429993 adjustKeyboardBottomByDisplaySize: false currentDensityDpi: 440 defaultDensityDpi: 440 keyboardBottomToScreenPx: 0 keyboardBottomToNavBarPx: -116 navBarHeight: 116
10-19 20:14:16.741  5589  5589 I KeyboardHeightUtil: KeyboardHeightUtil.calculateMaxKeyboardBodyHeight():50 leave 267 height for app when ime window height:2171, header height:121 and isFullscreenMode:false, so the max keyboard body height is:1783
10-19 20:14:16.741  5589  5589 I KeyboardHeightUtil: KeyboardHeightUtil.calculateMaxKeyboardBodyHeight():50 leave 267 height for app when ime window height:2171, header height:121 and isFullscreenMode:false, so the max keyboard body height is:1783
10-19 20:14:16.741  5589  5589 I AndroidIME: KeyboardViewManager.updateKeyboardBodyViewHolderPaddingBottom():472 Set finalPaddingBottom = 5 while holderPaddingBottom = 5; navigationHeight = 116
10-19 20:14:16.741  5589  5589 I KeyboardHeightUtil: KeyboardHeightUtil.calculateMaxKeyboardBodyHeight():50 leave 267 height for app when ime window height:2171, header height:121 and isFullscreenMode:false, so the max keyboard body height is:1783
10-19 20:14:16.741  5589  5589 I KeyboardHeightUtil: KeyboardHeightUtil.calculateMaxKeyboardBodyHeight():50 leave 267 height for app when ime window height:2171, header height:121 and isFullscreenMode:false, so the max keyboard body height is:1783
10-19 20:14:16.741 21104 21188 I ActivityScheduler: nextTriggerTime: 1329466104, in 240000ms, detectorType: 39, FULL_TYPE alarmWindowMillis: 30000
10-19 20:14:16.741  5589  5589 I GlobeKeyExtension: GlobeKeyExtension.getKeyboardInitialStates():175 
10-19 20:14:16.742  5589  5589 W Keyboard: Keyboard.getKeyboardViewHelper():609 null helper is returned: keyboardDef=mle{processedConditions={show_comma_key=true, enable_more_candidates_view_for_multilingual=false, layout_9key_split=false, enable_secondary_symbols=false, pref_enable_flick_symbols=false, language=en-US, deprecate_long_press_space_for_ime_picker=false, expressions=normal, enable_flick_symbols=true, variant=qwerty, show_period_key=true, enable_number_row=true, device=phone, keyboard_mode=normal, show_secondary_digits=false, enable_preemptive_decode=true, enable_pk_simulator=false, bottom_period_popup_slash=false}, globalConditions={global_theme_key=theme,!gsf,!pgsans,!pgsf,!use_system_font,BORDER,FLAVOR_DPI=XXHDPI,GOOGLE_ICONS,KEYBOARD_WIDTH_CATEGORY=NORMAL,KEY_BORDER_SHAPE=1,LIGHT_THEME=false,PHYSICAL_DIAGONAL=5.748144,POPUP,SCREEN_SHORTEST_WIDTH=393,SCREEN_SHORTEST_WIDTH_NO_SCALE=393,XXHDPI,bottom4dp,enable_emoji_kitchen_browse_color_v2=true,enable_google_fonts_icons=true,enable_popup_on_keypress=true,keyboard_redesign_google_sans=true,non_linear_scale,noshadow,overlay_builtin_dynamic_color_dark_base.binarypb:gm3-dark-ff131313-ffffffff-4d9204e36e3ccb6a165e3e3dbe763ce0,roundedchip,silkpopup, global_locale=en_US, global_density_dpi=440, global_orientation=1}, className=.latin.keyboard.LatinPrimeKeyboard, resourceIds=[#0x7f1705fb, #0x7f17088d], initialStates=0, keyboardViewDefs=[mls{direction=null, id=#0x7f0b0224, isScalable=true, layoutId=#0x7f0e029f, type=BODY, touchable=true, defaultShow=true}, mls{direction=null, id=#0x7f0b0224, isScalable=false, layoutId=#0x7f0e01f9, type=FLOATING_CANDIDATES, touchable=false, defaultShow=false}, mls{direction=LOCALE, id=#0x7f0b0224, isScalable=false, layoutId=#0x7f0e0500, type=HEADER, touchable=true, defaultShow=true}], persistentStates=0, persistentStatesPrefKey=null, popupBubbleLayoutId=#0x7f0e05f1, recentKeyLayoutId=0, recentKeyPopupLayoutId=0, recentKeyType=null, rememberRecentKey=NONE, sessionStates=17592186044419}, type=WIDGET, helpersCreated=[lxm@939c0f4, lxm@719b01d, lxm@d070292, null], context.getResources().getConfiguration(): {1.0 405mcc869mnc [en_US] ldltr sw393dp w393dp h790dp 440dpi nrml long port night finger -keyb/v/h -nav/h winConfig={ mBounds=Rect(0, 0 - 1080, 2392) mAppBounds=Rect(0, 103 - 1080, 2276) mMaxBounds=Rect(0, 0 - 1080, 2392) mDisplayRotation=ROTATION_0 mWindowingMode=fullscreen mActivityType=undefined mAlwaysOnTop=undefined mRotation=ROTATION_0 isEmbedding:false} s.5420 fontWeightAdjustment=0 themeId=2 themeParameter=0 nightModeLevel = -1 typefaceChanged=0.0 ?spacesystem eaMode=1}
10-19 20:14:16.742  5589  5589 I KeyboardHeightUtil: KeyboardHeightUtil.calculateMaxKeyboardBodyHeight():50 leave 267 height for app when ime window height:2171, header height:121 and isFullscreenMode:false, so the max keyboard body height is:1783
10-19 20:14:16.743  5589  5589 I AndroidIME: InputBundleManager.startInput():358 startInput() with mlo[keyboardType=prime, payload=null]
10-19 20:14:16.743  5589  5589 I GlobeKeyExtension: GlobeKeyExtension.onActivate():120 
10-19 20:14:16.744  5589  5589 I LanguagePromoExtension: LanguagePromoExtension.checkDisplayPreconditions():174 Not show language promo: exceeds the max display times.
10-19 20:14:16.745  5589  5589 I HardKeyTracker: HardKeyTracker.unregisterKeySequence():221 Unregister key sequence nfz{labelResId=2132020497, callback=cgp@31e2330, lastModifier=2, keyCodes=[56], actions=[0]}
10-19 20:14:16.745  5589  5589 I HardKeyTracker: HardKeyTracker.unregisterKeySequence():221 Unregister key sequence nfz{labelResId=2132020497, callback=cgp@1fa425c, lastModifier=0, keyCodes=[317], actions=[0]}
10-19 20:14:16.745  5589  5589 I HardKeyTracker: HardKeyTracker.registerKeySequence():170 Register key sequence nfz{labelResId=2132020497, callback=cgp@7b735ca, lastModifier=2, keyCodes=[56], actions=[0]}
10-19 20:14:16.745  5589  5589 I HardKeyTracker: HardKeyTracker.registerKeySequence():170 Register key sequence nfz{labelResId=2132020497, callback=cgp@aaf87b1, lastModifier=0, keyCodes=[317], actions=[0]}
10-19 20:14:16.745  5589  5589 I VoiceInputManagerWrapper: VoiceInputManagerWrapper.cancelShutdown():109 cancelShutdown()
10-19 20:14:16.745  5589  5589 I VoiceInputManagerWrapper: VoiceInputManagerWrapper.syncLanguagePacks():121 syncLanguagePacks()
10-19 20:14:16.745  5589  5589 I VoiceInputManager: VoiceInputManager.onKeyboardActivated():1173 onKeyboardActivated() [UD]
10-19 20:14:16.745  5589  6558 I SpeechFactory: SpeechRecognitionFactory.maybeScheduleAutoPackDownloadForFallback():217 maybeScheduleAutoPackDownloadForFallback()
10-19 20:14:16.745  5589  5589 I PkModeUpdater: PkModeUpdater.onActivate():74 onActivate false true
10-19 20:14:16.745  5589  6558 I FallbackOnDeviceRecognitionProvider: FallbackOnDeviceRecognitionProvider.maybeScheduleAutoPackDownload():205 maybeScheduleAutoPackDownload() for language tag en-US
10-19 20:14:16.745  5589  5589 I AccessoryInputModeManager: AccessoryInputModeManager.onModeStarted():318 Accessory input mode started: null
10-19 20:14:16.746  5589  5589 W SupplementaryKeyboardsWrapper: SupplementaryKeyboardsWrapper.deactivateKeyboard():161 keyboard accessory_candidates_consumer is not activated before!
10-19 20:14:16.746  5589  5589 I KeyboardModeUtils: KeyboardModeUtils.getKeyboardBottomOffset():435 inch: 0.000000 ydpi: 387.429993 adjustKeyboardBottomByDisplaySize: false currentDensityDpi: 440 defaultDensityDpi: 440 keyboardBottomToScreenPx: 0 keyboardBottomToNavBarPx: -116 navBarHeight: 116
10-19 20:14:16.746  5589  5589 I KeyboardHeightUtil: KeyboardHeightUtil.calculateMaxKeyboardBodyHeight():50 leave 267 height for app when ime window height:2171, header height:121 and isFullscreenMode:false, so the max keyboard body height is:1783
10-19 20:14:16.746  5589  5589 I KeyboardHeightUtil: KeyboardHeightUtil.calculateMaxKeyboardBodyHeight():50 leave 267 height for app when ime window height:2171, header height:121 and isFullscreenMode:false, so the max keyboard body height is:1783
10-19 20:14:16.746  5589  5589 I AndroidIME: KeyboardViewManager.updateKeyboardBodyViewHolderPaddingBottom():472 Set finalPaddingBottom = 5 while holderPaddingBottom = 5; navigationHeight = 116
10-19 20:14:16.746  5589  5589 I KeyboardHeightUtil: KeyboardHeightUtil.calculateMaxKeyboardBodyHeight():50 leave 267 height for app when ime window height:2171, header height:121 and isFullscreenMode:false, so the max keyboard body height is:1783
10-19 20:14:16.746  5589  5589 I KeyboardHeightUtil: KeyboardHeightUtil.calculateMaxKeyboardBodyHeight():50 leave 267 height for app when ime window height:2171, header height:121 and isFullscreenMode:false, so the max keyboard body height is:1783
10-19 20:14:16.746  5589  5589 W ExtensionWrapper: ExtensionWrapper.setExtensionViewVisibility():811 interface mas is not activate
10-19 20:14:16.747  5589  5589 I Module  : DeviceLockedStatusModuleProvider$Module.updateDeviceLockedStatus():100 repeatCheckTimes = 1, locked = false
10-19 20:14:16.747  5589  5589 I HardKeyTracker: HardKeyTracker.unregisterKeySequence():221 Unregister key sequence nfz{labelResId=2132020501, callback=cgp@d2082c7, lastModifier=2, keyCodes=[48], actions=[0]}
10-19 20:14:16.747  5589  5589 I HardKeyTracker: HardKeyTracker.registerKeySequence():170 Register key sequence nfz{labelResId=2132020501, callback=cgp@fb8e2d0, lastModifier=2, keyCodes=[48], actions=[0]}
10-19 20:14:16.748  5589  5589 I HardKeyTracker: HardKeyTracker.unregisterKeySequence():221 Unregister key sequence nfz{labelResId=2132020501, callback=cgp@f58b860, lastModifier=2, keyCodes=[48], actions=[0]}
10-19 20:14:16.748  5589  5589 I HardKeyTracker: HardKeyTracker.registerKeySequence():170 Register key sequence nfz{labelResId=2132020501, callback=cgp@cc868da, lastModifier=2, keyCodes=[48], actions=[0]}
10-19 20:14:16.748  5589  5589 I HardKeyTracker: HardKeyTracker.unregisterKeySequence():221 Unregister key sequence nfz{labelResId=2132020497, callback=cgp@b101cdb, lastModifier=2, keyCodes=[56], actions=[0]}
10-19 20:14:16.748  5589  5589 I HardKeyTracker: HardKeyTracker.unregisterKeySequence():221 Unregister key sequence nfz{labelResId=2132020497, callback=cgp@58862b6, lastModifier=0, keyCodes=[317], actions=[0]}
10-19 20:14:16.748  5589  5589 I HardKeyTracker: HardKeyTracker.registerKeySequence():170 Register key sequence nfz{labelResId=2132020497, callback=cgp@7b3932, lastModifier=2, keyCodes=[56], actions=[0]}
10-19 20:14:16.748  5589  5589 I HardKeyTracker: HardKeyTracker.registerKeySequence():170 Register key sequence nfz{labelResId=2132020497, callback=cgp@98e5039, lastModifier=0, keyCodes=[317], actions=[0]}
10-19 20:14:16.748  5589  5589 I HardKeyTracker: HardKeyTracker.unregisterKeySequence():221 Unregister key sequence nfz{labelResId=2132020502, callback=cgp@1634c53, lastModifier=2, keyCodes=[32], actions=[0]}
10-19 20:14:16.748  5589  5589 I HardKeyTracker: HardKeyTracker.registerKeySequence():170 Register key sequence nfz{labelResId=2132020502, callback=cgp@1fcbc8a, lastModifier=2, keyCodes=[32], actions=[0]}
10-19 20:14:16.750  5589  5589 I HardKeyTracker: HardKeyTracker.unregisterKeySequence():221 Unregister key sequence nfz{labelResId=2132020502, callback=cgp@6f18954, lastModifier=2, keyCodes=[32], actions=[0]}
10-19 20:14:16.750  5589  5589 I HardKeyTracker: HardKeyTracker.registerKeySequence():170 Register key sequence nfz{labelResId=2132020502, callback=cgp@36e0930, lastModifier=2, keyCodes=[32], actions=[0]}
10-19 20:14:16.750  5589  5589 I VoiceImeExtension: VoiceImeExtension.shouldStartVoiceInputAutomaticallyInCurrentInputBox():378 No private IME option set to start voice input.
10-19 20:14:16.758 21163 21163 D BoundBrokerSvc: onBind: Intent { act=com.google.android.gms.wallet.service.BIND pkg=com.google.android.gms }
10-19 20:14:16.758 21163 21163 D BoundBrokerSvc: Loading bound service for intent: Intent { act=com.google.android.gms.wallet.service.BIND pkg=com.google.android.gms }
10-19 20:14:16.759 21104  7160 W anqe    : Failed to retrieve prediction data. [CONTEXT service_id=177 ]
10-19 20:14:16.759 21104  7160 W anqe    : java.util.concurrent.ExecutionException: fnpd: No active MDD filegroup android-autofill-infinitedata found for the table autofill-domain-predictions-prod-spanner.
10-19 20:14:16.759 21104  7160 W anqe    : 	at gpkb.j(:com.google.android.gms@254031035@25.40.31 (260400-816341114):21)
10-19 20:14:16.759 21104  7160 W anqe    : 	at gpkk.v(:com.google.android.gms@254031035@25.40.31 (260400-816341114):31)
10-19 20:14:16.759 21104  7160 W anqe    : 	at gpkb.get(:com.google.android.gms@254031035@25.40.31 (260400-816341114):2)
10-19 20:14:16.759 21104  7160 W anqe    : 	at anqe.e(:com.google.android.gms@254031035@25.40.31 (260400-816341114):81)
10-19 20:14:16.759 21104  7160 W anqe    : 	at anqe.a(:com.google.android.gms@254031035@25.40.31 (260400-816341114):124)
10-19 20:14:16.759 21104  7160 W anqe    : 	at anno.call(:com.google.android.gms@254031035@25.40.31 (260400-816341114):5)
10-19 20:14:16.759 21104  7160 W anqe    : 	at java.util.concurrent.FutureTask.run(FutureTask.java:317)
10-19 20:14:16.759 21104  7160 W anqe    : 	at bckr.c(:com.google.android.gms@254031035@25.40.31 (260400-816341114):50)
10-19 20:14:16.759 21104  7160 W anqe    : 	at bckr.run(:com.google.android.gms@254031035@25.40.31 (260400-816341114):73)
10-19 20:14:16.759 21104  7160 W anqe    : 	at java.util.concurrent.ThreadPoolExecutor.runWorker(ThreadPoolExecutor.java:1156)
10-19 20:14:16.759 21104  7160 W anqe    : 	at java.util.concurrent.ThreadPoolExecutor$Worker.run(ThreadPoolExecutor.java:651)
10-19 20:14:16.759 21104  7160 W anqe    : 	at bcqi.run(:com.google.android.gms@254031035@25.40.31 (260400-816341114):8)
10-19 20:14:16.759 21104  7160 W anqe    : 	at java.lang.Thread.run(Thread.java:1119)
10-19 20:14:16.759 21104  7160 W anqe    : Caused by: fnpd: No active MDD filegroup android-autofill-infinitedata found for the table autofill-domain-predictions-prod-spanner.
10-19 20:14:16.759 21104  7160 W anqe    : 	at fnpr.a(:com.google.android.gms@254031035@25.40.31 (260400-816341114):13)
10-19 20:14:16.759 21104  7160 W anqe    : 	at gpjr.d(:com.google.android.gms@254031035@25.40.31 (260400-816341114):3)
10-19 20:14:16.759 21104  7160 W anqe    : 	at gpjt.run(:com.google.android.gms@254031035@25.40.31 (260400-816341114):130)
10-19 20:14:16.759 21104  7160 W anqe    : 	at gpma.execute(:com.google.android.gms@254031035@25.40.31 (260400-816341114):1)
10-19 20:14:16.759 21104  7160 W anqe    : 	at gpkb.f(:com.google.android.gms@254031035@25.40.31 (260400-816341114):1)
10-19 20:14:16.759 21104  7160 W anqe    : 	at gpkb.m(:com.google.android.gms@254031035@25.40.31 (260400-816341114):99)
10-19 20:14:16.759 21104  7160 W anqe    : 	at gpkb.r(:com.google.android.gms@254031035@25.40.31 (260400-816341114):17)
10-19 20:14:16.759 21104  7160 W anqe    : 	at gpko.run(:com.google.android.gms@254031035@25.40.31 (260400-816341114):77)
10-19 20:14:16.759 21104  7160 W anqe    : 	at gpma.execute(:com.google.android.gms@254031035@25.40.31 (260400-816341114):1)
10-19 20:14:16.759 21104  7160 W anqe    : 	at gpkb.f(:com.google.android.gms@254031035@25.40.31 (260400-816341114):1)
10-19 20:14:16.759 21104  7160 W anqe    : 	at gpkb.m(:com.google.android.gms@254031035@25.40.31 (260400-816341114):99)
10-19 20:14:16.759 21104  7160 W anqe    : 	at gpkb.t(:com.google.android.gms@254031035@25.40.31 (260400-816341114):26)
10-19 20:14:16.759 21104  7160 W anqe    : 	at gpjr.e(:com.google.android.gms@254031035@25.40.31 (260400-816341114):3)
10-19 20:14:16.759 21104  7160 W anqe    : 	at gpjt.run(:com.google.android.gms@254031035@25.40.31 (260400-816341114):138)
10-19 20:14:16.759 21104  7160 W anqe    : 	at gpma.execute(:com.google.android.gms@254031035@25.40.31 (260400-816341114):1)
10-19 20:14:16.759 21104  7160 W anqe    : 	at gpkb.f(:com.google.android.gms@254031035@25.40.31 (260400-816341114):1)
10-19 20:14:16.759 21104  7160 W anqe    : 	at gpkb.m(:com.google.android.gms@254031035@25.40.31 (260400-816341114):99)
10-19 20:14:16.759 21104  7160 W anqe    : 	at gpkb.r(:com.google.android.gms@254031035@25.40.31 (260400-816341114):17)
10-19 20:14:16.759 21104  7160 W anqe    : 	at gpko.run(:com.google.android.gms@254031035@25.40.31 (260400-816341114):77)
10-19 20:14:16.759 21104  7160 W anqe    : 	at gpma.execute(:com.google.android.gms@254031035@25.40.31 (260400-816341114):1)
10-19 20:14:16.759 21104  7160 W anqe    : 	at gpkb.f(:com.google.android.gms@254031035@25.40.31 (260400-816341114):1)
10-19 20:14:16.759 21104  7160 W anqe    : 	at gpkb.m(:com.google.android.gms@254031035@25.40.31 (260400-816341114):99)
10-19 20:14:16.759 21104  7160 W anqe    : 	at gpkb.t(:com.google.android.gms@254031035@25.40.31 (260400-816341114):26)
10-19 20:14:16.759 21104  7160 W anqe    : 	at gpmx.run(:com.google.android.gms@254031035@25.40.31 (260400-816341114):5)
10-19 20:14:16.759 21104  7160 W anqe    : 	at gpma.execute(:com.google.android.gms@254031035@25.40.31 (260400-816341114):1)
10-19 20:14:16.759 21104  7160 W anqe    : 	at gpkb.f(:com.google.android.gms@254031035@25.40.31 (260400-816341114):1)
10-19 20:14:16.759 21104  7160 W anqe    : 	at gpkb.m(:com.google.android.gms@254031035@25.40.31 (260400-816341114):99)
10-19 20:14:16.759 21104  7160 W anqe    : 	at gpkb.t(:com.google.android.gms@254031035@25.40.31 (260400-816341114):26)
10-19 20:14:16.759 21104  7160 W anqe    : 	at gpkm.e(:com.google.android.gms@254031035@25.40.31 (260400-816341114):3)
10-19 20:14:16.759 21104  7160 W anqe    : 	at gpko.run(:com.google.android.gms@254031035@25.40.31 (260400-816341114):44)
10-19 20:14:16.759 21104  7160 W anqe    : 	at gpod.run(:com.google.android.gms@254031035@25.40.31 (260400-816341114):64)
10-19 20:14:16.759 21104  7160 W anqe    : 	... 6 more
10-19 20:14:16.759 21104  7160 W anqe    : Caused by: flxc: Requested group not found.
10-19 20:14:16.759 21104  7160 W anqe    : 	at flxa.a(:com.google.android.gms@254031035@25.40.31 (260400-816341114):30)
10-19 20:14:16.759 21104  7160 W anqe    : 	at fmce.a(:com.google.android.gms@254031035@25.40.31 (260400-816341114):19)
10-19 20:14:16.759 21104  7160 W anqe    : 	at ghbr.a(:com.google.android.gms@254031035@25.40.31 (260400-816341114):13)
10-19 20:14:16.759 21104  7160 W anqe    : 	at gpkm.d(:com.google.android.gms@254031035@25.40.31 (260400-816341114):3)
10-19 20:14:16.759 21104  7160 W anqe    : 	at gpko.run(:com.google.android.gms@254031035@25.40.31 (260400-816341114):38)
10-19 20:14:16.759 21104  7160 W anqe    : 	... 7 more
10-19 20:14:16.764  5589  5589 D ViewRootImpl: AppSizeAfterRelayout, size: Point(1080, 2287), rotation: ROTATION_0
10-19 20:14:16.764  5589  5589 D BufferQueueConsumer: [](id:15d5000008fa,api:0,p:-1,c:5589) connect: controlledByApp=false
10-19 20:14:16.764  5589  5589 D BLASTBufferQueue: [VRI[InputMethod]#2298](f:0,a:0) constructor()
10-19 20:14:16.764  5589  5589 D BLASTBufferQueue: [VRI[InputMethod]#2298](f:0,a:0) update width=1080 height=2287 format=-2 mTransformHint=0
10-19 20:14:16.765  5589  5589 I KeyboardModeUtils: KeyboardModeUtils.getKeyboardBottomOffset():435 inch: 0.000000 ydpi: 387.429993 adjustKeyboardBottomByDisplaySize: false currentDensityDpi: 440 defaultDensityDpi: 440 keyboardBottomToScreenPx: 0 keyboardBottomToNavBarPx: -116 navBarHeight: 116
10-19 20:14:16.765  5589  5589 I KeyboardHeightUtil: KeyboardHeightUtil.calculateMaxKeyboardBodyHeight():50 leave 267 height for app when ime window height:2171, header height:121 and isFullscreenMode:false, so the max keyboard body height is:1783
10-19 20:14:16.765  5589  5589 I KeyboardHeightUtil: KeyboardHeightUtil.calculateMaxKeyboardBodyHeight():50 leave 267 height for app when ime window height:2171, header height:121 and isFullscreenMode:false, so the max keyboard body height is:1783
10-19 20:14:16.766  5589  5589 I AndroidIME: KeyboardViewManager.updateKeyboardBodyViewHolderPaddingBottom():472 Set finalPaddingBottom = 5 while holderPaddingBottom = 5; navigationHeight = 116
10-19 20:14:16.766  5589  5589 I WindowMetricsNotification: WindowMetricsNotification.notifyWithWindow():166 
10-19 20:14:16.766  5589  5589 I WindowMetricsNotification: WindowMetricsNotification.notify():159 pfu[bounds=Rect(0, 105 - 1080, 2392), insets=Rect(0, 0 - 0, 116), densityDpi=440, smallestScreenWidthDp=393, displayWidth=1080, displayHeight=2392, xdpi=387.43, ydpi=387.43, isTrustable=true, displayId=0]; DisplayMetrics{density=2.75, width=1080, height=2392, scaledDensity=2.75, xdpi=387.43, ydpi=387.43}
10-19 20:14:16.771 21104  7201 I PasswordSaveInfoFactory: Form has a username and is not a password only form. [CONTEXT service_id=177 ]
10-19 20:14:16.771 21104  7201 I PasswordSaveInfoFactory: Form is not a password only form. [CONTEXT service_id=177 ]
10-19 20:14:16.772 21104  7201 I UsernameSaveInfoFactory: Form has a password and is not a username only form. [CONTEXT service_id=177 ]
10-19 20:14:16.780  5589  5657 D BLASTBufferQueue: [VRI[InputMethod]#2298](f:0,a:1) acquireNextBufferLocked size=1080x2287 mFrameNumber=1 applyTransaction=true mTimestamp=647827418560843(auto) mPendingTransactions.size=0 graphicBufferId=24004572224904 transform=0
10-19 20:14:16.783  5589  5589 I GoogleInputMethodService: GoogleInputMethodService$1.onKeyboardViewShown():325 onKeyboardViewShown: keyboardType=prime, keyboardViewType=HEADER keyboardView=com.google.android.libraries.inputmethod.widgets.SoftKeyboardView{2803e57 V.E...... ........ 0,0-1080,121}
10-19 20:14:16.783 21163 25510 I SyncManager: (REDACTED) Executing sync(type=%s%s)
10-19 20:14:16.783  5589  5589 I KeyboardHeightUtil: KeyboardHeightUtil.calculateMaxKeyboardBodyHeight():50 leave 267 height for app when ime window height:2171, header height:121 and isFullscreenMode:false, so the max keyboard body height is:1783
10-19 20:14:16.784  5589  5589 I GoogleInputMethodService: GoogleInputMethodService$1.onKeyboardViewShown():325 onKeyboardViewShown: keyboardType=prime, keyboardViewType=BODY keyboardView=com.google.android.libraries.inputmethod.widgets.SoftKeyboardView{739ce04 V.E...... ........ 0,0-1080,693}
10-19 20:14:16.784  5589  5589 I KeyboardHeightUtil: KeyboardHeightUtil.calculateMaxKeyboardBodyHeight():50 leave 267 height for app when ime window height:2171, header height:121 and isFullscreenMode:false, so the max keyboard body height is:1783
10-19 20:14:16.784  5589  5589 I GlobeKeyExtension: GlobeKeyExtension$1.onKeyboardViewShown():72 maybeDisableLanguageSwitchKeyPref when the keyboard is shown
10-19 20:14:16.784  5589  5589 I GlobeKeyExtension: GlobeKeyExtension.maybeDisableLanguageSwitchKeyPref():200 maybeDisableLanguageSwitchKeyPref hasGlobeKeyBeenDisabled: false, shouldDisableLanguageSwitchKey: false
10-19 20:14:16.784  5589  5589 I NewLanguagePromptExtension: NewLanguagePromptExtension$1.onKeyboardViewShown():98 Not show new language banner: no change in enabled input method entries
10-19 20:14:16.784  5589  5589 I DynamicLayoutHandler: DynamicLayoutHandler.loadDynamicKeys():83 This isn't a dynamic layout.
10-19 20:14:16.784  5589  6030 I Delight5Decoder: Delight5DecoderWrapper.setKeyboardLayout():536 setKeyboardLayout()
10-19 20:14:16.787  5589  5589 I DynamicLayoutHandler: DynamicLayoutHandler.loadDynamicKeys():83 This isn't a dynamic layout.
10-19 20:14:16.787  5589  5589 I KeyboardModeUtils: KeyboardModeUtils.getKeyboardBottomOffset():435 inch: 0.000000 ydpi: 387.429993 adjustKeyboardBottomByDisplaySize: false currentDensityDpi: 440 defaultDensityDpi: 440 keyboardBottomToScreenPx: 0 keyboardBottomToNavBarPx: -116 navBarHeight: 116
10-19 20:14:16.788  5589  5589 I KeyboardHeightUtil: KeyboardHeightUtil.calculateMaxKeyboardBodyHeight():50 leave 267 height for app when ime window height:2171, header height:121 and isFullscreenMode:false, so the max keyboard body height is:1783
10-19 20:14:16.788  5589  5589 I KeyboardHeightUtil: KeyboardHeightUtil.calculateMaxKeyboardBodyHeight():50 leave 267 height for app when ime window height:2171, header height:121 and isFullscreenMode:false, so the max keyboard body height is:1783
10-19 20:14:16.788  5589  5589 I AndroidIME: KeyboardViewManager.updateKeyboardBodyViewHolderPaddingBottom():472 Set finalPaddingBottom = 5 while holderPaddingBottom = 5; navigationHeight = 116
10-19 20:14:16.789  5589  6030 I Delight5Decoder: Delight5DecoderWrapper.setKeyboardLayout():536 setKeyboardLayout()
10-19 20:14:16.789 21163 25510 I SyncManager: (REDACTED) Executing sync(type=%s) finished in %s
10-19 20:14:16.791 21163 25510 I SyncManager: (REDACTED) Executing sync(type=%s%s)
10-19 20:14:16.796 21163 25510 I SyncManager: (REDACTED) Executing sync(type=%s) finished in %s
10-19 20:14:16.798 21163 25510 I SyncManager: (REDACTED) Executing sync(type=%s%s)
10-19 20:14:16.800 21163 25510 I SyncManager: (REDACTED) Executing sync(type=%s) finished in %s
10-19 20:14:16.802 21163 25510 I SyncManager: (REDACTED) Executing sync(type=%s%s)
10-19 20:14:16.806 21163 25510 I SyncManager: (REDACTED) Executing sync(type=%s) finished in %s
10-19 20:14:16.808 21163 25510 I SyncManager: (REDACTED) Executing sync(type=%s%s)
10-19 20:14:16.810 21163 25510 I SyncManager: (REDACTED) Executing sync(type=%s) finished in %s
10-19 20:14:16.817 21163 25510 I SyncManager: (REDACTED) Executing sync(type=%s%s)
10-19 20:14:16.822  1870  1870 D AutofillSession: Service did not request to wait for delayed fill response.
10-19 20:14:16.824 21163 25510 I SyncManager: (REDACTED) Executing sync(type=%s) finished in %s
10-19 20:14:16.832  3458  3458 V InlinePresentationRendererServiceImpl: onRenderSuggestion: width=-2, height=-2
10-19 20:14:16.835  3458  3458 V InlineSuggestionRenderService: width=-2, height=-2, measuredSize=366x121
10-19 20:14:16.848  1870  1976 D AutofillSession: onShown(): 2, 1
10-19 20:14:16.850  5589  5589 I ProactiveSuggestionsHolderManager: ProactiveSuggestionsHolderManager$2.display():195 Requesting to show proactive suggestions: AUTO_FILL PREEMPTIVE_WITH_SUPPRESSION
10-19 20:14:16.856  5589  5589 D BufferQueueConsumer: [](id:15d5000008fb,api:0,p:-1,c:5589) connect: controlledByApp=false
10-19 20:14:16.857  5589  5589 D BLASTBufferQueue: [SurfaceView[InputMethod]#2299](f:0,a:0) constructor()
10-19 20:14:16.857  5589  5589 D BLASTBufferQueue: [SurfaceView[InputMethod]#2299](f:0,a:0) update width=770 height=121 format=-2 mTransformHint=0
10-19 20:14:16.857  3458  3458 D ViewRootImpl: AppSizeAfterRelayout, size: Point(366, 121), rotation: ROTATION_0
10-19 20:14:16.858  3458  3458 D BufferQueueConsumer: [](id:d820000022b,api:0,p:-1,c:3458) connect: controlledByApp=false
10-19 20:14:16.858  3458  3458 D BLASTBufferQueue: [VRI[]#555](f:0,a:0) constructor()
10-19 20:14:16.858  3458  3458 D BLASTBufferQueue: [VRI[]#555](f:0,a:0) update width=366 height=121 format=-2 mTransformHint=0
10-19 20:14:16.859  1870  2718 D BatteryStatsService: noteVideoSurfaceChanged  noteWhich: 49,arg1: 770, arg2: 121, arg3: 5589, arg4: 106001, name: com.google.android.inputmethod.latin
10-19 20:14:16.861  5589  5589 I ProactiveSuggestionsHolderManager: ProactiveSuggestionsHolderManager$Holder.setSuggestionsAndShow():898 succeed to show proactive suggestions AUTO_FILL PREEMPTIVE_WITH_SUPPRESSION
10-19 20:14:16.863  5589  5589 I KeyboardModeUtils: KeyboardModeUtils.getKeyboardBottomOffset():435 inch: 0.000000 ydpi: 387.429993 adjustKeyboardBottomByDisplaySize: false currentDensityDpi: 440 defaultDensityDpi: 440 keyboardBottomToScreenPx: 0 keyboardBottomToNavBarPx: -116 navBarHeight: 116
10-19 20:14:16.863  5589  5589 I KeyboardHeightUtil: KeyboardHeightUtil.calculateMaxKeyboardBodyHeight():50 leave 267 height for app when ime window height:2171, header height:121 and isFullscreenMode:false, so the max keyboard body height is:1783
10-19 20:14:16.863  5589  5589 I KeyboardHeightUtil: KeyboardHeightUtil.calculateMaxKeyboardBodyHeight():50 leave 267 height for app when ime window height:2171, header height:121 and isFullscreenMode:false, so the max keyboard body height is:1783
10-19 20:14:16.863  5589  5589 I AndroidIME: KeyboardViewManager.updateKeyboardBodyViewHolderPaddingBottom():472 Set finalPaddingBottom = 5 while holderPaddingBottom = 5; navigationHeight = 116
10-19 20:14:16.866  5589  5589 D BufferQueueConsumer: [](id:15d5000008fc,api:0,p:-1,c:5589) connect: controlledByApp=false
10-19 20:14:16.866  3458 31463 D BLASTBufferQueue: [VRI[]#555](f:0,a:1) acquireNextBufferLocked size=366x121 mFrameNumber=1 applyTransaction=true mTimestamp=647827503865458(auto) mPendingTransactions.size=0 graphicBufferId=14851996913453 transform=0
10-19 20:14:16.866  5589  5589 D BLASTBufferQueue: [SurfaceView[InputMethod]#2300](f:0,a:0) constructor()
10-19 20:14:16.866  5589  5589 D BLASTBufferQueue: [SurfaceView[InputMethod]#2300](f:0,a:0) update width=366 height=121 format=-2 mTransformHint=0
10-19 20:14:16.869  1870  2718 D BatteryStatsService: noteVideoSurfaceChanged  noteWhich: 49,arg1: 366, arg2: 121, arg3: 5589, arg4: 109765, name: com.google.android.inputmethod.latin
10-19 20:14:16.874  5589  5657 D BLASTBufferQueue: [SurfaceView[InputMethod]#2300](f:0,a:1) acquireNextBufferLocked size=366x121 mFrameNumber=1 applyTransaction=true mTimestamp=647827512342689(auto) mPendingTransactions.size=0 graphicBufferId=24004572224909 transform=0
10-19 20:14:16.875  1870  3779 D BatteryStatsService: noteVideoSurfaceChanged  noteWhich: 49,arg1: 184, arg2: 13, arg3: 5589, arg4: 109765, name: com.google.android.inputmethod.latin
10-19 20:14:16.876  1870  3779 D BatteryStatsService: noteVideoSurfaceChanged  noteWhich: 49,arg1: 770, arg2: 121, arg3: 5589, arg4: 106001, name: com.google.android.inputmethod.latin
10-19 20:14:16.882  1870  2718 D BatteryStatsService: noteVideoSurfaceChanged  noteWhich: 49,arg1: 220, arg2: 35, arg3: 5589, arg4: 109765, name: com.google.android.inputmethod.latin
10-19 20:14:16.888  1870  2718 D BatteryStatsService: noteVideoSurfaceChanged  noteWhich: 49,arg1: 256, arg2: 55, arg3: 5589, arg4: 109765, name: com.google.android.inputmethod.latin
10-19 20:14:16.905  1870  2718 D BatteryStatsService: noteVideoSurfaceChanged  noteWhich: 49,arg1: 286, arg2: 73, arg3: 5589, arg4: 109765, name: com.google.android.inputmethod.latin
10-19 20:14:16.920  1870  2718 D BatteryStatsService: noteVideoSurfaceChanged  noteWhich: 49,arg1: 310, arg2: 87, arg3: 5589, arg4: 109765, name: com.google.android.inputmethod.latin
10-19 20:14:16.923  5589  5589 W TooltipLifecycleManager: TooltipLifecycleManager.dismissTooltips():153 Tooltip with id spell_check_add_to_dictionary not found in tooltipManager.
10-19 20:14:16.940  1870  2718 D BatteryStatsService: noteVideoSurfaceChanged  noteWhich: 49,arg1: 330, arg2: 101, arg3: 5589, arg4: 109765, name: com.google.android.inputmethod.latin
10-19 20:14:16.955  1870  2718 D BatteryStatsService: noteVideoSurfaceChanged  noteWhich: 49,arg1: 346, arg2: 109, arg3: 5589, arg4: 109765, name: com.google.android.inputmethod.latin
10-19 20:14:16.973  1870  2718 D BatteryStatsService: noteVideoSurfaceChanged  noteWhich: 49,arg1: 358, arg2: 117, arg3: 5589, arg4: 109765, name: com.google.android.inputmethod.latin
10-19 20:14:16.990  1870  2718 D BatteryStatsService: noteVideoSurfaceChanged  noteWhich: 49,arg1: 364, arg2: 121, arg3: 5589, arg4: 109765, name: com.google.android.inputmethod.latin
10-19 20:14:17.007  1870  2859 D BatteryStatsService: noteVideoSurfaceChanged  noteWhich: 49,arg1: 366, arg2: 121, arg3: 5589, arg4: 109765, name: com.google.android.inputmethod.latin
10-19 20:14:17.549 14485 14485 I bnlz    : onStart
10-19 20:14:17.550 14485 14485 I bldh    : (REDACTED) [%s] onStart()
10-19 20:14:17.550 14485 14485 I blfn    : Reloading theme data
10-19 20:14:17.551 14485 14485 I bnlz    : onResume
10-19 20:14:17.554 14485 14485 D VRI[Launcher]: visibilityChanged oldVisibility=false newVisibility=true
10-19 20:14:17.560 21163 21163 D BoundBrokerSvc: onRebind: Intent { act=com.google.android.gms.inappreach.service.START dat=chimera-action:/... cmp=com.google.android.gms/.chimera.GmsApiService }
10-19 20:14:17.593 14485 14485 D ViewRootImpl: AppSizeAfterRelayout, size: Point(1080, 2392), rotation: ROTATION_0
10-19 20:14:17.593 14485 14485 D BufferQueueConsumer: [](id:3895000000dc,api:0,p:-1,c:14485) connect: controlledByApp=false
10-19 20:14:17.594 14485 14485 D BLASTBufferQueue: [VRI[Launcher]#220](f:0,a:0) constructor()
10-19 20:14:17.594 14485 14485 D BLASTBufferQueue: [VRI[Launcher]#220](f:0,a:0) update width=1080 height=2392 format=-2 mTransformHint=0
10-19 20:14:17.605 14485 14785 D BLASTBufferQueue: [VRI[Launcher]#220](f:0,a:1) acquireNextBufferLocked size=1080x2392 mFrameNumber=1 applyTransaction=true mTimestamp=647828243450381(auto) mPendingTransactions.size=0 graphicBufferId=62212601284101 transform=0
10-19 20:14:18.046 14485 14485 I bnft    : (REDACTED) onApplyWindowInsets: systemWindowInsets=%s
10-19 20:14:18.046 14485 14485 I bnft    : (REDACTED) onApplyWindowInsets: systemWindowInsets=%s
10-19 20:14:18.064  5589  5589 I ImeTracker: com.google.android.inputmethod.latin:a35b14fc: onRequestHide at ORIGIN_IME reason HIDE_SOFT_INPUT_LEGACY_DIRECT fromUser false
10-19 20:14:18.064  5589  5589 I GoogleInputMethodService: GoogleInputMethodService.onFinishInputView():1571 onFinishInputView(false)
10-19 20:14:18.065  5589  5589 I GlobeKeyExtension: GlobeKeyExtension.onDeactivate():144 
10-19 20:14:18.065  5589  5589 W TooltipLifecycleManager: TooltipLifecycleManager.dismissTooltips():153 Tooltip with id SUGGESTION_VIEW_EDU_MINI_DIALOG not found in tooltipManager.
10-19 20:14:18.068  5589  5657 E BufferQueueProducer: [SurfaceView[InputMethod]#2300(BLAST Consumer)2300](id:15d5000008fc,api:0,p:-1,c:5589) disconnect: not connected (req=1)
10-19 20:14:18.068  5589  5657 W libEGL  : EGLNativeWindowType 0xb4000077e0275090 disconnect failed
10-19 20:14:18.069  5589  5589 D BLASTBufferQueue: [SurfaceView[InputMethod]#2300](f:0,a:1) destructor()
10-19 20:14:18.069  5589  5589 D BufferQueueConsumer: [SurfaceView[InputMethod]#2300(BLAST Consumer)2300](id:15d5000008fc,api:0,p:-1,c:5589) disconnect
10-19 20:14:18.073  5589  5589 W TooltipLifecycleManager: TooltipLifecycleManager.dismissTooltips():153 Tooltip with id SUGGESTION_VIEW_EDU_MINI_DIALOG not found in tooltipManager.
10-19 20:14:18.073  5589  5589 I VoiceInputManagerWrapper: VoiceInputManagerWrapper.shutdown():131 shutdown()
