10-19 14:19:08.830  8059  8700 I ReactNativeJS: '  - Current ride:', { id: '8fb34677-14fc-4479-b3c5-d42763361ec5',
10-19 14:19:08.830  8059  8700 I ReactNativeJS:   status: 'in_progress',
10-19 14:19:08.830  8059  8700 I ReactNativeJS:   pickup: 'PRXJ+F32, Brindavan Nagar, Anand Nagar, Hosur, Tamil Nadu 635109, India',
10-19 14:19:08.830  8059  8700 I ReactNativeJS:   destination: 'Bagalur, Tamil Nadu, India' }
10-19 14:19:08.830  8059  8700 I ReactNativeJS: '  - Pending rides count:', 0
10-19 14:19:08.830  8059  8700 I ReactNativeJS: '  - Driver status:', 'online'
10-19 14:19:08.831  8059  8700 I ReactNativeJS: '  - Loading:', false
10-19 14:19:08.831  8059  8700 I ReactNativeJS: '  - Error:', null
10-19 14:19:08.831  8059  8700 I ReactNativeJS: '  - Show modal:', false
10-19 14:19:08.831  8059  8700 I ReactNativeJS: '  - Timestamp:', '2025-10-19T08:49:08.831Z'
10-19 14:19:08.831  8059  8700 I ReactNativeJS: ✅ CURRENT RIDE EXISTS - should be visible in UI
10-19 14:19:09.102  8059  8700 I ReactNativeJS: === SENDING LOCATION TO EDGE FUNCTION ===
10-19 14:19:09.103  8059  8700 I ReactNativeJS: 'Driver User ID:', '1c4ac410-54d8-4b5e-960b-3afcbebd115d'
10-19 14:19:09.103  8059  8700 I ReactNativeJS: 'Location:', { latitude: 12.7486217, longitude: 77.8299383, accuracy: 2.5 }
10-19 14:19:09.103  8059  8700 I ReactNativeJS: 📤 Updating location via RPC...
10-19 14:19:09.356  8059  8700 I ReactNativeJS: '✅ Location', 'updated', 'successfully via RPC'
10-19 14:19:09.891  8059  8059 I ScrollIdentify: on fling
10-19 14:19:10.416  7096  7120 I native  : I0000 00:00:1760863750.415634    7120 soda_async_impl.cc:1383] Current audio timestamp: 1760863750321455
10-19 14:19:10.454  7096  7126 W ProxyAndroidLoggerBackend: Too many Flogger logs received before configuration. Dropping old logs.
10-19 14:19:10.494  8059  8700 I ReactNativeJS: 🔄 Auto-refreshing rides (2-second interval)...
10-19 14:19:10.494  8059  8700 I ReactNativeJS: === LOADING RIDES ===
10-19 14:19:10.495  8059  8700 I ReactNativeJS: 'Driver ID:', 'eb91d7e5-e2f2-4021-a8c8-3739a3d4cae4'
10-19 14:19:10.495  8059  8700 I ReactNativeJS: 'Driver User ID:', '1c4ac410-54d8-4b5e-960b-3afcbebd115d'
10-19 14:19:10.512  8059  8700 I ReactNativeJS: 🔍 Loading current ride...
10-19 14:19:10.514  8059  8700 I ReactNativeJS: === RIDES SCREEN STATE DEBUG ===
10-19 14:19:10.514  8059  8700 I ReactNativeJS: 🔄 Component state updated:
10-19 14:19:10.514  8059  8700 I ReactNativeJS: '  - Current ride:', { id: '8fb34677-14fc-4479-b3c5-d42763361ec5',
10-19 14:19:10.514  8059  8700 I ReactNativeJS:   status: 'in_progress',
10-19 14:19:10.514  8059  8700 I ReactNativeJS:   pickup: 'PRXJ+F32, Brindavan Nagar, Anand Nagar, Hosur, Tamil Nadu 635109, India',
10-19 14:19:10.514  8059  8700 I ReactNativeJS:   destination: 'Bagalur, Tamil Nadu, India' }
10-19 14:19:10.514  8059  8700 I ReactNativeJS: '  - Pending rides count:', 0
10-19 14:19:10.514  8059  8700 I ReactNativeJS: '  - Driver status:', 'online'
10-19 14:19:10.514  8059  8700 I ReactNativeJS: '  - Loading:', true
10-19 14:19:10.514  8059  8700 I ReactNativeJS: '  - Error:', null
10-19 14:19:10.514  8059  8700 I ReactNativeJS: '  - Show modal:', false
10-19 14:19:10.514  8059  8700 I ReactNativeJS: '  - Timestamp:', '2025-10-19T08:49:10.514Z'
10-19 14:19:10.514  8059  8700 I ReactNativeJS: ✅ CURRENT RIDE EXISTS - should be visible in UI
10-19 14:19:10.734  8059  8059 I ScrollIdentify: on fling
10-19 14:19:10.768  8059  8700 I ReactNativeJS: '✅ Current ride loaded:', { id: '8fb34677-14fc-4479-b3c5-d42763361ec5',
10-19 14:19:10.768  8059  8700 I ReactNativeJS:   status: 'in_progress',
10-19 14:19:10.768  8059  8700 I ReactNativeJS:   pickup: 'PRXJ+F32, Brindavan Nagar, Anand Nagar, Hosur, Tamil Nadu 635109, India',
10-19 14:19:10.768  8059  8700 I ReactNativeJS:   destination: 'Bagalur, Tamil Nadu, India',
10-19 14:19:10.768  8059  8700 I ReactNativeJS:   customer: 
10-19 14:19:10.768  8059  8700 I ReactNativeJS:    { id: 'e95a4f14-8958-49e9-8ede-d81b82a7ba12',
10-19 14:19:10.768  8059  8700 I ReactNativeJS:      full_name: 'Ricco',
10-19 14:19:10.768  8059  8700 I ReactNativeJS:      phone_number: null,
10-19 14:19:10.768  8059  8700 I ReactNativeJS:      email: '918608374935@a1taxi.app' } }
10-19 14:19:10.768  8059  8700 I ReactNativeJS: ⚠️ Driver has current ride - not loading pending ride requests
10-19 14:19:10.768  8059  8700 I ReactNativeJS: === RIDES SCREEN STATE DEBUG ===
10-19 14:19:10.768  8059  8700 I ReactNativeJS: 🔄 Component state updated:
10-19 14:19:10.768  8059  8700 I ReactNativeJS: '  - Current ride:', { id: '8fb34677-14fc-4479-b3c5-d42763361ec5',
10-19 14:19:10.768  8059  8700 I ReactNativeJS:   status: 'in_progress',
10-19 14:19:10.768  8059  8700 I ReactNativeJS:   pickup: 'PRXJ+F32, Brindavan Nagar, Anand Nagar, Hosur, Tamil Nadu 635109, India',
10-19 14:19:10.768  8059  8700 I ReactNativeJS:   destination: 'Bagalur, Tamil Nadu, India' }
10-19 14:19:10.768  8059  8700 I ReactNativeJS: '  - Pending rides count:', 0
10-19 14:19:10.768  8059  8700 I ReactNativeJS: '  - Driver status:', 'online'
10-19 14:19:10.768  8059  8700 I ReactNativeJS: '  - Loading:', true
10-19 14:19:10.768  8059  8700 I ReactNativeJS: '  - Error:', null
10-19 14:19:10.768  8059  8700 I ReactNativeJS: '  - Show modal:', false
10-19 14:19:10.768  8059  8700 I ReactNativeJS: '  - Timestamp:', '2025-10-19T08:49:10.768Z'
10-19 14:19:10.769  8059  8700 I ReactNativeJS: ✅ CURRENT RIDE EXISTS - should be visible in UI
10-19 14:19:10.769  8059  8700 I ReactNativeJS: === RIDE REQUEST MODAL LOGIC DEBUG ===
10-19 14:19:10.769  8059  8700 I ReactNativeJS: 🔄 Checking if should show ride request modal:
10-19 14:19:10.769  8059  8700 I ReactNativeJS: '  - Pending rides:', 0
10-19 14:19:10.769  8059  8700 I ReactNativeJS: '  - Modal already showing:', false
10-19 14:19:10.769  8059  8700 I ReactNativeJS: '  - Driver status:', 'online'
10-19 14:19:10.769  8059  8700 I ReactNativeJS: '  - Has current ride:', true
10-19 14:19:10.769  8059  8700 I ReactNativeJS: ❌ NOT SHOWING MODAL - reasons:
10-19 14:19:10.769  8059  8700 I ReactNativeJS: '🚗 Analysis:', { pendingRidesCount: 0,
10-19 14:19:10.769  8059  8700 I ReactNativeJS:   modalAlreadyShowing: false,
10-19 14:19:10.769  8059  8700 I ReactNativeJS:   driverStatus: 'online',
10-19 14:19:10.769  8059  8700 I ReactNativeJS:   hasCurrentRide: true }
10-19 14:19:10.778  8059  8700 I ReactNativeJS: === RIDES SCREEN STATE DEBUG ===
10-19 14:19:10.778  8059  8700 I ReactNativeJS: 🔄 Component state updated:
10-19 14:19:10.778  8059  8700 I ReactNativeJS: '  - Current ride:', { id: '8fb34677-14fc-4479-b3c5-d42763361ec5',
10-19 14:19:10.778  8059  8700 I ReactNativeJS:   status: 'in_progress',
10-19 14:19:10.778  8059  8700 I ReactNativeJS:   pickup: 'PRXJ+F32, Brindavan Nagar, Anand Nagar, Hosur, Tamil Nadu 635109, India',
10-19 14:19:10.778  8059  8700 I ReactNativeJS:   destination: 'Bagalur, Tamil Nadu, India' }
10-19 14:19:10.778  8059  8700 I ReactNativeJS: '  - Pending rides count:', 0
10-19 14:19:10.778  8059  8700 I ReactNativeJS: '  - Driver status:', 'online'
10-19 14:19:10.778  8059  8700 I ReactNativeJS: '  - Loading:', true
10-19 14:19:10.778  8059  8700 I ReactNativeJS: '  - Error:', null
10-19 14:19:10.778  8059  8700 I ReactNativeJS: '  - Show modal:', false
10-19 14:19:10.778  8059  8700 I ReactNativeJS: '  - Timestamp:', '2025-10-19T08:49:10.778Z'
10-19 14:19:10.778  8059  8700 I ReactNativeJS: ✅ CURRENT RIDE EXISTS - should be visible in UI
10-19 14:19:10.778  8059  8700 I ReactNativeJS: === RIDE REQUEST MODAL LOGIC DEBUG ===
10-19 14:19:10.778  8059  8700 I ReactNativeJS: 🔄 Checking if should show ride request modal:
10-19 14:19:10.778  8059  8700 I ReactNativeJS: '  - Pending rides:', 0
10-19 14:19:10.778  8059  8700 I ReactNativeJS: '  - Modal already showing:', false
10-19 14:19:10.778  8059  8700 I ReactNativeJS: '  - Driver status:', 'online'
10-19 14:19:10.778  8059  8700 I ReactNativeJS: '  - Has current ride:', true
10-19 14:19:10.778  8059  8700 I ReactNativeJS: ❌ NOT SHOWING MODAL - reasons:
10-19 14:19:10.778  8059  8700 I ReactNativeJS: '🚗 Analysis:', { pendingRidesCount: 0,
10-19 14:19:10.778  8059  8700 I ReactNativeJS:   modalAlreadyShowing: false,
10-19 14:19:10.778  8059  8700 I ReactNativeJS:   driverStatus: 'online',
10-19 14:19:10.778  8059  8700 I ReactNativeJS:   hasCurrentRide: true }
10-19 14:19:10.788  8059  8700 I ReactNativeJS: === RIDES SCREEN STATE DEBUG ===
10-19 14:19:10.788  8059  8700 I ReactNativeJS: 🔄 Component state updated:
10-19 14:19:10.788  8059  8700 I ReactNativeJS: '  - Current ride:', { id: '8fb34677-14fc-4479-b3c5-d42763361ec5',
10-19 14:19:10.788  8059  8700 I ReactNativeJS:   status: 'in_progress',
10-19 14:19:10.788  8059  8700 I ReactNativeJS:   pickup: 'PRXJ+F32, Brindavan Nagar, Anand Nagar, Hosur, Tamil Nadu 635109, India',
10-19 14:19:10.788  8059  8700 I ReactNativeJS:   destination: 'Bagalur, Tamil Nadu, India' }
10-19 14:19:10.788  8059  8700 I ReactNativeJS: '  - Pending rides count:', 0
10-19 14:19:10.788  8059  8700 I ReactNativeJS: '  - Driver status:', 'online'
10-19 14:19:10.788  8059  8700 I ReactNativeJS: '  - Loading:', false
10-19 14:19:10.788  8059  8700 I ReactNativeJS: '  - Error:', null
10-19 14:19:10.788  8059  8700 I ReactNativeJS: '  - Show modal:', false
10-19 14:19:10.789  8059  8700 I ReactNativeJS: '  - Timestamp:', '2025-10-19T08:49:10.788Z'
10-19 14:19:10.789  8059  8700 I ReactNativeJS: ✅ CURRENT RIDE EXISTS - should be visible in UI
10-19 14:19:11.627  8059  8059 I ScrollIdentify: on fling
10-19 14:19:12.494  8059  8700 I ReactNativeJS: 🔄 Auto-refreshing rides (2-second interval)...
10-19 14:19:12.494  8059  8700 I ReactNativeJS: === LOADING RIDES ===
10-19 14:19:12.494  8059  8700 I ReactNativeJS: 'Driver ID:', 'eb91d7e5-e2f2-4021-a8c8-3739a3d4cae4'
10-19 14:19:12.494  8059  8700 I ReactNativeJS: 'Driver User ID:', '1c4ac410-54d8-4b5e-960b-3afcbebd115d'
10-19 14:19:12.502  8059  8700 I ReactNativeJS: 🔍 Loading current ride...
10-19 14:19:12.504  8059  8700 I ReactNativeJS: === RIDES SCREEN STATE DEBUG ===
10-19 14:19:12.504  8059  8700 I ReactNativeJS: 🔄 Component state updated:
10-19 14:19:12.504  8059  8700 I ReactNativeJS: '  - Current ride:', { id: '8fb34677-14fc-4479-b3c5-d42763361ec5',
10-19 14:19:12.504  8059  8700 I ReactNativeJS:   status: 'in_progress',
10-19 14:19:12.504  8059  8700 I ReactNativeJS:   pickup: 'PRXJ+F32, Brindavan Nagar, Anand Nagar, Hosur, Tamil Nadu 635109, India',
10-19 14:19:12.504  8059  8700 I ReactNativeJS:   destination: 'Bagalur, Tamil Nadu, India' }
10-19 14:19:12.504  8059  8700 I ReactNativeJS: '  - Pending rides count:', 0
10-19 14:19:12.504  8059  8700 I ReactNativeJS: '  - Driver status:', 'online'
10-19 14:19:12.504  8059  8700 I ReactNativeJS: '  - Loading:', true
10-19 14:19:12.504  8059  8700 I ReactNativeJS: '  - Error:', null
10-19 14:19:12.504  8059  8700 I ReactNativeJS: '  - Show modal:', false
10-19 14:19:12.504  8059  8700 I ReactNativeJS: '  - Timestamp:', '2025-10-19T08:49:12.504Z'
10-19 14:19:12.504  8059  8700 I ReactNativeJS: ✅ CURRENT RIDE EXISTS - should be visible in UI
10-19 14:19:12.764  8059  8700 I ReactNativeJS: '✅ Current ride loaded:', { id: '8fb34677-14fc-4479-b3c5-d42763361ec5',
10-19 14:19:12.764  8059  8700 I ReactNativeJS:   status: 'in_progress',
10-19 14:19:12.764  8059  8700 I ReactNativeJS:   pickup: 'PRXJ+F32, Brindavan Nagar, Anand Nagar, Hosur, Tamil Nadu 635109, India',
10-19 14:19:12.764  8059  8700 I ReactNativeJS:   destination: 'Bagalur, Tamil Nadu, India',
10-19 14:19:12.764  8059  8700 I ReactNativeJS:   customer: 
10-19 14:19:12.764  8059  8700 I ReactNativeJS:    { id: 'e95a4f14-8958-49e9-8ede-d81b82a7ba12',
10-19 14:19:12.764  8059  8700 I ReactNativeJS:      full_name: 'Ricco',
10-19 14:19:12.764  8059  8700 I ReactNativeJS:      phone_number: null,
10-19 14:19:12.764  8059  8700 I ReactNativeJS:      email: '918608374935@a1taxi.app' } }
10-19 14:19:12.764  8059  8700 I ReactNativeJS: ⚠️ Driver has current ride - not loading pending ride requests
10-19 14:19:12.764  8059  8700 I ReactNativeJS: === RIDES SCREEN STATE DEBUG ===
10-19 14:19:12.764  8059  8700 I ReactNativeJS: 🔄 Component state updated:
10-19 14:19:12.764  8059  8700 I ReactNativeJS: '  - Current ride:', { id: '8fb34677-14fc-4479-b3c5-d42763361ec5',
10-19 14:19:12.764  8059  8700 I ReactNativeJS:   status: 'in_progress',
10-19 14:19:12.764  8059  8700 I ReactNativeJS:   pickup: 'PRXJ+F32, Brindavan Nagar, Anand Nagar, Hosur, Tamil Nadu 635109, India',
10-19 14:19:12.764  8059  8700 I ReactNativeJS:   destination: 'Bagalur, Tamil Nadu, India' }
10-19 14:19:12.764  8059  8700 I ReactNativeJS: '  - Pending rides count:', 0
10-19 14:19:12.764  8059  8700 I ReactNativeJS: '  - Driver status:', 'online'
10-19 14:19:12.764  8059  8700 I ReactNativeJS: '  - Loading:', true
10-19 14:19:12.764  8059  8700 I ReactNativeJS: '  - Error:', null
10-19 14:19:12.764  8059  8700 I ReactNativeJS: '  - Show modal:', false
10-19 14:19:12.765  8059  8700 I ReactNativeJS: '  - Timestamp:', '2025-10-19T08:49:12.764Z'
10-19 14:19:12.765  8059  8700 I ReactNativeJS: ✅ CURRENT RIDE EXISTS - should be visible in UI
10-19 14:19:12.765  8059  8700 I ReactNativeJS: === RIDE REQUEST MODAL LOGIC DEBUG ===
10-19 14:19:12.765  8059  8700 I ReactNativeJS: 🔄 Checking if should show ride request modal:
10-19 14:19:12.765  8059  8700 I ReactNativeJS: '  - Pending rides:', 0
10-19 14:19:12.765  8059  8700 I ReactNativeJS: '  - Modal already showing:', false
10-19 14:19:12.765  8059  8700 I ReactNativeJS: '  - Driver status:', 'online'
10-19 14:19:12.765  8059  8700 I ReactNativeJS: '  - Has current ride:', true
10-19 14:19:12.765  8059  8700 I ReactNativeJS: ❌ NOT SHOWING MODAL - reasons:
10-19 14:19:12.765  8059  8700 I ReactNativeJS: '🚗 Analysis:', { pendingRidesCount: 0,
10-19 14:19:12.765  8059  8700 I ReactNativeJS:   modalAlreadyShowing: false,
10-19 14:19:12.765  8059  8700 I ReactNativeJS:   driverStatus: 'online',
10-19 14:19:12.765  8059  8700 I ReactNativeJS:   hasCurrentRide: true }
10-19 14:19:12.773  8059  8700 I ReactNativeJS: === RIDES SCREEN STATE DEBUG ===
10-19 14:19:12.773  8059  8700 I ReactNativeJS: 🔄 Component state updated:
10-19 14:19:12.773  8059  8700 I ReactNativeJS: '  - Current ride:', { id: '8fb34677-14fc-4479-b3c5-d42763361ec5',
10-19 14:19:12.773  8059  8700 I ReactNativeJS:   status: 'in_progress',
10-19 14:19:12.773  8059  8700 I ReactNativeJS:   pickup: 'PRXJ+F32, Brindavan Nagar, Anand Nagar, Hosur, Tamil Nadu 635109, India',
10-19 14:19:12.773  8059  8700 I ReactNativeJS:   destination: 'Bagalur, Tamil Nadu, India' }
10-19 14:19:12.773  8059  8700 I ReactNativeJS: '  - Pending rides count:', 0
10-19 14:19:12.773  8059  8700 I ReactNativeJS: '  - Driver status:', 'online'
10-19 14:19:12.773  8059  8700 I ReactNativeJS: '  - Loading:', true
10-19 14:19:12.773  8059  8700 I ReactNativeJS: '  - Error:', null
10-19 14:19:12.773  8059  8700 I ReactNativeJS: '  - Show modal:', false
10-19 14:19:12.773  8059  8700 I ReactNativeJS: '  - Timestamp:', '2025-10-19T08:49:12.773Z'
10-19 14:19:12.773  8059  8700 I ReactNativeJS: ✅ CURRENT RIDE EXISTS - should be visible in UI
10-19 14:19:12.773  8059  8700 I ReactNativeJS: === RIDE REQUEST MODAL LOGIC DEBUG ===
10-19 14:19:12.773  8059  8700 I ReactNativeJS: 🔄 Checking if should show ride request modal:
10-19 14:19:12.773  8059  8700 I ReactNativeJS: '  - Pending rides:', 0
10-19 14:19:12.773  8059  8700 I ReactNativeJS: '  - Modal already showing:', false
10-19 14:19:12.773  8059  8700 I ReactNativeJS: '  - Driver status:', 'online'
10-19 14:19:12.773  8059  8700 I ReactNativeJS: '  - Has current ride:', true
10-19 14:19:12.773  8059  8700 I ReactNativeJS: ❌ NOT SHOWING MODAL - reasons:
10-19 14:19:12.773  8059  8700 I ReactNativeJS: '🚗 Analysis:', { pendingRidesCount: 0,
10-19 14:19:12.773  8059  8700 I ReactNativeJS:   modalAlreadyShowing: false,
10-19 14:19:12.773  8059  8700 I ReactNativeJS:   driverStatus: 'online',
10-19 14:19:12.773  8059  8700 I ReactNativeJS:   hasCurrentRide: true }
10-19 14:19:12.781  8059  8700 I ReactNativeJS: === RIDES SCREEN STATE DEBUG ===
10-19 14:19:12.781  8059  8700 I ReactNativeJS: 🔄 Component state updated:
10-19 14:19:12.782  8059  8700 I ReactNativeJS: '  - Current ride:', { id: '8fb34677-14fc-4479-b3c5-d42763361ec5',
10-19 14:19:12.782  8059  8700 I ReactNativeJS:   status: 'in_progress',
10-19 14:19:12.782  8059  8700 I ReactNativeJS:   pickup: 'PRXJ+F32, Brindavan Nagar, Anand Nagar, Hosur, Tamil Nadu 635109, India',
10-19 14:19:12.782  8059  8700 I ReactNativeJS:   destination: 'Bagalur, Tamil Nadu, India' }
10-19 14:19:12.782  8059  8700 I ReactNativeJS: '  - Pending rides count:', 0
10-19 14:19:12.782  8059  8700 I ReactNativeJS: '  - Driver status:', 'online'
10-19 14:19:12.782  8059  8700 I ReactNativeJS: '  - Loading:', false
10-19 14:19:12.782  8059  8700 I ReactNativeJS: '  - Error:', null
10-19 14:19:12.782  8059  8700 I ReactNativeJS: '  - Show modal:', false
10-19 14:19:12.782  8059  8700 I ReactNativeJS: '  - Timestamp:', '2025-10-19T08:49:12.782Z'
10-19 14:19:12.782  8059  8700 I ReactNativeJS: ✅ CURRENT RIDE EXISTS - should be visible in UI
10-19 14:19:13.615  8059  8700 I ReactNativeJS: 🚨 COMPLETE RIDE BUTTON CLICKED!
10-19 14:19:13.615  8059  8700 I ReactNativeJS: '🚨 Current ride exists:', true
10-19 14:19:13.615  8059  8700 I ReactNativeJS: '🚨 Current ride ID:', '8fb34677-14fc-4479-b3c5-d42763361ec5'
10-19 14:19:13.615  8059  8700 I ReactNativeJS: 🚨 About to call completeRide function...
10-19 14:19:13.615  8059  8700 I ReactNativeJS: '🚨 Calling completeRide with ID:', '8fb34677-14fc-4479-b3c5-d42763361ec5'
10-19 14:19:13.615  8059  8700 I ReactNativeJS: 🚨 === COMPLETE RIDE FUNCTION CALLED ===
10-19 14:19:13.615  8059  8700 I ReactNativeJS: '🚨 Ride ID:', '8fb34677-14fc-4479-b3c5-d42763361ec5'
10-19 14:19:13.615  8059  8700 I ReactNativeJS: '🚨 Driver ID:', 'eb91d7e5-e2f2-4021-a8c8-3739a3d4cae4'
10-19 14:19:13.615  8059  8700 I ReactNativeJS: '🚨 Driver User ID:', '1c4ac410-54d8-4b5e-960b-3afcbebd115d'
10-19 14:19:14.185  8059  8700 I ReactNativeJS: '✅ Driver and vehicle details fetched:', { driverName: 'john',
10-19 14:19:14.185  8059  8700 I ReactNativeJS:   driverRating: 5,
10-19 14:19:14.185  8059  8700 I ReactNativeJS:   vehicle: 
10-19 14:19:14.185  8059  8700 I ReactNativeJS:    { id: 'e7591bc7-c083-49f6-b30d-cc0d6964f3a1',
10-19 14:19:14.185  8059  8700 I ReactNativeJS:      make: 'Maruti',
10-19 14:19:14.185  8059  8700 I ReactNativeJS:      model: 'Ciaz',
10-19 14:19:14.185  8059  8700 I ReactNativeJS:      color: 'Silver',
10-19 14:19:14.185  8059  8700 I ReactNativeJS:      registration_number: 'KA51MN1111' } }
10-19 14:19:14.186  8059  8700 I ReactNativeJS: '✅ Ride details fetched for completion:', { id: '8fb34677-14fc-4479-b3c5-d42763361ec5',
10-19 14:19:14.186  8059  8700 I ReactNativeJS:   status: 'in_progress',
10-19 14:19:14.186  8059  8700 I ReactNativeJS:   booking_type: 'regular',
10-19 14:19:14.186  8059  8700 I ReactNativeJS:   vehicle_type: 'sedan',
10-19 14:19:14.186  8059  8700 I ReactNativeJS:   pickup: 'PRXJ+F32, Brindavan Nagar, Anand Nagar, Hosur, Tamil Nadu 635109, India',
10-19 14:19:14.186  8059  8700 I ReactNativeJS:   destination: 'Bagalur, Tamil Nadu, India' }
10-19 14:19:14.186  8059  8700 I ReactNativeJS: 📍 Stopping GPS tracking and calculating actual distance...
10-19 14:19:14.186  8059  8700 I ReactNativeJS: === STOPPING TRIP GPS TRACKING ===
10-19 14:19:14.186  8059  8700 I ReactNativeJS: 'Trip ID:', '8fb34677-14fc-4479-b3c5-d42763361ec5'
10-19 14:19:14.186  8059  8700 I ReactNativeJS: ✅ Trip GPS tracking stopped. Total points recorded: 2
10-19 14:19:14.186  8059  8700 I ReactNativeJS: === CALCULATING TRIP DISTANCE FROM GPS (Google Maps API) ===
10-19 14:19:14.187  8059  8700 I ReactNativeJS: 'Trip ID:', '8fb34677-14fc-4479-b3c5-d42763361ec5'
10-19 14:19:14.485  8059  8700 W ReactNativeJS: ⚠️ Not enough GPS points for distance calculation
10-19 14:19:14.485  8059  8700 I ReactNativeJS: '📍 GPS distance result (raw):', { distanceKm: 0, pointsUsed: 0 }
10-19 14:19:14.485  8059  8700 W ReactNativeJS: ⚠️ GPS tracking insufficient (distance < 0.5km or < 3 points), using Google Maps API...
10-19 14:19:14.485  8059  8700 W ReactNativeJS: '⚠️ GPS distance calculation failed, using Google Maps API fallback:', [Error: Insufficient GPS data]
10-19 14:19:14.486  8059  8700 I ReactNativeJS: 📡 Calling Google Maps Directions API...
10-19 14:19:14.486  8059  8700 I ReactNativeJS: '📍 Origin:', { latitude: 12.748588, longitude: 77.8300797 }
10-19 14:19:14.486  8059  8700 I ReactNativeJS: '📍 Destination:', { latitude: 12.8303987, longitude: 77.8662369 }
10-19 14:19:14.494  8059  8700 I ReactNativeJS: 🔄 Auto-refreshing rides (2-second interval)...
10-19 14:19:14.494  8059  8700 I ReactNativeJS: === LOADING RIDES ===
10-19 14:19:14.495  8059  8700 I ReactNativeJS: 'Driver ID:', 'eb91d7e5-e2f2-4021-a8c8-3739a3d4cae4'
10-19 14:19:14.495  8059  8700 I ReactNativeJS: 'Driver User ID:', '1c4ac410-54d8-4b5e-960b-3afcbebd115d'
10-19 14:19:14.507  8059  8700 I ReactNativeJS: 🔍 Loading current ride...
10-19 14:19:14.509  8059  8700 I ReactNativeJS: === RIDES SCREEN STATE DEBUG ===
10-19 14:19:14.509  8059  8700 I ReactNativeJS: 🔄 Component state updated:
10-19 14:19:14.509  8059  8700 I ReactNativeJS: '  - Current ride:', { id: '8fb34677-14fc-4479-b3c5-d42763361ec5',
10-19 14:19:14.509  8059  8700 I ReactNativeJS:   status: 'in_progress',
10-19 14:19:14.509  8059  8700 I ReactNativeJS:   pickup: 'PRXJ+F32, Brindavan Nagar, Anand Nagar, Hosur, Tamil Nadu 635109, India',
10-19 14:19:14.509  8059  8700 I ReactNativeJS:   destination: 'Bagalur, Tamil Nadu, India' }
10-19 14:19:14.509  8059  8700 I ReactNativeJS: '  - Pending rides count:', 0
10-19 14:19:14.509  8059  8700 I ReactNativeJS: '  - Driver status:', 'online'
10-19 14:19:14.509  8059  8700 I ReactNativeJS: '  - Loading:', true
10-19 14:19:14.509  8059  8700 I ReactNativeJS: '  - Error:', null
10-19 14:19:14.509  8059  8700 I ReactNativeJS: '  - Show modal:', false
10-19 14:19:14.509  8059  8700 I ReactNativeJS: '  - Timestamp:', '2025-10-19T08:49:14.509Z'
10-19 14:19:14.509  8059  8700 I ReactNativeJS: ✅ CURRENT RIDE EXISTS - should be visible in UI
10-19 14:19:14.561  8059  8700 I ReactNativeJS: '📍 5-second location watch update:', { altitude: 772.5999755859375,
10-19 14:19:14.561  8059  8700 I ReactNativeJS:   heading: 0,
10-19 14:19:14.561  8059  8700 I ReactNativeJS:   altitudeAccuracy: 1.1337547302246094,
10-19 14:19:14.561  8059  8700 I ReactNativeJS:   latitude: 12.7486614,
10-19 14:19:14.561  8059  8700 I ReactNativeJS:   speed: 0.00007645219739060849,
10-19 14:19:14.561  8059  8700 I ReactNativeJS:   longitude: 77.8299929,
10-19 14:19:14.561  8059  8700 I ReactNativeJS:   accuracy: 2.799999952316284 }
10-19 14:19:14.564  8059  8059 I TaskService: Handling intent with task name 'background-location-task' and app scoping identifier 'com.a1taxi.driverpro'.
10-19 14:19:14.565  8059  8059 W JobInfo : Job 'com.a1taxi.driverpro/expo.modules.taskManager.TaskJobService#0' has a deadline with no functional constraints. The deadline won't improve job execution latency. Consider removing the deadline.
10-19 14:19:14.578  8059  8059 I TaskService: Handling job with task name 'background-location-task' for app with scoping identifier 'com.a1taxi.driverpro'.
10-19 14:19:14.581  8059  8700 I ReactNativeJS: '📍 Background location update:', [ { timestamp: 1760863747437,
10-19 14:19:14.581  8059  8700 I ReactNativeJS:     mocked: false,
10-19 14:19:14.581  8059  8700 I ReactNativeJS:     coords: 
10-19 14:19:14.581  8059  8700 I ReactNativeJS:      { altitude: 774.5999755859375,
10-19 14:19:14.581  8059  8700 I ReactNativeJS:        heading: 0,
10-19 14:19:14.581  8059  8700 I ReactNativeJS:        altitudeAccuracy: 41.35140609741211,
10-19 14:19:14.581  8059  8700 I ReactNativeJS:        latitude: 12.7486217,
10-19 14:19:14.581  8059  8700 I ReactNativeJS:        speed: 3.516453674535745e-20,
10-19 14:19:14.581  8059  8700 I ReactNativeJS:        longitude: 77.8299383,
10-19 14:19:14.581  8059  8700 I ReactNativeJS:        accuracy: 2.5 } },
10-19 14:19:14.581  8059  8700 I ReactNativeJS:   { timestamp: 1760863754470,
10-19 14:19:14.581  8059  8700 I ReactNativeJS:     mocked: false,
10-19 14:19:14.581  8059  8700 I ReactNativeJS:     coords: 
10-19 14:19:14.581  8059  8700 I ReactNativeJS:      { altitude: 772.5999755859375,
10-19 14:19:14.581  8059  8700 I ReactNativeJS:        heading: 0,
10-19 14:19:14.581  8059  8700 I ReactNativeJS:        altitudeAccuracy: 1.1337547302246094,
10-19 14:19:14.581  8059  8700 I ReactNativeJS:        latitude: 12.7486614,
10-19 14:19:14.581  8059  8700 I ReactNativeJS:        speed: 0.00007645219739060849,
10-19 14:19:14.581  8059  8700 I ReactNativeJS:        longitude: 77.8299929,
10-19 14:19:14.581  8059  8700 I ReactNativeJS:        accuracy: 2.799999952316284 } } ]
10-19 14:19:14.587  8059  8700 I ReactNativeJS: 📤 Background location update via RPC...
10-19 14:19:14.587  8059  8700 E ReactNativeJS: ❌ Supabase credentials not configured
10-19 14:19:14.588  8059  8687 I TaskService: Finished task 'background-location-task' with eventId 'ad8661ce-b7cc-4956-a0ff-8cbee2ee3cc2'.
10-19 14:19:14.591  8059  8701 E unknown:ReactNative: console.error: ❌ Supabase credentials not configured, js engine: hermes, stack:
10-19 14:19:14.591  8059  8701 E unknown:ReactNative: _construct@1:117842
10-19 14:19:14.591  8059  8701 E unknown:ReactNative: Wrapper@1:117496
10-19 14:19:14.591  8059  8701 E unknown:ReactNative: _callSuper@1:115478
10-19 14:19:14.591  8059  8701 E unknown:ReactNative: SyntheticError@1:116983
10-19 14:19:14.591  8059  8701 E unknown:ReactNative: reactConsoleErrorHandler@1:116629
10-19 14:19:14.591  8059  8701 E unknown:ReactNative: ?anon_0_@1:1972274
10-19 14:19:14.591  8059  8701 E unknown:ReactNative: asyncGeneratorStep@1:573272
10-19 14:19:14.591  8059  8701 E unknown:ReactNative: _next@1:573529
10-19 14:19:14.591  8059  8701 E unknown:ReactNative: anonymous@1:136226
10-19 14:19:14.591  8059  8701 E unknown:ReactNative: _callTimer@1:135225
10-19 14:19:14.591  8059  8701 E unknown:ReactNative: _callReactNativeMicrotasksPass@1:135369
10-19 14:19:14.591  8059  8701 E unknown:ReactNative: callReactNativeMicrotasks@1:137289
10-19 14:19:14.591  8059  8701 E unknown:ReactNative: __callReactNativeMicrotasks@1:101038
10-19 14:19:14.591  8059  8701 E unknown:ReactNative: anonymous@1:100174
10-19 14:19:14.591  8059  8701 E unknown:ReactNative: __guard@1:100912
10-19 14:19:14.591  8059  8701 E unknown:ReactNative: flushedQueue@1:100085
10-19 14:19:14.591  8059  8701 E unknown:ReactNative: invokeCallbackAndReturnFlushedQueue@1:100028
10-19 14:19:14.658  8059  8700 I ReactNativeJS: 📊 Found 1 route(s):
10-19 14:19:14.658  8059  8700 I ReactNativeJS:   Route 1: 10.55 km, 15 min
10-19 14:19:14.658  8059  8700 I ReactNativeJS: '✅ Google Maps Directions result (using Route 1):', { distance: '10.55 km',
10-19 14:19:14.658  8059  8700 I ReactNativeJS:   duration: '15 min',
10-19 14:19:14.658  8059  8700 I ReactNativeJS:   distanceMeters: 10551,
10-19 14:19:14.658  8059  8700 I ReactNativeJS:   durationSeconds: 929,
10-19 14:19:14.658  8059  8700 I ReactNativeJS:   startAddress: 'PRXJ+F32, Brindavan Nagar, Anand Nagar, Hosur, Tamil Nadu 635109, India',
10-19 14:19:14.658  8059  8700 I ReactNativeJS:   endAddress: 'RVJ8+5F5, Bagalur, Tamil Nadu 635103, India' }
10-19 14:19:14.659  8059  8700 I ReactNativeJS: '✅ Google Maps fallback distance:', { distanceKm: '10.55',
10-19 14:19:14.659  8059  8700 I ReactNativeJS:   durationMinutes: 15,
10-19 14:19:14.659  8059  8700 I ReactNativeJS:   method: 'Google Maps Directions API' }
10-19 14:19:14.659  8059  8700 I ReactNativeJS: '🚨 Trip metrics (Real GPS-tracked distance):', { actualDistanceKm: '10.55',
10-19 14:19:14.659  8059  8700 I ReactNativeJS:   actualDurationMinutes: 15,
10-19 14:19:14.659  8059  8700 I ReactNativeJS:   gpsPointsUsed: 0,
10-19 14:19:14.659  8059  8700 I ReactNativeJS:   pickupLat: 12.748588,
10-19 14:19:14.659  8059  8700 I ReactNativeJS:   pickupLng: 77.8300797,
10-19 14:19:14.659  8059  8700 I ReactNativeJS:   dropLat: 12.8303987,
10-19 14:19:14.659  8059  8700 I ReactNativeJS:   dropLng: 77.8662369,
10-19 14:19:14.659  8059  8700 I ReactNativeJS:   method: 'GPS Breadcrumb Tracking' }
10-19 14:19:14.659  8059  8700 I ReactNativeJS: 🚨 About to call FareCalculationService.calculateAndStoreTripFare...
10-19 14:19:14.659  8059  8700 I ReactNativeJS: === CALCULATING TRIP FARE ===
10-19 14:19:14.659  8059  8700 I ReactNativeJS: 'Ride ID:', '8fb34677-14fc-4479-b3c5-d42763361ec5'
10-19 14:19:14.660  8059  8700 I ReactNativeJS: 'Actual Distance:', 10.551, 'km'
10-19 14:19:14.660  8059  8700 I ReactNativeJS: 'Actual Duration:', 15, 'minutes'
10-19 14:19:14.800  8059  8700 I ReactNativeJS: '✅ Current ride loaded:', { id: '8fb34677-14fc-4479-b3c5-d42763361ec5',
10-19 14:19:14.800  8059  8700 I ReactNativeJS:   status: 'in_progress',
10-19 14:19:14.800  8059  8700 I ReactNativeJS:   pickup: 'PRXJ+F32, Brindavan Nagar, Anand Nagar, Hosur, Tamil Nadu 635109, India',
10-19 14:19:14.800  8059  8700 I ReactNativeJS:   destination: 'Bagalur, Tamil Nadu, India',
10-19 14:19:14.800  8059  8700 I ReactNativeJS:   customer: 
10-19 14:19:14.800  8059  8700 I ReactNativeJS:    { id: 'e95a4f14-8958-49e9-8ede-d81b82a7ba12',
10-19 14:19:14.800  8059  8700 I ReactNativeJS:      full_name: 'Ricco',
10-19 14:19:14.800  8059  8700 I ReactNativeJS:      phone_number: null,
10-19 14:19:14.800  8059  8700 I ReactNativeJS:      email: '918608374935@a1taxi.app' } }
10-19 14:19:14.800  8059  8700 I ReactNativeJS: ⚠️ Driver has current ride - not loading pending ride requests
10-19 14:19:14.800  8059  8700 I ReactNativeJS: === RIDES SCREEN STATE DEBUG ===
10-19 14:19:14.800  8059  8700 I ReactNativeJS: 🔄 Component state updated:
10-19 14:19:14.801  8059  8700 I ReactNativeJS: '  - Current ride:', { id: '8fb34677-14fc-4479-b3c5-d42763361ec5',
10-19 14:19:14.801  8059  8700 I ReactNativeJS:   status: 'in_progress',
10-19 14:19:14.801  8059  8700 I ReactNativeJS:   pickup: 'PRXJ+F32, Brindavan Nagar, Anand Nagar, Hosur, Tamil Nadu 635109, India',
10-19 14:19:14.801  8059  8700 I ReactNativeJS:   destination: 'Bagalur, Tamil Nadu, India' }
10-19 14:19:14.801  8059  8700 I ReactNativeJS: '  - Pending rides count:', 0
10-19 14:19:14.801  8059  8700 I ReactNativeJS: '  - Driver status:', 'online'
10-19 14:19:14.801  8059  8700 I ReactNativeJS: '  - Loading:', true
10-19 14:19:14.801  8059  8700 I ReactNativeJS: '  - Error:', null
10-19 14:19:14.801  8059  8700 I ReactNativeJS: '  - Show modal:', false
10-19 14:19:14.801  8059  8700 I ReactNativeJS: '  - Timestamp:', '2025-10-19T08:49:14.801Z'
10-19 14:19:14.801  8059  8700 I ReactNativeJS: ✅ CURRENT RIDE EXISTS - should be visible in UI
10-19 14:19:14.801  8059  8700 I ReactNativeJS: === RIDE REQUEST MODAL LOGIC DEBUG ===
10-19 14:19:14.801  8059  8700 I ReactNativeJS: 🔄 Checking if should show ride request modal:
10-19 14:19:14.801  8059  8700 I ReactNativeJS: '  - Pending rides:', 0
10-19 14:19:14.801  8059  8700 I ReactNativeJS: '  - Modal already showing:', false
10-19 14:19:14.801  8059  8700 I ReactNativeJS: '  - Driver status:', 'online'
10-19 14:19:14.801  8059  8700 I ReactNativeJS: '  - Has current ride:', true
10-19 14:19:14.801  8059  8700 I ReactNativeJS: ❌ NOT SHOWING MODAL - reasons:
10-19 14:19:14.801  8059  8700 I ReactNativeJS: '🚗 Analysis:', { pendingRidesCount: 0,
10-19 14:19:14.801  8059  8700 I ReactNativeJS:   modalAlreadyShowing: false,
10-19 14:19:14.801  8059  8700 I ReactNativeJS:   driverStatus: 'online',
10-19 14:19:14.801  8059  8700 I ReactNativeJS:   hasCurrentRide: true }
10-19 14:19:14.811  8059  8700 I ReactNativeJS: === RIDES SCREEN STATE DEBUG ===
10-19 14:19:14.811  8059  8700 I ReactNativeJS: 🔄 Component state updated:
10-19 14:19:14.811  8059  8700 I ReactNativeJS: '  - Current ride:', { id: '8fb34677-14fc-4479-b3c5-d42763361ec5',
10-19 14:19:14.811  8059  8700 I ReactNativeJS:   status: 'in_progress',
10-19 14:19:14.811  8059  8700 I ReactNativeJS:   pickup: 'PRXJ+F32, Brindavan Nagar, Anand Nagar, Hosur, Tamil Nadu 635109, India',
10-19 14:19:14.811  8059  8700 I ReactNativeJS:   destination: 'Bagalur, Tamil Nadu, India' }
10-19 14:19:14.811  8059  8700 I ReactNativeJS: '  - Pending rides count:', 0
10-19 14:19:14.811  8059  8700 I ReactNativeJS: '  - Driver status:', 'online'
10-19 14:19:14.811  8059  8700 I ReactNativeJS: '  - Loading:', true
10-19 14:19:14.811  8059  8700 I ReactNativeJS: '  - Error:', null
10-19 14:19:14.811  8059  8700 I ReactNativeJS: '  - Show modal:', false
10-19 14:19:14.811  8059  8700 I ReactNativeJS: '  - Timestamp:', '2025-10-19T08:49:14.811Z'
10-19 14:19:14.811  8059  8700 I ReactNativeJS: ✅ CURRENT RIDE EXISTS - should be visible in UI
10-19 14:19:14.811  8059  8700 I ReactNativeJS: === RIDE REQUEST MODAL LOGIC DEBUG ===
10-19 14:19:14.811  8059  8700 I ReactNativeJS: 🔄 Checking if should show ride request modal:
10-19 14:19:14.811  8059  8700 I ReactNativeJS: '  - Pending rides:', 0
10-19 14:19:14.811  8059  8700 I ReactNativeJS: '  - Modal already showing:', false
10-19 14:19:14.811  8059  8700 I ReactNativeJS: '  - Driver status:', 'online'
10-19 14:19:14.811  8059  8700 I ReactNativeJS: '  - Has current ride:', true
10-19 14:19:14.811  8059  8700 I ReactNativeJS: ❌ NOT SHOWING MODAL - reasons:
10-19 14:19:14.811  8059  8700 I ReactNativeJS: '🚗 Analysis:', { pendingRidesCount: 0,
10-19 14:19:14.811  8059  8700 I ReactNativeJS:   modalAlreadyShowing: false,
10-19 14:19:14.811  8059  8700 I ReactNativeJS:   driverStatus: 'online',
10-19 14:19:14.811  8059  8700 I ReactNativeJS:   hasCurrentRide: true }
10-19 14:19:14.819  8059  8700 I ReactNativeJS: === RIDES SCREEN STATE DEBUG ===
10-19 14:19:14.819  8059  8700 I ReactNativeJS: 🔄 Component state updated:
10-19 14:19:14.819  8059  8700 I ReactNativeJS: '  - Current ride:', { id: '8fb34677-14fc-4479-b3c5-d42763361ec5',
10-19 14:19:14.819  8059  8700 I ReactNativeJS:   status: 'in_progress',
10-19 14:19:14.819  8059  8700 I ReactNativeJS:   pickup: 'PRXJ+F32, Brindavan Nagar, Anand Nagar, Hosur, Tamil Nadu 635109, India',
10-19 14:19:14.819  8059  8700 I ReactNativeJS:   destination: 'Bagalur, Tamil Nadu, India' }
10-19 14:19:14.819  8059  8700 I ReactNativeJS: '  - Pending rides count:', 0
10-19 14:19:14.819  8059  8700 I ReactNativeJS: '  - Driver status:', 'online'
10-19 14:19:14.819  8059  8700 I ReactNativeJS: '  - Loading:', false
10-19 14:19:14.819  8059  8700 I ReactNativeJS: '  - Error:', null
10-19 14:19:14.819  8059  8700 I ReactNativeJS: '  - Show modal:', false
10-19 14:19:14.819  8059  8700 I ReactNativeJS: '  - Timestamp:', '2025-10-19T08:49:14.819Z'
10-19 14:19:14.819  8059  8700 I ReactNativeJS: ✅ CURRENT RIDE EXISTS - should be visible in UI
10-19 14:19:14.882  8059  8700 I ReactNativeJS: === SENDING LOCATION TO EDGE FUNCTION ===
10-19 14:19:14.882  8059  8700 I ReactNativeJS: 'Driver User ID:', '1c4ac410-54d8-4b5e-960b-3afcbebd115d'
10-19 14:19:14.882  8059  8700 I ReactNativeJS: 'Location:', { latitude: 12.7486614,
10-19 14:19:14.882  8059  8700 I ReactNativeJS:   longitude: 77.8299929,
10-19 14:19:14.882  8059  8700 I ReactNativeJS:   accuracy: 2.799999952316284 }
10-19 14:19:14.882  8059  8700 I ReactNativeJS: 📤 Updating location via RPC...
10-19 14:19:14.915  8059  8700 E ReactNativeJS: 'Error fetching ride:', { code: 'PGRST116',
10-19 14:19:14.915  8059  8700 E ReactNativeJS:   details: 'The result contains 0 rows',
10-19 14:19:14.915  8059  8700 E ReactNativeJS:   hint: null,
10-19 14:19:14.915  8059  8700 E ReactNativeJS:   message: 'Cannot coerce the result to a single JSON object' }
10-19 14:19:14.917  8059  8700 I ReactNativeJS: '🚨 FareCalculationService result:', { success: false, error: 'Ride not found' }
10-19 14:19:14.917  8059  8700 E ReactNativeJS: '❌ Fare calculation failed:', 'Ride not found'
10-19 14:19:14.937  8059  8700 I ReactNativeJS: '🚨 CompleteRide function completed, result:', { success: false }
10-19 14:19:14.937  8059  8700 E ReactNativeJS: ❌ Failed to complete ride
10-19 14:19:14.938  8059  8700 I ReactNativeJS: === RIDES SCREEN STATE DEBUG ===
10-19 14:19:14.938  8059  8700 I ReactNativeJS: 🔄 Component state updated:
10-19 14:19:14.938  8059  8700 I ReactNativeJS: '  - Current ride:', { id: '8fb34677-14fc-4479-b3c5-d42763361ec5',
10-19 14:19:14.938  8059  8700 I ReactNativeJS:   status: 'in_progress',
10-19 14:19:14.938  8059  8700 I ReactNativeJS:   pickup: 'PRXJ+F32, Brindavan Nagar, Anand Nagar, Hosur, Tamil Nadu 635109, India',
10-19 14:19:14.938  8059  8700 I ReactNativeJS:   destination: 'Bagalur, Tamil Nadu, India' }
10-19 14:19:14.938  8059  8700 I ReactNativeJS: '  - Pending rides count:', 0
10-19 14:19:14.938  8059  8700 I ReactNativeJS: '  - Driver status:', 'online'
10-19 14:19:14.938  8059  8700 I ReactNativeJS: '  - Loading:', false
10-19 14:19:14.938  8059  8700 I ReactNativeJS: '  - Error:', 'Failed to calculate fare: Ride not found'
10-19 14:19:14.938  8059  8700 I ReactNativeJS: '  - Show modal:', false
10-19 14:19:14.938  8059  8700 I ReactNativeJS: '  - Timestamp:', '2025-10-19T08:49:14.938Z'
10-19 14:19:14.938  8059  8700 I ReactNativeJS: ✅ CURRENT RIDE EXISTS - should be visible in UI
10-19 14:19:14.941  8059  8701 E unknown:ReactNative: console.error: Error fetching ride: {"code":"PGRST116","details":"The result contains 0 rows","hint":null,"message":"Cannot coerce the result to a single JSON object"}, js engine: hermes, stack:
10-19 14:19:14.941  8059  8701 E unknown:ReactNative: _construct@1:117842
10-19 14:19:14.941  8059  8701 E unknown:ReactNative: Wrapper@1:117496
10-19 14:19:14.941  8059  8701 E unknown:ReactNative: _callSuper@1:115478
10-19 14:19:14.941  8059  8701 E unknown:ReactNative: SyntheticError@1:116983
10-19 14:19:14.941  8059  8701 E unknown:ReactNative: reactConsoleErrorHandler@1:116629
10-19 14:19:14.941  8059  8701 E unknown:ReactNative: ?anon_0_@1:2010940
10-19 14:19:14.941  8059  8701 E unknown:ReactNative: asyncGeneratorStep@1:573272
10-19 14:19:14.941  8059  8701 E unknown:ReactNative: _next@1:573529
10-19 14:19:14.941  8059  8701 E unknown:ReactNative: anonymous@1:136226
10-19 14:19:14.941  8059  8701 E unknown:ReactNative: _callTimer@1:135225
10-19 14:19:14.941  8059  8701 E unknown:ReactNative: _callReactNativeMicrotasksPass@1:135369
10-19 14:19:14.941  8059  8701 E unknown:ReactNative: callReactNativeMicrotasks@1:137300
10-19 14:19:14.941  8059  8701 E unknown:ReactNative: __callReactNativeMicrotasks@1:101038
10-19 14:19:14.941  8059  8701 E unknown:ReactNative: anonymous@1:100174
10-19 14:19:14.941  8059  8701 E unknown:ReactNative: __guard@1:100912
10-19 14:19:14.941  8059  8701 E unknown:ReactNative: flushedQueue@1:100085
10-19 14:19:14.941  8059  8701 E unknown:ReactNative: invokeCallbackAndReturnFlushedQueue@1:100028
10-19 14:19:14.945  8059  8701 E unknown:ReactNative: console.error: ❌ Fare calculation failed: Ride not found, js engine: hermes, stack:
10-19 14:19:14.945  8059  8701 E unknown:ReactNative: _construct@1:117842
10-19 14:19:14.945  8059  8701 E unknown:ReactNative: Wrapper@1:117496
10-19 14:19:14.945  8059  8701 E unknown:ReactNative: _callSuper@1:115478
10-19 14:19:14.945  8059  8701 E unknown:ReactNative: SyntheticError@1:116983
10-19 14:19:14.945  8059  8701 E unknown:ReactNative: reactConsoleErrorHandler@1:116629
10-19 14:19:14.945  8059  8701 E unknown:ReactNative: ?anon_0_@1:2002480
10-19 14:19:14.945  8059  8701 E unknown:ReactNative: asyncGeneratorStep@1:573272
10-19 14:19:14.945  8059  8701 E unknown:ReactNative: _next@1:573529
10-19 14:19:14.945  8059  8701 E unknown:ReactNative: anonymous@1:136226
10-19 14:19:14.945  8059  8701 E unknown:ReactNative: _callTimer@1:135225
10-19 14:19:14.945  8059  8701 E unknown:ReactNative: _callReactNativeMicrotasksPass@1:135369
10-19 14:19:14.945  8059  8701 E unknown:ReactNative: callReactNativeMicrotasks@1:137300
10-19 14:19:14.945  8059  8701 E unknown:ReactNative: __callReactNativeMicrotasks@1:101038
10-19 14:19:14.945  8059  8701 E unknown:ReactNative: anonymous@1:100174
10-19 14:19:14.945  8059  8701 E unknown:ReactNative: __guard@1:100912
10-19 14:19:14.945  8059  8701 E unknown:ReactNative: flushedQueue@1:100085
10-19 14:19:14.945  8059  8701 E unknown:ReactNative: invokeCallbackAndReturnFlushedQueue@1:100028
10-19 14:19:14.947  8059  8700 I ReactNativeJS: === RIDES SCREEN STATE DEBUG ===
10-19 14:19:14.947  8059  8700 I ReactNativeJS: 🔄 Component state updated:
10-19 14:19:14.947  8059  8700 I ReactNativeJS: '  - Current ride:', { id: '8fb34677-14fc-4479-b3c5-d42763361ec5',
10-19 14:19:14.947  8059  8700 I ReactNativeJS:   status: 'in_progress',
10-19 14:19:14.947  8059  8700 I ReactNativeJS:   pickup: 'PRXJ+F32, Brindavan Nagar, Anand Nagar, Hosur, Tamil Nadu 635109, India',
10-19 14:19:14.947  8059  8700 I ReactNativeJS:   destination: 'Bagalur, Tamil Nadu, India' }
10-19 14:19:14.947  8059  8700 I ReactNativeJS: '  - Pending rides count:', 0
10-19 14:19:14.947  8059  8700 I ReactNativeJS: '  - Driver status:', 'online'
10-19 14:19:14.947  8059  8700 I ReactNativeJS: '  - Loading:', false
10-19 14:19:14.947  8059  8700 I ReactNativeJS: '  - Error:', null
10-19 14:19:14.947  8059  8700 I ReactNativeJS: '  - Show modal:', false
10-19 14:19:14.947  8059  8700 I ReactNativeJS: '  - Timestamp:', '2025-10-19T08:49:14.947Z'
10-19 14:19:14.947  8059  8700 I ReactNativeJS: ✅ CURRENT RIDE EXISTS - should be visible in UI
10-19 14:19:14.949  8059  8701 E unknown:ReactNative: console.error: ❌ Failed to complete ride, js engine: hermes, stack:
10-19 14:19:14.949  8059  8701 E unknown:ReactNative: _construct@1:117842
10-19 14:19:14.949  8059  8701 E unknown:ReactNative: Wrapper@1:117496
10-19 14:19:14.949  8059  8701 E unknown:ReactNative: _callSuper@1:115478
10-19 14:19:14.949  8059  8701 E unknown:ReactNative: SyntheticError@1:116983
10-19 14:19:14.949  8059  8701 E unknown:ReactNative: reactConsoleErrorHandler@1:116629
10-19 14:19:14.949  8059  8701 E unknown:ReactNative: ?anon_0_@1:1990386
10-19 14:19:14.949  8059  8701 E unknown:ReactNative: asyncGeneratorStep@1:573272
10-19 14:19:14.949  8059  8701 E unknown:ReactNative: _next@1:573529
10-19 14:19:14.949  8059  8701 E unknown:ReactNative: anonymous@1:136226
10-19 14:19:14.949  8059  8701 E unknown:ReactNative: _callTimer@1:135225
10-19 14:19:14.949  8059  8701 E unknown:ReactNative: _callReactNativeMicrotasksPass@1:135369
10-19 14:19:14.949  8059  8701 E unknown:ReactNative: callReactNativeMicrotasks@1:137300
10-19 14:19:14.949  8059  8701 E unknown:ReactNative: __callReactNativeMicrotasks@1:101038
10-19 14:19:14.949  8059  8701 E unknown:ReactNative: anonymous@1:100174
10-19 14:19:14.949  8059  8701 E unknown:ReactNative: __guard@1:100912
10-19 14:19:14.949  8059  8701 E unknown:ReactNative: flushedQueue@1:100085
10-19 14:19:14.949  8059  8701 E unknown:ReactNative: invokeCallbackAndReturnFlushedQueue@1:100028
10-19 14:19:14.950  8059  8059 W WindowOnBackDispatcher: OnBackInvokedCallback is not enabled for the application.
10-19 14:19:14.950  8059  8059 W WindowOnBackDispatcher: Set 'android:enableOnBackInvokedCallback="true"' in the application manifest.
10-19 14:19:15.022  8059  8059 W WindowOnBackDispatcher: OnBackInvokedCallback is not enabled for the application.
10-19 14:19:15.022  8059  8059 W WindowOnBackDispatcher: Set 'android:enableOnBackInvokedCallback="true"' in the application manifest.
10-19 14:19:15.081  8059  8059 D ViewRootImpl: AppSizeAfterRelayout, size: Point(1202, 713), rotation: ROTATION_0
10-19 14:19:15.082  8059  8059 D BufferQueueConsumer: [](id:1f7b00000012,api:0,p:-1,c:8059) connect: controlledByApp=false
10-19 14:19:15.083  8059  8059 D BLASTBufferQueue: [VRI[MainActivity]#15](f:0,a:0) constructor()
10-19 14:19:15.083  8059  8059 D BLASTBufferQueue: [VRI[MainActivity]#15](f:0,a:0) update width=1202 height=713 format=-3 mTransformHint=0
10-19 14:19:15.096  8059  8674 D BLASTBufferQueue: [VRI[MainActivity]#15](f:0,a:1) acquireNextBufferLocked size=1202x713 mFrameNumber=1 applyTransaction=true mTimestamp=627125647058455(auto) mPendingTransactions.size=0 graphicBufferId=34613141438578 transform=0
10-19 14:19:15.159  8059  8700 I ReactNativeJS: '✅ Location', 'updated', 'successfully via RPC'
10-19 14:19:16.229  8059  8059 W WindowOnBackDispatcher: sendCancelIfRunning: isInProgress=false callback=android.view.ViewRootImpl$$ExternalSyntheticLambda11@2508c02
10-19 14:19:16.235  8059  8674 D HWUI    : endAllActiveAnimators on 0xb400007780101690 (RippleDrawable) with handle 0xb4000077d00c5da0
10-19 14:19:16.246  8059  8059 W WindowOnBackDispatcher: OnBackInvokedCallback is not enabled for the application.
10-19 14:19:16.246  8059  8059 W WindowOnBackDispatcher: Set 'android:enableOnBackInvokedCallback="true"' in the application manifest.
10-19 14:19:16.247  8059  8695 D BLASTBufferQueue: [VRI[MainActivity]#15](f:0,a:4) destructor()
10-19 14:19:16.248  8059  8695 D BufferQueueConsumer: [VRI[MainActivity]#15(BLAST Consumer)15](id:1f7b00000012,api:0,p:-1,c:8059) disconnect
10-19 14:19:16.283  8059  8059 V ImeFocusController: onWindowFocus: com.android.internal.policy.DecorView{e311d29 V.E...... R......D 0,0-1080,2392 aid=0}[MainActivity] softInputMode=STATE_UNSPECIFIED|ADJUST_RESIZE
10-19 14:19:16.286  5589  5589 I GoogleInputMethodService: GoogleInputMethodService.onFinishInput():2085 
10-19 14:19:16.287  5589  5589 I Module  : DeviceLockedStatusModuleProvider$Module.updateDeviceLockedStatus():100 repeatCheckTimes = 0, locked = false
10-19 14:19:16.288  5589  5589 I GoogleInputMethodService: GoogleInputMethodService.onStartInput():1346 onStartInput(EditorInfo{EditorInfo{packageName=com.a1taxi.driverpro, inputType=0, inputTypeString=NULL, enableLearning=false, autoCorrection=false, autoComplete=false, imeOptions=0, privateImeOptions=null, actionName=UNSPECIFIED, actionLabel=null, initialSelStart=-1, initialSelEnd=-1, initialCapsMode=0, label=null, fieldId=0, fieldName=null, extras=null, hintText=null, hintLocales=[]}}, false)
10-19 14:19:16.289  5589  5589 I Module  : DeviceLockedStatusModuleProvider$Module.updateDeviceLockedStatus():100 repeatCheckTimes = 1, locked = false
10-19 14:19:16.498  8059  8700 I ReactNativeJS: 🔄 Auto-refreshing rides (2-second interval)...
10-19 14:19:16.498  8059  8700 I ReactNativeJS: === LOADING RIDES ===
10-19 14:19:16.498  8059  8700 I ReactNativeJS: 'Driver ID:', 'eb91d7e5-e2f2-4021-a8c8-3739a3d4cae4'
10-19 14:19:16.498  8059  8700 I ReactNativeJS: 'Driver User ID:', '1c4ac410-54d8-4b5e-960b-3afcbebd115d'
10-19 14:19:16.523  8059  8700 I ReactNativeJS: 🔍 Loading current ride...
10-19 14:19:16.525  8059  8700 I ReactNativeJS: === RIDES SCREEN STATE DEBUG ===
10-19 14:19:16.525  8059  8700 I ReactNativeJS: 🔄 Component state updated:
10-19 14:19:16.526  8059  8700 I ReactNativeJS: '  - Current ride:', { id: '8fb34677-14fc-4479-b3c5-d42763361ec5',
10-19 14:19:16.526  8059  8700 I ReactNativeJS:   status: 'in_progress',
10-19 14:19:16.526  8059  8700 I ReactNativeJS:   pickup: 'PRXJ+F32, Brindavan Nagar, Anand Nagar, Hosur, Tamil Nadu 635109, India',
10-19 14:19:16.526  8059  8700 I ReactNativeJS:   destination: 'Bagalur, Tamil Nadu, India' }
10-19 14:19:16.526  8059  8700 I ReactNativeJS: '  - Pending rides count:', 0
10-19 14:19:16.526  8059  8700 I ReactNativeJS: '  - Driver status:', 'online'
10-19 14:19:16.526  8059  8700 I ReactNativeJS: '  - Loading:', true
10-19 14:19:16.526  8059  8700 I ReactNativeJS: '  - Error:', null
10-19 14:19:16.526  8059  8700 I ReactNativeJS: '  - Show modal:', false
10-19 14:19:16.526  8059  8700 I ReactNativeJS: '  - Timestamp:', '2025-10-19T08:49:16.526Z'
10-19 14:19:16.526  8059  8700 I ReactNativeJS: ✅ CURRENT RIDE EXISTS - should be visible in UI
10-19 14:19:16.816  8059  8700 I ReactNativeJS: '✅ Current ride loaded:', { id: '8fb34677-14fc-4479-b3c5-d42763361ec5',
10-19 14:19:16.816  8059  8700 I ReactNativeJS:   status: 'in_progress',
10-19 14:19:16.816  8059  8700 I ReactNativeJS:   pickup: 'PRXJ+F32, Brindavan Nagar, Anand Nagar, Hosur, Tamil Nadu 635109, India',
10-19 14:19:16.816  8059  8700 I ReactNativeJS:   destination: 'Bagalur, Tamil Nadu, India',
10-19 14:19:16.816  8059  8700 I ReactNativeJS:   customer: 
10-19 14:19:16.816  8059  8700 I ReactNativeJS:    { id: 'e95a4f14-8958-49e9-8ede-d81b82a7ba12',
10-19 14:19:16.816  8059  8700 I ReactNativeJS:      full_name: 'Ricco',
10-19 14:19:16.816  8059  8700 I ReactNativeJS:      phone_number: null,
10-19 14:19:16.816  8059  8700 I ReactNativeJS:      email: '918608374935@a1taxi.app' } }
10-19 14:19:16.816  8059  8700 I ReactNativeJS: ⚠️ Driver has current ride - not loading pending ride requests
10-19 14:19:16.817  8059  8700 I ReactNativeJS: === RIDES SCREEN STATE DEBUG ===
10-19 14:19:16.817  8059  8700 I ReactNativeJS: 🔄 Component state updated:
10-19 14:19:16.817  8059  8700 I ReactNativeJS: '  - Current ride:', { id: '8fb34677-14fc-4479-b3c5-d42763361ec5',
10-19 14:19:16.817  8059  8700 I ReactNativeJS:   status: 'in_progress',
10-19 14:19:16.817  8059  8700 I ReactNativeJS:   pickup: 'PRXJ+F32, Brindavan Nagar, Anand Nagar, Hosur, Tamil Nadu 635109, India',
10-19 14:19:16.817  8059  8700 I ReactNativeJS:   destination: 'Bagalur, Tamil Nadu, India' }
10-19 14:19:16.817  8059  8700 I ReactNativeJS: '  - Pending rides count:', 0
10-19 14:19:16.817  8059  8700 I ReactNativeJS: '  - Driver status:', 'online'
10-19 14:19:16.817  8059  8700 I ReactNativeJS: '  - Loading:', true
10-19 14:19:16.817  8059  8700 I ReactNativeJS: '  - Error:', null
10-19 14:19:16.817  8059  8700 I ReactNativeJS: '  - Show modal:', false
10-19 14:19:16.817  8059  8700 I ReactNativeJS: '  - Timestamp:', '2025-10-19T08:49:16.817Z'
10-19 14:19:16.817  8059  8700 I ReactNativeJS: ✅ CURRENT RIDE EXISTS - should be visible in UI
