10-18 09:48:32.137 15708 19060 I ReactNativeJS: '🔍 [ZONE-VALIDATION] Location:', 'Bagalur, Tamil Nadu, India'
10-18 09:48:32.137 15708 19060 I ReactNativeJS: '🔍 [ZONE-VALIDATION] Coordinates:', { latitude: 12.8303987, longitude: 77.86623689999999 }
10-18 09:48:32.137 15708 19060 I ReactNativeJS: '🔍 [ZONE-VALIDATION] Active zones available:', 2
10-18 09:48:32.137 15708 19060 I ReactNativeJS: '🔍 [ZONE-VALIDATION] Zone names:', [ 'Inner Ring', 'Outer Ring' ]
10-18 09:48:32.137 15708 19060 I ReactNativeJS: '🔍 [ZONE-VALIDATION] Full zone data:', '[\n  {\n    "id": "227fb7d8-2e9a-439b-b315-a28619795daa",\n    "name": "Inner Ring",\n    "city": "Hosur",\n    "state": "Tamil Nadu",\n    "coordinates": {\n      "type": "circle",\n      "center": {\n        "lat": 12.739137771576607,\n        "lng": 77.82861131744386\n      },\n      "radius": 7740.280633057722\n    },\n    "center_latitude": 12.73913777,\n    "center_longitude": 77.82861132,\n    "radius_km": 7.74,\n    "base_fare": 50,\n    "per_km_rate": 12,\n    "surge_multiplier": 1,\n    "is_active": true,\n    "created_at": "2025-10-14T06:53:07.902747+00:00",\n    "updated_at": "2025-10-14T06:53:07.902747+00:00"\n  },\n  {\n    "id": "743ead3b-5e3c-4812-9bd7-d056934e7ad5",\n    "name": "Outer Ring",\n    "city": "Hosur",\n    "state": "Tamil Nadu",\n    "coordinates": {\n      "type": "circle",\n      "center": {\n        "lat": 12.738133154875067,\n        "lng": 77.82916921691896\n      },\n      "radius": 13156.583388351022\n    },\n    "center_latitude": 12.73813315,\n    "center_longitude": 77.82916922,\n    "radius_km": 13.16,\n    "base_fare": 50,\n    "per_km_rate": 12,\n    "surge_multiplier": 1,\n    "is_active": true,\n    "created_at": "2025-10-14T06:53:40.388587+00:00",\n    "updated_at": "2025-10-14T06:53:40.388587+00:00"\n  }\n]'
10-18 09:48:32.138 15708 19060 I ReactNativeJS: '🔍 Checking if point is in service area:', { coordinates: { latitude: 12.8303987, longitude: 77.86623689999999 },
10-18 09:48:32.138 15708 19060 I ReactNativeJS:   zonesCount: 2,
10-18 09:48:32.138 15708 19060 I ReactNativeJS:   zones: 
10-18 09:48:32.138 15708 19060 I ReactNativeJS:    [ { name: 'Inner Ring',
10-18 09:48:32.138 15708 19060 I ReactNativeJS:        type: 'circle',
10-18 09:48:32.138 15708 19060 I ReactNativeJS:        radius_km: 7.74,
10-18 09:48:32.138 15708 19060 I ReactNativeJS:        center_lat: 12.73913777,
10-18 09:48:32.138 15708 19060 I ReactNativeJS:        center_lng: 77.82861132 },
10-18 09:48:32.138 15708 19060 I ReactNativeJS:      { name: 'Outer Ring',
10-18 09:48:32.138 15708 19060 I ReactNativeJS:        type: 'circle',
10-18 09:48:32.138 15708 19060 I ReactNativeJS:        radius_km: 13.16,
10-18 09:48:32.138 15708 19060 I ReactNativeJS:        center_lat: 12.73813315,
10-18 09:48:32.138 15708 19060 I ReactNativeJS:        center_lng: 77.82916922 } ] }
10-18 09:48:32.138 15708 19060 I ReactNativeJS: 🔍 Using circle-based zone validation
10-18 09:48:32.138 15708 19060 I ReactNativeJS: '🔍 Raw Outer Ring data:', { center_latitude: 12.73813315,
10-18 09:48:32.138 15708 19060 I ReactNativeJS:   center_latitude_type: 'number',
10-18 09:48:32.138 15708 19060 I ReactNativeJS:   center_longitude: 77.82916922,
10-18 09:48:32.138 15708 19060 I ReactNativeJS:   center_longitude_type: 'number',
10-18 09:48:32.138 15708 19060 I ReactNativeJS:   radius_km: 13.16,
10-18 09:48:32.138 15708 19060 I ReactNativeJS:   radius_km_type: 'number' }
10-18 09:48:32.138 15708 19060 I ReactNativeJS: '🔍 Parsed values:', { centerLat: 12.73813315,
10-18 09:48:32.138 15708 19060 I ReactNativeJS:   centerLng: 77.82916922,
10-18 09:48:32.138 15708 19060 I ReactNativeJS:   radiusKm: 13.16,
10-18 09:48:32.138 15708 19060 I ReactNativeJS:   allValid: true }
10-18 09:48:32.139 15708 19060 I ReactNativeJS: '🔍 Circle zone check:', { point: { latitude: 12.8303987, longitude: 77.86623689999999 },
10-18 09:48:32.139 15708 19060 I ReactNativeJS:   center: { latitude: 12.73813315, longitude: 77.82916922 },
10-18 09:48:32.139 15708 19060 I ReactNativeJS:   radiusKm: '13.16km',
10-18 09:48:32.139 15708 19060 I ReactNativeJS:   calculatedDistance: '11.02km',
10-18 09:48:32.139 15708 19060 I ReactNativeJS:   difference: '-2.14km',
10-18 09:48:32.139 15708 19060 I ReactNativeJS:   isInside: '✅ INSIDE' }
10-18 09:48:32.139 15708 19060 I ReactNativeJS: 🔍 Point is INSIDE Outer Ring (13.16km radius)
10-18 09:48:32.139 15708 19060 I ReactNativeJS: ✅ [ZONE-VALIDATION] Destination location is within active zones
10-18 09:48:32.139 15708 19060 I ReactNativeJS: '💰 [UI] Displaying fare for hatchback:', { fare: 0,
10-18 09:48:32.139 15708 19060 I ReactNativeJS:   isSelected: false,
10-18 09:48:32.139 15708 19060 I ReactNativeJS:   showingCalculated: false,
10-18 09:48:32.139 15708 19060 I ReactNativeJS:   source: 'minimum_fare' }
10-18 09:48:32.146 15708 19060 I ReactNativeJS: '💰 [UI] Displaying fare for hatchback_ac:', { fare: 0,
10-18 09:48:32.146 15708 19060 I ReactNativeJS:   isSelected: false,
10-18 09:48:32.146 15708 19060 I ReactNativeJS:   showingCalculated: false,
10-18 09:48:32.146 15708 19060 I ReactNativeJS:   source: 'minimum_fare' }
10-18 09:48:32.147 15708 19060 I ReactNativeJS: '💰 [UI] Displaying fare for sedan:', { fare: 0,
10-18 09:48:32.147 15708 19060 I ReactNativeJS:   isSelected: true,
10-18 09:48:32.147 15708 19060 I ReactNativeJS:   showingCalculated: false,
10-18 09:48:32.147 15708 19060 I ReactNativeJS:   source: 'minimum_fare' }
10-18 09:48:32.149 15708 19060 I ReactNativeJS: '💰 [UI] Displaying fare for sedan_ac:', { fare: 0,
10-18 09:48:32.149 15708 19060 I ReactNativeJS:   isSelected: false,
10-18 09:48:32.149 15708 19060 I ReactNativeJS:   showingCalculated: false,
10-18 09:48:32.149 15708 19060 I ReactNativeJS:   source: 'minimum_fare' }
10-18 09:48:32.150 15708 19060 I ReactNativeJS: '💰 [UI] Displaying fare for suv:', { fare: 90,
10-18 09:48:32.150 15708 19060 I ReactNativeJS:   isSelected: false,
10-18 09:48:32.150 15708 19060 I ReactNativeJS:   showingCalculated: true,
10-18 09:48:32.150 15708 19060 I ReactNativeJS:   source: 'calculated' }
10-18 09:48:32.151 15708 19060 I ReactNativeJS: '💰 [UI] Displaying fare for suv_ac:', { fare: 0,
10-18 09:48:32.151 15708 19060 I ReactNativeJS:   isSelected: false,
10-18 09:48:32.151 15708 19060 I ReactNativeJS:   showingCalculated: false,
10-18 09:48:32.151 15708 19060 I ReactNativeJS:   source: 'minimum_fare' }
10-18 09:48:32.173 15708 19060 I ReactNativeJS: '🗺️ [MAP] Props updated:', { showRoute: true,
10-18 09:48:32.173 15708 19060 I ReactNativeJS:   showDriverToPickupRoute: false,
10-18 09:48:32.173 15708 19060 I ReactNativeJS:   hasDriverLocation: false,
10-18 09:48:32.173 15708 19060 I ReactNativeJS:   hasPickupCoords: true,
10-18 09:48:32.173 15708 19060 I ReactNativeJS:   hasDestinationCoords: true,
10-18 09:48:32.173 15708 19060 I ReactNativeJS:   driverLocation: null,
10-18 09:48:32.173 15708 19060 I ReactNativeJS:   pickupCoords: { lat: 12.7486583, lng: 77.8299917 },
10-18 09:48:32.173 15708 19060 I ReactNativeJS:   destinationCoords: { lat: 12.8303987, lng: 77.86623689999999 } }
10-18 09:48:32.173 15708 19060 I ReactNativeJS: '🗺️ Calculating route between:', { latitude: 12.7486583, longitude: 77.8299917 }, 'and', { latitude: 12.8303987, longitude: 77.86623689999999 }
10-18 09:48:32.173 15708 19060 I ReactNativeJS: '🗺️ [GOOGLE-MAPS] Getting directions from', { lat: 12.7486583, lng: 77.8299917 }, 'to', { lat: 12.8303987, lng: 77.86623689999999 }
10-18 09:48:32.173 15708 19060 I ReactNativeJS: '🌐 Making proxy request to:', 'https://whubaypabojomdyfqxcf.supabase.co/functions/v1/places-proxy/directions?origin=12.7486583%2C77.8299917&destination=12.8303987%2C77.86623689999999&mode=driving'
10-18 09:48:32.174 15708 19060 I ReactNativeJS: 🗺️ [HOME] ===== HIDING DRIVERS FOR ROUTE DISPLAY =====
10-18 09:48:32.174 15708 19060 I ReactNativeJS: 🗺️ [HOME] Both pickup and destination selected, hiding drivers to show route
10-18 09:48:32.174 15708 19060 I ReactNativeJS: 🛑 [HOME] Stopping driver location polling
10-18 09:48:32.174 15708 19060 I ReactNativeJS: 🔄 [HOME] Triggering fare calculation due to location/vehicle change
10-18 09:48:32.174 15708 19060 I ReactNativeJS: 💰 [HOME] ===== STARTING FARE CALCULATION WITH DEADHEAD =====
10-18 09:48:32.174 15708 19060 I ReactNativeJS: '💰 [HOME] Calculating fare for Bagalur trip:', { pickup: 'PRXJ+F32, Brindavan Nagar, Plot 87, NGGO\'s Colony, Anand Nagar, Hosur, Tamil Nadu 635109, India',
10-18 09:48:32.174 15708 19060 I ReactNativeJS:   destination: 'Bagalur, Tamil Nadu, India',
10-18 09:48:32.174 15708 19060 I ReactNativeJS:   pickupCoords: { latitude: 12.7486583, longitude: 77.8299917 },
10-18 09:48:32.174 15708 19060 I ReactNativeJS:   destinationCoords: { latitude: 12.8303987, longitude: 77.86623689999999 },
10-18 09:48:32.174 15708 19060 I ReactNativeJS:   selectedVehicle: 'sedan',
10-18 09:48:32.174 15708 19060 I ReactNativeJS:   timestamp: '2025-10-18T04:18:32.174Z',
10-18 09:48:32.174 15708 19060 I ReactNativeJS:   shouldHaveDeadhead: true }
10-18 09:48:32.174 15708 19060 I ReactNativeJS: 💰 [HOME] Calling fareCalculator.calculateFare...
10-18 09:48:32.174 15708 19060 I ReactNativeJS: '💰 [FARE-CALC] Input parameters:', { vehicleType: 'sedan',
10-18 09:48:32.174 15708 19060 I ReactNativeJS:   pickup: { latitude: 12.7486583, longitude: 77.8299917 },
10-18 09:48:32.174 15708 19060 I ReactNativeJS:   destination: { latitude: 12.8303987, longitude: 77.86623689999999 },
10-18 09:48:32.174 15708 19060 I ReactNativeJS:   timestamp: '2025-10-18T04:18:32.174Z',
10-18 09:48:32.174 15708 19060 I ReactNativeJS:   supabaseUrl: 'SET',
10-18 09:48:32.174 15708 19060 I ReactNativeJS:   supabaseKey: 'SET' }
10-18 09:48:32.174 15708 19060 I ReactNativeJS: 🎯 [FARE-CALC] Using edge function for deadhead calculation...
10-18 09:48:32.174 15708 19060 I ReactNativeJS: '🔍 [FARE-CALC] Environment validation:', { supabaseUrl: 'SET',
10-18 09:48:32.174 15708 19060 I ReactNativeJS:   supabaseKey: 'SET',
10-18 09:48:32.174 15708 19060 I ReactNativeJS:   urlValid: true,
10-18 09:48:32.174 15708 19060 I ReactNativeJS:   keyValid: true }
10-18 09:48:32.174 15708 19060 I ReactNativeJS: '🎯 [FARE-CALC] Edge function URL:', 'https://whubaypabojomdyfqxcf.supabase.co/functions/v1/fare-calculation'
10-18 09:48:32.175 15708 19060 I ReactNativeJS: 📡 [FARE-CALC] Making request to edge function...
10-18 09:48:32.175 15708 19060 I ReactNativeJS: '📡 [FARE-CALC] Request body:', { pickup_latitude: 12.7486583,
10-18 09:48:32.175 15708 19060 I ReactNativeJS:   pickup_longitude: 77.8299917,
10-18 09:48:32.175 15708 19060 I ReactNativeJS:   destination_latitude: 12.8303987,
10-18 09:48:32.175 15708 19060 I ReactNativeJS:   destination_longitude: 77.86623689999999,
10-18 09:48:32.175 15708 19060 I ReactNativeJS:   vehicle_type: 'sedan',
10-18 09:48:32.175 15708 19060 I ReactNativeJS:   booking_type: 'regular' }
10-18 09:48:32.176 15708 19060 I ReactNativeJS: '💰 [UI] Displaying fare for hatchback:', { fare: 0,
10-18 09:48:32.176 15708 19060 I ReactNativeJS:   isSelected: false,
10-18 09:48:32.176 15708 19060 I ReactNativeJS:   showingCalculated: false,
10-18 09:48:32.176 15708 19060 I ReactNativeJS:   source: 'minimum_fare' }
10-18 09:48:32.177 15708 19060 I ReactNativeJS: '💰 [UI] Displaying fare for hatchback_ac:', { fare: 0,
10-18 09:48:32.177 15708 19060 I ReactNativeJS:   isSelected: false,
10-18 09:48:32.177 15708 19060 I ReactNativeJS:   showingCalculated: false,
10-18 09:48:32.177 15708 19060 I ReactNativeJS:   source: 'minimum_fare' }
10-18 09:48:32.179 15708 19060 I ReactNativeJS: '💰 [UI] Displaying fare for sedan:', { fare: 0,
10-18 09:48:32.179 15708 19060 I ReactNativeJS:   isSelected: true,
10-18 09:48:32.179 15708 19060 I ReactNativeJS:   showingCalculated: false,
10-18 09:48:32.179 15708 19060 I ReactNativeJS:   source: 'minimum_fare' }
10-18 09:48:32.180 15708 19060 I ReactNativeJS: '💰 [UI] Displaying fare for sedan_ac:', { fare: 0,
10-18 09:48:32.180 15708 19060 I ReactNativeJS:   isSelected: false,
10-18 09:48:32.180 15708 19060 I ReactNativeJS:   showingCalculated: false,
10-18 09:48:32.180 15708 19060 I ReactNativeJS:   source: 'minimum_fare' }
10-18 09:48:32.181 15708 19060 I ReactNativeJS: '💰 [UI] Displaying fare for suv:', { fare: 90,
10-18 09:48:32.181 15708 19060 I ReactNativeJS:   isSelected: false,
10-18 09:48:32.181 15708 19060 I ReactNativeJS:   showingCalculated: true,
10-18 09:48:32.181 15708 19060 I ReactNativeJS:   source: 'calculated' }
10-18 09:48:32.182 26036  3151 I TFLite-in-PlayServices: Created interpreter.
10-18 09:48:32.183 15708 19060 I ReactNativeJS: '💰 [UI] Displaying fare for suv_ac:', { fare: 0,
10-18 09:48:32.183 15708 19060 I ReactNativeJS:   isSelected: false,
10-18 09:48:32.183 15708 19060 I ReactNativeJS:   showingCalculated: false,
10-18 09:48:32.183 15708 19060 I ReactNativeJS:   source: 'minimum_fare' }
10-18 09:48:32.198 26036  1250 I AlarmManager: setExactAndAllowWhileIdle [name: FcmRetry type: 2 triggerAtMillis: 1205401330]
10-18 09:48:32.205 15708 15708 D AutofillManager: view not autofillable - not passing ime action check
10-18 09:48:32.207 15708 15708 I ImeTracker: com.a1taxi.a1taxicustomer:3074f945: onRequestHide at ORIGIN_CLIENT reason HIDE_SOFT_INPUT fromUser false
10-18 09:48:32.226  9685  9685 D ActivityThread: Package [com.phonepe.app] reported as REPLACED, but missing application info. Assuming REMOVED.
10-18 09:48:32.227 15708 15708 W WindowOnBackDispatcher: sendCancelIfRunning: isInProgress=false callback=android.view.ViewRootImpl$$ExternalSyntheticLambda11@3937a5
10-18 09:48:32.228 15708 15708 D AutofillManager: view not autofillable - not passing ime action check
10-18 09:48:32.228 15708 15708 D AutofillManager: view not autofillable - not passing ime action check
10-18 09:48:32.233 15708 15708 D BLASTBufferQueue: [VRI[MainActivity]#30](f:0,a:4) destructor()
10-18 09:48:32.233 15708 15708 D BufferQueueConsumer: [VRI[MainActivity]#30(BLAST Consumer)30](id:3d5c00000035,api:0,p:-1,c:15708) disconnect
10-18 09:48:32.260  9685  9685 D ActivityThread: Package [com.phonepe.app] reported as REPLACED, but missing application info. Assuming REMOVED.
10-18 09:48:32.265  9685  9685 D ActivityThread: Package [com.application.zomato] reported as REPLACED, but missing application info. Assuming REMOVED.
10-18 09:48:32.286 15708 15708 V ImeFocusController: onWindowFocus: com.android.internal.policy.DecorView{59ad08d V.E...... R......D 0,0-1080,2392 aid=0}[MainActivity] softInputMode=STATE_UNSPECIFIED|ADJUST_RESIZE
10-18 09:48:32.288  5589  5589 I GoogleInputMethodService: GoogleInputMethodService.onFinishInput():2085 
10-18 09:48:32.289  9685 16103 D VivoJavaJsonManager: failed to find appName:com.google.android.apps.nbu.paisa.user from config key:mProtakePackages
10-18 09:48:32.289  5589  5589 I Module  : DeviceLockedStatusModuleProvider$Module.updateDeviceLockedStatus():100 repeatCheckTimes = 0, locked = false
10-18 09:48:32.289  9685 15896 D VivoJavaJsonManager: failed to find appName:com.google.android.apps.nbu.paisa.user from config key:mProtakePackages
10-18 09:48:32.289  5589  5589 I GoogleInputMethodService: GoogleInputMethodService.onStartInput():1346 onStartInput(EditorInfo{EditorInfo{packageName=com.a1taxi.a1taxicustomer, inputType=0, inputTypeString=NULL, enableLearning=false, autoCorrection=false, autoComplete=false, imeOptions=0, privateImeOptions=null, actionName=UNSPECIFIED, actionLabel=null, initialSelStart=-1, initialSelEnd=-1, initialCapsMode=0, label=null, fieldId=0, fieldName=null, extras=null, hintText=null, hintLocales=[]}}, false)
10-18 09:48:32.290  5589  5589 I Module  : DeviceLockedStatusModuleProvider$Module.updateDeviceLockedStatus():100 repeatCheckTimes = 1, locked = false
10-18 09:48:32.291  9685 16103 D VivoJavaJsonManager: failed to find appName:com.google.android.apps.nbu.paisa.user from config key:mProtakePackages
10-18 09:48:32.294  9685 15896 D VivoJavaJsonManager: failed to find appName:com.google.android.apps.nbu.paisa.user from config key:mProtakePackages
10-18 09:48:32.295  9685 15896 D VivoJavaJsonManager: failed to find appName:com.google.android.apps.nbu.paisa.user from config key:mProtakePackages
10-18 09:48:32.300  9685 16106 D VivoJavaJsonManager: failed to find appName:com.google.android.apps.nbu.paisa.user from config key:mProtakePackages
10-18 09:48:32.300  9685 16103 D VivoJavaJsonManager: failed to find appName:com.google.android.apps.nbu.paisa.user from config key:mProtakePackages
10-18 09:48:32.304  9685 16106 D VivoJavaJsonManager: failed to find appName:com.google.android.apps.nbu.paisa.user from config key:mProtakePackages
10-18 09:48:32.304  9685 16103 D VivoJavaJsonManager: failed to find appName:com.google.android.apps.nbu.paisa.user from config key:mProtakePackages
10-18 09:48:32.304  9685 16106 D VivoJavaJsonManager: failed to find appName:com.google.android.apps.nbu.paisa.user from config key:mProtakePackages
10-18 09:48:32.305  9685 16103 D VivoJavaJsonManager: failed to find appName:com.google.android.apps.nbu.paisa.user from config key:mProtakePackages
10-18 09:48:32.306  9685 16106 D VivoJavaJsonManager: failed to find appName:com.google.android.apps.nbu.paisa.user from config key:mProtakePackages
10-18 09:48:32.309  9685 16106 D VivoJavaJsonManager: failed to find appName:com.google.android.apps.nbu.paisa.user from config key:mProtakePackages
10-18 09:48:32.310  9685 16106 D VivoJavaJsonManager: failed to find appName:com.google.android.apps.nbu.paisa.user from config key:mProtakePackages
10-18 09:48:32.311  9685 16103 D VivoJavaJsonManager: failed to find appName:com.google.android.apps.nbu.paisa.user from config key:mProtakePackages
10-18 09:48:32.312  9685 16103 D VivoJavaJsonManager: failed to find appName:com.google.android.apps.nbu.paisa.user from config key:mProtakePackages
10-18 09:48:32.313 26036  1251 I PhenotypeResourceReader: unable to find any Phenotype resource metadata for com.application.zomato
10-18 09:48:32.316  9685  9685 D ActivityThread: Package [com.application.zomato] reported as REPLACED, but missing application info. Assuming REMOVED.
10-18 09:48:32.317  9685 16106 D VivoJavaJsonManager: failed to find appName:com.google.android.apps.nbu.paisa.user from config key:mProtakePackages
10-18 09:48:32.317  9685 16103 D VivoJavaJsonManager: failed to find appName:com.google.android.apps.nbu.paisa.user from config key:mProtakePackages
10-18 09:48:32.321  9685 16106 D VivoJavaJsonManager: failed to find appName:com.google.android.apps.nbu.paisa.user from config key:mProtakePackages
10-18 09:48:32.323  9685 16106 D VivoJavaJsonManager: failed to find appName:com.google.android.apps.nbu.paisa.user from config key:mProtakePackages
10-18 09:48:32.324  9685 16103 D VivoJavaJsonManager: failed to find appName:com.google.android.apps.nbu.paisa.user from config key:mProtakePackages
10-18 09:48:32.327  9685 16103 D VivoJavaJsonManager: failed to find appName:com.google.android.apps.nbu.paisa.user from config key:mProtakePackages
10-18 09:48:32.328  9685  9685 D ActivityThread: Package [com.google.android.apps.walletnfcrel] reported as REPLACED, but missing application info. Assuming REMOVED.
10-18 09:48:32.330  9685  9685 D ActivityThread: Package [com.google.android.apps.walletnfcrel] reported as REPLACED, but missing application info. Assuming REMOVED.
10-18 09:48:32.332  9685 16103 D VivoJavaJsonManager: failed to find appName:com.google.android.apps.nbu.paisa.user from config key:mProtakePackages
10-18 09:48:32.333  9685 16103 W CameraManagerGlobal: ignore the torch status update of camera: 2
10-18 09:48:32.333  9685  9685 D ActivityThread: Package [com.booking] reported as REPLACED, but missing application info. Assuming REMOVED.
10-18 09:48:32.334  9685  9685 D ActivityThread: Package [com.booking] reported as REPLACED, but missing application info. Assuming REMOVED.
10-18 09:48:32.335  9685 16106 D VivoJavaJsonManager: failed to find appName:com.google.android.apps.nbu.paisa.user from config key:mProtakePackages
10-18 09:48:32.335  9685 16106 W CameraManagerGlobal: ignore the torch status update of camera: 3
10-18 09:48:32.335  9685  9685 D ActivityThread: Package [com.google.android.apps.nbu.files] reported as REPLACED, but missing application info. Assuming REMOVED.
10-18 09:48:32.337  9685 16103 E CameraManagerGlobal: Camera 3 is not present. Ignore physical camera status change
10-18 09:48:32.349  9685  9685 D ActivityThread: Package [com.google.android.apps.nbu.files] reported as REPLACED, but missing application info. Assuming REMOVED.
10-18 09:48:32.351  9685  9685 D ActivityThread: Package [com.google.android.gm] reported as REPLACED, but missing application info. Assuming REMOVED.
10-18 09:48:32.352  9685  9685 D ActivityThread: Package [com.google.android.gm] reported as REPLACED, but missing application info. Assuming REMOVED.
10-18 09:48:32.354  9685  9685 D ActivityThread: Package [com.google.android.apps.docs.editors.sheets] reported as REPLACED, but missing application info. Assuming REMOVED.
10-18 09:48:32.357  9685  9685 D ActivityThread: Package [com.google.android.apps.docs.editors.sheets] reported as REPLACED, but missing application info. Assuming REMOVED.
10-18 09:48:32.358  9685  9685 D ActivityThread: Package [com.google.android.apps.docs] reported as REPLACED, but missing application info. Assuming REMOVED.
10-18 09:48:32.363  9685  9685 D ActivityThread: Package [com.google.android.apps.docs] reported as REPLACED, but missing application info. Assuming REMOVED.
10-18 09:48:32.364  9685  9685 D ActivityThread: Package [com.google.android.apps.photos] reported as REPLACED, but missing application info. Assuming REMOVED.
10-18 09:48:32.372  9685  9685 D ActivityThread: Package [com.google.android.apps.photos] reported as REPLACED, but missing application info. Assuming REMOVED.
10-18 09:48:32.374 28626  4483 I HttpFlagsLoader: HTTP flags log line (Impl): Using live production flag values from Google
10-18 09:48:32.376  9685  9685 D ActivityThread: Package [com.a1taxi.driverpro] reported as REPLACED, but missing application info. Assuming REMOVED.
10-18 09:48:32.381  9685  9685 D ActivityThread: Package [com.a1taxi.driverpro] reported as REPLACED, but missing application info. Assuming REMOVED.
10-18 09:48:32.381  9685  9685 D ActivityThread: Package [com.a1taxi.driverpro] reported as REPLACED, but missing application info. Assuming REMOVED.
10-18 09:48:32.409 26106 26106 D BoundBrokerSvc: onUnbind: Intent { act=com.google.android.gms.locationsharingreporter.service.START dat=chimera-action:/... cmp=com.google.android.gms/.chimera.GmsApiService }
10-18 09:48:32.423 28626  2154 D nativeloader: Configuring clns-9 for other apk . target_sdk_version=36, uses_libraries=ALL, library_path=/data/app/~~Nj5x6oEjOfi5wD5H_znOGQ==/com.google.android.gms-is4C_Gk9dUPsxVnNnVBzPg==/split_CronetDynamite_installtime.apk!/lib/arm64-v8a, permitted_path=/data:/mnt/expand
10-18 09:48:32.425 28626  2154 D nativeloader: Extending system_exposed_libraries: libapuwareapusys.mtk.so:libapuwareapusys_v2.mtk.so:libapuwarexrp.mtk.so:libapuwarexrp_v2.mtk.so:libapuwareutils.mtk.so:libapuwareutils_v2.mtk.so:libapuwarehmp.mtk.so:libneuron_graph_delegate.mtk.so:libneuronusdk_adapter.mtk.so:libtflite_mtk.mtk.so:libarmnn_ndk.mtk.so:libcmdl_ndk.mtk.so:libnir_neon_driver_ndk.mtk.so:libmvpu_runtime.mtk.so:libmvpu_runtime_pub.mtk.so:libmvpu_engine_pub.mtk.so:libmvpu_pattern_pub.mtk.so:libmvpuop_mtk_cv.mtk.so:libmvpuop_mtk_nn.mtk.so:libmvpu_runtime_25.mtk.so:libmvpu_runtime_25_pub.mtk.so:libmvpu_engine_25_pub.mtk.so:libmvpu_pattern_25_pub.mtk.so:libmvpuop25_mtk_cv.mtk.so:libmvpuop25_mtk_nn.mtk.so:libmvpu_config.mtk.so:libteeservice_client.trustonic.so:librealm-jni.vivo.so
10-18 09:48:32.514  3446  4208 D nativeloader: Configuring clns-9 for other apk . target_sdk_version=35, uses_libraries=ALL, library_path=/data/app/~~Nj5x6oEjOfi5wD5H_znOGQ==/com.google.android.gms-is4C_Gk9dUPsxVnNnVBzPg==/split_CronetDynamite_installtime.apk!/lib/arm64-v8a, permitted_path=/data:/mnt/expand
10-18 09:48:32.514  3446  4208 D nativeloader: Extending system_exposed_libraries: libapuwareapusys.mtk.so:libapuwareapusys_v2.mtk.so:libapuwarexrp.mtk.so:libapuwarexrp_v2.mtk.so:libapuwareutils.mtk.so:libapuwareutils_v2.mtk.so:libapuwarehmp.mtk.so:libneuron_graph_delegate.mtk.so:libneuronusdk_adapter.mtk.so:libtflite_mtk.mtk.so:libarmnn_ndk.mtk.so:libcmdl_ndk.mtk.so:libnir_neon_driver_ndk.mtk.so:libmvpu_runtime.mtk.so:libmvpu_runtime_pub.mtk.so:libmvpu_engine_pub.mtk.so:libmvpu_pattern_pub.mtk.so:libmvpuop_mtk_cv.mtk.so:libmvpuop_mtk_nn.mtk.so:libmvpu_runtime_25.mtk.so:libmvpu_runtime_25_pub.mtk.so:libmvpu_engine_25_pub.mtk.so:libmvpu_pattern_25_pub.mtk.so:libmvpuop25_mtk_cv.mtk.so:libmvpuop25_mtk_nn.mtk.so:libmvpu_config.mtk.so:libteeservice_client.trustonic.so:librealm-jni.vivo.so
10-18 09:48:32.519  3446  4208 D nativeloader: Load /data/app/~~Nj5x6oEjOfi5wD5H_znOGQ==/com.google.android.gms-is4C_Gk9dUPsxVnNnVBzPg==/split_CronetDynamite_installtime.apk!/lib/arm64-v8a/libcronet.141.0.7340.3.so using isolated ns clns-9 (caller=/data/app/~~Nj5x6oEjOfi5wD5H_znOGQ==/com.google.android.gms-is4C_Gk9dUPsxVnNnVBzPg==/split_CronetDynamite_installtime.apk): ok
10-18 09:48:32.542 30791  4486 D HttpFlagsLoader: Found application exporting HTTP flags: com.google.android.gms
10-18 09:48:32.542 30791  4486 D HttpFlagsLoader: HTTP flags file path: /data/user_de/0/com.google.android.gms/app_httpflags/flags.binarypb
10-18 09:48:32.564 30764   605 D NetworkSession: New data task received from Msys
10-18 09:48:32.574 31924  2663 W fb4a.NoOpQuickPerformanceLogger: markerEnd(int markerId, int instanceKey, short action) has not been implemented
10-18 09:48:32.582 30791  4486 D HttpFlagsLoader: Successfully loaded HTTP flags: # android.net.connectivity.org.chromium.net.httpflags.Flags@3b2909b7
10-18 09:48:32.582 30791  4486 D HttpFlagsLoader: flags {
10-18 09:48:32.582 30791  4486 D HttpFlagsLoader:   key: "Cronet_ForceHttpEngineInFallback"
10-18 09:48:32.582 30791  4486 D HttpFlagsLoader:   value {
10-18 09:48:32.582 30791  4486 D HttpFlagsLoader:     constrained_values {
10-18 09:48:32.582 30791  4486 D HttpFlagsLoader:       app_id: "com.google.android.gms"
10-18 09:48:32.582 30791  4486 D HttpFlagsLoader:     }
10-18 09:48:32.582 30791  4486 D HttpFlagsLoader:     constrained_values {
10-18 09:48:32.582 30791  4486 D HttpFlagsLoader:       app_id: "com.android.vending"
10-18 09:48:32.582 30791  4486 D HttpFlagsLoader:     }
10-18 09:48:32.582 30791  4486 D HttpFlagsLoader:     constrained_values {
10-18 09:48:32.582 30791  4486 D HttpFlagsLoader:       bool_value: true
10-18 09:48:32.582 30791  4486 D HttpFlagsLoader:       min_version: "137.0.7141.0"
10-18 09:48:32.582 30791  4486 D HttpFlagsLoader:     }
10-18 09:48:32.582 30791  4486 D HttpFlagsLoader:   }
10-18 09:48:32.582 30791  4486 D HttpFlagsLoader: }
10-18 09:48:32.582 30791  4486 D HttpFlagsLoader: flags {
10-18 09:48:32.582 30791  4486 D HttpFlagsLoader:   key: "Cronet_override_network_thread_priority"
10-18 09:48:32.582 30791  4486 D HttpFlagsLoader:   value {
10-18 09:48:32.582 30791  4486 D HttpFlagsLoader:     constrained_values {
10-18 09:48:32.582 30791  4486 D HttpFlagsLoader:       app_id: "com.google.android.gms"
10-18 09:48:32.582 30791  4486 D HttpFlagsLoader:     }
10-18 09:48:32.582 30791  4486 D HttpFlagsLoader:     constrained_values {
10-18 09:48:32.582 30791  4486 D HttpFlagsLoader:       app_id: "com.android.vending"
10-18 09:48:32.582 30791  4486 D HttpFlagsLoader:     }
10-18 09:48:32.582 30791  4486 D HttpFlagsLoader:     constrained_values {
10-18 09:48:32.582 30791  4486 D HttpFlagsLoader:       int_value: 0
10-18 09:48:32.582 30791  4486 D HttpFlagsLoader:       min_version: "126.0.6465.0"
10-18 09:48:32.582 30791  4486 D HttpFlagsLoader:     }
10-18 09:48:32.582 30791  4486 D HttpFlagsLoader:   }
10-18 09:48:32.582 30791  4486 D HttpFlagsLoader: }
10-18 09:48:32.582 30791  4486 D HttpFlagsLoader: flags {
10-18 09:48:32.582 30791  4486 D HttpFlagsLoader:   key: "ChromiumBaseFeature_OverrideConnectionOptions"
10-18 09:48:32.582 30791  4486 D HttpFlagsLoader:   value {
10-18 09:48:32.582 30791  4486 D HttpFlagsLoader:   }
10-18 09:48:32.582 30791  4486 D HttpFlagsLoader: }
10-18 09:48:32.582 30791  4486 D HttpFlagsLoader: flags {
10-18 09:48:32.582 30791  4486 D HttpFlagsLoader:   key: "Cronet_InitializeBuildInfoOnStartup"
10-18 09:48:32.582 30791  4486 D HttpFlagsLoader:   value {
10-18 09:48:32.582 30791  4486 D HttpFlagsLoader:     constrained_values {
10-18 09:48:32.582 30791  4486 D HttpFlagsLoader:       app_id: "com.google.android.gms"
10-18 09:48:32.582 30791  4486 D HttpFlagsLoader:     }
10-18 09:48:32.582 30791  4486 D HttpFlagsLoader:     constrained_values {
10-18 09:48:32.582 30791  4486 D HttpFlagsLoader:       app_id: "com.android.vending"
10-18 09:48:32.582 30791  4486 D HttpFlagsLoader:     }
10-18 09:48:32.582 30791  4486 D HttpFlagsLoader:     constrained_values {
10-18 09:48:32.582 30791  4486 D HttpFlagsLoader:       bool_value: false
10-18 09:48:32.582 30791  4486 D HttpFlagsLoader:       min_version: "135.0.7011.0"
10-18 09:48:32.582 30791  4486 D HttpFlagsLoader:     }
10-18 09:48:32.582 30791  4486 D HttpFlagsLoader:   }
10-18 09:48:32.582 30791  4486 D HttpFlagsLoader: }
10-18 09:48:32.582 30791  4486 D HttpFlagsLoader: flags {
10-18 09:48:32.582 30791  4486 D HttpFlagsLoader:   key: "ChromiumBaseFeature_OverrideClientConnectionOptions_PARAM_ForceOff"
10-18 09:48:32.582 30791  4486 D HttpFlagsLoader:   value {
10-18 09:48:32.582 30791  4486 D HttpFlagsLoader:   }
10-18 09:48:32.582 30791  4486 D HttpFlagsLoader: }
10-18 09:48:32.582 30791  4486 D HttpFlagsLoader: flags {
10-18 09:48:32.582 30791  4486 D HttpFlagsLoader:   key: "Cronet_OverrideNativeCronetWithHttpEngine"
10-18 09:48:32.582 30791  4486 D HttpFlagsLoader:   value {
10-18 09:48:32.582 30791  4486 D HttpFlagsLoader:     constrained_values {
10-18 09:48:32.582 30791  4486 D HttpFlagsLoader:       app_id: "com.google.android.gms"
10-18 09:48:32.582 30791  4486 D HttpFlagsLoader:     }
10-18 09:48:32.582 30791  4486 D HttpFlagsLoader:     constrained_values {
10-18 09:48:32.582 30791  4486 D HttpFlagsLoader:       app_id: "com.android.vending"
10-18 09:48:32.582 30791  4486 D HttpFlagsLoader:     }
10-18 09:48:32.582 30791  4486 D HttpFlagsLoader:     constrained_values {
10-18 09:48:32.582 30791  4486 D HttpFlagsLoader:       app_id: "com.google.android.googlequicksearchbox"
10-18 09:48:32.582 30791  4486 D HttpFlagsLoader:       bool_value: true
10-18 09:48:32.582 30791  4486 D HttpFlagsLoader:       min_version: "139.0.7205.3"
10-18 09:48:32.582 30791  4486 D HttpFlagsLoader:     }
10-18 09:48:32.582 30791  4486 D HttpFlagsLoader:     constrained_values {
10-18 09:48:32.582 30791  4486 D HttpFlagsLoader:       app_id: "com.google.android.apps.maps"
10-18 09:48:32.582 30791  4486 D HttpFlagsLoader:       bool_value: true
10-18 09:48:32.582 30791  4486 D HttpFlagsLoader:       min_version: "139.0.7205.3"
10-18 09:48:32.582 30791  4486 D HttpFlagsLoader:     }
10-18 09:48:32.582 30791  4486 D HttpFlagsLoader:     constrained_values {
10-18 09:48:32.582 30791  4486 D HttpFlagsLoader:       app_id: "com.google.android.gm"
10-18 09:48:32.582 30791  4486 D HttpFlagsLoader:       bool_value: true
10-18 09:48:32.582 30791  4486 D HttpFlagsLoader:       min_version: "139.0.7205.3"
10-18 09:48:32.582 30791  4486 D HttpFlagsLoader:     }
10-18 09:48:32.582 30791  4486 D HttpFlagsLoader:     constrained_values {
10-18 09:48:32.582 30791  4486 D HttpFlagsLoader:       app_id: "com.google.android.calendar"
10-18 09:48:32.582 30791  4486 D HttpFlagsLoader:       bool_value: true
10-18 09:48:32.582 30791  4486 D HttpFlagsLoader:       min_version: "139.0.7205.3"
10-18 09:48:32.582 30791  4486 D HttpFlagsLoader:     }
10-18 09:48:32.582 30791  4486 D HttpFlagsLoader:   }
10-18 09:48:32.582 30791  4486 D HttpFlagsLoader: }
10-18 09:48:32.582 30791  4486 D HttpFlagsLoader: flags {
10-18 09:48:32.582 30791  4486 D HttpFlagsLoader:   key: "Cronet_UpdateNetworkStateOnlyOnceOnStartup"
10-18 09:48:32.582 30791  4486 D HttpFlagsLoader:   value {
10-18 09:48:32.582 30791  4486 D HttpFlagsLoader:     constrained_values {
10-18 09:48:32.582 30791  4486 D HttpFlagsLoader:       app_id: "com.google.android.gms"
10-18 09:48:32.582 30791  4486 D HttpFlagsLoader:     }
10-18 09:48:32.582 30791  4486 D HttpFlagsLoader:     constrained_values {
10-18 09:48:32.582 30791  4486 D HttpFlagsLoader:       app_id: "com.android.vending"
10-18 09:48:32.582 30791  4486 D HttpFlagsLoader:     }
10-18 09:48:32.582 30791  4486 D HttpFlagsLoader:     constrained_values {
10-18 09:48:32.582 30791  4486 D HttpFlagsLoader:       bool_value: true
10-18 09:48:32.582 30791  4486 D HttpFlagsLoader:       min_version: "134.0.6948.0"
10-18 09:48:32.582 30791  4486 D HttpFlagsLoader:     }
10-18 09:48:32.582 30791  4486 D HttpFlagsLoader:   }
10-18 09:48:32.582 30791  4486 D HttpFlagsLoader: }
10-18 09:48:32.582 30791  4486 D HttpFlagsLoader: flags {
10-18 09:48:32.582 30791  4486 D HttpFlagsLoader:   key: "Cronet_log_me"
10-18 09:48:32.582 30791  4486 D HttpFlagsLoader:   value {
10-18 09:48:32.582 30791  4486 D HttpFlagsLoader:     constrained_values {
10-18 09:48:32.582 30791  4486 D HttpFlagsLoader:       string_value: "Using live production flag values from Google"
10-18 09:48:32.582 30791  4486 D HttpFlagsLoader:     }
10-18 09:48:32.582 30791  4486 D HttpFlagsLoader:   }
10-18 09:48:32.582 30791  4486 D HttpFlagsLoader: }
10-18 09:48:32.582 30791  4486 D HttpFlagsLoader: flags {
10-18 09:48:32.582 30791  4486 D HttpFlagsLoader:   key: "Cronet_OverrideWithHttpEngine"
10-18 09:48:32.582 30791  4486 D HttpFlagsLoader:   value {
10-18 09:48:32.582 30791  4486 D HttpFlagsLoader:     constrained_values {
10-18 09:48:32.582 30791  4486 D HttpFlagsLoader:       app_id: "com.google.android.gms"
10-18 09:48:32.582 30791  4486 D HttpFlagsLoader:     }
10-18 09:48:32.582 30791  4486 D HttpFlagsLoader:     constrained_values {
10-18 09:48:32.582 30791  4486 D HttpFlagsLoader:       app_id: "com.android.vending"
10-18 09:48:32.582 30791  4486 D HttpFlagsLoader:     }
10-18 09:48:32.582 30791  4486 D HttpFlagsLoader:     constrained_values {
10-18 09:48:32.582 30791  4486 D HttpFlagsLoader:       app_id: "com.google.android.googlequicksearchbox"
10-18 09:48:32.582 30791  4486 D HttpFlagsLoader:       bool_value: true
10-18 09:48:32.582 30791  4486 D HttpFlagsLoader:       min_version: "139.0.7205.3"
10-18 09:48:32.582 30791  4486 D HttpFlagsLoader:     }
10-18 09:48:32.582 30791  4486 D HttpFlagsLoader:     constrained_values {
10-18 09:48:32.582 30791  4486 D HttpFlagsLoader:       app_id: "com.google.android.apps.maps"
10-18 09:48:32.582 30791  4486 D HttpFlagsLoader:       bool_value: true
10-18 09:48:32.582 30791  4486 D HttpFlagsLoader:       min_version: "139.0.7205.3"
10-18 09:48:32.582 30791  4486 D HttpFlagsLoader:     }
10-18 09:48:32.582 30791  4486 D HttpFlagsLoader:     constrained_values {
10-18 09:48:32.582 30791  4486 D HttpFlagsLoader:       app_id: "com.google.android.gm"
10-18 09:48:32.582 30791  4486 D HttpFlagsLoader:       bool_value: true
10-18 09:48:32.582 30791  4486 D HttpFlagsLoader:       min_version: "139.0.7205.3"
10-18 09:48:32.582 30791  4486 D HttpFlagsLoader:     }
10-18 09:48:32.582 30791  4486 D HttpFlagsLoader:     constrained_values {
10-18 09:48:32.582 30791  4486 D HttpFlagsLoader:       app_id: "com.google.android.calendar"
10-18 09:48:32.582 30791  4486 D HttpFlagsLoader:       bool_value: true
10-18 09:48:32.582 30791  4486 D HttpFlagsLoader:       min_version: "139.0.7205.3"
10-18 09:48:32.582 30791  4486 D HttpFlagsLoader:     }
10-18 09:48:32.582 30791  4486 D HttpFlagsLoader:   }
10-18 09:48:32.582 30791  4486 D HttpFlagsLoader: }
10-18 09:48:32.582 30791  4486 D HttpFlagsLoader: flags {
10-18 09:48:32.582 30791  4486 D HttpFlagsLoader:   key: "ChromiumBaseFeature_OverrideConnectionOptions_PARAM_ForceOff"
10-18 09:48:32.582 30791  4486 D HttpFlagsLoader:   value {
10-18 09:48:32.582 30791  4486 D HttpFlagsLoader:   }
10-18 09:48:32.582 30791  4486 D HttpFlagsLoader: }
10-18 09:48:32.582 30791  4486 D HttpFlagsLoader: flags {
10-18 09:48:32.582 30791  4486 D HttpFlagsLoader:   key: "ChromiumBaseFeature_OverrideClientConnectionOptions"
10-18 09:48:32.582 30791  4486 D HttpFlagsLoader:   value {
10-18 09:48:32.582 30791  4486 D HttpFlagsLoader:   }
10-18 09:48:32.582 30791  4486 D HttpFlagsLoader: }
10-18 09:48:32.582 30791  4486 D HttpFlagsLoader: flags {
10-18 09:48:32.582 30791  4486 D HttpFlagsLoader:   key: "ChromiumBaseFeature_OverrideClientConnectionOptions_PARAM_ForceOn"
10-18 09:48:32.582 30791  4486 D HttpFlagsLoader:   value {
10-18 09:48:32.582 30791  4486 D HttpFlagsLoader:   }
10-18 09:48:32.582 30791  4486 D HttpFlagsLoader: }
10-18 09:48:32.582 30791  4486 D HttpFlagsLoader: flags {
10-18 09:48:32.582 30791  4486 D HttpFlagsLoader:   key: "ChromiumBaseFeature_kQuicRegisterConnectionClosePayload"
10-18 09:48:32.582 30791  4486 D HttpFlagsLoader:   value {
10-18 09:48:32.582 30791  4486 D HttpFlagsLoader:   }
10-18 09:48:32.582 30791  4486 D HttpFlagsLoader: }
10-18 09:48:32.583 30791  4486 I HttpFlagsLoader: HTTP flags log line (Impl): Using live production flag values from Google
10-18 09:48:32.609 31924  2663 W fb4a.NoOpQuickPerformanceLogger: markerStart(int markerId, int instanceKey) has not been implemented
10-18 09:48:32.609 31924  2663 W fb4a.NoOpQuickPerformanceLogger: markerAnnotate(int markerId, int instanceKey, String annotationKey, @Nullable String annotationValue) has not been implemented
10-18 09:48:32.609 31924  2663 W fb4a.NoOpQuickPerformanceLogger: markerAnnotate(int markerId, int instanceKey, String annotationKey, @Nullable String annotationValue) has not been implemented
10-18 09:48:32.609 31924  2663 W fb4a.NoOpQuickPerformanceLogger: markerPoint(int markerId, int instanceKey, String name) has not been implemented
10-18 09:48:32.614 15708 19023 I .a1taxicustomer: Background concurrent copying GC freed 10MB AllocSpace bytes, 144(8572KB) LOS objects, 27% free, 61MB/85MB, paused 100us,71us total 131.649ms
10-18 09:48:32.619  3446  4208 I HttpFlagsLoader: HTTP flags log line (Impl): Using live production flag values from Google
10-18 09:48:32.623 31924  2665 W fb4a.NoOpQuickPerformanceLogger: markerStart(int markerId, int instanceKey) has not been implemented
10-18 09:48:32.623 31924  2665 W fb4a.NoOpQuickPerformanceLogger: markerAnnotate(int markerId, int instanceKey, String annotationKey, @Nullable String annotationValue) has not been implemented
10-18 09:48:32.631 15708 19025 E .a1taxicustomer: [SurfaceTexture-0-15708-21] setSurfaceTextureListener: listener is nullptr
10-18 09:48:32.635 26036 31675 I NetworkScheduler: (REDACTED) Error inserting %s
10-18 09:48:32.638  3446  4208 I cn_CronetLibraryLoader: Cronet version: 141.0.7340.3, arch: aarch64
10-18 09:48:32.645 26036 26099 I UriTaskContentObserver: (REDACTED) Throttling content uri change event for %s
10-18 09:48:32.645 26036 26099 I UriTaskContentObserver: (REDACTED) Throttling content uri change event for %s
10-18 09:48:32.645 26036 26099 I UriTaskContentObserver: (REDACTED) Throttling content uri change event for %s
10-18 09:48:32.645 26036 26099 I UriTaskContentObserver: (REDACTED) Throttling content uri change event for %s
10-18 09:48:32.645 26036 26099 I UriTaskContentObserver: (REDACTED) Throttling content uri change event for %s
10-18 09:48:32.645 26036 26099 I UriTaskContentObserver: (REDACTED) Throttling content uri change event for %s
10-18 09:48:32.646 26036 26099 I UriTaskContentObserver: (REDACTED) Throttling content uri change event for %s
10-18 09:48:32.646 31924 32563 W fb4a.HeroManager: mediaPreload.prefetchInternal : source: Type: DASH_VOD
10-18 09:48:32.646 31924 32563 W fb4a.HeroManager: 	Id: 24971272639203834
10-18 09:48:32.646 31924 32563 W fb4a.HeroManager: 	Uri: https://scontent.fixm4-2.fna.fbcdn.net/o1/v/t2/f2/m412/AQPVaRT566NMOUuwcu2gOYktcXyqM3yCWmVfoWBdAuPa1KNooQ39MMkN7UlLd4iwQB6K3XXsukhfVlTP5VjlU1QwPFhUrSmxtuNSU4bhpw.mp4?_nc_cat=109&_nc_oc=AdkKCgTMMgUPgyylUjpqtDeDhMa1kQzs-ZC638sXSQYRi9QAyzZKec-E4SArzjSL-r7AohyqCJ_SBxRTPRdvb7QD&_nc_sid=8bf8fe&_nc_ht=scontent.fixm4-2.fna.fbcdn.net&_nc_ohc=257a8-S9wx4Q7kNvwGyDpyq&efg=eyJ2ZW5jb2RlX3RhZyI6Inhwdl9wcm9ncmVzc2l2ZS5GQUNFQk9PSy4uQzMuMzYwLnN2ZV9zZCIsInhwdl9hc3NldF9pZCI6ODAwNjE4MjkyNjcwMzUxLCJ2aV91c2VjYXNlX2lkIjoxMDc5OSwiZHVyYXRpb25fcyI6NiwidXJsZ2VuX3NvdXJjZSI6Ind3dyJ9&ccb=17-1&_nc_zt=28&oh=00_AffryT-iXd3geR7Sa5k3ZWvB33MecCAOah21LO6ScDB7fA&oe=68F8E451&bitrate=190295&tag=sve_sd
10-18 09:48:32.646 31924 32563 W fb4a.HeroManager: 	Origin: FEED
10-18 09:48:32.646 31924 32563 W fb4a.HeroManager: 	PrefetchOrigin: FEED
10-18 09:48:32.646 31924 32563 W fb4a.HeroManager: 	DashMPD: 24306
10-18 09:48:32.646 31924 32563 W fb4a.HeroManager: 	liveLatency: -1
10-18 09:48:32.646 31924 32563 W fb4a.HeroManager: 	liveLatencyTolerance: -1
10-18 09:48:32.646 31924 32563 W fb4a.HeroManager: 	isSpherical: false
10-18 09:48:32.646 31924 32563 W fb4a.HeroManager: 	isSponsored: true
10-18 09:48:32.646 31924 32563 W fb4a.HeroManager: 	isAdBreak: false
10-18 09:48:32.646 31924 32563 W fb4a.HeroManager: 	isLiveTraceEnabled: false
10-18 09:48:32.646 31924 32563 W fb4a.HeroManager: 	renderMode: AUDIO_VIDEO
10-18 09:48:32.646 31924 32563 W fb4a.HeroManager: 	isBroadcast: false
10-18 09:48:32.646 31924 32563 W fb4a.HeroManager: 	contentType: GENERAL
10-18 09:48:32.646 31924 32563 W fb4a.HeroManager: 	isAudioDataListenerEnabled: false
10-18 09:48:32.646 31924 32563 W fb4a.HeroManager: 	liveViewerCount: -1, type: DASH_VOD
10-18 09:48:32.647 26036 31675 I NetworkScheduler: (REDACTED) Error inserting %s
10-18 09:48:32.653 31924  1912 W fb4a.NoOpQuickPerformanceLogger: markerAnnotate(int markerId, int instanceKey, String annotationKey, @Nullable String annotationValue) has not been implemented
10-18 09:48:32.653 31924  1912 W fb4a.NoOpQuickPerformanceLogger: markerPoint(int markerId, int instanceKey, String name) has not been implemented
10-18 09:48:32.653 28626  2154 D nativeloader: Load /data/app/~~Nj5x6oEjOfi5wD5H_znOGQ==/com.google.android.gms-is4C_Gk9dUPsxVnNnVBzPg==/split_CronetDynamite_installtime.apk!/lib/arm64-v8a/libcronet.141.0.7340.3.so using isolated ns clns-9 (caller=/data/app/~~Nj5x6oEjOfi5wD5H_znOGQ==/com.google.android.gms-is4C_Gk9dUPsxVnNnVBzPg==/split_CronetDynamite_installtime.apk): ok
10-18 09:48:32.666 26036 31675 I NetworkScheduler: (REDACTED) Error inserting %s
10-18 09:48:32.675 31924  2663 D SQLiteQueryBuilder: SELECT dedup_key FROM home_stories WHERE ((feed_type=? AND seen_state=?))
10-18 09:48:32.689 31924  2663 W fb4a.NoOpQuickPerformanceLogger: markerEnd(int markerId, int instanceKey, short action) has not been implemented
10-18 09:48:32.691 26036 31675 I NetworkScheduler: (REDACTED) Error inserting %s
10-18 09:48:32.692 26036 31675 I NetworkScheduler.Stats: (REDACTED) Task %s/%s started execution. cause:%s exec_start_elapsed_seconds: %s
10-18 09:48:32.695 26036 31675 I NetworkScheduler: (REDACTED) Error inserting %s
10-18 09:48:32.724 31924  2663 W fb4a.NoOpQuickPerformanceLogger: markerStart(int markerId, int instanceKey) has not been implemented
10-18 09:48:32.724 31924  2663 W fb4a.NoOpQuickPerformanceLogger: markerAnnotate(int markerId, int instanceKey, String annotationKey, @Nullable String annotationValue) has not been implemented
10-18 09:48:32.724 31924  2663 W fb4a.NoOpQuickPerformanceLogger: markerAnnotate(int markerId, int instanceKey, String annotationKey, @Nullable String annotationValue) has not been implemented
10-18 09:48:32.724 31924  2663 W fb4a.NoOpQuickPerformanceLogger: markerPoint(int markerId, int instanceKey, String name) has not been implemented
10-18 09:48:32.725 31924  1912 W fb4a.NoOpQuickPerformanceLogger: markerEnd(int markerId, int instanceKey, short action) has not been implemented
10-18 09:48:32.725 28626  2154 I cn_CronetLibraryLoader: Cronet version: 141.0.7340.3, arch: aarch64
10-18 09:48:32.733 31924  2663 D SQLiteQueryBuilder: SELECT dedup_key FROM home_stories WHERE ((feed_type=? AND seen_state=?))
10-18 09:48:32.737 31924  2663 W fb4a.NoOpQuickPerformanceLogger: markerEnd(int markerId, int instanceKey, short action) has not been implemented
10-18 09:48:32.741 26036 31675 I NetworkScheduler: (REDACTED) Error inserting %s
10-18 09:48:32.742 26036  3151 I SemanticLocation: (REDACTED) [Inferrer] %s%s
10-18 09:48:32.755 31924  1912 W fb4a.NoOpQuickPerformanceLogger: markerStart(int markerId, int instanceKey) has not been implemented
10-18 09:48:32.755 31924  1912 W fb4a.NoOpQuickPerformanceLogger: markerAnnotate(int markerId, int instanceKey, String annotationKey, @Nullable String annotationValue) has not been implemented
10-18 09:48:32.761 31924  1912 W fb4a.NoOpQuickPerformanceLogger: markerStart(int markerId, int instanceKey) has not been implemented
10-18 09:48:32.761 31924  1912 W fb4a.NoOpQuickPerformanceLogger: markerAnnotate(int markerId, int instanceKey, String annotationKey, @Nullable String annotationValue) has not been implemented
10-18 09:48:32.775 31924  2663 W fb4a.NoOpQuickPerformanceLogger: markerStart(int markerId, int instanceKey) has not been implemented
10-18 09:48:32.775 31924  2663 W fb4a.NoOpQuickPerformanceLogger: markerAnnotate(int markerId, int instanceKey, String annotationKey, @Nullable String annotationValue) has not been implemented
10-18 09:48:32.775 31924  2663 W fb4a.NoOpQuickPerformanceLogger: markerAnnotate(int markerId, int instanceKey, String annotationKey, @Nullable String annotationValue) has not been implemented
10-18 09:48:32.775 31924  2663 W fb4a.NoOpQuickPerformanceLogger: markerPoint(int markerId, int instanceKey, String name) has not been implemented
10-18 09:48:32.789 31924  1912 W fb4a.NoOpQuickPerformanceLogger: markerAnnotate(int markerId, int instanceKey, String annotationKey, @Nullable String annotationValue) has not been implemented
10-18 09:48:32.789 31924  1912 W fb4a.NoOpQuickPerformanceLogger: markerPoint(int markerId, int instanceKey, String name) has not been implemented
10-18 09:48:32.815  4649  4649 I cebook.services: Using CollectorTypeCC GC.
10-18 09:48:32.818  4649  4649 E cebook.services: Not starting debugger since process cannot load the jdwp agent.
10-18 09:48:32.825 26036 31675 I NetworkScheduler: (REDACTED) Error inserting %s
10-18 09:48:32.828  4649  4649 D nativeloader: Load libframework-connectivity-tiramisu-jni.so using APEX ns com_android_tethering for caller /apex/com.android.tethering/javalib/framework-connectivity-t.jar: ok
10-18 09:48:32.829 26036 31675 I NetworkScheduler: (REDACTED) Error inserting %s
10-18 09:48:32.834 31924  2663 D SQLiteQueryBuilder: SELECT dedup_key FROM home_stories WHERE ((feed_type=? AND seen_state=?))
10-18 09:48:32.838 26036 31675 I NetworkScheduler: (REDACTED) Error inserting %s
10-18 09:48:32.842 31924  2663 W fb4a.NoOpQuickPerformanceLogger: markerEnd(int markerId, int instanceKey, short action) has not been implemented
10-18 09:48:32.842  4649  4649 E cebook.services: BBinder_init Processname  <pre-initialized>  
10-18 09:48:32.843  4649  4649 E cebook.services: BBinder_init hasGetProcessName  <pre-initialized>
10-18 09:48:32.853 26036 31675 I NetworkScheduler: (REDACTED) Error inserting %s
10-18 09:48:32.854 26036 31675 I NetworkScheduler.Stats: (REDACTED) Task %s/%s started execution. cause:%s exec_start_elapsed_seconds: %s
10-18 09:48:32.865 26036 31675 I NetworkScheduler.Stats: (REDACTED) Task %s/%s finished executing. cause:%s result: %s elapsed_millis: %s uptime_millis: %s exec_start_elapsed_seconds: %s
10-18 09:48:32.888 31924  2663 W fb4a.NoOpQuickPerformanceLogger: markerStart(int markerId, int instanceKey) has not been implemented
10-18 09:48:32.888 31924  2663 W fb4a.NoOpQuickPerformanceLogger: markerAnnotate(int markerId, int instanceKey, String annotationKey, @Nullable String annotationValue) has not been implemented
10-18 09:48:32.888 31924  2663 W fb4a.NoOpQuickPerformanceLogger: markerAnnotate(int markerId, int instanceKey, String annotationKey, @Nullable String annotationValue) has not been implemented
10-18 09:48:32.888 31924  2663 W fb4a.NoOpQuickPerformanceLogger: markerPoint(int markerId, int instanceKey, String name) has not been implemented
10-18 09:48:32.888 26106 26106 D BoundBrokerSvc: onBind: Intent { act=com.google.android.gms.wallet.service.BIND pkg=com.google.android.gms }
10-18 09:48:32.888 26106 26106 D BoundBrokerSvc: Loading bound service for intent: Intent { act=com.google.android.gms.wallet.service.BIND pkg=com.google.android.gms }
10-18 09:48:32.889 30791  2707 I cn_CronetLibraryLoader: Cronet version: 139.0.7205.3, arch: aarch64
10-18 09:48:32.929  4649  4649 D nativeloader: Configuring clns-7 for other apk /data/app/~~VHQjbIO35a6MUjqvibAUag==/com.facebook.services-_6E0mQC-IxNMBPMl3MiiBg==/base.apk. target_sdk_version=35, uses_libraries=, library_path=/data/app/~~VHQjbIO35a6MUjqvibAUag==/com.facebook.services-_6E0mQC-IxNMBPMl3MiiBg==/lib/arm64:/data/app/~~VHQjbIO35a6MUjqvibAUag==/com.facebook.services-_6E0mQC-IxNMBPMl3MiiBg==/base.apk!/lib/arm64-v8a, permitted_path=/data:/mnt/expand:/data/user/0/com.facebook.services
10-18 09:48:32.930  4649  4649 D CompatChangeReporter: Compat change id reported: 202956589; UID 10094; state: ENABLED
10-18 09:48:32.948 31924  1912 W fb4a.NoOpQuickPerformanceLogger: markerEnd(int markerId, int instanceKey, short action) has not been implemented
10-18 09:48:32.951 31924  1912 W fb4a.NoOpQuickPerformanceLogger: markerAnnotate(int markerId, int instanceKey, String annotationKey, @Nullable String annotationValue) has not been implemented
10-18 09:48:32.951 31924  1912 W fb4a.NoOpQuickPerformanceLogger: markerPoint(int markerId, int instanceKey, String name) has not been implemented
10-18 09:48:32.958  4649  4649 V GraphicsEnvironment: Currently set values for:
