10-29 14:45:21.836 16812 16812 D nativeloader: Load /data/app/~~OauX-ikmsjEHwQiPHd4xew==/com.a1taxi.driverpro-yOTM-ubtCbmput9a5K_nQA==/base.apk!/lib/arm64-v8a/libruntimeexecutor.so using class loader ns clns-7 (caller=/data/app/~~OauX-ikmsjEHwQiPHd4xew==/com.a1taxi.driverpro-yOTM-ubtCbmput9a5K_nQA==/base.apk): ok
10-29 14:45:21.836 16812 16812 D SoLoader: libruntimeexecutor.so found on /data/app/~~OauX-ikmsjEHwQiPHd4xew==/com.a1taxi.driverpro-yOTM-ubtCbmput9a5K_nQA==/base.apk!/lib/arm64-v8a
10-29 14:45:21.837 16812 16812 D nativeloader: Load /data/app/~~OauX-ikmsjEHwQiPHd4xew==/com.a1taxi.driverpro-yOTM-ubtCbmput9a5K_nQA==/base.apk!/lib/arm64-v8a/libjsinspector.so using class loader ns clns-7 (caller=/data/app/~~OauX-ikmsjEHwQiPHd4xew==/com.a1taxi.driverpro-yOTM-ubtCbmput9a5K_nQA==/base.apk): ok
10-29 14:45:21.837 16812 16812 D SoLoader: libjsinspector.so found on /data/app/~~OauX-ikmsjEHwQiPHd4xew==/com.a1taxi.driverpro-yOTM-ubtCbmput9a5K_nQA==/base.apk!/lib/arm64-v8a
10-29 14:45:21.838 16812 16812 D nativeloader: Load /data/app/~~OauX-ikmsjEHwQiPHd4xew==/com.a1taxi.driverpro-yOTM-ubtCbmput9a5K_nQA==/base.apk!/lib/arm64-v8a/libreact_utils.so using class loader ns clns-7 (caller=/data/app/~~OauX-ikmsjEHwQiPHd4xew==/com.a1taxi.driverpro-yOTM-ubtCbmput9a5K_nQA==/base.apk): ok
10-29 14:45:21.838 16812 16812 D SoLoader: libreact_utils.so found on /data/app/~~OauX-ikmsjEHwQiPHd4xew==/com.a1taxi.driverpro-yOTM-ubtCbmput9a5K_nQA==/base.apk!/lib/arm64-v8a
10-29 14:45:21.839 16812 16812 D nativeloader: Load /data/app/~~OauX-ikmsjEHwQiPHd4xew==/com.a1taxi.driverpro-yOTM-ubtCbmput9a5K_nQA==/base.apk!/lib/arm64-v8a/libreact_render_graphics.so using class loader ns clns-7 (caller=/data/app/~~OauX-ikmsjEHwQiPHd4xew==/com.a1taxi.driverpro-yOTM-ubtCbmput9a5K_nQA==/base.apk): ok
10-29 14:45:21.839 16812 16812 D SoLoader: libreact_render_graphics.so found on /data/app/~~OauX-ikmsjEHwQiPHd4xew==/com.a1taxi.driverpro-yOTM-ubtCbmput9a5K_nQA==/base.apk!/lib/arm64-v8a
10-29 14:45:21.839 16812 16812 V SoLoader: libreact_render_mapbuffer.so not found on /data/app/~~OauX-ikmsjEHwQiPHd4xew==/com.a1taxi.driverpro-yOTM-ubtCbmput9a5K_nQA==/lib/arm64
10-29 14:45:21.841 16812 16812 D nativeloader: Load /data/app/~~OauX-ikmsjEHwQiPHd4xew==/com.a1taxi.driverpro-yOTM-ubtCbmput9a5K_nQA==/base.apk!/lib/arm64-v8a/libreact_render_mapbuffer.so using class loader ns clns-7 (caller=/data/app/~~OauX-ikmsjEHwQiPHd4xew==/com.a1taxi.driverpro-yOTM-ubtCbmput9a5K_nQA==/base.apk): ok
10-29 14:45:21.841 16812 16812 D SoLoader: libreact_render_mapbuffer.so found on /data/app/~~OauX-ikmsjEHwQiPHd4xew==/com.a1taxi.driverpro-yOTM-ubtCbmput9a5K_nQA==/base.apk!/lib/arm64-v8a
10-29 14:45:21.842 16812 16812 D nativeloader: Load /data/app/~~OauX-ikmsjEHwQiPHd4xew==/com.a1taxi.driverpro-yOTM-ubtCbmput9a5K_nQA==/base.apk!/lib/arm64-v8a/libreact_render_core.so using class loader ns clns-7 (caller=/data/app/~~OauX-ikmsjEHwQiPHd4xew==/com.a1taxi.driverpro-yOTM-ubtCbmput9a5K_nQA==/base.apk): ok
10-29 14:45:21.843 16812 16812 D SoLoader: libreact_render_core.so found on /data/app/~~OauX-ikmsjEHwQiPHd4xew==/com.a1taxi.driverpro-yOTM-ubtCbmput9a5K_nQA==/base.apk!/lib/arm64-v8a
10-29 14:45:21.845 16812 16812 D nativeloader: Load /data/app/~~OauX-ikmsjEHwQiPHd4xew==/com.a1taxi.driverpro-yOTM-ubtCbmput9a5K_nQA==/base.apk!/lib/arm64-v8a/libreactnativejni.so using class loader ns clns-7 (caller=/data/app/~~OauX-ikmsjEHwQiPHd4xew==/com.a1taxi.driverpro-yOTM-ubtCbmput9a5K_nQA==/base.apk): ok
10-29 14:45:21.845 16812 16812 D SoLoader: libreactnativejni.so found on /data/app/~~OauX-ikmsjEHwQiPHd4xew==/com.a1taxi.driverpro-yOTM-ubtCbmput9a5K_nQA==/base.apk!/lib/arm64-v8a
10-29 14:45:21.847 16812 16812 D nativeloader: Load /data/app/~~OauX-ikmsjEHwQiPHd4xew==/com.a1taxi.driverpro-yOTM-ubtCbmput9a5K_nQA==/base.apk!/lib/arm64-v8a/libhermes_executor.so using class loader ns clns-7 (caller=/data/app/~~OauX-ikmsjEHwQiPHd4xew==/com.a1taxi.driverpro-yOTM-ubtCbmput9a5K_nQA==/base.apk): ok
10-29 14:45:21.847 16812 16812 D SoLoader: libhermes_executor.so found on /data/app/~~OauX-ikmsjEHwQiPHd4xew==/com.a1taxi.driverpro-yOTM-ubtCbmput9a5K_nQA==/base.apk!/lib/arm64-v8a
10-29 14:45:21.857 16812 16919 D nativeloader: Load /data/app/~~OauX-ikmsjEHwQiPHd4xew==/com.a1taxi.driverpro-yOTM-ubtCbmput9a5K_nQA==/base.apk!/lib/arm64-v8a/libexpo-av.so using class loader ns clns-7 (caller=/data/app/~~OauX-ikmsjEHwQiPHd4xew==/com.a1taxi.driverpro-yOTM-ubtCbmput9a5K_nQA==/base.apk): ok
10-29 14:45:21.862 16812 16812 D nativeloader: Load libpowerhalwrap_jni.so using system ns (caller=/system_ext/framework/mediatek-framework.jar): ok
10-29 14:45:21.862 16812 16812 I PowerHalWrapper: PowerHalWrapper.getInstance 
10-29 14:45:21.862 16812 16812 I M-ProMotion: M-ProMotion is disabled
10-29 14:45:21.863 16812 16921 I PowerHalWrapper: PowerHalWrapper.getInstance 
10-29 14:45:21.866 16812 16812 W libc    : Access denied finding property "persist.vivo.ltw.enabled"
10-29 14:45:21.870 16812 16812 W HWUI    : Unknown dataspace 0
10-29 14:45:21.888 16812 16812 D ViewRootImpl: AppSizeAfterRelayout, size: Point(1080, 2392), rotation: ROTATION_0
10-29 14:45:21.889 16812 16812 D BufferQueueConsumer: [](id:41ac00000000,api:0,p:-1,c:16812) connect: controlledByApp=false
10-29 14:45:21.890 16812 16812 D BLASTBufferQueue: [VRI[MainActivity]#0](f:0,a:0) constructor()
10-29 14:45:21.890 16812 16812 D BLASTBufferQueue: [VRI[MainActivity]#0](f:0,a:0) update width=1080 height=2392 format=-1 mTransformHint=0
10-29 14:45:21.893 16812 16919 I ExpoModulesCore:  AppContext was initialized
10-29 14:45:21.898 16812 16910 D MAGT_SYNC_FRAME: MAGT Sync: MAGT is not supported. Disabling Sync.
10-29 14:45:21.938 16812 16930 W unknown:ViewManagerPropertyUpdater: Could not find generated setter for class com.facebook.react.views.drawer.ReactDrawerLayoutManager
10-29 14:45:21.941 16812 16930 W unknown:ViewManagerPropertyUpdater: Could not find generated setter for class com.facebook.react.uimanager.LayoutShadowNode
10-29 14:45:21.942 16812 16930 W unknown:ViewManagerPropertyUpdater: Could not find generated setter for class com.facebook.react.views.scroll.ReactHorizontalScrollViewManager
10-29 14:45:21.944 16812 16930 W unknown:ViewManagerPropertyUpdater: Could not find generated setter for class com.facebook.react.views.scroll.ReactHorizontalScrollContainerViewManager
10-29 14:45:21.945 16812 16930 W unknown:ViewManagerPropertyUpdater: Could not find generated setter for class com.facebook.react.views.progressbar.ReactProgressBarViewManager
10-29 14:45:21.945 16812 16930 W unknown:ViewManagerPropertyUpdater: Could not find generated setter for class com.facebook.react.views.progressbar.ProgressBarShadowNode
10-29 14:45:21.945 16812 16910 I GrallocExtra: gralloc_extra_query:is_SW3D 0
10-29 14:45:21.945 16812 16910 D BLASTBufferQueue: [VRI[MainActivity]#0](f:0,a:1) acquireNextBufferLocked size=1080x2392 mFrameNumber=1 applyTransaction=true mTimestamp=1114882611719528(auto) mPendingTransactions.size=0 graphicBufferId=72206990180352 transform=0
10-29 14:45:21.946 16812 16930 W unknown:ViewManagerPropertyUpdater: Could not find generated setter for class com.facebook.react.views.scroll.ReactScrollViewManager
10-29 14:45:21.947 16812 16930 W unknown:ViewManagerPropertyUpdater: Could not find generated setter for class com.facebook.react.views.switchview.ReactSwitchManager
10-29 14:45:21.949 16812 16930 W unknown:ViewManagerPropertyUpdater: Could not find generated setter for class com.facebook.react.views.switchview.ReactSwitchManager$ReactSwitchShadowNode
10-29 14:45:21.949 16812 16930 W unknown:ViewManagerPropertyUpdater: Could not find generated setter for class com.facebook.react.views.swiperefresh.SwipeRefreshLayoutManager
10-29 14:45:21.951 16812 16930 W unknown:ViewManagerPropertyUpdater: Could not find generated setter for class com.facebook.react.views.text.frescosupport.FrescoBasedReactTextInlineImageViewManager
10-29 14:45:21.951 16812 16930 W unknown:ViewManagerPropertyUpdater: Could not find generated setter for class com.facebook.react.views.text.frescosupport.FrescoBasedReactTextInlineImageShadowNode
10-29 14:45:21.952 16812 16930 W unknown:ViewManagerPropertyUpdater: Could not find generated setter for class com.facebook.react.views.image.ReactImageManager
10-29 14:45:21.953 16812 16930 W unknown:ViewManagerPropertyUpdater: Could not find generated setter for class com.facebook.react.views.modal.ReactModalHostManager
10-29 14:45:21.955 16812 16930 W unknown:ViewManagerPropertyUpdater: Could not find generated setter for class com.facebook.react.views.modal.ModalHostShadowNode
10-29 14:45:21.955 16812 16930 W unknown:ViewManagerPropertyUpdater: Could not find generated setter for class com.facebook.react.views.text.ReactRawTextManager
10-29 14:45:21.956 16812 16930 W unknown:ViewManagerPropertyUpdater: Could not find generated setter for class com.facebook.react.views.text.ReactRawTextShadowNode
10-29 14:45:21.956 16812 16930 W unknown:ViewManagerPropertyUpdater: Could not find generated setter for class com.facebook.react.views.textinput.ReactTextInputManager
10-29 14:45:21.958 16812 16930 W unknown:ViewManagerPropertyUpdater: Could not find generated setter for class com.facebook.react.views.textinput.ReactTextInputShadowNode
10-29 14:45:21.959 16812 16930 W unknown:ViewManagerPropertyUpdater: Could not find generated setter for class com.facebook.react.views.text.ReactTextViewManager
10-29 14:45:21.959 16812 16930 W unknown:ViewManagerPropertyUpdater: Could not find generated setter for class com.facebook.react.views.text.ReactTextShadowNode
10-29 14:45:21.959 16812 16930 W unknown:ViewManagerPropertyUpdater: Could not find generated setter for class com.facebook.react.views.view.ReactViewManager
10-29 14:45:21.960 16812 16930 W unknown:ViewManagerPropertyUpdater: Could not find generated setter for class com.facebook.react.views.text.ReactVirtualTextViewManager
10-29 14:45:21.960 16812 16930 W unknown:ViewManagerPropertyUpdater: Could not find generated setter for class com.facebook.react.views.text.ReactVirtualTextShadowNode
10-29 14:45:21.961 16812 16930 W unknown:ViewManagerPropertyUpdater: Could not find generated setter for class com.facebook.react.views.unimplementedview.ReactUnimplementedViewManager
10-29 14:45:21.962 16812 16930 W unknown:ViewManagerPropertyUpdater: Could not find generated setter for class expo.modules.kotlin.views.GroupViewManagerWrapper
10-29 14:45:21.962 16812 16930 W unknown:ViewManagerPropertyUpdater: Could not find generated setter for class com.swmansion.gesturehandler.react.RNGestureHandlerRootViewManager
10-29 14:45:21.963 16812 16930 W unknown:ViewManagerPropertyUpdater: Could not find generated setter for class com.swmansion.gesturehandler.react.RNGestureHandlerButtonViewManager
10-29 14:45:21.964 16812 16930 W unknown:ViewManagerPropertyUpdater: Could not find generated setter for class com.rnmaps.maps.MapManager
10-29 14:45:21.966  1870  1976 I ActivityTaskManager: Displayed com.a1taxi.driverpro/.MainActivity for user 0: +357ms
10-29 14:45:21.968 16812 16930 W unknown:ViewManagerPropertyUpdater: Could not find generated setter for class com.rnmaps.maps.MapMarkerManager
10-29 14:45:21.971 16812 16930 W unknown:ViewManagerPropertyUpdater: Could not find generated setter for class com.rnmaps.maps.MapCalloutManager
10-29 14:45:21.971 16812 16930 W unknown:ViewManagerPropertyUpdater: Could not find generated setter for class com.rnmaps.maps.MapPolylineManager
10-29 14:45:21.974 16812 16930 W unknown:ViewManagerPropertyUpdater: Could not find generated setter for class com.rnmaps.maps.MapGradientPolylineManager
10-29 14:45:21.976 16812 16930 W unknown:ViewManagerPropertyUpdater: Could not find generated setter for class com.rnmaps.maps.MapPolygonManager
10-29 14:45:21.977 16812 16930 W unknown:ViewManagerPropertyUpdater: Could not find generated setter for class com.rnmaps.maps.MapCircleManager
10-29 14:45:21.978 16812 16930 W unknown:ViewManagerPropertyUpdater: Could not find generated setter for class com.rnmaps.maps.MapUrlTileManager
10-29 14:45:21.979 16812 16812 V ImeFocusController: onWindowFocus: com.android.internal.policy.DecorView{88218ae V.E...... R....... 0,0-1080,2392}[MainActivity] softInputMode=STATE_UNSPECIFIED|ADJUST_RESIZE
10-29 14:45:21.979 16812 16930 W unknown:ViewManagerPropertyUpdater: Could not find generated setter for class com.rnmaps.maps.MapWMSTileManager
10-29 14:45:21.980 16812 16930 W unknown:ViewManagerPropertyUpdater: Could not find generated setter for class com.rnmaps.maps.MapLocalTileManager
10-29 14:45:21.980 16812 16930 W unknown:ViewManagerPropertyUpdater: Could not find generated setter for class com.rnmaps.maps.MapOverlayManager
10-29 14:45:21.981 16812 16930 W unknown:ViewManagerPropertyUpdater: Could not find generated setter for class com.rnmaps.maps.MapHeatmapManager
10-29 14:45:21.981 16812 16930 W unknown:ViewManagerPropertyUpdater: Could not find generated setter for class com.th3rdwave.safeareacontext.SafeAreaProviderManager
10-29 14:45:21.982 16812 16930 W unknown:ViewManagerPropertyUpdater: Could not find generated setter for class com.th3rdwave.safeareacontext.SafeAreaViewManager
10-29 14:45:21.982 16812 16930 W unknown:ViewManagerPropertyUpdater: Could not find generated setter for class com.th3rdwave.safeareacontext.SafeAreaViewShadowNode
10-29 14:45:21.983 16812 16930 W unknown:ViewManagerPropertyUpdater: Could not find generated setter for class com.swmansion.rnscreens.ScreenContainerViewManager
10-29 14:45:21.984 16812 16930 W unknown:ViewManagerPropertyUpdater: Could not find generated setter for class com.swmansion.rnscreens.ScreenViewManager
10-29 14:45:21.985 16812 16930 W unknown:ViewManagerPropertyUpdater: Could not find generated setter for class com.swmansion.rnscreens.ModalScreenViewManager
10-29 14:45:21.985 16812 16930 W unknown:ViewManagerPropertyUpdater: Could not find generated setter for class com.swmansion.rnscreens.ScreenStackViewManager
10-29 14:45:21.986 16812 16930 W unknown:ViewManagerPropertyUpdater: Could not find generated setter for class com.swmansion.rnscreens.ScreenStackHeaderConfigViewManager
10-29 14:45:21.986 16812 16930 W unknown:ViewManagerPropertyUpdater: Could not find generated setter for class com.swmansion.rnscreens.ScreenStackHeaderSubviewManager
10-29 14:45:21.987 16812 16930 W unknown:ViewManagerPropertyUpdater: Could not find generated setter for class com.swmansion.rnscreens.SearchBarManager
10-29 14:45:21.987 16812 16930 W unknown:ViewManagerPropertyUpdater: Could not find generated setter for class com.horcrux.svg.RenderableViewManager$DefsViewManager
10-29 14:45:21.988 18285 18285 I GoogleInputMethodService: GoogleInputMethodService.onFinishInput():2086 
10-29 14:45:21.988 16812 16930 W unknown:ViewManagerPropertyUpdater: Could not find generated setter for class com.horcrux.svg.VirtualViewManager$RenderableShadowNode
10-29 14:45:21.988 16812 16930 W unknown:ViewManagerPropertyUpdater: Could not find generated setter for class com.horcrux.svg.RenderableViewManager$MarkerManager
10-29 14:45:21.989 18285 18285 I Module  : DeviceLockedStatusModuleProvider$Module.updateDeviceLockedStatus():103 repeatCheckTimes = 0, locked = false
10-29 14:45:21.989 18285 18285 I GoogleInputMethodService: GoogleInputMethodService.onStartInput():1347 onStartInput(EditorInfo{EditorInfo{packageName=com.a1taxi.driverpro, inputType=0, inputTypeString=NULL, enableLearning=false, autoCorrection=false, autoComplete=false, imeOptions=0, privateImeOptions=null, actionName=UNSPECIFIED, actionLabel=null, initialSelStart=-1, initialSelEnd=-1, initialCapsMode=0, label=null, fieldId=0, fieldName=null, extras=null, hintText=null, hintLocales=[]}}, false)
10-29 14:45:21.991 16812 16930 W unknown:ViewManagerPropertyUpdater: Could not find generated setter for class com.horcrux.svg.RenderableViewManager$ForeignObjectManager
10-29 14:45:21.991 18285 18285 I Module  : DeviceLockedStatusModuleProvider$Module.updateDeviceLockedStatus():103 repeatCheckTimes = 1, locked = false
10-29 14:45:21.991 16812 16930 W unknown:ViewManagerPropertyUpdater: Could not find generated setter for class com.horcrux.svg.RenderableViewManager$EllipseViewManager
10-29 14:45:21.992 16812 16930 W unknown:ViewManagerPropertyUpdater: Could not find generated setter for class com.horcrux.svg.RenderableViewManager$LineViewManager
10-29 14:45:21.993 16812 16930 W unknown:ViewManagerPropertyUpdater: Could not find generated setter for class com.horcrux.svg.RenderableViewManager$LinearGradientManager
10-29 14:45:21.994 16812 16930 W unknown:ViewManagerPropertyUpdater: Could not find generated setter for class com.horcrux.svg.RenderableViewManager$GroupViewManager
10-29 14:45:21.994 16812 16930 W unknown:ViewManagerPropertyUpdater: Could not find generated setter for class com.horcrux.svg.RenderableViewManager$TextViewManager
10-29 14:45:21.996 16812 16930 W unknown:ViewManagerPropertyUpdater: Could not find generated setter for class com.horcrux.svg.RenderableViewManager$ImageViewManager
10-29 14:45:21.997 16812 16930 W unknown:ViewManagerPropertyUpdater: Could not find generated setter for class com.horcrux.svg.RenderableViewManager$ClipPathViewManager
10-29 14:45:21.998 16812 16930 W unknown:ViewManagerPropertyUpdater: Could not find generated setter for class com.horcrux.svg.RenderableViewManager$RadialGradientManager
10-29 14:45:21.999 16812 16930 W unknown:ViewManagerPropertyUpdater: Could not find generated setter for class com.horcrux.svg.RenderableViewManager$MaskManager
10-29 14:45:22.000 16812 16930 W unknown:ViewManagerPropertyUpdater: Could not find generated setter for class com.horcrux.svg.RenderableViewManager$SymbolManager
10-29 14:45:22.000 16812 16930 W unknown:ViewManagerPropertyUpdater: Could not find generated setter for class com.horcrux.svg.RenderableViewManager$PatternManager
10-29 14:45:22.001 16812 16930 W unknown:ViewManagerPropertyUpdater: Could not find generated setter for class com.horcrux.svg.RenderableViewManager$RectViewManager
10-29 14:45:22.002 16812 16930 W unknown:ViewManagerPropertyUpdater: Could not find generated setter for class com.horcrux.svg.RenderableViewManager$TextPathViewManager
10-29 14:45:22.003 16812 16930 W unknown:ViewManagerPropertyUpdater: Could not find generated setter for class com.horcrux.svg.SvgViewManager
10-29 14:45:22.003 16812 16930 W unknown:ViewManagerPropertyUpdater: Could not find generated setter for class com.horcrux.svg.RenderableViewManager$PathViewManager
10-29 14:45:22.004 16812 16930 W unknown:ViewManagerPropertyUpdater: Could not find generated setter for class com.horcrux.svg.RenderableViewManager$UseViewManager
10-29 14:45:22.004 16812 16930 W unknown:ViewManagerPropertyUpdater: Could not find generated setter for class com.horcrux.svg.RenderableViewManager$CircleViewManager
10-29 14:45:22.005 16812 16930 W unknown:ViewManagerPropertyUpdater: Could not find generated setter for class com.horcrux.svg.RenderableViewManager$TSpanViewManager
10-29 14:45:22.035 16812 16929 V SoLoader: libexpo-modules-core.so not found on /data/app/~~OauX-ikmsjEHwQiPHd4xew==/com.a1taxi.driverpro-yOTM-ubtCbmput9a5K_nQA==/lib/arm64
10-29 14:45:22.038 16812 16929 V SoLoader: libreact_nativemodule_core.so not found on /data/app/~~OauX-ikmsjEHwQiPHd4xew==/com.a1taxi.driverpro-yOTM-ubtCbmput9a5K_nQA==/lib/arm64
10-29 14:45:22.042 16812 16929 D nativeloader: Load /data/app/~~OauX-ikmsjEHwQiPHd4xew==/com.a1taxi.driverpro-yOTM-ubtCbmput9a5K_nQA==/base.apk!/lib/arm64-v8a/libreact_nativemodule_core.so using class loader ns clns-7 (caller=/data/app/~~OauX-ikmsjEHwQiPHd4xew==/com.a1taxi.driverpro-yOTM-ubtCbmput9a5K_nQA==/base.apk): ok
10-29 14:45:22.042 16812 16929 D SoLoader: libreact_nativemodule_core.so found on /data/app/~~OauX-ikmsjEHwQiPHd4xew==/com.a1taxi.driverpro-yOTM-ubtCbmput9a5K_nQA==/base.apk!/lib/arm64-v8a
10-29 14:45:22.044 16812 16929 D nativeloader: Load /data/app/~~OauX-ikmsjEHwQiPHd4xew==/com.a1taxi.driverpro-yOTM-ubtCbmput9a5K_nQA==/base.apk!/lib/arm64-v8a/libexpo-modules-core.so using class loader ns clns-7 (caller=/data/app/~~OauX-ikmsjEHwQiPHd4xew==/com.a1taxi.driverpro-yOTM-ubtCbmput9a5K_nQA==/base.apk): ok
10-29 14:45:22.045 16812 16929 D SoLoader: libexpo-modules-core.so found on /data/app/~~OauX-ikmsjEHwQiPHd4xew==/com.a1taxi.driverpro-yOTM-ubtCbmput9a5K_nQA==/base.apk!/lib/arm64-v8a
10-29 14:45:22.045 16812 16929 V SoLoader: libturbomodulejsijni.so not found on /data/app/~~OauX-ikmsjEHwQiPHd4xew==/com.a1taxi.driverpro-yOTM-ubtCbmput9a5K_nQA==/lib/arm64
10-29 14:45:22.051 16812 16929 D nativeloader: Load /data/app/~~OauX-ikmsjEHwQiPHd4xew==/com.a1taxi.driverpro-yOTM-ubtCbmput9a5K_nQA==/base.apk!/lib/arm64-v8a/libturbomodulejsijni.so using class loader ns clns-7 (caller=/data/app/~~OauX-ikmsjEHwQiPHd4xew==/com.a1taxi.driverpro-yOTM-ubtCbmput9a5K_nQA==/base.apk): ok
10-29 14:45:22.051 16812 16929 D SoLoader: libturbomodulejsijni.so found on /data/app/~~OauX-ikmsjEHwQiPHd4xew==/com.a1taxi.driverpro-yOTM-ubtCbmput9a5K_nQA==/base.apk!/lib/arm64-v8a
10-29 14:45:22.055 16812 16929 I ExpoModulesCore:  JSI interop was installed
10-29 14:45:22.055 16812 16929 W ExpoModulesCore:  JSI interop was already installed
10-29 14:45:22.060 16812 16929 I ExpoModulesCore:  Constants were exported
10-29 14:45:22.083 16812 16929 D nativeloader: Load /data/app/~~OauX-ikmsjEHwQiPHd4xew==/com.a1taxi.driverpro-yOTM-ubtCbmput9a5K_nQA==/base.apk!/lib/arm64-v8a/librnscreens.so using class loader ns clns-7 (caller=/data/app/~~OauX-ikmsjEHwQiPHd4xew==/com.a1taxi.driverpro-yOTM-ubtCbmput9a5K_nQA==/base.apk!classes3.dex): ok
10-29 14:45:22.087 16812 16929 I ReactNativeJS: Running "main
10-29 14:45:22.091 16812 16929 V SoLoader: libreactnativeblob.so not found on /data/app/~~OauX-ikmsjEHwQiPHd4xew==/com.a1taxi.driverpro-yOTM-ubtCbmput9a5K_nQA==/lib/arm64
10-29 14:45:22.096 16812 16929 D nativeloader: Load /data/app/~~OauX-ikmsjEHwQiPHd4xew==/com.a1taxi.driverpro-yOTM-ubtCbmput9a5K_nQA==/base.apk!/lib/arm64-v8a/libreactnativeblob.so using class loader ns clns-7 (caller=/data/app/~~OauX-ikmsjEHwQiPHd4xew==/com.a1taxi.driverpro-yOTM-ubtCbmput9a5K_nQA==/base.apk): ok
10-29 14:45:22.096 16812 16929 D SoLoader: libreactnativeblob.so found on /data/app/~~OauX-ikmsjEHwQiPHd4xew==/com.a1taxi.driverpro-yOTM-ubtCbmput9a5K_nQA==/base.apk!/lib/arm64-v8a
10-29 14:45:22.100 16812 16929 I ReactNativeJS: 'Supabase Config:', { hasUrl: true,
10-29 14:45:22.100 16812 16929 I ReactNativeJS:   hasAnonKey: true,
10-29 14:45:22.100 16812 16929 I ReactNativeJS:   url: 'https://whubaypabojomdyfqxcf.supabase.co' }
10-29 14:45:22.224  5720 14698 D SQLiteQueryBuilder: SELECT _id, _data, datetaken FROM images WHERE ((((is_pending=0 AND NOT _modifier=4) OR (is_pending=1 AND lower(_data) NOT REGEXP '.*/\.pending-(\d+)-([^/]+)$' AND owner_package_name IN ( 'com.vivo.gallery' , 'com.vivo.widget.gallery' )))) AND (is_trashed=0) AND (volume_name IN ( 'external_primary' ))) AND ((_id IN () AND (width > 0 AND height > 0))) ORDER BY datetaken DESC, _id DESC
10-29 14:45:22.242 16812 16929 I ReactNativeJS:  TripLocationTracker: Background task registered
10-29 14:45:22.243 16812 16929 E ReactNativeJS: TypeError: undefined is not a function, js engine: hermes
10-29 14:45:22.244 16812 16929 E ReactNativeJS: TypeError: undefined is not a function, js engine: hermes
10-29 14:45:22.245 16812 16929 E ReactNativeJS: TypeError: Cannot read property 'ErrorBoundary' of undefined
10-29 14:45:22.245 16812 16929 E ReactNativeJS: 
10-29 14:45:22.245 16812 16929 E ReactNativeJS: This error is located at:
10-29 14:45:22.245 16812 16929 E ReactNativeJS:     in ContextNavigator
10-29 14:45:22.245 16812 16929 E ReactNativeJS:     in ExpoRoot
10-29 14:45:22.245 16812 16929 E ReactNativeJS:     in App
10-29 14:45:22.245 16812 16929 E ReactNativeJS:     in RCTView
10-29 14:45:22.245 16812 16929 E ReactNativeJS:     in Unknown
10-29 14:45:22.245 16812 16929 E ReactNativeJS:     in AppContainer, js engine: hermes
10-29 14:45:22.245 16812 16929 E ReactNativeJS: TypeError: Cannot read property 'ErrorBoundary' of undefined
10-29 14:45:22.245 16812 16929 E ReactNativeJS: 
10-29 14:45:22.245 16812 16929 E ReactNativeJS: This error is located at:
10-29 14:45:22.245 16812 16929 E ReactNativeJS:     in ContextNavigator
10-29 14:45:22.245 16812 16929 E ReactNativeJS:     in ExpoRoot
10-29 14:45:22.245 16812 16929 E ReactNativeJS:     in App
10-29 14:45:22.245 16812 16929 E ReactNativeJS:     in RCTView
10-29 14:45:22.245 16812 16929 E ReactNativeJS:     in Unknown
10-29 14:45:22.245 16812 16929 E ReactNativeJS:     in AppContainer, js engine: hermes
10-29 14:45:22.252 16812 16930 E AndroidRuntime: FATAL EXCEPTION: mqt_native_modules
10-29 14:45:22.252 16812 16930 E AndroidRuntime: Process: com.a1taxi.driverpro, PID: 16812
10-29 14:45:22.252 16812 16930 E AndroidRuntime: com.facebook.react.common.JavascriptException: TypeError: undefined is not a function, js engine: hermes, stack:
10-29 14:45:22.252 16812 16930 E AndroidRuntime: anonymous@1:2548679
10-29 14:45:22.252 16812 16930 E AndroidRuntime: loadModuleImplementation@1:92788
10-29 14:45:22.252 16812 16930 E AndroidRuntime: guardedLoadModule@1:92318
10-29 14:45:22.252 16812 16930 E AndroidRuntime: metroRequire@1:91948
10-29 14:45:22.252 16812 16930 E AndroidRuntime: anonymous@1:2544987
10-29 14:45:22.252 16812 16930 E AndroidRuntime: loadModuleImplementation@1:92788
10-29 14:45:22.252 16812 16930 E AndroidRuntime: guardedLoadModule@1:92275
10-29 14:45:22.252 16812 16930 E AndroidRuntime: metroRequire@1:91948
10-29 14:45:22.252 16812 16930 E AndroidRuntime: get@1:704383
10-29 14:45:22.252 16812 16930 E AndroidRuntime: metroContext@1:704088
10-29 14:45:22.252 16812 16930 E AndroidRuntime: loadRoute@1:933407
10-29 14:45:22.252 16812 16930 E AndroidRuntime: getLayoutNode@1:935475
10-29 14:45:22.252 16812 16930 E AndroidRuntime: _loop@1:933305
10-29 14:45:22.252 16812 16930 E AndroidRuntime: getDirectoryTree@1:932443
10-29 14:45:22.252 16812 16930 E AndroidRuntime: getRoutes@1:932152
10-29 14:45:22.252 16812 16930 E AndroidRuntime: getRoutes@1:931380
10-29 14:45:22.252 16812 16930 E AndroidRuntime: initialize@1:906463
10-29 14:45:22.252 16812 16930 E AndroidRuntime: anonymous@1:905068
10-29 14:45:22.252 16812 16930 E AndroidRuntime: useMemo@1:427180
10-29 14:45:22.252 16812 16930 E AndroidRuntime: anonymous@1:216470
10-29 14:45:22.252 16812 16930 E AndroidRuntime: useInitializeExpoRouter@1:905008
10-29 14:45:22.252 16812 16930 E AndroidRuntime: ContextNavigator@1:948340
10-29 14:45:22.252 16812 16930 E AndroidRuntime: renderWithHooks@1:382872
10-29 14:45:22.252 16812 16930 E AndroidRuntime: beginWork@1:430869
10-29 14:45:22.252 16812 16930 E AndroidRuntime: performUnitOfWork@1:417168
10-29 14:45:22.252 16812 16930 E AndroidRuntime: workLoopSync@1:416298
10-29 14:45:22.252 16812 16930 E AndroidRuntime: renderRootSync@1:416129
10-29 14:45:22.252 16812 16930 E AndroidRuntime: flushSyncWorkAcrossRoots_impl@1:372563
10-29 14:45:22.252 16812 16930 E AndroidRuntime: scheduleUpdateOnFiber@1:413634
10-29 14:45:22.252 16812 16930 E AndroidRuntime: updateContainer@1:422756
10-29 14:45:22.252 16812 16930 E AndroidRuntime: anonymous@1:431861
10-29 14:45:22.252 16812 16930 E AndroidRuntime: renderElement@1:250306
10-29 14:45:22.252 16812 16930 E AndroidRuntime: renderApplication@1:211665
10-29 14:45:22.252 16812 16930 E AndroidRuntime: anonymous@1:203533
10-29 14:45:22.252 16812 16930 E AndroidRuntime: runApplication@1:203958
10-29 14:45:22.252 16812 16930 E AndroidRuntime: __callFunction@1:111349
10-29 14:45:22.252 16812 16930 E AndroidRuntime: anonymous@1:109791
10-29 14:45:22.252 16812 16930 E AndroidRuntime: __guard@1:110731
10-29 14:45:22.252 16812 16930 E AndroidRuntime: callFunctionReturnFlushedQueue@1:109749
10-29 14:45:22.252 16812 16930 E AndroidRuntime: 
10-29 14:45:22.252 16812 16930 E AndroidRuntime: 	at com.facebook.react.modules.core.ExceptionsManagerModule.reportException(ExceptionsManagerModule.java:65)
10-29 14:45:22.252 16812 16930 E AndroidRuntime: 	at java.lang.reflect.Method.invoke(Native Method)
10-29 14:45:22.252 16812 16930 E AndroidRuntime: 	at com.facebook.react.bridge.JavaMethodWrapper.invoke(JavaMethodWrapper.java:372)
10-29 14:45:22.252 16812 16930 E AndroidRuntime: 	at com.facebook.react.bridge.JavaModuleWrapper.invoke(JavaModuleWrapper.java:146)
10-29 14:45:22.252 16812 16930 E AndroidRuntime: 	at com.facebook.jni.NativeRunnable.run(Native Method)
10-29 14:45:22.252 16812 16930 E AndroidRuntime: 	at android.os.Handler.handleCallback(Handler.java:1014)
10-29 14:45:22.252 16812 16930 E AndroidRuntime: 	at android.os.Handler.dispatchMessage(Handler.java:102)
10-29 14:45:22.252 16812 16930 E AndroidRuntime: 	at com.facebook.react.bridge.queue.MessageQueueThreadHandler.dispatchMessage(MessageQueueThreadHandler.java:27)
10-29 14:45:22.252 16812 16930 E AndroidRuntime: 	at android.os.Looper.loopOnce(Looper.java:250)
10-29 14:45:22.252 16812 16930 E AndroidRuntime: 	at android.os.Looper.loop(Looper.java:340)
10-29 14:45:22.252 16812 16930 E AndroidRuntime: 	at com.facebook.react.bridge.queue.MessageQueueThreadImpl$4.run(MessageQueueThreadImpl.java:233)
10-29 14:45:22.252 16812 16930 E AndroidRuntime: 	at java.lang.Thread.run(Thread.java:1119)
10-29 14:45:22.280 16812 16930 I Process : Sending signal. PID: 16812 SIG: 9
10-29 14:45:22.386 18285 18285 I GoogleInputMethodService: GoogleInputMethodService.onFinishInput():2086 
10-29 14:45:22.387 18285 18285 I Module  : DeviceLockedStatusModuleProvider$Module.updateDeviceLockedStatus():103 repeatCheckTimes = 0, locked = false
10-29 14:45:22.387 18285 18285 I GoogleInputMethodService: GoogleInputMethodService.onStartInput():1347 onStartInput(EditorInfo{EditorInfo{packageName=com.android.launcher3, inputType=0, inputTypeString=NULL, enableLearning=false, autoCorrection=false, autoComplete=false, imeOptions=0, privateImeOptions=null, actionName=UNSPECIFIED, actionLabel=null, initialSelStart=-1, initialSelEnd=-1, initialCapsMode=0, label=null, fieldId=0, fieldName=null, extras=null, hintText=null, hintLocales=[]}}, false)
10-29 14:45:22.387 18285 18285 I Module  : DeviceLockedStatusModuleProvider$Module.updateDeviceLockedStatus():103 repeatCheckTimes = 1, locked = false
10-29 14:45:23.399 15129 15129 I artd    : GetBestInfo: odex next to the dex file (/data/app/~~OauX-ikmsjEHwQiPHd4xew==/com.a1taxi.driverpro-yOTM-ubtCbmput9a5K_nQA==/oat/arm64/base.odex) is kOatUpToDate with filter 'speed-profile' executable 'false'
10-29 14:45:23.808  1870  1976 I ActivityTaskManager: Displayed com.a1taxi.driverpro/.MainActivity for user 0: +294ms
10-29 14:45:23.809 18285 18285 I GoogleInputMethodService: GoogleInputMethodService.onFinishInput():2086 
10-29 14:45:23.810 18285 18285 I Module  : DeviceLockedStatusModuleProvider$Module.updateDeviceLockedStatus():103 repeatCheckTimes = 0, locked = false
10-29 14:45:23.811 18285 18285 I GoogleInputMethodService: GoogleInputMethodService.onStartInput():1347 onStartInput(EditorInfo{EditorInfo{packageName=com.a1taxi.driverpro, inputType=0, inputTypeString=NULL, enableLearning=false, autoCorrection=false, autoComplete=false, imeOptions=0, privateImeOptions=null, actionName=UNSPECIFIED, actionLabel=null, initialSelStart=-1, initialSelEnd=-1, initialCapsMode=0, label=null, fieldId=0, fieldName=null, extras=null, hintText=null, hintLocales=[]}}, false)
10-29 14:45:23.811 18285 18285 I Module  : DeviceLockedStatusModuleProvider$Module.updateDeviceLockedStatus():103 repeatCheckTimes = 1, locked = false
10-29 14:45:24.036 16899 17027 E AndroidRuntime: FATAL EXCEPTION: mqt_native_modules
10-29 14:45:24.036 16899 17027 E AndroidRuntime: Process: com.a1taxi.driverpro, PID: 16899
10-29 14:45:24.036 16899 17027 E AndroidRuntime: com.facebook.react.common.JavascriptException: TypeError: undefined is not a function, js engine: hermes, stack:
10-29 14:45:24.036 16899 17027 E AndroidRuntime: anonymous@1:2548679
10-29 14:45:24.036 16899 17027 E AndroidRuntime: loadModuleImplementation@1:92788
10-29 14:45:24.036 16899 17027 E AndroidRuntime: guardedLoadModule@1:92318
10-29 14:45:24.036 16899 17027 E AndroidRuntime: metroRequire@1:91948
10-29 14:45:24.036 16899 17027 E AndroidRuntime: anonymous@1:2544987
10-29 14:45:24.036 16899 17027 E AndroidRuntime: loadModuleImplementation@1:92788
10-29 14:45:24.036 16899 17027 E AndroidRuntime: guardedLoadModule@1:92275
10-29 14:45:24.036 16899 17027 E AndroidRuntime: metroRequire@1:91948
10-29 14:45:24.036 16899 17027 E AndroidRuntime: get@1:704383
10-29 14:45:24.036 16899 17027 E AndroidRuntime: metroContext@1:704088
10-29 14:45:24.036 16899 17027 E AndroidRuntime: loadRoute@1:933407
10-29 14:45:24.036 16899 17027 E AndroidRuntime: getLayoutNode@1:935475
10-29 14:45:24.036 16899 17027 E AndroidRuntime: _loop@1:933305
10-29 14:45:24.036 16899 17027 E AndroidRuntime: getDirectoryTree@1:932443
10-29 14:45:24.036 16899 17027 E AndroidRuntime: getRoutes@1:932152
10-29 14:45:24.036 16899 17027 E AndroidRuntime: getRoutes@1:931380
10-29 14:45:24.036 16899 17027 E AndroidRuntime: initialize@1:906463
10-29 14:45:24.036 16899 17027 E AndroidRuntime: anonymous@1:905068
10-29 14:45:24.036 16899 17027 E AndroidRuntime: useMemo@1:427180
10-29 14:45:24.036 16899 17027 E AndroidRuntime: anonymous@1:216470
10-29 14:45:24.036 16899 17027 E AndroidRuntime: useInitializeExpoRouter@1:905008
10-29 14:45:24.036 16899 17027 E AndroidRuntime: ContextNavigator@1:948340
10-29 14:45:24.036 16899 17027 E AndroidRuntime: renderWithHooks@1:382872
10-29 14:45:24.036 16899 17027 E AndroidRuntime: beginWork@1:430869
10-29 14:45:24.036 16899 17027 E AndroidRuntime: performUnitOfWork@1:417168
10-29 14:45:24.036 16899 17027 E AndroidRuntime: workLoopSync@1:416298
10-29 14:45:24.036 16899 17027 E AndroidRuntime: renderRootSync@1:416129
10-29 14:45:24.036 16899 17027 E AndroidRuntime: flushSyncWorkAcrossRoots_impl@1:372563
10-29 14:45:24.036 16899 17027 E AndroidRuntime: scheduleUpdateOnFiber@1:413634
10-29 14:45:24.036 16899 17027 E AndroidRuntime: updateContainer@1:422756
10-29 14:45:24.036 16899 17027 E AndroidRuntime: anonymous@1:431861
10-29 14:45:24.036 16899 17027 E AndroidRuntime: renderElement@1:250306
10-29 14:45:24.036 16899 17027 E AndroidRuntime: renderApplication@1:211665
10-29 14:45:24.036 16899 17027 E AndroidRuntime: anonymous@1:203533
10-29 14:45:24.036 16899 17027 E AndroidRuntime: runApplication@1:203958
10-29 14:45:24.036 16899 17027 E AndroidRuntime: __callFunction@1:111349
10-29 14:45:24.036 16899 17027 E AndroidRuntime: anonymous@1:109791
10-29 14:45:24.036 16899 17027 E AndroidRuntime: __guard@1:110731
10-29 14:45:24.036 16899 17027 E AndroidRuntime: callFunctionReturnFlushedQueue@1:109749
10-29 14:45:24.036 16899 17027 E AndroidRuntime: 
10-29 14:45:24.036 16899 17027 E AndroidRuntime: 	at com.facebook.react.modules.core.ExceptionsManagerModule.reportException(ExceptionsManagerModule.java:65)
10-29 14:45:24.036 16899 17027 E AndroidRuntime: 	at java.lang.reflect.Method.invoke(Native Method)
10-29 14:45:24.036 16899 17027 E AndroidRuntime: 	at com.facebook.react.bridge.JavaMethodWrapper.invoke(JavaMethodWrapper.java:372)
10-29 14:45:24.036 16899 17027 E AndroidRuntime: 	at com.facebook.react.bridge.JavaModuleWrapper.invoke(JavaModuleWrapper.java:146)
10-29 14:45:24.036 16899 17027 E AndroidRuntime: 	at com.facebook.jni.NativeRunnable.run(Native Method)
10-29 14:45:24.036 16899 17027 E AndroidRuntime: 	at android.os.Handler.handleCallback(Handler.java:1014)
10-29 14:45:24.036 16899 17027 E AndroidRuntime: 	at android.os.Handler.dispatchMessage(Handler.java:102)
10-29 14:45:24.036 16899 17027 E AndroidRuntime: 	at com.facebook.react.bridge.queue.MessageQueueThreadHandler.dispatchMessage(MessageQueueThreadHandler.java:27)
10-29 14:45:24.036 16899 17027 E AndroidRuntime: 	at android.os.Looper.loopOnce(Looper.java:250)
10-29 14:45:24.036 16899 17027 E AndroidRuntime: 	at android.os.Looper.loop(Looper.java:340)
10-29 14:45:24.036 16899 17027 E AndroidRuntime: 	at com.facebook.react.bridge.queue.MessageQueueThreadImpl$4.run(MessageQueueThreadImpl.java:233)
10-29 14:45:24.036 16899 17027 E AndroidRuntime: 	at java.lang.Thread.run(Thread.java:1119)
10-29 14:45:24.090 18285 18285 I GoogleInputMethodService: GoogleInputMethodService.onFinishInput():2086 
10-29 14:45:24.091 18285 18285 I Module  : DeviceLockedStatusModuleProvider$Module.updateDeviceLockedStatus():103 repeatCheckTimes = 0, locked = false
10-29 14:45:24.092 18285 18285 I GoogleInputMethodService: GoogleInputMethodService.onStartInput():1347 onStartInput(EditorInfo{EditorInfo{packageName=com.android.launcher3, inputType=0, inputTypeString=NULL, enableLearning=false, autoCorrection=false, autoComplete=false, imeOptions=0, privateImeOptions=null, actionName=UNSPECIFIED, actionLabel=null, initialSelStart=-1, initialSelEnd=-1, initialCapsMode=0, label=null, fieldId=0, fieldName=null, extras=null, hintText=null, hintLocales=[]}}, false)
10-29 14:45:24.094 18285 18285 I Module  : DeviceLockedStatusModuleProvider$Module.updateDeviceLockedStatus():103 repeatCheckTimes = 1, locked = false
10-29 14:45:25.139 15129 15129 I artd    : GetBestInfo: odex next to the dex file (/data/app/~~OauX-ikmsjEHwQiPHd4xew==/com.a1taxi.driverpro-yOTM-ubtCbmput9a5K_nQA==/oat/arm64/base.odex) is kOatUpToDate with filter 'speed-profile' executable 'false'
10-29 14:45:25.143 16970 16970 I 1taxi.driverpro: Using CollectorTypeCC GC.
10-29 14:45:25.151 16970 16970 E 1taxi.driverpro: Not starting debugger since process cannot load the jdwp agent.
10-29 14:45:25.153 16970 16970 D nativeloader: Load libframework-connectivity-tiramisu-jni.so using APEX ns com_android_tethering for caller /apex/com.android.tethering/javalib/framework-connectivity-t.jar: ok
10-29 14:45:25.167 16970 16970 E 1taxi.driverpro: BBinder_init Processname  <pre-initialized>  
10-29 14:45:25.167 16970 16970 E 1taxi.driverpro: BBinder_init hasGetProcessName  <pre-initialized>
10-29 14:45:25.192 16970 16970 D CompatChangeReporter: Compat change id reported: 242716250; UID 10578; state: ENABLED
10-29 14:45:25.201 16970 16970 D ApplicationLoaders: Returning zygote-cached class loader: /system/framework/org.apache.http.legacy.jar
10-29 14:45:25.205 16970 16970 D nativeloader: Configuring clns-7 for other apk /data/app/~~OauX-ikmsjEHwQiPHd4xew==/com.a1taxi.driverpro-yOTM-ubtCbmput9a5K_nQA==/base.apk. target_sdk_version=34, uses_libraries=, library_path=/data/app/~~OauX-ikmsjEHwQiPHd4xew==/com.a1taxi.driverpro-yOTM-ubtCbmput9a5K_nQA==/lib/arm64:/data/app/~~OauX-ikmsjEHwQiPHd4xew==/com.a1taxi.driverpro-yOTM-ubtCbmput9a5K_nQA==/base.apk!/lib/arm64-v8a, permitted_path=/data:/mnt/expand:/data/user/0/com.a1taxi.driverpro
10-29 14:45:25.217 16970 16970 V GraphicsEnvironment: Currently set values for:
10-29 14:45:25.217 16970 16970 V GraphicsEnvironment:   angle_gl_driver_selection_pkgs=[com.android.angle, com.linecorp.b612.android, com.campmobile.snow, com.google.android.apps.tachyon]
10-29 14:45:25.217 16970 16970 V GraphicsEnvironment:   angle_gl_driver_selection_values=[angle, native, native, native]
10-29 14:45:25.217 16970 16970 V GraphicsEnvironment: com.a1taxi.driverpro is not listed in per-application setting
10-29 14:45:25.217 16970 16970 V GraphicsEnvironment: App is not on the allowlist for updatable production driver.
10-29 14:45:25.233 16970 16970 W FirebaseApp: Default FirebaseApp failed to initialize because no default options were found. This usually means that com.google.gms:google-services was not applied to your gradle project.
10-29 14:45:25.233 16970 16970 I FirebaseInitProvider: FirebaseApp initialization unsuccessful
10-29 14:45:25.235 16970 16970 D WM-WrkMgrInitializer: Initializing WorkManager with default configuration.
10-29 14:45:25.245 16970 16970 V SoLoader: Init SoLoader delegate
10-29 14:45:25.260 16970 16970 D AppCompatDelegate: Checking for metadata for AppLocalesMetadataHolderService : Service not found
10-29 14:45:25.308 16970 16970 V SoLoader: libhermes.so not found on /data/app/~~OauX-ikmsjEHwQiPHd4xew==/com.a1taxi.driverpro-yOTM-ubtCbmput9a5K_nQA==/lib/arm64
10-29 14:45:25.311 16970 16970 V SoLoader: libjsi.so not found on /data/app/~~OauX-ikmsjEHwQiPHd4xew==/com.a1taxi.driverpro-yOTM-ubtCbmput9a5K_nQA==/lib/arm64
10-29 14:45:25.312 16970 16970 V SoLoader: libfolly_runtime.so not found on /data/app/~~OauX-ikmsjEHwQiPHd4xew==/com.a1taxi.driverpro-yOTM-ubtCbmput9a5K_nQA==/lib/arm64
10-29 14:45:25.312 16970 16970 V SoLoader: libglog.so not found on /data/app/~~OauX-ikmsjEHwQiPHd4xew==/com.a1taxi.driverpro-yOTM-ubtCbmput9a5K_nQA==/lib/arm64
10-29 14:45:25.313 16970 16970 V SoLoader: libm.so not found on /data/app/~~OauX-ikmsjEHwQiPHd4xew==/com.a1taxi.driverpro-yOTM-ubtCbmput9a5K_nQA==/lib/arm64
10-29 14:45:25.313 16970 16970 V SoLoader: libm.so not found on /data/app/~~OauX-ikmsjEHwQiPHd4xew==/com.a1taxi.driverpro-yOTM-ubtCbmput9a5K_nQA==/base.apk!/lib/arm64-v8a
10-29 14:45:25.313 16970 16970 D SoLoader: libm.so found on /system/lib64
10-29 14:45:25.313 16970 16970 D SoLoader: libm.so loaded implicitly
10-29 14:45:25.313 16970 16970 V SoLoader: libc++_shared.so not found on /data/app/~~OauX-ikmsjEHwQiPHd4xew==/com.a1taxi.driverpro-yOTM-ubtCbmput9a5K_nQA==/lib/arm64
10-29 14:45:25.314 16970 16970 V SoLoader: libc.so not found on /data/app/~~OauX-ikmsjEHwQiPHd4xew==/com.a1taxi.driverpro-yOTM-ubtCbmput9a5K_nQA==/lib/arm64
10-29 14:45:25.314 16970 16970 V SoLoader: libc.so not found on /data/app/~~OauX-ikmsjEHwQiPHd4xew==/com.a1taxi.driverpro-yOTM-ubtCbmput9a5K_nQA==/base.apk!/lib/arm64-v8a
10-29 14:45:25.314 16970 16970 D SoLoader: libc.so found on /system/lib64
10-29 14:45:25.314 16970 16970 D SoLoader: libc.so loaded implicitly
10-29 14:45:25.314 16970 16970 V SoLoader: libdl.so not found on /data/app/~~OauX-ikmsjEHwQiPHd4xew==/com.a1taxi.driverpro-yOTM-ubtCbmput9a5K_nQA==/lib/arm64
10-29 14:45:25.314 16970 16970 V SoLoader: libdl.so not found on /data/app/~~OauX-ikmsjEHwQiPHd4xew==/com.a1taxi.driverpro-yOTM-ubtCbmput9a5K_nQA==/base.apk!/lib/arm64-v8a
10-29 14:45:25.314 16970 16970 D SoLoader: libdl.so found on /system/lib64
10-29 14:45:25.314 16970 16970 D SoLoader: libdl.so loaded implicitly
10-29 14:45:25.316 16970 16970 D nativeloader: Load /data/app/~~OauX-ikmsjEHwQiPHd4xew==/com.a1taxi.driverpro-yOTM-ubtCbmput9a5K_nQA==/base.apk!/lib/arm64-v8a/libc++_shared.so using class loader ns clns-7 (caller=/data/app/~~OauX-ikmsjEHwQiPHd4xew==/com.a1taxi.driverpro-yOTM-ubtCbmput9a5K_nQA==/base.apk): ok
10-29 14:45:25.316 16970 16970 D SoLoader: libc++_shared.so found on /data/app/~~OauX-ikmsjEHwQiPHd4xew==/com.a1taxi.driverpro-yOTM-ubtCbmput9a5K_nQA==/base.apk!/lib/arm64-v8a
10-29 14:45:25.317 16970 16970 D nativeloader: Load /data/app/~~OauX-ikmsjEHwQiPHd4xew==/com.a1taxi.driverpro-yOTM-ubtCbmput9a5K_nQA==/base.apk!/lib/arm64-v8a/libglog.so using class loader ns clns-7 (caller=/data/app/~~OauX-ikmsjEHwQiPHd4xew==/com.a1taxi.driverpro-yOTM-ubtCbmput9a5K_nQA==/base.apk): ok
10-29 14:45:25.317 16970 16970 D SoLoader: libglog.so found on /data/app/~~OauX-ikmsjEHwQiPHd4xew==/com.a1taxi.driverpro-yOTM-ubtCbmput9a5K_nQA==/base.apk!/lib/arm64-v8a
10-29 14:45:25.318 16970 16970 D nativeloader: Load /data/app/~~OauX-ikmsjEHwQiPHd4xew==/com.a1taxi.driverpro-yOTM-ubtCbmput9a5K_nQA==/base.apk!/lib/arm64-v8a/libfolly_runtime.so using class loader ns clns-7 (caller=/data/app/~~OauX-ikmsjEHwQiPHd4xew==/com.a1taxi.driverpro-yOTM-ubtCbmput9a5K_nQA==/base.apk): ok
10-29 14:45:25.318 16970 16970 D SoLoader: libfolly_runtime.so found on /data/app/~~OauX-ikmsjEHwQiPHd4xew==/com.a1taxi.driverpro-yOTM-ubtCbmput9a5K_nQA==/base.apk!/lib/arm64-v8a
10-29 14:45:25.319 16970 16970 D nativeloader: Load /data/app/~~OauX-ikmsjEHwQiPHd4xew==/com.a1taxi.driverpro-yOTM-ubtCbmput9a5K_nQA==/base.apk!/lib/arm64-v8a/libjsi.so using class loader ns clns-7 (caller=/data/app/~~OauX-ikmsjEHwQiPHd4xew==/com.a1taxi.driverpro-yOTM-ubtCbmput9a5K_nQA==/base.apk): ok
10-29 14:45:25.319 16970 16970 D SoLoader: libjsi.so found on /data/app/~~OauX-ikmsjEHwQiPHd4xew==/com.a1taxi.driverpro-yOTM-ubtCbmput9a5K_nQA==/base.apk!/lib/arm64-v8a
10-29 14:45:25.319 16970 16970 V SoLoader: libfbjni.so not found on /data/app/~~OauX-ikmsjEHwQiPHd4xew==/com.a1taxi.driverpro-yOTM-ubtCbmput9a5K_nQA==/lib/arm64
10-29 14:45:25.320 16970 16970 V SoLoader: libandroid.so not found on /data/app/~~OauX-ikmsjEHwQiPHd4xew==/com.a1taxi.driverpro-yOTM-ubtCbmput9a5K_nQA==/lib/arm64
10-29 14:45:25.320 16970 16970 V SoLoader: libandroid.so not found on /data/app/~~OauX-ikmsjEHwQiPHd4xew==/com.a1taxi.driverpro-yOTM-ubtCbmput9a5K_nQA==/base.apk!/lib/arm64-v8a
10-29 14:45:25.320 16970 16970 D SoLoader: libandroid.so found on /system/lib64
10-29 14:45:25.320 16970 16970 D SoLoader: libandroid.so loaded implicitly
10-29 14:45:25.320 16970 16970 V SoLoader: liblog.so not found on /data/app/~~OauX-ikmsjEHwQiPHd4xew==/com.a1taxi.driverpro-yOTM-ubtCbmput9a5K_nQA==/lib/arm64
10-29 14:45:25.320 16970 16970 V SoLoader: liblog.so not found on /data/app/~~OauX-ikmsjEHwQiPHd4xew==/com.a1taxi.driverpro-yOTM-ubtCbmput9a5K_nQA==/base.apk!/lib/arm64-v8a
10-29 14:45:25.320 16970 16970 D SoLoader: liblog.so found on /system/lib64
10-29 14:45:25.320 16970 16970 D SoLoader: liblog.so loaded implicitly
10-29 14:45:25.321 16970 16970 D nativeloader: Load /data/app/~~OauX-ikmsjEHwQiPHd4xew==/com.a1taxi.driverpro-yOTM-ubtCbmput9a5K_nQA==/base.apk!/lib/arm64-v8a/libfbjni.so using class loader ns clns-7 (caller=/data/app/~~OauX-ikmsjEHwQiPHd4xew==/com.a1taxi.driverpro-yOTM-ubtCbmput9a5K_nQA==/base.apk): ok
10-29 14:45:25.321 16970 16970 D SoLoader: libfbjni.so found on /data/app/~~OauX-ikmsjEHwQiPHd4xew==/com.a1taxi.driverpro-yOTM-ubtCbmput9a5K_nQA==/base.apk!/lib/arm64-v8a
10-29 14:45:25.322 16970 16970 D nativeloader: Load /data/app/~~OauX-ikmsjEHwQiPHd4xew==/com.a1taxi.driverpro-yOTM-ubtCbmput9a5K_nQA==/base.apk!/lib/arm64-v8a/libhermes.so using class loader ns clns-7 (caller=/data/app/~~OauX-ikmsjEHwQiPHd4xew==/com.a1taxi.driverpro-yOTM-ubtCbmput9a5K_nQA==/base.apk): ok
10-29 14:45:25.323 16970 16970 D SoLoader: libhermes.so found on /data/app/~~OauX-ikmsjEHwQiPHd4xew==/com.a1taxi.driverpro-yOTM-ubtCbmput9a5K_nQA==/base.apk!/lib/arm64-v8a
10-29 14:45:25.323 16970 16970 V SoLoader: libhermes_executor.so not found on /data/app/~~OauX-ikmsjEHwQiPHd4xew==/com.a1taxi.driverpro-yOTM-ubtCbmput9a5K_nQA==/lib/arm64
10-29 14:45:25.326 16970 16970 V SoLoader: libreactnativejni.so not found on /data/app/~~OauX-ikmsjEHwQiPHd4xew==/com.a1taxi.driverpro-yOTM-ubtCbmput9a5K_nQA==/lib/arm64
10-29 14:45:25.328 16970 16970 V SoLoader: libyoga.so not found on /data/app/~~OauX-ikmsjEHwQiPHd4xew==/com.a1taxi.driverpro-yOTM-ubtCbmput9a5K_nQA==/lib/arm64
10-29 14:45:25.330 16970 16970 D nativeloader: Load /data/app/~~OauX-ikmsjEHwQiPHd4xew==/com.a1taxi.driverpro-yOTM-ubtCbmput9a5K_nQA==/base.apk!/lib/arm64-v8a/libyoga.so using class loader ns clns-7 (caller=/data/app/~~OauX-ikmsjEHwQiPHd4xew==/com.a1taxi.driverpro-yOTM-ubtCbmput9a5K_nQA==/base.apk): ok
10-29 14:45:25.330 16970 16970 D SoLoader: libyoga.so found on /data/app/~~OauX-ikmsjEHwQiPHd4xew==/com.a1taxi.driverpro-yOTM-ubtCbmput9a5K_nQA==/base.apk!/lib/arm64-v8a
10-29 14:45:25.330 16970 16970 V SoLoader: libreactperfloggerjni.so not found on /data/app/~~OauX-ikmsjEHwQiPHd4xew==/com.a1taxi.driverpro-yOTM-ubtCbmput9a5K_nQA==/lib/arm64
10-29 14:45:25.332 16970 16970 D nativeloader: Load /data/app/~~OauX-ikmsjEHwQiPHd4xew==/com.a1taxi.driverpro-yOTM-ubtCbmput9a5K_nQA==/base.apk!/lib/arm64-v8a/libreactperfloggerjni.so using class loader ns clns-7 (caller=/data/app/~~OauX-ikmsjEHwQiPHd4xew==/com.a1taxi.driverpro-yOTM-ubtCbmput9a5K_nQA==/base.apk): ok
10-29 14:45:25.332 16970 16970 D SoLoader: libreactperfloggerjni.so found on /data/app/~~OauX-ikmsjEHwQiPHd4xew==/com.a1taxi.driverpro-yOTM-ubtCbmput9a5K_nQA==/base.apk!/lib/arm64-v8a
10-29 14:45:25.332 16970 16970 V SoLoader: libreact_render_core.so not found on /data/app/~~OauX-ikmsjEHwQiPHd4xew==/com.a1taxi.driverpro-yOTM-ubtCbmput9a5K_nQA==/lib/arm64
10-29 14:45:25.334 16970 16970 V SoLoader: libreact_render_debug.so not found on /data/app/~~OauX-ikmsjEHwQiPHd4xew==/com.a1taxi.driverpro-yOTM-ubtCbmput9a5K_nQA==/lib/arm64
10-29 14:45:25.335 16970 16970 D nativeloader: Load /data/app/~~OauX-ikmsjEHwQiPHd4xew==/com.a1taxi.driverpro-yOTM-ubtCbmput9a5K_nQA==/base.apk!/lib/arm64-v8a/libreact_render_debug.so using class loader ns clns-7 (caller=/data/app/~~OauX-ikmsjEHwQiPHd4xew==/com.a1taxi.driverpro-yOTM-ubtCbmput9a5K_nQA==/base.apk): ok
10-29 14:45:25.335 16970 16970 D SoLoader: libreact_render_debug.so found on /data/app/~~OauX-ikmsjEHwQiPHd4xew==/com.a1taxi.driverpro-yOTM-ubtCbmput9a5K_nQA==/base.apk!/lib/arm64-v8a
10-29 14:45:25.336 16970 16970 V SoLoader: libreact_render_graphics.so not found on /data/app/~~OauX-ikmsjEHwQiPHd4xew==/com.a1taxi.driverpro-yOTM-ubtCbmput9a5K_nQA==/lib/arm64
10-29 14:45:25.338 16970 16970 V SoLoader: libreact_utils.so not found on /data/app/~~OauX-ikmsjEHwQiPHd4xew==/com.a1taxi.driverpro-yOTM-ubtCbmput9a5K_nQA==/lib/arm64
10-29 14:45:25.339 16970 16970 V SoLoader: libreact_debug.so not found on /data/app/~~OauX-ikmsjEHwQiPHd4xew==/com.a1taxi.driverpro-yOTM-ubtCbmput9a5K_nQA==/lib/arm64
10-29 14:45:25.341 16970 16970 D nativeloader: Load /data/app/~~OauX-ikmsjEHwQiPHd4xew==/com.a1taxi.driverpro-yOTM-ubtCbmput9a5K_nQA==/base.apk!/lib/arm64-v8a/libreact_debug.so using class loader ns clns-7 (caller=/data/app/~~OauX-ikmsjEHwQiPHd4xew==/com.a1taxi.driverpro-yOTM-ubtCbmput9a5K_nQA==/base.apk): ok
10-29 14:45:25.341 16970 16970 D SoLoader: libreact_debug.so found on /data/app/~~OauX-ikmsjEHwQiPHd4xew==/com.a1taxi.driverpro-yOTM-ubtCbmput9a5K_nQA==/base.apk!/lib/arm64-v8a
10-29 14:45:25.341 16970 16970 V SoLoader: libjsinspector.so not found on /data/app/~~OauX-ikmsjEHwQiPHd4xew==/com.a1taxi.driverpro-yOTM-ubtCbmput9a5K_nQA==/lib/arm64
10-29 14:45:25.342 16970 16970 V SoLoader: libreact_featureflags.so not found on /data/app/~~OauX-ikmsjEHwQiPHd4xew==/com.a1taxi.driverpro-yOTM-ubtCbmput9a5K_nQA==/lib/arm64
