--------- beginning of main
10-18 03:53:01.618 26036 26104 W Settings: Setting airplane_mode_on has moved from android.provider.Settings.System to android.provider.Settings.Global, returning read-only value.
10-18 03:53:01.626 26036 10594 W SystemServiceRegistry: No service published for: wifirtt
10-18 03:53:01.895 26036 26228 I WifiScanner: onFullResults
10-18 03:53:01.896 26036 27707 I WifiScanner: onFullResults
10-18 03:53:01.897 26036 26051 I WifiScanner: onFullResults
10-18 03:53:01.906 26036 11279 I FrewleTileCacheManagerV: (REDACTED) Fetched %d AP models from cache
10-18 03:53:01.932 26036 26172 I FusedLocation: (REDACTED) location delivery to %s blocked - too fast
10-18 03:53:01.932 26036 26172 I FusedLocation: (REDACTED) location delivery to %s blocked - too fast
10-18 03:53:01.932 26036 26172 I FusedLocation: (REDACTED) location delivery to %s blocked - too fast
10-18 03:53:01.933 26036 26172 I FusedLocation: (REDACTED) location delivery to %s blocked - too close
10-18 03:53:01.934 26036 26172 I FusedLocation: (REDACTED) location delivery to %s blocked - too fast
10-18 03:53:01.934 26036 26172 I FusedLocation: (REDACTED) location delivery to %s blocked - too fast
10-18 03:53:01.935 26036 26172 I FusedLocation: (REDACTED) location delivery to %s blocked - too fast
10-18 03:53:01.938 26036 26172 I fyyu    : Received empty WiFi-RTT scan. [CONTEXT service_id=6 ]
10-18 03:53:05.497 26036 11729 I FusedOrientationManager: Unregistering orientation client. [CONTEXT service_id=6 ]
10-18 03:53:05.515 26036 26172 I FusedLocation: (REDACTED) location delivery to %s blocked - too fast
10-18 03:53:05.515 26036 26172 I FusedLocation: (REDACTED) location delivery to %s blocked - too fast
10-18 03:53:05.515 26036 26172 I FusedLocation: (REDACTED) location delivery to %s blocked - too close
10-18 03:53:05.515 26036 26172 I FusedLocation: (REDACTED) location delivery to %s blocked - too close
10-18 03:53:05.518 26036 26172 I FusedLocation: (REDACTED) location delivery to %s blocked - too fast
10-18 03:53:05.519 26036 26172 I FusedLocation: (REDACTED) location delivery to %s blocked - too close
10-18 03:53:05.840 31602 31678 I Finsky  : [40052] AIM: AppInfoManager-Perf > Destroying AppInfoManager ...
10-18 03:53:10.484 26036 26172 I FusedLocation: (REDACTED) location delivery to %s blocked - too fast
10-18 03:53:10.484 26036 26172 I FusedLocation: (REDACTED) location delivery to %s blocked - too close
10-18 03:53:10.484 26036 26172 I FusedLocation: (REDACTED) location delivery to %s blocked - too close
10-18 03:53:10.486 26036 26172 I FusedLocation: (REDACTED) location delivery to %s blocked - too fast
10-18 03:53:10.487 26036 26172 I FusedLocation: (REDACTED) location delivery to %s blocked - too close
10-18 03:53:10.548 26036 10594 I TFLite-in-PlayServices: Created interpreter.
10-18 03:53:10.573 26036 10594 I TFLite-in-PlayServices: Created interpreter.
10-18 03:53:10.599 26036 10594 I SemanticLocation: (REDACTED) [Inferrer] %s%s
10-18 03:53:10.756  5589  5589 I GoogleInputMethodService: GoogleInputMethodService.onFinishInput():2085 
10-18 03:53:10.757  5589  5589 I Module  : DeviceLockedStatusModuleProvider$Module.updateDeviceLockedStatus():100 repeatCheckTimes = 0, locked = false
10-18 03:53:10.758  5589  5589 I GoogleInputMethodService: GoogleInputMethodService.onStartInput():1346 onStartInput(EditorInfo{EditorInfo{packageName=com.a1taxi.driverpro, inputType=0, inputTypeString=NULL, enableLearning=false, autoCorrection=false, autoComplete=false, imeOptions=0, privateImeOptions=null, actionName=UNSPECIFIED, actionLabel=null, initialSelStart=-1, initialSelEnd=-1, initialCapsMode=0, label=null, fieldId=0, fieldName=null, extras=null, hintText=null, hintLocales=[]}}, false)
10-18 03:53:10.760  5589  5589 I Module  : DeviceLockedStatusModuleProvider$Module.updateDeviceLockedStatus():100 repeatCheckTimes = 1, locked = false
10-18 03:53:11.054  8424  8450 I native  : I0000 00:00:1760739791.054190    8450 soda_async_impl.cc:1377] Current audio timestamp: 1760739790957110
10-18 03:53:11.072  8424  8459 W ProxyAndroidLoggerBackend: Too many Flogger logs received before configuration. Dropping old logs.
10-18 03:53:11.621  5589  5589 I GoogleInputMethodService: GoogleInputMethodService.onFinishInput():2085 
10-18 03:53:11.623  5589  5589 I Module  : DeviceLockedStatusModuleProvider$Module.updateDeviceLockedStatus():100 repeatCheckTimes = 0, locked = false
10-18 03:53:11.623  5589  5589 I GoogleInputMethodService: GoogleInputMethodService.onStartInput():1346 onStartInput(EditorInfo{EditorInfo{packageName=com.a1taxi.driverpro, inputType=0, inputTypeString=NULL, enableLearning=false, autoCorrection=false, autoComplete=false, imeOptions=0, privateImeOptions=null, actionName=UNSPECIFIED, actionLabel=null, initialSelStart=-1, initialSelEnd=-1, initialCapsMode=0, label=null, fieldId=0, fieldName=null, extras=null, hintText=null, hintLocales=[]}}, false)
10-18 03:53:11.624  5589  5589 I Module  : DeviceLockedStatusModuleProvider$Module.updateDeviceLockedStatus():100 repeatCheckTimes = 1, locked = false
10-18 03:53:12.447  5589  5589 I GoogleInputMethodService: GoogleInputMethodService.onFinishInput():2085 
10-18 03:53:12.448  5589  5589 I Module  : DeviceLockedStatusModuleProvider$Module.updateDeviceLockedStatus():100 repeatCheckTimes = 0, locked = false
10-18 03:53:12.450  5589  5589 I GoogleInputMethodService: GoogleInputMethodService.onStartInput():1346 onStartInput(EditorInfo{EditorInfo{packageName=com.a1taxi.driverpro, inputType=0, inputTypeString=NULL, enableLearning=false, autoCorrection=false, autoComplete=false, imeOptions=0, privateImeOptions=null, actionName=UNSPECIFIED, actionLabel=null, initialSelStart=-1, initialSelEnd=-1, initialCapsMode=0, label=null, fieldId=0, fieldName=null, extras=null, hintText=null, hintLocales=[]}}, false)
10-18 03:53:12.452  5589  5589 I Module  : DeviceLockedStatusModuleProvider$Module.updateDeviceLockedStatus():100 repeatCheckTimes = 1, locked = false
10-18 03:53:14.572  5589  5589 I GoogleInputMethodService: GoogleInputMethodService.onFinishInput():2085 
10-18 03:53:14.573  5589  5589 I Module  : DeviceLockedStatusModuleProvider$Module.updateDeviceLockedStatus():100 repeatCheckTimes = 0, locked = false
10-18 03:53:14.574  5589  5589 I GoogleInputMethodService: GoogleInputMethodService.onStartInput():1346 onStartInput(EditorInfo{EditorInfo{packageName=com.a1taxi.driverpro, inputType=0, inputTypeString=NULL, enableLearning=false, autoCorrection=false, autoComplete=false, imeOptions=0, privateImeOptions=null, actionName=UNSPECIFIED, actionLabel=null, initialSelStart=-1, initialSelEnd=-1, initialCapsMode=0, label=null, fieldId=0, fieldName=null, extras=null, hintText=null, hintLocales=[]}}, false)
10-18 03:53:14.576  5589  5589 I Module  : DeviceLockedStatusModuleProvider$Module.updateDeviceLockedStatus():100 repeatCheckTimes = 1, locked = false
10-18 03:53:15.497 26036 11507 I FusedOrientationManager: Registering orientation client. [CONTEXT service_id=6 ]
10-18 03:53:15.511 26036 26172 I FusedLocation: (REDACTED) location delivery to %s blocked - too fast
10-18 03:53:15.511 26036 26172 I FusedLocation: (REDACTED) location delivery to %s blocked - too fast
10-18 03:53:15.511 26036 26172 I FusedLocation: (REDACTED) location delivery to %s blocked - too close
10-18 03:53:15.511 26036 26172 I FusedLocation: (REDACTED) location delivery to %s blocked - too close
10-18 03:53:15.514 26036 26172 I FusedLocation: (REDACTED) location delivery to %s blocked - too fast
10-18 03:53:15.514 26036 26172 I FusedLocation: (REDACTED) location delivery to %s blocked - too close
10-18 03:53:15.516 26036 26104 W Settings: Setting airplane_mode_on has moved from android.provider.Settings.System to android.provider.Settings.Global, returning read-only value.
10-18 03:53:15.519 26036 11804 W SystemServiceRegistry: No service published for: wifirtt
10-18 03:53:15.520 26036 26172 W inertial-anchor: Triggering reinit due to mag declination change
10-18 03:53:15.520 26036 26172 W Looper  : Looper already prepared for this thread with a different value for the LOOPER_PREPARE_ALLOW_NON_CALLBACKS option.
10-18 03:53:15.890  5751  5557 W ratelimit: Single process limit 250/s drop 14 lines.
10-18 03:53:15.890  5751  5557 I IPCThreadState: oneway function results for code 2 on binder at 0xb4000077d00575b0 will be dropped but finished with status UNKNOWN_TRANSACTION
10-18 03:53:15.907 26036 30374 I WifiScanner: onFullResults
10-18 03:53:15.908 26036 26082 I WifiScanner: onFullResults
10-18 03:53:15.908 26036 27707 I WifiScanner: onFullResults
10-18 03:53:15.913 26036 10594 I FrewleTileCacheManagerV: (REDACTED) Fetched %d AP models from cache
10-18 03:53:15.938 26036 26172 I FusedLocation: (REDACTED) location delivery to %s blocked - too fast
10-18 03:53:15.939 26036 26172 I FusedLocation: (REDACTED) location delivery to %s blocked - too fast
10-18 03:53:15.939 26036 26172 I FusedLocation: (REDACTED) location delivery to %s blocked - too close
10-18 03:53:15.939 26036 26172 I FusedLocation: (REDACTED) location delivery to %s blocked - too close
10-18 03:53:15.941 26036 26172 I FusedLocation: (REDACTED) location delivery to %s blocked - too fast
10-18 03:53:15.942 26036 26172 I FusedLocation: (REDACTED) location delivery to %s blocked - too fast
10-18 03:53:15.943 26036 26172 I FusedLocation: (REDACTED) location delivery to %s blocked - too close
10-18 03:53:15.943 26036 26172 I FusedLocation: (REDACTED) location delivery to %s blocked - too fast
10-18 03:53:15.945 26036 26172 I fyyu    : Received empty WiFi-RTT scan. [CONTEXT service_id=6 ]
10-18 03:53:20.493 26036 26172 I FusedLocation: (REDACTED) location delivery to %s blocked - too fast
10-18 03:53:20.494 26036 26172 I FusedLocation: (REDACTED) location delivery to %s blocked - too fast
10-18 03:53:20.494 26036 26172 I FusedLocation: (REDACTED) location delivery to %s blocked - too close
10-18 03:53:20.495 26036 26172 I FusedLocation: (REDACTED) location delivery to %s blocked - too close
10-18 03:53:20.499 26036 26172 I FusedLocation: (REDACTED) location delivery to %s blocked - too fast
10-18 03:53:20.501 26036 26172 I FusedLocation: (REDACTED) location delivery to %s blocked - too close
10-18 03:53:20.908 26036 26104 W Settings: Setting airplane_mode_on has moved from android.provider.Settings.System to android.provider.Settings.Global, returning read-only value.
10-18 03:53:20.917 26036 11804 W SystemServiceRegistry: No service published for: wifirtt
10-18 03:53:20.937 26036 27707 I WifiScanner: onFullResults
10-18 03:53:20.938 26036 26081 I WifiScanner: onFullResults
10-18 03:53:20.938 26036 26082 I WifiScanner: onFullResults
10-18 03:53:20.953 26036 11279 I FrewleTileCacheManagerV: (REDACTED) Fetched %d AP models from cache
10-18 03:53:20.984 26036 26172 I FusedLocation: (REDACTED) location delivery to %s blocked - too fast
10-18 03:53:20.984 26036 26172 I FusedLocation: (REDACTED) location delivery to %s blocked - too fast
10-18 03:53:20.985 26036 26172 I FusedLocation: (REDACTED) location delivery to %s blocked - too close
10-18 03:53:20.985 26036 26172 I FusedLocation: (REDACTED) location delivery to %s blocked - too close
10-18 03:53:20.987 26036 26172 I FusedLocation: (REDACTED) location delivery to %s blocked - too fast
10-18 03:53:20.988 26036 26172 I FusedLocation: (REDACTED) location delivery to %s blocked - too fast
10-18 03:53:20.989 26036 26172 I FusedLocation: (REDACTED) location delivery to %s blocked - too close
10-18 03:53:20.989 26036 26172 I FusedLocation: (REDACTED) location delivery to %s blocked - too fast
10-18 03:53:20.991 26036 26172 I fyyu    : Received empty WiFi-RTT scan. [CONTEXT service_id=6 ]
10-18 03:53:25.498 26036 26172 I FusedLocation: (REDACTED) location delivery to %s blocked - too fast
10-18 03:53:25.498 26036 26172 I FusedLocation: (REDACTED) location delivery to %s blocked - too close
10-18 03:53:25.498 26036 26172 I FusedLocation: (REDACTED) location delivery to %s blocked - too close
10-18 03:53:25.506 26036 26172 I FusedLocation: (REDACTED) location delivery to %s blocked - too fast
10-18 03:53:25.510 26036 26172 I FusedLocation: (REDACTED) location delivery to %s blocked - too close
10-18 03:53:25.524 26036 10594 I SemanticLocation: [InfMgr] No location reports after filtering [CONTEXT service_id=173 ]
10-18 03:53:25.940 26036 26104 W Settings: Setting airplane_mode_on has moved from android.provider.Settings.System to android.provider.Settings.Global, returning read-only value.
10-18 03:53:25.947 26036 11279 W SystemServiceRegistry: No service published for: wifirtt
10-18 03:53:26.334 26036 27707 I WifiScanner: onFullResults
10-18 03:53:26.335 26036 30374 I WifiScanner: onFullResults
10-18 03:53:26.335 26036 26082 I WifiScanner: onFullResults
10-18 03:53:26.344 26036 11279 I FrewleTileCacheManagerV: (REDACTED) Fetched %d AP models from cache
10-18 03:53:26.371 26036 26172 I FusedLocation: (REDACTED) location delivery to %s blocked - too fast
10-18 03:53:26.371 26036 26172 I FusedLocation: (REDACTED) location delivery to %s blocked - too fast
10-18 03:53:26.371 26036 26172 I FusedLocation: (REDACTED) location delivery to %s blocked - too close
10-18 03:53:26.372 26036 26172 I FusedLocation: (REDACTED) location delivery to %s blocked - too close
10-18 03:53:26.373 26036 26172 I FusedLocation: (REDACTED) location delivery to %s blocked - too fast
10-18 03:53:26.375 26036 26172 I FusedLocation: (REDACTED) location delivery to %s blocked - too fast
10-18 03:53:26.376 26036 26172 I FusedLocation: (REDACTED) location delivery to %s blocked - too close
10-18 03:53:26.382 26036 26172 I fyyu    : Received empty WiFi-RTT scan. [CONTEXT service_id=6 ]
10-18 03:53:30.500 26036 26172 I FusedLocation: (REDACTED) location delivery to %s blocked - too fast
10-18 03:53:30.500 26036 26172 I FusedLocation: (REDACTED) location delivery to %s blocked - too fast
10-18 03:53:30.500 26036 26172 I FusedLocation: (REDACTED) location delivery to %s blocked - too close
10-18 03:53:30.500 26036 26172 I FusedLocation: (REDACTED) location delivery to %s blocked - too close
10-18 03:53:30.505 26036 26172 I FusedLocation: (REDACTED) location delivery to %s blocked - too fast
10-18 03:53:30.506 26036 26172 I FusedLocation: (REDACTED) location delivery to %s blocked - too close
10-18 03:53:31.334 26036 26104 W Settings: Setting airplane_mode_on has moved from android.provider.Settings.System to android.provider.Settings.Global, returning read-only value.
10-18 03:53:31.342 26036 11279 W SystemServiceRegistry: No service published for: wifirtt
10-18 03:53:31.360 26036 26082 I WifiScanner: onFullResults
10-18 03:53:31.361 26036 26620 I WifiScanner: onFullResults
10-18 03:53:31.363 26036 26082 I WifiScanner: onFullResults
10-18 03:53:31.367 26036 11279 I FrewleTileCacheManagerV: (REDACTED) Fetched %d AP models from cache
10-18 03:53:31.387 26036 26172 I FusedLocation: (REDACTED) location delivery to %s blocked - too fast
10-18 03:53:31.387 26036 26172 I FusedLocation: (REDACTED) location delivery to %s blocked - too fast
10-18 03:53:31.387 26036 26172 I FusedLocation: (REDACTED) location delivery to %s blocked - too close
10-18 03:53:31.388 26036 26172 I FusedLocation: (REDACTED) location delivery to %s blocked - too close
10-18 03:53:31.389 26036 26172 I FusedLocation: (REDACTED) location delivery to %s blocked - too fast
10-18 03:53:31.390 26036 26172 I FusedLocation: (REDACTED) location delivery to %s blocked - too fast
10-18 03:53:31.390 26036 26172 I FusedLocation: (REDACTED) location delivery to %s blocked - too close
10-18 03:53:31.395 26036 26172 I fyyu    : Received empty WiFi-RTT scan. [CONTEXT service_id=6 ]
10-18 03:53:35.503 26036 26172 I FusedLocation: (REDACTED) location delivery to %s blocked - too fast
10-18 03:53:35.503 26036 26172 I FusedLocation: (REDACTED) location delivery to %s blocked - too fast
10-18 03:53:35.503 26036 26172 I FusedLocation: (REDACTED) location delivery to %s blocked - too close
10-18 03:53:35.504 26036 26172 I FusedLocation: (REDACTED) location delivery to %s blocked - too close
10-18 03:53:35.510 26036 26172 I FusedLocation: (REDACTED) location delivery to %s blocked - too fast
10-18 03:53:35.511 26036 26172 I FusedLocation: (REDACTED) location delivery to %s blocked - too close
10-18 03:53:36.363 26036 26104 W Settings: Setting airplane_mode_on has moved from android.provider.Settings.System to android.provider.Settings.Global, returning read-only value.
10-18 03:53:36.371 26036 11279 W SystemServiceRegistry: No service published for: wifirtt
10-18 03:53:36.759 26036 26620 I WifiScanner: onFullResults
10-18 03:53:36.760 26036 26082 I WifiScanner: onFullResults
10-18 03:53:36.761 26036 26081 I WifiScanner: onFullResults
10-18 03:53:36.775 26036 10594 I FrewleTileCacheManagerV: (REDACTED) Fetched %d AP models from cache
10-18 03:53:36.800 26036 26172 I FusedLocation: (REDACTED) location delivery to %s blocked - too fast
10-18 03:53:36.800 26036 26172 I FusedLocation: (REDACTED) location delivery to %s blocked - too fast
10-18 03:53:36.800 26036 26172 I FusedLocation: (REDACTED) location delivery to %s blocked - too close
10-18 03:53:36.801 26036 26172 I FusedLocation: (REDACTED) location delivery to %s blocked - too close
10-18 03:53:36.802 26036 26172 I FusedLocation: (REDACTED) location delivery to %s blocked - too fast
10-18 03:53:36.803 26036 26172 I FusedLocation: (REDACTED) location delivery to %s blocked - too fast
10-18 03:53:36.804 26036 26172 I FusedLocation: (REDACTED) location delivery to %s blocked - too close
10-18 03:53:36.806 26036 26172 I fyyu    : Received empty WiFi-RTT scan. [CONTEXT service_id=6 ]
10-18 03:53:39.515  5589  5589 I GoogleInputMethodService: GoogleInputMethodService.onFinishInput():2085 
10-18 03:53:39.516  5589  5589 I Module  : DeviceLockedStatusModuleProvider$Module.updateDeviceLockedStatus():100 repeatCheckTimes = 0, locked = false
10-18 03:53:39.517  5589  5589 I GoogleInputMethodService: GoogleInputMethodService.onStartInput():1346 onStartInput(EditorInfo{EditorInfo{packageName=com.a1taxi.driverpro, inputType=0, inputTypeString=NULL, enableLearning=false, autoCorrection=false, autoComplete=false, imeOptions=0, privateImeOptions=null, actionName=UNSPECIFIED, actionLabel=null, initialSelStart=-1, initialSelEnd=-1, initialCapsMode=0, label=null, fieldId=0, fieldName=null, extras=null, hintText=null, hintLocales=[]}}, false)
10-18 03:53:39.518  5589  5589 I Module  : DeviceLockedStatusModuleProvider$Module.updateDeviceLockedStatus():100 repeatCheckTimes = 1, locked = false
10-18 03:53:40.505 26036 26172 I FusedLocation: (REDACTED) location delivery to %s blocked - too fast
10-18 03:53:40.508 26036 26172 I FusedLocation: (REDACTED) location delivery to %s blocked - too close
10-18 03:53:40.514 26036 26172 I FusedLocation: (REDACTED) location delivery to %s blocked - too fast
10-18 03:53:40.565  9606 14500 D VivoJavaJsonManager: failed to find appName:host.exp.exponent from config key:mProtakePackages
10-18 03:53:40.571  9606 13859 D VivoJavaJsonManager: failed to find appName:host.exp.exponent from config key:mProtakePackages
10-18 03:53:40.577  9606 14858 D Camera2PresenceSrc: System onCameraUnavailable: 1
10-18 03:53:40.577  9606 14855 D Camera2PresenceSrc: System onCameraAvailable: 1
10-18 03:53:40.580  9606 14858 D VivoJavaJsonManager: failed to find appName:host.exp.exponent from config key:mProtakePackages
10-18 03:53:40.580  9606 14858 D VivoJavaJsonManager: failed to find appName:host.exp.exponent from config key:mProtakePackages
10-18 03:53:40.580  9606 14858 D VivoJavaJsonManager: failed to find appName:host.exp.exponent from config key:mProtakePackages
10-18 03:53:40.580  9606 14858 D VivoJavaJsonManager: failed to find appName:host.exp.exponent from config key:mProtakePackages
10-18 03:53:40.583  9606 14855 D VivoJavaJsonManager: failed to find appName:host.exp.exponent from config key:mProtakePackages
10-18 03:53:40.583  9606 14855 D VivoJavaJsonManager: failed to find appName:host.exp.exponent from config key:mProtakePackages
10-18 03:53:40.583  9606 14855 D VivoJavaJsonManager: failed to find appName:host.exp.exponent from config key:mProtakePackages
10-18 03:53:40.583  9606 14855 D VivoJavaJsonManager: failed to find appName:host.exp.exponent from config key:mProtakePackages
10-18 03:53:40.583  9606 14858 D Camera2PresenceSrc: [FetchData] Refreshed camera list: CameraIdentifier{cameraIds=0}, CameraIdentifier{cameraIds=1}
10-18 03:53:40.583  9606 14855 D Camera2PresenceSrc: [FetchData] Refreshed camera list: CameraIdentifier{cameraIds=0}, CameraIdentifier{cameraIds=1}
10-18 03:53:40.603 26036 10594 I TFLite-in-PlayServices: Created interpreter.
10-18 03:53:40.622  9606 14494 I TRuntime.CctTransportBackend: Making request to: https://firebaselogging.googleapis.com/v0cc/log/batch?format=json_proto3
10-18 03:53:40.630 26036 10594 I TFLite-in-PlayServices: Created interpreter.
10-18 03:53:40.656 26036 10594 I SemanticLocation: (REDACTED) [Inferrer] %s%s
10-18 03:53:41.029  9606 14494 I TRuntime.CctTransportBackend: Status Code: 200
10-18 03:53:41.052  8424  8450 I native  : I0000 00:00:1760739821.052476    8450 soda_async_impl.cc:1377] Current audio timestamp: 1760739820957110
10-18 03:53:41.065  9606 14858 D Camera2PresenceSrc: System onCameraAccessPrioritiesChanged.
10-18 03:53:41.066  9606 14855 D VivoJavaJsonManager: failed to find appName:host.exp.exponent from config key:mProtakePackages
10-18 03:53:41.066  9606 14855 D VivoJavaJsonManager: failed to find appName:host.exp.exponent from config key:mProtakePackages
10-18 03:53:41.066  9606 14855 D VivoJavaJsonManager: failed to find appName:host.exp.exponent from config key:mProtakePackages
10-18 03:53:41.066  9606 14855 D VivoJavaJsonManager: failed to find appName:host.exp.exponent from config key:mProtakePackages
10-18 03:53:41.066  9606 14855 D Camera2PresenceSrc: [FetchData] Refreshed camera list: CameraIdentifier{cameraIds=0}, CameraIdentifier{cameraIds=1}
10-18 03:53:41.071  9606 14855 D Camera2PresenceSrc: System onCameraAccessPrioritiesChanged.
10-18 03:53:41.072  9606 14858 D VivoJavaJsonManager: failed to find appName:host.exp.exponent from config key:mProtakePackages
10-18 03:53:41.073  9606 14858 D VivoJavaJsonManager: failed to find appName:host.exp.exponent from config key:mProtakePackages
10-18 03:53:41.073  9606 14858 D VivoJavaJsonManager: failed to find appName:host.exp.exponent from config key:mProtakePackages
10-18 03:53:41.073  9606 14858 D VivoJavaJsonManager: failed to find appName:host.exp.exponent from config key:mProtakePackages
10-18 03:53:41.076  9606 14858 D Camera2PresenceSrc: [FetchData] Refreshed camera list: CameraIdentifier{cameraIds=0}, CameraIdentifier{cameraIds=1}
10-18 03:53:41.091  8424  8459 W ProxyAndroidLoggerBackend: Too many Flogger logs received before configuration. Dropping old logs.
10-18 03:53:41.758 26036 26104 W Settings: Setting airplane_mode_on has moved from android.provider.Settings.System to android.provider.Settings.Global, returning read-only value.
10-18 03:53:41.766 26036 10594 W SystemServiceRegistry: No service published for: wifirtt
10-18 03:53:41.784 26036 26620 I WifiScanner: onFullResults
10-18 03:53:41.784 26036 26081 I WifiScanner: onFullResults
10-18 03:53:41.785 26036 26620 I WifiScanner: onFullResults
10-18 03:53:41.790 26036 10594 I FrewleTileCacheManagerV: (REDACTED) Fetched %d AP models from cache
10-18 03:53:41.805 26036 26172 I FusedLocation: (REDACTED) location delivery to %s blocked - too fast
10-18 03:53:41.805 26036 26172 I FusedLocation: (REDACTED) location delivery to %s blocked - too fast
10-18 03:53:41.806 26036 26172 I FusedLocation: (REDACTED) location delivery to %s blocked - too fast
10-18 03:53:41.806 26036 26172 I FusedLocation: (REDACTED) location delivery to %s blocked - too close
10-18 03:53:41.807 26036 26172 I FusedLocation: (REDACTED) location delivery to %s blocked - too fast
10-18 03:53:41.807 26036 26172 I FusedLocation: (REDACTED) location delivery to %s blocked - too fast
10-18 03:53:41.808 26036 26172 I FusedLocation: (REDACTED) location delivery to %s blocked - too fast
10-18 03:53:41.809 26036 26172 I fyyu    : Received empty WiFi-RTT scan. [CONTEXT service_id=6 ]
10-18 03:53:43.945  5589  5589 I GoogleInputMethodService: GoogleInputMethodService.onFinishInput():2085 
10-18 03:53:43.946  5589  5589 I Module  : DeviceLockedStatusModuleProvider$Module.updateDeviceLockedStatus():100 repeatCheckTimes = 0, locked = false
10-18 03:53:43.947  5589  5589 I GoogleInputMethodService: GoogleInputMethodService.onStartInput():1346 onStartInput(EditorInfo{EditorInfo{packageName=com.a1taxi.driverpro, inputType=0, inputTypeString=NULL, enableLearning=false, autoCorrection=false, autoComplete=false, imeOptions=0, privateImeOptions=null, actionName=UNSPECIFIED, actionLabel=null, initialSelStart=-1, initialSelEnd=-1, initialCapsMode=0, label=null, fieldId=0, fieldName=null, extras=null, hintText=null, hintLocales=[]}}, false)
10-18 03:53:43.949  5589  5589 I Module  : DeviceLockedStatusModuleProvider$Module.updateDeviceLockedStatus():100 repeatCheckTimes = 1, locked = false
10-18 03:53:45.500 26036 26172 I FusedLocation: (REDACTED) location delivery to %s blocked - too fast
10-18 03:53:45.500 26036 26172 I FusedLocation: (REDACTED) location delivery to %s blocked - too fast
10-18 03:53:45.500 26036 26172 I FusedLocation: (REDACTED) location delivery to %s blocked - too close
10-18 03:53:45.501 26036 26172 I FusedLocation: (REDACTED) location delivery to %s blocked - too close
10-18 03:53:45.503 26036 26172 I FusedLocation: (REDACTED) location delivery to %s blocked - too fast
10-18 03:53:45.505 26036 26172 I FusedLocation: (REDACTED) location delivery to %s blocked - too close
10-18 03:53:46.792 26036 26104 W Settings: Setting airplane_mode_on has moved from android.provider.Settings.System to android.provider.Settings.Global, returning read-only value.
10-18 03:53:46.803 26036 10594 W SystemServiceRegistry: No service published for: wifirtt
10-18 03:53:47.194  5589  5589 I GoogleInputMethodService: GoogleInputMethodService.onFinishInput():2085 
10-18 03:53:47.195  5589  5589 I Module  : DeviceLockedStatusModuleProvider$Module.updateDeviceLockedStatus():100 repeatCheckTimes = 0, locked = false
10-18 03:53:47.196  5589  5589 I GoogleInputMethodService: GoogleInputMethodService.onStartInput():1346 onStartInput(EditorInfo{EditorInfo{packageName=com.a1taxi.driverpro, inputType=0, inputTypeString=NULL, enableLearning=false, autoCorrection=false, autoComplete=false, imeOptions=0, privateImeOptions=null, actionName=UNSPECIFIED, actionLabel=null, initialSelStart=-1, initialSelEnd=-1, initialCapsMode=0, label=null, fieldId=0, fieldName=null, extras=null, hintText=null, hintLocales=[]}}, false)
10-18 03:53:47.199  5589  5589 I Module  : DeviceLockedStatusModuleProvider$Module.updateDeviceLockedStatus():100 repeatCheckTimes = 1, locked = false
10-18 03:53:47.204 26036 26082 I WifiScanner: onFullResults
10-18 03:53:47.204 26036 27707 I WifiScanner: onFullResults
10-18 03:53:47.204 26036 26513 I WifiScanner: onFullResults
10-18 03:53:47.211 26036 11279 I FrewleTileCacheManagerV: (REDACTED) Fetched %d AP models from cache
10-18 03:53:47.226 26036 26172 I FusedLocation: (REDACTED) location delivery to %s blocked - too fast
10-18 03:53:47.226 26036 26172 I FusedLocation: (REDACTED) location delivery to %s blocked - too fast
10-18 03:53:47.227 26036 26172 I FusedLocation: (REDACTED) location delivery to %s blocked - too close
10-18 03:53:47.228 26036 26172 I FusedLocation: (REDACTED) location delivery to %s blocked - too close
10-18 03:53:47.230 26036 26172 I FusedLocation: (REDACTED) location delivery to %s blocked - too fast
10-18 03:53:47.232 26036 26172 I FusedLocation: (REDACTED) location delivery to %s blocked - too fast
10-18 03:53:47.233 26036 26172 I FusedLocation: (REDACTED) location delivery to %s blocked - too close
10-18 03:53:47.236 26036 26172 I fyyu    : Received empty WiFi-RTT scan. [CONTEXT service_id=6 ]
10-18 03:53:47.801  5589  5589 I GoogleInputMethodService: GoogleInputMethodService.onFinishInput():2085 
10-18 03:53:47.803  5589  5589 I Module  : DeviceLockedStatusModuleProvider$Module.updateDeviceLockedStatus():100 repeatCheckTimes = 0, locked = false
10-18 03:53:47.804  5589  5589 I GoogleInputMethodService: GoogleInputMethodService.onStartInput():1346 onStartInput(EditorInfo{EditorInfo{packageName=com.a1taxi.driverpro, inputType=0, inputTypeString=NULL, enableLearning=false, autoCorrection=false, autoComplete=false, imeOptions=0, privateImeOptions=null, actionName=UNSPECIFIED, actionLabel=null, initialSelStart=-1, initialSelEnd=-1, initialCapsMode=0, label=null, fieldId=0, fieldName=null, extras=null, hintText=null, hintLocales=[]}}, false)
10-18 03:53:47.806  5589  5589 I Module  : DeviceLockedStatusModuleProvider$Module.updateDeviceLockedStatus():100 repeatCheckTimes = 1, locked = false
10-18 03:53:49.670  5589  5589 I GoogleInputMethodService: GoogleInputMethodService.onFinishInput():2085 
10-18 03:53:49.671  5589  5589 I Module  : DeviceLockedStatusModuleProvider$Module.updateDeviceLockedStatus():100 repeatCheckTimes = 0, locked = false
10-18 03:53:49.672  5589  5589 I GoogleInputMethodService: GoogleInputMethodService.onStartInput():1346 onStartInput(EditorInfo{EditorInfo{packageName=com.a1taxi.driverpro, inputType=0, inputTypeString=NULL, enableLearning=false, autoCorrection=false, autoComplete=false, imeOptions=0, privateImeOptions=null, actionName=UNSPECIFIED, actionLabel=null, initialSelStart=-1, initialSelEnd=-1, initialCapsMode=0, label=null, fieldId=0, fieldName=null, extras=null, hintText=null, hintLocales=[]}}, false)
10-18 03:53:49.673  5589  5589 I Module  : DeviceLockedStatusModuleProvider$Module.updateDeviceLockedStatus():100 repeatCheckTimes = 1, locked = false
10-18 03:53:50.480 26036 26172 I FusedLocation: (REDACTED) location delivery to %s blocked - too fast
10-18 03:53:50.483 26036 26172 I FusedLocation: (REDACTED) location delivery to %s blocked - too fast
10-18 03:53:50.483 26036 26172 I FusedLocation: (REDACTED) location delivery to %s blocked - too close
10-18 03:53:50.484 26036 26172 I FusedLocation: (REDACTED) location delivery to %s blocked - too close
10-18 03:53:50.487 26036 26172 I FusedLocation: (REDACTED) location delivery to %s blocked - too fast
10-18 03:53:50.488 26036 26172 I FusedLocation: (REDACTED) location delivery to %s blocked - too close
10-18 03:53:51.976 16422 16422 D VRI[Launcher]: visibilityChanged oldVisibility=false newVisibility=true
10-18 03:53:51.998 16422 16422 D ViewRootImpl: AppSizeAfterRelayout, size: Point(1080, 2392), rotation: ROTATION_0
10-18 03:53:52.000 16422 16422 D BufferQueueConsumer: [](id:402600000166,api:0,p:-1,c:16422) connect: controlledByApp=false
10-18 03:53:52.000 16422 16422 D BLASTBufferQueue: [VRI[Launcher]#358](f:0,a:0) constructor()
10-18 03:53:52.001 16422 16422 D BLASTBufferQueue: [VRI[Launcher]#358](f:0,a:0) update width=1080 height=2392 format=-2 mTransformHint=0
10-18 03:53:52.026 16422 16541 D BLASTBufferQueue: [VRI[Launcher]#358](f:0,a:1) acquireNextBufferLocked size=1080x2392 mFrameNumber=1 applyTransaction=true mTimestamp=573511506239644(auto) mPendingTransactions.size=0 graphicBufferId=70531952937422 transform=0
10-18 03:53:52.032 16422 16422 I bnew    : onStart
10-18 03:53:52.055 16422 16422 I bkwn    : (REDACTED) [%s] onStart()
10-18 03:53:52.056 16422 16422 I bkys    : Reloading theme data
10-18 03:53:52.074 16422 16422 I bnew    : onResume
10-18 03:53:52.079 26106 26106 D BoundBrokerSvc: onRebind: Intent { act=com.google.android.gms.inappreach.service.START dat=chimera-action:/... cmp=com.google.android.gms/.chimera.GmsApiService }
10-18 03:53:52.106  5589  5589 I GoogleInputMethodService: GoogleInputMethodService.onFinishInput():2085 
10-18 03:53:52.106  5589  5589 I Module  : DeviceLockedStatusModuleProvider$Module.updateDeviceLockedStatus():100 repeatCheckTimes = 0, locked = false
10-18 03:53:52.107  5589  5589 I GoogleInputMethodService: GoogleInputMethodService.onStartInput():1346 onStartInput(EditorInfo{EditorInfo{packageName=com.android.launcher3, inputType=0, inputTypeString=NULL, enableLearning=false, autoCorrection=false, autoComplete=false, imeOptions=0, privateImeOptions=null, actionName=UNSPECIFIED, actionLabel=null, initialSelStart=-1, initialSelEnd=-1, initialCapsMode=0, label=null, fieldId=0, fieldName=null, extras=null, hintText=null, hintLocales=[]}}, false)
10-18 03:53:52.107  5589  5589 I Module  : DeviceLockedStatusModuleProvider$Module.updateDeviceLockedStatus():100 repeatCheckTimes = 1, locked = false
10-18 03:53:52.203 26036 26104 W Settings: Setting airplane_mode_on has moved from android.provider.Settings.System to android.provider.Settings.Global, returning read-only value.
10-18 03:53:52.207 26036 11804 W SystemServiceRegistry: No service published for: wifirtt
10-18 03:53:52.219 26036 26513 I WifiScanner: onFullResults
10-18 03:53:52.220 26036 26228 I WifiScanner: onFullResults
10-18 03:53:52.220 26036 27707 I WifiScanner: onFullResults
10-18 03:53:52.223 26036 11804 I FrewleTileCacheManagerV: (REDACTED) Fetched %d AP models from cache
10-18 03:53:52.239 26036 26172 I FusedLocation: (REDACTED) location delivery to %s blocked - too fast
10-18 03:53:52.239 26036 26172 I FusedLocation: (REDACTED) location delivery to %s blocked - too fast
10-18 03:53:52.239 26036 26172 I FusedLocation: (REDACTED) location delivery to %s blocked - too close
10-18 03:53:52.239 26036 26172 I FusedLocation: (REDACTED) location delivery to %s blocked - too close
10-18 03:53:52.240 26036 26172 I FusedLocation: (REDACTED) location delivery to %s blocked - too fast
10-18 03:53:52.241 26036 26172 I FusedLocation: (REDACTED) location delivery to %s blocked - too fast
10-18 03:53:52.241 26036 26172 I FusedLocation: (REDACTED) location delivery to %s blocked - too close
10-18 03:53:52.250 26036 26172 I fyyu    : Received empty WiFi-RTT scan. [CONTEXT service_id=6 ]
10-18 03:53:53.388 31602 31680 I Finsky  : [40054] AIM: AppInfoManager-Perf > Destroying AppInfoManager ...
10-18 03:53:54.020 31602 31677 I Finsky  : [40051] AIM: AppInfoManager-Perf > Destroying AppInfoManager ...
10-18 03:53:55.487 26036 26172 I FusedLocation: (REDACTED) location delivery to %s blocked - too fast
10-18 03:53:55.487 26036 26172 I FusedLocation: (REDACTED) location delivery to %s blocked - too close
10-18 03:53:55.487 26036 26172 I FusedLocation: (REDACTED) location delivery to %s blocked - too close
10-18 03:53:55.490 26036 26172 I FusedLocation: (REDACTED) location delivery to %s blocked - too fast
10-18 03:53:55.491 26036 26172 I FusedLocation: (REDACTED) location delivery to %s blocked - too close
10-18 03:53:55.498 26036 11279 I SemanticLocation: [InfMgr] No location reports after filtering [CONTEXT service_id=173 ]
10-18 03:53:57.228 26036 26104 W Settings: Setting airplane_mode_on has moved from android.provider.Settings.System to android.provider.Settings.Global, returning read-only value.
10-18 03:53:57.240 26036 10594 W SystemServiceRegistry: No service published for: wifirtt
10-18 03:53:57.518 26036 26620 I WifiScanner: onFullResults
10-18 03:53:57.519 26036 26082 I WifiScanner: onFullResults
10-18 03:53:57.519 26036 26513 I WifiScanner: onFullResults
10-18 03:53:57.526 26036 10594 I FrewleTileCacheManagerV: (REDACTED) Fetched %d AP models from cache
10-18 03:53:57.546 26036 26172 I FusedLocation: (REDACTED) location delivery to %s blocked - too fast
10-18 03:53:57.547 26036 26172 I FusedLocation: (REDACTED) location delivery to %s blocked - too fast
10-18 03:53:57.547 26036 26172 I FusedLocation: (REDACTED) location delivery to %s blocked - too close
10-18 03:53:57.548 26036 26172 I FusedLocation: (REDACTED) location delivery to %s blocked - too close
10-18 03:53:57.549 26036 26172 I FusedLocation: (REDACTED) location delivery to %s blocked - too fast
10-18 03:53:57.551 26036 26172 I FusedLocation: (REDACTED) location delivery to %s blocked - too fast
10-18 03:53:57.551 26036 26172 I FusedLocation: (REDACTED) location delivery to %s blocked - too close
10-18 03:53:57.557 26036 26172 I fyyu    : Received empty WiFi-RTT scan. [CONTEXT service_id=6 ]
10-18 03:54:00.490 26036 26172 I FusedLocation: (REDACTED) location delivery to %s blocked - too fast
10-18 03:54:00.490 26036 26172 I FusedLocation: (REDACTED) location delivery to %s blocked - too fast
10-18 03:54:00.491 26036 26172 I FusedLocation: (REDACTED) location delivery to %s blocked - too close
10-18 03:54:00.491 26036 26172 I FusedLocation: (REDACTED) location delivery to %s blocked - too close
10-18 03:54:00.495 26036 26172 I FusedLocation: (REDACTED) location delivery to %s blocked - too fast
10-18 03:54:00.497 26036 26172 I FusedLocation: (REDACTED) location delivery to %s blocked - too close
10-18 03:54:02.522 26036 26104 W Settings: Setting airplane_mode_on has moved from android.provider.Settings.System to android.provider.Settings.Global, returning read-only value.
10-18 03:54:02.533 26036 11804 W SystemServiceRegistry: No service published for: wifirtt
10-18 03:54:02.554 26036 26082 I WifiScanner: onFullResults
10-18 03:54:02.554 26036 27707 I WifiScanner: onFullResults
10-18 03:54:02.554 26036 26620 I WifiScanner: onFullResults
10-18 03:54:02.569 26036 11804 I FrewleTileCacheManagerV: (REDACTED) Fetched %d AP models from cache
10-18 03:54:02.595 26036 26172 I FusedLocation: (REDACTED) location delivery to %s blocked - too fast
10-18 03:54:02.595 26036 26172 I FusedLocation: (REDACTED) location delivery to %s blocked - too fast
10-18 03:54:02.595 26036 26172 I FusedLocation: (REDACTED) location delivery to %s blocked - too close
10-18 03:54:02.595 26036 26172 I FusedLocation: (REDACTED) location delivery to %s blocked - too close
10-18 03:54:02.597 26036 26172 I FusedLocation: (REDACTED) location delivery to %s blocked - too fast
10-18 03:54:02.599 26036 26172 I FusedLocation: (REDACTED) location delivery to %s blocked - too fast
10-18 03:54:02.600 26036 26172 I FusedLocation: (REDACTED) location delivery to %s blocked - too close
10-18 03:54:02.612 26036 26172 I fyyu    : Received empty WiFi-RTT scan. [CONTEXT service_id=6 ]
10-18 03:54:05.499 26036 26172 I FusedLocation: (REDACTED) location delivery to %s blocked - too fast
10-18 03:54:05.500 26036 26172 I FusedLocation: (REDACTED) location delivery to %s blocked - too fast
10-18 03:54:05.500 26036 26172 I FusedLocation: (REDACTED) location delivery to %s blocked - too close
10-18 03:54:05.500 26036 26172 I FusedLocation: (REDACTED) location delivery to %s blocked - too close
10-18 03:54:05.505 26036 26172 I FusedLocation: (REDACTED) location delivery to %s blocked - too fast
10-18 03:54:05.507 26036 26172 I FusedLocation: (REDACTED) location delivery to %s blocked - too close
10-18 03:54:07.552 26036 26104 W Settings: Setting airplane_mode_on has moved from android.provider.Settings.System to android.provider.Settings.Global, returning read-only value.
10-18 03:54:07.557 26036 11804 W SystemServiceRegistry: No service published for: wifirtt
10-18 03:54:07.820 26036 26082 I WifiScanner: onFullResults
10-18 03:54:07.820 26036 26620 I WifiScanner: onFullResults
10-18 03:54:07.820 26036 27707 I WifiScanner: onFullResults
10-18 03:54:07.826 26036 11279 I FrewleTileCacheManagerV: (REDACTED) Fetched %d AP models from cache
10-18 03:54:07.845 26036 26172 I FusedLocation: (REDACTED) location delivery to %s blocked - too fast
10-18 03:54:07.845 26036 26172 I FusedLocation: (REDACTED) location delivery to %s blocked - too fast
10-18 03:54:07.845 26036 26172 I FusedLocation: (REDACTED) location delivery to %s blocked - too close
10-18 03:54:07.845 26036 26172 I FusedLocation: (REDACTED) location delivery to %s blocked - too close
10-18 03:54:07.846 26036 26172 I FusedLocation: (REDACTED) location delivery to %s blocked - too fast
10-18 03:54:07.847 26036 26172 I FusedLocation: (REDACTED) location delivery to %s blocked - too fast
10-18 03:54:07.848 26036 26172 I FusedLocation: (REDACTED) location delivery to %s blocked - too close
10-18 03:54:07.853 26036 26172 I fyyu    : Received empty WiFi-RTT scan. [CONTEXT service_id=6 ]
10-18 03:54:07.958 26036 11279 I AlarmManager: setExactAndAllowWhileIdle [name: GCM_HB_ALARM type: 2 triggerAtMillis: 1184377321]
10-18 03:54:07.960 26036 11279 I AlarmManager: setExactAndAllowWhileIdle [name: GCM_HB_ALARM type: 2 triggerAtMillis: 1184377324]
10-18 03:54:10.494 26036 26172 I FusedLocation: (REDACTED) location delivery to %s blocked - too fast
10-18 03:54:10.495 26036 26172 I FusedLocation: (REDACTED) location delivery to %s blocked - too close
10-18 03:54:10.495 26036 26172 I FusedLocation: (REDACTED) location delivery to %s blocked - too close
10-18 03:54:10.498 26036 26172 I FusedLocation: (REDACTED) location delivery to %s blocked - too fast
10-18 03:54:10.500 26036 26172 I FusedLocation: (REDACTED) location delivery to %s blocked - too close
10-18 03:54:10.507 26036 11804 I SemanticLocation: [InfMgr] No location reports after filtering [CONTEXT service_id=173 ]
10-18 03:54:11.052  8424  8450 I native  : I0000 00:00:1760739851.052493    8450 soda_async_impl.cc:1377] Current audio timestamp: 1760739850957110
10-18 03:54:11.091  8424  8459 W ProxyAndroidLoggerBackend: Too many Flogger logs received before configuration. Dropping old logs.
10-18 03:54:12.818 26036 26104 W Settings: Setting airplane_mode_on has moved from android.provider.Settings.System to android.provider.Settings.Global, returning read-only value.
10-18 03:54:12.821 26036 11804 W SystemServiceRegistry: No service published for: wifirtt
10-18 03:54:12.840 26036 26892 I WifiScanner: onFullResults
10-18 03:54:12.841 26036 26519 I WifiScanner: onFullResults
10-18 03:54:12.841 26036 26892 I WifiScanner: onFullResults
10-18 03:54:12.846 26036 12135 I FrewleTileCacheManagerV: (REDACTED) Fetched %d AP models from cache
10-18 03:54:12.863 26036 26172 I FusedLocation: (REDACTED) location delivery to %s blocked - too fast
10-18 03:54:12.864 26036 26172 I FusedLocation: (REDACTED) location delivery to %s blocked - too fast
10-18 03:54:12.864 26036 26172 I FusedLocation: (REDACTED) location delivery to %s blocked - too close
10-18 03:54:12.864 26036 26172 I FusedLocation: (REDACTED) location delivery to %s blocked - too close
10-18 03:54:12.870 26036 26172 I FusedLocation: (REDACTED) location delivery to %s blocked - too fast
10-18 03:54:12.871 26036 26172 I FusedLocation: (REDACTED) location delivery to %s blocked - too fast
10-18 03:54:12.871 26036 26172 I FusedLocation: (REDACTED) location delivery to %s blocked - too close
10-18 03:54:12.875 26036 26172 I fyyu    : Received empty WiFi-RTT scan. [CONTEXT service_id=6 ]
10-18 03:54:15.486 26036 26172 I FusedLocation: (REDACTED) location delivery to %s blocked - too fast
10-18 03:54:15.486 26036 26172 I FusedLocation: (REDACTED) location delivery to %s blocked - too fast
10-18 03:54:15.486 26036 26172 I FusedLocation: (REDACTED) location delivery to %s blocked - too close
10-18 03:54:15.487 26036 26172 I FusedLocation: (REDACTED) location delivery to %s blocked - too close
10-18 03:54:15.489 26036 26172 I FusedLocation: (REDACTED) location delivery to %s blocked - too fast
10-18 03:54:15.489 26036 26172 I FusedLocation: (REDACTED) location delivery to %s blocked - too close
10-18 03:54:16.224  5589  5589 I GoogleInputMethodService: GoogleInputMethodService.onFinishInput():2085 
10-18 03:54:16.225  5589  5589 I Module  : DeviceLockedStatusModuleProvider$Module.updateDeviceLockedStatus():100 repeatCheckTimes = 0, locked = false
10-18 03:54:16.225  5589  5589 I GoogleInputMethodService: GoogleInputMethodService.onStartInput():1346 onStartInput(EditorInfo{EditorInfo{packageName=com.a1taxi.driverpro, inputType=0, inputTypeString=NULL, enableLearning=false, autoCorrection=false, autoComplete=false, imeOptions=0, privateImeOptions=null, actionName=UNSPECIFIED, actionLabel=null, initialSelStart=-1, initialSelEnd=-1, initialCapsMode=0, label=null, fieldId=0, fieldName=null, extras=null, hintText=null, hintLocales=[]}}, false)
10-18 03:54:16.226  5589  5589 I Module  : DeviceLockedStatusModuleProvider$Module.updateDeviceLockedStatus():100 repeatCheckTimes = 1, locked = false
10-18 03:54:16.245 16422 16422 I bnew    : onPause
10-18 03:54:16.668 16422 16422 D VRI[Launcher]: visibilityChanged oldVisibility=true newVisibility=false
10-18 03:54:16.691 16422 16422 D ViewRootImpl: AppSizeAfterRelayout, size: Point(1080, 2392), rotation: ROTATION_0
10-18 03:54:16.691 16422 16422 D BLASTBufferQueue: [VRI[Launcher]#358](f:0,a:1) destructor()
10-18 03:54:16.691 16422 16422 D BufferQueueConsumer: [VRI[Launcher]#358(BLAST Consumer)358](id:402600000166,api:0,p:-1,c:16422) disconnect
10-18 03:54:16.708 16422 16422 I bnew    : onStop
10-18 03:54:17.143  5589  5589 I GoogleInputMethodService: GoogleInputMethodService.onFinishInput():2085 
10-18 03:54:17.144  5589  5589 I Module  : DeviceLockedStatusModuleProvider$Module.updateDeviceLockedStatus():100 repeatCheckTimes = 0, locked = false
10-18 03:54:17.145  5589  5589 I GoogleInputMethodService: GoogleInputMethodService.onStartInput():1346 onStartInput(EditorInfo{EditorInfo{packageName=com.a1taxi.driverpro, inputType=0, inputTypeString=NULL, enableLearning=false, autoCorrection=false, autoComplete=false, imeOptions=0, privateImeOptions=null, actionName=UNSPECIFIED, actionLabel=null, initialSelStart=-1, initialSelEnd=-1, initialCapsMode=0, label=null, fieldId=0, fieldName=null, extras=null, hintText=null, hintLocales=[]}}, false)
10-18 03:54:17.146  5589  5589 I Module  : DeviceLockedStatusModuleProvider$Module.updateDeviceLockedStatus():100 repeatCheckTimes = 1, locked = false
10-18 03:54:17.167 27559 27559 I Choreographer: Skipped 121 frames!  The application may be doing too much work on its main thread.
10-18 03:54:17.846 26036 26104 W Settings: Setting airplane_mode_on has moved from android.provider.Settings.System to android.provider.Settings.Global, returning read-only value.
10-18 03:54:17.855 26036 10594 W SystemServiceRegistry: No service published for: wifirtt
10-18 03:54:18.236 26036 26519 I WifiScanner: onFullResults
10-18 03:54:18.236 26036 26892 I WifiScanner: onFullResults
10-18 03:54:18.237 26036 27707 I WifiScanner: onFullResults
10-18 03:54:18.243 26036 10594 I FrewleTileCacheManagerV: (REDACTED) Fetched %d AP models from cache
10-18 03:54:18.260 26036 26172 I FusedLocation: (REDACTED) location delivery to %s blocked - too fast
10-18 03:54:18.260 26036 26172 I FusedLocation: (REDACTED) location delivery to %s blocked - too fast
10-18 03:54:18.260 26036 26172 I FusedLocation: (REDACTED) location delivery to %s blocked - too close
10-18 03:54:18.260 26036 26172 I FusedLocation: (REDACTED) location delivery to %s blocked - too close
10-18 03:54:18.262 26036 26172 I FusedLocation: (REDACTED) location delivery to %s blocked - too fast
10-18 03:54:18.262 26036 26172 I FusedLocation: (REDACTED) location delivery to %s blocked - too fast
10-18 03:54:18.263 26036 26172 I FusedLocation: (REDACTED) location delivery to %s blocked - too close
10-18 03:54:18.268 26036 26172 I fyyu    : Received empty WiFi-RTT scan. [CONTEXT service_id=6 ]
10-18 03:54:19.960  5589  5589 I GoogleInputMethodService: GoogleInputMethodService.onFinishInput():2085 
10-18 03:54:19.961  5589  5589 I Module  : DeviceLockedStatusModuleProvider$Module.updateDeviceLockedStatus():100 repeatCheckTimes = 0, locked = false
10-18 03:54:19.962  5589  5589 I GoogleInputMethodService: GoogleInputMethodService.onStartInput():1346 onStartInput(EditorInfo{EditorInfo{packageName=com.a1taxi.driverpro, inputType=0, inputTypeString=NULL, enableLearning=false, autoCorrection=false, autoComplete=false, imeOptions=0, privateImeOptions=null, actionName=UNSPECIFIED, actionLabel=null, initialSelStart=-1, initialSelEnd=-1, initialCapsMode=0, label=null, fieldId=0, fieldName=null, extras=null, hintText=null, hintLocales=[]}}, false)
10-18 03:54:19.963  5589  5589 I Module  : DeviceLockedStatusModuleProvider$Module.updateDeviceLockedStatus():100 repeatCheckTimes = 1, locked = false
10-18 03:54:20.467 26036 26172 I FusedLocation: (REDACTED) location delivery to %s blocked - too fast
10-18 03:54:20.467 26036 26172 I FusedLocation: (REDACTED) location delivery to %s blocked - too fast
10-18 03:54:20.467 26036 26172 I FusedLocation: (REDACTED) location delivery to %s blocked - too close
10-18 03:54:20.467 26036 26172 I FusedLocation: (REDACTED) location delivery to %s blocked - too close
10-18 03:54:20.469 26036 26172 I FusedLocation: (REDACTED) location delivery to %s blocked - too fast
10-18 03:54:20.469 26036 26172 I FusedLocation: (REDACTED) location delivery to %s blocked - too close
10-18 03:54:20.917  5589  5589 I GoogleInputMethodService: GoogleInputMethodService.onFinishInput():2085 
10-18 03:54:20.917  5589  5589 I Module  : DeviceLockedStatusModuleProvider$Module.updateDeviceLockedStatus():100 repeatCheckTimes = 0, locked = false
10-18 03:54:20.919  5589  5589 I GoogleInputMethodService: GoogleInputMethodService.onStartInput():1346 onStartInput(EditorInfo{EditorInfo{packageName=com.a1taxi.driverpro, inputType=0, inputTypeString=NULL, enableLearning=false, autoCorrection=false, autoComplete=false, imeOptions=0, privateImeOptions=null, actionName=UNSPECIFIED, actionLabel=null, initialSelStart=-1, initialSelEnd=-1, initialCapsMode=0, label=null, fieldId=0, fieldName=null, extras=null, hintText=null, hintLocales=[]}}, false)
10-18 03:54:20.920  5589  5589 I Module  : DeviceLockedStatusModuleProvider$Module.updateDeviceLockedStatus():100 repeatCheckTimes = 1, locked = false
10-18 03:54:21.549 16422 16422 D VRI[Launcher]: visibilityChanged oldVisibility=false newVisibility=true
10-18 03:54:21.583 16422 16422 D ViewRootImpl: AppSizeAfterRelayout, size: Point(1080, 2392), rotation: ROTATION_0
10-18 03:54:21.583 16422 16422 D BufferQueueConsumer: [](id:402600000167,api:0,p:-1,c:16422) connect: controlledByApp=false
