10-23 15:52:18.618 32480  8539 I ReactNativeJS:   essentially_same: true }
10-23 15:52:18.618 32480  8539 I ReactNativeJS: 📐 [DISTANCE-SERVICE] Coordinates are essentially the same, returning 0km
10-23 15:52:18.618 32480  8539 I ReactNativeJS: '📏 [DRIVER-SERVICE] Distance for driver eb91d7e5-e2f2-4021-a8c8-3739a3d4cae4 (undefined):', { distance_km: '0.0000',
10-23 15:52:18.618 32480  8539 I ReactNativeJS:   within_radius: true,
10-23 15:52:18.618 32480  8539 I ReactNativeJS:   radius_limit: '10km',
10-23 15:52:18.618 32480  8539 I ReactNativeJS:   driver_coords: { lat: 12.7485327, lng: 77.8300123 },
10-23 15:52:18.618 32480  8539 I ReactNativeJS:   customer_coords: { lat: 12.7485453, lng: 77.8299769 } }
10-23 15:52:18.618 32480  8539 I ReactNativeJS: ✅ [DRIVER-SERVICE] Driver eb91d7e5-e2f2-4021-a8c8-3739a3d4cae4 (undefined) INCLUDED: 0.0000km
10-23 15:52:18.618 32480  8539 I ReactNativeJS: ❌ [DRIVER-SERVICE] Driver 38ee94d8-ac2d-450e-8084-0bef654546d7 (undefined) skipped: no recent location
10-23 15:52:18.619 32480  8539 I ReactNativeJS: ❌ [DRIVER-SERVICE] Driver b4613ecf-44b5-49ba-8613-f8993b6db1d6 (undefined) skipped: no recent location
10-23 15:52:18.619 32480  8539 I ReactNativeJS: 🚗 [DRIVER-SERVICE] Driver 707e2d38-7346-4a2e-bddb-e1157475f786 (undefined) vehicle type: sedan
10-23 15:52:18.619 32480  8539 I ReactNativeJS: 📐 [DISTANCE-SERVICE] ===== DISTANCE CALCULATION DEBUG =====
10-23 15:52:18.619 32480  8539 I ReactNativeJS: '📐 [DISTANCE-SERVICE] Raw inputs:', { lat1: 12.7485453,
10-23 15:52:18.619 32480  8539 I ReactNativeJS:   lon1: 77.8299769,
10-23 15:52:18.619 32480  8539 I ReactNativeJS:   lat2: 12.7486369,
10-23 15:52:18.619 32480  8539 I ReactNativeJS:   lon2: 77.8300031 }
10-23 15:52:18.619 32480  8539 I ReactNativeJS: '📐 [DISTANCE-SERVICE] Converted inputs:', { latitude1: 12.7485453,
10-23 15:52:18.619 32480  8539 I ReactNativeJS:   longitude1: 77.8299769,
10-23 15:52:18.619 32480  8539 I ReactNativeJS:   latitude2: 12.7486369,
10-23 15:52:18.619 32480  8539 I ReactNativeJS:   longitude2: 77.8300031 }
10-23 15:52:18.619 32480  8539 I ReactNativeJS: '📐 [DISTANCE-SERVICE] Coordinate differences:', { lat_diff: 0.00009159999999930335,
10-23 15:52:18.619 32480  8539 I ReactNativeJS:   lng_diff: 0.00002619999999353695,
10-23 15:52:18.619 32480  8539 I ReactNativeJS:   very_close: true,
10-23 15:52:18.619 32480  8539 I ReactNativeJS:   essentially_same: true }
10-23 15:52:18.619 32480  8539 I ReactNativeJS: 📐 [DISTANCE-SERVICE] Coordinates are essentially the same, returning 0km
10-23 15:52:18.619 32480  8539 I ReactNativeJS: '📏 [DRIVER-SERVICE] Distance for driver 707e2d38-7346-4a2e-bddb-e1157475f786 (undefined):', { distance_km: '0.0000',
10-23 15:52:18.619 32480  8539 I ReactNativeJS:   within_radius: true,
10-23 15:52:18.619 32480  8539 I ReactNativeJS:   radius_limit: '10km',
10-23 15:52:18.619 32480  8539 I ReactNativeJS:   driver_coords: { lat: 12.7486369, lng: 77.8300031 },
10-23 15:52:18.619 32480  8539 I ReactNativeJS:   customer_coords: { lat: 12.7485453, lng: 77.8299769 } }
10-23 15:52:18.619 32480  8539 I ReactNativeJS: ✅ [DRIVER-SERVICE] Driver 707e2d38-7346-4a2e-bddb-e1157475f786 (undefined) INCLUDED: 0.0000km
10-23 15:52:18.619 32480  8539 I ReactNativeJS: ❌ [DRIVER-SERVICE] Driver 631f4ab4-c643-45a8-addd-541595b0fe86 (undefined) skipped: no recent location
10-23 15:52:18.619 32480  8539 I ReactNativeJS: ❌ [DRIVER-SERVICE] Driver 0330d75a-67b0-4b12-b9b7-22a241af9c57 (undefined) skipped: no recent location
10-23 15:52:18.619 32480  8539 I ReactNativeJS: ❌ [DRIVER-SERVICE] Driver 058f85df-35b3-4027-81a1-bd52a0df8e4a (undefined) skipped: no recent location
10-23 15:52:18.619 32480  8539 I ReactNativeJS: 📊 [DRIVER-SERVICE] ===== DIRECT DATABASE ACCESS RESULT =====
10-23 15:52:18.619 32480  8539 I ReactNativeJS: '📊 [DRIVER-SERVICE] Final summary:', { total_drivers_processed: 21,
10-23 15:52:18.619 32480  8539 I ReactNativeJS:   available_drivers_found: 2,
10-23 15:52:18.619 32480  8539 I ReactNativeJS:   customer_location: { lat: 12.7485453, lng: 77.8299769 },
10-23 15:52:18.619 32480  8539 I ReactNativeJS:   radius_km: 10,
10-23 15:52:18.619 32480  8539 I ReactNativeJS:   vehicle_type_filter: 'all (no filter applied)' }
10-23 15:52:18.619 32480  8539 I ReactNativeJS: '🔄 [DRIVER-SERVICE] Initial fetch completed:', 2, 'drivers'
10-23 15:52:18.619 32480  8539 I ReactNativeJS: '📍 [HOME] Received driver locations update:', 2, 'drivers'
10-23 15:52:18.620 32480  8539 W ReactNativeJS: 🏠 [HOME] ===== RENDERING HOME SCREEN =====
10-23 15:52:18.620 32480  8539 W ReactNativeJS: '🏠 [HOME] currentLocation:', '{"altitude":774.0999755859375,"heading":0,"altitudeAccuracy":8.16487979888916,"latitude":12.7485453,"speed":0.07487747818231583,"longitude":77.8299769,"accuracy":5.452000141143799}'
10-23 15:52:18.620 32480  8539 W ReactNativeJS: '🏠 [HOME] pickupCoords:', '{"latitude":12.7486327,"longitude":77.8298581}'
10-23 15:52:18.621 32480  8539 W ReactNativeJS: '🏠 [HOME] destinationCoords:', 'null'
10-23 15:52:18.621 32480  8539 W ReactNativeJS: '🏠 [HOME] pickupLocation text:', 'PRXJ+F32, Brindavan Nagar, Plot 87, NGGO\'s Colony, Anand Nagar, Hosur, Tamil Nadu 635109, India'
10-23 15:52:18.621 32480  8539 W ReactNativeJS: '🏠 [HOME] availableDrivers count:', 2
10-23 15:52:18.621 32480  8539 W ReactNativeJS: '🏠 [HOME] showDriversOnMap:', true
10-23 15:52:18.621 32480  8539 I ReactNativeJS: '🏠🏠🏠 [HOME-V2] ABOUT TO RENDER SimpleHosurMap with props:', { hasUserLocation: true,
10-23 15:52:18.621 32480  8539 I ReactNativeJS:   hasPickup: true,
10-23 15:52:18.621 32480  8539 I ReactNativeJS:   hasDestination: false,
10-23 15:52:18.621 32480  8539 I ReactNativeJS:   showDriversOnMap: true,
10-23 15:52:18.621 32480  8539 I ReactNativeJS:   timestamp: '2025-10-23T10:22:18.621Z' }
10-23 15:52:18.621 32480  8539 I ReactNativeJS: 🔥🔥🔥 [SIMPLE-MAP-V2] NEW CODE IS LOADED - VERSION 2.0 🔥🔥🔥
10-23 15:52:18.621 32480  8539 I ReactNativeJS: 🗺️ [SIMPLE-MAP] ===== RENDERING MAP =====
10-23 15:52:18.621 32480  8539 I ReactNativeJS: '🗺️ [SIMPLE-MAP] Props received:', { hasUserLocation: true,
10-23 15:52:18.621 32480  8539 I ReactNativeJS:   hasPickupLocation: true,
10-23 15:52:18.621 32480  8539 I ReactNativeJS:   hasDestinationLocation: false,
10-23 15:52:18.621 32480  8539 I ReactNativeJS:   showCenteredPin: true,
10-23 15:52:18.621 32480  8539 I ReactNativeJS:   userLocation: { latitude: 12.7485453, longitude: 77.8299769 },
10-23 15:52:18.621 32480  8539 I ReactNativeJS:   pickupLocation: { latitude: 12.7486327, longitude: 77.8298581 },
10-23 15:52:18.621 32480  8539 I ReactNativeJS:   destinationLocation: null,
10-23 15:52:18.621 32480  8539 I ReactNativeJS:   availableDriversCount: 2,
10-23 15:52:18.621 32480  8539 I ReactNativeJS:   showDrivers: true }
10-23 15:52:18.621 32480  8539 I ReactNativeJS: '🟢🟢🟢 [V3] RENDERING ULTRA-VISIBLE PICKUP MARKER at:', { latitude: 12.7486327, longitude: 77.8298581 }
10-23 15:52:18.621 32480  8539 I ReactNativeJS: '🚗 [MAP] Rendering driver marker:', 'eb91d7e5-e2f2-4021-a8c8-3739a3d4cae4', 'at', 12.7485327, 77.8300123
10-23 15:52:18.621 32480  8539 I ReactNativeJS: '🚗 [MAP] Rendering driver marker:', '707e2d38-7346-4a2e-bddb-e1157475f786', 'at', 12.7486369, 77.8300031
10-23 15:52:18.629 32480  8539 I ReactNativeJS: '📍 [DRIVER-SERVICE] Found locations:', { total: 2,
10-23 15:52:18.629 32480  8539 I ReactNativeJS:   details: 
10-23 15:52:18.629 32480  8539 I ReactNativeJS:    [ { user_id: '1c4ac410-54d8-4b5e-960b-3afcbebd115d',
10-23 15:52:18.629 32480  8539 I ReactNativeJS:        coordinates: { lat: 12.7485327, lng: 77.8300123 },
10-23 15:52:18.629 32480  8539 I ReactNativeJS:        updated_at: '2025-10-23T10:22:08.646818+00:00',
10-23 15:52:18.629 32480  8539 I ReactNativeJS:        age_minutes: 0 },
10-23 15:52:18.629 32480  8539 I ReactNativeJS:      { user_id: 'ed59084b-f517-4da3-814c-a314cdd8b4c6',
10-23 15:52:18.629 32480  8539 I ReactNativeJS:        coordinates: { lat: 12.7486369, lng: 77.8300031 },
10-23 15:52:18.629 32480  8539 I ReactNativeJS:        updated_at: '2025-10-23T10:22:11.189933+00:00',
10-23 15:52:18.629 32480  8539 I ReactNativeJS:        age_minutes: 0 } ] }
10-23 15:52:18.629 32480  8539 I ReactNativeJS: 🔍 [DRIVER-SERVICE] Step 3: Processing drivers with distance calculation...
10-23 15:52:18.629 32480  8539 I ReactNativeJS: '🔍 [DRIVER-SERVICE] Customer coordinates for distance calc:', { lat: 12.7486282,
10-23 15:52:18.629 32480  8539 I ReactNativeJS:   lng: 77.8299933,
10-23 15:52:18.629 32480  8539 I ReactNativeJS:   type: 'number',
10-23 15:52:18.629 32480  8539 I ReactNativeJS:   isValid: true }
10-23 15:52:18.629 32480  8539 I ReactNativeJS: ❌ [DRIVER-SERVICE] Driver 22480cc3-665c-407e-ad8a-8eafde67706b (undefined) skipped: no recent location
10-23 15:52:18.629 32480  8539 I ReactNativeJS: ❌ [DRIVER-SERVICE] Driver 76b66a88-dff9-4965-9e36-8a92023f155d (undefined) skipped: no recent location
10-23 15:52:18.629 32480  8539 I ReactNativeJS: ❌ [DRIVER-SERVICE] Driver 6f55e87b-6558-48df-af8c-d69190918b32 (undefined) skipped: no recent location
10-23 15:52:18.629 32480  8539 I ReactNativeJS: ❌ [DRIVER-SERVICE] Driver 97a4ba58-9431-48e5-ac8f-3472b8357179 (undefined) skipped: no recent location
10-23 15:52:18.629 32480  8539 I ReactNativeJS: ❌ [DRIVER-SERVICE] Driver c568b21d-0975-4388-a9fb-cc00013b6d4f (undefined) skipped: no recent location
10-23 15:52:18.629 32480  8539 I ReactNativeJS: ❌ [DRIVER-SERVICE] Driver 7055c2f9-99fa-4d96-bc6c-079b5cda6f56 (undefined) skipped: no recent location
10-23 15:52:18.629 32480  8539 I ReactNativeJS: ❌ [DRIVER-SERVICE] Driver 770e8400-e29b-41d4-a716-446655440001 (undefined) skipped: no recent location
10-23 15:52:18.629 32480  8539 I ReactNativeJS: ❌ [DRIVER-SERVICE] Driver 770e8400-e29b-41d4-a716-446655440002 (undefined) skipped: no recent location
10-23 15:52:18.629 32480  8539 I ReactNativeJS: ❌ [DRIVER-SERVICE] Driver 43d81d7d-e647-46cf-8599-11f63996b03e (undefined) skipped: no recent location
10-23 15:52:18.629 32480  8539 I ReactNativeJS: ❌ [DRIVER-SERVICE] Driver 770e8400-e29b-41d4-a716-446655440003 (undefined) skipped: no recent location
10-23 15:52:18.629 32480  8539 I ReactNativeJS: ❌ [DRIVER-SERVICE] Driver 770e8400-e29b-41d4-a716-446655440004 (undefined) skipped: no recent location
10-23 15:52:18.629 32480  8539 I ReactNativeJS: ❌ [DRIVER-SERVICE] Driver 770e8400-e29b-41d4-a716-446655440005 (undefined) skipped: no recent location
10-23 15:52:18.629 32480  8539 I ReactNativeJS: ❌ [DRIVER-SERVICE] Driver 489b94a7-777b-4e11-ba5c-17e0a3173737 (undefined) skipped: no recent location
10-23 15:52:18.629 32480  8539 I ReactNativeJS: ❌ [DRIVER-SERVICE] Driver d7b4a339-2ba5-45ed-a2ec-238548a8eab6 (undefined) skipped: no recent location
10-23 15:52:18.629 32480  8539 I ReactNativeJS: 🚗 [DRIVER-SERVICE] Driver eb91d7e5-e2f2-4021-a8c8-3739a3d4cae4 (undefined) vehicle type: sedan
10-23 15:52:18.629 32480  8539 I ReactNativeJS: 📐 [DISTANCE-SERVICE] ===== DISTANCE CALCULATION DEBUG =====
10-23 15:52:18.630 32480  8539 I ReactNativeJS: '📐 [DISTANCE-SERVICE] Raw inputs:', { lat1: 12.7486282,
10-23 15:52:18.630 32480  8539 I ReactNativeJS:   lon1: 77.8299933,
10-23 15:52:18.630 32480  8539 I ReactNativeJS:   lat2: 12.7485327,
10-23 15:52:18.630 32480  8539 I ReactNativeJS:   lon2: 77.8300123 }
10-23 15:52:18.630 32480  8539 I ReactNativeJS: '📐 [DISTANCE-SERVICE] Converted inputs:', { latitude1: 12.7486282,
10-23 15:52:18.630 32480  8539 I ReactNativeJS:   longitude1: 77.8299933,
10-23 15:52:18.630 32480  8539 I ReactNativeJS:   latitude2: 12.7485327,
10-23 15:52:18.630 32480  8539 I ReactNativeJS:   longitude2: 77.8300123 }
10-23 15:52:18.630 32480  8539 I ReactNativeJS: '📐 [DISTANCE-SERVICE] Coordinate differences:', { lat_diff: 0.00009550000000047021,
10-23 15:52:18.630 32480  8539 I ReactNativeJS:   lng_diff: 0.00001900000000887303,
10-23 15:52:18.630 32480  8539 I ReactNativeJS:   very_close: true,
10-23 15:52:18.630 32480  8539 I ReactNativeJS:   essentially_same: true }
10-23 15:52:18.630 32480  8539 I ReactNativeJS: 📐 [DISTANCE-SERVICE] Coordinates are essentially the same, returning 0km
10-23 15:52:18.630 32480  8539 I ReactNativeJS: '📏 [DRIVER-SERVICE] Distance for driver eb91d7e5-e2f2-4021-a8c8-3739a3d4cae4 (undefined):', { distance_km: '0.0000',
10-23 15:52:18.630 32480  8539 I ReactNativeJS:   within_radius: true,
10-23 15:52:18.630 32480  8539 I ReactNativeJS:   radius_limit: '10km',
10-23 15:52:18.630 32480  8539 I ReactNativeJS:   driver_coords: { lat: 12.7485327, lng: 77.8300123 },
10-23 15:52:18.630 32480  8539 I ReactNativeJS:   customer_coords: { lat: 12.7486282, lng: 77.8299933 } }
10-23 15:52:18.630 32480  8539 I ReactNativeJS: ✅ [DRIVER-SERVICE] Driver eb91d7e5-e2f2-4021-a8c8-3739a3d4cae4 (undefined) INCLUDED: 0.0000km
10-23 15:52:18.630 32480  8539 I ReactNativeJS: ❌ [DRIVER-SERVICE] Driver 38ee94d8-ac2d-450e-8084-0bef654546d7 (undefined) skipped: no recent location
10-23 15:52:18.630 32480  8539 I ReactNativeJS: ❌ [DRIVER-SERVICE] Driver b4613ecf-44b5-49ba-8613-f8993b6db1d6 (undefined) skipped: no recent location
10-23 15:52:18.630 32480  8539 I ReactNativeJS: 🚗 [DRIVER-SERVICE] Driver 707e2d38-7346-4a2e-bddb-e1157475f786 (undefined) vehicle type: sedan
10-23 15:52:18.630 32480  8539 I ReactNativeJS: 📐 [DISTANCE-SERVICE] ===== DISTANCE CALCULATION DEBUG =====
10-23 15:52:18.630 32480  8539 I ReactNativeJS: '📐 [DISTANCE-SERVICE] Raw inputs:', { lat1: 12.7486282,
10-23 15:52:18.630 32480  8539 I ReactNativeJS:   lon1: 77.8299933,
10-23 15:52:18.630 32480  8539 I ReactNativeJS:   lat2: 12.7486369,
10-23 15:52:18.630 32480  8539 I ReactNativeJS:   lon2: 77.8300031 }
10-23 15:52:18.630 32480  8539 I ReactNativeJS: '📐 [DISTANCE-SERVICE] Converted inputs:', { latitude1: 12.7486282,
10-23 15:52:18.630 32480  8539 I ReactNativeJS:   longitude1: 77.8299933,
10-23 15:52:18.630 32480  8539 I ReactNativeJS:   latitude2: 12.7486369,
10-23 15:52:18.630 32480  8539 I ReactNativeJS:   longitude2: 77.8300031 }
10-23 15:52:18.630 32480  8539 I ReactNativeJS: '📐 [DISTANCE-SERVICE] Coordinate differences:', { lat_diff: 0.000008699999998640351,
10-23 15:52:18.630 32480  8539 I ReactNativeJS:   lng_diff: 0.000009800000000836917,
10-23 15:52:18.630 32480  8539 I ReactNativeJS:   very_close: true,
10-23 15:52:18.630 32480  8539 I ReactNativeJS:   essentially_same: true }
10-23 15:52:18.630 32480  8539 I ReactNativeJS: 📐 [DISTANCE-SERVICE] Coordinates are essentially the same, returning 0km
10-23 15:52:18.631 32480  8539 I ReactNativeJS: '📏 [DRIVER-SERVICE] Distance for driver 707e2d38-7346-4a2e-bddb-e1157475f786 (undefined):', { distance_km: '0.0000',
10-23 15:52:18.631 32480  8539 I ReactNativeJS:   within_radius: true,
10-23 15:52:18.631 32480  8539 I ReactNativeJS:   radius_limit: '10km',
10-23 15:52:18.631 32480  8539 I ReactNativeJS:   driver_coords: { lat: 12.7486369, lng: 77.8300031 },
10-23 15:52:18.631 32480  8539 I ReactNativeJS:   customer_coords: { lat: 12.7486282, lng: 77.8299933 } }
10-23 15:52:18.631 32480  8539 I ReactNativeJS: ✅ [DRIVER-SERVICE] Driver 707e2d38-7346-4a2e-bddb-e1157475f786 (undefined) INCLUDED: 0.0000km
10-23 15:52:18.631 32480  8539 I ReactNativeJS: ❌ [DRIVER-SERVICE] Driver 631f4ab4-c643-45a8-addd-541595b0fe86 (undefined) skipped: no recent location
10-23 15:52:18.631 32480  8539 I ReactNativeJS: ❌ [DRIVER-SERVICE] Driver 0330d75a-67b0-4b12-b9b7-22a241af9c57 (undefined) skipped: no recent location
10-23 15:52:18.631 32480  8539 I ReactNativeJS: ❌ [DRIVER-SERVICE] Driver 058f85df-35b3-4027-81a1-bd52a0df8e4a (undefined) skipped: no recent location
10-23 15:52:18.631 32480  8539 I ReactNativeJS: 📊 [DRIVER-SERVICE] ===== DIRECT DATABASE ACCESS RESULT =====
10-23 15:52:18.631 32480  8539 I ReactNativeJS: '📊 [DRIVER-SERVICE] Final summary:', { total_drivers_processed: 21,
10-23 15:52:18.631 32480  8539 I ReactNativeJS:   available_drivers_found: 2,
10-23 15:52:18.631 32480  8539 I ReactNativeJS:   customer_location: { lat: 12.7486282, lng: 77.8299933 },
10-23 15:52:18.631 32480  8539 I ReactNativeJS:   radius_km: 10,
10-23 15:52:18.631 32480  8539 I ReactNativeJS:   vehicle_type_filter: 'all (no filter applied)' }
10-23 15:52:18.631 32480  8539 I ReactNativeJS: '🔄 [DRIVER-SERVICE] Polling update:', 2, 'drivers'
10-23 15:52:18.631 32480  8539 I ReactNativeJS: '📍 [HOME] Received driver locations update:', 2, 'drivers'
10-23 15:52:18.631 32480  8539 I ReactNativeJS: 🗺️ [MAP] Smoothly animating to user location
10-23 15:52:18.631 32480  8539 I ReactNativeJS: 📊 [HOME] ===== AVAILABLE DRIVERS STATE CHANGED =====
10-23 15:52:18.632 32480  8539 I ReactNativeJS: '📊 [HOME] availableDrivers state update:', { count: 2,
10-23 15:52:18.632 32480  8539 I ReactNativeJS:   showDriversOnMap: true,
10-23 15:52:18.632 32480  8539 I ReactNativeJS:   driversPassedToMap: 2,
10-23 15:52:18.632 32480  8539 I ReactNativeJS:   drivers: 
10-23 15:52:18.632 32480  8539 I ReactNativeJS:    [ { id: 'eb91d7e5-e2f2-4021-a8c8-3739a3d4cae4',
10-23 15:52:18.632 32480  8539 I ReactNativeJS:        vehicle_type: 'sedan',
10-23 15:52:18.632 32480  8539 I ReactNativeJS:        distance: '0.00km',
10-23 15:52:18.632 32480  8539 I ReactNativeJS:        coordinates: { lat: 12.7485327, lng: 77.8300123 },
10-23 15:52:18.632 32480  8539 I ReactNativeJS:        heading: null,
10-23 15:52:18.632 32480  8539 I ReactNativeJS:        rating: 5 },
10-23 15:52:18.632 32480  8539 I ReactNativeJS:      { id: '707e2d38-7346-4a2e-bddb-e1157475f786',
10-23 15:52:18.632 32480  8539 I ReactNativeJS:        vehicle_type: 'sedan',
10-23 15:52:18.632 32480  8539 I ReactNativeJS:        distance: '0.00km',
10-23 15:52:18.632 32480  8539 I ReactNativeJS:        coordinates: { lat: 12.7486369, lng: 77.8300031 },
10-23 15:52:18.632 32480  8539 I ReactNativeJS:        heading: 16.87,
10-23 15:52:18.632 32480  8539 I ReactNativeJS:        rating: 5 } ] }
10-23 15:52:18.632 32480  8539 I ReactNativeJS: 🗺️ [HOME] ===== DRIVERS BEING PASSED TO MAP =====
10-23 15:52:18.632 32480  8539 I ReactNativeJS: '🗺️ [HOME] Map will receive', 2, 'drivers:'
10-23 15:52:18.632 32480  8539 I ReactNativeJS: '🗺️ [HOME] Driver 1 for map:', { driver_id: 'eb91d7e5-e2f2-4021-a8c8-3739a3d4cae4',
10-23 15:52:18.632 32480  8539 I ReactNativeJS:   user_id: '1c4ac410-54d8-4b5e-960b-3afcbebd115d',
10-23 15:52:18.632 32480  8539 I ReactNativeJS:   vehicle_type: 'sedan',
10-23 15:52:18.632 32480  8539 I ReactNativeJS:   coordinates: { lat: 12.7485327, lng: 77.8300123 },
10-23 15:52:18.632 32480  8539 I ReactNativeJS:   distance: '0.0000km',
10-23 15:52:18.632 32480  8539 I ReactNativeJS:   rating: 5,
10-23 15:52:18.632 32480  8539 I ReactNativeJS:   heading: null,
10-23 15:52:18.632 32480  8539 I ReactNativeJS:   updated_at: '2025-10-23T10:22:08.646818+00:00' }
10-23 15:52:18.632 32480  8539 I ReactNativeJS: '🗺️ [HOME] Driver 2 for map:', { driver_id: '707e2d38-7346-4a2e-bddb-e1157475f786',
10-23 15:52:18.632 32480  8539 I ReactNativeJS:   user_id: 'ed59084b-f517-4da3-814c-a314cdd8b4c6',
10-23 15:52:18.632 32480  8539 I ReactNativeJS:   vehicle_type: 'sedan',
10-23 15:52:18.632 32480  8539 I ReactNativeJS:   coordinates: { lat: 12.7486369, lng: 77.8300031 },
10-23 15:52:18.632 32480  8539 I ReactNativeJS:   distance: '0.0000km',
10-23 15:52:18.632 32480  8539 I ReactNativeJS:   rating: 5,
10-23 15:52:18.632 32480  8539 I ReactNativeJS:   heading: 16.87,
10-23 15:52:18.632 32480  8539 I ReactNativeJS:   updated_at: '2025-10-23T10:22:11.189933+00:00' }
10-23 15:52:18.633 32480  8539 W ReactNativeJS: 🏠 [HOME] ===== RENDERING HOME SCREEN =====
10-23 15:52:18.633 32480  8539 W ReactNativeJS: '🏠 [HOME] currentLocation:', '{"altitude":774.0999755859375,"heading":0,"altitudeAccuracy":8.16487979888916,"latitude":12.7485453,"speed":0.07487747818231583,"longitude":77.8299769,"accuracy":5.452000141143799}'
10-23 15:52:18.633 32480  8539 W ReactNativeJS: '🏠 [HOME] pickupCoords:', '{"latitude":12.7486327,"longitude":77.8298581}'
10-23 15:52:18.633 32480  8539 W ReactNativeJS: '🏠 [HOME] destinationCoords:', 'null'
10-23 15:52:18.633 32480  8539 W ReactNativeJS: '🏠 [HOME] pickupLocation text:', 'PRXJ+F32, Brindavan Nagar, Plot 87, NGGO\'s Colony, Anand Nagar, Hosur, Tamil Nadu 635109, India'
10-23 15:52:18.633 32480  8539 W ReactNativeJS: '🏠 [HOME] availableDrivers count:', 2
10-23 15:52:18.633 32480  8539 W ReactNativeJS: '🏠 [HOME] showDriversOnMap:', true
10-23 15:52:18.633 32480  8539 I ReactNativeJS: '🏠🏠🏠 [HOME-V2] ABOUT TO RENDER SimpleHosurMap with props:', { hasUserLocation: true,
10-23 15:52:18.633 32480  8539 I ReactNativeJS:   hasPickup: true,
10-23 15:52:18.633 32480  8539 I ReactNativeJS:   hasDestination: false,
10-23 15:52:18.633 32480  8539 I ReactNativeJS:   showDriversOnMap: true,
10-23 15:52:18.633 32480  8539 I ReactNativeJS:   timestamp: '2025-10-23T10:22:18.633Z' }
10-23 15:52:18.633 32480  8539 I ReactNativeJS: 🔥🔥🔥 [SIMPLE-MAP-V2] NEW CODE IS LOADED - VERSION 2.0 🔥🔥🔥
10-23 15:52:18.633 32480  8539 I ReactNativeJS: 🗺️ [SIMPLE-MAP] ===== RENDERING MAP =====
10-23 15:52:18.633 32480  8539 I ReactNativeJS: '🗺️ [SIMPLE-MAP] Props received:', { hasUserLocation: true,
10-23 15:52:18.633 32480  8539 I ReactNativeJS:   hasPickupLocation: true,
10-23 15:52:18.633 32480  8539 I ReactNativeJS:   hasDestinationLocation: false,
10-23 15:52:18.633 32480  8539 I ReactNativeJS:   showCenteredPin: true,
10-23 15:52:18.633 32480  8539 I ReactNativeJS:   userLocation: { latitude: 12.7485453, longitude: 77.8299769 },
10-23 15:52:18.633 32480  8539 I ReactNativeJS:   pickupLocation: { latitude: 12.7486327, longitude: 77.8298581 },
10-23 15:52:18.633 32480  8539 I ReactNativeJS:   destinationLocation: null,
10-23 15:52:18.633 32480  8539 I ReactNativeJS:   availableDriversCount: 2,
10-23 15:52:18.633 32480  8539 I ReactNativeJS:   showDrivers: true }
10-23 15:52:18.633 32480  8539 I ReactNativeJS: '🟢🟢🟢 [V3] RENDERING ULTRA-VISIBLE PICKUP MARKER at:', { latitude: 12.7486327, longitude: 77.8298581 }
10-23 15:52:18.633 32480  8539 I ReactNativeJS: '🚗 [MAP] Rendering driver marker:', 'eb91d7e5-e2f2-4021-a8c8-3739a3d4cae4', 'at', 12.7485327, 77.8300123
10-23 15:52:18.633 32480  8539 I ReactNativeJS: '🚗 [MAP] Rendering driver marker:', '707e2d38-7346-4a2e-bddb-e1157475f786', 'at', 12.7486369, 77.8300031
10-23 15:52:18.641 32480  8539 I ReactNativeJS: 🗺️ [MAP] Smoothly animating to user location
10-23 15:52:18.641 32480  8539 I ReactNativeJS: 📊 [HOME] ===== AVAILABLE DRIVERS STATE CHANGED =====
10-23 15:52:18.642 32480  8539 I ReactNativeJS: '📊 [HOME] availableDrivers state update:', { count: 2,
10-23 15:52:18.642 32480  8539 I ReactNativeJS:   showDriversOnMap: true,
10-23 15:52:18.642 32480  8539 I ReactNativeJS:   driversPassedToMap: 2,
10-23 15:52:18.642 32480  8539 I ReactNativeJS:   drivers: 
10-23 15:52:18.642 32480  8539 I ReactNativeJS:    [ { id: 'eb91d7e5-e2f2-4021-a8c8-3739a3d4cae4',
10-23 15:52:18.642 32480  8539 I ReactNativeJS:        vehicle_type: 'sedan',
10-23 15:52:18.642 32480  8539 I ReactNativeJS:        distance: '0.00km',
10-23 15:52:18.642 32480  8539 I ReactNativeJS:        coordinates: { lat: 12.7485327, lng: 77.8300123 },
10-23 15:52:18.642 32480  8539 I ReactNativeJS:        heading: null,
10-23 15:52:18.642 32480  8539 I ReactNativeJS:        rating: 5 },
10-23 15:52:18.642 32480  8539 I ReactNativeJS:      { id: '707e2d38-7346-4a2e-bddb-e1157475f786',
10-23 15:52:18.642 32480  8539 I ReactNativeJS:        vehicle_type: 'sedan',
10-23 15:52:18.642 32480  8539 I ReactNativeJS:        distance: '0.00km',
10-23 15:52:18.642 32480  8539 I ReactNativeJS:        coordinates: { lat: 12.7486369, lng: 77.8300031 },
10-23 15:52:18.642 32480  8539 I ReactNativeJS:        heading: 16.87,
10-23 15:52:18.642 32480  8539 I ReactNativeJS:        rating: 5 } ] }
10-23 15:52:18.642 32480  8539 I ReactNativeJS: 🗺️ [HOME] ===== DRIVERS BEING PASSED TO MAP =====
10-23 15:52:18.642 32480  8539 I ReactNativeJS: '🗺️ [HOME] Map will receive', 2, 'drivers:'
10-23 15:52:18.642 32480  8539 I ReactNativeJS: '🗺️ [HOME] Driver 1 for map:', { driver_id: 'eb91d7e5-e2f2-4021-a8c8-3739a3d4cae4',
10-23 15:52:18.642 32480  8539 I ReactNativeJS:   user_id: '1c4ac410-54d8-4b5e-960b-3afcbebd115d',
10-23 15:52:18.642 32480  8539 I ReactNativeJS:   vehicle_type: 'sedan',
10-23 15:52:18.642 32480  8539 I ReactNativeJS:   coordinates: { lat: 12.7485327, lng: 77.8300123 },
10-23 15:52:18.642 32480  8539 I ReactNativeJS:   distance: '0.0000km',
10-23 15:52:18.642 32480  8539 I ReactNativeJS:   rating: 5,
10-23 15:52:18.642 32480  8539 I ReactNativeJS:   heading: null,
10-23 15:52:18.642 32480  8539 I ReactNativeJS:   updated_at: '2025-10-23T10:22:08.646818+00:00' }
10-23 15:52:18.642 32480  8539 I ReactNativeJS: '🗺️ [HOME] Driver 2 for map:', { driver_id: '707e2d38-7346-4a2e-bddb-e1157475f786',
10-23 15:52:18.642 32480  8539 I ReactNativeJS:   user_id: 'ed59084b-f517-4da3-814c-a314cdd8b4c6',
10-23 15:52:18.642 32480  8539 I ReactNativeJS:   vehicle_type: 'sedan',
10-23 15:52:18.642 32480  8539 I ReactNativeJS:   coordinates: { lat: 12.7486369, lng: 77.8300031 },
10-23 15:52:18.642 32480  8539 I ReactNativeJS:   distance: '0.0000km',
10-23 15:52:18.642 32480  8539 I ReactNativeJS:   rating: 5,
10-23 15:52:18.642 32480  8539 I ReactNativeJS:   heading: 16.87,
10-23 15:52:18.642 32480  8539 I ReactNativeJS:   updated_at: '2025-10-23T10:22:11.189933+00:00' }
10-23 15:52:18.986 32480 32480 W WindowOnBackDispatcher: sendCancelIfRunning: isInProgress=false callback=android.view.ViewRootImpl$$ExternalSyntheticLambda11@d3027ae
10-23 15:52:18.986 32480  8539 I ReactNativeJS: 🚪 User confirmed sign out
10-23 15:52:18.987 32480  8539 I ReactNativeJS: 🚪 Calling signOut function...
10-23 15:52:18.987 32480  8539 I ReactNativeJS: 🚪 Starting sign out process...
10-23 15:52:18.992 32480  8508 D HWUI    : endAllActiveAnimators on 0xb4000077801ccff0 (RippleDrawable) with handle 0xb4000077d00e6a70
10-23 15:52:19.005 32480 32480 W WindowOnBackDispatcher: OnBackInvokedCallback is not enabled for the application.
10-23 15:52:19.005 32480 32480 W WindowOnBackDispatcher: Set 'android:enableOnBackInvokedCallback="true"' in the application manifest.
10-23 15:52:19.005 32480 13339 D BLASTBufferQueue: [VRI[MainActivity]#5](f:0,a:4) destructor()
10-23 15:52:19.005 32480 13339 D BufferQueueConsumer: [VRI[MainActivity]#5(BLAST Consumer)5](id:7ee000000006,api:0,p:-1,c:32480) disconnect
10-23 15:52:19.042 32480 32480 V ImeFocusController: onWindowFocus: com.android.internal.policy.DecorView{50a7253 V.E...... R......D 0,0-1080,2392 aid=0}[MainActivity] softInputMode=STATE_UNSPECIFIED|ADJUST_RESIZE
10-23 15:52:19.047  5589  5589 I GoogleInputMethodService: GoogleInputMethodService.onFinishInput():2085 
10-23 15:52:19.048  5589  5589 I Module  : DeviceLockedStatusModuleProvider$Module.updateDeviceLockedStatus():100 repeatCheckTimes = 0, locked = false
10-23 15:52:19.048  5589  5589 I GoogleInputMethodService: GoogleInputMethodService.onStartInput():1346 onStartInput(EditorInfo{EditorInfo{packageName=com.a1taxi.a1taxicustomer, inputType=0, inputTypeString=NULL, enableLearning=false, autoCorrection=false, autoComplete=false, imeOptions=0, privateImeOptions=null, actionName=UNSPECIFIED, actionLabel=null, initialSelStart=-1, initialSelEnd=-1, initialCapsMode=0, label=null, fieldId=0, fieldName=null, extras=null, hintText=null, hintLocales=[]}}, false)
10-23 15:52:19.049  5589  5589 I Module  : DeviceLockedStatusModuleProvider$Module.updateDeviceLockedStatus():100 repeatCheckTimes = 1, locked = false
10-23 15:52:19.417 32480  8539 W ReactNativeJS: '🎯 [TRIP_NOTIFICATION] Component render, notifications count:', 50
10-23 15:52:19.422 32480  8539 W ReactNativeJS: '🎯 [TRIP_NOTIFICATION] Notifications:', '[{"id":"d29bae80-10e7-4d05-99d5-8dc43f61d814","type":"ride_status_changed","status":"read"},{"id":"d7d8686d-95ee-4ce0-97da-ed89564b014b","type":"ride_status_changed","status":"read"},{"id":"755a6269-1daf-4327-ab71-f65e3700bf1a","type":"ride_status_changed","status":"read"},{"id":"500d07b9-07ca-40df-9d4a-3efcf677a117","type":"ride_status_changed","status":"read"},{"id":"df4552cd-e9bc-4e40-a8a0-1270b37737db","type":"booking_completed","status":"read"},{"id":"acb2b80a-267e-4b98-acd0-397461aee537","type":"booking_completed","status":"read"},{"id":"60dbc0b5-662a-48af-b01a-55212f6ac6ea","type":"booking_completed","status":"read"},{"id":"0f408121-1188-4550-9f50-919dcc8a4ed1","type":"booking_completed","status":"read"},{"id":"23052592-9d19-442c-b40f-12b90c3da756","type":"booking_completed","status":"read"},{"id":"c9ff3014-54e3-4b30-9f22-eceee292796b","type":"ride_status_changed","status":"read"},{"id":"879d4bbd-20ad-4253-a1c6-ae7535e7c211","type":"ride_status_changed","status":"read"},{"id":"286129cf-19e6-41fd-b52f-d17334d0d0f9","type":"ride_status_changed","status":"read"},{"id":"b55ac709-48d5-4db2-8246-e23f9bd317ec","type":"ride_completed","status":"read"},{"id":"92abe95d-e47d-48fa-8159-b119f5802710","type":"ride_status_changed","status":"read"},{"id":"73ad244d-a00b-42a9-83e9-97932b9db2d2","type":"ride_status_changed","status":"read"},{"id":"971613ac-8d86-4ab6-8fe5-49c528ca56ee","type":"ride_status_changed","status":"read"},{"id":"49f0f7f9-03d6-4211-b47d-0e7738f190fa","type":"ride_completed","status":"read"},{"id":"6a87c30d-c48d-458c-9b94-32dd5e75ac05","type":"ride_status_changed","status":"read"},{"id":"aee0b7a7-9cb2-4f6b-b53f-fa47642319d0","type":"ride_status_changed","status":"read"},{"id":"6c1d61c3-6cbd-4310-adfe-6d36bc611939","type":"ride_status_changed","status":"read"},{"id":"9d9ab6e7-0357-4305-9ba8-e91c0bb29897","type":"ride_status_changed","status":"read"},{"id":"d952183c-69a7-47dc-a848-d11bc2fff300","type":"ride_cancelled","status":"read"},{"id":"a01d13a8-c95b-4bf1-b0e1-8b2a8e9aaa6b","type":"ride_status_changed","status":"read"},{"id":"5a385bc8-147d-4ac2-834c-305ed9db9a05","type":"ride_completed","status":"read"},{"id":"b9365ade-a3a4-4036-b42f-606b88d5fac9","type":"ride_status_changed","status":"read"},{"id":"b6a2c6b6-bdb4-40ce-a092-25f6dd4ba953","type":"ride_status_changed","status":"read"},{"id":"d850bf94-823f-497a-b292-075abf5b5a59","type":"ride_status_changed","status":"read"},{"id":"5d8275c0-6692-44b3-a4ff-4eabba59873e","type":"ride_status_changed","status":"read"},{"id":"5cfa0487-5d05-42e8-8e92-11a287b3ded0","type":"ride_completed","status":"read"},{"id":"679ed79c-eb21-4609-a2b9-a1d304d4d4ad","type":"ride_status_changed","status":"read"},{"id":"53bb9116-5f1d-445c-94e0-f2e3d9fa3ffe","type":"ride_status_changed","status":"read"},{"id":"4196d3c8-e6dd-4a11-8d40-6771aa06de07","type":"ride_status_changed","status":"read"},{"id":"8d21f749-083a-46d1-9f7e-f7dc5c36ef05","type":"ride_status_changed","status":"read"},{"id":"0a371105-3196-4055-97ad-b230dba42df5","type":"ride_completed","status":"read"},{"id":"9f010555-c90c-447e-83ae-919809ba8350","type":"ride_status_changed","status":"read"},{"id":"84dd0357-20ec-4317-b7bd-7b31515219fb","type":"ride_status_changed","status":"read"},{"id":"caaa4644-cefa-47e6-8c92-60415a52ef4b","type":"ride_status_changed","status":"read"},{"id":"c6e2da1c-f900-47c8-b289-a88c28451f89","type":"ride_status_changed","status":"read"},{"id":"c1a54517-80eb-451d-8fbb-26492459f1c4","type":"ride_status_changed","status":"read"},{"id":"d3a69945-ed73-4db9-84db-77b1013c8fe2","type":"ride_completed","status":"read"},{"id":"8de5daf3-1c41-4bc6-8e2c-c3873b443cbb","type":"ride_status_changed","status":"read"},{"id":"93b3c278-21c8-4094-a13b-ae25cea5afa8","type":"ride_status_changed","status":"read"},{"id":"057c85ff-f0f5-4a15-9e89-de6dc65465a2","type":"ride_status_changed","status":"read"},{"id":"0c757b14-73dc-4cb2-ae18-1eadd9fd89dd","type":"ride_status_changed","status":"read"},{"id":"1aecf168-e878-49f1-a444-e9b29cae4999","ty
10-23 15:52:19.423 32480  8539 I ReactNativeJS: '🔍 [TRIP_NOTIFICATION] Component render - visible:', false, 'notification:', false
10-23 15:52:19.424 32480  8539 W ReactNativeJS: 🏠 [HOME] ===== RENDERING HOME SCREEN =====
10-23 15:52:19.424 32480  8539 W ReactNativeJS: '🏠 [HOME] currentLocation:', '{"altitude":774.0999755859375,"heading":0,"altitudeAccuracy":8.16487979888916,"latitude":12.7485453,"speed":0.07487747818231583,"longitude":77.8299769,"accuracy":5.452000141143799}'
10-23 15:52:19.424 32480  8539 W ReactNativeJS: '🏠 [HOME] pickupCoords:', '{"latitude":12.7486327,"longitude":77.8298581}'
10-23 15:52:19.424 32480  8539 W ReactNativeJS: '🏠 [HOME] destinationCoords:', 'null'
10-23 15:52:19.425 32480  8539 W ReactNativeJS: '🏠 [HOME] pickupLocation text:', 'PRXJ+F32, Brindavan Nagar, Plot 87, NGGO\'s Colony, Anand Nagar, Hosur, Tamil Nadu 635109, India'
10-23 15:52:19.425 32480  8539 W ReactNativeJS: '🏠 [HOME] availableDrivers count:', 2
10-23 15:52:19.425 32480  8539 W ReactNativeJS: '🏠 [HOME] showDriversOnMap:', true
10-23 15:52:19.425 32480  8539 I ReactNativeJS: '🏠🏠🏠 [HOME-V2] ABOUT TO RENDER SimpleHosurMap with props:', { hasUserLocation: true,
10-23 15:52:19.425 32480  8539 I ReactNativeJS:   hasPickup: true,
10-23 15:52:19.425 32480  8539 I ReactNativeJS:   hasDestination: false,
10-23 15:52:19.425 32480  8539 I ReactNativeJS:   showDriversOnMap: true,
10-23 15:52:19.425 32480  8539 I ReactNativeJS:   timestamp: '2025-10-23T10:22:19.425Z' }
10-23 15:52:19.426 32480  8539 I ReactNativeJS: 🔥🔥🔥 [SIMPLE-MAP-V2] NEW CODE IS LOADED - VERSION 2.0 🔥🔥🔥
10-23 15:52:19.426 32480  8539 I ReactNativeJS: 🗺️ [SIMPLE-MAP] ===== RENDERING MAP =====
10-23 15:52:19.431 32480  8539 I ReactNativeJS: '🗺️ [SIMPLE-MAP] Props received:', { hasUserLocation: true,
10-23 15:52:19.431 32480  8539 I ReactNativeJS:   hasPickupLocation: true,
10-23 15:52:19.431 32480  8539 I ReactNativeJS:   hasDestinationLocation: false,
10-23 15:52:19.431 32480  8539 I ReactNativeJS:   showCenteredPin: true,
10-23 15:52:19.431 32480  8539 I ReactNativeJS:   userLocation: { latitude: 12.7485453, longitude: 77.8299769 },
10-23 15:52:19.431 32480  8539 I ReactNativeJS:   pickupLocation: { latitude: 12.7486327, longitude: 77.8298581 },
10-23 15:52:19.431 32480  8539 I ReactNativeJS:   destinationLocation: null,
10-23 15:52:19.431 32480  8539 I ReactNativeJS:   availableDriversCount: 2,
10-23 15:52:19.431 32480  8539 I ReactNativeJS:   showDrivers: true }
10-23 15:52:19.431 32480  8539 I ReactNativeJS: '🟢🟢🟢 [V3] RENDERING ULTRA-VISIBLE PICKUP MARKER at:', { latitude: 12.7486327, longitude: 77.8298581 }
10-23 15:52:19.431 32480  8539 I ReactNativeJS: '🚗 [MAP] Rendering driver marker:', 'eb91d7e5-e2f2-4021-a8c8-3739a3d4cae4', 'at', 12.7485327, 77.8300123
10-23 15:52:19.431 32480  8539 I ReactNativeJS: '🚗 [MAP] Rendering driver marker:', '707e2d38-7346-4a2e-bddb-e1157475f786', 'at', 12.7486369, 77.8300031
10-23 15:52:19.449 32480  8539 I ReactNativeJS: 🗺️ [MAP] Smoothly animating to user location
10-23 15:52:19.450 32480  8539 W ReactNativeJS: '🎯 [TRIP_NOTIFICATION] Component render, notifications count:', 50
10-23 15:52:19.451 32480  8539 W ReactNativeJS: '🎯 [TRIP_NOTIFICATION] Notifications:', '[{"id":"d29bae80-10e7-4d05-99d5-8dc43f61d814","type":"ride_status_changed","status":"read"},{"id":"d7d8686d-95ee-4ce0-97da-ed89564b014b","type":"ride_status_changed","status":"read"},{"id":"755a6269-1daf-4327-ab71-f65e3700bf1a","type":"ride_status_changed","status":"read"},{"id":"500d07b9-07ca-40df-9d4a-3efcf677a117","type":"ride_status_changed","status":"read"},{"id":"df4552cd-e9bc-4e40-a8a0-1270b37737db","type":"booking_completed","status":"read"},{"id":"acb2b80a-267e-4b98-acd0-397461aee537","type":"booking_completed","status":"read"},{"id":"60dbc0b5-662a-48af-b01a-55212f6ac6ea","type":"booking_completed","status":"read"},{"id":"0f408121-1188-4550-9f50-919dcc8a4ed1","type":"booking_completed","status":"read"},{"id":"23052592-9d19-442c-b40f-12b90c3da756","type":"booking_completed","status":"read"},{"id":"c9ff3014-54e3-4b30-9f22-eceee292796b","type":"ride_status_changed","status":"read"},{"id":"879d4bbd-20ad-4253-a1c6-ae7535e7c211","type":"ride_status_changed","status":"read"},{"id":"286129cf-19e6-41fd-b52f-d17334d0d0f9","type":"ride_status_changed","status":"read"},{"id":"b55ac709-48d5-4db2-8246-e23f9bd317ec","type":"ride_completed","status":"read"},{"id":"92abe95d-e47d-48fa-8159-b119f5802710","type":"ride_status_changed","status":"read"},{"id":"73ad244d-a00b-42a9-83e9-97932b9db2d2","type":"ride_status_changed","status":"read"},{"id":"971613ac-8d86-4ab6-8fe5-49c528ca56ee","type":"ride_status_changed","status":"read"},{"id":"49f0f7f9-03d6-4211-b47d-0e7738f190fa","type":"ride_completed","status":"read"},{"id":"6a87c30d-c48d-458c-9b94-32dd5e75ac05","type":"ride_status_changed","status":"read"},{"id":"aee0b7a7-9cb2-4f6b-b53f-fa47642319d0","type":"ride_status_changed","status":"read"},{"id":"6c1d61c3-6cbd-4310-adfe-6d36bc611939","type":"ride_status_changed","status":"read"},{"id":"9d9ab6e7-0357-4305-9ba8-e91c0bb29897","type":"ride_status_changed","status":"read"},{"id":"d952183c-69a7-47dc-a848-d11bc2fff300","type":"ride_cancelled","status":"read"},{"id":"a01d13a8-c95b-4bf1-b0e1-8b2a8e9aaa6b","type":"ride_status_changed","status":"read"},{"id":"5a385bc8-147d-4ac2-834c-305ed9db9a05","type":"ride_completed","status":"read"},{"id":"b9365ade-a3a4-4036-b42f-606b88d5fac9","type":"ride_status_changed","status":"read"},{"id":"b6a2c6b6-bdb4-40ce-a092-25f6dd4ba953","type":"ride_status_changed","status":"read"},{"id":"d850bf94-823f-497a-b292-075abf5b5a59","type":"ride_status_changed","status":"read"},{"id":"5d8275c0-6692-44b3-a4ff-4eabba59873e","type":"ride_status_changed","status":"read"},{"id":"5cfa0487-5d05-42e8-8e92-11a287b3ded0","type":"ride_completed","status":"read"},{"id":"679ed79c-eb21-4609-a2b9-a1d304d4d4ad","type":"ride_status_changed","status":"read"},{"id":"53bb9116-5f1d-445c-94e0-f2e3d9fa3ffe","type":"ride_status_changed","status":"read"},{"id":"4196d3c8-e6dd-4a11-8d40-6771aa06de07","type":"ride_status_changed","status":"read"},{"id":"8d21f749-083a-46d1-9f7e-f7dc5c36ef05","type":"ride_status_changed","status":"read"},{"id":"0a371105-3196-4055-97ad-b230dba42df5","type":"ride_completed","status":"read"},{"id":"9f010555-c90c-447e-83ae-919809ba8350","type":"ride_status_changed","status":"read"},{"id":"84dd0357-20ec-4317-b7bd-7b31515219fb","type":"ride_status_changed","status":"read"},{"id":"caaa4644-cefa-47e6-8c92-60415a52ef4b","type":"ride_status_changed","status":"read"},{"id":"c6e2da1c-f900-47c8-b289-a88c28451f89","type":"ride_status_changed","status":"read"},{"id":"c1a54517-80eb-451d-8fbb-26492459f1c4","type":"ride_status_changed","status":"read"},{"id":"d3a69945-ed73-4db9-84db-77b1013c8fe2","type":"ride_completed","status":"read"},{"id":"8de5daf3-1c41-4bc6-8e2c-c3873b443cbb","type":"ride_status_changed","status":"read"},{"id":"93b3c278-21c8-4094-a13b-ae25cea5afa8","type":"ride_status_changed","status":"read"},{"id":"057c85ff-f0f5-4a15-9e89-de6dc65465a2","type":"ride_status_changed","status":"read"},{"id":"0c757b14-73dc-4cb2-ae18-1eadd9fd89dd","type":"ride_status_changed","status":"read"},{"id":"1aecf168-e878-49f1-a444-e9b29cae4999","ty
10-23 15:52:19.451 32480  8539 I ReactNativeJS: '🔍 [TRIP_NOTIFICATION] Component render - visible:', false, 'notification:', false
10-23 15:52:19.451 32480  8539 W ReactNativeJS: 🏠 [HOME] ===== RENDERING HOME SCREEN =====
10-23 15:52:19.451 32480  8539 W ReactNativeJS: '🏠 [HOME] currentLocation:', '{"altitude":774.0999755859375,"heading":0,"altitudeAccuracy":8.16487979888916,"latitude":12.7485453,"speed":0.07487747818231583,"longitude":77.8299769,"accuracy":5.452000141143799}'
10-23 15:52:19.451 32480  8539 W ReactNativeJS: '🏠 [HOME] pickupCoords:', '{"latitude":12.7486327,"longitude":77.8298581}'
10-23 15:52:19.451 32480  8539 W ReactNativeJS: '🏠 [HOME] destinationCoords:', 'null'
10-23 15:52:19.451 32480  8539 W ReactNativeJS: '🏠 [HOME] pickupLocation text:', 'PRXJ+F32, Brindavan Nagar, Plot 87, NGGO\'s Colony, Anand Nagar, Hosur, Tamil Nadu 635109, India'
10-23 15:52:19.451 32480  8539 W ReactNativeJS: '🏠 [HOME] availableDrivers count:', 2
10-23 15:52:19.451 32480  8539 W ReactNativeJS: '🏠 [HOME] showDriversOnMap:', true
10-23 15:52:19.451 32480  8539 I ReactNativeJS: '🏠🏠🏠 [HOME-V2] ABOUT TO RENDER SimpleHosurMap with props:', { hasUserLocation: true,
10-23 15:52:19.451 32480  8539 I ReactNativeJS:   hasPickup: true,
10-23 15:52:19.451 32480  8539 I ReactNativeJS:   hasDestination: false,
10-23 15:52:19.451 32480  8539 I ReactNativeJS:   showDriversOnMap: true,
10-23 15:52:19.451 32480  8539 I ReactNativeJS:   timestamp: '2025-10-23T10:22:19.451Z' }
10-23 15:52:19.452 32480  8539 I ReactNativeJS: 🔥🔥🔥 [SIMPLE-MAP-V2] NEW CODE IS LOADED - VERSION 2.0 🔥🔥🔥
10-23 15:52:19.452 32480  8539 I ReactNativeJS: 🗺️ [SIMPLE-MAP] ===== RENDERING MAP =====
10-23 15:52:19.452 32480  8539 I ReactNativeJS: '🗺️ [SIMPLE-MAP] Props received:', { hasUserLocation: true,
10-23 15:52:19.452 32480  8539 I ReactNativeJS:   hasPickupLocation: true,
10-23 15:52:19.452 32480  8539 I ReactNativeJS:   hasDestinationLocation: false,
10-23 15:52:19.452 32480  8539 I ReactNativeJS:   showCenteredPin: true,
10-23 15:52:19.452 32480  8539 I ReactNativeJS:   userLocation: { latitude: 12.7485453, longitude: 77.8299769 },
10-23 15:52:19.452 32480  8539 I ReactNativeJS:   pickupLocation: { latitude: 12.7486327, longitude: 77.8298581 },
10-23 15:52:19.452 32480  8539 I ReactNativeJS:   destinationLocation: null,
10-23 15:52:19.452 32480  8539 I ReactNativeJS:   availableDriversCount: 2,
10-23 15:52:19.452 32480  8539 I ReactNativeJS:   showDrivers: true }
10-23 15:52:19.452 32480  8539 I ReactNativeJS: '🟢🟢🟢 [V3] RENDERING ULTRA-VISIBLE PICKUP MARKER at:', { latitude: 12.7486327, longitude: 77.8298581 }
10-23 15:52:19.452 32480  8539 I ReactNativeJS: '🚗 [MAP] Rendering driver marker:', 'eb91d7e5-e2f2-4021-a8c8-3739a3d4cae4', 'at', 12.7485327, 77.8300123
10-23 15:52:19.452 32480  8539 I ReactNativeJS: '🚗 [MAP] Rendering driver marker:', '707e2d38-7346-4a2e-bddb-e1157475f786', 'at', 12.7486369, 77.8300031
10-23 15:52:19.465 32480  8539 I ReactNativeJS: 🗺️ [MAP] Smoothly animating to user location
10-23 15:52:19.465 32480  8539 I ReactNativeJS: '🔍 AuthNavigator - checking auth state:', { user: false,
10-23 15:52:19.465 32480  8539 I ReactNativeJS:   loading: false,
10-23 15:52:19.465 32480  8539 I ReactNativeJS:   segments: '(tabs)/profile',
10-23 15:52:19.465 32480  8539 I ReactNativeJS:   userEmail: undefined,
10-23 15:52:19.465 32480  8539 I ReactNativeJS:   userRole: undefined }
10-23 15:52:19.465 32480  8539 I ReactNativeJS: 🔄 Redirecting to login - user not authenticated
10-23 15:52:19.474  9275  9342 I FusedLocation: (REDACTED) location delivery to %s blocked - too close
10-23 15:52:19.475  9275  9342 I FusedLocation: (REDACTED) location delivery to %s blocked - too close
10-23 15:52:19.475  9275  9342 I FusedLocation: (REDACTED) location delivery to %s blocked - too close
10-23 15:52:19.475  9275  9342 I FusedLocation: (REDACTED) location delivery to %s blocked - too fast
10-23 15:52:19.475  9275  9342 I FusedLocation: (REDACTED) location delivery to %s blocked - too close
10-23 15:52:19.476  9275  9342 I FusedLocation: (REDACTED) location delivery to %s blocked - too fast
10-23 15:52:19.476  9275  9342 I FusedLocation: (REDACTED) location delivery to %s blocked - too fast
10-23 15:52:19.486 32480  8539 I ReactNativeJS: 🛑 [HOME] Stopping driver location polling
10-23 15:52:19.487 32480  8539 I ReactNativeJS: 🛑 [DRIVER-SERVICE] Stopped driver location polling
10-23 15:52:19.493 32480  8539 I ReactNativeJS: ✅ Sign out completed, redirecting to login...
10-23 15:52:19.493 32480  8539 I ReactNativeJS: ✅ Sign out completed
10-23 15:52:19.493 32480  8539 I ReactNativeJS: '🔍 AuthNavigator - checking auth state:', { user: false,
10-23 15:52:19.493 32480  8539 I ReactNativeJS:   loading: false,
10-23 15:52:19.493 32480  8539 I ReactNativeJS:   segments: 'auth/login',
10-23 15:52:19.493 32480  8539 I ReactNativeJS:   userEmail: undefined,
10-23 15:52:19.493 32480  8539 I ReactNativeJS:   userRole: undefined }
10-23 15:52:19.511 32480  8540 W unknown:ReactNative: Attempt to set local data for view with unknown tag: -1
10-23 15:52:19.512 32480  8540 W unknown:ReactNative: Attempt to set local data for view with unknown tag: -1
10-23 15:52:19.512 32480  8540 W unknown:ReactNative: Attempt to set local data for view with unknown tag: -1
10-23 15:52:19.516 32480  8540 W unknown:ReactNative: Attempt to set local data for view with unknown tag: -1
10-23 15:52:19.517 32480  8540 W unknown:ReactNative: Attempt to set local data for view with unknown tag: -1
10-23 15:52:19.517 32480  8540 W unknown:ReactNative: Attempt to set local data for view with unknown tag: -1
10-23 15:52:19.523 32480 32480 W [RNScreens]: topInsetEnabled prop is not available on Android
10-23 15:52:19.524 32480 32480 W [RNScreens]: topInsetEnabled prop is not available on Android
10-23 15:52:19.528 32480 32480 D Google Android Maps SDK: For capability in capabilities, log:
10-23 15:52:19.528 32480 32480 D Google Android Maps SDK: "AdvancedMarkers: false: Capabilities unavailable without a Map ID."Data-driven styling: false
10-23 15:52:19.532 32480  8828 W ProxyAndroidLoggerBackend: Too many Flogger logs received before configuration. Dropping old logs.
10-23 15:52:19.593 32480 32480 W ProxyAndroidLoggerBackend: Too many Flogger logs received before configuration. Dropping old logs.
10-23 15:52:19.596 32480 32480 W ProxyAndroidLoggerBackend: Too many Flogger logs received before configuration. Dropping old logs.
10-23 15:52:19.611 32480 32480 W ProxyAndroidLoggerBackend: Too many Flogger logs received before configuration. Dropping old logs.
10-23 15:52:19.611 32480 32480 W ProxyAndroidLoggerBackend: Too many Flogger logs received before configuration. Dropping old logs.
10-23 15:52:19.612 32480 32480 W ProxyAndroidLoggerBackend: Too many Flogger logs received before configuration. Dropping old logs.
10-23 15:52:19.612 32480 32480 W ProxyAndroidLoggerBackend: Too many Flogger logs received before configuration. Dropping old logs.
10-23 15:52:19.612 32480 32480 W ProxyAndroidLoggerBackend: Too many Flogger logs received before configuration. Dropping old logs.
10-23 15:52:19.612 32480 32480 W ProxyAndroidLoggerBackend: Too many Flogger logs received before configuration. Dropping old logs.
10-23 15:52:19.707 32480  8540 W unknown:ReactNative: Attempt to set local data for view with unknown tag: -1
10-23 15:52:19.707 32480  8540 W unknown:ReactNative: Attempt to set local data for view with unknown tag: -1
10-23 15:52:19.708 32480  8540 W unknown:ReactNative: Attempt to set local data for view with unknown tag: -1
10-23 15:52:19.711 32480  8540 W unknown:ReactNative: Attempt to set local data for view with unknown tag: -1
10-23 15:52:19.712 32480  8540 W unknown:ReactNative: Attempt to set local data for view with unknown tag: -1
10-23 15:52:19.712 32480  8540 W unknown:ReactNative: Attempt to set local data for view with unknown tag: -1
10-23 15:52:19.716 32480 32480 W [RNScreens]: topInsetEnabled prop is not available on Android
10-23 15:52:20.425 32480 32480 I ImeTracker: com.a1taxi.a1taxicustomer:393b3ec: onRequestShow at ORIGIN_CLIENT reason SHOW_SOFT_INPUT fromUser true
10-23 15:52:20.432  5589  5589 I GoogleInputMethodService: GoogleInputMethodService.onFinishInput():2085 
10-23 15:52:20.432  5589  5589 I Module  : DeviceLockedStatusModuleProvider$Module.updateDeviceLockedStatus():100 repeatCheckTimes = 0, locked = false
10-23 15:52:20.433  5589  5589 I GoogleInputMethodService: GoogleInputMethodService.onStartInput():1346 onStartInput(EditorInfo{EditorInfo{packageName=com.a1taxi.a1taxicustomer, inputType=2001, inputTypeString=Normal[CapWords], enableLearning=false, autoCorrection=true, autoComplete=true, imeOptions=8000006, privateImeOptions=null, actionName=DONE, actionLabel=null, initialSelStart=0, initialSelEnd=0, initialCapsMode=2000, label=null, fieldId=1237, fieldName=null, extras=Bundle[mParcelledData.dataSize=404], hintText=non-empty, hintLocales=[]}}, false)
10-23 15:52:20.434  5589  5589 I Module  : DeviceLockedStatusModuleProvider$Module.updateDeviceLockedStatus():100 repeatCheckTimes = 1, locked = false
10-23 15:52:20.440 32480 32480 I AssistStructure: Flattened final assist data: 2536 bytes, containing 1 windows, 16 views
10-23 15:52:20.441  1870  3261 D AutofillSession: createPendingIntent for request 4188
10-23 15:52:20.442  5589  5589 I StylusModule: StylusModule.onUpdateToolType():800 Update tool type = 1
10-23 15:52:20.445  5589  5589 I GoogleInputMethodService: GoogleInputMethodService.onStartInputView():1439 onStartInputView(EditorInfo{EditorInfo{packageName=com.a1taxi.a1taxicustomer, inputType=2001, inputTypeString=Normal[CapWords], enableLearning=false, autoCorrection=true, autoComplete=true, imeOptions=8000006, privateImeOptions=null, actionName=DONE, actionLabel=null, initialSelStart=0, initialSelEnd=0, initialCapsMode=2000, label=null, fieldId=1237, fieldName=null, extras=Bundle[{android.support.text.emoji.emojiCompat_metadataVersion=11, androidx.core.view.inputmethod.EditorInfoCompat.STYLUS_HANDWRITING_ENABLED=true, android.support.text.emoji.emojiCompat_replaceAll=false}], hintText=non-empty, hintLocales=[]}}, false)
10-23 15:52:20.446  5589  5589 I KeyboardHeightUtil: KeyboardHeightUtil.getOemKeyboardHeightRatio():108 systemKeyboardHeightRatio:1.000000.
10-23 15:52:20.448  5589  5589 I AndroidIME: InputBundleManager.loadActiveInputBundleId():528 loadActiveInputBundleId: en-US, ime_english_united_states
