10-20 00:39:08.925 15711 15711 D nativeloader: Load /data/app/~~5-EtbKhINSN2xUSXFAKqOA==/com.a1taxi.driverpro-Esb-bMEGDnyrmLPRDdzhdQ==/base.apk!/lib/arm64-v8a/libfbjni.so using class loader ns clns-7 (caller=/data/app/~~5-EtbKhINSN2xUSXFAKqOA==/com.a1taxi.driverpro-Esb-bMEGDnyrmLPRDdzhdQ==/base.apk): ok
10-20 00:39:08.925 15711 15711 D SoLoader: libfbjni.so found on /data/app/~~5-EtbKhINSN2xUSXFAKqOA==/com.a1taxi.driverpro-Esb-bMEGDnyrmLPRDdzhdQ==/base.apk!/lib/arm64-v8a
10-20 00:39:08.927 15711 15711 D nativeloader: Load /data/app/~~5-EtbKhINSN2xUSXFAKqOA==/com.a1taxi.driverpro-Esb-bMEGDnyrmLPRDdzhdQ==/base.apk!/lib/arm64-v8a/libhermes.so using class loader ns clns-7 (caller=/data/app/~~5-EtbKhINSN2xUSXFAKqOA==/com.a1taxi.driverpro-Esb-bMEGDnyrmLPRDdzhdQ==/base.apk): ok
10-20 00:39:08.927 15711 15711 D SoLoader: libhermes.so found on /data/app/~~5-EtbKhINSN2xUSXFAKqOA==/com.a1taxi.driverpro-Esb-bMEGDnyrmLPRDdzhdQ==/base.apk!/lib/arm64-v8a
10-20 00:39:08.927 15711 15711 V SoLoader: libhermes_executor.so not found on /data/app/~~5-EtbKhINSN2xUSXFAKqOA==/com.a1taxi.driverpro-Esb-bMEGDnyrmLPRDdzhdQ==/lib/arm64
10-20 00:39:08.930 15711 15711 V SoLoader: libreactnativejni.so not found on /data/app/~~5-EtbKhINSN2xUSXFAKqOA==/com.a1taxi.driverpro-Esb-bMEGDnyrmLPRDdzhdQ==/lib/arm64
10-20 00:39:08.932 15711 15711 V SoLoader: libyoga.so not found on /data/app/~~5-EtbKhINSN2xUSXFAKqOA==/com.a1taxi.driverpro-Esb-bMEGDnyrmLPRDdzhdQ==/lib/arm64
10-20 00:39:08.934 15711 15711 D nativeloader: Load /data/app/~~5-EtbKhINSN2xUSXFAKqOA==/com.a1taxi.driverpro-Esb-bMEGDnyrmLPRDdzhdQ==/base.apk!/lib/arm64-v8a/libyoga.so using class loader ns clns-7 (caller=/data/app/~~5-EtbKhINSN2xUSXFAKqOA==/com.a1taxi.driverpro-Esb-bMEGDnyrmLPRDdzhdQ==/base.apk): ok
10-20 00:39:08.934 15711 15711 D SoLoader: libyoga.so found on /data/app/~~5-EtbKhINSN2xUSXFAKqOA==/com.a1taxi.driverpro-Esb-bMEGDnyrmLPRDdzhdQ==/base.apk!/lib/arm64-v8a
10-20 00:39:08.935 15711 15711 V SoLoader: libreactperfloggerjni.so not found on /data/app/~~5-EtbKhINSN2xUSXFAKqOA==/com.a1taxi.driverpro-Esb-bMEGDnyrmLPRDdzhdQ==/lib/arm64
10-20 00:39:08.937 15711 15711 D nativeloader: Load /data/app/~~5-EtbKhINSN2xUSXFAKqOA==/com.a1taxi.driverpro-Esb-bMEGDnyrmLPRDdzhdQ==/base.apk!/lib/arm64-v8a/libreactperfloggerjni.so using class loader ns clns-7 (caller=/data/app/~~5-EtbKhINSN2xUSXFAKqOA==/com.a1taxi.driverpro-Esb-bMEGDnyrmLPRDdzhdQ==/base.apk): ok
10-20 00:39:08.937 15711 15711 D SoLoader: libreactperfloggerjni.so found on /data/app/~~5-EtbKhINSN2xUSXFAKqOA==/com.a1taxi.driverpro-Esb-bMEGDnyrmLPRDdzhdQ==/base.apk!/lib/arm64-v8a
10-20 00:39:08.937 15711 15711 V SoLoader: libreact_render_core.so not found on /data/app/~~5-EtbKhINSN2xUSXFAKqOA==/com.a1taxi.driverpro-Esb-bMEGDnyrmLPRDdzhdQ==/lib/arm64
10-20 00:39:08.939 15711 15711 V SoLoader: libreact_render_debug.so not found on /data/app/~~5-EtbKhINSN2xUSXFAKqOA==/com.a1taxi.driverpro-Esb-bMEGDnyrmLPRDdzhdQ==/lib/arm64
10-20 00:39:08.941 15711 15711 D nativeloader: Load /data/app/~~5-EtbKhINSN2xUSXFAKqOA==/com.a1taxi.driverpro-Esb-bMEGDnyrmLPRDdzhdQ==/base.apk!/lib/arm64-v8a/libreact_render_debug.so using class loader ns clns-7 (caller=/data/app/~~5-EtbKhINSN2xUSXFAKqOA==/com.a1taxi.driverpro-Esb-bMEGDnyrmLPRDdzhdQ==/base.apk): ok
10-20 00:39:08.941 15711 15711 D SoLoader: libreact_render_debug.so found on /data/app/~~5-EtbKhINSN2xUSXFAKqOA==/com.a1taxi.driverpro-Esb-bMEGDnyrmLPRDdzhdQ==/base.apk!/lib/arm64-v8a
10-20 00:39:08.941 15711 15711 V SoLoader: libreact_render_graphics.so not found on /data/app/~~5-EtbKhINSN2xUSXFAKqOA==/com.a1taxi.driverpro-Esb-bMEGDnyrmLPRDdzhdQ==/lib/arm64
10-20 00:39:08.943 15711 15711 V SoLoader: libreact_utils.so not found on /data/app/~~5-EtbKhINSN2xUSXFAKqOA==/com.a1taxi.driverpro-Esb-bMEGDnyrmLPRDdzhdQ==/lib/arm64
10-20 00:39:08.945 15711 15711 V SoLoader: libreact_debug.so not found on /data/app/~~5-EtbKhINSN2xUSXFAKqOA==/com.a1taxi.driverpro-Esb-bMEGDnyrmLPRDdzhdQ==/lib/arm64
10-20 00:39:08.946 15711 15711 D nativeloader: Load /data/app/~~5-EtbKhINSN2xUSXFAKqOA==/com.a1taxi.driverpro-Esb-bMEGDnyrmLPRDdzhdQ==/base.apk!/lib/arm64-v8a/libreact_debug.so using class loader ns clns-7 (caller=/data/app/~~5-EtbKhINSN2xUSXFAKqOA==/com.a1taxi.driverpro-Esb-bMEGDnyrmLPRDdzhdQ==/base.apk): ok
10-20 00:39:08.946 15711 15711 D SoLoader: libreact_debug.so found on /data/app/~~5-EtbKhINSN2xUSXFAKqOA==/com.a1taxi.driverpro-Esb-bMEGDnyrmLPRDdzhdQ==/base.apk!/lib/arm64-v8a
10-20 00:39:08.947 15711 15711 V SoLoader: libjsinspector.so not found on /data/app/~~5-EtbKhINSN2xUSXFAKqOA==/com.a1taxi.driverpro-Esb-bMEGDnyrmLPRDdzhdQ==/lib/arm64
10-20 00:39:08.948 15711 15711 V SoLoader: libreact_featureflags.so not found on /data/app/~~5-EtbKhINSN2xUSXFAKqOA==/com.a1taxi.driverpro-Esb-bMEGDnyrmLPRDdzhdQ==/lib/arm64
10-20 00:39:08.949 15711 15711 D nativeloader: Load /data/app/~~5-EtbKhINSN2xUSXFAKqOA==/com.a1taxi.driverpro-Esb-bMEGDnyrmLPRDdzhdQ==/base.apk!/lib/arm64-v8a/libreact_featureflags.so using class loader ns clns-7 (caller=/data/app/~~5-EtbKhINSN2xUSXFAKqOA==/com.a1taxi.driverpro-Esb-bMEGDnyrmLPRDdzhdQ==/base.apk): ok
10-20 00:39:08.949 15711 15711 D SoLoader: libreact_featureflags.so found on /data/app/~~5-EtbKhINSN2xUSXFAKqOA==/com.a1taxi.driverpro-Esb-bMEGDnyrmLPRDdzhdQ==/base.apk!/lib/arm64-v8a
10-20 00:39:08.950 15711 15711 V SoLoader: libruntimeexecutor.so not found on /data/app/~~5-EtbKhINSN2xUSXFAKqOA==/com.a1taxi.driverpro-Esb-bMEGDnyrmLPRDdzhdQ==/lib/arm64
10-20 00:39:08.952 15711 15711 D nativeloader: Load /data/app/~~5-EtbKhINSN2xUSXFAKqOA==/com.a1taxi.driverpro-Esb-bMEGDnyrmLPRDdzhdQ==/base.apk!/lib/arm64-v8a/libruntimeexecutor.so using class loader ns clns-7 (caller=/data/app/~~5-EtbKhINSN2xUSXFAKqOA==/com.a1taxi.driverpro-Esb-bMEGDnyrmLPRDdzhdQ==/base.apk): ok
10-20 00:39:08.952 15711 15711 D SoLoader: libruntimeexecutor.so found on /data/app/~~5-EtbKhINSN2xUSXFAKqOA==/com.a1taxi.driverpro-Esb-bMEGDnyrmLPRDdzhdQ==/base.apk!/lib/arm64-v8a
10-20 00:39:08.953 15711 15711 D nativeloader: Load /data/app/~~5-EtbKhINSN2xUSXFAKqOA==/com.a1taxi.driverpro-Esb-bMEGDnyrmLPRDdzhdQ==/base.apk!/lib/arm64-v8a/libjsinspector.so using class loader ns clns-7 (caller=/data/app/~~5-EtbKhINSN2xUSXFAKqOA==/com.a1taxi.driverpro-Esb-bMEGDnyrmLPRDdzhdQ==/base.apk): ok
10-20 00:39:08.953 15711 15711 D SoLoader: libjsinspector.so found on /data/app/~~5-EtbKhINSN2xUSXFAKqOA==/com.a1taxi.driverpro-Esb-bMEGDnyrmLPRDdzhdQ==/base.apk!/lib/arm64-v8a
10-20 00:39:08.954 15711 15711 D nativeloader: Load /data/app/~~5-EtbKhINSN2xUSXFAKqOA==/com.a1taxi.driverpro-Esb-bMEGDnyrmLPRDdzhdQ==/base.apk!/lib/arm64-v8a/libreact_utils.so using class loader ns clns-7 (caller=/data/app/~~5-EtbKhINSN2xUSXFAKqOA==/com.a1taxi.driverpro-Esb-bMEGDnyrmLPRDdzhdQ==/base.apk): ok
10-20 00:39:08.954 15711 15711 D SoLoader: libreact_utils.so found on /data/app/~~5-EtbKhINSN2xUSXFAKqOA==/com.a1taxi.driverpro-Esb-bMEGDnyrmLPRDdzhdQ==/base.apk!/lib/arm64-v8a
10-20 00:39:08.956 15711 15711 D nativeloader: Load /data/app/~~5-EtbKhINSN2xUSXFAKqOA==/com.a1taxi.driverpro-Esb-bMEGDnyrmLPRDdzhdQ==/base.apk!/lib/arm64-v8a/libreact_render_graphics.so using class loader ns clns-7 (caller=/data/app/~~5-EtbKhINSN2xUSXFAKqOA==/com.a1taxi.driverpro-Esb-bMEGDnyrmLPRDdzhdQ==/base.apk): ok
10-20 00:39:08.956 15711 15711 D SoLoader: libreact_render_graphics.so found on /data/app/~~5-EtbKhINSN2xUSXFAKqOA==/com.a1taxi.driverpro-Esb-bMEGDnyrmLPRDdzhdQ==/base.apk!/lib/arm64-v8a
10-20 00:39:08.956 15711 15711 V SoLoader: libreact_render_mapbuffer.so not found on /data/app/~~5-EtbKhINSN2xUSXFAKqOA==/com.a1taxi.driverpro-Esb-bMEGDnyrmLPRDdzhdQ==/lib/arm64
10-20 00:39:08.958 15711 15711 D nativeloader: Load /data/app/~~5-EtbKhINSN2xUSXFAKqOA==/com.a1taxi.driverpro-Esb-bMEGDnyrmLPRDdzhdQ==/base.apk!/lib/arm64-v8a/libreact_render_mapbuffer.so using class loader ns clns-7 (caller=/data/app/~~5-EtbKhINSN2xUSXFAKqOA==/com.a1taxi.driverpro-Esb-bMEGDnyrmLPRDdzhdQ==/base.apk): ok
10-20 00:39:08.958 15711 15711 D SoLoader: libreact_render_mapbuffer.so found on /data/app/~~5-EtbKhINSN2xUSXFAKqOA==/com.a1taxi.driverpro-Esb-bMEGDnyrmLPRDdzhdQ==/base.apk!/lib/arm64-v8a
10-20 00:39:08.959 15711 15711 D nativeloader: Load /data/app/~~5-EtbKhINSN2xUSXFAKqOA==/com.a1taxi.driverpro-Esb-bMEGDnyrmLPRDdzhdQ==/base.apk!/lib/arm64-v8a/libreact_render_core.so using class loader ns clns-7 (caller=/data/app/~~5-EtbKhINSN2xUSXFAKqOA==/com.a1taxi.driverpro-Esb-bMEGDnyrmLPRDdzhdQ==/base.apk): ok
10-20 00:39:08.960 15711 15711 D SoLoader: libreact_render_core.so found on /data/app/~~5-EtbKhINSN2xUSXFAKqOA==/com.a1taxi.driverpro-Esb-bMEGDnyrmLPRDdzhdQ==/base.apk!/lib/arm64-v8a
10-20 00:39:08.961 15711 15711 D nativeloader: Load /data/app/~~5-EtbKhINSN2xUSXFAKqOA==/com.a1taxi.driverpro-Esb-bMEGDnyrmLPRDdzhdQ==/base.apk!/lib/arm64-v8a/libreactnativejni.so using class loader ns clns-7 (caller=/data/app/~~5-EtbKhINSN2xUSXFAKqOA==/com.a1taxi.driverpro-Esb-bMEGDnyrmLPRDdzhdQ==/base.apk): ok
10-20 00:39:08.962 15711 15711 D SoLoader: libreactnativejni.so found on /data/app/~~5-EtbKhINSN2xUSXFAKqOA==/com.a1taxi.driverpro-Esb-bMEGDnyrmLPRDdzhdQ==/base.apk!/lib/arm64-v8a
10-20 00:39:08.963 15711 15711 D nativeloader: Load /data/app/~~5-EtbKhINSN2xUSXFAKqOA==/com.a1taxi.driverpro-Esb-bMEGDnyrmLPRDdzhdQ==/base.apk!/lib/arm64-v8a/libhermes_executor.so using class loader ns clns-7 (caller=/data/app/~~5-EtbKhINSN2xUSXFAKqOA==/com.a1taxi.driverpro-Esb-bMEGDnyrmLPRDdzhdQ==/base.apk): ok
10-20 00:39:08.963 15711 15711 D SoLoader: libhermes_executor.so found on /data/app/~~5-EtbKhINSN2xUSXFAKqOA==/com.a1taxi.driverpro-Esb-bMEGDnyrmLPRDdzhdQ==/base.apk!/lib/arm64-v8a
10-20 00:39:08.978 15711 15711 D nativeloader: Load libpowerhalwrap_jni.so using system ns (caller=/system_ext/framework/mediatek-framework.jar): ok
10-20 00:39:08.978 15711 15711 I PowerHalWrapper: PowerHalWrapper.getInstance 
10-20 00:39:08.978 15711 15711 I M-ProMotion: M-ProMotion is disabled
10-20 00:39:08.979 15711 19673 I PowerHalWrapper: PowerHalWrapper.getInstance 
10-20 00:39:08.981 15711 19671 D nativeloader: Load /data/app/~~5-EtbKhINSN2xUSXFAKqOA==/com.a1taxi.driverpro-Esb-bMEGDnyrmLPRDdzhdQ==/base.apk!/lib/arm64-v8a/libexpo-av.so using class loader ns clns-7 (caller=/data/app/~~5-EtbKhINSN2xUSXFAKqOA==/com.a1taxi.driverpro-Esb-bMEGDnyrmLPRDdzhdQ==/base.apk): ok
10-20 00:39:08.986 15711 15711 W libc    : Access denied finding property "persist.vivo.ltw.enabled"
10-20 00:39:08.991 15711 15711 W HWUI    : Unknown dataspace 0
10-20 00:39:09.008 15711 15711 D ViewRootImpl: AppSizeAfterRelayout, size: Point(1080, 2392), rotation: ROTATION_0
10-20 00:39:09.009 15711 15711 D BufferQueueConsumer: [](id:3d5f00000000,api:0,p:-1,c:15711) connect: controlledByApp=false
10-20 00:39:09.010 15711 15711 D BLASTBufferQueue: [VRI[MainActivity]#0](f:0,a:0) constructor()
10-20 00:39:09.010 15711 15711 D BLASTBufferQueue: [VRI[MainActivity]#0](f:0,a:0) update width=1080 height=2392 format=-1 mTransformHint=0
10-20 00:39:09.021 15711 19661 D MAGT_SYNC_FRAME: MAGT Sync: MAGT is not supported. Disabling Sync.
10-20 00:39:09.034 18831 18831 W Finsky  : [2] STU: Failed to get storage stats for package 'com.android.runtime' (1601: Error getting stats: android.content.pm.PackageManager.NameNotFoundException)
10-20 00:39:09.045 15711 19671 I ExpoModulesCore:  AppContext was initialized
10-20 00:39:09.090 15711 19687 W unknown:ViewManagerPropertyUpdater: Could not find generated setter for class com.facebook.react.views.drawer.ReactDrawerLayoutManager
10-20 00:39:09.092 15711 19687 W unknown:ViewManagerPropertyUpdater: Could not find generated setter for class com.facebook.react.uimanager.LayoutShadowNode
10-20 00:39:09.093 15711 19687 W unknown:ViewManagerPropertyUpdater: Could not find generated setter for class com.facebook.react.views.scroll.ReactHorizontalScrollViewManager
10-20 00:39:09.094 15711 19687 W unknown:ViewManagerPropertyUpdater: Could not find generated setter for class com.facebook.react.views.scroll.ReactHorizontalScrollContainerViewManager
10-20 00:39:09.095 15711 19687 W unknown:ViewManagerPropertyUpdater: Could not find generated setter for class com.facebook.react.views.progressbar.ReactProgressBarViewManager
10-20 00:39:09.096 15711 19687 W unknown:ViewManagerPropertyUpdater: Could not find generated setter for class com.facebook.react.views.progressbar.ProgressBarShadowNode
10-20 00:39:09.097 15711 19687 W unknown:ViewManagerPropertyUpdater: Could not find generated setter for class com.facebook.react.views.scroll.ReactScrollViewManager
10-20 00:39:09.098 15711 19687 W unknown:ViewManagerPropertyUpdater: Could not find generated setter for class com.facebook.react.views.switchview.ReactSwitchManager
10-20 00:39:09.099 15711 19687 W unknown:ViewManagerPropertyUpdater: Could not find generated setter for class com.facebook.react.views.switchview.ReactSwitchManager$ReactSwitchShadowNode
10-20 00:39:09.099 15711 19687 W unknown:ViewManagerPropertyUpdater: Could not find generated setter for class com.facebook.react.views.swiperefresh.SwipeRefreshLayoutManager
10-20 00:39:09.100 15711 19687 W unknown:ViewManagerPropertyUpdater: Could not find generated setter for class com.facebook.react.views.text.frescosupport.FrescoBasedReactTextInlineImageViewManager
10-20 00:39:09.101 15711 19687 W unknown:ViewManagerPropertyUpdater: Could not find generated setter for class com.facebook.react.views.text.frescosupport.FrescoBasedReactTextInlineImageShadowNode
10-20 00:39:09.101 15711 19687 W unknown:ViewManagerPropertyUpdater: Could not find generated setter for class com.facebook.react.views.image.ReactImageManager
10-20 00:39:09.102 15711 19687 W unknown:ViewManagerPropertyUpdater: Could not find generated setter for class com.facebook.react.views.modal.ReactModalHostManager
10-20 00:39:09.103 15711 19687 W unknown:ViewManagerPropertyUpdater: Could not find generated setter for class com.facebook.react.views.modal.ModalHostShadowNode
10-20 00:39:09.103 15711 19687 W unknown:ViewManagerPropertyUpdater: Could not find generated setter for class com.facebook.react.views.text.ReactRawTextManager
10-20 00:39:09.104 15711 19687 W unknown:ViewManagerPropertyUpdater: Could not find generated setter for class com.facebook.react.views.text.ReactRawTextShadowNode
10-20 00:39:09.104 15711 19687 W unknown:ViewManagerPropertyUpdater: Could not find generated setter for class com.facebook.react.views.textinput.ReactTextInputManager
10-20 00:39:09.106 15711 19687 W unknown:ViewManagerPropertyUpdater: Could not find generated setter for class com.facebook.react.views.textinput.ReactTextInputShadowNode
10-20 00:39:09.106 15711 19687 W unknown:ViewManagerPropertyUpdater: Could not find generated setter for class com.facebook.react.views.text.ReactTextViewManager
10-20 00:39:09.107 15711 19687 W unknown:ViewManagerPropertyUpdater: Could not find generated setter for class com.facebook.react.views.text.ReactTextShadowNode
10-20 00:39:09.107 15711 19687 W unknown:ViewManagerPropertyUpdater: Could not find generated setter for class com.facebook.react.views.view.ReactViewManager
10-20 00:39:09.107 15711 19687 W unknown:ViewManagerPropertyUpdater: Could not find generated setter for class com.facebook.react.views.text.ReactVirtualTextViewManager
10-20 00:39:09.108 15711 19687 W unknown:ViewManagerPropertyUpdater: Could not find generated setter for class com.facebook.react.views.text.ReactVirtualTextShadowNode
10-20 00:39:09.108 15711 19687 W unknown:ViewManagerPropertyUpdater: Could not find generated setter for class com.facebook.react.views.unimplementedview.ReactUnimplementedViewManager
10-20 00:39:09.108 15711 19687 W unknown:ViewManagerPropertyUpdater: Could not find generated setter for class expo.modules.kotlin.views.GroupViewManagerWrapper
10-20 00:39:09.109 15711 19687 W unknown:ViewManagerPropertyUpdater: Could not find generated setter for class com.swmansion.gesturehandler.react.RNGestureHandlerRootViewManager
10-20 00:39:09.109 15711 19687 W unknown:ViewManagerPropertyUpdater: Could not find generated setter for class com.swmansion.gesturehandler.react.RNGestureHandlerButtonViewManager
10-20 00:39:09.110 15711 19687 W unknown:ViewManagerPropertyUpdater: Could not find generated setter for class com.rnmaps.maps.MapManager
10-20 00:39:09.111 15711 19687 W unknown:ViewManagerPropertyUpdater: Could not find generated setter for class com.rnmaps.maps.MapMarkerManager
10-20 00:39:09.112 15711 19687 W unknown:ViewManagerPropertyUpdater: Could not find generated setter for class com.rnmaps.maps.MapCalloutManager
10-20 00:39:09.112 15711 19687 W unknown:ViewManagerPropertyUpdater: Could not find generated setter for class com.rnmaps.maps.MapPolylineManager
10-20 00:39:09.113 15711 19687 W unknown:ViewManagerPropertyUpdater: Could not find generated setter for class com.rnmaps.maps.MapGradientPolylineManager
10-20 00:39:09.113 15711 19687 W unknown:ViewManagerPropertyUpdater: Could not find generated setter for class com.rnmaps.maps.MapPolygonManager
10-20 00:39:09.114 15711 19687 W unknown:ViewManagerPropertyUpdater: Could not find generated setter for class com.rnmaps.maps.MapCircleManager
10-20 00:39:09.114 15711 19687 W unknown:ViewManagerPropertyUpdater: Could not find generated setter for class com.rnmaps.maps.MapUrlTileManager
10-20 00:39:09.115 15711 19687 W unknown:ViewManagerPropertyUpdater: Could not find generated setter for class com.rnmaps.maps.MapWMSTileManager
10-20 00:39:09.115 15711 19687 W unknown:ViewManagerPropertyUpdater: Could not find generated setter for class com.rnmaps.maps.MapLocalTileManager
10-20 00:39:09.116 15711 19687 W unknown:ViewManagerPropertyUpdater: Could not find generated setter for class com.rnmaps.maps.MapOverlayManager
10-20 00:39:09.116 15711 19687 W unknown:ViewManagerPropertyUpdater: Could not find generated setter for class com.rnmaps.maps.MapHeatmapManager
10-20 00:39:09.117 15711 19687 W unknown:ViewManagerPropertyUpdater: Could not find generated setter for class com.th3rdwave.safeareacontext.SafeAreaProviderManager
10-20 00:39:09.117 15711 19687 W unknown:ViewManagerPropertyUpdater: Could not find generated setter for class com.th3rdwave.safeareacontext.SafeAreaViewManager
10-20 00:39:09.118 15711 19687 W unknown:ViewManagerPropertyUpdater: Could not find generated setter for class com.th3rdwave.safeareacontext.SafeAreaViewShadowNode
10-20 00:39:09.118 15711 19687 W unknown:ViewManagerPropertyUpdater: Could not find generated setter for class com.swmansion.rnscreens.ScreenContainerViewManager
10-20 00:39:09.119 15711 19687 W unknown:ViewManagerPropertyUpdater: Could not find generated setter for class com.swmansion.rnscreens.ScreenViewManager
10-20 00:39:09.120 15711 19687 W unknown:ViewManagerPropertyUpdater: Could not find generated setter for class com.swmansion.rnscreens.ModalScreenViewManager
10-20 00:39:09.120 15711 19687 W unknown:ViewManagerPropertyUpdater: Could not find generated setter for class com.swmansion.rnscreens.ScreenStackViewManager
10-20 00:39:09.120 15711 19687 W unknown:ViewManagerPropertyUpdater: Could not find generated setter for class com.swmansion.rnscreens.ScreenStackHeaderConfigViewManager
10-20 00:39:09.121 15711 19687 W unknown:ViewManagerPropertyUpdater: Could not find generated setter for class com.swmansion.rnscreens.ScreenStackHeaderSubviewManager
10-20 00:39:09.121 15711 19687 W unknown:ViewManagerPropertyUpdater: Could not find generated setter for class com.swmansion.rnscreens.SearchBarManager
10-20 00:39:09.122 15711 19687 W unknown:ViewManagerPropertyUpdater: Could not find generated setter for class com.horcrux.svg.RenderableViewManager$DefsViewManager
10-20 00:39:09.122 15711 19687 W unknown:ViewManagerPropertyUpdater: Could not find generated setter for class com.horcrux.svg.VirtualViewManager$RenderableShadowNode
10-20 00:39:09.123 15711 19687 W unknown:ViewManagerPropertyUpdater: Could not find generated setter for class com.horcrux.svg.RenderableViewManager$MarkerManager
10-20 00:39:09.124 15711 19687 W unknown:ViewManagerPropertyUpdater: Could not find generated setter for class com.horcrux.svg.RenderableViewManager$ForeignObjectManager
10-20 00:39:09.124 15711 19687 W unknown:ViewManagerPropertyUpdater: Could not find generated setter for class com.horcrux.svg.RenderableViewManager$EllipseViewManager
10-20 00:39:09.125 15711 19687 W unknown:ViewManagerPropertyUpdater: Could not find generated setter for class com.horcrux.svg.RenderableViewManager$LineViewManager
10-20 00:39:09.126 15711 19687 W unknown:ViewManagerPropertyUpdater: Could not find generated setter for class com.horcrux.svg.RenderableViewManager$LinearGradientManager
10-20 00:39:09.126 15711 19687 W unknown:ViewManagerPropertyUpdater: Could not find generated setter for class com.horcrux.svg.RenderableViewManager$GroupViewManager
10-20 00:39:09.127 15711 19687 W unknown:ViewManagerPropertyUpdater: Could not find generated setter for class com.horcrux.svg.RenderableViewManager$TextViewManager
10-20 00:39:09.128 15711 19687 W unknown:ViewManagerPropertyUpdater: Could not find generated setter for class com.horcrux.svg.RenderableViewManager$ImageViewManager
10-20 00:39:09.129 15711 19687 W unknown:ViewManagerPropertyUpdater: Could not find generated setter for class com.horcrux.svg.RenderableViewManager$ClipPathViewManager
10-20 00:39:09.129 15711 19687 W unknown:ViewManagerPropertyUpdater: Could not find generated setter for class com.horcrux.svg.RenderableViewManager$RadialGradientManager
10-20 00:39:09.130 15711 19687 W unknown:ViewManagerPropertyUpdater: Could not find generated setter for class com.horcrux.svg.RenderableViewManager$MaskManager
10-20 00:39:09.130 15711 19687 W unknown:ViewManagerPropertyUpdater: Could not find generated setter for class com.horcrux.svg.RenderableViewManager$SymbolManager
10-20 00:39:09.131 15711 19687 W unknown:ViewManagerPropertyUpdater: Could not find generated setter for class com.horcrux.svg.RenderableViewManager$PatternManager
10-20 00:39:09.132 15711 19687 W unknown:ViewManagerPropertyUpdater: Could not find generated setter for class com.horcrux.svg.RenderableViewManager$RectViewManager
10-20 00:39:09.133 15711 19687 W unknown:ViewManagerPropertyUpdater: Could not find generated setter for class com.horcrux.svg.RenderableViewManager$TextPathViewManager
10-20 00:39:09.135 15711 19687 W unknown:ViewManagerPropertyUpdater: Could not find generated setter for class com.horcrux.svg.SvgViewManager
10-20 00:39:09.136 15711 19687 W unknown:ViewManagerPropertyUpdater: Could not find generated setter for class com.horcrux.svg.RenderableViewManager$PathViewManager
10-20 00:39:09.137 15711 19687 W unknown:ViewManagerPropertyUpdater: Could not find generated setter for class com.horcrux.svg.RenderableViewManager$UseViewManager
10-20 00:39:09.138 15711 19687 W unknown:ViewManagerPropertyUpdater: Could not find generated setter for class com.horcrux.svg.RenderableViewManager$CircleViewManager
10-20 00:39:09.139 15711 19687 W unknown:ViewManagerPropertyUpdater: Could not find generated setter for class com.horcrux.svg.RenderableViewManager$TSpanViewManager
10-20 00:39:09.139 18831 18831 W Finsky  : [2] STU: Failed to get storage stats for package 'com.google.android.cellbroadcast' (1601: Error getting stats: android.content.pm.PackageManager.NameNotFoundException)
10-20 00:39:09.171 15711 19661 I GrallocExtra: gralloc_extra_query:is_SW3D 0
10-20 00:39:09.171 15711 19661 D BLASTBufferQueue: [VRI[MainActivity]#0](f:0,a:1) acquireNextBufferLocked size=1080x2392 mFrameNumber=1 applyTransaction=true mTimestamp=661871047422988(auto) mPendingTransactions.size=0 graphicBufferId=67478231187456 transform=0
10-20 00:39:09.184 15711 19686 V SoLoader: libexpo-modules-core.so not found on /data/app/~~5-EtbKhINSN2xUSXFAKqOA==/com.a1taxi.driverpro-Esb-bMEGDnyrmLPRDdzhdQ==/lib/arm64
10-20 00:39:09.189 15711 19686 V SoLoader: libreact_nativemodule_core.so not found on /data/app/~~5-EtbKhINSN2xUSXFAKqOA==/com.a1taxi.driverpro-Esb-bMEGDnyrmLPRDdzhdQ==/lib/arm64
10-20 00:39:09.193 15711 19686 D nativeloader: Load /data/app/~~5-EtbKhINSN2xUSXFAKqOA==/com.a1taxi.driverpro-Esb-bMEGDnyrmLPRDdzhdQ==/base.apk!/lib/arm64-v8a/libreact_nativemodule_core.so using class loader ns clns-7 (caller=/data/app/~~5-EtbKhINSN2xUSXFAKqOA==/com.a1taxi.driverpro-Esb-bMEGDnyrmLPRDdzhdQ==/base.apk): ok
10-20 00:39:09.194 15711 19686 D SoLoader: libreact_nativemodule_core.so found on /data/app/~~5-EtbKhINSN2xUSXFAKqOA==/com.a1taxi.driverpro-Esb-bMEGDnyrmLPRDdzhdQ==/base.apk!/lib/arm64-v8a
10-20 00:39:09.196  1870  1976 I ActivityTaskManager: Displayed com.a1taxi.driverpro/.MainActivity for user 0: +493ms
10-20 00:39:09.196 15711 19686 D nativeloader: Load /data/app/~~5-EtbKhINSN2xUSXFAKqOA==/com.a1taxi.driverpro-Esb-bMEGDnyrmLPRDdzhdQ==/base.apk!/lib/arm64-v8a/libexpo-modules-core.so using class loader ns clns-7 (caller=/data/app/~~5-EtbKhINSN2xUSXFAKqOA==/com.a1taxi.driverpro-Esb-bMEGDnyrmLPRDdzhdQ==/base.apk): ok
10-20 00:39:09.197 15711 15711 V ImeFocusController: onWindowFocus: com.android.internal.policy.DecorView{e311d29 V.E...... R....... 0,0-1080,2392}[MainActivity] softInputMode=STATE_UNSPECIFIED|ADJUST_RESIZE|IS_FORWARD_NAVIGATION
10-20 00:39:09.199 15711 19686 D SoLoader: libexpo-modules-core.so found on /data/app/~~5-EtbKhINSN2xUSXFAKqOA==/com.a1taxi.driverpro-Esb-bMEGDnyrmLPRDdzhdQ==/base.apk!/lib/arm64-v8a
10-20 00:39:09.200 15711 19686 V SoLoader: libturbomodulejsijni.so not found on /data/app/~~5-EtbKhINSN2xUSXFAKqOA==/com.a1taxi.driverpro-Esb-bMEGDnyrmLPRDdzhdQ==/lib/arm64
10-20 00:39:09.207  5589  5589 I GoogleInputMethodService: GoogleInputMethodService.onFinishInput():2085 
10-20 00:39:09.207  5589  5589 I Module  : DeviceLockedStatusModuleProvider$Module.updateDeviceLockedStatus():100 repeatCheckTimes = 0, locked = false
10-20 00:39:09.207  5589  5589 I GoogleInputMethodService: GoogleInputMethodService.onStartInput():1346 onStartInput(EditorInfo{EditorInfo{packageName=com.a1taxi.driverpro, inputType=0, inputTypeString=NULL, enableLearning=false, autoCorrection=false, autoComplete=false, imeOptions=0, privateImeOptions=null, actionName=UNSPECIFIED, actionLabel=null, initialSelStart=-1, initialSelEnd=-1, initialCapsMode=0, label=null, fieldId=0, fieldName=null, extras=null, hintText=null, hintLocales=[]}}, false)
10-20 00:39:09.208 15711 19686 D nativeloader: Load /data/app/~~5-EtbKhINSN2xUSXFAKqOA==/com.a1taxi.driverpro-Esb-bMEGDnyrmLPRDdzhdQ==/base.apk!/lib/arm64-v8a/libturbomodulejsijni.so using class loader ns clns-7 (caller=/data/app/~~5-EtbKhINSN2xUSXFAKqOA==/com.a1taxi.driverpro-Esb-bMEGDnyrmLPRDdzhdQ==/base.apk): ok
10-20 00:39:09.208 15711 19686 D SoLoader: libturbomodulejsijni.so found on /data/app/~~5-EtbKhINSN2xUSXFAKqOA==/com.a1taxi.driverpro-Esb-bMEGDnyrmLPRDdzhdQ==/base.apk!/lib/arm64-v8a
10-20 00:39:09.209  5589  5589 I Module  : DeviceLockedStatusModuleProvider$Module.updateDeviceLockedStatus():100 repeatCheckTimes = 1, locked = false
10-20 00:39:09.212 15711 19686 I ExpoModulesCore:  JSI interop was installed
10-20 00:39:09.213 15711 19686 W ExpoModulesCore:  JSI interop was already installed
10-20 00:39:09.228 15711 19686 I ExpoModulesCore:  Constants were exported
10-20 00:39:09.253 15711 19686 D nativeloader: Load /data/app/~~5-EtbKhINSN2xUSXFAKqOA==/com.a1taxi.driverpro-Esb-bMEGDnyrmLPRDdzhdQ==/base.apk!/lib/arm64-v8a/librnscreens.so using class loader ns clns-7 (caller=/data/app/~~5-EtbKhINSN2xUSXFAKqOA==/com.a1taxi.driverpro-Esb-bMEGDnyrmLPRDdzhdQ==/base.apk!classes3.dex): ok
10-20 00:39:09.256 15711 19686 I ReactNativeJS: Running "main
10-20 00:39:09.262 15711 19686 V SoLoader: libreactnativeblob.so not found on /data/app/~~5-EtbKhINSN2xUSXFAKqOA==/com.a1taxi.driverpro-Esb-bMEGDnyrmLPRDdzhdQ==/lib/arm64
10-20 00:39:09.267 15711 19686 D nativeloader: Load /data/app/~~5-EtbKhINSN2xUSXFAKqOA==/com.a1taxi.driverpro-Esb-bMEGDnyrmLPRDdzhdQ==/base.apk!/lib/arm64-v8a/libreactnativeblob.so using class loader ns clns-7 (caller=/data/app/~~5-EtbKhINSN2xUSXFAKqOA==/com.a1taxi.driverpro-Esb-bMEGDnyrmLPRDdzhdQ==/base.apk): ok
10-20 00:39:09.268 15711 19686 D SoLoader: libreactnativeblob.so found on /data/app/~~5-EtbKhINSN2xUSXFAKqOA==/com.a1taxi.driverpro-Esb-bMEGDnyrmLPRDdzhdQ==/base.apk!/lib/arm64-v8a
10-20 00:39:09.274 15711 19686 I ReactNativeJS: 'Supabase Config:', { hasUrl: true,
10-20 00:39:09.274 15711 19686 I ReactNativeJS:   hasAnonKey: true,
10-20 00:39:09.274 15711 19686 I ReactNativeJS:   url: 'https://whubaypabojomdyfqxcf.supabase.co' }
10-20 00:39:09.275 10567 10567 D VRI[Launcher]: visibilityChanged oldVisibility=true newVisibility=false
10-20 00:39:09.290 10567 10567 D ViewRootImpl: AppSizeAfterRelayout, size: Point(1080, 2392), rotation: ROTATION_0
10-20 00:39:09.291 10567 10567 D BLASTBufferQueue: [VRI[Launcher]#7](f:0,a:1) destructor()
10-20 00:39:09.291 10567 10567 D BufferQueueConsumer: [VRI[Launcher]#7(BLAST Consumer)7](id:294700000007,api:0,p:-1,c:10567) disconnect
10-20 00:39:09.328 10567 10567 I bnlz    : onStop
10-20 00:39:09.422 15711 19687 D CompatChangeReporter: Compat change id reported: 289878283; UID 10408; state: ENABLED
10-20 00:39:09.457 15711 19686 I ReactNativeJS: Auth still loading...
10-20 00:39:09.457 15711 19686 I ReactNativeJS: === LOCATION PROVIDER INITIALIZATION ===
10-20 00:39:09.457 15711 19686 I ReactNativeJS: === REQUESTING LOCATION PERMISSION ON STARTUP ===
10-20 00:39:09.457 15711 19686 I ReactNativeJS: === DRIVER STATUS CHANGE DETECTED ===
10-20 00:39:09.457 15711 19686 I ReactNativeJS: 'Driver:', undefined
10-20 00:39:09.457 15711 19686 I ReactNativeJS: 'Driver Status:', undefined
10-20 00:39:09.457 15711 19686 I ReactNativeJS: 'Driver User ID:', undefined
10-20 00:39:09.457 15711 19686 I ReactNativeJS: 'Driver Verified:', undefined
10-20 00:39:09.457 15711 19686 I ReactNativeJS:  Checking conditions:
10-20 00:39:09.457 15711 19686 I ReactNativeJS: '  - driver exists:', false
10-20 00:39:09.457 15711 19686 I ReactNativeJS: '  - status is online/busy:', false
10-20 00:39:09.457 15711 19686 I ReactNativeJS: '  - locationPermission:', false
10-20 00:39:09.457 15711 19686 I ReactNativeJS: '  - NOT isTracking:', true
10-20 00:39:09.457 15711 19686 I ReactNativeJS: '  - NOT isBackgroundTrackingActive:', true
10-20 00:39:09.457 15711 19686 I ReactNativeJS: '  - NOT isHandlingActiveDriver:', true
10-20 00:39:09.457 15711 19686 I ReactNativeJS:  Conditions not met for starting location tracking
10-20 00:39:09.457 15711 19686 I ReactNativeJS: === INITIALIZING AUTHENTICATION ===
10-20 00:39:09.457 15711 19686 I ReactNativeJS:  Checking Supabase client session...
10-20 00:39:09.462 15711 19686 I ReactNativeJS: No existing session found
10-20 00:39:09.470 15711 19686 I ReactNativeJS: === NAVIGATION CHECK ===
10-20 00:39:09.470 15711 19686 I ReactNativeJS: 'In auth group:', false
10-20 00:39:09.470 15711 19686 I ReactNativeJS: 'Has session:', false
10-20 00:39:09.470 15711 19686 I ReactNativeJS: 'Has driver:', false
10-20 00:39:09.470 15711 19686 I ReactNativeJS: 'Current segments:', [ '(tabs)' ]
10-20 00:39:09.470 15711 19686 I ReactNativeJS: 'Loading state:', false
10-20 00:39:09.470 15711 19686 I ReactNativeJS: 'Is authenticated:', null
10-20 00:39:09.470 15711 19686 I ReactNativeJS: Redirecting to login - not authenticated
10-20 00:39:09.470 15711 19687 W unknown:ViewManagerPropertyUpdater: Could not find generated setter for class com.swmansion.rnscreens.ScreensShadowNode
10-20 00:39:09.488 21104 22617 I FontLog : (REDACTED) Received query %s, URI %s
10-20 00:39:09.490 21104 22617 I FontLog : (REDACTED) Query [%s] resolved to %s
10-20 00:39:09.503 21104 22617 I FontLog : (REDACTED) Fetch %s end status %s
10-20 00:39:09.509 21104 21249 I FontLog : (REDACTED) Pulling font file for id = %d, cache size = %d
10-20 00:39:09.515 15711 19686 I ReactNativeJS: === NAVIGATION CHECK ===
10-20 00:39:09.515 15711 19686 I ReactNativeJS: 'In auth group:', true
10-20 00:39:09.515 15711 19686 I ReactNativeJS: 'Has session:', false
10-20 00:39:09.515 15711 19686 I ReactNativeJS: 'Has driver:', false
10-20 00:39:09.515 15711 19686 I ReactNativeJS: 'Current segments:', [ '(auth)', 'login' ]
10-20 00:39:09.515 15711 19686 I ReactNativeJS: 'Loading state:', false
10-20 00:39:09.516 15711 19686 I ReactNativeJS: 'Is authenticated:', null
10-20 00:39:09.516 15711 19686 I ReactNativeJS: No navigation needed - staying in current route
10-20 00:39:09.524 21104 21249 I FontLog : (REDACTED) Pulling font file for id = %d, cache size = %d
10-20 00:39:09.536 15711 19687 V SoLoader: libreact_featureflagsjni.so not found on /data/app/~~5-EtbKhINSN2xUSXFAKqOA==/com.a1taxi.driverpro-Esb-bMEGDnyrmLPRDdzhdQ==/lib/arm64
10-20 00:39:09.537 18831 18831 W Finsky  : [2] STU: Failed to get storage stats for package 'com.android.compos' (1601: Error getting stats: android.content.pm.PackageManager.NameNotFoundException)
10-20 00:39:09.538 15711 19686 I ReactNativeJS: 'Current location permission status:', 'denied'
10-20 00:39:09.538 15711 19686 I ReactNativeJS:  Requesting location permission from user...
10-20 00:39:09.541 15711 19687 D nativeloader: Load /data/app/~~5-EtbKhINSN2xUSXFAKqOA==/com.a1taxi.driverpro-Esb-bMEGDnyrmLPRDdzhdQ==/base.apk!/lib/arm64-v8a/libreact_featureflagsjni.so using class loader ns clns-7 (caller=/data/app/~~5-EtbKhINSN2xUSXFAKqOA==/com.a1taxi.driverpro-Esb-bMEGDnyrmLPRDdzhdQ==/base.apk): ok
10-20 00:39:09.541 15711 19687 D SoLoader: libreact_featureflagsjni.so found on /data/app/~~5-EtbKhINSN2xUSXFAKqOA==/com.a1taxi.driverpro-Esb-bMEGDnyrmLPRDdzhdQ==/base.apk!/lib/arm64-v8a
10-20 00:39:09.552 15711 19687 W unknown:ReactNative: Attempt to set local data for view with unknown tag: -1
10-20 00:39:09.552 15711 19687 W unknown:ReactNative: Attempt to set local data for view with unknown tag: -1
10-20 00:39:09.552 15711 19687 W unknown:ReactNative: Attempt to set local data for view with unknown tag: -1
10-20 00:39:09.564 15711 19687 W unknown:ReactNative: Attempt to set local data for view with unknown tag: -1
10-20 00:39:09.564 15711 19687 W unknown:ReactNative: Attempt to set local data for view with unknown tag: -1
10-20 00:39:09.564 15711 19687 W unknown:ReactNative: Attempt to set local data for view with unknown tag: -1
10-20 00:39:09.564 15711 19687 W unknown:ReactNative: Tried to update size of non-existent tag: 23
10-20 00:39:09.612 18831 18831 W Finsky  : [2] STU: Failed to get storage stats for package 'com.google.android.tzdata6' (1601: Error getting stats: android.content.pm.PackageManager.NameNotFoundException)
10-20 00:39:09.633 18831 18831 W Finsky  : [2] STU: Failed to get storage stats for package 'com.google.android.permission' (1601: Error getting stats: android.content.pm.PackageManager.NameNotFoundException)
10-20 00:39:09.711 28149 28149 D ViewRootImpl: AppSizeAfterRelayout, size: Point(1202, 177), rotation: ROTATION_0
10-20 00:39:09.711 28149 28149 D BufferQueueConsumer: [](id:6df500000013,api:0,p:-1,c:28149) connect: controlledByApp=false
10-20 00:39:09.712 28149 28149 D BLASTBufferQueue: [VRI[GrantPermissionsActivity]#19](f:0,a:0) constructor()
10-20 00:39:09.712 28149 28149 D BLASTBufferQueue: [VRI[GrantPermissionsActivity]#19](f:0,a:0) update width=1202 height=177 format=-2 mTransformHint=0
10-20 00:39:09.739  1870  1976 I ActivityTaskManager: Displayed com.google.android.permissioncontroller/com.android.permissioncontroller.permission.ui.GrantPermissionsActivity for user 0: +179ms
10-20 00:39:09.754 28490 28490 W WindowOnBackDispatcher: sendCancelIfRunning: isInProgress=false callback=android.view.ViewRootImpl$$ExternalSyntheticLambda11@431e2fb
10-20 00:39:09.757 18831 18831 W Finsky  : [2] STU: Failed to get storage stats for package 'com.google.android.wifi' (1601: Error getting stats: android.content.pm.PackageManager.NameNotFoundException)
10-20 00:39:09.768 28149 28149 D ViewRootImpl: AppSizeAfterRelayout, size: Point(1202, 1637), rotation: ROTATION_0
10-20 00:39:09.768 28149 28149 D BLASTBufferQueue: [VRI[GrantPermissionsActivity]#19](f:0,a:0) update width=1202 height=1637 format=-2 mTransformHint=0
10-20 00:39:09.780 28490 28490 W WindowOnBackDispatcher: sendCancelIfRunning: isInProgress=false callback=android.view.ViewRootImpl$$ExternalSyntheticLambda11@a873b87
10-20 00:39:09.784 28149 28149 V ImeFocusController: onWindowFocus: com.android.internal.policy.DecorView{cd5913a V.E...... R....... 0,0-1026,1461}[GrantPermissionsActivity] softInputMode=STATE_ALWAYS_HIDDEN|ADJUST_NOTHING|IS_FORWARD_NAVIGATION
10-20 00:39:09.787  5589  5589 I GoogleInputMethodService: GoogleInputMethodService.onFinishInput():2085 
10-20 00:39:09.787  5589  5589 I Module  : DeviceLockedStatusModuleProvider$Module.updateDeviceLockedStatus():100 repeatCheckTimes = 0, locked = false
10-20 00:39:09.787  5589  5589 I GoogleInputMethodService: GoogleInputMethodService.onStartInput():1346 onStartInput(EditorInfo{EditorInfo{packageName=com.google.android.permissioncontroller, inputType=0, inputTypeString=NULL, enableLearning=false, autoCorrection=false, autoComplete=false, imeOptions=0, privateImeOptions=null, actionName=UNSPECIFIED, actionLabel=null, initialSelStart=-1, initialSelEnd=-1, initialCapsMode=0, label=null, fieldId=0, fieldName=null, extras=null, hintText=null, hintLocales=[]}}, false)
10-20 00:39:09.789  5589  5589 I Module  : DeviceLockedStatusModuleProvider$Module.updateDeviceLockedStatus():100 repeatCheckTimes = 1, locked = false
10-20 00:39:09.803 28490 28490 E WindowManager: android.view.WindowLeaked: Activity com.android.packageinstaller.InstallSuccess has leaked window com.android.internal.policy.DecorView{8bb8f8d V.E...... R.....ID 0,0-1026,544}[InstallSuccess] that was originally added here
10-20 00:39:09.803 28490 28490 E WindowManager: 	at android.view.ViewRootImpl.<init>(ViewRootImpl.java:1460)
10-20 00:39:09.803 28490 28490 E WindowManager: 	at android.view.ViewRootImpl.<init>(ViewRootImpl.java:1446)
10-20 00:39:09.803 28490 28490 E WindowManager: 	at android.view.WindowManagerGlobal.addView(WindowManagerGlobal.java:469)
10-20 00:39:09.803 28490 28490 E WindowManager: 	at android.view.WindowManagerImpl.addView(WindowManagerImpl.java:169)
10-20 00:39:09.803 28490 28490 E WindowManager: 	at android.app.Dialog.show(Dialog.java:425)
10-20 00:39:09.803 28490 28490 E WindowManager: 	at com.android.packageinstaller.InstallSuccess.bindUi(InstallSuccess.java:109)
10-20 00:39:09.803 28490 28490 E WindowManager: 	at com.android.packageinstaller.InstallSuccess.onCreate(InstallSuccess.java:75)
10-20 00:39:09.803 28490 28490 E WindowManager: 	at android.app.Activity.performCreate(Activity.java:9498)
10-20 00:39:09.803 28490 28490 E WindowManager: 	at android.app.Activity.performCreate(Activity.java:9439)
10-20 00:39:09.803 28490 28490 E WindowManager: 	at android.app.Instrumentation.callActivityOnCreate(Instrumentation.java:1526)
10-20 00:39:09.803 28490 28490 E WindowManager: 	at android.app.ActivityThread.performLaunchActivity(ActivityThread.java:4650)
10-20 00:39:09.803 28490 28490 E WindowManager: 	at android.app.ActivityThread.handleLaunchActivity(ActivityThread.java:4882)
10-20 00:39:09.803 28490 28490 E WindowManager: 	at android.app.servertransaction.LaunchActivityItem.execute(LaunchActivityItem.java:112)
10-20 00:39:09.803 28490 28490 E WindowManager: 	at android.app.servertransaction.TransactionExecutor.executeNonLifecycleItem(TransactionExecutor.java:220)
10-20 00:39:09.803 28490 28490 E WindowManager: 	at android.app.servertransaction.TransactionExecutor.executeTransactionItems(TransactionExecutor.java:148)
10-20 00:39:09.803 28490 28490 E WindowManager: 	at android.app.servertransaction.TransactionExecutor.execute(TransactionExecutor.java:120)
10-20 00:39:09.803 28490 28490 E WindowManager: 	at android.app.ActivityThread$H.handleMessage(ActivityThread.java:3108)
10-20 00:39:09.803 28490 28490 E WindowManager: 	at android.os.Handler.dispatchMessage(Handler.java:109)
10-20 00:39:09.803 28490 28490 E WindowManager: 	at android.os.Looper.loopOnce(Looper.java:250)
10-20 00:39:09.803 28490 28490 E WindowManager: 	at android.os.Looper.loop(Looper.java:340)
10-20 00:39:09.803 28490 28490 E WindowManager: 	at android.app.ActivityThread.main(ActivityThread.java:9928)
10-20 00:39:09.803 28490 28490 E WindowManager: 	at java.lang.reflect.Method.invoke(Native Method)
10-20 00:39:09.803 28490 28490 E WindowManager: 	at com.android.internal.os.RuntimeInit$MethodAndArgsCaller.run(RuntimeInit.java:625)
10-20 00:39:09.803 28490 28490 E WindowManager: 	at com.android.internal.os.ZygoteInit.main(ZygoteInit.java:957)
10-20 00:39:09.806 28490 28490 E WindowManager: android.view.WindowLeaked: Activity com.android.packageinstaller.InstallSuccess has leaked window com.android.internal.policy.DecorView{9bdb7ec V.E...... R.....ID 0,0-1026,544}[InstallSuccess] that was originally added here
10-20 00:39:09.806 28490 28490 E WindowManager: 	at android.view.ViewRootImpl.<init>(ViewRootImpl.java:1460)
10-20 00:39:09.806 28490 28490 E WindowManager: 	at android.view.ViewRootImpl.<init>(ViewRootImpl.java:1446)
10-20 00:39:09.806 28490 28490 E WindowManager: 	at android.view.WindowManagerGlobal.addView(WindowManagerGlobal.java:469)
10-20 00:39:09.806 28490 28490 E WindowManager: 	at android.view.WindowManagerImpl.addView(WindowManagerImpl.java:169)
10-20 00:39:09.806 28490 28490 E WindowManager: 	at android.app.Dialog.show(Dialog.java:425)
10-20 00:39:09.806 28490 28490 E WindowManager: 	at com.android.packageinstaller.InstallSuccess.bindUi(InstallSuccess.java:109)
10-20 00:39:09.806 28490 28490 E WindowManager: 	at com.android.packageinstaller.InstallSuccess.onResume(InstallSuccess.java:82)
10-20 00:39:09.806 28490 28490 E WindowManager: 	at android.app.Instrumentation.callActivityOnResume(Instrumentation.java:1722)
10-20 00:39:09.806 28490 28490 E WindowManager: 	at android.app.Activity.performResume(Activity.java:9661)
10-20 00:39:09.806 28490 28490 E WindowManager: 	at android.app.ActivityThread.performResumeActivity(ActivityThread.java:6004)
10-20 00:39:09.806 28490 28490 E WindowManager: 	at android.app.ActivityThread.handleResumeActivity(ActivityThread.java:6054)
10-20 00:39:09.806 28490 28490 E WindowManager: 	at android.app.servertransaction.ResumeActivityItem.execute(ResumeActivityItem.java:70)
10-20 00:39:09.806 28490 28490 E WindowManager: 	at android.app.servertransaction.ActivityTransactionItem.execute(ActivityTransactionItem.java:60)
10-20 00:39:09.806 28490 28490 E WindowManager: 	at android.app.servertransaction.TransactionExecutor.executeLifecycleItem(TransactionExecutor.java:271)
10-20 00:39:09.806 28490 28490 E WindowManager: 	at android.app.servertransaction.TransactionExecutor.executeTransactionItems(TransactionExecutor.java:146)
10-20 00:39:09.806 28490 28490 E WindowManager: 	at android.app.servertransaction.TransactionExecutor.execute(TransactionExecutor.java:120)
10-20 00:39:09.806 28490 28490 E WindowManager: 	at android.app.ActivityThread$H.handleMessage(ActivityThread.java:3108)
10-20 00:39:09.806 28490 28490 E WindowManager: 	at android.os.Handler.dispatchMessage(Handler.java:109)
10-20 00:39:09.806 28490 28490 E WindowManager: 	at android.os.Looper.loopOnce(Looper.java:250)
10-20 00:39:09.806 28490 28490 E WindowManager: 	at android.os.Looper.loop(Looper.java:340)
10-20 00:39:09.806 28490 28490 E WindowManager: 	at android.app.ActivityThread.main(ActivityThread.java:9928)
10-20 00:39:09.806 28490 28490 E WindowManager: 	at java.lang.reflect.Method.invoke(Native Method)
10-20 00:39:09.806 28490 28490 E WindowManager: 	at com.android.internal.os.RuntimeInit$MethodAndArgsCaller.run(RuntimeInit.java:625)
10-20 00:39:09.806 28490 28490 E WindowManager: 	at com.android.internal.os.ZygoteInit.main(ZygoteInit.java:957)
10-20 00:39:09.809 28490 28490 W WindowOnBackDispatcher: sendCancelIfRunning: isInProgress=false callback=android.view.ViewRootImpl$$ExternalSyntheticLambda11@c3bd86d
10-20 00:39:09.822 28490 28490 W WindowOnBackDispatcher: sendCancelIfRunning: isInProgress=false callback=android.view.ViewRootImpl$$ExternalSyntheticLambda11@94f41c
10-20 00:39:09.828 28149 29675 D BLASTBufferQueue: [VRI[GrantPermissionsActivity]#19](f:0,a:1) producer disconnected before acquireNextBufferLocked
10-20 00:39:09.829 28149 29675 D BLASTBufferQueue: [VRI[GrantPermissionsActivity]#19](f:0,a:1) acquireNextBufferLocked size=1202x1637 mFrameNumber=1 applyTransaction=true mTimestamp=661871705099295(auto) mPendingTransactions.size=0 graphicBufferId=120899034415269 transform=0
10-20 00:39:09.909 28149 28170 I PermissionControllerServiceImpl: Updating user sensitive for uid 10408
10-20 00:39:10.366 18831 18831 W Finsky  : [2] STU: Failed to get storage stats for package 'com.google.android.media.swcodec' (1601: Error getting stats: android.content.pm.PackageManager.NameNotFoundException)
10-20 00:39:10.402 18831 18831 W Finsky  : [2] STU: Failed to get storage stats for package 'com.android.profiling' (1601: Error getting stats: android.content.pm.PackageManager.NameNotFoundException)
10-20 00:39:10.481 28149 28149 I GrantPermissionsViewModel: Logged buttons presented and clicked permissionGroupName=android.permission-group.LOCATION uid=10408 selectedPrecision=3 package=com.a1taxi.driverpro presentedButtons=44 clickedButton=4 isPermissionRationaleShown=false sessionId=4908636948780994571 targetSdk=34
10-20 00:39:10.518 15711 19686 I ReactNativeJS: 'New permission status after request:', 'granted'
10-20 00:39:10.518 15711 19686 I ReactNativeJS:  Location permission granted by user
10-20 00:39:10.519 15711 19686 I ReactNativeJS:  Initializing location services...
10-20 00:39:10.519 15711 19686 I ReactNativeJS:  Location services initialized
10-20 00:39:10.520 15711 19686 I ReactNativeJS: === DRIVER STATUS CHANGE DETECTED ===
10-20 00:39:10.520 15711 19686 I ReactNativeJS: 'Driver:', undefined
10-20 00:39:10.520 15711 19686 I ReactNativeJS: 'Driver Status:', undefined
10-20 00:39:10.520 15711 19686 I ReactNativeJS: 'Driver User ID:', undefined
10-20 00:39:10.520 15711 19686 I ReactNativeJS: 'Driver Verified:', undefined
10-20 00:39:10.520 15711 19686 I ReactNativeJS:  Checking conditions:
10-20 00:39:10.520 15711 19686 I ReactNativeJS: '  - driver exists:', false
10-20 00:39:10.520 15711 19686 I ReactNativeJS: '  - status is online/busy:', false
10-20 00:39:10.520 15711 19686 I ReactNativeJS: '  - locationPermission:', true
10-20 00:39:10.520 15711 19686 I ReactNativeJS: '  - NOT isTracking:', true
10-20 00:39:10.520 15711 19686 I ReactNativeJS: '  - NOT isBackgroundTrackingActive:', true
10-20 00:39:10.520 15711 19686 I ReactNativeJS: '  - NOT isHandlingActiveDriver:', true
10-20 00:39:10.520 15711 19686 I ReactNativeJS:  Conditions not met for starting location tracking
10-20 00:39:10.543 28149 28149 D VRI[GrantPermissionsActivity]: visibilityChanged oldVisibility=true newVisibility=false
10-20 00:39:10.551 28149 28149 W WindowOnBackDispatcher: sendCancelIfRunning: isInProgress=false callback=android.view.ViewRootImpl$$ExternalSyntheticLambda11@f9febdb
10-20 00:39:10.554 15711 15711 V ImeFocusController: onWindowFocus: com.android.internal.policy.DecorView{e311d29 V.E...... R......D 0,0-1080,2392 aid=0}[MainActivity] softInputMode=STATE_UNSPECIFIED|ADJUST_RESIZE
10-20 00:39:10.561  5589  5589 I GoogleInputMethodService: GoogleInputMethodService.onFinishInput():2085 
10-20 00:39:10.561  5589  5589 I Module  : DeviceLockedStatusModuleProvider$Module.updateDeviceLockedStatus():100 repeatCheckTimes = 0, locked = false
10-20 00:39:10.562  5589  5589 I GoogleInputMethodService: GoogleInputMethodService.onStartInput():1346 onStartInput(EditorInfo{EditorInfo{packageName=com.a1taxi.driverpro, inputType=0, inputTypeString=NULL, enableLearning=false, autoCorrection=false, autoComplete=false, imeOptions=0, privateImeOptions=null, actionName=UNSPECIFIED, actionLabel=null, initialSelStart=-1, initialSelEnd=-1, initialCapsMode=0, label=null, fieldId=0, fieldName=null, extras=null, hintText=null, hintLocales=[]}}, false)
10-20 00:39:10.562  5589  5589 I Module  : DeviceLockedStatusModuleProvider$Module.updateDeviceLockedStatus():100 repeatCheckTimes = 1, locked = false
10-20 00:39:10.570 28149 28170 D BLASTBufferQueue: [VRI[GrantPermissionsActivity]#19](f:0,a:4) destructor()
10-20 00:39:10.570 28149 28170 D BufferQueueConsumer: [VRI[GrantPermissionsActivity]#19(BLAST Consumer)19](id:6df500000013,api:0,p:-1,c:28149) disconnect
10-20 00:39:10.769 18831 18831 W Finsky  : [2] STU: Failed to get storage stats for package 'com.google.android.adbd' (1601: Error getting stats: android.content.pm.PackageManager.NameNotFoundException)
10-20 00:39:10.805 18831 18831 W Finsky  : [2] STU: Failed to get storage stats for package 'com.android.i18n' (1601: Error getting stats: android.content.pm.PackageManager.NameNotFoundException)
10-20 00:39:10.831 18831 18831 W Finsky  : [2] STU: Failed to get storage stats for package 'com.google.android.conscrypt' (1601: Error getting stats: android.content.pm.PackageManager.NameNotFoundException)
10-20 00:39:10.968 18831 18831 W Finsky  : [2] STU: Failed to get storage stats for package 'com.google.android.neuralnetworks' (1601: Error getting stats: android.content.pm.PackageManager.NameNotFoundException)
10-20 00:39:10.986 18831 18831 W Finsky  : [2] STU: Failed to get storage stats for package 'com.google.android.ipsec' (1601: Error getting stats: android.content.pm.PackageManager.NameNotFoundException)
10-20 00:39:11.199 18831 18831 W Finsky  : [2] STU: Failed to get storage stats for package 'com.google.android.ondevicepersonalization' (1601: Error getting stats: android.content.pm.PackageManager.NameNotFoundException)
10-20 00:39:11.215 18831 18831 W Finsky  : [2] STU: Failed to get storage stats for package 'com.google.android.healthfitness' (1601: Error getting stats: android.content.pm.PackageManager.NameNotFoundException)
