10-18 04:47:23.934 27157 29257 I ReactNativeJS: === NAVIGATION CHECK ===
10-18 04:47:23.935 27157 29257 I ReactNativeJS: 'In auth group:', false
10-18 04:47:23.935 27157 29257 I ReactNativeJS: 'Has session:', false
10-18 04:47:23.935 27157 29257 I ReactNativeJS: 'Has driver:', true
10-18 04:47:23.935 27157 29257 I ReactNativeJS: 'Current segments:', [ '(tabs)', 'scheduled' ]
10-18 04:47:23.935 27157 29257 I ReactNativeJS: 'Loading state:', false
10-18 04:47:23.936 27157 29257 I ReactNativeJS: 'Is authenticated:', { id: '76b66a88-dff9-4965-9e36-8a92023f155d',
10-18 04:47:23.936 27157 29257 I ReactNativeJS:   user_id: 'ae53a792-6aed-4186-823d-61c34c6defe2',
10-18 04:47:23.936 27157 29257 I ReactNativeJS:   license_number: '25845',
10-18 04:47:23.936 27157 29257 I ReactNativeJS:   license_expiry: '2025-09-28',
10-18 04:47:23.936 27157 29257 I ReactNativeJS:   status: 'online',
10-18 04:47:23.936 27157 29257 I ReactNativeJS:   rating: 5,
10-18 04:47:23.936 27157 29257 I ReactNativeJS:   total_rides: 17,
10-18 04:47:23.936 27157 29257 I ReactNativeJS:   is_verified: true,
10-18 04:47:23.936 27157 29257 I ReactNativeJS:   vehicle_id: '95c87077-b016-49de-a05b-dbfd5e383a1a',
10-18 04:47:23.936 27157 29257 I ReactNativeJS:   vendor_id: null,
10-18 04:47:23.936 27157 29257 I ReactNativeJS:   phone_number: '6985471230',
10-18 04:47:23.936 27157 29257 I ReactNativeJS:   name: 'jai',
10-18 04:47:23.936 27157 29257 I ReactNativeJS:   created_at: '2025-09-12T17:52:54.786298+00:00',
10-18 04:47:23.936 27157 29257 I ReactNativeJS:   updated_at: '2025-10-17T10:32:24.536034+00:00',
10-18 04:47:23.936 27157 29257 I ReactNativeJS:   vehicles: 
10-18 04:47:23.936 27157 29257 I ReactNativeJS:    { id: '95c87077-b016-49de-a05b-dbfd5e383a1a',
10-18 04:47:23.936 27157 29257 I ReactNativeJS:      registration_number: 'KA 01025896',
10-18 04:47:23.936 27157 29257 I ReactNativeJS:      make: 'BMW',
10-18 04:47:23.936 27157 29257 I ReactNativeJS:      model: '450ld',
10-18 04:47:23.936 27157 29257 I ReactNativeJS:      year: 2024,
10-18 04:47:23.936 27157 29257 I ReactNativeJS:      color: 'black',
10-18 04:47:23.936 27157 29257 I ReactNativeJS:      vehicle_type: 'sedan',
10-18 04:47:23.936 27157 29257 I ReactNativeJS:      capacity: 4 },
10-18 04:47:23.936 27157 29257 I ReactNativeJS:   user: 
10-18 04:47:23.936 27157 29257 I ReactNativeJS:    { id: 'ae53a792-6aed-4186-823d-61c34c6defe2',
10-18 04:47:23.936 27157 29257 I ReactNativeJS:      email: 'jai@gmail.com',
10-18 04:47:23.936 27157 29257 I ReactNativeJS:      role: 'driver',
10-18 04:47:23.936 27157 29257 I ReactNativeJS:      full_name: 'jai',
10-18 04:47:23.936 27157 29257 I ReactNativeJS:      phone_number: '6985471230',
10-18 04:47:23.936 27157 29257 I ReactNativeJS:      avatar_url: null,
10-18 04:47:23.936 27157 29257 I ReactNativeJS:      is_active: true,
10-18 04:47:23.936 27157 29257 I ReactNativeJS:      created_at: '2025-09-12T17:52:54.109176+00:00',
10-18 04:47:23.936 27157 29257 I ReactNativeJS:      updated_at: '2025-09-12T17:52:54.109176+00:00' },
10-18 04:47:23.936 27157 29257 I ReactNativeJS:   vehicle: 
10-18 04:47:23.936 27157 29257 I ReactNativeJS:    { id: '95c87077-b016-49de-a05b-dbfd5e383a1a',
10-18 04:47:23.936 27157 29257 I ReactNativeJS:      registration_number: 'KA 01025896',
10-18 04:47:23.936 27157 29257 I ReactNativeJS:      make: 'BMW',
10-18 04:47:23.936 27157 29257 I ReactNativeJS:      model: '450ld',
10-18 04:47:23.936 27157 29257 I ReactNativeJS:      year: 2024,
10-18 04:47:23.936 27157 29257 I ReactNativeJS:      color: 'black',
10-18 04:47:23.936 27157 29257 I ReactNativeJS:      vehicle_type: 'sedan',
10-18 04:47:23.936 27157 29257 I ReactNativeJS:      capacity: 4 } }
10-18 04:47:23.936 27157 29257 I ReactNativeJS: No navigation needed - staying in current route
10-18 04:47:24.461 26036 26172 I FusedLocation: (REDACTED) location delivery to %s blocked - too fast
10-18 04:47:24.461 26036 26172 I FusedLocation: (REDACTED) location delivery to %s blocked - too fast
10-18 04:47:24.462 26036 26172 I FusedLocation: (REDACTED) location delivery to %s blocked - too close
10-18 04:47:24.462 26036 26172 I FusedLocation: (REDACTED) location delivery to %s blocked - too close
10-18 04:47:24.463 26036 26172 I FusedLocation: (REDACTED) location delivery to %s blocked - too fast
10-18 04:47:24.463 26036 26172 I FusedLocation: (REDACTED) location delivery to %s blocked - too close
10-18 04:47:24.589 27157 29257 I ReactNativeJS: 🔄 Auto-refreshing rides (2-second interval)...
10-18 04:47:24.589 27157 29257 I ReactNativeJS: === LOADING RIDES ===
10-18 04:47:24.589 27157 29257 I ReactNativeJS: 'Driver ID:', '76b66a88-dff9-4965-9e36-8a92023f155d'
10-18 04:47:24.589 27157 29257 I ReactNativeJS: 'Driver User ID:', 'ae53a792-6aed-4186-823d-61c34c6defe2'
10-18 04:47:24.595 27157 29257 I ReactNativeJS: 🔍 Loading current ride...
10-18 04:47:24.596 27157 29257 I ReactNativeJS: === RIDES SCREEN STATE DEBUG ===
10-18 04:47:24.596 27157 29257 I ReactNativeJS: 🔄 Component state updated:
10-18 04:47:24.596 27157 29257 I ReactNativeJS: '  - Current ride:', 'null'
10-18 04:47:24.597 27157 29257 I ReactNativeJS: '  - Pending rides count:', 0
10-18 04:47:24.597 27157 29257 I ReactNativeJS: '  - Driver status:', 'online'
10-18 04:47:24.597 27157 29257 I ReactNativeJS: '  - Loading:', true
10-18 04:47:24.597 27157 29257 I ReactNativeJS: '  - Error:', null
10-18 04:47:24.597 27157 29257 I ReactNativeJS: '  - Show modal:', false
10-18 04:47:24.597 27157 29257 I ReactNativeJS: '  - Timestamp:', '2025-10-17T23:17:24.597Z'
10-18 04:47:24.597 27157 29257 I ReactNativeJS: ❌ NO CURRENT RIDE - showing empty state
10-18 04:47:24.796 27157 29257 I ReactNativeJS: === NAVIGATION CHECK ===
10-18 04:47:24.796 27157 29257 I ReactNativeJS: 'In auth group:', false
10-18 04:47:24.796 27157 29257 I ReactNativeJS: 'Has session:', false
10-18 04:47:24.796 27157 29257 I ReactNativeJS: 'Has driver:', true
10-18 04:47:24.797 27157 29257 I ReactNativeJS: 'Current segments:', [ '(tabs)', 'rides' ]
10-18 04:47:24.797 27157 29257 I ReactNativeJS: 'Loading state:', false
10-18 04:47:24.797 27157 29257 I ReactNativeJS: 'Is authenticated:', { id: '76b66a88-dff9-4965-9e36-8a92023f155d',
10-18 04:47:24.797 27157 29257 I ReactNativeJS:   user_id: 'ae53a792-6aed-4186-823d-61c34c6defe2',
10-18 04:47:24.797 27157 29257 I ReactNativeJS:   license_number: '25845',
10-18 04:47:24.797 27157 29257 I ReactNativeJS:   license_expiry: '2025-09-28',
10-18 04:47:24.797 27157 29257 I ReactNativeJS:   status: 'online',
10-18 04:47:24.797 27157 29257 I ReactNativeJS:   rating: 5,
10-18 04:47:24.797 27157 29257 I ReactNativeJS:   total_rides: 17,
10-18 04:47:24.797 27157 29257 I ReactNativeJS:   is_verified: true,
10-18 04:47:24.797 27157 29257 I ReactNativeJS:   vehicle_id: '95c87077-b016-49de-a05b-dbfd5e383a1a',
10-18 04:47:24.797 27157 29257 I ReactNativeJS:   vendor_id: null,
10-18 04:47:24.797 27157 29257 I ReactNativeJS:   phone_number: '6985471230',
10-18 04:47:24.797 27157 29257 I ReactNativeJS:   name: 'jai',
10-18 04:47:24.797 27157 29257 I ReactNativeJS:   created_at: '2025-09-12T17:52:54.786298+00:00',
10-18 04:47:24.797 27157 29257 I ReactNativeJS:   updated_at: '2025-10-17T10:32:24.536034+00:00',
10-18 04:47:24.797 27157 29257 I ReactNativeJS:   vehicles: 
10-18 04:47:24.797 27157 29257 I ReactNativeJS:    { id: '95c87077-b016-49de-a05b-dbfd5e383a1a',
10-18 04:47:24.797 27157 29257 I ReactNativeJS:      registration_number: 'KA 01025896',
10-18 04:47:24.797 27157 29257 I ReactNativeJS:      make: 'BMW',
10-18 04:47:24.797 27157 29257 I ReactNativeJS:      model: '450ld',
10-18 04:47:24.797 27157 29257 I ReactNativeJS:      year: 2024,
10-18 04:47:24.797 27157 29257 I ReactNativeJS:      color: 'black',
10-18 04:47:24.797 27157 29257 I ReactNativeJS:      vehicle_type: 'sedan',
10-18 04:47:24.797 27157 29257 I ReactNativeJS:      capacity: 4 },
10-18 04:47:24.797 27157 29257 I ReactNativeJS:   user: 
10-18 04:47:24.797 27157 29257 I ReactNativeJS:    { id: 'ae53a792-6aed-4186-823d-61c34c6defe2',
10-18 04:47:24.797 27157 29257 I ReactNativeJS:      email: 'jai@gmail.com',
10-18 04:47:24.797 27157 29257 I ReactNativeJS:      role: 'driver',
10-18 04:47:24.797 27157 29257 I ReactNativeJS:      full_name: 'jai',
10-18 04:47:24.797 27157 29257 I ReactNativeJS:      phone_number: '6985471230',
10-18 04:47:24.797 27157 29257 I ReactNativeJS:      avatar_url: null,
10-18 04:47:24.797 27157 29257 I ReactNativeJS:      is_active: true,
10-18 04:47:24.797 27157 29257 I ReactNativeJS:      created_at: '2025-09-12T17:52:54.109176+00:00',
10-18 04:47:24.797 27157 29257 I ReactNativeJS:      updated_at: '2025-09-12T17:52:54.109176+00:00' },
10-18 04:47:24.797 27157 29257 I ReactNativeJS:   vehicle: 
10-18 04:47:24.797 27157 29257 I ReactNativeJS:    { id: '95c87077-b016-49de-a05b-dbfd5e383a1a',
10-18 04:47:24.797 27157 29257 I ReactNativeJS:      registration_number: 'KA 01025896',
10-18 04:47:24.797 27157 29257 I ReactNativeJS:      make: 'BMW',
10-18 04:47:24.797 27157 29257 I ReactNativeJS:      model: '450ld',
10-18 04:47:24.797 27157 29257 I ReactNativeJS:      year: 2024,
10-18 04:47:24.797 27157 29257 I ReactNativeJS:      color: 'black',
10-18 04:47:24.797 27157 29257 I ReactNativeJS:      vehicle_type: 'sedan',
10-18 04:47:24.797 27157 29257 I ReactNativeJS:      capacity: 4 } }
10-18 04:47:24.797 27157 29257 I ReactNativeJS: No navigation needed - staying in current route
10-18 04:47:24.829 27157 29257 I ReactNativeJS: '✅ Current ride loaded:', 'none'
10-18 04:47:24.829 27157 29257 I ReactNativeJS: 🔍 Loading pending ride notifications...
10-18 04:47:25.131 27157 29257 I ReactNativeJS: 📋 Found 0 unread ride notifications
10-18 04:47:25.146 27157 29257 I ReactNativeJS: ✅ No pending ride notifications
10-18 04:47:25.146 27157 29257 I ReactNativeJS: === RIDES SCREEN STATE DEBUG ===
10-18 04:47:25.146 27157 29257 I ReactNativeJS: 🔄 Component state updated:
10-18 04:47:25.147 27157 29257 I ReactNativeJS: '  - Current ride:', 'null'
10-18 04:47:25.147 27157 29257 I ReactNativeJS: '  - Pending rides count:', 0
10-18 04:47:25.147 27157 29257 I ReactNativeJS: '  - Driver status:', 'online'
10-18 04:47:25.147 27157 29257 I ReactNativeJS: '  - Loading:', true
10-18 04:47:25.147 27157 29257 I ReactNativeJS: '  - Error:', null
10-18 04:47:25.147 27157 29257 I ReactNativeJS: '  - Show modal:', false
10-18 04:47:25.147 27157 29257 I ReactNativeJS: '  - Timestamp:', '2025-10-17T23:17:25.147Z'
10-18 04:47:25.147 27157 29257 I ReactNativeJS: ❌ NO CURRENT RIDE - showing empty state
10-18 04:47:25.147 27157 29257 I ReactNativeJS: === RIDE REQUEST MODAL LOGIC DEBUG ===
10-18 04:47:25.147 27157 29257 I ReactNativeJS: 🔄 Checking if should show ride request modal:
10-18 04:47:25.147 27157 29257 I ReactNativeJS: '  - Pending rides:', 0
10-18 04:47:25.147 27157 29257 I ReactNativeJS: '  - Modal already showing:', false
10-18 04:47:25.147 27157 29257 I ReactNativeJS: '  - Driver status:', 'online'
10-18 04:47:25.147 27157 29257 I ReactNativeJS: '  - Has current ride:', false
10-18 04:47:25.147 27157 29257 I ReactNativeJS: ❌ NOT SHOWING MODAL - reasons:
10-18 04:47:25.148 27157 29257 I ReactNativeJS: '🚗 Analysis:', { pendingRidesCount: 0,
10-18 04:47:25.148 27157 29257 I ReactNativeJS:   modalAlreadyShowing: false,
10-18 04:47:25.148 27157 29257 I ReactNativeJS:   driverStatus: 'online',
10-18 04:47:25.148 27157 29257 I ReactNativeJS:   hasCurrentRide: false }
10-18 04:47:25.155 27157 29257 I ReactNativeJS: === RIDES SCREEN STATE DEBUG ===
10-18 04:47:25.155 27157 29257 I ReactNativeJS: 🔄 Component state updated:
10-18 04:47:25.155 27157 29257 I ReactNativeJS: '  - Current ride:', 'null'
10-18 04:47:25.155 27157 29257 I ReactNativeJS: '  - Pending rides count:', 0
10-18 04:47:25.155 27157 29257 I ReactNativeJS: '  - Driver status:', 'online'
10-18 04:47:25.155 27157 29257 I ReactNativeJS: '  - Loading:', false
10-18 04:47:25.155 27157 29257 I ReactNativeJS: '  - Error:', null
10-18 04:47:25.155 27157 29257 I ReactNativeJS: '  - Show modal:', false
10-18 04:47:25.155 27157 29257 I ReactNativeJS: '  - Timestamp:', '2025-10-17T23:17:25.155Z'
10-18 04:47:25.155 27157 29257 I ReactNativeJS: ❌ NO CURRENT RIDE - showing empty state
10-18 04:47:25.938 27157 29257 I ReactNativeJS: === NAVIGATION CHECK ===
10-18 04:47:25.938 27157 29257 I ReactNativeJS: 'In auth group:', false
10-18 04:47:25.938 27157 29257 I ReactNativeJS: 'Has session:', false
10-18 04:47:25.938 27157 29257 I ReactNativeJS: 'Has driver:', true
10-18 04:47:25.938 27157 29257 I ReactNativeJS: 'Current segments:', [ '(tabs)', 'profile' ]
10-18 04:47:25.938 27157 29257 I ReactNativeJS: 'Loading state:', false
10-18 04:47:25.939 27157 29257 I ReactNativeJS: 'Is authenticated:', { id: '76b66a88-dff9-4965-9e36-8a92023f155d',
10-18 04:47:25.939 27157 29257 I ReactNativeJS:   user_id: 'ae53a792-6aed-4186-823d-61c34c6defe2',
10-18 04:47:25.939 27157 29257 I ReactNativeJS:   license_number: '25845',
10-18 04:47:25.939 27157 29257 I ReactNativeJS:   license_expiry: '2025-09-28',
10-18 04:47:25.939 27157 29257 I ReactNativeJS:   status: 'online',
10-18 04:47:25.939 27157 29257 I ReactNativeJS:   rating: 5,
10-18 04:47:25.939 27157 29257 I ReactNativeJS:   total_rides: 17,
10-18 04:47:25.939 27157 29257 I ReactNativeJS:   is_verified: true,
10-18 04:47:25.939 27157 29257 I ReactNativeJS:   vehicle_id: '95c87077-b016-49de-a05b-dbfd5e383a1a',
10-18 04:47:25.939 27157 29257 I ReactNativeJS:   vendor_id: null,
10-18 04:47:25.939 27157 29257 I ReactNativeJS:   phone_number: '6985471230',
10-18 04:47:25.939 27157 29257 I ReactNativeJS:   name: 'jai',
10-18 04:47:25.939 27157 29257 I ReactNativeJS:   created_at: '2025-09-12T17:52:54.786298+00:00',
10-18 04:47:25.939 27157 29257 I ReactNativeJS:   updated_at: '2025-10-17T10:32:24.536034+00:00',
10-18 04:47:25.939 27157 29257 I ReactNativeJS:   vehicles: 
10-18 04:47:25.939 27157 29257 I ReactNativeJS:    { id: '95c87077-b016-49de-a05b-dbfd5e383a1a',
10-18 04:47:25.939 27157 29257 I ReactNativeJS:      registration_number: 'KA 01025896',
10-18 04:47:25.939 27157 29257 I ReactNativeJS:      make: 'BMW',
10-18 04:47:25.939 27157 29257 I ReactNativeJS:      model: '450ld',
10-18 04:47:25.939 27157 29257 I ReactNativeJS:      year: 2024,
10-18 04:47:25.939 27157 29257 I ReactNativeJS:      color: 'black',
10-18 04:47:25.939 27157 29257 I ReactNativeJS:      vehicle_type: 'sedan',
10-18 04:47:25.939 27157 29257 I ReactNativeJS:      capacity: 4 },
10-18 04:47:25.939 27157 29257 I ReactNativeJS:   user: 
10-18 04:47:25.939 27157 29257 I ReactNativeJS:    { id: 'ae53a792-6aed-4186-823d-61c34c6defe2',
10-18 04:47:25.939 27157 29257 I ReactNativeJS:      email: 'jai@gmail.com',
10-18 04:47:25.939 27157 29257 I ReactNativeJS:      role: 'driver',
10-18 04:47:25.939 27157 29257 I ReactNativeJS:      full_name: 'jai',
10-18 04:47:25.939 27157 29257 I ReactNativeJS:      phone_number: '6985471230',
10-18 04:47:25.939 27157 29257 I ReactNativeJS:      avatar_url: null,
10-18 04:47:25.939 27157 29257 I ReactNativeJS:      is_active: true,
10-18 04:47:25.939 27157 29257 I ReactNativeJS:      created_at: '2025-09-12T17:52:54.109176+00:00',
10-18 04:47:25.939 27157 29257 I ReactNativeJS:      updated_at: '2025-09-12T17:52:54.109176+00:00' },
10-18 04:47:25.939 27157 29257 I ReactNativeJS:   vehicle: 
10-18 04:47:25.939 27157 29257 I ReactNativeJS:    { id: '95c87077-b016-49de-a05b-dbfd5e383a1a',
10-18 04:47:25.939 27157 29257 I ReactNativeJS:      registration_number: 'KA 01025896',
10-18 04:47:25.939 27157 29257 I ReactNativeJS:      make: 'BMW',
10-18 04:47:25.939 27157 29257 I ReactNativeJS:      model: '450ld',
10-18 04:47:25.939 27157 29257 I ReactNativeJS:      year: 2024,
10-18 04:47:25.939 27157 29257 I ReactNativeJS:      color: 'black',
10-18 04:47:25.939 27157 29257 I ReactNativeJS:      vehicle_type: 'sedan',
10-18 04:47:25.939 27157 29257 I ReactNativeJS:      capacity: 4 } }
10-18 04:47:25.939 27157 29257 I ReactNativeJS: No navigation needed - staying in current route
10-18 04:47:26.201 26036 26104 W Settings: Setting airplane_mode_on has moved from android.provider.Settings.System to android.provider.Settings.Global, returning read-only value.
10-18 04:47:26.207 26036 29709 W SystemServiceRegistry: No service published for: wifirtt
10-18 04:47:26.477 26036 26081 I WifiScanner: onFullResults
10-18 04:47:26.477 26036 26513 I WifiScanner: onFullResults
10-18 04:47:26.477 26036 26052 I WifiScanner: onFullResults
10-18 04:47:26.487 26036 30440 I FrewleTileCacheManagerV: (REDACTED) Fetched %d AP models from cache
10-18 04:47:26.508 26036 26172 I FusedLocation: (REDACTED) location delivery to %s blocked - too fast
10-18 04:47:26.508 26036 26172 I FusedLocation: (REDACTED) location delivery to %s blocked - too fast
10-18 04:47:26.509 26036 26172 I FusedLocation: (REDACTED) location delivery to %s blocked - too close
10-18 04:47:26.509 26036 26172 I FusedLocation: (REDACTED) location delivery to %s blocked - too close
10-18 04:47:26.510 26036 26172 I FusedLocation: (REDACTED) location delivery to %s blocked - too fast
10-18 04:47:26.511 26036 26172 I FusedLocation: (REDACTED) location delivery to %s blocked - too fast
10-18 04:47:26.511 26036 26172 I FusedLocation: (REDACTED) location delivery to %s blocked - too close
10-18 04:47:26.518 26036 26172 I fyyu    : Received empty WiFi-RTT scan. [CONTEXT service_id=6 ]
10-18 04:47:26.588 27157 29257 I ReactNativeJS: 🔄 Auto-refreshing rides (2-second interval)...
10-18 04:47:26.588 27157 29257 I ReactNativeJS: === LOADING RIDES ===
10-18 04:47:26.588 27157 29257 I ReactNativeJS: 'Driver ID:', '76b66a88-dff9-4965-9e36-8a92023f155d'
10-18 04:47:26.588 27157 29257 I ReactNativeJS: 'Driver User ID:', 'ae53a792-6aed-4186-823d-61c34c6defe2'
10-18 04:47:26.596 27157 29257 I ReactNativeJS: 🔍 Loading current ride...
10-18 04:47:26.599 27157 29257 I ReactNativeJS: === RIDES SCREEN STATE DEBUG ===
10-18 04:47:26.599 27157 29257 I ReactNativeJS: 🔄 Component state updated:
10-18 04:47:26.599 27157 29257 I ReactNativeJS: '  - Current ride:', 'null'
10-18 04:47:26.599 27157 29257 I ReactNativeJS: '  - Pending rides count:', 0
10-18 04:47:26.599 27157 29257 I ReactNativeJS: '  - Driver status:', 'online'
10-18 04:47:26.599 27157 29257 I ReactNativeJS: '  - Loading:', true
10-18 04:47:26.599 27157 29257 I ReactNativeJS: '  - Error:', null
10-18 04:47:26.599 27157 29257 I ReactNativeJS: '  - Show modal:', false
10-18 04:47:26.600 27157 29257 I ReactNativeJS: '  - Timestamp:', '2025-10-17T23:17:26.599Z'
10-18 04:47:26.600 27157 29257 I ReactNativeJS: ❌ NO CURRENT RIDE - showing empty state
10-18 04:47:26.604 27157 29257 I ReactNativeJS: === SIGN OUT BUTTON CLICKED ===
10-18 04:47:26.606 27157 27157 W WindowOnBackDispatcher: OnBackInvokedCallback is not enabled for the application.
10-18 04:47:26.606 27157 27157 W WindowOnBackDispatcher: Set 'android:enableOnBackInvokedCallback="true"' in the application manifest.
10-18 04:47:26.671 27157 27157 D ViewRootImpl: AppSizeAfterRelayout, size: Point(1202, 713), rotation: ROTATION_0
10-18 04:47:26.672 27157 27157 D BufferQueueConsumer: [](id:6a1500000006,api:0,p:-1,c:27157) connect: controlledByApp=false
10-18 04:47:26.675 27157 27157 D BLASTBufferQueue: [VRI[MainActivity]#6](f:0,a:0) constructor()
10-18 04:47:26.675 27157 27157 D BLASTBufferQueue: [VRI[MainActivity]#6](f:0,a:0) update width=1202 height=713 format=-3 mTransformHint=0
10-18 04:47:26.690 27157 29232 D BLASTBufferQueue: [VRI[MainActivity]#6](f:0,a:1) acquireNextBufferLocked size=1202x713 mFrameNumber=1 applyTransaction=true mTimestamp=576725912410836(auto) mPendingTransactions.size=0 graphicBufferId=116638426857514 transform=0
10-18 04:47:26.867 27157 29257 I ReactNativeJS: '✅ Current ride loaded:', 'none'
10-18 04:47:26.868 27157 29257 I ReactNativeJS: 🔍 Loading pending ride notifications...
10-18 04:47:27.095 27157 29257 I ReactNativeJS: 📋 Found 0 unread ride notifications
10-18 04:47:27.112 27157 29257 I ReactNativeJS: ✅ No pending ride notifications
10-18 04:47:27.112 27157 29257 I ReactNativeJS: === RIDES SCREEN STATE DEBUG ===
10-18 04:47:27.112 27157 29257 I ReactNativeJS: 🔄 Component state updated:
10-18 04:47:27.112 27157 29257 I ReactNativeJS: '  - Current ride:', 'null'
10-18 04:47:27.112 27157 29257 I ReactNativeJS: '  - Pending rides count:', 0
10-18 04:47:27.112 27157 29257 I ReactNativeJS: '  - Driver status:', 'online'
10-18 04:47:27.112 27157 29257 I ReactNativeJS: '  - Loading:', true
10-18 04:47:27.112 27157 29257 I ReactNativeJS: '  - Error:', null
10-18 04:47:27.113 27157 29257 I ReactNativeJS: '  - Show modal:', false
10-18 04:47:27.113 27157 29257 I ReactNativeJS: '  - Timestamp:', '2025-10-17T23:17:27.113Z'
10-18 04:47:27.113 27157 29257 I ReactNativeJS: ❌ NO CURRENT RIDE - showing empty state
10-18 04:47:27.113 27157 29257 I ReactNativeJS: === RIDE REQUEST MODAL LOGIC DEBUG ===
10-18 04:47:27.113 27157 29257 I ReactNativeJS: 🔄 Checking if should show ride request modal:
10-18 04:47:27.113 27157 29257 I ReactNativeJS: '  - Pending rides:', 0
10-18 04:47:27.113 27157 29257 I ReactNativeJS: '  - Modal already showing:', false
10-18 04:47:27.113 27157 29257 I ReactNativeJS: '  - Driver status:', 'online'
10-18 04:47:27.113 27157 29257 I ReactNativeJS: '  - Has current ride:', false
10-18 04:47:27.113 27157 29257 I ReactNativeJS: ❌ NOT SHOWING MODAL - reasons:
10-18 04:47:27.113 27157 29257 I ReactNativeJS: '🚗 Analysis:', { pendingRidesCount: 0,
10-18 04:47:27.113 27157 29257 I ReactNativeJS:   modalAlreadyShowing: false,
10-18 04:47:27.113 27157 29257 I ReactNativeJS:   driverStatus: 'online',
10-18 04:47:27.113 27157 29257 I ReactNativeJS:   hasCurrentRide: false }
10-18 04:47:27.120 27157 29257 I ReactNativeJS: === RIDES SCREEN STATE DEBUG ===
10-18 04:47:27.120 27157 29257 I ReactNativeJS: 🔄 Component state updated:
10-18 04:47:27.120 27157 29257 I ReactNativeJS: '  - Current ride:', 'null'
10-18 04:47:27.120 27157 29257 I ReactNativeJS: '  - Pending rides count:', 0
10-18 04:47:27.120 27157 29257 I ReactNativeJS: '  - Driver status:', 'online'
10-18 04:47:27.120 27157 29257 I ReactNativeJS: '  - Loading:', false
10-18 04:47:27.120 27157 29257 I ReactNativeJS: '  - Error:', null
10-18 04:47:27.120 27157 29257 I ReactNativeJS: '  - Show modal:', false
10-18 04:47:27.120 27157 29257 I ReactNativeJS: '  - Timestamp:', '2025-10-17T23:17:27.120Z'
10-18 04:47:27.120 27157 29257 I ReactNativeJS: ❌ NO CURRENT RIDE - showing empty state
10-18 04:47:27.521 27157 27157 W WindowOnBackDispatcher: sendCancelIfRunning: isInProgress=false callback=android.view.ViewRootImpl$$ExternalSyntheticLambda11@def1ff
10-18 04:47:27.522 27157 29257 I ReactNativeJS: === SIGN OUT INITIATED ===
10-18 04:47:27.522 27157 29257 I ReactNativeJS: === SIGNING OUT ===
10-18 04:47:27.522 27157 29257 I ReactNativeJS: '📊 Current driver status before logout:', 'online'
10-18 04:47:27.522 27157 29257 I ReactNativeJS: 🔒 Status will be preserved in database - NOT changing to offline
10-18 04:47:27.528 27157 29232 D HWUI    : endAllActiveAnimators on 0xb400007780136850 (RippleDrawable) with handle 0xb4000077d005ebd0
10-18 04:47:27.539 27157 27157 W WindowOnBackDispatcher: OnBackInvokedCallback is not enabled for the application.
10-18 04:47:27.539 27157 27157 W WindowOnBackDispatcher: Set 'android:enableOnBackInvokedCallback="true"' in the application manifest.
10-18 04:47:27.540 27157 29218 D BLASTBufferQueue: [VRI[MainActivity]#6](f:0,a:4) destructor()
10-18 04:47:27.541 27157 29218 D BufferQueueConsumer: [VRI[MainActivity]#6(BLAST Consumer)6](id:6a1500000006,api:0,p:-1,c:27157) disconnect
10-18 04:47:27.572 27157 27157 V ImeFocusController: onWindowFocus: com.android.internal.policy.DecorView{e311d29 V.E...... R......D 0,0-1080,2392 aid=0}[MainActivity] softInputMode=STATE_UNSPECIFIED|ADJUST_RESIZE
10-18 04:47:27.576  5589  5589 I GoogleInputMethodService: GoogleInputMethodService.onFinishInput():2085 
10-18 04:47:27.577  5589  5589 I Module  : DeviceLockedStatusModuleProvider$Module.updateDeviceLockedStatus():100 repeatCheckTimes = 0, locked = false
10-18 04:47:27.578 27157 29257 I ReactNativeJS: 🛑 Cleaning up auto-refresh interval
10-18 04:47:27.578  5589  5589 I GoogleInputMethodService: GoogleInputMethodService.onStartInput():1346 onStartInput(EditorInfo{EditorInfo{packageName=com.a1taxi.driverpro, inputType=0, inputTypeString=NULL, enableLearning=false, autoCorrection=false, autoComplete=false, imeOptions=0, privateImeOptions=null, actionName=UNSPECIFIED, actionLabel=null, initialSelStart=-1, initialSelEnd=-1, initialCapsMode=0, label=null, fieldId=0, fieldName=null, extras=null, hintText=null, hintLocales=[]}}, false)
10-18 04:47:27.578 27157 29257 I ReactNativeJS: ✅ Notification sound service cleaned up
10-18 04:47:27.578 27157 29257 I ReactNativeJS: === NAVIGATION CHECK ===
10-18 04:47:27.579 27157 29257 I ReactNativeJS: 'In auth group:', false
10-18 04:47:27.579 27157 29257 I ReactNativeJS: 'Has session:', false
10-18 04:47:27.579 27157 29257 I ReactNativeJS: 'Has driver:', false
10-18 04:47:27.579 27157 29257 I ReactNativeJS: 'Current segments:', [ '(tabs)', 'profile' ]
10-18 04:47:27.579 27157 29257 I ReactNativeJS: 'Loading state:', false
10-18 04:47:27.579 27157 29257 I ReactNativeJS: 'Is authenticated:', null
10-18 04:47:27.579 27157 29257 I ReactNativeJS: Redirecting to login - not authenticated
10-18 04:47:27.579  5589  5589 I Module  : DeviceLockedStatusModuleProvider$Module.updateDeviceLockedStatus():100 repeatCheckTimes = 1, locked = false
10-18 04:47:27.580 27157 29257 I ReactNativeJS: === DRIVER STATUS CHANGE DETECTED ===
10-18 04:47:27.580 27157 29257 I ReactNativeJS: 'Driver:', undefined
10-18 04:47:27.580 27157 29257 I ReactNativeJS: 'Driver Status:', undefined
10-18 04:47:27.580 27157 29257 I ReactNativeJS: 'Driver User ID:', undefined
10-18 04:47:27.580 27157 29257 I ReactNativeJS: 'Driver Verified:', undefined
10-18 04:47:27.580 27157 29257 I ReactNativeJS: ❌ No driver available, stopping location tracking
10-18 04:47:27.580 27157 29257 I ReactNativeJS: === STOPPING LOCATION TRACKING ===
10-18 04:47:27.581 27157 29257 I ReactNativeJS: ✅ Location tracking stopped
10-18 04:47:27.581 27157 29257 I ReactNativeJS: === STOPPING BACKGROUND LOCATION TRACKING ===
10-18 04:47:27.581 27157 29257 I ReactNativeJS: === STOPPING BACKGROUND LOCATION TRACKING ===
10-18 04:47:27.589 27157 29257 I ReactNativeJS: ✅ Sign out completed - driver status preserved in database
10-18 04:47:27.589 27157 29257 I ReactNativeJS: ✅ Sign out completed
10-18 04:47:27.591 27157 29257 I ReactNativeJS: === DRIVER STATUS CHANGE DETECTED ===
10-18 04:47:27.591 27157 29257 I ReactNativeJS: 'Driver:', undefined
10-18 04:47:27.591 27157 29257 I ReactNativeJS: 'Driver Status:', undefined
10-18 04:47:27.591 27157 29257 I ReactNativeJS: 'Driver User ID:', undefined
10-18 04:47:27.591 27157 29257 I ReactNativeJS: 'Driver Verified:', undefined
10-18 04:47:27.594 27157 29257 I ReactNativeJS: === NAVIGATION CHECK ===
10-18 04:47:27.594 27157 29257 I ReactNativeJS: 'In auth group:', true
10-18 04:47:27.594 27157 29257 I ReactNativeJS: 'Has session:', false
10-18 04:47:27.594 27157 29257 I ReactNativeJS: 'Has driver:', false
10-18 04:47:27.594 27157 29257 I ReactNativeJS: 'Current segments:', [ '(auth)', 'login' ]
10-18 04:47:27.594 27157 29257 I ReactNativeJS: 'Loading state:', false
10-18 04:47:27.594 27157 29257 I ReactNativeJS: 'Is authenticated:', null
10-18 04:47:27.594 27157 29257 I ReactNativeJS: No navigation needed - staying in current route
10-18 04:47:27.595 27157 29247 I TaskService: Unregistering task 'background-location-task' for app with scoping identifier 'com.a1taxi.driverpro'.
10-18 04:47:27.600 26036 30411 I FusedLocation: (REDACTED) stationary throttling engaged @%s
10-18 04:47:27.613 27157 29257 I ReactNativeJS: ✅ Background location tracking stopped
10-18 04:47:27.614 27157 29247 I TaskService: Unregistering task 'background-fetch-task' for app with scoping identifier 'com.a1taxi.driverpro'.
10-18 04:47:27.614 27157 29247 I BackgroundFetchTaskConsumer: Stopping an alarm for task 'background-fetch-task'.
10-18 04:47:27.617 26036 29978 I FusedOrientationManager: Unregistering orientation client. [CONTEXT service_id=6 ]
10-18 04:47:27.617 27157 29259 W unknown:ReactNative: Attempt to set local data for view with unknown tag: -1
10-18 04:47:27.617 27157 29259 W unknown:ReactNative: Attempt to set local data for view with unknown tag: -1
10-18 04:47:27.617 27157 29259 W unknown:ReactNative: Attempt to set local data for view with unknown tag: -1
10-18 04:47:27.617 27157 29257 I ReactNativeJS: ✅ Background fetch stopped
10-18 04:47:27.617 27157 29257 I ReactNativeJS: ✅ All background location services stopped
10-18 04:47:27.618 27157 29257 I ReactNativeJS: ✅ Background location tracking stopped
10-18 04:47:27.618 27157 29257 I ReactNativeJS: === DRIVER STATUS CHANGE DETECTED ===
10-18 04:47:27.618 27157 29257 I ReactNativeJS: 'Driver:', undefined
10-18 04:47:27.618 27157 29257 I ReactNativeJS: 'Driver Status:', undefined
10-18 04:47:27.618 27157 29257 I ReactNativeJS: 'Driver User ID:', undefined
10-18 04:47:27.618 27157 29257 I ReactNativeJS: 'Driver Verified:', undefined
10-18 04:47:27.633 27157 29259 W unknown:ReactNative: Attempt to set local data for view with unknown tag: -1
10-18 04:47:27.633 27157 29259 W unknown:ReactNative: Attempt to set local data for view with unknown tag: -1
10-18 04:47:27.633 27157 29259 W unknown:ReactNative: Attempt to set local data for view with unknown tag: -1
10-18 04:47:28.207 27157 27157 I ImeTracker: com.a1taxi.driverpro:130e4888: onRequestShow at ORIGIN_CLIENT reason SHOW_SOFT_INPUT fromUser false
10-18 04:47:28.210  5589  5589 I GoogleInputMethodService: GoogleInputMethodService.onFinishInput():2085 
10-18 04:47:28.211  5589  5589 I Module  : DeviceLockedStatusModuleProvider$Module.updateDeviceLockedStatus():100 repeatCheckTimes = 0, locked = false
10-18 04:47:28.211  5589  5589 I GoogleInputMethodService: GoogleInputMethodService.onStartInput():1346 onStartInput(EditorInfo{EditorInfo{packageName=com.a1taxi.driverpro, inputType=80001, inputTypeString=Normal[NoSuggestion], enableLearning=true, autoCorrection=true, autoComplete=true, imeOptions=8000006, privateImeOptions=null, actionName=DONE, actionLabel=null, initialSelStart=0, initialSelEnd=0, initialCapsMode=0, label=null, fieldId=3017, fieldName=null, extras=Bundle[mParcelledData.dataSize=404], hintText=non-empty, hintLocales=[]}}, false)
10-18 04:47:28.212  5589  5589 I Module  : DeviceLockedStatusModuleProvider$Module.updateDeviceLockedStatus():100 repeatCheckTimes = 1, locked = false
10-18 04:47:28.213  5751  6576 W ratelimit: Single process limit 250/s drop 14 lines.
10-18 04:47:28.213  5751  6576 I duzn    : (REDACTED) appOpsListener %s %s
10-18 04:47:28.214  5751  6576 I duzn    : (REDACTED) Ignoring irrelevant audio permission changes for package %s
10-18 04:47:28.217  5589  5589 I StylusModule: StylusModule.onUpdateToolType():800 Update tool type = 1
10-18 04:47:28.219  5589  5589 I GoogleInputMethodService: GoogleInputMethodService.onStartInputView():1439 onStartInputView(EditorInfo{EditorInfo{packageName=com.a1taxi.driverpro, inputType=80001, inputTypeString=Normal[NoSuggestion], enableLearning=true, autoCorrection=true, autoComplete=true, imeOptions=8000006, privateImeOptions=null, actionName=DONE, actionLabel=null, initialSelStart=0, initialSelEnd=0, initialCapsMode=0, label=null, fieldId=3017, fieldName=null, extras=Bundle[{android.support.text.emoji.emojiCompat_metadataVersion=11, androidx.core.view.inputmethod.EditorInfoCompat.STYLUS_HANDWRITING_ENABLED=true, android.support.text.emoji.emojiCompat_replaceAll=false}], hintText=non-empty, hintLocales=[]}}, false)
10-18 04:47:28.222 27157 27157 I AssistStructure: Flattened final assist data: 1704 bytes, containing 1 windows, 10 views
10-18 04:47:28.222  1870  3606 D AutofillSession: createPendingIntent for request 2006
10-18 04:47:28.222  5589  5589 I KeyboardHeightUtil: KeyboardHeightUtil.getOemKeyboardHeightRatio():108 systemKeyboardHeightRatio:1.000000.
10-18 04:47:28.223  5589  5589 I AndroidIME: InputBundleManager.loadActiveInputBundleId():528 loadActiveInputBundleId: en-US, ime_english_united_states
10-18 04:47:28.223  5589  5589 I AndroidIME: AbstractIme.onActivate():96 LatinIme.onActivate() : EditorInfo = EditorInfo{packageName=com.a1taxi.driverpro, inputType=80001, inputTypeString=Normal[NoSuggestion], enableLearning=true, autoCorrection=true, autoComplete=true, imeOptions=8000006, privateImeOptions=null, actionName=DONE, actionLabel=null, initialSelStart=0, initialSelEnd=0, initialCapsMode=0, label=null, fieldId=3017, fieldName=null, extras=Bundle[{android.support.text.emoji.emojiCompat_metadataVersion=11, androidx.core.view.inputmethod.EditorInfoCompat.STYLUS_HANDWRITING_ENABLED=true, android.support.text.emoji.emojiCompat_replaceAll=false}], hintText=non-empty, hintLocales=[]}, IncognitoMode = false, DeviceLocked = false
10-18 04:47:28.224  5589  5589 I InputBundle: InputBundle.consumeEvent():1032 Skip consuming an event as keyboard status is INACTIVE
10-18 04:47:28.227  5589  5589 I Delight5Facilitator: Delight5Facilitator.initializeForIme():740 initializeForIme() : Locale = [en_US], layout = qwerty
10-18 04:47:28.228  5589  5589 I LatinIme: LatinIme.updateEnableInlineSuggestionsOnDecoderSideFlags():1247 inline flag updated to:false
10-18 04:47:28.229  5589  5589 I LatinIme: LatinIme.updateEnableInlineSuggestionsOnDecoderSideFlags():1247 inline flag updated to:false
10-18 04:47:28.248  5589  5589 I InputBundle: InputBundle.consumeEvent():1032 Skip consuming an event as keyboard status is INACTIVE
10-18 04:47:28.249  5589  5589 I LatinIme: LatinIme.resetInputContext():2251 resetInputContext(): reason=1, externalEditsInfo=ExternalEditsInfo{action=0, offset=-1, text=null, originalText=null, edits=null}
10-18 04:47:28.249  5589  5589 I InputBundle: InputBundle.consumeEvent():1032 Skip consuming an event as keyboard status is INACTIVE
10-18 04:47:28.257  5589  5589 I KeyboardWrapper: KeyboardWrapper.activateKeyboard():581 activateKeyboard(): type=prime, status=INACTIVE, imeDef=mkk{stringId=ime_english_united_states, language=en-US, languageTag=en-US, processedConditions={writing_helper_enable_by_word_revert=false, true=true, enable_number_row=true, device=phone, enable_pk_simulator=false}, className=com.google.android.apps.inputmethod.libs.latin5.LatinIme, label=0, keyEventInterpreter=null, inlineComposing=true, autoCapital=true, announceAutoSelectedCandidate=true, statusIcon=0, indicatorIcon=0, indicatorLabel=US, displayAppCompletions=true, extraValues=mkd{#0x7f0b02e0=TypedValue{t=0x3/d=0x0 "com.google.android.apps.inputmethod.libs.latin5.LatinIme"}}, processors=mmb@7d3d911, unacceptableMetaKeys=4098, languageSpecificSettings=0, asciiCapable=true, alwaysShowSuggestions=false, useAsciiPasswordKeyboard=false, keyboardGroupDef=mlk@9ed8bf6, phenotypeFlagId=0, localizationLanguageTag=null, supportsInlineSuggestion=true}
10-18 04:47:28.257  5589  5589 I KeyboardManager: KeyboardManager.requestKeyboard():248 Creating keyboard prime, imeId=ime_english_united_states, cacheKey=theme,!gsf,!pgsans,!pgsf,!use_system_font,BORDER,FLAVOR_DPI=XXHDPI,GOOGLE_ICONS,KEYBOARD_WIDTH_CATEGORY=NORMAL,KEY_BORDER_SHAPE=1,LIGHT_THEME=false,PHYSICAL_DIAGONAL=5.748144,POPUP,SCREEN_SHORTEST_WIDTH=393,SCREEN_SHORTEST_WIDTH_NO_SCALE=393,XXHDPI,bottom4dp,enable_emoji_kitchen_browse_color_v2=true,enable_google_fonts_icons=true,enable_popup_on_keypress=true,keyboard_redesign_google_sans=true,non_linear_scale,noshadow,overlay_builtin_dynamic_color_dark_base.binarypb:gm3-dark-ff131313-ffffffff-4d9204e36e3ccb6a165e3e3dbe763ce0,roundedchip,silkpopup
10-18 04:47:28.258  5589  5589 I KeyboardWrapper: KeyboardWrapper.onKeyboardReady():224 onKeyboardReady(): type=prime(prime), kb=com.google.android.apps.inputmethod.latin.keyboard.LatinPrimeKeyboard@b50191e
10-18 04:47:28.259  5589  5589 I KeyboardWrapper: KeyboardWrapper.doActivateKeyboard():611 doActivateKeyboard(): prime
10-18 04:47:28.329  5589  5589 I KeyboardViewHelper: KeyboardViewHelper.getView():180 Get view with height ratio:1.000000
10-18 04:47:28.332  5589  5589 I KeyboardHeightUtil: KeyboardHeightUtil.calculateMaxKeyboardBodyHeight():50 leave 267 height for app when ime window height:2171, header height:121 and isFullscreenMode:false, so the max keyboard body height is:1783
10-18 04:47:28.332  5589  5589 W TooltipLifecycleManager: TooltipLifecycleManager.dismissTooltips():153 Tooltip with id undo_access_point_promotion_banner not found in tooltipManager.
10-18 04:47:28.336  5589  5589 I KeyboardModeUtils: KeyboardModeUtils.getKeyboardBottomOffset():435 inch: 0.000000 ydpi: 387.429993 adjustKeyboardBottomByDisplaySize: false currentDensityDpi: 440 defaultDensityDpi: 440 keyboardBottomToScreenPx: 0 keyboardBottomToNavBarPx: -116 navBarHeight: 116
10-18 04:47:28.337  5589  5589 I KeyboardHeightUtil: KeyboardHeightUtil.calculateMaxKeyboardBodyHeight():50 leave 267 height for app when ime window height:2171, header height:121 and isFullscreenMode:false, so the max keyboard body height is:1783
10-18 04:47:28.337  5589  5589 I KeyboardHeightUtil: KeyboardHeightUtil.calculateMaxKeyboardBodyHeight():50 leave 267 height for app when ime window height:2171, header height:121 and isFullscreenMode:false, so the max keyboard body height is:1783
10-18 04:47:28.337  5589  5589 I AndroidIME: KeyboardViewManager.updateKeyboardBodyViewHolderPaddingBottom():472 Set finalPaddingBottom = 5 while holderPaddingBottom = 5; navigationHeight = 116
10-18 04:47:28.338  5589  5589 I KeyboardHeightUtil: KeyboardHeightUtil.calculateMaxKeyboardBodyHeight():50 leave 267 height for app when ime window height:2171, header height:121 and isFullscreenMode:false, so the max keyboard body height is:1783
10-18 04:47:28.338  5589  5589 I KeyboardHeightUtil: KeyboardHeightUtil.calculateMaxKeyboardBodyHeight():50 leave 267 height for app when ime window height:2171, header height:121 and isFullscreenMode:false, so the max keyboard body height is:1783
10-18 04:47:28.340  5589  5589 I GlobeKeyExtension: GlobeKeyExtension.getKeyboardInitialStates():175 
10-18 04:47:28.341  5589  5589 W Keyboard: Keyboard.getKeyboardViewHelper():609 null helper is returned: keyboardDef=mle{processedConditions={show_comma_key=true, enable_more_candidates_view_for_multilingual=false, layout_9key_split=false, enable_secondary_symbols=false, pref_enable_flick_symbols=false, language=en-US, deprecate_long_press_space_for_ime_picker=false, expressions=normal, enable_flick_symbols=true, variant=qwerty, show_period_key=true, enable_number_row=true, device=phone, keyboard_mode=normal, show_secondary_digits=false, enable_preemptive_decode=true, enable_pk_simulator=false, bottom_period_popup_slash=false}, globalConditions={global_theme_key=theme,!gsf,!pgsans,!pgsf,!use_system_font,BORDER,FLAVOR_DPI=XXHDPI,GOOGLE_ICONS,KEYBOARD_WIDTH_CATEGORY=NORMAL,KEY_BORDER_SHAPE=1,LIGHT_THEME=false,PHYSICAL_DIAGONAL=5.748144,POPUP,SCREEN_SHORTEST_WIDTH=393,SCREEN_SHORTEST_WIDTH_NO_SCALE=393,XXHDPI,bottom4dp,enable_emoji_kitchen_browse_color_v2=true,enable_google_fonts_icons=true,enable_popup_on_keypress=true,keyboard_redesign_google_sans=true,non_linear_scale,noshadow,overlay_builtin_dynamic_color_dark_base.binarypb:gm3-dark-ff131313-ffffffff-4d9204e36e3ccb6a165e3e3dbe763ce0,roundedchip,silkpopup, global_locale=en_US, global_density_dpi=440, global_orientation=1}, className=.latin.keyboard.LatinPrimeKeyboard, resourceIds=[#0x7f1705fb, #0x7f17088d], initialStates=0, keyboardViewDefs=[mls{direction=null, id=#0x7f0b0224, isScalable=true, layoutId=#0x7f0e029f, type=BODY, touchable=true, defaultShow=true}, mls{direction=null, id=#0x7f0b0224, isScalable=false, layoutId=#0x7f0e01f9, type=FLOATING_CANDIDATES, touchable=false, defaultShow=false}, mls{direction=LOCALE, id=#0x7f0b0224, isScalable=false, layoutId=#0x7f0e0500, type=HEADER, touchable=true, defaultShow=true}], persistentStates=0, persistentStatesPrefKey=null, popupBubbleLayoutId=#0x7f0e05f1, recentKeyLayoutId=0, recentKeyPopupLayoutId=0, recentKeyType=null, rememberRecentKey=NONE, sessionStates=17592186044419}, type=WIDGET, helpersCreated=[lxm@69dc35, lxm@42918ca, lxm@1494a3b, null], context.getResources().getConfiguration(): {1.0 405mcc869mnc [en_US] ldltr sw393dp w393dp h790dp 440dpi nrml long port night finger -keyb/v/h -nav/h winConfig={ mBounds=Rect(0, 0 - 1080, 2392) mAppBounds=Rect(0, 103 - 1080, 2276) mMaxBounds=Rect(0, 0 - 1080, 2392) mDisplayRotation=ROTATION_0 mWindowingMode=fullscreen mActivityType=undefined mAlwaysOnTop=undefined mRotation=ROTATION_0 isEmbedding:false} s.5420 fontWeightAdjustment=0 themeId=2 themeParameter=0 nightModeLevel = -1 typefaceChanged=0.0 ?spacesystem eaMode=1}
10-18 04:47:28.342  5589  5589 I KeyboardHeightUtil: KeyboardHeightUtil.calculateMaxKeyboardBodyHeight():50 leave 267 height for app when ime window height:2171, header height:121 and isFullscreenMode:false, so the max keyboard body height is:1783
10-18 04:47:28.354  5589  5589 I AndroidIME: InputBundleManager.startInput():358 startInput() with mlo[keyboardType=prime, payload=null]
10-18 04:47:28.355  5589  5589 I GlobeKeyExtension: GlobeKeyExtension.onActivate():120 
10-18 04:47:28.361  5589  5589 I LanguagePromoExtension: LanguagePromoExtension.checkDisplayPreconditions():174 Not show language promo: exceeds the max display times.
10-18 04:47:28.362  5589  5589 I HardKeyTracker: HardKeyTracker.unregisterKeySequence():221 Unregister key sequence nfz{labelResId=2132020497, callback=cgp@b355409, lastModifier=2, keyCodes=[56], actions=[0]}
10-18 04:47:28.362  5589  5589 I HardKeyTracker: HardKeyTracker.unregisterKeySequence():221 Unregister key sequence nfz{labelResId=2132020497, callback=cgp@fd627c5, lastModifier=0, keyCodes=[317], actions=[0]}
10-18 04:47:28.362  5589  5589 I HardKeyTracker: HardKeyTracker.registerKeySequence():170 Register key sequence nfz{labelResId=2132020497, callback=cgp@8e66c48, lastModifier=2, keyCodes=[56], actions=[0]}
10-18 04:47:28.363  5589  5589 I HardKeyTracker: HardKeyTracker.registerKeySequence():170 Register key sequence nfz{labelResId=2132020497, callback=cgp@89b96c7, lastModifier=0, keyCodes=[317], actions=[0]}
10-18 04:47:28.363  5589  5589 I VoiceInputManagerWrapper: VoiceInputManagerWrapper.cancelShutdown():109 cancelShutdown()
10-18 04:47:28.363  5589  5589 I VoiceInputManagerWrapper: VoiceInputManagerWrapper.syncLanguagePacks():121 syncLanguagePacks()
10-18 04:47:28.364  5589  5589 I VoiceInputManager: VoiceInputManager.onKeyboardActivated():1173 onKeyboardActivated() [UD]
10-18 04:47:28.364  5589  5589 I PkModeUpdater: PkModeUpdater.onActivate():74 onActivate false true
10-18 04:47:28.365  5589  5589 I AccessoryInputModeManager: AccessoryInputModeManager.onModeStarted():318 Accessory input mode started: null
10-18 04:47:28.365  5589  6558 I SpeechFactory: SpeechRecognitionFactory.maybeScheduleAutoPackDownloadForFallback():217 maybeScheduleAutoPackDownloadForFallback()
10-18 04:47:28.365  5589  5589 W SupplementaryKeyboardsWrapper: SupplementaryKeyboardsWrapper.deactivateKeyboard():161 keyboard accessory_candidates_consumer is not activated before!
10-18 04:47:28.365  5589  6558 I FallbackOnDeviceRecognitionProvider: FallbackOnDeviceRecognitionProvider.maybeScheduleAutoPackDownload():205 maybeScheduleAutoPackDownload() for language tag en-US
10-18 04:47:28.366  5589  5589 I HardKeyTracker: HardKeyTracker.unregisterKeySequence():221 Unregister key sequence nfz{labelResId=2132020506, callback=cgp@822f430, lastModifier=2, keyCodes=[47], actions=[0]}
10-18 04:47:28.366  5589  5589 I HardKeyTracker: HardKeyTracker.registerKeySequence():170 Register key sequence nfz{labelResId=2132020506, callback=cgp@aeedfa2, lastModifier=2, keyCodes=[47], actions=[0]}
10-18 04:47:28.367  5589  5589 I KeyboardModeUtils: KeyboardModeUtils.getKeyboardBottomOffset():435 inch: 0.000000 ydpi: 387.429993 adjustKeyboardBottomByDisplaySize: false currentDensityDpi: 440 defaultDensityDpi: 440 keyboardBottomToScreenPx: 0 keyboardBottomToNavBarPx: -116 navBarHeight: 116
10-18 04:47:28.367  5589  5589 I KeyboardHeightUtil: KeyboardHeightUtil.calculateMaxKeyboardBodyHeight():50 leave 267 height for app when ime window height:2171, header height:121 and isFullscreenMode:false, so the max keyboard body height is:1783
10-18 04:47:28.367  5589  5589 I KeyboardHeightUtil: KeyboardHeightUtil.calculateMaxKeyboardBodyHeight():50 leave 267 height for app when ime window height:2171, header height:121 and isFullscreenMode:false, so the max keyboard body height is:1783
10-18 04:47:28.367  5589  5589 I AndroidIME: KeyboardViewManager.updateKeyboardBodyViewHolderPaddingBottom():472 Set finalPaddingBottom = 5 while holderPaddingBottom = 5; navigationHeight = 116
10-18 04:47:28.367  5589  5589 I KeyboardHeightUtil: KeyboardHeightUtil.calculateMaxKeyboardBodyHeight():50 leave 267 height for app when ime window height:2171, header height:121 and isFullscreenMode:false, so the max keyboard body height is:1783
10-18 04:47:28.367  5589  5589 I KeyboardHeightUtil: KeyboardHeightUtil.calculateMaxKeyboardBodyHeight():50 leave 267 height for app when ime window height:2171, header height:121 and isFullscreenMode:false, so the max keyboard body height is:1783
10-18 04:47:28.368  5589  5589 W ExtensionWrapper: ExtensionWrapper.setExtensionViewVisibility():811 interface mas is not activate
10-18 04:47:28.370  5589  5589 I Module  : DeviceLockedStatusModuleProvider$Module.updateDeviceLockedStatus():100 repeatCheckTimes = 1, locked = false
10-18 04:47:28.371  5589  5589 I HardKeyTracker: HardKeyTracker.unregisterKeySequence():221 Unregister key sequence nfz{labelResId=2132020501, callback=cgp@f8a08d4, lastModifier=2, keyCodes=[48], actions=[0]}
10-18 04:47:28.371  5589  5589 I HardKeyTracker: HardKeyTracker.registerKeySequence():170 Register key sequence nfz{labelResId=2132020501, callback=cgp@7aeaf1c, lastModifier=2, keyCodes=[48], actions=[0]}
10-18 04:47:28.371  5589  5589 I HardKeyTracker: HardKeyTracker.unregisterKeySequence():221 Unregister key sequence nfz{labelResId=2132020501, callback=cgp@d5e5179, lastModifier=2, keyCodes=[48], actions=[0]}
10-18 04:47:28.371  5589  5589 I HardKeyTracker: HardKeyTracker.registerKeySequence():170 Register key sequence nfz{labelResId=2132020501, callback=cgp@82630a1, lastModifier=2, keyCodes=[48], actions=[0]}
10-18 04:47:28.372  5589  5589 I HardKeyTracker: HardKeyTracker.unregisterKeySequence():221 Unregister key sequence nfz{labelResId=2132020497, callback=cgp@bb3b6b1, lastModifier=2, keyCodes=[56], actions=[0]}
10-18 04:47:28.372  5589  5589 I HardKeyTracker: HardKeyTracker.unregisterKeySequence():221 Unregister key sequence nfz{labelResId=2132020497, callback=cgp@bab4f04, lastModifier=0, keyCodes=[317], actions=[0]}
10-18 04:47:28.373  5589  5589 I HardKeyTracker: HardKeyTracker.registerKeySequence():170 Register key sequence nfz{labelResId=2132020497, callback=cgp@1673c05, lastModifier=2, keyCodes=[56], actions=[0]}
10-18 04:47:28.373  5589  5589 I HardKeyTracker: HardKeyTracker.registerKeySequence():170 Register key sequence nfz{labelResId=2132020497, callback=cgp@3864368, lastModifier=0, keyCodes=[317], actions=[0]}
10-18 04:47:28.373  5589  5589 I HardKeyTracker: HardKeyTracker.unregisterKeySequence():221 Unregister key sequence nfz{labelResId=2132020502, callback=cgp@1398ae9, lastModifier=2, keyCodes=[32], actions=[0]}
10-18 04:47:28.373  5589  5589 I HardKeyTracker: HardKeyTracker.registerKeySequence():170 Register key sequence nfz{labelResId=2132020502, callback=cgp@405e6bd, lastModifier=2, keyCodes=[32], actions=[0]}
10-18 04:47:28.380  5589  5589 I HardKeyTracker: HardKeyTracker.unregisterKeySequence():221 Unregister key sequence nfz{labelResId=2132020502, callback=cgp@1045cd2, lastModifier=2, keyCodes=[32], actions=[0]}
10-18 04:47:28.380  5589  5589 I HardKeyTracker: HardKeyTracker.registerKeySequence():170 Register key sequence nfz{labelResId=2132020502, callback=cgp@3be780a, lastModifier=2, keyCodes=[32], actions=[0]}
10-18 04:47:28.380  5589  5589 I VoiceImeExtension: VoiceImeExtension.shouldStartVoiceInputAutomaticallyInCurrentInputBox():378 No private IME option set to start voice input.
10-18 04:47:28.382 26106 26106 D BoundBrokerSvc: onBind: Intent { act=com.google.firebase.dynamiclinks.service.START pkg=com.google.android.gms }
10-18 04:47:28.382 26106 26106 D BoundBrokerSvc: Loading bound service for intent: Intent { act=com.google.firebase.dynamiclinks.service.START pkg=com.google.android.gms }
10-18 04:47:28.394  5589  5589 D ViewRootImpl: AppSizeAfterRelayout, size: Point(1080, 2287), rotation: ROTATION_0
10-18 04:47:28.394  5589  5589 D BufferQueueConsumer: [](id:15d5000006d9,api:0,p:-1,c:5589) connect: controlledByApp=false
10-18 04:47:28.395  5589  5589 D BLASTBufferQueue: [VRI[InputMethod]#1753](f:0,a:0) constructor()
10-18 04:47:28.395  5589  5589 D BLASTBufferQueue: [VRI[InputMethod]#1753](f:0,a:0) update width=1080 height=2287 format=-2 mTransformHint=0
10-18 04:47:28.396  5589  5589 I KeyboardModeUtils: KeyboardModeUtils.getKeyboardBottomOffset():435 inch: 0.000000 ydpi: 387.429993 adjustKeyboardBottomByDisplaySize: false currentDensityDpi: 440 defaultDensityDpi: 440 keyboardBottomToScreenPx: 0 keyboardBottomToNavBarPx: -116 navBarHeight: 116
10-18 04:47:28.396  5589  5589 I KeyboardHeightUtil: KeyboardHeightUtil.calculateMaxKeyboardBodyHeight():50 leave 267 height for app when ime window height:2171, header height:121 and isFullscreenMode:false, so the max keyboard body height is:1783
10-18 04:47:28.397  5589  5589 I KeyboardHeightUtil: KeyboardHeightUtil.calculateMaxKeyboardBodyHeight():50 leave 267 height for app when ime window height:2171, header height:121 and isFullscreenMode:false, so the max keyboard body height is:1783
