10-19 17:12:47.353 21104  6710 I SemanticLocation: [InfMgr] No location reports after filtering [CONTEXT service_id=173 ]
10-19 17:12:47.448 14485 14485 I bnlz    : onStart
10-19 17:12:47.449 14485 14485 I bldh    : (REDACTED) [%s] onStart()
10-19 17:12:47.449 14485 14485 I blfn    : Reloading theme data
10-19 17:12:47.451 14485 14485 I bnlz    : onResume
10-19 17:12:47.457 14485 14485 D VRI[Launcher]: visibilityChanged oldVisibility=false newVisibility=true
10-19 17:12:47.488 14485 14485 D ViewRootImpl: AppSizeAfterRelayout, size: Point(1080, 2392), rotation: ROTATION_0
10-19 17:12:47.489 14485 14485 D BufferQueueConsumer: [](id:389500000078,api:0,p:-1,c:14485) connect: controlledByApp=false
10-19 17:12:47.490 14485 14485 D BLASTBufferQueue: [VRI[Launcher]#120](f:0,a:0) constructor()
10-19 17:12:47.490 14485 14485 D BLASTBufferQueue: [VRI[Launcher]#120](f:0,a:0) update width=1080 height=2392 format=-2 mTransformHint=0
10-19 17:12:47.502 14485 14785 D BLASTBufferQueue: [VRI[Launcher]#120](f:0,a:1) acquireNextBufferLocked size=1080x2392 mFrameNumber=1 applyTransaction=true mTimestamp=637538053303153(auto) mPendingTransactions.size=0 graphicBufferId=62212601283401 transform=0
10-19 17:12:47.747 32695  5128 W YouTube : Empty persistent device token received from InnerTube.
10-19 17:12:47.993  1870  3354 D BatteryStatsService: noteVideoSurfaceChanged  noteWhich: 49,arg1: -2, arg2: -1, arg3: 30055, arg4: 2289, name: com.a1taxi.a1taxicustomer
10-19 17:12:47.995 14485 14485 I bnft    : (REDACTED) onApplyWindowInsets: systemWindowInsets=%s
10-19 17:12:47.995 14485 14485 I bnft    : (REDACTED) onApplyWindowInsets: systemWindowInsets=%s
10-19 17:12:48.004  5589  5589 I GoogleInputMethodService: GoogleInputMethodService.onFinishInput():2085 
10-19 17:12:48.005  5589  5589 I Module  : DeviceLockedStatusModuleProvider$Module.updateDeviceLockedStatus():100 repeatCheckTimes = 0, locked = false
10-19 17:12:48.006  5589  5589 I GoogleInputMethodService: GoogleInputMethodService.onStartInput():1346 onStartInput(EditorInfo{EditorInfo{packageName=com.android.launcher3, inputType=0, inputTypeString=NULL, enableLearning=false, autoCorrection=false, autoComplete=false, imeOptions=0, privateImeOptions=null, actionName=UNSPECIFIED, actionLabel=null, initialSelStart=-1, initialSelEnd=-1, initialCapsMode=0, label=null, fieldId=0, fieldName=null, extras=null, hintText=null, hintLocales=[]}}, false)
10-19 17:12:48.007  5589  5589 I Module  : DeviceLockedStatusModuleProvider$Module.updateDeviceLockedStatus():100 repeatCheckTimes = 1, locked = false
10-19 17:12:48.319 32695  5072 E android.youtube: [SurfaceTexture-1-32695-4] setSurfaceTextureListener: listener is nullptr
10-19 17:12:48.506 21104 21184 I FusedLocation: (REDACTED) location delivery to %s blocked - too close
10-19 17:12:48.506 21104 21184 I FusedLocation: (REDACTED) location delivery to %s blocked - too fast
10-19 17:12:48.506 21104 21184 I FusedLocation: (REDACTED) location delivery to %s blocked - too close
10-19 17:12:48.508 21104 21184 I FusedLocation: (REDACTED) location delivery to %s blocked - too close
10-19 17:12:48.510 21104 21184 I FusedLocation: (REDACTED) location delivery to %s blocked - too fast
10-19 17:12:49.543 30930 30930 I BackgroundFetchTaskConsumer: Stopping an alarm for task 'background-fetch-task'.
10-19 17:12:49.557 30930  2759 I ReactNativeJS: 🔄 Auto-refreshing rides (2-second interval)...
10-19 17:12:49.557 30930  2759 I ReactNativeJS: === LOADING RIDES ===
10-19 17:12:49.557 30930  2759 I ReactNativeJS: 'Driver ID:', 'eb91d7e5-e2f2-4021-a8c8-3739a3d4cae4'
10-19 17:12:49.557 30930  2759 I ReactNativeJS: 'Driver User ID:', '1c4ac410-54d8-4b5e-960b-3afcbebd115d'
10-19 17:12:49.559  1870  3354 D BatteryStatsService: noteVideoSurfaceChanged  noteWhich: 49,arg1: 882, arg2: 550, arg3: 30930, arg4: 807, name: com.a1taxi.driverpro
10-19 17:12:49.571 30930 30930 D ViewRootImpl: AppSizeAfterRelayout, size: Point(1080, 2392), rotation: ROTATION_0
10-19 17:12:49.571 30930 30930 D BufferQueueConsumer: [](id:78d200000011,api:0,p:-1,c:30930) connect: controlledByApp=false
10-19 17:12:49.572 30930 30930 D BLASTBufferQueue: [VRI[MainActivity]#15](f:0,a:0) constructor()
10-19 17:12:49.572 30930 30930 D BLASTBufferQueue: [VRI[MainActivity]#15](f:0,a:0) update width=1080 height=2392 format=-1 mTransformHint=0
10-19 17:12:49.588  1870  2896 D BatteryStatsService: noteVideoSurfaceChanged  noteWhich: 49,arg1: 882, arg2: 550, arg3: 30930, arg4: 807, name: com.a1taxi.driverpro
10-19 17:12:49.594 30930  2759 I ReactNativeJS: 🎯 TripCompletionModal RENDER
10-19 17:12:49.595 30930  2759 I ReactNativeJS: '🎯 visible:', false
10-19 17:12:49.595 30930  2759 I ReactNativeJS: '🎯 tripData:', '{\n  "distance": 0,\n  "duration": 0,\n  "fareBreakdown": {\n    "booking_type": "regular",\n    "vehicle_type": "sedan",\n    "base_fare": 0,\n    "distance_fare": 0,\n    "time_fare": 0,\n    "surge_charges": 0,\n    "deadhead_charges": 0,\n    "platform_fee": 0,\n    "gst_on_charges": 0,\n    "gst_on_platform_fee": 0,\n    "extra_km_charges": 0,\n    "driver_allowance": 0,\n    "total_fare": 0,\n    "details": {\n      "actual_distance_km": 0,\n      "actual_duration_minutes": 0,\n      "per_km_rate": 0\n    }\n  },\n  "pickup_address": "",\n  "destination_address": "",\n  "booking_type": "regular",\n  "rental_hours": null\n}'
10-19 17:12:49.602 30930  2759 I ReactNativeJS: 🔍 Loading current ride...
10-19 17:12:49.604 30930  2717 D BLASTBufferQueue: [VRI[MainActivity]#15](f:0,a:1) acquireNextBufferLocked size=1080x2392 mFrameNumber=1 applyTransaction=true mTimestamp=637540155024307(auto) mPendingTransactions.size=0 graphicBufferId=132843338465392 transform=0
10-19 17:12:49.605 30930  2759 I ReactNativeJS: === RIDES SCREEN STATE DEBUG ===
10-19 17:12:49.605 30930  2759 I ReactNativeJS: 🔄 Component state updated:
10-19 17:12:49.605 30930  2759 I ReactNativeJS: '  - Current ride:', { id: '26174bc5-3632-4104-b463-80df9679884c',
10-19 17:12:49.605 30930  2759 I ReactNativeJS:   status: 'driver_arrived',
10-19 17:12:49.605 30930  2759 I ReactNativeJS:   pickup: 'PRXJ+F32, Brindavan Nagar, Plot 87, NGGO\'s Colony, Anand Nagar, Hosur, Tamil Nadu 635109, India',
10-19 17:12:49.605 30930  2759 I ReactNativeJS:   destination: 'Bagalur, Tamil Nadu, India' }
10-19 17:12:49.605 30930  2759 I ReactNativeJS: '  - Pending rides count:', 0
10-19 17:12:49.605 30930  2759 I ReactNativeJS: '  - Driver status:', 'busy'
10-19 17:12:49.606 30930  2759 I ReactNativeJS: '  - Loading:', true
10-19 17:12:49.606 30930  2759 I ReactNativeJS: '  - Error:', null
10-19 17:12:49.606 30930  2759 I ReactNativeJS: '  - Show modal:', false
10-19 17:12:49.606 30930  2759 I ReactNativeJS: '  - Timestamp:', '2025-10-19T11:42:49.606Z'
10-19 17:12:49.606 30930  2759 I ReactNativeJS: ✅ CURRENT RIDE EXISTS - should be visible in UI
10-19 17:12:49.626 30930 30930 V ImeFocusController: onWindowFocus: com.android.internal.policy.DecorView{e311d29 V.E...... R......D 0,0-1080,2392 aid=0}[MainActivity] softInputMode=STATE_UNSPECIFIED|ADJUST_RESIZE|IS_FORWARD_NAVIGATION
10-19 17:12:49.629  5589  5589 I GoogleInputMethodService: GoogleInputMethodService.onFinishInput():2085 
10-19 17:12:49.629  5589  5589 I Module  : DeviceLockedStatusModuleProvider$Module.updateDeviceLockedStatus():100 repeatCheckTimes = 0, locked = false
10-19 17:12:49.630  5589  5589 I GoogleInputMethodService: GoogleInputMethodService.onStartInput():1346 onStartInput(EditorInfo{EditorInfo{packageName=com.a1taxi.driverpro, inputType=0, inputTypeString=NULL, enableLearning=false, autoCorrection=false, autoComplete=false, imeOptions=0, privateImeOptions=null, actionName=UNSPECIFIED, actionLabel=null, initialSelStart=-1, initialSelEnd=-1, initialCapsMode=0, label=null, fieldId=0, fieldName=null, extras=null, hintText=null, hintLocales=[]}}, false)
10-19 17:12:49.631  5589  5589 I Module  : DeviceLockedStatusModuleProvider$Module.updateDeviceLockedStatus():100 repeatCheckTimes = 1, locked = false
10-19 17:12:49.637 14485 14485 I bnlz    : onPause
10-19 17:12:49.646 14485 11908 V ClearcutMetricXmitter: Transmission is done.
10-19 17:12:49.650 14485 14485 I bnft    : (REDACTED) onApplyWindowInsets: systemWindowInsets=%s
10-19 17:12:49.650 14485 14485 I bnft    : (REDACTED) onApplyWindowInsets: systemWindowInsets=%s
10-19 17:12:49.900 30930  2759 I ReactNativeJS: 🎯 TripCompletionModal RENDER
10-19 17:12:49.900 30930  2759 I ReactNativeJS: '🎯 visible:', false
10-19 17:12:49.900 30930  2759 I ReactNativeJS: '🎯 tripData:', '{\n  "distance": 0,\n  "duration": 0,\n  "fareBreakdown": {\n    "booking_type": "regular",\n    "vehicle_type": "sedan",\n    "base_fare": 0,\n    "distance_fare": 0,\n    "time_fare": 0,\n    "surge_charges": 0,\n    "deadhead_charges": 0,\n    "platform_fee": 0,\n    "gst_on_charges": 0,\n    "gst_on_platform_fee": 0,\n    "extra_km_charges": 0,\n    "driver_allowance": 0,\n    "total_fare": 0,\n    "details": {\n      "actual_distance_km": 0,\n      "actual_duration_minutes": 0,\n      "per_km_rate": 0\n    }\n  },\n  "pickup_address": "",\n  "destination_address": "",\n  "booking_type": "regular",\n  "rental_hours": null\n}'
10-19 17:12:49.903 30930  2759 I ReactNativeJS: '✅ Current ride loaded:', { id: '26174bc5-3632-4104-b463-80df9679884c',
10-19 17:12:49.903 30930  2759 I ReactNativeJS:   status: 'driver_arrived',
10-19 17:12:49.903 30930  2759 I ReactNativeJS:   pickup: 'PRXJ+F32, Brindavan Nagar, Plot 87, NGGO\'s Colony, Anand Nagar, Hosur, Tamil Nadu 635109, India',
10-19 17:12:49.903 30930  2759 I ReactNativeJS:   destination: 'Bagalur, Tamil Nadu, India',
10-19 17:12:49.903 30930  2759 I ReactNativeJS:   customer: 
10-19 17:12:49.903 30930  2759 I ReactNativeJS:    { id: 'e95a4f14-8958-49e9-8ede-d81b82a7ba12',
10-19 17:12:49.903 30930  2759 I ReactNativeJS:      full_name: 'Ricco',
10-19 17:12:49.903 30930  2759 I ReactNativeJS:      phone_number: null,
10-19 17:12:49.903 30930  2759 I ReactNativeJS:      email: '918608374935@a1taxi.app' } }
10-19 17:12:49.903 30930  2759 I ReactNativeJS: ⚠️ Driver has current ride - not loading pending ride requests
10-19 17:12:49.903 30930  2759 I ReactNativeJS: === RIDES SCREEN STATE DEBUG ===
10-19 17:12:49.903 30930  2759 I ReactNativeJS: 🔄 Component state updated:
10-19 17:12:49.903 30930  2759 I ReactNativeJS: '  - Current ride:', { id: '26174bc5-3632-4104-b463-80df9679884c',
10-19 17:12:49.903 30930  2759 I ReactNativeJS:   status: 'driver_arrived',
10-19 17:12:49.903 30930  2759 I ReactNativeJS:   pickup: 'PRXJ+F32, Brindavan Nagar, Plot 87, NGGO\'s Colony, Anand Nagar, Hosur, Tamil Nadu 635109, India',
10-19 17:12:49.903 30930  2759 I ReactNativeJS:   destination: 'Bagalur, Tamil Nadu, India' }
10-19 17:12:49.903 30930  2759 I ReactNativeJS: '  - Pending rides count:', 0
10-19 17:12:49.903 30930  2759 I ReactNativeJS: '  - Driver status:', 'busy'
10-19 17:12:49.903 30930  2759 I ReactNativeJS: '  - Loading:', true
10-19 17:12:49.903 30930  2759 I ReactNativeJS: '  - Error:', null
10-19 17:12:49.903 30930  2759 I ReactNativeJS: '  - Show modal:', false
10-19 17:12:49.903 30930  2759 I ReactNativeJS: '  - Timestamp:', '2025-10-19T11:42:49.903Z'
10-19 17:12:49.903 30930  2759 I ReactNativeJS: ✅ CURRENT RIDE EXISTS - should be visible in UI
10-19 17:12:49.903 30930  2759 I ReactNativeJS: === RIDE REQUEST MODAL LOGIC DEBUG ===
10-19 17:12:49.903 30930  2759 I ReactNativeJS: 🔄 Checking if should show ride request modal:
10-19 17:12:49.903 30930  2759 I ReactNativeJS: '  - Pending rides:', 0
10-19 17:12:49.903 30930  2759 I ReactNativeJS: '  - Modal already showing:', false
10-19 17:12:49.903 30930  2759 I ReactNativeJS: '  - Driver status:', 'busy'
10-19 17:12:49.903 30930  2759 I ReactNativeJS: '  - Has current ride:', true
10-19 17:12:49.903 30930  2759 I ReactNativeJS: ❌ NOT SHOWING MODAL - reasons:
10-19 17:12:49.903 30930  2759 I ReactNativeJS: '🚗 Analysis:', { pendingRidesCount: 0,
10-19 17:12:49.903 30930  2759 I ReactNativeJS:   modalAlreadyShowing: false,
10-19 17:12:49.903 30930  2759 I ReactNativeJS:   driverStatus: 'busy',
10-19 17:12:49.903 30930  2759 I ReactNativeJS:   hasCurrentRide: true }
10-19 17:12:49.910 30930  2759 I ReactNativeJS: 🎯 TripCompletionModal RENDER
10-19 17:12:49.910 30930  2759 I ReactNativeJS: '🎯 visible:', false
10-19 17:12:49.910 30930  2759 I ReactNativeJS: '🎯 tripData:', '{\n  "distance": 0,\n  "duration": 0,\n  "fareBreakdown": {\n    "booking_type": "regular",\n    "vehicle_type": "sedan",\n    "base_fare": 0,\n    "distance_fare": 0,\n    "time_fare": 0,\n    "surge_charges": 0,\n    "deadhead_charges": 0,\n    "platform_fee": 0,\n    "gst_on_charges": 0,\n    "gst_on_platform_fee": 0,\n    "extra_km_charges": 0,\n    "driver_allowance": 0,\n    "total_fare": 0,\n    "details": {\n      "actual_distance_km": 0,\n      "actual_duration_minutes": 0,\n      "per_km_rate": 0\n    }\n  },\n  "pickup_address": "",\n  "destination_address": "",\n  "booking_type": "regular",\n  "rental_hours": null\n}'
10-19 17:12:49.912 30930  2759 I ReactNativeJS: === RIDES SCREEN STATE DEBUG ===
10-19 17:12:49.912 30930  2759 I ReactNativeJS: 🔄 Component state updated:
10-19 17:12:49.912 30930  2759 I ReactNativeJS: '  - Current ride:', { id: '26174bc5-3632-4104-b463-80df9679884c',
10-19 17:12:49.912 30930  2759 I ReactNativeJS:   status: 'driver_arrived',
10-19 17:12:49.912 30930  2759 I ReactNativeJS:   pickup: 'PRXJ+F32, Brindavan Nagar, Plot 87, NGGO\'s Colony, Anand Nagar, Hosur, Tamil Nadu 635109, India',
10-19 17:12:49.912 30930  2759 I ReactNativeJS:   destination: 'Bagalur, Tamil Nadu, India' }
10-19 17:12:49.912 30930  2759 I ReactNativeJS: '  - Pending rides count:', 0
10-19 17:12:49.912 30930  2759 I ReactNativeJS: '  - Driver status:', 'busy'
10-19 17:12:49.912 30930  2759 I ReactNativeJS: '  - Loading:', true
10-19 17:12:49.912 30930  2759 I ReactNativeJS: '  - Error:', null
10-19 17:12:49.912 30930  2759 I ReactNativeJS: '  - Show modal:', false
10-19 17:12:49.912 30930  2759 I ReactNativeJS: '  - Timestamp:', '2025-10-19T11:42:49.912Z'
10-19 17:12:49.912 30930  2759 I ReactNativeJS: ✅ CURRENT RIDE EXISTS - should be visible in UI
10-19 17:12:49.912 30930  2759 I ReactNativeJS: === RIDE REQUEST MODAL LOGIC DEBUG ===
10-19 17:12:49.912 30930  2759 I ReactNativeJS: 🔄 Checking if should show ride request modal:
10-19 17:12:49.912 30930  2759 I ReactNativeJS: '  - Pending rides:', 0
10-19 17:12:49.912 30930  2759 I ReactNativeJS: '  - Modal already showing:', false
10-19 17:12:49.912 30930  2759 I ReactNativeJS: '  - Driver status:', 'busy'
10-19 17:12:49.913 30930  2759 I ReactNativeJS: '  - Has current ride:', true
10-19 17:12:49.913 30930  2759 I ReactNativeJS: ❌ NOT SHOWING MODAL - reasons:
10-19 17:12:49.913 30930  2759 I ReactNativeJS: '🚗 Analysis:', { pendingRidesCount: 0,
10-19 17:12:49.913 30930  2759 I ReactNativeJS:   modalAlreadyShowing: false,
10-19 17:12:49.913 30930  2759 I ReactNativeJS:   driverStatus: 'busy',
10-19 17:12:49.913 30930  2759 I ReactNativeJS:   hasCurrentRide: true }
10-19 17:12:49.919 30930  2759 I ReactNativeJS: 🎯 TripCompletionModal RENDER
10-19 17:12:49.919 30930  2759 I ReactNativeJS: '🎯 visible:', false
10-19 17:12:49.919 30930  2759 I ReactNativeJS: '🎯 tripData:', '{\n  "distance": 0,\n  "duration": 0,\n  "fareBreakdown": {\n    "booking_type": "regular",\n    "vehicle_type": "sedan",\n    "base_fare": 0,\n    "distance_fare": 0,\n    "time_fare": 0,\n    "surge_charges": 0,\n    "deadhead_charges": 0,\n    "platform_fee": 0,\n    "gst_on_charges": 0,\n    "gst_on_platform_fee": 0,\n    "extra_km_charges": 0,\n    "driver_allowance": 0,\n    "total_fare": 0,\n    "details": {\n      "actual_distance_km": 0,\n      "actual_duration_minutes": 0,\n      "per_km_rate": 0\n    }\n  },\n  "pickup_address": "",\n  "destination_address": "",\n  "booking_type": "regular",\n  "rental_hours": null\n}'
10-19 17:12:49.922 30930  2759 I ReactNativeJS: === RIDES SCREEN STATE DEBUG ===
10-19 17:12:49.922 30930  2759 I ReactNativeJS: 🔄 Component state updated:
10-19 17:12:49.922 30930  2759 I ReactNativeJS: '  - Current ride:', { id: '26174bc5-3632-4104-b463-80df9679884c',
10-19 17:12:49.922 30930  2759 I ReactNativeJS:   status: 'driver_arrived',
10-19 17:12:49.922 30930  2759 I ReactNativeJS:   pickup: 'PRXJ+F32, Brindavan Nagar, Plot 87, NGGO\'s Colony, Anand Nagar, Hosur, Tamil Nadu 635109, India',
10-19 17:12:49.922 30930  2759 I ReactNativeJS:   destination: 'Bagalur, Tamil Nadu, India' }
10-19 17:12:49.922 30930  2759 I ReactNativeJS: '  - Pending rides count:', 0
10-19 17:12:49.922 30930  2759 I ReactNativeJS: '  - Driver status:', 'busy'
10-19 17:12:49.922 30930  2759 I ReactNativeJS: '  - Loading:', false
10-19 17:12:49.922 30930  2759 I ReactNativeJS: '  - Error:', null
10-19 17:12:49.922 30930  2759 I ReactNativeJS: '  - Show modal:', false
10-19 17:12:49.922 30930  2759 I ReactNativeJS: '  - Timestamp:', '2025-10-19T11:42:49.922Z'
10-19 17:12:49.922 30930  2759 I ReactNativeJS: ✅ CURRENT RIDE EXISTS - should be visible in UI
10-19 17:12:50.092 14485 14485 D VRI[Launcher]: visibilityChanged oldVisibility=true newVisibility=false
10-19 17:12:50.110 14485 14485 D ViewRootImpl: AppSizeAfterRelayout, size: Point(1080, 2392), rotation: ROTATION_0
10-19 17:12:50.111 14485 14485 D BLASTBufferQueue: [VRI[Launcher]#120](f:0,a:3) destructor()
10-19 17:12:50.111 14485 14485 D BufferQueueConsumer: [VRI[Launcher]#120(BLAST Consumer)120](id:389500000078,api:0,p:-1,c:14485) disconnect
10-19 17:12:50.124 14485 14485 I bnlz    : onStop
10-19 17:12:50.146 30930  2759 I ReactNativeJS: 🎯 TripCompletionModal RENDER
10-19 17:12:50.146 30930  2759 I ReactNativeJS: '🎯 visible:', false
10-19 17:12:50.146 30930  2759 I ReactNativeJS: '🎯 tripData:', '{\n  "distance": 0,\n  "duration": 0,\n  "fareBreakdown": {\n    "booking_type": "regular",\n    "vehicle_type": "sedan",\n    "base_fare": 0,\n    "distance_fare": 0,\n    "time_fare": 0,\n    "surge_charges": 0,\n    "deadhead_charges": 0,\n    "platform_fee": 0,\n    "gst_on_charges": 0,\n    "gst_on_platform_fee": 0,\n    "extra_km_charges": 0,\n    "driver_allowance": 0,\n    "total_fare": 0,\n    "details": {\n      "actual_distance_km": 0,\n      "actual_duration_minutes": 0,\n      "per_km_rate": 0\n    }\n  },\n  "pickup_address": "",\n  "destination_address": "",\n  "booking_type": "regular",\n  "rental_hours": null\n}'
10-19 17:12:50.165 30930  2760 W unknown:ReactNative: Attempt to set local data for view with unknown tag: -1
10-19 17:12:50.165 30930  2760 W unknown:ReactNative: Attempt to set local data for view with unknown tag: -1
10-19 17:12:50.165 30930  2760 W unknown:ReactNative: Attempt to set local data for view with unknown tag: -1
10-19 17:12:50.170 30930 30930 E unknown:ReactModalHost: Creating new dialog from context: com.a1taxi.driverpro.MainActivity@de5a225@233153061
10-19 17:12:50.183 30930 30930 I ImeTracker: com.a1taxi.driverpro:3e98e479: onRequestShow at ORIGIN_CLIENT reason SHOW_SOFT_INPUT fromUser false
10-19 17:12:50.183 30930 30930 I ImeTracker: com.a1taxi.driverpro:3e98e479: onFailed at PHASE_CLIENT_VIEW_SERVED
10-19 17:12:50.183 30930 30930 W InputMethodManager: Ignoring showSoftInput() as view=com.facebook.react.views.textinput.ReactEditText{d6138 VFED..CL. .F....ID 279,460-691,801 #8ff aid=1073742198} is not served.
10-19 17:12:50.191 30930 30930 D ViewRootImpl: AppSizeAfterRelayout, size: Point(1080, 2392), rotation: ROTATION_0
10-19 17:12:50.191 30930 30930 D BufferQueueConsumer: [](id:78d200000012,api:0,p:-1,c:30930) connect: controlledByApp=false
10-19 17:12:50.191 30930 30930 D BLASTBufferQueue: [VRI[MainActivity]#16](f:0,a:0) constructor()
10-19 17:12:50.191 30930 30930 D BLASTBufferQueue: [VRI[MainActivity]#16](f:0,a:0) update width=1080 height=2392 format=-2 mTransformHint=0
10-19 17:12:50.201 30930  2717 D BLASTBufferQueue: [VRI[MainActivity]#16](f:0,a:1) acquireNextBufferLocked size=1080x2392 mFrameNumber=1 applyTransaction=true mTimestamp=637540752597537(auto) mPendingTransactions.size=0 graphicBufferId=132843338465399 transform=0
10-19 17:12:50.203 30930 30930 E unknown:ReactModalHost: Updating existing dialog with context: com.a1taxi.driverpro.MainActivity@de5a225@233153061
10-19 17:12:50.230 30930 30930 I AssistStructure: Flattened final assist data: 4944 bytes, containing 2 windows, 38 views
10-19 17:12:50.232  1870  3607 D AutofillSession: createPendingIntent for request 2282
10-19 17:12:50.235 30930 30930 V ImeFocusController: onWindowFocus: com.facebook.react.views.textinput.ReactEditText{d6138 VFED..CL. .F...... 279,460-691,647 #8ff aid=1073742198} softInputMode=STATE_UNSPECIFIED|ADJUST_RESIZE
10-19 17:12:50.237  5589  5589 I GoogleInputMethodService: GoogleInputMethodService.onFinishInput():2085 
10-19 17:12:50.238  5589  5589 I Module  : DeviceLockedStatusModuleProvider$Module.updateDeviceLockedStatus():100 repeatCheckTimes = 0, locked = false
10-19 17:12:50.242  5589  5589 W TooltipLifecycleManager: TooltipLifecycleManager.dismissTooltips():153 Tooltip with id SUGGESTION_VIEW_EDU_MINI_DIALOG not found in tooltipManager.
10-19 17:12:50.255  5589  5589 I GoogleInputMethodService: GoogleInputMethodService.onStartInput():1346 onStartInput(EditorInfo{EditorInfo{packageName=com.a1taxi.driverpro, inputType=7002, inputTypeString=Number, enableLearning=false, autoCorrection=false, autoComplete=false, imeOptions=6, privateImeOptions=null, actionName=DONE, actionLabel=null, initialSelStart=0, initialSelEnd=0, initialCapsMode=3000, label=null, fieldId=2303, fieldName=null, extras=Bundle[mParcelledData.dataSize=404], hintText=non-empty, hintLocales=[]}}, false)
10-19 17:12:50.256  5589  5589 I Module  : DeviceLockedStatusModuleProvider$Module.updateDeviceLockedStatus():100 repeatCheckTimes = 1, locked = false
10-19 17:12:50.256  5589  5589 I HardKeyTracker: HardKeyTracker.unregisterKeySequence():221 Unregister key sequence nfz{labelResId=0, callback=gds@d390586, lastModifier=0, keyCodes=[57, 57], actions=[1, 0]}
10-19 17:12:50.257  5589  5589 I HardKeyTracker: HardKeyTracker.unregisterKeySequence():221 Unregister key sequence nfz{labelResId=0, callback=gds@2d1779d, lastModifier=0, keyCodes=[58, 58], actions=[1, 0]}
10-19 17:12:50.313 21163 21163 D BoundBrokerSvc: onBind: Intent { act=com.google.android.gms.wallet.service.BIND pkg=com.google.android.gms }
10-19 17:12:50.313 21163 21163 D BoundBrokerSvc: Loading bound service for intent: Intent { act=com.google.android.gms.wallet.service.BIND pkg=com.google.android.gms }
10-19 17:12:50.320 21104  6581 W anqe    : Failed to retrieve prediction data. [CONTEXT service_id=177 ]
10-19 17:12:50.320 21104  6581 W anqe    : java.util.concurrent.ExecutionException: fnpd: No active MDD filegroup android-autofill-infinitedata found for the table autofill-domain-predictions-prod-spanner.
10-19 17:12:50.320 21104  6581 W anqe    : 	at gpkb.j(:com.google.android.gms@254031035@25.40.31 (260400-816341114):21)
10-19 17:12:50.320 21104  6581 W anqe    : 	at gpkk.v(:com.google.android.gms@254031035@25.40.31 (260400-816341114):107)
10-19 17:12:50.320 21104  6581 W anqe    : 	at gpkb.get(:com.google.android.gms@254031035@25.40.31 (260400-816341114):2)
10-19 17:12:50.320 21104  6581 W anqe    : 	at anqe.e(:com.google.android.gms@254031035@25.40.31 (260400-816341114):81)
10-19 17:12:50.320 21104  6581 W anqe    : 	at anqe.a(:com.google.android.gms@254031035@25.40.31 (260400-816341114):124)
10-19 17:12:50.320 21104  6581 W anqe    : 	at anno.call(:com.google.android.gms@254031035@25.40.31 (260400-816341114):5)
10-19 17:12:50.320 21104  6581 W anqe    : 	at java.util.concurrent.FutureTask.run(FutureTask.java:317)
10-19 17:12:50.320 21104  6581 W anqe    : 	at bckr.c(:com.google.android.gms@254031035@25.40.31 (260400-816341114):50)
10-19 17:12:50.320 21104  6581 W anqe    : 	at bckr.run(:com.google.android.gms@254031035@25.40.31 (260400-816341114):73)
10-19 17:12:50.320 21104  6581 W anqe    : 	at java.util.concurrent.ThreadPoolExecutor.runWorker(ThreadPoolExecutor.java:1156)
10-19 17:12:50.320 21104  6581 W anqe    : 	at java.util.concurrent.ThreadPoolExecutor$Worker.run(ThreadPoolExecutor.java:651)
10-19 17:12:50.320 21104  6581 W anqe    : 	at bcqi.run(:com.google.android.gms@254031035@25.40.31 (260400-816341114):8)
10-19 17:12:50.320 21104  6581 W anqe    : 	at java.lang.Thread.run(Thread.java:1119)
10-19 17:12:50.320 21104  6581 W anqe    : Caused by: fnpd: No active MDD filegroup android-autofill-infinitedata found for the table autofill-domain-predictions-prod-spanner.
10-19 17:12:50.320 21104  6581 W anqe    : 	at fnpr.a(:com.google.android.gms@254031035@25.40.31 (260400-816341114):13)
10-19 17:12:50.320 21104  6581 W anqe    : 	at gpjr.d(:com.google.android.gms@254031035@25.40.31 (260400-816341114):3)
10-19 17:12:50.320 21104  6581 W anqe    : 	at gpjt.run(:com.google.android.gms@254031035@25.40.31 (260400-816341114):130)
10-19 17:12:50.320 21104  6581 W anqe    : 	at gpma.execute(:com.google.android.gms@254031035@25.40.31 (260400-816341114):1)
10-19 17:12:50.320 21104  6581 W anqe    : 	at gpkb.f(:com.google.android.gms@254031035@25.40.31 (260400-816341114):1)
10-19 17:12:50.320 21104  6581 W anqe    : 	at gpkb.m(:com.google.android.gms@254031035@25.40.31 (260400-816341114):99)
10-19 17:12:50.320 21104  6581 W anqe    : 	at gpkb.r(:com.google.android.gms@254031035@25.40.31 (260400-816341114):17)
10-19 17:12:50.320 21104  6581 W anqe    : 	at gpko.run(:com.google.android.gms@254031035@25.40.31 (260400-816341114):77)
10-19 17:12:50.320 21104  6581 W anqe    : 	at gpma.execute(:com.google.android.gms@254031035@25.40.31 (260400-816341114):1)
10-19 17:12:50.320 21104  6581 W anqe    : 	at gpkb.f(:com.google.android.gms@254031035@25.40.31 (260400-816341114):1)
10-19 17:12:50.320 21104  6581 W anqe    : 	at gpkb.m(:com.google.android.gms@254031035@25.40.31 (260400-816341114):99)
10-19 17:12:50.320 21104  6581 W anqe    : 	at gpkb.t(:com.google.android.gms@254031035@25.40.31 (260400-816341114):26)
10-19 17:12:50.320 21104  6581 W anqe    : 	at gpjr.e(:com.google.android.gms@254031035@25.40.31 (260400-816341114):3)
10-19 17:12:50.320 21104  6581 W anqe    : 	at gpjt.run(:com.google.android.gms@254031035@25.40.31 (260400-816341114):138)
10-19 17:12:50.320 21104  6581 W anqe    : 	at gpma.execute(:com.google.android.gms@254031035@25.40.31 (260400-816341114):1)
10-19 17:12:50.320 21104  6581 W anqe    : 	at gpkb.f(:com.google.android.gms@254031035@25.40.31 (260400-816341114):1)
10-19 17:12:50.320 21104  6581 W anqe    : 	at gpkb.m(:com.google.android.gms@254031035@25.40.31 (260400-816341114):99)
10-19 17:12:50.320 21104  6581 W anqe    : 	at gpkb.r(:com.google.android.gms@254031035@25.40.31 (260400-816341114):17)
10-19 17:12:50.320 21104  6581 W anqe    : 	at gpko.run(:com.google.android.gms@254031035@25.40.31 (260400-816341114):77)
10-19 17:12:50.320 21104  6581 W anqe    : 	at gpma.execute(:com.google.android.gms@254031035@25.40.31 (260400-816341114):1)
10-19 17:12:50.320 21104  6581 W anqe    : 	at gpkb.f(:com.google.android.gms@254031035@25.40.31 (260400-816341114):1)
10-19 17:12:50.320 21104  6581 W anqe    : 	at gpkb.m(:com.google.android.gms@254031035@25.40.31 (260400-816341114):99)
10-19 17:12:50.320 21104  6581 W anqe    : 	at gpkb.t(:com.google.android.gms@254031035@25.40.31 (260400-816341114):26)
10-19 17:12:50.320 21104  6581 W anqe    : 	at gpmx.run(:com.google.android.gms@254031035@25.40.31 (260400-816341114):5)
10-19 17:12:50.320 21104  6581 W anqe    : 	at gpma.execute(:com.google.android.gms@254031035@25.40.31 (260400-816341114):1)
10-19 17:12:50.320 21104  6581 W anqe    : 	at gpkb.f(:com.google.android.gms@254031035@25.40.31 (260400-816341114):1)
10-19 17:12:50.320 21104  6581 W anqe    : 	at gpkb.m(:com.google.android.gms@254031035@25.40.31 (260400-816341114):99)
10-19 17:12:50.320 21104  6581 W anqe    : 	at gpkb.t(:com.google.android.gms@254031035@25.40.31 (260400-816341114):26)
10-19 17:12:50.320 21104  6581 W anqe    : 	at gpkm.e(:com.google.android.gms@254031035@25.40.31 (260400-816341114):3)
10-19 17:12:50.320 21104  6581 W anqe    : 	at gpko.run(:com.google.android.gms@254031035@25.40.31 (260400-816341114):44)
10-19 17:12:50.320 21104  6581 W anqe    : 	at gpod.run(:com.google.android.gms@254031035@25.40.31 (260400-816341114):64)
10-19 17:12:50.320 21104  6581 W anqe    : 	... 6 more
10-19 17:12:50.320 21104  6581 W anqe    : Caused by: flxc: Requested group not found.
10-19 17:12:50.320 21104  6581 W anqe    : 	at flxa.a(:com.google.android.gms@254031035@25.40.31 (260400-816341114):30)
10-19 17:12:50.320 21104  6581 W anqe    : 	at fmce.a(:com.google.android.gms@254031035@25.40.31 (260400-816341114):19)
10-19 17:12:50.320 21104  6581 W anqe    : 	at ghbr.a(:com.google.android.gms@254031035@25.40.31 (260400-816341114):13)
10-19 17:12:50.320 21104  6581 W anqe    : 	at gpkm.d(:com.google.android.gms@254031035@25.40.31 (260400-816341114):3)
10-19 17:12:50.320 21104  6581 W anqe    : 	at gpko.run(:com.google.android.gms@254031035@25.40.31 (260400-816341114):38)
10-19 17:12:50.320 21104  6581 W anqe    : 	... 7 more
10-19 17:12:50.331 21104  7209 I PasswordSaveInfoFactory: Form is missing passwords. [CONTEXT service_id=177 ]
10-19 17:12:50.338 21163 19074 I SyncManager: (REDACTED) Executing sync(type=%s%s)
10-19 17:12:50.346 21163 19074 I SyncManager: (REDACTED) Executing sync(type=%s) finished in %s
10-19 17:12:50.352 21163 19074 I SyncManager: (REDACTED) Executing sync(type=%s%s)
10-19 17:12:50.354 21163 19074 I SyncManager: (REDACTED) Executing sync(type=%s) finished in %s
10-19 17:12:50.357 21163 19074 I SyncManager: (REDACTED) Executing sync(type=%s%s)
10-19 17:12:50.360 21163 19074 I SyncManager: (REDACTED) Executing sync(type=%s) finished in %s
10-19 17:12:50.362 21163 19074 I SyncManager: (REDACTED) Executing sync(type=%s%s)
10-19 17:12:50.364 21163 19074 I SyncManager: (REDACTED) Executing sync(type=%s) finished in %s
10-19 17:12:50.373 21163 21203 I AutofillPreferences: The stored preference is not current autofill service. Clean permission. [CONTEXT service_id=177 ]
10-19 17:12:50.373 21163 21163 D BoundBrokerSvc: onBind: Intent { act=com.google.android.gms.auth.api.phone.service.InternalService.START dat=chimera-action:/... cmp=com.google.android.gms/.chimera.GmsInternalApiService }
10-19 17:12:50.373 21163 21163 D BoundBrokerSvc: Loading bound service for intent: Intent { act=com.google.android.gms.auth.api.phone.service.InternalService.START dat=chimera-action:/... cmp=com.google.android.gms/.chimera.GmsInternalApiService }
10-19 17:12:50.373 21163 21203 I AutofillPreferences: cleanPermission [CONTEXT service_id=177 ]
10-19 17:12:50.384 21163 21203 I AutofillPreferences: The stored preference is not current autofill service. Clean permission. [CONTEXT service_id=177 ]
10-19 17:12:50.384 21163 21203 I AutofillPreferences: cleanPermission [CONTEXT service_id=177 ]
10-19 17:12:50.711  1870  1870 D AutofillSession: Service did not request to wait for delayed fill response.
10-19 17:12:51.008 30930 30930 I ImeTracker: com.a1taxi.driverpro:f1b8a328: onRequestShow at ORIGIN_CLIENT reason SHOW_SOFT_INPUT fromUser true
10-19 17:12:51.016  5589  5589 I StylusModule: StylusModule.onUpdateToolType():800 Update tool type = 1
10-19 17:12:51.018  5589  5589 I GoogleInputMethodService: GoogleInputMethodService.onStartInputView():1439 onStartInputView(EditorInfo{EditorInfo{packageName=com.a1taxi.driverpro, inputType=7002, inputTypeString=Number, enableLearning=false, autoCorrection=false, autoComplete=false, imeOptions=6, privateImeOptions=null, actionName=DONE, actionLabel=null, initialSelStart=0, initialSelEnd=0, initialCapsMode=3000, label=null, fieldId=2303, fieldName=null, extras=Bundle[{android.support.text.emoji.emojiCompat_metadataVersion=11, androidx.core.view.inputmethod.EditorInfoCompat.STYLUS_HANDWRITING_ENABLED=true, android.support.text.emoji.emojiCompat_replaceAll=false}], hintText=non-empty, hintLocales=[]}}, false)
10-19 17:12:51.023  5589  5589 I KeyboardHeightUtil: KeyboardHeightUtil.getOemKeyboardHeightRatio():108 systemKeyboardHeightRatio:1.000000.
10-19 17:12:51.025  5589  5589 I AndroidIME: InputBundleManager.loadActiveInputBundleId():528 loadActiveInputBundleId: und-Latn-x-number, number
10-19 17:12:51.026  5589  5589 I KeyboardWrapper: KeyboardWrapper.activateKeyboard():581 activateKeyboard(): type=prime, status=INACTIVE, imeDef=mkk{stringId=number, language=und-Latn-x-number, languageTag=und-Latn-x-number, processedConditions={}, className=com.google.android.libraries.inputmethod.ime.DummyIme, label=2132019216, keyEventInterpreter=null, inlineComposing=true, autoCapital=false, announceAutoSelectedCandidate=false, statusIcon=0, indicatorIcon=0, indicatorLabel=null, displayAppCompletions=false, extraValues=mkd{}, processors=mmb@7d3d911, unacceptableMetaKeys=4098, languageSpecificSettings=0, asciiCapable=false, alwaysShowSuggestions=false, useAsciiPasswordKeyboard=false, keyboardGroupDef=mlk@821ce4, phenotypeFlagId=0, localizationLanguageTag=null, supportsInlineSuggestion=false}
10-19 17:12:51.026  5589  5589 I KeyboardManager: KeyboardManager.requestKeyboard():248 Creating keyboard prime, imeId=number, cacheKey=theme,!gsf,!pgsans,!pgsf,!use_system_font,BORDER,FLAVOR_DPI=XXHDPI,GOOGLE_ICONS,KEYBOARD_WIDTH_CATEGORY=NORMAL,KEY_BORDER_SHAPE=1,LIGHT_THEME=false,PHYSICAL_DIAGONAL=5.748144,POPUP,SCREEN_SHORTEST_WIDTH=393,SCREEN_SHORTEST_WIDTH_NO_SCALE=393,XXHDPI,bottom4dp,enable_emoji_kitchen_browse_color_v2=true,enable_google_fonts_icons=true,enable_popup_on_keypress=true,keyboard_redesign_google_sans=true,non_linear_scale,noshadow,overlay_builtin_dynamic_color_dark_base.binarypb:gm3-dark-ff131313-ffffffff-4d9204e36e3ccb6a165e3e3dbe763ce0,roundedchip,silkpopup
10-19 17:12:51.031  5589  5589 I KeyboardWrapper: KeyboardWrapper.onKeyboardReady():224 onKeyboardReady(): type=null(prime), kb=com.google.android.apps.inputmethod.latin.keyboard.LatinNumberKeyboard@508e2c3
10-19 17:12:51.031  5589  5589 I KeyboardWrapper: KeyboardWrapper.doActivateKeyboard():611 doActivateKeyboard(): prime
10-19 17:12:51.113  5589  5589 I KeyboardViewHelper: KeyboardViewHelper.getView():180 Get view with height ratio:1.000000
10-19 17:12:51.130  5589  5589 I KeyboardHeightUtil: KeyboardHeightUtil.calculateMaxKeyboardBodyHeight():50 leave 267 height for app when ime window height:2171, header height:121 and isFullscreenMode:false, so the max keyboard body height is:1783
10-19 17:12:51.131  5589  5589 I SoftKeyboardView: SoftKeyboardView.setMaxHeight():1102 Set max keyboard height:1783.
10-19 17:12:51.131  5589  5589 W TooltipLifecycleManager: TooltipLifecycleManager.dismissTooltips():153 Tooltip with id undo_access_point_promotion_banner not found in tooltipManager.
10-19 17:12:51.132  5589  5589 I KeyboardModeUtils: KeyboardModeUtils.getKeyboardBottomOffset():435 inch: 0.000000 ydpi: 387.429993 adjustKeyboardBottomByDisplaySize: false currentDensityDpi: 440 defaultDensityDpi: 440 keyboardBottomToScreenPx: 0 keyboardBottomToNavBarPx: -116 navBarHeight: 116
10-19 17:12:51.132  5589  5589 I KeyboardHeightUtil: KeyboardHeightUtil.calculateMaxKeyboardBodyHeight():50 leave 267 height for app when ime window height:2171, header height:121 and isFullscreenMode:false, so the max keyboard body height is:1783
10-19 17:12:51.132  5589  5589 I KeyboardHeightUtil: KeyboardHeightUtil.calculateMaxKeyboardBodyHeight():50 leave 267 height for app when ime window height:2171, header height:121 and isFullscreenMode:false, so the max keyboard body height is:1783
10-19 17:12:51.132  5589  5589 I AndroidIME: KeyboardViewManager.updateKeyboardBodyViewHolderPaddingBottom():472 Set finalPaddingBottom = 5 while holderPaddingBottom = 5; navigationHeight = 116
10-19 17:12:51.132  5589  5589 I KeyboardHeightUtil: KeyboardHeightUtil.calculateMaxKeyboardBodyHeight():50 leave 267 height for app when ime window height:2171, header height:121 and isFullscreenMode:false, so the max keyboard body height is:1783
10-19 17:12:51.132  5589  5589 I KeyboardHeightUtil: KeyboardHeightUtil.calculateMaxKeyboardBodyHeight():50 leave 267 height for app when ime window height:2171, header height:121 and isFullscreenMode:false, so the max keyboard body height is:1783
10-19 17:12:51.132  5589  5589 I GlobeKeyExtension: GlobeKeyExtension.getKeyboardInitialStates():175 
10-19 17:12:51.133  5589  5589 W KeyboardDef: KeyboardDef.getKeyboardViewDef():739 KeyboardViewDef is not found: keyboardDef=mle{processedConditions={enable_access_points_in_password_number=true, enable_correction_settings_updates=true, layout_9key_split=false, language=en-US, deprecate_long_press_space_for_ime_picker=false, show_suggestion_strip=true, device=phone, expressions=normal}, globalConditions={global_theme_key=theme,!gsf,!pgsans,!pgsf,!use_system_font,BORDER,FLAVOR_DPI=XXHDPI,GOOGLE_ICONS,KEYBOARD_WIDTH_CATEGORY=NORMAL,KEY_BORDER_SHAPE=1,LIGHT_THEME=false,PHYSICAL_DIAGONAL=5.748144,POPUP,SCREEN_SHORTEST_WIDTH=393,SCREEN_SHORTEST_WIDTH_NO_SCALE=393,XXHDPI,bottom4dp,enable_emoji_kitchen_browse_color_v2=true,enable_google_fonts_icons=true,enable_popup_on_keypress=true,keyboard_redesign_google_sans=true,non_linear_scale,noshadow,overlay_builtin_dynamic_color_dark_base.binarypb:gm3-dark-ff131313-ffffffff-4d9204e36e3ccb6a165e3e3dbe763ce0,roundedchip,silkpopup, global_locale=en_US, global_density_dpi=440, global_orientation=1}, className=.latin.keyboard.LatinNumberKeyboard, resourceIds=[#0x7f17086b], initialStates=0, keyboardViewDefs=[mls{direction=LOCALE, id=#0x7f0b0224, isScalable=false, layoutId=#0x7f0e0500, type=HEADER, touchable=true, defaultShow=true}, mls{direction=null, id=#0x7f0b0224, isScalable=true, layoutId=#0x7f0e0556, type=BODY, touchable=true, defaultShow=true}], persistentStates=0, persistentStatesPrefKey=null, popupBubbleLayoutId=#0x7f0e05f1, recentKeyLayoutId=0, recentKeyPopupLayoutId=0, recentKeyType=null, rememberRecentKey=NONE, sessionStates=0}, type=FLOATING_CANDIDATES, id=2131427876
10-19 17:12:51.134  5589  5589 W Keyboard: Keyboard.getKeyboardViewHelper():609 null helper is returned: keyboardDef=mle{processedConditions={enable_access_points_in_password_number=true, enable_correction_settings_updates=true, layout_9key_split=false, language=en-US, deprecate_long_press_space_for_ime_picker=false, show_suggestion_strip=true, device=phone, expressions=normal}, globalConditions={global_theme_key=theme,!gsf,!pgsans,!pgsf,!use_system_font,BORDER,FLAVOR_DPI=XXHDPI,GOOGLE_ICONS,KEYBOARD_WIDTH_CATEGORY=NORMAL,KEY_BORDER_SHAPE=1,LIGHT_THEME=false,PHYSICAL_DIAGONAL=5.748144,POPUP,SCREEN_SHORTEST_WIDTH=393,SCREEN_SHORTEST_WIDTH_NO_SCALE=393,XXHDPI,bottom4dp,enable_emoji_kitchen_browse_color_v2=true,enable_google_fonts_icons=true,enable_popup_on_keypress=true,keyboard_redesign_google_sans=true,non_linear_scale,noshadow,overlay_builtin_dynamic_color_dark_base.binarypb:gm3-dark-ff131313-ffffffff-4d9204e36e3ccb6a165e3e3dbe763ce0,roundedchip,silkpopup, global_locale=en_US, global_density_dpi=440, global_orientation=1}, className=.latin.keyboard.LatinNumberKeyboard, resourceIds=[#0x7f17086b], initialStates=0, keyboardViewDefs=[mls{direction=LOCALE, id=#0x7f0b0224, isScalable=false, layoutId=#0x7f0e0500, type=HEADER, touchable=true, defaultShow=true}, mls{direction=null, id=#0x7f0b0224, isScalable=true, layoutId=#0x7f0e0556, type=BODY, touchable=true, defaultShow=true}], persistentStates=0, persistentStatesPrefKey=null, popupBubbleLayoutId=#0x7f0e05f1, recentKeyLayoutId=0, recentKeyPopupLayoutId=0, recentKeyType=null, rememberRecentKey=NONE, sessionStates=0}, type=FLOATING_CANDIDATES, helpersCreated=[lxm@e7604a8, lxm@f9b5bc1, null, null], context.getResources().getConfiguration(): {1.0 405mcc869mnc [en_US] ldltr sw393dp w393dp h790dp 440dpi nrml long port night finger -keyb/v/h -nav/h winConfig={ mBounds=Rect(0, 0 - 1080, 2392) mAppBounds=Rect(0, 103 - 1080, 2276) mMaxBounds=Rect(0, 0 - 1080, 2392) mDisplayRotation=ROTATION_0 mWindowingMode=fullscreen mActivityType=undefined mAlwaysOnTop=undefined mRotation=ROTATION_0 isEmbedding:false} s.5420 fontWeightAdjustment=0 themeId=2 themeParameter=0 nightModeLevel = -1 typefaceChanged=0.0 ?spacesystem eaMode=1}
10-19 17:12:51.134  5589  5589 W KeyboardDef: KeyboardDef.getKeyboardViewDef():739 KeyboardViewDef is not found: keyboardDef=mle{processedConditions={enable_access_points_in_password_number=true, enable_correction_settings_updates=true, layout_9key_split=false, language=en-US, deprecate_long_press_space_for_ime_picker=false, show_suggestion_strip=true, device=phone, expressions=normal}, globalConditions={global_theme_key=theme,!gsf,!pgsans,!pgsf,!use_system_font,BORDER,FLAVOR_DPI=XXHDPI,GOOGLE_ICONS,KEYBOARD_WIDTH_CATEGORY=NORMAL,KEY_BORDER_SHAPE=1,LIGHT_THEME=false,PHYSICAL_DIAGONAL=5.748144,POPUP,SCREEN_SHORTEST_WIDTH=393,SCREEN_SHORTEST_WIDTH_NO_SCALE=393,XXHDPI,bottom4dp,enable_emoji_kitchen_browse_color_v2=true,enable_google_fonts_icons=true,enable_popup_on_keypress=true,keyboard_redesign_google_sans=true,non_linear_scale,noshadow,overlay_builtin_dynamic_color_dark_base.binarypb:gm3-dark-ff131313-ffffffff-4d9204e36e3ccb6a165e3e3dbe763ce0,roundedchip,silkpopup, global_locale=en_US, global_density_dpi=440, global_orientation=1}, className=.latin.keyboard.LatinNumberKeyboard, resourceIds=[#0x7f17086b], initialStates=0, keyboardViewDefs=[mls{direction=LOCALE, id=#0x7f0b0224, isScalable=false, layoutId=#0x7f0e0500, type=HEADER, touchable=true, defaultShow=true}, mls{direction=null, id=#0x7f0b0224, isScalable=true, layoutId=#0x7f0e0556, type=BODY, touchable=true, defaultShow=true}], persistentStates=0, persistentStatesPrefKey=null, popupBubbleLayoutId=#0x7f0e05f1, recentKeyLayoutId=0, recentKeyPopupLayoutId=0, recentKeyType=null, rememberRecentKey=NONE, sessionStates=0}, type=WIDGET, id=2131427876
10-19 17:12:51.134  5589  5589 W Keyboard: Keyboard.getKeyboardViewHelper():609 null helper is returned: keyboardDef=mle{processedConditions={enable_access_points_in_password_number=true, enable_correction_settings_updates=true, layout_9key_split=false, language=en-US, deprecate_long_press_space_for_ime_picker=false, show_suggestion_strip=true, device=phone, expressions=normal}, globalConditions={global_theme_key=theme,!gsf,!pgsans,!pgsf,!use_system_font,BORDER,FLAVOR_DPI=XXHDPI,GOOGLE_ICONS,KEYBOARD_WIDTH_CATEGORY=NORMAL,KEY_BORDER_SHAPE=1,LIGHT_THEME=false,PHYSICAL_DIAGONAL=5.748144,POPUP,SCREEN_SHORTEST_WIDTH=393,SCREEN_SHORTEST_WIDTH_NO_SCALE=393,XXHDPI,bottom4dp,enable_emoji_kitchen_browse_color_v2=true,enable_google_fonts_icons=true,enable_popup_on_keypress=true,keyboard_redesign_google_sans=true,non_linear_scale,noshadow,overlay_builtin_dynamic_color_dark_base.binarypb:gm3-dark-ff131313-ffffffff-4d9204e36e3ccb6a165e3e3dbe763ce0,roundedchip,silkpopup, global_locale=en_US, global_density_dpi=440, global_orientation=1}, className=.latin.keyboard.LatinNumberKeyboard, resourceIds=[#0x7f17086b], initialStates=0, keyboardViewDefs=[mls{direction=LOCALE, id=#0x7f0b0224, isScalable=false, layoutId=#0x7f0e0500, type=HEADER, touchable=true, defaultShow=true}, mls{direction=null, id=#0x7f0b0224, isScalable=true, layoutId=#0x7f0e0556, type=BODY, touchable=true, defaultShow=true}], persistentStates=0, persistentStatesPrefKey=null, popupBubbleLayoutId=#0x7f0e05f1, recentKeyLayoutId=0, recentKeyPopupLayoutId=0, recentKeyType=null, rememberRecentKey=NONE, sessionStates=0}, type=WIDGET, helpersCreated=[lxm@e7604a8, lxm@f9b5bc1, null, null], context.getResources().getConfiguration(): {1.0 405mcc869mnc [en_US] ldltr sw393dp w393dp h790dp 440dpi nrml long port night finger -keyb/v/h -nav/h winConfig={ mBounds=Rect(0, 0 - 1080, 2392) mAppBounds=Rect(0, 103 - 1080, 2276) mMaxBounds=Rect(0, 0 - 1080, 2392) mDisplayRotation=ROTATION_0 mWindowingMode=fullscreen mActivityType=undefined mAlwaysOnTop=undefined mRotation=ROTATION_0 isEmbedding:false} s.5420 fontWeightAdjustment=0 themeId=2 themeParameter=0 nightModeLevel = -1 typefaceChanged=0.0 ?spacesystem eaMode=1}
10-19 17:12:51.138  5589  5589 I AndroidIME: InputBundleManager.startInput():358 startInput() with mlo[keyboardType=prime, payload=null]
10-19 17:12:51.138  5589  5589 I GlobeKeyExtension: GlobeKeyExtension.onActivate():120 
10-19 17:12:51.144  5589  5589 I LanguagePromoExtension: LanguagePromoExtension.checkDisplayPreconditions():174 Not show language promo: exceeds the max display times.
10-19 17:12:51.144  5589  5589 I NewLanguagePromptExtension: NewLanguagePromptExtension.onActivate():189 Not activated NewLanguagePromptExtension: not a normal text input box.
10-19 17:12:51.145  5589  5589 I VoiceInputManagerWrapper: VoiceInputManagerWrapper.cancelShutdown():109 cancelShutdown()
10-19 17:12:51.145  5589  5589 I VoiceInputManagerWrapper: VoiceInputManagerWrapper.syncLanguagePacks():121 syncLanguagePacks()
10-19 17:12:51.145  5589  5589 I VoiceInputManager: VoiceInputManager.onKeyboardActivated():1173 onKeyboardActivated() [UD]
10-19 17:12:51.145  5589  6558 I SpeechFactory: SpeechRecognitionFactory.maybeScheduleAutoPackDownloadForFallback():217 maybeScheduleAutoPackDownloadForFallback()
10-19 17:12:51.145  5589  6558 I FallbackOnDeviceRecognitionProvider: FallbackOnDeviceRecognitionProvider.maybeScheduleAutoPackDownload():205 maybeScheduleAutoPackDownload() for language tag en-US
10-19 17:12:51.145  5589  5589 I PkModeUpdater: PkModeUpdater.onActivate():74 onActivate false true
10-19 17:12:51.145  5589  5589 I AccessoryInputModeManager: AccessoryInputModeManager.onModeStarted():318 Accessory input mode started: null
10-19 17:12:51.147  5589  5589 W SupplementaryKeyboardsWrapper: SupplementaryKeyboardsWrapper.deactivateKeyboard():161 keyboard accessory_candidates_consumer is not activated before!
10-19 17:12:51.147  5589  5589 I KeyboardModeUtils: KeyboardModeUtils.getKeyboardBottomOffset():435 inch: 0.000000 ydpi: 387.429993 adjustKeyboardBottomByDisplaySize: false currentDensityDpi: 440 defaultDensityDpi: 440 keyboardBottomToScreenPx: 0 keyboardBottomToNavBarPx: -116 navBarHeight: 116
10-19 17:12:51.147  5589  5589 I KeyboardHeightUtil: KeyboardHeightUtil.calculateMaxKeyboardBodyHeight():50 leave 267 height for app when ime window height:2171, header height:121 and isFullscreenMode:false, so the max keyboard body height is:1783
10-19 17:12:51.147  5589  5589 I KeyboardHeightUtil: KeyboardHeightUtil.calculateMaxKeyboardBodyHeight():50 leave 267 height for app when ime window height:2171, header height:121 and isFullscreenMode:false, so the max keyboard body height is:1783
10-19 17:12:51.148  5589  5589 I AndroidIME: KeyboardViewManager.updateKeyboardBodyViewHolderPaddingBottom():472 Set finalPaddingBottom = 5 while holderPaddingBottom = 5; navigationHeight = 116
10-19 17:12:51.148  5589  5589 I KeyboardHeightUtil: KeyboardHeightUtil.calculateMaxKeyboardBodyHeight():50 leave 267 height for app when ime window height:2171, header height:121 and isFullscreenMode:false, so the max keyboard body height is:1783
10-19 17:12:51.148  5589  5589 I KeyboardHeightUtil: KeyboardHeightUtil.calculateMaxKeyboardBodyHeight():50 leave 267 height for app when ime window height:2171, header height:121 and isFullscreenMode:false, so the max keyboard body height is:1783
10-19 17:12:51.148  5589  5589 W ExtensionWrapper: ExtensionWrapper.setExtensionViewVisibility():811 interface mas is not activate
10-19 17:12:51.151  5589  5589 I Module  : DeviceLockedStatusModuleProvider$Module.updateDeviceLockedStatus():100 repeatCheckTimes = 1, locked = false
10-19 17:12:51.155  3458  3458 V InlinePresentationRendererServiceImpl: onRenderSuggestion: width=-2, height=-2
10-19 17:12:51.160  5589  5589 D ViewRootImpl: AppSizeAfterRelayout, size: Point(1080, 2287), rotation: ROTATION_0
10-19 17:12:51.161  5589  5589 D BufferQueueConsumer: [](id:15d500000827,api:0,p:-1,c:5589) connect: controlledByApp=false
10-19 17:12:51.161  5589  5589 D BLASTBufferQueue: [VRI[InputMethod]#2087](f:0,a:0) constructor()
10-19 17:12:51.161  5589  5589 D BLASTBufferQueue: [VRI[InputMethod]#2087](f:0,a:0) update width=1080 height=2287 format=-2 mTransformHint=0
10-19 17:12:51.162  5589  5589 I KeyboardModeUtils: KeyboardModeUtils.getKeyboardBottomOffset():435 inch: 0.000000 ydpi: 387.429993 adjustKeyboardBottomByDisplaySize: false currentDensityDpi: 440 defaultDensityDpi: 440 keyboardBottomToScreenPx: 0 keyboardBottomToNavBarPx: -116 navBarHeight: 116
10-19 17:12:51.163  5589  5589 I KeyboardHeightUtil: KeyboardHeightUtil.calculateMaxKeyboardBodyHeight():50 leave 267 height for app when ime window height:2171, header height:121 and isFullscreenMode:false, so the max keyboard body height is:1783
10-19 17:12:51.163  5589  5589 I KeyboardHeightUtil: KeyboardHeightUtil.calculateMaxKeyboardBodyHeight():50 leave 267 height for app when ime window height:2171, header height:121 and isFullscreenMode:false, so the max keyboard body height is:1783
10-19 17:12:51.163  5589  5589 I AndroidIME: KeyboardViewManager.updateKeyboardBodyViewHolderPaddingBottom():472 Set finalPaddingBottom = 5 while holderPaddingBottom = 5; navigationHeight = 116
10-19 17:12:51.163  5589  5589 I WindowMetricsNotification: WindowMetricsNotification.notifyWithWindow():166 
10-19 17:12:51.163  5589  5589 I WindowMetricsNotification: WindowMetricsNotification.notify():159 pfu[bounds=Rect(0, 105 - 1080, 2392), insets=Rect(0, 0 - 0, 116), densityDpi=440, smallestScreenWidthDp=393, displayWidth=1080, displayHeight=2392, xdpi=387.43, ydpi=387.43, isTrustable=true, displayId=0]; DisplayMetrics{density=2.75, width=1080, height=2392, scaledDensity=2.75, xdpi=387.43, ydpi=387.43}
10-19 17:12:51.163  5589  5589 W View    : requestLayout() improperly called by com.google.android.libraries.inputmethod.widgets.SoftKeyView{1a064bd VFE...C.. ......ID 6,0-122,121 #7f0b04d8 app:id/key_pos_header_access_points_menu} during layout: running second layout pass
