10-19 15:49:44.142  5589  5589 I GoogleInputMethodService: GoogleInputMethodService.onStartInput():1346 onStartInput(EditorInfo{EditorInfo{packageName=com.a1taxi.driverpro, inputType=80081, inputTypeString=Password[NoSuggestion], enableLearning=false, autoCorrection=false, autoComplete=true, imeOptions=4000006, privateImeOptions=null, actionName=DONE, actionLabel=null, initialSelStart=0, initialSelEnd=0, initialCapsMode=0, label=null, fieldId=2087, fieldName=null, extras=Bundle[mParcelledData.dataSize=404], hintText=non-empty, hintLocales=[]}}, false)
10-19 15:49:44.143  5589  5589 I Module  : DeviceLockedStatusModuleProvider$Module.updateDeviceLockedStatus():100 repeatCheckTimes = 1, locked = false
10-19 15:49:44.143  5589  5589 I HardKeyTracker: HardKeyTracker.unregisterKeySequence():221 Unregister key sequence nfz{labelResId=0, callback=gds@ffce463, lastModifier=0, keyCodes=[57, 57], actions=[1, 0]}
10-19 15:49:44.144  5589  5589 I HardKeyTracker: HardKeyTracker.unregisterKeySequence():221 Unregister key sequence nfz{labelResId=0, callback=gds@e155de, lastModifier=0, keyCodes=[58, 58], actions=[1, 0]}
10-19 15:49:44.145  5589  5589 I GoogleInputMethodService: GoogleInputMethodService.onStartInputView():1439 onStartInputView(EditorInfo{EditorInfo{packageName=com.a1taxi.driverpro, inputType=80081, inputTypeString=Password[NoSuggestion], enableLearning=false, autoCorrection=false, autoComplete=true, imeOptions=4000006, privateImeOptions=null, actionName=DONE, actionLabel=null, initialSelStart=0, initialSelEnd=0, initialCapsMode=0, label=null, fieldId=2087, fieldName=null, extras=Bundle[{android.support.text.emoji.emojiCompat_metadataVersion=11, androidx.core.view.inputmethod.EditorInfoCompat.STYLUS_HANDWRITING_ENABLED=false, android.support.text.emoji.emojiCompat_replaceAll=false}], hintText=non-empty, hintLocales=[]}}, false)
10-19 15:49:44.145  5589  5589 I KeyboardHeightUtil: KeyboardHeightUtil.getOemKeyboardHeightRatio():108 systemKeyboardHeightRatio:1.000000.
10-19 15:49:44.147  5589  5589 I AndroidIME: InputBundleManager.loadActiveInputBundleId():528 loadActiveInputBundleId: und-Latn-x-password, password
10-19 15:49:44.147  5589  5589 I AndroidIME: AbstractIme.onActivate():96 PasswordIme.onActivate() : EditorInfo = EditorInfo{packageName=com.a1taxi.driverpro, inputType=80081, inputTypeString=Password[NoSuggestion], enableLearning=false, autoCorrection=false, autoComplete=true, imeOptions=4000006, privateImeOptions=null, actionName=DONE, actionLabel=null, initialSelStart=0, initialSelEnd=0, initialCapsMode=0, label=null, fieldId=2087, fieldName=null, extras=Bundle[{android.support.text.emoji.emojiCompat_metadataVersion=11, androidx.core.view.inputmethod.EditorInfoCompat.STYLUS_HANDWRITING_ENABLED=false, android.support.text.emoji.emojiCompat_replaceAll=false}], hintText=non-empty, hintLocales=[]}, IncognitoMode = false, DeviceLocked = false
10-19 15:49:44.147  5589  5589 I KeyboardWrapper: KeyboardWrapper.activateKeyboard():581 activateKeyboard(): type=prime, status=INACTIVE, imeDef=mkk{stringId=password, language=und-Latn-x-password, languageTag=und-Latn-x-password, processedConditions={writing_helper_enable_by_word_revert=false, enable_access_points_in_password_number=true, variant=qwerty, true=true, language=en-US, enable_number_row=true, device=phone, enable_number_row_in_password=true, enable_pk_simulator=false}, className=com.google.android.libraries.inputmethod.ime.password.PasswordIme, label=2132019275, keyEventInterpreter=null, inlineComposing=true, autoCapital=true, announceAutoSelectedCandidate=true, statusIcon=0, indicatorIcon=0, indicatorLabel=null, displayAppCompletions=false, extraValues=mkd{}, processors=mmb@7d3d911, unacceptableMetaKeys=4098, languageSpecificSettings=0, asciiCapable=false, alwaysShowSuggestions=false, useAsciiPasswordKeyboard=false, keyboardGroupDef=mlk@8a8f7a7, phenotypeFlagId=0, localizationLanguageTag=null, supportsInlineSuggestion=false}
10-19 15:49:44.148  5589  5589 I KeyboardManager: KeyboardManager.requestKeyboard():248 Creating keyboard prime, imeId=password, cacheKey=theme,!gsf,!pgsans,!pgsf,!use_system_font,BORDER,FLAVOR_DPI=XXHDPI,GOOGLE_ICONS,KEYBOARD_WIDTH_CATEGORY=NORMAL,KEY_BORDER_SHAPE=1,LIGHT_THEME=false,PHYSICAL_DIAGONAL=5.748144,POPUP,SCREEN_SHORTEST_WIDTH=393,SCREEN_SHORTEST_WIDTH_NO_SCALE=393,XXHDPI,bottom4dp,enable_emoji_kitchen_browse_color_v2=true,enable_google_fonts_icons=true,enable_popup_on_keypress=true,keyboard_redesign_google_sans=true,non_linear_scale,noshadow,overlay_builtin_dynamic_color_dark_base.binarypb:gm3-dark-ff131313-ffffffff-4d9204e36e3ccb6a165e3e3dbe763ce0,roundedchip,silkpopup
10-19 15:49:44.148  5589  5589 I KeyboardWrapper: KeyboardWrapper.onKeyboardReady():224 onKeyboardReady(): type=prime(prime), kb=com.google.android.apps.inputmethod.latin.keyboard.LatinPasswordKeyboard@80d4795
10-19 15:49:44.148  5589  5589 I KeyboardWrapper: KeyboardWrapper.doActivateKeyboard():611 doActivateKeyboard(): prime
10-19 15:49:44.155  5589  5589 I KeyboardViewHelper: KeyboardViewHelper.getView():180 Get view with height ratio:1.000000
10-19 15:49:44.155  5589  6019 I OnDeviceWmrCalculator: OnDeviceWmrCalculator.calculateWmr():94 WMR: 0.0000 (0 / 1)
10-19 15:49:44.155  5589  5589 I KeyboardHeightUtil: KeyboardHeightUtil.calculateMaxKeyboardBodyHeight():50 leave 267 height for app when ime window height:2171, header height:121 and isFullscreenMode:false, so the max keyboard body height is:1783
10-19 15:49:44.156  5589  5589 W TooltipLifecycleManager: TooltipLifecycleManager.dismissTooltips():153 Tooltip with id undo_access_point_promotion_banner not found in tooltipManager.
10-19 15:49:44.156  5589  5589 I GlobeKeyExtension: GlobeKeyExtension.getKeyboardInitialStates():175 
10-19 15:49:44.156  5589  5589 W Keyboard: Keyboard.getKeyboardViewHelper():609 null helper is returned: keyboardDef=mle{processedConditions={show_comma_key=true, enable_more_candidates_view_for_multilingual=false, layout_9key_split=false, enable_secondary_symbols=false, pref_enable_flick_symbols=false, language=en-US, deprecate_long_press_space_for_ime_picker=false, show_suggestion_strip=true, expressions=normal, enable_access_points_in_password_number=true, enable_correction_settings_updates=true, enable_flick_symbols=true, variant=qwerty, show_period_key=true, enable_number_row=true, device=phone, keyboard_mode=normal, show_secondary_digits=false, enable_preemptive_decode=true, enable_pk_simulator=false, bottom_period_popup_slash=false}, globalConditions={global_theme_key=theme,!gsf,!pgsans,!pgsf,!use_system_font,BORDER,FLAVOR_DPI=XXHDPI,GOOGLE_ICONS,KEYBOARD_WIDTH_CATEGORY=NORMAL,KEY_BORDER_SHAPE=1,LIGHT_THEME=false,PHYSICAL_DIAGONAL=5.748144,POPUP,SCREEN_SHORTEST_WIDTH=393,SCREEN_SHORTEST_WIDTH_NO_SCALE=393,XXHDPI,bottom4dp,enable_emoji_kitchen_browse_color_v2=true,enable_google_fonts_icons=true,enable_popup_on_keypress=true,keyboard_redesign_google_sans=true,non_linear_scale,noshadow,overlay_builtin_dynamic_color_dark_base.binarypb:gm3-dark-ff131313-ffffffff-4d9204e36e3ccb6a165e3e3dbe763ce0,roundedchip,silkpopup, global_locale=en_US, global_density_dpi=440, global_orientation=1}, className=.latin.keyboard.LatinPasswordKeyboard, resourceIds=[#0x7f1705fb, #0x7f17088d, #0x7f1706bb], initialStates=0, keyboardViewDefs=[mls{direction=null, id=#0x7f0b0224, isScalable=true, layoutId=#0x7f0e029f, type=BODY, touchable=true, defaultShow=true}, mls{direction=null, id=#0x7f0b0224, isScalable=false, layoutId=#0x7f0e01f9, type=FLOATING_CANDIDATES, touchable=false, defaultShow=false}, mls{direction=LOCALE, id=#0x7f0b0224, isScalable=false, layoutId=#0x7f0e0500, type=HEADER, touchable=true, defaultShow=true}], persistentStates=0, persistentStatesPrefKey=null, popupBubbleLayoutId=#0x7f0e05f1, recentKeyLayoutId=0, recentKeyPopupLayoutId=0, recentKeyType=null, rememberRecentKey=NONE, sessionStates=17592186044419}, type=WIDGET, helpersCreated=[lxm@a99d781, lxm@1f04026, lxm@a3b1467, null], context.getResources().getConfiguration(): {1.0 405mcc869mnc [en_US] ldltr sw393dp w393dp h790dp 440dpi nrml long port night finger -keyb/v/h -nav/h winConfig={ mBounds=Rect(0, 0 - 1080, 2392) mAppBounds=Rect(0, 103 - 1080, 2276) mMaxBounds=Rect(0, 0 - 1080, 2392) mDisplayRotation=ROTATION_0 mWindowingMode=fullscreen mActivityType=undefined mAlwaysOnTop=undefined mRotation=ROTATION_0 isEmbedding:false} s.5420 fontWeightAdjustment=0 themeId=2 themeParameter=0 nightModeLevel = -1 typefaceChanged=0.0 ?spacesystem eaMode=1}
10-19 15:49:44.157  5589  5589 I KeyboardHeightUtil: KeyboardHeightUtil.calculateMaxKeyboardBodyHeight():50 leave 267 height for app when ime window height:2171, header height:121 and isFullscreenMode:false, so the max keyboard body height is:1783
10-19 15:49:44.157  5589  5589 I AndroidIME: InputBundleManager.startInput():358 startInput() with mlo[keyboardType=prime, payload=null]
10-19 15:49:44.157  5589  5589 I GlobeKeyExtension: GlobeKeyExtension.onActivate():120 
10-19 15:49:44.159  5589  5589 I LanguagePromoExtension: LanguagePromoExtension.checkDisplayPreconditions():174 Not show language promo: exceeds the max display times.
10-19 15:49:44.159  5589  5589 I NewLanguagePromptExtension: NewLanguagePromptExtension.onActivate():189 Not activated NewLanguagePromptExtension: not a normal text input box.
10-19 15:49:44.161  5589  5589 I HardKeyTracker: HardKeyTracker.unregisterKeySequence():221 Unregister key sequence nfz{labelResId=2132020497, callback=cgp@b65dc75, lastModifier=2, keyCodes=[56], actions=[0]}
10-19 15:49:44.161  5589  5589 I HardKeyTracker: HardKeyTracker.unregisterKeySequence():221 Unregister key sequence nfz{labelResId=2132020497, callback=cgp@90ff298, lastModifier=0, keyCodes=[317], actions=[0]}
10-19 15:49:44.161  5589  5589 I HardKeyTracker: HardKeyTracker.registerKeySequence():170 Register key sequence nfz{labelResId=2132020497, callback=cgp@393ae1c, lastModifier=2, keyCodes=[56], actions=[0]}
10-19 15:49:44.161  5589  5589 I HardKeyTracker: HardKeyTracker.registerKeySequence():170 Register key sequence nfz{labelResId=2132020497, callback=cgp@5f6d1ab, lastModifier=0, keyCodes=[317], actions=[0]}
10-19 15:49:44.162  5589  5589 I VoiceInputManagerWrapper: VoiceInputManagerWrapper.cancelShutdown():109 cancelShutdown()
10-19 15:49:44.162  5589  5589 I VoiceInputManagerWrapper: VoiceInputManagerWrapper.syncLanguagePacks():121 syncLanguagePacks()
10-19 15:49:44.162  5589  5589 I VoiceInputManager: VoiceInputManager.onKeyboardActivated():1173 onKeyboardActivated() [UD]
10-19 15:49:44.162  5589  5589 I PkModeUpdater: PkModeUpdater.onActivate():74 onActivate false true
10-19 15:49:44.162  5589  5589 I AccessoryInputModeManager: AccessoryInputModeManager.onModeStarted():318 Accessory input mode started: null
10-19 15:49:44.162  5589  6558 I SpeechFactory: SpeechRecognitionFactory.maybeScheduleAutoPackDownloadForFallback():217 maybeScheduleAutoPackDownloadForFallback()
10-19 15:49:44.162  5589  5589 W SupplementaryKeyboardsWrapper: SupplementaryKeyboardsWrapper.deactivateKeyboard():161 keyboard accessory_candidates_consumer is not activated before!
10-19 15:49:44.162  5589  6558 I FallbackOnDeviceRecognitionProvider: FallbackOnDeviceRecognitionProvider.maybeScheduleAutoPackDownload():205 maybeScheduleAutoPackDownload() for language tag en-US
10-19 15:49:44.163  5589  5589 I KeyboardModeUtils: KeyboardModeUtils.getKeyboardBottomOffset():435 inch: 0.000000 ydpi: 387.429993 adjustKeyboardBottomByDisplaySize: false currentDensityDpi: 440 defaultDensityDpi: 440 keyboardBottomToScreenPx: 0 keyboardBottomToNavBarPx: -116 navBarHeight: 116
10-19 15:49:44.163  5589  5589 I KeyboardHeightUtil: KeyboardHeightUtil.calculateMaxKeyboardBodyHeight():50 leave 267 height for app when ime window height:2171, header height:121 and isFullscreenMode:false, so the max keyboard body height is:1783
10-19 15:49:44.163  5589  5589 I KeyboardHeightUtil: KeyboardHeightUtil.calculateMaxKeyboardBodyHeight():50 leave 267 height for app when ime window height:2171, header height:121 and isFullscreenMode:false, so the max keyboard body height is:1783
10-19 15:49:44.163  5589  5589 I AndroidIME: KeyboardViewManager.updateKeyboardBodyViewHolderPaddingBottom():472 Set finalPaddingBottom = 5 while holderPaddingBottom = 5; navigationHeight = 116
10-19 15:49:44.163  5589  5589 I KeyboardHeightUtil: KeyboardHeightUtil.calculateMaxKeyboardBodyHeight():50 leave 267 height for app when ime window height:2171, header height:121 and isFullscreenMode:false, so the max keyboard body height is:1783
10-19 15:49:44.163  5589  5589 I KeyboardHeightUtil: KeyboardHeightUtil.calculateMaxKeyboardBodyHeight():50 leave 267 height for app when ime window height:2171, header height:121 and isFullscreenMode:false, so the max keyboard body height is:1783
10-19 15:49:44.163  5589  5589 W ExtensionWrapper: ExtensionWrapper.setExtensionViewVisibility():811 interface mas is not activate
10-19 15:49:44.164  5589  5589 I Module  : DeviceLockedStatusModuleProvider$Module.updateDeviceLockedStatus():100 repeatCheckTimes = 1, locked = false
10-19 15:49:44.165  5589  5589 I HardKeyTracker: HardKeyTracker.unregisterKeySequence():221 Unregister key sequence nfz{labelResId=2132020501, callback=cgp@a7e1310, lastModifier=2, keyCodes=[48], actions=[0]}
10-19 15:49:44.165  5589  5589 I HardKeyTracker: HardKeyTracker.registerKeySequence():170 Register key sequence nfz{labelResId=2132020501, callback=cgp@92a5820, lastModifier=2, keyCodes=[48], actions=[0]}
10-19 15:49:44.165  5589  5589 I HardKeyTracker: HardKeyTracker.unregisterKeySequence():221 Unregister key sequence nfz{labelResId=2132020501, callback=cgp@21a1c5, lastModifier=2, keyCodes=[48], actions=[0]}
10-19 15:49:44.165  5589  5589 I HardKeyTracker: HardKeyTracker.registerKeySequence():170 Register key sequence nfz{labelResId=2132020501, callback=cgp@1aa9695, lastModifier=2, keyCodes=[48], actions=[0]}
10-19 15:49:44.166  5589  5589 I HardKeyTracker: HardKeyTracker.unregisterKeySequence():221 Unregister key sequence nfz{labelResId=2132020497, callback=cgp@f6f447d, lastModifier=2, keyCodes=[56], actions=[0]}
10-19 15:49:44.166  5589  5589 I HardKeyTracker: HardKeyTracker.unregisterKeySequence():221 Unregister key sequence nfz{labelResId=2132020497, callback=cgp@8046040, lastModifier=0, keyCodes=[317], actions=[0]}
10-19 15:49:44.166  5589  5589 I HardKeyTracker: HardKeyTracker.registerKeySequence():170 Register key sequence nfz{labelResId=2132020497, callback=cgp@9ada2e4, lastModifier=2, keyCodes=[56], actions=[0]}
10-19 15:49:44.166  5589  5589 I HardKeyTracker: HardKeyTracker.registerKeySequence():170 Register key sequence nfz{labelResId=2132020497, callback=cgp@bbbc313, lastModifier=0, keyCodes=[317], actions=[0]}
10-19 15:49:44.171  5589  5589 I HardKeyTracker: HardKeyTracker.unregisterKeySequence():221 Unregister key sequence nfz{labelResId=2132020502, callback=cgp@a078635, lastModifier=2, keyCodes=[32], actions=[0]}
10-19 15:49:44.171  5589  5589 I HardKeyTracker: HardKeyTracker.registerKeySequence():170 Register key sequence nfz{labelResId=2132020502, callback=cgp@8386a7c, lastModifier=2, keyCodes=[32], actions=[0]}
10-19 15:49:44.173  5589  5589 I HardKeyTracker: HardKeyTracker.unregisterKeySequence():221 Unregister key sequence nfz{labelResId=2132020502, callback=cgp@d5b9922, lastModifier=2, keyCodes=[32], actions=[0]}
10-19 15:49:44.174  5589  5589 I HardKeyTracker: HardKeyTracker.registerKeySequence():170 Register key sequence nfz{labelResId=2132020502, callback=cgp@8bad4b9, lastModifier=2, keyCodes=[32], actions=[0]}
10-19 15:49:44.175  5589  5589 I StylusModule: StylusModule.onUpdateToolType():800 Update tool type = 1
10-19 15:49:44.176  5589  5589 I StylusModule: StylusModule.onUpdateToolType():800 Update tool type = 1
10-19 15:49:44.178  4589  4589 D InsetsController: show(ime(), fromIme=true)
10-19 15:49:44.179  4589  4589 I ImeTracker: com.a1taxi.driverpro:7f318893: onCancelled at PHASE_CLIENT_APPLY_ANIMATION
10-19 15:49:44.181  4589  4589 D InsetsController: show(ime(), fromIme=true)
10-19 15:49:44.181  4589  4589 I ImeTracker: com.a1taxi.driverpro:da8c486: onCancelled at PHASE_CLIENT_APPLY_ANIMATION
10-19 15:49:44.185  5589  5589 I KeyboardModeUtils: KeyboardModeUtils.getKeyboardBottomOffset():435 inch: 0.000000 ydpi: 387.429993 adjustKeyboardBottomByDisplaySize: false currentDensityDpi: 440 defaultDensityDpi: 440 keyboardBottomToScreenPx: 0 keyboardBottomToNavBarPx: -116 navBarHeight: 116
10-19 15:49:44.185  5589  5589 I KeyboardHeightUtil: KeyboardHeightUtil.calculateMaxKeyboardBodyHeight():50 leave 267 height for app when ime window height:2171, header height:121 and isFullscreenMode:false, so the max keyboard body height is:1783
10-19 15:49:44.185  5589  5589 I KeyboardHeightUtil: KeyboardHeightUtil.calculateMaxKeyboardBodyHeight():50 leave 267 height for app when ime window height:2171, header height:121 and isFullscreenMode:false, so the max keyboard body height is:1783
10-19 15:49:44.186  5589  5589 I AndroidIME: KeyboardViewManager.updateKeyboardBodyViewHolderPaddingBottom():472 Set finalPaddingBottom = 5 while holderPaddingBottom = 5; navigationHeight = 116
10-19 15:49:44.186  5589  5589 I WindowMetricsNotification: WindowMetricsNotification.notifyWithWindow():166 
10-19 15:49:44.187  5589  5589 I WindowMetricsNotification: WindowMetricsNotification.notify():159 pfu[bounds=Rect(0, 105 - 1080, 2392), insets=Rect(0, 0 - 0, 116), densityDpi=440, smallestScreenWidthDp=393, displayWidth=1080, displayHeight=2392, xdpi=387.43, ydpi=387.43, isTrustable=true, displayId=0]; DisplayMetrics{density=2.75, width=1080, height=2392, scaledDensity=2.75, xdpi=387.43, ydpi=387.43}
10-19 15:49:44.196  5589  5589 I GoogleInputMethodService: GoogleInputMethodService$1.onKeyboardViewShown():325 onKeyboardViewShown: keyboardType=prime, keyboardViewType=HEADER keyboardView=com.google.android.libraries.inputmethod.widgets.SoftKeyboardView{15e68d6 V.E...... ........ 0,0-1080,121}
10-19 15:49:44.196  5589  5589 I KeyboardHeightUtil: KeyboardHeightUtil.calculateMaxKeyboardBodyHeight():50 leave 267 height for app when ime window height:2171, header height:121 and isFullscreenMode:false, so the max keyboard body height is:1783
10-19 15:49:44.196  5589  5589 I GoogleInputMethodService: GoogleInputMethodService$1.onKeyboardViewShown():325 onKeyboardViewShown: keyboardType=prime, keyboardViewType=BODY keyboardView=com.google.android.libraries.inputmethod.widgets.SoftKeyboardView{cd04ee9 V.E...... ........ 0,0-1080,693}
10-19 15:49:44.196  5589  5589 I KeyboardHeightUtil: KeyboardHeightUtil.calculateMaxKeyboardBodyHeight():50 leave 267 height for app when ime window height:2171, header height:121 and isFullscreenMode:false, so the max keyboard body height is:1783
10-19 15:49:44.196  5589  5589 I GlobeKeyExtension: GlobeKeyExtension$1.onKeyboardViewShown():72 maybeDisableLanguageSwitchKeyPref when the keyboard is shown
10-19 15:49:44.196  5589  5589 I GlobeKeyExtension: GlobeKeyExtension.maybeDisableLanguageSwitchKeyPref():200 maybeDisableLanguageSwitchKeyPref hasGlobeKeyBeenDisabled: false, shouldDisableLanguageSwitchKey: false
10-19 15:49:44.196  5589  5589 I NewLanguagePromptExtension: NewLanguagePromptExtension$1.onKeyboardViewShown():88 Not show new language banner: not prime keyboard, or the extension not activated.
10-19 15:49:44.198  3458  3458 V InlinePresentationRendererServiceImpl: onRenderSuggestion: width=-2, height=-2
10-19 15:49:44.203  3458  3458 V InlineSuggestionRenderService: width=-2, height=-2, measuredSize=366x121
10-19 15:49:44.214  5589  5602 I BpBinder: onLastStrongRef automatically unlinking death recipients: 
10-19 15:49:44.215  5589  5602 I BpBinder: onLastStrongRef automatically unlinking death recipients: 
10-19 15:49:44.215  5589  5602 I BpBinder: onLastStrongRef automatically unlinking death recipients: 
10-19 15:49:44.217  5589  5602 I BpBinder: onLastStrongRef automatically unlinking death recipients: 
10-19 15:49:44.218  5589  5602 I BpBinder: onLastStrongRef automatically unlinking death recipients: 
10-19 15:49:44.218  1870  1976 D AutofillSession: onShown(): 2, 1
10-19 15:49:44.219  5589  5589 I ProactiveSuggestionsHolderManager: ProactiveSuggestionsHolderManager$2.display():195 Requesting to show proactive suggestions: AUTO_FILL PREEMPTIVE_WITH_SUPPRESSION
10-19 15:49:44.227  3458  3458 D ViewRootImpl: AppSizeAfterRelayout, size: Point(366, 121), rotation: ROTATION_0
10-19 15:49:44.227  3458  3458 D BufferQueueConsumer: [](id:d82000001b6,api:0,p:-1,c:3458) connect: controlledByApp=false
10-19 15:49:44.228  5589  5589 D BufferQueueConsumer: [](id:15d5000007d0,api:0,p:-1,c:5589) connect: controlledByApp=false
10-19 15:49:44.228  3458  3458 D BLASTBufferQueue: [VRI[]#438](f:0,a:0) constructor()
10-19 15:49:44.228  3458  3458 D BLASTBufferQueue: [VRI[]#438](f:0,a:0) update width=366 height=121 format=-2 mTransformHint=0
10-19 15:49:44.229  5589  5589 D BLASTBufferQueue: [SurfaceView[InputMethod]#2000](f:0,a:0) constructor()
10-19 15:49:44.229  5589  5589 D BLASTBufferQueue: [SurfaceView[InputMethod]#2000](f:0,a:0) update width=770 height=121 format=-2 mTransformHint=0
10-19 15:49:44.230  1870  2896 D BatteryStatsService: noteVideoSurfaceChanged  noteWhich: 49,arg1: 770, arg2: 121, arg3: 5589, arg4: 101975, name: com.google.android.inputmethod.latin
10-19 15:49:44.231  5589  5589 I ProactiveSuggestionsHolderManager: ProactiveSuggestionsHolderManager$Holder.setSuggestionsAndShow():898 succeed to show proactive suggestions AUTO_FILL PREEMPTIVE_WITH_SUPPRESSION
10-19 15:49:44.233  5589  5589 I KeyboardModeUtils: KeyboardModeUtils.getKeyboardBottomOffset():435 inch: 0.000000 ydpi: 387.429993 adjustKeyboardBottomByDisplaySize: false currentDensityDpi: 440 defaultDensityDpi: 440 keyboardBottomToScreenPx: 0 keyboardBottomToNavBarPx: -116 navBarHeight: 116
10-19 15:49:44.233  5589  5589 I KeyboardHeightUtil: KeyboardHeightUtil.calculateMaxKeyboardBodyHeight():50 leave 267 height for app when ime window height:2171, header height:121 and isFullscreenMode:false, so the max keyboard body height is:1783
10-19 15:49:44.233  5589  5589 I KeyboardHeightUtil: KeyboardHeightUtil.calculateMaxKeyboardBodyHeight():50 leave 267 height for app when ime window height:2171, header height:121 and isFullscreenMode:false, so the max keyboard body height is:1783
10-19 15:49:44.233  5589  5589 I AndroidIME: KeyboardViewManager.updateKeyboardBodyViewHolderPaddingBottom():472 Set finalPaddingBottom = 5 while holderPaddingBottom = 5; navigationHeight = 116
10-19 15:49:44.237  3458 31463 D BLASTBufferQueue: [VRI[]#438](f:0,a:1) acquireNextBufferLocked size=366x121 mFrameNumber=1 applyTransaction=true mTimestamp=632554788300086(auto) mPendingTransactions.size=0 graphicBufferId=14851996912634 transform=0
10-19 15:49:44.238  5589  5589 D BufferQueueConsumer: [](id:15d5000007d1,api:0,p:-1,c:5589) connect: controlledByApp=false
10-19 15:49:44.238  5589  5589 D BLASTBufferQueue: [SurfaceView[InputMethod]#2001](f:0,a:0) constructor()
10-19 15:49:44.238  5589  5589 D BLASTBufferQueue: [SurfaceView[InputMethod]#2001](f:0,a:0) update width=366 height=121 format=-2 mTransformHint=0
10-19 15:49:44.240  1870  3386 D BatteryStatsService: noteVideoSurfaceChanged  noteWhich: 49,arg1: 366, arg2: 121, arg3: 5589, arg4: 103880, name: com.google.android.inputmethod.latin
10-19 15:49:44.244  5589  5657 D BLASTBufferQueue: [SurfaceView[InputMethod]#2001](f:0,a:1) acquireNextBufferLocked size=366x121 mFrameNumber=1 applyTransaction=true mTimestamp=632554795776317(auto) mPendingTransactions.size=0 graphicBufferId=24004572224242 transform=0
10-19 15:49:44.245  1870  3386 D BatteryStatsService: noteVideoSurfaceChanged  noteWhich: 49,arg1: 184, arg2: 13, arg3: 5589, arg4: 103880, name: com.google.android.inputmethod.latin
10-19 15:49:44.246  1870  3386 D BatteryStatsService: noteVideoSurfaceChanged  noteWhich: 49,arg1: 770, arg2: 121, arg3: 5589, arg4: 101975, name: com.google.android.inputmethod.latin
10-19 15:49:44.251  1870  2896 D BatteryStatsService: noteVideoSurfaceChanged  noteWhich: 49,arg1: 224, arg2: 37, arg3: 5589, arg4: 103880, name: com.google.android.inputmethod.latin
10-19 15:49:44.262  1870  2896 D BatteryStatsService: noteVideoSurfaceChanged  noteWhich: 49,arg1: 258, arg2: 57, arg3: 5589, arg4: 103880, name: com.google.android.inputmethod.latin
10-19 15:49:44.280  1870  2896 D BatteryStatsService: noteVideoSurfaceChanged  noteWhich: 49,arg1: 288, arg2: 75, arg3: 5589, arg4: 103880, name: com.google.android.inputmethod.latin
10-19 15:49:44.297  1870  2896 D BatteryStatsService: noteVideoSurfaceChanged  noteWhich: 49,arg1: 310, arg2: 89, arg3: 5589, arg4: 103880, name: com.google.android.inputmethod.latin
10-19 15:49:44.310  5720 14796 D SQLiteQueryBuilder: SELECT _id, _data, _size, date_modified, bucket_id, orientation, datetaken FROM images WHERE ((((is_pending=0 AND NOT _modifier=4) OR (is_pending=1 AND lower(_data) NOT REGEXP '.*/\.pending-(\d+)-([^/]+)$' AND owner_package_name IN ( 'com.vivo.gallery' , 'com.vivo.widget.gallery' )))) AND (is_trashed=0) AND (volume_name IN ( 'external_primary' ))) AND (( bucket_id IN ( -1212198981, -1695567127, -53910322, -2140495773, 606811175, 1251957395, 1115488879, 1092149518, 390907738, -1694063856, -803954635, -1690180765, -1816304744, 911081060, -1291404494, -1285319851, -651554454, 151630153, 543621159, -2002206485, 73761835, -1760112825, -71543827, -302991967, -1227671927, -156420408, -1516374533, 1829735780, -1450708494, -506316380, -1341114264, 1114833418, 1152093397, -1733679058, -2131021710, -680697881, 2084439217, -2024679488, -1447456465, 700805465, 991906690, 1345966226, 657155968, 1266435012, -1966306697, -1897284014, -1949680778, 434583847, 990381004, -1526850504, -1612742889, -1273942824, -1004938028, 331203438, 708879003, 255899559, -528275350, -602893060, -1055518229, 545491069, -1716401999, 668104411, -1118657469, 1040014575, 849662899, -174887798, -1292465169, 1101584562, -613830029, -1577375515, -1628155945, -1033534650, -328196774, -2071947861, 805181138, -1104308479, 181789691, 619245019, 616142335, -1829889111, -1578944343, -1809455754, 1690766750, -793566743, 272894235, -435605656, -1858432929, -792464988, -434569360, -1462931038, -879973635, 65759896, -924335728, -1809287853, 1755148769, -223571158, 2126348076, 48382832, 700217390, 630412299, 183872366, 1059985074, -1806957104, -1641691205, -571335571, 1519174419, 1036004452, -2031220924, -1537104433, 1829930144, -745596364, -8122821, 1366741172, 1548299660, 1674287630, -1535937100, 13148420, 1909659649, 264986155, -9482612, 13005089, -2089205090, -1022498075, -919133986, -884178250, -1422443828, -670014994, -2121027476, 2020100714, 489993, 448544941, -2101462868, -261299595, 1172023232, 1278178828, -607125002, -856420653, -1973993346, 1498690426, -1527464249, -1945110980, 395625896, 1909316592, 569711560, -1686988495, 1763470175, -1488038648, 2113906615, -550734493, 85651275, -1964037955, 428383196, -1949793892, 1136101865, 2018234913, -18391924, 1490911920, -884178653, -1170470833, -1215953411, 1077477957, -1198914825, 1461775709, -643464410, 1900774339, 1272506704, -485246563, 1960476238, -1291404897, -1950041765, 1664549270, 2070856141, 1220790880, 359301071, 278762032, 470519460, -924530092, -1382559966, 904275793, 1298630565, 1186223222, -519179321, 232691476, -1684913851, -750954006, 83641895, 1145800364, -2012790048, 1286776387, 397907126, 1330064451, -1804177550, -1809174739, 174397812, 2043613916, -675937132, 1736146008, -1702973091, -1184968074, 1502601919, 1574223589, 445258174, -1682700158, -351293385, 638217523, 2052700512, 949947357, -1318309340, 616722321, -1406249091, 656868479, -402361508, -1410236246, -1193446467, -1415689986, -1935708161, 1786892787, -2041971395, -1087402833, -1809045590, 658433208, 1208185747, 761624307, 250774884, 12344107, -1415495622, 35166595, -175675851, 912551383, -1432612566, 39258592, -131644514, -1950760957, -1022555983, -1656404229, -731336746, 1106324018, 1962141495, -643270046, 133162019, -2075879543, 945165185, -1572118126, 1746875333, -2129001792, -1739773001, -214169408, 1354535744, -1551292529, 581197485, 1732723533, 1456888538, -1448813142, 13311172, -1569520032, -1527994117, 348164313, 1631149349, -242606674, -1914187326, -1445556762, 211087524, -219150656, -1422672119, -1530754818, -1171388910, -2072752055, -1325148867, 361712075, -1730634595, -340891674, 1407102871, 53870456, -508660256, 2028258487, -815228101, -1694937425, -519178918, 1561178453, -1131671344, 1431320847, 2046578077, -781677303, 1291266200, 848578299, -1972390376, -978314959, -1319727662, 943502520, 1028125135, -175466238, 1195992005, 1920382715, 2108277051, 443703009, 675671268, 263662367, -347572232, 183545411, 1450478273, -1879659704, 1957916785, 1976953110, -1157253172, -1407948598, 
10-19 15:49:44.313  1870  3386 D BatteryStatsService: noteVideoSurfaceChanged  noteWhich: 49,arg1: 332, arg2: 101, arg3: 5589, arg4: 103880, name: com.google.android.inputmethod.latin
10-19 15:49:44.329  1870  3386 D BatteryStatsService: noteVideoSurfaceChanged  noteWhich: 49,arg1: 348, arg2: 111, arg3: 5589, arg4: 103880, name: com.google.android.inputmethod.latin
10-19 15:49:44.346  1870  3386 D BatteryStatsService: noteVideoSurfaceChanged  noteWhich: 49,arg1: 358, arg2: 117, arg3: 5589, arg4: 103880, name: com.google.android.inputmethod.latin
10-19 15:49:44.364  1870  2896 D BatteryStatsService: noteVideoSurfaceChanged  noteWhich: 49,arg1: 364, arg2: 121, arg3: 5589, arg4: 103880, name: com.google.android.inputmethod.latin
10-19 15:49:44.378 16032  9202 E FbnsAIDLClientManager: Max Try reached for binding to FbnsAIDLService, threadId 48364
10-19 15:49:44.381  1870  3386 D BatteryStatsService: noteVideoSurfaceChanged  noteWhich: 49,arg1: 366, arg2: 121, arg3: 5589, arg4: 103880, name: com.google.android.inputmethod.latin
10-19 15:49:44.391 16032  9202 E FbnsAIDLClientManager: Fbns AIDL request got RemoteException
10-19 15:49:44.391 16032  9202 E FbnsAIDLClientManager: android.os.RemoteException: AIDLService is not bound
10-19 15:49:44.391 16032  9202 E FbnsAIDLClientManager: 	at X.HVM.call(:2479)
10-19 15:49:44.391 16032  9202 E FbnsAIDLClientManager: 	at java.util.concurrent.FutureTask.run(FutureTask.java:317)
10-19 15:49:44.391 16032  9202 E FbnsAIDLClientManager: 	at java.util.concurrent.ThreadPoolExecutor.runWorker(ThreadPoolExecutor.java:1156)
10-19 15:49:44.391 16032  9202 E FbnsAIDLClientManager: 	at java.util.concurrent.ThreadPoolExecutor$Worker.run(ThreadPoolExecutor.java:651)
10-19 15:49:44.391 16032  9202 E FbnsAIDLClientManager: 	at java.lang.Thread.run(Thread.java:1119)
10-19 15:49:44.611  5589  5589 I KeyboardModeUtils: KeyboardModeUtils.getKeyboardBottomOffset():435 inch: 0.000000 ydpi: 387.429993 adjustKeyboardBottomByDisplaySize: false currentDensityDpi: 440 defaultDensityDpi: 440 keyboardBottomToScreenPx: 0 keyboardBottomToNavBarPx: -116 navBarHeight: 116
10-19 15:49:44.611  5589  5589 I KeyboardHeightUtil: KeyboardHeightUtil.calculateMaxKeyboardBodyHeight():50 leave 267 height for app when ime window height:2171, header height:121 and isFullscreenMode:false, so the max keyboard body height is:1783
10-19 15:49:44.611  5589  5589 I KeyboardHeightUtil: KeyboardHeightUtil.calculateMaxKeyboardBodyHeight():50 leave 267 height for app when ime window height:2171, header height:121 and isFullscreenMode:false, so the max keyboard body height is:1783
10-19 15:49:44.611  5589  5589 I AndroidIME: KeyboardViewManager.updateKeyboardBodyViewHolderPaddingBottom():472 Set finalPaddingBottom = 5 while holderPaddingBottom = 5; navigationHeight = 116
10-19 15:49:44.927  5589  5589 W TooltipLifecycleManager: TooltipLifecycleManager.dismissTooltips():153 Tooltip with id SUGGESTION_VIEW_EDU_MINI_DIALOG not found in tooltipManager.
10-19 15:49:44.928  1870  3605 D BatteryStatsService: noteVideoSurfaceChanged  noteWhich: 49,arg1: -1, arg2: -1, arg3: 5589, arg4: 103880, name: com.google.android.inputmethod.latin
10-19 15:49:44.929  5589  5657 E BufferQueueProducer: [SurfaceView[InputMethod]#2001(BLAST Consumer)2001](id:15d5000007d1,api:0,p:-1,c:5589) disconnect: not connected (req=1)
10-19 15:49:44.929  5589  5657 W libEGL  : EGLNativeWindowType 0xb4000077e014f3f0 disconnect failed
10-19 15:49:44.930  5589  5589 D BLASTBufferQueue: [SurfaceView[InputMethod]#2001](f:0,a:1) destructor()
10-19 15:49:44.930  5589  5589 D BufferQueueConsumer: [SurfaceView[InputMethod]#2001(BLAST Consumer)2001](id:15d5000007d1,api:0,p:-1,c:5589) disconnect
10-19 15:49:44.931  5589  5589 W TooltipLifecycleManager: TooltipLifecycleManager.dismissTooltips():153 Tooltip with id SUGGESTION_VIEW_EDU_MINI_DIALOG not found in tooltipManager.
10-19 15:49:44.934  5589  5589 I KeyboardModeUtils: KeyboardModeUtils.getKeyboardBottomOffset():435 inch: 0.000000 ydpi: 387.429993 adjustKeyboardBottomByDisplaySize: false currentDensityDpi: 440 defaultDensityDpi: 440 keyboardBottomToScreenPx: 0 keyboardBottomToNavBarPx: -116 navBarHeight: 116
10-19 15:49:44.935  5589  5589 I KeyboardHeightUtil: KeyboardHeightUtil.calculateMaxKeyboardBodyHeight():50 leave 267 height for app when ime window height:2171, header height:121 and isFullscreenMode:false, so the max keyboard body height is:1783
10-19 15:49:44.935  5589  5589 I KeyboardHeightUtil: KeyboardHeightUtil.calculateMaxKeyboardBodyHeight():50 leave 267 height for app when ime window height:2171, header height:121 and isFullscreenMode:false, so the max keyboard body height is:1783
10-19 15:49:44.935  5589  5589 I AndroidIME: KeyboardViewManager.updateKeyboardBodyViewHolderPaddingBottom():472 Set finalPaddingBottom = 5 while holderPaddingBottom = 5; navigationHeight = 116
10-19 15:49:44.942  5589  5589 W TooltipLifecycleManager: TooltipLifecycleManager.dismissTooltips():153 Tooltip with id SUGGESTION_VIEW_EDU_MINI_DIALOG not found in tooltipManager.
10-19 15:49:44.989  1870  1929 D BatteryStatsService: noteVideoSurfaceChanged  noteWhich: 49,arg1: -1, arg2: -1, arg3: 5589, arg4: 101975, name: com.google.android.inputmethod.latin
10-19 15:49:44.989  5589  5589 D BLASTBufferQueue: [SurfaceView[InputMethod]#2000](f:0,a:0) destructor()
10-19 15:49:44.989  5589  5589 D BufferQueueConsumer: [SurfaceView[InputMethod]#2000(BLAST Consumer)2000](id:15d5000007d0,api:0,p:-1,c:5589) disconnect
10-19 15:49:44.995  5589  5589 I KeyboardModeUtils: KeyboardModeUtils.getKeyboardBottomOffset():435 inch: 0.000000 ydpi: 387.429993 adjustKeyboardBottomByDisplaySize: false currentDensityDpi: 440 defaultDensityDpi: 440 keyboardBottomToScreenPx: 0 keyboardBottomToNavBarPx: -116 navBarHeight: 116
10-19 15:49:44.996  5589  5589 I KeyboardHeightUtil: KeyboardHeightUtil.calculateMaxKeyboardBodyHeight():50 leave 267 height for app when ime window height:2171, header height:121 and isFullscreenMode:false, so the max keyboard body height is:1783
10-19 15:49:44.996  5589  5589 I KeyboardHeightUtil: KeyboardHeightUtil.calculateMaxKeyboardBodyHeight():50 leave 267 height for app when ime window height:2171, header height:121 and isFullscreenMode:false, so the max keyboard body height is:1783
10-19 15:49:44.996  5589  5589 I AndroidIME: KeyboardViewManager.updateKeyboardBodyViewHolderPaddingBottom():472 Set finalPaddingBottom = 5 while holderPaddingBottom = 5; navigationHeight = 116
10-19 15:49:45.094  5589  5589 I KeyboardModeUtils: KeyboardModeUtils.getKeyboardBottomOffset():435 inch: 0.000000 ydpi: 387.429993 adjustKeyboardBottomByDisplaySize: false currentDensityDpi: 440 defaultDensityDpi: 440 keyboardBottomToScreenPx: 0 keyboardBottomToNavBarPx: -116 navBarHeight: 116
10-19 15:49:45.095  5589  5589 I KeyboardHeightUtil: KeyboardHeightUtil.calculateMaxKeyboardBodyHeight():50 leave 267 height for app when ime window height:2171, header height:121 and isFullscreenMode:false, so the max keyboard body height is:1783
10-19 15:49:45.095  5589  5589 I KeyboardHeightUtil: KeyboardHeightUtil.calculateMaxKeyboardBodyHeight():50 leave 267 height for app when ime window height:2171, header height:121 and isFullscreenMode:false, so the max keyboard body height is:1783
10-19 15:49:45.095  5589  5589 I AndroidIME: KeyboardViewManager.updateKeyboardBodyViewHolderPaddingBottom():472 Set finalPaddingBottom = 5 while holderPaddingBottom = 5; navigationHeight = 116
10-19 15:49:45.138  5589  5589 W TooltipLifecycleManager: TooltipLifecycleManager.dismissTooltips():153 Tooltip with id SUGGESTION_VIEW_EDU_MINI_DIALOG not found in tooltipManager.
10-19 15:49:45.142  3458  3458 V InlineSuggestionRenderService: Releasing inline suggestion view host
10-19 15:49:45.154  3458  3458 D BLASTBufferQueue: [VRI[]#438](f:0,a:4) destructor()
10-19 15:49:45.154  3458  3458 D BufferQueueConsumer: [VRI[]#438(BLAST Consumer)438](id:d82000001b6,api:0,p:-1,c:3458) disconnect
10-19 15:49:45.158  3458  3458 V InlineSuggestionRenderService: Removed the inline suggestion from the cache, current size=0
10-19 15:49:45.230  5589  5589 W TooltipLifecycleManager: TooltipLifecycleManager.dismissTooltips():153 Tooltip with id SUGGESTION_VIEW_EDU_MINI_DIALOG not found in tooltipManager.
10-19 15:49:45.999 21104 21188 I ActivityScheduler: nextTriggerTime: 1313595362, in 240000ms, detectorType: 39, FULL_TYPE alarmWindowMillis: 30000
10-19 15:49:46.034  3525  5460 E GoogleApiManager: Failed to get service from broker. 
10-19 15:49:46.034  3525  5460 E GoogleApiManager: java.lang.SecurityException: Unknown calling package name 'com.google.android.gms'.
10-19 15:49:46.034  3525  5460 E GoogleApiManager: 	at android.os.Parcel.createExceptionOrNull(Parcel.java:3256)
10-19 15:49:46.034  3525  5460 E GoogleApiManager: 	at android.os.Parcel.createException(Parcel.java:3240)
10-19 15:49:46.034  3525  5460 E GoogleApiManager: 	at android.os.Parcel.readException(Parcel.java:3223)
10-19 15:49:46.034  3525  5460 E GoogleApiManager: 	at android.os.Parcel.readException(Parcel.java:3165)
10-19 15:49:46.034  3525  5460 E GoogleApiManager: 	at bbrc.a(:com.google.android.gms@254031035@25.40.31 (260400-816341114):36)
10-19 15:49:46.034  3525  5460 E GoogleApiManager: 	at bbpd.z(:com.google.android.gms@254031035@25.40.31 (260400-816341114):143)
10-19 15:49:46.034  3525  5460 E GoogleApiManager: 	at bavu.run(:com.google.android.gms@254031035@25.40.31 (260400-816341114):42)
10-19 15:49:46.034  3525  5460 E GoogleApiManager: 	at android.os.Handler.handleCallback(Handler.java:1014)
10-19 15:49:46.034  3525  5460 E GoogleApiManager: 	at android.os.Handler.dispatchMessage(Handler.java:102)
10-19 15:49:46.034  3525  5460 E GoogleApiManager: 	at cmsh.mC(:com.google.android.gms@254031035@25.40.31 (260400-816341114):1)
10-19 15:49:46.034  3525  5460 E GoogleApiManager: 	at cmsh.dispatchMessage(:com.google.android.gms@254031035@25.40.31 (260400-816341114):5)
10-19 15:49:46.034  3525  5460 E GoogleApiManager: 	at android.os.Looper.loopOnce(Looper.java:250)
10-19 15:49:46.034  3525  5460 E GoogleApiManager: 	at android.os.Looper.loop(Looper.java:340)
10-19 15:49:46.034  3525  5460 E GoogleApiManager: 	at android.os.HandlerThread.run(HandlerThread.java:107)
10-19 15:49:46.046  3525  5366 I System.out: [[Dispatchers.Default.limitedParallelism(1)][bolt-manager][debug][bolt-v2][BoltControlManager]:message[bolt clock triggered, queue operations will be executed now..]
10-19 15:49:46.049  3525  5273 I System.out: [[Dispatchers.Default][bolt-default][debug][bolt-v2][BoltControlManager]:message[bolt clock is registered for [2000] delay]
10-19 15:49:46.061  3525  5273 I System.out: event name is DATA_SERVICE_URL_INIT_EVENT, category NETWORK_CALL , meta: {baseUrl=https://apicp1.phonepe.com, subUrl=apis/dp-ingestion-api/ingestion/v1/bulk, dataServiceUrlInitTime=1}
10-19 15:49:46.104  3525  5366 I System.out: [[Dispatchers.Default.limitedParallelism(1)][bolt-manager][debug][bolt-v2][BoltControlManager]:message[execution called for name [BoltCtl and item [PeriodicCheckQueueOperation(uniqueName=BoltCtl, retryConfig=com.phonepe.boltV2Sdk.external.w@12cbb86, logger=com.phonepe.boltV2Sdk.internal.logger.core.DebugLogger@d2dc47, analyticManager=com.phonepe.boltV2Sdk.internal.BoltAnalyticManager@463cd80, immediateExecute=false, queueOperationType=BOLT_PERIODIC_OPERATION, block=(com.phonepe.boltV2Sdk.internal.boltctl.queueOperations.QueueOperation) -> kotlin.Boolean)]]
10-19 15:49:46.105  3525  5366 I System.out: [[Dispatchers.Default.limitedParallelism(1)][bolt-manager][debug][bolt-v2][g]:message[Queue operation with name [BoltCtl retry started, checking for retry limits..]
10-19 15:49:46.106  3525  5366 I System.out: [[Dispatchers.Default.limitedParallelism(1)][bolt-manager][debug][bolt-v2][g]:message[Queue operation with name [BoltCtl retry limits not reached, checking for waiting window before execution..]
10-19 15:49:46.106  3525  5366 I System.out: [[Dispatchers.Default.limitedParallelism(1)][bolt-manager][debug][bolt-v2][g]:message[Queue operation with name [BoltCtl retry limits not reached, waiting window is completed, ready to execute in 3.2.1..]
10-19 15:49:46.107  3525  5366 I System.out: [[e@d3ed186][unknown][info][bolt-v2][BoltManager]:message[periodic check operation running]
10-19 15:49:46.109  3525  5366 I System.out: [[Dispatchers.Default.limitedParallelism(1)][bolt-manager][debug][bolt-v2][BoltManager]:message[updatePredicate is Called by PeriodicCheckPredicate with value true]
10-19 15:49:46.113  3525  5366 I System.out: [[Dispatchers.Default.limitedParallelism(1)][bolt-manager][debug][bolt-v2][ConnectionManager]:message[Predicate a is not ready for making connection]
10-19 15:49:46.114  3525  5366 I System.out: [[Dispatchers.Default.limitedParallelism(1)][bolt-manager][debug][bolt-v2][BoltManager]:message[all predicates are evaluated, result [false]]
10-19 15:49:46.115  3525  5366 I System.out: [[Dispatchers.Default.limitedParallelism(1)][bolt-manager][debug][bolt-v2][BoltManager]:message[calculated is there any listener which is still active, result [true]]
10-19 15:49:46.117  3525  5366 I System.out: [[Dispatchers.Default.limitedParallelism(1)][bolt-manager][debug][bolt-v2][BoltManager]:message[calculated should bolt manager proceed with connection attempt for CONNECT_AGGRESSIVELY with predicate PeriodicCheckPredicate, result [false]]
10-19 15:49:46.117  3525  5366 I System.out: [[Dispatchers.Default.limitedParallelism(1)][bolt-manager][debug][bolt-v2][BoltManager]:message[connection state [DISCONNECTED] and the connection verdict [false] is same, no need to proceed further.]
10-19 15:49:46.119  3525  5366 I System.out: [[Dispatchers.Default.limitedParallelism(1)][bolt-manager][debug][bolt-v2][g]:message[Queue operation with name [BoltCtl] retried.]
10-19 15:49:46.120  3525  5366 I System.out: [[Dispatchers.Default.limitedParallelism(1)][bolt-manager][debug][bolt-v2][BoltControlManager]:message[execution completed for name [BoltCtl and item [PeriodicCheckQueueOperation(uniqueName=BoltCtl, retryConfig=com.phonepe.boltV2Sdk.external.w@12cbb86, logger=com.phonepe.boltV2Sdk.internal.logger.core.DebugLogger@d2dc47, analyticManager=com.phonepe.boltV2Sdk.internal.BoltAnalyticManager@463cd80, immediateExecute=false, queueOperationType=BOLT_PERIODIC_OPERATION, block=(com.phonepe.boltV2Sdk.internal.boltctl.queueOperations.QueueOperation) -> kotlin.Boolean)], checking for GC status]
10-19 15:49:46.121  3525  5366 I System.out: [[Dispatchers.Default.limitedParallelism(1)][bolt-manager][debug][bolt-v2][BoltControlManager]:message[execution called for name [StateValidationQueueOperation and item [StateInactiveTimeQueueOperation(uniqueName=StateValidationQueueOperation, retryConfig=com.phonepe.boltV2Sdk.external.w@d664ab2, logger=com.phonepe.boltV2Sdk.internal.logger.core.DebugLogger@6fc3a03, analyticManager=com.phonepe.boltV2Sdk.internal.BoltAnalyticManager@463cd80, immediateExecute=true, queueOperationType=STATE_INACTIVE_TIME_QUEUE_OPERATION, block=(com.phonepe.boltV2Sdk.internal.boltctl.queueOperations.QueueOperation) -> kotlin.Boolean)]]
10-19 15:49:46.121  3525  5366 I System.out: [[Dispatchers.Default.limitedParallelism(1)][bolt-manager][debug][bolt-v2][i]:message[Queue operation with name [StateValidationQueueOperation retry started, checking for retry limits..]
10-19 15:49:46.122  3525  5366 I System.out: [[Dispatchers.Default.limitedParallelism(1)][bolt-manager][debug][bolt-v2][i]:message[Queue operation with name [StateValidationQueueOperation retry limits not reached, checking for waiting window before execution..]
10-19 15:49:46.122  3525  5366 I System.out: [[Dispatchers.Default.limitedParallelism(1)][bolt-manager][debug][bolt-v2][i]:message[Queue operation with name [StateValidationQueueOperation retry limits not reached, waiting window is completed, ready to execute in 3.2.1..]
10-19 15:49:46.122  3525  5366 I System.out: [[e@b3a3a47][unknown][info][bolt-v2][BoltManager]:message[state validation operation running]
10-19 15:49:46.122  3525  5366 I System.out: [[Dispatchers.Default.limitedParallelism(1)][bolt-manager][debug][bolt-v2][i]:message[Queue operation with name [StateValidationQueueOperation] retried.]
10-19 15:49:46.123  3525  5366 I System.out: [[Dispatchers.Default.limitedParallelism(1)][bolt-manager][debug][bolt-v2][BoltControlManager]:message[execution completed for name [StateValidationQueueOperation and item [StateInactiveTimeQueueOperation(uniqueName=StateValidationQueueOperation, retryConfig=com.phonepe.boltV2Sdk.external.w@d664ab2, logger=com.phonepe.boltV2Sdk.internal.logger.core.DebugLogger@6fc3a03, analyticManager=com.phonepe.boltV2Sdk.internal.BoltAnalyticManager@463cd80, immediateExecute=true, queueOperationType=STATE_INACTIVE_TIME_QUEUE_OPERATION, block=(com.phonepe.boltV2Sdk.internal.boltctl.queueOperations.QueueOperation) -> kotlin.Boolean)], checking for GC status]
10-19 15:49:46.387  5589  5589 I KeyboardWrapper: KeyboardWrapper.switchToKeyboard():676 switchToKeyboard(): type=symbol, status=ACTIVE
10-19 15:49:46.388  5589  5589 I KeyboardManager: KeyboardManager.requestKeyboard():248 Creating keyboard symbol, imeId=password, cacheKey=theme,!gsf,!pgsans,!pgsf,!use_system_font,BORDER,FLAVOR_DPI=XXHDPI,GOOGLE_ICONS,KEYBOARD_WIDTH_CATEGORY=NORMAL,KEY_BORDER_SHAPE=1,LIGHT_THEME=false,PHYSICAL_DIAGONAL=5.748144,POPUP,SCREEN_SHORTEST_WIDTH=393,SCREEN_SHORTEST_WIDTH_NO_SCALE=393,XXHDPI,bottom4dp,enable_emoji_kitchen_browse_color_v2=true,enable_google_fonts_icons=true,enable_popup_on_keypress=true,keyboard_redesign_google_sans=true,non_linear_scale,noshadow,overlay_builtin_dynamic_color_dark_base.binarypb:gm3-dark-ff131313-ffffffff-4d9204e36e3ccb6a165e3e3dbe763ce0,roundedchip,silkpopup
10-19 15:49:46.388  5589  5589 I KeyboardWrapper: KeyboardWrapper.onKeyboardReady():224 onKeyboardReady(): type=prime(symbol), kb=com.google.android.apps.inputmethod.latin.keyboard.LatinSymbolsKeyboard@6013964
10-19 15:49:46.389  5589  5589 I VoiceInputManager: VoiceInputManager.onKeyboardActivated():1173 onKeyboardActivated() [UD]
10-19 15:49:46.389  5589  5589 I HardKeyTracker: HardKeyTracker.unregisterKeySequence():221 Unregister key sequence nfz{labelResId=2132020506, callback=cgp@8fae5c9, lastModifier=2, keyCodes=[47], actions=[0]}
10-19 15:49:46.389  5589  5589 I HardKeyTracker: HardKeyTracker.registerKeySequence():170 Register key sequence nfz{labelResId=2132020506, callback=cgp@a918b7d, lastModifier=2, keyCodes=[47], actions=[0]}
10-19 15:49:46.389  5589  5589 I KeyboardWrapper: KeyboardWrapper.doActivateKeyboard():611 doActivateKeyboard(): symbol
10-19 15:49:46.412  5589  5589 I KeyboardHeightUtil: KeyboardHeightUtil.calculateMaxKeyboardBodyHeight():50 leave 267 height for app when ime window height:2171, header height:121 and isFullscreenMode:false, so the max keyboard body height is:1783
10-19 15:49:46.413  5589  5589 W TooltipLifecycleManager: TooltipLifecycleManager.dismissTooltips():153 Tooltip with id undo_access_point_promotion_banner not found in tooltipManager.
