10-19 23:08:45.510  5946 15987 E unknown:ReactNative: _callReactNativeMicrotasksPass@1:135369
10-19 23:08:45.510  5946 15987 E unknown:ReactNative: callReactNativeMicrotasks@1:137289
10-19 23:08:45.510  5946 15987 E unknown:ReactNative: __callReactNativeMicrotasks@1:101038
10-19 23:08:45.510  5946 15987 E unknown:ReactNative: anonymous@1:100174
10-19 23:08:45.510  5946 15987 E unknown:ReactNative: __guard@1:100912
10-19 23:08:45.510  5946 15987 E unknown:ReactNative: flushedQueue@1:100085
10-19 23:08:45.510  5946 15987 E unknown:ReactNative: invokeCallbackAndReturnFlushedQueue@1:100028
10-19 23:08:47.221  7096  7120 I native  : I0000 00:00:1760895527.221200    7120 soda_async_impl.cc:1383] Current audio timestamp: 1760895527104684
10-19 23:08:47.260  7096  7126 W ProxyAndroidLoggerBackend: Too many Flogger logs received before configuration. Dropping old logs.
10-19 23:08:48.325  5589  5589 I GoogleInputMethodService: GoogleInputMethodService.onFinishInput():2085 
10-19 23:08:48.327  5589  5589 I Module  : DeviceLockedStatusModuleProvider$Module.updateDeviceLockedStatus():100 repeatCheckTimes = 0, locked = false
10-19 23:08:48.329  5589  5589 I GoogleInputMethodService: GoogleInputMethodService.onStartInput():1346 onStartInput(EditorInfo{EditorInfo{packageName=com.a1taxi.a1taxicustomer, inputType=0, inputTypeString=NULL, enableLearning=false, autoCorrection=false, autoComplete=false, imeOptions=0, privateImeOptions=null, actionName=UNSPECIFIED, actionLabel=null, initialSelStart=-1, initialSelEnd=-1, initialCapsMode=0, label=null, fieldId=0, fieldName=null, extras=null, hintText=null, hintLocales=[]}}, false)
10-19 23:08:48.332  5589  5589 I Module  : DeviceLockedStatusModuleProvider$Module.updateDeviceLockedStatus():100 repeatCheckTimes = 1, locked = false
10-19 23:08:50.432 21104 21188 W Settings: Setting airplane_mode_on has moved from android.provider.Settings.System to android.provider.Settings.Global, returning read-only value.
10-19 23:08:50.439 21104 17668 W SystemServiceRegistry: No service published for: wifirtt
10-19 23:08:50.445  5946  5946 I TaskService: Handling intent with task name 'background-location-task' and app scoping identifier 'com.a1taxi.driverpro'.
10-19 23:08:50.509 21104 21184 I FusedLocation: (REDACTED) location delivery to %s blocked - too fast
10-19 23:08:50.509 21104 21184 I FusedLocation: (REDACTED) location delivery to %s blocked - too close
10-19 23:08:50.510 21104 21184 I FusedLocation: (REDACTED) location delivery to %s blocked - too close
10-19 23:08:50.510 21104 21184 I FusedLocation: (REDACTED) location delivery to %s blocked - too close
10-19 23:08:50.517  5946  5946 I TaskService: Handling intent with task name 'background-location-task' and app scoping identifier 'com.a1taxi.driverpro'.
10-19 23:08:50.520  5946  5946 W JobInfo : Job 'com.a1taxi.driverpro/expo.modules.taskManager.TaskJobService#0' has a deadline with no functional constraints. The deadline won't improve job execution latency. Consider removing the deadline.
10-19 23:08:50.527  5946  5946 I TaskService: Handling job with task name 'background-location-task' for app with scoping identifier 'com.a1taxi.driverpro'.
10-19 23:08:50.528  5946 15986 I ReactNativeJS: '📍 Background location update:', [ { timestamp: 1760895530436,
10-19 23:08:50.528  5946 15986 I ReactNativeJS:     mocked: false,
10-19 23:08:50.528  5946 15986 I ReactNativeJS:     coords: 
10-19 23:08:50.528  5946 15986 I ReactNativeJS:      { altitude: 772.5999755859375,
10-19 23:08:50.528  5946 15986 I ReactNativeJS:        heading: 0,
10-19 23:08:50.528  5946 15986 I ReactNativeJS:        altitudeAccuracy: 1.376067042350769,
10-19 23:08:50.528  5946 15986 I ReactNativeJS:        latitude: 12.7486535,
10-19 23:08:50.528  5946 15986 I ReactNativeJS:        speed: 0.00027527124620974064,
10-19 23:08:50.528  5946 15986 I ReactNativeJS:        longitude: 77.8299947,
10-19 23:08:50.528  5946 15986 I ReactNativeJS:        accuracy: 2.4000000953674316 } } ]
10-19 23:08:50.531  5946 15986 I ReactNativeJS: 📤 Background location update via RPC...
10-19 23:08:50.531  5946 15986 E ReactNativeJS: ❌ Supabase credentials not configured
10-19 23:08:50.534  5946 15978 I TaskService: Finished task 'background-location-task' with eventId 'c3bdf0e9-e38c-4b3e-8dae-45b003672c19'.
10-19 23:08:50.538  5946 15987 E unknown:ReactNative: console.error: ❌ Supabase credentials not configured, js engine: hermes, stack:
10-19 23:08:50.538  5946 15987 E unknown:ReactNative: _construct@1:117842
10-19 23:08:50.538  5946 15987 E unknown:ReactNative: Wrapper@1:117496
10-19 23:08:50.538  5946 15987 E unknown:ReactNative: _callSuper@1:115478
10-19 23:08:50.538  5946 15987 E unknown:ReactNative: SyntheticError@1:116983
10-19 23:08:50.538  5946 15987 E unknown:ReactNative: reactConsoleErrorHandler@1:116629
10-19 23:08:50.538  5946 15987 E unknown:ReactNative: ?anon_0_@1:1972482
10-19 23:08:50.538  5946 15987 E unknown:ReactNative: asyncGeneratorStep@1:573256
10-19 23:08:50.538  5946 15987 E unknown:ReactNative: _next@1:573513
10-19 23:08:50.538  5946 15987 E unknown:ReactNative: anonymous@1:136226
10-19 23:08:50.538  5946 15987 E unknown:ReactNative: _callTimer@1:135225
10-19 23:08:50.538  5946 15987 E unknown:ReactNative: _callReactNativeMicrotasksPass@1:135369
10-19 23:08:50.538  5946 15987 E unknown:ReactNative: callReactNativeMicrotasks@1:137289
10-19 23:08:50.538  5946 15987 E unknown:ReactNative: __callReactNativeMicrotasks@1:101038
10-19 23:08:50.538  5946 15987 E unknown:ReactNative: anonymous@1:100174
10-19 23:08:50.538  5946 15987 E unknown:ReactNative: __guard@1:100912
10-19 23:08:50.538  5946 15987 E unknown:ReactNative: flushedQueue@1:100085
10-19 23:08:50.538  5946 15987 E unknown:ReactNative: invokeCallbackAndReturnFlushedQueue@1:100028
10-19 23:08:50.572 21104 17775 I TFLite-in-PlayServices: Created interpreter.
10-19 23:08:50.596 21104 17775 I TFLite-in-PlayServices: Created interpreter.
10-19 23:08:50.621 21104 17775 I SemanticLocation: (REDACTED) [Inferrer] %s%s
10-19 23:08:50.925 21104 24145 I WifiScanner: onFullResults
10-19 23:08:50.925 21104 22003 I WifiScanner: onFullResults
10-19 23:08:50.926 21104 22617 I WifiScanner: onFullResults
10-19 23:08:50.934 21104 17775 I FrewleTileCacheManagerV: (REDACTED) Fetched %d AP models from cache
10-19 23:08:50.955 21104 21184 I FusedLocation: (REDACTED) location delivery to %s blocked - too fast
10-19 23:08:50.956 21104 21184 I FusedLocation: (REDACTED) location delivery to %s blocked - too close
10-19 23:08:50.956 21104 21184 I FusedLocation: (REDACTED) location delivery to %s blocked - too fast
10-19 23:08:50.956 21104 21184 I FusedLocation: (REDACTED) location delivery to %s blocked - too close
10-19 23:08:50.956 21104 21184 I FusedLocation: (REDACTED) location delivery to %s blocked - too fast
10-19 23:08:50.956 21104 21184 I FusedLocation: (REDACTED) location delivery to %s blocked - too close
10-19 23:08:50.956 21104 21184 I FusedLocation: (REDACTED) location delivery to %s blocked - too fast
10-19 23:08:50.957 21104 21184 I fznc    : Received empty WiFi-RTT scan. [CONTEXT service_id=6 ]
10-19 23:08:54.985 21104 17824 I FusedOrientationManager: Registering orientation client. [CONTEXT service_id=6 ]
10-19 23:08:54.997 21104 17824 I FusedOrientationManager: Registering orientation client. [CONTEXT service_id=6 ]
10-19 23:08:55.449  1870  3607 D BatteryStatsService: noteVideoSurfaceChanged  noteWhich: 49,arg1: -1, arg2: -1, arg3: 4859, arg4: 7412, name: com.a1taxi.a1taxicustomer
10-19 23:08:55.503 21104 21184 I FusedLocation: (REDACTED) location delivery to %s blocked - too fast
10-19 23:08:55.504 21104 21184 I FusedLocation: (REDACTED) location delivery to %s blocked - too close
10-19 23:08:55.504 21104 21184 I FusedLocation: (REDACTED) location delivery to %s blocked - too close
10-19 23:08:55.505 21104 21184 I FusedLocation: (REDACTED) location delivery to %s blocked - too close
10-19 23:08:55.506 21104 21184 I FusedLocation: (REDACTED) location delivery to %s blocked - too fast
10-19 23:08:55.926 21104 21188 W Settings: Setting airplane_mode_on has moved from android.provider.Settings.System to android.provider.Settings.Global, returning read-only value.
10-19 23:08:55.933 21104 17827 W SystemServiceRegistry: No service published for: wifirtt
10-19 23:08:55.956 21104 22617 I WifiScanner: onFullResults
10-19 23:08:55.957 21104 24145 I WifiScanner: onFullResults
10-19 23:08:55.957 21104 22617 I WifiScanner: onFullResults
10-19 23:08:56.005 21104 17775 I FrewleTileCacheManagerV: (REDACTED) Fetched %d AP models from cache
10-19 23:08:56.045 21104 21184 I FusedLocation: (REDACTED) location delivery to %s blocked - too fast
10-19 23:08:56.045 21104 21184 I FusedLocation: (REDACTED) location delivery to %s blocked - too close
10-19 23:08:56.046 21104 21184 I FusedLocation: (REDACTED) location delivery to %s blocked - too fast
10-19 23:08:56.046 21104 21184 I FusedLocation: (REDACTED) location delivery to %s blocked - too close
10-19 23:08:56.046 21104 21184 I FusedLocation: (REDACTED) location delivery to %s blocked - too fast
10-19 23:08:56.046 21104 21184 I FusedLocation: (REDACTED) location delivery to %s blocked - too close
10-19 23:08:56.048 21104 21184 I FusedLocation: (REDACTED) location delivery to %s blocked - too fast
10-19 23:08:56.051 21104 21184 I fznc    : Received empty WiFi-RTT scan. [CONTEXT service_id=6 ]
10-19 23:09:00.515 21104 21184 I FusedLocation: (REDACTED) location delivery to %s blocked - too fast
10-19 23:09:00.516 21104 21184 I FusedLocation: (REDACTED) location delivery to %s blocked - too close
10-19 23:09:00.516 21104 21184 I FusedLocation: (REDACTED) location delivery to %s blocked - too close
10-19 23:09:00.517 21104 21184 I FusedLocation: (REDACTED) location delivery to %s blocked - too close
10-19 23:09:00.518 21104 21184 I FusedLocation: (REDACTED) location delivery to %s blocked - too fast
10-19 23:09:00.956 21104 21188 W Settings: Setting airplane_mode_on has moved from android.provider.Settings.System to android.provider.Settings.Global, returning read-only value.
10-19 23:09:00.962 21104 17827 W SystemServiceRegistry: No service published for: wifirtt
10-19 23:09:01.700 21104 22003 I WifiScanner: onFullResults
10-19 23:09:01.700 21104 22617 I WifiScanner: onFullResults
10-19 23:09:01.700 21104 24145 I WifiScanner: onFullResults
10-19 23:09:01.708 21104 17775 I FrewleTileCacheManagerV: (REDACTED) Fetched %d AP models from cache
10-19 23:09:01.733 21104 21184 I FusedLocation: (REDACTED) location delivery to %s blocked - too fast
10-19 23:09:01.733 21104 21184 I FusedLocation: (REDACTED) location delivery to %s blocked - too close
10-19 23:09:01.734 21104 21184 I FusedLocation: (REDACTED) location delivery to %s blocked - too close
10-19 23:09:01.734 21104 21184 I FusedLocation: (REDACTED) location delivery to %s blocked - too fast
10-19 23:09:01.734 21104 21184 I FusedLocation: (REDACTED) location delivery to %s blocked - too close
10-19 23:09:01.736 21104 21184 I FusedLocation: (REDACTED) location delivery to %s blocked - too fast
10-19 23:09:01.737 21104 21184 I fznc    : Received empty WiFi-RTT scan. [CONTEXT service_id=6 ]
10-19 23:09:02.512 18831 18857 I Finsky  : [45982] Stats for Executor: LightweightExecutor ubw@691a097[Running, pool size = 4, active threads = 0, queued tasks = 0, completed tasks = 8679]
10-19 23:09:02.513 18831 18857 I Finsky  : [45982] Stats for Executor: BlockingExecutor ubw@6b99284[Running, pool size = 0, active threads = 0, queued tasks = 0, completed tasks = 931]
10-19 23:09:02.513 18831 18857 I Finsky  : [45982] Stats for Executor: bgExecutor ubw@dbfca6d[Running, pool size = 4, active threads = 0, queued tasks = 0, completed tasks = 18190]
10-19 23:09:05.504 21104 21184 I FusedLocation: (REDACTED) location delivery to %s blocked - too fast
10-19 23:09:05.504 21104 21184 I FusedLocation: (REDACTED) location delivery to %s blocked - too close
10-19 23:09:05.505 21104 21184 I FusedLocation: (REDACTED) location delivery to %s blocked - too close
10-19 23:09:05.507 21104 21184 I FusedLocation: (REDACTED) location delivery to %s blocked - too close
10-19 23:09:05.512 21104 17668 I SemanticLocation: [InfMgr] No location reports after filtering [CONTEXT service_id=173 ]
10-19 23:09:06.382 21104 17863 I PhenotypeResourceReader: unable to find any Phenotype resource metadata for com.a1taxi.a1taxicustomer
10-19 23:09:06.441  1870  3346 D BatteryStatsService: noteVideoSurfaceChanged  noteWhich: 49,arg1: 970, arg2: 825, arg3: 4859, arg4: 7811, name: com.a1taxi.a1taxicustomer
10-19 23:09:06.701 21104 21188 W Settings: Setting airplane_mode_on has moved from android.provider.Settings.System to android.provider.Settings.Global, returning read-only value.
10-19 23:09:06.705 21104 17046 W SystemServiceRegistry: No service published for: wifirtt
10-19 23:09:06.717 21104 22003 I WifiScanner: onFullResults
10-19 23:09:06.717 21104 24145 I WifiScanner: onFullResults
10-19 23:09:06.719 21104 22617 I WifiScanner: onFullResults
10-19 23:09:06.778 21104 17827 I FrewleTileCacheManagerV: (REDACTED) Fetched %d AP models from cache
10-19 23:09:06.802 21104 21184 I FusedLocation: (REDACTED) location delivery to %s blocked - too fast
10-19 23:09:06.802 21104 21184 I FusedLocation: (REDACTED) location delivery to %s blocked - too close
10-19 23:09:06.802 21104 21184 I FusedLocation: (REDACTED) location delivery to %s blocked - too close
10-19 23:09:06.802 21104 21184 I FusedLocation: (REDACTED) location delivery to %s blocked - too fast
10-19 23:09:06.802 21104 21184 I FusedLocation: (REDACTED) location delivery to %s blocked - too close
10-19 23:09:06.803 21104 21184 I FusedLocation: (REDACTED) location delivery to %s blocked - too fast
10-19 23:09:06.804 21104 21184 I fznc    : Received empty WiFi-RTT scan. [CONTEXT service_id=6 ]
10-19 23:09:07.093 21163 21163 D BoundBrokerSvc: onUnbind: Intent { act=com.google.android.gms.common.BIND_SHARED_PREFS pkg=com.google.android.gms }
10-19 23:09:08.087 21104 21184 I FusedLocation: (REDACTED) location delivery to %s blocked - too fast
10-19 23:09:08.087 21104 21184 I FusedLocation: (REDACTED) location delivery to %s blocked - too close
10-19 23:09:08.089 21104 21184 I FusedLocation: (REDACTED) location delivery to %s blocked - too close
10-19 23:09:08.089 21104 21184 I FusedLocation: (REDACTED) location delivery to %s blocked - too fast
10-19 23:09:08.089 21104 21184 I FusedLocation: (REDACTED) location delivery to %s blocked - too close
10-19 23:09:08.091 21104 21184 I FusedLocation: (REDACTED) location delivery to %s blocked - too fast
10-19 23:09:08.757  5589  5589 I GoogleInputMethodService: GoogleInputMethodService.onFinishInput():2085 
10-19 23:09:08.758  5589  5589 I Module  : DeviceLockedStatusModuleProvider$Module.updateDeviceLockedStatus():100 repeatCheckTimes = 0, locked = false
10-19 23:09:08.760  5589  5589 I GoogleInputMethodService: GoogleInputMethodService.onStartInput():1346 onStartInput(EditorInfo{EditorInfo{packageName=com.a1taxi.a1taxicustomer, inputType=0, inputTypeString=NULL, enableLearning=false, autoCorrection=false, autoComplete=false, imeOptions=0, privateImeOptions=null, actionName=UNSPECIFIED, actionLabel=null, initialSelStart=-1, initialSelEnd=-1, initialCapsMode=0, label=null, fieldId=0, fieldName=null, extras=null, hintText=null, hintLocales=[]}}, false)
10-19 23:09:08.761  5589  5589 I Module  : DeviceLockedStatusModuleProvider$Module.updateDeviceLockedStatus():100 repeatCheckTimes = 1, locked = false
10-19 23:09:10.502 21104 21184 I FusedLocation: (REDACTED) location delivery to %s blocked - too fast
10-19 23:09:10.502 21104 21184 I FusedLocation: (REDACTED) location delivery to %s blocked - too close
10-19 23:09:10.504 21104 21184 I FusedLocation: (REDACTED) location delivery to %s blocked - too close
10-19 23:09:10.505 21104 21184 I FusedLocation: (REDACTED) location delivery to %s blocked - too close
10-19 23:09:10.506 21104 21184 I FusedLocation: (REDACTED) location delivery to %s blocked - too fast
10-19 23:09:11.722 21104 21188 W Settings: Setting airplane_mode_on has moved from android.provider.Settings.System to android.provider.Settings.Global, returning read-only value.
10-19 23:09:11.728 21104 17668 W SystemServiceRegistry: No service published for: wifirtt
10-19 23:09:12.219 18831 18857 I Finsky  : [45982] Stats for Executor: GrpcBackgroundExecutor ubw@6657fa[Running, pool size = 4, active threads = 0, queued tasks = 0, completed tasks = 27]
10-19 23:09:12.476 21104 21332 I WifiScanner: onFullResults
10-19 23:09:12.477 21104 21249 I WifiScanner: onFullResults
10-19 23:09:12.477 21104 21332 I WifiScanner: onFullResults
10-19 23:09:12.489 21104 17827 I FrewleTileCacheManagerV: (REDACTED) Fetched %d AP models from cache
10-19 23:09:12.508 21104 21184 I FusedLocation: (REDACTED) location delivery to %s blocked - too fast
10-19 23:09:12.508 21104 21184 I FusedLocation: (REDACTED) location delivery to %s blocked - too close
10-19 23:09:12.509 21104 21184 I FusedLocation: (REDACTED) location delivery to %s blocked - too close
10-19 23:09:12.509 21104 21184 I FusedLocation: (REDACTED) location delivery to %s blocked - too fast
10-19 23:09:12.509 21104 21184 I FusedLocation: (REDACTED) location delivery to %s blocked - too close
10-19 23:09:12.509 21104 21184 I FusedLocation: (REDACTED) location delivery to %s blocked - too fast
10-19 23:09:12.513 21104 21184 I fznc    : Received empty WiFi-RTT scan. [CONTEXT service_id=6 ]
10-19 23:09:15.507 21104 21184 I FusedLocation: (REDACTED) location delivery to %s blocked - too fast
10-19 23:09:15.507 21104 21184 I FusedLocation: (REDACTED) location delivery to %s blocked - too close
10-19 23:09:15.508 21104 21184 I FusedLocation: (REDACTED) location delivery to %s blocked - too close
10-19 23:09:15.509 21104 21184 I FusedLocation: (REDACTED) location delivery to %s blocked - too close
10-19 23:09:15.510 21104 21184 I FusedLocation: (REDACTED) location delivery to %s blocked - too fast
10-19 23:09:17.225  7096  7120 I native  : I0000 00:00:1760895557.224902    7120 soda_async_impl.cc:1383] Current audio timestamp: 1760895557104684
10-19 23:09:17.261  7096  7126 W ProxyAndroidLoggerBackend: Too many Flogger logs received before configuration. Dropping old logs.
10-19 23:09:17.472 21104 21188 W Settings: Setting airplane_mode_on has moved from android.provider.Settings.System to android.provider.Settings.Global, returning read-only value.
10-19 23:09:17.477 21104 17046 W SystemServiceRegistry: No service published for: wifirtt
10-19 23:09:17.499 21104 21249 I WifiScanner: onFullResults
10-19 23:09:17.500 21104 22225 I WifiScanner: onFullResults
10-19 23:09:17.500 21104 21332 I WifiScanner: onFullResults
10-19 23:09:17.534 21104 17668 I FrewleTileCacheManagerV: (REDACTED) Fetched %d AP models from cache
10-19 23:09:17.559 21104 21184 I FusedLocation: (REDACTED) location delivery to %s blocked - too fast
10-19 23:09:17.559 21104 21184 I FusedLocation: (REDACTED) location delivery to %s blocked - too close
10-19 23:09:17.560 21104 21184 I FusedLocation: (REDACTED) location delivery to %s blocked - too close
10-19 23:09:17.560 21104 21184 I FusedLocation: (REDACTED) location delivery to %s blocked - too fast
10-19 23:09:17.560 21104 21184 I FusedLocation: (REDACTED) location delivery to %s blocked - too close
10-19 23:09:17.561 21104 21184 I FusedLocation: (REDACTED) location delivery to %s blocked - too fast
10-19 23:09:17.563 21104 21184 I fznc    : Received empty WiFi-RTT scan. [CONTEXT service_id=6 ]
10-19 23:09:20.509 21104 21184 I FusedLocation: (REDACTED) location delivery to %s blocked - too fast
10-19 23:09:20.510 21104 21184 I FusedLocation: (REDACTED) location delivery to %s blocked - too close
10-19 23:09:20.510 21104 21184 I FusedLocation: (REDACTED) location delivery to %s blocked - too close
10-19 23:09:20.511 21104 21184 I FusedLocation: (REDACTED) location delivery to %s blocked - too close
10-19 23:09:20.580 21104 17668 I TFLite-in-PlayServices: Created interpreter.
10-19 23:09:20.605 21104 17668 I TFLite-in-PlayServices: Created interpreter.
10-19 23:09:20.632 21104 17668 I SemanticLocation: (REDACTED) [Inferrer] %s%s
10-19 23:09:22.503 21104 21188 W Settings: Setting airplane_mode_on has moved from android.provider.Settings.System to android.provider.Settings.Global, returning read-only value.
10-19 23:09:22.510 21104 17046 W SystemServiceRegistry: No service published for: wifirtt
10-19 23:09:23.249 21104 21332 I WifiScanner: onFullResults
10-19 23:09:23.250 21104 24145 I WifiScanner: onFullResults
10-19 23:09:23.251 21104 22225 I WifiScanner: onFullResults
10-19 23:09:23.258 21104 17827 I FrewleTileCacheManagerV: (REDACTED) Fetched %d AP models from cache
10-19 23:09:23.296 21104 21184 I FusedLocation: (REDACTED) location delivery to %s blocked - too fast
10-19 23:09:23.296 21104 21184 I FusedLocation: (REDACTED) location delivery to %s blocked - too close
10-19 23:09:23.297 21104 21184 I FusedLocation: (REDACTED) location delivery to %s blocked - too close
10-19 23:09:23.297 21104 21184 I FusedLocation: (REDACTED) location delivery to %s blocked - too fast
10-19 23:09:23.297 21104 21184 I FusedLocation: (REDACTED) location delivery to %s blocked - too close
10-19 23:09:23.299 21104 21184 I FusedLocation: (REDACTED) location delivery to %s blocked - too fast
10-19 23:09:23.306 21104 21184 I fznc    : Received empty WiFi-RTT scan. [CONTEXT service_id=6 ]
10-19 23:09:25.498 21104 21184 I FusedLocation: (REDACTED) location delivery to %s blocked - too fast
10-19 23:09:25.498 21104 21184 I FusedLocation: (REDACTED) location delivery to %s blocked - too close
10-19 23:09:25.500 21104 21184 I FusedLocation: (REDACTED) location delivery to %s blocked - too close
10-19 23:09:25.500 21104 21184 I FusedLocation: (REDACTED) location delivery to %s blocked - too close
10-19 23:09:25.501 21104 21184 I FusedLocation: (REDACTED) location delivery to %s blocked - too fast
10-19 23:09:28.249 21104 21188 W Settings: Setting airplane_mode_on has moved from android.provider.Settings.System to android.provider.Settings.Global, returning read-only value.
10-19 23:09:28.259 21104 17775 W SystemServiceRegistry: No service published for: wifirtt
10-19 23:09:28.268 21104 24145 I WifiScanner: onFullResults
10-19 23:09:28.268 21104 22225 I WifiScanner: onFullResults
10-19 23:09:28.268 21104 21332 I WifiScanner: onFullResults
10-19 23:09:28.303 21104 17827 I FrewleTileCacheManagerV: (REDACTED) Fetched %d AP models from cache
10-19 23:09:28.333 21104 21184 I FusedLocation: (REDACTED) location delivery to %s blocked - too fast
10-19 23:09:28.334 21104 21184 I FusedLocation: (REDACTED) location delivery to %s blocked - too close
10-19 23:09:28.334 21104 21184 I FusedLocation: (REDACTED) location delivery to %s blocked - too close
10-19 23:09:28.335 21104 21184 I FusedLocation: (REDACTED) location delivery to %s blocked - too fast
10-19 23:09:28.335 21104 21184 I FusedLocation: (REDACTED) location delivery to %s blocked - too close
10-19 23:09:28.335 21104 21184 I FusedLocation: (REDACTED) location delivery to %s blocked - too fast
10-19 23:09:28.336 21104 21184 I fznc    : Received empty WiFi-RTT scan. [CONTEXT service_id=6 ]
10-19 23:09:30.504 21104 21184 I FusedLocation: (REDACTED) location delivery to %s blocked - too fast
10-19 23:09:30.504 21104 21184 I FusedLocation: (REDACTED) location delivery to %s blocked - too close
10-19 23:09:30.507 21104 21184 I FusedLocation: (REDACTED) location delivery to %s blocked - too close
10-19 23:09:30.508 21104 21184 I FusedLocation: (REDACTED) location delivery to %s blocked - too close
10-19 23:09:30.510 21104 21184 I FusedLocation: (REDACTED) location delivery to %s blocked - too fast
10-19 23:09:33.275 21104 21188 W Settings: Setting airplane_mode_on has moved from android.provider.Settings.System to android.provider.Settings.Global, returning read-only value.
10-19 23:09:33.281 21104 17046 W SystemServiceRegistry: No service published for: wifirtt
10-19 23:09:34.017 21104 22225 I WifiScanner: onFullResults
10-19 23:09:34.018 21104 21143 I WifiScanner: onFullResults
10-19 23:09:34.018 21104 22225 I WifiScanner: onFullResults
10-19 23:09:34.032 21104 17775 I FrewleTileCacheManagerV: (REDACTED) Fetched %d AP models from cache
10-19 23:09:34.069 21104 21184 I FusedLocation: (REDACTED) location delivery to %s blocked - too fast
10-19 23:09:34.069 21104 21184 I FusedLocation: (REDACTED) location delivery to %s blocked - too close
10-19 23:09:34.070 21104 21184 I FusedLocation: (REDACTED) location delivery to %s blocked - too close
10-19 23:09:34.070 21104 21184 I FusedLocation: (REDACTED) location delivery to %s blocked - too fast
10-19 23:09:34.071 21104 21184 I FusedLocation: (REDACTED) location delivery to %s blocked - too close
10-19 23:09:34.076 21104 17046 I SemanticLocation: [InfMgr] No location reports after filtering [CONTEXT service_id=173 ]
10-19 23:09:34.077 21104 21184 I fznc    : Received empty WiFi-RTT scan. [CONTEXT service_id=6 ]
10-19 23:09:35.508 21104 21184 I FusedLocation: (REDACTED) location delivery to %s blocked - too fast
10-19 23:09:35.508 21104 21184 I FusedLocation: (REDACTED) location delivery to %s blocked - too close
10-19 23:09:35.508 21104 21184 I FusedLocation: (REDACTED) location delivery to %s blocked - too close
10-19 23:09:35.509 21104 21184 I FusedLocation: (REDACTED) location delivery to %s blocked - too close
10-19 23:09:35.509 21104 21184 I FusedLocation: (REDACTED) location delivery to %s blocked - too fast
10-19 23:09:36.657  1870  3346 D BatteryStatsService: noteVideoSurfaceChanged  noteWhich: 49,arg1: -1, arg2: -1, arg3: 4859, arg4: 7811, name: com.a1taxi.a1taxicustomer
10-19 23:09:39.014 21104 21188 W Settings: Setting airplane_mode_on has moved from android.provider.Settings.System to android.provider.Settings.Global, returning read-only value.
10-19 23:09:39.019 21104 17046 W SystemServiceRegistry: No service published for: wifirtt
10-19 23:09:39.031 21104 24145 I WifiScanner: onFullResults
10-19 23:09:39.031 21104 21332 I WifiScanner: onFullResults
10-19 23:09:39.031 21104 24145 I WifiScanner: onFullResults
10-19 23:09:39.078 21104 17775 I FrewleTileCacheManagerV: (REDACTED) Fetched %d AP models from cache
10-19 23:09:39.104 21104 21184 I FusedLocation: (REDACTED) location delivery to %s blocked - too fast
10-19 23:09:39.104 21104 21184 I FusedLocation: (REDACTED) location delivery to %s blocked - too close
10-19 23:09:39.105 21104 21184 I FusedLocation: (REDACTED) location delivery to %s blocked - too close
10-19 23:09:39.105 21104 21184 I FusedLocation: (REDACTED) location delivery to %s blocked - too fast
10-19 23:09:39.105 21104 21184 I FusedLocation: (REDACTED) location delivery to %s blocked - too close
10-19 23:09:39.106 21104 21184 I FusedLocation: (REDACTED) location delivery to %s blocked - too fast
10-19 23:09:39.108 21104 21184 I fznc    : Received empty WiFi-RTT scan. [CONTEXT service_id=6 ]
10-19 23:09:40.493 21104 21184 I FusedLocation: (REDACTED) location delivery to %s blocked - too fast
10-19 23:09:40.494 21104 21184 I FusedLocation: (REDACTED) location delivery to %s blocked - too close
10-19 23:09:40.495 21104 21184 I FusedLocation: (REDACTED) location delivery to %s blocked - too close
10-19 23:09:40.496 21104 21184 I FusedLocation: (REDACTED) location delivery to %s blocked - too close
10-19 23:09:40.497 21104 21184 I FusedLocation: (REDACTED) location delivery to %s blocked - too fast
10-19 23:09:44.036 21104 21188 W Settings: Setting airplane_mode_on has moved from android.provider.Settings.System to android.provider.Settings.Global, returning read-only value.
10-19 23:09:44.043 21104 17668 W SystemServiceRegistry: No service published for: wifirtt
10-19 23:09:44.553 21104 21249 I WifiScanner: onFullResults
10-19 23:09:44.553 21104 21249 I WifiScanner: onFullResults
10-19 23:09:44.554 21104 24145 I WifiScanner: onFullResults
10-19 23:09:44.558 21104 17775 I FrewleTileCacheManagerV: (REDACTED) Fetched %d AP models from cache
10-19 23:09:44.583 21104 21184 I FusedLocation: (REDACTED) location delivery to %s blocked - too fast
10-19 23:09:44.584 21104 21184 I FusedLocation: (REDACTED) location delivery to %s blocked - too close
10-19 23:09:44.584 21104 21184 I FusedLocation: (REDACTED) location delivery to %s blocked - too close
10-19 23:09:44.584 21104 21184 I FusedLocation: (REDACTED) location delivery to %s blocked - too fast
10-19 23:09:44.584 21104 21184 I FusedLocation: (REDACTED) location delivery to %s blocked - too close
10-19 23:09:44.585 21104 21184 I FusedLocation: (REDACTED) location delivery to %s blocked - too fast
10-19 23:09:44.594 21104 21184 I fznc    : Received empty WiFi-RTT scan. [CONTEXT service_id=6 ]
10-19 23:09:44.601 14485 14485 D VRI[Launcher]: visibilityChanged oldVisibility=false newVisibility=true
10-19 23:09:44.622 14485 14485 D ViewRootImpl: AppSizeAfterRelayout, size: Point(1080, 2392), rotation: ROTATION_0
10-19 23:09:44.622 14485 14485 D BufferQueueConsumer: [](id:3895000000fb,api:0,p:-1,c:14485) connect: controlledByApp=false
10-19 23:09:44.623 14485 14485 D BLASTBufferQueue: [VRI[Launcher]#251](f:0,a:0) constructor()
10-19 23:09:44.623 14485 14485 D BLASTBufferQueue: [VRI[Launcher]#251](f:0,a:0) update width=1080 height=2392 format=-2 mTransformHint=0
10-19 23:09:44.639 14485 14785 D BLASTBufferQueue: [VRI[Launcher]#251](f:0,a:1) acquireNextBufferLocked size=1080x2392 mFrameNumber=1 applyTransaction=true mTimestamp=656506515542668(auto) mPendingTransactions.size=0 graphicBufferId=62212601284318 transform=0
10-19 23:09:44.645 14485 14485 I bnlz    : onStart
10-19 23:09:44.647 14485 14485 I bldh    : (REDACTED) [%s] onStart()
10-19 23:09:44.647 14485 14485 I blfn    : Reloading theme data
10-19 23:09:44.651 14485 14485 I bnlz    : onResume
10-19 23:09:44.668 21163 21163 D BoundBrokerSvc: onRebind: Intent { act=com.google.android.gms.inappreach.service.START dat=chimera-action:/... cmp=com.google.android.gms/.chimera.GmsApiService }
10-19 23:09:44.785  5589  5589 I GoogleInputMethodService: GoogleInputMethodService.onFinishInput():2085 
10-19 23:09:44.786  5589  5589 I Module  : DeviceLockedStatusModuleProvider$Module.updateDeviceLockedStatus():100 repeatCheckTimes = 0, locked = false
10-19 23:09:44.786  5589  5589 I GoogleInputMethodService: GoogleInputMethodService.onStartInput():1346 onStartInput(EditorInfo{EditorInfo{packageName=com.android.launcher3, inputType=0, inputTypeString=NULL, enableLearning=false, autoCorrection=false, autoComplete=false, imeOptions=0, privateImeOptions=null, actionName=UNSPECIFIED, actionLabel=null, initialSelStart=-1, initialSelEnd=-1, initialCapsMode=0, label=null, fieldId=0, fieldName=null, extras=null, hintText=null, hintLocales=[]}}, false)
10-19 23:09:44.789  5589  5589 I Module  : DeviceLockedStatusModuleProvider$Module.updateDeviceLockedStatus():100 repeatCheckTimes = 1, locked = false
10-19 23:09:45.321 21104 17904 I PhenotypeResourceReader: unable to find any Phenotype resource metadata for com.application.zomato
10-19 23:09:45.576 21104 21184 I FusedLocation: (REDACTED) location delivery to %s blocked - too fast
10-19 23:09:45.576 21104 21184 I FusedLocation: (REDACTED) location delivery to %s blocked - too close
10-19 23:09:45.583 21104 21184 I FusedLocation: (REDACTED) location delivery to %s blocked - too close
10-19 23:09:45.584 21104 21184 I FusedLocation: (REDACTED) location delivery to %s blocked - too close
10-19 23:09:45.585 21104 21184 I FusedLocation: (REDACTED) location delivery to %s blocked - too fast
10-19 23:09:45.944 21104 17863 D BluetoothAdapter: 137125516: getState(). Returning OFF
10-19 23:09:45.956 21163 18118 D AdvertisingIdClient: AdvertisingIdClient already created.
10-19 23:09:45.956 21163 18118 D AdvertisingIdClient: AdvertisingIdClient is not bounded. Starting to bind it...
10-19 23:09:45.957 21104 17911 I FusedLocation: (REDACTED) getLastLocation() noteOp denied for %s
10-19 23:09:45.958 21163 18118 D AdvertisingIdClient: AdvertisingIdClient is bounded
10-19 23:09:45.960 21163 18118 I AdvertisingIdClient: shouldSendLog 1337817105
10-19 23:09:45.961 21163 18118 I AdvertisingIdClient: GetInfoInternal elapse 3ms
10-19 23:09:45.965 21104 21104 D BoundBrokerSvc: onRebind: Intent { act=com.google.android.gms.common.telemetry.service.START dat=chimera-action:/... cmp=com.google.android.gms/.chimera.PersistentApiService }
10-19 23:09:45.967 21163 21163 I AdvertisingIdClient: getting error as 17: API: ClientTelemetry.API is not available on this device. Connection failed with: ConnectionResult{statusCode=API_DISABLED_FOR_CONNECTION, resolution=null, message=null, clientMethodKey=null}
10-19 23:09:45.986  5589  6128 I PhenotypeProcessReaper: Memory state is: 200
10-19 23:09:46.688  5946  5946 I BackgroundFetchTaskConsumer: Stopping an alarm for task 'background-fetch-task'.
10-19 23:09:46.696  5946 15986 I ReactNativeJS: 🔄 Auto-refreshing rides (2-second interval)...
10-19 23:09:46.696  5946 15986 I ReactNativeJS: === LOADING RIDES ===
10-19 23:09:46.696  5946 15986 I ReactNativeJS: 'Driver ID:', 'eb91d7e5-e2f2-4021-a8c8-3739a3d4cae4'
10-19 23:09:46.696  5946 15986 I ReactNativeJS: 'Driver User ID:', '1c4ac410-54d8-4b5e-960b-3afcbebd115d'
10-19 23:09:46.700  5946  5946 D ViewRootImpl: AppSizeAfterRelayout, size: Point(1080, 2392), rotation: ROTATION_0
10-19 23:09:46.705  5946  5946 D BufferQueueConsumer: [](id:173a00000003,api:0,p:-1,c:5946) connect: controlledByApp=false
10-19 23:09:46.705  5946  5946 D BLASTBufferQueue: [VRI[MainActivity]#3](f:0,a:0) constructor()
10-19 23:09:46.705  5946  5946 D BLASTBufferQueue: [VRI[MainActivity]#3](f:0,a:0) update width=1080 height=2392 format=-1 mTransformHint=0
10-19 23:09:46.710  5946 15986 I ReactNativeJS: '🎯🎯🎯 TripCompletionModal RENDER - visible:', false
10-19 23:09:46.711  5946 15986 I ReactNativeJS: '🎯🎯🎯 tripData:', '{\n  "distance": 0,\n  "duration": 0,\n  "fareBreakdown": {\n    "booking_type": "regular",\n    "vehicle_type": "sedan",\n    "base_fare": 0,\n    "distance_fare": 0,\n    "time_fare": 0,\n    "surge_charges": 0,\n    "deadhead_charges": 0,\n    "platform_fee": 0,\n    "gst_on_charges": 0,\n    "gst_on_platform_fee": 0,\n    "extra_km_charges": 0,\n    "driver_allowance": 0,\n    "total_fare": 0,\n    "details": {\n      "actual_distance_km": 0,\n      "actual_duration_minutes": 0,\n      "per_km_rate": 0\n    }\n  },\n  "pickup_address": "",\n  "destination_address": "",\n  "booking_type": "regular",\n  "rental_hours": null\n}'
10-19 23:09:46.711  5946 15986 I ReactNativeJS: ❌ Not visible - returning null
10-19 23:09:46.712  5946 15986 I ReactNativeJS: 🔍 Loading current ride...
10-19 23:09:46.714  5946 15986 I ReactNativeJS: === RIDES SCREEN STATE DEBUG ===
10-19 23:09:46.714  5946 15986 I ReactNativeJS: 🔄 Component state updated:
10-19 23:09:46.714  5946 15986 I ReactNativeJS: '  - Current ride:', 'null'
10-19 23:09:46.714  5946 15986 I ReactNativeJS: '  - Pending rides count:', 0
10-19 23:09:46.714  5946 15986 I ReactNativeJS: '  - Driver status:', 'online'
10-19 23:09:46.714  5946 15986 I ReactNativeJS: '  - Loading:', true
10-19 23:09:46.714  5946 15986 I ReactNativeJS: '  - Error:', null
10-19 23:09:46.714  5946 15986 I ReactNativeJS: '  - Show modal:', false
10-19 23:09:46.717  5946 15986 I ReactNativeJS: '  - Timestamp:', '2025-10-19T17:39:46.716Z'
10-19 23:09:46.717  5946 15986 I ReactNativeJS: ❌ NO CURRENT RIDE - showing empty state
10-19 23:09:46.741  5946 15964 D BLASTBufferQueue: [VRI[MainActivity]#3](f:0,a:1) acquireNextBufferLocked size=1080x2392 mFrameNumber=1 applyTransaction=true mTimestamp=656508617560822(auto) mPendingTransactions.size=0 graphicBufferId=25537875542041 transform=0
10-19 23:09:46.753 14485 14485 I bnlz    : onPause
10-19 23:09:46.768  5946  5946 V ImeFocusController: onWindowFocus: com.android.internal.policy.DecorView{e311d29 V.E...... R......D 0,0-1080,2392 aid=0}[MainActivity] softInputMode=STATE_UNSPECIFIED|ADJUST_RESIZE|IS_FORWARD_NAVIGATION
10-19 23:09:46.774  5589  5589 I GoogleInputMethodService: GoogleInputMethodService.onFinishInput():2085 
10-19 23:09:46.774  5589  5589 I Module  : DeviceLockedStatusModuleProvider$Module.updateDeviceLockedStatus():100 repeatCheckTimes = 0, locked = false
10-19 23:09:46.775  5589  5589 I GoogleInputMethodService: GoogleInputMethodService.onStartInput():1346 onStartInput(EditorInfo{EditorInfo{packageName=com.a1taxi.driverpro, inputType=0, inputTypeString=NULL, enableLearning=false, autoCorrection=false, autoComplete=false, imeOptions=0, privateImeOptions=null, actionName=UNSPECIFIED, actionLabel=null, initialSelStart=-1, initialSelEnd=-1, initialCapsMode=0, label=null, fieldId=0, fieldName=null, extras=null, hintText=null, hintLocales=[]}}, false)
10-19 23:09:46.775  5589  5589 I Module  : DeviceLockedStatusModuleProvider$Module.updateDeviceLockedStatus():100 repeatCheckTimes = 1, locked = false
10-19 23:09:46.943  5946 15986 I ReactNativeJS: '✅ Current ride loaded:', 'none'
10-19 23:09:46.943  5946 15986 I ReactNativeJS: 🔍 Loading pending ride notifications...
10-19 23:09:47.180 14485 14485 D VRI[Launcher]: visibilityChanged oldVisibility=true newVisibility=false
10-19 23:09:47.200 14485 14485 D ViewRootImpl: AppSizeAfterRelayout, size: Point(1080, 2392), rotation: ROTATION_0
10-19 23:09:47.201 14485 14485 D BLASTBufferQueue: [VRI[Launcher]#251](f:0,a:1) destructor()
10-19 23:09:47.201 14485 14485 D BufferQueueConsumer: [VRI[Launcher]#251(BLAST Consumer)251](id:3895000000fb,api:0,p:-1,c:14485) disconnect
10-19 23:09:47.210 14485 14485 I bnlz    : onStop
10-19 23:09:47.221  7096  7120 I native  : I0000 00:00:1760895587.221136    7120 soda_async_impl.cc:1383] Current audio timestamp: 1760895587104684
10-19 23:09:47.260  7096  7126 W ProxyAndroidLoggerBackend: Too many Flogger logs received before configuration. Dropping old logs.
10-19 23:09:47.273  5946 15986 I ReactNativeJS: 📋 Found 0 unread ride notifications
10-19 23:09:47.281  5946 15986 I ReactNativeJS: '🎯🎯🎯 TripCompletionModal RENDER - visible:', false
10-19 23:09:47.282  5946 15986 I ReactNativeJS: '🎯🎯🎯 tripData:', '{\n  "distance": 0,\n  "duration": 0,\n  "fareBreakdown": {\n    "booking_type": "regular",\n    "vehicle_type": "sedan",\n    "base_fare": 0,\n    "distance_fare": 0,\n    "time_fare": 0,\n    "surge_charges": 0,\n    "deadhead_charges": 0,\n    "platform_fee": 0,\n    "gst_on_charges": 0,\n    "gst_on_platform_fee": 0,\n    "extra_km_charges": 0,\n    "driver_allowance": 0,\n    "total_fare": 0,\n    "details": {\n      "actual_distance_km": 0,\n      "actual_duration_minutes": 0,\n      "per_km_rate": 0\n    }\n  },\n  "pickup_address": "",\n  "destination_address": "",\n  "booking_type": "regular",\n  "rental_hours": null\n}'
10-19 23:09:47.282  5946 15986 I ReactNativeJS: ❌ Not visible - returning null
10-19 23:09:47.283  5946 15986 I ReactNativeJS: ✅ No pending ride notifications
10-19 23:09:47.284  5946 15986 I ReactNativeJS: === RIDES SCREEN STATE DEBUG ===
10-19 23:09:47.284  5946 15986 I ReactNativeJS: 🔄 Component state updated:
10-19 23:09:47.284  5946 15986 I ReactNativeJS: '  - Current ride:', 'null'
10-19 23:09:47.284  5946 15986 I ReactNativeJS: '  - Pending rides count:', 0
10-19 23:09:47.284  5946 15986 I ReactNativeJS: '  - Driver status:', 'online'
10-19 23:09:47.284  5946 15986 I ReactNativeJS: '  - Loading:', true
10-19 23:09:47.284  5946 15986 I ReactNativeJS: '  - Error:', null
10-19 23:09:47.284  5946 15986 I ReactNativeJS: '  - Show modal:', false
10-19 23:09:47.284  5946 15986 I ReactNativeJS: '  - Timestamp:', '2025-10-19T17:39:47.284Z'
10-19 23:09:47.284  5946 15986 I ReactNativeJS: ❌ NO CURRENT RIDE - showing empty state
10-19 23:09:47.284  5946 15986 I ReactNativeJS: === RIDE REQUEST MODAL LOGIC DEBUG ===
10-19 23:09:47.284  5946 15986 I ReactNativeJS: 🔄 Checking if should show ride request modal:
10-19 23:09:47.284  5946 15986 I ReactNativeJS: '  - Pending rides:', 0
10-19 23:09:47.284  5946 15986 I ReactNativeJS: '  - Modal already showing:', false
10-19 23:09:47.284  5946 15986 I ReactNativeJS: '  - Driver status:', 'online'
10-19 23:09:47.284  5946 15986 I ReactNativeJS: '  - Has current ride:', false
10-19 23:09:47.284  5946 15986 I ReactNativeJS: ❌ NOT SHOWING MODAL - reasons:
10-19 23:09:47.285  5946 15986 I ReactNativeJS: '🚗 Analysis:', { pendingRidesCount: 0,
10-19 23:09:47.285  5946 15986 I ReactNativeJS:   modalAlreadyShowing: false,
10-19 23:09:47.285  5946 15986 I ReactNativeJS:   driverStatus: 'online',
10-19 23:09:47.285  5946 15986 I ReactNativeJS:   hasCurrentRide: false }
10-19 23:09:47.290  5946 15986 I ReactNativeJS: '🎯🎯🎯 TripCompletionModal RENDER - visible:', false
10-19 23:09:47.290  5946 15986 I ReactNativeJS: '🎯🎯🎯 tripData:', '{\n  "distance": 0,\n  "duration": 0,\n  "fareBreakdown": {\n    "booking_type": "regular",\n    "vehicle_type": "sedan",\n    "base_fare": 0,\n    "distance_fare": 0,\n    "time_fare": 0,\n    "surge_charges": 0,\n    "deadhead_charges": 0,\n    "platform_fee": 0,\n    "gst_on_charges": 0,\n    "gst_on_platform_fee": 0,\n    "extra_km_charges": 0,\n    "driver_allowance": 0,\n    "total_fare": 0,\n    "details": {\n      "actual_distance_km": 0,\n      "actual_duration_minutes": 0,\n      "per_km_rate": 0\n    }\n  },\n  "pickup_address": "",\n  "destination_address": "",\n  "booking_type": "regular",\n  "rental_hours": null\n}'
10-19 23:09:47.290  5946 15986 I ReactNativeJS: ❌ Not visible - returning null
10-19 23:09:47.291  5946 15986 I ReactNativeJS: === RIDES SCREEN STATE DEBUG ===
10-19 23:09:47.291  5946 15986 I ReactNativeJS: 🔄 Component state updated:
10-19 23:09:47.291  5946 15986 I ReactNativeJS: '  - Current ride:', 'null'
10-19 23:09:47.292  5946 15986 I ReactNativeJS: '  - Pending rides count:', 0
10-19 23:09:47.292  5946 15986 I ReactNativeJS: '  - Driver status:', 'online'
10-19 23:09:47.292  5946 15986 I ReactNativeJS: '  - Loading:', false
10-19 23:09:47.292  5946 15986 I ReactNativeJS: '  - Error:', null
10-19 23:09:47.292  5946 15986 I ReactNativeJS: '  - Show modal:', false
10-19 23:09:47.292  5946 15986 I ReactNativeJS: '  - Timestamp:', '2025-10-19T17:39:47.292Z'
10-19 23:09:47.292  5946 15986 I ReactNativeJS: ❌ NO CURRENT RIDE - showing empty state
10-19 23:09:47.648  5946 15986 I ReactNativeJS: === NAVIGATION CHECK ===
10-19 23:09:47.648  5946 15986 I ReactNativeJS: 'In auth group:', false
10-19 23:09:47.649  5946 15986 I ReactNativeJS: 'Has session:', false
10-19 23:09:47.649  5946 15986 I ReactNativeJS: 'Has driver:', true
10-19 23:09:47.649  5946 15986 I ReactNativeJS: 'Current segments:', [ '(tabs)', 'profile' ]
10-19 23:09:47.649  5946 15986 I ReactNativeJS: 'Loading state:', false
10-19 23:09:47.649  5946 15986 I ReactNativeJS: 'Is authenticated:', { id: 'eb91d7e5-e2f2-4021-a8c8-3739a3d4cae4',
10-19 23:09:47.649  5946 15986 I ReactNativeJS:   user_id: '1c4ac410-54d8-4b5e-960b-3afcbebd115d',
10-19 23:09:47.649  5946 15986 I ReactNativeJS:   license_number: 'TY58971234',
10-19 23:09:47.649  5946 15986 I ReactNativeJS:   license_expiry: '2025-10-04',
10-19 23:09:47.649  5946 15986 I ReactNativeJS:   status: 'online',
10-19 23:09:47.649  5946 15986 I ReactNativeJS:   rating: 5,
10-19 23:09:47.649  5946 15986 I ReactNativeJS:   total_rides: 40,
10-19 23:09:47.649  5946 15986 I ReactNativeJS:   is_verified: true,
10-19 23:09:47.649  5946 15986 I ReactNativeJS:   vehicle_id: 'e7591bc7-c083-49f6-b30d-cc0d6964f3a1',
10-19 23:09:47.649  5946 15986 I ReactNativeJS:   vendor_id: null,
10-19 23:09:47.649  5946 15986 I ReactNativeJS:   phone_number: '9598972325',
10-19 23:09:47.649  5946 15986 I ReactNativeJS:   name: 'john',
10-19 23:09:47.649  5946 15986 I ReactNativeJS:   created_at: '2025-09-16T17:06:10.397003+00:00',
10-19 23:09:47.649  5946 15986 I ReactNativeJS:   updated_at: '2025-10-19T14:12:05.273266+00:00',
10-19 23:09:47.649  5946 15986 I ReactNativeJS:   vehicles: 
10-19 23:09:47.649  5946 15986 I ReactNativeJS:    { id: 'e7591bc7-c083-49f6-b30d-cc0d6964f3a1',
10-19 23:09:47.649  5946 15986 I ReactNativeJS:      registration_number: 'KA51MN1111',
10-19 23:09:47.649  5946 15986 I ReactNativeJS:      make: 'Maruti',
10-19 23:09:47.649  5946 15986 I ReactNativeJS:      model: 'Ciaz',
10-19 23:09:47.649  5946 15986 I ReactNativeJS:      year: 2022,
10-19 23:09:47.649  5946 15986 I ReactNativeJS:      color: 'Silver',
10-19 23:09:47.649  5946 15986 I ReactNativeJS:      vehicle_type: 'sedan',
10-19 23:09:47.649  5946 15986 I ReactNativeJS:      capacity: 4 },
10-19 23:09:47.649  5946 15986 I ReactNativeJS:   user: 
10-19 23:09:47.649  5946 15986 I ReactNativeJS:    { id: '1c4ac410-54d8-4b5e-960b-3afcbebd115d',
10-19 23:09:47.649  5946 15986 I ReactNativeJS:      email: 'john@gmail.com',
10-19 23:09:47.649  5946 15986 I ReactNativeJS:      role: 'driver',
10-19 23:09:47.649  5946 15986 I ReactNativeJS:      full_name: 'john',
10-19 23:09:47.649  5946 15986 I ReactNativeJS:      phone_number: '9598972325',
10-19 23:09:47.649  5946 15986 I ReactNativeJS:      avatar_url: null,
10-19 23:09:47.649  5946 15986 I ReactNativeJS:      is_active: true,
10-19 23:09:47.649  5946 15986 I ReactNativeJS:      created_at: '2025-09-16T17:06:09.397142+00:00',
10-19 23:09:47.649  5946 15986 I ReactNativeJS:      updated_at: '2025-09-16T17:06:09.397142+00:00' },
10-19 23:09:47.649  5946 15986 I ReactNativeJS:   vehicle: 
10-19 23:09:47.649  5946 15986 I ReactNativeJS:    { id: 'e7591bc7-c083-49f6-b30d-cc0d6964f3a1',
10-19 23:09:47.649  5946 15986 I ReactNativeJS:      registration_number: 'KA51MN1111',
10-19 23:09:47.649  5946 15986 I ReactNativeJS:      make: 'Maruti',
10-19 23:09:47.649  5946 15986 I ReactNativeJS:      model: 'Ciaz',
10-19 23:09:47.649  5946 15986 I ReactNativeJS:      year: 2022,
10-19 23:09:47.649  5946 15986 I ReactNativeJS:      color: 'Silver',
10-19 23:09:47.649  5946 15986 I ReactNativeJS:      vehicle_type: 'sedan',
10-19 23:09:47.649  5946 15986 I ReactNativeJS:      capacity: 4 } }
10-19 23:09:47.649  5946 15986 I ReactNativeJS: No navigation needed - staying in current route
10-19 23:09:48.416  5946 15986 I ReactNativeJS: === SIGN OUT BUTTON CLICKED ===
10-19 23:09:48.418  5946  5946 W WindowOnBackDispatcher: OnBackInvokedCallback is not enabled for the application.
10-19 23:09:48.418  5946  5946 W WindowOnBackDispatcher: Set 'android:enableOnBackInvokedCallback="true"' in the application manifest.
10-19 23:09:48.479  5946  5946 D ViewRootImpl: AppSizeAfterRelayout, size: Point(1202, 713), rotation: ROTATION_0
10-19 23:09:48.479  5946  5946 D BufferQueueConsumer: [](id:173a00000004,api:0,p:-1,c:5946) connect: controlledByApp=false
10-19 23:09:48.480  5946  5946 D BLASTBufferQueue: [VRI[MainActivity]#4](f:0,a:0) constructor()
10-19 23:09:48.480  5946  5946 D BLASTBufferQueue: [VRI[MainActivity]#4](f:0,a:0) update width=1202 height=713 format=-3 mTransformHint=0
10-19 23:09:48.492  5946 15964 D BLASTBufferQueue: [VRI[MainActivity]#4](f:0,a:1) acquireNextBufferLocked size=1202x713 mFrameNumber=1 applyTransaction=true mTimestamp=656510367979591(auto) mPendingTransactions.size=0 graphicBufferId=25537875542045 transform=0
10-19 23:09:48.702  5946 15986 I ReactNativeJS: 🔄 Auto-refreshing rides (2-second interval)...
10-19 23:09:48.702  5946 15986 I ReactNativeJS: === LOADING RIDES ===
10-19 23:09:48.703  5946 15986 I ReactNativeJS: 'Driver ID:', 'eb91d7e5-e2f2-4021-a8c8-3739a3d4cae4'
10-19 23:09:48.703  5946 15986 I ReactNativeJS: 'Driver User ID:', '1c4ac410-54d8-4b5e-960b-3afcbebd115d'
10-19 23:09:48.713  5946 15986 I ReactNativeJS: '🎯🎯🎯 TripCompletionModal RENDER - visible:', false
10-19 23:09:48.713  5946 15986 I ReactNativeJS: '🎯🎯🎯 tripData:', '{\n  "distance": 0,\n  "duration": 0,\n  "fareBreakdown": {\n    "booking_type": "regular",\n    "vehicle_type": "sedan",\n    "base_fare": 0,\n    "distance_fare": 0,\n    "time_fare": 0,\n    "surge_charges": 0,\n    "deadhead_charges": 0,\n    "platform_fee": 0,\n    "gst_on_charges": 0,\n    "gst_on_platform_fee": 0,\n    "extra_km_charges": 0,\n    "driver_allowance": 0,\n    "total_fare": 0,\n    "details": {\n      "actual_distance_km": 0,\n      "actual_duration_minutes": 0,\n      "per_km_rate": 0\n    }\n  },\n  "pickup_address": "",\n  "destination_address": "",\n  "booking_type": "regular",\n  "rental_hours": null\n}'
10-19 23:09:48.713  5946 15986 I ReactNativeJS: ❌ Not visible - returning null
10-19 23:09:48.716  5946 15986 I ReactNativeJS: 🔍 Loading current ride...
10-19 23:09:48.720  5946 15986 I ReactNativeJS: === RIDES SCREEN STATE DEBUG ===
10-19 23:09:48.720  5946 15986 I ReactNativeJS: 🔄 Component state updated:
10-19 23:09:48.720  5946 15986 I ReactNativeJS: '  - Current ride:', 'null'
10-19 23:09:48.720  5946 15986 I ReactNativeJS: '  - Pending rides count:', 0
10-19 23:09:48.720  5946 15986 I ReactNativeJS: '  - Driver status:', 'online'
10-19 23:09:48.720  5946 15986 I ReactNativeJS: '  - Loading:', true
10-19 23:09:48.720  5946 15986 I ReactNativeJS: '  - Error:', null
10-19 23:09:48.720  5946 15986 I ReactNativeJS: '  - Show modal:', false
10-19 23:09:48.720  5946 15986 I ReactNativeJS: '  - Timestamp:', '2025-10-19T17:39:48.720Z'
10-19 23:09:48.720  5946 15986 I ReactNativeJS: ❌ NO CURRENT RIDE - showing empty state
10-19 23:09:48.949  5946 15986 I ReactNativeJS: '✅ Current ride loaded:', 'none'
10-19 23:09:48.949  5946 15986 I ReactNativeJS: 🔍 Loading pending ride notifications...
10-19 23:09:49.166  5946  5946 W WindowOnBackDispatcher: sendCancelIfRunning: isInProgress=false callback=android.view.ViewRootImpl$$ExternalSyntheticLambda11@a7b86b3
10-19 23:09:49.167  5946 15986 I ReactNativeJS: === SIGN OUT INITIATED ===
10-19 23:09:49.167  5946 15986 I ReactNativeJS: === SIGNING OUT ===
10-19 23:09:49.167  5946 15986 I ReactNativeJS: '📊 Current driver status before logout:', 'online'
10-19 23:09:49.167  5946 15986 I ReactNativeJS: 🔒 Status will be preserved in database - NOT changing to offline
