10-19 23:09:50.271 18166 18166 V GraphicsEnvironment: Currently set values for:
10-19 23:09:50.271 18166 18166 V GraphicsEnvironment:   angle_gl_driver_selection_pkgs=[com.android.angle, com.linecorp.b612.android, com.campmobile.snow, com.google.android.apps.tachyon]
10-19 23:09:50.271 18166 18166 V GraphicsEnvironment:   angle_gl_driver_selection_values=[angle, native, native, native]
10-19 23:09:50.271 18166 18166 V GraphicsEnvironment: com.google.android.gms is not listed in per-application setting
10-19 23:09:50.273  5589  5589 D BufferQueueConsumer: [](id:15d50000093d,api:0,p:-1,c:5589) connect: controlledByApp=false
10-19 23:09:50.273  5589  5589 D BLASTBufferQueue: [SurfaceView[InputMethod]#2365](f:0,a:0) constructor()
10-19 23:09:50.273  5589  5589 D BLASTBufferQueue: [SurfaceView[InputMethod]#2365](f:0,a:0) update width=366 height=121 format=-2 mTransformHint=0
10-19 23:09:50.274  1870  3603 D BatteryStatsService: noteVideoSurfaceChanged  noteWhich: 49,arg1: 366, arg2: 121, arg3: 5589, arg4: 111089, name: com.google.android.inputmethod.latin
10-19 23:09:50.277  5589  5657 D BLASTBufferQueue: [SurfaceView[InputMethod]#2365](f:0,a:1) acquireNextBufferLocked size=366x121 mFrameNumber=1 applyTransaction=true mTimestamp=656512153524207(auto) mPendingTransactions.size=0 graphicBufferId=24004572225052 transform=0
10-19 23:09:50.279  1870  3603 D BatteryStatsService: noteVideoSurfaceChanged  noteWhich: 49,arg1: 184, arg2: 13, arg3: 5589, arg4: 111089, name: com.google.android.inputmethod.latin
10-19 23:09:50.279  1870  3603 D BatteryStatsService: noteVideoSurfaceChanged  noteWhich: 49,arg1: 770, arg2: 121, arg3: 5589, arg4: 106001, name: com.google.android.inputmethod.latin
10-19 23:09:50.283  1870  3603 D BatteryStatsService: noteVideoSurfaceChanged  noteWhich: 49,arg1: 224, arg2: 37, arg3: 5589, arg4: 111089, name: com.google.android.inputmethod.latin
10-19 23:09:50.285  5946  5946 I ImeTracker: com.a1taxi.driverpro:30719ae7: onShown
10-19 23:09:50.300  1870  6192 D BatteryStatsService: noteVideoSurfaceChanged  noteWhich: 49,arg1: 256, arg2: 55, arg3: 5589, arg4: 111089, name: com.google.android.inputmethod.latin
10-19 23:09:50.311 18166 18166 I GmsApplication: Using GservicesReaderQueryDelegate
10-19 23:09:50.315 18166 18166 W SQLiteCompatibilityWalFlags: Cannot read global setting sqlite_compatibility_wal_flags - Application state not available
10-19 23:09:50.316  1870  3603 D BatteryStatsService: noteVideoSurfaceChanged  noteWhich: 49,arg1: 286, arg2: 73, arg3: 5589, arg4: 111089, name: com.google.android.inputmethod.latin
10-19 23:09:50.333  1870  3603 D BatteryStatsService: noteVideoSurfaceChanged  noteWhich: 49,arg1: 310, arg2: 89, arg3: 5589, arg4: 111089, name: com.google.android.inputmethod.latin
10-19 23:09:50.351  1870  3603 D BatteryStatsService: noteVideoSurfaceChanged  noteWhich: 49,arg1: 330, arg2: 101, arg3: 5589, arg4: 111089, name: com.google.android.inputmethod.latin
10-19 23:09:50.366  1870  6192 D BatteryStatsService: noteVideoSurfaceChanged  noteWhich: 49,arg1: 346, arg2: 109, arg3: 5589, arg4: 111089, name: com.google.android.inputmethod.latin
10-19 23:09:50.378 18166 18166 W ProviderHelper: Unknown dynamite feature providerinstaller.dynamite
10-19 23:09:50.378 18166 18166 I DynamiteModule: Considering local module com.google.android.gms.providerinstaller.dynamite:1 and remote module com.google.android.gms.providerinstaller.dynamite:0
10-19 23:09:50.378 18166 18166 I DynamiteModule: Selected local version of com.google.android.gms.providerinstaller.dynamite
10-19 23:09:50.383  1870  3603 D BatteryStatsService: noteVideoSurfaceChanged  noteWhich: 49,arg1: 358, arg2: 117, arg3: 5589, arg4: 111089, name: com.google.android.inputmethod.latin
10-19 23:09:50.389 18166 18166 D nativeloader: Load /data/app/~~eCrvdpce8cKhF_o5XuPylw==/com.google.android.gms-3JM2t0qN4ruXi9hkKZ22Bw==/base.apk!/lib/arm64-v8a/libconscrypt_gmscore_jni.so using class loader ns clns-9 (caller=/data/app/~~eCrvdpce8cKhF_o5XuPylw==/com.google.android.gms-3JM2t0qN4ruXi9hkKZ22Bw==/base.apk): ok
10-19 23:09:50.389 18166 18166 V NativeCrypto: Registering com/google/android/gms/org/conscrypt/NativeCrypto's 319 native methods...
10-19 23:09:50.397 18166 18166 I ProviderInstaller: Installed default security provider GmsCore_OpenSSL
10-19 23:09:50.400  1870  6192 D BatteryStatsService: noteVideoSurfaceChanged  noteWhich: 49,arg1: 364, arg2: 121, arg3: 5589, arg4: 111089, name: com.google.android.inputmethod.latin
10-19 23:09:50.403 18166 18202 I GMS_MM_Logger: (REDACTED) Start time: %s
10-19 23:09:50.403 18166 18202 I GMS_MM_Logger: Started.
10-19 23:09:50.417  1870  3603 D BatteryStatsService: noteVideoSurfaceChanged  noteWhich: 49,arg1: 366, arg2: 121, arg3: 5589, arg4: 111089, name: com.google.android.inputmethod.latin
10-19 23:09:50.455 18166 18209 I GmsCoreXrpcWrapper: (REDACTED) Returning a channel provider with trafficStatsTag=%d trafficStatsUid=%d
10-19 23:09:50.543 18166 18194 W TracingHelper: No RequestContext found in the trace or trace not available. [CONTEXT service_id=259 ratelimit_count=100000 ]
10-19 23:09:50.570 21163 18808 I SyncManager: (REDACTED) Executing sync(type=%s%s)
10-19 23:09:50.580 21163 18808 I SyncManager: (REDACTED) Executing sync(type=%s) finished in %s
10-19 23:09:50.974 21104 21104 D BoundBrokerSvc: onUnbind: Intent { act=com.google.android.gms.common.telemetry.service.START dat=chimera-action:/... cmp=com.google.android.gms/.chimera.PersistentApiService }
10-19 23:09:51.889 21104 22161 I cn_CronetUrlRequestContext: destroyNativeStreamLocked org.chromium.net.impl.CronetBidirectionalStream@72a053a
10-19 23:09:51.982 21163 23043 I cn_CronetUrlRequestContext: destroyNativeStreamLocked org.chromium.net.impl.CronetBidirectionalStream@911355f
10-19 23:09:52.000 21104 18160 I FusedLocation: (REDACTED) getLastLocation() noteOp denied for %s
10-19 23:09:53.192 21104 22161 I cn_CronetUrlRequestContext: destroyNativeStreamLocked org.chromium.net.impl.CronetBidirectionalStream@f62358d
10-19 23:09:53.275  5589  5589 W TooltipLifecycleManager: TooltipLifecycleManager.dismissTooltips():153 Tooltip with id SUGGESTION_VIEW_EDU_MINI_DIALOG not found in tooltipManager.
10-19 23:09:53.278  1870  3603 D BatteryStatsService: noteVideoSurfaceChanged  noteWhich: 49,arg1: -1, arg2: -1, arg3: 5589, arg4: 111089, name: com.google.android.inputmethod.latin
10-19 23:09:53.279  5589  5657 E BufferQueueProducer: [SurfaceView[InputMethod]#2365(BLAST Consumer)2365](id:15d50000093d,api:0,p:-1,c:5589) disconnect: not connected (req=1)
10-19 23:09:53.279  5589  5657 W libEGL  : EGLNativeWindowType 0xb4000077e025fbf0 disconnect failed
10-19 23:09:53.280  5589  5589 D BLASTBufferQueue: [SurfaceView[InputMethod]#2365](f:0,a:1) destructor()
10-19 23:09:53.280  5589  5589 D BufferQueueConsumer: [SurfaceView[InputMethod]#2365(BLAST Consumer)2365](id:15d50000093d,api:0,p:-1,c:5589) disconnect
10-19 23:09:53.282  5589  5589 W TooltipLifecycleManager: TooltipLifecycleManager.dismissTooltips():153 Tooltip with id SUGGESTION_VIEW_EDU_MINI_DIALOG not found in tooltipManager.
10-19 23:09:53.285  5589  5589 I KeyboardModeUtils: KeyboardModeUtils.getKeyboardBottomOffset():435 inch: 0.000000 ydpi: 387.429993 adjustKeyboardBottomByDisplaySize: false currentDensityDpi: 440 defaultDensityDpi: 440 keyboardBottomToScreenPx: 0 keyboardBottomToNavBarPx: -116 navBarHeight: 116
10-19 23:09:53.286  5589  5589 I KeyboardHeightUtil: KeyboardHeightUtil.calculateMaxKeyboardBodyHeight():50 leave 267 height for app when ime window height:2171, header height:121 and isFullscreenMode:false, so the max keyboard body height is:1783
10-19 23:09:53.286  5589  5589 I KeyboardHeightUtil: KeyboardHeightUtil.calculateMaxKeyboardBodyHeight():50 leave 267 height for app when ime window height:2171, header height:121 and isFullscreenMode:false, so the max keyboard body height is:1783
10-19 23:09:53.286  5589  5589 I AndroidIME: KeyboardViewManager.updateKeyboardBodyViewHolderPaddingBottom():472 Set finalPaddingBottom = 5 while holderPaddingBottom = 5; navigationHeight = 116
10-19 23:09:53.292  5589  5589 W TooltipLifecycleManager: TooltipLifecycleManager.dismissTooltips():153 Tooltip with id SUGGESTION_VIEW_EDU_MINI_DIALOG not found in tooltipManager.
10-19 23:09:53.340  1870  3354 D BatteryStatsService: noteVideoSurfaceChanged  noteWhich: 49,arg1: -1, arg2: -1, arg3: 5589, arg4: 106001, name: com.google.android.inputmethod.latin
10-19 23:09:53.341  5589  5589 D BLASTBufferQueue: [SurfaceView[InputMethod]#2364](f:0,a:0) destructor()
10-19 23:09:53.341  5589  5589 D BufferQueueConsumer: [SurfaceView[InputMethod]#2364(BLAST Consumer)2364](id:15d50000093c,api:0,p:-1,c:5589) disconnect
10-19 23:09:53.352  5589  5589 I KeyboardModeUtils: KeyboardModeUtils.getKeyboardBottomOffset():435 inch: 0.000000 ydpi: 387.429993 adjustKeyboardBottomByDisplaySize: false currentDensityDpi: 440 defaultDensityDpi: 440 keyboardBottomToScreenPx: 0 keyboardBottomToNavBarPx: -116 navBarHeight: 116
10-19 23:09:53.352  5589  5589 I KeyboardHeightUtil: KeyboardHeightUtil.calculateMaxKeyboardBodyHeight():50 leave 267 height for app when ime window height:2171, header height:121 and isFullscreenMode:false, so the max keyboard body height is:1783
10-19 23:09:53.353  5589  5589 I KeyboardHeightUtil: KeyboardHeightUtil.calculateMaxKeyboardBodyHeight():50 leave 267 height for app when ime window height:2171, header height:121 and isFullscreenMode:false, so the max keyboard body height is:1783
10-19 23:09:53.353  5589  5589 I AndroidIME: KeyboardViewManager.updateKeyboardBodyViewHolderPaddingBottom():472 Set finalPaddingBottom = 5 while holderPaddingBottom = 5; navigationHeight = 116
10-19 23:09:53.384  5589  5589 I KeyboardModeUtils: KeyboardModeUtils.getKeyboardBottomOffset():435 inch: 0.000000 ydpi: 387.429993 adjustKeyboardBottomByDisplaySize: false currentDensityDpi: 440 defaultDensityDpi: 440 keyboardBottomToScreenPx: 0 keyboardBottomToNavBarPx: -116 navBarHeight: 116
10-19 23:09:53.385  5589  5589 I KeyboardHeightUtil: KeyboardHeightUtil.calculateMaxKeyboardBodyHeight():50 leave 267 height for app when ime window height:2171, header height:121 and isFullscreenMode:false, so the max keyboard body height is:1783
10-19 23:09:53.385  5589  5589 I KeyboardHeightUtil: KeyboardHeightUtil.calculateMaxKeyboardBodyHeight():50 leave 267 height for app when ime window height:2171, header height:121 and isFullscreenMode:false, so the max keyboard body height is:1783
10-19 23:09:53.385  5589  5589 I AndroidIME: KeyboardViewManager.updateKeyboardBodyViewHolderPaddingBottom():472 Set finalPaddingBottom = 5 while holderPaddingBottom = 5; navigationHeight = 116
10-19 23:09:53.426  5589  5589 I KeyboardViewController: KeyboardViewController.showSelfAndAncestors():636 current view doesn't has the priority com.google.android.libraries.inputmethod.accesspoint.widget.AccessPointsBar{620b066 I.E...... .......D 0,0-810,121 #7f0b00a0 app:id/0_resource_name_obfuscated} to show itself, DEFAULT
10-19 23:09:53.468  5589  5589 W TooltipLifecycleManager: TooltipLifecycleManager.dismissTooltips():153 Tooltip with id SUGGESTION_VIEW_EDU_MINI_DIALOG not found in tooltipManager.
10-19 23:09:53.493  3458  3458 V InlineSuggestionRenderService: Releasing inline suggestion view host
10-19 23:09:53.498  3458  3458 D BLASTBufferQueue: [VRI[]#582](f:0,a:4) destructor()
10-19 23:09:53.498  3458  3458 D BufferQueueConsumer: [VRI[]#582(BLAST Consumer)582](id:d8200000246,api:0,p:-1,c:3458) disconnect
10-19 23:09:53.501  5589  5589 I KeyboardModeUtils: KeyboardModeUtils.getKeyboardBottomOffset():435 inch: 0.000000 ydpi: 387.429993 adjustKeyboardBottomByDisplaySize: false currentDensityDpi: 440 defaultDensityDpi: 440 keyboardBottomToScreenPx: 0 keyboardBottomToNavBarPx: -116 navBarHeight: 116
10-19 23:09:53.501  5589  5589 I KeyboardHeightUtil: KeyboardHeightUtil.calculateMaxKeyboardBodyHeight():50 leave 267 height for app when ime window height:2171, header height:121 and isFullscreenMode:false, so the max keyboard body height is:1783
10-19 23:09:53.501  5589  5589 I KeyboardHeightUtil: KeyboardHeightUtil.calculateMaxKeyboardBodyHeight():50 leave 267 height for app when ime window height:2171, header height:121 and isFullscreenMode:false, so the max keyboard body height is:1783
10-19 23:09:53.502  5589  5589 I AndroidIME: KeyboardViewManager.updateKeyboardBodyViewHolderPaddingBottom():472 Set finalPaddingBottom = 5 while holderPaddingBottom = 5; navigationHeight = 116
10-19 23:09:53.502  3458  3458 V InlineSuggestionRenderService: Removed the inline suggestion from the cache, current size=0
10-19 23:09:53.621  5589  5589 W TooltipLifecycleManager: TooltipLifecycleManager.dismissTooltips():153 Tooltip with id SUGGESTION_VIEW_EDU_MINI_DIALOG not found in tooltipManager.
10-19 23:09:53.652  5589  5589 I KeyboardModeUtils: KeyboardModeUtils.getKeyboardBottomOffset():435 inch: 0.000000 ydpi: 387.429993 adjustKeyboardBottomByDisplaySize: false currentDensityDpi: 440 defaultDensityDpi: 440 keyboardBottomToScreenPx: 0 keyboardBottomToNavBarPx: -116 navBarHeight: 116
10-19 23:09:53.653  5589  5589 I KeyboardHeightUtil: KeyboardHeightUtil.calculateMaxKeyboardBodyHeight():50 leave 267 height for app when ime window height:2171, header height:121 and isFullscreenMode:false, so the max keyboard body height is:1783
10-19 23:09:53.653  5589  5589 I KeyboardHeightUtil: KeyboardHeightUtil.calculateMaxKeyboardBodyHeight():50 leave 267 height for app when ime window height:2171, header height:121 and isFullscreenMode:false, so the max keyboard body height is:1783
10-19 23:09:53.653  5589  5589 I AndroidIME: KeyboardViewManager.updateKeyboardBodyViewHolderPaddingBottom():472 Set finalPaddingBottom = 5 while holderPaddingBottom = 5; navigationHeight = 116
10-19 23:09:54.154  5946  5946 I ImeTracker: com.a1taxi.driverpro:c8c96c3f: onRequestShow at ORIGIN_CLIENT reason SHOW_SOFT_INPUT fromUser false
10-19 23:09:54.158  5589  5589 I GoogleInputMethodService: GoogleInputMethodService.onFinishInputView():1571 onFinishInputView(true)
10-19 23:09:54.158  5589  5589 I GlobeKeyExtension: GlobeKeyExtension.onDeactivate():144 
10-19 23:09:54.158  5589  5589 W TooltipLifecycleManager: TooltipLifecycleManager.dismissTooltips():153 Tooltip with id SUGGESTION_VIEW_EDU_MINI_DIALOG not found in tooltipManager.
10-19 23:09:54.159  5589  5589 I VoiceInputManagerWrapper: VoiceInputManagerWrapper.shutdown():131 shutdown()
10-19 23:09:54.159  5589  5589 W TooltipLifecycleManager: TooltipLifecycleManager.dismissTooltips():153 Tooltip with id spell_check_add_to_dictionary not found in tooltipManager.
10-19 23:09:54.161  5589  5589 I InputBundle: InputBundle.consumeEvent():1032 Skip consuming an event as keyboard status is INACTIVE
10-19 23:09:54.162  5589  5589 I AndroidIME: AbstractIme.onDeactivate():216 LatinIme.onDeactivate()
10-19 23:09:54.163  5589  5589 I GoogleInputMethodService: GoogleInputMethodService.onFinishInput():2085 
10-19 23:09:54.164  5589  5589 I Module  : DeviceLockedStatusModuleProvider$Module.updateDeviceLockedStatus():100 repeatCheckTimes = 0, locked = false
10-19 23:09:54.165  5589  5589 I GoogleInputMethodService: GoogleInputMethodService.onStartInput():1346 onStartInput(EditorInfo{EditorInfo{packageName=com.a1taxi.driverpro, inputType=80081, inputTypeString=Password[NoSuggestion], enableLearning=false, autoCorrection=false, autoComplete=true, imeOptions=4000006, privateImeOptions=null, actionName=DONE, actionLabel=null, initialSelStart=0, initialSelEnd=0, initialCapsMode=0, label=null, fieldId=1919, fieldName=null, extras=Bundle[mParcelledData.dataSize=404], hintText=non-empty, hintLocales=[]}}, false)
10-19 23:09:54.165  5946  5946 W RemoteInputConnectionImpl: requestCursorUpdates on inactive InputConnection
10-19 23:09:54.166  5589  5589 I Module  : DeviceLockedStatusModuleProvider$Module.updateDeviceLockedStatus():100 repeatCheckTimes = 1, locked = false
10-19 23:09:54.166  5589  5589 I HardKeyTracker: HardKeyTracker.unregisterKeySequence():221 Unregister key sequence nfz{labelResId=0, callback=gds@48779f2, lastModifier=0, keyCodes=[57, 57], actions=[1, 0]}
10-19 23:09:54.166  5589  5589 I HardKeyTracker: HardKeyTracker.unregisterKeySequence():221 Unregister key sequence nfz{labelResId=0, callback=gds@38517f9, lastModifier=0, keyCodes=[58, 58], actions=[1, 0]}
10-19 23:09:54.167  5589  5589 I GoogleInputMethodService: GoogleInputMethodService.onStartInputView():1439 onStartInputView(EditorInfo{EditorInfo{packageName=com.a1taxi.driverpro, inputType=80081, inputTypeString=Password[NoSuggestion], enableLearning=false, autoCorrection=false, autoComplete=true, imeOptions=4000006, privateImeOptions=null, actionName=DONE, actionLabel=null, initialSelStart=0, initialSelEnd=0, initialCapsMode=0, label=null, fieldId=1919, fieldName=null, extras=Bundle[{android.support.text.emoji.emojiCompat_metadataVersion=11, androidx.core.view.inputmethod.EditorInfoCompat.STYLUS_HANDWRITING_ENABLED=false, android.support.text.emoji.emojiCompat_replaceAll=false}], hintText=non-empty, hintLocales=[]}}, false)
10-19 23:09:54.168  5589  5589 I KeyboardHeightUtil: KeyboardHeightUtil.getOemKeyboardHeightRatio():108 systemKeyboardHeightRatio:1.000000.
10-19 23:09:54.170  5589  5589 I AndroidIME: InputBundleManager.loadActiveInputBundleId():528 loadActiveInputBundleId: und-Latn-x-password, password
10-19 23:09:54.170  5589  5589 I AndroidIME: AbstractIme.onActivate():96 PasswordIme.onActivate() : EditorInfo = EditorInfo{packageName=com.a1taxi.driverpro, inputType=80081, inputTypeString=Password[NoSuggestion], enableLearning=false, autoCorrection=false, autoComplete=true, imeOptions=4000006, privateImeOptions=null, actionName=DONE, actionLabel=null, initialSelStart=0, initialSelEnd=0, initialCapsMode=0, label=null, fieldId=1919, fieldName=null, extras=Bundle[{android.support.text.emoji.emojiCompat_metadataVersion=11, androidx.core.view.inputmethod.EditorInfoCompat.STYLUS_HANDWRITING_ENABLED=false, android.support.text.emoji.emojiCompat_replaceAll=false}], hintText=non-empty, hintLocales=[]}, IncognitoMode = false, DeviceLocked = false
10-19 23:09:54.171  5589  5589 I KeyboardWrapper: KeyboardWrapper.activateKeyboard():581 activateKeyboard(): type=prime, status=INACTIVE, imeDef=mkk{stringId=password, language=und-Latn-x-password, languageTag=und-Latn-x-password, processedConditions={writing_helper_enable_by_word_revert=false, enable_access_points_in_password_number=true, variant=qwerty, true=true, language=en-US, enable_number_row=true, device=phone, enable_number_row_in_password=true, enable_pk_simulator=false}, className=com.google.android.libraries.inputmethod.ime.password.PasswordIme, label=2132019275, keyEventInterpreter=null, inlineComposing=true, autoCapital=true, announceAutoSelectedCandidate=true, statusIcon=0, indicatorIcon=0, indicatorLabel=null, displayAppCompletions=false, extraValues=mkd{}, processors=mmb@7d3d911, unacceptableMetaKeys=4098, languageSpecificSettings=0, asciiCapable=false, alwaysShowSuggestions=false, useAsciiPasswordKeyboard=false, keyboardGroupDef=mlk@8a8f7a7, phenotypeFlagId=0, localizationLanguageTag=null, supportsInlineSuggestion=false}
10-19 23:09:54.171  5589  5589 I KeyboardManager: KeyboardManager.requestKeyboard():248 Creating keyboard prime, imeId=password, cacheKey=theme,!gsf,!pgsans,!pgsf,!use_system_font,BORDER,FLAVOR_DPI=XXHDPI,GOOGLE_ICONS,KEYBOARD_WIDTH_CATEGORY=NORMAL,KEY_BORDER_SHAPE=1,LIGHT_THEME=false,PHYSICAL_DIAGONAL=5.748144,POPUP,SCREEN_SHORTEST_WIDTH=393,SCREEN_SHORTEST_WIDTH_NO_SCALE=393,XXHDPI,bottom4dp,enable_emoji_kitchen_browse_color_v2=true,enable_google_fonts_icons=true,enable_popup_on_keypress=true,keyboard_redesign_google_sans=true,non_linear_scale,noshadow,overlay_builtin_dynamic_color_dark_base.binarypb:gm3-dark-ff131313-ffffffff-4d9204e36e3ccb6a165e3e3dbe763ce0,roundedchip,silkpopup
10-19 23:09:54.171  5589  5589 I KeyboardWrapper: KeyboardWrapper.onKeyboardReady():224 onKeyboardReady(): type=prime(prime), kb=com.google.android.apps.inputmethod.latin.keyboard.LatinPasswordKeyboard@4fb3f88
10-19 23:09:54.172  5589  5589 I KeyboardWrapper: KeyboardWrapper.doActivateKeyboard():611 doActivateKeyboard(): prime
10-19 23:09:54.179  5589  6019 I OnDeviceWmrCalculator: OnDeviceWmrCalculator.calculateWmr():94 WMR: 0.0000 (0 / 1)
10-19 23:09:54.181  5589  5589 I KeyboardViewHelper: KeyboardViewHelper.getView():180 Get view with height ratio:1.000000
10-19 23:09:54.188  5589  5589 I KeyboardHeightUtil: KeyboardHeightUtil.calculateMaxKeyboardBodyHeight():50 leave 267 height for app when ime window height:2171, header height:121 and isFullscreenMode:false, so the max keyboard body height is:1783
10-19 23:09:54.188  5589  5589 W TooltipLifecycleManager: TooltipLifecycleManager.dismissTooltips():153 Tooltip with id undo_access_point_promotion_banner not found in tooltipManager.
10-19 23:09:54.189  5589  5589 I GlobeKeyExtension: GlobeKeyExtension.getKeyboardInitialStates():175 
10-19 23:09:54.190  5589  5589 W Keyboard: Keyboard.getKeyboardViewHelper():609 null helper is returned: keyboardDef=mle{processedConditions={show_comma_key=true, enable_more_candidates_view_for_multilingual=false, layout_9key_split=false, enable_secondary_symbols=false, pref_enable_flick_symbols=false, language=en-US, deprecate_long_press_space_for_ime_picker=false, show_suggestion_strip=true, expressions=normal, enable_access_points_in_password_number=true, enable_correction_settings_updates=true, enable_flick_symbols=true, variant=qwerty, show_period_key=true, enable_number_row=true, device=phone, keyboard_mode=normal, show_secondary_digits=false, enable_preemptive_decode=true, enable_pk_simulator=false, bottom_period_popup_slash=false}, globalConditions={global_theme_key=theme,!gsf,!pgsans,!pgsf,!use_system_font,BORDER,FLAVOR_DPI=XXHDPI,GOOGLE_ICONS,KEYBOARD_WIDTH_CATEGORY=NORMAL,KEY_BORDER_SHAPE=1,LIGHT_THEME=false,PHYSICAL_DIAGONAL=5.748144,POPUP,SCREEN_SHORTEST_WIDTH=393,SCREEN_SHORTEST_WIDTH_NO_SCALE=393,XXHDPI,bottom4dp,enable_emoji_kitchen_browse_color_v2=true,enable_google_fonts_icons=true,enable_popup_on_keypress=true,keyboard_redesign_google_sans=true,non_linear_scale,noshadow,overlay_builtin_dynamic_color_dark_base.binarypb:gm3-dark-ff131313-ffffffff-4d9204e36e3ccb6a165e3e3dbe763ce0,roundedchip,silkpopup, global_locale=en_US, global_density_dpi=440, global_orientation=1}, className=.latin.keyboard.LatinPasswordKeyboard, resourceIds=[#0x7f1705fb, #0x7f17088d, #0x7f1706bb], initialStates=0, keyboardViewDefs=[mls{direction=null, id=#0x7f0b0224, isScalable=true, layoutId=#0x7f0e029f, type=BODY, touchable=true, defaultShow=true}, mls{direction=null, id=#0x7f0b0224, isScalable=false, layoutId=#0x7f0e01f9, type=FLOATING_CANDIDATES, touchable=false, defaultShow=false}, mls{direction=LOCALE, id=#0x7f0b0224, isScalable=false, layoutId=#0x7f0e0500, type=HEADER, touchable=true, defaultShow=true}], persistentStates=0, persistentStatesPrefKey=null, popupBubbleLayoutId=#0x7f0e05f1, recentKeyLayoutId=0, recentKeyPopupLayoutId=0, recentKeyType=null, rememberRecentKey=NONE, sessionStates=17592186044419}, type=WIDGET, helpersCreated=[lxm@2da58db, lxm@26cbf78, lxm@9744651, null], context.getResources().getConfiguration(): {1.0 405mcc869mnc [en_US] ldltr sw393dp w393dp h790dp 440dpi nrml long port night finger -keyb/v/h -nav/h winConfig={ mBounds=Rect(0, 0 - 1080, 2392) mAppBounds=Rect(0, 103 - 1080, 2276) mMaxBounds=Rect(0, 0 - 1080, 2392) mDisplayRotation=ROTATION_0 mWindowingMode=fullscreen mActivityType=undefined mAlwaysOnTop=undefined mRotation=ROTATION_0 isEmbedding:false} s.5420 fontWeightAdjustment=0 themeId=2 themeParameter=0 nightModeLevel = -1 typefaceChanged=0.0 ?spacesystem eaMode=1}
10-19 23:09:54.190  5589  5589 I KeyboardHeightUtil: KeyboardHeightUtil.calculateMaxKeyboardBodyHeight():50 leave 267 height for app when ime window height:2171, header height:121 and isFullscreenMode:false, so the max keyboard body height is:1783
10-19 23:09:54.191  5589  5589 I AndroidIME: InputBundleManager.startInput():358 startInput() with mlo[keyboardType=prime, payload=null]
10-19 23:09:54.192  5589  5589 I GlobeKeyExtension: GlobeKeyExtension.onActivate():120 
10-19 23:09:54.193  5589  5589 I LanguagePromoExtension: LanguagePromoExtension.checkDisplayPreconditions():174 Not show language promo: exceeds the max display times.
10-19 23:09:54.193  5589  5589 I NewLanguagePromptExtension: NewLanguagePromptExtension.onActivate():189 Not activated NewLanguagePromptExtension: not a normal text input box.
10-19 23:09:54.193  5589  5589 I HardKeyTracker: HardKeyTracker.unregisterKeySequence():221 Unregister key sequence nfz{labelResId=2132020497, callback=cgp@522e7c3, lastModifier=2, keyCodes=[56], actions=[0]}
10-19 23:09:54.194  5589  5589 I HardKeyTracker: HardKeyTracker.unregisterKeySequence():221 Unregister key sequence nfz{labelResId=2132020497, callback=cgp@51c38be, lastModifier=0, keyCodes=[317], actions=[0]}
10-19 23:09:54.194  5589  5589 I HardKeyTracker: HardKeyTracker.registerKeySequence():170 Register key sequence nfz{labelResId=2132020497, callback=cgp@947039b, lastModifier=2, keyCodes=[56], actions=[0]}
10-19 23:09:54.194  5589  5589 I HardKeyTracker: HardKeyTracker.registerKeySequence():170 Register key sequence nfz{labelResId=2132020497, callback=cgp@f8e8876, lastModifier=0, keyCodes=[317], actions=[0]}
10-19 23:09:54.194  5589  5589 I VoiceInputManagerWrapper: VoiceInputManagerWrapper.cancelShutdown():109 cancelShutdown()
10-19 23:09:54.194  5589  5589 I VoiceInputManagerWrapper: VoiceInputManagerWrapper.syncLanguagePacks():121 syncLanguagePacks()
10-19 23:09:54.194  5589  5589 I VoiceInputManager: VoiceInputManager.onKeyboardActivated():1173 onKeyboardActivated() [UD]
10-19 23:09:54.194  5589  6558 I SpeechFactory: SpeechRecognitionFactory.maybeScheduleAutoPackDownloadForFallback():217 maybeScheduleAutoPackDownloadForFallback()
10-19 23:09:54.194  5589  6558 I FallbackOnDeviceRecognitionProvider: FallbackOnDeviceRecognitionProvider.maybeScheduleAutoPackDownload():205 maybeScheduleAutoPackDownload() for language tag en-US
10-19 23:09:54.194  5589  5589 I PkModeUpdater: PkModeUpdater.onActivate():74 onActivate false true
10-19 23:09:54.194  5589  5589 I AccessoryInputModeManager: AccessoryInputModeManager.onModeStarted():318 Accessory input mode started: null
10-19 23:09:54.194  5589  5589 W SupplementaryKeyboardsWrapper: SupplementaryKeyboardsWrapper.deactivateKeyboard():161 keyboard accessory_candidates_consumer is not activated before!
10-19 23:09:54.195  5589  5589 I KeyboardModeUtils: KeyboardModeUtils.getKeyboardBottomOffset():435 inch: 0.000000 ydpi: 387.429993 adjustKeyboardBottomByDisplaySize: false currentDensityDpi: 440 defaultDensityDpi: 440 keyboardBottomToScreenPx: 0 keyboardBottomToNavBarPx: -116 navBarHeight: 116
10-19 23:09:54.195  5589  5589 I KeyboardHeightUtil: KeyboardHeightUtil.calculateMaxKeyboardBodyHeight():50 leave 267 height for app when ime window height:2171, header height:121 and isFullscreenMode:false, so the max keyboard body height is:1783
10-19 23:09:54.195  5589  5589 I KeyboardHeightUtil: KeyboardHeightUtil.calculateMaxKeyboardBodyHeight():50 leave 267 height for app when ime window height:2171, header height:121 and isFullscreenMode:false, so the max keyboard body height is:1783
10-19 23:09:54.195  5589  5589 I AndroidIME: KeyboardViewManager.updateKeyboardBodyViewHolderPaddingBottom():472 Set finalPaddingBottom = 5 while holderPaddingBottom = 5; navigationHeight = 116
10-19 23:09:54.195  5589  5589 I KeyboardHeightUtil: KeyboardHeightUtil.calculateMaxKeyboardBodyHeight():50 leave 267 height for app when ime window height:2171, header height:121 and isFullscreenMode:false, so the max keyboard body height is:1783
10-19 23:09:54.195  5589  5589 I KeyboardHeightUtil: KeyboardHeightUtil.calculateMaxKeyboardBodyHeight():50 leave 267 height for app when ime window height:2171, header height:121 and isFullscreenMode:false, so the max keyboard body height is:1783
10-19 23:09:54.195  5589  5589 W ExtensionWrapper: ExtensionWrapper.setExtensionViewVisibility():811 interface mas is not activate
10-19 23:09:54.196  5589  5589 I Module  : DeviceLockedStatusModuleProvider$Module.updateDeviceLockedStatus():100 repeatCheckTimes = 1, locked = false
10-19 23:09:54.197  5589  5589 I HardKeyTracker: HardKeyTracker.unregisterKeySequence():221 Unregister key sequence nfz{labelResId=2132020501, callback=cgp@f44a2f6, lastModifier=2, keyCodes=[48], actions=[0]}
10-19 23:09:54.197  5589  5589 I HardKeyTracker: HardKeyTracker.registerKeySequence():170 Register key sequence nfz{labelResId=2132020501, callback=cgp@5224f49, lastModifier=2, keyCodes=[48], actions=[0]}
10-19 23:09:54.197  5589  5589 I HardKeyTracker: HardKeyTracker.unregisterKeySequence():221 Unregister key sequence nfz{labelResId=2132020501, callback=cgp@d909b93, lastModifier=2, keyCodes=[48], actions=[0]}
10-19 23:09:54.197  5589  5589 I HardKeyTracker: HardKeyTracker.registerKeySequence():170 Register key sequence nfz{labelResId=2132020501, callback=cgp@d0d035a, lastModifier=2, keyCodes=[48], actions=[0]}
10-19 23:09:54.198  5589  5589 I HardKeyTracker: HardKeyTracker.unregisterKeySequence():221 Unregister key sequence nfz{labelResId=2132020497, callback=cgp@f2dea0b, lastModifier=2, keyCodes=[56], actions=[0]}
10-19 23:09:54.198  5589  5589 I HardKeyTracker: HardKeyTracker.unregisterKeySequence():221 Unregister key sequence nfz{labelResId=2132020497, callback=cgp@1b9b5a6, lastModifier=0, keyCodes=[317], actions=[0]}
10-19 23:09:54.198  5589  5589 I HardKeyTracker: HardKeyTracker.registerKeySequence():170 Register key sequence nfz{labelResId=2132020497, callback=cgp@7a6a1bd, lastModifier=2, keyCodes=[56], actions=[0]}
10-19 23:09:54.198  5589  5589 I HardKeyTracker: HardKeyTracker.registerKeySequence():170 Register key sequence nfz{labelResId=2132020497, callback=cgp@7e44e80, lastModifier=0, keyCodes=[317], actions=[0]}
10-19 23:09:54.199  5589  5589 I HardKeyTracker: HardKeyTracker.unregisterKeySequence():221 Unregister key sequence nfz{labelResId=2132020502, callback=cgp@1678f83, lastModifier=2, keyCodes=[32], actions=[0]}
10-19 23:09:54.199  5589  5589 I HardKeyTracker: HardKeyTracker.registerKeySequence():170 Register key sequence nfz{labelResId=2132020502, callback=cgp@3a54b75, lastModifier=2, keyCodes=[32], actions=[0]}
10-19 23:09:54.200  5589  5589 I HardKeyTracker: HardKeyTracker.unregisterKeySequence():221 Unregister key sequence nfz{labelResId=2132020502, callback=cgp@5f3a418, lastModifier=2, keyCodes=[32], actions=[0]}
10-19 23:09:54.200  5589  5589 I HardKeyTracker: HardKeyTracker.registerKeySequence():170 Register key sequence nfz{labelResId=2132020502, callback=cgp@447edae, lastModifier=2, keyCodes=[32], actions=[0]}
10-19 23:09:54.200  5589  5589 I StylusModule: StylusModule.onUpdateToolType():800 Update tool type = 1
10-19 23:09:54.201  5589  5589 I StylusModule: StylusModule.onUpdateToolType():800 Update tool type = 1
10-19 23:09:54.204  5946  5946 D InsetsController: show(ime(), fromIme=true)
10-19 23:09:54.204  5946  5946 I ImeTracker: com.a1taxi.driverpro:cd40523f: onCancelled at PHASE_CLIENT_APPLY_ANIMATION
10-19 23:09:54.207  5589  5589 I KeyboardModeUtils: KeyboardModeUtils.getKeyboardBottomOffset():435 inch: 0.000000 ydpi: 387.429993 adjustKeyboardBottomByDisplaySize: false currentDensityDpi: 440 defaultDensityDpi: 440 keyboardBottomToScreenPx: 0 keyboardBottomToNavBarPx: -116 navBarHeight: 116
10-19 23:09:54.207  5589  5589 I KeyboardHeightUtil: KeyboardHeightUtil.calculateMaxKeyboardBodyHeight():50 leave 267 height for app when ime window height:2171, header height:121 and isFullscreenMode:false, so the max keyboard body height is:1783
10-19 23:09:54.207  5589  5589 I KeyboardHeightUtil: KeyboardHeightUtil.calculateMaxKeyboardBodyHeight():50 leave 267 height for app when ime window height:2171, header height:121 and isFullscreenMode:false, so the max keyboard body height is:1783
10-19 23:09:54.207  5589  5589 I AndroidIME: KeyboardViewManager.updateKeyboardBodyViewHolderPaddingBottom():472 Set finalPaddingBottom = 5 while holderPaddingBottom = 5; navigationHeight = 116
10-19 23:09:54.207  5589  5589 I WindowMetricsNotification: WindowMetricsNotification.notifyWithWindow():166 
10-19 23:09:54.208  5589  5589 I WindowMetricsNotification: WindowMetricsNotification.notify():159 pfu[bounds=Rect(0, 105 - 1080, 2392), insets=Rect(0, 0 - 0, 116), densityDpi=440, smallestScreenWidthDp=393, displayWidth=1080, displayHeight=2392, xdpi=387.43, ydpi=387.43, isTrustable=true, displayId=0]; DisplayMetrics{density=2.75, width=1080, height=2392, scaledDensity=2.75, xdpi=387.43, ydpi=387.43}
10-19 23:09:54.210  5946  5946 D InsetsController: show(ime(), fromIme=true)
10-19 23:09:54.210  5946  5946 I ImeTracker: com.a1taxi.driverpro:c8c96c3f: onCancelled at PHASE_CLIENT_APPLY_ANIMATION
10-19 23:09:54.214  5589  5589 I GoogleInputMethodService: GoogleInputMethodService$1.onKeyboardViewShown():325 onKeyboardViewShown: keyboardType=prime, keyboardViewType=HEADER keyboardView=com.google.android.libraries.inputmethod.widgets.SoftKeyboardView{2803e57 V.E...... ........ 0,0-1080,121}
10-19 23:09:54.215  5589  5589 I KeyboardHeightUtil: KeyboardHeightUtil.calculateMaxKeyboardBodyHeight():50 leave 267 height for app when ime window height:2171, header height:121 and isFullscreenMode:false, so the max keyboard body height is:1783
10-19 23:09:54.215  5589  5589 I GoogleInputMethodService: GoogleInputMethodService$1.onKeyboardViewShown():325 onKeyboardViewShown: keyboardType=prime, keyboardViewType=BODY keyboardView=com.google.android.libraries.inputmethod.widgets.SoftKeyboardView{739ce04 V.E...... ........ 0,0-1080,693}
10-19 23:09:54.215  5589  5589 I KeyboardHeightUtil: KeyboardHeightUtil.calculateMaxKeyboardBodyHeight():50 leave 267 height for app when ime window height:2171, header height:121 and isFullscreenMode:false, so the max keyboard body height is:1783
10-19 23:09:54.215  5589  5589 I GlobeKeyExtension: GlobeKeyExtension$1.onKeyboardViewShown():72 maybeDisableLanguageSwitchKeyPref when the keyboard is shown
10-19 23:09:54.215  5589  5589 I GlobeKeyExtension: GlobeKeyExtension.maybeDisableLanguageSwitchKeyPref():200 maybeDisableLanguageSwitchKeyPref hasGlobeKeyBeenDisabled: false, shouldDisableLanguageSwitchKey: false
10-19 23:09:54.215  5589  5589 I NewLanguagePromptExtension: NewLanguagePromptExtension$1.onKeyboardViewShown():88 Not show new language banner: not prime keyboard, or the extension not activated.
10-19 23:09:54.217  3458  3458 V InlinePresentationRendererServiceImpl: onRenderSuggestion: width=-2, height=-2
10-19 23:09:54.221  3458  3458 V InlineSuggestionRenderService: width=-2, height=-2, measuredSize=366x121
10-19 23:09:54.231  1870  1976 D AutofillSession: onShown(): 2, 1
10-19 23:09:54.232  5589  5589 I ProactiveSuggestionsHolderManager: ProactiveSuggestionsHolderManager$2.display():195 Requesting to show proactive suggestions: AUTO_FILL PREEMPTIVE_WITH_SUPPRESSION
10-19 23:09:54.235  3458  3458 D ViewRootImpl: AppSizeAfterRelayout, size: Point(366, 121), rotation: ROTATION_0
10-19 23:09:54.236  3458  3458 D BufferQueueConsumer: [](id:d8200000247,api:0,p:-1,c:3458) connect: controlledByApp=false
10-19 23:09:54.236  5589  5589 D BufferQueueConsumer: [](id:15d50000093e,api:0,p:-1,c:5589) connect: controlledByApp=false
10-19 23:09:54.237  3458  3458 D BLASTBufferQueue: [VRI[]#583](f:0,a:0) constructor()
10-19 23:09:54.237  3458  3458 D BLASTBufferQueue: [VRI[]#583](f:0,a:0) update width=366 height=121 format=-2 mTransformHint=0
10-19 23:09:54.237  5589  5589 D BLASTBufferQueue: [SurfaceView[InputMethod]#2366](f:0,a:0) constructor()
10-19 23:09:54.237  5589  5589 D BLASTBufferQueue: [SurfaceView[InputMethod]#2366](f:0,a:0) update width=770 height=121 format=-2 mTransformHint=0
10-19 23:09:54.239  1870  3370 D BatteryStatsService: noteVideoSurfaceChanged  noteWhich: 49,arg1: 770, arg2: 121, arg3: 5589, arg4: 106001, name: com.google.android.inputmethod.latin
10-19 23:09:54.240  5589  5589 I ProactiveSuggestionsHolderManager: ProactiveSuggestionsHolderManager$Holder.setSuggestionsAndShow():898 succeed to show proactive suggestions AUTO_FILL PREEMPTIVE_WITH_SUPPRESSION
10-19 23:09:54.243  5589  5589 I KeyboardModeUtils: KeyboardModeUtils.getKeyboardBottomOffset():435 inch: 0.000000 ydpi: 387.429993 adjustKeyboardBottomByDisplaySize: false currentDensityDpi: 440 defaultDensityDpi: 440 keyboardBottomToScreenPx: 0 keyboardBottomToNavBarPx: -116 navBarHeight: 116
10-19 23:09:54.243  5589  5589 I KeyboardHeightUtil: KeyboardHeightUtil.calculateMaxKeyboardBodyHeight():50 leave 267 height for app when ime window height:2171, header height:121 and isFullscreenMode:false, so the max keyboard body height is:1783
10-19 23:09:54.243  5589  5589 I KeyboardHeightUtil: KeyboardHeightUtil.calculateMaxKeyboardBodyHeight():50 leave 267 height for app when ime window height:2171, header height:121 and isFullscreenMode:false, so the max keyboard body height is:1783
10-19 23:09:54.243  5589  5589 I AndroidIME: KeyboardViewManager.updateKeyboardBodyViewHolderPaddingBottom():472 Set finalPaddingBottom = 5 while holderPaddingBottom = 5; navigationHeight = 116
10-19 23:09:54.245  5589  5589 D BufferQueueConsumer: [](id:15d50000093f,api:0,p:-1,c:5589) connect: controlledByApp=false
10-19 23:09:54.246  3458 31463 D BLASTBufferQueue: [VRI[]#583](f:0,a:1) acquireNextBufferLocked size=366x121 mFrameNumber=1 applyTransaction=true mTimestamp=656516121790668(auto) mPendingTransactions.size=0 graphicBufferId=14851996913649 transform=0
10-19 23:09:54.246  5589  5589 D BLASTBufferQueue: [SurfaceView[InputMethod]#2367](f:0,a:0) constructor()
10-19 23:09:54.246  5589  5589 D BLASTBufferQueue: [SurfaceView[InputMethod]#2367](f:0,a:0) update width=366 height=121 format=-2 mTransformHint=0
10-19 23:09:54.249  1870  3779 D BatteryStatsService: noteVideoSurfaceChanged  noteWhich: 49,arg1: 366, arg2: 121, arg3: 5589, arg4: 111109, name: com.google.android.inputmethod.latin
10-19 23:09:54.252  5589  5657 D BLASTBufferQueue: [SurfaceView[InputMethod]#2367](f:0,a:1) acquireNextBufferLocked size=366x121 mFrameNumber=1 applyTransaction=true mTimestamp=656516128149745(auto) mPendingTransactions.size=0 graphicBufferId=24004572225053 transform=0
10-19 23:09:54.253  1870  3779 D BatteryStatsService: noteVideoSurfaceChanged  noteWhich: 49,arg1: 184, arg2: 13, arg3: 5589, arg4: 111109, name: com.google.android.inputmethod.latin
10-19 23:09:54.254  1870  3779 D BatteryStatsService: noteVideoSurfaceChanged  noteWhich: 49,arg1: 770, arg2: 121, arg3: 5589, arg4: 106001, name: com.google.android.inputmethod.latin
10-19 23:09:54.258  1870  3779 D BatteryStatsService: noteVideoSurfaceChanged  noteWhich: 49,arg1: 220, arg2: 35, arg3: 5589, arg4: 111109, name: com.google.android.inputmethod.latin
10-19 23:09:54.270  1870  3779 D BatteryStatsService: noteVideoSurfaceChanged  noteWhich: 49,arg1: 256, arg2: 55, arg3: 5589, arg4: 111109, name: com.google.android.inputmethod.latin
10-19 23:09:54.287  1870  3779 D BatteryStatsService: noteVideoSurfaceChanged  noteWhich: 49,arg1: 286, arg2: 73, arg3: 5589, arg4: 111109, name: com.google.android.inputmethod.latin
10-19 23:09:54.305  1870  3779 D BatteryStatsService: noteVideoSurfaceChanged  noteWhich: 49,arg1: 310, arg2: 87, arg3: 5589, arg4: 111109, name: com.google.android.inputmethod.latin
10-19 23:09:54.320  1870  3779 D BatteryStatsService: noteVideoSurfaceChanged  noteWhich: 49,arg1: 330, arg2: 101, arg3: 5589, arg4: 111109, name: com.google.android.inputmethod.latin
10-19 23:09:54.340  1870  3779 D BatteryStatsService: noteVideoSurfaceChanged  noteWhich: 49,arg1: 346, arg2: 109, arg3: 5589, arg4: 111109, name: com.google.android.inputmethod.latin
10-19 23:09:54.355  1870  3779 D BatteryStatsService: noteVideoSurfaceChanged  noteWhich: 49,arg1: 358, arg2: 117, arg3: 5589, arg4: 111109, name: com.google.android.inputmethod.latin
10-19 23:09:54.367 21163 23043 I cn_CronetUrlRequestContext: destroyNativeStreamLocked org.chromium.net.impl.CronetBidirectionalStream@d4dc66b
10-19 23:09:54.370  1870  3779 D BatteryStatsService: noteVideoSurfaceChanged  noteWhich: 49,arg1: 364, arg2: 121, arg3: 5589, arg4: 111109, name: com.google.android.inputmethod.latin
10-19 23:09:54.388  1870  3779 D BatteryStatsService: noteVideoSurfaceChanged  noteWhich: 49,arg1: 366, arg2: 121, arg3: 5589, arg4: 111109, name: com.google.android.inputmethod.latin
10-19 23:09:55.227 21104 22003 I IPCThreadState: oneway function results for code 1 on binder at 0xb4000077d00bf3e0 will be dropped but finished with status UNKNOWN_TRANSACTION and reply parcel size 80
10-19 23:09:55.553 21104 22161 I cn_CronetUrlRequestContext: destroyNativeStreamLocked org.chromium.net.impl.CronetBidirectionalStream@e57faf9
10-19 23:09:56.084  5589  5589 W TooltipLifecycleManager: TooltipLifecycleManager.dismissTooltips():153 Tooltip with id SUGGESTION_VIEW_EDU_MINI_DIALOG not found in tooltipManager.
10-19 23:09:56.086  1870  3777 D BatteryStatsService: noteVideoSurfaceChanged  noteWhich: 49,arg1: -1, arg2: -1, arg3: 5589, arg4: 111109, name: com.google.android.inputmethod.latin
10-19 23:09:56.086  5589  5657 E BufferQueueProducer: [SurfaceView[InputMethod]#2367(BLAST Consumer)2367](id:15d50000093f,api:0,p:-1,c:5589) disconnect: not connected (req=1)
10-19 23:09:56.086  5589  5657 W libEGL  : EGLNativeWindowType 0xb4000077e025fbf0 disconnect failed
10-19 23:09:56.087  5589  5589 D BLASTBufferQueue: [SurfaceView[InputMethod]#2367](f:0,a:1) destructor()
10-19 23:09:56.087  5589  5589 D BufferQueueConsumer: [SurfaceView[InputMethod]#2367(BLAST Consumer)2367](id:15d50000093f,api:0,p:-1,c:5589) disconnect
10-19 23:09:56.088  5589  5589 W TooltipLifecycleManager: TooltipLifecycleManager.dismissTooltips():153 Tooltip with id SUGGESTION_VIEW_EDU_MINI_DIALOG not found in tooltipManager.
10-19 23:09:56.089  5589  5589 I KeyboardModeUtils: KeyboardModeUtils.getKeyboardBottomOffset():435 inch: 0.000000 ydpi: 387.429993 adjustKeyboardBottomByDisplaySize: false currentDensityDpi: 440 defaultDensityDpi: 440 keyboardBottomToScreenPx: 0 keyboardBottomToNavBarPx: -116 navBarHeight: 116
10-19 23:09:56.089  5589  5589 I KeyboardHeightUtil: KeyboardHeightUtil.calculateMaxKeyboardBodyHeight():50 leave 267 height for app when ime window height:2171, header height:121 and isFullscreenMode:false, so the max keyboard body height is:1783
10-19 23:09:56.089  5589  5589 I KeyboardHeightUtil: KeyboardHeightUtil.calculateMaxKeyboardBodyHeight():50 leave 267 height for app when ime window height:2171, header height:121 and isFullscreenMode:false, so the max keyboard body height is:1783
10-19 23:09:56.089  5589  5589 I AndroidIME: KeyboardViewManager.updateKeyboardBodyViewHolderPaddingBottom():472 Set finalPaddingBottom = 5 while holderPaddingBottom = 5; navigationHeight = 116
10-19 23:09:56.095  5589  5589 W TooltipLifecycleManager: TooltipLifecycleManager.dismissTooltips():153 Tooltip with id SUGGESTION_VIEW_EDU_MINI_DIALOG not found in tooltipManager.
10-19 23:09:56.142  1870  6192 D BatteryStatsService: noteVideoSurfaceChanged  noteWhich: 49,arg1: -1, arg2: -1, arg3: 5589, arg4: 106001, name: com.google.android.inputmethod.latin
10-19 23:09:56.142  5589  5589 D BLASTBufferQueue: [SurfaceView[InputMethod]#2366](f:0,a:0) destructor()
10-19 23:09:56.142  5589  5589 D BufferQueueConsumer: [SurfaceView[InputMethod]#2366(BLAST Consumer)2366](id:15d50000093e,api:0,p:-1,c:5589) disconnect
10-19 23:09:56.153  5589  5589 I KeyboardModeUtils: KeyboardModeUtils.getKeyboardBottomOffset():435 inch: 0.000000 ydpi: 387.429993 adjustKeyboardBottomByDisplaySize: false currentDensityDpi: 440 defaultDensityDpi: 440 keyboardBottomToScreenPx: 0 keyboardBottomToNavBarPx: -116 navBarHeight: 116
10-19 23:09:56.154  5589  5589 I KeyboardHeightUtil: KeyboardHeightUtil.calculateMaxKeyboardBodyHeight():50 leave 267 height for app when ime window height:2171, header height:121 and isFullscreenMode:false, so the max keyboard body height is:1783
10-19 23:09:56.154  5589  5589 I KeyboardHeightUtil: KeyboardHeightUtil.calculateMaxKeyboardBodyHeight():50 leave 267 height for app when ime window height:2171, header height:121 and isFullscreenMode:false, so the max keyboard body height is:1783
10-19 23:09:56.154  5589  5589 I AndroidIME: KeyboardViewManager.updateKeyboardBodyViewHolderPaddingBottom():472 Set finalPaddingBottom = 5 while holderPaddingBottom = 5; navigationHeight = 116
10-19 23:09:56.254  5589  5589 I KeyboardModeUtils: KeyboardModeUtils.getKeyboardBottomOffset():435 inch: 0.000000 ydpi: 387.429993 adjustKeyboardBottomByDisplaySize: false currentDensityDpi: 440 defaultDensityDpi: 440 keyboardBottomToScreenPx: 0 keyboardBottomToNavBarPx: -116 navBarHeight: 116
10-19 23:09:56.254  5589  5589 I KeyboardHeightUtil: KeyboardHeightUtil.calculateMaxKeyboardBodyHeight():50 leave 267 height for app when ime window height:2171, header height:121 and isFullscreenMode:false, so the max keyboard body height is:1783
10-19 23:09:56.254  5589  5589 I KeyboardHeightUtil: KeyboardHeightUtil.calculateMaxKeyboardBodyHeight():50 leave 267 height for app when ime window height:2171, header height:121 and isFullscreenMode:false, so the max keyboard body height is:1783
10-19 23:09:56.254  5589  5589 I AndroidIME: KeyboardViewManager.updateKeyboardBodyViewHolderPaddingBottom():472 Set finalPaddingBottom = 5 while holderPaddingBottom = 5; navigationHeight = 116
10-19 23:09:56.293  3458  3458 V InlineSuggestionRenderService: Releasing inline suggestion view host
10-19 23:09:56.294  5589  5589 W TooltipLifecycleManager: TooltipLifecycleManager.dismissTooltips():153 Tooltip with id SUGGESTION_VIEW_EDU_MINI_DIALOG not found in tooltipManager.
10-19 23:09:56.299  3458  3458 D BLASTBufferQueue: [VRI[]#583](f:0,a:4) destructor()
10-19 23:09:56.299  3458  3458 D BufferQueueConsumer: [VRI[]#583(BLAST Consumer)583](id:d8200000247,api:0,p:-1,c:3458) disconnect
10-19 23:09:56.308  3458  3458 V InlineSuggestionRenderService: Removed the inline suggestion from the cache, current size=0
10-19 23:09:56.587  5589  5589 W TooltipLifecycleManager: TooltipLifecycleManager.dismissTooltips():153 Tooltip with id SUGGESTION_VIEW_EDU_MINI_DIALOG not found in tooltipManager.
10-19 23:09:56.715 21163 23043 I cn_CronetUrlRequestContext: destroyNativeStreamLocked org.chromium.net.impl.CronetBidirectionalStream@a88b0f8
10-19 23:09:57.300  5589  5589 W TooltipLifecycleManager: TooltipLifecycleManager.dismissTooltips():153 Tooltip with id SUGGESTION_VIEW_EDU_MINI_DIALOG not found in tooltipManager.
10-19 23:09:57.674  5589  5589 W TooltipLifecycleManager: TooltipLifecycleManager.dismissTooltips():153 Tooltip with id SUGGESTION_VIEW_EDU_MINI_DIALOG not found in tooltipManager.
10-19 23:09:57.983  5589  5589 W TooltipLifecycleManager: TooltipLifecycleManager.dismissTooltips():153 Tooltip with id SUGGESTION_VIEW_EDU_MINI_DIALOG not found in tooltipManager.
10-19 23:09:58.588  5946  5946 I ImeTracker: com.a1taxi.driverpro:f4137af5: onRequestHide at ORIGIN_CLIENT reason HIDE_SOFT_INPUT fromUser false
10-19 23:09:58.591  5589  5589 I GoogleInputMethodService: GoogleInputMethodService.onFinishInputView():1571 onFinishInputView(false)
10-19 23:09:58.591  5589  5589 I GlobeKeyExtension: GlobeKeyExtension.onDeactivate():144 
10-19 23:09:58.591  5589  5589 W TooltipLifecycleManager: TooltipLifecycleManager.dismissTooltips():153 Tooltip with id SUGGESTION_VIEW_EDU_MINI_DIALOG not found in tooltipManager.
10-19 23:09:58.592  5589  5589 I VoiceInputManagerWrapper: VoiceInputManagerWrapper.shutdown():131 shutdown()
10-19 23:09:58.593  5589  5589 W TooltipLifecycleManager: TooltipLifecycleManager.dismissTooltips():153 Tooltip with id spell_check_add_to_dictionary not found in tooltipManager.
10-19 23:09:58.595  5589  5589 I AndroidIME: AbstractIme.onDeactivate():216 PasswordIme.onDeactivate()
10-19 23:09:58.596  5946  5946 D InsetsController: hide(ime(), fromIme=true)
10-19 23:09:58.598  5589  5589 W TooltipLifecycleManager: TooltipLifecycleManager.dismissTooltips():153 Tooltip with id undo_access_point_promotion_banner not found in tooltipManager.
10-19 23:09:58.612  5589  5589 I KeyboardModeUtils: KeyboardModeUtils.getKeyboardBottomOffset():435 inch: 0.000000 ydpi: 387.429993 adjustKeyboardBottomByDisplaySize: false currentDensityDpi: 440 defaultDensityDpi: 440 keyboardBottomToScreenPx: 0 keyboardBottomToNavBarPx: -116 navBarHeight: 116
10-19 23:09:58.612  5589  5589 I KeyboardHeightUtil: KeyboardHeightUtil.calculateMaxKeyboardBodyHeight():50 leave 267 height for app when ime window height:2171, header height:121 and isFullscreenMode:false, so the max keyboard body height is:1783
10-19 23:09:58.613  5589  5589 I KeyboardHeightUtil: KeyboardHeightUtil.calculateMaxKeyboardBodyHeight():50 leave 267 height for app when ime window height:2171, header height:121 and isFullscreenMode:false, so the max keyboard body height is:1783
10-19 23:09:58.613  5589  5589 I AndroidIME: KeyboardViewManager.updateKeyboardBodyViewHolderPaddingBottom():472 Set finalPaddingBottom = 5 while holderPaddingBottom = 5; navigationHeight = 116
10-19 23:09:58.807  5946  5946 I ImeTracker: com.a1taxi.driverpro:5842c1c7: onRequestHide at ORIGIN_CLIENT reason HIDE_SOFT_INPUT_ON_ANIMATION_STATE_CHANGED fromUser false
10-19 23:09:58.808  5946  5946 I ImeTracker: com.a1taxi.driverpro:f4137af5: onHidden
10-19 23:09:59.322  5589  5589 W TooltipLifecycleManager: TooltipLifecycleManager.dismissTooltips():153 Tooltip with id undo_access_point_promotion_banner not found in tooltipManager.
10-19 23:09:59.351  5589  5589 D ViewRootImpl: AppSizeAfterRelayout, size: Point(1080, 2287), rotation: ROTATION_0
10-19 23:09:59.352  5589  5589 D BLASTBufferQueue: [VRI[InputMethod]#2363](f:0,a:4) destructor()
10-19 23:09:59.352  5589  5589 D BufferQueueConsumer: [VRI[InputMethod]#2363(BLAST Consumer)2363](id:15d50000093b,api:0,p:-1,c:5589) disconnect
10-19 23:09:59.455  5946 15986 I ReactNativeJS: === LOGIN BUTTON PRESSED ===
