10-19 16:41:23.373  5589  5589 I HardKeyTracker: HardKeyTracker.unregisterKeySequence():221 Unregister key sequence nfz{labelResId=0, callback=gds@d32c2e3, lastModifier=0, keyCodes=[58, 58], actions=[1, 0]}
10-19 16:41:23.414 21104 24636 W anqe    : Failed to retrieve prediction data. [CONTEXT service_id=177 ]
10-19 16:41:23.414 21104 24636 W anqe    : java.util.concurrent.ExecutionException: fnpd: No active MDD filegroup android-autofill-infinitedata found for the table autofill-domain-predictions-prod-spanner.
10-19 16:41:23.414 21104 24636 W anqe    : 	at gpkb.j(:com.google.android.gms@254031035@25.40.31 (260400-816341114):21)
10-19 16:41:23.414 21104 24636 W anqe    : 	at gpkk.v(:com.google.android.gms@254031035@25.40.31 (260400-816341114):31)
10-19 16:41:23.414 21104 24636 W anqe    : 	at gpkb.get(:com.google.android.gms@254031035@25.40.31 (260400-816341114):2)
10-19 16:41:23.414 21104 24636 W anqe    : 	at anqe.e(:com.google.android.gms@254031035@25.40.31 (260400-816341114):81)
10-19 16:41:23.414 21104 24636 W anqe    : 	at anqe.a(:com.google.android.gms@254031035@25.40.31 (260400-816341114):124)
10-19 16:41:23.414 21104 24636 W anqe    : 	at anno.call(:com.google.android.gms@254031035@25.40.31 (260400-816341114):5)
10-19 16:41:23.414 21104 24636 W anqe    : 	at java.util.concurrent.FutureTask.run(FutureTask.java:317)
10-19 16:41:23.414 21104 24636 W anqe    : 	at bckr.c(:com.google.android.gms@254031035@25.40.31 (260400-816341114):50)
10-19 16:41:23.414 21104 24636 W anqe    : 	at bckr.run(:com.google.android.gms@254031035@25.40.31 (260400-816341114):73)
10-19 16:41:23.414 21104 24636 W anqe    : 	at java.util.concurrent.ThreadPoolExecutor.runWorker(ThreadPoolExecutor.java:1156)
10-19 16:41:23.414 21104 24636 W anqe    : 	at java.util.concurrent.ThreadPoolExecutor$Worker.run(ThreadPoolExecutor.java:651)
10-19 16:41:23.414 21104 24636 W anqe    : 	at bcqi.run(:com.google.android.gms@254031035@25.40.31 (260400-816341114):8)
10-19 16:41:23.414 21104 24636 W anqe    : 	at java.lang.Thread.run(Thread.java:1119)
10-19 16:41:23.414 21104 24636 W anqe    : Caused by: fnpd: No active MDD filegroup android-autofill-infinitedata found for the table autofill-domain-predictions-prod-spanner.
10-19 16:41:23.414 21104 24636 W anqe    : 	at fnpr.a(:com.google.android.gms@254031035@25.40.31 (260400-816341114):13)
10-19 16:41:23.414 21104 24636 W anqe    : 	at gpjr.d(:com.google.android.gms@254031035@25.40.31 (260400-816341114):3)
10-19 16:41:23.414 21104 24636 W anqe    : 	at gpjt.run(:com.google.android.gms@254031035@25.40.31 (260400-816341114):130)
10-19 16:41:23.414 21104 24636 W anqe    : 	at gpma.execute(:com.google.android.gms@254031035@25.40.31 (260400-816341114):1)
10-19 16:41:23.414 21104 24636 W anqe    : 	at gpkb.f(:com.google.android.gms@254031035@25.40.31 (260400-816341114):1)
10-19 16:41:23.414 21104 24636 W anqe    : 	at gpkb.m(:com.google.android.gms@254031035@25.40.31 (260400-816341114):99)
10-19 16:41:23.414 21104 24636 W anqe    : 	at gpkb.r(:com.google.android.gms@254031035@25.40.31 (260400-816341114):17)
10-19 16:41:23.414 21104 24636 W anqe    : 	at gpko.run(:com.google.android.gms@254031035@25.40.31 (260400-816341114):77)
10-19 16:41:23.414 21104 24636 W anqe    : 	at gpma.execute(:com.google.android.gms@254031035@25.40.31 (260400-816341114):1)
10-19 16:41:23.414 21104 24636 W anqe    : 	at gpkb.f(:com.google.android.gms@254031035@25.40.31 (260400-816341114):1)
10-19 16:41:23.414 21104 24636 W anqe    : 	at gpkb.m(:com.google.android.gms@254031035@25.40.31 (260400-816341114):99)
10-19 16:41:23.414 21104 24636 W anqe    : 	at gpkb.t(:com.google.android.gms@254031035@25.40.31 (260400-816341114):26)
10-19 16:41:23.414 21104 24636 W anqe    : 	at gpjr.e(:com.google.android.gms@254031035@25.40.31 (260400-816341114):3)
10-19 16:41:23.414 21104 24636 W anqe    : 	at gpjt.run(:com.google.android.gms@254031035@25.40.31 (260400-816341114):138)
10-19 16:41:23.414 21104 24636 W anqe    : 	at gpma.execute(:com.google.android.gms@254031035@25.40.31 (260400-816341114):1)
10-19 16:41:23.414 21104 24636 W anqe    : 	at gpkb.f(:com.google.android.gms@254031035@25.40.31 (260400-816341114):1)
10-19 16:41:23.414 21104 24636 W anqe    : 	at gpkb.m(:com.google.android.gms@254031035@25.40.31 (260400-816341114):99)
10-19 16:41:23.414 21104 24636 W anqe    : 	at gpkb.r(:com.google.android.gms@254031035@25.40.31 (260400-816341114):17)
10-19 16:41:23.414 21104 24636 W anqe    : 	at gpko.run(:com.google.android.gms@254031035@25.40.31 (260400-816341114):77)
10-19 16:41:23.414 21104 24636 W anqe    : 	at gpma.execute(:com.google.android.gms@254031035@25.40.31 (260400-816341114):1)
10-19 16:41:23.414 21104 24636 W anqe    : 	at gpkb.f(:com.google.android.gms@254031035@25.40.31 (260400-816341114):1)
10-19 16:41:23.414 21104 24636 W anqe    : 	at gpkb.m(:com.google.android.gms@254031035@25.40.31 (260400-816341114):99)
10-19 16:41:23.414 21104 24636 W anqe    : 	at gpkb.t(:com.google.android.gms@254031035@25.40.31 (260400-816341114):26)
10-19 16:41:23.414 21104 24636 W anqe    : 	at gpmx.run(:com.google.android.gms@254031035@25.40.31 (260400-816341114):5)
10-19 16:41:23.414 21104 24636 W anqe    : 	at gpma.execute(:com.google.android.gms@254031035@25.40.31 (260400-816341114):1)
10-19 16:41:23.414 21104 24636 W anqe    : 	at gpkb.f(:com.google.android.gms@254031035@25.40.31 (260400-816341114):1)
10-19 16:41:23.414 21104 24636 W anqe    : 	at gpkb.m(:com.google.android.gms@254031035@25.40.31 (260400-816341114):99)
10-19 16:41:23.414 21104 24636 W anqe    : 	at gpkb.t(:com.google.android.gms@254031035@25.40.31 (260400-816341114):26)
10-19 16:41:23.414 21104 24636 W anqe    : 	at gpkm.e(:com.google.android.gms@254031035@25.40.31 (260400-816341114):3)
10-19 16:41:23.414 21104 24636 W anqe    : 	at gpko.run(:com.google.android.gms@254031035@25.40.31 (260400-816341114):44)
10-19 16:41:23.414 21104 24636 W anqe    : 	at gpod.run(:com.google.android.gms@254031035@25.40.31 (260400-816341114):64)
10-19 16:41:23.414 21104 24636 W anqe    : 	... 6 more
10-19 16:41:23.414 21104 24636 W anqe    : Caused by: flxc: Requested group not found.
10-19 16:41:23.414 21104 24636 W anqe    : 	at flxa.a(:com.google.android.gms@254031035@25.40.31 (260400-816341114):30)
10-19 16:41:23.414 21104 24636 W anqe    : 	at fmce.a(:com.google.android.gms@254031035@25.40.31 (260400-816341114):19)
10-19 16:41:23.414 21104 24636 W anqe    : 	at ghbr.a(:com.google.android.gms@254031035@25.40.31 (260400-816341114):13)
10-19 16:41:23.414 21104 24636 W anqe    : 	at gpkm.d(:com.google.android.gms@254031035@25.40.31 (260400-816341114):3)
10-19 16:41:23.414 21104 24636 W anqe    : 	at gpko.run(:com.google.android.gms@254031035@25.40.31 (260400-816341114):38)
10-19 16:41:23.414 21104 24636 W anqe    : 	... 7 more
10-19 16:41:23.416 21163 21163 D BoundBrokerSvc: onBind: Intent { act=com.google.android.gms.wallet.service.BIND pkg=com.google.android.gms }
10-19 16:41:23.416 21163 21163 D BoundBrokerSvc: Loading bound service for intent: Intent { act=com.google.android.gms.wallet.service.BIND pkg=com.google.android.gms }
10-19 16:41:23.433 21163 18823 I SyncManager: (REDACTED) Executing sync(type=%s%s)
10-19 16:41:23.439 21163 18823 I SyncManager: (REDACTED) Executing sync(type=%s) finished in %s
10-19 16:41:23.439 21163 22741 I AutofillPreferences: The stored preference is not current autofill service. Clean permission. [CONTEXT service_id=177 ]
10-19 16:41:23.439 21163 22741 I AutofillPreferences: cleanPermission [CONTEXT service_id=177 ]
10-19 16:41:23.442 21163 21163 D BoundBrokerSvc: onBind: Intent { act=com.google.android.gms.auth.api.phone.service.InternalService.START dat=chimera-action:/... cmp=com.google.android.gms/.chimera.GmsInternalApiService }
10-19 16:41:23.443 21163 21163 D BoundBrokerSvc: Loading bound service for intent: Intent { act=com.google.android.gms.auth.api.phone.service.InternalService.START dat=chimera-action:/... cmp=com.google.android.gms/.chimera.GmsInternalApiService }
10-19 16:41:23.451 21163 22741 I AutofillPreferences: The stored preference is not current autofill service. Clean permission. [CONTEXT service_id=177 ]
10-19 16:41:23.451 21163 22741 I AutofillPreferences: cleanPermission [CONTEXT service_id=177 ]
10-19 16:41:23.457 21104 21188 W Settings: Setting airplane_mode_on has moved from android.provider.Settings.System to android.provider.Settings.Global, returning read-only value.
10-19 16:41:23.460 21104 24011 W SystemServiceRegistry: No service published for: wifirtt
10-19 16:41:23.769  1870  1870 D AutofillSession: Service did not request to wait for delayed fill response.
10-19 16:41:23.947 21104 21143 I WifiScanner: onFullResults
10-19 16:41:23.948 21104 22647 I WifiScanner: onFullResults
10-19 16:41:23.949 21104 21119 I WifiScanner: onFullResults
10-19 16:41:23.960 21104 24471 I FrewleTileCacheManagerV: (REDACTED) Fetched %d AP models from cache
10-19 16:41:23.990 21104 21184 I FusedLocation: (REDACTED) location delivery to %s blocked - too close
10-19 16:41:23.990 21104 21184 I FusedLocation: (REDACTED) location delivery to %s blocked - too fast
10-19 16:41:23.991 21104 21184 I FusedLocation: (REDACTED) location delivery to %s blocked - too close
10-19 16:41:23.992 21104 21184 I FusedLocation: (REDACTED) location delivery to %s blocked - too close
10-19 16:41:23.994 21104 21184 I fznc    : Received empty WiFi-RTT scan. [CONTEXT service_id=6 ]
10-19 16:41:23.998 21104 24471 I SemanticLocation: [InfMgr] No location reports after filtering [CONTEXT service_id=173 ]
10-19 16:41:24.368 14485 14485 I bnlz    : onStart
10-19 16:41:24.369 14485 14485 I bldh    : (REDACTED) [%s] onStart()
10-19 16:41:24.369 14485 14485 I blfn    : Reloading theme data
10-19 16:41:24.372 14485 14485 I bnlz    : onResume
10-19 16:41:24.384 14485 14485 D VRI[Launcher]: visibilityChanged oldVisibility=false newVisibility=true
10-19 16:41:24.404 14485 14485 D ViewRootImpl: AppSizeAfterRelayout, size: Point(1080, 2392), rotation: ROTATION_0
10-19 16:41:24.405 14485 14485 D BufferQueueConsumer: [](id:389500000062,api:0,p:-1,c:14485) connect: controlledByApp=false
10-19 16:41:24.405 14485 14485 D BLASTBufferQueue: [VRI[Launcher]#98](f:0,a:0) constructor()
10-19 16:41:24.405 14485 14485 D BLASTBufferQueue: [VRI[Launcher]#98](f:0,a:0) update width=1080 height=2392 format=-2 mTransformHint=0
10-19 16:41:24.414 14485 14785 D BLASTBufferQueue: [VRI[Launcher]#98](f:0,a:1) acquireNextBufferLocked size=1080x2392 mFrameNumber=1 applyTransaction=true mTimestamp=635654965145425(auto) mPendingTransactions.size=0 graphicBufferId=62212601283247 transform=0
10-19 16:41:24.508 21104 21184 I FusedLocation: (REDACTED) location delivery to %s blocked - too close
10-19 16:41:24.508 21104 21184 I FusedLocation: (REDACTED) location delivery to %s blocked - too fast
10-19 16:41:24.508 21104 21184 I FusedLocation: (REDACTED) location delivery to %s blocked - too close
10-19 16:41:24.508 21104 21184 I FusedLocation: (REDACTED) location delivery to %s blocked - too fast
10-19 16:41:24.509 21104 21184 I FusedLocation: (REDACTED) location delivery to %s blocked - too fast
10-19 16:41:24.509 21104 21184 I FusedLocation: (REDACTED) location delivery to %s blocked - too close
10-19 16:41:24.509 21104 21184 I FusedLocation: (REDACTED) location delivery to %s blocked - too fast
10-19 16:41:24.509 21104 21184 I FusedLocation: (REDACTED) location delivery to %s blocked - too fast
10-19 16:41:24.907  5589  5589 I GoogleInputMethodService: GoogleInputMethodService.onFinishInput():2085 
10-19 16:41:24.908  5589  5589 I Module  : DeviceLockedStatusModuleProvider$Module.updateDeviceLockedStatus():100 repeatCheckTimes = 0, locked = false
10-19 16:41:24.908 14485 14485 I bnft    : (REDACTED) onApplyWindowInsets: systemWindowInsets=%s
10-19 16:41:24.909 14485 14485 I bnft    : (REDACTED) onApplyWindowInsets: systemWindowInsets=%s
10-19 16:41:24.909  5589  5589 I GoogleInputMethodService: GoogleInputMethodService.onStartInput():1346 onStartInput(EditorInfo{EditorInfo{packageName=com.android.launcher3, inputType=0, inputTypeString=NULL, enableLearning=false, autoCorrection=false, autoComplete=false, imeOptions=0, privateImeOptions=null, actionName=UNSPECIFIED, actionLabel=null, initialSelStart=-1, initialSelEnd=-1, initialCapsMode=0, label=null, fieldId=0, fieldName=null, extras=null, hintText=null, hintLocales=[]}}, false)
10-19 16:41:24.910  5589  5589 I Module  : DeviceLockedStatusModuleProvider$Module.updateDeviceLockedStatus():100 repeatCheckTimes = 1, locked = false
10-19 16:41:24.910  5589  5589 I HardKeyTracker: HardKeyTracker.registerKeySequence():170 Register key sequence nfz{labelResId=0, callback=gds@26e1d35, lastModifier=0, keyCodes=[57, 57], actions=[1, 0]}
10-19 16:41:24.910  5589  5589 I HardKeyTracker: HardKeyTracker.registerKeySequence():170 Register key sequence nfz{labelResId=0, callback=gds@f32ba58, lastModifier=0, keyCodes=[58, 58], actions=[1, 0]}
10-19 16:41:24.940  1870  2605 D BatteryStatsService: noteVideoSurfaceChanged  noteWhich: 49,arg1: -2, arg2: -1, arg3: 15491, arg4: 1720, name: com.a1taxi.driverpro
10-19 16:41:25.384 20641 20641 I Choreographer: Skipped 149 frames!  The application may be doing too much work on its main thread.
10-19 16:41:25.386 20641 22493 I ReactNativeJS: '📡 [REALTIME] Ride subscription status for ad5b23e8-48fd-43e2-ab34-6c9a961e49f9:', 'CHANNEL_ERROR'
10-19 16:41:25.387 20641 22493 I ReactNativeJS: '📡 [REALTIME] Ride subscription status for ad5b23e8-48fd-43e2-ab34-6c9a961e49f9:', 'CHANNEL_ERROR'
10-19 16:41:25.402 20641 22493 I ReactNativeJS: 🚨 [DEBUG] Driver location polling interval triggered
10-19 16:41:25.409 20641 22493 I ReactNativeJS: 🚨 [DEBUG] Driver location polling interval triggered
10-19 16:41:25.410 20641 22493 I ReactNativeJS: 🚗 [DRIVER_SEARCH] Auto-navigating to My Rides page for live tracking
10-19 16:41:25.417 20641 20641 D VRI[MainActivity]: visibilityChanged oldVisibility=false newVisibility=true
10-19 16:41:25.420 14485 14485 I bnft    : (REDACTED) onApplyWindowInsets: systemWindowInsets=%s
10-19 16:41:25.420 14485 14485 I bnft    : (REDACTED) onApplyWindowInsets: systemWindowInsets=%s
10-19 16:41:25.428 20641 20641 D ViewRootImpl: AppSizeAfterRelayout, size: Point(1080, 2392), rotation: ROTATION_0
10-19 16:41:25.429 20641 20641 D BufferQueueConsumer: [](id:50a100000016,api:0,p:-1,c:20641) connect: controlledByApp=false
10-19 16:41:25.429 20641 20641 D BLASTBufferQueue: [VRI[MainActivity]#11](f:0,a:0) constructor()
10-19 16:41:25.429 20641 20641 D BLASTBufferQueue: [VRI[MainActivity]#11](f:0,a:0) update width=1080 height=2392 format=-1 mTransformHint=0
10-19 16:41:25.441 20641 20641 D BufferQueueConsumer: [](id:50a100000017,api:0,p:-1,c:20641) connect: controlledByApp=true
10-19 16:41:25.442 20641 22493 I ReactNativeJS: '🎯 [TRIP_NOTIFICATION] Component mounted, notifications count:', 0
10-19 16:41:25.443 20641 22493 I ReactNativeJS: '🔍 [TRIP_NOTIFICATION] Component render - visible:', false, 'notification:', false
10-19 16:41:25.480 14485 14485 I bnlz    : onPause
10-19 16:41:25.493 20641 22476 D BLASTBufferQueue: [VRI[MainActivity]#11](f:0,a:1) acquireNextBufferLocked size=1080x2392 mFrameNumber=1 applyTransaction=true mTimestamp=635656043522733(auto) mPendingTransactions.size=0 graphicBufferId=88652419956854 transform=0
10-19 16:41:25.499 14485 15090 V ClearcutMetricXmitter: Transmission is done.
10-19 16:41:25.513 20641 24818 W ProxyAndroidLoggerBackend: Too many Flogger logs received before configuration. Dropping old logs.
10-19 16:41:25.513 20641 24818 W ProxyAndroidLoggerBackend: Too many Flogger logs received before configuration. Dropping old logs.
10-19 16:41:25.515 20641 22493 I ReactNativeJS: 🚨 [DEBUG] useEffect cleanup triggered
10-19 16:41:25.516 20641 22493 I ReactNativeJS: 🧹 [DRIVER_SEARCH] Cleaning up subscriptions and polling
10-19 16:41:25.517 20641 22493 I ReactNativeJS: '🎯 [useRideNotifications] useEffect triggered, user ID:', 'e95a4f14-8958-49e9-8ede-d81b82a7ba12'
10-19 16:41:25.518 20641 22493 I ReactNativeJS: 🔍 [NOTIFICATIONS] ===== FETCHING NOTIFICATIONS =====
10-19 16:41:25.518 20641 22493 I ReactNativeJS: '🔍 [NOTIFICATIONS] User ID:', 'e95a4f14-8958-49e9-8ede-d81b82a7ba12'
10-19 16:41:25.518 20641 22493 I ReactNativeJS: '🔍 [NOTIFICATIONS] Timestamp:', '2025-10-19T11:11:25.518Z'
10-19 16:41:25.520 20641 24818 W ProxyAndroidLoggerBackend: Too many Flogger logs received before configuration. Dropping old logs.
10-19 16:41:25.520 20641 24818 W ProxyAndroidLoggerBackend: Too many Flogger logs received before configuration. Dropping old logs.
10-19 16:41:25.528 20641 24819 W ProxyAndroidLoggerBackend: Too many Flogger logs received before configuration. Dropping old logs.
10-19 16:41:25.528 20641 24819 W ProxyAndroidLoggerBackend: Too many Flogger logs received before configuration. Dropping old logs.
10-19 16:41:25.534 20641 22493 I ReactNativeJS: 🔔 [BANNER_DEBUG] ===== NOTIFICATION BANNER EFFECT =====
10-19 16:41:25.534 20641 22493 I ReactNativeJS: '🔔 [BANNER_DEBUG] Banner summary:', { totalNotifications: 0,
10-19 16:41:25.534 20641 22493 I ReactNativeJS:   currentlyVisible: false,
10-19 16:41:25.534 20641 22493 I ReactNativeJS:   currentNotification: undefined,
10-19 16:41:25.534 20641 22493 I ReactNativeJS:   shownNotificationsCount: 0,
10-19 16:41:25.534 20641 22493 I ReactNativeJS:   tripCompletedNotifications: 0,
10-19 16:41:25.534 20641 22493 I ReactNativeJS:   unreadTripCompleted: 0 }
10-19 16:41:25.534 20641 22493 I ReactNativeJS: 📱 [BANNER_DEBUG] ===== BANNER DISPLAY DECISION =====
10-19 16:41:25.534 20641 22493 I ReactNativeJS: '🎯 [useRideNotifications] useEffect triggered, user ID:', 'e95a4f14-8958-49e9-8ede-d81b82a7ba12'
10-19 16:41:25.534 20641 22493 I ReactNativeJS: 🔍 [NOTIFICATIONS] ===== FETCHING NOTIFICATIONS =====
10-19 16:41:25.534 20641 22493 I ReactNativeJS: '🔍 [NOTIFICATIONS] User ID:', 'e95a4f14-8958-49e9-8ede-d81b82a7ba12'
10-19 16:41:25.534 20641 22493 I ReactNativeJS: '🔍 [NOTIFICATIONS] Timestamp:', '2025-10-19T11:11:25.534Z'
10-19 16:41:25.540 20641 22493 I ReactNativeJS: 🎯 [TRIP_NOTIFICATION] ===== useEffect TRIGGERED - CHECKING FOR COMPLETION NOTIFICATIONS =====
10-19 16:41:25.540 20641 22493 I ReactNativeJS: '🎯 [TRIP_NOTIFICATION] Notifications array length:', 0
10-19 16:41:25.540 20641 22493 I ReactNativeJS: '🎯 [TRIP_NOTIFICATION] Notifications array reference:', []
10-19 16:41:25.540 20641 22493 I ReactNativeJS: '🎯 [TRIP_NOTIFICATION] Total notifications received:', 0
10-19 16:41:25.540 20641 22493 I ReactNativeJS: '🎯 [TRIP_NOTIFICATION] Notification types:', []
10-19 16:41:25.540 20641 22493 I ReactNativeJS: '🎯 [TRIP_NOTIFICATION] ride_completed count:', 0
10-19 16:41:25.540 20641 22493 I ReactNativeJS: '🎯 [TRIP_NOTIFICATION] Unread ride_completed:', 0
10-19 16:41:25.540 20641 22493 I ReactNativeJS: '🎯 [TRIP_NOTIFICATION] Already shown count:', 0
10-19 16:41:25.540 20641 22493 I ReactNativeJS: '🎯 [TRIP_NOTIFICATION] Currently visible:', false
10-19 16:41:25.541 20641 22493 I ReactNativeJS: '🎯 [TRIP_NOTIFICATION] Filtered completion notifications:', 0
10-19 16:41:25.541 20641 22493 I ReactNativeJS: '🎯 [useRideNotifications] useEffect triggered, user ID:', 'e95a4f14-8958-49e9-8ede-d81b82a7ba12'
10-19 16:41:25.541 20641 22493 I ReactNativeJS: 🔍 [NOTIFICATIONS] ===== FETCHING NOTIFICATIONS =====
10-19 16:41:25.541 20641 22493 I ReactNativeJS: '🔍 [NOTIFICATIONS] User ID:', 'e95a4f14-8958-49e9-8ede-d81b82a7ba12'
10-19 16:41:25.541 20641 22493 I ReactNativeJS: '🔍 [NOTIFICATIONS] Timestamp:', '2025-10-19T11:11:25.541Z'
10-19 16:41:25.545 20641 24820 W ProxyAndroidLoggerBackend: Too many Flogger logs received before configuration. Dropping old logs.
10-19 16:41:25.545 20641 24820 W ProxyAndroidLoggerBackend: Too many Flogger logs received before configuration. Dropping old logs.
10-19 16:41:25.546 20641 22493 I ReactNativeJS: 🔴 [GPS-TRACKING] Not tracking: missing rideId or driverId
10-19 16:41:25.546 20641 22493 I ReactNativeJS: '🔍 [RIDES] Starting comprehensive active rides fetch for user:', 'e95a4f14-8958-49e9-8ede-d81b82a7ba12'
10-19 16:41:25.546 20641 22493 I ReactNativeJS: 🔍 [RIDES] Step 1: Fetching active regular rides via edge function...
10-19 16:41:25.549 20641 20641 V ImeFocusController: onWindowFocus: com.android.internal.policy.DecorView{5e2f08e V.E...... R......D 0,0-1080,2392 aid=0}[MainActivity] softInputMode=STATE_UNSPECIFIED|ADJUST_RESIZE|IS_FORWARD_NAVIGATION
10-19 16:41:25.555 20641 20641 W [RNScreens]: topInsetEnabled prop is not available on Android
10-19 16:41:25.569 20641 22493 I ReactNativeJS: 🚨 [DEBUG] Driver location polling interval triggered
10-19 16:41:25.570  1870  2859 D BatteryStatsService: noteVideoSurfaceChanged  noteWhich: 49,arg1: 970, arg2: 825, arg3: 20641, arg4: 2896, name: com.a1taxi.a1taxicustomer
10-19 16:41:25.573  5589  5589 I GoogleInputMethodService: GoogleInputMethodService.onFinishInput():2085 
10-19 16:41:25.574  5589  5589 I Module  : DeviceLockedStatusModuleProvider$Module.updateDeviceLockedStatus():100 repeatCheckTimes = 0, locked = false
10-19 16:41:25.574  5589  5589 I GoogleInputMethodService: GoogleInputMethodService.onStartInput():1346 onStartInput(EditorInfo{EditorInfo{packageName=com.a1taxi.a1taxicustomer, inputType=0, inputTypeString=NULL, enableLearning=false, autoCorrection=false, autoComplete=false, imeOptions=0, privateImeOptions=null, actionName=UNSPECIFIED, actionLabel=null, initialSelStart=-1, initialSelEnd=-1, initialCapsMode=0, label=null, fieldId=0, fieldName=null, extras=null, hintText=null, hintLocales=[]}}, false)
10-19 16:41:25.576  5589  5589 I Module  : DeviceLockedStatusModuleProvider$Module.updateDeviceLockedStatus():100 repeatCheckTimes = 1, locked = false
10-19 16:41:25.605 20641 22493 I ReactNativeJS: '🔍 AuthNavigator - checking auth state:', { user: true,
10-19 16:41:25.605 20641 22493 I ReactNativeJS:   loading: false,
10-19 16:41:25.605 20641 22493 I ReactNativeJS:   segments: '(tabs)/rides',
10-19 16:41:25.605 20641 22493 I ReactNativeJS:   userEmail: '918608374935@a1taxi.app',
10-19 16:41:25.605 20641 22493 I ReactNativeJS:   userRole: 'customer' }
10-19 16:41:25.605 20641 22493 I ReactNativeJS: ✅ User authenticated and on correct screen
10-19 16:41:25.605 20641 22493 E ReactNativeJS: 'Error initializing notifications:', { [Error: Make sure to complete the guide at https://docs.expo.dev/push-notifications/fcm-credentials/ : Default FirebaseApp is not initialized in this process com.a1taxi.a1taxicustomer. Make sure to call FirebaseApp.initializeApp(Context) first.] code: 'E_REGISTRATION_FAILED' }
10-19 16:41:25.617 20641 22494 E unknown:ReactNative: console.error: Error initializing notifications: Error: Make sure to complete the guide at https://docs.expo.dev/push-notifications/fcm-credentials/ : Default FirebaseApp is not initialized in this process com.a1taxi.a1taxicustomer. Make sure to call FirebaseApp.initializeApp(Context) first., js engine: hermes, stack:
10-19 16:41:25.617 20641 22494 E unknown:ReactNative: _construct@1:175995
10-19 16:41:25.617 20641 22494 E unknown:ReactNative: Wrapper@1:175649
10-19 16:41:25.617 20641 22494 E unknown:ReactNative: _callSuper@1:173480
10-19 16:41:25.617 20641 22494 E unknown:ReactNative: SyntheticError@1:175136
10-19 16:41:25.617 20641 22494 E unknown:ReactNative: reactConsoleErrorHandler@1:174747
10-19 16:41:25.617 20641 22494 E unknown:ReactNative: ?anon_0_@1:2336445
10-19 16:41:25.617 20641 22494 E unknown:ReactNative: asyncGeneratorStep@1:605691
10-19 16:41:25.617 20641 22494 E unknown:ReactNative: _throw@1:605996
10-19 16:41:25.617 20641 22494 E unknown:ReactNative: anonymous@1:445123
10-19 16:41:25.617 20641 22494 E unknown:ReactNative: _callTimer@1:444108
10-19 16:41:25.617 20641 22494 E unknown:ReactNative: _callReactNativeMicrotasksPass@1:444252
10-19 16:41:25.617 20641 22494 E unknown:ReactNative: callReactNativeMicrotasks@1:446197
10-19 16:41:25.617 20641 22494 E unknown:ReactNative: __callReactNativeMicrotasks@1:166636
10-19 16:41:25.617 20641 22494 E unknown:ReactNative: anonymous@1:165772
10-19 16:41:25.617 20641 22494 E unknown:ReactNative: __guard@1:166510
10-19 16:41:25.617 20641 22494 E unknown:ReactNative: flushedQueue@1:165683
10-19 16:41:25.622 20641 20641 D Google Android Maps SDK: For capability in capabilities, log:
10-19 16:41:25.622 20641 20641 D Google Android Maps SDK: "AdvancedMarkers: false: Capabilities unavailable without a Map ID."Data-driven styling: false
10-19 16:41:25.628 20641 24742 W ProxyAndroidLoggerBackend: Too many Flogger logs received before configuration. Dropping old logs.
10-19 16:41:25.632 20641 24742 W ProxyAndroidLoggerBackend: Too many Flogger logs received before configuration. Dropping old logs.
10-19 16:41:25.642 20641 24743 W ProxyAndroidLoggerBackend: Too many Flogger logs received before configuration. Dropping old logs.
10-19 16:41:25.644 20641 20641 W ProxyAndroidLoggerBackend: Too many Flogger logs received before configuration. Dropping old logs.
10-19 16:41:25.644 20641 20641 W ProxyAndroidLoggerBackend: Too many Flogger logs received before configuration. Dropping old logs.
10-19 16:41:25.645 20641 20641 W ProxyAndroidLoggerBackend: Too many Flogger logs received before configuration. Dropping old logs.
10-19 16:41:25.645 20641 20641 W ProxyAndroidLoggerBackend: Too many Flogger logs received before configuration. Dropping old logs.
10-19 16:41:25.645 20641 20641 W ProxyAndroidLoggerBackend: Too many Flogger logs received before configuration. Dropping old logs.
10-19 16:41:25.645 20641 20641 W ProxyAndroidLoggerBackend: Too many Flogger logs received before configuration. Dropping old logs.
10-19 16:41:25.645 20641 20641 W ProxyAndroidLoggerBackend: Too many Flogger logs received before configuration. Dropping old logs.
10-19 16:41:25.778 20641 22463 I .a1taxicustomer: Background concurrent copying GC freed 14MB AllocSpace bytes, 308(26MB) LOS objects, 33% free, 48MB/72MB, paused 146us,61us total 224.314ms
10-19 16:41:25.800 20641 22465 E .a1taxicustomer: [SurfaceTexture-0-20641-10] setSurfaceTextureListener: listener is nullptr
10-19 16:41:25.934 14485 14485 D VRI[Launcher]: visibilityChanged oldVisibility=true newVisibility=false
10-19 16:41:25.956 14485 14485 D ViewRootImpl: AppSizeAfterRelayout, size: Point(1080, 2392), rotation: ROTATION_0
10-19 16:41:25.957 14485 14485 D BLASTBufferQueue: [VRI[Launcher]#98](f:0,a:3) destructor()
10-19 16:41:25.957 14485 14485 D BufferQueueConsumer: [VRI[Launcher]#98(BLAST Consumer)98](id:389500000062,api:0,p:-1,c:14485) disconnect
10-19 16:41:25.975 14485 14485 I bnlz    : onStop
10-19 16:41:25.986 20641 22493 I ReactNativeJS: 🔔 [BANNER_DEBUG] ===== NOTIFICATION BANNER EFFECT =====
10-19 16:41:25.986 20641 22493 I ReactNativeJS: '🔔 [BANNER_DEBUG] Banner summary:', { totalNotifications: 47,
10-19 16:41:25.986 20641 22493 I ReactNativeJS:   currentlyVisible: false,
10-19 16:41:25.986 20641 22493 I ReactNativeJS:   currentNotification: undefined,
10-19 16:41:25.986 20641 22493 I ReactNativeJS:   shownNotificationsCount: 0,
10-19 16:41:25.986 20641 22493 I ReactNativeJS:   tripCompletedNotifications: 0,
10-19 16:41:25.986 20641 22493 I ReactNativeJS:   unreadTripCompleted: 0 }
10-19 16:41:25.986 20641 22493 I ReactNativeJS: 🚫 [BANNER_DEBUG] ===== BLOCKING COMPLETION NOTIFICATION FROM BANNER =====
10-19 16:41:25.987 20641 22493 I ReactNativeJS: '🚫 [BANNER_DEBUG] Completion notification blocked from banner:', { id: 'd187eca8-84a3-4d96-be25-cef777ea0bdb',
10-19 16:41:25.987 20641 22493 I ReactNativeJS:   type: 'ride_completed',
10-19 16:41:25.987 20641 22493 I ReactNativeJS:   title: 'Trip Completed',
10-19 16:41:25.987 20641 22493 I ReactNativeJS:   rideId: '818def0f-b745-4d5d-a85b-c2334c340ebd',
10-19 16:41:25.987 20641 22493 I ReactNativeJS:   bookingId: undefined,
10-19 16:41:25.987 20641 22493 I ReactNativeJS:   fareAmount: 481,
10-19 16:41:25.987 20641 22493 I ReactNativeJS:   reason: 'Should show in full-screen modal only' }
10-19 16:41:25.987 20641 22493 I ReactNativeJS: 🚫 [BANNER_DEBUG] ===== BLOCKING COMPLETION NOTIFICATION FROM BANNER =====
10-19 16:41:25.987 20641 22493 I ReactNativeJS: '🚫 [BANNER_DEBUG] Completion notification blocked from banner:', { id: '60edca3e-f6e6-431b-a570-7a65e6d0f978',
10-19 16:41:25.987 20641 22493 I ReactNativeJS:   type: 'ride_completed',
10-19 16:41:25.987 20641 22493 I ReactNativeJS:   title: 'Trip Completed',
10-19 16:41:25.987 20641 22493 I ReactNativeJS:   rideId: '2dd64223-9cba-4fba-a2cc-bc6af646c2d4',
10-19 16:41:25.987 20641 22493 I ReactNativeJS:   bookingId: undefined,
10-19 16:41:25.987 20641 22493 I ReactNativeJS:   fareAmount: 481,
10-19 16:41:25.987 20641 22493 I ReactNativeJS:   reason: 'Should show in full-screen modal only' }
10-19 16:41:25.987 20641 22493 I ReactNativeJS: 📱 [BANNER_DEBUG] ===== BANNER DISPLAY DECISION =====
10-19 16:41:25.993 20641 22493 I ReactNativeJS: 🔔 [BANNER_DEBUG] ===== NOTIFICATION BANNER EFFECT =====
10-19 16:41:25.993 20641 22493 I ReactNativeJS: '🔔 [BANNER_DEBUG] Banner summary:', { totalNotifications: 47,
10-19 16:41:25.993 20641 22493 I ReactNativeJS:   currentlyVisible: true,
10-19 16:41:25.993 20641 22493 I ReactNativeJS:   currentNotification: '4fae9b6c-cbc3-4ff8-b4ea-1c6aa64a73cc',
10-19 16:41:25.993 20641 22493 I ReactNativeJS:   shownNotificationsCount: 1,
10-19 16:41:25.993 20641 22493 I ReactNativeJS:   tripCompletedNotifications: 0,
10-19 16:41:25.993 20641 22493 I ReactNativeJS:   unreadTripCompleted: 0 }
10-19 16:41:25.993 20641 22493 I ReactNativeJS: 🚫 [BANNER_DEBUG] ===== BLOCKING COMPLETION NOTIFICATION FROM BANNER =====
10-19 16:41:25.993 20641 22493 I ReactNativeJS: '🚫 [BANNER_DEBUG] Completion notification blocked from banner:', { id: 'd187eca8-84a3-4d96-be25-cef777ea0bdb',
10-19 16:41:25.993 20641 22493 I ReactNativeJS:   type: 'ride_completed',
10-19 16:41:25.993 20641 22493 I ReactNativeJS:   title: 'Trip Completed',
10-19 16:41:25.993 20641 22493 I ReactNativeJS:   rideId: '818def0f-b745-4d5d-a85b-c2334c340ebd',
10-19 16:41:25.993 20641 22493 I ReactNativeJS:   bookingId: undefined,
10-19 16:41:25.993 20641 22493 I ReactNativeJS:   fareAmount: 481,
10-19 16:41:25.993 20641 22493 I ReactNativeJS:   reason: 'Should show in full-screen modal only' }
10-19 16:41:25.993 20641 22493 I ReactNativeJS: 🚫 [BANNER_DEBUG] ===== BLOCKING COMPLETION NOTIFICATION FROM BANNER =====
10-19 16:41:25.993 20641 22493 I ReactNativeJS: '🚫 [BANNER_DEBUG] Completion notification blocked from banner:', { id: '60edca3e-f6e6-431b-a570-7a65e6d0f978',
10-19 16:41:25.993 20641 22493 I ReactNativeJS:   type: 'ride_completed',
10-19 16:41:25.993 20641 22493 I ReactNativeJS:   title: 'Trip Completed',
10-19 16:41:25.993 20641 22493 I ReactNativeJS:   rideId: '2dd64223-9cba-4fba-a2cc-bc6af646c2d4',
10-19 16:41:25.993 20641 22493 I ReactNativeJS:   bookingId: undefined,
10-19 16:41:25.993 20641 22493 I ReactNativeJS:   fareAmount: 481,
10-19 16:41:25.993 20641 22493 I ReactNativeJS:   reason: 'Should show in full-screen modal only' }
10-19 16:41:25.993 20641 22493 I ReactNativeJS: 📱 [BANNER_DEBUG] ===== BANNER DISPLAY DECISION =====
10-19 16:41:26.040 20641 22493 I ReactNativeJS: 🔍 [NOTIFICATIONS] ===== DATABASE QUERY RESULT =====
10-19 16:41:26.041 20641 22493 I ReactNativeJS: '🔍 [NOTIFICATIONS] Query result:', { hasError: false,
10-19 16:41:26.041 20641 22493 I ReactNativeJS:   errorMessage: undefined,
10-19 16:41:26.041 20641 22493 I ReactNativeJS:   errorCode: undefined,
10-19 16:41:26.041 20641 22493 I ReactNativeJS:   errorDetails: undefined,
10-19 16:41:26.041 20641 22493 I ReactNativeJS:   dataCount: 47,
10-19 16:41:26.041 20641 22493 I ReactNativeJS:   tripCompletedCount: 0,
10-19 16:41:26.041 20641 22493 I ReactNativeJS:   unreadTripCompletedCount: 0,
10-19 16:41:26.041 20641 22493 I ReactNativeJS:   allTypes: 
10-19 16:41:26.041 20641 22493 I ReactNativeJS:    [ 'ride_status_changed',
10-19 16:41:26.041 20641 22493 I ReactNativeJS:      'ride_completed',
10-19 16:41:26.041 20641 22493 I ReactNativeJS:      'ride_cancelled',
10-19 16:41:26.041 20641 22493 I ReactNativeJS:      'booking_completed' ],
10-19 16:41:26.041 20641 22493 I ReactNativeJS:   recentNotifications: 
10-19 16:41:26.041 20641 22493 I ReactNativeJS:    [ { id: '4fae9b6c-cbc3-4ff8-b4ea-1c6aa64a73cc',
10-19 16:41:26.041 20641 22493 I ReactNativeJS:        type: 'ride_status_changed',
10-19 16:41:26.041 20641 22493 I ReactNativeJS:        status: 'unread',
10-19 16:41:26.041 20641 22493 I ReactNativeJS:        title: 'Ride Status Updated',
10-19 16:41:26.041 20641 22493 I ReactNativeJS:        created_at: '2025-10-19T11:11:20.350414+00:00',
10-19 16:41:26.041 20641 22493 I ReactNativeJS:        age_seconds: 6 },
10-19 16:41:26.041 20641 22493 I ReactNativeJS:      { id: '1f448b83-97de-4e3f-8123-a84f5185bc3b',
10-19 16:41:26.041 20641 22493 I ReactNativeJS:        type: 'ride_status_changed',
10-19 16:41:26.041 20641 22493 I ReactNativeJS:        status: 'unread',
10-19 16:41:26.041 20641 22493 I ReactNativeJS:        title: 'Ride Status Updated',
10-19 16:41:26.041 20641 22493 I ReactNativeJS:        created_at: '2025-10-19T11:11:16.203953+00:00',
10-19 16:41:26.041 20641 22493 I ReactNativeJS:        age_seconds: 10 },
10-19 16:41:26.041 20641 22493 I ReactNativeJS:      { id: 'd187eca8-84a3-4d96-be25-cef777ea0bdb',
10-19 16:41:26.041 20641 22493 I ReactNativeJS:        type: 'ride_completed',
10-19 16:41:26.041 20641 22493 I ReactNativeJS:        status: 'unread',
10-19 16:41:26.041 20641 22493 I ReactNativeJS:        title: 'Trip Completed',
10-19 16:41:26.041 20641 22493 I ReactNativeJS:        created_at: '2025-10-19T11:10:34.293426+00:00',
10-19 16:41:26.041 20641 22493 I ReactNativeJS:        age_seconds: 52 },
10-19 16:41:26.041 20641 22493 I ReactNativeJS:      { id: '3de626df-5ea7-479e-9d30-a25c1c7846d5',
10-19 16:41:26.041 20641 22493 I ReactNativeJS:        type: 'ride_status_changed',
10-19 16:41:26.041 20641 22493 I ReactNativeJS:        status: 'unread',
10-19 16:41:26.041 20641 22493 I ReactNativeJS:        title: 'Ride Status Updated',
10-19 16:41:26.041 20641 22493 I ReactNativeJS:        created_at: '2025-10-19T11:10:34.293426+00:00',
10-19 16:41:26.041 20641 22493 I ReactNativeJS:        age_seconds: 52 },
10-19 16:41:26.041 20641 22493 I ReactNativeJS:      { id: '3d48df92-44f8-4a79-af46-d38ebca5dc66',
10-19 16:41:26.041 20641 22493 I ReactNativeJS:        type: 'ride_status_changed',
10-19 16:41:26.041 20641 22493 I ReactNativeJS:        status: 'unread',
10-19 16:41:26.041 20641 22493 I ReactNativeJS:        title: 'Ride Status Updated',
10-19 16:41:26.041 20641 22493 I ReactNativeJS:        created_at: '2025-10-19T11:10:28.091127+00:00',
10-19 16:41:26.041 20641 22493 I ReactNativeJS:        age_seconds: 58 } ] }
10-19 16:41:26.041 20641 22493 I ReactNativeJS: ✅ [NOTIFICATIONS] ===== SETTING NOTIFICATIONS IN STATE =====
10-19 16:41:26.042 20641 22493 I ReactNativeJS: '✅ [NOTIFICATIONS] Notifications to set:', { total: 47,
10-19 16:41:26.042 20641 22493 I ReactNativeJS:   tripCompleted: 0,
10-19 16:41:26.042 20641 22493 I ReactNativeJS:   unreadTripCompleted: 0,
10-19 16:41:26.042 20641 22493 I ReactNativeJS:   allNotificationIds: 
10-19 16:41:26.042 20641 22493 I ReactNativeJS:    [ '4fae9b6c-cbc3-4ff8-b4ea-1c6aa64a73cc',
10-19 16:41:26.042 20641 22493 I ReactNativeJS:      '1f448b83-97de-4e3f-8123-a84f5185bc3b',
10-19 16:41:26.042 20641 22493 I ReactNativeJS:      'd187eca8-84a3-4d96-be25-cef777ea0bdb',
10-19 16:41:26.042 20641 22493 I ReactNativeJS:      '3de626df-5ea7-479e-9d30-a25c1c7846d5',
10-19 16:41:26.042 20641 22493 I ReactNativeJS:      '3d48df92-44f8-4a79-af46-d38ebca5dc66',
10-19 16:41:26.042 20641 22493 I ReactNativeJS:      '071cec0b-06d7-49b0-a3f7-790952bc33d3',
10-19 16:41:26.042 20641 22493 I ReactNativeJS:      'c76527bc-df7e-4d75-800b-7af069865623',
10-19 16:41:26.042 20641 22493 I ReactNativeJS:      'b3a7aebe-3017-4fa0-a12f-4f756f8d2a57',
10-19 16:41:26.042 20641 22493 I ReactNativeJS:      'e89f5cfd-af67-4067-854b-acf018326055',
10-19 16:41:26.042 20641 22493 I ReactNativeJS:      '45920b03-ed63-4f2f-8499-4ab76981d4c2',
10-19 16:41:26.042 20641 22493 I ReactNativeJS:      '9549cc7a-806a-40c4-8411-01e2babf69bf',
10-19 16:41:26.042 20641 22493 I ReactNativeJS:      'f61eeddf-639b-4ada-b02d-dc001f49bee4',
10-19 16:41:26.042 20641 22493 I ReactNativeJS:      '60edca3e-f6e6-431b-a570-7a65e6d0f978',
10-19 16:41:26.042 20641 22493 I ReactNativeJS:      '01020099-10d5-4a30-826f-7b1b6534b2e8',
10-19 16:41:26.042 20641 22493 I ReactNativeJS:      'c709b295-d2b3-40cd-b40c-f1462f6a20ea',
10-19 16:41:26.042 20641 22493 I ReactNativeJS:      '17178d4b-4e8c-4b9b-801f-abd291842078',
10-19 16:41:26.042 20641 22493 I ReactNativeJS:      'b642da2a-3a57-494f-aa96-8c34fb36fd1b',
10-19 16:41:26.042 20641 22493 I ReactNativeJS:      '382aa0d4-57de-4643-a472-2d8823e0d3fa',
10-19 16:41:26.042 20641 22493 I ReactNativeJS:      '7ee769e6-7d1c-4672-8e1b-c49c06b0a09e',
10-19 16:41:26.042 20641 22493 I ReactNativeJS:      '8178cedf-6dca-4b1a-8d26-782db8f4ac4f',
10-19 16:41:26.042 20641 22493 I ReactNativeJS:      'b45f4d4c-3992-4a8c-8b6d-eea2867e70fc',
10-19 16:41:26.042 20641 22493 I ReactNativeJS:      'ac5dcca7-6eb3-4468-be2d-5cd45a6a0c6a',
10-19 16:41:26.042 20641 22493 I ReactNativeJS:      '7761c699-2290-40ce-87aa-8933593a1e46',
10-19 16:41:26.042 20641 22493 I ReactNativeJS:      'fc86abea-b92e-435a-829e-38f9ef7900e4',
10-19 16:41:26.042 20641 22493 I ReactNativeJS:      'f48be59d-9b46-4e42-86d9-abd2672e3a28',
10-19 16:41:26.042 20641 22493 I ReactNativeJS:      'f7f1e040-9e2a-4984-a885-4b84cd772e90',
10-19 16:41:26.042 20641 22493 I ReactNativeJS:      '42714190-2ef0-493c-b908-bc2d69c15105',
10-19 16:41:26.042 20641 22493 I ReactNativeJS:      'a8d88c20-3581-4d54-8988-419ab915822a',
10-19 16:41:26.042 20641 22493 I ReactNativeJS:      '33de3d27-4c4d-4eba-86ad-eb2daec905c7',
10-19 16:41:26.042 20641 22493 I ReactNativeJS:      '18198b2a-aaad-46e5-9acf-edd0f848d33f',
10-19 16:41:26.042 20641 22493 I ReactNativeJS:      '48abd4e9-4389-4046-925e-c1e07ad84e47',
10-19 16:41:26.042 20641 22493 I ReactNativeJS:      'd7a9b869-37bf-4c17-9176-8951196922bd',
10-19 16:41:26.042 20641 22493 I ReactNativeJS:      '820df2fd-abe3-457c-82cf-24f154dfd19b',
10-19 16:41:26.042 20641 22493 I ReactNativeJS:      'a7856ef3-761c-4b1c-9cf6-3c34df9833b7',
10-19 16:41:26.042 20641 22493 I ReactNativeJS:      'b5795e46-c850-4bcb-a933-898c21727b1b',
10-19 16:41:26.042 20641 22493 I ReactNativeJS:      '545c5e68-1353-4e95-b9e4-08f883b88a66',
10-19 16:41:26.042 20641 22493 I ReactNativeJS:      '9c6911c2-87ea-4956-8c97-3e822ef63307',
10-19 16:41:26.042 20641 22493 I ReactNativeJS:      '4e097013-42dd-4f82-b288-bf6aaf220fda',
10-19 16:41:26.042 20641 22493 I ReactNativeJS:      '2e43addf-b9f4-4627-83ec-77c15684569b',
10-19 16:41:26.042 20641 22493 I ReactNativeJS:      '4c443433-9f76-4ff7-8a7a-09b0c1a8250e',
10-19 16:41:26.042 20641 22493 I ReactNativeJS:      'e424c186-10d1-4a49-93be-be7dfa9edb7e',
10-19 16:41:26.042 20641 22493 I ReactNativeJS:      'c101ac4b-a09b-42b2-9ba8-aeecf8d1e085',
10-19 16:41:26.042 20641 22493 I ReactNativeJS:      '3b7c6b23-a18d-4ba7-be7e-9eb312125937',
10-19 16:41:26.042 20641 22493 I ReactNativeJS:      'ea6218b2-280d-457c-b056-7a321067ab73',
10-19 16:41:26.042 20641 22493 I ReactNativeJS:      'b65bfbea-d7a8-4219-8131-e12d12f00fe0',
10-19 16:41:26.042 20641 22493 I ReactNativeJS:      'f5f74a9c-3334-4a54-b3a9-d6b0efc5f9f1',
10-19 16:41:26.042 20641 22493 I ReactNativeJS:      '95e45585-7c89-456b-a5c7-4d840ee0707e' ],
10-19 16:41:26.042 20641 22493 I ReactNativeJS:   tripCompletedNotificationIds: [],
10-19 16:41:26.042 20641 22493 I ReactNativeJS:   unreadTripCompletedNotificationIds: [] }
10-19 16:41:26.043 20641 22493 I ReactNativeJS: ✅ [NOTIFICATIONS] ===== CHECKING FOR IMMEDIATE TRIP COMPLETION =====
10-19 16:41:26.043 20641 22493 I ReactNativeJS: ❌ [NOTIFICATIONS] No immediate trip completion notifications found
10-19 16:41:26.044 20641 22493 I ReactNativeJS: '❌ [NOTIFICATIONS] Available notification types:', [ 'ride_status_changed',
10-19 16:41:26.044 20641 22493 I ReactNativeJS:   'ride_status_changed',
10-19 16:41:26.044 20641 22493 I ReactNativeJS:   'ride_completed',
10-19 16:41:26.044 20641 22493 I ReactNativeJS:   'ride_status_changed',
10-19 16:41:26.044 20641 22493 I ReactNativeJS:   'ride_status_changed',
10-19 16:41:26.044 20641 22493 I ReactNativeJS:   'ride_status_changed',
10-19 16:41:26.044 20641 22493 I ReactNativeJS:   'ride_status_changed',
10-19 16:41:26.044 20641 22493 I ReactNativeJS:   'ride_cancelled',
10-19 16:41:26.044 20641 22493 I ReactNativeJS:   'ride_status_changed',
10-19 16:41:26.044 20641 22493 I ReactNativeJS:   'ride_cancelled',
10-19 16:41:26.044 20641 22493 I ReactNativeJS:   'ride_status_changed',
10-19 16:41:26.044 20641 22493 I ReactNativeJS:   'ride_status_changed',
10-19 16:41:26.044 20641 22493 I ReactNativeJS:   'ride_completed',
10-19 16:41:26.044 20641 22493 I ReactNativeJS:   'ride_status_changed',
10-19 16:41:26.044 20641 22493 I ReactNativeJS:   'ride_status_changed',
10-19 16:41:26.044 20641 22493 I ReactNativeJS:   'ride_status_changed',
10-19 16:41:26.044 20641 22493 I ReactNativeJS:   'ride_completed',
10-19 16:41:26.044 20641 22493 I ReactNativeJS:   'ride_status_changed',
10-19 16:41:26.044 20641 22493 I ReactNativeJS:   'ride_status_changed',
10-19 16:41:26.044 20641 22493 I ReactNativeJS:   'ride_status_changed',
10-19 16:41:26.044 20641 22493 I ReactNativeJS:   'ride_status_changed',
10-19 16:41:26.044 20641 22493 I ReactNativeJS:   'ride_status_changed',
10-19 16:41:26.044 20641 22493 I ReactNativeJS:   'ride_status_changed',
10-19 16:41:26.044 20641 22493 I ReactNativeJS:   'ride_status_changed',
10-19 16:41:26.044 20641 22493 I ReactNativeJS:   'ride_status_changed',
10-19 16:41:26.044 20641 22493 I ReactNativeJS:   'ride_status_changed',
10-19 16:41:26.044 20641 22493 I ReactNativeJS:   'ride_status_changed',
10-19 16:41:26.044 20641 22493 I ReactNativeJS:   'booking_completed',
10-19 16:41:26.044 20641 22493 I ReactNativeJS:   'ride_status_changed',
10-19 16:41:26.044 20641 22493 I ReactNativeJS:   'ride_status_changed',
10-19 16:41:26.044 20641 22493 I ReactNativeJS:   'ride_status_changed',
10-19 16:41:26.044 20641 22493 I ReactNativeJS:   'ride_status_changed',
10-19 16:41:26.044 20641 22493 I ReactNativeJS:   'ride_status_changed',
10-19 16:41:26.044 20641 22493 I ReactNativeJS:   'ride_status_changed',
10-19 16:41:26.044 20641 22493 I ReactNativeJS:   'ride_status_changed',
10-19 16:41:26.044 20641 22493 I ReactNativeJS:   'ride_status_changed',
10-19 16:41:26.044 20641 22493 I ReactNativeJS:   'ride_status_changed',
10-19 16:41:26.044 20641 22493 I ReactNativeJS:   'ride_status_changed',
10-19 16:41:26.044 20641 22493 I ReactNativeJS:   'ride_status_changed',
10-19 16:41:26.044 20641 22493 I ReactNativeJS:   'ride_status_changed',
10-19 16:41:26.044 20641 22493 I ReactNativeJS:   'ride_status_changed',
10-19 16:41:26.044 20641 22493 I ReactNativeJS:   'booking_completed',
10-19 16:41:26.044 20641 22493 I ReactNativeJS:   'ride_cancelled',
10-19 16:41:26.044 20641 22493 I ReactNativeJS:   'ride_status_changed',
10-19 16:41:26.044 20641 22493 I ReactNativeJS:   'ride_status_changed',
10-19 16:41:26.044 20641 22493 I ReactNativeJS:   'ride_status_changed',
10-19 16:41:26.044 20641 22493 I ReactNativeJS:   'ride_status_changed' ]
10-19 16:41:26.044 20641 22493 I ReactNativeJS: '❌ [NOTIFICATIONS] Trip completed notifications (all statuses):', []
10-19 16:41:26.089 20641 20641 D BufferQueueConsumer: [SurfaceTexture-0-20641-11](id:50a100000017,api:0,p:-1,c:20641) disconnect
10-19 16:41:26.089  1870  2891 D BatteryStatsService: noteVideoSurfaceChanged  noteWhich: 49,arg1: -1, arg2: -1, arg3: 20641, arg4: 2896, name: com.a1taxi.a1taxicustomer
10-19 16:41:26.192 20641 22493 I ReactNativeJS: 🔍 [NOTIFICATIONS] ===== DATABASE QUERY RESULT =====
10-19 16:41:26.192 20641 22493 I ReactNativeJS: '🔍 [NOTIFICATIONS] Query result:', { hasError: false,
10-19 16:41:26.192 20641 22493 I ReactNativeJS:   errorMessage: undefined,
10-19 16:41:26.192 20641 22493 I ReactNativeJS:   errorCode: undefined,
10-19 16:41:26.192 20641 22493 I ReactNativeJS:   errorDetails: undefined,
10-19 16:41:26.192 20641 22493 I ReactNativeJS:   dataCount: 47,
10-19 16:41:26.192 20641 22493 I ReactNativeJS:   tripCompletedCount: 0,
10-19 16:41:26.192 20641 22493 I ReactNativeJS:   unreadTripCompletedCount: 0,
10-19 16:41:26.192 20641 22493 I ReactNativeJS:   allTypes: 
10-19 16:41:26.192 20641 22493 I ReactNativeJS:    [ 'ride_status_changed',
10-19 16:41:26.192 20641 22493 I ReactNativeJS:      'ride_completed',
10-19 16:41:26.192 20641 22493 I ReactNativeJS:      'ride_cancelled',
10-19 16:41:26.192 20641 22493 I ReactNativeJS:      'booking_completed' ],
10-19 16:41:26.192 20641 22493 I ReactNativeJS:   recentNotifications: 
10-19 16:41:26.192 20641 22493 I ReactNativeJS:    [ { id: '4fae9b6c-cbc3-4ff8-b4ea-1c6aa64a73cc',
10-19 16:41:26.192 20641 22493 I ReactNativeJS:        type: 'ride_status_changed',
10-19 16:41:26.192 20641 22493 I ReactNativeJS:        status: 'unread',
10-19 16:41:26.192 20641 22493 I ReactNativeJS:        title: 'Ride Status Updated',
10-19 16:41:26.192 20641 22493 I ReactNativeJS:        created_at: '2025-10-19T11:11:20.350414+00:00',
10-19 16:41:26.192 20641 22493 I ReactNativeJS:        age_seconds: 6 },
10-19 16:41:26.192 20641 22493 I ReactNativeJS:      { id: '1f448b83-97de-4e3f-8123-a84f5185bc3b',
10-19 16:41:26.192 20641 22493 I ReactNativeJS:        type: 'ride_status_changed',
10-19 16:41:26.192 20641 22493 I ReactNativeJS:        status: 'unread',
10-19 16:41:26.192 20641 22493 I ReactNativeJS:        title: 'Ride Status Updated',
10-19 16:41:26.192 20641 22493 I ReactNativeJS:        created_at: '2025-10-19T11:11:16.203953+00:00',
10-19 16:41:26.192 20641 22493 I ReactNativeJS:        age_seconds: 10 },
10-19 16:41:26.192 20641 22493 I ReactNativeJS:      { id: 'd187eca8-84a3-4d96-be25-cef777ea0bdb',
10-19 16:41:26.192 20641 22493 I ReactNativeJS:        type: 'ride_completed',
10-19 16:41:26.192 20641 22493 I ReactNativeJS:        status: 'unread',
10-19 16:41:26.192 20641 22493 I ReactNativeJS:        title: 'Trip Completed',
10-19 16:41:26.192 20641 22493 I ReactNativeJS:        created_at: '2025-10-19T11:10:34.293426+00:00',
10-19 16:41:26.192 20641 22493 I ReactNativeJS:        age_seconds: 52 },
10-19 16:41:26.192 20641 22493 I ReactNativeJS:      { id: '3de626df-5ea7-479e-9d30-a25c1c7846d5',
10-19 16:41:26.192 20641 22493 I ReactNativeJS:        type: 'ride_status_changed',
10-19 16:41:26.192 20641 22493 I ReactNativeJS:        status: 'unread',
10-19 16:41:26.192 20641 22493 I ReactNativeJS:        title: 'Ride Status Updated',
10-19 16:41:26.192 20641 22493 I ReactNativeJS:        created_at: '2025-10-19T11:10:34.293426+00:00',
10-19 16:41:26.192 20641 22493 I ReactNativeJS:        age_seconds: 52 },
10-19 16:41:26.192 20641 22493 I ReactNativeJS:      { id: '3d48df92-44f8-4a79-af46-d38ebca5dc66',
10-19 16:41:26.192 20641 22493 I ReactNativeJS:        type: 'ride_status_changed',
10-19 16:41:26.192 20641 22493 I ReactNativeJS:        status: 'unread',
10-19 16:41:26.192 20641 22493 I ReactNativeJS:        title: 'Ride Status Updated',
10-19 16:41:26.192 20641 22493 I ReactNativeJS:        created_at: '2025-10-19T11:10:28.091127+00:00',
10-19 16:41:26.192 20641 22493 I ReactNativeJS:        age_seconds: 58 } ] }
10-19 16:41:26.192 20641 22493 I ReactNativeJS: ✅ [NOTIFICATIONS] ===== SETTING NOTIFICATIONS IN STATE =====
10-19 16:41:26.193 20641 22493 I ReactNativeJS: '✅ [NOTIFICATIONS] Notifications to set:', { total: 47,
10-19 16:41:26.193 20641 22493 I ReactNativeJS:   tripCompleted: 0,
10-19 16:41:26.193 20641 22493 I ReactNativeJS:   unreadTripCompleted: 0,
10-19 16:41:26.193 20641 22493 I ReactNativeJS:   allNotificationIds: 
10-19 16:41:26.193 20641 22493 I ReactNativeJS:    [ '4fae9b6c-cbc3-4ff8-b4ea-1c6aa64a73cc',
10-19 16:41:26.193 20641 22493 I ReactNativeJS:      '1f448b83-97de-4e3f-8123-a84f5185bc3b',
10-19 16:41:26.193 20641 22493 I ReactNativeJS:      'd187eca8-84a3-4d96-be25-cef777ea0bdb',
10-19 16:41:26.193 20641 22493 I ReactNativeJS:      '3de626df-5ea7-479e-9d30-a25c1c7846d5',
10-19 16:41:26.193 20641 22493 I ReactNativeJS:      '3d48df92-44f8-4a79-af46-d38ebca5dc66',
10-19 16:41:26.193 20641 22493 I ReactNativeJS:      '071cec0b-06d7-49b0-a3f7-790952bc33d3',
10-19 16:41:26.193 20641 22493 I ReactNativeJS:      'c76527bc-df7e-4d75-800b-7af069865623',
10-19 16:41:26.193 20641 22493 I ReactNativeJS:      'b3a7aebe-3017-4fa0-a12f-4f756f8d2a57',
10-19 16:41:26.193 20641 22493 I ReactNativeJS:      'e89f5cfd-af67-4067-854b-acf018326055',
10-19 16:41:26.193 20641 22493 I ReactNativeJS:      '45920b03-ed63-4f2f-8499-4ab76981d4c2',
10-19 16:41:26.193 20641 22493 I ReactNativeJS:      '9549cc7a-806a-40c4-8411-01e2babf69bf',
10-19 16:41:26.193 20641 22493 I ReactNativeJS:      'f61eeddf-639b-4ada-b02d-dc001f49bee4',
10-19 16:41:26.193 20641 22493 I ReactNativeJS:      '60edca3e-f6e6-431b-a570-7a65e6d0f978',
10-19 16:41:26.193 20641 22493 I ReactNativeJS:      '01020099-10d5-4a30-826f-7b1b6534b2e8',
10-19 16:41:26.193 20641 22493 I ReactNativeJS:      'c709b295-d2b3-40cd-b40c-f1462f6a20ea',
10-19 16:41:26.193 20641 22493 I ReactNativeJS:      '17178d4b-4e8c-4b9b-801f-abd291842078',
10-19 16:41:26.193 20641 22493 I ReactNativeJS:      'b642da2a-3a57-494f-aa96-8c34fb36fd1b',
10-19 16:41:26.193 20641 22493 I ReactNativeJS:      '382aa0d4-57de-4643-a472-2d8823e0d3fa',
10-19 16:41:26.193 20641 22493 I ReactNativeJS:      '7ee769e6-7d1c-4672-8e1b-c49c06b0a09e',
10-19 16:41:26.193 20641 22493 I ReactNativeJS:      '8178cedf-6dca-4b1a-8d26-782db8f4ac4f',
10-19 16:41:26.193 20641 22493 I ReactNativeJS:      'b45f4d4c-3992-4a8c-8b6d-eea2867e70fc',
10-19 16:41:26.193 20641 22493 I ReactNativeJS:      'ac5dcca7-6eb3-4468-be2d-5cd45a6a0c6a',
10-19 16:41:26.193 20641 22493 I ReactNativeJS:      '7761c699-2290-40ce-87aa-8933593a1e46',
