10-18 03:17:55.949 24237 29139 E unknown:ReactNative: anonymous@1:573481
10-18 03:17:55.949 24237 29139 E unknown:ReactNative: anonymous@1:573402
10-18 03:17:55.949 24237 29139 E unknown:ReactNative: handleActiveDriver@1:1954029
10-18 03:17:55.949 24237 29139 E unknown:ReactNative: anonymous@1:1952572
10-18 03:17:55.949 24237 29139 E unknown:ReactNative: commitHookEffectListMount@1:393533
10-18 03:17:55.949 24237 29139 E unknown:ReactNative: commitHookPassiveMountEffects@1:401261
10-18 03:17:55.949 24237 29139 E unknown:ReactNative: commitPassiveMountOnFiber@1:401706
10-18 03:17:55.949 24237 29139 E unknown:ReactNative: recursivelyTraversePassiveMountEffects@1:401345
10-18 03:17:55.949 24237 29139 E unknown:ReactNative: commitPassiveMountOnFiber@1:401453
10-18 03:17:55.949 24237 29139 E unknown:ReactNative: recursivelyTraversePassiveMountEffects@1:401345
10-18 03:17:55.949 24237 29139 E unknown:ReactNative: commitPassiveMountOnFiber@1:401679
10-18 03:17:55.949 24237 29139 E unknown:ReactNative: recursivelyTraversePassiveMountEffects@1:401345
10-18 03:17:55.949 24237 29139 E unknown:ReactNative: commitPassiveMountOnFiber@1:401679
10-18 03:17:55.949 24237 29139 E unknown:ReactNative: recursivelyTraversePassiveMountEffects@1:401345
10-18 03:17:55.949 24237 29139 E unknown:ReactNative: commitPassiveMountOnFiber@1:401679
10-18 03:17:55.949 24237 29139 E unknown:ReactNative: recursivelyTraversePassiveMountEffects@1:401345
10-18 03:17:55.949 24237 29139 E unknown:ReactNative: commitPassiveMountOnFiber@1:401559
10-18 03:17:55.949 24237 29139 E unknown:ReactNative: recursivelyTraversePassiveMountEffects@1:401345
10-18 03:17:55.949 24237 29139 E unknown:ReactNative: commitPassiveMountOnFiber@1:401453
10-18 03:17:55.949 24237 29139 E unknown:ReactNative: recursivelyTraversePassiveMountEffects@1:401345
10-18 03:17:55.949 24237 29139 E unknown:ReactNative: commitPassiveMountOnFiber@1:401453
10-18 03:17:55.949 24237 29139 E unknown:ReactNative: recursivelyTraversePassiveMountEffects@1:401345
10-18 03:17:55.949 24237 29139 E unknown:ReactNative: commitPassiveMountOnFiber@1:401453
10-18 03:17:55.949 24237 29139 E unknown:ReactNative: recursivelyTraversePassiveMountEffects@1:401345
10-18 03:17:55.949 24237 29139 E unknown:ReactNative: commitPassiveMountOnFiber@1:401679
10-18 03:17:55.949 24237 29139 E unknown:ReactNative: recursivelyTraversePassiveMountEffects@1:401345
10-18 03:17:55.949 24237 29139 E unknown:ReactNative: commitPassiveMountOnFiber@1:401679
10-18 03:17:55.949 24237 29139 E unknown:ReactNative: recursivelyTraversePassiveMountEffects@1:401345
10-18 03:17:55.949 24237 29139 E unknown:ReactNative: commitPassiveMountOnFiber@1:401453
10-18 03:17:55.949 24237 29139 E unknown:ReactNative: recursivelyTraversePassiveMountEffects@1:401345
10-18 03:17:55.949 24237 29139 E unknown:ReactNative: commitPassiveMountOnFiber@1:401453
10-18 03:17:55.949 24237 29139 E unknown:ReactNative: recursivelyTraversePassiveMountEffects@1:401345
10-18 03:17:55.949 24237 29139 E unknown:ReactNative: commitPassiveMountOnFiber@1:401679
10-18 03:17:55.949 24237 29139 E unknown:ReactNative: recursivelyTraversePassiveMountEffects@1:401345
10-18 03:17:55.949 24237 29139 E unknown:ReactNative: commitPassiveMountOnFiber@1:401453
10-18 03:17:55.949 24237 29139 E unknown:ReactNative: recursivelyTraversePassiveMountEffects@1:401345
10-18 03:17:55.949 24237 29139 E unknown:ReactNative: commitPassiveMountOnFiber@1:401453
10-18 03:17:55.949 24237 29139 E unknown:ReactNative: recursivelyTraversePassiveMountEffects@1:401345
10-18 03:17:55.949 24237 29139 E unknown:ReactNative: commitPassiveMountOnFiber@1:401453
10-18 03:17:55.949 24237 29139 E unknown:ReactNative: recursivelyTraversePassiveMountEffects@1:401345
10-18 03:17:55.949 24237 29139 E unknown:ReactNative: commitPassiveMountOnFiber@1:401453
10-18 03:17:55.949 24237 29139 E unknown:ReactNative: recursivelyTraversePassiveMountEffects@1:401345
10-18 03:17:55.949 24237 29139 E unknown:ReactNative: commitPassiveMountOnFiber@1:401453
10-18 03:17:55.949 24237 29139 E unknown:ReactNative: recursivelyTraversePassiveMountEffects@1:401345
10-18 03:17:55.949 24237 29139 E unknown:ReactNative: commitPassiveMountOnFiber@1:401679
10-18 03:17:55.949 24237 29139 E unknown:ReactNative: recursivelyTraversePassiveMountEffects@1:401345
10-18 03:17:55.949 24237 29139 E unknown:ReactNative: commitPassiveMountOnFiber@1:401453
10-18 03:17:55.949 24237 29139 E unknown:ReactNative: recursivelyTraversePassiveMountEffects@1:401345
10-18 03:17:55.949 24237 29139 E unknown:ReactNative: commitPassiveMountOnFiber@1:401679
10-18 03:17:55.949 24237 29139 E unknown:ReactNative: recursivelyTraversePassiveMountEffects@1:401345
10-18 03:17:55.949 24237 29139 E unknown:ReactNative: commitPassiveMountOnFiber@1:401453
10-18 03:17:55.949 24237 29139 E unknown:ReactNative: recursivelyTraversePassiveMountEffects@1:401345
10-18 03:17:55.949 24237 29139 E unknown:ReactNative: commitPassiveMountOnFiber@1:401679
10-18 03:17:55.949 24237 29139 E unknown:ReactNative: recursivelyTraversePassiveMountEffects@1:401345
10-18 03:17:55.949 24237 29139 E unknown:ReactNative: commitPassiveMountOnFiber@1:401679
10-18 03:17:55.949 24237 29139 E unknown:ReactNative: recursivelyTraversePassiveMountEffects@1:401345
10-18 03:17:55.949 24237 29139 E unknown:ReactNative: commitPassiveMountOnFiber@1:401679
10-18 03:17:55.949 24237 29139 E unknown:ReactNative: recursivelyTraversePassiveMountEffects@1:401345
10-18 03:17:55.949 24237 29139 E unknown:ReactNative: commitPassiveMountOnFiber@1:401679
10-18 03:17:55.949 24237 29139 E unknown:ReactNative: recursivelyTraversePassiveMountEffects@1:401345
10-18 03:17:55.949 24237 29139 E unknown:ReactNative: commitPassiveMountOnFiber@1:401453
10-18 03:17:55.949 24237 29139 E unknown:ReactNative: recursivelyTraversePassiveMountEffects@1:401345
10-18 03:17:55.949 24237 29139 E unknown:ReactNative: commitPassiveMountOnFiber@1:401679
10-18 03:17:55.949 24237 29139 E unknown:ReactNative: recursivelyTraversePassiveMountEffects@1:401345
10-18 03:17:55.949 24237 29139 E unknown:ReactNative: commitPassiveMountOnFiber@1:401453
10-18 03:17:55.949 24237 29139 E unknown:ReactNative: recursivelyTraversePassiveMountEffects@1:401345
10-18 03:17:55.949 24237 29139 E unknown:ReactNative: commitPassiveMountOnFiber@1:401679
10-18 03:17:55.949 24237 29139 E unknown:ReactNative: recursivelyTraversePassiveMountEffects@1:401345
10-18 03:17:55.949 24237 29139 E unknown:ReactNative: commitPassiveMountOnFiber@1:401453
10-18 03:17:55.949 24237 29139 E unknown:ReactNative: recursivelyTraversePassiveMountEffects@1:401345
10-18 03:17:55.949 24237 29139 E unknown:ReactNative: commitPassiveMountOnFiber@1:401661
10-18 03:17:55.949 24237 29139 E unknown:ReactNative: flushPassiveEffects@1:409129
10-18 03:17:55.949 24237 29139 E unknown:ReactNative: anonymous@1:408952
10-18 03:17:55.951 26036 26577 I FusedLocation: stationary throttling disengaged [CONTEXT service_id=6 ]
10-18 03:17:55.957 24237 29137 I ReactNativeJS: ✅ Login successful, waiting for navigation...
10-18 03:17:55.957 24237 29137 I ReactNativeJS: === NAVIGATION CHECK ===
10-18 03:17:55.958 24237 29137 I ReactNativeJS: 'In auth group:', true
10-18 03:17:55.958 24237 29137 I ReactNativeJS: 'Has session:', false
10-18 03:17:55.958 24237 29137 I ReactNativeJS: 'Has driver:', true
10-18 03:17:55.958 24237 29137 I ReactNativeJS: 'Current segments:', [ '(auth)', 'login' ]
10-18 03:17:55.958 24237 29137 I ReactNativeJS: 'Loading state:', false
10-18 03:17:55.958 24237 29137 I ReactNativeJS: 'Is authenticated:', { id: 'eb91d7e5-e2f2-4021-a8c8-3739a3d4cae4',
10-18 03:17:55.958 24237 29137 I ReactNativeJS:   user_id: '1c4ac410-54d8-4b5e-960b-3afcbebd115d',
10-18 03:17:55.958 24237 29137 I ReactNativeJS:   license_number: 'TY58971234',
10-18 03:17:55.958 24237 29137 I ReactNativeJS:   license_expiry: '2025-10-04',
10-18 03:17:55.958 24237 29137 I ReactNativeJS:   status: 'online',
10-18 03:17:55.958 24237 29137 I ReactNativeJS:   rating: 5,
10-18 03:17:55.958 24237 29137 I ReactNativeJS:   total_rides: 40,
10-18 03:17:55.958 24237 29137 I ReactNativeJS:   is_verified: true,
10-18 03:17:55.958 24237 29137 I ReactNativeJS:   vehicle_id: 'e7591bc7-c083-49f6-b30d-cc0d6964f3a1',
10-18 03:17:55.958 24237 29137 I ReactNativeJS:   vendor_id: null,
10-18 03:17:55.958 24237 29137 I ReactNativeJS:   phone_number: '9598972325',
10-18 03:17:55.958 24237 29137 I ReactNativeJS:   name: 'john',
10-18 03:17:55.958 24237 29137 I ReactNativeJS:   created_at: '2025-09-16T17:06:10.397003+00:00',
10-18 03:17:55.958 24237 29137 I ReactNativeJS:   updated_at: '2025-10-17T21:06:54.769515+00:00',
10-18 03:17:55.958 24237 29137 I ReactNativeJS:   vehicles: 
10-18 03:17:55.958 24237 29137 I ReactNativeJS:    { id: 'e7591bc7-c083-49f6-b30d-cc0d6964f3a1',
10-18 03:17:55.958 24237 29137 I ReactNativeJS:      registration_number: 'KA51MN1111',
10-18 03:17:55.958 24237 29137 I ReactNativeJS:      make: 'Maruti',
10-18 03:17:55.958 24237 29137 I ReactNativeJS:      model: 'Ciaz',
10-18 03:17:55.958 24237 29137 I ReactNativeJS:      year: 2022,
10-18 03:17:55.958 24237 29137 I ReactNativeJS:      color: 'Silver',
10-18 03:17:55.958 24237 29137 I ReactNativeJS:      vehicle_type: 'sedan',
10-18 03:17:55.958 24237 29137 I ReactNativeJS:      capacity: 4 },
10-18 03:17:55.958 24237 29137 I ReactNativeJS:   user: 
10-18 03:17:55.958 24237 29137 I ReactNativeJS:    { id: '1c4ac410-54d8-4b5e-960b-3afcbebd115d',
10-18 03:17:55.958 24237 29137 I ReactNativeJS:      email: 'john@gmail.com',
10-18 03:17:55.958 24237 29137 I ReactNativeJS:      role: 'driver',
10-18 03:17:55.958 24237 29137 I ReactNativeJS:      full_name: 'john',
10-18 03:17:55.958 24237 29137 I ReactNativeJS:      phone_number: '9598972325',
10-18 03:17:55.958 24237 29137 I ReactNativeJS:      avatar_url: null,
10-18 03:17:55.958 24237 29137 I ReactNativeJS:      is_active: true,
10-18 03:17:55.958 24237 29137 I ReactNativeJS:      created_at: '2025-09-16T17:06:09.397142+00:00',
10-18 03:17:55.958 24237 29137 I ReactNativeJS:      updated_at: '2025-09-16T17:06:09.397142+00:00' },
10-18 03:17:55.958 24237 29137 I ReactNativeJS:   vehicle: 
10-18 03:17:55.958 24237 29137 I ReactNativeJS:    { id: 'e7591bc7-c083-49f6-b30d-cc0d6964f3a1',
10-18 03:17:55.958 24237 29137 I ReactNativeJS:      registration_number: 'KA51MN1111',
10-18 03:17:55.958 24237 29137 I ReactNativeJS:      make: 'Maruti',
10-18 03:17:55.958 24237 29137 I ReactNativeJS:      model: 'Ciaz',
10-18 03:17:55.958 24237 29137 I ReactNativeJS:      year: 2022,
10-18 03:17:55.958 24237 29137 I ReactNativeJS:      color: 'Silver',
10-18 03:17:55.958 24237 29137 I ReactNativeJS:      vehicle_type: 'sedan',
10-18 03:17:55.958 24237 29137 I ReactNativeJS:      capacity: 4 } }
10-18 03:17:55.958 24237 29137 I ReactNativeJS: Redirecting to main app - authenticated
10-18 03:17:55.967 26036 26577 I FusedOrientationManager: Registering orientation client. [CONTEXT service_id=6 ]
10-18 03:17:55.977 24237 29139 W unknown:ReactNative: Attempt to set local data for view with unknown tag: -1
10-18 03:17:55.977 24237 29139 W unknown:ReactNative: Attempt to set local data for view with unknown tag: -1
10-18 03:17:55.977 24237 29139 W unknown:ReactNative: Attempt to set local data for view with unknown tag: -1
10-18 03:17:55.981 26036 26172 W inertial-anchor: Triggering reinit due to mag declination change
10-18 03:17:55.982 26036 26172 W Looper  : Looper already prepared for this thread with a different value for the LOOPER_PREPARE_ALLOW_NON_CALLBACKS option.
10-18 03:17:55.987 26036 26104 I ActivityScheduler: nextTriggerTime: 1181838974, in -6376ms, detectorType: 39, FULL_TYPE alarmWindowMillis: 0
10-18 03:17:55.988 24237 29139 W unknown:ReactNative: Attempt to set local data for view with unknown tag: -1
10-18 03:17:55.988 24237 29139 W unknown:ReactNative: Attempt to set local data for view with unknown tag: -1
10-18 03:17:55.988 24237 29139 W unknown:ReactNative: Attempt to set local data for view with unknown tag: -1
10-18 03:17:55.995 24237 29137 I ReactNativeJS: === NAVIGATION CHECK ===
10-18 03:17:55.995 24237 29137 I ReactNativeJS: 'In auth group:', false
10-18 03:17:55.995 24237 29137 I ReactNativeJS: 'Has session:', false
10-18 03:17:55.995 24237 29137 I ReactNativeJS: 'Has driver:', true
10-18 03:17:55.995 24237 29137 I ReactNativeJS: 'Current segments:', [ '(tabs)' ]
10-18 03:17:55.995 24237 29137 I ReactNativeJS: 'Loading state:', false
10-18 03:17:55.995 26036 26104 W Settings: Setting airplane_mode_on has moved from android.provider.Settings.System to android.provider.Settings.Global, returning read-only value.
10-18 03:17:55.996 24237 29137 I ReactNativeJS: 'Is authenticated:', { id: 'eb91d7e5-e2f2-4021-a8c8-3739a3d4cae4',
10-18 03:17:55.996 24237 29137 I ReactNativeJS:   user_id: '1c4ac410-54d8-4b5e-960b-3afcbebd115d',
10-18 03:17:55.996 24237 29137 I ReactNativeJS:   license_number: 'TY58971234',
10-18 03:17:55.996 24237 29137 I ReactNativeJS:   license_expiry: '2025-10-04',
10-18 03:17:55.996 24237 29137 I ReactNativeJS:   status: 'online',
10-18 03:17:55.996 24237 29137 I ReactNativeJS:   rating: 5,
10-18 03:17:55.996 24237 29137 I ReactNativeJS:   total_rides: 40,
10-18 03:17:55.996 24237 29137 I ReactNativeJS:   is_verified: true,
10-18 03:17:55.996 24237 29137 I ReactNativeJS:   vehicle_id: 'e7591bc7-c083-49f6-b30d-cc0d6964f3a1',
10-18 03:17:55.996 24237 29137 I ReactNativeJS:   vendor_id: null,
10-18 03:17:55.996 24237 29137 I ReactNativeJS:   phone_number: '9598972325',
10-18 03:17:55.996 24237 29137 I ReactNativeJS:   name: 'john',
10-18 03:17:55.996 24237 29137 I ReactNativeJS:   created_at: '2025-09-16T17:06:10.397003+00:00',
10-18 03:17:55.996 24237 29137 I ReactNativeJS:   updated_at: '2025-10-17T21:06:54.769515+00:00',
10-18 03:17:55.996 24237 29137 I ReactNativeJS:   vehicles: 
10-18 03:17:55.996 24237 29137 I ReactNativeJS:    { id: 'e7591bc7-c083-49f6-b30d-cc0d6964f3a1',
10-18 03:17:55.996 24237 29137 I ReactNativeJS:      registration_number: 'KA51MN1111',
10-18 03:17:55.996 24237 29137 I ReactNativeJS:      make: 'Maruti',
10-18 03:17:55.996 24237 29137 I ReactNativeJS:      model: 'Ciaz',
10-18 03:17:55.996 24237 29137 I ReactNativeJS:      year: 2022,
10-18 03:17:55.996 24237 29137 I ReactNativeJS:      color: 'Silver',
10-18 03:17:55.996 24237 29137 I ReactNativeJS:      vehicle_type: 'sedan',
10-18 03:17:55.996 24237 29137 I ReactNativeJS:      capacity: 4 },
10-18 03:17:55.996 24237 29137 I ReactNativeJS:   user: 
10-18 03:17:55.996 24237 29137 I ReactNativeJS:    { id: '1c4ac410-54d8-4b5e-960b-3afcbebd115d',
10-18 03:17:55.996 24237 29137 I ReactNativeJS:      email: 'john@gmail.com',
10-18 03:17:55.996 24237 29137 I ReactNativeJS:      role: 'driver',
10-18 03:17:55.996 24237 29137 I ReactNativeJS:      full_name: 'john',
10-18 03:17:55.996 24237 29137 I ReactNativeJS:      phone_number: '9598972325',
10-18 03:17:55.996 24237 29137 I ReactNativeJS:      avatar_url: null,
10-18 03:17:55.996 24237 29137 I ReactNativeJS:      is_active: true,
10-18 03:17:55.996 24237 29137 I ReactNativeJS:      created_at: '2025-09-16T17:06:09.397142+00:00',
10-18 03:17:55.996 24237 29137 I ReactNativeJS:      updated_at: '2025-09-16T17:06:09.397142+00:00' },
10-18 03:17:55.996 24237 29137 I ReactNativeJS:   vehicle: 
10-18 03:17:55.996 24237 29137 I ReactNativeJS:    { id: 'e7591bc7-c083-49f6-b30d-cc0d6964f3a1',
10-18 03:17:55.996 24237 29137 I ReactNativeJS:      registration_number: 'KA51MN1111',
10-18 03:17:55.996 24237 29137 I ReactNativeJS:      make: 'Maruti',
10-18 03:17:55.996 24237 29137 I ReactNativeJS:      model: 'Ciaz',
10-18 03:17:55.996 24237 29137 I ReactNativeJS:      year: 2022,
10-18 03:17:55.996 24237 29137 I ReactNativeJS:      color: 'Silver',
10-18 03:17:55.996 24237 29137 I ReactNativeJS:      vehicle_type: 'sedan',
10-18 03:17:55.996 24237 29137 I ReactNativeJS:      capacity: 4 } }
10-18 03:17:55.996 24237 29137 I ReactNativeJS: No navigation needed - staying in current route
10-18 03:17:55.998 24237 29139 W unknown:ReactNative: Attempt to set local data for view with unknown tag: 1747
10-18 03:17:55.998 24237 29139 W unknown:ReactNative: Attempt to set local data for view with unknown tag: 1747
10-18 03:17:55.998 24237 29139 W unknown:ReactNative: Attempt to set local data for view with unknown tag: 1763
10-18 03:17:55.998 24237 29139 W unknown:ReactNative: Attempt to set local data for view with unknown tag: 1763
10-18 03:17:56.000 26036 29713 W SystemServiceRegistry: No service published for: wifirtt
10-18 03:17:56.003 24237 29139 W unknown:ReactNative: Attempt to set local data for view with unknown tag: 1747
10-18 03:17:56.003 24237 29139 W unknown:ReactNative: Attempt to set local data for view with unknown tag: 1747
10-18 03:17:56.003 24237 29139 W unknown:ReactNative: Attempt to set local data for view with unknown tag: 1747
10-18 03:17:56.003 24237 29139 W unknown:ReactNative: Attempt to set local data for view with unknown tag: 1763
10-18 03:17:56.003 24237 29139 W unknown:ReactNative: Tried to update size of non-existent tag: 1797
10-18 03:17:56.003 24237 29139 W unknown:ReactNative: Tried to update size of non-existent tag: 1813
10-18 03:17:56.030 24237 29137 I ReactNativeJS: === RIDES SCREEN STATE DEBUG ===
10-18 03:17:56.030 24237 29137 I ReactNativeJS: 🔄 Component state updated:
10-18 03:17:56.030 24237 29137 I ReactNativeJS: '  - Current ride:', 'null'
10-18 03:17:56.030 24237 29137 I ReactNativeJS: '  - Pending rides count:', 0
10-18 03:17:56.030 24237 29137 I ReactNativeJS: '  - Driver status:', 'online'
10-18 03:17:56.030 24237 29137 I ReactNativeJS: '  - Loading:', true
10-18 03:17:56.030 24237 29137 I ReactNativeJS: '  - Error:', null
10-18 03:17:56.030 24237 29137 I ReactNativeJS: '  - Show modal:', false
10-18 03:17:56.030 24237 29137 I ReactNativeJS: '  - Timestamp:', '2025-10-17T21:47:56.030Z'
10-18 03:17:56.030 24237 29137 I ReactNativeJS: ❌ NO CURRENT RIDE - showing empty state
10-18 03:17:56.030 24237 29137 I ReactNativeJS: === RIDE REQUEST MODAL LOGIC DEBUG ===
10-18 03:17:56.030 24237 29137 I ReactNativeJS: 🔄 Checking if should show ride request modal:
10-18 03:17:56.030 24237 29137 I ReactNativeJS: '  - Pending rides:', 0
10-18 03:17:56.030 24237 29137 I ReactNativeJS: '  - Modal already showing:', false
10-18 03:17:56.030 24237 29137 I ReactNativeJS: '  - Driver status:', 'online'
10-18 03:17:56.031 24237 29137 I ReactNativeJS: '  - Has current ride:', false
10-18 03:17:56.031 24237 29137 I ReactNativeJS: ❌ NOT SHOWING MODAL - reasons:
10-18 03:17:56.031 24237 29137 I ReactNativeJS: '🚗 Analysis:', { pendingRidesCount: 0,
10-18 03:17:56.031 24237 29137 I ReactNativeJS:   modalAlreadyShowing: false,
10-18 03:17:56.031 24237 29137 I ReactNativeJS:   driverStatus: 'online',
10-18 03:17:56.031 24237 29137 I ReactNativeJS:   hasCurrentRide: false }
10-18 03:17:56.034 24237 29137 I ReactNativeJS: === NAVIGATION CHECK ===
10-18 03:17:56.034 24237 29137 I ReactNativeJS: 'In auth group:', false
10-18 03:17:56.034 24237 29137 I ReactNativeJS: 'Has session:', false
10-18 03:17:56.034 24237 29137 I ReactNativeJS: 'Has driver:', true
10-18 03:17:56.034 24237 29137 I ReactNativeJS: 'Current segments:', [ '(tabs)', 'rides' ]
10-18 03:17:56.034 24237 29137 I ReactNativeJS: 'Loading state:', false
10-18 03:17:56.036 24237 29137 I ReactNativeJS: 'Is authenticated:', { id: 'eb91d7e5-e2f2-4021-a8c8-3739a3d4cae4',
10-18 03:17:56.036 24237 29137 I ReactNativeJS:   user_id: '1c4ac410-54d8-4b5e-960b-3afcbebd115d',
10-18 03:17:56.036 24237 29137 I ReactNativeJS:   license_number: 'TY58971234',
10-18 03:17:56.036 24237 29137 I ReactNativeJS:   license_expiry: '2025-10-04',
10-18 03:17:56.036 24237 29137 I ReactNativeJS:   status: 'online',
10-18 03:17:56.036 24237 29137 I ReactNativeJS:   rating: 5,
10-18 03:17:56.036 24237 29137 I ReactNativeJS:   total_rides: 40,
10-18 03:17:56.036 24237 29137 I ReactNativeJS:   is_verified: true,
10-18 03:17:56.036 24237 29137 I ReactNativeJS:   vehicle_id: 'e7591bc7-c083-49f6-b30d-cc0d6964f3a1',
10-18 03:17:56.036 24237 29137 I ReactNativeJS:   vendor_id: null,
10-18 03:17:56.036 24237 29137 I ReactNativeJS:   phone_number: '9598972325',
10-18 03:17:56.036 24237 29137 I ReactNativeJS:   name: 'john',
10-18 03:17:56.036 24237 29137 I ReactNativeJS:   created_at: '2025-09-16T17:06:10.397003+00:00',
10-18 03:17:56.036 24237 29137 I ReactNativeJS:   updated_at: '2025-10-17T21:06:54.769515+00:00',
10-18 03:17:56.036 24237 29137 I ReactNativeJS:   vehicles: 
10-18 03:17:56.036 24237 29137 I ReactNativeJS:    { id: 'e7591bc7-c083-49f6-b30d-cc0d6964f3a1',
10-18 03:17:56.036 24237 29137 I ReactNativeJS:      registration_number: 'KA51MN1111',
10-18 03:17:56.036 24237 29137 I ReactNativeJS:      make: 'Maruti',
10-18 03:17:56.036 24237 29137 I ReactNativeJS:      model: 'Ciaz',
10-18 03:17:56.036 24237 29137 I ReactNativeJS:      year: 2022,
10-18 03:17:56.036 24237 29137 I ReactNativeJS:      color: 'Silver',
10-18 03:17:56.036 24237 29137 I ReactNativeJS:      vehicle_type: 'sedan',
10-18 03:17:56.036 24237 29137 I ReactNativeJS:      capacity: 4 },
10-18 03:17:56.036 24237 29137 I ReactNativeJS:   user: 
10-18 03:17:56.036 24237 29137 I ReactNativeJS:    { id: '1c4ac410-54d8-4b5e-960b-3afcbebd115d',
10-18 03:17:56.036 24237 29137 I ReactNativeJS:      email: 'john@gmail.com',
10-18 03:17:56.036 24237 29137 I ReactNativeJS:      role: 'driver',
10-18 03:17:56.036 24237 29137 I ReactNativeJS:      full_name: 'john',
10-18 03:17:56.036 24237 29137 I ReactNativeJS:      phone_number: '9598972325',
10-18 03:17:56.036 24237 29137 I ReactNativeJS:      avatar_url: null,
10-18 03:17:56.036 24237 29137 I ReactNativeJS:      is_active: true,
10-18 03:17:56.036 24237 29137 I ReactNativeJS:      created_at: '2025-09-16T17:06:09.397142+00:00',
10-18 03:17:56.036 24237 29137 I ReactNativeJS:      updated_at: '2025-09-16T17:06:09.397142+00:00' },
10-18 03:17:56.036 24237 29137 I ReactNativeJS:   vehicle: 
10-18 03:17:56.036 24237 29137 I ReactNativeJS:    { id: 'e7591bc7-c083-49f6-b30d-cc0d6964f3a1',
10-18 03:17:56.036 24237 29137 I ReactNativeJS:      registration_number: 'KA51MN1111',
10-18 03:17:56.036 24237 29137 I ReactNativeJS:      make: 'Maruti',
10-18 03:17:56.036 24237 29137 I ReactNativeJS:      model: 'Ciaz',
10-18 03:17:56.036 24237 29137 I ReactNativeJS:      year: 2022,
10-18 03:17:56.036 24237 29137 I ReactNativeJS:      color: 'Silver',
10-18 03:17:56.036 24237 29137 I ReactNativeJS:      vehicle_type: 'sedan',
10-18 03:17:56.036 24237 29137 I ReactNativeJS:      capacity: 4 } }
10-18 03:17:56.036 24237 29137 I ReactNativeJS: No navigation needed - staying in current route
10-18 03:17:56.066 26036 26104 I ActivityScheduler: nextTriggerTime: 1181845429, in 0ms, detectorType: 39, FULL_TYPE alarmWindowMillis: 0
10-18 03:17:56.264 26036 27707 I WifiScanner: onFullResults
10-18 03:17:56.264 26036 26236 I WifiScanner: onFullResults
10-18 03:17:56.265 26036 26052 I WifiScanner: onFullResults
10-18 03:17:56.268 26036 29713 I FrewleTileCacheManagerV: (REDACTED) Fetched %d AP models from cache
10-18 03:17:56.272 24237 29137 E ReactNativeJS: 'Error loading current ride:', { code: '42804',
10-18 03:17:56.272 24237 29137 E ReactNativeJS:   details: 'Returned type integer does not match expected type numeric in column 19.',
10-18 03:17:56.272 24237 29137 E ReactNativeJS:   hint: null,
10-18 03:17:56.272 24237 29137 E ReactNativeJS:   message: 'structure of query does not match function result type' }
10-18 03:17:56.273 24237 29137 I ReactNativeJS: 🔍 Loading pending ride notifications...
10-18 03:17:56.280 24237 29139 E unknown:ReactNative: console.error: Error loading current ride: {"code":"42804","details":"Returned type integer does not match expected type numeric in column 19.","hint":null,"message":"structure of query does not match function result type"}, js engine: hermes, stack:
10-18 03:17:56.280 24237 29139 E unknown:ReactNative: _construct@1:117842
10-18 03:17:56.280 24237 29139 E unknown:ReactNative: Wrapper@1:117496
10-18 03:17:56.280 24237 29139 E unknown:ReactNative: _callSuper@1:115478
10-18 03:17:56.280 24237 29139 E unknown:ReactNative: SyntheticError@1:116983
10-18 03:17:56.280 24237 29139 E unknown:ReactNative: reactConsoleErrorHandler@1:116629
10-18 03:17:56.280 24237 29139 E unknown:ReactNative: ?anon_0_@1:1995022
10-18 03:17:56.280 24237 29139 E unknown:ReactNative: asyncGeneratorStep@1:573272
10-18 03:17:56.280 24237 29139 E unknown:ReactNative: _next@1:573529
10-18 03:17:56.280 24237 29139 E unknown:ReactNative: anonymous@1:136226
10-18 03:17:56.280 24237 29139 E unknown:ReactNative: _callTimer@1:135225
10-18 03:17:56.280 24237 29139 E unknown:ReactNative: _callReactNativeMicrotasksPass@1:135369
10-18 03:17:56.280 24237 29139 E unknown:ReactNative: callReactNativeMicrotasks@1:137300
10-18 03:17:56.280 24237 29139 E unknown:ReactNative: __callReactNativeMicrotasks@1:101038
10-18 03:17:56.280 24237 29139 E unknown:ReactNative: anonymous@1:100174
10-18 03:17:56.280 24237 29139 E unknown:ReactNative: __guard@1:100912
10-18 03:17:56.280 24237 29139 E unknown:ReactNative: flushedQueue@1:100085
10-18 03:17:56.280 24237 29139 E unknown:ReactNative: invokeCallbackAndReturnFlushedQueue@1:100028
10-18 03:17:56.284 26036 26172 I FusedLocation: (REDACTED) location delivery to %s blocked - too close
10-18 03:17:56.285 26036 26172 I FusedLocation: (REDACTED) location delivery to %s blocked - too fast
10-18 03:17:56.285 26036 26172 I FusedLocation: (REDACTED) location delivery to %s blocked - too fast
10-18 03:17:56.289 26036 26104 I ActivityScheduler: nextTriggerTime: 1181845429, in -224ms, detectorType: 39, FULL_TYPE alarmWindowMillis: 0
10-18 03:17:56.290 26036 26172 I fyyu    : Received empty WiFi-RTT scan. [CONTEXT service_id=6 ]
10-18 03:17:56.297 26036 29586 I SemanticLocation: [InfMgr] No location reports after filtering [CONTEXT service_id=173 ]
10-18 03:17:56.486 24237 29137 I ReactNativeJS: 📋 Found 0 unread ride notifications
10-18 03:17:56.502 24237 29137 I ReactNativeJS: ✅ No pending ride notifications
10-18 03:17:56.502 24237 29137 I ReactNativeJS: === RIDES SCREEN STATE DEBUG ===
10-18 03:17:56.503 24237 29137 I ReactNativeJS: 🔄 Component state updated:
10-18 03:17:56.503 24237 29137 I ReactNativeJS: '  - Current ride:', 'null'
10-18 03:17:56.503 24237 29137 I ReactNativeJS: '  - Pending rides count:', 0
10-18 03:17:56.503 24237 29137 I ReactNativeJS: '  - Driver status:', 'online'
10-18 03:17:56.503 24237 29137 I ReactNativeJS: '  - Loading:', true
10-18 03:17:56.503 24237 29137 I ReactNativeJS: '  - Error:', null
10-18 03:17:56.503 24237 29137 I ReactNativeJS: '  - Show modal:', false
10-18 03:17:56.503 24237 29137 I ReactNativeJS: '  - Timestamp:', '2025-10-17T21:47:56.503Z'
10-18 03:17:56.503 24237 29137 I ReactNativeJS: ❌ NO CURRENT RIDE - showing empty state
10-18 03:17:56.503 24237 29137 I ReactNativeJS: === RIDE REQUEST MODAL LOGIC DEBUG ===
10-18 03:17:56.503 24237 29137 I ReactNativeJS: 🔄 Checking if should show ride request modal:
10-18 03:17:56.504 24237 29137 I ReactNativeJS: '  - Pending rides:', 0
10-18 03:17:56.504 24237 29137 I ReactNativeJS: '  - Modal already showing:', false
10-18 03:17:56.504 24237 29137 I ReactNativeJS: '  - Driver status:', 'online'
10-18 03:17:56.504 24237 29137 I ReactNativeJS: '  - Has current ride:', false
10-18 03:17:56.504 24237 29137 I ReactNativeJS: ❌ NOT SHOWING MODAL - reasons:
10-18 03:17:56.504 24237 29137 I ReactNativeJS: '🚗 Analysis:', { pendingRidesCount: 0,
10-18 03:17:56.504 24237 29137 I ReactNativeJS:   modalAlreadyShowing: false,
10-18 03:17:56.504 24237 29137 I ReactNativeJS:   driverStatus: 'online',
10-18 03:17:56.504 24237 29137 I ReactNativeJS:   hasCurrentRide: false }
10-18 03:17:56.510 24237 29137 I ReactNativeJS: === RIDES SCREEN STATE DEBUG ===
10-18 03:17:56.510 24237 29137 I ReactNativeJS: 🔄 Component state updated:
10-18 03:17:56.510 24237 29137 I ReactNativeJS: '  - Current ride:', 'null'
10-18 03:17:56.511 24237 29137 I ReactNativeJS: '  - Pending rides count:', 0
10-18 03:17:56.511 24237 29137 I ReactNativeJS: '  - Driver status:', 'online'
10-18 03:17:56.511 24237 29137 I ReactNativeJS: '  - Loading:', false
10-18 03:17:56.511 24237 29137 I ReactNativeJS: '  - Error:', null
10-18 03:17:56.511 24237 29137 I ReactNativeJS: '  - Show modal:', false
10-18 03:17:56.511 24237 29137 I ReactNativeJS: '  - Timestamp:', '2025-10-17T21:47:56.511Z'
10-18 03:17:56.511 24237 29137 I ReactNativeJS: ❌ NO CURRENT RIDE - showing empty state
10-18 03:17:57.661  5720 14136 D SQLiteQueryBuilder: SELECT _id, _data, _size, date_modified, bucket_id, orientation, datetaken FROM images WHERE ((((is_pending=0 AND NOT _modifier=4) OR (is_pending=1 AND lower(_data) NOT REGEXP '.*/\.pending-(\d+)-([^/]+)$' AND owner_package_name IN ( 'com.vivo.gallery' , 'com.vivo.widget.gallery' )))) AND (is_trashed=0) AND (volume_name IN ( 'external_primary' ))) AND (( bucket_id IN ( -1212198981, -1695567127, -53910322, -2140495773, 606811175, 1251957395, 1115488879, 1092149518, 390907738, -1694063856, -803954635, -1690180765, -1816304744, 911081060, -1291404494, -1285319851, -651554454, 151630153, 543621159, -2002206485, 73761835, -1760112825, -71543827, -302991967, -1227671927, -156420408, -1516374533, 1829735780, -1450708494, -506316380, -1341114264, 1114833418, 1152093397, -1733679058, -2131021710, -680697881, 2084439217, -2024679488, -1447456465, 700805465, 991906690, 1345966226, 657155968, 1266435012, -1966306697, -1897284014, -1949680778, 434583847, 990381004, -1526850504, -1612742889, -1273942824, -1004938028, 331203438, 708879003, 255899559, -528275350, -602893060, -1055518229, 545491069, -1716401999, 668104411, -1118657469, 1040014575, 849662899, -174887798, -1292465169, 1101584562, -613830029, -1577375515, -1628155945, -1033534650, -328196774, -2071947861, 805181138, -1104308479, 181789691, 619245019, 616142335, -1829889111, -1578944343, -1809455754, 1690766750, -793566743, 272894235, -435605656, -1858432929, -792464988, -434569360, -1462931038, -879973635, 65759896, -924335728, -1809287853, 1755148769, -223571158, 2126348076, 48382832, 700217390, 630412299, 183872366, 1059985074, -1806957104, -1641691205, -571335571, 1519174419, 1036004452, -2031220924, -1537104433, 1829930144, -745596364, -8122821, 1366741172, 1548299660, 1674287630, -1535937100, 13148420, 1909659649, 264986155, -9482612, 13005089, -2089205090, -1022498075, -919133986, -884178250, -1422443828, -670014994, -2121027476, 2020100714, 489993, 448544941, -2101462868, -261299595, 1172023232, 1278178828, -607125002, -856420653, -1973993346, 1498690426, -1527464249, -1945110980, 395625896, 1909316592, 569711560, -1686988495, 1763470175, -1488038648, 2113906615, -550734493, 85651275, -1964037955, 428383196, -1949793892, 1136101865, 2018234913, -18391924, 1490911920, -884178653, -1170470833, -1215953411, 1077477957, -1198914825, 1461775709, -643464410, 1900774339, 1272506704, -485246563, 1960476238, -1291404897, -1950041765, 1664549270, 2070856141, 1220790880, 359301071, 278762032, 470519460, -924530092, -1382559966, 904275793, 1298630565, 1186223222, -519179321, 232691476, -1684913851, -750954006, 83641895, 1145800364, -2012790048, 1286776387, 397907126, 1330064451, -1804177550, -1809174739, 174397812, 2043613916, -675937132, 1736146008, -1702973091, -1184968074, 1502601919, 1574223589, 445258174, -1682700158, -351293385, 638217523, 2052700512, 949947357, -1318309340, 616722321, -1406249091, 656868479, -402361508, -1410236246, -1193446467, -1415689986, -1935708161, 1786892787, -2041971395, -1087402833, -1809045590, 658433208, 1208185747, 761624307, 250774884, 12344107, -1415495622, 35166595, -175675851, 912551383, -1432612566, 39258592, -131644514, -1950760957, -1022555983, -1656404229, -731336746, 1106324018, 1962141495, -643270046, 133162019, -2075879543, 945165185, -1572118126, 1746875333, -2129001792, -1739773001, -214169408, 1354535744, -1551292529, 581197485, 1732723533, 1456888538, -1448813142, 13311172, -1569520032, -1527994117, 348164313, 1631149349, -242606674, -1914187326, -1445556762, 211087524, -219150656, -1422672119, -1530754818, -1171388910, -2072752055, -1325148867, 361712075, -1730634595, -340891674, 1407102871, 53870456, -508660256, 2028258487, -815228101, -1694937425, -519178918, 1561178453, -1131671344, 1431320847, 2046578077, -781677303, 1291266200, 848578299, -1972390376, -978314959, -1319727662, 943502520, 1028125135, -175466238, 1195992005, 1920382715, 2108277051, 443703009, 675671268, 263662367, -347572232, 183545411, 1450478273, -1879659704, 1957916785, 1976953110, -1157253172, -1407948598, 
10-18 03:17:57.946 24237 29137 I ReactNativeJS: 🔄 Auto-refreshing rides (2-second interval)...
10-18 03:17:57.948 24237 29137 I ReactNativeJS: === LOADING RIDES ===
10-18 03:17:57.948 24237 29137 I ReactNativeJS: 'Driver ID:', 'eb91d7e5-e2f2-4021-a8c8-3739a3d4cae4'
10-18 03:17:57.948 24237 29137 I ReactNativeJS: 'Driver User ID:', '1c4ac410-54d8-4b5e-960b-3afcbebd115d'
10-18 03:17:57.953 24237 29137 I ReactNativeJS: 🔍 Loading current ride...
10-18 03:17:57.954 24237 29137 I ReactNativeJS: === RIDES SCREEN STATE DEBUG ===
10-18 03:17:57.954 24237 29137 I ReactNativeJS: 🔄 Component state updated:
10-18 03:17:57.954 24237 29137 I ReactNativeJS: '  - Current ride:', 'null'
10-18 03:17:57.954 24237 29137 I ReactNativeJS: '  - Pending rides count:', 0
10-18 03:17:57.954 24237 29137 I ReactNativeJS: '  - Driver status:', 'online'
10-18 03:17:57.954 24237 29137 I ReactNativeJS: '  - Loading:', true
10-18 03:17:57.954 24237 29137 I ReactNativeJS: '  - Error:', null
10-18 03:17:57.954 24237 29137 I ReactNativeJS: '  - Show modal:', false
10-18 03:17:57.954 24237 29137 I ReactNativeJS: '  - Timestamp:', '2025-10-17T21:47:57.954Z'
10-18 03:17:57.954 24237 29137 I ReactNativeJS: ❌ NO CURRENT RIDE - showing empty state
10-18 03:17:58.068 26036 26172 I FusedLocation: (REDACTED) location delivery to %s blocked - too fast
10-18 03:17:58.070 26036 26172 I FusedLocation: (REDACTED) location delivery to %s blocked - too close
10-18 03:17:58.071 26036 26172 I FusedLocation: (REDACTED) location delivery to %s blocked - too fast
10-18 03:17:58.072 26036 26172 I FusedLocation: (REDACTED) location delivery to %s blocked - too fast
10-18 03:17:58.072 26036 26172 I FusedLocation: (REDACTED) location delivery to %s blocked - too fast
10-18 03:17:58.073 24237 29137 I ReactNativeJS: '✅ Got native location:', { accuracy: 2.5999999046325684,
10-18 03:17:58.073 24237 29137 I ReactNativeJS:   longitude: 77.8299967,
10-18 03:17:58.073 24237 29137 I ReactNativeJS:   altitude: 770.8999633789062,
10-18 03:17:58.073 24237 29137 I ReactNativeJS:   heading: 0,
10-18 03:17:58.073 24237 29137 I ReactNativeJS:   latitude: 12.7486667,
10-18 03:17:58.073 24237 29137 I ReactNativeJS:   altitudeAccuracy: 1.3475531339645386,
10-18 03:17:58.073 24237 29137 I ReactNativeJS:   speed: 0 }
10-18 03:17:58.082 26036 26577 I FusedLocation: (REDACTED) stationary throttling engaged @%s
10-18 03:17:58.092 26036 26577 I FusedOrientationManager: Unregistering orientation client. [CONTEXT service_id=6 ]
10-18 03:17:58.109 26036 26104 I ActivityScheduler: nextTriggerTime: 1182085429, in 237957ms, detectorType: 39, FULL_TYPE alarmWindowMillis: 30000
10-18 03:17:58.196 24237 29137 E ReactNativeJS: 'Error loading current ride:', { code: '42804',
10-18 03:17:58.196 24237 29137 E ReactNativeJS:   details: 'Returned type integer does not match expected type numeric in column 19.',
10-18 03:17:58.196 24237 29137 E ReactNativeJS:   hint: null,
10-18 03:17:58.196 24237 29137 E ReactNativeJS:   message: 'structure of query does not match function result type' }
10-18 03:17:58.198 24237 29137 I ReactNativeJS: 🔍 Loading pending ride notifications...
10-18 03:17:58.210 24237 29139 E unknown:ReactNative: console.error: Error loading current ride: {"code":"42804","details":"Returned type integer does not match expected type numeric in column 19.","hint":null,"message":"structure of query does not match function result type"}, js engine: hermes, stack:
10-18 03:17:58.210 24237 29139 E unknown:ReactNative: _construct@1:117842
10-18 03:17:58.210 24237 29139 E unknown:ReactNative: Wrapper@1:117496
10-18 03:17:58.210 24237 29139 E unknown:ReactNative: _callSuper@1:115478
10-18 03:17:58.210 24237 29139 E unknown:ReactNative: SyntheticError@1:116983
10-18 03:17:58.210 24237 29139 E unknown:ReactNative: reactConsoleErrorHandler@1:116629
10-18 03:17:58.210 24237 29139 E unknown:ReactNative: ?anon_0_@1:1995022
10-18 03:17:58.210 24237 29139 E unknown:ReactNative: asyncGeneratorStep@1:573272
10-18 03:17:58.210 24237 29139 E unknown:ReactNative: _next@1:573529
10-18 03:17:58.210 24237 29139 E unknown:ReactNative: anonymous@1:136226
10-18 03:17:58.210 24237 29139 E unknown:ReactNative: _callTimer@1:135225
10-18 03:17:58.210 24237 29139 E unknown:ReactNative: _callReactNativeMicrotasksPass@1:135369
10-18 03:17:58.210 24237 29139 E unknown:ReactNative: callReactNativeMicrotasks@1:137300
10-18 03:17:58.210 24237 29139 E unknown:ReactNative: __callReactNativeMicrotasks@1:101038
10-18 03:17:58.210 24237 29139 E unknown:ReactNative: anonymous@1:100174
10-18 03:17:58.210 24237 29139 E unknown:ReactNative: __guard@1:100912
10-18 03:17:58.210 24237 29139 E unknown:ReactNative: flushedQueue@1:100085
10-18 03:17:58.210 24237 29139 E unknown:ReactNative: invokeCallbackAndReturnFlushedQueue@1:100028
10-18 03:17:58.322 24237 29137 I ReactNativeJS: '✅ Location record', 'updated', 'successfully via RPC'
10-18 03:17:58.322 24237 29137 I ReactNativeJS: ✅ Location record confirmed, starting tracking...
10-18 03:17:58.322 24237 29137 I ReactNativeJS: ✅ Driver is now available for customer bookings
10-18 03:17:58.323 24237 29137 I ReactNativeJS: === STARTING LOCATION TRACKING ===
10-18 03:17:58.323 24237 29137 I ReactNativeJS: 'Driver:', 'john'
10-18 03:17:58.323 24237 29137 I ReactNativeJS: 'Status:', 'online'
10-18 03:17:58.324 24237 29137 I ReactNativeJS: 'Permission:', true
10-18 03:17:58.324 24237 29137 I ReactNativeJS: === UPDATING LOCATION WITH GOOGLE MAPS ===
10-18 03:17:58.324 24237 29137 I ReactNativeJS: 📱 Using native location...
10-18 03:17:58.326 24237 29137 I ReactNativeJS: === STARTING BACKGROUND LOCATION TRACKING ===
10-18 03:17:58.326 24237 29137 I ReactNativeJS: 'Driver:', 'john'
10-18 03:17:58.326 24237 29137 I ReactNativeJS: 'Status:', 'online'
10-18 03:17:58.327 24237 29137 I ReactNativeJS: === STARTING BACKGROUND LOCATION TRACKING ===
10-18 03:17:58.327 24237 29137 I ReactNativeJS: 'Driver User ID:', '1c4ac410-54d8-4b5e-960b-3afcbebd115d'
10-18 03:17:58.327 24237 29137 I ReactNativeJS: 'Platform:', 'android'
10-18 03:17:58.345 26036 26577 I FusedLocation: stationary throttling disengaged [CONTEXT service_id=6 ]
10-18 03:17:58.354 26036 29720 I FusedLocation: (REDACTED) stationary throttling engaged @%s
10-18 03:17:58.404 26036 29720 I FusedOrientationManager: Registering orientation client. [CONTEXT service_id=6 ]
10-18 03:17:58.415 26036 26104 I ActivityScheduler: nextTriggerTime: 1181845429, in -2349ms, detectorType: 39, FULL_TYPE alarmWindowMillis: 0
10-18 03:17:58.419 26036 26577 I FusedOrientationManager: Unregistering orientation client. [CONTEXT service_id=6 ]
10-18 03:17:58.428 26036 26172 W inertial-anchor: Triggering reinit due to mag declination change
10-18 03:17:58.428 26036 26172 W Looper  : Looper already prepared for this thread with a different value for the LOOPER_PREPARE_ALLOW_NON_CALLBACKS option.
10-18 03:17:58.438 24237 29137 I ReactNativeJS: 📋 Found 0 unread ride notifications
10-18 03:17:58.439 19290 19290 D ViewRootImpl: AppSizeAfterRelayout, size: Point(1202, 177), rotation: ROTATION_0
10-18 03:17:58.439 19290 19290 D BufferQueueConsumer: [](id:4b5a00000007,api:0,p:-1,c:19290) connect: controlledByApp=false
10-18 03:17:58.439 19290 19290 D BLASTBufferQueue: [VRI[GrantPermissionsActivity]#7](f:0,a:0) constructor()
10-18 03:17:58.439 19290 19290 D BLASTBufferQueue: [VRI[GrantPermissionsActivity]#7](f:0,a:0) update width=1202 height=177 format=-2 mTransformHint=0
10-18 03:17:58.442 24237 29137 I ReactNativeJS: ✅ No pending ride notifications
10-18 03:17:58.442 24237 29137 I ReactNativeJS: === RIDES SCREEN STATE DEBUG ===
10-18 03:17:58.442 24237 29137 I ReactNativeJS: 🔄 Component state updated:
10-18 03:17:58.442 24237 29137 I ReactNativeJS: '  - Current ride:', 'null'
10-18 03:17:58.442 24237 29137 I ReactNativeJS: '  - Pending rides count:', 0
10-18 03:17:58.442 24237 29137 I ReactNativeJS: '  - Driver status:', 'online'
10-18 03:17:58.442 24237 29137 I ReactNativeJS: '  - Loading:', true
10-18 03:17:58.442 24237 29137 I ReactNativeJS: '  - Error:', null
10-18 03:17:58.443 24237 29137 I ReactNativeJS: '  - Show modal:', false
10-18 03:17:58.443 24237 29137 I ReactNativeJS: '  - Timestamp:', '2025-10-17T21:47:58.443Z'
10-18 03:17:58.443 24237 29137 I ReactNativeJS: ❌ NO CURRENT RIDE - showing empty state
10-18 03:17:58.443 24237 29137 I ReactNativeJS: === RIDE REQUEST MODAL LOGIC DEBUG ===
10-18 03:17:58.443 24237 29137 I ReactNativeJS: 🔄 Checking if should show ride request modal:
10-18 03:17:58.443 24237 29137 I ReactNativeJS: '  - Pending rides:', 0
10-18 03:17:58.443 24237 29137 I ReactNativeJS: '  - Modal already showing:', false
10-18 03:17:58.443 24237 29137 I ReactNativeJS: '  - Driver status:', 'online'
10-18 03:17:58.443 24237 29137 I ReactNativeJS: '  - Has current ride:', false
10-18 03:17:58.443 24237 29137 I ReactNativeJS: ❌ NOT SHOWING MODAL - reasons:
10-18 03:17:58.443 24237 29137 I ReactNativeJS: '🚗 Analysis:', { pendingRidesCount: 0,
10-18 03:17:58.443 24237 29137 I ReactNativeJS:   modalAlreadyShowing: false,
10-18 03:17:58.443 24237 29137 I ReactNativeJS:   driverStatus: 'online',
10-18 03:17:58.443 24237 29137 I ReactNativeJS:   hasCurrentRide: false }
10-18 03:17:58.453 24237 29137 I ReactNativeJS: === RIDES SCREEN STATE DEBUG ===
10-18 03:17:58.453 24237 29137 I ReactNativeJS: 🔄 Component state updated:
10-18 03:17:58.453 26036 26104 I ActivityScheduler: nextTriggerTime: 1182085429, in 237612ms, detectorType: 39, FULL_TYPE alarmWindowMillis: 30000
10-18 03:17:58.453 24237 29137 I ReactNativeJS: '  - Current ride:', 'null'
10-18 03:17:58.453 24237 29137 I ReactNativeJS: '  - Pending rides count:', 0
10-18 03:17:58.454 24237 29137 I ReactNativeJS: '  - Driver status:', 'online'
10-18 03:17:58.454 24237 29137 I ReactNativeJS: '  - Loading:', false
10-18 03:17:58.454 24237 29137 I ReactNativeJS: '  - Error:', null
10-18 03:17:58.454 24237 29137 I ReactNativeJS: '  - Show modal:', false
10-18 03:17:58.454 24237 29137 I ReactNativeJS: '  - Timestamp:', '2025-10-17T21:47:58.454Z'
10-18 03:17:58.454 24237 29137 I ReactNativeJS: ❌ NO CURRENT RIDE - showing empty state
10-18 03:17:58.483  1870  1976 I ActivityTaskManager: Displayed com.google.android.permissioncontroller/com.android.permissioncontroller.permission.ui.GrantPermissionsActivity for user 0: +110ms
10-18 03:17:58.485 19290 19290 V ImeFocusController: onWindowFocus: com.android.internal.policy.DecorView{7f83516 V.E...... R.....ID 0,0-1026,0}[GrantPermissionsActivity] softInputMode=STATE_ALWAYS_HIDDEN|ADJUST_NOTHING|IS_FORWARD_NAVIGATION
10-18 03:17:58.496 24237 29137 I ReactNativeJS: ✅ Background location permission granted
10-18 03:17:58.497  5589  5589 I GoogleInputMethodService: GoogleInputMethodService.onFinishInput():2085 
10-18 03:17:58.498  5589  5589 I Module  : DeviceLockedStatusModuleProvider$Module.updateDeviceLockedStatus():100 repeatCheckTimes = 0, locked = false
10-18 03:17:58.498 24237 29126 I TaskService: Registered task with name 'background-location-task' for app with scoping identifier 'com.a1taxi.driverpro'.
10-18 03:17:58.498  5589  5589 I GoogleInputMethodService: GoogleInputMethodService.onStartInput():1346 onStartInput(EditorInfo{EditorInfo{packageName=com.google.android.permissioncontroller, inputType=0, inputTypeString=NULL, enableLearning=false, autoCorrection=false, autoComplete=false, imeOptions=0, privateImeOptions=null, actionName=UNSPECIFIED, actionLabel=null, initialSelStart=-1, initialSelEnd=-1, initialCapsMode=0, label=null, fieldId=0, fieldName=null, extras=null, hintText=null, hintLocales=[]}}, false)
10-18 03:17:58.500  5589  5589 I Module  : DeviceLockedStatusModuleProvider$Module.updateDeviceLockedStatus():100 repeatCheckTimes = 1, locked = false
10-18 03:17:58.500  5589  5589 I HardKeyTracker: HardKeyTracker.registerKeySequence():170 Register key sequence nfz{labelResId=0, callback=gds@9660351, lastModifier=0, keyCodes=[57, 57], actions=[1, 0]}
10-18 03:17:58.500  5589  5589 I HardKeyTracker: HardKeyTracker.registerKeySequence():170 Register key sequence nfz{labelResId=0, callback=gds@520fc24, lastModifier=0, keyCodes=[58, 58], actions=[1, 0]}
10-18 03:17:58.510 24237 29126 I TaskService: Registered task with name 'background-fetch-task' for app with scoping identifier 'com.a1taxi.driverpro'.
10-18 03:17:58.516 24237 29137 I ReactNativeJS: ✅ Background location tracking started
10-18 03:17:58.516 24237 29137 I ReactNativeJS: ✅ Foreground service notification will be shown
10-18 03:17:58.516 24237 29137 I ReactNativeJS: ✅ Location will update every 5 seconds even when app is closed
10-18 03:17:58.521 19290 19290 D VRI[GrantPermissionsActivity]: visibilityChanged oldVisibility=true newVisibility=false
10-18 03:17:58.526 24237 29137 I ReactNativeJS: ✅ Background location tracking started successfully
10-18 03:17:58.526 24237 29137 I ReactNativeJS: ✅ Driver location will be sent every 5 seconds even when app is closed
10-18 03:17:58.526 24237 29137 I ReactNativeJS: === DRIVER STATUS CHANGE DETECTED ===
10-18 03:17:58.526 24237 29137 I ReactNativeJS: 'Driver:', 'john'
10-18 03:17:58.526 24237 29137 I ReactNativeJS: 'Driver Status:', 'online'
10-18 03:17:58.526 24237 29137 I ReactNativeJS: 'Driver User ID:', '1c4ac410-54d8-4b5e-960b-3afcbebd115d'
10-18 03:17:58.526 24237 29137 I ReactNativeJS: 'Driver Verified:', true
10-18 03:17:58.528 24237 24237 V ImeFocusController: onWindowFocus: com.android.internal.policy.DecorView{e311d29 V.E...... R......D 0,0-1080,2392 aid=0}[MainActivity] softInputMode=STATE_UNSPECIFIED|ADJUST_RESIZE
10-18 03:17:58.530 26036 26577 I FusedLocation: stationary throttling disengaged [CONTEXT service_id=6 ]
10-18 03:17:58.536 24237 29137 I ReactNativeJS: === DRIVER STATUS CHANGE DETECTED ===
10-18 03:17:58.537 24237 29137 I ReactNativeJS: 'Driver:', 'john'
10-18 03:17:58.537 24237 29137 I ReactNativeJS: 'Driver Status:', 'online'
10-18 03:17:58.537 24237 29137 I ReactNativeJS: 'Driver User ID:', '1c4ac410-54d8-4b5e-960b-3afcbebd115d'
10-18 03:17:58.537 24237 29137 I ReactNativeJS: 'Driver Verified:', true
10-18 03:17:58.538 24237 29137 I ReactNativeJS: '✅ Location obtained:', { accuracy: 2.5999999046325684,
10-18 03:17:58.538 24237 29137 I ReactNativeJS:   longitude: 77.8299967,
10-18 03:17:58.538 24237 29137 I ReactNativeJS:   altitude: 770.8999633789062,
10-18 03:17:58.538 24237 29137 I ReactNativeJS:   heading: 0,
10-18 03:17:58.538 24237 29137 I ReactNativeJS:   latitude: 12.7486667,
10-18 03:17:58.538 24237 29137 I ReactNativeJS:   altitudeAccuracy: 1.3475531339645386,
10-18 03:17:58.538 24237 29137 I ReactNativeJS:   speed: 0 }
10-18 03:17:58.541 19290 19290 D ViewRootImpl: AppSizeAfterRelayout, size: Point(1202, 177), rotation: ROTATION_0
10-18 03:17:58.541 19290 19290 D BLASTBufferQueue: [VRI[GrantPermissionsActivity]#7](f:0,a:0) destructor()
10-18 03:17:58.541 19290 19290 D BufferQueueConsumer: [VRI[GrantPermissionsActivity]#7(BLAST Consumer)7](id:4b5a00000007,api:0,p:-1,c:19290) disconnect
10-18 03:17:58.544 19290 19290 W WindowOnBackDispatcher: sendCancelIfRunning: isInProgress=false callback=android.view.ViewRootImpl$$ExternalSyntheticLambda11@e060fc6
10-18 03:17:58.545 26036 29586 I AlarmManager: set [name: SystemMemoryMap-flp type: 2 triggerAtMillis: 9223372036854775806 windowMillis: -1 intervalMillis: 0]
10-18 03:17:58.546 24237 29137 I ReactNativeJS: === SENDING LOCATION TO EDGE FUNCTION ===
10-18 03:17:58.546 24237 29137 I ReactNativeJS: 'Driver User ID:', '1c4ac410-54d8-4b5e-960b-3afcbebd115d'
10-18 03:17:58.546 24237 29137 I ReactNativeJS: 'Location:', { latitude: 12.7486667,
10-18 03:17:58.546 24237 29137 I ReactNativeJS:   longitude: 77.8299967,
10-18 03:17:58.546 24237 29137 I ReactNativeJS:   accuracy: 2.5999999046325684 }
10-18 03:17:58.546 24237 29137 I ReactNativeJS: 📤 Sending location data to edge function...
10-18 03:17:58.546 24237 29137 E ReactNativeJS: '❌ Exception sending location to edge function:', 'undefined is not a function'
10-18 03:17:58.547 24237 29137 I ReactNativeJS: ⚠️ Edge function failed, falling back to direct database update
10-18 03:17:58.547 24237 29137 I ReactNativeJS: 📤 Using RPC fallback to update location...
10-18 03:17:58.550 24237 24237 I TaskService: Handling intent with task name 'background-location-task' and app scoping identifier 'com.a1taxi.driverpro'.
10-18 03:17:58.557 24237 29139 E unknown:ReactNative: console.error: ❌ Exception sending location to edge function: undefined is not a function, js engine: hermes, stack:
10-18 03:17:58.557 24237 29139 E unknown:ReactNative: _construct@1:117842
10-18 03:17:58.557 24237 29139 E unknown:ReactNative: Wrapper@1:117496
10-18 03:17:58.557 24237 29139 E unknown:ReactNative: _callSuper@1:115478
10-18 03:17:58.557 24237 29139 E unknown:ReactNative: SyntheticError@1:116983
10-18 03:17:58.557 24237 29139 E unknown:ReactNative: reactConsoleErrorHandler@1:116629
10-18 03:17:58.557 24237 29139 E unknown:ReactNative: ?anon_0_@1:1957283
10-18 03:17:58.557 24237 29139 E unknown:ReactNative: asyncGeneratorStep@1:573272
10-18 03:17:58.557 24237 29139 E unknown:ReactNative: _next@1:573529
10-18 03:17:58.557 24237 29139 E unknown:ReactNative: anonymous@1:573481
10-18 03:17:58.557 24237 29139 E unknown:ReactNative: anonymous@1:573402
10-18 03:17:58.557 24237 29139 E unknown:ReactNative: sendLocationToEdgeFunction@1:1957651
10-18 03:17:58.557 24237 29139 E unknown:ReactNative: ?anon_0_@1:1956444
