10-19 14:18:56.159  5589  5589 I GoogleInputMethodService: GoogleInputMethodService.onFinishInput():2085 
10-19 14:18:56.159  5589  5589 I Module  : DeviceLockedStatusModuleProvider$Module.updateDeviceLockedStatus():100 repeatCheckTimes = 0, locked = false
10-19 14:18:56.160  5589  5589 I GoogleInputMethodService: GoogleInputMethodService.onStartInput():1346 onStartInput(EditorInfo{EditorInfo{packageName=com.a1taxi.driverpro, inputType=0, inputTypeString=NULL, enableLearning=false, autoCorrection=false, autoComplete=false, imeOptions=0, privateImeOptions=null, actionName=UNSPECIFIED, actionLabel=null, initialSelStart=-1, initialSelEnd=-1, initialCapsMode=0, label=null, fieldId=0, fieldName=null, extras=null, hintText=null, hintLocales=[]}}, false)
10-19 14:18:56.161  5589  5589 I Module  : DeviceLockedStatusModuleProvider$Module.updateDeviceLockedStatus():100 repeatCheckTimes = 1, locked = false
10-19 14:18:56.161  8059  8700 I ReactNativeJS: === RIDES SCREEN STATE DEBUG ===
10-19 14:18:56.161  8059  8700 I ReactNativeJS: 🔄 Component state updated:
10-19 14:18:56.161  8059  8700 I ReactNativeJS: '  - Current ride:', { id: '8fb34677-14fc-4479-b3c5-d42763361ec5',
10-19 14:18:56.161  8059  8700 I ReactNativeJS:   status: 'in_progress',
10-19 14:18:56.161  8059  8700 I ReactNativeJS:   pickup: 'PRXJ+F32, Brindavan Nagar, Anand Nagar, Hosur, Tamil Nadu 635109, India',
10-19 14:18:56.161  8059  8700 I ReactNativeJS:   destination: 'Bagalur, Tamil Nadu, India' }
10-19 14:18:56.161  8059  8700 I ReactNativeJS: '  - Pending rides count:', 0
10-19 14:18:56.161  8059  8700 I ReactNativeJS: '  - Driver status:', 'online'
10-19 14:18:56.161  8059  8700 I ReactNativeJS: '  - Loading:', false
10-19 14:18:56.161  8059  8700 I ReactNativeJS: '  - Error:', null
10-19 14:18:56.161  8059  8700 I ReactNativeJS: '  - Show modal:', false
10-19 14:18:56.161  8059  8700 I ReactNativeJS: '  - Timestamp:', '2025-10-19T08:48:56.161Z'
10-19 14:18:56.161  8059  8700 I ReactNativeJS: ✅ CURRENT RIDE EXISTS - should be visible in UI
10-19 14:18:57.570  8059  8059 I ScrollIdentify: on fling
10-19 14:18:57.870  8059  8700 I ReactNativeJS: 🔄 Auto-refreshing rides (2-second interval)...
10-19 14:18:57.870  8059  8700 I ReactNativeJS: === LOADING RIDES ===
10-19 14:18:57.870  8059  8700 I ReactNativeJS: 'Driver ID:', 'eb91d7e5-e2f2-4021-a8c8-3739a3d4cae4'
10-19 14:18:57.870  8059  8700 I ReactNativeJS: 'Driver User ID:', '1c4ac410-54d8-4b5e-960b-3afcbebd115d'
10-19 14:18:57.881  8059  8700 I ReactNativeJS: 🔍 Loading current ride...
10-19 14:18:57.882  8059  8700 I ReactNativeJS: === RIDES SCREEN STATE DEBUG ===
10-19 14:18:57.882  8059  8700 I ReactNativeJS: 🔄 Component state updated:
10-19 14:18:57.882  8059  8700 I ReactNativeJS: '  - Current ride:', { id: '8fb34677-14fc-4479-b3c5-d42763361ec5',
10-19 14:18:57.882  8059  8700 I ReactNativeJS:   status: 'in_progress',
10-19 14:18:57.882  8059  8700 I ReactNativeJS:   pickup: 'PRXJ+F32, Brindavan Nagar, Anand Nagar, Hosur, Tamil Nadu 635109, India',
10-19 14:18:57.882  8059  8700 I ReactNativeJS:   destination: 'Bagalur, Tamil Nadu, India' }
10-19 14:18:57.882  8059  8700 I ReactNativeJS: '  - Pending rides count:', 0
10-19 14:18:57.882  8059  8700 I ReactNativeJS: '  - Driver status:', 'online'
10-19 14:18:57.882  8059  8700 I ReactNativeJS: '  - Loading:', true
10-19 14:18:57.882  8059  8700 I ReactNativeJS: '  - Error:', null
10-19 14:18:57.883  8059  8700 I ReactNativeJS: '  - Show modal:', false
10-19 14:18:57.883  8059  8700 I ReactNativeJS: '  - Timestamp:', '2025-10-19T08:48:57.883Z'
10-19 14:18:57.883  8059  8700 I ReactNativeJS: ✅ CURRENT RIDE EXISTS - should be visible in UI
10-19 14:18:58.153  8059  8700 I ReactNativeJS: '✅ Current ride loaded:', { id: '8fb34677-14fc-4479-b3c5-d42763361ec5',
10-19 14:18:58.153  8059  8700 I ReactNativeJS:   status: 'in_progress',
10-19 14:18:58.153  8059  8700 I ReactNativeJS:   pickup: 'PRXJ+F32, Brindavan Nagar, Anand Nagar, Hosur, Tamil Nadu 635109, India',
10-19 14:18:58.153  8059  8700 I ReactNativeJS:   destination: 'Bagalur, Tamil Nadu, India',
10-19 14:18:58.153  8059  8700 I ReactNativeJS:   customer: 
10-19 14:18:58.153  8059  8700 I ReactNativeJS:    { id: 'e95a4f14-8958-49e9-8ede-d81b82a7ba12',
10-19 14:18:58.153  8059  8700 I ReactNativeJS:      full_name: 'Ricco',
10-19 14:18:58.153  8059  8700 I ReactNativeJS:      phone_number: null,
10-19 14:18:58.153  8059  8700 I ReactNativeJS:      email: '918608374935@a1taxi.app' } }
10-19 14:18:58.153  8059  8700 I ReactNativeJS: ⚠️ Driver has current ride - not loading pending ride requests
10-19 14:18:58.153  8059  8700 I ReactNativeJS: === RIDES SCREEN STATE DEBUG ===
10-19 14:18:58.153  8059  8700 I ReactNativeJS: 🔄 Component state updated:
10-19 14:18:58.153  8059  8700 I ReactNativeJS: '  - Current ride:', { id: '8fb34677-14fc-4479-b3c5-d42763361ec5',
10-19 14:18:58.153  8059  8700 I ReactNativeJS:   status: 'in_progress',
10-19 14:18:58.153  8059  8700 I ReactNativeJS:   pickup: 'PRXJ+F32, Brindavan Nagar, Anand Nagar, Hosur, Tamil Nadu 635109, India',
10-19 14:18:58.153  8059  8700 I ReactNativeJS:   destination: 'Bagalur, Tamil Nadu, India' }
10-19 14:18:58.154  8059  8700 I ReactNativeJS: '  - Pending rides count:', 0
10-19 14:18:58.154  8059  8700 I ReactNativeJS: '  - Driver status:', 'online'
10-19 14:18:58.154  8059  8700 I ReactNativeJS: '  - Loading:', true
10-19 14:18:58.154  8059  8700 I ReactNativeJS: '  - Error:', null
10-19 14:18:58.154  8059  8700 I ReactNativeJS: '  - Show modal:', false
10-19 14:18:58.154  8059  8700 I ReactNativeJS: '  - Timestamp:', '2025-10-19T08:48:58.154Z'
10-19 14:18:58.154  8059  8700 I ReactNativeJS: ✅ CURRENT RIDE EXISTS - should be visible in UI
10-19 14:18:58.154  8059  8700 I ReactNativeJS: === RIDE REQUEST MODAL LOGIC DEBUG ===
10-19 14:18:58.154  8059  8700 I ReactNativeJS: 🔄 Checking if should show ride request modal:
10-19 14:18:58.154  8059  8700 I ReactNativeJS: '  - Pending rides:', 0
10-19 14:18:58.154  8059  8700 I ReactNativeJS: '  - Modal already showing:', false
10-19 14:18:58.154  8059  8700 I ReactNativeJS: '  - Driver status:', 'online'
10-19 14:18:58.154  8059  8700 I ReactNativeJS: '  - Has current ride:', true
10-19 14:18:58.154  8059  8700 I ReactNativeJS: ❌ NOT SHOWING MODAL - reasons:
10-19 14:18:58.154  8059  8700 I ReactNativeJS: '🚗 Analysis:', { pendingRidesCount: 0,
10-19 14:18:58.154  8059  8700 I ReactNativeJS:   modalAlreadyShowing: false,
10-19 14:18:58.154  8059  8700 I ReactNativeJS:   driverStatus: 'online',
10-19 14:18:58.154  8059  8700 I ReactNativeJS:   hasCurrentRide: true }
10-19 14:18:58.162  8059  8700 I ReactNativeJS: === RIDES SCREEN STATE DEBUG ===
10-19 14:18:58.162  8059  8700 I ReactNativeJS: 🔄 Component state updated:
10-19 14:18:58.162  8059  8700 I ReactNativeJS: '  - Current ride:', { id: '8fb34677-14fc-4479-b3c5-d42763361ec5',
10-19 14:18:58.162  8059  8700 I ReactNativeJS:   status: 'in_progress',
10-19 14:18:58.162  8059  8700 I ReactNativeJS:   pickup: 'PRXJ+F32, Brindavan Nagar, Anand Nagar, Hosur, Tamil Nadu 635109, India',
10-19 14:18:58.162  8059  8700 I ReactNativeJS:   destination: 'Bagalur, Tamil Nadu, India' }
10-19 14:18:58.162  8059  8700 I ReactNativeJS: '  - Pending rides count:', 0
10-19 14:18:58.162  8059  8700 I ReactNativeJS: '  - Driver status:', 'online'
10-19 14:18:58.162  8059  8700 I ReactNativeJS: '  - Loading:', true
10-19 14:18:58.162  8059  8700 I ReactNativeJS: '  - Error:', null
10-19 14:18:58.162  8059  8700 I ReactNativeJS: '  - Show modal:', false
10-19 14:18:58.162  8059  8700 I ReactNativeJS: '  - Timestamp:', '2025-10-19T08:48:58.162Z'
10-19 14:18:58.163  8059  8700 I ReactNativeJS: ✅ CURRENT RIDE EXISTS - should be visible in UI
10-19 14:18:58.163  8059  8700 I ReactNativeJS: === RIDE REQUEST MODAL LOGIC DEBUG ===
10-19 14:18:58.163  8059  8700 I ReactNativeJS: 🔄 Checking if should show ride request modal:
10-19 14:18:58.163  8059  8700 I ReactNativeJS: '  - Pending rides:', 0
10-19 14:18:58.163  8059  8700 I ReactNativeJS: '  - Modal already showing:', false
10-19 14:18:58.163  8059  8700 I ReactNativeJS: '  - Driver status:', 'online'
10-19 14:18:58.163  8059  8700 I ReactNativeJS: '  - Has current ride:', true
10-19 14:18:58.163  8059  8700 I ReactNativeJS: ❌ NOT SHOWING MODAL - reasons:
10-19 14:18:58.163  8059  8700 I ReactNativeJS: '🚗 Analysis:', { pendingRidesCount: 0,
10-19 14:18:58.163  8059  8700 I ReactNativeJS:   modalAlreadyShowing: false,
10-19 14:18:58.163  8059  8700 I ReactNativeJS:   driverStatus: 'online',
10-19 14:18:58.163  8059  8700 I ReactNativeJS:   hasCurrentRide: true }
10-19 14:18:58.170  8059  8700 I ReactNativeJS: === RIDES SCREEN STATE DEBUG ===
10-19 14:18:58.170  8059  8700 I ReactNativeJS: 🔄 Component state updated:
10-19 14:18:58.170  8059  8700 I ReactNativeJS: '  - Current ride:', { id: '8fb34677-14fc-4479-b3c5-d42763361ec5',
10-19 14:18:58.170  8059  8700 I ReactNativeJS:   status: 'in_progress',
10-19 14:18:58.170  8059  8700 I ReactNativeJS:   pickup: 'PRXJ+F32, Brindavan Nagar, Anand Nagar, Hosur, Tamil Nadu 635109, India',
10-19 14:18:58.170  8059  8700 I ReactNativeJS:   destination: 'Bagalur, Tamil Nadu, India' }
10-19 14:18:58.171  8059  8700 I ReactNativeJS: '  - Pending rides count:', 0
10-19 14:18:58.171  8059  8700 I ReactNativeJS: '  - Driver status:', 'online'
10-19 14:18:58.171  8059  8700 I ReactNativeJS: '  - Loading:', false
10-19 14:18:58.171  8059  8700 I ReactNativeJS: '  - Error:', null
10-19 14:18:58.171  8059  8700 I ReactNativeJS: '  - Show modal:', false
10-19 14:18:58.171  8059  8700 I ReactNativeJS: '  - Timestamp:', '2025-10-19T08:48:58.171Z'
10-19 14:18:58.171  8059  8700 I ReactNativeJS: ✅ CURRENT RIDE EXISTS - should be visible in UI
10-19 14:18:59.856  8059  8059 I ScrollIdentify: on fling
10-19 14:18:59.871  8059  8700 I ReactNativeJS: 🔄 Auto-refreshing rides (2-second interval)...
10-19 14:18:59.871  8059  8700 I ReactNativeJS: === LOADING RIDES ===
10-19 14:18:59.871  8059  8700 I ReactNativeJS: 'Driver ID:', 'eb91d7e5-e2f2-4021-a8c8-3739a3d4cae4'
10-19 14:18:59.871  8059  8700 I ReactNativeJS: 'Driver User ID:', '1c4ac410-54d8-4b5e-960b-3afcbebd115d'
10-19 14:18:59.881  8059  8700 I ReactNativeJS: 🔍 Loading current ride...
10-19 14:18:59.883  8059  8700 I ReactNativeJS: === RIDES SCREEN STATE DEBUG ===
10-19 14:18:59.883  8059  8700 I ReactNativeJS: 🔄 Component state updated:
10-19 14:18:59.883  8059  8700 I ReactNativeJS: '  - Current ride:', { id: '8fb34677-14fc-4479-b3c5-d42763361ec5',
10-19 14:18:59.883  8059  8700 I ReactNativeJS:   status: 'in_progress',
10-19 14:18:59.883  8059  8700 I ReactNativeJS:   pickup: 'PRXJ+F32, Brindavan Nagar, Anand Nagar, Hosur, Tamil Nadu 635109, India',
10-19 14:18:59.883  8059  8700 I ReactNativeJS:   destination: 'Bagalur, Tamil Nadu, India' }
10-19 14:18:59.883  8059  8700 I ReactNativeJS: '  - Pending rides count:', 0
10-19 14:18:59.883  8059  8700 I ReactNativeJS: '  - Driver status:', 'online'
10-19 14:18:59.883  8059  8700 I ReactNativeJS: '  - Loading:', true
10-19 14:18:59.883  8059  8700 I ReactNativeJS: '  - Error:', null
10-19 14:18:59.883  8059  8700 I ReactNativeJS: '  - Show modal:', false
10-19 14:18:59.883  8059  8700 I ReactNativeJS: '  - Timestamp:', '2025-10-19T08:48:59.883Z'
10-19 14:18:59.883  8059  8700 I ReactNativeJS: ✅ CURRENT RIDE EXISTS - should be visible in UI
10-19 14:19:00.131  8059  8700 I ReactNativeJS: '✅ Current ride loaded:', { id: '8fb34677-14fc-4479-b3c5-d42763361ec5',
10-19 14:19:00.131  8059  8700 I ReactNativeJS:   status: 'in_progress',
10-19 14:19:00.131  8059  8700 I ReactNativeJS:   pickup: 'PRXJ+F32, Brindavan Nagar, Anand Nagar, Hosur, Tamil Nadu 635109, India',
10-19 14:19:00.131  8059  8700 I ReactNativeJS:   destination: 'Bagalur, Tamil Nadu, India',
10-19 14:19:00.131  8059  8700 I ReactNativeJS:   customer: 
10-19 14:19:00.131  8059  8700 I ReactNativeJS:    { id: 'e95a4f14-8958-49e9-8ede-d81b82a7ba12',
10-19 14:19:00.131  8059  8700 I ReactNativeJS:      full_name: 'Ricco',
10-19 14:19:00.131  8059  8700 I ReactNativeJS:      phone_number: null,
10-19 14:19:00.131  8059  8700 I ReactNativeJS:      email: '918608374935@a1taxi.app' } }
10-19 14:19:00.131  8059  8700 I ReactNativeJS: ⚠️ Driver has current ride - not loading pending ride requests
10-19 14:19:00.131  8059  8700 I ReactNativeJS: === RIDES SCREEN STATE DEBUG ===
10-19 14:19:00.131  8059  8700 I ReactNativeJS: 🔄 Component state updated:
10-19 14:19:00.131  8059  8700 I ReactNativeJS: '  - Current ride:', { id: '8fb34677-14fc-4479-b3c5-d42763361ec5',
10-19 14:19:00.131  8059  8700 I ReactNativeJS:   status: 'in_progress',
10-19 14:19:00.131  8059  8700 I ReactNativeJS:   pickup: 'PRXJ+F32, Brindavan Nagar, Anand Nagar, Hosur, Tamil Nadu 635109, India',
10-19 14:19:00.131  8059  8700 I ReactNativeJS:   destination: 'Bagalur, Tamil Nadu, India' }
10-19 14:19:00.131  8059  8700 I ReactNativeJS: '  - Pending rides count:', 0
10-19 14:19:00.131  8059  8700 I ReactNativeJS: '  - Driver status:', 'online'
10-19 14:19:00.131  8059  8700 I ReactNativeJS: '  - Loading:', true
10-19 14:19:00.131  8059  8700 I ReactNativeJS: '  - Error:', null
10-19 14:19:00.131  8059  8700 I ReactNativeJS: '  - Show modal:', false
10-19 14:19:00.131  8059  8700 I ReactNativeJS: '  - Timestamp:', '2025-10-19T08:49:00.131Z'
10-19 14:19:00.131  8059  8700 I ReactNativeJS: ✅ CURRENT RIDE EXISTS - should be visible in UI
10-19 14:19:00.131  8059  8700 I ReactNativeJS: === RIDE REQUEST MODAL LOGIC DEBUG ===
10-19 14:19:00.131  8059  8700 I ReactNativeJS: 🔄 Checking if should show ride request modal:
10-19 14:19:00.131  8059  8700 I ReactNativeJS: '  - Pending rides:', 0
10-19 14:19:00.131  8059  8700 I ReactNativeJS: '  - Modal already showing:', false
10-19 14:19:00.131  8059  8700 I ReactNativeJS: '  - Driver status:', 'online'
10-19 14:19:00.131  8059  8700 I ReactNativeJS: '  - Has current ride:', true
10-19 14:19:00.131  8059  8700 I ReactNativeJS: ❌ NOT SHOWING MODAL - reasons:
10-19 14:19:00.131  8059  8700 I ReactNativeJS: '🚗 Analysis:', { pendingRidesCount: 0,
10-19 14:19:00.131  8059  8700 I ReactNativeJS:   modalAlreadyShowing: false,
10-19 14:19:00.131  8059  8700 I ReactNativeJS:   driverStatus: 'online',
10-19 14:19:00.131  8059  8700 I ReactNativeJS:   hasCurrentRide: true }
10-19 14:19:00.139  8059  8700 I ReactNativeJS: === RIDES SCREEN STATE DEBUG ===
10-19 14:19:00.140  8059  8700 I ReactNativeJS: 🔄 Component state updated:
10-19 14:19:00.140  8059  8700 I ReactNativeJS: '  - Current ride:', { id: '8fb34677-14fc-4479-b3c5-d42763361ec5',
10-19 14:19:00.140  8059  8700 I ReactNativeJS:   status: 'in_progress',
10-19 14:19:00.140  8059  8700 I ReactNativeJS:   pickup: 'PRXJ+F32, Brindavan Nagar, Anand Nagar, Hosur, Tamil Nadu 635109, India',
10-19 14:19:00.140  8059  8700 I ReactNativeJS:   destination: 'Bagalur, Tamil Nadu, India' }
10-19 14:19:00.140  8059  8700 I ReactNativeJS: '  - Pending rides count:', 0
10-19 14:19:00.140  8059  8700 I ReactNativeJS: '  - Driver status:', 'online'
10-19 14:19:00.140  8059  8700 I ReactNativeJS: '  - Loading:', true
10-19 14:19:00.140  8059  8700 I ReactNativeJS: '  - Error:', null
10-19 14:19:00.140  8059  8700 I ReactNativeJS: '  - Show modal:', false
10-19 14:19:00.140  8059  8700 I ReactNativeJS: '  - Timestamp:', '2025-10-19T08:49:00.140Z'
10-19 14:19:00.140  8059  8700 I ReactNativeJS: ✅ CURRENT RIDE EXISTS - should be visible in UI
10-19 14:19:00.140  8059  8700 I ReactNativeJS: === RIDE REQUEST MODAL LOGIC DEBUG ===
10-19 14:19:00.140  8059  8700 I ReactNativeJS: 🔄 Checking if should show ride request modal:
10-19 14:19:00.140  8059  8700 I ReactNativeJS: '  - Pending rides:', 0
10-19 14:19:00.140  8059  8700 I ReactNativeJS: '  - Modal already showing:', false
10-19 14:19:00.140  8059  8700 I ReactNativeJS: '  - Driver status:', 'online'
10-19 14:19:00.140  8059  8700 I ReactNativeJS: '  - Has current ride:', true
10-19 14:19:00.140  8059  8700 I ReactNativeJS: ❌ NOT SHOWING MODAL - reasons:
10-19 14:19:00.140  8059  8700 I ReactNativeJS: '🚗 Analysis:', { pendingRidesCount: 0,
10-19 14:19:00.140  8059  8700 I ReactNativeJS:   modalAlreadyShowing: false,
10-19 14:19:00.140  8059  8700 I ReactNativeJS:   driverStatus: 'online',
10-19 14:19:00.140  8059  8700 I ReactNativeJS:   hasCurrentRide: true }
10-19 14:19:00.149  8059  8700 I ReactNativeJS: === RIDES SCREEN STATE DEBUG ===
10-19 14:19:00.149  8059  8700 I ReactNativeJS: 🔄 Component state updated:
10-19 14:19:00.149  8059  8700 I ReactNativeJS: '  - Current ride:', { id: '8fb34677-14fc-4479-b3c5-d42763361ec5',
10-19 14:19:00.149  8059  8700 I ReactNativeJS:   status: 'in_progress',
10-19 14:19:00.149  8059  8700 I ReactNativeJS:   pickup: 'PRXJ+F32, Brindavan Nagar, Anand Nagar, Hosur, Tamil Nadu 635109, India',
10-19 14:19:00.149  8059  8700 I ReactNativeJS:   destination: 'Bagalur, Tamil Nadu, India' }
10-19 14:19:00.149  8059  8700 I ReactNativeJS: '  - Pending rides count:', 0
10-19 14:19:00.149  8059  8700 I ReactNativeJS: '  - Driver status:', 'online'
10-19 14:19:00.149  8059  8700 I ReactNativeJS: '  - Loading:', false
10-19 14:19:00.149  8059  8700 I ReactNativeJS: '  - Error:', null
10-19 14:19:00.149  8059  8700 I ReactNativeJS: '  - Show modal:', false
10-19 14:19:00.149  8059  8700 I ReactNativeJS: '  - Timestamp:', '2025-10-19T08:49:00.149Z'
10-19 14:19:00.149  8059  8700 I ReactNativeJS: ✅ CURRENT RIDE EXISTS - should be visible in UI
10-19 14:19:00.792  8059  8059 I ScrollIdentify: on fling
10-19 14:19:01.872  8059  8700 I ReactNativeJS: 🔄 Auto-refreshing rides (2-second interval)...
10-19 14:19:01.872  8059  8700 I ReactNativeJS: === LOADING RIDES ===
10-19 14:19:01.872  8059  8700 I ReactNativeJS: 'Driver ID:', 'eb91d7e5-e2f2-4021-a8c8-3739a3d4cae4'
10-19 14:19:01.873  8059  8700 I ReactNativeJS: 'Driver User ID:', '1c4ac410-54d8-4b5e-960b-3afcbebd115d'
10-19 14:19:01.881  8059  8700 I ReactNativeJS: 🔍 Loading current ride...
10-19 14:19:01.883  8059  8700 I ReactNativeJS: === RIDES SCREEN STATE DEBUG ===
10-19 14:19:01.883  8059  8700 I ReactNativeJS: 🔄 Component state updated:
10-19 14:19:01.883  8059  8700 I ReactNativeJS: '  - Current ride:', { id: '8fb34677-14fc-4479-b3c5-d42763361ec5',
10-19 14:19:01.883  8059  8700 I ReactNativeJS:   status: 'in_progress',
10-19 14:19:01.883  8059  8700 I ReactNativeJS:   pickup: 'PRXJ+F32, Brindavan Nagar, Anand Nagar, Hosur, Tamil Nadu 635109, India',
10-19 14:19:01.883  8059  8700 I ReactNativeJS:   destination: 'Bagalur, Tamil Nadu, India' }
10-19 14:19:01.883  8059  8700 I ReactNativeJS: '  - Pending rides count:', 0
10-19 14:19:01.883  8059  8700 I ReactNativeJS: '  - Driver status:', 'online'
10-19 14:19:01.883  8059  8700 I ReactNativeJS: '  - Loading:', true
10-19 14:19:01.883  8059  8700 I ReactNativeJS: '  - Error:', null
10-19 14:19:01.883  8059  8700 I ReactNativeJS: '  - Show modal:', false
10-19 14:19:01.883  8059  8700 I ReactNativeJS: '  - Timestamp:', '2025-10-19T08:49:01.883Z'
10-19 14:19:01.883  8059  8700 I ReactNativeJS: ✅ CURRENT RIDE EXISTS - should be visible in UI
10-19 14:19:02.144  8059  8700 I ReactNativeJS: '✅ Current ride loaded:', { id: '8fb34677-14fc-4479-b3c5-d42763361ec5',
10-19 14:19:02.144  8059  8700 I ReactNativeJS:   status: 'in_progress',
10-19 14:19:02.144  8059  8700 I ReactNativeJS:   pickup: 'PRXJ+F32, Brindavan Nagar, Anand Nagar, Hosur, Tamil Nadu 635109, India',
10-19 14:19:02.144  8059  8700 I ReactNativeJS:   destination: 'Bagalur, Tamil Nadu, India',
10-19 14:19:02.144  8059  8700 I ReactNativeJS:   customer: 
10-19 14:19:02.144  8059  8700 I ReactNativeJS:    { id: 'e95a4f14-8958-49e9-8ede-d81b82a7ba12',
10-19 14:19:02.144  8059  8700 I ReactNativeJS:      full_name: 'Ricco',
10-19 14:19:02.144  8059  8700 I ReactNativeJS:      phone_number: null,
10-19 14:19:02.144  8059  8700 I ReactNativeJS:      email: '918608374935@a1taxi.app' } }
10-19 14:19:02.144  8059  8700 I ReactNativeJS: ⚠️ Driver has current ride - not loading pending ride requests
10-19 14:19:02.144  8059  8700 I ReactNativeJS: === RIDES SCREEN STATE DEBUG ===
10-19 14:19:02.144  8059  8700 I ReactNativeJS: 🔄 Component state updated:
10-19 14:19:02.144  8059  8700 I ReactNativeJS: '  - Current ride:', { id: '8fb34677-14fc-4479-b3c5-d42763361ec5',
10-19 14:19:02.144  8059  8700 I ReactNativeJS:   status: 'in_progress',
10-19 14:19:02.144  8059  8700 I ReactNativeJS:   pickup: 'PRXJ+F32, Brindavan Nagar, Anand Nagar, Hosur, Tamil Nadu 635109, India',
10-19 14:19:02.144  8059  8700 I ReactNativeJS:   destination: 'Bagalur, Tamil Nadu, India' }
10-19 14:19:02.144  8059  8700 I ReactNativeJS: '  - Pending rides count:', 0
10-19 14:19:02.144  8059  8700 I ReactNativeJS: '  - Driver status:', 'online'
10-19 14:19:02.144  8059  8700 I ReactNativeJS: '  - Loading:', true
10-19 14:19:02.144  8059  8700 I ReactNativeJS: '  - Error:', null
10-19 14:19:02.144  8059  8700 I ReactNativeJS: '  - Show modal:', false
10-19 14:19:02.144  8059  8700 I ReactNativeJS: '  - Timestamp:', '2025-10-19T08:49:02.144Z'
10-19 14:19:02.144  8059  8700 I ReactNativeJS: ✅ CURRENT RIDE EXISTS - should be visible in UI
10-19 14:19:02.144  8059  8700 I ReactNativeJS: === RIDE REQUEST MODAL LOGIC DEBUG ===
10-19 14:19:02.144  8059  8700 I ReactNativeJS: 🔄 Checking if should show ride request modal:
10-19 14:19:02.144  8059  8700 I ReactNativeJS: '  - Pending rides:', 0
10-19 14:19:02.144  8059  8700 I ReactNativeJS: '  - Modal already showing:', false
10-19 14:19:02.144  8059  8700 I ReactNativeJS: '  - Driver status:', 'online'
10-19 14:19:02.144  8059  8700 I ReactNativeJS: '  - Has current ride:', true
10-19 14:19:02.144  8059  8700 I ReactNativeJS: ❌ NOT SHOWING MODAL - reasons:
10-19 14:19:02.145  8059  8700 I ReactNativeJS: '🚗 Analysis:', { pendingRidesCount: 0,
10-19 14:19:02.145  8059  8700 I ReactNativeJS:   modalAlreadyShowing: false,
10-19 14:19:02.145  8059  8700 I ReactNativeJS:   driverStatus: 'online',
10-19 14:19:02.145  8059  8700 I ReactNativeJS:   hasCurrentRide: true }
10-19 14:19:02.153  8059  8700 I ReactNativeJS: === RIDES SCREEN STATE DEBUG ===
10-19 14:19:02.153  8059  8700 I ReactNativeJS: 🔄 Component state updated:
10-19 14:19:02.153  8059  8700 I ReactNativeJS: '  - Current ride:', { id: '8fb34677-14fc-4479-b3c5-d42763361ec5',
10-19 14:19:02.153  8059  8700 I ReactNativeJS:   status: 'in_progress',
10-19 14:19:02.153  8059  8700 I ReactNativeJS:   pickup: 'PRXJ+F32, Brindavan Nagar, Anand Nagar, Hosur, Tamil Nadu 635109, India',
10-19 14:19:02.153  8059  8700 I ReactNativeJS:   destination: 'Bagalur, Tamil Nadu, India' }
10-19 14:19:02.153  8059  8700 I ReactNativeJS: '  - Pending rides count:', 0
10-19 14:19:02.153  8059  8700 I ReactNativeJS: '  - Driver status:', 'online'
10-19 14:19:02.153  8059  8700 I ReactNativeJS: '  - Loading:', true
10-19 14:19:02.153  8059  8700 I ReactNativeJS: '  - Error:', null
10-19 14:19:02.153  8059  8700 I ReactNativeJS: '  - Show modal:', false
10-19 14:19:02.153  8059  8700 I ReactNativeJS: '  - Timestamp:', '2025-10-19T08:49:02.153Z'
10-19 14:19:02.153  8059  8700 I ReactNativeJS: ✅ CURRENT RIDE EXISTS - should be visible in UI
10-19 14:19:02.153  8059  8700 I ReactNativeJS: === RIDE REQUEST MODAL LOGIC DEBUG ===
10-19 14:19:02.153  8059  8700 I ReactNativeJS: 🔄 Checking if should show ride request modal:
10-19 14:19:02.153  8059  8700 I ReactNativeJS: '  - Pending rides:', 0
10-19 14:19:02.153  8059  8700 I ReactNativeJS: '  - Modal already showing:', false
10-19 14:19:02.153  8059  8700 I ReactNativeJS: '  - Driver status:', 'online'
10-19 14:19:02.153  8059  8700 I ReactNativeJS: '  - Has current ride:', true
10-19 14:19:02.153  8059  8700 I ReactNativeJS: ❌ NOT SHOWING MODAL - reasons:
10-19 14:19:02.153  8059  8700 I ReactNativeJS: '🚗 Analysis:', { pendingRidesCount: 0,
10-19 14:19:02.153  8059  8700 I ReactNativeJS:   modalAlreadyShowing: false,
10-19 14:19:02.153  8059  8700 I ReactNativeJS:   driverStatus: 'online',
10-19 14:19:02.153  8059  8700 I ReactNativeJS:   hasCurrentRide: true }
10-19 14:19:02.161  8059  8700 I ReactNativeJS: === RIDES SCREEN STATE DEBUG ===
10-19 14:19:02.161  8059  8700 I ReactNativeJS: 🔄 Component state updated:
10-19 14:19:02.161  8059  8700 I ReactNativeJS: '  - Current ride:', { id: '8fb34677-14fc-4479-b3c5-d42763361ec5',
10-19 14:19:02.161  8059  8700 I ReactNativeJS:   status: 'in_progress',
10-19 14:19:02.161  8059  8700 I ReactNativeJS:   pickup: 'PRXJ+F32, Brindavan Nagar, Anand Nagar, Hosur, Tamil Nadu 635109, India',
10-19 14:19:02.161  8059  8700 I ReactNativeJS:   destination: 'Bagalur, Tamil Nadu, India' }
10-19 14:19:02.161  8059  8700 I ReactNativeJS: '  - Pending rides count:', 0
10-19 14:19:02.161  8059  8700 I ReactNativeJS: '  - Driver status:', 'online'
10-19 14:19:02.161  8059  8700 I ReactNativeJS: '  - Loading:', false
10-19 14:19:02.161  8059  8700 I ReactNativeJS: '  - Error:', null
10-19 14:19:02.161  8059  8700 I ReactNativeJS: '  - Show modal:', false
10-19 14:19:02.161  8059  8700 I ReactNativeJS: '  - Timestamp:', '2025-10-19T08:49:02.161Z'
10-19 14:19:02.161  8059  8700 I ReactNativeJS: ✅ CURRENT RIDE EXISTS - should be visible in UI
10-19 14:19:02.846  8059  8059 I ScrollIdentify: on fling
10-19 14:19:03.873  8059  8700 I ReactNativeJS: 🔄 Auto-refreshing rides (2-second interval)...
10-19 14:19:03.873  8059  8700 I ReactNativeJS: === LOADING RIDES ===
10-19 14:19:03.873  8059  8700 I ReactNativeJS: 'Driver ID:', 'eb91d7e5-e2f2-4021-a8c8-3739a3d4cae4'
10-19 14:19:03.873  8059  8700 I ReactNativeJS: 'Driver User ID:', '1c4ac410-54d8-4b5e-960b-3afcbebd115d'
10-19 14:19:03.882  8059  8700 I ReactNativeJS: 🔍 Loading current ride...
10-19 14:19:03.883  8059  8700 I ReactNativeJS: === RIDES SCREEN STATE DEBUG ===
10-19 14:19:03.883  8059  8700 I ReactNativeJS: 🔄 Component state updated:
10-19 14:19:03.884  8059  8700 I ReactNativeJS: '  - Current ride:', { id: '8fb34677-14fc-4479-b3c5-d42763361ec5',
10-19 14:19:03.884  8059  8700 I ReactNativeJS:   status: 'in_progress',
10-19 14:19:03.884  8059  8700 I ReactNativeJS:   pickup: 'PRXJ+F32, Brindavan Nagar, Anand Nagar, Hosur, Tamil Nadu 635109, India',
10-19 14:19:03.884  8059  8700 I ReactNativeJS:   destination: 'Bagalur, Tamil Nadu, India' }
10-19 14:19:03.884  8059  8700 I ReactNativeJS: '  - Pending rides count:', 0
10-19 14:19:03.884  8059  8700 I ReactNativeJS: '  - Driver status:', 'online'
10-19 14:19:03.884  8059  8700 I ReactNativeJS: '  - Loading:', true
10-19 14:19:03.884  8059  8700 I ReactNativeJS: '  - Error:', null
10-19 14:19:03.884  8059  8700 I ReactNativeJS: '  - Show modal:', false
10-19 14:19:03.884  8059  8700 I ReactNativeJS: '  - Timestamp:', '2025-10-19T08:49:03.884Z'
10-19 14:19:03.884  8059  8700 I ReactNativeJS: ✅ CURRENT RIDE EXISTS - should be visible in UI
10-19 14:19:04.134  8059  8700 I ReactNativeJS: '✅ Current ride loaded:', { id: '8fb34677-14fc-4479-b3c5-d42763361ec5',
10-19 14:19:04.134  8059  8700 I ReactNativeJS:   status: 'in_progress',
10-19 14:19:04.134  8059  8700 I ReactNativeJS:   pickup: 'PRXJ+F32, Brindavan Nagar, Anand Nagar, Hosur, Tamil Nadu 635109, India',
10-19 14:19:04.134  8059  8700 I ReactNativeJS:   destination: 'Bagalur, Tamil Nadu, India',
10-19 14:19:04.134  8059  8700 I ReactNativeJS:   customer: 
10-19 14:19:04.134  8059  8700 I ReactNativeJS:    { id: 'e95a4f14-8958-49e9-8ede-d81b82a7ba12',
10-19 14:19:04.134  8059  8700 I ReactNativeJS:      full_name: 'Ricco',
10-19 14:19:04.134  8059  8700 I ReactNativeJS:      phone_number: null,
10-19 14:19:04.134  8059  8700 I ReactNativeJS:      email: '918608374935@a1taxi.app' } }
10-19 14:19:04.134  8059  8700 I ReactNativeJS: ⚠️ Driver has current ride - not loading pending ride requests
10-19 14:19:04.134  8059  8700 I ReactNativeJS: === RIDES SCREEN STATE DEBUG ===
10-19 14:19:04.134  8059  8700 I ReactNativeJS: 🔄 Component state updated:
10-19 14:19:04.134  8059  8700 I ReactNativeJS: '  - Current ride:', { id: '8fb34677-14fc-4479-b3c5-d42763361ec5',
10-19 14:19:04.134  8059  8700 I ReactNativeJS:   status: 'in_progress',
10-19 14:19:04.134  8059  8700 I ReactNativeJS:   pickup: 'PRXJ+F32, Brindavan Nagar, Anand Nagar, Hosur, Tamil Nadu 635109, India',
10-19 14:19:04.134  8059  8700 I ReactNativeJS:   destination: 'Bagalur, Tamil Nadu, India' }
10-19 14:19:04.134  8059  8700 I ReactNativeJS: '  - Pending rides count:', 0
10-19 14:19:04.134  8059  8700 I ReactNativeJS: '  - Driver status:', 'online'
10-19 14:19:04.134  8059  8700 I ReactNativeJS: '  - Loading:', true
10-19 14:19:04.135  8059  8700 I ReactNativeJS: '  - Error:', null
10-19 14:19:04.135  8059  8700 I ReactNativeJS: '  - Show modal:', false
10-19 14:19:04.135  8059  8700 I ReactNativeJS: '  - Timestamp:', '2025-10-19T08:49:04.135Z'
10-19 14:19:04.135  8059  8700 I ReactNativeJS: ✅ CURRENT RIDE EXISTS - should be visible in UI
10-19 14:19:04.135  8059  8700 I ReactNativeJS: === RIDE REQUEST MODAL LOGIC DEBUG ===
10-19 14:19:04.135  8059  8700 I ReactNativeJS: 🔄 Checking if should show ride request modal:
10-19 14:19:04.135  8059  8700 I ReactNativeJS: '  - Pending rides:', 0
10-19 14:19:04.135  8059  8700 I ReactNativeJS: '  - Modal already showing:', false
10-19 14:19:04.135  8059  8700 I ReactNativeJS: '  - Driver status:', 'online'
10-19 14:19:04.135  8059  8700 I ReactNativeJS: '  - Has current ride:', true
10-19 14:19:04.135  8059  8700 I ReactNativeJS: ❌ NOT SHOWING MODAL - reasons:
10-19 14:19:04.135  8059  8700 I ReactNativeJS: '🚗 Analysis:', { pendingRidesCount: 0,
10-19 14:19:04.135  8059  8700 I ReactNativeJS:   modalAlreadyShowing: false,
10-19 14:19:04.135  8059  8700 I ReactNativeJS:   driverStatus: 'online',
10-19 14:19:04.135  8059  8700 I ReactNativeJS:   hasCurrentRide: true }
10-19 14:19:04.143  8059  8700 I ReactNativeJS: === RIDES SCREEN STATE DEBUG ===
10-19 14:19:04.144  8059  8700 I ReactNativeJS: 🔄 Component state updated:
10-19 14:19:04.144  8059  8700 I ReactNativeJS: '  - Current ride:', { id: '8fb34677-14fc-4479-b3c5-d42763361ec5',
10-19 14:19:04.144  8059  8700 I ReactNativeJS:   status: 'in_progress',
10-19 14:19:04.144  8059  8700 I ReactNativeJS:   pickup: 'PRXJ+F32, Brindavan Nagar, Anand Nagar, Hosur, Tamil Nadu 635109, India',
10-19 14:19:04.144  8059  8700 I ReactNativeJS:   destination: 'Bagalur, Tamil Nadu, India' }
10-19 14:19:04.144  8059  8700 I ReactNativeJS: '  - Pending rides count:', 0
10-19 14:19:04.144  8059  8700 I ReactNativeJS: '  - Driver status:', 'online'
10-19 14:19:04.144  8059  8700 I ReactNativeJS: '  - Loading:', true
10-19 14:19:04.144  8059  8700 I ReactNativeJS: '  - Error:', null
10-19 14:19:04.144  8059  8700 I ReactNativeJS: '  - Show modal:', false
10-19 14:19:04.144  8059  8700 I ReactNativeJS: '  - Timestamp:', '2025-10-19T08:49:04.144Z'
10-19 14:19:04.144  8059  8700 I ReactNativeJS: ✅ CURRENT RIDE EXISTS - should be visible in UI
10-19 14:19:04.144  8059  8700 I ReactNativeJS: === RIDE REQUEST MODAL LOGIC DEBUG ===
10-19 14:19:04.144  8059  8700 I ReactNativeJS: 🔄 Checking if should show ride request modal:
10-19 14:19:04.144  8059  8700 I ReactNativeJS: '  - Pending rides:', 0
10-19 14:19:04.144  8059  8700 I ReactNativeJS: '  - Modal already showing:', false
10-19 14:19:04.144  8059  8700 I ReactNativeJS: '  - Driver status:', 'online'
10-19 14:19:04.144  8059  8700 I ReactNativeJS: '  - Has current ride:', true
10-19 14:19:04.144  8059  8700 I ReactNativeJS: ❌ NOT SHOWING MODAL - reasons:
10-19 14:19:04.144  8059  8700 I ReactNativeJS: '🚗 Analysis:', { pendingRidesCount: 0,
10-19 14:19:04.144  8059  8700 I ReactNativeJS:   modalAlreadyShowing: false,
10-19 14:19:04.144  8059  8700 I ReactNativeJS:   driverStatus: 'online',
10-19 14:19:04.144  8059  8700 I ReactNativeJS:   hasCurrentRide: true }
10-19 14:19:04.152  8059  8700 I ReactNativeJS: === RIDES SCREEN STATE DEBUG ===
10-19 14:19:04.152  8059  8700 I ReactNativeJS: 🔄 Component state updated:
10-19 14:19:04.152  8059  8700 I ReactNativeJS: '  - Current ride:', { id: '8fb34677-14fc-4479-b3c5-d42763361ec5',
10-19 14:19:04.152  8059  8700 I ReactNativeJS:   status: 'in_progress',
10-19 14:19:04.152  8059  8700 I ReactNativeJS:   pickup: 'PRXJ+F32, Brindavan Nagar, Anand Nagar, Hosur, Tamil Nadu 635109, India',
10-19 14:19:04.152  8059  8700 I ReactNativeJS:   destination: 'Bagalur, Tamil Nadu, India' }
10-19 14:19:04.152  8059  8700 I ReactNativeJS: '  - Pending rides count:', 0
10-19 14:19:04.152  8059  8700 I ReactNativeJS: '  - Driver status:', 'online'
10-19 14:19:04.152  8059  8700 I ReactNativeJS: '  - Loading:', false
10-19 14:19:04.152  8059  8700 I ReactNativeJS: '  - Error:', null
10-19 14:19:04.152  8059  8700 I ReactNativeJS: '  - Show modal:', false
10-19 14:19:04.152  8059  8700 I ReactNativeJS: '  - Timestamp:', '2025-10-19T08:49:04.152Z'
10-19 14:19:04.152  8059  8700 I ReactNativeJS: ✅ CURRENT RIDE EXISTS - should be visible in UI
10-19 14:19:04.186  8059  8059 I ScrollIdentify: on fling
10-19 14:19:05.143  8059  8700 I ReactNativeJS: === MANUAL CHANGE ===
10-19 14:19:05.144  8059  8700 I ReactNativeJS: '🔄 Updating driver status from:', 'online', 'to:', 'offline'
10-19 14:19:05.145  8059  8700 I ReactNativeJS: '📊 Change type:', 'MANUAL CHANGE'
10-19 14:19:05.145  8059  8700 I ReactNativeJS: 📊 Database will be updated with new status
10-19 14:19:05.145  8059  8700 I ReactNativeJS: '📊 Timestamp:', '2025-10-19T08:49:05.145Z'
10-19 14:19:05.145  8059  8700 I ReactNativeJS: 📊 This change is PERMANENT and will persist across app sessions
10-19 14:19:05.146  8059  8700 I ReactNativeJS: '📊 Status will remain', 'offline', 'until explicitly changed again by user or ride lifecycle'
10-19 14:19:05.146  8059  8700 I ReactNativeJS: 📊 WRITING TO DATABASE - This is the authoritative source of truth
10-19 14:19:05.834  8059  8700 I ReactNativeJS: ✅ Database updated successfully
10-19 14:19:05.835  8059  8700 I ReactNativeJS: '✅ Updated driver data:', null
10-19 14:19:05.835  8059  8700 I ReactNativeJS: '✅ Status is now PERMANENTLY set to:', 'offline'
10-19 14:19:05.835  8059  8700 I ReactNativeJS: ✅ No automatic processes will change this status
10-19 14:19:05.835  8059  8700 I ReactNativeJS: '✅ Driver status changed from', 'online', 'to', 'offline'
10-19 14:19:05.835  8059  8700 I ReactNativeJS: ✅ This change will persist across app sessions
10-19 14:19:05.836  8059  8700 I ReactNativeJS: '✅ Status will remain', 'offline', 'indefinitely until next manual change'
10-19 14:19:05.836  8059  8700 I ReactNativeJS: '✅ Status will remain', 'offline', 'until manually changed again'
10-19 14:19:05.866  8059  8700 I ReactNativeJS: ✅ Local state updated - UI will reflect new status
10-19 14:19:05.867  8059  8700 I ReactNativeJS: 🛑 Cleaning up auto-refresh interval
10-19 14:19:05.867  8059  8700 I ReactNativeJS: ✅ Notification sound service cleaned up
10-19 14:19:05.867  8059  8700 I ReactNativeJS: === RIDES SCREEN STATE DEBUG ===
10-19 14:19:05.867  8059  8700 I ReactNativeJS: 🔄 Component state updated:
10-19 14:19:05.867  8059  8700 I ReactNativeJS: '  - Current ride:', { id: '8fb34677-14fc-4479-b3c5-d42763361ec5',
10-19 14:19:05.867  8059  8700 I ReactNativeJS:   status: 'in_progress',
10-19 14:19:05.867  8059  8700 I ReactNativeJS:   pickup: 'PRXJ+F32, Brindavan Nagar, Anand Nagar, Hosur, Tamil Nadu 635109, India',
10-19 14:19:05.867  8059  8700 I ReactNativeJS:   destination: 'Bagalur, Tamil Nadu, India' }
10-19 14:19:05.867  8059  8700 I ReactNativeJS: '  - Pending rides count:', 0
10-19 14:19:05.867  8059  8700 I ReactNativeJS: '  - Driver status:', 'offline'
10-19 14:19:05.867  8059  8700 I ReactNativeJS: '  - Loading:', false
10-19 14:19:05.867  8059  8700 I ReactNativeJS: '  - Error:', null
10-19 14:19:05.867  8059  8700 I ReactNativeJS: '  - Show modal:', false
10-19 14:19:05.867  8059  8700 I ReactNativeJS: '  - Timestamp:', '2025-10-19T08:49:05.867Z'
10-19 14:19:05.867  8059  8700 I ReactNativeJS: ✅ CURRENT RIDE EXISTS - should be visible in UI
10-19 14:19:05.867  8059  8700 I ReactNativeJS: === RIDE REQUEST MODAL LOGIC DEBUG ===
10-19 14:19:05.867  8059  8700 I ReactNativeJS: 🔄 Checking if should show ride request modal:
10-19 14:19:05.867  8059  8700 I ReactNativeJS: '  - Pending rides:', 0
10-19 14:19:05.867  8059  8700 I ReactNativeJS: '  - Modal already showing:', false
10-19 14:19:05.868  8059  8700 I ReactNativeJS: '  - Driver status:', 'offline'
10-19 14:19:05.868  8059  8700 I ReactNativeJS: '  - Has current ride:', true
10-19 14:19:05.868  8059  8700 I ReactNativeJS: ❌ NOT SHOWING MODAL - reasons:
10-19 14:19:05.868  8059  8700 I ReactNativeJS: '🚗 Analysis:', { pendingRidesCount: 0,
10-19 14:19:05.868  8059  8700 I ReactNativeJS:   modalAlreadyShowing: false,
10-19 14:19:05.868  8059  8700 I ReactNativeJS:   driverStatus: 'offline',
10-19 14:19:05.868  8059  8700 I ReactNativeJS:   hasCurrentRide: true }
10-19 14:19:05.868  8059  8700 I ReactNativeJS: === NAVIGATION CHECK ===
10-19 14:19:05.868  8059  8700 I ReactNativeJS: 'In auth group:', false
10-19 14:19:05.868  8059  8700 I ReactNativeJS: 'Has session:', false
10-19 14:19:05.868  8059  8700 I ReactNativeJS: 'Has driver:', true
10-19 14:19:05.868  8059  8700 I ReactNativeJS: 'Current segments:', [ '(tabs)', 'rides' ]
10-19 14:19:05.868  8059  8700 I ReactNativeJS: 'Loading state:', false
10-19 14:19:05.868  8059  8700 I ReactNativeJS: 'Is authenticated:', { id: 'eb91d7e5-e2f2-4021-a8c8-3739a3d4cae4',
10-19 14:19:05.868  8059  8700 I ReactNativeJS:   user_id: '1c4ac410-54d8-4b5e-960b-3afcbebd115d',
10-19 14:19:05.868  8059  8700 I ReactNativeJS:   license_number: 'TY58971234',
10-19 14:19:05.868  8059  8700 I ReactNativeJS:   license_expiry: '2025-10-04',
10-19 14:19:05.868  8059  8700 I ReactNativeJS:   status: 'offline',
10-19 14:19:05.868  8059  8700 I ReactNativeJS:   rating: 5,
10-19 14:19:05.868  8059  8700 I ReactNativeJS:   total_rides: 40,
10-19 14:19:05.868  8059  8700 I ReactNativeJS:   is_verified: true,
10-19 14:19:05.868  8059  8700 I ReactNativeJS:   vehicle_id: 'e7591bc7-c083-49f6-b30d-cc0d6964f3a1',
10-19 14:19:05.868  8059  8700 I ReactNativeJS:   vendor_id: null,
10-19 14:19:05.868  8059  8700 I ReactNativeJS:   phone_number: '9598972325',
10-19 14:19:05.868  8059  8700 I ReactNativeJS:   name: 'john',
10-19 14:19:05.868  8059  8700 I ReactNativeJS:   created_at: '2025-09-16T17:06:10.397003+00:00',
10-19 14:19:05.868  8059  8700 I ReactNativeJS:   updated_at: '2025-10-18T15:15:50.284134+00:00',
10-19 14:19:05.868  8059  8700 I ReactNativeJS:   vehicles: 
10-19 14:19:05.868  8059  8700 I ReactNativeJS:    { id: 'e7591bc7-c083-49f6-b30d-cc0d6964f3a1',
10-19 14:19:05.868  8059  8700 I ReactNativeJS:      registration_number: 'KA51MN1111',
10-19 14:19:05.868  8059  8700 I ReactNativeJS:      make: 'Maruti',
10-19 14:19:05.868  8059  8700 I ReactNativeJS:      model: 'Ciaz',
10-19 14:19:05.868  8059  8700 I ReactNativeJS:      year: 2022,
10-19 14:19:05.868  8059  8700 I ReactNativeJS:      color: 'Silver',
10-19 14:19:05.868  8059  8700 I ReactNativeJS:      vehicle_type: 'sedan',
10-19 14:19:05.868  8059  8700 I ReactNativeJS:      capacity: 4 },
10-19 14:19:05.868  8059  8700 I ReactNativeJS:   user: 
10-19 14:19:05.868  8059  8700 I ReactNativeJS:    { id: '1c4ac410-54d8-4b5e-960b-3afcbebd115d',
10-19 14:19:05.868  8059  8700 I ReactNativeJS:      email: 'john@gmail.com',
10-19 14:19:05.868  8059  8700 I ReactNativeJS:      role: 'driver',
10-19 14:19:05.868  8059  8700 I ReactNativeJS:      full_name: 'john',
10-19 14:19:05.868  8059  8700 I ReactNativeJS:      phone_number: '9598972325',
10-19 14:19:05.868  8059  8700 I ReactNativeJS:      avatar_url: null,
10-19 14:19:05.868  8059  8700 I ReactNativeJS:      is_active: true,
10-19 14:19:05.868  8059  8700 I ReactNativeJS:      created_at: '2025-09-16T17:06:09.397142+00:00',
10-19 14:19:05.868  8059  8700 I ReactNativeJS:      updated_at: '2025-09-16T17:06:09.397142+00:00' },
10-19 14:19:05.868  8059  8700 I ReactNativeJS:   vehicle: 
10-19 14:19:05.868  8059  8700 I ReactNativeJS:    { id: 'e7591bc7-c083-49f6-b30d-cc0d6964f3a1',
10-19 14:19:05.868  8059  8700 I ReactNativeJS:      registration_number: 'KA51MN1111',
10-19 14:19:05.868  8059  8700 I ReactNativeJS:      make: 'Maruti',
10-19 14:19:05.868  8059  8700 I ReactNativeJS:      model: 'Ciaz',
10-19 14:19:05.868  8059  8700 I ReactNativeJS:      year: 2022,
10-19 14:19:05.868  8059  8700 I ReactNativeJS:      color: 'Silver',
10-19 14:19:05.868  8059  8700 I ReactNativeJS:      vehicle_type: 'sedan',
10-19 14:19:05.868  8059  8700 I ReactNativeJS:      capacity: 4 } }
10-19 14:19:05.868  8059  8700 I ReactNativeJS: No navigation needed - staying in current route
10-19 14:19:05.868  8059  8700 I ReactNativeJS: === RIDE CONTEXT INITIALIZED ===
10-19 14:19:05.869  8059  8700 I ReactNativeJS: 'Driver:', 'john'
10-19 14:19:05.869  8059  8700 I ReactNativeJS: 'Driver ID:', 'eb91d7e5-e2f2-4021-a8c8-3739a3d4cae4'
10-19 14:19:05.869  8059  8700 I ReactNativeJS: 'Driver Status:', 'offline'
10-19 14:19:05.869  8059  8700 I ReactNativeJS: === LOADING RIDES ===
10-19 14:19:05.869  8059  8700 I ReactNativeJS: 'Driver ID:', 'eb91d7e5-e2f2-4021-a8c8-3739a3d4cae4'
10-19 14:19:05.869  8059  8700 I ReactNativeJS: 'Driver User ID:', '1c4ac410-54d8-4b5e-960b-3afcbebd115d'
10-19 14:19:05.869  8059  8700 I ReactNativeJS: 🔍 Loading current ride...
10-19 14:19:05.869  8059  8700 I ReactNativeJS: === SETTING UP REAL-TIME SUBSCRIPTIONS ===
10-19 14:19:05.869  8059  8700 I ReactNativeJS: 'Driver User ID:', '1c4ac410-54d8-4b5e-960b-3afcbebd115d'
10-19 14:19:05.869  8059  8700 I ReactNativeJS: 'Driver ID:', 'eb91d7e5-e2f2-4021-a8c8-3739a3d4cae4'
10-19 14:19:05.869  8059  8700 I ReactNativeJS: ✅ Real-time subscriptions established
10-19 14:19:05.869  8059  8700 I ReactNativeJS: === DRIVER STATUS CHANGE DETECTED ===
10-19 14:19:05.869  8059  8700 I ReactNativeJS: 'Driver:', 'john'
10-19 14:19:05.869  8059  8700 I ReactNativeJS: 'Driver Status:', 'offline'
10-19 14:19:05.869  8059  8700 I ReactNativeJS: 'Driver User ID:', '1c4ac410-54d8-4b5e-960b-3afcbebd115d'
10-19 14:19:05.870  8059  8700 I ReactNativeJS: 'Driver Verified:', true
10-19 14:19:05.870  8059  8700 I ReactNativeJS: ⚠️ Driver is offline, stopping location tracking
10-19 14:19:05.870  8059  8700 I ReactNativeJS: === STOPPING LOCATION TRACKING ===
10-19 14:19:05.870  8059  8700 I ReactNativeJS: ✅ Location tracking stopped
10-19 14:19:05.870  8059  8700 I ReactNativeJS: === STOPPING BACKGROUND LOCATION TRACKING ===
10-19 14:19:05.870  8059  8700 I ReactNativeJS: === STOPPING BACKGROUND LOCATION TRACKING ===
10-19 14:19:05.880  8059  8700 I ReactNativeJS: === RIDES SCREEN STATE DEBUG ===
10-19 14:19:05.880  8059  8700 I ReactNativeJS: 🔄 Component state updated:
10-19 14:19:05.880  8059  8700 I ReactNativeJS: '  - Current ride:', { id: '8fb34677-14fc-4479-b3c5-d42763361ec5',
10-19 14:19:05.880  8059  8700 I ReactNativeJS:   status: 'in_progress',
10-19 14:19:05.880  8059  8700 I ReactNativeJS:   pickup: 'PRXJ+F32, Brindavan Nagar, Anand Nagar, Hosur, Tamil Nadu 635109, India',
10-19 14:19:05.880  8059  8700 I ReactNativeJS:   destination: 'Bagalur, Tamil Nadu, India' }
10-19 14:19:05.880  8059  8700 I ReactNativeJS: '  - Pending rides count:', 0
10-19 14:19:05.880  8059  8700 I ReactNativeJS: '  - Driver status:', 'offline'
10-19 14:19:05.880  8059  8700 I ReactNativeJS: '  - Loading:', true
10-19 14:19:05.880  8059  8700 I ReactNativeJS: '  - Error:', null
10-19 14:19:05.880  8059  8700 I ReactNativeJS: '  - Show modal:', false
10-19 14:19:05.880  8059  8700 I ReactNativeJS: '  - Timestamp:', '2025-10-19T08:49:05.880Z'
10-19 14:19:05.880  8059  8700 I ReactNativeJS: ✅ CURRENT RIDE EXISTS - should be visible in UI
10-19 14:19:05.880  8059  8700 I ReactNativeJS: === DRIVER STATUS CHANGE DETECTED ===
10-19 14:19:05.880  8059  8700 I ReactNativeJS: 'Driver:', 'john'
10-19 14:19:05.880  8059  8700 I ReactNativeJS: 'Driver Status:', 'offline'
10-19 14:19:05.880  8059  8700 I ReactNativeJS: 'Driver User ID:', '1c4ac410-54d8-4b5e-960b-3afcbebd115d'
10-19 14:19:05.880  8059  8700 I ReactNativeJS: 'Driver Verified:', true
10-19 14:19:05.881  8059  8687 I TaskService: Unregistering task 'background-location-task' for app with scoping identifier 'com.a1taxi.driverpro'.
10-19 14:19:05.888  8059  8700 I ReactNativeJS: ✅ Background location tracking stopped
10-19 14:19:05.891  8059  8687 I TaskService: Unregistering task 'background-fetch-task' for app with scoping identifier 'com.a1taxi.driverpro'.
10-19 14:19:05.891  8059  8687 I BackgroundFetchTaskConsumer: Stopping an alarm for task 'background-fetch-task'.
10-19 14:19:05.892  8059  8700 I ReactNativeJS: ✅ Stored session updated with new status
10-19 14:19:05.892  8059  8700 I ReactNativeJS: ✅ Status will persist even after app restart
10-19 14:19:05.895  8059  8700 I ReactNativeJS: ✅ Background fetch stopped
10-19 14:19:05.895  8059  8700 I ReactNativeJS: ✅ All background location services stopped
10-19 14:19:05.918  8059  8700 I ReactNativeJS: ✅ Background location tracking stopped
10-19 14:19:05.918  8059  8700 I ReactNativeJS: === DRIVER STATUS CHANGE DETECTED ===
10-19 14:19:05.918  8059  8700 I ReactNativeJS: 'Driver:', 'john'
10-19 14:19:05.918  8059  8700 I ReactNativeJS: 'Driver Status:', 'offline'
10-19 14:19:05.918  8059  8700 I ReactNativeJS: 'Driver User ID:', '1c4ac410-54d8-4b5e-960b-3afcbebd115d'
10-19 14:19:05.918  8059  8700 I ReactNativeJS: 'Driver Verified:', true
10-19 14:19:06.142  8059  8700 I ReactNativeJS: '✅ Current ride loaded:', { id: '8fb34677-14fc-4479-b3c5-d42763361ec5',
10-19 14:19:06.142  8059  8700 I ReactNativeJS:   status: 'in_progress',
10-19 14:19:06.142  8059  8700 I ReactNativeJS:   pickup: 'PRXJ+F32, Brindavan Nagar, Anand Nagar, Hosur, Tamil Nadu 635109, India',
10-19 14:19:06.142  8059  8700 I ReactNativeJS:   destination: 'Bagalur, Tamil Nadu, India',
10-19 14:19:06.142  8059  8700 I ReactNativeJS:   customer: 
10-19 14:19:06.142  8059  8700 I ReactNativeJS:    { id: 'e95a4f14-8958-49e9-8ede-d81b82a7ba12',
10-19 14:19:06.142  8059  8700 I ReactNativeJS:      full_name: 'Ricco',
10-19 14:19:06.142  8059  8700 I ReactNativeJS:      phone_number: null,
10-19 14:19:06.142  8059  8700 I ReactNativeJS:      email: '918608374935@a1taxi.app' } }
10-19 14:19:06.142  8059  8700 I ReactNativeJS: ⚠️ Driver has current ride - not loading pending ride requests
10-19 14:19:06.142  8059  8700 I ReactNativeJS: === RIDES SCREEN STATE DEBUG ===
10-19 14:19:06.142  8059  8700 I ReactNativeJS: 🔄 Component state updated:
10-19 14:19:06.142  8059  8700 I ReactNativeJS: '  - Current ride:', { id: '8fb34677-14fc-4479-b3c5-d42763361ec5',
10-19 14:19:06.142  8059  8700 I ReactNativeJS:   status: 'in_progress',
10-19 14:19:06.142  8059  8700 I ReactNativeJS:   pickup: 'PRXJ+F32, Brindavan Nagar, Anand Nagar, Hosur, Tamil Nadu 635109, India',
10-19 14:19:06.142  8059  8700 I ReactNativeJS:   destination: 'Bagalur, Tamil Nadu, India' }
10-19 14:19:06.142  8059  8700 I ReactNativeJS: '  - Pending rides count:', 0
10-19 14:19:06.142  8059  8700 I ReactNativeJS: '  - Driver status:', 'offline'
10-19 14:19:06.142  8059  8700 I ReactNativeJS: '  - Loading:', true
10-19 14:19:06.143  8059  8700 I ReactNativeJS: '  - Error:', null
10-19 14:19:06.143  8059  8700 I ReactNativeJS: '  - Show modal:', false
10-19 14:19:06.143  8059  8700 I ReactNativeJS: '  - Timestamp:', '2025-10-19T08:49:06.143Z'
10-19 14:19:06.143  8059  8700 I ReactNativeJS: ✅ CURRENT RIDE EXISTS - should be visible in UI
10-19 14:19:06.143  8059  8700 I ReactNativeJS: === RIDE REQUEST MODAL LOGIC DEBUG ===
10-19 14:19:06.143  8059  8700 I ReactNativeJS: 🔄 Checking if should show ride request modal:
10-19 14:19:06.143  8059  8700 I ReactNativeJS: '  - Pending rides:', 0
10-19 14:19:06.143  8059  8700 I ReactNativeJS: '  - Modal already showing:', false
10-19 14:19:06.143  8059  8700 I ReactNativeJS: '  - Driver status:', 'offline'
10-19 14:19:06.143  8059  8700 I ReactNativeJS: '  - Has current ride:', true
10-19 14:19:06.143  8059  8700 I ReactNativeJS: ❌ NOT SHOWING MODAL - reasons:
10-19 14:19:06.143  8059  8700 I ReactNativeJS: '🚗 Analysis:', { pendingRidesCount: 0,
10-19 14:19:06.143  8059  8700 I ReactNativeJS:   modalAlreadyShowing: false,
10-19 14:19:06.143  8059  8700 I ReactNativeJS:   driverStatus: 'offline',
10-19 14:19:06.143  8059  8700 I ReactNativeJS:   hasCurrentRide: true }
10-19 14:19:06.152  8059  8700 I ReactNativeJS: === RIDES SCREEN STATE DEBUG ===
10-19 14:19:06.152  8059  8700 I ReactNativeJS: 🔄 Component state updated:
10-19 14:19:06.152  8059  8700 I ReactNativeJS: '  - Current ride:', { id: '8fb34677-14fc-4479-b3c5-d42763361ec5',
10-19 14:19:06.152  8059  8700 I ReactNativeJS:   status: 'in_progress',
10-19 14:19:06.152  8059  8700 I ReactNativeJS:   pickup: 'PRXJ+F32, Brindavan Nagar, Anand Nagar, Hosur, Tamil Nadu 635109, India',
10-19 14:19:06.152  8059  8700 I ReactNativeJS:   destination: 'Bagalur, Tamil Nadu, India' }
10-19 14:19:06.152  8059  8700 I ReactNativeJS: '  - Pending rides count:', 0
10-19 14:19:06.152  8059  8700 I ReactNativeJS: '  - Driver status:', 'offline'
10-19 14:19:06.152  8059  8700 I ReactNativeJS: '  - Loading:', true
10-19 14:19:06.152  8059  8700 I ReactNativeJS: '  - Error:', null
10-19 14:19:06.152  8059  8700 I ReactNativeJS: '  - Show modal:', false
10-19 14:19:06.152  8059  8700 I ReactNativeJS: '  - Timestamp:', '2025-10-19T08:49:06.152Z'
10-19 14:19:06.152  8059  8700 I ReactNativeJS: ✅ CURRENT RIDE EXISTS - should be visible in UI
10-19 14:19:06.152  8059  8700 I ReactNativeJS: === RIDE REQUEST MODAL LOGIC DEBUG ===
10-19 14:19:06.152  8059  8700 I ReactNativeJS: 🔄 Checking if should show ride request modal:
10-19 14:19:06.152  8059  8700 I ReactNativeJS: '  - Pending rides:', 0
10-19 14:19:06.152  8059  8700 I ReactNativeJS: '  - Modal already showing:', false
10-19 14:19:06.152  8059  8700 I ReactNativeJS: '  - Driver status:', 'offline'
10-19 14:19:06.152  8059  8700 I ReactNativeJS: '  - Has current ride:', true
