--------- beginning of main
10-18 02:18:10.570 26036 26104 W Settings: Setting airplane_mode_on has moved from android.provider.Settings.System to android.provider.Settings.Global, returning read-only value.
10-18 02:18:10.580 26036 11078 W SystemServiceRegistry: No service published for: wifirtt
10-18 02:18:10.971 26036 26036 I NearbyDiscovery: (REDACTED) FastPairDisplayObserver: %s -> %s
10-18 02:18:11.830 26036 26036 I NearbyDiscovery: (REDACTED) FastPairDisplayObserver: %s -> %s
10-18 02:18:11.924 26036 26036 I NearbyDiscovery: (REDACTED) FastPairDisplayObserver: %s -> %s
10-18 02:18:11.949  5589  5589 I PkDeviceHelper: PkDeviceHelper.refreshDevices():93 refreshing devices
10-18 02:18:11.953  5589  5589 I PkDeviceHelper: PkDeviceHelper.refreshDevices():93 refreshing devices
10-18 02:18:11.965 26036 23159 I NearbyDiscovery: (REDACTED) OffloadFastPairScanner: eventType=%s, isInternalReq=%s, isOffloadScanning=%s, isOffloadScanningAllowed=%s
10-18 02:18:11.967 26036 23159 I NearbyDiscovery: (REDACTED) FastPairScanner: isScreenOn=%s, isLocationEnabled=%s, disableLocationRequirement=%s, isDiscoveryScanningEnabled=%s, during24GhzWifiWarmingUpPeriod=%s
10-18 02:18:11.968 26036 23159 I NearbyDiscovery: (REDACTED) FastPairScanner: eventType=%s, intReq=%s, scanning=%s, scanAllowed=%s, bleEnabled=%s, lockScanRate=%s, startScanningByLowPowerMode=%s
10-18 02:18:11.975  5589  5589 I PkDeviceHelper: PkDeviceHelper.refreshDevices():93 refreshing devices
10-18 02:18:12.032  5589 11212 I DeviceStatusMonitor: DeviceStatusMonitor.handleBroadcast():123 onReceive() : Action = android.intent.action.SCREEN_ON
10-18 02:18:12.033  5589 11212 I DeviceStatusMonitor: DeviceStatusMonitor.updateCountryInfo():139 updateCountryInfo(), notifyAnyway = false
10-18 02:18:12.166 26036 26104 I ActivityScheduler: nextTriggerTime: 1178409447, in 147918ms, detectorType: 39, FULL_TYPE alarmWindowMillis: 30000
10-18 02:18:12.196 26036 23159 I NearbyDiscovery: (REDACTED) FastPairHandler: Received action %s
10-18 02:18:12.200 26036 23159 I NearbyDiscovery: (REDACTED) OffloadFastPairScanner: eventType=%s, isInternalReq=%s, isOffloadScanning=%s, isOffloadScanningAllowed=%s
10-18 02:18:12.204 26036 23159 I NearbyDiscovery: (REDACTED) FastPairScanner: isScreenOn=%s, isLocationEnabled=%s, disableLocationRequirement=%s, isDiscoveryScanningEnabled=%s, during24GhzWifiWarmingUpPeriod=%s
10-18 02:18:12.205 26036 23159 I NearbyDiscovery: (REDACTED) FastPairScanner: eventType=%s, intReq=%s, scanning=%s, scanAllowed=%s, bleEnabled=%s, lockScanRate=%s, startScanningByLowPowerMode=%s
10-18 02:18:12.205 26036 23159 I NearbyDiscovery: FastPairController: onSystemStateChanged: skip due to flag disabled [CONTEXT service_id=265 ]
10-18 02:18:12.226 26036 11076 W DatabaseProcessor: processLocalDevices: failed to get the network info with non-null networkId.
10-18 02:18:12.257 26036 26036 I CastMediaRouteProvider: Published 0 routes
10-18 02:18:12.281 26036 26052 I NullBinder: NullBinder for android.net.action.RECOMMEND_NETWORKS triggering remote TransactionTooLargeException due to Service without Chimera impl, calling uid: 1000, calling pid: 0
10-18 02:18:12.281 26036 26052 W .gms.persistent: Large reply transaction of 1056768 bytes, interface descriptor , code 1
10-18 02:18:12.325 26036 26052 I NullBinder: NullBinder for android.net.action.RECOMMEND_NETWORKS triggering remote TransactionTooLargeException due to Service without Chimera impl, calling uid: 1000, calling pid: 0
10-18 02:18:12.325 26036 26052 W .gms.persistent: Large reply transaction of 1056768 bytes, interface descriptor , code 1
10-18 02:18:12.330 26036 26052 I NullBinder: NullBinder for android.net.action.RECOMMEND_NETWORKS triggering remote TransactionTooLargeException due to Service without Chimera impl, calling uid: 1000, calling pid: 0
10-18 02:18:12.330 26036 26052 W .gms.persistent: Large reply transaction of 1056768 bytes, interface descriptor , code 1
10-18 02:18:12.846 26036 26052 I WifiScanner: onFullResults
10-18 02:18:12.850 26036 26519 I WifiScanner: onFullResults
10-18 02:18:12.853 26036 10933 I NearbySharing: Network state changed: NetworkState(isRestricted=false, isOnline=true, isCongested=false, isMetered=false, isWifiConnected=true)
10-18 02:18:12.854 26036 28353 I WifiScanner: onFullResults
10-18 02:18:12.870 26036 11078 I FrewleTileCacheManagerV: (REDACTED) Fetched %d AP models from cache
10-18 02:18:12.954 26036 26172 I FusedLocation: (REDACTED) location delivery to %s blocked - too close
10-18 02:18:12.955 26036 26172 I FusedLocation: (REDACTED) location delivery to %s blocked - too fast
10-18 02:18:12.957 26036 26172 I FusedLocation: (REDACTED) location delivery to %s blocked - too fast
10-18 02:18:12.960 26036 26104 I ActivityScheduler: nextTriggerTime: 1178409447, in 147123ms, detectorType: 39, FULL_TYPE alarmWindowMillis: 30000
10-18 02:18:13.095 26036 11078 I SemanticLocation: [InfMgr] No location reports after filtering [CONTEXT service_id=173 ]
10-18 02:18:13.128 16422 16422 I bnew    : onStart
10-18 02:18:13.141 16422 16422 I bkwn    : (REDACTED) [%s] onStart()
10-18 02:18:13.146 16422 16422 I bkys    : Reloading theme data
10-18 02:18:13.193 16422 16422 I bnew    : onResume
10-18 02:18:13.458  5589  5589 I GoogleInputMethodService: GoogleInputMethodService.onStartInput():1346 onStartInput(EditorInfo{EditorInfo{packageName=com.android.launcher3, inputType=0, inputTypeString=NULL, enableLearning=false, autoCorrection=false, autoComplete=false, imeOptions=0, privateImeOptions=null, actionName=UNSPECIFIED, actionLabel=null, initialSelStart=-1, initialSelEnd=-1, initialCapsMode=0, label=null, fieldId=0, fieldName=null, extras=null, hintText=null, hintLocales=[]}}, false)
10-18 02:18:13.461  5589  5589 I DeviceLockTags: DeviceLockTags.notifyDeviceLockStatusChanged():108 notifyDeviceLockStatusChanged(): deviceLocked=false, blockPersonalData=false
10-18 02:18:13.462  5589  5589 I Module  : DeviceLockedStatusModuleProvider$Module.updateDeviceLockedStatus():100 repeatCheckTimes = 1, locked = false
10-18 02:18:13.474  5751  5751 I dvdx    : (REDACTED) received broadcast: %s
10-18 02:18:13.475  5751  6241 I dvec    : (REDACTED) received broadcast: %s
10-18 02:18:13.476  5751  6241 I duzh    : (REDACTED) #onConfigUpdate. requester: %s
10-18 02:18:13.477  5589  5589 I AbstractOpenableExtension: AbstractOpenableExtension.createKeyboardGroupManagerListenableFuture():121 Create keyboard group manager listenable future in gze
10-18 02:18:13.477  5751  6241 I duzh    : #onConfigUpdate inside sequencer
10-18 02:18:13.477  5751  6241 I duxh    : (REDACTED) hotword enrollment state is enrolled:  %b, speakerId model exist: %b.
10-18 02:18:13.478  5751  6241 I duxh    : (REDACTED) Hotword enrollment state : %s.
10-18 02:18:13.478  5751  6241 I duxh    : (REDACTED) hotword enrollment state is enrolled:  %b, speakerId model exist: %b, voice match supported : %b
10-18 02:18:13.478  5751  6241 I duxh    : (REDACTED) Hotword enrollment state : %s.
10-18 02:18:13.478  5751  6241 I duxh    : (REDACTED) Hotword isNonVoiceMatchHotwordEnabled: %b, isVoiceMatchSupported: %b, isHotwordEnrolled: %b,
10-18 02:18:13.478  5751  6241 I duzh    : (REDACTED) getAllConfigAndTakeAction called because of %s
10-18 02:18:13.482  5589  5589 I EmojifyExtensionImpl: EmojifyExtensionImpl.onCreate():602 Creating Emojify extension emc@45174f4.
10-18 02:18:13.482  5751  6241 I dvho    : (REDACTED) hotword running %s
10-18 02:18:13.483  5589  5589 I AbstractOpenableExtension: AbstractOpenableExtension.createKeyboardGroupManagerListenableFuture():121 Create keyboard group manager listenable future in emx
10-18 02:18:13.490  5589  5589 I ClipboardDataHandler: ClipboardDataHandler.updateScreenshotsContentObserver():311 Disable the feature of handling screenshots in the clipboard.
10-18 02:18:13.491  5589  5589 W NotificationCenter: NotificationCenter.unregisterListener():480 Listener dsf@13a5ea was not registered for notification class mpn
--------- beginning of system
10-18 02:18:13.498  5751  6303 W KeyphraseEnrollmentInfo: No enrollment application supports the given keyphrase/locale: 'X Google'/en_US
10-18 02:18:13.498  5751  6303 W KeyphraseEnrollmentInfo: No enrollment application supports the given keyphrase/locale: 'X Google'/en_US
10-18 02:18:13.502  5751  6303 W KeyphraseEnrollmentInfo: No enrollment application supports the given keyphrase/locale: 'X Google'/ar_EG
10-18 02:18:13.508  5751  6303 W KeyphraseEnrollmentInfo: No enrollment application supports the given keyphrase/locale: 'X Google'/en_US
10-18 02:18:13.510  5589 11350 I KeyboardGroupDefParser: KeyboardGroupDefParser.parseKeyboardGroupDef():86 parseKeyboardGroupDef() 2132213996 -> 0_resource_name_obfuscated : WaitTime = 4 ms : RunTime = 20 ms
10-18 02:18:13.510  5589 11349 I KeyboardGroupDefParser: KeyboardGroupDefParser.parseKeyboardGroupDef():86 parseKeyboardGroupDef() 2132213997 -> 0_resource_name_obfuscated : WaitTime = 14 ms : RunTime = 16 ms
10-18 02:18:13.510  5751  6303 W dvbz    : (REDACTED) #getDspEnrollmentFallbackLocale cannot find a fallback locale for %s.
10-18 02:18:13.511  5751  6303 W KeyphraseEnrollmentInfo: No enrollment application supports the given keyphrase/locale: 'Ok Google'/en_US
10-18 02:18:13.511  5751  6303 W KeyphraseEnrollmentInfo: No enrollment application supports the given keyphrase/locale: 'Ok Google'/ar_EG
10-18 02:18:13.511  5751  6303 W KeyphraseEnrollmentInfo: No enrollment application supports the given keyphrase/locale: 'Ok Google'/en_US
10-18 02:18:13.511  5751  6303 W dvbz    : (REDACTED) #getDspEnrollmentFallbackLocale cannot find a fallback locale for %s.
10-18 02:18:13.511  5751  6303 I dvcf    : (REDACTED) #getDspAvailableResult locale : %s, dsp locale : %s, keyphrase : %s, DSP keyphrase : %s, isKeyphraseAndLocaleSupported : %b, canUseDownloadDspModel : %b. forceUniversalDspHotwordModel : %b
10-18 02:18:13.512  5751  6303 W KeyphraseEnrollmentInfo: No enrollment application supports the given keyphrase/locale: 'Y Google'/en_US
10-18 02:18:13.513  5751  6303 I dvcf    : (REDACTED) isDspHotwordSupportedByPlatform = %s, isDspHotwordModelAvailable = %s
10-18 02:18:13.513  5751  6303 I duzh    : (REDACTED) getAllConfigAndTakeAction dspAvailable: %b, disableDspInTest: %b
10-18 02:18:13.515  5751  6303 I duxh    : (REDACTED) hotword enrollment state is enrolled:  %b, speakerId model exist: %b.
10-18 02:18:13.517  5751  6303 I duxh    : (REDACTED) Hotword enrollment state : %s.
10-18 02:18:13.518  5751  6303 I duzh    : Registering for USER_PRESENT intent ...
10-18 02:18:13.518  5751  6303 I duxh    : (REDACTED) Hotword enrollment state : %s.
10-18 02:18:13.523 26036  9539 I NearbySharing: Screen is unlocked
10-18 02:18:13.524  5751  6256 I duxh    : (REDACTED) hotword enrollment state is enrolled:  %b, speakerId model exist: %b.
10-18 02:18:13.524  5751  6256 I duxh    : (REDACTED) Hotword enrollment state : %s.
10-18 02:18:13.524  5751  6256 I duxh    : (REDACTED) hotword enrollment state is enrolled:  %b, speakerId model exist: %b, voice match supported : %b
10-18 02:18:13.524  5751  6256 I duxh    : (REDACTED) Hotword enrollment state : %s.
10-18 02:18:13.524  5751  6256 I duxh    : (REDACTED) Hotword isNonVoiceMatchHotwordEnabled: %b, isVoiceMatchSupported: %b, isHotwordEnrolled: %b,
10-18 02:18:13.524  5751  6256 I dvai    : (REDACTED) Operational mode passed in HotwordConfig is %s
10-18 02:18:13.524  5751  6256 I duxh    : (REDACTED) Hotword enrollment state : %s.
10-18 02:18:13.524  5751  6256 I dvaa    : (REDACTED) DefaultPersonalDecisionMaker#getNextAction. Voice match enabled: %b. incomplete enrollment state: %b, screen on: %b, screen locked: %b dsp available: %b
10-18 02:18:13.524 26036  9539 I NearbySharing: Uwb feature is off.
10-18 02:18:13.524  5751  6256 I dvaa    : (REDACTED) Enrollment incomplete getNext action for hotword detection, screenOn: %b, locked:%b
10-18 02:18:13.524 26036  9539 I NearbySharing: Uwb feature is off.
10-18 02:18:13.524 26036  9539 I NearbySharing: Stopping scanning because Bluetooth is disabled.
10-18 02:18:13.525  5751  6256 I dvak    : (REDACTED) SharedDecisionMaker#getNextAction for requester %s, mode %s 
10-18 02:18:13.525  5751  6256 I dvak    : #SharedDecisionMaker. NextAction.START
10-18 02:18:13.526 26036 23159 I NearbyDiscovery: (REDACTED) FastPairHandler: Received action %s
10-18 02:18:13.528  5751  6256 I duxx    : Speaker-id model never provided.
10-18 02:18:13.528  5751  6256 I duxx    : Reconfig not needed.
10-18 02:18:13.528  5751  6256 I duzh    : (REDACTED) currentReconfigCheckerResult %s
10-18 02:18:13.528  5751  6256 I dvfw    : (REDACTED) #setSpeakerIdRequired: %s
10-18 02:18:13.528  5751  6256 I duzh    : (REDACTED) Get the next action %s for requester %s.
10-18 02:18:13.528  5751  6256 I duzh    : getDspTriggerNotificationRequirement
10-18 02:18:13.528  5751  6256 I duzh    : (REDACTED) dspTriggerNotificationRequirement: %s
10-18 02:18:13.528 26036 23159 I NearbyDiscovery: FastPairController: onSystemStateChanged: skip due to flag disabled [CONTEXT service_id=265 ]
10-18 02:18:13.529  5751  6256 I dvht    : Trusted hotword enabled for flag
10-18 02:18:13.529  5751  6256 I duxu    : Starting trusted software hotword detection
10-18 02:18:13.529  5751  6256 I dvho    : #startHotwordRecognition
10-18 02:18:13.529 26036  9539 I NearbySharing: Stopping Fast Init advertisement because Bluetooth is off.
10-18 02:18:13.529 26036  9539 I NearbySharing: Stopping advertising because Bluetooth is disabled.
10-18 02:18:13.531  5751  6256 I duzh    : #handleStartHotwordDetectionResult
10-18 02:18:13.531  5589  5589 W NotificationCenter: NotificationCenter$NotificationQueue.notifyPendingNotificationsOnExecutor():877 Heavy notify work detected on UI thread: [mpn->mou] takes 45ms
10-18 02:18:13.531  5589  5589 I ExtensionManager: ExtensionManager.updateExtensionWrappersMap():230 The same notification is already processed
10-18 02:18:13.533  5589 11352 I KeyboardGroupDefParser: KeyboardGroupDefParser.parseKeyboardGroupDef():86 parseKeyboardGroupDef() 2132213989 -> 0_resource_name_obfuscated : WaitTime = 1 ms : RunTime = 1 ms
10-18 02:18:13.535  5589  5589 I ExtensionManager: ExtensionManager.updateExtensionWrappersMap():230 The same notification is already processed
10-18 02:18:13.535  5589  5589 I HardKeyTracker: HardKeyTracker.unregisterKeySequence():221 Unregister key sequence nfz{labelResId=2132020499, callback=cgp@ac049e8, lastModifier=2, keyCodes=[37], actions=[0]}
10-18 02:18:13.535  5589  5589 I HardKeyTracker: HardKeyTracker.registerKeySequence():170 Register key sequence nfz{labelResId=2132020499, callback=cgp@396d053, lastModifier=2, keyCodes=[37], actions=[0]}
10-18 02:18:13.535  5589  5589 I HardKeyTracker: HardKeyTracker.unregisterKeySequence():221 Unregister key sequence nfz{labelResId=2132020499, callback=cgp@52d733d, lastModifier=2, keyCodes=[37], actions=[0]}
10-18 02:18:13.535  5589  5589 I HardKeyTracker: HardKeyTracker.registerKeySequence():170 Register key sequence nfz{labelResId=2132020499, callback=cgp@86492bc, lastModifier=2, keyCodes=[37], actions=[0]}
10-18 02:18:13.535  5589  5589 I HardKeyTracker: HardKeyTracker.unregisterKeySequence():221 Unregister key sequence nfz{labelResId=2132020496, callback=cgp@a45347e, lastModifier=2, keyCodes=[50], actions=[0]}
10-18 02:18:13.535  5589  5589 I HardKeyTracker: HardKeyTracker.registerKeySequence():170 Register key sequence nfz{labelResId=2132020496, callback=cgp@3226dc1, lastModifier=2, keyCodes=[50], actions=[0]}
10-18 02:18:13.535  5589  5589 I HardKeyTracker: HardKeyTracker.unregisterKeySequence():221 Unregister key sequence nfz{labelResId=2132020496, callback=cgp@42988fb, lastModifier=2, keyCodes=[50], actions=[0]}
10-18 02:18:13.536  5589  5589 I HardKeyTracker: HardKeyTracker.registerKeySequence():170 Register key sequence nfz{labelResId=2132020496, callback=cgp@d1e05f2, lastModifier=2, keyCodes=[50], actions=[0]}
10-18 02:18:13.536  5589  5589 I HardKeyTracker: HardKeyTracker.unregisterKeySequence():221 Unregister key sequence nfz{labelResId=2132020500, callback=cgp@4c6a5ad, lastModifier=65536, keyCodes=[76], actions=[0]}
10-18 02:18:13.536  5589  5589 I HardKeyTracker: HardKeyTracker.registerKeySequence():170 Register key sequence nfz{labelResId=2132020500, callback=cgp@2b0119f, lastModifier=65536, keyCodes=[76], actions=[0]}
10-18 02:18:13.536  5589  5589 W NotificationCenter: NotificationCenter$NotificationQueue.notifyPendingNotificationsOnExecutor():877 Heavy notify work detected on UI thread: [lva->lhd, lva->jvn, lva->jua, lva->jua, lva->jua, lva->jua, lva->jua, lva->nwr, lva->kzp, lva->jua, lva->fvc, lva->jua, lva->jua, lva->lud, lva->nii, lva->jua, lva->ltu, lva->hml, lva->jua, lva->gvk, lva->jua, lva->jua, lva->jua, lva->fxi, nho->mtr, nho->mtr, nho->mtr, nho->mtr, nho->mtr, nho->mtr, nho->mtr, nho->mtr, nho->mtr, nho->mtr, nho->mtr, nho->mtr, nho->mtr, nho->mtr, nho->mtr, nho->mtr, nho->mtr, nho->mtr, nho->mtr, nho->mtr, nho->mtr, nho->mtr, nho->mtr, nhn->mtr, mpy->mpx, jtv->jtu, jtv->jtu, jtv->jtu, mpy->mpx, mpy->mpx, mpy->mpx, mpy->mpx, jtv->jtu, mpy->mpx, mpy->mpx, jtv->jtu, jtv->jtu, jtv->jtu, jtv->jtu, jtv->jtu, jtv->jtu, mpy->mpx] takes 76ms
10-18 02:18:13.567  8424 28800 W ProxyAndroidLoggerBackend: Too many Flogger logs received before configuration. Dropping old logs.
10-18 02:18:13.568  8424 28800 W ProxyAndroidLoggerBackend: Too many Flogger logs received before configuration. Dropping old logs.
10-18 02:18:13.569  8424 28800 W ProxyAndroidLoggerBackend: Too many Flogger logs received before configuration. Dropping old logs.
10-18 02:18:13.571  8424 28800 W ProxyAndroidLoggerBackend: Too many Flogger logs received before configuration. Dropping old logs.
10-18 02:18:13.571  8424 28800 W ProxyAndroidLoggerBackend: Too many Flogger logs received before configuration. Dropping old logs.
10-18 02:18:13.573  8424 28800 E VivoAudioPolicyProxyNative: VivoAudioPolicyProxy getInstanceInter: binding to vivoaudiopolicy service failed, service up?
10-18 02:18:13.573  8424 28800 I AudioRecord: set final client name com.google.android.googlequicksearchbox(0)
10-18 02:18:13.574 26036  9539 I NearbySharing: Starting scanning for Fast Initiation.
10-18 02:18:13.577  8424 28800 E word_detector_0: RecordingActivityTracker(): binding to audio service failed, service up?
10-18 02:18:13.578  8424 28800 I AudioRecord: set(): getPolicyInputSourceForVoip mAttributes inputsource=1999, input source= 1999,flags:0
10-18 02:18:13.620 26106 11357 I PersonalSafety: ConnectivityProtectionLockingIntentOperation: cancelled task [CONTEXT service_id=310 ]
10-18 02:18:13.626 26036 26104 I ActivityScheduler: nextTriggerTime: 1178409447, in 146458ms, detectorType: 39, FULL_TYPE alarmWindowMillis: 30000
10-18 02:18:13.631  8424  8459 W ProxyAndroidLoggerBackend: Too many Flogger logs received before configuration. Dropping old logs.
10-18 02:18:13.631  8424  8459 W ProxyAndroidLoggerBackend: Too many Flogger logs received before configuration. Dropping old logs.
10-18 02:18:13.632  8424  8459 E VivoAudioPolicyProxyNative: VivoAudioPolicyProxy getInstanceInter: binding to vivoaudiopolicy service failed, service up?
10-18 02:18:13.632  8424 28800 W ProxyAndroidLoggerBackend: Too many Flogger logs received before configuration. Dropping old logs.
10-18 02:18:13.632 26036 11308 I NearbyMediums: ModuleInitializer handles incoming intent android.intent.action.USER_PRESENT
10-18 02:18:13.635  8424 28800 I native  : I0000 00:00:1760734093.635887   28800 soda_client.cc:330] Starting capture.
10-18 02:18:13.636  8424 28800 I native  : I0000 00:00:1760734093.636055   28800 soda_async_impl.cc:645] SODA session starting (require_hotword:1, hotword_timeout_in_millis:0, trigger_type:TRIGGER_TYPE_UNSPECIFIED, hybrid_asr_config.mode:MODE_DEFAULT)
10-18 02:18:13.635 26036  9539 I NearbySharing: Failed to scan for FastInitiation. Scanning is not supported on this device.
10-18 02:18:13.639 26036 10933 I Nearby  : (REDACTED) Beginning attempt #%d out of %d for %s...
10-18 02:18:13.639 26036  9539 I NearbySharing: Dismissing HUN as there's no device nearby.
10-18 02:18:13.643 26036 10933 I NearbyMediums: BluetoothAdapter's name was not set by Nearby Connections, ignoring call to restore default scan mode.
10-18 02:18:13.644 26036 10933 I NearbyMediums: BluetoothAdapter's name was not set by Nearby Connections, ignoring call to restore device name
10-18 02:18:13.651 26036 26104 I ActivityScheduler: nextTriggerTime: 1178409447, in 146432ms, detectorType: 39, FULL_TYPE alarmWindowMillis: 30000
10-18 02:18:13.659  8424  8462 W ProxyAndroidLoggerBackend: Too many Flogger logs received before configuration. Dropping old logs.
10-18 02:18:13.660  8424  8459 W ProxyAndroidLoggerBackend: Too many Flogger logs received before configuration. Dropping old logs.
10-18 02:18:13.681 32658 32658 W fbservices-stub:InitStatus: Not blocking Service (19581773)
10-18 02:18:13.682 32658 32658 W fbservices-stub:InitStatus: Not blocking Service (19581773)
10-18 02:18:13.689 26036 26036 I RCNIntentOperation: RCN is disabled on this network.
10-18 02:18:13.746  8424  8459 W ProxyAndroidLoggerBackend: Too many Flogger logs received before configuration. Dropping old logs.
10-18 02:18:13.747  8424  8450 I native  : I0000 00:00:1760734093.747045    8450 soda_async_impl.cc:1351] SODA received first mic audio buffer, size in bytes: 320, format: 1, channels: 1, sample rate: 16000
10-18 02:18:14.147  8424  8450 I native  : I0000 00:00:1760734094.146971    8450 soda_async_impl.cc:1120] Not receiving any loopback audio in 500ms. Last audio received time: 1970-01-01T05:30:00+05:30, Current time: 2025-10-18T02:18:14.146970021+05:30
10-18 02:18:14.235 27559 27559 I Choreographer: Skipped 270 frames!  The application may be doing too much work on its main thread.
10-18 02:18:20.553 10844 10844 I 1taxi.driverpro: Using CollectorTypeCC GC.
10-18 02:18:20.558 10844 10844 E 1taxi.driverpro: Not starting debugger since process cannot load the jdwp agent.
10-18 02:18:20.561 10844 10844 D nativeloader: Load libframework-connectivity-tiramisu-jni.so using APEX ns com_android_tethering for caller /apex/com.android.tethering/javalib/framework-connectivity-t.jar: ok
10-18 02:18:20.573 10844 10844 E 1taxi.driverpro: BBinder_init Processname  <pre-initialized>  
10-18 02:18:20.573 10844 10844 E 1taxi.driverpro: BBinder_init hasGetProcessName  <pre-initialized>
10-18 02:18:20.587 10844 10844 D CompatChangeReporter: Compat change id reported: 242716250; UID 10369; state: ENABLED
10-18 02:18:20.607 10844 10844 D ApplicationLoaders: Returning zygote-cached class loader: /system/framework/org.apache.http.legacy.jar
10-18 02:18:20.615 10844 10844 D nativeloader: Configuring clns-7 for other apk /data/app/~~z3Kb1ULEEVzH9WMoPoOLMA==/com.a1taxi.driverpro-omwYU1NwuOKOoC8LYgPKog==/base.apk. target_sdk_version=34, uses_libraries=, library_path=/data/app/~~z3Kb1ULEEVzH9WMoPoOLMA==/com.a1taxi.driverpro-omwYU1NwuOKOoC8LYgPKog==/lib/arm64:/data/app/~~z3Kb1ULEEVzH9WMoPoOLMA==/com.a1taxi.driverpro-omwYU1NwuOKOoC8LYgPKog==/base.apk!/lib/arm64-v8a, permitted_path=/data:/mnt/expand:/data/user/0/com.a1taxi.driverpro
10-18 02:18:20.627 16422 16422 I bnew    : onPause
10-18 02:18:20.631 10844 10844 V GraphicsEnvironment: Currently set values for:
10-18 02:18:20.631 10844 10844 V GraphicsEnvironment:   angle_gl_driver_selection_pkgs=[com.android.angle, com.linecorp.b612.android, com.campmobile.snow, com.google.android.apps.tachyon]
10-18 02:18:20.631 10844 10844 V GraphicsEnvironment:   angle_gl_driver_selection_values=[angle, native, native, native]
10-18 02:18:20.631 10844 10844 V GraphicsEnvironment: com.a1taxi.driverpro is not listed in per-application setting
10-18 02:18:20.631 10844 10844 V GraphicsEnvironment: App is not on the allowlist for updatable production driver.
10-18 02:18:20.648 10844 10844 W FirebaseApp: Default FirebaseApp failed to initialize because no default options were found. This usually means that com.google.gms:google-services was not applied to your gradle project.
10-18 02:18:20.648 10844 10844 I FirebaseInitProvider: FirebaseApp initialization unsuccessful
10-18 02:18:20.649 10844 10844 D WM-WrkMgrInitializer: Initializing WorkManager with default configuration.
10-18 02:18:20.659 10844 10844 V SoLoader: Init SoLoader delegate
10-18 02:18:20.682 10844 10844 D AppCompatDelegate: Checking for metadata for AppLocalesMetadataHolderService : Service not found
10-18 02:18:20.723 10844 10844 V SoLoader: libhermes.so not found on /data/app/~~z3Kb1ULEEVzH9WMoPoOLMA==/com.a1taxi.driverpro-omwYU1NwuOKOoC8LYgPKog==/lib/arm64
10-18 02:18:20.728 10844 10844 V SoLoader: libjsi.so not found on /data/app/~~z3Kb1ULEEVzH9WMoPoOLMA==/com.a1taxi.driverpro-omwYU1NwuOKOoC8LYgPKog==/lib/arm64
10-18 02:18:20.731 10844 10844 V SoLoader: libfolly_runtime.so not found on /data/app/~~z3Kb1ULEEVzH9WMoPoOLMA==/com.a1taxi.driverpro-omwYU1NwuOKOoC8LYgPKog==/lib/arm64
10-18 02:18:20.733 10844 10844 V SoLoader: libglog.so not found on /data/app/~~z3Kb1ULEEVzH9WMoPoOLMA==/com.a1taxi.driverpro-omwYU1NwuOKOoC8LYgPKog==/lib/arm64
10-18 02:18:20.734 10844 10844 V SoLoader: libm.so not found on /data/app/~~z3Kb1ULEEVzH9WMoPoOLMA==/com.a1taxi.driverpro-omwYU1NwuOKOoC8LYgPKog==/lib/arm64
10-18 02:18:20.734 10844 10844 V SoLoader: libm.so not found on /data/app/~~z3Kb1ULEEVzH9WMoPoOLMA==/com.a1taxi.driverpro-omwYU1NwuOKOoC8LYgPKog==/base.apk!/lib/arm64-v8a
10-18 02:18:20.734 10844 10844 D SoLoader: libm.so found on /system/lib64
10-18 02:18:20.734 10844 10844 D SoLoader: libm.so loaded implicitly
10-18 02:18:20.734 10844 10844 V SoLoader: libc++_shared.so not found on /data/app/~~z3Kb1ULEEVzH9WMoPoOLMA==/com.a1taxi.driverpro-omwYU1NwuOKOoC8LYgPKog==/lib/arm64
10-18 02:18:20.736 10844 10844 V SoLoader: libc.so not found on /data/app/~~z3Kb1ULEEVzH9WMoPoOLMA==/com.a1taxi.driverpro-omwYU1NwuOKOoC8LYgPKog==/lib/arm64
10-18 02:18:20.736 10844 10844 V SoLoader: libc.so not found on /data/app/~~z3Kb1ULEEVzH9WMoPoOLMA==/com.a1taxi.driverpro-omwYU1NwuOKOoC8LYgPKog==/base.apk!/lib/arm64-v8a
10-18 02:18:20.736 10844 10844 D SoLoader: libc.so found on /system/lib64
10-18 02:18:20.736 10844 10844 D SoLoader: libc.so loaded implicitly
10-18 02:18:20.736 10844 10844 V SoLoader: libdl.so not found on /data/app/~~z3Kb1ULEEVzH9WMoPoOLMA==/com.a1taxi.driverpro-omwYU1NwuOKOoC8LYgPKog==/lib/arm64
10-18 02:18:20.736 10844 10844 V SoLoader: libdl.so not found on /data/app/~~z3Kb1ULEEVzH9WMoPoOLMA==/com.a1taxi.driverpro-omwYU1NwuOKOoC8LYgPKog==/base.apk!/lib/arm64-v8a
10-18 02:18:20.736 10844 10844 D SoLoader: libdl.so found on /system/lib64
10-18 02:18:20.736 10844 10844 D SoLoader: libdl.so loaded implicitly
10-18 02:18:20.743 10844 10844 D nativeloader: Load /data/app/~~z3Kb1ULEEVzH9WMoPoOLMA==/com.a1taxi.driverpro-omwYU1NwuOKOoC8LYgPKog==/base.apk!/lib/arm64-v8a/libc++_shared.so using class loader ns clns-7 (caller=/data/app/~~z3Kb1ULEEVzH9WMoPoOLMA==/com.a1taxi.driverpro-omwYU1NwuOKOoC8LYgPKog==/base.apk): ok
10-18 02:18:20.743 10844 10844 D SoLoader: libc++_shared.so found on /data/app/~~z3Kb1ULEEVzH9WMoPoOLMA==/com.a1taxi.driverpro-omwYU1NwuOKOoC8LYgPKog==/base.apk!/lib/arm64-v8a
10-18 02:18:20.746 10844 10844 D nativeloader: Load /data/app/~~z3Kb1ULEEVzH9WMoPoOLMA==/com.a1taxi.driverpro-omwYU1NwuOKOoC8LYgPKog==/base.apk!/lib/arm64-v8a/libglog.so using class loader ns clns-7 (caller=/data/app/~~z3Kb1ULEEVzH9WMoPoOLMA==/com.a1taxi.driverpro-omwYU1NwuOKOoC8LYgPKog==/base.apk): ok
10-18 02:18:20.746 10844 10844 D SoLoader: libglog.so found on /data/app/~~z3Kb1ULEEVzH9WMoPoOLMA==/com.a1taxi.driverpro-omwYU1NwuOKOoC8LYgPKog==/base.apk!/lib/arm64-v8a
10-18 02:18:20.751 10844 10844 D nativeloader: Load /data/app/~~z3Kb1ULEEVzH9WMoPoOLMA==/com.a1taxi.driverpro-omwYU1NwuOKOoC8LYgPKog==/base.apk!/lib/arm64-v8a/libfolly_runtime.so using class loader ns clns-7 (caller=/data/app/~~z3Kb1ULEEVzH9WMoPoOLMA==/com.a1taxi.driverpro-omwYU1NwuOKOoC8LYgPKog==/base.apk): ok
10-18 02:18:20.751 10844 10844 D SoLoader: libfolly_runtime.so found on /data/app/~~z3Kb1ULEEVzH9WMoPoOLMA==/com.a1taxi.driverpro-omwYU1NwuOKOoC8LYgPKog==/base.apk!/lib/arm64-v8a
10-18 02:18:20.752 10844 10844 D nativeloader: Load /data/app/~~z3Kb1ULEEVzH9WMoPoOLMA==/com.a1taxi.driverpro-omwYU1NwuOKOoC8LYgPKog==/base.apk!/lib/arm64-v8a/libjsi.so using class loader ns clns-7 (caller=/data/app/~~z3Kb1ULEEVzH9WMoPoOLMA==/com.a1taxi.driverpro-omwYU1NwuOKOoC8LYgPKog==/base.apk): ok
10-18 02:18:20.752 10844 10844 D SoLoader: libjsi.so found on /data/app/~~z3Kb1ULEEVzH9WMoPoOLMA==/com.a1taxi.driverpro-omwYU1NwuOKOoC8LYgPKog==/base.apk!/lib/arm64-v8a
10-18 02:18:20.752 10844 10844 V SoLoader: libfbjni.so not found on /data/app/~~z3Kb1ULEEVzH9WMoPoOLMA==/com.a1taxi.driverpro-omwYU1NwuOKOoC8LYgPKog==/lib/arm64
10-18 02:18:20.755 10844 10844 V SoLoader: libandroid.so not found on /data/app/~~z3Kb1ULEEVzH9WMoPoOLMA==/com.a1taxi.driverpro-omwYU1NwuOKOoC8LYgPKog==/lib/arm64
10-18 02:18:20.755 10844 10844 V SoLoader: libandroid.so not found on /data/app/~~z3Kb1ULEEVzH9WMoPoOLMA==/com.a1taxi.driverpro-omwYU1NwuOKOoC8LYgPKog==/base.apk!/lib/arm64-v8a
10-18 02:18:20.755 10844 10844 D SoLoader: libandroid.so found on /system/lib64
10-18 02:18:20.755 10844 10844 D SoLoader: libandroid.so loaded implicitly
10-18 02:18:20.755 10844 10844 V SoLoader: liblog.so not found on /data/app/~~z3Kb1ULEEVzH9WMoPoOLMA==/com.a1taxi.driverpro-omwYU1NwuOKOoC8LYgPKog==/lib/arm64
10-18 02:18:20.755 10844 10844 V SoLoader: liblog.so not found on /data/app/~~z3Kb1ULEEVzH9WMoPoOLMA==/com.a1taxi.driverpro-omwYU1NwuOKOoC8LYgPKog==/base.apk!/lib/arm64-v8a
10-18 02:18:20.755 10844 10844 D SoLoader: liblog.so found on /system/lib64
10-18 02:18:20.755 10844 10844 D SoLoader: liblog.so loaded implicitly
10-18 02:18:20.757 10844 10844 D nativeloader: Load /data/app/~~z3Kb1ULEEVzH9WMoPoOLMA==/com.a1taxi.driverpro-omwYU1NwuOKOoC8LYgPKog==/base.apk!/lib/arm64-v8a/libfbjni.so using class loader ns clns-7 (caller=/data/app/~~z3Kb1ULEEVzH9WMoPoOLMA==/com.a1taxi.driverpro-omwYU1NwuOKOoC8LYgPKog==/base.apk): ok
10-18 02:18:20.757 10844 10844 D SoLoader: libfbjni.so found on /data/app/~~z3Kb1ULEEVzH9WMoPoOLMA==/com.a1taxi.driverpro-omwYU1NwuOKOoC8LYgPKog==/base.apk!/lib/arm64-v8a
10-18 02:18:20.761 10844 10844 D nativeloader: Load /data/app/~~z3Kb1ULEEVzH9WMoPoOLMA==/com.a1taxi.driverpro-omwYU1NwuOKOoC8LYgPKog==/base.apk!/lib/arm64-v8a/libhermes.so using class loader ns clns-7 (caller=/data/app/~~z3Kb1ULEEVzH9WMoPoOLMA==/com.a1taxi.driverpro-omwYU1NwuOKOoC8LYgPKog==/base.apk): ok
10-18 02:18:20.761 10844 10844 D SoLoader: libhermes.so found on /data/app/~~z3Kb1ULEEVzH9WMoPoOLMA==/com.a1taxi.driverpro-omwYU1NwuOKOoC8LYgPKog==/base.apk!/lib/arm64-v8a
10-18 02:18:20.761 10844 10844 V SoLoader: libhermes_executor.so not found on /data/app/~~z3Kb1ULEEVzH9WMoPoOLMA==/com.a1taxi.driverpro-omwYU1NwuOKOoC8LYgPKog==/lib/arm64
10-18 02:18:20.764 10844 10844 V SoLoader: libreactnativejni.so not found on /data/app/~~z3Kb1ULEEVzH9WMoPoOLMA==/com.a1taxi.driverpro-omwYU1NwuOKOoC8LYgPKog==/lib/arm64
10-18 02:18:20.769 10844 10844 V SoLoader: libyoga.so not found on /data/app/~~z3Kb1ULEEVzH9WMoPoOLMA==/com.a1taxi.driverpro-omwYU1NwuOKOoC8LYgPKog==/lib/arm64
10-18 02:18:20.773 10844 10844 D nativeloader: Load /data/app/~~z3Kb1ULEEVzH9WMoPoOLMA==/com.a1taxi.driverpro-omwYU1NwuOKOoC8LYgPKog==/base.apk!/lib/arm64-v8a/libyoga.so using class loader ns clns-7 (caller=/data/app/~~z3Kb1ULEEVzH9WMoPoOLMA==/com.a1taxi.driverpro-omwYU1NwuOKOoC8LYgPKog==/base.apk): ok
10-18 02:18:20.773 10844 10844 D SoLoader: libyoga.so found on /data/app/~~z3Kb1ULEEVzH9WMoPoOLMA==/com.a1taxi.driverpro-omwYU1NwuOKOoC8LYgPKog==/base.apk!/lib/arm64-v8a
10-18 02:18:20.773 10844 10844 V SoLoader: libreactperfloggerjni.so not found on /data/app/~~z3Kb1ULEEVzH9WMoPoOLMA==/com.a1taxi.driverpro-omwYU1NwuOKOoC8LYgPKog==/lib/arm64
10-18 02:18:20.776 10844 10844 D nativeloader: Load /data/app/~~z3Kb1ULEEVzH9WMoPoOLMA==/com.a1taxi.driverpro-omwYU1NwuOKOoC8LYgPKog==/base.apk!/lib/arm64-v8a/libreactperfloggerjni.so using class loader ns clns-7 (caller=/data/app/~~z3Kb1ULEEVzH9WMoPoOLMA==/com.a1taxi.driverpro-omwYU1NwuOKOoC8LYgPKog==/base.apk): ok
10-18 02:18:20.776 10844 10844 D SoLoader: libreactperfloggerjni.so found on /data/app/~~z3Kb1ULEEVzH9WMoPoOLMA==/com.a1taxi.driverpro-omwYU1NwuOKOoC8LYgPKog==/base.apk!/lib/arm64-v8a
10-18 02:18:20.776 10844 10844 V SoLoader: libreact_render_core.so not found on /data/app/~~z3Kb1ULEEVzH9WMoPoOLMA==/com.a1taxi.driverpro-omwYU1NwuOKOoC8LYgPKog==/lib/arm64
10-18 02:18:20.779 10844 10844 V SoLoader: libreact_render_debug.so not found on /data/app/~~z3Kb1ULEEVzH9WMoPoOLMA==/com.a1taxi.driverpro-omwYU1NwuOKOoC8LYgPKog==/lib/arm64
10-18 02:18:20.781 10844 10844 D nativeloader: Load /data/app/~~z3Kb1ULEEVzH9WMoPoOLMA==/com.a1taxi.driverpro-omwYU1NwuOKOoC8LYgPKog==/base.apk!/lib/arm64-v8a/libreact_render_debug.so using class loader ns clns-7 (caller=/data/app/~~z3Kb1ULEEVzH9WMoPoOLMA==/com.a1taxi.driverpro-omwYU1NwuOKOoC8LYgPKog==/base.apk): ok
10-18 02:18:20.781 10844 10844 D SoLoader: libreact_render_debug.so found on /data/app/~~z3Kb1ULEEVzH9WMoPoOLMA==/com.a1taxi.driverpro-omwYU1NwuOKOoC8LYgPKog==/base.apk!/lib/arm64-v8a
10-18 02:18:20.781 10844 10844 V SoLoader: libreact_render_graphics.so not found on /data/app/~~z3Kb1ULEEVzH9WMoPoOLMA==/com.a1taxi.driverpro-omwYU1NwuOKOoC8LYgPKog==/lib/arm64
10-18 02:18:20.782 10844 10844 V SoLoader: libreact_utils.so not found on /data/app/~~z3Kb1ULEEVzH9WMoPoOLMA==/com.a1taxi.driverpro-omwYU1NwuOKOoC8LYgPKog==/lib/arm64
10-18 02:18:20.784 10844 10844 V SoLoader: libreact_debug.so not found on /data/app/~~z3Kb1ULEEVzH9WMoPoOLMA==/com.a1taxi.driverpro-omwYU1NwuOKOoC8LYgPKog==/lib/arm64
10-18 02:18:20.787 10844 10844 D nativeloader: Load /data/app/~~z3Kb1ULEEVzH9WMoPoOLMA==/com.a1taxi.driverpro-omwYU1NwuOKOoC8LYgPKog==/base.apk!/lib/arm64-v8a/libreact_debug.so using class loader ns clns-7 (caller=/data/app/~~z3Kb1ULEEVzH9WMoPoOLMA==/com.a1taxi.driverpro-omwYU1NwuOKOoC8LYgPKog==/base.apk): ok
10-18 02:18:20.787 10844 10844 D SoLoader: libreact_debug.so found on /data/app/~~z3Kb1ULEEVzH9WMoPoOLMA==/com.a1taxi.driverpro-omwYU1NwuOKOoC8LYgPKog==/base.apk!/lib/arm64-v8a
10-18 02:18:20.787 10844 10844 V SoLoader: libjsinspector.so not found on /data/app/~~z3Kb1ULEEVzH9WMoPoOLMA==/com.a1taxi.driverpro-omwYU1NwuOKOoC8LYgPKog==/lib/arm64
10-18 02:18:20.789 10844 10844 V SoLoader: libreact_featureflags.so not found on /data/app/~~z3Kb1ULEEVzH9WMoPoOLMA==/com.a1taxi.driverpro-omwYU1NwuOKOoC8LYgPKog==/lib/arm64
10-18 02:18:20.791 10844 10844 D nativeloader: Load /data/app/~~z3Kb1ULEEVzH9WMoPoOLMA==/com.a1taxi.driverpro-omwYU1NwuOKOoC8LYgPKog==/base.apk!/lib/arm64-v8a/libreact_featureflags.so using class loader ns clns-7 (caller=/data/app/~~z3Kb1ULEEVzH9WMoPoOLMA==/com.a1taxi.driverpro-omwYU1NwuOKOoC8LYgPKog==/base.apk): ok
10-18 02:18:20.791 10844 10844 D SoLoader: libreact_featureflags.so found on /data/app/~~z3Kb1ULEEVzH9WMoPoOLMA==/com.a1taxi.driverpro-omwYU1NwuOKOoC8LYgPKog==/base.apk!/lib/arm64-v8a
10-18 02:18:20.791 10844 10844 V SoLoader: libruntimeexecutor.so not found on /data/app/~~z3Kb1ULEEVzH9WMoPoOLMA==/com.a1taxi.driverpro-omwYU1NwuOKOoC8LYgPKog==/lib/arm64
10-18 02:18:20.793 10844 10844 D nativeloader: Load /data/app/~~z3Kb1ULEEVzH9WMoPoOLMA==/com.a1taxi.driverpro-omwYU1NwuOKOoC8LYgPKog==/base.apk!/lib/arm64-v8a/libruntimeexecutor.so using class loader ns clns-7 (caller=/data/app/~~z3Kb1ULEEVzH9WMoPoOLMA==/com.a1taxi.driverpro-omwYU1NwuOKOoC8LYgPKog==/base.apk): ok
10-18 02:18:20.793 10844 10844 D SoLoader: libruntimeexecutor.so found on /data/app/~~z3Kb1ULEEVzH9WMoPoOLMA==/com.a1taxi.driverpro-omwYU1NwuOKOoC8LYgPKog==/base.apk!/lib/arm64-v8a
10-18 02:18:20.796 10844 10844 D nativeloader: Load /data/app/~~z3Kb1ULEEVzH9WMoPoOLMA==/com.a1taxi.driverpro-omwYU1NwuOKOoC8LYgPKog==/base.apk!/lib/arm64-v8a/libjsinspector.so using class loader ns clns-7 (caller=/data/app/~~z3Kb1ULEEVzH9WMoPoOLMA==/com.a1taxi.driverpro-omwYU1NwuOKOoC8LYgPKog==/base.apk): ok
10-18 02:18:20.796 10844 10844 D SoLoader: libjsinspector.so found on /data/app/~~z3Kb1ULEEVzH9WMoPoOLMA==/com.a1taxi.driverpro-omwYU1NwuOKOoC8LYgPKog==/base.apk!/lib/arm64-v8a
10-18 02:18:20.797 10844 10844 D nativeloader: Load /data/app/~~z3Kb1ULEEVzH9WMoPoOLMA==/com.a1taxi.driverpro-omwYU1NwuOKOoC8LYgPKog==/base.apk!/lib/arm64-v8a/libreact_utils.so using class loader ns clns-7 (caller=/data/app/~~z3Kb1ULEEVzH9WMoPoOLMA==/com.a1taxi.driverpro-omwYU1NwuOKOoC8LYgPKog==/base.apk): ok
10-18 02:18:20.797 10844 10844 D SoLoader: libreact_utils.so found on /data/app/~~z3Kb1ULEEVzH9WMoPoOLMA==/com.a1taxi.driverpro-omwYU1NwuOKOoC8LYgPKog==/base.apk!/lib/arm64-v8a
10-18 02:18:20.798 10844 10844 D nativeloader: Load /data/app/~~z3Kb1ULEEVzH9WMoPoOLMA==/com.a1taxi.driverpro-omwYU1NwuOKOoC8LYgPKog==/base.apk!/lib/arm64-v8a/libreact_render_graphics.so using class loader ns clns-7 (caller=/data/app/~~z3Kb1ULEEVzH9WMoPoOLMA==/com.a1taxi.driverpro-omwYU1NwuOKOoC8LYgPKog==/base.apk): ok
10-18 02:18:20.799 10844 10844 D SoLoader: libreact_render_graphics.so found on /data/app/~~z3Kb1ULEEVzH9WMoPoOLMA==/com.a1taxi.driverpro-omwYU1NwuOKOoC8LYgPKog==/base.apk!/lib/arm64-v8a
10-18 02:18:20.799 10844 10844 V SoLoader: libreact_render_mapbuffer.so not found on /data/app/~~z3Kb1ULEEVzH9WMoPoOLMA==/com.a1taxi.driverpro-omwYU1NwuOKOoC8LYgPKog==/lib/arm64
10-18 02:18:20.801 10844 10844 D nativeloader: Load /data/app/~~z3Kb1ULEEVzH9WMoPoOLMA==/com.a1taxi.driverpro-omwYU1NwuOKOoC8LYgPKog==/base.apk!/lib/arm64-v8a/libreact_render_mapbuffer.so using class loader ns clns-7 (caller=/data/app/~~z3Kb1ULEEVzH9WMoPoOLMA==/com.a1taxi.driverpro-omwYU1NwuOKOoC8LYgPKog==/base.apk): ok
10-18 02:18:20.801 10844 10844 D SoLoader: libreact_render_mapbuffer.so found on /data/app/~~z3Kb1ULEEVzH9WMoPoOLMA==/com.a1taxi.driverpro-omwYU1NwuOKOoC8LYgPKog==/base.apk!/lib/arm64-v8a
10-18 02:18:20.802 10844 10844 D nativeloader: Load /data/app/~~z3Kb1ULEEVzH9WMoPoOLMA==/com.a1taxi.driverpro-omwYU1NwuOKOoC8LYgPKog==/base.apk!/lib/arm64-v8a/libreact_render_core.so using class loader ns clns-7 (caller=/data/app/~~z3Kb1ULEEVzH9WMoPoOLMA==/com.a1taxi.driverpro-omwYU1NwuOKOoC8LYgPKog==/base.apk): ok
10-18 02:18:20.802 10844 10844 D SoLoader: libreact_render_core.so found on /data/app/~~z3Kb1ULEEVzH9WMoPoOLMA==/com.a1taxi.driverpro-omwYU1NwuOKOoC8LYgPKog==/base.apk!/lib/arm64-v8a
10-18 02:18:20.806 10844 10844 D nativeloader: Load /data/app/~~z3Kb1ULEEVzH9WMoPoOLMA==/com.a1taxi.driverpro-omwYU1NwuOKOoC8LYgPKog==/base.apk!/lib/arm64-v8a/libreactnativejni.so using class loader ns clns-7 (caller=/data/app/~~z3Kb1ULEEVzH9WMoPoOLMA==/com.a1taxi.driverpro-omwYU1NwuOKOoC8LYgPKog==/base.apk): ok
10-18 02:18:20.808 10844 10844 D SoLoader: libreactnativejni.so found on /data/app/~~z3Kb1ULEEVzH9WMoPoOLMA==/com.a1taxi.driverpro-omwYU1NwuOKOoC8LYgPKog==/base.apk!/lib/arm64-v8a
10-18 02:18:20.809 10844 10844 D nativeloader: Load /data/app/~~z3Kb1ULEEVzH9WMoPoOLMA==/com.a1taxi.driverpro-omwYU1NwuOKOoC8LYgPKog==/base.apk!/lib/arm64-v8a/libhermes_executor.so using class loader ns clns-7 (caller=/data/app/~~z3Kb1ULEEVzH9WMoPoOLMA==/com.a1taxi.driverpro-omwYU1NwuOKOoC8LYgPKog==/base.apk): ok
10-18 02:18:20.810 10844 10844 D SoLoader: libhermes_executor.so found on /data/app/~~z3Kb1ULEEVzH9WMoPoOLMA==/com.a1taxi.driverpro-omwYU1NwuOKOoC8LYgPKog==/base.apk!/lib/arm64-v8a
10-18 02:18:20.820 10844 10844 D nativeloader: Load libpowerhalwrap_jni.so using system ns (caller=/system_ext/framework/mediatek-framework.jar): ok
10-18 02:18:20.820 10844 10844 I PowerHalWrapper: PowerHalWrapper.getInstance 
10-18 02:18:20.820 10844 10844 I M-ProMotion: M-ProMotion is disabled
10-18 02:18:20.821 10844 11426 I PowerHalWrapper: PowerHalWrapper.getInstance 
10-18 02:18:20.823 10844 11424 D nativeloader: Load /data/app/~~z3Kb1ULEEVzH9WMoPoOLMA==/com.a1taxi.driverpro-omwYU1NwuOKOoC8LYgPKog==/base.apk!/lib/arm64-v8a/libexpo-av.so using class loader ns clns-7 (caller=/data/app/~~z3Kb1ULEEVzH9WMoPoOLMA==/com.a1taxi.driverpro-omwYU1NwuOKOoC8LYgPKog==/base.apk): ok
10-18 02:18:20.827 10844 10844 W libc    : Access denied finding property "persist.vivo.ltw.enabled"
10-18 02:18:20.830 10844 10844 W HWUI    : Unknown dataspace 0
10-18 02:18:20.850 10844 10844 D ViewRootImpl: AppSizeAfterRelayout, size: Point(1080, 2392), rotation: ROTATION_0
10-18 02:18:20.850 10844 10844 D BufferQueueConsumer: [](id:2a5c00000000,api:0,p:-1,c:10844) connect: controlledByApp=false
10-18 02:18:20.851 10844 10844 D BLASTBufferQueue: [VRI[MainActivity]#0](f:0,a:0) constructor()
10-18 02:18:20.851 10844 10844 D BLASTBufferQueue: [VRI[MainActivity]#0](f:0,a:0) update width=1080 height=2392 format=-1 mTransformHint=0
10-18 02:18:20.860 10844 11415 D MAGT_SYNC_FRAME: MAGT Sync: MAGT is not supported. Disabling Sync.
10-18 02:18:20.861 10844 11424 I ExpoModulesCore: âœ… AppContext was initialized
10-18 02:18:20.909 10844 11438 W unknown:ViewManagerPropertyUpdater: Could not find generated setter for class com.facebook.react.views.drawer.ReactDrawerLayoutManager
10-18 02:18:20.911 10844 11415 I GrallocExtra: gralloc_extra_query:is_SW3D 0
10-18 02:18:20.911 10844 11415 D BLASTBufferQueue: [VRI[MainActivity]#0](f:0,a:1) acquireNextBufferLocked size=1080x2392 mFrameNumber=1 applyTransaction=true mTimestamp=568114579622169(auto) mPendingTransactions.size=0 graphicBufferId=46574625357824 transform=0
10-18 02:18:20.912 10844 11438 W unknown:ViewManagerPropertyUpdater: Could not find generated setter for class com.facebook.react.uimanager.LayoutShadowNode
10-18 02:18:20.913 10844 11438 W unknown:ViewManagerPropertyUpdater: Could not find generated setter for class com.facebook.react.views.scroll.ReactHorizontalScrollViewManager
10-18 02:18:20.915 10844 11438 W unknown:ViewManagerPropertyUpdater: Could not find generated setter for class com.facebook.react.views.scroll.ReactHorizontalScrollContainerViewManager
10-18 02:18:20.916 10844 11438 W unknown:ViewManagerPropertyUpdater: Could not find generated setter for class com.facebook.react.views.progressbar.ReactProgressBarViewManager
10-18 02:18:20.916 10844 11438 W unknown:ViewManagerPropertyUpdater: Could not find generated setter for class com.facebook.react.views.progressbar.ProgressBarShadowNode
10-18 02:18:20.917 10844 11438 W unknown:ViewManagerPropertyUpdater: Could not find generated setter for class com.facebook.react.views.scroll.ReactScrollViewManager
10-18 02:18:20.918 10844 11438 W unknown:ViewManagerPropertyUpdater: Could not find generated setter for class com.facebook.react.views.switchview.ReactSwitchManager
10-18 02:18:20.918 10844 11438 W unknown:ViewManagerPropertyUpdater: Could not find generated setter for class com.facebook.react.views.switchview.ReactSwitchManager$ReactSwitchShadowNode
10-18 02:18:20.919 10844 11438 W unknown:ViewManagerPropertyUpdater: Could not find generated setter for class com.facebook.react.views.swiperefresh.SwipeRefreshLayoutManager
10-18 02:18:20.919 10844 11438 W unknown:ViewManagerPropertyUpdater: Could not find generated setter for class com.facebook.react.views.text.frescosupport.FrescoBasedReactTextInlineImageViewManager
10-18 02:18:20.919 10844 11438 W unknown:ViewManagerPropertyUpdater: Could not find generated setter for class com.facebook.react.views.text.frescosupport.FrescoBasedReactTextInlineImageShadowNode
10-18 02:18:20.921 10844 11438 W unknown:ViewManagerPropertyUpdater: Could not find generated setter for class com.facebook.react.views.image.ReactImageManager
10-18 02:18:20.922 10844 11438 W unknown:ViewManagerPropertyUpdater: Could not find generated setter for class com.facebook.react.views.modal.ReactModalHostManager
10-18 02:18:20.923 10844 11438 W unknown:ViewManagerPropertyUpdater: Could not find generated setter for class com.facebook.react.views.modal.ModalHostShadowNode
10-18 02:18:20.923 10844 11438 W unknown:ViewManagerPropertyUpdater: Could not find generated setter for class com.facebook.react.views.text.ReactRawTextManager
10-18 02:18:20.926 10844 11438 W unknown:ViewManagerPropertyUpdater: Could not find generated setter for class com.facebook.react.views.text.ReactRawTextShadowNode
10-18 02:18:20.929 10844 11438 W unknown:ViewManagerPropertyUpdater: Could not find generated setter for class com.facebook.react.views.textinput.ReactTextInputManager
10-18 02:18:20.935 10844 11438 W unknown:ViewManagerPropertyUpdater: Could not find generated setter for class com.facebook.react.views.textinput.ReactTextInputShadowNode
10-18 02:18:20.935 10844 10844 V ImeFocusController: onWindowFocus: com.android.internal.policy.DecorView{c3dcab0 V.E...... R....... 0,0-1080,2392}[MainActivity] softInputMode=STATE_UNSPECIFIED|ADJUST_RESIZE
10-18 02:18:20.935  1870  1976 I ActivityTaskManager: Displayed com.a1taxi.driverpro/.MainActivity for user 0: +442ms
10-18 02:18:20.936 10844 11438 W unknown:ViewManagerPropertyUpdater: Could not find generated setter for class com.facebook.react.views.text.ReactTextViewManager
10-18 02:18:20.936 10844 11438 W unknown:ViewManagerPropertyUpdater: Could not find generated setter for class com.facebook.react.views.text.ReactTextShadowNode
10-18 02:18:20.936 10844 11438 W unknown:ViewManagerPropertyUpdater: Could not find generated setter for class com.facebook.react.views.view.ReactViewManager
10-18 02:18:20.937 10844 11438 W unknown:ViewManagerPropertyUpdater: Could not find generated setter for class com.facebook.react.views.text.ReactVirtualTextViewManager
10-18 02:18:20.937 10844 11438 W unknown:ViewManagerPropertyUpdater: Could not find generated setter for class com.facebook.react.views.text.ReactVirtualTextShadowNode
10-18 02:18:20.938 10844 11438 W unknown:ViewManagerPropertyUpdater: Could not find generated setter for class com.facebook.react.views.unimplementedview.ReactUnimplementedViewManager
10-18 02:18:20.938 10844 11438 W unknown:ViewManagerPropertyUpdater: Could not find generated setter for class expo.modules.kotlin.views.GroupViewManagerWrapper
10-18 02:18:20.939 10844 11438 W unknown:ViewManagerPropertyUpdater: Could not find generated setter for class com.swmansion.gesturehandler.react.RNGestureHandlerRootViewManager
10-18 02:18:20.939 10844 11438 W unknown:ViewManagerPropertyUpdater: Could not find generated setter for class com.swmansion.gesturehandler.react.RNGestureHandlerButtonViewManager
10-18 02:18:20.940 10844 11438 W unknown:ViewManagerPropertyUpdater: Could not find generated setter for class com.rnmaps.maps.MapManager
10-18 02:18:20.941 10844 11438 W unknown:ViewManagerPropertyUpdater: Could not find generated setter for class com.rnmaps.maps.MapMarkerManager
10-18 02:18:20.942 10844 11438 W unknown:ViewManagerPropertyUpdater: Could not find generated setter for class com.rnmaps.maps.MapCalloutManager
10-18 02:18:20.942 10844 11438 W unknown:ViewManagerPropertyUpdater: Could not find generated setter for class com.rnmaps.maps.MapPolylineManager
10-18 02:18:20.943 10844 11438 W unknown:ViewManagerPropertyUpdater: Could not find generated setter for class com.rnmaps.maps.MapGradientPolylineManager
10-18 02:18:20.944 10844 11438 W unknown:ViewManagerPropertyUpdater: Could not find generated setter for class com.rnmaps.maps.MapPolygonManager
10-18 02:18:20.944 10844 11438 W unknown:ViewManagerPropertyUpdater: Could not find generated setter for class com.rnmaps.maps.MapCircleManager
10-18 02:18:20.945  5589  5589 I GoogleInputMethodService: GoogleInputMethodService.onFinishInput():2085 
10-18 02:18:20.946  5589  5589 I Module  : DeviceLockedStatusModuleProvider$Module.updateDeviceLockedStatus():100 repeatCheckTimes = 0, locked = false
10-18 02:18:20.946  5589  5589 I GoogleInputMethodService: GoogleInputMethodService.onStartInput():1346 onStartInput(EditorInfo{EditorInfo{packageName=com.a1taxi.driverpro, inputType=0, inputTypeString=NULL, enableLearning=false, autoCorrection=false, autoComplete=false, imeOptions=0, privateImeOptions=null, actionName=UNSPECIFIED, actionLabel=null, initialSelStart=-1, initialSelEnd=-1, initialCapsMode=0, label=null, fieldId=0, fieldName=null, extras=null, hintText=null, hintLocales=[]}}, false)
10-18 02:18:20.947 10844 11438 W unknown:ViewManagerPropertyUpdater: Could not find generated setter for class com.rnmaps.maps.MapUrlTileManager
10-18 02:18:20.948  5589  5589 I Module  : DeviceLockedStatusModuleProvider$Module.updateDeviceLockedStatus():100 repeatCheckTimes = 1, locked = false
10-18 02:18:20.948 10844 11438 W unknown:ViewManagerPropertyUpdater: Could not find generated setter for class com.rnmaps.maps.MapWMSTileManager
10-18 02:18:20.949 10844 11438 W unknown:ViewManagerPropertyUpdater: Could not find generated setter for class com.rnmaps.maps.MapLocalTileManager
10-18 02:18:20.949 10844 11438 W unknown:ViewManagerPropertyUpdater: Could not find generated setter for class com.rnmaps.maps.MapOverlayManager
10-18 02:18:20.950 10844 11438 W unknown:ViewManagerPropertyUpdater: Could not find generated setter for class com.rnmaps.maps.MapHeatmapManager
10-18 02:18:20.950 10844 11438 W unknown:ViewManagerPropertyUpdater: Could not find generated setter for class com.th3rdwave.safeareacontext.SafeAreaProviderManager
10-18 02:18:20.951 10844 11438 W unknown:ViewManagerPropertyUpdater: Could not find generated setter for class com.th3rdwave.safeareacontext.SafeAreaViewManager
10-18 02:18:20.951 10844 11438 W unknown:ViewManagerPropertyUpdater: Could not find generated setter for class com.th3rdwave.safeareacontext.SafeAreaViewShadowNode
10-18 02:18:20.952 10844 11438 W unknown:ViewManagerPropertyUpdater: Could not find generated setter for class com.swmansion.rnscreens.ScreenContainerViewManager
10-18 02:18:20.952 10844 11438 W unknown:ViewManagerPropertyUpdater: Could not find generated setter for class com.swmansion.rnscreens.ScreenViewManager
10-18 02:18:20.953 10844 11438 W unknown:ViewManagerPropertyUpdater: Could not find generated setter for class com.swmansion.rnscreens.ModalScreenViewManager
