10-18 04:47:28.397  5589  5589 I AndroidIME: KeyboardViewManager.updateKeyboardBodyViewHolderPaddingBottom():472 Set finalPaddingBottom = 5 while holderPaddingBottom = 5; navigationHeight = 116
10-18 04:47:28.397  5589  5589 I WindowMetricsNotification: WindowMetricsNotification.notifyWithWindow():166 
10-18 04:47:28.398  5589  5589 I WindowMetricsNotification: WindowMetricsNotification.notify():159 pfu[bounds=Rect(0, 105 - 1080, 2392), insets=Rect(0, 0 - 0, 116), densityDpi=440, smallestScreenWidthDp=393, displayWidth=1080, displayHeight=2392, xdpi=387.43, ydpi=387.43, isTrustable=true, displayId=0]; DisplayMetrics{density=2.75, width=1080, height=2392, scaledDensity=2.75, xdpi=387.43, ydpi=387.43}
10-18 04:47:28.404 26036 26036 E AbstractGmsTracer: Traced class shouldn't be obfuscated: apab [CONTEXT service_id=259 ]
10-18 04:47:28.426 26106 26106 D BoundBrokerSvc: onBind: Intent { act=com.google.android.mdd.service.START dat=chimera-action:/... cmp=com.google.android.gms/.chimera.GmsBoundBrokerService }
10-18 04:47:28.426 26106 26106 D BoundBrokerSvc: Loading bound service for intent: Intent { act=com.google.android.mdd.service.START dat=chimera-action:/... cmp=com.google.android.gms/.chimera.GmsBoundBrokerService }
10-18 04:47:28.438  5589  5657 D BLASTBufferQueue: [VRI[InputMethod]#1753](f:0,a:1) acquireNextBufferLocked size=1080x2287 mFrameNumber=1 applyTransaction=true mTimestamp=576727660942836(auto) mPendingTransactions.size=0 graphicBufferId=24004572223692 transform=0
10-18 04:47:28.444  5589  5589 I GoogleInputMethodService: GoogleInputMethodService$1.onKeyboardViewShown():325 onKeyboardViewShown: keyboardType=prime, keyboardViewType=HEADER keyboardView=com.google.android.libraries.inputmethod.widgets.SoftKeyboardView{b41a1a9 V.E...... ........ 0,0-1080,121}
10-18 04:47:28.444  5589  5589 I KeyboardHeightUtil: KeyboardHeightUtil.calculateMaxKeyboardBodyHeight():50 leave 267 height for app when ime window height:2171, header height:121 and isFullscreenMode:false, so the max keyboard body height is:1783
10-18 04:47:28.445  5589  5589 I GoogleInputMethodService: GoogleInputMethodService$1.onKeyboardViewShown():325 onKeyboardViewShown: keyboardType=prime, keyboardViewType=BODY keyboardView=com.google.android.libraries.inputmethod.widgets.SoftKeyboardView{c4aa611 V.E...... ........ 0,0-1080,693}
10-18 04:47:28.445  5589  5589 I KeyboardHeightUtil: KeyboardHeightUtil.calculateMaxKeyboardBodyHeight():50 leave 267 height for app when ime window height:2171, header height:121 and isFullscreenMode:false, so the max keyboard body height is:1783
10-18 04:47:28.445  5589  5589 I GlobeKeyExtension: GlobeKeyExtension$1.onKeyboardViewShown():72 maybeDisableLanguageSwitchKeyPref when the keyboard is shown
10-18 04:47:28.445  5589  5589 I GlobeKeyExtension: GlobeKeyExtension.maybeDisableLanguageSwitchKeyPref():200 maybeDisableLanguageSwitchKeyPref hasGlobeKeyBeenDisabled: false, shouldDisableLanguageSwitchKey: false
10-18 04:47:28.445  5589  5589 I NewLanguagePromptExtension: NewLanguagePromptExtension$1.onKeyboardViewShown():98 Not show new language banner: no change in enabled input method entries
10-18 04:47:28.445 27157 27157 D InsetsController: show(ime(), fromIme=true)
10-18 04:47:28.446  5589  5589 I DynamicLayoutHandler: DynamicLayoutHandler.loadDynamicKeys():83 This isn't a dynamic layout.
10-18 04:47:28.447  5589  5589 I DynamicLayoutHandler: DynamicLayoutHandler.loadDynamicKeys():83 This isn't a dynamic layout.
10-18 04:47:28.448  5589  5589 I KeyboardModeUtils: KeyboardModeUtils.getKeyboardBottomOffset():435 inch: 0.000000 ydpi: 387.429993 adjustKeyboardBottomByDisplaySize: false currentDensityDpi: 440 defaultDensityDpi: 440 keyboardBottomToScreenPx: 0 keyboardBottomToNavBarPx: -116 navBarHeight: 116
10-18 04:47:28.448  5589  5589 I KeyboardHeightUtil: KeyboardHeightUtil.calculateMaxKeyboardBodyHeight():50 leave 267 height for app when ime window height:2171, header height:121 and isFullscreenMode:false, so the max keyboard body height is:1783
10-18 04:47:28.448  5589  5589 I KeyboardHeightUtil: KeyboardHeightUtil.calculateMaxKeyboardBodyHeight():50 leave 267 height for app when ime window height:2171, header height:121 and isFullscreenMode:false, so the max keyboard body height is:1783
10-18 04:47:28.448  5589  5589 I AndroidIME: KeyboardViewManager.updateKeyboardBodyViewHolderPaddingBottom():472 Set finalPaddingBottom = 5 while holderPaddingBottom = 5; navigationHeight = 116
10-18 04:47:28.451  5589  6030 I Delight5Decoder: Delight5DecoderWrapper.setKeyboardLayout():536 setKeyboardLayout()
10-18 04:47:28.453  5589  6030 I Delight5Decoder: Delight5DecoderWrapper.setKeyboardLayout():536 setKeyboardLayout()
10-18 04:47:28.464  5589  5589 W TooltipLifecycleManager: TooltipLifecycleManager.dismissTooltips():153 Tooltip with id spell_check_add_to_dictionary not found in tooltipManager.
10-18 04:47:28.484 26106 26106 D BoundBrokerSvc: onBind: Intent { act=com.google.android.gms.wallet.service.BIND pkg=com.google.android.gms }
10-18 04:47:28.484 26106 26106 D BoundBrokerSvc: Loading bound service for intent: Intent { act=com.google.android.gms.wallet.service.BIND pkg=com.google.android.gms }
10-18 04:47:28.494 26106 26106 D BoundBrokerSvc: onBind: Intent { act=com.google.android.gms.chromesync.service.zeroparty.START dat=chimera-action:/... cmp=com.google.android.gms/.chimera.GmsApiService }
10-18 04:47:28.494 26106 26106 D BoundBrokerSvc: Loading bound service for intent: Intent { act=com.google.android.gms.chromesync.service.zeroparty.START dat=chimera-action:/... cmp=com.google.android.gms/.chimera.GmsApiService }
10-18 04:47:28.494 26036 29978 W anly    : Failed to retrieve prediction data. [CONTEXT service_id=177 ]
10-18 04:47:28.494 26036 29978 W anly    : java.util.concurrent.ExecutionException: fnbd: No active MDD filegroup android-autofill-infinitedata found for the table autofill-domain-predictions-prod-spanner.
10-18 04:47:28.494 26036 29978 W anly    : 	at govr.j(:com.google.android.gms@253931035@25.39.31 (260400-813878953):21)
10-18 04:47:28.494 26036 29978 W anly    : 	at gowa.v(:com.google.android.gms@253931035@25.39.31 (260400-813878953):107)
10-18 04:47:28.494 26036 29978 W anly    : 	at govr.get(:com.google.android.gms@253931035@25.39.31 (260400-813878953):2)
10-18 04:47:28.494 26036 29978 W anly    : 	at anly.e(:com.google.android.gms@253931035@25.39.31 (260400-813878953):81)
10-18 04:47:28.494 26036 29978 W anly    : 	at anly.a(:com.google.android.gms@253931035@25.39.31 (260400-813878953):124)
10-18 04:47:28.494 26036 29978 W anly    : 	at anji.call(:com.google.android.gms@253931035@25.39.31 (260400-813878953):5)
10-18 04:47:28.494 26036 29978 W anly    : 	at java.util.concurrent.FutureTask.run(FutureTask.java:317)
10-18 04:47:28.494 26036 29978 W anly    : 	at bcdr.c(:com.google.android.gms@253931035@25.39.31 (260400-813878953):50)
10-18 04:47:28.494 26036 29978 W anly    : 	at bcdr.run(:com.google.android.gms@253931035@25.39.31 (260400-813878953):73)
10-18 04:47:28.494 26036 29978 W anly    : 	at java.util.concurrent.ThreadPoolExecutor.runWorker(ThreadPoolExecutor.java:1156)
10-18 04:47:28.494 26036 29978 W anly    : 	at java.util.concurrent.ThreadPoolExecutor$Worker.run(ThreadPoolExecutor.java:651)
10-18 04:47:28.494 26036 29978 W anly    : 	at bcji.run(:com.google.android.gms@253931035@25.39.31 (260400-813878953):8)
10-18 04:47:28.494 26036 29978 W anly    : 	at java.lang.Thread.run(Thread.java:1119)
10-18 04:47:28.494 26036 29978 W anly    : Caused by: fnbd: No active MDD filegroup android-autofill-infinitedata found for the table autofill-domain-predictions-prod-spanner.
10-18 04:47:28.494 26036 29978 W anly    : 	at fnbr.a(:com.google.android.gms@253931035@25.39.31 (260400-813878953):13)
10-18 04:47:28.494 26036 29978 W anly    : 	at govh.d(:com.google.android.gms@253931035@25.39.31 (260400-813878953):3)
10-18 04:47:28.494 26036 29978 W anly    : 	at govj.run(:com.google.android.gms@253931035@25.39.31 (260400-813878953):130)
10-18 04:47:28.494 26036 29978 W anly    : 	at goxq.execute(:com.google.android.gms@253931035@25.39.31 (260400-813878953):1)
10-18 04:47:28.494 26036 29978 W anly    : 	at govr.f(:com.google.android.gms@253931035@25.39.31 (260400-813878953):1)
10-18 04:47:28.494 26036 29978 W anly    : 	at govr.m(:com.google.android.gms@253931035@25.39.31 (260400-813878953):99)
10-18 04:47:28.494 26036 29978 W anly    : 	at govr.r(:com.google.android.gms@253931035@25.39.31 (260400-813878953):17)
10-18 04:47:28.494 26036 29978 W anly    : 	at gowe.run(:com.google.android.gms@253931035@25.39.31 (260400-813878953):77)
10-18 04:47:28.494 26036 29978 W anly    : 	at goxq.execute(:com.google.android.gms@253931035@25.39.31 (260400-813878953):1)
10-18 04:47:28.494 26036 29978 W anly    : 	at govr.f(:com.google.android.gms@253931035@25.39.31 (260400-813878953):1)
10-18 04:47:28.494 26036 29978 W anly    : 	at govr.m(:com.google.android.gms@253931035@25.39.31 (260400-813878953):99)
10-18 04:47:28.494 26036 29978 W anly    : 	at govr.t(:com.google.android.gms@253931035@25.39.31 (260400-813878953):26)
10-18 04:47:28.494 26036 29978 W anly    : 	at govh.e(:com.google.android.gms@253931035@25.39.31 (260400-813878953):3)
10-18 04:47:28.494 26036 29978 W anly    : 	at govj.run(:com.google.android.gms@253931035@25.39.31 (260400-813878953):138)
10-18 04:47:28.494 26036 29978 W anly    : 	at goxq.execute(:com.google.android.gms@253931035@25.39.31 (260400-813878953):1)
10-18 04:47:28.494 26036 29978 W anly    : 	at govr.f(:com.google.android.gms@253931035@25.39.31 (260400-813878953):1)
10-18 04:47:28.494 26036 29978 W anly    : 	at govr.m(:com.google.android.gms@253931035@25.39.31 (260400-813878953):99)
10-18 04:47:28.494 26036 29978 W anly    : 	at govr.r(:com.google.android.gms@253931035@25.39.31 (260400-813878953):17)
10-18 04:47:28.494 26036 29978 W anly    : 	at gowe.run(:com.google.android.gms@253931035@25.39.31 (260400-813878953):77)
10-18 04:47:28.494 26036 29978 W anly    : 	at goxq.execute(:com.google.android.gms@253931035@25.39.31 (260400-813878953):1)
10-18 04:47:28.494 26036 29978 W anly    : 	at govr.f(:com.google.android.gms@253931035@25.39.31 (260400-813878953):1)
10-18 04:47:28.494 26036 29978 W anly    : 	at govr.m(:com.google.android.gms@253931035@25.39.31 (260400-813878953):99)
10-18 04:47:28.494 26036 29978 W anly    : 	at govr.t(:com.google.android.gms@253931035@25.39.31 (260400-813878953):26)
10-18 04:47:28.494 26036 29978 W anly    : 	at goyn.run(:com.google.android.gms@253931035@25.39.31 (260400-813878953):5)
10-18 04:47:28.494 26036 29978 W anly    : 	at goxq.execute(:com.google.android.gms@253931035@25.39.31 (260400-813878953):1)
10-18 04:47:28.494 26036 29978 W anly    : 	at govr.f(:com.google.android.gms@253931035@25.39.31 (260400-813878953):1)
10-18 04:47:28.494 26036 29978 W anly    : 	at govr.m(:com.google.android.gms@253931035@25.39.31 (260400-813878953):99)
10-18 04:47:28.494 26036 29978 W anly    : 	at govr.t(:com.google.android.gms@253931035@25.39.31 (260400-813878953):26)
10-18 04:47:28.494 26036 29978 W anly    : 	at gowc.e(:com.google.android.gms@253931035@25.39.31 (260400-813878953):3)
10-18 04:47:28.494 26036 29978 W anly    : 	at gowe.run(:com.google.android.gms@253931035@25.39.31 (260400-813878953):44)
10-18 04:47:28.494 26036 29978 W anly    : 	at gozt.run(:com.google.android.gms@253931035@25.39.31 (260400-813878953):64)
10-18 04:47:28.494 26036 29978 W anly    : 	... 6 more
10-18 04:47:28.494 26036 29978 W anly    : Caused by: fljc: Requested group not found.
10-18 04:47:28.494 26036 29978 W anly    : 	at flja.a(:com.google.android.gms@253931035@25.39.31 (260400-813878953):30)
10-18 04:47:28.494 26036 29978 W anly    : 	at floe.a(:com.google.android.gms@253931035@25.39.31 (260400-813878953):19)
10-18 04:47:28.494 26036 29978 W anly    : 	at ggnc.a(:com.google.android.gms@253931035@25.39.31 (260400-813878953):13)
10-18 04:47:28.494 26036 29978 W anly    : 	at gowc.d(:com.google.android.gms@253931035@25.39.31 (260400-813878953):3)
10-18 04:47:28.494 26036 29978 W anly    : 	at gowe.run(:com.google.android.gms@253931035@25.39.31 (260400-813878953):38)
10-18 04:47:28.494 26036 29978 W anly    : 	... 7 more
10-18 04:47:28.498 26106 26106 D BoundBrokerSvc: onBind: Intent { act=com.google.android.gms.auth.api.phone.service.SmsRetrieverApiService.START dat=chimera-action:/... cmp=com.google.android.gms/.chimera.GmsApiService }
10-18 04:47:28.498 26106 26106 D BoundBrokerSvc: Loading bound service for intent: Intent { act=com.google.android.gms.auth.api.phone.service.SmsRetrieverApiService.START dat=chimera-action:/... cmp=com.google.android.gms/.chimera.GmsApiService }
10-18 04:47:28.517 26106 26641 I SyncManager: (REDACTED) Executing sync(type=%s%s)
10-18 04:47:28.518 26036 30491 I PasswordSaveInfoFactory: Form has a username and is not a password only form. [CONTEXT service_id=177 ]
10-18 04:47:28.518 26036 30491 I PasswordSaveInfoFactory: Form is not a password only form. [CONTEXT service_id=177 ]
10-18 04:47:28.519 26036 30491 I UsernameSaveInfoFactory: Form has a password and is not a username only form. [CONTEXT service_id=177 ]
10-18 04:47:28.524 26106 26641 I SyncManager: (REDACTED) Executing sync(type=%s) finished in %s
10-18 04:47:28.528 26106 26641 I SyncManager: (REDACTED) Executing sync(type=%s%s)
10-18 04:47:28.531 26106 26641 I SyncManager: (REDACTED) Executing sync(type=%s) finished in %s
10-18 04:47:28.532 26106 26641 I SyncManager: (REDACTED) Executing sync(type=%s%s)
10-18 04:47:28.534 26106 26641 I SyncManager: (REDACTED) Executing sync(type=%s) finished in %s
10-18 04:47:28.535 26106 26641 I SyncManager: (REDACTED) Executing sync(type=%s%s)
10-18 04:47:28.538 27177 28476 W Looper  : Drained
10-18 04:47:28.540 26106 26641 I SyncManager: (REDACTED) Executing sync(type=%s) finished in %s
10-18 04:47:28.547 26106 26641 I SyncManager: (REDACTED) Executing sync(type=%s%s)
10-18 04:47:28.550 26106 26641 I SyncManager: (REDACTED) Executing sync(type=%s) finished in %s
10-18 04:47:28.577  1870  1870 D AutofillSession: Service did not request to wait for delayed fill response.
10-18 04:47:28.579 26106 26641 I SyncManager: (REDACTED) Executing sync(type=%s%s)
10-18 04:47:28.582 26106 26641 I SyncManager: (REDACTED) Executing sync(type=%s) finished in %s
10-18 04:47:28.593  3458  3458 V InlinePresentationRendererServiceImpl: onRenderSuggestion: width=-2, height=-2
10-18 04:47:28.659 27157 27157 I ImeTracker: com.a1taxi.driverpro:130e4888: onShown
10-18 04:47:28.704  3458  3458 V InlineSuggestionRenderService: width=-2, height=-2, measuredSize=366x121
10-18 04:47:28.731  3458  3458 D ViewRootImpl: AppSizeAfterRelayout, size: Point(366, 121), rotation: ROTATION_0
10-18 04:47:28.732  3458  3458 D BufferQueueConsumer: [](id:d820000015b,api:0,p:-1,c:3458) connect: controlledByApp=false
10-18 04:47:28.732  3458  3458 D BLASTBufferQueue: [VRI[]#347](f:0,a:0) constructor()
10-18 04:47:28.732  3458  3458 D BLASTBufferQueue: [VRI[]#347](f:0,a:0) update width=366 height=121 format=-2 mTransformHint=0
10-18 04:47:28.773  1870  1976 D AutofillSession: onShown(): 2, 1
10-18 04:47:28.782  3458 31463 D BLASTBufferQueue: [VRI[]#347](f:0,a:1) acquireNextBufferLocked size=366x121 mFrameNumber=1 applyTransaction=true mTimestamp=576728004936374(auto) mPendingTransactions.size=0 graphicBufferId=14851996911997 transform=0
10-18 04:47:28.783  5589  5589 I ProactiveSuggestionsHolderManager: ProactiveSuggestionsHolderManager$2.display():195 Requesting to show proactive suggestions: AUTO_FILL PREEMPTIVE_WITH_SUPPRESSION
10-18 04:47:28.797  5589  5589 D BufferQueueConsumer: [](id:15d5000006da,api:0,p:-1,c:5589) connect: controlledByApp=false
10-18 04:47:28.798  5589  5589 D BLASTBufferQueue: [SurfaceView[InputMethod]#1754](f:0,a:0) constructor()
10-18 04:47:28.798  5589  5589 D BLASTBufferQueue: [SurfaceView[InputMethod]#1754](f:0,a:0) update width=770 height=121 format=-2 mTransformHint=0
10-18 04:47:28.802  1870  3261 D BatteryStatsService: noteVideoSurfaceChanged  noteWhich: 49,arg1: 770, arg2: 121, arg3: 5589, arg4: 85241, name: com.google.android.inputmethod.latin
10-18 04:47:28.811  5589  5589 I ProactiveSuggestionsHolderManager: ProactiveSuggestionsHolderManager$Holder.setSuggestionsAndShow():898 succeed to show proactive suggestions AUTO_FILL PREEMPTIVE_WITH_SUPPRESSION
10-18 04:47:28.814  5589  5589 W NotificationCenter: NotificationCenter$NotificationQueue.notifyPendingNotificationsOnExecutor():877 Heavy notify work detected on UI thread: [ncb->jtu] takes 31ms
10-18 04:47:28.817  5589  5589 I KeyboardModeUtils: KeyboardModeUtils.getKeyboardBottomOffset():435 inch: 0.000000 ydpi: 387.429993 adjustKeyboardBottomByDisplaySize: false currentDensityDpi: 440 defaultDensityDpi: 440 keyboardBottomToScreenPx: 0 keyboardBottomToNavBarPx: -116 navBarHeight: 116
10-18 04:47:28.818  5589  5589 I KeyboardHeightUtil: KeyboardHeightUtil.calculateMaxKeyboardBodyHeight():50 leave 267 height for app when ime window height:2171, header height:121 and isFullscreenMode:false, so the max keyboard body height is:1783
10-18 04:47:28.818  5589  5589 I KeyboardHeightUtil: KeyboardHeightUtil.calculateMaxKeyboardBodyHeight():50 leave 267 height for app when ime window height:2171, header height:121 and isFullscreenMode:false, so the max keyboard body height is:1783
10-18 04:47:28.818  5589  5589 I AndroidIME: KeyboardViewManager.updateKeyboardBodyViewHolderPaddingBottom():472 Set finalPaddingBottom = 5 while holderPaddingBottom = 5; navigationHeight = 116
10-18 04:47:28.826  5589  5589 D BufferQueueConsumer: [](id:15d5000006db,api:0,p:-1,c:5589) connect: controlledByApp=false
10-18 04:47:28.826  5589  5589 D BLASTBufferQueue: [SurfaceView[InputMethod]#1755](f:0,a:0) constructor()
10-18 04:47:28.826  5589  5589 D BLASTBufferQueue: [SurfaceView[InputMethod]#1755](f:0,a:0) update width=366 height=121 format=-2 mTransformHint=0
10-18 04:47:28.833  1870  3261 D BatteryStatsService: noteVideoSurfaceChanged  noteWhich: 49,arg1: 366, arg2: 121, arg3: 5589, arg4: 97288, name: com.google.android.inputmethod.latin
10-18 04:47:28.840  5589  5657 D BLASTBufferQueue: [SurfaceView[InputMethod]#1755](f:0,a:1) acquireNextBufferLocked size=366x121 mFrameNumber=1 applyTransaction=true mTimestamp=576728063459836(auto) mPendingTransactions.size=0 graphicBufferId=24004572223699 transform=0
10-18 04:47:28.842  1870  3647 D BatteryStatsService: noteVideoSurfaceChanged  noteWhich: 49,arg1: 184, arg2: 13, arg3: 5589, arg4: 97288, name: com.google.android.inputmethod.latin
10-18 04:47:28.843  1870  3647 D BatteryStatsService: noteVideoSurfaceChanged  noteWhich: 49,arg1: 770, arg2: 121, arg3: 5589, arg4: 85241, name: com.google.android.inputmethod.latin
10-18 04:47:28.846  1870  3647 D BatteryStatsService: noteVideoSurfaceChanged  noteWhich: 49,arg1: 256, arg2: 55, arg3: 5589, arg4: 97288, name: com.google.android.inputmethod.latin
10-18 04:47:28.855  1870  3261 D BatteryStatsService: noteVideoSurfaceChanged  noteWhich: 49,arg1: 286, arg2: 73, arg3: 5589, arg4: 97288, name: com.google.android.inputmethod.latin
10-18 04:47:28.872  1870  3261 D BatteryStatsService: noteVideoSurfaceChanged  noteWhich: 49,arg1: 310, arg2: 89, arg3: 5589, arg4: 97288, name: com.google.android.inputmethod.latin
10-18 04:47:28.889  1870  3261 D BatteryStatsService: noteVideoSurfaceChanged  noteWhich: 49,arg1: 330, arg2: 101, arg3: 5589, arg4: 97288, name: com.google.android.inputmethod.latin
10-18 04:47:28.907  1870  3261 D BatteryStatsService: noteVideoSurfaceChanged  noteWhich: 49,arg1: 346, arg2: 109, arg3: 5589, arg4: 97288, name: com.google.android.inputmethod.latin
10-18 04:47:28.924  1870  3261 D BatteryStatsService: noteVideoSurfaceChanged  noteWhich: 49,arg1: 358, arg2: 117, arg3: 5589, arg4: 97288, name: com.google.android.inputmethod.latin
10-18 04:47:28.948  1870  3647 D BatteryStatsService: noteVideoSurfaceChanged  noteWhich: 49,arg1: 364, arg2: 121, arg3: 5589, arg4: 97288, name: com.google.android.inputmethod.latin
10-18 04:47:28.956  1870  3647 D BatteryStatsService: noteVideoSurfaceChanged  noteWhich: 49,arg1: 366, arg2: 121, arg3: 5589, arg4: 97288, name: com.google.android.inputmethod.latin
10-18 04:47:29.039  5589  5589 W TooltipLifecycleManager: TooltipLifecycleManager.dismissTooltips():153 Tooltip with id SUGGESTION_VIEW_EDU_MINI_DIALOG not found in tooltipManager.
10-18 04:47:29.041  1870  3647 D BatteryStatsService: noteVideoSurfaceChanged  noteWhich: 49,arg1: -1, arg2: -1, arg3: 5589, arg4: 97288, name: com.google.android.inputmethod.latin
10-18 04:47:29.042  5589  5657 E BufferQueueProducer: [SurfaceView[InputMethod]#1755(BLAST Consumer)1755](id:15d5000006db,api:0,p:-1,c:5589) disconnect: not connected (req=1)
10-18 04:47:29.042  5589  5657 W libEGL  : EGLNativeWindowType 0xb4000077e0204340 disconnect failed
10-18 04:47:29.043  5589  5589 D BLASTBufferQueue: [SurfaceView[InputMethod]#1755](f:0,a:1) destructor()
10-18 04:47:29.043  5589  5589 D BufferQueueConsumer: [SurfaceView[InputMethod]#1755(BLAST Consumer)1755](id:15d5000006db,api:0,p:-1,c:5589) disconnect
10-18 04:47:29.044  5589  5589 W TooltipLifecycleManager: TooltipLifecycleManager.dismissTooltips():153 Tooltip with id SUGGESTION_VIEW_EDU_MINI_DIALOG not found in tooltipManager.
10-18 04:47:29.054  5589  5589 W TooltipLifecycleManager: TooltipLifecycleManager.dismissTooltips():153 Tooltip with id SUGGESTION_VIEW_EDU_MINI_DIALOG not found in tooltipManager.
10-18 04:47:29.057  5589  5589 I KeyboardModeUtils: KeyboardModeUtils.getKeyboardBottomOffset():435 inch: 0.000000 ydpi: 387.429993 adjustKeyboardBottomByDisplaySize: false currentDensityDpi: 440 defaultDensityDpi: 440 keyboardBottomToScreenPx: 0 keyboardBottomToNavBarPx: -116 navBarHeight: 116
10-18 04:47:29.058  5589  5589 I KeyboardHeightUtil: KeyboardHeightUtil.calculateMaxKeyboardBodyHeight():50 leave 267 height for app when ime window height:2171, header height:121 and isFullscreenMode:false, so the max keyboard body height is:1783
10-18 04:47:29.058  5589  5589 I KeyboardHeightUtil: KeyboardHeightUtil.calculateMaxKeyboardBodyHeight():50 leave 267 height for app when ime window height:2171, header height:121 and isFullscreenMode:false, so the max keyboard body height is:1783
10-18 04:47:29.058  5589  5589 I AndroidIME: KeyboardViewManager.updateKeyboardBodyViewHolderPaddingBottom():472 Set finalPaddingBottom = 5 while holderPaddingBottom = 5; navigationHeight = 116
10-18 04:47:29.090  5589  5589 I KeyboardModeUtils: KeyboardModeUtils.getKeyboardBottomOffset():435 inch: 0.000000 ydpi: 387.429993 adjustKeyboardBottomByDisplaySize: false currentDensityDpi: 440 defaultDensityDpi: 440 keyboardBottomToScreenPx: 0 keyboardBottomToNavBarPx: -116 navBarHeight: 116
10-18 04:47:29.091  5589  5589 I KeyboardHeightUtil: KeyboardHeightUtil.calculateMaxKeyboardBodyHeight():50 leave 267 height for app when ime window height:2171, header height:121 and isFullscreenMode:false, so the max keyboard body height is:1783
10-18 04:47:29.091  5589  5589 I KeyboardHeightUtil: KeyboardHeightUtil.calculateMaxKeyboardBodyHeight():50 leave 267 height for app when ime window height:2171, header height:121 and isFullscreenMode:false, so the max keyboard body height is:1783
10-18 04:47:29.091  5589  5589 I AndroidIME: KeyboardViewManager.updateKeyboardBodyViewHolderPaddingBottom():472 Set finalPaddingBottom = 5 while holderPaddingBottom = 5; navigationHeight = 116
10-18 04:47:29.112  1870  3261 D BatteryStatsService: noteVideoSurfaceChanged  noteWhich: 49,arg1: -1, arg2: -1, arg3: 5589, arg4: 85241, name: com.google.android.inputmethod.latin
10-18 04:47:29.113  5589  5589 D BLASTBufferQueue: [SurfaceView[InputMethod]#1754](f:0,a:0) destructor()
10-18 04:47:29.113  5589  5589 D BufferQueueConsumer: [SurfaceView[InputMethod]#1754(BLAST Consumer)1754](id:15d5000006da,api:0,p:-1,c:5589) disconnect
10-18 04:47:29.124  5589  5589 I KeyboardModeUtils: KeyboardModeUtils.getKeyboardBottomOffset():435 inch: 0.000000 ydpi: 387.429993 adjustKeyboardBottomByDisplaySize: false currentDensityDpi: 440 defaultDensityDpi: 440 keyboardBottomToScreenPx: 0 keyboardBottomToNavBarPx: -116 navBarHeight: 116
10-18 04:47:29.124  5589  5589 I KeyboardHeightUtil: KeyboardHeightUtil.calculateMaxKeyboardBodyHeight():50 leave 267 height for app when ime window height:2171, header height:121 and isFullscreenMode:false, so the max keyboard body height is:1783
10-18 04:47:29.125  5589  5589 I KeyboardHeightUtil: KeyboardHeightUtil.calculateMaxKeyboardBodyHeight():50 leave 267 height for app when ime window height:2171, header height:121 and isFullscreenMode:false, so the max keyboard body height is:1783
10-18 04:47:29.125  5589  5589 I AndroidIME: KeyboardViewManager.updateKeyboardBodyViewHolderPaddingBottom():472 Set finalPaddingBottom = 5 while holderPaddingBottom = 5; navigationHeight = 116
10-18 04:47:29.191  5589  5589 I KeyboardViewController: KeyboardViewController.showSelfAndAncestors():636 current view doesn't has the priority com.google.android.libraries.inputmethod.accesspoint.widget.AccessPointsBar{d4ee69a I.E...... .......D 0,0-810,121 #7f0b00a0 app:id/0_resource_name_obfuscated} to show itself, DEFAULT
10-18 04:47:29.267  3458  3458 V InlineSuggestionRenderService: Releasing inline suggestion view host
10-18 04:47:29.273  3458  3458 D BLASTBufferQueue: [VRI[]#347](f:0,a:4) destructor()
10-18 04:47:29.273  3458  3458 D BufferQueueConsumer: [VRI[]#347(BLAST Consumer)347](id:d820000015b,api:0,p:-1,c:3458) disconnect
10-18 04:47:29.278  3458  3458 V InlineSuggestionRenderService: Removed the inline suggestion from the cache, current size=0
10-18 04:47:29.287  5589  5589 W TooltipLifecycleManager: TooltipLifecycleManager.dismissTooltips():153 Tooltip with id SUGGESTION_VIEW_EDU_MINI_DIALOG not found in tooltipManager.
10-18 04:47:29.324  5589  5589 I KeyboardModeUtils: KeyboardModeUtils.getKeyboardBottomOffset():435 inch: 0.000000 ydpi: 387.429993 adjustKeyboardBottomByDisplaySize: false currentDensityDpi: 440 defaultDensityDpi: 440 keyboardBottomToScreenPx: 0 keyboardBottomToNavBarPx: -116 navBarHeight: 116
10-18 04:47:29.324  5589  5589 I KeyboardHeightUtil: KeyboardHeightUtil.calculateMaxKeyboardBodyHeight():50 leave 267 height for app when ime window height:2171, header height:121 and isFullscreenMode:false, so the max keyboard body height is:1783
10-18 04:47:29.324  5589  5589 I KeyboardHeightUtil: KeyboardHeightUtil.calculateMaxKeyboardBodyHeight():50 leave 267 height for app when ime window height:2171, header height:121 and isFullscreenMode:false, so the max keyboard body height is:1783
10-18 04:47:29.325  5589  5589 I AndroidIME: KeyboardViewManager.updateKeyboardBodyViewHolderPaddingBottom():472 Set finalPaddingBottom = 5 while holderPaddingBottom = 5; navigationHeight = 116
10-18 04:47:29.572  5589  5589 W TooltipLifecycleManager: TooltipLifecycleManager.dismissTooltips():153 Tooltip with id SUGGESTION_VIEW_EDU_MINI_DIALOG not found in tooltipManager.
10-18 04:47:29.606  5589  5589 I KeyboardModeUtils: KeyboardModeUtils.getKeyboardBottomOffset():435 inch: 0.000000 ydpi: 387.429993 adjustKeyboardBottomByDisplaySize: false currentDensityDpi: 440 defaultDensityDpi: 440 keyboardBottomToScreenPx: 0 keyboardBottomToNavBarPx: -116 navBarHeight: 116
10-18 04:47:29.607  5589  5589 I KeyboardHeightUtil: KeyboardHeightUtil.calculateMaxKeyboardBodyHeight():50 leave 267 height for app when ime window height:2171, header height:121 and isFullscreenMode:false, so the max keyboard body height is:1783
10-18 04:47:29.607  5589  5589 I KeyboardHeightUtil: KeyboardHeightUtil.calculateMaxKeyboardBodyHeight():50 leave 267 height for app when ime window height:2171, header height:121 and isFullscreenMode:false, so the max keyboard body height is:1783
10-18 04:47:29.607  5589  5589 I AndroidIME: KeyboardViewManager.updateKeyboardBodyViewHolderPaddingBottom():472 Set finalPaddingBottom = 5 while holderPaddingBottom = 5; navigationHeight = 116
10-18 04:47:29.834  5589  5589 W TooltipLifecycleManager: TooltipLifecycleManager.dismissTooltips():153 Tooltip with id SUGGESTION_VIEW_EDU_MINI_DIALOG not found in tooltipManager.
10-18 04:47:29.873  5589  5589 I KeyboardModeUtils: KeyboardModeUtils.getKeyboardBottomOffset():435 inch: 0.000000 ydpi: 387.429993 adjustKeyboardBottomByDisplaySize: false currentDensityDpi: 440 defaultDensityDpi: 440 keyboardBottomToScreenPx: 0 keyboardBottomToNavBarPx: -116 navBarHeight: 116
10-18 04:47:29.874  5589  5589 I KeyboardHeightUtil: KeyboardHeightUtil.calculateMaxKeyboardBodyHeight():50 leave 267 height for app when ime window height:2171, header height:121 and isFullscreenMode:false, so the max keyboard body height is:1783
10-18 04:47:29.874  5589  5589 I KeyboardHeightUtil: KeyboardHeightUtil.calculateMaxKeyboardBodyHeight():50 leave 267 height for app when ime window height:2171, header height:121 and isFullscreenMode:false, so the max keyboard body height is:1783
10-18 04:47:29.874  5589  5589 I AndroidIME: KeyboardViewManager.updateKeyboardBodyViewHolderPaddingBottom():472 Set finalPaddingBottom = 5 while holderPaddingBottom = 5; navigationHeight = 116
10-18 04:47:30.325 27157 27157 I ImeTracker: com.a1taxi.driverpro:cbbb2c52: onRequestShow at ORIGIN_CLIENT reason SHOW_SOFT_INPUT fromUser false
10-18 04:47:30.329  5589  5589 I GoogleInputMethodService: GoogleInputMethodService.onFinishInputView():1571 onFinishInputView(true)
10-18 04:47:30.329  5589  5589 I GlobeKeyExtension: GlobeKeyExtension.onDeactivate():144 
10-18 04:47:30.329  5589  5589 W TooltipLifecycleManager: TooltipLifecycleManager.dismissTooltips():153 Tooltip with id SUGGESTION_VIEW_EDU_MINI_DIALOG not found in tooltipManager.
10-18 04:47:30.330  5589  5589 I VoiceInputManagerWrapper: VoiceInputManagerWrapper.shutdown():131 shutdown()
10-18 04:47:30.330  5589  5589 W TooltipLifecycleManager: TooltipLifecycleManager.dismissTooltips():153 Tooltip with id spell_check_add_to_dictionary not found in tooltipManager.
10-18 04:47:30.331  5589  5589 I InputBundle: InputBundle.consumeEvent():1032 Skip consuming an event as keyboard status is INACTIVE
10-18 04:47:30.332  5589  5589 I AndroidIME: AbstractIme.onDeactivate():216 LatinIme.onDeactivate()
10-18 04:47:30.334 27157 27157 W RemoteInputConnectionImpl: requestCursorUpdates on inactive InputConnection
10-18 04:47:30.335  5589  5589 I GoogleInputMethodService: GoogleInputMethodService.onFinishInput():2085 
10-18 04:47:30.335  5589  5589 I Module  : DeviceLockedStatusModuleProvider$Module.updateDeviceLockedStatus():100 repeatCheckTimes = 0, locked = false
10-18 04:47:30.336  5589  5589 I GoogleInputMethodService: GoogleInputMethodService.onStartInput():1346 onStartInput(EditorInfo{EditorInfo{packageName=com.a1taxi.driverpro, inputType=80081, inputTypeString=Password[NoSuggestion], enableLearning=false, autoCorrection=false, autoComplete=true, imeOptions=4000006, privateImeOptions=null, actionName=DONE, actionLabel=null, initialSelStart=0, initialSelEnd=0, initialCapsMode=0, label=null, fieldId=3033, fieldName=null, extras=Bundle[mParcelledData.dataSize=404], hintText=non-empty, hintLocales=[]}}, false)
10-18 04:47:30.337  5589  5589 I Module  : DeviceLockedStatusModuleProvider$Module.updateDeviceLockedStatus():100 repeatCheckTimes = 1, locked = false
10-18 04:47:30.337  5589  5589 I HardKeyTracker: HardKeyTracker.unregisterKeySequence():221 Unregister key sequence nfz{labelResId=0, callback=gds@3b00c7f, lastModifier=0, keyCodes=[57, 57], actions=[1, 0]}
10-18 04:47:30.337  5589  5589 I HardKeyTracker: HardKeyTracker.unregisterKeySequence():221 Unregister key sequence nfz{labelResId=0, callback=gds@5ad41aa, lastModifier=0, keyCodes=[58, 58], actions=[1, 0]}
10-18 04:47:30.339  5589  5589 I GoogleInputMethodService: GoogleInputMethodService.onStartInputView():1439 onStartInputView(EditorInfo{EditorInfo{packageName=com.a1taxi.driverpro, inputType=80081, inputTypeString=Password[NoSuggestion], enableLearning=false, autoCorrection=false, autoComplete=true, imeOptions=4000006, privateImeOptions=null, actionName=DONE, actionLabel=null, initialSelStart=0, initialSelEnd=0, initialCapsMode=0, label=null, fieldId=3033, fieldName=null, extras=Bundle[{android.support.text.emoji.emojiCompat_metadataVersion=11, androidx.core.view.inputmethod.EditorInfoCompat.STYLUS_HANDWRITING_ENABLED=false, android.support.text.emoji.emojiCompat_replaceAll=false}], hintText=non-empty, hintLocales=[]}}, false)
10-18 04:47:30.339  5589  5589 I KeyboardHeightUtil: KeyboardHeightUtil.getOemKeyboardHeightRatio():108 systemKeyboardHeightRatio:1.000000.
10-18 04:47:30.341  5589  5589 I AndroidIME: InputBundleManager.loadActiveInputBundleId():528 loadActiveInputBundleId: und-Latn-x-password, password
10-18 04:47:30.342  5589  6019 I OnDeviceWmrCalculator: OnDeviceWmrCalculator.calculateWmr():94 WMR: 0.0000 (0 / 1)
10-18 04:47:30.343  5589  5589 I AndroidIME: AbstractIme.onActivate():96 PasswordIme.onActivate() : EditorInfo = EditorInfo{packageName=com.a1taxi.driverpro, inputType=80081, inputTypeString=Password[NoSuggestion], enableLearning=false, autoCorrection=false, autoComplete=true, imeOptions=4000006, privateImeOptions=null, actionName=DONE, actionLabel=null, initialSelStart=0, initialSelEnd=0, initialCapsMode=0, label=null, fieldId=3033, fieldName=null, extras=Bundle[{android.support.text.emoji.emojiCompat_metadataVersion=11, androidx.core.view.inputmethod.EditorInfoCompat.STYLUS_HANDWRITING_ENABLED=false, android.support.text.emoji.emojiCompat_replaceAll=false}], hintText=non-empty, hintLocales=[]}, IncognitoMode = false, DeviceLocked = false
10-18 04:47:30.344  5589  5589 I KeyboardWrapper: KeyboardWrapper.activateKeyboard():581 activateKeyboard(): type=prime, status=INACTIVE, imeDef=mkk{stringId=password, language=und-Latn-x-password, languageTag=und-Latn-x-password, processedConditions={writing_helper_enable_by_word_revert=false, enable_access_points_in_password_number=true, variant=qwerty, true=true, language=en-US, enable_number_row=true, device=phone, enable_number_row_in_password=true, enable_pk_simulator=false}, className=com.google.android.libraries.inputmethod.ime.password.PasswordIme, label=2132019275, keyEventInterpreter=null, inlineComposing=true, autoCapital=true, announceAutoSelectedCandidate=true, statusIcon=0, indicatorIcon=0, indicatorLabel=null, displayAppCompletions=false, extraValues=mkd{}, processors=mmb@7d3d911, unacceptableMetaKeys=4098, languageSpecificSettings=0, asciiCapable=false, alwaysShowSuggestions=false, useAsciiPasswordKeyboard=false, keyboardGroupDef=mlk@8a8f7a7, phenotypeFlagId=0, localizationLanguageTag=null, supportsInlineSuggestion=false}
10-18 04:47:30.344  5589  5589 I KeyboardManager: KeyboardManager.requestKeyboard():248 Creating keyboard prime, imeId=password, cacheKey=theme,!gsf,!pgsans,!pgsf,!use_system_font,BORDER,FLAVOR_DPI=XXHDPI,GOOGLE_ICONS,KEYBOARD_WIDTH_CATEGORY=NORMAL,KEY_BORDER_SHAPE=1,LIGHT_THEME=false,PHYSICAL_DIAGONAL=5.748144,POPUP,SCREEN_SHORTEST_WIDTH=393,SCREEN_SHORTEST_WIDTH_NO_SCALE=393,XXHDPI,bottom4dp,enable_emoji_kitchen_browse_color_v2=true,enable_google_fonts_icons=true,enable_popup_on_keypress=true,keyboard_redesign_google_sans=true,non_linear_scale,noshadow,overlay_builtin_dynamic_color_dark_base.binarypb:gm3-dark-ff131313-ffffffff-4d9204e36e3ccb6a165e3e3dbe763ce0,roundedchip,silkpopup
10-18 04:47:30.344  5589  5589 I KeyboardWrapper: KeyboardWrapper.onKeyboardReady():224 onKeyboardReady(): type=symbol(prime), kb=com.google.android.apps.inputmethod.latin.keyboard.LatinPasswordKeyboard@bcddfb0
10-18 04:47:30.344  5589  5589 I KeyboardWrapper: KeyboardWrapper.doActivateKeyboard():611 doActivateKeyboard(): prime
10-18 04:47:30.350  5589  5589 I KeyboardViewHelper: KeyboardViewHelper.getView():180 Get view with height ratio:1.000000
10-18 04:47:30.351  5589  5589 I KeyboardHeightUtil: KeyboardHeightUtil.calculateMaxKeyboardBodyHeight():50 leave 267 height for app when ime window height:2171, header height:121 and isFullscreenMode:false, so the max keyboard body height is:1783
10-18 04:47:30.351  5589  5589 W TooltipLifecycleManager: TooltipLifecycleManager.dismissTooltips():153 Tooltip with id undo_access_point_promotion_banner not found in tooltipManager.
10-18 04:47:30.351  5589  5589 I GlobeKeyExtension: GlobeKeyExtension.getKeyboardInitialStates():175 
10-18 04:47:30.351  5589  5589 W Keyboard: Keyboard.getKeyboardViewHelper():609 null helper is returned: keyboardDef=mle{processedConditions={show_comma_key=true, enable_more_candidates_view_for_multilingual=false, layout_9key_split=false, enable_secondary_symbols=false, pref_enable_flick_symbols=false, language=en-US, deprecate_long_press_space_for_ime_picker=false, show_suggestion_strip=true, expressions=normal, enable_access_points_in_password_number=true, enable_correction_settings_updates=true, enable_flick_symbols=true, variant=qwerty, show_period_key=true, enable_number_row=true, device=phone, keyboard_mode=normal, show_secondary_digits=false, enable_preemptive_decode=true, enable_pk_simulator=false, bottom_period_popup_slash=false}, globalConditions={global_theme_key=theme,!gsf,!pgsans,!pgsf,!use_system_font,BORDER,FLAVOR_DPI=XXHDPI,GOOGLE_ICONS,KEYBOARD_WIDTH_CATEGORY=NORMAL,KEY_BORDER_SHAPE=1,LIGHT_THEME=false,PHYSICAL_DIAGONAL=5.748144,POPUP,SCREEN_SHORTEST_WIDTH=393,SCREEN_SHORTEST_WIDTH_NO_SCALE=393,XXHDPI,bottom4dp,enable_emoji_kitchen_browse_color_v2=true,enable_google_fonts_icons=true,enable_popup_on_keypress=true,keyboard_redesign_google_sans=true,non_linear_scale,noshadow,overlay_builtin_dynamic_color_dark_base.binarypb:gm3-dark-ff131313-ffffffff-4d9204e36e3ccb6a165e3e3dbe763ce0,roundedchip,silkpopup, global_locale=en_US, global_density_dpi=440, global_orientation=1}, className=.latin.keyboard.LatinPasswordKeyboard, resourceIds=[#0x7f1705fb, #0x7f17088d, #0x7f1706bb], initialStates=0, keyboardViewDefs=[mls{direction=null, id=#0x7f0b0224, isScalable=true, layoutId=#0x7f0e029f, type=BODY, touchable=true, defaultShow=true}, mls{direction=null, id=#0x7f0b0224, isScalable=false, layoutId=#0x7f0e01f9, type=FLOATING_CANDIDATES, touchable=false, defaultShow=false}, mls{direction=LOCALE, id=#0x7f0b0224, isScalable=false, layoutId=#0x7f0e0500, type=HEADER, touchable=true, defaultShow=true}], persistentStates=0, persistentStatesPrefKey=null, popupBubbleLayoutId=#0x7f0e05f1, recentKeyLayoutId=0, recentKeyPopupLayoutId=0, recentKeyType=null, rememberRecentKey=NONE, sessionStates=17592186044419}, type=WIDGET, helpersCreated=[lxm@19fe12f, lxm@109633c, lxm@9a3b8c5, null], context.getResources().getConfiguration(): {1.0 405mcc869mnc [en_US] ldltr sw393dp w393dp h790dp 440dpi nrml long port night finger -keyb/v/h -nav/h winConfig={ mBounds=Rect(0, 0 - 1080, 2392) mAppBounds=Rect(0, 103 - 1080, 2276) mMaxBounds=Rect(0, 0 - 1080, 2392) mDisplayRotation=ROTATION_0 mWindowingMode=fullscreen mActivityType=undefined mAlwaysOnTop=undefined mRotation=ROTATION_0 isEmbedding:false} s.5420 fontWeightAdjustment=0 themeId=2 themeParameter=0 nightModeLevel = -1 typefaceChanged=0.0 ?spacesystem eaMode=1}
10-18 04:47:30.352  5589  5589 I KeyboardHeightUtil: KeyboardHeightUtil.calculateMaxKeyboardBodyHeight():50 leave 267 height for app when ime window height:2171, header height:121 and isFullscreenMode:false, so the max keyboard body height is:1783
10-18 04:47:30.352  5589  5589 I AndroidIME: InputBundleManager.startInput():358 startInput() with mlo[keyboardType=prime, payload=null]
10-18 04:47:30.352  5589  5589 I GlobeKeyExtension: GlobeKeyExtension.onActivate():120 
10-18 04:47:30.354  5589  5589 I LanguagePromoExtension: LanguagePromoExtension.checkDisplayPreconditions():174 Not show language promo: exceeds the max display times.
10-18 04:47:30.354  5589  5589 I NewLanguagePromptExtension: NewLanguagePromptExtension.onActivate():189 Not activated NewLanguagePromptExtension: not a normal text input box.
10-18 04:47:30.354  5589  5589 I HardKeyTracker: HardKeyTracker.unregisterKeySequence():221 Unregister key sequence nfz{labelResId=2132020497, callback=cgp@8e66c48, lastModifier=2, keyCodes=[56], actions=[0]}
10-18 04:47:30.354  5589  5589 I HardKeyTracker: HardKeyTracker.unregisterKeySequence():221 Unregister key sequence nfz{labelResId=2132020497, callback=cgp@89b96c7, lastModifier=0, keyCodes=[317], actions=[0]}
10-18 04:47:30.354  5589  5589 I HardKeyTracker: HardKeyTracker.registerKeySequence():170 Register key sequence nfz{labelResId=2132020497, callback=cgp@297ef6, lastModifier=2, keyCodes=[56], actions=[0]}
10-18 04:47:30.354  5589  5589 I HardKeyTracker: HardKeyTracker.registerKeySequence():170 Register key sequence nfz{labelResId=2132020497, callback=cgp@bb593cd, lastModifier=0, keyCodes=[317], actions=[0]}
10-18 04:47:30.354  5589  5589 I VoiceInputManagerWrapper: VoiceInputManagerWrapper.cancelShutdown():109 cancelShutdown()
10-18 04:47:30.355  5589  5589 I VoiceInputManagerWrapper: VoiceInputManagerWrapper.syncLanguagePacks():121 syncLanguagePacks()
10-18 04:47:30.355  5589  5589 I VoiceInputManager: VoiceInputManager.onKeyboardActivated():1173 onKeyboardActivated() [UD]
10-18 04:47:30.355  5589  6558 I SpeechFactory: SpeechRecognitionFactory.maybeScheduleAutoPackDownloadForFallback():217 maybeScheduleAutoPackDownloadForFallback()
10-18 04:47:30.355  5589  6558 I FallbackOnDeviceRecognitionProvider: FallbackOnDeviceRecognitionProvider.maybeScheduleAutoPackDownload():205 maybeScheduleAutoPackDownload() for language tag en-US
10-18 04:47:30.355  5589  5589 I PkModeUpdater: PkModeUpdater.onActivate():74 onActivate false true
10-18 04:47:30.355  5589  5589 I AccessoryInputModeManager: AccessoryInputModeManager.onModeStarted():318 Accessory input mode started: null
10-18 04:47:30.355  5589  5589 W SupplementaryKeyboardsWrapper: SupplementaryKeyboardsWrapper.deactivateKeyboard():161 keyboard accessory_candidates_consumer is not activated before!
10-18 04:47:30.356  5589  5589 I KeyboardModeUtils: KeyboardModeUtils.getKeyboardBottomOffset():435 inch: 0.000000 ydpi: 387.429993 adjustKeyboardBottomByDisplaySize: false currentDensityDpi: 440 defaultDensityDpi: 440 keyboardBottomToScreenPx: 0 keyboardBottomToNavBarPx: -116 navBarHeight: 116
10-18 04:47:30.356  5589  5589 I KeyboardHeightUtil: KeyboardHeightUtil.calculateMaxKeyboardBodyHeight():50 leave 267 height for app when ime window height:2171, header height:121 and isFullscreenMode:false, so the max keyboard body height is:1783
10-18 04:47:30.356  5589  5589 I KeyboardHeightUtil: KeyboardHeightUtil.calculateMaxKeyboardBodyHeight():50 leave 267 height for app when ime window height:2171, header height:121 and isFullscreenMode:false, so the max keyboard body height is:1783
10-18 04:47:30.356  5589  5589 I AndroidIME: KeyboardViewManager.updateKeyboardBodyViewHolderPaddingBottom():472 Set finalPaddingBottom = 5 while holderPaddingBottom = 5; navigationHeight = 116
10-18 04:47:30.356  5589  5589 I KeyboardHeightUtil: KeyboardHeightUtil.calculateMaxKeyboardBodyHeight():50 leave 267 height for app when ime window height:2171, header height:121 and isFullscreenMode:false, so the max keyboard body height is:1783
10-18 04:47:30.356  5589  5589 I KeyboardHeightUtil: KeyboardHeightUtil.calculateMaxKeyboardBodyHeight():50 leave 267 height for app when ime window height:2171, header height:121 and isFullscreenMode:false, so the max keyboard body height is:1783
10-18 04:47:30.356  5589  5589 W ExtensionWrapper: ExtensionWrapper.setExtensionViewVisibility():811 interface mas is not activate
10-18 04:47:30.357  5589  5589 I Module  : DeviceLockedStatusModuleProvider$Module.updateDeviceLockedStatus():100 repeatCheckTimes = 1, locked = false
10-18 04:47:30.357  5589  5589 I HardKeyTracker: HardKeyTracker.unregisterKeySequence():221 Unregister key sequence nfz{labelResId=2132020501, callback=cgp@7aeaf1c, lastModifier=2, keyCodes=[48], actions=[0]}
10-18 04:47:30.357  5589  5589 I HardKeyTracker: HardKeyTracker.registerKeySequence():170 Register key sequence nfz{labelResId=2132020501, callback=cgp@95bcfc, lastModifier=2, keyCodes=[48], actions=[0]}
10-18 04:47:30.357  5589  5589 I HardKeyTracker: HardKeyTracker.unregisterKeySequence():221 Unregister key sequence nfz{labelResId=2132020501, callback=cgp@82630a1, lastModifier=2, keyCodes=[48], actions=[0]}
10-18 04:47:30.357  5589  5589 I HardKeyTracker: HardKeyTracker.registerKeySequence():170 Register key sequence nfz{labelResId=2132020501, callback=cgp@cfb7f01, lastModifier=2, keyCodes=[48], actions=[0]}
10-18 04:47:30.358  5589  5589 I HardKeyTracker: HardKeyTracker.unregisterKeySequence():221 Unregister key sequence nfz{labelResId=2132020497, callback=cgp@1673c05, lastModifier=2, keyCodes=[56], actions=[0]}
10-18 04:47:30.358  5589  5589 I HardKeyTracker: HardKeyTracker.unregisterKeySequence():221 Unregister key sequence nfz{labelResId=2132020497, callback=cgp@3864368, lastModifier=0, keyCodes=[317], actions=[0]}
10-18 04:47:30.358  5589  5589 I HardKeyTracker: HardKeyTracker.registerKeySequence():170 Register key sequence nfz{labelResId=2132020497, callback=cgp@ff93100, lastModifier=2, keyCodes=[56], actions=[0]}
10-18 04:47:30.358  5589  5589 I HardKeyTracker: HardKeyTracker.registerKeySequence():170 Register key sequence nfz{labelResId=2132020497, callback=cgp@f2fccdf, lastModifier=0, keyCodes=[317], actions=[0]}
10-18 04:47:30.359  5589  5589 I HardKeyTracker: HardKeyTracker.unregisterKeySequence():221 Unregister key sequence nfz{labelResId=2132020502, callback=cgp@405e6bd, lastModifier=2, keyCodes=[32], actions=[0]}
10-18 04:47:30.359  5589  5589 I HardKeyTracker: HardKeyTracker.registerKeySequence():170 Register key sequence nfz{labelResId=2132020502, callback=cgp@aec2018, lastModifier=2, keyCodes=[32], actions=[0]}
10-18 04:47:30.360  5589  5589 I HardKeyTracker: HardKeyTracker.unregisterKeySequence():221 Unregister key sequence nfz{labelResId=2132020502, callback=cgp@3be780a, lastModifier=2, keyCodes=[32], actions=[0]}
10-18 04:47:30.360  5589  5589 I HardKeyTracker: HardKeyTracker.registerKeySequence():170 Register key sequence nfz{labelResId=2132020502, callback=cgp@b3e1465, lastModifier=2, keyCodes=[32], actions=[0]}
10-18 04:47:30.360  5589  5589 I StylusModule: StylusModule.onUpdateToolType():800 Update tool type = 1
10-18 04:47:30.361  5589  5589 I StylusModule: StylusModule.onUpdateToolType():800 Update tool type = 1
10-18 04:47:30.363 27157 27157 D InsetsController: show(ime(), fromIme=true)
10-18 04:47:30.363 27157 27157 I ImeTracker: com.a1taxi.driverpro:35613ffa: onCancelled at PHASE_CLIENT_APPLY_ANIMATION
10-18 04:47:30.365 27157 27157 D InsetsController: show(ime(), fromIme=true)
10-18 04:47:30.365 27157 27157 I ImeTracker: com.a1taxi.driverpro:cbbb2c52: onCancelled at PHASE_CLIENT_APPLY_ANIMATION
10-18 04:47:30.368  5589  5589 I KeyboardModeUtils: KeyboardModeUtils.getKeyboardBottomOffset():435 inch: 0.000000 ydpi: 387.429993 adjustKeyboardBottomByDisplaySize: false currentDensityDpi: 440 defaultDensityDpi: 440 keyboardBottomToScreenPx: 0 keyboardBottomToNavBarPx: -116 navBarHeight: 116
10-18 04:47:30.368  5589  5589 I KeyboardHeightUtil: KeyboardHeightUtil.calculateMaxKeyboardBodyHeight():50 leave 267 height for app when ime window height:2171, header height:121 and isFullscreenMode:false, so the max keyboard body height is:1783
10-18 04:47:30.368  5589  5589 I KeyboardHeightUtil: KeyboardHeightUtil.calculateMaxKeyboardBodyHeight():50 leave 267 height for app when ime window height:2171, header height:121 and isFullscreenMode:false, so the max keyboard body height is:1783
10-18 04:47:30.368  5589  5589 I AndroidIME: KeyboardViewManager.updateKeyboardBodyViewHolderPaddingBottom():472 Set finalPaddingBottom = 5 while holderPaddingBottom = 5; navigationHeight = 116
10-18 04:47:30.368  5589  5589 I WindowMetricsNotification: WindowMetricsNotification.notifyWithWindow():166 
10-18 04:47:30.368  5589  5589 I WindowMetricsNotification: WindowMetricsNotification.notify():159 pfu[bounds=Rect(0, 105 - 1080, 2392), insets=Rect(0, 0 - 0, 116), densityDpi=440, smallestScreenWidthDp=393, displayWidth=1080, displayHeight=2392, xdpi=387.43, ydpi=387.43, isTrustable=true, displayId=0]; DisplayMetrics{density=2.75, width=1080, height=2392, scaledDensity=2.75, xdpi=387.43, ydpi=387.43}
10-18 04:47:30.374  5589  5589 I GoogleInputMethodService: GoogleInputMethodService$1.onKeyboardViewShown():325 onKeyboardViewShown: keyboardType=prime, keyboardViewType=HEADER keyboardView=com.google.android.libraries.inputmethod.widgets.SoftKeyboardView{b41a1a9 V.E...... ........ 0,0-1080,121}
10-18 04:47:30.374  5589  5589 I KeyboardHeightUtil: KeyboardHeightUtil.calculateMaxKeyboardBodyHeight():50 leave 267 height for app when ime window height:2171, header height:121 and isFullscreenMode:false, so the max keyboard body height is:1783
10-18 04:47:30.375  5589  5589 I GoogleInputMethodService: GoogleInputMethodService$1.onKeyboardViewShown():325 onKeyboardViewShown: keyboardType=prime, keyboardViewType=BODY keyboardView=com.google.android.libraries.inputmethod.widgets.SoftKeyboardView{c4aa611 V.E...... ........ 0,0-1080,693}
10-18 04:47:30.375  5589  5589 I KeyboardHeightUtil: KeyboardHeightUtil.calculateMaxKeyboardBodyHeight():50 leave 267 height for app when ime window height:2171, header height:121 and isFullscreenMode:false, so the max keyboard body height is:1783
10-18 04:47:30.375  5589  5589 I GlobeKeyExtension: GlobeKeyExtension$1.onKeyboardViewShown():72 maybeDisableLanguageSwitchKeyPref when the keyboard is shown
10-18 04:47:30.375  5589  5589 I GlobeKeyExtension: GlobeKeyExtension.maybeDisableLanguageSwitchKeyPref():200 maybeDisableLanguageSwitchKeyPref hasGlobeKeyBeenDisabled: false, shouldDisableLanguageSwitchKey: false
10-18 04:47:30.375  5589  5589 I NewLanguagePromptExtension: NewLanguagePromptExtension$1.onKeyboardViewShown():88 Not show new language banner: not prime keyboard, or the extension not activated.
10-18 04:47:30.376  3458  3458 V InlinePresentationRendererServiceImpl: onRenderSuggestion: width=-2, height=-2
