10-18 20:17:17.041 15708 19060 I ReactNativeJS:      per_minute_rate: 0,
10-18 20:17:17.041 15708 19060 I ReactNativeJS:      minimum_fare: 0,
10-18 20:17:17.041 15708 19060 I ReactNativeJS:      surge_multiplier: 1,
10-18 20:17:17.041 15708 19060 I ReactNativeJS:      platform_fee_percent: 0 },
10-18 20:17:17.041 15708 19060 I ReactNativeJS:   deadheadInfo: 
10-18 20:17:17.041 15708 19060 I ReactNativeJS:    { applied: true,
10-18 20:17:17.041 15708 19060 I ReactNativeJS:      reason: 'Between Inner and Outer Ring',
10-18 20:17:17.041 15708 19060 I ReactNativeJS:      deadheadDistance: 11.025914915977474,
10-18 20:17:17.041 15708 19060 I ReactNativeJS:      deadheadCharge: 137.82393644971842,
10-18 20:17:17.041 15708 19060 I ReactNativeJS:      zoneStatus: 'Between Inner and Outer Ring' } }
10-18 20:17:17.041 15708 19060 I ReactNativeJS: âœ… [FARE-CALC] ===== EDGE FUNCTION SUCCESS WITH DEADHEAD FOR BAGALUR =====
10-18 20:17:17.042 15708 19060 I ReactNativeJS: 'âœ… [FARE-CALC] Complete fare breakdown:', { baseFare: 'â‚¹145',
10-18 20:17:17.042 15708 19060 I ReactNativeJS:   distanceFare: 'â‚¹164',
10-18 20:17:17.042 15708 19060 I ReactNativeJS:   timeFare: 'â‚¹0',
10-18 20:17:17.042 15708 19060 I ReactNativeJS:   surgeFare: 'â‚¹0',
10-18 20:17:17.042 15708 19060 I ReactNativeJS:   platformFee: 'â‚¹0',
10-18 20:17:17.042 15708 19060 I ReactNativeJS:   deadheadCharge: 'â‚¹138',
10-18 20:17:17.042 15708 19060 I ReactNativeJS:   deadheadDistance: '11.03km',
10-18 20:17:17.042 15708 19060 I ReactNativeJS:   totalFare: 'â‚¹447',
10-18 20:17:17.042 15708 19060 I ReactNativeJS:   deadheadInfo: 
10-18 20:17:17.042 15708 19060 I ReactNativeJS:    { applied: true,
10-18 20:17:17.042 15708 19060 I ReactNativeJS:      reason: 'Between Inner and Outer Ring',
10-18 20:17:17.042 15708 19060 I ReactNativeJS:      deadheadDistance: 11.025914915977474,
10-18 20:17:17.042 15708 19060 I ReactNativeJS:      deadheadCharge: 137.82393644971842,
10-18 20:17:17.042 15708 19060 I ReactNativeJS:      zoneStatus: 'Between Inner and Outer Ring' },
10-18 20:17:17.042 15708 19060 I ReactNativeJS:   formula: 'â‚¹145 + â‚¹164 + â‚¹0 + â‚¹0 + â‚¹0 + â‚¹138 = â‚¹447',
10-18 20:17:17.042 15708 19060 I ReactNativeJS:   bagalurSpecific: 'This should show deadhead charges for Bagalur destination' }
10-18 20:17:17.043 15708 19060 I ReactNativeJS: 'âœ… [FARE-CALC] Deadhead analysis for Bagalur:', { destination: { latitude: 12.8303987, longitude: 77.86623689999999 },
10-18 20:17:17.043 15708 19060 I ReactNativeJS:   deadheadApplied: true,
10-18 20:17:17.043 15708 19060 I ReactNativeJS:   deadheadReason: 'Between Inner and Outer Ring',
10-18 20:17:17.043 15708 19060 I ReactNativeJS:   zoneStatus: 'Between Inner and Outer Ring',
10-18 20:17:17.043 15708 19060 I ReactNativeJS:   expectedForBagalur: 'Should be between Inner and Outer Ring with deadhead charge' }
10-18 20:17:17.043 15708 19060 I ReactNativeJS: ðŸ’° [HOME] ===== FARE CALCULATION RESULT =====
10-18 20:17:17.045 15708 19060 I ReactNativeJS: 'âœ… [HOME] Fare breakdown received:', { baseFare: 'â‚¹145',
10-18 20:17:17.045 15708 19060 I ReactNativeJS:   distanceFare: 'â‚¹164',
10-18 20:17:17.045 15708 19060 I ReactNativeJS:   timeFare: 'â‚¹0',
10-18 20:17:17.045 15708 19060 I ReactNativeJS:   surgeFare: 'â‚¹0',
10-18 20:17:17.045 15708 19060 I ReactNativeJS:   platformFee: 'â‚¹0',
10-18 20:17:17.045 15708 19060 I ReactNativeJS:   deadheadCharge: 'â‚¹138',
10-18 20:17:17.045 15708 19060 I ReactNativeJS:   deadheadDistance: '11.03km',
10-18 20:17:17.045 15708 19060 I ReactNativeJS:   totalFare: 'â‚¹447',
10-18 20:17:17.045 15708 19060 I ReactNativeJS:   distance: '10.55km',
10-18 20:17:17.045 15708 19060 I ReactNativeJS:   duration: '15min',
10-18 20:17:17.045 15708 19060 I ReactNativeJS:   hasDeadheadCharge: true,
10-18 20:17:17.045 15708 19060 I ReactNativeJS:   isBagalurTrip: true,
10-18 20:17:17.045 15708 19060 I ReactNativeJS:   expectedDeadhead: 'YES' }
10-18 20:17:17.046 15708 19060 I ReactNativeJS: 'ðŸŽ¯ [HOME] âœ… DEADHEAD CHARGE APPLIED:', { destination: 'Bagalur, Tamil Nadu, India',
10-18 20:17:17.046 15708 19060 I ReactNativeJS:   deadheadCharge: 'â‚¹138',
10-18 20:17:17.046 15708 19060 I ReactNativeJS:   deadheadDistance: '11.03km',
10-18 20:17:17.046 15708 19060 I ReactNativeJS:   reason: 'Destination is between Inner Ring and Outer Ring' }
10-18 20:17:17.046 15708 19060 I ReactNativeJS: 'ðŸ’° [HOME] Calculating fares for all vehicle types based on', 'sedan', 'calculation'
10-18 20:17:17.046 15708 19060 I ReactNativeJS: ðŸ’° [HOME] hatchback (estimated): â‚¹447 (ratio-based from sedan)
10-18 20:17:17.046 15708 19060 I ReactNativeJS: ðŸ’° [HOME] hatchback_ac (estimated): â‚¹493 (ratio-based from sedan)
10-18 20:17:17.046 15708 19060 I ReactNativeJS: ðŸ’° [HOME] sedan (selected): â‚¹447 (exact calculation)
10-18 20:17:17.046 15708 19060 I ReactNativeJS: ðŸ’° [HOME] sedan_ac (estimated): â‚¹462 (ratio-based from sedan)
10-18 20:17:17.046 15708 19060 I ReactNativeJS: ðŸ’° [HOME] suv (estimated): â‚¹762 (ratio-based from sedan)
10-18 20:17:17.046 15708 19060 I ReactNativeJS: ðŸ’° [HOME] suv_ac (estimated): â‚¹1923 (ratio-based from sedan)
10-18 20:17:17.048 15708 19060 I ReactNativeJS: 'ðŸ’° [UI] Displaying fare for hatchback:', { fare: 447,
10-18 20:17:17.048 15708 19060 I ReactNativeJS:   isSelected: false,
10-18 20:17:17.048 15708 19060 I ReactNativeJS:   showingCalculated: true,
10-18 20:17:17.048 15708 19060 I ReactNativeJS:   source: 'calculated' }
10-18 20:17:17.051 15708 19060 I ReactNativeJS: 'ðŸ’° [UI] Displaying fare for hatchback_ac:', { fare: 493,
10-18 20:17:17.051 15708 19060 I ReactNativeJS:   isSelected: false,
10-18 20:17:17.051 15708 19060 I ReactNativeJS:   showingCalculated: true,
10-18 20:17:17.051 15708 19060 I ReactNativeJS:   source: 'calculated' }
10-18 20:17:17.053 15708 19060 I ReactNativeJS: 'ðŸ’° [UI] Displaying fare for sedan:', { fare: 447,
10-18 20:17:17.053 15708 19060 I ReactNativeJS:   isSelected: true,
10-18 20:17:17.053 15708 19060 I ReactNativeJS:   showingCalculated: true,
10-18 20:17:17.053 15708 19060 I ReactNativeJS:   source: 'calculated' }
10-18 20:17:17.053 15708 19060 I ReactNativeJS: 'ðŸ’° [UI] Displaying fare for sedan_ac:', { fare: 462,
10-18 20:17:17.053 15708 19060 I ReactNativeJS:   isSelected: false,
10-18 20:17:17.053 15708 19060 I ReactNativeJS:   showingCalculated: true,
10-18 20:17:17.053 15708 19060 I ReactNativeJS:   source: 'calculated' }
10-18 20:17:17.054 15708 19060 I ReactNativeJS: 'ðŸ’° [UI] Displaying fare for suv:', { fare: 762,
10-18 20:17:17.054 15708 19060 I ReactNativeJS:   isSelected: false,
10-18 20:17:17.054 15708 19060 I ReactNativeJS:   showingCalculated: true,
10-18 20:17:17.054 15708 19060 I ReactNativeJS:   source: 'calculated' }
10-18 20:17:17.055 15708 19060 I ReactNativeJS: 'ðŸ’° [UI] Displaying fare for suv_ac:', { fare: 1923,
10-18 20:17:17.055 15708 19060 I ReactNativeJS:   isSelected: false,
10-18 20:17:17.055 15708 19060 I ReactNativeJS:   showingCalculated: true,
10-18 20:17:17.055 15708 19060 I ReactNativeJS:   source: 'calculated' }
10-18 20:17:17.073 15708 19060 I ReactNativeJS: 'ðŸ’° [HOME] All vehicle fares calculated:', { hatchback: 447,
10-18 20:17:17.073 15708 19060 I ReactNativeJS:   hatchback_ac: 493,
10-18 20:17:17.073 15708 19060 I ReactNativeJS:   sedan: 447,
10-18 20:17:17.073 15708 19060 I ReactNativeJS:   sedan_ac: 462,
10-18 20:17:17.073 15708 19060 I ReactNativeJS:   suv: 762,
10-18 20:17:17.073 15708 19060 I ReactNativeJS:   suv_ac: 1923 }
10-18 20:17:17.074 15708 19060 I ReactNativeJS: 'ðŸ’° [UI] Displaying fare for hatchback:', { fare: 447,
10-18 20:17:17.074 15708 19060 I ReactNativeJS:   isSelected: false,
10-18 20:17:17.074 15708 19060 I ReactNativeJS:   showingCalculated: true,
10-18 20:17:17.074 15708 19060 I ReactNativeJS:   source: 'calculated' }
10-18 20:17:17.075 15708 19060 I ReactNativeJS: 'ðŸ’° [UI] Displaying fare for hatchback_ac:', { fare: 493,
10-18 20:17:17.075 15708 19060 I ReactNativeJS:   isSelected: false,
10-18 20:17:17.075 15708 19060 I ReactNativeJS:   showingCalculated: true,
10-18 20:17:17.075 15708 19060 I ReactNativeJS:   source: 'calculated' }
10-18 20:17:17.076 15708 19060 I ReactNativeJS: 'ðŸ’° [UI] Displaying fare for sedan:', { fare: 447,
10-18 20:17:17.076 15708 19060 I ReactNativeJS:   isSelected: true,
10-18 20:17:17.076 15708 19060 I ReactNativeJS:   showingCalculated: true,
10-18 20:17:17.076 15708 19060 I ReactNativeJS:   source: 'calculated' }
10-18 20:17:17.076 15708 19060 I ReactNativeJS: 'ðŸ’° [UI] Displaying fare for sedan_ac:', { fare: 462,
10-18 20:17:17.076 15708 19060 I ReactNativeJS:   isSelected: false,
10-18 20:17:17.076 15708 19060 I ReactNativeJS:   showingCalculated: true,
10-18 20:17:17.076 15708 19060 I ReactNativeJS:   source: 'calculated' }
10-18 20:17:17.077 15708 19060 I ReactNativeJS: 'ðŸ’° [UI] Displaying fare for suv:', { fare: 762,
10-18 20:17:17.077 15708 19060 I ReactNativeJS:   isSelected: false,
10-18 20:17:17.077 15708 19060 I ReactNativeJS:   showingCalculated: true,
10-18 20:17:17.077 15708 19060 I ReactNativeJS:   source: 'calculated' }
10-18 20:17:17.077 15708 19060 I ReactNativeJS: 'ðŸ’° [UI] Displaying fare for suv_ac:', { fare: 1923,
10-18 20:17:17.077 15708 19060 I ReactNativeJS:   isSelected: false,
10-18 20:17:17.077 15708 19060 I ReactNativeJS:   showingCalculated: true,
10-18 20:17:17.077 15708 19060 I ReactNativeJS:   source: 'calculated' }
10-18 20:17:17.091 15708 19060 I ReactNativeJS: 'ðŸ’° [UI] Displaying fare for hatchback:', { fare: 447,
10-18 20:17:17.091 15708 19060 I ReactNativeJS:   isSelected: false,
10-18 20:17:17.091 15708 19060 I ReactNativeJS:   showingCalculated: true,
10-18 20:17:17.091 15708 19060 I ReactNativeJS:   source: 'calculated' }
10-18 20:17:17.092 15708 19060 I ReactNativeJS: 'ðŸ’° [UI] Displaying fare for hatchback_ac:', { fare: 493,
10-18 20:17:17.092 15708 19060 I ReactNativeJS:   isSelected: false,
10-18 20:17:17.092 15708 19060 I ReactNativeJS:   showingCalculated: true,
10-18 20:17:17.092 15708 19060 I ReactNativeJS:   source: 'calculated' }
10-18 20:17:17.093 15708 19060 I ReactNativeJS: 'ðŸ’° [UI] Displaying fare for sedan:', { fare: 447,
10-18 20:17:17.093 15708 19060 I ReactNativeJS:   isSelected: true,
10-18 20:17:17.093 15708 19060 I ReactNativeJS:   showingCalculated: true,
10-18 20:17:17.093 15708 19060 I ReactNativeJS:   source: 'calculated' }
10-18 20:17:17.094 15708 19060 I ReactNativeJS: 'ðŸ’° [UI] Displaying fare for sedan_ac:', { fare: 462,
10-18 20:17:17.094 15708 19060 I ReactNativeJS:   isSelected: false,
10-18 20:17:17.094 15708 19060 I ReactNativeJS:   showingCalculated: true,
10-18 20:17:17.094 15708 19060 I ReactNativeJS:   source: 'calculated' }
10-18 20:17:17.095 15708 19060 I ReactNativeJS: 'ðŸ’° [UI] Displaying fare for suv:', { fare: 762,
10-18 20:17:17.095 15708 19060 I ReactNativeJS:   isSelected: false,
10-18 20:17:17.095 15708 19060 I ReactNativeJS:   showingCalculated: true,
10-18 20:17:17.095 15708 19060 I ReactNativeJS:   source: 'calculated' }
10-18 20:17:17.096 15708 19060 I ReactNativeJS: 'ðŸ’° [UI] Displaying fare for suv_ac:', { fare: 1923,
10-18 20:17:17.096 15708 19060 I ReactNativeJS:   isSelected: false,
10-18 20:17:17.096 15708 19060 I ReactNativeJS:   showingCalculated: true,
10-18 20:17:17.096 15708 19060 I ReactNativeJS:   source: 'calculated' }
10-18 20:17:17.312 15708 19060 I ReactNativeJS: ðŸš¨ [DEBUG] Driver location polling interval triggered
10-18 20:17:17.335 15708 19060 I ReactNativeJS: 'ðŸ“¡ [FARE-CALC] Edge function response status:', 200
10-18 20:17:17.339 15708 19060 I ReactNativeJS: 'ðŸ“Š [FARE-CALC] Edge function raw result for Bagalur:', { success: true,
10-18 20:17:17.339 15708 19060 I ReactNativeJS:   fareBreakdown: 
10-18 20:17:17.339 15708 19060 I ReactNativeJS:    { baseFare: 145,
10-18 20:17:17.339 15708 19060 I ReactNativeJS:      distanceFare: 164,
10-18 20:17:17.339 15708 19060 I ReactNativeJS:      timeFare: 0,
10-18 20:17:17.339 15708 19060 I ReactNativeJS:      surgeFare: 0,
10-18 20:17:17.339 15708 19060 I ReactNativeJS:      platformFee: 0,
10-18 20:17:17.339 15708 19060 I ReactNativeJS:      deadheadCharge: 138,
10-18 20:17:17.339 15708 19060 I ReactNativeJS:      totalFare: 447,
10-18 20:17:17.339 15708 19060 I ReactNativeJS:      distance: 10.55,
10-18 20:17:17.339 15708 19060 I ReactNativeJS:      duration: 15,
10-18 20:17:17.339 15708 19060 I ReactNativeJS:      deadheadDistance: 11.03 },
10-18 20:17:17.339 15708 19060 I ReactNativeJS:   config: 
10-18 20:17:17.339 15708 19060 I ReactNativeJS:    { vehicle_type: 'sedan',
10-18 20:17:17.339 15708 19060 I ReactNativeJS:      base_fare: 145,
10-18 20:17:17.339 15708 19060 I ReactNativeJS:      per_km_rate: 25,
10-18 20:17:17.339 15708 19060 I ReactNativeJS:      per_minute_rate: 0,
10-18 20:17:17.339 15708 19060 I ReactNativeJS:      minimum_fare: 0,
10-18 20:17:17.339 15708 19060 I ReactNativeJS:      surge_multiplier: 1,
10-18 20:17:17.339 15708 19060 I ReactNativeJS:      platform_fee_percent: 0 },
10-18 20:17:17.339 15708 19060 I ReactNativeJS:   deadheadInfo: 
10-18 20:17:17.339 15708 19060 I ReactNativeJS:    { applied: true,
10-18 20:17:17.339 15708 19060 I ReactNativeJS:      reason: 'Between Inner and Outer Ring',
10-18 20:17:17.339 15708 19060 I ReactNativeJS:      deadheadDistance: 11.025914915977474,
10-18 20:17:17.339 15708 19060 I ReactNativeJS:      deadheadCharge: 137.82393644971842,
10-18 20:17:17.339 15708 19060 I ReactNativeJS:      zoneStatus: 'Between Inner and Outer Ring' } }
10-18 20:17:17.339 15708 19060 I ReactNativeJS: âœ… [FARE-CALC] ===== EDGE FUNCTION SUCCESS WITH DEADHEAD FOR BAGALUR =====
10-18 20:17:17.340 15708 19060 I ReactNativeJS: 'âœ… [FARE-CALC] Complete fare breakdown:', { baseFare: 'â‚¹145',
10-18 20:17:17.340 15708 19060 I ReactNativeJS:   distanceFare: 'â‚¹164',
10-18 20:17:17.340 15708 19060 I ReactNativeJS:   timeFare: 'â‚¹0',
10-18 20:17:17.340 15708 19060 I ReactNativeJS:   surgeFare: 'â‚¹0',
10-18 20:17:17.340 15708 19060 I ReactNativeJS:   platformFee: 'â‚¹0',
10-18 20:17:17.340 15708 19060 I ReactNativeJS:   deadheadCharge: 'â‚¹138',
10-18 20:17:17.340 15708 19060 I ReactNativeJS:   deadheadDistance: '11.03km',
10-18 20:17:17.340 15708 19060 I ReactNativeJS:   totalFare: 'â‚¹447',
10-18 20:17:17.340 15708 19060 I ReactNativeJS:   deadheadInfo: 
10-18 20:17:17.340 15708 19060 I ReactNativeJS:    { applied: true,
10-18 20:17:17.340 15708 19060 I ReactNativeJS:      reason: 'Between Inner and Outer Ring',
10-18 20:17:17.340 15708 19060 I ReactNativeJS:      deadheadDistance: 11.025914915977474,
10-18 20:17:17.340 15708 19060 I ReactNativeJS:      deadheadCharge: 137.82393644971842,
10-18 20:17:17.340 15708 19060 I ReactNativeJS:      zoneStatus: 'Between Inner and Outer Ring' },
10-18 20:17:17.340 15708 19060 I ReactNativeJS:   formula: 'â‚¹145 + â‚¹164 + â‚¹0 + â‚¹0 + â‚¹0 + â‚¹138 = â‚¹447',
10-18 20:17:17.340 15708 19060 I ReactNativeJS:   bagalurSpecific: 'This should show deadhead charges for Bagalur destination' }
10-18 20:17:17.340 15708 19060 I ReactNativeJS: 'âœ… [FARE-CALC] Deadhead analysis for Bagalur:', { destination: { latitude: 12.8303987, longitude: 77.86623689999999 },
10-18 20:17:17.340 15708 19060 I ReactNativeJS:   deadheadApplied: true,
10-18 20:17:17.340 15708 19060 I ReactNativeJS:   deadheadReason: 'Between Inner and Outer Ring',
10-18 20:17:17.340 15708 19060 I ReactNativeJS:   zoneStatus: 'Between Inner and Outer Ring',
10-18 20:17:17.340 15708 19060 I ReactNativeJS:   expectedForBagalur: 'Should be between Inner and Outer Ring with deadhead charge' }
10-18 20:17:17.340 15708 19060 I ReactNativeJS: ðŸ’° [HOME] ===== FARE CALCULATION RESULT =====
10-18 20:17:17.341 15708 19060 I ReactNativeJS: 'âœ… [HOME] Fare breakdown received:', { baseFare: 'â‚¹145',
10-18 20:17:17.341 15708 19060 I ReactNativeJS:   distanceFare: 'â‚¹164',
10-18 20:17:17.341 15708 19060 I ReactNativeJS:   timeFare: 'â‚¹0',
10-18 20:17:17.341 15708 19060 I ReactNativeJS:   surgeFare: 'â‚¹0',
10-18 20:17:17.341 15708 19060 I ReactNativeJS:   platformFee: 'â‚¹0',
10-18 20:17:17.341 15708 19060 I ReactNativeJS:   deadheadCharge: 'â‚¹138',
10-18 20:17:17.341 15708 19060 I ReactNativeJS:   deadheadDistance: '11.03km',
10-18 20:17:17.341 15708 19060 I ReactNativeJS:   totalFare: 'â‚¹447',
10-18 20:17:17.341 15708 19060 I ReactNativeJS:   distance: '10.55km',
10-18 20:17:17.341 15708 19060 I ReactNativeJS:   duration: '15min',
10-18 20:17:17.341 15708 19060 I ReactNativeJS:   hasDeadheadCharge: true,
10-18 20:17:17.341 15708 19060 I ReactNativeJS:   isBagalurTrip: true,
10-18 20:17:17.341 15708 19060 I ReactNativeJS:   expectedDeadhead: 'YES' }
10-18 20:17:17.341 15708 19060 I ReactNativeJS: 'ðŸŽ¯ [HOME] âœ… DEADHEAD CHARGE APPLIED:', { destination: 'Bagalur, Tamil Nadu, India',
10-18 20:17:17.341 15708 19060 I ReactNativeJS:   deadheadCharge: 'â‚¹138',
10-18 20:17:17.341 15708 19060 I ReactNativeJS:   deadheadDistance: '11.03km',
10-18 20:17:17.341 15708 19060 I ReactNativeJS:   reason: 'Destination is between Inner Ring and Outer Ring' }
10-18 20:17:17.341 15708 19060 I ReactNativeJS: 'ðŸ’° [HOME] Calculating fares for all vehicle types based on', 'sedan', 'calculation'
10-18 20:17:17.341 15708 19060 I ReactNativeJS: ðŸ’° [HOME] hatchback (estimated): â‚¹447 (ratio-based from sedan)
10-18 20:17:17.341 15708 19060 I ReactNativeJS: ðŸ’° [HOME] hatchback_ac (estimated): â‚¹493 (ratio-based from sedan)
10-18 20:17:17.341 15708 19060 I ReactNativeJS: ðŸ’° [HOME] sedan (selected): â‚¹447 (exact calculation)
10-18 20:17:17.341 15708 19060 I ReactNativeJS: ðŸ’° [HOME] sedan_ac (estimated): â‚¹462 (ratio-based from sedan)
10-18 20:17:17.341 15708 19060 I ReactNativeJS: ðŸ’° [HOME] suv (estimated): â‚¹762 (ratio-based from sedan)
10-18 20:17:17.341 15708 19060 I ReactNativeJS: ðŸ’° [HOME] suv_ac (estimated): â‚¹1923 (ratio-based from sedan)
10-18 20:17:17.342 15708 19060 I ReactNativeJS: 'ðŸ’° [UI] Displaying fare for hatchback:', { fare: 447,
10-18 20:17:17.342 15708 19060 I ReactNativeJS:   isSelected: false,
10-18 20:17:17.342 15708 19060 I ReactNativeJS:   showingCalculated: true,
10-18 20:17:17.342 15708 19060 I ReactNativeJS:   source: 'calculated' }
10-18 20:17:17.343 15708 19060 I ReactNativeJS: 'ðŸ’° [UI] Displaying fare for hatchback_ac:', { fare: 493,
10-18 20:17:17.343 15708 19060 I ReactNativeJS:   isSelected: false,
10-18 20:17:17.343 15708 19060 I ReactNativeJS:   showingCalculated: true,
10-18 20:17:17.343 15708 19060 I ReactNativeJS:   source: 'calculated' }
10-18 20:17:17.344 15708 19060 I ReactNativeJS: 'ðŸ’° [UI] Displaying fare for sedan:', { fare: 447,
10-18 20:17:17.344 15708 19060 I ReactNativeJS:   isSelected: true,
10-18 20:17:17.344 15708 19060 I ReactNativeJS:   showingCalculated: true,
10-18 20:17:17.344 15708 19060 I ReactNativeJS:   source: 'calculated' }
10-18 20:17:17.346 15708 19060 I ReactNativeJS: 'ðŸ’° [UI] Displaying fare for sedan_ac:', { fare: 462,
10-18 20:17:17.346 15708 19060 I ReactNativeJS:   isSelected: false,
10-18 20:17:17.346 15708 19060 I ReactNativeJS:   showingCalculated: true,
10-18 20:17:17.346 15708 19060 I ReactNativeJS:   source: 'calculated' }
10-18 20:17:17.347 15708 19060 I ReactNativeJS: 'ðŸ’° [UI] Displaying fare for suv:', { fare: 762,
10-18 20:17:17.347 15708 19060 I ReactNativeJS:   isSelected: false,
10-18 20:17:17.347 15708 19060 I ReactNativeJS:   showingCalculated: true,
10-18 20:17:17.347 15708 19060 I ReactNativeJS:   source: 'calculated' }
10-18 20:17:17.348 15708 19060 I ReactNativeJS: 'ðŸ’° [UI] Displaying fare for suv_ac:', { fare: 1923,
10-18 20:17:17.348 15708 19060 I ReactNativeJS:   isSelected: false,
10-18 20:17:17.348 15708 19060 I ReactNativeJS:   showingCalculated: true,
10-18 20:17:17.348 15708 19060 I ReactNativeJS:   source: 'calculated' }
10-18 20:17:17.366 15708 19060 I ReactNativeJS: 'ðŸ’° [HOME] All vehicle fares calculated:', { hatchback: 447,
10-18 20:17:17.366 15708 19060 I ReactNativeJS:   hatchback_ac: 493,
10-18 20:17:17.366 15708 19060 I ReactNativeJS:   sedan: 447,
10-18 20:17:17.366 15708 19060 I ReactNativeJS:   sedan_ac: 462,
10-18 20:17:17.366 15708 19060 I ReactNativeJS:   suv: 762,
10-18 20:17:17.366 15708 19060 I ReactNativeJS:   suv_ac: 1923 }
10-18 20:17:17.367 15708 19060 I ReactNativeJS: 'ðŸ’° [UI] Displaying fare for hatchback:', { fare: 447,
10-18 20:17:17.367 15708 19060 I ReactNativeJS:   isSelected: false,
10-18 20:17:17.367 15708 19060 I ReactNativeJS:   showingCalculated: true,
10-18 20:17:17.367 15708 19060 I ReactNativeJS:   source: 'calculated' }
10-18 20:17:17.368 15708 19060 I ReactNativeJS: 'ðŸ’° [UI] Displaying fare for hatchback_ac:', { fare: 493,
10-18 20:17:17.368 15708 19060 I ReactNativeJS:   isSelected: false,
10-18 20:17:17.368 15708 19060 I ReactNativeJS:   showingCalculated: true,
10-18 20:17:17.368 15708 19060 I ReactNativeJS:   source: 'calculated' }
10-18 20:17:17.369 15708 19060 I ReactNativeJS: 'ðŸ’° [UI] Displaying fare for sedan:', { fare: 447,
10-18 20:17:17.369 15708 19060 I ReactNativeJS:   isSelected: true,
10-18 20:17:17.369 15708 19060 I ReactNativeJS:   showingCalculated: true,
10-18 20:17:17.369 15708 19060 I ReactNativeJS:   source: 'calculated' }
10-18 20:17:17.370 15708 19060 I ReactNativeJS: 'ðŸ’° [UI] Displaying fare for sedan_ac:', { fare: 462,
10-18 20:17:17.370 15708 19060 I ReactNativeJS:   isSelected: false,
10-18 20:17:17.370 15708 19060 I ReactNativeJS:   showingCalculated: true,
10-18 20:17:17.370 15708 19060 I ReactNativeJS:   source: 'calculated' }
10-18 20:17:17.370 15708 19060 I ReactNativeJS: 'ðŸ’° [UI] Displaying fare for suv:', { fare: 762,
10-18 20:17:17.370 15708 19060 I ReactNativeJS:   isSelected: false,
10-18 20:17:17.370 15708 19060 I ReactNativeJS:   showingCalculated: true,
10-18 20:17:17.370 15708 19060 I ReactNativeJS:   source: 'calculated' }
10-18 20:17:17.371 15708 19060 I ReactNativeJS: 'ðŸ’° [UI] Displaying fare for suv_ac:', { fare: 1923,
10-18 20:17:17.371 15708 19060 I ReactNativeJS:   isSelected: false,
10-18 20:17:17.371 15708 19060 I ReactNativeJS:   showingCalculated: true,
10-18 20:17:17.371 15708 19060 I ReactNativeJS:   source: 'calculated' }
10-18 20:17:17.384 15708 19060 I ReactNativeJS: 'ðŸ’° [UI] Displaying fare for hatchback:', { fare: 447,
10-18 20:17:17.384 15708 19060 I ReactNativeJS:   isSelected: false,
10-18 20:17:17.384 15708 19060 I ReactNativeJS:   showingCalculated: true,
10-18 20:17:17.384 15708 19060 I ReactNativeJS:   source: 'calculated' }
10-18 20:17:17.385 15708 19060 I ReactNativeJS: 'ðŸ’° [UI] Displaying fare for hatchback_ac:', { fare: 493,
10-18 20:17:17.385 15708 19060 I ReactNativeJS:   isSelected: false,
10-18 20:17:17.385 15708 19060 I ReactNativeJS:   showingCalculated: true,
10-18 20:17:17.385 15708 19060 I ReactNativeJS:   source: 'calculated' }
10-18 20:17:17.386 15708 19060 I ReactNativeJS: 'ðŸ’° [UI] Displaying fare for sedan:', { fare: 447,
10-18 20:17:17.386 15708 19060 I ReactNativeJS:   isSelected: true,
10-18 20:17:17.386 15708 19060 I ReactNativeJS:   showingCalculated: true,
10-18 20:17:17.386 15708 19060 I ReactNativeJS:   source: 'calculated' }
10-18 20:17:17.387 15708 19060 I ReactNativeJS: 'ðŸ’° [UI] Displaying fare for sedan_ac:', { fare: 462,
10-18 20:17:17.387 15708 19060 I ReactNativeJS:   isSelected: false,
10-18 20:17:17.387 15708 19060 I ReactNativeJS:   showingCalculated: true,
10-18 20:17:17.387 15708 19060 I ReactNativeJS:   source: 'calculated' }
10-18 20:17:17.387 15708 19060 I ReactNativeJS: 'ðŸ’° [UI] Displaying fare for suv:', { fare: 762,
10-18 20:17:17.387 15708 19060 I ReactNativeJS:   isSelected: false,
10-18 20:17:17.387 15708 19060 I ReactNativeJS:   showingCalculated: true,
10-18 20:17:17.387 15708 19060 I ReactNativeJS:   source: 'calculated' }
10-18 20:17:17.388 15708 19060 I ReactNativeJS: 'ðŸ’° [UI] Displaying fare for suv_ac:', { fare: 1923,
10-18 20:17:17.388 15708 19060 I ReactNativeJS:   isSelected: false,
10-18 20:17:17.388 15708 19060 I ReactNativeJS:   showingCalculated: true,
10-18 20:17:17.388 15708 19060 I ReactNativeJS:   source: 'calculated' }
10-18 20:17:17.466 26106 32461 I gle.android.gms: Explicit concurrent copying GC freed 10MB AllocSpace bytes, 27(956KB) LOS objects, 40% free, 34MB/58MB, paused 410us,143us total 656.600ms
10-18 20:17:17.486 26106 26118 W System  : A resource failed to call AbstractCursor.close. 
10-18 20:17:17.492 26106 26118 W System  : A resource failed to call close. 
10-18 20:17:17.492 26106 26118 W System  : A resource failed to call AbstractCursor.close. 
10-18 20:17:17.494 26106 26118 W System  : A resource failed to call close. 
10-18 20:17:17.494 26106 26118 W System  : A resource failed to call AbstractCursor.close. 
10-18 20:17:17.498 26106 26118 W System  : A resource failed to call close. 
10-18 20:17:17.584 26036 26104 W Settings: Setting airplane_mode_on has moved from android.provider.Settings.System to android.provider.Settings.Global, returning read-only value.
10-18 20:17:17.589 26036 32079 W SystemServiceRegistry: No service published for: wifirtt
10-18 20:17:17.601 26036 26620 I WifiScanner: onFullResults
10-18 20:17:17.601 26036 26052 I WifiScanner: onFullResults
10-18 20:17:17.602 26036 26669 I WifiScanner: onFullResults
10-18 20:17:17.610 26036 32447 I FrewleTileCacheManagerV: (REDACTED) Fetched %d AP models from cache
10-18 20:17:17.634 26036 26172 I FusedLocation: (REDACTED) location delivery to %s blocked - too fast
10-18 20:17:17.634 26036 26172 I FusedLocation: (REDACTED) location delivery to %s blocked - too close
10-18 20:17:17.635 26036 26172 I FusedLocation: (REDACTED) location delivery to %s blocked - too close
10-18 20:17:17.638 26036 26172 I FusedLocation: (REDACTED) location delivery to %s blocked - too close
10-18 20:17:17.638 26036 26172 I FusedLocation: (REDACTED) location delivery to %s blocked - too fast
10-18 20:17:17.643 26036 26172 I fyyu    : Received empty WiFi-RTT scan. [CONTEXT service_id=6 ]
10-18 20:17:19.261 26036 32437 I NearbyPresence: (REDACTED) %s verified [==] new request %s equals to the old request
10-18 20:17:19.380 15708 15708 I ScrollIdentify: on fling
10-18 20:17:19.484 26036 26172 I FusedLocation: (REDACTED) location delivery to %s blocked - too fast
10-18 20:17:19.484 26036 26172 I FusedLocation: (REDACTED) location delivery to %s blocked - too close
10-18 20:17:19.485 26036 26172 I FusedLocation: (REDACTED) location delivery to %s blocked - too close
10-18 20:17:19.486 26036 26172 I FusedLocation: (REDACTED) location delivery to %s blocked - too fast
10-18 20:17:19.488 26036 26172 I FusedLocation: (REDACTED) location delivery to %s blocked - too close
10-18 20:17:19.489 26036 26172 I FusedLocation: (REDACTED) location delivery to %s blocked - too fast
10-18 20:17:20.094 26036 26620 I NullBinder: NullBinder for com.google.android.gms.lockbox.service.START triggering remote TransactionTooLargeException due to Service without Chimera impl, calling uid: 10202, calling pid: 26106
10-18 20:17:20.094 26036 26620 W .gms.persistent: Large reply transaction of 1056768 bytes, interface descriptor , code 46
10-18 20:17:20.095 26106 26139 E IPCThreadState: Binder transaction failure. id: 441142772, BR_*: 29201, error: -28 (No space left on device)
10-18 20:17:20.095 26106 26139 E JavaBinder: !!! FAILED BINDER TRANSACTION !!!  (parcel size = 408)
10-18 20:17:20.095 26106 26139 W GmsClient: IGmsServiceBroker.getService failed
10-18 20:17:20.095 26106 26139 W GmsClient: android.os.DeadObjectException: Transaction failed on small parcel; remote process probably died, but this could also be caused by running out of binder buffer space
10-18 20:17:20.095 26106 26139 W GmsClient: 	at android.os.BinderProxy.transactNative(Native Method)
10-18 20:17:20.095 26106 26139 W GmsClient: 	at android.os.BinderProxy.transact(BinderProxy.java:692)
10-18 20:17:20.095 26106 26139 W GmsClient: 	at bbkc.a(:com.google.android.gms@253931035@25.39.31 (260400-813878953):33)
10-18 20:17:20.095 26106 26139 W GmsClient: 	at bbid.z(:com.google.android.gms@253931035@25.39.31 (260400-813878953):160)
10-18 20:17:20.095 26106 26139 W GmsClient: 	at baoz.run(:com.google.android.gms@253931035@25.39.31 (260400-813878953):42)
10-18 20:17:20.095 26106 26139 W GmsClient: 	at android.os.Handler.handleCallback(Handler.java:1014)
10-18 20:17:20.095 26106 26139 W GmsClient: 	at android.os.Handler.dispatchMessage(Handler.java:102)
10-18 20:17:20.095 26106 26139 W GmsClient: 	at cmjd.mC(:com.google.android.gms@253931035@25.39.31 (260400-813878953):1)
10-18 20:17:20.095 26106 26139 W GmsClient: 	at cmjd.dispatchMessage(:com.google.android.gms@253931035@25.39.31 (260400-813878953):144)
10-18 20:17:20.095 26106 26139 W GmsClient: 	at android.os.Looper.loopOnce(Looper.java:250)
10-18 20:17:20.095 26106 26139 W GmsClient: 	at android.os.Looper.loop(Looper.java:340)
10-18 20:17:20.095 26106 26139 W GmsClient: 	at android.os.HandlerThread.run(HandlerThread.java:107)
10-18 20:17:20.172 26036 26620 I NullBinder: NullBinder for com.google.android.gms.lockbox.service.START triggering remote TransactionTooLargeException due to Service without Chimera impl, calling uid: 10202, calling pid: 26106
10-18 20:17:20.172 26036 26620 W .gms.persistent: Large reply transaction of 1056768 bytes, interface descriptor , code 46
10-18 20:17:20.172 26106 26139 E IPCThreadState: Binder transaction failure. id: 441142825, BR_*: 29201, error: -28 (No space left on device)
10-18 20:17:20.173 26106 26139 E JavaBinder: !!! FAILED BINDER TRANSACTION !!!  (parcel size = 408)
10-18 20:17:20.173 26106 26139 W GmsClient: IGmsServiceBroker.getService failed
10-18 20:17:20.173 26106 26139 W GmsClient: android.os.DeadObjectException: Transaction failed on small parcel; remote process probably died, but this could also be caused by running out of binder buffer space
10-18 20:17:20.173 26106 26139 W GmsClient: 	at android.os.BinderProxy.transactNative(Native Method)
10-18 20:17:20.173 26106 26139 W GmsClient: 	at android.os.BinderProxy.transact(BinderProxy.java:692)
10-18 20:17:20.173 26106 26139 W GmsClient: 	at bbkc.a(:com.google.android.gms@253931035@25.39.31 (260400-813878953):33)
10-18 20:17:20.173 26106 26139 W GmsClient: 	at bbid.z(:com.google.android.gms@253931035@25.39.31 (260400-813878953):160)
10-18 20:17:20.173 26106 26139 W GmsClient: 	at baoz.run(:com.google.android.gms@253931035@25.39.31 (260400-813878953):42)
10-18 20:17:20.173 26106 26139 W GmsClient: 	at android.os.Handler.handleCallback(Handler.java:1014)
10-18 20:17:20.173 26106 26139 W GmsClient: 	at android.os.Handler.dispatchMessage(Handler.java:102)
10-18 20:17:20.173 26106 26139 W GmsClient: 	at cmjd.mC(:com.google.android.gms@253931035@25.39.31 (260400-813878953):1)
10-18 20:17:20.173 26106 26139 W GmsClient: 	at cmjd.dispatchMessage(:com.google.android.gms@253931035@25.39.31 (260400-813878953):144)
10-18 20:17:20.173 26106 26139 W GmsClient: 	at android.os.Looper.loopOnce(Looper.java:250)
10-18 20:17:20.173 26106 26139 W GmsClient: 	at android.os.Looper.loop(Looper.java:340)
10-18 20:17:20.173 26106 26139 W GmsClient: 	at android.os.HandlerThread.run(HandlerThread.java:107)
10-18 20:17:20.219 26036 26620 I NullBinder: NullBinder for com.google.android.gms.lockbox.service.START triggering remote TransactionTooLargeException due to Service without Chimera impl, calling uid: 10202, calling pid: 26106
10-18 20:17:20.219 26036 26620 W .gms.persistent: Large reply transaction of 1056768 bytes, interface descriptor , code 46
10-18 20:17:20.221 26106 26139 E IPCThreadState: Binder transaction failure. id: 441142852, BR_*: 29201, error: -28 (No space left on device)
10-18 20:17:20.221 26106 26139 E JavaBinder: !!! FAILED BINDER TRANSACTION !!!  (parcel size = 408)
10-18 20:17:20.222 26106 26139 W GmsClient: IGmsServiceBroker.getService failed
10-18 20:17:20.222 26106 26139 W GmsClient: android.os.DeadObjectException: Transaction failed on small parcel; remote process probably died, but this could also be caused by running out of binder buffer space
10-18 20:17:20.222 26106 26139 W GmsClient: 	at android.os.BinderProxy.transactNative(Native Method)
10-18 20:17:20.222 26106 26139 W GmsClient: 	at android.os.BinderProxy.transact(BinderProxy.java:692)
10-18 20:17:20.222 26106 26139 W GmsClient: 	at bbkc.a(:com.google.android.gms@253931035@25.39.31 (260400-813878953):33)
10-18 20:17:20.222 26106 26139 W GmsClient: 	at bbid.z(:com.google.android.gms@253931035@25.39.31 (260400-813878953):160)
10-18 20:17:20.222 26106 26139 W GmsClient: 	at baoz.run(:com.google.android.gms@253931035@25.39.31 (260400-813878953):42)
10-18 20:17:20.222 26106 26139 W GmsClient: 	at android.os.Handler.handleCallback(Handler.java:1014)
10-18 20:17:20.222 26106 26139 W GmsClient: 	at android.os.Handler.dispatchMessage(Handler.java:102)
10-18 20:17:20.222 26106 26139 W GmsClient: 	at cmjd.mC(:com.google.android.gms@253931035@25.39.31 (260400-813878953):1)
10-18 20:17:20.222 26106 26139 W GmsClient: 	at cmjd.dispatchMessage(:com.google.android.gms@253931035@25.39.31 (260400-813878953):144)
10-18 20:17:20.222 26106 26139 W GmsClient: 	at android.os.Looper.loopOnce(Looper.java:250)
10-18 20:17:20.222 26106 26139 W GmsClient: 	at android.os.Looper.loop(Looper.java:340)
10-18 20:17:20.222 26106 26139 W GmsClient: 	at android.os.HandlerThread.run(HandlerThread.java:107)
10-18 20:17:20.976 26036 26104 I ActivityScheduler: nextTriggerTime: 1243015339, in 5000ms, detectorType: 39, FULL_TYPE alarmWindowMillis: 625
10-18 20:17:22.315 15708 19060 I ReactNativeJS: ðŸš¨ [DEBUG] Driver location polling interval triggered
10-18 20:17:22.605 26036 26104 W Settings: Setting airplane_mode_on has moved from android.provider.Settings.System to android.provider.Settings.Global, returning read-only value.
10-18 20:17:22.611 26036 32054 W SystemServiceRegistry: No service published for: wifirtt
10-18 20:17:22.953  7096  7126 W ProxyAndroidLoggerBackend: Too many Flogger logs received before configuration. Dropping old logs.
10-18 20:17:23.108 26036 26052 I WifiScanner: onFullResults
10-18 20:17:23.108 26036 26620 I WifiScanner: onFullResults
10-18 20:17:23.109 26036 26669 I WifiScanner: onFullResults
10-18 20:17:23.121  5589  6128 I PhenotypeProcessReaper: Memory state is: 200
10-18 20:17:23.124 26036 32447 I FrewleTileCacheManagerV: (REDACTED) Fetched %d AP models from cache
10-18 20:17:23.159 26036 26172 I FusedLocation: (REDACTED) location delivery to %s blocked - too fast
10-18 20:17:23.160 26036 26172 I FusedLocation: (REDACTED) location delivery to %s blocked - too close
10-18 20:17:23.161 26036 26172 I FusedLocation: (REDACTED) location delivery to %s blocked - too close
10-18 20:17:23.165 26036 26172 I FusedLocation: (REDACTED) location delivery to %s blocked - too close
10-18 20:17:23.165 26036 26172 I FusedLocation: (REDACTED) location delivery to %s blocked - too fast
10-18 20:17:23.169 26036 26172 I fyyu    : Received empty WiFi-RTT scan. [CONTEXT service_id=6 ]
10-18 20:17:24.395  5589  5589 I StylusModule: StylusModule.onUpdateToolType():800 Update tool type = 0
10-18 20:17:24.485  6545  6545 I bnlz    : onStart
10-18 20:17:24.486  6545  6545 I bldh    : (REDACTED) [%s] onStart()
10-18 20:17:24.486  6545  6545 I blfn    : Reloading theme data
10-18 20:17:24.486  6545  6545 I bnlz    : onResume
10-18 20:17:24.504 26036 26172 I FusedLocation: (REDACTED) location delivery to %s blocked - too fast
10-18 20:17:24.504 26036 26172 I FusedLocation: (REDACTED) location delivery to %s blocked - too close
10-18 20:17:24.504 26036 26172 I FusedLocation: (REDACTED) location delivery to %s blocked - too close
10-18 20:17:24.505 26036 26172 I FusedLocation: (REDACTED) location delivery to %s blocked - too fast
10-18 20:17:24.509 26036 26172 I FusedLocation: (REDACTED) location delivery to %s blocked - too close
10-18 20:17:24.509 26036 26172 I FusedLocation: (REDACTED) location delivery to %s blocked - too fast
10-18 20:17:24.562  5589  5589 I GoogleInputMethodService: GoogleInputMethodService.onFinishInput():2085 
10-18 20:17:24.562  5589  5589 I Module  : DeviceLockedStatusModuleProvider$Module.updateDeviceLockedStatus():100 repeatCheckTimes = 0, locked = false
10-18 20:17:24.563  5589  5589 I GoogleInputMethodService: GoogleInputMethodService.onStartInput():1346 onStartInput(EditorInfo{EditorInfo{packageName=com.android.launcher3, inputType=0, inputTypeString=NULL, enableLearning=false, autoCorrection=false, autoComplete=false, imeOptions=0, privateImeOptions=null, actionName=UNSPECIFIED, actionLabel=null, initialSelStart=-1, initialSelEnd=-1, initialCapsMode=0, label=null, fieldId=0, fieldName=null, extras=null, hintText=null, hintLocales=[]}}, false)
10-18 20:17:24.566  5589  5589 I Module  : DeviceLockedStatusModuleProvider$Module.updateDeviceLockedStatus():100 repeatCheckTimes = 1, locked = false
10-18 20:17:25.123 26036 26620 I NullBinder: NullBinder for com.google.android.gms.lockbox.service.START triggering remote TransactionTooLargeException due to Service without Chimera impl, calling uid: 10202, calling pid: 26106
10-18 20:17:25.123 26036 26620 W .gms.persistent: Large reply transaction of 1056768 bytes, interface descriptor , code 46
10-18 20:17:25.123 26106 26139 E IPCThreadState: Binder transaction failure. id: 441146801, BR_*: 29201, error: -28 (No space left on device)
10-18 20:17:25.123 26106 26139 E JavaBinder: !!! FAILED BINDER TRANSACTION !!!  (parcel size = 408)
10-18 20:17:25.124 26106 26139 W GmsClient: IGmsServiceBroker.getService failed
10-18 20:17:25.124 26106 26139 W GmsClient: android.os.DeadObjectException: Transaction failed on small parcel; remote process probably died, but this could also be caused by running out of binder buffer space
10-18 20:17:25.124 26106 26139 W GmsClient: 	at android.os.BinderProxy.transactNative(Native Method)
10-18 20:17:25.124 26106 26139 W GmsClient: 	at android.os.BinderProxy.transact(BinderProxy.java:692)
10-18 20:17:25.124 26106 26139 W GmsClient: 	at bbkc.a(:com.google.android.gms@253931035@25.39.31 (260400-813878953):33)
10-18 20:17:25.124 26106 26139 W GmsClient: 	at bbid.z(:com.google.android.gms@253931035@25.39.31 (260400-813878953):160)
10-18 20:17:25.124 26106 26139 W GmsClient: 	at baoz.run(:com.google.android.gms@253931035@25.39.31 (260400-813878953):42)
10-18 20:17:25.124 26106 26139 W GmsClient: 	at android.os.Handler.handleCallback(Handler.java:1014)
10-18 20:17:25.124 26106 26139 W GmsClient: 	at android.os.Handler.dispatchMessage(Handler.java:102)
10-18 20:17:25.124 26106 26139 W GmsClient: 	at cmjd.mC(:com.google.android.gms@253931035@25.39.31 (260400-813878953):1)
10-18 20:17:25.124 26106 26139 W GmsClient: 	at cmjd.dispatchMessage(:com.google.android.gms@253931035@25.39.31 (260400-813878953):144)
10-18 20:17:25.124 26106 26139 W GmsClient: 	at android.os.Looper.loopOnce(Looper.java:250)
10-18 20:17:25.124 26106 26139 W GmsClient: 	at android.os.Looper.loop(Looper.java:340)
10-18 20:17:25.124 26106 26139 W GmsClient: 	at android.os.HandlerThread.run(HandlerThread.java:107)
10-18 20:17:25.183 26036 26052 I NullBinder: NullBinder for com.google.android.gms.lockbox.service.START triggering remote TransactionTooLargeException due to Service without Chimera impl, calling uid: 10202, calling pid: 26106
10-18 20:17:25.183 26036 26052 W .gms.persistent: Large reply transaction of 1056768 bytes, interface descriptor , code 46
10-18 20:17:25.184 26106 26139 E IPCThreadState: Binder transaction failure. id: 441146983, BR_*: 29201, error: -28 (No space left on device)
10-18 20:17:25.184 26106 26139 E JavaBinder: !!! FAILED BINDER TRANSACTION !!!  (parcel size = 408)
10-18 20:17:25.185 26106 26139 W GmsClient: IGmsServiceBroker.getService failed
10-18 20:17:25.185 26106 26139 W GmsClient: android.os.DeadObjectException: Transaction failed on small parcel; remote process probably died, but this could also be caused by running out of binder buffer space
10-18 20:17:25.185 26106 26139 W GmsClient: 	at android.os.BinderProxy.transactNative(Native Method)
10-18 20:17:25.185 26106 26139 W GmsClient: 	at android.os.BinderProxy.transact(BinderProxy.java:692)
10-18 20:17:25.185 26106 26139 W GmsClient: 	at bbkc.a(:com.google.android.gms@253931035@25.39.31 (260400-813878953):33)
10-18 20:17:25.185 26106 26139 W GmsClient: 	at bbid.z(:com.google.android.gms@253931035@25.39.31 (260400-813878953):160)
10-18 20:17:25.185 26106 26139 W GmsClient: 	at baoz.run(:com.google.android.gms@253931035@25.39.31 (260400-813878953):42)
10-18 20:17:25.185 26106 26139 W GmsClient: 	at android.os.Handler.handleCallback(Handler.java:1014)
10-18 20:17:25.185 26106 26139 W GmsClient: 	at android.os.Handler.dispatchMessage(Handler.java:102)
10-18 20:17:25.185 26106 26139 W GmsClient: 	at cmjd.mC(:com.google.android.gms@253931035@25.39.31 (260400-813878953):1)
10-18 20:17:25.185 26106 26139 W GmsClient: 	at cmjd.dispatchMessage(:com.google.android.gms@253931035@25.39.31 (260400-813878953):144)
10-18 20:17:25.185 26106 26139 W GmsClient: 	at android.os.Looper.loopOnce(Looper.java:250)
10-18 20:17:25.185 26106 26139 W GmsClient: 	at android.os.Looper.loop(Looper.java:340)
10-18 20:17:25.185 26106 26139 W GmsClient: 	at android.os.HandlerThread.run(HandlerThread.java:107)
10-18 20:17:25.216 15708 19060 I ReactNativeJNI: Memory warning (pressure level: TRIM_MEMORY_UI_HIDDEN) received by JS VM, ignoring because it's non-severe
10-18 20:17:25.219 15708   463 W ProxyAndroidLoggerBackend: Too many Flogger logs received before configuration. Dropping old logs.
10-18 20:17:25.230 26036 26081 I NullBinder: NullBinder for com.google.android.gms.lockbox.service.START triggering remote TransactionTooLargeException due to Service without Chimera impl, calling uid: 10202, calling pid: 26106
10-18 20:17:25.230 26036 26081 W .gms.persistent: Large reply transaction of 1056768 bytes, interface descriptor , code 46
10-18 20:17:25.233 26106 26139 E IPCThreadState: Binder transaction failure. id: 441147072, BR_*: 29201, error: -28 (No space left on device)
10-18 20:17:25.233 26106 26139 E JavaBinder: !!! FAILED BINDER TRANSACTION !!!  (parcel size = 408)
10-18 20:17:25.234 26106 26139 W GmsClient: IGmsServiceBroker.getService failed
10-18 20:17:25.234 26106 26139 W GmsClient: android.os.DeadObjectException: Transaction failed on small parcel; remote process probably died, but this could also be caused by running out of binder buffer space
10-18 20:17:25.234 26106 26139 W GmsClient: 	at android.os.BinderProxy.transactNative(Native Method)
10-18 20:17:25.234 26106 26139 W GmsClient: 	at android.os.BinderProxy.transact(BinderProxy.java:692)
10-18 20:17:25.234 26106 26139 W GmsClient: 	at bbkc.a(:com.google.android.gms@253931035@25.39.31 (260400-813878953):33)
10-18 20:17:25.234 26106 26139 W GmsClient: 	at bbid.z(:com.google.android.gms@253931035@25.39.31 (260400-813878953):160)
10-18 20:17:25.234 26106 26139 W GmsClient: 	at baoz.run(:com.google.android.gms@253931035@25.39.31 (260400-813878953):42)
10-18 20:17:25.234 26106 26139 W GmsClient: 	at android.os.Handler.handleCallback(Handler.java:1014)
10-18 20:17:25.234 26106 26139 W GmsClient: 	at android.os.Handler.dispatchMessage(Handler.java:102)
10-18 20:17:25.234 26106 26139 W GmsClient: 	at cmjd.mC(:com.google.android.gms@253931035@25.39.31 (260400-813878953):1)
10-18 20:17:25.234 26106 26139 W GmsClient: 	at cmjd.dispatchMessage(:com.google.android.gms@253931035@25.39.31 (260400-813878953):144)
10-18 20:17:25.234 26106 26139 W GmsClient: 	at android.os.Looper.loopOnce(Looper.java:250)
10-18 20:17:25.234 26106 26139 W GmsClient: 	at android.os.Looper.loop(Looper.java:340)
10-18 20:17:25.234 26106 26139 W GmsClient: 	at android.os.HandlerThread.run(HandlerThread.java:107)
10-18 20:17:26.058 11830 13465 I IPCThreadState: oneway function results for code 2 on binder at 0xb4000077d005a610 will be dropped but finished with status UNKNOWN_TRANSACTION
10-18 20:17:26.531 11830 17803 I IPCThreadState: oneway function results for code 2 on binder at 0xb4000077d009b9e0 will be dropped but finished with status UNKNOWN_TRANSACTION
10-18 20:17:28.106 26036 26104 W Settings: Setting airplane_mode_on has moved from android.provider.Settings.System to android.provider.Settings.Global, returning read-only value.
10-18 20:17:28.111 26036   447 W SystemServiceRegistry: No service published for: wifirtt
10-18 20:17:28.133 26036 26081 I WifiScanner: onFullResults
10-18 20:17:28.134 26036 28451 I WifiScanner: onFullResults
10-18 20:17:28.135 26036 26052 I WifiScanner: onFullResults
10-18 20:17:28.144 26036 32447 I FrewleTileCacheManagerV: (REDACTED) Fetched %d AP models from cache
10-18 20:17:28.163 26036 26172 I FusedLocation: (REDACTED) location delivery to %s blocked - too close
10-18 20:17:28.165 26036 26172 I FusedLocation: (REDACTED) location delivery to %s blocked - too close
10-18 20:17:28.168 26036 26172 I FusedLocation: (REDACTED) location delivery to %s blocked - too close
10-18 20:17:28.168 26036 26172 I FusedLocation: (REDACTED) location delivery to %s blocked - too fast
10-18 20:17:28.170 26036 26172 I fyyu    : Received empty WiFi-RTT scan. [CONTEXT service_id=6 ]
10-18 20:17:28.220 26036 32447 I TFLite-in-PlayServices: Created interpreter.
10-18 20:17:28.243 26036 32447 I TFLite-in-PlayServices: Created interpreter.
10-18 20:17:28.270 26036 32447 I SemanticLocation: (REDACTED) [Inferrer] %s%s
10-18 20:17:29.501 26036 26172 I FusedLocation: (REDACTED) location delivery to %s blocked - too fast
10-18 20:17:29.501 26036 26172 I FusedLocation: (REDACTED) location delivery to %s blocked - too close
10-18 20:17:29.503 26036 26172 I FusedLocation: (REDACTED) location delivery to %s blocked - too close
10-18 20:17:29.503 26036 26172 I FusedLocation: (REDACTED) location delivery to %s blocked - too fast
10-18 20:17:29.504 26036 26172 I FusedLocation: (REDACTED) location delivery to %s blocked - too close
10-18 20:17:29.504 26036 26172 I FusedLocation: (REDACTED) location delivery to %s blocked - too fast
10-18 20:17:30.163 26036 26081 I NullBinder: NullBinder for com.google.android.gms.lockbox.service.START triggering remote TransactionTooLargeException due to Service without Chimera impl, calling uid: 10202, calling pid: 26106
10-18 20:17:30.163 26036 26081 W .gms.persistent: Large reply transaction of 1056768 bytes, interface descriptor , code 46
10-18 20:17:30.164 26106 26139 E IPCThreadState: Binder transaction failure. id: 441148671, BR_*: 29201, error: -28 (No space left on device)
10-18 20:17:30.164 26106 26139 E JavaBinder: !!! FAILED BINDER TRANSACTION !!!  (parcel size = 408)
10-18 20:17:30.165 26106 26139 W GmsClient: IGmsServiceBroker.getService failed
10-18 20:17:30.165 26106 26139 W GmsClient: android.os.DeadObjectException: Transaction failed on small parcel; remote process probably died, but this could also be caused by running out of binder buffer space
10-18 20:17:30.165 26106 26139 W GmsClient: 	at android.os.BinderProxy.transactNative(Native Method)
10-18 20:17:30.165 26106 26139 W GmsClient: 	at android.os.BinderProxy.transact(BinderProxy.java:692)
10-18 20:17:30.165 26106 26139 W GmsClient: 	at bbkc.a(:com.google.android.gms@253931035@25.39.31 (260400-813878953):33)
10-18 20:17:30.165 26106 26139 W GmsClient: 	at bbid.z(:com.google.android.gms@253931035@25.39.31 (260400-813878953):160)
10-18 20:17:30.165 26106 26139 W GmsClient: 	at baoz.run(:com.google.android.gms@253931035@25.39.31 (260400-813878953):42)
10-18 20:17:30.165 26106 26139 W GmsClient: 	at android.os.Handler.handleCallback(Handler.java:1014)
10-18 20:17:30.165 26106 26139 W GmsClient: 	at android.os.Handler.dispatchMessage(Handler.java:102)
10-18 20:17:30.165 26106 26139 W GmsClient: 	at cmjd.mC(:com.google.android.gms@253931035@25.39.31 (260400-813878953):1)
10-18 20:17:30.165 26106 26139 W GmsClient: 	at cmjd.dispatchMessage(:com.google.android.gms@253931035@25.39.31 (260400-813878953):144)
10-18 20:17:30.165 26106 26139 W GmsClient: 	at android.os.Looper.loopOnce(Looper.java:250)
10-18 20:17:30.165 26106 26139 W GmsClient: 	at android.os.Looper.loop(Looper.java:340)
10-18 20:17:30.165 26106 26139 W GmsClient: 	at android.os.HandlerThread.run(HandlerThread.java:107)
10-18 20:17:30.203 26036 30374 I NullBinder: NullBinder for com.google.android.gms.lockbox.service.START triggering remote TransactionTooLargeException due to Service without Chimera impl, calling uid: 10202, calling pid: 26106
10-18 20:17:30.203 26036 30374 W .gms.persistent: Large reply transaction of 1056768 bytes, interface descriptor , code 46
10-18 20:17:30.204 26106 26139 E IPCThreadState: Binder transaction failure. id: 441148680, BR_*: 29201, error: -28 (No space left on device)
10-18 20:17:30.204 26106 26139 E JavaBinder: !!! FAILED BINDER TRANSACTION !!!  (parcel size = 408)
10-18 20:17:30.205 26106 26139 W GmsClient: IGmsServiceBroker.getService failed
10-18 20:17:30.205 26106 26139 W GmsClient: android.os.DeadObjectException: Transaction failed on small parcel; remote process probably died, but this could also be caused by running out of binder buffer space
10-18 20:17:30.205 26106 26139 W GmsClient: 	at android.os.BinderProxy.transactNative(Native Method)
10-18 20:17:30.205 26106 26139 W GmsClient: 	at android.os.BinderProxy.transact(BinderProxy.java:692)
10-18 20:17:30.205 26106 26139 W GmsClient: 	at bbkc.a(:com.google.android.gms@253931035@25.39.31 (260400-813878953):33)
10-18 20:17:30.205 26106 26139 W GmsClient: 	at bbid.z(:com.google.android.gms@253931035@25.39.31 (260400-813878953):160)
10-18 20:17:30.205 26106 26139 W GmsClient: 	at baoz.run(:com.google.android.gms@253931035@25.39.31 (260400-813878953):42)
10-18 20:17:30.205 26106 26139 W GmsClient: 	at android.os.Handler.handleCallback(Handler.java:1014)
10-18 20:17:30.205 26106 26139 W GmsClient: 	at android.os.Handler.dispatchMessage(Handler.java:102)
10-18 20:17:30.205 26106 26139 W GmsClient: 	at cmjd.mC(:com.google.android.gms@253931035@25.39.31 (260400-813878953):1)
