10-19 14:18:49.939  8059  8700 I ReactNativeJS: '  - Pending rides count:', 0
10-19 14:18:49.939  8059  8700 I ReactNativeJS: '  - Driver status:', 'online'
10-19 14:18:49.939  8059  8700 I ReactNativeJS: '  - Loading:', true
10-19 14:18:49.939  8059  8700 I ReactNativeJS: '  - Error:', null
10-19 14:18:49.939  8059  8700 I ReactNativeJS: '  - Show modal:', false
10-19 14:18:49.939  8059  8700 I ReactNativeJS: '  - Timestamp:', '2025-10-19T08:48:49.939Z'
10-19 14:18:49.939  8059  8700 I ReactNativeJS: ✅ CURRENT RIDE EXISTS - should be visible in UI
10-19 14:18:49.941  8059  8701 E unknown:ReactNative: console.error: ❌ Fare calculation failed: Ride not found, js engine: hermes, stack:
10-19 14:18:49.941  8059  8701 E unknown:ReactNative: _construct@1:117842
10-19 14:18:49.941  8059  8701 E unknown:ReactNative: Wrapper@1:117496
10-19 14:18:49.941  8059  8701 E unknown:ReactNative: _callSuper@1:115478
10-19 14:18:49.941  8059  8701 E unknown:ReactNative: SyntheticError@1:116983
10-19 14:18:49.941  8059  8701 E unknown:ReactNative: reactConsoleErrorHandler@1:116629
10-19 14:18:49.941  8059  8701 E unknown:ReactNative: ?anon_0_@1:2002480
10-19 14:18:49.941  8059  8701 E unknown:ReactNative: asyncGeneratorStep@1:573272
10-19 14:18:49.941  8059  8701 E unknown:ReactNative: _next@1:573529
10-19 14:18:49.941  8059  8701 E unknown:ReactNative: anonymous@1:136226
10-19 14:18:49.941  8059  8701 E unknown:ReactNative: _callTimer@1:135225
10-19 14:18:49.941  8059  8701 E unknown:ReactNative: _callReactNativeMicrotasksPass@1:135369
10-19 14:18:49.941  8059  8701 E unknown:ReactNative: callReactNativeMicrotasks@1:137300
10-19 14:18:49.941  8059  8701 E unknown:ReactNative: __callReactNativeMicrotasks@1:101038
10-19 14:18:49.941  8059  8701 E unknown:ReactNative: anonymous@1:100174
10-19 14:18:49.941  8059  8701 E unknown:ReactNative: __guard@1:100912
10-19 14:18:49.941  8059  8701 E unknown:ReactNative: flushedQueue@1:100085
10-19 14:18:49.941  8059  8701 E unknown:ReactNative: invokeCallbackAndReturnFlushedQueue@1:100028
10-19 14:18:49.946  8059  8701 E unknown:ReactNative: console.error: ❌ Failed to complete ride, js engine: hermes, stack:
10-19 14:18:49.946  8059  8701 E unknown:ReactNative: _construct@1:117842
10-19 14:18:49.946  8059  8701 E unknown:ReactNative: Wrapper@1:117496
10-19 14:18:49.946  8059  8701 E unknown:ReactNative: _callSuper@1:115478
10-19 14:18:49.946  8059  8701 E unknown:ReactNative: SyntheticError@1:116983
10-19 14:18:49.946  8059  8701 E unknown:ReactNative: reactConsoleErrorHandler@1:116629
10-19 14:18:49.946  8059  8701 E unknown:ReactNative: ?anon_0_@1:1990386
10-19 14:18:49.946  8059  8701 E unknown:ReactNative: asyncGeneratorStep@1:573272
10-19 14:18:49.946  8059  8701 E unknown:ReactNative: _next@1:573529
10-19 14:18:49.946  8059  8701 E unknown:ReactNative: anonymous@1:136226
10-19 14:18:49.946  8059  8701 E unknown:ReactNative: _callTimer@1:135225
10-19 14:18:49.946  8059  8701 E unknown:ReactNative: _callReactNativeMicrotasksPass@1:135369
10-19 14:18:49.946  8059  8701 E unknown:ReactNative: callReactNativeMicrotasks@1:137300
10-19 14:18:49.946  8059  8701 E unknown:ReactNative: __callReactNativeMicrotasks@1:101038
10-19 14:18:49.946  8059  8701 E unknown:ReactNative: anonymous@1:100174
10-19 14:18:49.946  8059  8701 E unknown:ReactNative: __guard@1:100912
10-19 14:18:49.946  8059  8701 E unknown:ReactNative: flushedQueue@1:100085
10-19 14:18:49.946  8059  8701 E unknown:ReactNative: invokeCallbackAndReturnFlushedQueue@1:100028
10-19 14:18:49.947  8059  8059 W WindowOnBackDispatcher: OnBackInvokedCallback is not enabled for the application.
10-19 14:18:49.947  8059  8059 W WindowOnBackDispatcher: Set 'android:enableOnBackInvokedCallback="true"' in the application manifest.
10-19 14:18:50.033  8059  8059 W WindowOnBackDispatcher: OnBackInvokedCallback is not enabled for the application.
10-19 14:18:50.033  8059  8059 W WindowOnBackDispatcher: Set 'android:enableOnBackInvokedCallback="true"' in the application manifest.
10-19 14:18:50.106  8059  8059 D ViewRootImpl: AppSizeAfterRelayout, size: Point(1202, 713), rotation: ROTATION_0
10-19 14:18:50.107  8059  8059 D BufferQueueConsumer: [](id:1f7b00000010,api:0,p:-1,c:8059) connect: controlledByApp=false
10-19 14:18:50.107  8059  8059 D BLASTBufferQueue: [VRI[MainActivity]#13](f:0,a:0) constructor()
10-19 14:18:50.107  8059  8059 D BLASTBufferQueue: [VRI[MainActivity]#13](f:0,a:0) update width=1202 height=713 format=-3 mTransformHint=0
10-19 14:18:50.120  8059  8674 D BLASTBufferQueue: [VRI[MainActivity]#13](f:0,a:1) acquireNextBufferLocked size=1202x713 mFrameNumber=1 applyTransaction=true mTimestamp=627100670864069(auto) mPendingTransactions.size=0 graphicBufferId=34613141438564 transform=0
10-19 14:18:50.161  8059  8700 I ReactNativeJS: '✅ Current ride loaded:', { id: '8fb34677-14fc-4479-b3c5-d42763361ec5',
10-19 14:18:50.161  8059  8700 I ReactNativeJS:   status: 'in_progress',
10-19 14:18:50.161  8059  8700 I ReactNativeJS:   pickup: 'PRXJ+F32, Brindavan Nagar, Anand Nagar, Hosur, Tamil Nadu 635109, India',
10-19 14:18:50.161  8059  8700 I ReactNativeJS:   destination: 'Bagalur, Tamil Nadu, India',
10-19 14:18:50.161  8059  8700 I ReactNativeJS:   customer: 
10-19 14:18:50.161  8059  8700 I ReactNativeJS:    { id: 'e95a4f14-8958-49e9-8ede-d81b82a7ba12',
10-19 14:18:50.161  8059  8700 I ReactNativeJS:      full_name: 'Ricco',
10-19 14:18:50.161  8059  8700 I ReactNativeJS:      phone_number: null,
10-19 14:18:50.161  8059  8700 I ReactNativeJS:      email: '918608374935@a1taxi.app' } }
10-19 14:18:50.161  8059  8700 I ReactNativeJS: ⚠️ Driver has current ride - not loading pending ride requests
10-19 14:18:50.161  8059  8700 I ReactNativeJS: === RIDES SCREEN STATE DEBUG ===
10-19 14:18:50.161  8059  8700 I ReactNativeJS: 🔄 Component state updated:
10-19 14:18:50.161  8059  8700 I ReactNativeJS: '  - Current ride:', { id: '8fb34677-14fc-4479-b3c5-d42763361ec5',
10-19 14:18:50.161  8059  8700 I ReactNativeJS:   status: 'in_progress',
10-19 14:18:50.161  8059  8700 I ReactNativeJS:   pickup: 'PRXJ+F32, Brindavan Nagar, Anand Nagar, Hosur, Tamil Nadu 635109, India',
10-19 14:18:50.161  8059  8700 I ReactNativeJS:   destination: 'Bagalur, Tamil Nadu, India' }
10-19 14:18:50.161  8059  8700 I ReactNativeJS: '  - Pending rides count:', 0
10-19 14:18:50.161  8059  8700 I ReactNativeJS: '  - Driver status:', 'online'
10-19 14:18:50.161  8059  8700 I ReactNativeJS: '  - Loading:', true
10-19 14:18:50.161  8059  8700 I ReactNativeJS: '  - Error:', null
10-19 14:18:50.161  8059  8700 I ReactNativeJS: '  - Show modal:', false
10-19 14:18:50.161  8059  8700 I ReactNativeJS: '  - Timestamp:', '2025-10-19T08:48:50.161Z'
10-19 14:18:50.161  8059  8700 I ReactNativeJS: ✅ CURRENT RIDE EXISTS - should be visible in UI
10-19 14:18:50.161  8059  8700 I ReactNativeJS: === RIDE REQUEST MODAL LOGIC DEBUG ===
10-19 14:18:50.161  8059  8700 I ReactNativeJS: 🔄 Checking if should show ride request modal:
10-19 14:18:50.161  8059  8700 I ReactNativeJS: '  - Pending rides:', 0
10-19 14:18:50.161  8059  8700 I ReactNativeJS: '  - Modal already showing:', false
10-19 14:18:50.161  8059  8700 I ReactNativeJS: '  - Driver status:', 'online'
10-19 14:18:50.161  8059  8700 I ReactNativeJS: '  - Has current ride:', true
10-19 14:18:50.161  8059  8700 I ReactNativeJS: ❌ NOT SHOWING MODAL - reasons:
10-19 14:18:50.162  8059  8700 I ReactNativeJS: '🚗 Analysis:', { pendingRidesCount: 0,
10-19 14:18:50.162  8059  8700 I ReactNativeJS:   modalAlreadyShowing: false,
10-19 14:18:50.162  8059  8700 I ReactNativeJS:   driverStatus: 'online',
10-19 14:18:50.162  8059  8700 I ReactNativeJS:   hasCurrentRide: true }
10-19 14:18:50.170  8059  8700 I ReactNativeJS: === RIDES SCREEN STATE DEBUG ===
10-19 14:18:50.170  8059  8700 I ReactNativeJS: 🔄 Component state updated:
10-19 14:18:50.171  8059  8700 I ReactNativeJS: '  - Current ride:', { id: '8fb34677-14fc-4479-b3c5-d42763361ec5',
10-19 14:18:50.171  8059  8700 I ReactNativeJS:   status: 'in_progress',
10-19 14:18:50.171  8059  8700 I ReactNativeJS:   pickup: 'PRXJ+F32, Brindavan Nagar, Anand Nagar, Hosur, Tamil Nadu 635109, India',
10-19 14:18:50.171  8059  8700 I ReactNativeJS:   destination: 'Bagalur, Tamil Nadu, India' }
10-19 14:18:50.171  8059  8700 I ReactNativeJS: '  - Pending rides count:', 0
10-19 14:18:50.171  8059  8700 I ReactNativeJS: '  - Driver status:', 'online'
10-19 14:18:50.171  8059  8700 I ReactNativeJS: '  - Loading:', true
10-19 14:18:50.171  8059  8700 I ReactNativeJS: '  - Error:', null
10-19 14:18:50.171  8059  8700 I ReactNativeJS: '  - Show modal:', false
10-19 14:18:50.171  8059  8700 I ReactNativeJS: '  - Timestamp:', '2025-10-19T08:48:50.171Z'
10-19 14:18:50.171  8059  8700 I ReactNativeJS: ✅ CURRENT RIDE EXISTS - should be visible in UI
10-19 14:18:50.171  8059  8700 I ReactNativeJS: === RIDE REQUEST MODAL LOGIC DEBUG ===
10-19 14:18:50.171  8059  8700 I ReactNativeJS: 🔄 Checking if should show ride request modal:
10-19 14:18:50.171  8059  8700 I ReactNativeJS: '  - Pending rides:', 0
10-19 14:18:50.171  8059  8700 I ReactNativeJS: '  - Modal already showing:', false
10-19 14:18:50.171  8059  8700 I ReactNativeJS: '  - Driver status:', 'online'
10-19 14:18:50.171  8059  8700 I ReactNativeJS: '  - Has current ride:', true
10-19 14:18:50.171  8059  8700 I ReactNativeJS: ❌ NOT SHOWING MODAL - reasons:
10-19 14:18:50.171  8059  8700 I ReactNativeJS: '🚗 Analysis:', { pendingRidesCount: 0,
10-19 14:18:50.171  8059  8700 I ReactNativeJS:   modalAlreadyShowing: false,
10-19 14:18:50.171  8059  8700 I ReactNativeJS:   driverStatus: 'online',
10-19 14:18:50.171  8059  8700 I ReactNativeJS:   hasCurrentRide: true }
10-19 14:18:50.179  8059  8700 I ReactNativeJS: === RIDES SCREEN STATE DEBUG ===
10-19 14:18:50.179  8059  8700 I ReactNativeJS: 🔄 Component state updated:
10-19 14:18:50.179  8059  8700 I ReactNativeJS: '  - Current ride:', { id: '8fb34677-14fc-4479-b3c5-d42763361ec5',
10-19 14:18:50.179  8059  8700 I ReactNativeJS:   status: 'in_progress',
10-19 14:18:50.179  8059  8700 I ReactNativeJS:   pickup: 'PRXJ+F32, Brindavan Nagar, Anand Nagar, Hosur, Tamil Nadu 635109, India',
10-19 14:18:50.179  8059  8700 I ReactNativeJS:   destination: 'Bagalur, Tamil Nadu, India' }
10-19 14:18:50.179  8059  8700 I ReactNativeJS: '  - Pending rides count:', 0
10-19 14:18:50.179  8059  8700 I ReactNativeJS: '  - Driver status:', 'online'
10-19 14:18:50.179  8059  8700 I ReactNativeJS: '  - Loading:', false
10-19 14:18:50.179  8059  8700 I ReactNativeJS: '  - Error:', null
10-19 14:18:50.179  8059  8700 I ReactNativeJS: '  - Show modal:', false
10-19 14:18:50.179  8059  8700 I ReactNativeJS: '  - Timestamp:', '2025-10-19T08:48:50.179Z'
10-19 14:18:50.179  8059  8700 I ReactNativeJS: ✅ CURRENT RIDE EXISTS - should be visible in UI
10-19 14:18:51.869  8059  8700 I ReactNativeJS: 🔄 Auto-refreshing rides (2-second interval)...
10-19 14:18:51.869  8059  8700 I ReactNativeJS: === LOADING RIDES ===
10-19 14:18:51.870  8059  8700 I ReactNativeJS: 'Driver ID:', 'eb91d7e5-e2f2-4021-a8c8-3739a3d4cae4'
10-19 14:18:51.870  8059  8700 I ReactNativeJS: 'Driver User ID:', '1c4ac410-54d8-4b5e-960b-3afcbebd115d'
10-19 14:18:51.878  8059  8700 I ReactNativeJS: 🔍 Loading current ride...
10-19 14:18:51.879  8059  8700 I ReactNativeJS: === RIDES SCREEN STATE DEBUG ===
10-19 14:18:51.879  8059  8700 I ReactNativeJS: 🔄 Component state updated:
10-19 14:18:51.880  8059  8700 I ReactNativeJS: '  - Current ride:', { id: '8fb34677-14fc-4479-b3c5-d42763361ec5',
10-19 14:18:51.880  8059  8700 I ReactNativeJS:   status: 'in_progress',
10-19 14:18:51.880  8059  8700 I ReactNativeJS:   pickup: 'PRXJ+F32, Brindavan Nagar, Anand Nagar, Hosur, Tamil Nadu 635109, India',
10-19 14:18:51.880  8059  8700 I ReactNativeJS:   destination: 'Bagalur, Tamil Nadu, India' }
10-19 14:18:51.880  8059  8700 I ReactNativeJS: '  - Pending rides count:', 0
10-19 14:18:51.880  8059  8700 I ReactNativeJS: '  - Driver status:', 'online'
10-19 14:18:51.880  8059  8700 I ReactNativeJS: '  - Loading:', true
10-19 14:18:51.880  8059  8700 I ReactNativeJS: '  - Error:', null
10-19 14:18:51.880  8059  8700 I ReactNativeJS: '  - Show modal:', false
10-19 14:18:51.880  8059  8700 I ReactNativeJS: '  - Timestamp:', '2025-10-19T08:48:51.880Z'
10-19 14:18:51.880  8059  8700 I ReactNativeJS: ✅ CURRENT RIDE EXISTS - should be visible in UI
10-19 14:18:52.174  8059  8700 I ReactNativeJS: '✅ Current ride loaded:', { id: '8fb34677-14fc-4479-b3c5-d42763361ec5',
10-19 14:18:52.174  8059  8700 I ReactNativeJS:   status: 'in_progress',
10-19 14:18:52.174  8059  8700 I ReactNativeJS:   pickup: 'PRXJ+F32, Brindavan Nagar, Anand Nagar, Hosur, Tamil Nadu 635109, India',
10-19 14:18:52.174  8059  8700 I ReactNativeJS:   destination: 'Bagalur, Tamil Nadu, India',
10-19 14:18:52.174  8059  8700 I ReactNativeJS:   customer: 
10-19 14:18:52.174  8059  8700 I ReactNativeJS:    { id: 'e95a4f14-8958-49e9-8ede-d81b82a7ba12',
10-19 14:18:52.174  8059  8700 I ReactNativeJS:      full_name: 'Ricco',
10-19 14:18:52.174  8059  8700 I ReactNativeJS:      phone_number: null,
10-19 14:18:52.174  8059  8700 I ReactNativeJS:      email: '918608374935@a1taxi.app' } }
10-19 14:18:52.174  8059  8700 I ReactNativeJS: ⚠️ Driver has current ride - not loading pending ride requests
10-19 14:18:52.175  8059  8700 I ReactNativeJS: === RIDES SCREEN STATE DEBUG ===
10-19 14:18:52.175  8059  8700 I ReactNativeJS: 🔄 Component state updated:
10-19 14:18:52.175  8059  8700 I ReactNativeJS: '  - Current ride:', { id: '8fb34677-14fc-4479-b3c5-d42763361ec5',
10-19 14:18:52.175  8059  8700 I ReactNativeJS:   status: 'in_progress',
10-19 14:18:52.175  8059  8700 I ReactNativeJS:   pickup: 'PRXJ+F32, Brindavan Nagar, Anand Nagar, Hosur, Tamil Nadu 635109, India',
10-19 14:18:52.175  8059  8700 I ReactNativeJS:   destination: 'Bagalur, Tamil Nadu, India' }
10-19 14:18:52.175  8059  8700 I ReactNativeJS: '  - Pending rides count:', 0
10-19 14:18:52.175  8059  8700 I ReactNativeJS: '  - Driver status:', 'online'
10-19 14:18:52.175  8059  8700 I ReactNativeJS: '  - Loading:', true
10-19 14:18:52.175  8059  8700 I ReactNativeJS: '  - Error:', null
10-19 14:18:52.175  8059  8700 I ReactNativeJS: '  - Show modal:', false
10-19 14:18:52.175  8059  8700 I ReactNativeJS: '  - Timestamp:', '2025-10-19T08:48:52.175Z'
10-19 14:18:52.175  8059  8700 I ReactNativeJS: ✅ CURRENT RIDE EXISTS - should be visible in UI
10-19 14:18:52.175  8059  8700 I ReactNativeJS: === RIDE REQUEST MODAL LOGIC DEBUG ===
10-19 14:18:52.175  8059  8700 I ReactNativeJS: 🔄 Checking if should show ride request modal:
10-19 14:18:52.175  8059  8700 I ReactNativeJS: '  - Pending rides:', 0
10-19 14:18:52.175  8059  8700 I ReactNativeJS: '  - Modal already showing:', false
10-19 14:18:52.175  8059  8700 I ReactNativeJS: '  - Driver status:', 'online'
10-19 14:18:52.175  8059  8700 I ReactNativeJS: '  - Has current ride:', true
10-19 14:18:52.175  8059  8700 I ReactNativeJS: ❌ NOT SHOWING MODAL - reasons:
10-19 14:18:52.175  8059  8700 I ReactNativeJS: '🚗 Analysis:', { pendingRidesCount: 0,
10-19 14:18:52.175  8059  8700 I ReactNativeJS:   modalAlreadyShowing: false,
10-19 14:18:52.175  8059  8700 I ReactNativeJS:   driverStatus: 'online',
10-19 14:18:52.175  8059  8700 I ReactNativeJS:   hasCurrentRide: true }
10-19 14:18:52.186  8059  8700 I ReactNativeJS: === RIDES SCREEN STATE DEBUG ===
10-19 14:18:52.186  8059  8700 I ReactNativeJS: 🔄 Component state updated:
10-19 14:18:52.187  8059  8700 I ReactNativeJS: '  - Current ride:', { id: '8fb34677-14fc-4479-b3c5-d42763361ec5',
10-19 14:18:52.187  8059  8700 I ReactNativeJS:   status: 'in_progress',
10-19 14:18:52.187  8059  8700 I ReactNativeJS:   pickup: 'PRXJ+F32, Brindavan Nagar, Anand Nagar, Hosur, Tamil Nadu 635109, India',
10-19 14:18:52.187  8059  8700 I ReactNativeJS:   destination: 'Bagalur, Tamil Nadu, India' }
10-19 14:18:52.187  8059  8700 I ReactNativeJS: '  - Pending rides count:', 0
10-19 14:18:52.187  8059  8700 I ReactNativeJS: '  - Driver status:', 'online'
10-19 14:18:52.187  8059  8700 I ReactNativeJS: '  - Loading:', true
10-19 14:18:52.187  8059  8700 I ReactNativeJS: '  - Error:', null
10-19 14:18:52.187  8059  8700 I ReactNativeJS: '  - Show modal:', false
10-19 14:18:52.187  8059  8700 I ReactNativeJS: '  - Timestamp:', '2025-10-19T08:48:52.187Z'
10-19 14:18:52.187  8059  8700 I ReactNativeJS: ✅ CURRENT RIDE EXISTS - should be visible in UI
10-19 14:18:52.187  8059  8700 I ReactNativeJS: === RIDE REQUEST MODAL LOGIC DEBUG ===
10-19 14:18:52.187  8059  8700 I ReactNativeJS: 🔄 Checking if should show ride request modal:
10-19 14:18:52.187  8059  8700 I ReactNativeJS: '  - Pending rides:', 0
10-19 14:18:52.187  8059  8700 I ReactNativeJS: '  - Modal already showing:', false
10-19 14:18:52.187  8059  8700 I ReactNativeJS: '  - Driver status:', 'online'
10-19 14:18:52.187  8059  8700 I ReactNativeJS: '  - Has current ride:', true
10-19 14:18:52.187  8059  8700 I ReactNativeJS: ❌ NOT SHOWING MODAL - reasons:
10-19 14:18:52.187  8059  8700 I ReactNativeJS: '🚗 Analysis:', { pendingRidesCount: 0,
10-19 14:18:52.187  8059  8700 I ReactNativeJS:   modalAlreadyShowing: false,
10-19 14:18:52.187  8059  8700 I ReactNativeJS:   driverStatus: 'online',
10-19 14:18:52.187  8059  8700 I ReactNativeJS:   hasCurrentRide: true }
10-19 14:18:52.194  8059  8700 I ReactNativeJS: === RIDES SCREEN STATE DEBUG ===
10-19 14:18:52.195  8059  8700 I ReactNativeJS: 🔄 Component state updated:
10-19 14:18:52.195  8059  8700 I ReactNativeJS: '  - Current ride:', { id: '8fb34677-14fc-4479-b3c5-d42763361ec5',
10-19 14:18:52.195  8059  8700 I ReactNativeJS:   status: 'in_progress',
10-19 14:18:52.195  8059  8700 I ReactNativeJS:   pickup: 'PRXJ+F32, Brindavan Nagar, Anand Nagar, Hosur, Tamil Nadu 635109, India',
10-19 14:18:52.195  8059  8700 I ReactNativeJS:   destination: 'Bagalur, Tamil Nadu, India' }
10-19 14:18:52.195  8059  8700 I ReactNativeJS: '  - Pending rides count:', 0
10-19 14:18:52.195  8059  8700 I ReactNativeJS: '  - Driver status:', 'online'
10-19 14:18:52.195  8059  8700 I ReactNativeJS: '  - Loading:', false
10-19 14:18:52.195  8059  8700 I ReactNativeJS: '  - Error:', null
10-19 14:18:52.195  8059  8700 I ReactNativeJS: '  - Show modal:', false
10-19 14:18:52.195  8059  8700 I ReactNativeJS: '  - Timestamp:', '2025-10-19T08:48:52.195Z'
10-19 14:18:52.195  8059  8700 I ReactNativeJS: ✅ CURRENT RIDE EXISTS - should be visible in UI
10-19 14:18:52.671  8059  8059 W WindowOnBackDispatcher: sendCancelIfRunning: isInProgress=false callback=android.view.ViewRootImpl$$ExternalSyntheticLambda11@9acb130
10-19 14:18:52.683  8059  8674 D HWUI    : endAllActiveAnimators on 0xb4000077800ae870 (RippleDrawable) with handle 0xb4000077d00cfca0
10-19 14:18:52.691  8059  8695 D BLASTBufferQueue: [VRI[MainActivity]#13](f:0,a:4) destructor()
10-19 14:18:52.691  8059  8695 D BufferQueueConsumer: [VRI[MainActivity]#13(BLAST Consumer)13](id:1f7b00000010,api:0,p:-1,c:8059) disconnect
10-19 14:18:52.702  8059  8059 W WindowOnBackDispatcher: OnBackInvokedCallback is not enabled for the application.
10-19 14:18:52.702  8059  8059 W WindowOnBackDispatcher: Set 'android:enableOnBackInvokedCallback="true"' in the application manifest.
10-19 14:18:52.746  8059  8059 V ImeFocusController: onWindowFocus: com.android.internal.policy.DecorView{e311d29 V.E...... R......D 0,0-1080,2392 aid=0}[MainActivity] softInputMode=STATE_UNSPECIFIED|ADJUST_RESIZE
10-19 14:18:52.755  5589  5589 I GoogleInputMethodService: GoogleInputMethodService.onFinishInput():2085 
10-19 14:18:52.761  5589  5589 I Module  : DeviceLockedStatusModuleProvider$Module.updateDeviceLockedStatus():100 repeatCheckTimes = 0, locked = false
10-19 14:18:52.762  5589  5589 I GoogleInputMethodService: GoogleInputMethodService.onStartInput():1346 onStartInput(EditorInfo{EditorInfo{packageName=com.a1taxi.driverpro, inputType=0, inputTypeString=NULL, enableLearning=false, autoCorrection=false, autoComplete=false, imeOptions=0, privateImeOptions=null, actionName=UNSPECIFIED, actionLabel=null, initialSelStart=-1, initialSelEnd=-1, initialCapsMode=0, label=null, fieldId=0, fieldName=null, extras=null, hintText=null, hintLocales=[]}}, false)
10-19 14:18:52.763  5589  5589 I Module  : DeviceLockedStatusModuleProvider$Module.updateDeviceLockedStatus():100 repeatCheckTimes = 1, locked = false
10-19 14:18:53.568  8059  8700 I ReactNativeJS: 🚨 COMPLETE RIDE BUTTON CLICKED!
10-19 14:18:53.569  8059  8700 I ReactNativeJS: '🚨 Current ride exists:', true
10-19 14:18:53.569  8059  8700 I ReactNativeJS: '🚨 Current ride ID:', '8fb34677-14fc-4479-b3c5-d42763361ec5'
10-19 14:18:53.569  8059  8700 I ReactNativeJS: 🚨 About to call completeRide function...
10-19 14:18:53.569  8059  8700 I ReactNativeJS: '🚨 Calling completeRide with ID:', '8fb34677-14fc-4479-b3c5-d42763361ec5'
10-19 14:18:53.569  8059  8700 I ReactNativeJS: 🚨 === COMPLETE RIDE FUNCTION CALLED ===
10-19 14:18:53.569  8059  8700 I ReactNativeJS: '🚨 Ride ID:', '8fb34677-14fc-4479-b3c5-d42763361ec5'
10-19 14:18:53.569  8059  8700 I ReactNativeJS: '🚨 Driver ID:', 'eb91d7e5-e2f2-4021-a8c8-3739a3d4cae4'
10-19 14:18:53.569  8059  8700 I ReactNativeJS: '🚨 Driver User ID:', '1c4ac410-54d8-4b5e-960b-3afcbebd115d'
10-19 14:18:53.869  8059  8700 I ReactNativeJS: 🔄 Auto-refreshing rides (2-second interval)...
10-19 14:18:53.869  8059  8700 I ReactNativeJS: === LOADING RIDES ===
10-19 14:18:53.869  8059  8700 I ReactNativeJS: 'Driver ID:', 'eb91d7e5-e2f2-4021-a8c8-3739a3d4cae4'
10-19 14:18:53.870  8059  8700 I ReactNativeJS: 'Driver User ID:', '1c4ac410-54d8-4b5e-960b-3afcbebd115d'
10-19 14:18:53.894  8059  8700 I ReactNativeJS: 🔍 Loading current ride...
10-19 14:18:53.896  8059  8700 I ReactNativeJS: === RIDES SCREEN STATE DEBUG ===
10-19 14:18:53.896  8059  8700 I ReactNativeJS: 🔄 Component state updated:
10-19 14:18:53.897  8059  8700 I ReactNativeJS: '  - Current ride:', { id: '8fb34677-14fc-4479-b3c5-d42763361ec5',
10-19 14:18:53.897  8059  8700 I ReactNativeJS:   status: 'in_progress',
10-19 14:18:53.897  8059  8700 I ReactNativeJS:   pickup: 'PRXJ+F32, Brindavan Nagar, Anand Nagar, Hosur, Tamil Nadu 635109, India',
10-19 14:18:53.897  8059  8700 I ReactNativeJS:   destination: 'Bagalur, Tamil Nadu, India' }
10-19 14:18:53.897  8059  8700 I ReactNativeJS: '  - Pending rides count:', 0
10-19 14:18:53.897  8059  8700 I ReactNativeJS: '  - Driver status:', 'online'
10-19 14:18:53.897  8059  8700 I ReactNativeJS: '  - Loading:', true
10-19 14:18:53.897  8059  8700 I ReactNativeJS: '  - Error:', null
10-19 14:18:53.897  8059  8700 I ReactNativeJS: '  - Show modal:', false
10-19 14:18:53.897  8059  8700 I ReactNativeJS: '  - Timestamp:', '2025-10-19T08:48:53.897Z'
10-19 14:18:53.897  8059  8700 I ReactNativeJS: ✅ CURRENT RIDE EXISTS - should be visible in UI
10-19 14:18:54.118  8059  8700 I ReactNativeJS: '✅ Driver and vehicle details fetched:', { driverName: 'john',
10-19 14:18:54.118  8059  8700 I ReactNativeJS:   driverRating: 5,
10-19 14:18:54.118  8059  8700 I ReactNativeJS:   vehicle: 
10-19 14:18:54.118  8059  8700 I ReactNativeJS:    { id: 'e7591bc7-c083-49f6-b30d-cc0d6964f3a1',
10-19 14:18:54.118  8059  8700 I ReactNativeJS:      make: 'Maruti',
10-19 14:18:54.118  8059  8700 I ReactNativeJS:      model: 'Ciaz',
10-19 14:18:54.118  8059  8700 I ReactNativeJS:      color: 'Silver',
10-19 14:18:54.118  8059  8700 I ReactNativeJS:      registration_number: 'KA51MN1111' } }
10-19 14:18:54.119  8059  8700 I ReactNativeJS: '✅ Ride details fetched for completion:', { id: '8fb34677-14fc-4479-b3c5-d42763361ec5',
10-19 14:18:54.119  8059  8700 I ReactNativeJS:   status: 'in_progress',
10-19 14:18:54.119  8059  8700 I ReactNativeJS:   booking_type: 'regular',
10-19 14:18:54.119  8059  8700 I ReactNativeJS:   vehicle_type: 'sedan',
10-19 14:18:54.119  8059  8700 I ReactNativeJS:   pickup: 'PRXJ+F32, Brindavan Nagar, Anand Nagar, Hosur, Tamil Nadu 635109, India',
10-19 14:18:54.119  8059  8700 I ReactNativeJS:   destination: 'Bagalur, Tamil Nadu, India' }
10-19 14:18:54.119  8059  8700 I ReactNativeJS: 📍 Stopping GPS tracking and calculating actual distance...
10-19 14:18:54.119  8059  8700 I ReactNativeJS: === STOPPING TRIP GPS TRACKING ===
10-19 14:18:54.119  8059  8700 I ReactNativeJS: 'Trip ID:', '8fb34677-14fc-4479-b3c5-d42763361ec5'
10-19 14:18:54.119  8059  8700 I ReactNativeJS: ✅ Trip GPS tracking stopped. Total points recorded: 2
10-19 14:18:54.119  8059  8700 I ReactNativeJS: === CALCULATING TRIP DISTANCE FROM GPS (Google Maps API) ===
10-19 14:18:54.120  8059  8700 I ReactNativeJS: 'Trip ID:', '8fb34677-14fc-4479-b3c5-d42763361ec5'
10-19 14:18:54.209  8059  8700 I ReactNativeJS: '✅ Current ride loaded:', { id: '8fb34677-14fc-4479-b3c5-d42763361ec5',
10-19 14:18:54.209  8059  8700 I ReactNativeJS:   status: 'in_progress',
10-19 14:18:54.209  8059  8700 I ReactNativeJS:   pickup: 'PRXJ+F32, Brindavan Nagar, Anand Nagar, Hosur, Tamil Nadu 635109, India',
10-19 14:18:54.209  8059  8700 I ReactNativeJS:   destination: 'Bagalur, Tamil Nadu, India',
10-19 14:18:54.209  8059  8700 I ReactNativeJS:   customer: 
10-19 14:18:54.209  8059  8700 I ReactNativeJS:    { id: 'e95a4f14-8958-49e9-8ede-d81b82a7ba12',
10-19 14:18:54.209  8059  8700 I ReactNativeJS:      full_name: 'Ricco',
10-19 14:18:54.209  8059  8700 I ReactNativeJS:      phone_number: null,
10-19 14:18:54.209  8059  8700 I ReactNativeJS:      email: '918608374935@a1taxi.app' } }
10-19 14:18:54.209  8059  8700 I ReactNativeJS: ⚠️ Driver has current ride - not loading pending ride requests
10-19 14:18:54.210  8059  8700 I ReactNativeJS: === RIDES SCREEN STATE DEBUG ===
10-19 14:18:54.210  8059  8700 I ReactNativeJS: 🔄 Component state updated:
10-19 14:18:54.210  8059  8700 I ReactNativeJS: '  - Current ride:', { id: '8fb34677-14fc-4479-b3c5-d42763361ec5',
10-19 14:18:54.210  8059  8700 I ReactNativeJS:   status: 'in_progress',
10-19 14:18:54.210  8059  8700 I ReactNativeJS:   pickup: 'PRXJ+F32, Brindavan Nagar, Anand Nagar, Hosur, Tamil Nadu 635109, India',
10-19 14:18:54.210  8059  8700 I ReactNativeJS:   destination: 'Bagalur, Tamil Nadu, India' }
10-19 14:18:54.210  8059  8700 I ReactNativeJS: '  - Pending rides count:', 0
10-19 14:18:54.210  8059  8700 I ReactNativeJS: '  - Driver status:', 'online'
10-19 14:18:54.210  8059  8700 I ReactNativeJS: '  - Loading:', true
10-19 14:18:54.210  8059  8700 I ReactNativeJS: '  - Error:', null
10-19 14:18:54.210  8059  8700 I ReactNativeJS: '  - Show modal:', false
10-19 14:18:54.210  8059  8700 I ReactNativeJS: '  - Timestamp:', '2025-10-19T08:48:54.210Z'
10-19 14:18:54.210  8059  8700 I ReactNativeJS: ✅ CURRENT RIDE EXISTS - should be visible in UI
10-19 14:18:54.210  8059  8700 I ReactNativeJS: === RIDE REQUEST MODAL LOGIC DEBUG ===
10-19 14:18:54.210  8059  8700 I ReactNativeJS: 🔄 Checking if should show ride request modal:
10-19 14:18:54.210  8059  8700 I ReactNativeJS: '  - Pending rides:', 0
10-19 14:18:54.210  8059  8700 I ReactNativeJS: '  - Modal already showing:', false
10-19 14:18:54.210  8059  8700 I ReactNativeJS: '  - Driver status:', 'online'
10-19 14:18:54.210  8059  8700 I ReactNativeJS: '  - Has current ride:', true
10-19 14:18:54.210  8059  8700 I ReactNativeJS: ❌ NOT SHOWING MODAL - reasons:
10-19 14:18:54.210  8059  8700 I ReactNativeJS: '🚗 Analysis:', { pendingRidesCount: 0,
10-19 14:18:54.210  8059  8700 I ReactNativeJS:   modalAlreadyShowing: false,
10-19 14:18:54.210  8059  8700 I ReactNativeJS:   driverStatus: 'online',
10-19 14:18:54.210  8059  8700 I ReactNativeJS:   hasCurrentRide: true }
10-19 14:18:54.219  8059  8700 I ReactNativeJS: === RIDES SCREEN STATE DEBUG ===
10-19 14:18:54.219  8059  8700 I ReactNativeJS: 🔄 Component state updated:
10-19 14:18:54.219  8059  8700 I ReactNativeJS: '  - Current ride:', { id: '8fb34677-14fc-4479-b3c5-d42763361ec5',
10-19 14:18:54.219  8059  8700 I ReactNativeJS:   status: 'in_progress',
10-19 14:18:54.219  8059  8700 I ReactNativeJS:   pickup: 'PRXJ+F32, Brindavan Nagar, Anand Nagar, Hosur, Tamil Nadu 635109, India',
10-19 14:18:54.219  8059  8700 I ReactNativeJS:   destination: 'Bagalur, Tamil Nadu, India' }
10-19 14:18:54.219  8059  8700 I ReactNativeJS: '  - Pending rides count:', 0
10-19 14:18:54.219  8059  8700 I ReactNativeJS: '  - Driver status:', 'online'
10-19 14:18:54.219  8059  8700 I ReactNativeJS: '  - Loading:', true
10-19 14:18:54.220  8059  8700 I ReactNativeJS: '  - Error:', null
10-19 14:18:54.220  8059  8700 I ReactNativeJS: '  - Show modal:', false
10-19 14:18:54.220  8059  8700 I ReactNativeJS: '  - Timestamp:', '2025-10-19T08:48:54.220Z'
10-19 14:18:54.220  8059  8700 I ReactNativeJS: ✅ CURRENT RIDE EXISTS - should be visible in UI
10-19 14:18:54.220  8059  8700 I ReactNativeJS: === RIDE REQUEST MODAL LOGIC DEBUG ===
10-19 14:18:54.220  8059  8700 I ReactNativeJS: 🔄 Checking if should show ride request modal:
10-19 14:18:54.220  8059  8700 I ReactNativeJS: '  - Pending rides:', 0
10-19 14:18:54.220  8059  8700 I ReactNativeJS: '  - Modal already showing:', false
10-19 14:18:54.220  8059  8700 I ReactNativeJS: '  - Driver status:', 'online'
10-19 14:18:54.220  8059  8700 I ReactNativeJS: '  - Has current ride:', true
10-19 14:18:54.220  8059  8700 I ReactNativeJS: ❌ NOT SHOWING MODAL - reasons:
10-19 14:18:54.220  8059  8700 I ReactNativeJS: '🚗 Analysis:', { pendingRidesCount: 0,
10-19 14:18:54.220  8059  8700 I ReactNativeJS:   modalAlreadyShowing: false,
10-19 14:18:54.220  8059  8700 I ReactNativeJS:   driverStatus: 'online',
10-19 14:18:54.220  8059  8700 I ReactNativeJS:   hasCurrentRide: true }
10-19 14:18:54.227  8059  8700 I ReactNativeJS: === RIDES SCREEN STATE DEBUG ===
10-19 14:18:54.227  8059  8700 I ReactNativeJS: 🔄 Component state updated:
10-19 14:18:54.227  8059  8700 I ReactNativeJS: '  - Current ride:', { id: '8fb34677-14fc-4479-b3c5-d42763361ec5',
10-19 14:18:54.227  8059  8700 I ReactNativeJS:   status: 'in_progress',
10-19 14:18:54.227  8059  8700 I ReactNativeJS:   pickup: 'PRXJ+F32, Brindavan Nagar, Anand Nagar, Hosur, Tamil Nadu 635109, India',
10-19 14:18:54.227  8059  8700 I ReactNativeJS:   destination: 'Bagalur, Tamil Nadu, India' }
10-19 14:18:54.227  8059  8700 I ReactNativeJS: '  - Pending rides count:', 0
10-19 14:18:54.227  8059  8700 I ReactNativeJS: '  - Driver status:', 'online'
10-19 14:18:54.227  8059  8700 I ReactNativeJS: '  - Loading:', false
10-19 14:18:54.227  8059  8700 I ReactNativeJS: '  - Error:', null
10-19 14:18:54.227  8059  8700 I ReactNativeJS: '  - Show modal:', false
10-19 14:18:54.227  8059  8700 I ReactNativeJS: '  - Timestamp:', '2025-10-19T08:48:54.227Z'
10-19 14:18:54.227  8059  8700 I ReactNativeJS: ✅ CURRENT RIDE EXISTS - should be visible in UI
10-19 14:18:54.388  8059  8700 W ReactNativeJS: ⚠️ Not enough GPS points for distance calculation
10-19 14:18:54.389  8059  8700 I ReactNativeJS: '📍 GPS distance result (raw):', { distanceKm: 0, pointsUsed: 0 }
10-19 14:18:54.389  8059  8700 W ReactNativeJS: ⚠️ GPS tracking insufficient (distance < 0.5km or < 3 points), using Google Maps API...
10-19 14:18:54.389  8059  8700 W ReactNativeJS: '⚠️ GPS distance calculation failed, using Google Maps API fallback:', [Error: Insufficient GPS data]
10-19 14:18:54.389  8059  8700 I ReactNativeJS: 📡 Calling Google Maps Directions API...
10-19 14:18:54.389  8059  8700 I ReactNativeJS: '📍 Origin:', { latitude: 12.748588, longitude: 77.8300797 }
10-19 14:18:54.389  8059  8700 I ReactNativeJS: '📍 Destination:', { latitude: 12.8303987, longitude: 77.8662369 }
10-19 14:18:54.561  8059  8700 I ReactNativeJS: 📊 Found 1 route(s):
10-19 14:18:54.561  8059  8700 I ReactNativeJS:   Route 1: 10.55 km, 15 min
10-19 14:18:54.562  8059  8700 I ReactNativeJS: '✅ Google Maps Directions result (using Route 1):', { distance: '10.55 km',
10-19 14:18:54.562  8059  8700 I ReactNativeJS:   duration: '15 min',
10-19 14:18:54.562  8059  8700 I ReactNativeJS:   distanceMeters: 10551,
10-19 14:18:54.562  8059  8700 I ReactNativeJS:   durationSeconds: 929,
10-19 14:18:54.562  8059  8700 I ReactNativeJS:   startAddress: 'PRXJ+F32, Brindavan Nagar, Anand Nagar, Hosur, Tamil Nadu 635109, India',
10-19 14:18:54.562  8059  8700 I ReactNativeJS:   endAddress: 'RVJ8+5F5, Bagalur, Tamil Nadu 635103, India' }
10-19 14:18:54.562  8059  8700 I ReactNativeJS: '✅ Google Maps fallback distance:', { distanceKm: '10.55',
10-19 14:18:54.562  8059  8700 I ReactNativeJS:   durationMinutes: 15,
10-19 14:18:54.562  8059  8700 I ReactNativeJS:   method: 'Google Maps Directions API' }
10-19 14:18:54.562  8059  8700 I ReactNativeJS: '🚨 Trip metrics (Real GPS-tracked distance):', { actualDistanceKm: '10.55',
10-19 14:18:54.562  8059  8700 I ReactNativeJS:   actualDurationMinutes: 15,
10-19 14:18:54.562  8059  8700 I ReactNativeJS:   gpsPointsUsed: 0,
10-19 14:18:54.562  8059  8700 I ReactNativeJS:   pickupLat: 12.748588,
10-19 14:18:54.562  8059  8700 I ReactNativeJS:   pickupLng: 77.8300797,
10-19 14:18:54.562  8059  8700 I ReactNativeJS:   dropLat: 12.8303987,
10-19 14:18:54.562  8059  8700 I ReactNativeJS:   dropLng: 77.8662369,
10-19 14:18:54.562  8059  8700 I ReactNativeJS:   method: 'GPS Breadcrumb Tracking' }
10-19 14:18:54.562  8059  8700 I ReactNativeJS: 🚨 About to call FareCalculationService.calculateAndStoreTripFare...
10-19 14:18:54.562  8059  8700 I ReactNativeJS: === CALCULATING TRIP FARE ===
10-19 14:18:54.562  8059  8700 I ReactNativeJS: 'Ride ID:', '8fb34677-14fc-4479-b3c5-d42763361ec5'
10-19 14:18:54.563  8059  8700 I ReactNativeJS: 'Actual Distance:', 10.551, 'km'
10-19 14:18:54.563  8059  8700 I ReactNativeJS: 'Actual Duration:', 15, 'minutes'
10-19 14:18:54.829  8059  8700 E ReactNativeJS: 'Error fetching ride:', { code: 'PGRST116',
10-19 14:18:54.829  8059  8700 E ReactNativeJS:   details: 'The result contains 0 rows',
10-19 14:18:54.829  8059  8700 E ReactNativeJS:   hint: null,
10-19 14:18:54.829  8059  8700 E ReactNativeJS:   message: 'Cannot coerce the result to a single JSON object' }
10-19 14:18:54.830  8059  8700 I ReactNativeJS: '🚨 FareCalculationService result:', { success: false, error: 'Ride not found' }
10-19 14:18:54.831  8059  8700 E ReactNativeJS: '❌ Fare calculation failed:', 'Ride not found'
10-19 14:18:54.852  8059  8700 I ReactNativeJS: '🚨 CompleteRide function completed, result:', { success: false }
10-19 14:18:54.853  8059  8700 E ReactNativeJS: ❌ Failed to complete ride
10-19 14:18:54.853  8059  8700 I ReactNativeJS: === RIDES SCREEN STATE DEBUG ===
10-19 14:18:54.853  8059  8700 I ReactNativeJS: 🔄 Component state updated:
10-19 14:18:54.854  8059  8700 I ReactNativeJS: '  - Current ride:', { id: '8fb34677-14fc-4479-b3c5-d42763361ec5',
10-19 14:18:54.854  8059  8700 I ReactNativeJS:   status: 'in_progress',
10-19 14:18:54.854  8059  8700 I ReactNativeJS:   pickup: 'PRXJ+F32, Brindavan Nagar, Anand Nagar, Hosur, Tamil Nadu 635109, India',
10-19 14:18:54.854  8059  8700 I ReactNativeJS:   destination: 'Bagalur, Tamil Nadu, India' }
10-19 14:18:54.854  8059  8700 I ReactNativeJS: '  - Pending rides count:', 0
10-19 14:18:54.854  8059  8700 I ReactNativeJS: '  - Driver status:', 'online'
10-19 14:18:54.854  8059  8700 I ReactNativeJS: '  - Loading:', false
10-19 14:18:54.854  8059  8700 I ReactNativeJS: '  - Error:', 'Failed to calculate fare: Ride not found'
10-19 14:18:54.854  8059  8700 I ReactNativeJS: '  - Show modal:', false
10-19 14:18:54.854  8059  8700 I ReactNativeJS: '  - Timestamp:', '2025-10-19T08:48:54.854Z'
10-19 14:18:54.854  8059  8700 I ReactNativeJS: ✅ CURRENT RIDE EXISTS - should be visible in UI
10-19 14:18:54.857  8059  8701 E unknown:ReactNative: console.error: Error fetching ride: {"code":"PGRST116","details":"The result contains 0 rows","hint":null,"message":"Cannot coerce the result to a single JSON object"}, js engine: hermes, stack:
10-19 14:18:54.857  8059  8701 E unknown:ReactNative: _construct@1:117842
10-19 14:18:54.857  8059  8701 E unknown:ReactNative: Wrapper@1:117496
10-19 14:18:54.857  8059  8701 E unknown:ReactNative: _callSuper@1:115478
10-19 14:18:54.857  8059  8701 E unknown:ReactNative: SyntheticError@1:116983
10-19 14:18:54.857  8059  8701 E unknown:ReactNative: reactConsoleErrorHandler@1:116629
10-19 14:18:54.857  8059  8701 E unknown:ReactNative: ?anon_0_@1:2010940
10-19 14:18:54.857  8059  8701 E unknown:ReactNative: asyncGeneratorStep@1:573272
10-19 14:18:54.857  8059  8701 E unknown:ReactNative: _next@1:573529
10-19 14:18:54.857  8059  8701 E unknown:ReactNative: anonymous@1:136226
10-19 14:18:54.857  8059  8701 E unknown:ReactNative: _callTimer@1:135225
10-19 14:18:54.857  8059  8701 E unknown:ReactNative: _callReactNativeMicrotasksPass@1:135369
10-19 14:18:54.857  8059  8701 E unknown:ReactNative: callReactNativeMicrotasks@1:137300
10-19 14:18:54.857  8059  8701 E unknown:ReactNative: __callReactNativeMicrotasks@1:101038
10-19 14:18:54.857  8059  8701 E unknown:ReactNative: anonymous@1:100174
10-19 14:18:54.857  8059  8701 E unknown:ReactNative: __guard@1:100912
10-19 14:18:54.857  8059  8701 E unknown:ReactNative: flushedQueue@1:100085
10-19 14:18:54.857  8059  8701 E unknown:ReactNative: invokeCallbackAndReturnFlushedQueue@1:100028
10-19 14:18:54.862  8059  8700 I ReactNativeJS: === RIDES SCREEN STATE DEBUG ===
10-19 14:18:54.862  8059  8700 I ReactNativeJS: 🔄 Component state updated:
10-19 14:18:54.862  8059  8700 I ReactNativeJS: '  - Current ride:', { id: '8fb34677-14fc-4479-b3c5-d42763361ec5',
10-19 14:18:54.862  8059  8700 I ReactNativeJS:   status: 'in_progress',
10-19 14:18:54.862  8059  8700 I ReactNativeJS:   pickup: 'PRXJ+F32, Brindavan Nagar, Anand Nagar, Hosur, Tamil Nadu 635109, India',
10-19 14:18:54.862  8059  8700 I ReactNativeJS:   destination: 'Bagalur, Tamil Nadu, India' }
10-19 14:18:54.862  8059  8700 I ReactNativeJS: '  - Pending rides count:', 0
10-19 14:18:54.862  8059  8700 I ReactNativeJS: '  - Driver status:', 'online'
10-19 14:18:54.862  8059  8700 I ReactNativeJS: '  - Loading:', false
10-19 14:18:54.862  8059  8700 I ReactNativeJS: '  - Error:', null
10-19 14:18:54.862  8059  8700 I ReactNativeJS: '  - Show modal:', false
10-19 14:18:54.862  8059  8700 I ReactNativeJS: '  - Timestamp:', '2025-10-19T08:48:54.862Z'
10-19 14:18:54.862  8059  8700 I ReactNativeJS: ✅ CURRENT RIDE EXISTS - should be visible in UI
10-19 14:18:54.863  8059  8701 E unknown:ReactNative: console.error: ❌ Fare calculation failed: Ride not found, js engine: hermes, stack:
10-19 14:18:54.863  8059  8701 E unknown:ReactNative: _construct@1:117842
10-19 14:18:54.863  8059  8701 E unknown:ReactNative: Wrapper@1:117496
10-19 14:18:54.863  8059  8701 E unknown:ReactNative: _callSuper@1:115478
10-19 14:18:54.863  8059  8701 E unknown:ReactNative: SyntheticError@1:116983
10-19 14:18:54.863  8059  8701 E unknown:ReactNative: reactConsoleErrorHandler@1:116629
10-19 14:18:54.863  8059  8701 E unknown:ReactNative: ?anon_0_@1:2002480
10-19 14:18:54.863  8059  8701 E unknown:ReactNative: asyncGeneratorStep@1:573272
10-19 14:18:54.863  8059  8701 E unknown:ReactNative: _next@1:573529
10-19 14:18:54.863  8059  8701 E unknown:ReactNative: anonymous@1:136226
10-19 14:18:54.863  8059  8701 E unknown:ReactNative: _callTimer@1:135225
10-19 14:18:54.863  8059  8701 E unknown:ReactNative: _callReactNativeMicrotasksPass@1:135369
10-19 14:18:54.863  8059  8701 E unknown:ReactNative: callReactNativeMicrotasks@1:137300
10-19 14:18:54.863  8059  8701 E unknown:ReactNative: __callReactNativeMicrotasks@1:101038
10-19 14:18:54.863  8059  8701 E unknown:ReactNative: anonymous@1:100174
10-19 14:18:54.863  8059  8701 E unknown:ReactNative: __guard@1:100912
10-19 14:18:54.863  8059  8701 E unknown:ReactNative: flushedQueue@1:100085
10-19 14:18:54.863  8059  8701 E unknown:ReactNative: invokeCallbackAndReturnFlushedQueue@1:100028
10-19 14:18:54.870  8059  8701 E unknown:ReactNative: console.error: ❌ Failed to complete ride, js engine: hermes, stack:
10-19 14:18:54.870  8059  8701 E unknown:ReactNative: _construct@1:117842
10-19 14:18:54.870  8059  8701 E unknown:ReactNative: Wrapper@1:117496
10-19 14:18:54.870  8059  8701 E unknown:ReactNative: _callSuper@1:115478
10-19 14:18:54.870  8059  8701 E unknown:ReactNative: SyntheticError@1:116983
10-19 14:18:54.870  8059  8701 E unknown:ReactNative: reactConsoleErrorHandler@1:116629
10-19 14:18:54.870  8059  8701 E unknown:ReactNative: ?anon_0_@1:1990386
10-19 14:18:54.870  8059  8701 E unknown:ReactNative: asyncGeneratorStep@1:573272
10-19 14:18:54.870  8059  8701 E unknown:ReactNative: _next@1:573529
10-19 14:18:54.870  8059  8701 E unknown:ReactNative: anonymous@1:136226
10-19 14:18:54.870  8059  8701 E unknown:ReactNative: _callTimer@1:135225
10-19 14:18:54.870  8059  8701 E unknown:ReactNative: _callReactNativeMicrotasksPass@1:135369
10-19 14:18:54.870  8059  8701 E unknown:ReactNative: callReactNativeMicrotasks@1:137300
10-19 14:18:54.870  8059  8701 E unknown:ReactNative: __callReactNativeMicrotasks@1:101038
10-19 14:18:54.870  8059  8701 E unknown:ReactNative: anonymous@1:100174
10-19 14:18:54.870  8059  8701 E unknown:ReactNative: __guard@1:100912
10-19 14:18:54.870  8059  8701 E unknown:ReactNative: flushedQueue@1:100085
10-19 14:18:54.870  8059  8701 E unknown:ReactNative: invokeCallbackAndReturnFlushedQueue@1:100028
10-19 14:18:54.871  8059  8059 W WindowOnBackDispatcher: OnBackInvokedCallback is not enabled for the application.
10-19 14:18:54.871  8059  8059 W WindowOnBackDispatcher: Set 'android:enableOnBackInvokedCallback="true"' in the application manifest.
10-19 14:18:54.949  8059  8059 W WindowOnBackDispatcher: OnBackInvokedCallback is not enabled for the application.
10-19 14:18:54.949  8059  8059 W WindowOnBackDispatcher: Set 'android:enableOnBackInvokedCallback="true"' in the application manifest.
10-19 14:18:55.010  8059  8059 D ViewRootImpl: AppSizeAfterRelayout, size: Point(1202, 713), rotation: ROTATION_0
10-19 14:18:55.011  8059  8059 D BufferQueueConsumer: [](id:1f7b00000011,api:0,p:-1,c:8059) connect: controlledByApp=false
10-19 14:18:55.012  8059  8059 D BLASTBufferQueue: [VRI[MainActivity]#14](f:0,a:0) constructor()
10-19 14:18:55.012  8059  8059 D BLASTBufferQueue: [VRI[MainActivity]#14](f:0,a:0) update width=1202 height=713 format=-3 mTransformHint=0
10-19 14:18:55.025  8059  8674 D BLASTBufferQueue: [VRI[MainActivity]#14](f:0,a:1) acquireNextBufferLocked size=1202x713 mFrameNumber=1 applyTransaction=true mTimestamp=627105575825608(auto) mPendingTransactions.size=0 graphicBufferId=34613141438571 transform=0
10-19 14:18:55.871  8059  8700 I ReactNativeJS: 🔄 Auto-refreshing rides (2-second interval)...
10-19 14:18:55.872  8059  8700 I ReactNativeJS: === LOADING RIDES ===
10-19 14:18:55.872  8059  8700 I ReactNativeJS: 'Driver ID:', 'eb91d7e5-e2f2-4021-a8c8-3739a3d4cae4'
10-19 14:18:55.872  8059  8700 I ReactNativeJS: 'Driver User ID:', '1c4ac410-54d8-4b5e-960b-3afcbebd115d'
10-19 14:18:55.880  8059  8700 I ReactNativeJS: 🔍 Loading current ride...
10-19 14:18:55.881  8059  8700 I ReactNativeJS: === RIDES SCREEN STATE DEBUG ===
10-19 14:18:55.881  8059  8700 I ReactNativeJS: 🔄 Component state updated:
10-19 14:18:55.881  8059  8700 I ReactNativeJS: '  - Current ride:', { id: '8fb34677-14fc-4479-b3c5-d42763361ec5',
10-19 14:18:55.881  8059  8700 I ReactNativeJS:   status: 'in_progress',
10-19 14:18:55.881  8059  8700 I ReactNativeJS:   pickup: 'PRXJ+F32, Brindavan Nagar, Anand Nagar, Hosur, Tamil Nadu 635109, India',
10-19 14:18:55.881  8059  8700 I ReactNativeJS:   destination: 'Bagalur, Tamil Nadu, India' }
10-19 14:18:55.881  8059  8700 I ReactNativeJS: '  - Pending rides count:', 0
10-19 14:18:55.881  8059  8700 I ReactNativeJS: '  - Driver status:', 'online'
10-19 14:18:55.881  8059  8700 I ReactNativeJS: '  - Loading:', true
10-19 14:18:55.881  8059  8700 I ReactNativeJS: '  - Error:', null
10-19 14:18:55.881  8059  8700 I ReactNativeJS: '  - Show modal:', false
10-19 14:18:55.881  8059  8700 I ReactNativeJS: '  - Timestamp:', '2025-10-19T08:48:55.881Z'
10-19 14:18:55.881  8059  8700 I ReactNativeJS: ✅ CURRENT RIDE EXISTS - should be visible in UI
10-19 14:18:56.091  8059  8059 W WindowOnBackDispatcher: sendCancelIfRunning: isInProgress=false callback=android.view.ViewRootImpl$$ExternalSyntheticLambda11@fcb4267
10-19 14:18:56.101  8059  8674 D HWUI    : endAllActiveAnimators on 0xb40000778006dc00 (RippleDrawable) with handle 0xb4000077d00e04a0
10-19 14:18:56.110  8059  8695 D BLASTBufferQueue: [VRI[MainActivity]#14](f:0,a:4) destructor()
10-19 14:18:56.110  8059  8695 D BufferQueueConsumer: [VRI[MainActivity]#14(BLAST Consumer)14](id:1f7b00000011,api:0,p:-1,c:8059) disconnect
10-19 14:18:56.122  8059  8059 W WindowOnBackDispatcher: OnBackInvokedCallback is not enabled for the application.
10-19 14:18:56.122  8059  8059 W WindowOnBackDispatcher: Set 'android:enableOnBackInvokedCallback="true"' in the application manifest.
10-19 14:18:56.143  8059  8700 I ReactNativeJS: '✅ Current ride loaded:', { id: '8fb34677-14fc-4479-b3c5-d42763361ec5',
10-19 14:18:56.143  8059  8700 I ReactNativeJS:   status: 'in_progress',
10-19 14:18:56.143  8059  8700 I ReactNativeJS:   pickup: 'PRXJ+F32, Brindavan Nagar, Anand Nagar, Hosur, Tamil Nadu 635109, India',
10-19 14:18:56.143  8059  8700 I ReactNativeJS:   destination: 'Bagalur, Tamil Nadu, India',
10-19 14:18:56.143  8059  8700 I ReactNativeJS:   customer: 
10-19 14:18:56.143  8059  8700 I ReactNativeJS:    { id: 'e95a4f14-8958-49e9-8ede-d81b82a7ba12',
10-19 14:18:56.143  8059  8700 I ReactNativeJS:      full_name: 'Ricco',
10-19 14:18:56.143  8059  8700 I ReactNativeJS:      phone_number: null,
10-19 14:18:56.143  8059  8700 I ReactNativeJS:      email: '918608374935@a1taxi.app' } }
10-19 14:18:56.143  8059  8700 I ReactNativeJS: ⚠️ Driver has current ride - not loading pending ride requests
10-19 14:18:56.143  8059  8700 I ReactNativeJS: === RIDES SCREEN STATE DEBUG ===
10-19 14:18:56.143  8059  8700 I ReactNativeJS: 🔄 Component state updated:
10-19 14:18:56.143  8059  8700 I ReactNativeJS: '  - Current ride:', { id: '8fb34677-14fc-4479-b3c5-d42763361ec5',
10-19 14:18:56.143  8059  8700 I ReactNativeJS:   status: 'in_progress',
10-19 14:18:56.143  8059  8700 I ReactNativeJS:   pickup: 'PRXJ+F32, Brindavan Nagar, Anand Nagar, Hosur, Tamil Nadu 635109, India',
10-19 14:18:56.143  8059  8700 I ReactNativeJS:   destination: 'Bagalur, Tamil Nadu, India' }
10-19 14:18:56.144  8059  8700 I ReactNativeJS: '  - Pending rides count:', 0
10-19 14:18:56.144  8059  8700 I ReactNativeJS: '  - Driver status:', 'online'
10-19 14:18:56.144  8059  8700 I ReactNativeJS: '  - Loading:', true
10-19 14:18:56.144  8059  8700 I ReactNativeJS: '  - Error:', null
10-19 14:18:56.144  8059  8700 I ReactNativeJS: '  - Show modal:', false
10-19 14:18:56.144  8059  8700 I ReactNativeJS: '  - Timestamp:', '2025-10-19T08:48:56.144Z'
10-19 14:18:56.144  8059  8700 I ReactNativeJS: ✅ CURRENT RIDE EXISTS - should be visible in UI
10-19 14:18:56.144  8059  8700 I ReactNativeJS: === RIDE REQUEST MODAL LOGIC DEBUG ===
10-19 14:18:56.144  8059  8700 I ReactNativeJS: 🔄 Checking if should show ride request modal:
10-19 14:18:56.144  8059  8700 I ReactNativeJS: '  - Pending rides:', 0
10-19 14:18:56.144  8059  8700 I ReactNativeJS: '  - Modal already showing:', false
10-19 14:18:56.144  8059  8700 I ReactNativeJS: '  - Driver status:', 'online'
10-19 14:18:56.144  8059  8700 I ReactNativeJS: '  - Has current ride:', true
10-19 14:18:56.144  8059  8700 I ReactNativeJS: ❌ NOT SHOWING MODAL - reasons:
10-19 14:18:56.144  8059  8700 I ReactNativeJS: '🚗 Analysis:', { pendingRidesCount: 0,
10-19 14:18:56.144  8059  8700 I ReactNativeJS:   modalAlreadyShowing: false,
10-19 14:18:56.144  8059  8700 I ReactNativeJS:   driverStatus: 'online',
10-19 14:18:56.144  8059  8700 I ReactNativeJS:   hasCurrentRide: true }
10-19 14:18:56.152  8059  8700 I ReactNativeJS: === RIDES SCREEN STATE DEBUG ===
10-19 14:18:56.152  8059  8700 I ReactNativeJS: 🔄 Component state updated:
10-19 14:18:56.153  8059  8700 I ReactNativeJS: '  - Current ride:', { id: '8fb34677-14fc-4479-b3c5-d42763361ec5',
10-19 14:18:56.153  8059  8700 I ReactNativeJS:   status: 'in_progress',
10-19 14:18:56.153  8059  8700 I ReactNativeJS:   pickup: 'PRXJ+F32, Brindavan Nagar, Anand Nagar, Hosur, Tamil Nadu 635109, India',
10-19 14:18:56.153  8059  8700 I ReactNativeJS:   destination: 'Bagalur, Tamil Nadu, India' }
10-19 14:18:56.153  8059  8700 I ReactNativeJS: '  - Pending rides count:', 0
10-19 14:18:56.153  8059  8700 I ReactNativeJS: '  - Driver status:', 'online'
10-19 14:18:56.153  8059  8700 I ReactNativeJS: '  - Loading:', true
10-19 14:18:56.153  8059  8700 I ReactNativeJS: '  - Error:', null
10-19 14:18:56.153  8059  8700 I ReactNativeJS: '  - Show modal:', false
10-19 14:18:56.153  8059  8700 I ReactNativeJS: '  - Timestamp:', '2025-10-19T08:48:56.153Z'
10-19 14:18:56.153  8059  8700 I ReactNativeJS: ✅ CURRENT RIDE EXISTS - should be visible in UI
10-19 14:18:56.153  8059  8700 I ReactNativeJS: === RIDE REQUEST MODAL LOGIC DEBUG ===
10-19 14:18:56.153  8059  8700 I ReactNativeJS: 🔄 Checking if should show ride request modal:
10-19 14:18:56.153  8059  8700 I ReactNativeJS: '  - Pending rides:', 0
10-19 14:18:56.153  8059  8700 I ReactNativeJS: '  - Modal already showing:', false
10-19 14:18:56.153  8059  8700 I ReactNativeJS: '  - Driver status:', 'online'
10-19 14:18:56.153  8059  8700 I ReactNativeJS: '  - Has current ride:', true
10-19 14:18:56.153  8059  8700 I ReactNativeJS: ❌ NOT SHOWING MODAL - reasons:
10-19 14:18:56.153  8059  8700 I ReactNativeJS: '🚗 Analysis:', { pendingRidesCount: 0,
10-19 14:18:56.153  8059  8700 I ReactNativeJS:   modalAlreadyShowing: false,
10-19 14:18:56.153  8059  8700 I ReactNativeJS:   driverStatus: 'online',
10-19 14:18:56.153  8059  8700 I ReactNativeJS:   hasCurrentRide: true }
10-19 14:18:56.156  8059  8059 V ImeFocusController: onWindowFocus: com.android.internal.policy.DecorView{e311d29 V.E...... R......D 0,0-1080,2392 aid=0}[MainActivity] softInputMode=STATE_UNSPECIFIED|ADJUST_RESIZE
