10-20 22:59:58.393 27060 27485 I ReactNativeJS: ğŸ”„ Checking if should show ride request modal:
10-20 22:59:58.393 27060 27485 I ReactNativeJS: '  - Pending rides:', 0
10-20 22:59:58.393 27060 27485 I ReactNativeJS: '  - Modal already showing:', false
10-20 22:59:58.393 27060 27485 I ReactNativeJS: '  - Driver status:', 'online'
10-20 22:59:58.393 27060 27485 I ReactNativeJS: '  - Has current ride:', false
10-20 22:59:58.393 27060 27485 I ReactNativeJS: âŒ NOT SHOWING MODAL - reasons:
10-20 22:59:58.394 27060 27485 I ReactNativeJS: 'ğŸš— Analysis:', { pendingRidesCount: 0,
10-20 22:59:58.394 27060 27485 I ReactNativeJS:   modalAlreadyShowing: false,
10-20 22:59:58.394 27060 27485 I ReactNativeJS:   driverStatus: 'online',
10-20 22:59:58.394 27060 27485 I ReactNativeJS:   hasCurrentRide: false }
10-20 22:59:58.399 27060 27485 I ReactNativeJS: 'ğŸ¯ğŸ¯ğŸ¯ TripCompletionModal RENDER - visible:', false
10-20 22:59:58.399 27060 27485 I ReactNativeJS: 'ğŸ¯ğŸ¯ğŸ¯ tripData:', '{\n  "distance": 0,\n  "duration": 0,\n  "fareBreakdown": {\n    "booking_type": "regular",\n    "vehicle_type": "sedan",\n    "base_fare": 0,\n    "distance_fare": 0,\n    "time_fare": 0,\n    "surge_charges": 0,\n    "deadhead_charges": 0,\n    "platform_fee": 0,\n    "gst_on_charges": 0,\n    "gst_on_platform_fee": 0,\n    "extra_km_charges": 0,\n    "driver_allowance": 0,\n    "total_fare": 0,\n    "details": {\n      "actual_distance_km": 0,\n      "actual_duration_minutes": 0,\n      "per_km_rate": 0\n    }\n  },\n  "pickup_address": "",\n  "destination_address": "",\n  "booking_type": "regular",\n  "rental_hours": null\n}'
10-20 22:59:58.399 27060 27485 I ReactNativeJS: âŒ Not visible - returning null
10-20 22:59:58.401 27060 27485 I ReactNativeJS: === RIDES SCREEN STATE DEBUG ===
10-20 22:59:58.401 27060 27485 I ReactNativeJS: ğŸ”„ Component state updated:
10-20 22:59:58.401 27060 27485 I ReactNativeJS: '  - Current ride:', 'null'
10-20 22:59:58.401 27060 27485 I ReactNativeJS: '  - Pending rides count:', 0
10-20 22:59:58.401 27060 27485 I ReactNativeJS: '  - Driver status:', 'online'
10-20 22:59:58.401 27060 27485 I ReactNativeJS: '  - Loading:', false
10-20 22:59:58.401 27060 27485 I ReactNativeJS: '  - Error:', null
10-20 22:59:58.401 27060 27485 I ReactNativeJS: '  - Show modal:', false
10-20 22:59:58.401 27060 27485 I ReactNativeJS: '  - Timestamp:', '2025-10-20T17:29:58.401Z'
10-20 22:59:58.401 27060 27485 I ReactNativeJS: âŒ NO CURRENT RIDE - showing empty state
10-20 22:59:58.892 21104 28399 I NearbyPresence: (REDACTED) %s verified [==] new request %s equals to the old request
10-20 22:59:59.488 21104 21184 I FusedLocation: (REDACTED) location delivery to %s blocked - too close
10-20 22:59:59.491 21104 21184 I FusedLocation: (REDACTED) location delivery to %s blocked - too fast
10-20 22:59:59.493 21104 21184 I FusedLocation: (REDACTED) location delivery to %s blocked - too close
10-20 22:59:59.495 21104 21184 I FusedLocation: (REDACTED) location delivery to %s blocked - too close
10-20 22:59:59.495 21104 21184 I FusedLocation: (REDACTED) location delivery to %s blocked - too close
10-20 22:59:59.563 21104 28537 I TFLite-in-PlayServices: Created interpreter.
10-20 22:59:59.588 21104 28537 I TFLite-in-PlayServices: Created interpreter.
10-20 22:59:59.615 21104 28537 I SemanticLocation: (REDACTED) [Inferrer] %s%s
10-20 22:59:59.688 27060 27485 I ReactNativeJS: ğŸ”„ Auto-refreshing rides (2-second interval)...
10-20 22:59:59.689 27060 27485 I ReactNativeJS: === LOADING RIDES ===
10-20 22:59:59.689 27060 27485 I ReactNativeJS: 'Driver ID:', 'eb91d7e5-e2f2-4021-a8c8-3739a3d4cae4'
10-20 22:59:59.689 27060 27485 I ReactNativeJS: 'Driver User ID:', '1c4ac410-54d8-4b5e-960b-3afcbebd115d'
10-20 22:59:59.692 27060 27485 I ReactNativeJS: 'ğŸ¯ğŸ¯ğŸ¯ TripCompletionModal RENDER - visible:', false
10-20 22:59:59.693 27060 27485 I ReactNativeJS: 'ğŸ¯ğŸ¯ğŸ¯ tripData:', '{\n  "distance": 0,\n  "duration": 0,\n  "fareBreakdown": {\n    "booking_type": "regular",\n    "vehicle_type": "sedan",\n    "base_fare": 0,\n    "distance_fare": 0,\n    "time_fare": 0,\n    "surge_charges": 0,\n    "deadhead_charges": 0,\n    "platform_fee": 0,\n    "gst_on_charges": 0,\n    "gst_on_platform_fee": 0,\n    "extra_km_charges": 0,\n    "driver_allowance": 0,\n    "total_fare": 0,\n    "details": {\n      "actual_distance_km": 0,\n      "actual_duration_minutes": 0,\n      "per_km_rate": 0\n    }\n  },\n  "pickup_address": "",\n  "destination_address": "",\n  "booking_type": "regular",\n  "rental_hours": null\n}'
10-20 22:59:59.693 27060 27485 I ReactNativeJS: âŒ Not visible - returning null
10-20 22:59:59.693 27060 27485 I ReactNativeJS: ğŸ” Loading current ride...
10-20 22:59:59.695 27060 27485 I ReactNativeJS: === RIDES SCREEN STATE DEBUG ===
10-20 22:59:59.695 27060 27485 I ReactNativeJS: ğŸ”„ Component state updated:
10-20 22:59:59.695 27060 27485 I ReactNativeJS: '  - Current ride:', 'null'
10-20 22:59:59.695 27060 27485 I ReactNativeJS: '  - Pending rides count:', 0
10-20 22:59:59.695 27060 27485 I ReactNativeJS: '  - Driver status:', 'online'
10-20 22:59:59.695 27060 27485 I ReactNativeJS: '  - Loading:', true
10-20 22:59:59.695 27060 27485 I ReactNativeJS: '  - Error:', null
10-20 22:59:59.695 27060 27485 I ReactNativeJS: '  - Show modal:', false
10-20 22:59:59.695 27060 27485 I ReactNativeJS: '  - Timestamp:', '2025-10-20T17:29:59.695Z'
10-20 22:59:59.695 27060 27485 I ReactNativeJS: âŒ NO CURRENT RIDE - showing empty state
10-20 22:59:59.973 27060 27485 I ReactNativeJS: 'âœ… Current ride loaded:', 'none'
10-20 22:59:59.973 27060 27485 I ReactNativeJS: ğŸ” Loading pending ride notifications...
10-20 23:00:00.259 27060 27485 I ReactNativeJS: ğŸ“‹ Found 0 unread ride notifications
10-20 23:00:00.273 27060 27485 I ReactNativeJS: 'ğŸ¯ğŸ¯ğŸ¯ TripCompletionModal RENDER - visible:', false
10-20 23:00:00.274 27060 27485 I ReactNativeJS: 'ğŸ¯ğŸ¯ğŸ¯ tripData:', '{\n  "distance": 0,\n  "duration": 0,\n  "fareBreakdown": {\n    "booking_type": "regular",\n    "vehicle_type": "sedan",\n    "base_fare": 0,\n    "distance_fare": 0,\n    "time_fare": 0,\n    "surge_charges": 0,\n    "deadhead_charges": 0,\n    "platform_fee": 0,\n    "gst_on_charges": 0,\n    "gst_on_platform_fee": 0,\n    "extra_km_charges": 0,\n    "driver_allowance": 0,\n    "total_fare": 0,\n    "details": {\n      "actual_distance_km": 0,\n      "actual_duration_minutes": 0,\n      "per_km_rate": 0\n    }\n  },\n  "pickup_address": "",\n  "destination_address": "",\n  "booking_type": "regular",\n  "rental_hours": null\n}'
10-20 23:00:00.274 27060 27485 I ReactNativeJS: âŒ Not visible - returning null
10-20 23:00:00.276 27060 27485 I ReactNativeJS: âœ… No pending ride notifications
10-20 23:00:00.276 27060 27485 I ReactNativeJS: === RIDES SCREEN STATE DEBUG ===
10-20 23:00:00.276 27060 27485 I ReactNativeJS: ğŸ”„ Component state updated:
10-20 23:00:00.277 27060 27485 I ReactNativeJS: '  - Current ride:', 'null'
10-20 23:00:00.277 27060 27485 I ReactNativeJS: '  - Pending rides count:', 0
10-20 23:00:00.277 27060 27485 I ReactNativeJS: '  - Driver status:', 'online'
10-20 23:00:00.277 27060 27485 I ReactNativeJS: '  - Loading:', true
10-20 23:00:00.277 27060 27485 I ReactNativeJS: '  - Error:', null
10-20 23:00:00.277 27060 27485 I ReactNativeJS: '  - Show modal:', false
10-20 23:00:00.277 27060 27485 I ReactNativeJS: '  - Timestamp:', '2025-10-20T17:30:00.277Z'
10-20 23:00:00.277 27060 27485 I ReactNativeJS: âŒ NO CURRENT RIDE - showing empty state
10-20 23:00:00.277 27060 27485 I ReactNativeJS: === RIDE REQUEST MODAL LOGIC DEBUG ===
10-20 23:00:00.277 27060 27485 I ReactNativeJS: ğŸ”„ Checking if should show ride request modal:
10-20 23:00:00.277 27060 27485 I ReactNativeJS: '  - Pending rides:', 0
10-20 23:00:00.277 27060 27485 I ReactNativeJS: '  - Modal already showing:', false
10-20 23:00:00.277 27060 27485 I ReactNativeJS: '  - Driver status:', 'online'
10-20 23:00:00.277 27060 27485 I ReactNativeJS: '  - Has current ride:', false
10-20 23:00:00.277 27060 27485 I ReactNativeJS: âŒ NOT SHOWING MODAL - reasons:
10-20 23:00:00.278 27060 27485 I ReactNativeJS: 'ğŸš— Analysis:', { pendingRidesCount: 0,
10-20 23:00:00.278 27060 27485 I ReactNativeJS:   modalAlreadyShowing: false,
10-20 23:00:00.278 27060 27485 I ReactNativeJS:   driverStatus: 'online',
10-20 23:00:00.278 27060 27485 I ReactNativeJS:   hasCurrentRide: false }
10-20 23:00:00.283 27060 27485 I ReactNativeJS: 'ğŸ¯ğŸ¯ğŸ¯ TripCompletionModal RENDER - visible:', false
10-20 23:00:00.284 27060 27485 I ReactNativeJS: 'ğŸ¯ğŸ¯ğŸ¯ tripData:', '{\n  "distance": 0,\n  "duration": 0,\n  "fareBreakdown": {\n    "booking_type": "regular",\n    "vehicle_type": "sedan",\n    "base_fare": 0,\n    "distance_fare": 0,\n    "time_fare": 0,\n    "surge_charges": 0,\n    "deadhead_charges": 0,\n    "platform_fee": 0,\n    "gst_on_charges": 0,\n    "gst_on_platform_fee": 0,\n    "extra_km_charges": 0,\n    "driver_allowance": 0,\n    "total_fare": 0,\n    "details": {\n      "actual_distance_km": 0,\n      "actual_duration_minutes": 0,\n      "per_km_rate": 0\n    }\n  },\n  "pickup_address": "",\n  "destination_address": "",\n  "booking_type": "regular",\n  "rental_hours": null\n}'
10-20 23:00:00.284 27060 27485 I ReactNativeJS: âŒ Not visible - returning null
10-20 23:00:00.285 27060 27485 I ReactNativeJS: === RIDES SCREEN STATE DEBUG ===
10-20 23:00:00.285 27060 27485 I ReactNativeJS: ğŸ”„ Component state updated:
10-20 23:00:00.285 27060 27485 I ReactNativeJS: '  - Current ride:', 'null'
10-20 23:00:00.285 27060 27485 I ReactNativeJS: '  - Pending rides count:', 0
10-20 23:00:00.285 27060 27485 I ReactNativeJS: '  - Driver status:', 'online'
10-20 23:00:00.285 27060 27485 I ReactNativeJS: '  - Loading:', false
10-20 23:00:00.286 27060 27485 I ReactNativeJS: '  - Error:', null
10-20 23:00:00.286 27060 27485 I ReactNativeJS: '  - Show modal:', false
10-20 23:00:00.286 27060 27485 I ReactNativeJS: '  - Timestamp:', '2025-10-20T17:30:00.286Z'
10-20 23:00:00.286 27060 27485 I ReactNativeJS: âŒ NO CURRENT RIDE - showing empty state
10-20 23:00:00.867 21104 21188 W Settings: Setting airplane_mode_on has moved from android.provider.Settings.System to android.provider.Settings.Global, returning read-only value.
10-20 23:00:00.872 21104 28646 W SystemServiceRegistry: No service published for: wifirtt
10-20 23:00:01.691 27060 27485 I ReactNativeJS: ğŸ”„ Auto-refreshing rides (2-second interval)...
10-20 23:00:01.691 27060 27485 I ReactNativeJS: === LOADING RIDES ===
10-20 23:00:01.691 27060 27485 I ReactNativeJS: 'Driver ID:', 'eb91d7e5-e2f2-4021-a8c8-3739a3d4cae4'
10-20 23:00:01.691 27060 27485 I ReactNativeJS: 'Driver User ID:', '1c4ac410-54d8-4b5e-960b-3afcbebd115d'
10-20 23:00:01.696 27060 27485 I ReactNativeJS: 'ğŸ¯ğŸ¯ğŸ¯ TripCompletionModal RENDER - visible:', false
10-20 23:00:01.697 27060 27485 I ReactNativeJS: 'ğŸ¯ğŸ¯ğŸ¯ tripData:', '{\n  "distance": 0,\n  "duration": 0,\n  "fareBreakdown": {\n    "booking_type": "regular",\n    "vehicle_type": "sedan",\n    "base_fare": 0,\n    "distance_fare": 0,\n    "time_fare": 0,\n    "surge_charges": 0,\n    "deadhead_charges": 0,\n    "platform_fee": 0,\n    "gst_on_charges": 0,\n    "gst_on_platform_fee": 0,\n    "extra_km_charges": 0,\n    "driver_allowance": 0,\n    "total_fare": 0,\n    "details": {\n      "actual_distance_km": 0,\n      "actual_duration_minutes": 0,\n      "per_km_rate": 0\n    }\n  },\n  "pickup_address": "",\n  "destination_address": "",\n  "booking_type": "regular",\n  "rental_hours": null\n}'
10-20 23:00:01.697 27060 27485 I ReactNativeJS: âŒ Not visible - returning null
10-20 23:00:01.698 27060 27485 I ReactNativeJS: ğŸ” Loading current ride...
10-20 23:00:01.699 27060 27485 I ReactNativeJS: === RIDES SCREEN STATE DEBUG ===
10-20 23:00:01.699 27060 27485 I ReactNativeJS: ğŸ”„ Component state updated:
10-20 23:00:01.699 27060 27485 I ReactNativeJS: '  - Current ride:', 'null'
10-20 23:00:01.699 27060 27485 I ReactNativeJS: '  - Pending rides count:', 0
10-20 23:00:01.699 27060 27485 I ReactNativeJS: '  - Driver status:', 'online'
10-20 23:00:01.699 27060 27485 I ReactNativeJS: '  - Loading:', true
10-20 23:00:01.699 27060 27485 I ReactNativeJS: '  - Error:', null
10-20 23:00:01.699 27060 27485 I ReactNativeJS: '  - Show modal:', false
10-20 23:00:01.700 27060 27485 I ReactNativeJS: '  - Timestamp:', '2025-10-20T17:30:01.699Z'
10-20 23:00:01.700 27060 27485 I ReactNativeJS: âŒ NO CURRENT RIDE - showing empty state
10-20 23:00:02.093 27060 27485 I ReactNativeJS: 'âœ… Current ride loaded:', 'none'
10-20 23:00:02.093 27060 27485 I ReactNativeJS: ğŸ” Loading pending ride notifications...
10-20 23:00:02.306 21104 21140 I WifiScanner: onFullResults
10-20 23:00:02.306 21104 22225 I WifiScanner: onFullResults
10-20 23:00:02.306 21104 22225 I WifiScanner: onFullResults
10-20 23:00:02.319 21104 28899 I FrewleTileCacheManagerV: (REDACTED) Fetched %d AP models from cache
10-20 23:00:02.346 27060 27485 I ReactNativeJS: ğŸ“‹ Found 0 unread ride notifications
10-20 23:00:02.348 21104 21184 I FusedLocation: (REDACTED) location delivery to %s blocked - too fast
10-20 23:00:02.349 21104 21184 I FusedLocation: (REDACTED) location delivery to %s blocked - too close
10-20 23:00:02.350 21104 21184 I FusedLocation: (REDACTED) location delivery to %s blocked - too fast
10-20 23:00:02.351 21104 21184 I FusedLocation: (REDACTED) location delivery to %s blocked - too close
10-20 23:00:02.352 27060 27485 I ReactNativeJS: 'ğŸ¯ğŸ¯ğŸ¯ TripCompletionModal RENDER - visible:', false
10-20 23:00:02.352 21104 21184 I FusedLocation: (REDACTED) location delivery to %s blocked - too close
10-20 23:00:02.352 27060 27485 I ReactNativeJS: 'ğŸ¯ğŸ¯ğŸ¯ tripData:', '{\n  "distance": 0,\n  "duration": 0,\n  "fareBreakdown": {\n    "booking_type": "regular",\n    "vehicle_type": "sedan",\n    "base_fare": 0,\n    "distance_fare": 0,\n    "time_fare": 0,\n    "surge_charges": 0,\n    "deadhead_charges": 0,\n    "platform_fee": 0,\n    "gst_on_charges": 0,\n    "gst_on_platform_fee": 0,\n    "extra_km_charges": 0,\n    "driver_allowance": 0,\n    "total_fare": 0,\n    "details": {\n      "actual_distance_km": 0,\n      "actual_duration_minutes": 0,\n      "per_km_rate": 0\n    }\n  },\n  "pickup_address": "",\n  "destination_address": "",\n  "booking_type": "regular",\n  "rental_hours": null\n}'
10-20 23:00:02.352 27060 27485 I ReactNativeJS: âŒ Not visible - returning null
10-20 23:00:02.352 21104 21184 I FusedLocation: (REDACTED) location delivery to %s blocked - too close
10-20 23:00:02.352 21104 21184 I FusedLocation: (REDACTED) location delivery to %s blocked - too fast
10-20 23:00:02.353 27060 27485 I ReactNativeJS: âœ… No pending ride notifications
10-20 23:00:02.353 27060 27485 I ReactNativeJS: === RIDES SCREEN STATE DEBUG ===
10-20 23:00:02.353 27060 27485 I ReactNativeJS: ğŸ”„ Component state updated:
10-20 23:00:02.353 21104 21184 I fznc    : Received empty WiFi-RTT scan. [CONTEXT service_id=6 ]
10-20 23:00:02.353 27060 27485 I ReactNativeJS: '  - Current ride:', 'null'
10-20 23:00:02.353 27060 27485 I ReactNativeJS: '  - Pending rides count:', 0
10-20 23:00:02.353 27060 27485 I ReactNativeJS: '  - Driver status:', 'online'
10-20 23:00:02.353 27060 27485 I ReactNativeJS: '  - Loading:', true
10-20 23:00:02.353 27060 27485 I ReactNativeJS: '  - Error:', null
10-20 23:00:02.353 27060 27485 I ReactNativeJS: '  - Show modal:', false
10-20 23:00:02.353 27060 27485 I ReactNativeJS: '  - Timestamp:', '2025-10-20T17:30:02.353Z'
10-20 23:00:02.353 27060 27485 I ReactNativeJS: âŒ NO CURRENT RIDE - showing empty state
10-20 23:00:02.353 27060 27485 I ReactNativeJS: === RIDE REQUEST MODAL LOGIC DEBUG ===
10-20 23:00:02.353 27060 27485 I ReactNativeJS: ğŸ”„ Checking if should show ride request modal:
10-20 23:00:02.354 27060 27485 I ReactNativeJS: '  - Pending rides:', 0
10-20 23:00:02.354 27060 27485 I ReactNativeJS: '  - Modal already showing:', false
10-20 23:00:02.354 27060 27485 I ReactNativeJS: '  - Driver status:', 'online'
10-20 23:00:02.354 27060 27485 I ReactNativeJS: '  - Has current ride:', false
10-20 23:00:02.354 27060 27485 I ReactNativeJS: âŒ NOT SHOWING MODAL - reasons:
10-20 23:00:02.354 27060 27485 I ReactNativeJS: 'ğŸš— Analysis:', { pendingRidesCount: 0,
10-20 23:00:02.354 27060 27485 I ReactNativeJS:   modalAlreadyShowing: false,
10-20 23:00:02.354 27060 27485 I ReactNativeJS:   driverStatus: 'online',
10-20 23:00:02.354 27060 27485 I ReactNativeJS:   hasCurrentRide: false }
10-20 23:00:02.358 27060 27485 I ReactNativeJS: 'ğŸ¯ğŸ¯ğŸ¯ TripCompletionModal RENDER - visible:', false
10-20 23:00:02.359 27060 27485 I ReactNativeJS: 'ğŸ¯ğŸ¯ğŸ¯ tripData:', '{\n  "distance": 0,\n  "duration": 0,\n  "fareBreakdown": {\n    "booking_type": "regular",\n    "vehicle_type": "sedan",\n    "base_fare": 0,\n    "distance_fare": 0,\n    "time_fare": 0,\n    "surge_charges": 0,\n    "deadhead_charges": 0,\n    "platform_fee": 0,\n    "gst_on_charges": 0,\n    "gst_on_platform_fee": 0,\n    "extra_km_charges": 0,\n    "driver_allowance": 0,\n    "total_fare": 0,\n    "details": {\n      "actual_distance_km": 0,\n      "actual_duration_minutes": 0,\n      "per_km_rate": 0\n    }\n  },\n  "pickup_address": "",\n  "destination_address": "",\n  "booking_type": "regular",\n  "rental_hours": null\n}'
10-20 23:00:02.359 27060 27485 I ReactNativeJS: âŒ Not visible - returning null
10-20 23:00:02.360 27060 27485 I ReactNativeJS: === RIDES SCREEN STATE DEBUG ===
10-20 23:00:02.360 27060 27485 I ReactNativeJS: ğŸ”„ Component state updated:
10-20 23:00:02.360 27060 27485 I ReactNativeJS: '  - Current ride:', 'null'
10-20 23:00:02.360 27060 27485 I ReactNativeJS: '  - Pending rides count:', 0
10-20 23:00:02.360 27060 27485 I ReactNativeJS: '  - Driver status:', 'online'
10-20 23:00:02.360 27060 27485 I ReactNativeJS: '  - Loading:', false
10-20 23:00:02.360 27060 27485 I ReactNativeJS: '  - Error:', null
10-20 23:00:02.360 27060 27485 I ReactNativeJS: '  - Show modal:', false
10-20 23:00:02.361 27060 27485 I ReactNativeJS: '  - Timestamp:', '2025-10-20T17:30:02.360Z'
10-20 23:00:02.361 27060 27485 I ReactNativeJS: âŒ NO CURRENT RIDE - showing empty state
10-20 23:00:03.692 27060 27485 I ReactNativeJS: ğŸ”„ Auto-refreshing rides (2-second interval)...
10-20 23:00:03.692 27060 27485 I ReactNativeJS: === LOADING RIDES ===
10-20 23:00:03.692 27060 27485 I ReactNativeJS: 'Driver ID:', 'eb91d7e5-e2f2-4021-a8c8-3739a3d4cae4'
10-20 23:00:03.693 27060 27485 I ReactNativeJS: 'Driver User ID:', '1c4ac410-54d8-4b5e-960b-3afcbebd115d'
10-20 23:00:03.699 27060 27485 I ReactNativeJS: 'ğŸ¯ğŸ¯ğŸ¯ TripCompletionModal RENDER - visible:', false
10-20 23:00:03.699 27060 27485 I ReactNativeJS: 'ğŸ¯ğŸ¯ğŸ¯ tripData:', '{\n  "distance": 0,\n  "duration": 0,\n  "fareBreakdown": {\n    "booking_type": "regular",\n    "vehicle_type": "sedan",\n    "base_fare": 0,\n    "distance_fare": 0,\n    "time_fare": 0,\n    "surge_charges": 0,\n    "deadhead_charges": 0,\n    "platform_fee": 0,\n    "gst_on_charges": 0,\n    "gst_on_platform_fee": 0,\n    "extra_km_charges": 0,\n    "driver_allowance": 0,\n    "total_fare": 0,\n    "details": {\n      "actual_distance_km": 0,\n      "actual_duration_minutes": 0,\n      "per_km_rate": 0\n    }\n  },\n  "pickup_address": "",\n  "destination_address": "",\n  "booking_type": "regular",\n  "rental_hours": null\n}'
10-20 23:00:03.699 27060 27485 I ReactNativeJS: âŒ Not visible - returning null
10-20 23:00:03.700 27060 27485 I ReactNativeJS: ğŸ” Loading current ride...
10-20 23:00:03.702 27060 27485 I ReactNativeJS: === RIDES SCREEN STATE DEBUG ===
10-20 23:00:03.702 27060 27485 I ReactNativeJS: ğŸ”„ Component state updated:
10-20 23:00:03.702 27060 27485 I ReactNativeJS: '  - Current ride:', 'null'
10-20 23:00:03.702 27060 27485 I ReactNativeJS: '  - Pending rides count:', 0
10-20 23:00:03.702 27060 27485 I ReactNativeJS: '  - Driver status:', 'online'
10-20 23:00:03.702 27060 27485 I ReactNativeJS: '  - Loading:', true
10-20 23:00:03.702 27060 27485 I ReactNativeJS: '  - Error:', null
10-20 23:00:03.702 27060 27485 I ReactNativeJS: '  - Show modal:', false
10-20 23:00:03.703 27060 27485 I ReactNativeJS: '  - Timestamp:', '2025-10-20T17:30:03.702Z'
10-20 23:00:03.703 27060 27485 I ReactNativeJS: âŒ NO CURRENT RIDE - showing empty state
10-20 23:00:03.961 27060 27485 I ReactNativeJS: 'âœ… Current ride loaded:', 'none'
10-20 23:00:03.961 27060 27485 I ReactNativeJS: ğŸ” Loading pending ride notifications...
10-20 23:00:04.234 27060 27485 I ReactNativeJS: ğŸ“‹ Found 0 unread ride notifications
10-20 23:00:04.246 27060 27485 I ReactNativeJS: 'ğŸ¯ğŸ¯ğŸ¯ TripCompletionModal RENDER - visible:', false
10-20 23:00:04.247 27060 27485 I ReactNativeJS: 'ğŸ¯ğŸ¯ğŸ¯ tripData:', '{\n  "distance": 0,\n  "duration": 0,\n  "fareBreakdown": {\n    "booking_type": "regular",\n    "vehicle_type": "sedan",\n    "base_fare": 0,\n    "distance_fare": 0,\n    "time_fare": 0,\n    "surge_charges": 0,\n    "deadhead_charges": 0,\n    "platform_fee": 0,\n    "gst_on_charges": 0,\n    "gst_on_platform_fee": 0,\n    "extra_km_charges": 0,\n    "driver_allowance": 0,\n    "total_fare": 0,\n    "details": {\n      "actual_distance_km": 0,\n      "actual_duration_minutes": 0,\n      "per_km_rate": 0\n    }\n  },\n  "pickup_address": "",\n  "destination_address": "",\n  "booking_type": "regular",\n  "rental_hours": null\n}'
10-20 23:00:04.247 27060 27485 I ReactNativeJS: âŒ Not visible - returning null
10-20 23:00:04.249 27060 27485 I ReactNativeJS: âœ… No pending ride notifications
10-20 23:00:04.250 27060 27485 I ReactNativeJS: === RIDES SCREEN STATE DEBUG ===
10-20 23:00:04.250 27060 27485 I ReactNativeJS: ğŸ”„ Component state updated:
10-20 23:00:04.250 27060 27485 I ReactNativeJS: '  - Current ride:', 'null'
10-20 23:00:04.250 27060 27485 I ReactNativeJS: '  - Pending rides count:', 0
10-20 23:00:04.250 27060 27485 I ReactNativeJS: '  - Driver status:', 'online'
10-20 23:00:04.250 27060 27485 I ReactNativeJS: '  - Loading:', true
10-20 23:00:04.250 27060 27485 I ReactNativeJS: '  - Error:', null
10-20 23:00:04.250 27060 27485 I ReactNativeJS: '  - Show modal:', false
10-20 23:00:04.250 27060 27485 I ReactNativeJS: '  - Timestamp:', '2025-10-20T17:30:04.250Z'
10-20 23:00:04.250 27060 27485 I ReactNativeJS: âŒ NO CURRENT RIDE - showing empty state
10-20 23:00:04.250 27060 27485 I ReactNativeJS: === RIDE REQUEST MODAL LOGIC DEBUG ===
10-20 23:00:04.250 27060 27485 I ReactNativeJS: ğŸ”„ Checking if should show ride request modal:
10-20 23:00:04.250 27060 27485 I ReactNativeJS: '  - Pending rides:', 0
10-20 23:00:04.250 27060 27485 I ReactNativeJS: '  - Modal already showing:', false
10-20 23:00:04.250 27060 27485 I ReactNativeJS: '  - Driver status:', 'online'
10-20 23:00:04.250 27060 27485 I ReactNativeJS: '  - Has current ride:', false
10-20 23:00:04.251 27060 27485 I ReactNativeJS: âŒ NOT SHOWING MODAL - reasons:
10-20 23:00:04.251 27060 27485 I ReactNativeJS: 'ğŸš— Analysis:', { pendingRidesCount: 0,
10-20 23:00:04.251 27060 27485 I ReactNativeJS:   modalAlreadyShowing: false,
10-20 23:00:04.251 27060 27485 I ReactNativeJS:   driverStatus: 'online',
10-20 23:00:04.251 27060 27485 I ReactNativeJS:   hasCurrentRide: false }
10-20 23:00:04.256 27060 27485 I ReactNativeJS: 'ğŸ¯ğŸ¯ğŸ¯ TripCompletionModal RENDER - visible:', false
10-20 23:00:04.256 27060 27485 I ReactNativeJS: 'ğŸ¯ğŸ¯ğŸ¯ tripData:', '{\n  "distance": 0,\n  "duration": 0,\n  "fareBreakdown": {\n    "booking_type": "regular",\n    "vehicle_type": "sedan",\n    "base_fare": 0,\n    "distance_fare": 0,\n    "time_fare": 0,\n    "surge_charges": 0,\n    "deadhead_charges": 0,\n    "platform_fee": 0,\n    "gst_on_charges": 0,\n    "gst_on_platform_fee": 0,\n    "extra_km_charges": 0,\n    "driver_allowance": 0,\n    "total_fare": 0,\n    "details": {\n      "actual_distance_km": 0,\n      "actual_duration_minutes": 0,\n      "per_km_rate": 0\n    }\n  },\n  "pickup_address": "",\n  "destination_address": "",\n  "booking_type": "regular",\n  "rental_hours": null\n}'
10-20 23:00:04.256 27060 27485 I ReactNativeJS: âŒ Not visible - returning null
10-20 23:00:04.258 27060 27485 I ReactNativeJS: === RIDES SCREEN STATE DEBUG ===
10-20 23:00:04.258 27060 27485 I ReactNativeJS: ğŸ”„ Component state updated:
10-20 23:00:04.258 27060 27485 I ReactNativeJS: '  - Current ride:', 'null'
10-20 23:00:04.258 27060 27485 I ReactNativeJS: '  - Pending rides count:', 0
10-20 23:00:04.258 27060 27485 I ReactNativeJS: '  - Driver status:', 'online'
10-20 23:00:04.258 27060 27485 I ReactNativeJS: '  - Loading:', false
10-20 23:00:04.258 27060 27485 I ReactNativeJS: '  - Error:', null
10-20 23:00:04.258 27060 27485 I ReactNativeJS: '  - Show modal:', false
10-20 23:00:04.258 27060 27485 I ReactNativeJS: '  - Timestamp:', '2025-10-20T17:30:04.258Z'
10-20 23:00:04.258 27060 27485 I ReactNativeJS: âŒ NO CURRENT RIDE - showing empty state
10-20 23:00:04.497 21104 21184 I FusedLocation: (REDACTED) location delivery to %s blocked - too close
10-20 23:00:04.499 21104 21184 I FusedLocation: (REDACTED) location delivery to %s blocked - too fast
10-20 23:00:04.500 21104 21184 I FusedLocation: (REDACTED) location delivery to %s blocked - too close
10-20 23:00:04.502 21104 21184 I FusedLocation: (REDACTED) location delivery to %s blocked - too close
10-20 23:00:04.502 21104 21184 I FusedLocation: (REDACTED) location delivery to %s blocked - too close
10-20 23:00:04.503 21104 21184 I FusedLocation: (REDACTED) location delivery to %s blocked - too fast
10-20 23:00:04.997 21163 21163 D BoundBrokerSvc: onUnbind: Intent { act=com.google.android.gms.pay.service.BIND dat=chimera-action:/... cmp=com.google.android.gms/.chimera.GmsApiService }
10-20 23:00:05.692 27060 27485 I ReactNativeJS: ğŸ”„ Auto-refreshing rides (2-second interval)...
10-20 23:00:05.692 27060 27485 I ReactNativeJS: === LOADING RIDES ===
10-20 23:00:05.693 27060 27485 I ReactNativeJS: 'Driver ID:', 'eb91d7e5-e2f2-4021-a8c8-3739a3d4cae4'
10-20 23:00:05.693 27060 27485 I ReactNativeJS: 'Driver User ID:', '1c4ac410-54d8-4b5e-960b-3afcbebd115d'
10-20 23:00:05.697 27060 27485 I ReactNativeJS: 'ğŸ¯ğŸ¯ğŸ¯ TripCompletionModal RENDER - visible:', false
10-20 23:00:05.698 27060 27485 I ReactNativeJS: 'ğŸ¯ğŸ¯ğŸ¯ tripData:', '{\n  "distance": 0,\n  "duration": 0,\n  "fareBreakdown": {\n    "booking_type": "regular",\n    "vehicle_type": "sedan",\n    "base_fare": 0,\n    "distance_fare": 0,\n    "time_fare": 0,\n    "surge_charges": 0,\n    "deadhead_charges": 0,\n    "platform_fee": 0,\n    "gst_on_charges": 0,\n    "gst_on_platform_fee": 0,\n    "extra_km_charges": 0,\n    "driver_allowance": 0,\n    "total_fare": 0,\n    "details": {\n      "actual_distance_km": 0,\n      "actual_duration_minutes": 0,\n      "per_km_rate": 0\n    }\n  },\n  "pickup_address": "",\n  "destination_address": "",\n  "booking_type": "regular",\n  "rental_hours": null\n}'
10-20 23:00:05.698 27060 27485 I ReactNativeJS: âŒ Not visible - returning null
10-20 23:00:05.699 27060 27485 I ReactNativeJS: ğŸ” Loading current ride...
10-20 23:00:05.700 27060 27485 I ReactNativeJS: === RIDES SCREEN STATE DEBUG ===
10-20 23:00:05.700 27060 27485 I ReactNativeJS: ğŸ”„ Component state updated:
10-20 23:00:05.700 27060 27485 I ReactNativeJS: '  - Current ride:', 'null'
10-20 23:00:05.700 27060 27485 I ReactNativeJS: '  - Pending rides count:', 0
10-20 23:00:05.700 27060 27485 I ReactNativeJS: '  - Driver status:', 'online'
10-20 23:00:05.700 27060 27485 I ReactNativeJS: '  - Loading:', true
10-20 23:00:05.700 27060 27485 I ReactNativeJS: '  - Error:', null
10-20 23:00:05.700 27060 27485 I ReactNativeJS: '  - Show modal:', false
10-20 23:00:05.700 27060 27485 I ReactNativeJS: '  - Timestamp:', '2025-10-20T17:30:05.700Z'
10-20 23:00:05.700 27060 27485 I ReactNativeJS: âŒ NO CURRENT RIDE - showing empty state
10-20 23:00:05.969 27060 27485 I ReactNativeJS: 'âœ… Current ride loaded:', 'none'
10-20 23:00:05.969 27060 27485 I ReactNativeJS: ğŸ” Loading pending ride notifications...
10-20 23:00:06.223 27060 27485 I ReactNativeJS: ğŸ“‹ Found 0 unread ride notifications
10-20 23:00:06.233 27060 27485 I ReactNativeJS: 'ğŸ¯ğŸ¯ğŸ¯ TripCompletionModal RENDER - visible:', false
10-20 23:00:06.234 27060 27485 I ReactNativeJS: 'ğŸ¯ğŸ¯ğŸ¯ tripData:', '{\n  "distance": 0,\n  "duration": 0,\n  "fareBreakdown": {\n    "booking_type": "regular",\n    "vehicle_type": "sedan",\n    "base_fare": 0,\n    "distance_fare": 0,\n    "time_fare": 0,\n    "surge_charges": 0,\n    "deadhead_charges": 0,\n    "platform_fee": 0,\n    "gst_on_charges": 0,\n    "gst_on_platform_fee": 0,\n    "extra_km_charges": 0,\n    "driver_allowance": 0,\n    "total_fare": 0,\n    "details": {\n      "actual_distance_km": 0,\n      "actual_duration_minutes": 0,\n      "per_km_rate": 0\n    }\n  },\n  "pickup_address": "",\n  "destination_address": "",\n  "booking_type": "regular",\n  "rental_hours": null\n}'
10-20 23:00:06.234 27060 27485 I ReactNativeJS: âŒ Not visible - returning null
10-20 23:00:06.234 27060 27485 I ReactNativeJS: âœ… No pending ride notifications
10-20 23:00:06.235 27060 27485 I ReactNativeJS: === RIDES SCREEN STATE DEBUG ===
10-20 23:00:06.235 27060 27485 I ReactNativeJS: ğŸ”„ Component state updated:
10-20 23:00:06.235 27060 27485 I ReactNativeJS: '  - Current ride:', 'null'
10-20 23:00:06.235 27060 27485 I ReactNativeJS: '  - Pending rides count:', 0
10-20 23:00:06.235 27060 27485 I ReactNativeJS: '  - Driver status:', 'online'
10-20 23:00:06.235 27060 27485 I ReactNativeJS: '  - Loading:', true
10-20 23:00:06.235 27060 27485 I ReactNativeJS: '  - Error:', null
10-20 23:00:06.235 27060 27485 I ReactNativeJS: '  - Show modal:', false
10-20 23:00:06.235 27060 27485 I ReactNativeJS: '  - Timestamp:', '2025-10-20T17:30:06.235Z'
10-20 23:00:06.235 27060 27485 I ReactNativeJS: âŒ NO CURRENT RIDE - showing empty state
10-20 23:00:06.235 27060 27485 I ReactNativeJS: === RIDE REQUEST MODAL LOGIC DEBUG ===
10-20 23:00:06.235 27060 27485 I ReactNativeJS: ğŸ”„ Checking if should show ride request modal:
10-20 23:00:06.235 27060 27485 I ReactNativeJS: '  - Pending rides:', 0
10-20 23:00:06.235 27060 27485 I ReactNativeJS: '  - Modal already showing:', false
10-20 23:00:06.235 27060 27485 I ReactNativeJS: '  - Driver status:', 'online'
10-20 23:00:06.235 27060 27485 I ReactNativeJS: '  - Has current ride:', false
10-20 23:00:06.235 27060 27485 I ReactNativeJS: âŒ NOT SHOWING MODAL - reasons:
10-20 23:00:06.236 27060 27485 I ReactNativeJS: 'ğŸš— Analysis:', { pendingRidesCount: 0,
10-20 23:00:06.236 27060 27485 I ReactNativeJS:   modalAlreadyShowing: false,
10-20 23:00:06.236 27060 27485 I ReactNativeJS:   driverStatus: 'online',
10-20 23:00:06.236 27060 27485 I ReactNativeJS:   hasCurrentRide: false }
10-20 23:00:06.242 27060 27485 I ReactNativeJS: 'ğŸ¯ğŸ¯ğŸ¯ TripCompletionModal RENDER - visible:', false
10-20 23:00:06.242 27060 27485 I ReactNativeJS: 'ğŸ¯ğŸ¯ğŸ¯ tripData:', '{\n  "distance": 0,\n  "duration": 0,\n  "fareBreakdown": {\n    "booking_type": "regular",\n    "vehicle_type": "sedan",\n    "base_fare": 0,\n    "distance_fare": 0,\n    "time_fare": 0,\n    "surge_charges": 0,\n    "deadhead_charges": 0,\n    "platform_fee": 0,\n    "gst_on_charges": 0,\n    "gst_on_platform_fee": 0,\n    "extra_km_charges": 0,\n    "driver_allowance": 0,\n    "total_fare": 0,\n    "details": {\n      "actual_distance_km": 0,\n      "actual_duration_minutes": 0,\n      "per_km_rate": 0\n    }\n  },\n  "pickup_address": "",\n  "destination_address": "",\n  "booking_type": "regular",\n  "rental_hours": null\n}'
10-20 23:00:06.242 27060 27485 I ReactNativeJS: âŒ Not visible - returning null
10-20 23:00:06.243 27060 27485 I ReactNativeJS: === RIDES SCREEN STATE DEBUG ===
10-20 23:00:06.243 27060 27485 I ReactNativeJS: ğŸ”„ Component state updated:
10-20 23:00:06.243 27060 27485 I ReactNativeJS: '  - Current ride:', 'null'
10-20 23:00:06.243 27060 27485 I ReactNativeJS: '  - Pending rides count:', 0
10-20 23:00:06.243 27060 27485 I ReactNativeJS: '  - Driver status:', 'online'
10-20 23:00:06.243 27060 27485 I ReactNativeJS: '  - Loading:', false
10-20 23:00:06.243 27060 27485 I ReactNativeJS: '  - Error:', null
10-20 23:00:06.244 27060 27485 I ReactNativeJS: '  - Show modal:', false
10-20 23:00:06.244 27060 27485 I ReactNativeJS: '  - Timestamp:', '2025-10-20T17:30:06.244Z'
10-20 23:00:06.244 27060 27485 I ReactNativeJS: âŒ NO CURRENT RIDE - showing empty state
10-20 23:00:07.303 21104 21188 W Settings: Setting airplane_mode_on has moved from android.provider.Settings.System to android.provider.Settings.Global, returning read-only value.
10-20 23:00:07.308 21104 28646 W SystemServiceRegistry: No service published for: wifirtt
10-20 23:00:07.320 21104 22225 I WifiScanner: onFullResults
10-20 23:00:07.321 21104 21140 I WifiScanner: onFullResults
10-20 23:00:07.321 21104 21199 I WifiScanner: onFullResults
10-20 23:00:07.370 21104 28393 I FrewleTileCacheManagerV: (REDACTED) Fetched %d AP models from cache
10-20 23:00:07.387 21104 21184 I FusedLocation: (REDACTED) location delivery to %s blocked - too fast
10-20 23:00:07.388 21104 21184 I FusedLocation: (REDACTED) location delivery to %s blocked - too close
10-20 23:00:07.391 21104 21184 I FusedLocation: (REDACTED) location delivery to %s blocked - too fast
10-20 23:00:07.391 21104 21184 I FusedLocation: (REDACTED) location delivery to %s blocked - too close
10-20 23:00:07.393 21104 21184 I FusedLocation: (REDACTED) location delivery to %s blocked - too close
10-20 23:00:07.393 21104 21184 I FusedLocation: (REDACTED) location delivery to %s blocked - too close
10-20 23:00:07.393 21104 21184 I FusedLocation: (REDACTED) location delivery to %s blocked - too fast
10-20 23:00:07.404 21104 21184 I fznc    : Received empty WiFi-RTT scan. [CONTEXT service_id=6 ]
10-20 23:00:07.692 27060 27485 I ReactNativeJS: ğŸ”„ Auto-refreshing rides (2-second interval)...
10-20 23:00:07.693 27060 27485 I ReactNativeJS: === LOADING RIDES ===
10-20 23:00:07.693 27060 27485 I ReactNativeJS: 'Driver ID:', 'eb91d7e5-e2f2-4021-a8c8-3739a3d4cae4'
10-20 23:00:07.693 27060 27485 I ReactNativeJS: 'Driver User ID:', '1c4ac410-54d8-4b5e-960b-3afcbebd115d'
10-20 23:00:07.698 27060 27485 I ReactNativeJS: 'ğŸ¯ğŸ¯ğŸ¯ TripCompletionModal RENDER - visible:', false
10-20 23:00:07.698 27060 27485 I ReactNativeJS: 'ğŸ¯ğŸ¯ğŸ¯ tripData:', '{\n  "distance": 0,\n  "duration": 0,\n  "fareBreakdown": {\n    "booking_type": "regular",\n    "vehicle_type": "sedan",\n    "base_fare": 0,\n    "distance_fare": 0,\n    "time_fare": 0,\n    "surge_charges": 0,\n    "deadhead_charges": 0,\n    "platform_fee": 0,\n    "gst_on_charges": 0,\n    "gst_on_platform_fee": 0,\n    "extra_km_charges": 0,\n    "driver_allowance": 0,\n    "total_fare": 0,\n    "details": {\n      "actual_distance_km": 0,\n      "actual_duration_minutes": 0,\n      "per_km_rate": 0\n    }\n  },\n  "pickup_address": "",\n  "destination_address": "",\n  "booking_type": "regular",\n  "rental_hours": null\n}'
10-20 23:00:07.698 27060 27485 I ReactNativeJS: âŒ Not visible - returning null
10-20 23:00:07.700 27060 27485 I ReactNativeJS: ğŸ” Loading current ride...
10-20 23:00:07.702 27060 27485 I ReactNativeJS: === RIDES SCREEN STATE DEBUG ===
10-20 23:00:07.702 27060 27485 I ReactNativeJS: ğŸ”„ Component state updated:
10-20 23:00:07.702 27060 27485 I ReactNativeJS: '  - Current ride:', 'null'
10-20 23:00:07.702 27060 27485 I ReactNativeJS: '  - Pending rides count:', 0
10-20 23:00:07.702 27060 27485 I ReactNativeJS: '  - Driver status:', 'online'
10-20 23:00:07.702 27060 27485 I ReactNativeJS: '  - Loading:', true
10-20 23:00:07.702 27060 27485 I ReactNativeJS: '  - Error:', null
10-20 23:00:07.702 27060 27485 I ReactNativeJS: '  - Show modal:', false
10-20 23:00:07.702 27060 27485 I ReactNativeJS: '  - Timestamp:', '2025-10-20T17:30:07.702Z'
10-20 23:00:07.702 27060 27485 I ReactNativeJS: âŒ NO CURRENT RIDE - showing empty state
10-20 23:00:07.991 27060 27485 I ReactNativeJS: 'âœ… Current ride loaded:', 'none'
10-20 23:00:07.991 27060 27485 I ReactNativeJS: ğŸ” Loading pending ride notifications...
10-20 23:00:08.266 27060 27485 I ReactNativeJS: ğŸ“‹ Found 0 unread ride notifications
10-20 23:00:08.279 27060 27485 I ReactNativeJS: 'ğŸ¯ğŸ¯ğŸ¯ TripCompletionModal RENDER - visible:', false
10-20 23:00:08.280 27060 27485 I ReactNativeJS: 'ğŸ¯ğŸ¯ğŸ¯ tripData:', '{\n  "distance": 0,\n  "duration": 0,\n  "fareBreakdown": {\n    "booking_type": "regular",\n    "vehicle_type": "sedan",\n    "base_fare": 0,\n    "distance_fare": 0,\n    "time_fare": 0,\n    "surge_charges": 0,\n    "deadhead_charges": 0,\n    "platform_fee": 0,\n    "gst_on_charges": 0,\n    "gst_on_platform_fee": 0,\n    "extra_km_charges": 0,\n    "driver_allowance": 0,\n    "total_fare": 0,\n    "details": {\n      "actual_distance_km": 0,\n      "actual_duration_minutes": 0,\n      "per_km_rate": 0\n    }\n  },\n  "pickup_address": "",\n  "destination_address": "",\n  "booking_type": "regular",\n  "rental_hours": null\n}'
10-20 23:00:08.280 27060 27485 I ReactNativeJS: âŒ Not visible - returning null
10-20 23:00:08.282 27060 27485 I ReactNativeJS: âœ… No pending ride notifications
10-20 23:00:08.282 27060 27485 I ReactNativeJS: === RIDES SCREEN STATE DEBUG ===
10-20 23:00:08.282 27060 27485 I ReactNativeJS: ğŸ”„ Component state updated:
10-20 23:00:08.282 27060 27485 I ReactNativeJS: '  - Current ride:', 'null'
10-20 23:00:08.283 27060 27485 I ReactNativeJS: '  - Pending rides count:', 0
10-20 23:00:08.283 27060 27485 I ReactNativeJS: '  - Driver status:', 'online'
10-20 23:00:08.283 27060 27485 I ReactNativeJS: '  - Loading:', true
10-20 23:00:08.283 27060 27485 I ReactNativeJS: '  - Error:', null
10-20 23:00:08.283 27060 27485 I ReactNativeJS: '  - Show modal:', false
10-20 23:00:08.283 27060 27485 I ReactNativeJS: '  - Timestamp:', '2025-10-20T17:30:08.283Z'
10-20 23:00:08.283 27060 27485 I ReactNativeJS: âŒ NO CURRENT RIDE - showing empty state
10-20 23:00:08.283 27060 27485 I ReactNativeJS: === RIDE REQUEST MODAL LOGIC DEBUG ===
10-20 23:00:08.283 27060 27485 I ReactNativeJS: ğŸ”„ Checking if should show ride request modal:
10-20 23:00:08.283 27060 27485 I ReactNativeJS: '  - Pending rides:', 0
10-20 23:00:08.283 27060 27485 I ReactNativeJS: '  - Modal already showing:', false
10-20 23:00:08.283 27060 27485 I ReactNativeJS: '  - Driver status:', 'online'
10-20 23:00:08.283 27060 27485 I ReactNativeJS: '  - Has current ride:', false
10-20 23:00:08.283 27060 27485 I ReactNativeJS: âŒ NOT SHOWING MODAL - reasons:
10-20 23:00:08.284 27060 27485 I ReactNativeJS: 'ğŸš— Analysis:', { pendingRidesCount: 0,
10-20 23:00:08.284 27060 27485 I ReactNativeJS:   modalAlreadyShowing: false,
10-20 23:00:08.284 27060 27485 I ReactNativeJS:   driverStatus: 'online',
10-20 23:00:08.284 27060 27485 I ReactNativeJS:   hasCurrentRide: false }
10-20 23:00:08.289 27060 27485 I ReactNativeJS: 'ğŸ¯ğŸ¯ğŸ¯ TripCompletionModal RENDER - visible:', false
10-20 23:00:08.290 27060 27485 I ReactNativeJS: 'ğŸ¯ğŸ¯ğŸ¯ tripData:', '{\n  "distance": 0,\n  "duration": 0,\n  "fareBreakdown": {\n    "booking_type": "regular",\n    "vehicle_type": "sedan",\n    "base_fare": 0,\n    "distance_fare": 0,\n    "time_fare": 0,\n    "surge_charges": 0,\n    "deadhead_charges": 0,\n    "platform_fee": 0,\n    "gst_on_charges": 0,\n    "gst_on_platform_fee": 0,\n    "extra_km_charges": 0,\n    "driver_allowance": 0,\n    "total_fare": 0,\n    "details": {\n      "actual_distance_km": 0,\n      "actual_duration_minutes": 0,\n      "per_km_rate": 0\n    }\n  },\n  "pickup_address": "",\n  "destination_address": "",\n  "booking_type": "regular",\n  "rental_hours": null\n}'
10-20 23:00:08.290 27060 27485 I ReactNativeJS: âŒ Not visible - returning null
10-20 23:00:08.291 27060 27485 I ReactNativeJS: === RIDES SCREEN STATE DEBUG ===
10-20 23:00:08.291 27060 27485 I ReactNativeJS: ğŸ”„ Component state updated:
10-20 23:00:08.291 27060 27485 I ReactNativeJS: '  - Current ride:', 'null'
10-20 23:00:08.291 27060 27485 I ReactNativeJS: '  - Pending rides count:', 0
10-20 23:00:08.291 27060 27485 I ReactNativeJS: '  - Driver status:', 'online'
10-20 23:00:08.291 27060 27485 I ReactNativeJS: '  - Loading:', false
10-20 23:00:08.291 27060 27485 I ReactNativeJS: '  - Error:', null
10-20 23:00:08.291 27060 27485 I ReactNativeJS: '  - Show modal:', false
10-20 23:00:08.291 27060 27485 I ReactNativeJS: '  - Timestamp:', '2025-10-20T17:30:08.291Z'
10-20 23:00:08.291 27060 27485 I ReactNativeJS: âŒ NO CURRENT RIDE - showing empty state
10-20 23:00:09.488 21104 21184 I FusedLocation: (REDACTED) location delivery to %s blocked - too close
10-20 23:00:09.490 21104 21184 I FusedLocation: (REDACTED) location delivery to %s blocked - too fast
10-20 23:00:09.491 21104 21184 I FusedLocation: (REDACTED) location delivery to %s blocked - too close
10-20 23:00:09.492 21104 21184 I FusedLocation: (REDACTED) location delivery to %s blocked - too close
10-20 23:00:09.492 21104 21184 I FusedLocation: (REDACTED) location delivery to %s blocked - too close
10-20 23:00:09.492 21104 21184 I FusedLocation: (REDACTED) location delivery to %s blocked - too fast
10-20 23:00:09.693 27060 27485 I ReactNativeJS: ğŸ”„ Auto-refreshing rides (2-second interval)...
10-20 23:00:09.693 27060 27485 I ReactNativeJS: === LOADING RIDES ===
10-20 23:00:09.693 27060 27485 I ReactNativeJS: 'Driver ID:', 'eb91d7e5-e2f2-4021-a8c8-3739a3d4cae4'
10-20 23:00:09.694 27060 27485 I ReactNativeJS: 'Driver User ID:', '1c4ac410-54d8-4b5e-960b-3afcbebd115d'
10-20 23:00:09.699 27060 27485 I ReactNativeJS: 'ğŸ¯ğŸ¯ğŸ¯ TripCompletionModal RENDER - visible:', false
10-20 23:00:09.699 27060 27485 I ReactNativeJS: 'ğŸ¯ğŸ¯ğŸ¯ tripData:', '{\n  "distance": 0,\n  "duration": 0,\n  "fareBreakdown": {\n    "booking_type": "regular",\n    "vehicle_type": "sedan",\n    "base_fare": 0,\n    "distance_fare": 0,\n    "time_fare": 0,\n    "surge_charges": 0,\n    "deadhead_charges": 0,\n    "platform_fee": 0,\n    "gst_on_charges": 0,\n    "gst_on_platform_fee": 0,\n    "extra_km_charges": 0,\n    "driver_allowance": 0,\n    "total_fare": 0,\n    "details": {\n      "actual_distance_km": 0,\n      "actual_duration_minutes": 0,\n      "per_km_rate": 0\n    }\n  },\n  "pickup_address": "",\n  "destination_address": "",\n  "booking_type": "regular",\n  "rental_hours": null\n}'
10-20 23:00:09.699 27060 27485 I ReactNativeJS: âŒ Not visible - returning null
10-20 23:00:09.700 27060 27485 I ReactNativeJS: ğŸ” Loading current ride...
10-20 23:00:09.702 27060 27485 I ReactNativeJS: === RIDES SCREEN STATE DEBUG ===
10-20 23:00:09.702 27060 27485 I ReactNativeJS: ğŸ”„ Component state updated:
10-20 23:00:09.702 27060 27485 I ReactNativeJS: '  - Current ride:', 'null'
10-20 23:00:09.702 27060 27485 I ReactNativeJS: '  - Pending rides count:', 0
10-20 23:00:09.702 27060 27485 I ReactNativeJS: '  - Driver status:', 'online'
10-20 23:00:09.702 27060 27485 I ReactNativeJS: '  - Loading:', true
10-20 23:00:09.702 27060 27485 I ReactNativeJS: '  - Error:', null
10-20 23:00:09.702 27060 27485 I ReactNativeJS: '  - Show modal:', false
10-20 23:00:09.702 27060 27485 I ReactNativeJS: '  - Timestamp:', '2025-10-20T17:30:09.702Z'
10-20 23:00:09.702 27060 27485 I ReactNativeJS: âŒ NO CURRENT RIDE - showing empty state
10-20 23:00:09.990 27060 27485 I ReactNativeJS: 'âœ… Current ride loaded:', 'none'
10-20 23:00:09.991 27060 27485 I ReactNativeJS: ğŸ” Loading pending ride notifications...
10-20 23:00:10.247 27060 27485 I ReactNativeJS: ğŸ“‹ Found 0 unread ride notifications
10-20 23:00:10.260 27060 27485 I ReactNativeJS: 'ğŸ¯ğŸ¯ğŸ¯ TripCompletionModal RENDER - visible:', false
10-20 23:00:10.260 27060 27485 I ReactNativeJS: 'ğŸ¯ğŸ¯ğŸ¯ tripData:', '{\n  "distance": 0,\n  "duration": 0,\n  "fareBreakdown": {\n    "booking_type": "regular",\n    "vehicle_type": "sedan",\n    "base_fare": 0,\n    "distance_fare": 0,\n    "time_fare": 0,\n    "surge_charges": 0,\n    "deadhead_charges": 0,\n    "platform_fee": 0,\n    "gst_on_charges": 0,\n    "gst_on_platform_fee": 0,\n    "extra_km_charges": 0,\n    "driver_allowance": 0,\n    "total_fare": 0,\n    "details": {\n      "actual_distance_km": 0,\n      "actual_duration_minutes": 0,\n      "per_km_rate": 0\n    }\n  },\n  "pickup_address": "",\n  "destination_address": "",\n  "booking_type": "regular",\n  "rental_hours": null\n}'
10-20 23:00:10.260 27060 27485 I ReactNativeJS: âŒ Not visible - returning null
10-20 23:00:10.262 27060 27485 I ReactNativeJS: âœ… No pending ride notifications
10-20 23:00:10.263 27060 27485 I ReactNativeJS: === RIDES SCREEN STATE DEBUG ===
10-20 23:00:10.263 27060 27485 I ReactNativeJS: ğŸ”„ Component state updated:
10-20 23:00:10.263 27060 27485 I ReactNativeJS: '  - Current ride:', 'null'
10-20 23:00:10.263 27060 27485 I ReactNativeJS: '  - Pending rides count:', 0
10-20 23:00:10.263 27060 27485 I ReactNativeJS: '  - Driver status:', 'online'
10-20 23:00:10.263 27060 27485 I ReactNativeJS: '  - Loading:', true
10-20 23:00:10.263 27060 27485 I ReactNativeJS: '  - Error:', null
10-20 23:00:10.263 27060 27485 I ReactNativeJS: '  - Show modal:', false
10-20 23:00:10.263 27060 27485 I ReactNativeJS: '  - Timestamp:', '2025-10-20T17:30:10.263Z'
10-20 23:00:10.263 27060 27485 I ReactNativeJS: âŒ NO CURRENT RIDE - showing empty state
10-20 23:00:10.263 27060 27485 I ReactNativeJS: === RIDE REQUEST MODAL LOGIC DEBUG ===
10-20 23:00:10.263 27060 27485 I ReactNativeJS: ğŸ”„ Checking if should show ride request modal:
10-20 23:00:10.263 27060 27485 I ReactNativeJS: '  - Pending rides:', 0
10-20 23:00:10.263 27060 27485 I ReactNativeJS: '  - Modal already showing:', false
10-20 23:00:10.264 27060 27485 I ReactNativeJS: '  - Driver status:', 'online'
10-20 23:00:10.264 27060 27485 I ReactNativeJS: '  - Has current ride:', false
10-20 23:00:10.264 27060 27485 I ReactNativeJS: âŒ NOT SHOWING MODAL - reasons:
10-20 23:00:10.264 27060 27485 I ReactNativeJS: 'ğŸš— Analysis:', { pendingRidesCount: 0,
10-20 23:00:10.264 27060 27485 I ReactNativeJS:   modalAlreadyShowing: false,
10-20 23:00:10.264 27060 27485 I ReactNativeJS:   driverStatus: 'online',
10-20 23:00:10.264 27060 27485 I ReactNativeJS:   hasCurrentRide: false }
10-20 23:00:10.270 27060 27485 I ReactNativeJS: 'ğŸ¯ğŸ¯ğŸ¯ TripCompletionModal RENDER - visible:', false
10-20 23:00:10.270 27060 27485 I ReactNativeJS: 'ğŸ¯ğŸ¯ğŸ¯ tripData:', '{\n  "distance": 0,\n  "duration": 0,\n  "fareBreakdown": {\n    "booking_type": "regular",\n    "vehicle_type": "sedan",\n    "base_fare": 0,\n    "distance_fare": 0,\n    "time_fare": 0,\n    "surge_charges": 0,\n    "deadhead_charges": 0,\n    "platform_fee": 0,\n    "gst_on_charges": 0,\n    "gst_on_platform_fee": 0,\n    "extra_km_charges": 0,\n    "driver_allowance": 0,\n    "total_fare": 0,\n    "details": {\n      "actual_distance_km": 0,\n      "actual_duration_minutes": 0,\n      "per_km_rate": 0\n    }\n  },\n  "pickup_address": "",\n  "destination_address": "",\n  "booking_type": "regular",\n  "rental_hours": null\n}'
10-20 23:00:10.270 27060 27485 I ReactNativeJS: âŒ Not visible - returning null
10-20 23:00:10.272 27060 27485 I ReactNativeJS: === RIDES SCREEN STATE DEBUG ===
10-20 23:00:10.272 27060 27485 I ReactNativeJS: ğŸ”„ Component state updated:
10-20 23:00:10.272 27060 27485 I ReactNativeJS: '  - Current ride:', 'null'
10-20 23:00:10.272 27060 27485 I ReactNativeJS: '  - Pending rides count:', 0
10-20 23:00:10.272 27060 27485 I ReactNativeJS: '  - Driver status:', 'online'
10-20 23:00:10.272 27060 27485 I ReactNativeJS: '  - Loading:', false
10-20 23:00:10.272 27060 27485 I ReactNativeJS: '  - Error:', null
10-20 23:00:10.272 27060 27485 I ReactNativeJS: '  - Show modal:', false
10-20 23:00:10.272 27060 27485 I ReactNativeJS: '  - Timestamp:', '2025-10-20T17:30:10.272Z'
10-20 23:00:10.272 27060 27485 I ReactNativeJS: âŒ NO CURRENT RIDE - showing empty state
10-20 23:00:10.485 27060 27485 I ReactNativeJS: === NAVIGATION CHECK ===
10-20 23:00:10.485 27060 27485 I ReactNativeJS: 'In auth group:', false
10-20 23:00:10.485 27060 27485 I ReactNativeJS: 'Has session:', false
10-20 23:00:10.485 27060 27485 I ReactNativeJS: 'Has driver:', true
10-20 23:00:10.485 27060 27485 I ReactNativeJS: 'Current segments:', [ '(tabs)', 'scheduled' ]
10-20 23:00:10.485 27060 27485 I ReactNativeJS: 'Loading state:', false
10-20 23:00:10.486 27060 27485 I ReactNativeJS: 'Is authenticated:', { id: 'eb91d7e5-e2f2-4021-a8c8-3739a3d4cae4',
10-20 23:00:10.486 27060 27485 I ReactNativeJS:   user_id: '1c4ac410-54d8-4b5e-960b-3afcbebd115d',
10-20 23:00:10.486 27060 27485 I ReactNativeJS:   license_number: 'TY58971234',
10-20 23:00:10.486 27060 27485 I ReactNativeJS:   license_expiry: '2025-10-04',
10-20 23:00:10.486 27060 27485 I ReactNativeJS:   status: 'online',
10-20 23:00:10.486 27060 27485 I ReactNativeJS:   rating: 5,
10-20 23:00:10.486 27060 27485 I ReactNativeJS:   total_rides: 40,
10-20 23:00:10.486 27060 27485 I ReactNativeJS:   is_verified: true,
10-20 23:00:10.486 27060 27485 I ReactNativeJS:   vehicle_id: 'e7591bc7-c083-49f6-b30d-cc0d6964f3a1',
10-20 23:00:10.486 27060 27485 I ReactNativeJS:   vendor_id: null,
10-20 23:00:10.486 27060 27485 I ReactNativeJS:   phone_number: '9598972325',
10-20 23:00:10.486 27060 27485 I ReactNativeJS:   name: 'john',
10-20 23:00:10.486 27060 27485 I ReactNativeJS:   created_at: '2025-09-16T17:06:10.397003+00:00',
10-20 23:00:10.486 27060 27485 I ReactNativeJS:   updated_at: '2025-10-19T20:45:11.661009+00:00',
10-20 23:00:10.486 27060 27485 I ReactNativeJS:   vehicles: 
10-20 23:00:10.486 27060 27485 I ReactNativeJS:    { id: 'e7591bc7-c083-49f6-b30d-cc0d6964f3a1',
10-20 23:00:10.486 27060 27485 I ReactNativeJS:      registration_number: 'KA51MN1111',
10-20 23:00:10.486 27060 27485 I ReactNativeJS:      make: 'Maruti',
10-20 23:00:10.486 27060 27485 I ReactNativeJS:      model: 'Ciaz',
10-20 23:00:10.486 27060 27485 I ReactNativeJS:      year: 2022,
10-20 23:00:10.486 27060 27485 I ReactNativeJS:      color: 'Silver',
