10-18 20:17:05.194 26106 26139 W GmsClient: 	at cmjd.dispatchMessage(:com.google.android.gms@253931035@25.39.31 (260400-813878953):144)
10-18 20:17:05.194 26106 26139 W GmsClient: 	at android.os.Looper.loopOnce(Looper.java:250)
10-18 20:17:05.194 26106 26139 W GmsClient: 	at android.os.Looper.loop(Looper.java:340)
10-18 20:17:05.194 26106 26139 W GmsClient: 	at android.os.HandlerThread.run(HandlerThread.java:107)
10-18 20:17:05.501 26036 26172 I FusedLocation: (REDACTED) location delivery to %s blocked - too fast
10-18 20:17:05.501 26036 26172 I FusedLocation: (REDACTED) location delivery to %s blocked - too close
10-18 20:17:05.502 26036 26172 I FusedLocation: (REDACTED) location delivery to %s blocked - too close
10-18 20:17:05.507 26036 26172 I FusedLocation: (REDACTED) location delivery to %s blocked - too close
10-18 20:17:05.507 26036 26172 I FusedLocation: (REDACTED) location delivery to %s blocked - too fast
10-18 20:17:05.512 30933 31418 I ReactNativeJS: ðŸ“¤ Background location update via RPC...
10-18 20:17:05.512 30933 31418 E ReactNativeJS: âŒ Supabase credentials not configured
10-18 20:17:05.514 30933 31418 I ReactNativeJS: âœ… Background location update successful
10-18 20:17:05.515 30933 31409 I TaskService: Finished task 'background-fetch-task' with eventId '74069fb3-243c-42b1-887a-767a5ca37ee3'.
10-18 20:17:05.517 30933 31419 E unknown:ReactNative: console.error: âŒ Supabase credentials not configured, js engine: hermes, stack:
10-18 20:17:05.517 30933 31419 E unknown:ReactNative: _construct@1:117842
10-18 20:17:05.517 30933 31419 E unknown:ReactNative: Wrapper@1:117496
10-18 20:17:05.517 30933 31419 E unknown:ReactNative: _callSuper@1:115478
10-18 20:17:05.517 30933 31419 E unknown:ReactNative: SyntheticError@1:116983
10-18 20:17:05.517 30933 31419 E unknown:ReactNative: reactConsoleErrorHandler@1:116629
10-18 20:17:05.517 30933 31419 E unknown:ReactNative: ?anon_0_@1:1972274
10-18 20:17:05.517 30933 31419 E unknown:ReactNative: asyncGeneratorStep@1:573272
10-18 20:17:05.517 30933 31419 E unknown:ReactNative: _next@1:573529
10-18 20:17:05.517 30933 31419 E unknown:ReactNative: anonymous@1:136226
10-18 20:17:05.517 30933 31419 E unknown:ReactNative: _callTimer@1:135225
10-18 20:17:05.517 30933 31419 E unknown:ReactNative: _callReactNativeMicrotasksPass@1:135369
10-18 20:17:05.517 30933 31419 E unknown:ReactNative: callReactNativeMicrotasks@1:137289
10-18 20:17:05.517 30933 31419 E unknown:ReactNative: __callReactNativeMicrotasks@1:101038
10-18 20:17:05.517 30933 31419 E unknown:ReactNative: anonymous@1:100174
10-18 20:17:05.517 30933 31419 E unknown:ReactNative: __guard@1:100912
10-18 20:17:05.517 30933 31419 E unknown:ReactNative: flushedQueue@1:100085
10-18 20:17:05.517 30933 31419 E unknown:ReactNative: invokeCallbackAndReturnFlushedQueue@1:100028
10-18 20:17:05.860 22548 22567 I Finsky  : [45213] Stats for Executor: LightweightExecutor ubw@74ae491[Running, pool size = 4, active threads = 0, queued tasks = 0, completed tasks = 2231]
10-18 20:17:05.881 22548 22567 I Finsky  : [45213] Stats for Executor: BlockingExecutor ubw@5adaff6[Running, pool size = 0, active threads = 0, queued tasks = 0, completed tasks = 258]
10-18 20:17:05.917 22548 22567 I Finsky  : [45213] Stats for Executor: bgExecutor ubw@4d50ff7[Running, pool size = 4, active threads = 0, queued tasks = 0, completed tasks = 6824]
10-18 20:17:06.497 26036 26172 I FusedLocation: (REDACTED) location delivery to %s blocked - too fast
10-18 20:17:06.497 26036 26172 I FusedLocation: (REDACTED) location delivery to %s blocked - too close
10-18 20:17:06.498 26036 26172 I FusedLocation: (REDACTED) location delivery to %s blocked - too close
10-18 20:17:06.499 26036 26172 I FusedLocation: (REDACTED) location delivery to %s blocked - too fast
10-18 20:17:06.501 26036 26172 I FusedLocation: (REDACTED) location delivery to %s blocked - too close
10-18 20:17:06.502 26036 26172 I FusedLocation: (REDACTED) location delivery to %s blocked - too fast
10-18 20:17:07.041 26036 26104 W Settings: Setting airplane_mode_on has moved from android.provider.Settings.System to android.provider.Settings.Global, returning read-only value.
10-18 20:17:07.048 26036 32079 W SystemServiceRegistry: No service published for: wifirtt
10-18 20:17:07.064 26036 28451 I WifiScanner: onFullResults
10-18 20:17:07.064 26036 26082 I WifiScanner: onFullResults
10-18 20:17:07.064 26036 28353 I WifiScanner: onFullResults
10-18 20:17:07.070 26036 32079 I FrewleTileCacheManagerV: (REDACTED) Fetched %d AP models from cache
10-18 20:17:07.088 26036 26172 I FusedLocation: (REDACTED) location delivery to %s blocked - too fast
10-18 20:17:07.088 26036 26172 I FusedLocation: (REDACTED) location delivery to %s blocked - too close
10-18 20:17:07.089 26036 26172 I FusedLocation: (REDACTED) location delivery to %s blocked - too close
10-18 20:17:07.089 26036 26172 I FusedLocation: (REDACTED) location delivery to %s blocked - too fast
10-18 20:17:07.091 26036 26172 I FusedLocation: (REDACTED) location delivery to %s blocked - too fast
10-18 20:17:07.091 26036 26172 I FusedLocation: (REDACTED) location delivery to %s blocked - too close
10-18 20:17:07.092 26036 26172 I FusedLocation: (REDACTED) location delivery to %s blocked - too fast
10-18 20:17:07.094 26036 26172 I fyyu    : Received empty WiFi-RTT scan. [CONTEXT service_id=6 ]
10-18 20:17:08.677 26036 26036 I NearbyDiscovery: (REDACTED) FastPairDisplayObserver: %s -> %s
10-18 20:17:09.010  5589  5589 I PkDeviceHelper: PkDeviceHelper.refreshDevices():93 refreshing devices
10-18 20:17:09.013  5589  5589 I PkDeviceHelper: PkDeviceHelper.refreshDevices():93 refreshing devices
10-18 20:17:09.016  5589  5589 I PkDeviceHelper: PkDeviceHelper.refreshDevices():93 refreshing devices
10-18 20:17:09.020 26036 26036 I NearbyDiscovery: (REDACTED) FastPairDisplayObserver: %s -> %s
10-18 20:17:09.027 26036 23159 I NearbyDiscovery: (REDACTED) OffloadFastPairScanner: eventType=%s, isInternalReq=%s, isOffloadScanning=%s, isOffloadScanningAllowed=%s
10-18 20:17:09.029 26036 23159 I NearbyDiscovery: (REDACTED) FastPairScanner: isScreenOn=%s, isLocationEnabled=%s, disableLocationRequirement=%s, isDiscoveryScanningEnabled=%s, during24GhzWifiWarmingUpPeriod=%s
10-18 20:17:09.031 26036 23159 I NearbyDiscovery: (REDACTED) FastPairScanner: eventType=%s, intReq=%s, scanning=%s, scanAllowed=%s, bleEnabled=%s, lockScanRate=%s, startScanningByLowPowerMode=%s
10-18 20:17:09.083  5589 32700 I DeviceStatusMonitor: DeviceStatusMonitor.handleBroadcast():123 onReceive() : Action = android.intent.action.SCREEN_ON
10-18 20:17:09.083  5589 32700 I DeviceStatusMonitor: DeviceStatusMonitor.updateCountryInfo():139 updateCountryInfo(), notifyAnyway = false
10-18 20:17:09.279 26036 23159 I NearbyDiscovery: (REDACTED) FastPairHandler: Received action %s
10-18 20:17:09.305 26036 23159 I NearbyDiscovery: (REDACTED) OffloadFastPairScanner: eventType=%s, isInternalReq=%s, isOffloadScanning=%s, isOffloadScanningAllowed=%s
10-18 20:17:09.306 26036 23159 I NearbyDiscovery: (REDACTED) FastPairScanner: isScreenOn=%s, isLocationEnabled=%s, disableLocationRequirement=%s, isDiscoveryScanningEnabled=%s, during24GhzWifiWarmingUpPeriod=%s
10-18 20:17:09.310 26036 32054 W DatabaseProcessor: processLocalDevices: failed to get the network info with non-null networkId.
10-18 20:17:09.313 26036 26036 I CastMediaRouteProvider: Published 0 routes
10-18 20:17:09.353 26036 26669 I NullBinder: NullBinder for android.net.action.RECOMMEND_NETWORKS triggering remote TransactionTooLargeException due to Service without Chimera impl, calling uid: 1000, calling pid: 0
10-18 20:17:09.353 26036 26669 W .gms.persistent: Large reply transaction of 1056768 bytes, interface descriptor , code 1
10-18 20:17:09.390 26036 26236 I NullBinder: NullBinder for android.net.action.RECOMMEND_NETWORKS triggering remote TransactionTooLargeException due to Service without Chimera impl, calling uid: 1000, calling pid: 0
10-18 20:17:09.390 26036 26236 W .gms.persistent: Large reply transaction of 1056768 bytes, interface descriptor , code 1
10-18 20:17:09.396 26036 26052 I NullBinder: NullBinder for android.net.action.RECOMMEND_NETWORKS triggering remote TransactionTooLargeException due to Service without Chimera impl, calling uid: 1000, calling pid: 0
10-18 20:17:09.398 26036 26052 W .gms.persistent: Large reply transaction of 1056768 bytes, interface descriptor , code 1
10-18 20:17:09.423 26036 23159 I NearbyDiscovery: (REDACTED) FastPairScanner: eventType=%s, intReq=%s, scanning=%s, scanAllowed=%s, bleEnabled=%s, lockScanRate=%s, startScanningByLowPowerMode=%s
10-18 20:17:09.424 26036 23159 I NearbyDiscovery: FastPairController: onSystemStateChanged: skip due to flag disabled [CONTEXT service_id=265 ]
10-18 20:17:09.664  5720 14147 D SQLiteQueryBuilder: SELECT bucket_id FROM images WHERE ((((is_pending=0 AND NOT _modifier=4) OR (is_pending=1 AND lower(_data) NOT REGEXP '.*/\.pending-(\d+)-([^/]+)$' AND owner_package_name IN ( 'com.vivo.widget.gallery' , 'com.vivo.gallery' )))) AND (is_trashed=0) AND (volume_name IN ( 'external_primary' ))) AND ((_data like '/storage/emulated/0/Download/äº’ä¼ /folder/%' AND (width > 0 AND height > 0)))
10-18 20:17:09.734  5720 14147 D SQLiteQueryBuilder: SELECT _id, _data, width, height FROM video WHERE ((((is_pending=0 AND NOT _modifier=4) OR (is_pending=1 AND lower(_data) NOT REGEXP '.*/\.pending-(\d+)-([^/]+)$' AND owner_package_name IN ( 'com.vivo.widget.gallery' , 'com.vivo.gallery' )))) AND (is_trashed=0) AND (volume_name IN ( 'external_primary' ))) AND ((duration >= 3000 AND  duration <= 60000 AND (bucket_id IN (-1949793892, 13311172, -1739773001, 1216519567, -1535937100, 1028125135, -1524047660, 1040014575, -1526850504, 1037211731, 139421402, 1136101865, 2126348076, -452826217, -519179321, -519178918, 1711169606, -884178653, -884178250, -1421703830, 232691476, -1949680778)) AND _id NOT IN () AND (width > 0 AND height > 0))) LIMIT 40 OFFSET 0
10-18 20:17:09.775  5720 14147 D SQLiteQueryBuilder: SELECT count(_id) FROM images WHERE ((((is_pending=0 AND NOT _modifier=4) OR (is_pending=1 AND lower(_data) NOT REGEXP '.*/\.pending-(\d+)-([^/]+)$' AND owner_package_name IN ( 'com.vivo.widget.gallery' , 'com.vivo.gallery' )))) AND (is_trashed=0) AND (volume_name IN ( 'external_primary' ))) AND ((_id>?))
10-18 20:17:09.862 26036 32732 I NearbySharing: Network state changed: NetworkState(isRestricted=false, isOnline=true, isCongested=false, isMetered=false, isWifiConnected=true)
10-18 20:17:09.889  6545  6545 I bnlz    : onStart
10-18 20:17:09.896  6545  6545 I bldh    : (REDACTED) [%s] onStart()
10-18 20:17:09.896  6545  6545 I blfn    : Reloading theme data
10-18 20:17:09.906  6545  6545 I bnlz    : onResume
10-18 20:17:10.011  5589  5589 I GoogleInputMethodService: GoogleInputMethodService.onStartInput():1346 onStartInput(EditorInfo{EditorInfo{packageName=com.android.launcher3, inputType=0, inputTypeString=NULL, enableLearning=false, autoCorrection=false, autoComplete=false, imeOptions=0, privateImeOptions=null, actionName=UNSPECIFIED, actionLabel=null, initialSelStart=-1, initialSelEnd=-1, initialCapsMode=0, label=null, fieldId=0, fieldName=null, extras=null, hintText=null, hintLocales=[]}}, false)
10-18 20:17:10.012  5589  5589 I Module  : DeviceLockedStatusModuleProvider$Module.updateDeviceLockedStatus():100 repeatCheckTimes = 1, locked = false
10-18 20:17:10.025 26036 23159 I NearbyDiscovery: (REDACTED) FastPairHandler: Received action %s
10-18 20:17:10.026 26036 23159 I NearbyDiscovery: FastPairController: onSystemStateChanged: skip due to flag disabled [CONTEXT service_id=265 ]
10-18 20:17:10.029 26036 26236 I NullBinder: NullBinder for com.google.android.gms.lockbox.service.START triggering remote TransactionTooLargeException due to Service without Chimera impl, calling uid: 10202, calling pid: 26106
10-18 20:17:10.029 26036 26236 W .gms.persistent: Large reply transaction of 1056768 bytes, interface descriptor , code 46
10-18 20:17:10.029 26106 26139 E IPCThreadState: Binder transaction failure. id: 441130984, BR_*: 29201, error: -28 (No space left on device)
10-18 20:17:10.029 26106 26139 E JavaBinder: !!! FAILED BINDER TRANSACTION !!!  (parcel size = 408)
10-18 20:17:10.030 26106 26139 W GmsClient: IGmsServiceBroker.getService failed
10-18 20:17:10.030 26106 26139 W GmsClient: android.os.DeadObjectException: Transaction failed on small parcel; remote process probably died, but this could also be caused by running out of binder buffer space
10-18 20:17:10.030 26106 26139 W GmsClient: 	at android.os.BinderProxy.transactNative(Native Method)
10-18 20:17:10.030 26106 26139 W GmsClient: 	at android.os.BinderProxy.transact(BinderProxy.java:692)
10-18 20:17:10.030 26106 26139 W GmsClient: 	at bbkc.a(:com.google.android.gms@253931035@25.39.31 (260400-813878953):33)
10-18 20:17:10.030 26106 26139 W GmsClient: 	at bbid.z(:com.google.android.gms@253931035@25.39.31 (260400-813878953):160)
10-18 20:17:10.030 26106 26139 W GmsClient: 	at baoz.run(:com.google.android.gms@253931035@25.39.31 (260400-813878953):42)
10-18 20:17:10.030 26106 26139 W GmsClient: 	at android.os.Handler.handleCallback(Handler.java:1014)
10-18 20:17:10.030 26106 26139 W GmsClient: 	at android.os.Handler.dispatchMessage(Handler.java:102)
10-18 20:17:10.030 26106 26139 W GmsClient: 	at cmjd.mC(:com.google.android.gms@253931035@25.39.31 (260400-813878953):1)
10-18 20:17:10.030 26106 26139 W GmsClient: 	at cmjd.dispatchMessage(:com.google.android.gms@253931035@25.39.31 (260400-813878953):144)
10-18 20:17:10.030 26106 26139 W GmsClient: 	at android.os.Looper.loopOnce(Looper.java:250)
10-18 20:17:10.030 26106 26139 W GmsClient: 	at android.os.Looper.loop(Looper.java:340)
10-18 20:17:10.030 26106 26139 W GmsClient: 	at android.os.HandlerThread.run(HandlerThread.java:107)
10-18 20:17:10.030 26036 32558 I NearbySharing: Screen is unlocked
10-18 20:17:10.031 26036 32558 I NearbySharing: Uwb feature is off.
10-18 20:17:10.031 26036 32558 I NearbySharing: Uwb feature is off.
10-18 20:17:10.031 26036 32558 I NearbySharing: Stopping scanning because Bluetooth is disabled.
10-18 20:17:10.032 26036 32558 I NearbySharing: Stopping Fast Init advertisement because Bluetooth is off.
10-18 20:17:10.032 26036 32558 I NearbySharing: Stopping advertising because Bluetooth is disabled.
10-18 20:17:10.041  7096  7112 W ProxyAndroidLoggerBackend: Too many Flogger logs received before configuration. Dropping old logs.
10-18 20:17:10.041  7096  7112 W ProxyAndroidLoggerBackend: Too many Flogger logs received before configuration. Dropping old logs.
10-18 20:17:10.041  7096  7112 W ProxyAndroidLoggerBackend: Too many Flogger logs received before configuration. Dropping old logs.
10-18 20:17:10.041  7096  7112 W ProxyAndroidLoggerBackend: Too many Flogger logs received before configuration. Dropping old logs.
10-18 20:17:10.041  7096  7112 W ProxyAndroidLoggerBackend: Too many Flogger logs received before configuration. Dropping old logs.
10-18 20:17:10.045  7096  7112 E VivoAudioPolicyProxyNative: VivoAudioPolicyProxy getInstanceInter: binding to vivoaudiopolicy service failed, service up?
10-18 20:17:10.045  7096  7112 I AudioRecord: set final client name com.google.android.googlequicksearchbox(0)
10-18 20:17:10.046  7096  7112 E word_detector_0: RecordingActivityTracker(): binding to audio service failed, service up?
10-18 20:17:10.047  7096  7112 I AudioRecord: set(): getPolicyInputSourceForVoip mAttributes inputsource=1999, input source= 1999,flags:0
10-18 20:17:10.050 26036 32558 I NearbySharing: Starting scanning for Fast Initiation.
10-18 20:17:10.051 26036 32558 I NearbySharing: Failed to scan for FastInitiation. Scanning is not supported on this device.
10-18 20:17:10.051 26036 32558 I NearbySharing: Dismissing HUN as there's no device nearby.
10-18 20:17:10.072  7096  7112 W ProxyAndroidLoggerBackend: Too many Flogger logs received before configuration. Dropping old logs.
10-18 20:17:10.073  7096  7112 I native  : I0000 00:00:1760798830.073351    7112 soda_client.cc:330] Starting capture.
10-18 20:17:10.073  7096  7112 I native  : I0000 00:00:1760798830.073720    7112 soda_async_impl.cc:651] SODA session starting (require_hotword:1, hotword_timeout_in_millis:0, trigger_type:TRIGGER_TYPE_UNSPECIFIED, hybrid_asr_config.mode:MODE_DEFAULT)
10-18 20:17:10.074  7096  7126 W ProxyAndroidLoggerBackend: Too many Flogger logs received before configuration. Dropping old logs.
10-18 20:17:10.074  7096  7126 W ProxyAndroidLoggerBackend: Too many Flogger logs received before configuration. Dropping old logs.
10-18 20:17:10.075  7096  7126 E VivoAudioPolicyProxyNative: VivoAudioPolicyProxy getInstanceInter: binding to vivoaudiopolicy service failed, service up?
10-18 20:17:10.076 26036 32008 I NearbyMediums: ModuleInitializer handles incoming intent android.intent.action.USER_PRESENT
10-18 20:17:10.077  7096  7130 W ProxyAndroidLoggerBackend: Too many Flogger logs received before configuration. Dropping old logs.
10-18 20:17:10.078 26036 32558 I Nearby  : (REDACTED) Beginning attempt #%d out of %d for %s...
10-18 20:17:10.080 26036 32558 I NearbyMediums: BluetoothAdapter's name was not set by Nearby Connections, ignoring call to restore default scan mode.
10-18 20:17:10.085 26036 32558 I NearbyMediums: BluetoothAdapter's name was not set by Nearby Connections, ignoring call to restore device name
10-18 20:17:10.086 26106   323 I PersonalSafety: ConnectivityProtectionLockingIntentOperation: cancelled task [CONTEXT service_id=310 ]
10-18 20:17:10.089 26036 26036 I RCNIntentOperation: RCN is disabled on this network.
10-18 20:17:10.089 23128 23128 W fbservices-stub:InitStatus: Not blocking Service (51888160)
10-18 20:17:10.090 23128 23128 W fbservices-stub:InitStatus: Not blocking Service (51888160)
10-18 20:17:10.096  7096  7126 W ProxyAndroidLoggerBackend: Too many Flogger logs received before configuration. Dropping old logs.
10-18 20:17:10.148 26036 26052 I NullBinder: NullBinder for com.google.android.gms.lockbox.service.START triggering remote TransactionTooLargeException due to Service without Chimera impl, calling uid: 10202, calling pid: 26106
10-18 20:17:10.148 26036 26052 W .gms.persistent: Large reply transaction of 1056768 bytes, interface descriptor , code 46
10-18 20:17:10.148 26106 26139 E IPCThreadState: Binder transaction failure. id: 441131997, BR_*: 29201, error: -28 (No space left on device)
10-18 20:17:10.148 26106 26139 E JavaBinder: !!! FAILED BINDER TRANSACTION !!!  (parcel size = 408)
10-18 20:17:10.150 26106 26139 W GmsClient: IGmsServiceBroker.getService failed
10-18 20:17:10.150 26106 26139 W GmsClient: android.os.DeadObjectException: Transaction failed on small parcel; remote process probably died, but this could also be caused by running out of binder buffer space
10-18 20:17:10.150 26106 26139 W GmsClient: 	at android.os.BinderProxy.transactNative(Native Method)
10-18 20:17:10.150 26106 26139 W GmsClient: 	at android.os.BinderProxy.transact(BinderProxy.java:692)
10-18 20:17:10.150 26106 26139 W GmsClient: 	at bbkc.a(:com.google.android.gms@253931035@25.39.31 (260400-813878953):33)
10-18 20:17:10.150 26106 26139 W GmsClient: 	at bbid.z(:com.google.android.gms@253931035@25.39.31 (260400-813878953):160)
10-18 20:17:10.150 26106 26139 W GmsClient: 	at baoz.run(:com.google.android.gms@253931035@25.39.31 (260400-813878953):42)
10-18 20:17:10.150 26106 26139 W GmsClient: 	at android.os.Handler.handleCallback(Handler.java:1014)
10-18 20:17:10.150 26106 26139 W GmsClient: 	at android.os.Handler.dispatchMessage(Handler.java:102)
10-18 20:17:10.150 26106 26139 W GmsClient: 	at cmjd.mC(:com.google.android.gms@253931035@25.39.31 (260400-813878953):1)
10-18 20:17:10.150 26106 26139 W GmsClient: 	at cmjd.dispatchMessage(:com.google.android.gms@253931035@25.39.31 (260400-813878953):144)
10-18 20:17:10.150 26106 26139 W GmsClient: 	at android.os.Looper.loopOnce(Looper.java:250)
10-18 20:17:10.150 26106 26139 W GmsClient: 	at android.os.Looper.loop(Looper.java:340)
10-18 20:17:10.150 26106 26139 W GmsClient: 	at android.os.HandlerThread.run(HandlerThread.java:107)
10-18 20:17:10.192  7096  7120 I native  : I0000 00:00:1760798830.192424    7120 soda_async_impl.cc:1357] SODA received first mic audio buffer, size in bytes: 320, format: 1, channels: 1, sample rate: 16000
10-18 20:17:10.197 26036 26052 I NullBinder: NullBinder for com.google.android.gms.lockbox.service.START triggering remote TransactionTooLargeException due to Service without Chimera impl, calling uid: 10202, calling pid: 26106
10-18 20:17:10.197 26036 26052 W .gms.persistent: Large reply transaction of 1056768 bytes, interface descriptor , code 46
10-18 20:17:10.197 26106 26139 E IPCThreadState: Binder transaction failure. id: 441132141, BR_*: 29201, error: -28 (No space left on device)
10-18 20:17:10.197 26106 26139 E JavaBinder: !!! FAILED BINDER TRANSACTION !!!  (parcel size = 408)
10-18 20:17:10.198 26106 26139 W GmsClient: IGmsServiceBroker.getService failed
10-18 20:17:10.198 26106 26139 W GmsClient: android.os.DeadObjectException: Transaction failed on small parcel; remote process probably died, but this could also be caused by running out of binder buffer space
10-18 20:17:10.198 26106 26139 W GmsClient: 	at android.os.BinderProxy.transactNative(Native Method)
10-18 20:17:10.198 26106 26139 W GmsClient: 	at android.os.BinderProxy.transact(BinderProxy.java:692)
10-18 20:17:10.198 26106 26139 W GmsClient: 	at bbkc.a(:com.google.android.gms@253931035@25.39.31 (260400-813878953):33)
10-18 20:17:10.198 26106 26139 W GmsClient: 	at bbid.z(:com.google.android.gms@253931035@25.39.31 (260400-813878953):160)
10-18 20:17:10.198 26106 26139 W GmsClient: 	at baoz.run(:com.google.android.gms@253931035@25.39.31 (260400-813878953):42)
10-18 20:17:10.198 26106 26139 W GmsClient: 	at android.os.Handler.handleCallback(Handler.java:1014)
10-18 20:17:10.198 26106 26139 W GmsClient: 	at android.os.Handler.dispatchMessage(Handler.java:102)
10-18 20:17:10.198 26106 26139 W GmsClient: 	at cmjd.mC(:com.google.android.gms@253931035@25.39.31 (260400-813878953):1)
10-18 20:17:10.198 26106 26139 W GmsClient: 	at cmjd.dispatchMessage(:com.google.android.gms@253931035@25.39.31 (260400-813878953):144)
10-18 20:17:10.198 26106 26139 W GmsClient: 	at android.os.Looper.loopOnce(Looper.java:250)
10-18 20:17:10.198 26106 26139 W GmsClient: 	at android.os.Looper.loop(Looper.java:340)
10-18 20:17:10.198 26106 26139 W GmsClient: 	at android.os.HandlerThread.run(HandlerThread.java:107)
10-18 20:17:10.394 26036 26104 I ActivityScheduler: nextTriggerTime: 1243004757, in 5000ms, detectorType: 39, FULL_TYPE alarmWindowMillis: 625
10-18 20:17:10.592  7096  7120 I native  : I0000 00:00:1760798830.592047    7120 soda_async_impl.cc:1126] Not receiving any loopback audio in 500ms. Last audio received time: 1970-01-01T05:30:00+05:30, Current time: 2025-10-18T20:17:10.592045139+05:30
10-18 20:17:11.080  6545  6545 I bnft    : (REDACTED) onApplyWindowInsets: systemWindowInsets=%s
10-18 20:17:11.080  6545  6545 I bnft    : (REDACTED) onApplyWindowInsets: systemWindowInsets=%s
10-18 20:17:11.480 26036 26172 I FusedLocation: (REDACTED) location delivery to %s blocked - too close
10-18 20:17:11.480 26036 26172 I FusedLocation: (REDACTED) location delivery to %s blocked - too close
10-18 20:17:11.482 26036 26172 I FusedLocation: (REDACTED) location delivery to %s blocked - too close
10-18 20:17:11.482 26036 26172 I FusedLocation: (REDACTED) location delivery to %s blocked - too fast
10-18 20:17:11.492 26036 31502 I SemanticLocation: [InfMgr] No location reports after filtering [CONTEXT service_id=173 ]
10-18 20:17:12.072 26036 26104 W Settings: Setting airplane_mode_on has moved from android.provider.Settings.System to android.provider.Settings.Global, returning read-only value.
10-18 20:17:12.077 26036 32447 W SystemServiceRegistry: No service published for: wifirtt
10-18 20:17:12.239 15708 19060 I ReactNativeJS: 'ðŸ“¡ [REALTIME] Ride subscription status for e5863667-c95a-40ff-9572-d05a921bea53:', 'CHANNEL_ERROR'
10-18 20:17:12.241 15708 19060 I ReactNativeJS: 'ðŸ“¡ [REALTIME] Ride subscription status for 97334bab-4520-4c46-8c5e-568c16476c7e:', 'CHANNEL_ERROR'
10-18 20:17:12.243 15708 19060 I ReactNativeJS: 'ðŸ“¡ [REALTIME] Ride subscription status for ab10282a-8c94-44dc-a563-7cbdaa1f2152:', 'CHANNEL_ERROR'
10-18 20:17:12.244 15708 19060 I ReactNativeJS: 'ðŸ“¡ [REALTIME] Ride subscription status for a7bde9c8-d6fb-412e-a29f-8c04d59a5526:', 'CHANNEL_ERROR'
10-18 20:17:12.247 15708 19060 I ReactNativeJS: 'ðŸ“¡ [REALTIME] Ride subscription status for 62a975b5-e38c-4d14-bdb9-2804cd5efd62:', 'CHANNEL_ERROR'
10-18 20:17:12.249 15708 19060 I ReactNativeJS: 'ðŸ“¡ [REALTIME] Ride subscription status for 25c9b86c-1bcc-4c83-a52a-2bf9112a1805:', 'CHANNEL_ERROR'
10-18 20:17:12.249 15708 19060 I ReactNativeJS: 'ðŸ“¡ [REALTIME] Ride subscription status for 8ddb9bb2-571b-4e13-94a0-afe448d23214:', 'CHANNEL_ERROR'
10-18 20:17:12.251 15708 19060 I ReactNativeJS: 'ðŸ“¡ [REALTIME] Ride subscription status for 9bad33c5-02a8-49c2-9bf6-be2ec0abc239:', 'CHANNEL_ERROR'
10-18 20:17:12.253 15708 19060 I ReactNativeJS: 'ðŸ“¡ [REALTIME] Ride subscription status for 6877deb9-b84c-426f-b966-4f3d2767cead:', 'CHANNEL_ERROR'
10-18 20:17:12.255 15708 19060 I ReactNativeJS: 'ðŸ“¡ [REALTIME] Ride subscription status for e5863667-c95a-40ff-9572-d05a921bea53:', 'CHANNEL_ERROR'
10-18 20:17:12.256 15708 19060 I ReactNativeJS: 'ðŸ“¡ [REALTIME] Ride subscription status for 97334bab-4520-4c46-8c5e-568c16476c7e:', 'CHANNEL_ERROR'
10-18 20:17:12.258 15708 19060 I ReactNativeJS: 'ðŸ“¡ [REALTIME] Ride subscription status for ab10282a-8c94-44dc-a563-7cbdaa1f2152:', 'CHANNEL_ERROR'
10-18 20:17:12.258 15708 19060 I ReactNativeJS: 'ðŸ“¡ [REALTIME] Ride subscription status for a7bde9c8-d6fb-412e-a29f-8c04d59a5526:', 'CHANNEL_ERROR'
10-18 20:17:12.259 15708 19060 I ReactNativeJS: 'ðŸ“¡ [REALTIME] Ride subscription status for 62a975b5-e38c-4d14-bdb9-2804cd5efd62:', 'CHANNEL_ERROR'
10-18 20:17:12.260 15708 19060 I ReactNativeJS: 'ðŸ“¡ [REALTIME] Ride subscription status for 25c9b86c-1bcc-4c83-a52a-2bf9112a1805:', 'CHANNEL_ERROR'
10-18 20:17:12.263 15708 19060 I ReactNativeJS: 'ðŸ“¡ [REALTIME] Ride subscription status for 8ddb9bb2-571b-4e13-94a0-afe448d23214:', 'CHANNEL_ERROR'
10-18 20:17:12.264 15708 19060 I ReactNativeJS: 'ðŸ“¡ [REALTIME] Ride subscription status for 9bad33c5-02a8-49c2-9bf6-be2ec0abc239:', 'CHANNEL_ERROR'
10-18 20:17:12.265 15708 19060 I ReactNativeJS: 'ðŸ“¡ [REALTIME] Ride subscription status for 6877deb9-b84c-426f-b966-4f3d2767cead:', 'CHANNEL_ERROR'
10-18 20:17:12.272  6545  6545 I bnft    : (REDACTED) onApplyWindowInsets: systemWindowInsets=%s
10-18 20:17:12.273  6545  6545 I bnft    : (REDACTED) onApplyWindowInsets: systemWindowInsets=%s
10-18 20:17:12.303 15708 19060 I ReactNativeJS: ðŸš¨ [DEBUG] Driver location polling interval triggered
10-18 20:17:12.315 15708 19060 I ReactNativeJS: â° [DRIVER_SEARCH] Search timeout reached (2 minutes)
10-18 20:17:12.320 15708 19060 I ReactNativeJS: ðŸš¨ [DEBUG] DriverSearchScreen component function called
10-18 20:17:12.321 15708 19060 I ReactNativeJS: 'ðŸš¨ [DEBUG] DriverSearchScreen hooks initialized:', { hasRouter: true,
10-18 20:17:12.321 15708 19060 I ReactNativeJS:   hasUser: true,
10-18 20:17:12.321 15708 19060 I ReactNativeJS:   paramsKeys: 
10-18 20:17:12.321 15708 19060 I ReactNativeJS:    [ 'rideId',
10-18 20:17:12.321 15708 19060 I ReactNativeJS:      'pickupLocation',
10-18 20:17:12.321 15708 19060 I ReactNativeJS:      'destinationLocation',
10-18 20:17:12.321 15708 19060 I ReactNativeJS:      'pickupLatitude',
10-18 20:17:12.321 15708 19060 I ReactNativeJS:      'pickupLongitude',
10-18 20:17:12.321 15708 19060 I ReactNativeJS:      'destinationLatitude',
10-18 20:17:12.321 15708 19060 I ReactNativeJS:      'destinationLongitude',
10-18 20:17:12.321 15708 19060 I ReactNativeJS:      'vehicleType',
10-18 20:17:12.321 15708 19060 I ReactNativeJS:      'fareAmount',
10-18 20:17:12.321 15708 19060 I ReactNativeJS:      'distance',
10-18 20:17:12.321 15708 19060 I ReactNativeJS:      'duration' ],
10-18 20:17:12.321 15708 19060 I ReactNativeJS:   paramsValues: 
10-18 20:17:12.321 15708 19060 I ReactNativeJS:    { rideId: '6877deb9-b84c-426f-b966-4f3d2767cead',
10-18 20:17:12.321 15708 19060 I ReactNativeJS:      pickupLocation: 'PRXJ+F32, Brindavan Nagar, Anand Nagar, Hosur, Tamil Nadu 635109, India',
10-18 20:17:12.321 15708 19060 I ReactNativeJS:      destinationLocation: 'Bagalur, Tamil Nadu, India',
10-18 20:17:12.321 15708 19060 I ReactNativeJS:      pickupLatitude: '12.7485777',
10-18 20:17:12.321 15708 19060 I ReactNativeJS:      pickupLongitude: '77.8299606',
10-18 20:17:12.321 15708 19060 I ReactNativeJS:      destinationLatitude: '12.8303987',
10-18 20:17:12.321 15708 19060 I ReactNativeJS:      destinationLongitude: '77.86623689999999',
10-18 20:17:12.321 15708 19060 I ReactNativeJS:      vehicleType: 'sedan',
10-18 20:17:12.321 15708 19060 I ReactNativeJS:      fareAmount: '446',
10-18 20:17:12.321 15708 19060 I ReactNativeJS:      distance: '10.55',
10-18 20:17:12.321 15708 19060 I ReactNativeJS:      duration: '15' } }
10-18 20:17:12.322 15708 19060 I ReactNativeJS: ðŸš¨ [DEBUG] DriverSearchScreen state initialized
10-18 20:17:12.322 15708 19060 I ReactNativeJS: ðŸš¨ [DEBUG] Parsing ride details from params...
10-18 20:17:12.322 15708 19060 I ReactNativeJS: 'ðŸš¨ [DEBUG] Ride details parsed:', { rideId: '6877deb9-b84c-426f-b966-4f3d2767cead',
10-18 20:17:12.322 15708 19060 I ReactNativeJS:   bookingId: undefined,
10-18 20:17:12.322 15708 19060 I ReactNativeJS:   pickupLocation: 'PRXJ+F32, Brindavan Nagar, Anand Nagar, Hosur, Tamil Nadu 635109, India',
10-18 20:17:12.322 15708 19060 I ReactNativeJS:   destinationLocation: 'Bagalur, Tamil Nadu, India',
10-18 20:17:12.322 15708 19060 I ReactNativeJS:   vehicleType: 'sedan',
10-18 20:17:12.322 15708 19060 I ReactNativeJS:   bookingType: 'regular',
10-18 20:17:12.322 15708 19060 I ReactNativeJS:   fareAmount: '446',
10-18 20:17:12.322 15708 19060 I ReactNativeJS:   pickupLatitude: 12.7485777,
10-18 20:17:12.322 15708 19060 I ReactNativeJS:   pickupLongitude: 77.8299606,
10-18 20:17:12.322 15708 19060 I ReactNativeJS:   destinationLatitude: 12.8303987,
10-18 20:17:12.322 15708 19060 I ReactNativeJS:   destinationLongitude: 77.86623689999999 }
10-18 20:17:12.322 15708 19060 I ReactNativeJS: 'ðŸš¨ [DEBUG] Driver search initialized with:', { rideId: '6877deb9-b84c-426f-b966-4f3d2767cead',
10-18 20:17:12.322 15708 19060 I ReactNativeJS:   bookingId: undefined,
10-18 20:17:12.322 15708 19060 I ReactNativeJS:   bookingType: 'regular',
10-18 20:17:12.322 15708 19060 I ReactNativeJS:   hasRideId: true,
10-18 20:17:12.322 15708 19060 I ReactNativeJS:   hasBookingId: false,
10-18 20:17:12.322 15708 19060 I ReactNativeJS:   platform: 'android',
10-18 20:17:12.322 15708 19060 I ReactNativeJS:   timestamp: '2025-10-18T14:47:12.322Z' }
10-18 20:17:12.323 15708 19060 I ReactNativeJS: 'ðŸš¨ [DEBUG] DriverSearchScreen RENDER with state:', { searchStatus: 'timeout',
10-18 20:17:12.323 15708 19060 I ReactNativeJS:   hasDriverData: false,
10-18 20:17:12.323 15708 19060 I ReactNativeJS:   showCelebration: false,
10-18 20:17:12.323 15708 19060 I ReactNativeJS:   initialCheckComplete: false,
10-18 20:17:12.323 15708 19060 I ReactNativeJS:   driverName: undefined,
10-18 20:17:12.323 15708 19060 I ReactNativeJS:   rideDetailsValid: true,
10-18 20:17:12.323 15708 19060 I ReactNativeJS:   timestamp: '2025-10-18T14:47:12.323Z' }
10-18 20:17:12.323 15708 19060 I ReactNativeJS: ðŸš¨ [DEBUG] About to render main component UI
10-18 20:17:12.337  6545  6545 I bnlz    : onPause
10-18 20:17:12.347 15708 19060 I ReactNativeJS: 'ðŸ—ºï¸ [MAP] Props updated:', { showRoute: true,
10-18 20:17:12.347 15708 19060 I ReactNativeJS:   showDriverToPickupRoute: false,
10-18 20:17:12.347 15708 19060 I ReactNativeJS:   hasDriverLocation: false,
10-18 20:17:12.347 15708 19060 I ReactNativeJS:   hasPickupCoords: true,
10-18 20:17:12.347 15708 19060 I ReactNativeJS:   hasDestinationCoords: true,
10-18 20:17:12.347 15708 19060 I ReactNativeJS:   driverLocation: null,
10-18 20:17:12.347 15708 19060 I ReactNativeJS:   pickupCoords: { lat: 12.7485777, lng: 77.8299606 },
10-18 20:17:12.347 15708 19060 I ReactNativeJS:   destinationCoords: { lat: 12.8303987, lng: 77.86623689999999 } }
10-18 20:17:12.348 15708 19060 I ReactNativeJS: 'ðŸ—ºï¸ Calculating route between:', { latitude: 12.7485777, longitude: 77.8299606 }, 'and', { latitude: 12.8303987, longitude: 77.86623689999999 }
10-18 20:17:12.349 15708 19060 I ReactNativeJS: 'ðŸ—ºï¸ [GOOGLE-MAPS] Getting directions from', { lat: 12.7485777, lng: 77.8299606 }, 'to', { lat: 12.8303987, lng: 77.86623689999999 }
10-18 20:17:12.349 15708 19060 I ReactNativeJS: 'ðŸŒ Making proxy request to:', 'https://whubaypabojomdyfqxcf.supabase.co/functions/v1/places-proxy/directions?origin=12.7485777%2C77.8299606&destination=12.8303987%2C77.86623689999999&mode=driving'
10-18 20:17:12.392  5589  5589 I GoogleInputMethodService: GoogleInputMethodService.onFinishInput():2085 
10-18 20:17:12.393  5589  5589 I Module  : DeviceLockedStatusModuleProvider$Module.updateDeviceLockedStatus():100 repeatCheckTimes = 0, locked = false
10-18 20:17:12.393  5589  5589 I GoogleInputMethodService: GoogleInputMethodService.onStartInput():1346 onStartInput(EditorInfo{EditorInfo{packageName=com.a1taxi.a1taxicustomer, inputType=0, inputTypeString=NULL, enableLearning=false, autoCorrection=false, autoComplete=false, imeOptions=0, privateImeOptions=null, actionName=UNSPECIFIED, actionLabel=null, initialSelStart=-1, initialSelEnd=-1, initialCapsMode=0, label=null, fieldId=0, fieldName=null, extras=null, hintText=null, hintLocales=[]}}, false)
10-18 20:17:12.394  5589  5589 I Module  : DeviceLockedStatusModuleProvider$Module.updateDeviceLockedStatus():100 repeatCheckTimes = 1, locked = false
10-18 20:17:12.581 26036 27730 I WifiScanner: onFullResults
10-18 20:17:12.581 26036 26052 I WifiScanner: onFullResults
10-18 20:17:12.583 26036 26081 I WifiScanner: onFullResults
10-18 20:17:12.587 26036 32079 I FrewleTileCacheManagerV: (REDACTED) Fetched %d AP models from cache
10-18 20:17:12.600 26036 26172 I FusedLocation: (REDACTED) location delivery to %s blocked - too fast
10-18 20:17:12.600 26036 26172 I FusedLocation: (REDACTED) location delivery to %s blocked - too close
10-18 20:17:12.601 26036 26172 I FusedLocation: (REDACTED) location delivery to %s blocked - too close
10-18 20:17:12.601 26036 26172 I FusedLocation: (REDACTED) location delivery to %s blocked - too fast
10-18 20:17:12.604 26036 26172 I FusedLocation: (REDACTED) location delivery to %s blocked - too close
10-18 20:17:12.604 26036 26172 I FusedLocation: (REDACTED) location delivery to %s blocked - too fast
10-18 20:17:12.609 26036 26172 I fyyu    : Received empty WiFi-RTT scan. [CONTEXT service_id=6 ]
10-18 20:17:12.787  6545  6545 I bnlz    : onStop
10-18 20:17:13.158 15708 19060 I ReactNativeJS: ðŸš¨ [DEBUG] Back button pressed
10-18 20:17:13.164 15708 19060 I ReactNativeJS: 'ðŸŽ¯ [TRIP_NOTIFICATION] Component mounted, notifications count:', 0
10-18 20:17:13.165 15708 19060 I ReactNativeJS: 'ðŸ” [TRIP_NOTIFICATION] Component render - visible:', false, 'notification:', false
10-18 20:17:13.194 15708 19060 I ReactNativeJS: ðŸš¨ [DEBUG] useEffect cleanup triggered
10-18 20:17:13.194 15708 19060 I ReactNativeJS: ðŸ§¹ [DRIVER_SEARCH] Cleaning up subscriptions and polling
10-18 20:17:13.194 15708 19060 I ReactNativeJS: 'ðŸŽ¯ [useRideNotifications] useEffect triggered, user ID:', 'e95a4f14-8958-49e9-8ede-d81b82a7ba12'
10-18 20:17:13.194 15708 19060 I ReactNativeJS: ðŸ” [NOTIFICATIONS] ===== FETCHING NOTIFICATIONS =====
10-18 20:17:13.194 15708 19060 I ReactNativeJS: 'ðŸ” [NOTIFICATIONS] User ID:', 'e95a4f14-8958-49e9-8ede-d81b82a7ba12'
10-18 20:17:13.194 15708 19060 I ReactNativeJS: 'ðŸ” [NOTIFICATIONS] Timestamp:', '2025-10-18T14:47:13.194Z'
10-18 20:17:13.201 15708 19060 I ReactNativeJS: ðŸ”” [BANNER_DEBUG] ===== NOTIFICATION BANNER EFFECT =====
10-18 20:17:13.201 15708 19060 I ReactNativeJS: 'ðŸ”” [BANNER_DEBUG] Banner summary:', { totalNotifications: 0,
10-18 20:17:13.201 15708 19060 I ReactNativeJS:   currentlyVisible: false,
10-18 20:17:13.201 15708 19060 I ReactNativeJS:   currentNotification: undefined,
10-18 20:17:13.201 15708 19060 I ReactNativeJS:   shownNotificationsCount: 0,
10-18 20:17:13.201 15708 19060 I ReactNativeJS:   tripCompletedNotifications: 0,
10-18 20:17:13.201 15708 19060 I ReactNativeJS:   unreadTripCompleted: 0 }
10-18 20:17:13.201 15708 19060 I ReactNativeJS: ðŸ“± [BANNER_DEBUG] ===== BANNER DISPLAY DECISION =====
10-18 20:17:13.201 15708 19060 I ReactNativeJS: 'ðŸŽ¯ [useRideNotifications] useEffect triggered, user ID:', 'e95a4f14-8958-49e9-8ede-d81b82a7ba12'
10-18 20:17:13.201 15708 19060 I ReactNativeJS: ðŸ” [NOTIFICATIONS] ===== FETCHING NOTIFICATIONS =====
10-18 20:17:13.201 15708 19060 I ReactNativeJS: 'ðŸ” [NOTIFICATIONS] User ID:', 'e95a4f14-8958-49e9-8ede-d81b82a7ba12'
10-18 20:17:13.201 15708 19060 I ReactNativeJS: 'ðŸ” [NOTIFICATIONS] Timestamp:', '2025-10-18T14:47:13.201Z'
10-18 20:17:13.203 15708 19060 I ReactNativeJS: ðŸŽ¯ [TRIP_NOTIFICATION] ===== useEffect TRIGGERED - CHECKING FOR COMPLETION NOTIFICATIONS =====
10-18 20:17:13.203 15708 19060 I ReactNativeJS: 'ðŸŽ¯ [TRIP_NOTIFICATION] Notifications array length:', 0
10-18 20:17:13.204 15708 19060 I ReactNativeJS: 'ðŸŽ¯ [TRIP_NOTIFICATION] Notifications array reference:', []
10-18 20:17:13.204 15708 19060 I ReactNativeJS: 'ðŸŽ¯ [TRIP_NOTIFICATION] Total notifications received:', 0
10-18 20:17:13.204 15708 19060 I ReactNativeJS: 'ðŸŽ¯ [TRIP_NOTIFICATION] Notification types:', []
10-18 20:17:13.204 15708 19060 I ReactNativeJS: 'ðŸŽ¯ [TRIP_NOTIFICATION] ride_completed count:', 0
10-18 20:17:13.204 15708 19060 I ReactNativeJS: 'ðŸŽ¯ [TRIP_NOTIFICATION] Unread ride_completed:', 0
10-18 20:17:13.204 15708 19060 I ReactNativeJS: 'ðŸŽ¯ [TRIP_NOTIFICATION] Already shown count:', 0
10-18 20:17:13.204 15708 19060 I ReactNativeJS: 'ðŸŽ¯ [TRIP_NOTIFICATION] Currently visible:', false
10-18 20:17:13.204 15708 19060 I ReactNativeJS: 'ðŸŽ¯ [TRIP_NOTIFICATION] Filtered completion notifications:', 0
10-18 20:17:13.204 15708 19060 I ReactNativeJS: 'ðŸŽ¯ [useRideNotifications] useEffect triggered, user ID:', 'e95a4f14-8958-49e9-8ede-d81b82a7ba12'
10-18 20:17:13.204 15708 19060 I ReactNativeJS: ðŸ” [NOTIFICATIONS] ===== FETCHING NOTIFICATIONS =====
10-18 20:17:13.204 15708 19060 I ReactNativeJS: 'ðŸ” [NOTIFICATIONS] User ID:', 'e95a4f14-8958-49e9-8ede-d81b82a7ba12'
10-18 20:17:13.204 15708 19060 I ReactNativeJS: 'ðŸ” [NOTIFICATIONS] Timestamp:', '2025-10-18T14:47:13.204Z'
10-18 20:17:13.206 15708 19060 I ReactNativeJS: ðŸ“± Requesting location permission on app start for all platforms...
10-18 20:17:13.206 15708 19060 I ReactNativeJS: 'ðŸ“± Current platform:', 'android'
10-18 20:17:13.206 15708 19060 I ReactNativeJS: 'ðŸ” Requesting location permission for platform:', 'android'
10-18 20:17:13.206 15708 19060 I ReactNativeJS: ðŸ“± Requesting Android location permissions...
10-18 20:17:13.206 15708 19060 I ReactNativeJS: ðŸ“Š Loading all vehicle configs from fare_matrix table for booking_type=regular
10-18 20:17:13.208 15708 19060 I ReactNativeJS: ðŸ—ºï¸ Using cached zones data
10-18 20:17:13.208 15708 19060 I ReactNativeJS: ðŸ“Š [HOME] ===== AVAILABLE DRIVERS STATE CHANGED =====
10-18 20:17:13.208 15708 19060 I ReactNativeJS: 'ðŸ“Š [HOME] availableDrivers state update:', { count: 0,
10-18 20:17:13.208 15708 19060 I ReactNativeJS:   showDriversOnMap: true,
10-18 20:17:13.208 15708 19060 I ReactNativeJS:   driversPassedToMap: 0,
10-18 20:17:13.208 15708 19060 I ReactNativeJS:   drivers: [] }
10-18 20:17:13.208 15708 19060 I ReactNativeJS: ðŸ—ºï¸ [HOME] No drivers to pass to map (availableDrivers is empty)
10-18 20:17:13.212 15708 15708 W [RNScreens]: topInsetEnabled prop is not available on Android
10-18 20:17:13.215 15708 19060 I ReactNativeJS: 'ðŸ” AuthNavigator - checking auth state:', { user: true,
10-18 20:17:13.215 15708 19060 I ReactNativeJS:   loading: false,
10-18 20:17:13.215 15708 19060 I ReactNativeJS:   segments: '(tabs)',
10-18 20:17:13.215 15708 19060 I ReactNativeJS:   userEmail: '918608374935@a1taxi.app',
10-18 20:17:13.215 15708 19060 I ReactNativeJS:   userRole: 'customer' }
10-18 20:17:13.215 15708 19060 I ReactNativeJS: âœ… User authenticated and on correct screen
10-18 20:17:13.216 15708 19060 I ReactNativeJS: 'âœ… Loaded active zones:', 2
10-18 20:17:13.219 15708 19060 E ReactNativeJS: 'Error initializing notifications:', { [Error: Make sure to complete the guide at https://docs.expo.dev/push-notifications/fcm-credentials/ : Default FirebaseApp is not initialized in this process com.a1taxi.a1taxicustomer. Make sure to call FirebaseApp.initializeApp(Context) first.] code: 'E_REGISTRATION_FAILED' }
10-18 20:17:13.223 15708 19061 E unknown:ReactNative: console.error: Error initializing notifications: Error: Make sure to complete the guide at https://docs.expo.dev/push-notifications/fcm-credentials/ : Default FirebaseApp is not initialized in this process com.a1taxi.a1taxicustomer. Make sure to call FirebaseApp.initializeApp(Context) first., js engine: hermes, stack:
10-18 20:17:13.223 15708 19061 E unknown:ReactNative: _construct@1:175995
10-18 20:17:13.223 15708 19061 E unknown:ReactNative: Wrapper@1:175649
10-18 20:17:13.223 15708 19061 E unknown:ReactNative: _callSuper@1:173480
10-18 20:17:13.223 15708 19061 E unknown:ReactNative: SyntheticError@1:175136
10-18 20:17:13.223 15708 19061 E unknown:ReactNative: reactConsoleErrorHandler@1:174747
10-18 20:17:13.223 15708 19061 E unknown:ReactNative: ?anon_0_@1:2336445
10-18 20:17:13.223 15708 19061 E unknown:ReactNative: asyncGeneratorStep@1:605691
10-18 20:17:13.223 15708 19061 E unknown:ReactNative: _throw@1:605996
10-18 20:17:13.223 15708 19061 E unknown:ReactNative: anonymous@1:445123
10-18 20:17:13.223 15708 19061 E unknown:ReactNative: _callTimer@1:444108
10-18 20:17:13.223 15708 19061 E unknown:ReactNative: _callReactNativeMicrotasksPass@1:444252
10-18 20:17:13.223 15708 19061 E unknown:ReactNative: callReactNativeMicrotasks@1:446197
10-18 20:17:13.223 15708 19061 E unknown:ReactNative: __callReactNativeMicrotasks@1:166636
10-18 20:17:13.223 15708 19061 E unknown:ReactNative: anonymous@1:165772
10-18 20:17:13.223 15708 19061 E unknown:ReactNative: __guard@1:166510
10-18 20:17:13.223 15708 19061 E unknown:ReactNative: flushedQueue@1:165683
10-18 20:17:13.224 15708 19060 I ReactNativeJS: 'ðŸ“± Fine location permission result:', 'granted'
10-18 20:17:13.224 15708 19060 I ReactNativeJS: âœ… Android fine location permission granted
10-18 20:17:13.224 15708 19060 I ReactNativeJS: âœ… Location permission granted on mount
10-18 20:17:13.224 15708 19060 I ReactNativeJS: ðŸ“ [HOME] Starting location fetch...
10-18 20:17:13.224 15708 19060 I ReactNativeJS: ðŸ” Enhanced Location Service: Getting current location with address...
10-18 20:17:13.224 15708 19060 I ReactNativeJS: 'ðŸ” Platform:', 'android'
10-18 20:17:13.224 15708 19060 I ReactNativeJS: ðŸ“ Enhanced Location Service: Starting location detection...
10-18 20:17:13.224 15708 19060 I ReactNativeJS: 'ðŸŒ Platform:', 'android'
10-18 20:17:13.225 15708 19060 I ReactNativeJS: âœ… Enhanced Location Service: Permission granted, attempting detection...
10-18 20:17:13.225 15708 19060 I ReactNativeJS: ðŸŽ¯ Enhanced Location Service: Attempting high accuracy GPS...
10-18 20:17:13.225 15708 19060 I ReactNativeJS: ðŸ“± Using Expo Location for high accuracy...
10-18 20:17:13.225 15708 31778 W ProxyAndroidLoggerBackend: Too many Flogger logs received before configuration. Dropping old logs.
10-18 20:17:13.225 15708 31778 W ProxyAndroidLoggerBackend: Too many Flogger logs received before configuration. Dropping old logs.
10-18 20:17:13.250 15708 15708 W ProxyAndroidLoggerBackend: Too many Flogger logs received before configuration. Dropping old logs.
10-18 20:17:13.250 15708 15708 W ProxyAndroidLoggerBackend: Too many Flogger logs received before configuration. Dropping old logs.
10-18 20:17:13.250 15708 15708 W ProxyAndroidLoggerBackend: Too many Flogger logs received before configuration. Dropping old logs.
10-18 20:17:13.251 15708 15708 W ProxyAndroidLoggerBackend: Too many Flogger logs received before configuration. Dropping old logs.
10-18 20:17:13.251 15708 15708 W ProxyAndroidLoggerBackend: Too many Flogger logs received before configuration. Dropping old logs.
10-18 20:17:13.251 15708 15708 W ProxyAndroidLoggerBackend: Too many Flogger logs received before configuration. Dropping old logs.
10-18 20:17:13.251 15708 15708 W ProxyAndroidLoggerBackend: Too many Flogger logs received before configuration. Dropping old logs.
10-18 20:17:13.308 26036 32437 I FusedOrientationManager: Registering orientation client. [CONTEXT service_id=6 ]
10-18 20:17:13.317 15708 19060 I ReactNativeJS: 'âœ… Enhanced Location Service: High accuracy location obtained:', { lat: 12.7485967,
10-18 20:17:13.317 15708 19060 I ReactNativeJS:   lng: 77.8299667,
10-18 20:17:13.317 15708 19060 I ReactNativeJS:   accuracy: '2.8580000400543213m' }
10-18 20:17:13.317 15708 19060 I ReactNativeJS: 'ðŸ“ Enhanced Location Service: Got location:', { latitude: 12.7485967,
10-18 20:17:13.317 15708 19060 I ReactNativeJS:   longitude: 77.8299667,
10-18 20:17:13.317 15708 19060 I ReactNativeJS:   accuracy: 2.8580000400543213 }
10-18 20:17:13.317 15708 19060 I ReactNativeJS: ðŸ—ºï¸ Enhanced Location Service: Starting reverse geocoding...
10-18 20:17:13.317 15708 19060 I ReactNativeJS: 'ðŸ—ºï¸ Reverse geocoding coordinates:', { latitude: 12.7485967, longitude: 77.8299667 }
10-18 20:17:13.318 15708 19060 I ReactNativeJS: 'ðŸ  Reverse geocoding:', { lat: 12.7485967, lng: 77.8299667 }
10-18 20:17:13.318 15708 19060 I ReactNativeJS: 'ðŸŒ Making proxy request to:', 'https://whubaypabojomdyfqxcf.supabase.co/functions/v1/places-proxy/geocode?latlng=12.7485967%2C77.8299667'
10-18 20:17:13.325 26036 32437 I FusedOrientationManager: Registering orientation client. [CONTEXT service_id=6 ]
10-18 20:17:13.329 15708 19023 I .a1taxicustomer: Background concurrent copying GC freed 10MB AllocSpace bytes, 253(16MB) LOS objects, 28% free, 60MB/84MB, paused 138us,194us total 129.462ms
10-18 20:17:13.345 15708 19025 E .a1taxicustomer: [SurfaceTexture-0-15708-26] setSurfaceTextureListener: listener is nullptr
10-18 20:17:13.351 15708 19060 I ReactNativeJS: 'âœ… Proxy response received:', 'OK'
10-18 20:17:13.351 15708 19060 I ReactNativeJS: 'âœ… [GOOGLE-MAPS] Directions retrieved:', { distance: '10.5 km',
10-18 20:17:13.351 15708 19060 I ReactNativeJS:   duration: '15 mins',
10-18 20:17:13.351 15708 19060 I ReactNativeJS:   distance_km: '10.55',
10-18 20:17:13.351 15708 19060 I ReactNativeJS:   duration_min: '15.5',
10-18 20:17:13.351 15708 19060 I ReactNativeJS:   source: 'Google Directions API' }
10-18 20:17:13.351 15708 19060 I ReactNativeJS: 'âœ… Got directions from Google API:', { distance: { text: '10.5 km', value: 10546 },
10-18 20:17:13.351 15708 19060 I ReactNativeJS:   duration: { text: '15 mins', value: 928 },
10-18 20:17:13.351 15708 19060 I ReactNativeJS:   polyline: { points: 'm}xlAwd`zM^HZ{@\\cAoAa@^iBHWAQAS?K@MHM`@I`@sEP_DgHJkDJoA?o@CM@GB]A}ASeEmA{Cy@yIkBgB]wBk@sBc@yAa@SIWQy@y@q@s@a@Uq@Yq@S}@OeAS{A]o@Wy@e@s@c@gAo@cC{A_CuAiDiB]O_CeAcCiAiAi@cBeAk@_@aCuAUM_Bm@mC}@mDcAeCy@}As@oBiAMQeAm@u@e@kEkCiAo@mGsCmCqAuBgAqBkAcDsBeCwAiDsBeB_AUCsDyAw@]SOyJyDeAk@}AaAqB_AmCeAwD{AgDyAsAq@kHiDaCmAoE{B_C_AsCeAsA_@s@MwEw@aCg@_C]kC[e@IyCw@{A[a@KgBYiDg@qBOoF{@WG}A[kAO{AEqFQcACwCSwAQwDs@_BQa@Ca@CqCYsAA}APmCn@e@BgBCk@F[CcAByAJuABiAIUEgBk@}Bw@yDoAiC}@oB{@}L_FaG_CmBm@{C{@[?uAa@gIaCuA[eASi@EyCc@cD[eDUgGS]KSCk@OqB{@wBkAq@c@_CwAq@k@a@s@c@iAOSSOk@UwAo@iA_@[Ew@AaCA' } }
10-18 20:17:13.479 26036 26172 I FusedLocation: (REDACTED) location delivery to %s blocked - too fast
10-18 20:17:13.479 26036 26172 I FusedLocation: (REDACTED) location delivery to %s blocked - too close
10-18 20:17:13.480 26036 26172 I FusedLocation: (REDACTED) location delivery to %s blocked - too close
10-18 20:17:13.480 26036 26172 I FusedLocation: (REDACTED) location delivery to %s blocked - too fast
10-18 20:17:13.481 26036 26172 I FusedLocation: (REDACTED) location delivery to %s blocked - too close
10-18 20:17:13.481 26036 26172 I FusedLocation: (REDACTED) location delivery to %s blocked - too fast
10-18 20:17:13.493 15708 19060 I ReactNativeJS: ðŸ” [NOTIFICATIONS] ===== DATABASE QUERY RESULT =====
10-18 20:17:13.494 15708 19060 I ReactNativeJS: 'ðŸ” [NOTIFICATIONS] Query result:', { hasError: false,
10-18 20:17:13.494 15708 19060 I ReactNativeJS:   errorMessage: undefined,
10-18 20:17:13.494 15708 19060 I ReactNativeJS:   errorCode: undefined,
10-18 20:17:13.494 15708 19060 I ReactNativeJS:   errorDetails: undefined,
10-18 20:17:13.494 15708 19060 I ReactNativeJS:   dataCount: 22,
10-18 20:17:13.494 15708 19060 I ReactNativeJS:   tripCompletedCount: 0,
10-18 20:17:13.494 15708 19060 I ReactNativeJS:   unreadTripCompletedCount: 0,
10-18 20:17:13.494 15708 19060 I ReactNativeJS:   allTypes: [ 'ride_status_changed', 'booking_completed', 'ride_cancelled' ],
10-18 20:17:13.494 15708 19060 I ReactNativeJS:   recentNotifications: 
10-18 20:17:13.494 15708 19060 I ReactNativeJS:    [ { id: 'f7f1e040-9e2a-4984-a885-4b84cd772e90',
10-18 20:17:13.494 15708 19060 I ReactNativeJS:        type: 'ride_status_changed',
10-18 20:17:13.494 15708 19060 I ReactNativeJS:        status: 'read',
10-18 20:17:13.494 15708 19060 I ReactNativeJS:        title: 'Ride Status Updated',
10-18 20:17:13.494 15708 19060 I ReactNativeJS:        created_at: '2025-10-18T05:21:38.589702+00:00',
10-18 20:17:13.494 15708 19060 I ReactNativeJS:        age_seconds: 33935 },
10-18 20:17:13.494 15708 19060 I ReactNativeJS:      { id: '42714190-2ef0-493c-b908-bc2d69c15105',
