10-18 20:17:49.767 15708 19060 I ReactNativeJS:      fareAmount: '447',
10-18 20:17:49.767 15708 19060 I ReactNativeJS:      distance: '10.55',
10-18 20:17:49.767 15708 19060 I ReactNativeJS:      duration: '15' } }
10-18 20:17:49.767 15708 19060 I ReactNativeJS: ðŸš¨ [DEBUG] DriverSearchScreen state initialized
10-18 20:17:49.767 15708 19060 I ReactNativeJS: ðŸš¨ [DEBUG] Parsing ride details from params...
10-18 20:17:49.767 15708 19060 I ReactNativeJS: 'ðŸš¨ [DEBUG] Ride details parsed:', { rideId: 'cea5ef50-535a-4ebd-9ba9-524c03aebb88',
10-18 20:17:49.767 15708 19060 I ReactNativeJS:   bookingId: undefined,
10-18 20:17:49.767 15708 19060 I ReactNativeJS:   pickupLocation: 'PRXJ+F32, Brindavan Nagar, Plot 87, NGGO\'s Colony, Anand Nagar, Hosur, Tamil Nadu 635109, India',
10-18 20:17:49.767 15708 19060 I ReactNativeJS:   destinationLocation: 'Bagalur, Tamil Nadu, India',
10-18 20:17:49.767 15708 19060 I ReactNativeJS:   vehicleType: 'sedan',
10-18 20:17:49.767 15708 19060 I ReactNativeJS:   bookingType: 'regular',
10-18 20:17:49.767 15708 19060 I ReactNativeJS:   fareAmount: '447',
10-18 20:17:49.767 15708 19060 I ReactNativeJS:   pickupLatitude: 12.7485967,
10-18 20:17:49.767 15708 19060 I ReactNativeJS:   pickupLongitude: 77.8299667,
10-18 20:17:49.767 15708 19060 I ReactNativeJS:   destinationLatitude: 12.8303987,
10-18 20:17:49.767 15708 19060 I ReactNativeJS:   destinationLongitude: 77.86623689999999 }
10-18 20:17:49.767 15708 19060 I ReactNativeJS: 'ðŸš¨ [DEBUG] Driver search initialized with:', { rideId: 'cea5ef50-535a-4ebd-9ba9-524c03aebb88',
10-18 20:17:49.767 15708 19060 I ReactNativeJS:   bookingId: undefined,
10-18 20:17:49.767 15708 19060 I ReactNativeJS:   bookingType: 'regular',
10-18 20:17:49.767 15708 19060 I ReactNativeJS:   hasRideId: true,
10-18 20:17:49.767 15708 19060 I ReactNativeJS:   hasBookingId: false,
10-18 20:17:49.767 15708 19060 I ReactNativeJS:   platform: 'android',
10-18 20:17:49.767 15708 19060 I ReactNativeJS:   timestamp: '2025-10-18T14:47:49.767Z' }
10-18 20:17:49.767 15708 19060 I ReactNativeJS: 'ðŸš¨ [DEBUG] DriverSearchScreen RENDER with state:', { searchStatus: 'searching',
10-18 20:17:49.767 15708 19060 I ReactNativeJS:   hasDriverData: false,
10-18 20:17:49.767 15708 19060 I ReactNativeJS:   showCelebration: false,
10-18 20:17:49.767 15708 19060 I ReactNativeJS:   initialCheckComplete: false,
10-18 20:17:49.767 15708 19060 I ReactNativeJS:   driverName: undefined,
10-18 20:17:49.767 15708 19060 I ReactNativeJS:   rideDetailsValid: true,
10-18 20:17:49.767 15708 19060 I ReactNativeJS:   timestamp: '2025-10-18T14:47:49.767Z' }
10-18 20:17:49.768 15708 19060 I ReactNativeJS: ðŸš¨ [DEBUG] About to render main component UI
10-18 20:17:49.775 15708 19060 I ReactNativeJS: ðŸ“± [DRIVER_SEARCH] Mobile platform - setting up real-time subscription
10-18 20:17:49.775 15708 19060 I ReactNativeJS: 'ðŸš¨ [DEBUG] setupRideSubscription called with rideId:', 'cea5ef50-535a-4ebd-9ba9-524c03aebb88'
10-18 20:17:49.775 15708 19060 I ReactNativeJS: 'ðŸ“± [DRIVER_SEARCH] Setting up ride subscription for:', 'cea5ef50-535a-4ebd-9ba9-524c03aebb88'
10-18 20:17:49.775 15708 19060 I ReactNativeJS: ðŸ“¡ [REALTIME] Setting up subscription for ride: cea5ef50-535a-4ebd-9ba9-524c03aebb88
10-18 20:17:49.775 15708 19060 I ReactNativeJS: âœ… Navigation completed successfully
10-18 20:17:49.776 15708 19060 I ReactNativeJS: 'ðŸ—ºï¸ [MAP] Props updated:', { showRoute: true,
10-18 20:17:49.776 15708 19060 I ReactNativeJS:   showDriverToPickupRoute: false,
10-18 20:17:49.776 15708 19060 I ReactNativeJS:   hasDriverLocation: false,
10-18 20:17:49.776 15708 19060 I ReactNativeJS:   hasPickupCoords: true,
10-18 20:17:49.776 15708 19060 I ReactNativeJS:   hasDestinationCoords: true,
10-18 20:17:49.776 15708 19060 I ReactNativeJS:   driverLocation: null,
10-18 20:17:49.776 15708 19060 I ReactNativeJS:   pickupCoords: { lat: 12.7485967, lng: 77.8299667 },
10-18 20:17:49.776 15708 19060 I ReactNativeJS:   destinationCoords: { lat: 12.8303987, lng: 77.86623689999999 } }
10-18 20:17:49.777 15708 19060 I ReactNativeJS: 'ðŸ—ºï¸ Calculating route between:', { latitude: 12.7485967, longitude: 77.8299667 }, 'and', { latitude: 12.8303987, longitude: 77.86623689999999 }
10-18 20:17:49.777 15708 19060 I ReactNativeJS: 'ðŸ—ºï¸ [GOOGLE-MAPS] Getting directions from', { lat: 12.7485967, lng: 77.8299667 }, 'to', { lat: 12.8303987, lng: 77.86623689999999 }
10-18 20:17:49.777 15708 19060 I ReactNativeJS: 'ðŸŒ Making proxy request to:', 'https://whubaypabojomdyfqxcf.supabase.co/functions/v1/places-proxy/directions?origin=12.7485967%2C77.8299667&destination=12.8303987%2C77.86623689999999&mode=driving'
10-18 20:17:49.777 15708 19060 I ReactNativeJS: 'ðŸ” AuthNavigator - checking auth state:', { user: true,
10-18 20:17:49.777 15708 19060 I ReactNativeJS:   loading: false,
10-18 20:17:49.777 15708 19060 I ReactNativeJS:   segments: 'booking/driver-search',
10-18 20:17:49.777 15708 19060 I ReactNativeJS:   userEmail: '918608374935@a1taxi.app',
10-18 20:17:49.777 15708 19060 I ReactNativeJS:   userRole: 'customer' }
10-18 20:17:49.777 15708 19060 I ReactNativeJS: âœ… User authenticated and on correct screen
10-18 20:17:49.795 15708 15708 W [RNScreens]: topInsetEnabled prop is not available on Android
10-18 20:17:49.796 15708 15708 W [RNScreens]: topInsetEnabled prop is not available on Android
10-18 20:17:49.798 15708 15708 D Google Android Maps SDK: For capability in capabilities, log:
10-18 20:17:49.798 15708 15708 D Google Android Maps SDK: "AdvancedMarkers: false: Capabilities unavailable without a Map ID."Data-driven styling: false
10-18 20:17:49.799 15708   463 W ProxyAndroidLoggerBackend: Too many Flogger logs received before configuration. Dropping old logs.
10-18 20:17:49.801 15708   463 W ProxyAndroidLoggerBackend: Too many Flogger logs received before configuration. Dropping old logs.
10-18 20:17:49.836 15708 15708 W ProxyAndroidLoggerBackend: Too many Flogger logs received before configuration. Dropping old logs.
10-18 20:17:49.837 15708 15708 W ProxyAndroidLoggerBackend: Too many Flogger logs received before configuration. Dropping old logs.
10-18 20:17:49.837 15708 15708 W ProxyAndroidLoggerBackend: Too many Flogger logs received before configuration. Dropping old logs.
10-18 20:17:49.838 15708 15708 W ProxyAndroidLoggerBackend: Too many Flogger logs received before configuration. Dropping old logs.
10-18 20:17:49.838 15708 15708 W ProxyAndroidLoggerBackend: Too many Flogger logs received before configuration. Dropping old logs.
10-18 20:17:49.838 15708 15708 W ProxyAndroidLoggerBackend: Too many Flogger logs received before configuration. Dropping old logs.
10-18 20:17:49.846 15708 15708 D MapsInitializer: preferredRenderer: null
10-18 20:17:49.846 15708 15708 D zzcc    : preferredRenderer: null
10-18 20:17:49.847 15708 15708 I Google Android Maps SDK: Google Play services package version: 253931035
10-18 20:17:49.847 15708 15708 I Google Android Maps SDK: Google Play services maps renderer version(maps_core): 253425402
10-18 20:17:49.854 15708 15708 W ProxyAndroidLoggerBackend: Too many Flogger logs received before configuration. Dropping old logs.
10-18 20:17:49.855 15708 15708 W ProxyAndroidLoggerBackend: Too many Flogger logs received before configuration. Dropping old logs.
10-18 20:17:49.856 15708 15708 W ProxyAndroidLoggerBackend: Too many Flogger logs received before configuration. Dropping old logs.
10-18 20:17:49.856 15708 15708 W ProxyAndroidLoggerBackend: Too many Flogger logs received before configuration. Dropping old logs.
10-18 20:17:49.865 15708 15708 W ProxyAndroidLoggerBackend: Too many Flogger logs received before configuration. Dropping old logs.
10-18 20:17:49.866 15708   800 W ProxyAndroidLoggerBackend: Too many Flogger logs received before configuration. Dropping old logs.
10-18 20:17:49.867 15708   800 W ProxyAndroidLoggerBackend: Too many Flogger logs received before configuration. Dropping old logs.
10-18 20:17:49.867 15708 15708 W ProxyAndroidLoggerBackend: Too many Flogger logs received before configuration. Dropping old logs.
10-18 20:17:49.867 15708 15708 W ProxyAndroidLoggerBackend: Too many Flogger logs received before configuration. Dropping old logs.
10-18 20:17:49.874 15708   801 W ProxyAndroidLoggerBackend: Too many Flogger logs received before configuration. Dropping old logs.
10-18 20:17:49.874 15708   801 W ProxyAndroidLoggerBackend: Too many Flogger logs received before configuration. Dropping old logs.
10-18 20:17:49.877 15708   801 W ProxyAndroidLoggerBackend: Too many Flogger logs received before configuration. Dropping old logs.
10-18 20:17:49.877 15708   801 W ProxyAndroidLoggerBackend: Too many Flogger logs received before configuration. Dropping old logs.
10-18 20:17:49.878 15708   803 W ProxyAndroidLoggerBackend: Too many Flogger logs received before configuration. Dropping old logs.
10-18 20:17:49.879 15708   803 W ProxyAndroidLoggerBackend: Too many Flogger logs received before configuration. Dropping old logs.
10-18 20:17:49.884 15708   803 W ProxyAndroidLoggerBackend: Too many Flogger logs received before configuration. Dropping old logs.
10-18 20:17:49.885 15708   803 W ProxyAndroidLoggerBackend: Too many Flogger logs received before configuration. Dropping old logs.
10-18 20:17:49.888 15708   803 W ProxyAndroidLoggerBackend: Too many Flogger logs received before configuration. Dropping old logs.
10-18 20:17:49.888 15708   803 W ProxyAndroidLoggerBackend: Too many Flogger logs received before configuration. Dropping old logs.
10-18 20:17:49.889 15708 15708 D BufferQueueConsumer: [](id:3d5c00000045,api:0,p:-1,c:15708) connect: controlledByApp=true
10-18 20:17:49.891 15708   803 W ProxyAndroidLoggerBackend: Too many Flogger logs received before configuration. Dropping old logs.
10-18 20:17:49.892 15708   803 W ProxyAndroidLoggerBackend: Too many Flogger logs received before configuration. Dropping old logs.
10-18 20:17:49.892 15708   803 W ProxyAndroidLoggerBackend: Too many Flogger logs received before configuration. Dropping old logs.
10-18 20:17:49.892 15708   803 W ProxyAndroidLoggerBackend: Too many Flogger logs received before configuration. Dropping old logs.
10-18 20:17:49.896 15708   803 W ProxyAndroidLoggerBackend: Too many Flogger logs received before configuration. Dropping old logs.
10-18 20:17:49.897 15708   803 W ProxyAndroidLoggerBackend: Too many Flogger logs received before configuration. Dropping old logs.
10-18 20:17:49.899 15708   803 W ProxyAndroidLoggerBackend: Too many Flogger logs received before configuration. Dropping old logs.
10-18 20:17:49.899 15708   803 W ProxyAndroidLoggerBackend: Too many Flogger logs received before configuration. Dropping old logs.
10-18 20:17:49.899 15708   803 W ProxyAndroidLoggerBackend: Too many Flogger logs received before configuration. Dropping old logs.
10-18 20:17:49.899 15708   803 W ProxyAndroidLoggerBackend: Too many Flogger logs received before configuration. Dropping old logs.
10-18 20:17:49.902 15708   803 W ProxyAndroidLoggerBackend: Too many Flogger logs received before configuration. Dropping old logs.
10-18 20:17:49.902 15708   803 W ProxyAndroidLoggerBackend: Too many Flogger logs received before configuration. Dropping old logs.
10-18 20:17:49.903 15708   803 W ProxyAndroidLoggerBackend: Too many Flogger logs received before configuration. Dropping old logs.
10-18 20:17:49.903 15708   803 W ProxyAndroidLoggerBackend: Too many Flogger logs received before configuration. Dropping old logs.
10-18 20:17:49.905 15708   803 W ProxyAndroidLoggerBackend: Too many Flogger logs received before configuration. Dropping old logs.
10-18 20:17:49.905 15708   803 W ProxyAndroidLoggerBackend: Too many Flogger logs received before configuration. Dropping old logs.
10-18 20:17:49.910 15708   801 W ProxyAndroidLoggerBackend: Too many Flogger logs received before configuration. Dropping old logs.
10-18 20:17:49.910 15708   801 W ProxyAndroidLoggerBackend: Too many Flogger logs received before configuration. Dropping old logs.
10-18 20:17:49.923 26036 32558 I PhenotypeResourceReader: unable to find any Phenotype resource metadata for com.a1taxi.a1taxicustomer
10-18 20:17:49.928 15708   800 W ProxyAndroidLoggerBackend: Too many Flogger logs received before configuration. Dropping old logs.
10-18 20:17:49.928 15708   800 W ProxyAndroidLoggerBackend: Too many Flogger logs received before configuration. Dropping old logs.
10-18 20:17:49.933 15708   803 W ProxyAndroidLoggerBackend: Too many Flogger logs received before configuration. Dropping old logs.
10-18 20:17:49.933 15708   803 W ProxyAndroidLoggerBackend: Too many Flogger logs received before configuration. Dropping old logs.
10-18 20:17:49.936 15708   801 W ProxyAndroidLoggerBackend: Too many Flogger logs received before configuration. Dropping old logs.
10-18 20:17:49.936 15708   801 W ProxyAndroidLoggerBackend: Too many Flogger logs received before configuration. Dropping old logs.
10-18 20:17:49.940 15708   800 W ProxyAndroidLoggerBackend: Too many Flogger logs received before configuration. Dropping old logs.
10-18 20:17:49.940 15708   800 W ProxyAndroidLoggerBackend: Too many Flogger logs received before configuration. Dropping old logs.
10-18 20:17:49.944 15708   803 W ProxyAndroidLoggerBackend: Too many Flogger logs received before configuration. Dropping old logs.
10-18 20:17:49.944 15708   803 W ProxyAndroidLoggerBackend: Too many Flogger logs received before configuration. Dropping old logs.
10-18 20:17:49.945  1870  2671 D BatteryStatsService: noteVideoSurfaceChanged  noteWhich: 49,arg1: 970, arg2: 825, arg3: 15708, arg4: 6408, name: com.a1taxi.a1taxicustomer
10-18 20:17:49.967 15708   806 W ProxyAndroidLoggerBackend: Too many Flogger logs received before configuration. Dropping old logs.
10-18 20:17:49.975 15708   801 W ProxyAndroidLoggerBackend: Too many Flogger logs received before configuration. Dropping old logs.
10-18 20:17:49.975 15708   801 W ProxyAndroidLoggerBackend: Too many Flogger logs received before configuration. Dropping old logs.
10-18 20:17:49.980 15708 19023 I .a1taxicustomer: Background concurrent copying GC freed 23MB AllocSpace bytes, 188(9632KB) LOS objects, 22% free, 82MB/106MB, paused 156us,84us total 108.131ms
10-18 20:17:49.998 15708 19025 E .a1taxicustomer: [SurfaceTexture-0-15708-27] setSurfaceTextureListener: listener is nullptr
10-18 20:17:50.058 15708 19060 I ReactNativeJS: 'ðŸ“¡ [REALTIME] Ride subscription status for cea5ef50-535a-4ebd-9ba9-524c03aebb88:', 'SUBSCRIBED'
10-18 20:17:50.252 15708 15708 D BufferQueueConsumer: [SurfaceTexture-0-15708-28](id:3d5c00000042,api:0,p:-1,c:15708) disconnect
10-18 20:17:50.252  1870  2671 D BatteryStatsService: noteVideoSurfaceChanged  noteWhich: 49,arg1: -1, arg2: -1, arg3: 15708, arg4: 6200, name: com.a1taxi.a1taxicustomer
10-18 20:17:50.290 15708   810 W ProxyAndroidLoggerBackend: Too many Flogger logs received before configuration. Dropping old logs.
10-18 20:17:50.291 15708   810 W ProxyAndroidLoggerBackend: Too many Flogger logs received before configuration. Dropping old logs.
10-18 20:17:50.292 15708   810 W ProxyAndroidLoggerBackend: Too many Flogger logs received before configuration. Dropping old logs.
10-18 20:17:50.292 15708   810 W ProxyAndroidLoggerBackend: Too many Flogger logs received before configuration. Dropping old logs.
10-18 20:17:50.292 15708   810 W ProxyAndroidLoggerBackend: Too many Flogger logs received before configuration. Dropping old logs.
10-18 20:17:50.292 15708   810 W ProxyAndroidLoggerBackend: Too many Flogger logs received before configuration. Dropping old logs.
10-18 20:17:50.293 15708   810 W ProxyAndroidLoggerBackend: Too many Flogger logs received before configuration. Dropping old logs.
10-18 20:17:50.293 15708   810 W ProxyAndroidLoggerBackend: Too many Flogger logs received before configuration. Dropping old logs.
10-18 20:17:50.293 15708   810 W ProxyAndroidLoggerBackend: Too many Flogger logs received before configuration. Dropping old logs.
10-18 20:17:50.293 15708   810 W ProxyAndroidLoggerBackend: Too many Flogger logs received before configuration. Dropping old logs.
10-18 20:17:50.293 15708   810 W ProxyAndroidLoggerBackend: Too many Flogger logs received before configuration. Dropping old logs.
10-18 20:17:50.293 15708   810 W ProxyAndroidLoggerBackend: Too many Flogger logs received before configuration. Dropping old logs.
10-18 20:17:50.294 15708   810 W ProxyAndroidLoggerBackend: Too many Flogger logs received before configuration. Dropping old logs.
10-18 20:17:50.294 15708   810 W ProxyAndroidLoggerBackend: Too many Flogger logs received before configuration. Dropping old logs.
10-18 20:17:50.294 15708   810 W ProxyAndroidLoggerBackend: Too many Flogger logs received before configuration. Dropping old logs.
10-18 20:17:50.294 15708   810 W ProxyAndroidLoggerBackend: Too many Flogger logs received before configuration. Dropping old logs.
10-18 20:17:50.294 15708   810 W ProxyAndroidLoggerBackend: Too many Flogger logs received before configuration. Dropping old logs.
10-18 20:17:50.294 15708   810 W ProxyAndroidLoggerBackend: Too many Flogger logs received before configuration. Dropping old logs.
10-18 20:17:50.295 15708   810 W ProxyAndroidLoggerBackend: Too many Flogger logs received before configuration. Dropping old logs.
10-18 20:17:50.295 15708   810 W ProxyAndroidLoggerBackend: Too many Flogger logs received before configuration. Dropping old logs.
10-18 20:17:50.295 15708   810 W ProxyAndroidLoggerBackend: Too many Flogger logs received before configuration. Dropping old logs.
10-18 20:17:50.295 15708   810 W ProxyAndroidLoggerBackend: Too many Flogger logs received before configuration. Dropping old logs.
10-18 20:17:50.295 15708 19060 I ReactNativeJS: 'âœ… Proxy response received:', 'OK'
10-18 20:17:50.295 15708   810 W ProxyAndroidLoggerBackend: Too many Flogger logs received before configuration. Dropping old logs.
10-18 20:17:50.295 15708   810 W ProxyAndroidLoggerBackend: Too many Flogger logs received before configuration. Dropping old logs.
10-18 20:17:50.295 15708 19060 I ReactNativeJS: 'âœ… [GOOGLE-MAPS] Directions retrieved:', { distance: '10.5 km',
10-18 20:17:50.295 15708 19060 I ReactNativeJS:   duration: '15 mins',
10-18 20:17:50.295 15708 19060 I ReactNativeJS:   distance_km: '10.55',
10-18 20:17:50.295 15708 19060 I ReactNativeJS:   duration_min: '15.5',
10-18 20:17:50.295 15708 19060 I ReactNativeJS:   source: 'Google Directions API' }
10-18 20:17:50.296 15708   810 W ProxyAndroidLoggerBackend: Too many Flogger logs received before configuration. Dropping old logs.
10-18 20:17:50.296 15708   810 W ProxyAndroidLoggerBackend: Too many Flogger logs received before configuration. Dropping old logs.
10-18 20:17:50.296 15708   810 W ProxyAndroidLoggerBackend: Too many Flogger logs received before configuration. Dropping old logs.
10-18 20:17:50.296 15708 19060 I ReactNativeJS: 'âœ… Got directions from Google API:', { distance: { text: '10.5 km', value: 10548 },
10-18 20:17:50.296 15708 19060 I ReactNativeJS:   duration: { text: '15 mins', value: 928 },
10-18 20:17:50.296 15708 19060 I ReactNativeJS:   polyline: { points: 'q}xlAyd`zMb@JZ{@\\cAoAa@^iBHWAQAS?K@MHM`@I`@sEP_DgHJkDJoA?o@CM@GB]A}ASeEmA{Cy@yIkBgB]wBk@sBc@yAa@SIWQy@y@q@s@a@Uq@Yq@S}@OeAS{A]o@Wy@e@s@c@gAo@cC{A_CuAiDiB]O_CeAcCiAiAi@cBeAk@_@aCuAUM_Bm@mC}@mDcAeCy@}As@oBiAMQeAm@u@e@kEkCiAo@mGsCmCqAuBgAqBkAcDsBeCwAiDsBeB_AUCsDyAw@]SOyJyDeAk@}AaAqB_AmCeAwD{AgDyAsAq@kHiDaCmAoE{B_C_AsCeAsA_@s@MwEw@aCg@_C]kC[e@IyCw@{A[a@KgBYiDg@qBOoF{@WG}A[kAO{AEqFQcACwCSwAQwDs@_BQa@Ca@CqCYsAA}APmCn@e@BgBCk@F[CcAByAJuABiAIUEgBk@}Bw@yDoAiC}@oB{@}L_FaG_CmBm@{C{@[?uAa@gIaCuA[eASi@EyCc@cD[eDUgGS]KSCk@OqB{@wBkAq@c@_CwAq@k@a@s@c@iAOSSOk@UwAo@iA_@[Ew@AaCA' } }
10-18 20:17:50.296 15708   810 W ProxyAndroidLoggerBackend: Too many Flogger logs received before configuration. Dropping old logs.
10-18 20:17:50.296 15708   810 W ProxyAndroidLoggerBackend: Too many Flogger logs received before configuration. Dropping old logs.
10-18 20:17:50.296 15708   810 W ProxyAndroidLoggerBackend: Too many Flogger logs received before configuration. Dropping old logs.
10-18 20:17:50.316 26036 26052 I NullBinder: NullBinder for com.google.android.gms.lockbox.service.START triggering remote TransactionTooLargeException due to Service without Chimera impl, calling uid: 10202, calling pid: 26106
10-18 20:17:50.317 26036 26052 W .gms.persistent: Large reply transaction of 1056768 bytes, interface descriptor , code 46
10-18 20:17:50.317 26106 26139 E IPCThreadState: Binder transaction failure. id: 441157615, BR_*: 29201, error: -28 (No space left on device)
10-18 20:17:50.318 26106 26139 E JavaBinder: !!! FAILED BINDER TRANSACTION !!!  (parcel size = 408)
10-18 20:17:50.318 26106 26139 W GmsClient: IGmsServiceBroker.getService failed
10-18 20:17:50.318 26106 26139 W GmsClient: android.os.DeadObjectException: Transaction failed on small parcel; remote process probably died, but this could also be caused by running out of binder buffer space
10-18 20:17:50.318 26106 26139 W GmsClient: 	at android.os.BinderProxy.transactNative(Native Method)
10-18 20:17:50.318 26106 26139 W GmsClient: 	at android.os.BinderProxy.transact(BinderProxy.java:692)
10-18 20:17:50.318 26106 26139 W GmsClient: 	at bbkc.a(:com.google.android.gms@253931035@25.39.31 (260400-813878953):33)
10-18 20:17:50.318 26106 26139 W GmsClient: 	at bbid.z(:com.google.android.gms@253931035@25.39.31 (260400-813878953):160)
10-18 20:17:50.318 26106 26139 W GmsClient: 	at baoz.run(:com.google.android.gms@253931035@25.39.31 (260400-813878953):42)
10-18 20:17:50.318 26106 26139 W GmsClient: 	at android.os.Handler.handleCallback(Handler.java:1014)
10-18 20:17:50.318 26106 26139 W GmsClient: 	at android.os.Handler.dispatchMessage(Handler.java:102)
10-18 20:17:50.318 26106 26139 W GmsClient: 	at cmjd.mC(:com.google.android.gms@253931035@25.39.31 (260400-813878953):1)
10-18 20:17:50.318 26106 26139 W GmsClient: 	at cmjd.dispatchMessage(:com.google.android.gms@253931035@25.39.31 (260400-813878953):144)
10-18 20:17:50.318 26106 26139 W GmsClient: 	at android.os.Looper.loopOnce(Looper.java:250)
10-18 20:17:50.318 26106 26139 W GmsClient: 	at android.os.Looper.loop(Looper.java:340)
10-18 20:17:50.318 26106 26139 W GmsClient: 	at android.os.HandlerThread.run(HandlerThread.java:107)
10-18 20:17:50.471 15708 19060 I ReactNativeJS: 'âœ… Proxy response received:', 'OK'
10-18 20:17:50.471 15708 19060 I ReactNativeJS: 'âœ… [GOOGLE-MAPS] Directions retrieved:', { distance: '10.5 km',
10-18 20:17:50.471 15708 19060 I ReactNativeJS:   duration: '15 mins',
10-18 20:17:50.471 15708 19060 I ReactNativeJS:   distance_km: '10.55',
10-18 20:17:50.471 15708 19060 I ReactNativeJS:   duration_min: '15.5',
10-18 20:17:50.471 15708 19060 I ReactNativeJS:   source: 'Google Directions API' }
10-18 20:17:50.473 15708 19060 I ReactNativeJS: 'âœ… Got directions from Google API:', { distance: { text: '10.5 km', value: 10548 },
10-18 20:17:50.473 15708 19060 I ReactNativeJS:   duration: { text: '15 mins', value: 928 },
10-18 20:17:50.473 15708 19060 I ReactNativeJS:   polyline: { points: 'q}xlAyd`zMb@JZ{@\\cAoAa@^iBHWAQAS?K@MHM`@I`@sEP_DgHJkDJoA?o@CM@GB]A}ASeEmA{Cy@yIkBgB]wBk@sBc@yAa@SIWQy@y@q@s@a@Uq@Yq@S}@OeAS{A]o@Wy@e@s@c@gAo@cC{A_CuAiDiB]O_CeAcCiAiAi@cBeAk@_@aCuAUM_Bm@mC}@mDcAeCy@}As@oBiAMQeAm@u@e@kEkCiAo@mGsCmCqAuBgAqBkAcDsBeCwAiDsBeB_AUCsDyAw@]SOyJyDeAk@}AaAqB_AmCeAwD{AgDyAsAq@kHiDaCmAoE{B_C_AsCeAsA_@s@MwEw@aCg@_C]kC[e@IyCw@{A[a@KgBYiDg@qBOoF{@WG}A[kAO{AEqFQcACwCSwAQwDs@_BQa@Ca@CqCYsAA}APmCn@e@BgBCk@F[CcAByAJuABiAIUEgBk@}Bw@yDoAiC}@oB{@}L_FaG_CmBm@{C{@[?uAa@gIaCuA[eASi@EyCc@cD[eDUgGS]KSCk@OqB{@wBkAq@c@_CwAq@k@a@s@c@iAOSSOk@UwAo@iA_@[Ew@AaCA' } }
10-18 20:17:52.276  6545  6545 I bnlz    : onStart
10-18 20:17:52.279  6545  6545 I bldh    : (REDACTED) [%s] onStart()
10-18 20:17:52.280  6545  6545 I blfn    : Reloading theme data
10-18 20:17:52.281  6545  6545 D VRI[Launcher]: visibilityChanged oldVisibility=false newVisibility=true
10-18 20:17:52.281  6545  6545 I bnlz    : onResume
10-18 20:17:52.303  6545  6545 D ViewRootImpl: AppSizeAfterRelayout, size: Point(1080, 2392), rotation: ROTATION_0
10-18 20:17:52.303  6545  6545 D BufferQueueConsumer: [](id:19910000001c,api:0,p:-1,c:6545) connect: controlledByApp=false
10-18 20:17:52.304  6545  6545 D BLASTBufferQueue: [VRI[Launcher]#28](f:0,a:0) constructor()
10-18 20:17:52.304  6545  6545 D BLASTBufferQueue: [VRI[Launcher]#28](f:0,a:0) update width=1080 height=2392 format=-2 mTransformHint=0
10-18 20:17:52.320  6545  6857 D BLASTBufferQueue: [VRI[Launcher]#28](f:0,a:1) acquireNextBufferLocked size=1080x2392 mFrameNumber=1 applyTransaction=true mTimestamp=616093606461721(auto) mPendingTransactions.size=0 graphicBufferId=28110560952517 transform=0
10-18 20:17:52.825 15708   805 W ProxyAndroidLoggerBackend: Too many Flogger logs received before configuration. Dropping old logs.
10-18 20:17:52.838  6545  6545 I bnft    : (REDACTED) onApplyWindowInsets: systemWindowInsets=%s
10-18 20:17:52.838  6545  6545 I bnft    : (REDACTED) onApplyWindowInsets: systemWindowInsets=%s
10-18 20:17:52.844  5589  5589 I GoogleInputMethodService: GoogleInputMethodService.onFinishInput():2085 
10-18 20:17:52.844  5589  5589 I Module  : DeviceLockedStatusModuleProvider$Module.updateDeviceLockedStatus():100 repeatCheckTimes = 0, locked = false
10-18 20:17:52.844  5589  5589 I GoogleInputMethodService: GoogleInputMethodService.onStartInput():1346 onStartInput(EditorInfo{EditorInfo{packageName=com.android.launcher3, inputType=0, inputTypeString=NULL, enableLearning=false, autoCorrection=false, autoComplete=false, imeOptions=0, privateImeOptions=null, actionName=UNSPECIFIED, actionLabel=null, initialSelStart=-1, initialSelEnd=-1, initialCapsMode=0, label=null, fieldId=0, fieldName=null, extras=null, hintText=null, hintLocales=[]}}, false)
10-18 20:17:52.845  5589  5589 I Module  : DeviceLockedStatusModuleProvider$Module.updateDeviceLockedStatus():100 repeatCheckTimes = 1, locked = false
10-18 20:17:52.866  1870  2671 D BatteryStatsService: noteVideoSurfaceChanged  noteWhich: 49,arg1: -2, arg2: -1, arg3: 15708, arg4: 6408, name: com.a1taxi.a1taxicustomer
10-18 20:17:52.872 15708 19040 D BLASTBufferQueue: [VRI[MainActivity]#39](f:0,a:4) destructor()
10-18 20:17:52.872 15708 19040 D BufferQueueConsumer: [VRI[MainActivity]#39(BLAST Consumer)39](id:3d5c00000044,api:0,p:-1,c:15708) disconnect
10-18 20:17:52.885 15708 15708 D ViewRootImpl: AppSizeAfterRelayout, size: Point(1080, 2392), rotation: ROTATION_0
10-18 20:17:52.886 15708 19060 I ReactNativeJNI: Memory warning (pressure level: TRIM_MEMORY_UI_HIDDEN) received by JS VM, ignoring because it's non-severe
10-18 20:17:52.953  7096  7126 W ProxyAndroidLoggerBackend: Too many Flogger logs received before configuration. Dropping old logs.
10-18 20:17:53.162 30933 30933 I BackgroundFetchTaskConsumer: Stopping an alarm for task 'background-fetch-task'.
10-18 20:17:53.166 30933 31418 I ReactNativeJS: ðŸ”„ Auto-refreshing rides (2-second interval)...
10-18 20:17:53.166 30933 31418 I ReactNativeJS: === LOADING RIDES ===
10-18 20:17:53.166 30933 31418 I ReactNativeJS: 'Driver ID:', 'eb91d7e5-e2f2-4021-a8c8-3739a3d4cae4'
10-18 20:17:53.166 30933 31418 I ReactNativeJS: 'Driver User ID:', '1c4ac410-54d8-4b5e-960b-3afcbebd115d'
10-18 20:17:53.172 30933 31418 I ReactNativeJS: ðŸ” Loading current ride...
10-18 20:17:53.175 30933 31418 I ReactNativeJS: === RIDES SCREEN STATE DEBUG ===
10-18 20:17:53.175 30933 31418 I ReactNativeJS: ðŸ”„ Component state updated:
10-18 20:17:53.175 30933 31418 I ReactNativeJS: '  - Current ride:', 'null'
10-18 20:17:53.175 30933 31418 I ReactNativeJS: '  - Pending rides count:', 0
10-18 20:17:53.175 30933 31418 I ReactNativeJS: '  - Driver status:', 'online'
10-18 20:17:53.175 30933 31418 I ReactNativeJS: '  - Loading:', true
10-18 20:17:53.175 30933 31418 I ReactNativeJS: '  - Error:', null
10-18 20:17:53.175 30933 31418 I ReactNativeJS: '  - Show modal:', false
10-18 20:17:53.175 30933 31418 I ReactNativeJS: '  - Timestamp:', '2025-10-18T14:47:53.175Z'
10-18 20:17:53.175 30933 31418 I ReactNativeJS: âŒ NO CURRENT RIDE - showing empty state
10-18 20:17:53.179 30933 30933 D ViewRootImpl: AppSizeAfterRelayout, size: Point(1080, 2392), rotation: ROTATION_0
10-18 20:17:53.180 30933 30933 D BufferQueueConsumer: [](id:78d500000009,api:0,p:-1,c:30933) connect: controlledByApp=false
10-18 20:17:53.180 30933 30933 D BLASTBufferQueue: [VRI[MainActivity]#9](f:0,a:0) constructor()
10-18 20:17:53.180 30933 30933 D BLASTBufferQueue: [VRI[MainActivity]#9](f:0,a:0) update width=1080 height=2392 format=-1 mTransformHint=0
10-18 20:17:53.188  6545  6545 I bnft    : (REDACTED) onApplyWindowInsets: systemWindowInsets=%s
10-18 20:17:53.188  6545  6545 I bnft    : (REDACTED) onApplyWindowInsets: systemWindowInsets=%s
10-18 20:17:53.233 30933 31395 D BLASTBufferQueue: [VRI[MainActivity]#9](f:0,a:1) acquireNextBufferLocked size=1080x2392 mFrameNumber=1 applyTransaction=true mTimestamp=616094519838951(auto) mPendingTransactions.size=0 graphicBufferId=132856223367235 transform=0
10-18 20:17:53.257 30933 30933 V ImeFocusController: onWindowFocus: com.android.internal.policy.DecorView{e311d29 V.E...... R......D 0,0-1080,2392 aid=0}[MainActivity] softInputMode=STATE_UNSPECIFIED|ADJUST_RESIZE|IS_FORWARD_NAVIGATION
10-18 20:17:53.260  6545  6545 I bnlz    : onPause
10-18 20:17:53.262  5589  5589 I GoogleInputMethodService: GoogleInputMethodService.onFinishInput():2085 
10-18 20:17:53.262  5589  5589 I Module  : DeviceLockedStatusModuleProvider$Module.updateDeviceLockedStatus():100 repeatCheckTimes = 0, locked = false
10-18 20:17:53.263  5589  5589 I GoogleInputMethodService: GoogleInputMethodService.onStartInput():1346 onStartInput(EditorInfo{EditorInfo{packageName=com.a1taxi.driverpro, inputType=0, inputTypeString=NULL, enableLearning=false, autoCorrection=false, autoComplete=false, imeOptions=0, privateImeOptions=null, actionName=UNSPECIFIED, actionLabel=null, initialSelStart=-1, initialSelEnd=-1, initialCapsMode=0, label=null, fieldId=0, fieldName=null, extras=null, hintText=null, hintLocales=[]}}, false)
10-18 20:17:53.263  5589  5589 I Module  : DeviceLockedStatusModuleProvider$Module.updateDeviceLockedStatus():100 repeatCheckTimes = 1, locked = false
10-18 20:17:53.276  6545  7145 V ClearcutMetricXmitter: Transmission is done.
10-18 20:17:53.428 30933 31418 I ReactNativeJS: 'âœ… Current ride loaded:', 'none'
10-18 20:17:53.428 30933 31418 I ReactNativeJS: ðŸ” Loading pending ride notifications...
10-18 20:17:53.654 30933 31418 I ReactNativeJS: ðŸ“‹ Found 2 unread ride notifications
10-18 20:17:53.694  6545  6545 D VRI[Launcher]: visibilityChanged oldVisibility=true newVisibility=false
10-18 20:17:53.723  6545  6545 D ViewRootImpl: AppSizeAfterRelayout, size: Point(1080, 2392), rotation: ROTATION_0
10-18 20:17:53.724  6545  6545 D BLASTBufferQueue: [VRI[Launcher]#28](f:0,a:3) destructor()
10-18 20:17:53.724  6545  6545 D BufferQueueConsumer: [VRI[Launcher]#28(BLAST Consumer)28](id:19910000001c,api:0,p:-1,c:6545) disconnect
10-18 20:17:53.729  6545  6545 I bnlz    : onStop
10-18 20:17:53.869 30933 31418 I ReactNativeJS: âœ… 1 rides are still valid and available
10-18 20:17:53.869 30933 31418 I ReactNativeJS: ðŸ”Š New ride request detected! Playing notification sound
10-18 20:17:53.869 30933 31418 I ReactNativeJS: ðŸš¨ Playing ride request notification
10-18 20:17:53.875 30933 31418 I ReactNativeJS: 'âœ… Pending rides loaded:', 2
10-18 20:17:53.875 30933 31418 I ReactNativeJS: === RIDES SCREEN STATE DEBUG ===
10-18 20:17:53.875 30933 31418 I ReactNativeJS: ðŸ”„ Component state updated:
10-18 20:17:53.875 30933 31418 I ReactNativeJS: '  - Current ride:', 'null'
10-18 20:17:53.875 30933 31418 I ReactNativeJS: '  - Pending rides count:', 2
10-18 20:17:53.875 30933 31418 I ReactNativeJS: '  - Driver status:', 'online'
10-18 20:17:53.875 30933 31418 I ReactNativeJS: '  - Loading:', true
10-18 20:17:53.875 30933 31418 I ReactNativeJS: '  - Error:', null
10-18 20:17:53.875 30933 31418 I ReactNativeJS: '  - Show modal:', false
10-18 20:17:53.875 30933 31418 I ReactNativeJS: '  - Timestamp:', '2025-10-18T14:47:53.875Z'
10-18 20:17:53.875 30933 31418 I ReactNativeJS: âŒ NO CURRENT RIDE - showing empty state
10-18 20:17:53.875 30933 31418 I ReactNativeJS: === RIDE REQUEST MODAL LOGIC DEBUG ===
10-18 20:17:53.875 30933 31418 I ReactNativeJS: ðŸ”„ Checking if should show ride request modal:
10-18 20:17:53.875 30933 31418 I ReactNativeJS: '  - Pending rides:', 2
10-18 20:17:53.875 30933 31418 I ReactNativeJS: '  - Modal already showing:', false
10-18 20:17:53.875 30933 31418 I ReactNativeJS: '  - Driver status:', 'online'
10-18 20:17:53.875 30933 31418 I ReactNativeJS: '  - Has current ride:', false
10-18 20:17:53.875 30933 31418 I ReactNativeJS: âœ… SHOWING RIDE REQUEST MODAL
10-18 20:17:53.875 30933 31418 I ReactNativeJS: 'ðŸš— Showing ride request modal for:', 'cea5ef50-535a-4ebd-9ba9-524c03aebb88'
10-18 20:17:53.876 30933 31418 I ReactNativeJS: 'ðŸš— Ride details:', { pickup: 'PRXJ+F32, Brindavan Nagar, Plot 87, NGGO\'s Colony, Anand Nagar, Hosur, Tamil Nadu 635109, India',
10-18 20:17:53.876 30933 31418 I ReactNativeJS:   destination: 'Bagalur, Tamil Nadu, India',
10-18 20:17:53.876 30933 31418 I ReactNativeJS:   customer: 'Ricco' }
10-18 20:17:53.879 30933 31418 I ReactNativeJS: 'ðŸš— RideRequestModal - Full ride object:', '{\n  "id": "cea5ef50-535a-4ebd-9ba9-524c03aebb88",\n  "ride_code": "RAS80G",\n  "customer_id": "e95a4f14-8958-49e9-8ede-d81b82a7ba12",\n  "driver_id": null,\n  "pickup_latitude": 12.7485967,\n  "pickup_longitude": 77.8299667,\n  "pickup_address": "PRXJ+F32, Brindavan Nagar, Plot 87, NGGO\'s Colony, Anand Nagar, Hosur, Tamil Nadu 635109, India",\n  "destination_latitude": 12.8303987,\n  "destination_longitude": 77.8662369,\n  "destination_address": "Bagalur, Tamil Nadu, India",\n  "status": "requested",\n  "fare_amount": 447,\n  "distance_km": null,\n  "duration_minutes": null,\n  "payment_status": "pending",\n  "payment_method": "cash",\n  "rating": null,\n  "feedback": null,\n  "cancelled_by": null,\n  "cancellation_reason": null,\n  "booking_type": "regular",\n  "vehicle_type": "sedan",\n  "pickup_otp": null,\n  "drop_otp": null,\n  "created_at": "2025-10-18T14:47:50.024687+00:00",\n  "updated_at": "2025-10-18T14:47:50.024687+00:00",\n  "scheduled_time": null,\n  "customer": {\n    "id": "e95a4f14-8958-49e9-8ede-d81b82a7ba12",\n    "full_name": "Ricco",\n    "phone_number": "",\n    "email": ""\n  }\n}'
10-18 20:17:53.893 30933 31418 I ReactNativeJS: ðŸ—ºï¸ Fetching trip distance from Google Maps...
10-18 20:17:53.893 30933 31418 I ReactNativeJS: 'ðŸ—ºï¸ getRouteInfo called with:', { origin: { latitude: 12.7485967, longitude: 77.8299667 },
10-18 20:17:53.893 30933 31418 I ReactNativeJS:   destination: { latitude: 12.8303987, longitude: 77.8662369 } }
10-18 20:17:53.893 30933 31418 I ReactNativeJS: 'ðŸ“¡ Calling edge function:', 'https://whubaypabojomdyfqxcf.supabase.co/functions/v1/calculate-distance'
10-18 20:17:53.894 30933 31418 I ReactNativeJS: === RIDES SCREEN STATE DEBUG ===
10-18 20:17:53.894 30933 31418 I ReactNativeJS: ðŸ”„ Component state updated:
10-18 20:17:53.894 30933 31418 I ReactNativeJS: '  - Current ride:', 'null'
10-18 20:17:53.894 30933 31418 I ReactNativeJS: '  - Pending rides count:', 2
10-18 20:17:53.894 30933 31418 I ReactNativeJS: '  - Driver status:', 'online'
10-18 20:17:53.894 30933 31418 I ReactNativeJS: '  - Loading:', false
10-18 20:17:53.894 30933 31418 I ReactNativeJS: '  - Error:', null
10-18 20:17:53.894 30933 31418 I ReactNativeJS: '  - Show modal:', true
10-18 20:17:53.894 30933 31418 I ReactNativeJS: '  - Timestamp:', '2025-10-18T14:47:53.894Z'
10-18 20:17:53.894 30933 31418 I ReactNativeJS: âŒ NO CURRENT RIDE - showing empty state
10-18 20:17:53.894 30933 31418 I ReactNativeJS: === RIDE REQUEST MODAL LOGIC DEBUG ===
10-18 20:17:53.894 30933 31418 I ReactNativeJS: ðŸ”„ Checking if should show ride request modal:
10-18 20:17:53.894 30933 31418 I ReactNativeJS: '  - Pending rides:', 2
10-18 20:17:53.894 30933 31418 I ReactNativeJS: '  - Modal already showing:', true
10-18 20:17:53.894 30933 31418 I ReactNativeJS: '  - Driver status:', 'online'
10-18 20:17:53.894 30933 31418 I ReactNativeJS: '  - Has current ride:', false
10-18 20:17:53.894 30933 31418 I ReactNativeJS: âŒ NOT SHOWING MODAL - reasons:
10-18 20:17:53.894 30933 31418 I ReactNativeJS: 'ðŸš— Analysis:', { pendingRidesCount: 2,
10-18 20:17:53.894 30933 31418 I ReactNativeJS:   modalAlreadyShowing: true,
10-18 20:17:53.894 30933 31418 I ReactNativeJS:   driverStatus: 'online',
10-18 20:17:53.894 30933 31418 I ReactNativeJS:   hasCurrentRide: false }
10-18 20:17:53.895 30933 31418 I ReactNativeJS: 'ðŸš— RideRequestModal - Full ride object:', '{\n  "id": "cea5ef50-535a-4ebd-9ba9-524c03aebb88",\n  "ride_code": "RAS80G",\n  "customer_id": "e95a4f14-8958-49e9-8ede-d81b82a7ba12",\n  "driver_id": null,\n  "pickup_latitude": 12.7485967,\n  "pickup_longitude": 77.8299667,\n  "pickup_address": "PRXJ+F32, Brindavan Nagar, Plot 87, NGGO\'s Colony, Anand Nagar, Hosur, Tamil Nadu 635109, India",\n  "destination_latitude": 12.8303987,\n  "destination_longitude": 77.8662369,\n  "destination_address": "Bagalur, Tamil Nadu, India",\n  "status": "requested",\n  "fare_amount": 447,\n  "distance_km": null,\n  "duration_minutes": null,\n  "payment_status": "pending",\n  "payment_method": "cash",\n  "rating": null,\n  "feedback": null,\n  "cancelled_by": null,\n  "cancellation_reason": null,\n  "booking_type": "regular",\n  "vehicle_type": "sedan",\n  "pickup_otp": null,\n  "drop_otp": null,\n  "created_at": "2025-10-18T14:47:50.024687+00:00",\n  "updated_at": "2025-10-18T14:47:50.024687+00:00",\n  "scheduled_time": null,\n  "customer": {\n    "id": "e95a4f14-8958-49e9-8ede-d81b82a7ba12",\n    "full_name": "Ricco",\n    "phone_number": "",\n    "email": ""\n  }\n}'
10-18 20:17:53.902 30933 31418 I ReactNativeJS: ðŸ“³ Triggering vibration pattern
10-18 20:17:53.905 30933 30933 D VivoSpatializer: checkGoogleApiEnabled, mGoogleApiEnabled: false, originalArdVersion: 35, deniedPkg: false, clientPkg: com.a1taxi.driverpro
10-18 20:17:53.905 30933 30933 I ExoPlayerImpl: Init 83ccdab [ExoPlayerLib/2.18.1] [V2439, V2439, vivo, 35]
10-18 20:17:53.920 30933   861 E ExoPlayerImplInternal: Playback error
10-18 20:17:53.920 30933   861 E ExoPlayerImplInternal:   com.google.android.exoplayer2.ExoPlaybackException: Source error
10-18 20:17:53.920 30933   861 E ExoPlayerImplInternal:       at com.google.android.exoplayer2.ExoPlayerImplInternal.handleIoException(ExoPlayerImplInternal.java:632)
10-18 20:17:53.920 30933   861 E ExoPlayerImplInternal:       at com.google.android.exoplayer2.ExoPlayerImplInternal.handleMessage(ExoPlayerImplInternal.java:602)
10-18 20:17:53.920 30933   861 E ExoPlayerImplInternal:       at android.os.Handler.dispatchMessage(Handler.java:105)
10-18 20:17:53.920 30933   861 E ExoPlayerImplInternal:       at android.os.Looper.loopOnce(Looper.java:250)
10-18 20:17:53.920 30933   861 E ExoPlayerImplInternal:       at android.os.Looper.loop(Looper.java:340)
10-18 20:17:53.920 30933   861 E ExoPlayerImplInternal:       at android.os.HandlerThread.run(HandlerThread.java:107)
10-18 20:17:53.920 30933   861 E ExoPlayerImplInternal:   Caused by: com.google.android.exoplayer2.source.UnrecognizedInputFormatException: None of the available extractors (Mp3Extractor, FlvExtractor, FlacExtractor, WavExtractor, FragmentedMp4Extractor, Mp4Extractor, AmrExtractor, PsExtractor, OggExtractor, TsExtractor, MatroskaExtractor, AdtsExtractor, Ac3Extractor, Ac4Extractor, AviExtractor, JpegExtractor) could read the stream.
10-18 20:17:53.920 30933   861 E ExoPlayerImplInternal:       at com.google.android.exoplayer2.source.BundledExtractorsAdapter.init(BundledExtractorsAdapter.java:92)
10-18 20:17:53.920 30933   861 E ExoPlayerImplInternal:       at com.google.android.exoplayer2.source.ProgressiveMediaPeriod$ExtractingLoadable.load(ProgressiveMediaPeriod.java:1017)
10-18 20:17:53.920 30933   861 E ExoPlayerImplInternal:       at com.google.android.exoplayer2.upstream.Loader$LoadTask.run(Loader.java:412)
10-18 20:17:53.920 30933   861 E ExoPlayerImplInternal:       at java.util.concurrent.ThreadPoolExecutor.runWorker(ThreadPoolExecutor.java:1156)
10-18 20:17:53.920 30933   861 E ExoPlayerImplInternal:       at java.util.concurrent.ThreadPoolExecutor$Worker.run(ThreadPoolExecutor.java:651)
10-18 20:17:53.920 30933   861 E ExoPlayerImplInternal:       at java.lang.Thread.run(Thread.java:1119)
10-18 20:17:53.922 30933 30933 E unknown:ReactModalHost: Creating new dialog from context: com.a1taxi.driverpro.MainActivity@f6eb733@258914099
10-18 20:17:53.941 30933 30933 D ViewRootImpl: AppSizeAfterRelayout, size: Point(1080, 2392), rotation: ROTATION_0
10-18 20:17:53.941 30933 30933 D BufferQueueConsumer: [](id:78d50000000a,api:0,p:-1,c:30933) connect: controlledByApp=false
10-18 20:17:53.941 30933 30933 D BLASTBufferQueue: [VRI[MainActivity]#10](f:0,a:0) constructor()
10-18 20:17:53.941 30933 30933 D BLASTBufferQueue: [VRI[MainActivity]#10](f:0,a:0) update width=1080 height=2392 format=-2 mTransformHint=0
10-18 20:17:53.955 30933 31395 D BLASTBufferQueue: [VRI[MainActivity]#10](f:0,a:1) acquireNextBufferLocked size=1080x2392 mFrameNumber=1 applyTransaction=true mTimestamp=616095242262644(auto) mPendingTransactions.size=0 graphicBufferId=132856223367241 transform=0
10-18 20:17:53.961 30933 30933 I ExoPlayerImpl: Release 83ccdab [ExoPlayerLib/2.18.1] [V2439, V2439, vivo, 35] [goog.exo.core, goog.exo.exoplayer, goog.exo.decoder, goog.exo.okhttp, goog.exo.datasource, goog.exo.extractor]
10-18 20:17:53.961 30933 31418 I ReactNativeJS: âš ï¸ Could not load notification.mp3, using fallback sound
10-18 20:17:53.961 30933 31418 I ReactNativeJS: âš ï¸ Fallback sound not available on native platform - using vibration only
10-18 20:17:53.963 30933 30933 E unknown:ReactModalHost: Updating existing dialog with context: com.a1taxi.driverpro.MainActivity@f6eb733@258914099
10-18 20:17:53.994 30933 30933 V ImeFocusController: onWindowFocus: com.android.internal.policy.DecorView{c15b44e V.E...... R....... 0,0-1080,2392}[MainActivity] softInputMode=STATE_UNSPECIFIED|ADJUST_RESIZE
10-18 20:17:53.997  5589  5589 I GoogleInputMethodService: GoogleInputMethodService.onFinishInput():2085 
10-18 20:17:53.997  5589  5589 I Module  : DeviceLockedStatusModuleProvider$Module.updateDeviceLockedStatus():100 repeatCheckTimes = 0, locked = false
10-18 20:17:53.997  5589  5589 I GoogleInputMethodService: GoogleInputMethodService.onStartInput():1346 onStartInput(EditorInfo{EditorInfo{packageName=com.a1taxi.driverpro, inputType=0, inputTypeString=NULL, enableLearning=false, autoCorrection=false, autoComplete=false, imeOptions=0, privateImeOptions=null, actionName=UNSPECIFIED, actionLabel=null, initialSelStart=-1, initialSelEnd=-1, initialCapsMode=0, label=null, fieldId=0, fieldName=null, extras=null, hintText=null, hintLocales=[]}}, false)
10-18 20:17:53.998  5589  5589 I Module  : DeviceLockedStatusModuleProvider$Module.updateDeviceLockedStatus():100 repeatCheckTimes = 1, locked = false
10-18 20:17:54.209 26036 26104 W Settings: Setting airplane_mode_on has moved from android.provider.Settings.System to android.provider.Settings.Global, returning read-only value.
10-18 20:17:54.212 26036   447 W SystemServiceRegistry: No service published for: wifirtt
10-18 20:17:54.267 30933 31418 I ReactNativeJS: 'ðŸ“¥ Edge function response status:', 200
10-18 20:17:54.268 30933 31418 I ReactNativeJS: 'âœ… Distance calculation result from edge function:', { distance: '10.5 km',
10-18 20:17:54.268 30933 31418 I ReactNativeJS:   duration: '15 mins',
10-18 20:17:54.268 30933 31418 I ReactNativeJS:   distanceValue: 10.549,
10-18 20:17:54.268 30933 31418 I ReactNativeJS:   durationValue: 15.483333333333333 }
10-18 20:17:54.268 30933 31418 I ReactNativeJS: 'âœ… Google Maps trip distance:', 10.549, 'km'
10-18 20:17:54.269 30933 31418 I ReactNativeJS: 'ðŸš— RideRequestModal - Full ride object:', '{\n  "id": "cea5ef50-535a-4ebd-9ba9-524c03aebb88",\n  "ride_code": "RAS80G",\n  "customer_id": "e95a4f14-8958-49e9-8ede-d81b82a7ba12",\n  "driver_id": null,\n  "pickup_latitude": 12.7485967,\n  "pickup_longitude": 77.8299667,\n  "pickup_address": "PRXJ+F32, Brindavan Nagar, Plot 87, NGGO\'s Colony, Anand Nagar, Hosur, Tamil Nadu 635109, India",\n  "destination_latitude": 12.8303987,\n  "destination_longitude": 77.8662369,\n  "destination_address": "Bagalur, Tamil Nadu, India",\n  "status": "requested",\n  "fare_amount": 447,\n  "distance_km": null,\n  "duration_minutes": null,\n  "payment_status": "pending",\n  "payment_method": "cash",\n  "rating": null,\n  "feedback": null,\n  "cancelled_by": null,\n  "cancellation_reason": null,\n  "booking_type": "regular",\n  "vehicle_type": "sedan",\n  "pickup_otp": null,\n  "drop_otp": null,\n  "created_at": "2025-10-18T14:47:50.024687+00:00",\n  "updated_at": "2025-10-18T14:47:50.024687+00:00",\n  "scheduled_time": null,\n  "customer": {\n    "id": "e95a4f14-8958-49e9-8ede-d81b82a7ba12",\n    "full_name": "Ricco",\n    "phone_number": "",\n    "email": ""\n  }\n}'
10-18 20:17:54.274 30933 31418 I ReactNativeJS: 'ðŸš— RideRequestModal - Full ride object:', '{\n  "id": "cea5ef50-535a-4ebd-9ba9-524c03aebb88",\n  "ride_code": "RAS80G",\n  "customer_id": "e95a4f14-8958-49e9-8ede-d81b82a7ba12",\n  "driver_id": null,\n  "pickup_latitude": 12.7485967,\n  "pickup_longitude": 77.8299667,\n  "pickup_address": "PRXJ+F32, Brindavan Nagar, Plot 87, NGGO\'s Colony, Anand Nagar, Hosur, Tamil Nadu 635109, India",\n  "destination_latitude": 12.8303987,\n  "destination_longitude": 77.8662369,\n  "destination_address": "Bagalur, Tamil Nadu, India",\n  "status": "requested",\n  "fare_amount": 447,\n  "distance_km": null,\n  "duration_minutes": null,\n  "payment_status": "pending",\n  "payment_method": "cash",\n  "rating": null,\n  "feedback": null,\n  "cancelled_by": null,\n  "cancellation_reason": null,\n  "booking_type": "regular",\n  "vehicle_type": "sedan",\n  "pickup_otp": null,\n  "drop_otp": null,\n  "created_at": "2025-10-18T14:47:50.024687+00:00",\n  "updated_at": "2025-10-18T14:47:50.024687+00:00",\n  "scheduled_time": null,\n  "customer": {\n    "id": "e95a4f14-8958-49e9-8ede-d81b82a7ba12",\n    "full_name": "Ricco",\n    "phone_number": "",\n    "email": ""\n  }\n}'
10-18 20:17:54.447 30933 30933 I TaskService: Handling intent with task name 'background-location-task' and app scoping identifier 'com.a1taxi.driverpro'.
10-18 20:17:54.449 30933 30933 W JobInfo : Job 'com.a1taxi.driverpro/expo.modules.taskManager.TaskJobService#0' has a deadline with no functional constraints. The deadline won't improve job execution latency. Consider removing the deadline.
10-18 20:17:54.452 30933 30933 I TaskService: Handling job with task name 'background-location-task' for app with scoping identifier 'com.a1taxi.driverpro'.
10-18 20:17:54.453 30933 31418 I ReactNativeJS: 'ðŸ“ Background location update:', [ { timestamp: 1760798869443,
10-18 20:17:54.453 30933 31418 I ReactNativeJS:     mocked: false,
10-18 20:17:54.453 30933 31418 I ReactNativeJS:     coords: 
10-18 20:17:54.453 30933 31418 I ReactNativeJS:      { altitude: 765.0999999999999,
10-18 20:17:54.453 30933 31418 I ReactNativeJS:        heading: 0,
10-18 20:17:54.453 30933 31418 I ReactNativeJS:        altitudeAccuracy: 10.5,
10-18 20:17:54.453 30933 31418 I ReactNativeJS:        latitude: 12.7485967,
10-18 20:17:54.453 30933 31418 I ReactNativeJS:        speed: 6.632625330822838e-38,
10-18 20:17:54.453 30933 31418 I ReactNativeJS:        longitude: 77.8299667,
10-18 20:17:54.453 30933 31418 I ReactNativeJS:        accuracy: 5.578000068664551 } } ]
10-18 20:17:54.455 30933 31418 I ReactNativeJS: ðŸ“¤ Background location update via RPC...
10-18 20:17:54.455 30933 31418 E ReactNativeJS: âŒ Supabase credentials not configured
10-18 20:17:54.455 30933 31409 I TaskService: Finished task 'background-location-task' with eventId 'd805c451-d2e6-44a0-8ff2-aec99ebafd1a'.
10-18 20:17:54.456 30933 31419 E unknown:ReactNative: console.error: âŒ Supabase credentials not configured, js engine: hermes, stack:
10-18 20:17:54.456 30933 31419 E unknown:ReactNative: _construct@1:117842
10-18 20:17:54.456 30933 31419 E unknown:ReactNative: Wrapper@1:117496
10-18 20:17:54.456 30933 31419 E unknown:ReactNative: _callSuper@1:115478
10-18 20:17:54.456 30933 31419 E unknown:ReactNative: SyntheticError@1:116983
10-18 20:17:54.456 30933 31419 E unknown:ReactNative: reactConsoleErrorHandler@1:116629
10-18 20:17:54.456 30933 31419 E unknown:ReactNative: ?anon_0_@1:1972274
10-18 20:17:54.456 30933 31419 E unknown:ReactNative: asyncGeneratorStep@1:573272
10-18 20:17:54.456 30933 31419 E unknown:ReactNative: _next@1:573529
10-18 20:17:54.456 30933 31419 E unknown:ReactNative: anonymous@1:136226
10-18 20:17:54.456 30933 31419 E unknown:ReactNative: _callTimer@1:135225
10-18 20:17:54.456 30933 31419 E unknown:ReactNative: _callReactNativeMicrotasksPass@1:135369
10-18 20:17:54.456 30933 31419 E unknown:ReactNative: callReactNativeMicrotasks@1:137289
10-18 20:17:54.456 30933 31419 E unknown:ReactNative: __callReactNativeMicrotasks@1:101038
10-18 20:17:54.456 30933 31419 E unknown:ReactNative: anonymous@1:100174
10-18 20:17:54.456 30933 31419 E unknown:ReactNative: __guard@1:100912
10-18 20:17:54.456 30933 31419 E unknown:ReactNative: flushedQueue@1:100085
10-18 20:17:54.456 30933 31419 E unknown:ReactNative: invokeCallbackAndReturnFlushedQueue@1:100028
10-18 20:17:54.475 26036 26172 I FusedLocation: (REDACTED) location delivery to %s blocked - too fast
10-18 20:17:54.475 26036 26172 I FusedLocation: (REDACTED) location delivery to %s blocked - too close
10-18 20:17:54.476 30933 30933 I TaskService: Handling intent with task name 'background-location-task' and app scoping identifier 'com.a1taxi.driverpro'.
