--------- beginning of main
10-29 01:57:41.627 19858 19858 I NearbyDiscovery: (REDACTED) FastPairDisplayObserver: %s -> %s
10-29 01:57:41.912 18285 18285 I PkDeviceHelper: PkDeviceHelper.refreshDevices():93 refreshing devices
10-29 01:57:41.914 18285 18285 I PkDeviceHelper: PkDeviceHelper.refreshDevices():93 refreshing devices
10-29 01:57:41.916 18285 18285 I PkDeviceHelper: PkDeviceHelper.refreshDevices():93 refreshing devices
10-29 01:57:41.955 19858 19858 I NearbyDiscovery: (REDACTED) FastPairDisplayObserver: %s -> %s
10-29 01:57:41.959 19858 24972 I NearbyDiscovery: (REDACTED) OffloadFastPairScanner: eventType=%s, isInternalReq=%s, isOffloadScanning=%s, isOffloadScanningAllowed=%s
10-29 01:57:41.962 19858 24972 I NearbyDiscovery: (REDACTED) FastPairScanner: isScreenOn=%s, isLocationEnabled=%s, disableLocationRequirement=%s, isDiscoveryScanningEnabled=%s, during24GhzWifiWarmingUpPeriod=%s
10-29 01:57:41.966 19858 24972 I NearbyDiscovery: (REDACTED) FastPairScanner: eventType=%s, intReq=%s, scanning=%s, scanAllowed=%s, bleEnabled=%s, lockScanRate=%s, startScanningByLowPowerMode=%s
10-29 01:57:41.976 18285 32038 I DeviceStatusMonitor: DeviceStatusMonitor.handleBroadcast():123 onReceive() : Action = android.intent.action.SCREEN_ON
10-29 01:57:41.977 18285 32038 I DeviceStatusMonitor: DeviceStatusMonitor.updateCountryInfo():139 updateCountryInfo(), notifyAnyway = false
10-29 01:57:42.011 19858 20068 I NullBinder: NullBinder for android.net.action.RECOMMEND_NETWORKS triggering remote TransactionTooLargeException due to Service without Chimera impl, calling uid: 1000, calling pid: 0
10-29 01:57:42.011 19858 20068 W .gms.persistent: Large reply transaction of 1056768 bytes, interface descriptor , code 1
10-29 01:57:42.035 19858 20068 I NullBinder: NullBinder for android.net.action.RECOMMEND_NETWORKS triggering remote TransactionTooLargeException due to Service without Chimera impl, calling uid: 1000, calling pid: 0
10-29 01:57:42.035 19858 20068 W .gms.persistent: Large reply transaction of 1056768 bytes, interface descriptor , code 1
10-29 01:57:42.036 19858 20068 I NullBinder: NullBinder for android.net.action.RECOMMEND_NETWORKS triggering remote TransactionTooLargeException due to Service without Chimera impl, calling uid: 1000, calling pid: 0
10-29 01:57:42.036 19858 20068 W .gms.persistent: Large reply transaction of 1056768 bytes, interface descriptor , code 1
10-29 01:57:42.048 19858 32040 W DatabaseProcessor: processLocalDevices: failed to get the network info with non-null networkId.
10-29 01:57:42.049 19858 19858 I CastMediaRouteProvider: Published 0 routes
10-29 01:57:42.052 19858 24972 I NearbyDiscovery: (REDACTED) FastPairHandler: Received action %s
10-29 01:57:42.053 19858 24972 I NearbyDiscovery: (REDACTED) OffloadFastPairScanner: eventType=%s, isInternalReq=%s, isOffloadScanning=%s, isOffloadScanningAllowed=%s
10-29 01:57:42.053 19858 24972 I NearbyDiscovery: (REDACTED) FastPairScanner: isScreenOn=%s, isLocationEnabled=%s, disableLocationRequirement=%s, isDiscoveryScanningEnabled=%s, during24GhzWifiWarmingUpPeriod=%s
10-29 01:57:42.054 19858 24972 I NearbyDiscovery: (REDACTED) FastPairScanner: eventType=%s, intReq=%s, scanning=%s, scanAllowed=%s, bleEnabled=%s, lockScanRate=%s, startScanningByLowPowerMode=%s
10-29 01:57:42.055 19858 24972 I NearbyDiscovery: FastPairController: onSystemStateChanged: skip due to flag disabled [CONTEXT service_id=265 ]
10-29 01:57:42.094 19858 19886 I MdnsServiceBrowser: (REDACTED) registering %s
10-29 01:57:42.538 19858 31484 I NearbySharing: Network state changed: NetworkState(isRestricted=false, isOnline=true, isCongested=false, isMetered=false, isWifiConnected=true)
10-29 01:57:44.008 24095 28486 I ReactNativeJS: 🔄 [useRideNotifications] Polling for new notifications...
10-29 01:57:44.010 24095 28486 I ReactNativeJS: 🔍 [NOTIFICATIONS] ===== FETCHING NOTIFICATIONS =====
10-29 01:57:44.011 24095 28486 I ReactNativeJS: '🔍 [NOTIFICATIONS] User ID:', 'e95a4f14-8958-49e9-8ede-d81b82a7ba12'
10-29 01:57:44.012 24095 28486 I ReactNativeJS: '🔍 [NOTIFICATIONS] Timestamp:', '2025-10-28T20:27:44.011Z'
10-29 01:57:44.022 24095 28486 I ReactNativeJS: 🔄 [useRideNotifications] Polling for new notifications...
10-29 01:57:44.022 24095 28486 I ReactNativeJS: 🔍 [NOTIFICATIONS] ===== FETCHING NOTIFICATIONS =====
10-29 01:57:44.023 24095 28486 I ReactNativeJS: '🔍 [NOTIFICATIONS] User ID:', 'e95a4f14-8958-49e9-8ede-d81b82a7ba12'
10-29 01:57:44.023 24095 28486 I ReactNativeJS: '🔍 [NOTIFICATIONS] Timestamp:', '2025-10-28T20:27:44.023Z'
10-29 01:57:44.032 19858 20615 I FusedLocation: (REDACTED) location delivery to %s blocked - too close
10-29 01:57:44.032 19858 20615 I FusedLocation: stationary throttling disengaged [CONTEXT service_id=6 ]
10-29 01:57:44.034 24095 28486 I ReactNativeJS: 🔄 [useRideNotifications] Polling for new notifications...
10-29 01:57:44.034 24095 28486 I ReactNativeJS: 🔍 [NOTIFICATIONS] ===== FETCHING NOTIFICATIONS =====
10-29 01:57:44.034 24095 28486 I ReactNativeJS: '🔍 [NOTIFICATIONS] User ID:', 'e95a4f14-8958-49e9-8ede-d81b82a7ba12'
10-29 01:57:44.035 24095 28486 I ReactNativeJS: '🔍 [NOTIFICATIONS] Timestamp:', '2025-10-28T20:27:44.034Z'
10-29 01:57:44.170 19858 31484 I FusedOrientationManager: Registering orientation client. [CONTEXT service_id=6 ]
10-29 01:57:44.176 19858 19934 W inertial-anchor: Triggering reinit due to mag declination change
10-29 01:57:44.177 19858 19934 W Looper  : Looper already prepared for this thread with a different value for the LOOPER_PREPARE_ALLOW_NON_CALLBACKS option.
10-29 01:57:44.186 26046 26046 W fbservices-stub:InitStatus: Not blocking Service (264994810)
10-29 01:57:44.187 26046 26046 W fbservices-stub:InitStatus: Not blocking Service (264994810)
10-29 01:57:44.271 19858 31484 I NearbySharing: Screen is unlocked
10-29 01:57:44.271 19858 24972 I NearbyDiscovery: (REDACTED) FastPairHandler: Received action %s
10-29 01:57:44.271 19858 31484 I NearbySharing: Uwb feature is off.
10-29 01:57:44.271 19858 31484 I NearbySharing: Uwb feature is off.
10-29 01:57:44.271 19858 31484 I NearbySharing: Stopping scanning because Bluetooth is disabled.
10-29 01:57:44.272 19858 24972 I NearbyDiscovery: FastPairController: onSystemStateChanged: skip due to flag disabled [CONTEXT service_id=265 ]
10-29 01:57:44.315 18285 18285 I GoogleInputMethodService: GoogleInputMethodService.onStartInput():1347 onStartInput(EditorInfo{EditorInfo{packageName=com.a1taxi.a1taxicustomer, inputType=0, inputTypeString=NULL, enableLearning=false, autoCorrection=false, autoComplete=false, imeOptions=0, privateImeOptions=null, actionName=UNSPECIFIED, actionLabel=null, initialSelStart=-1, initialSelEnd=-1, initialCapsMode=0, label=null, fieldId=0, fieldName=null, extras=null, hintText=null, hintLocales=[]}}, false)
10-29 01:57:44.317 18285 18285 I DeviceLockTags: DeviceLockTags.notifyDeviceLockStatusChanged():108 notifyDeviceLockStatusChanged(): deviceLocked=false, blockPersonalData=false
10-29 01:57:44.317 18285 18285 I Module  : DeviceLockedStatusModuleProvider$Module.updateDeviceLockedStatus():103 repeatCheckTimes = 1, locked = false
10-29 01:57:44.321 18285 18285 I ClipboardDataHandler: ClipboardDataHandler.updateScreenshotsContentObserver():311 Disable the feature of handling screenshots in the clipboard.
10-29 01:57:44.321 18285 18285 W NotificationCenter: NotificationCenter.unregisterListener():480 Listener dun@4fcf4d8 was not registered for notification class msy
10-29 01:57:44.343 18285 18285 W NotificationCenter: NotificationCenter$NotificationQueue.notifyPendingNotificationsOnExecutor():877 Heavy notify work detected on UI thread: [msy->msf] takes 23ms
10-29 01:57:44.346 19858 31484 I NearbySharing: Stopping Fast Init advertisement because Bluetooth is off.
10-29 01:57:44.346 19858 31484 I NearbySharing: Stopping advertising because Bluetooth is disabled.
10-29 01:57:44.347 18285 18285 I AbstractOpenableExtension: AbstractOpenableExtension.createKeyboardGroupManagerListenableFuture():121 Create keyboard group manager listenable future in hbi
10-29 01:57:44.347 18285 18285 I EmojifyExtensionImpl: EmojifyExtensionImpl.onCreate():604 Creating Emojify extension eol@c7cd5ab.
10-29 01:57:44.347 18285 18285 I AbstractOpenableExtension: AbstractOpenableExtension.createKeyboardGroupManagerListenableFuture():121 Create keyboard group manager listenable future in epe
10-29 01:57:44.348 18285 18285 I HardKeyTracker: HardKeyTracker.unregisterKeySequence():221 Unregister key sequence njr{labelResId=2132020519, callback=cif@49bb945, lastModifier=2, keyCodes=[37], actions=[0]}
10-29 01:57:44.348 18285 18285 I HardKeyTracker: HardKeyTracker.registerKeySequence():170 Register key sequence njr{labelResId=2132020519, callback=cif@7ce97a1, lastModifier=2, keyCodes=[37], actions=[0]}
10-29 01:57:44.348 18285 18285 I HardKeyTracker: HardKeyTracker.unregisterKeySequence():221 Unregister key sequence njr{labelResId=2132020521, callback=cif@91f189a, lastModifier=2, keyCodes=[48], actions=[0]}
10-29 01:57:44.348 18285 18285 I HardKeyTracker: HardKeyTracker.registerKeySequence():170 Register key sequence njr{labelResId=2132020521, callback=cif@cafcdc6, lastModifier=2, keyCodes=[48], actions=[0]}
10-29 01:57:44.348 18285 18285 I HardKeyTracker: HardKeyTracker.unregisterKeySequence():221 Unregister key sequence njr{labelResId=2132020519, callback=cif@cd895cb, lastModifier=2, keyCodes=[37], actions=[0]}
10-29 01:57:44.348 18285 18285 I HardKeyTracker: HardKeyTracker.registerKeySequence():170 Register key sequence njr{labelResId=2132020519, callback=cif@4b12187, lastModifier=2, keyCodes=[37], actions=[0]}
10-29 01:57:44.349 18285 18285 I HardKeyTracker: HardKeyTracker.unregisterKeySequence():221 Unregister key sequence njr{labelResId=2132020520, callback=cif@bddd1a8, lastModifier=65536, keyCodes=[76], actions=[0]}
10-29 01:57:44.349 18285 18285 I HardKeyTracker: HardKeyTracker.registerKeySequence():170 Register key sequence njr{labelResId=2132020520, callback=cif@d0c98b4, lastModifier=65536, keyCodes=[76], actions=[0]}
10-29 01:57:44.349 18285 18285 I HardKeyTracker: HardKeyTracker.unregisterKeySequence():221 Unregister key sequence njr{labelResId=2132020521, callback=cif@343a4c1, lastModifier=2, keyCodes=[48], actions=[0]}
10-29 01:57:44.349 18285 18285 I HardKeyTracker: HardKeyTracker.registerKeySequence():170 Register key sequence njr{labelResId=2132020521, callback=cif@41c0cdd, lastModifier=2, keyCodes=[48], actions=[0]}
10-29 01:57:44.349 18285 18285 I HardKeyTracker: HardKeyTracker.unregisterKeySequence():221 Unregister key sequence njr{labelResId=2132020516, callback=cif@e462466, lastModifier=2, keyCodes=[50], actions=[0]}
10-29 01:57:44.349 18285 18285 I HardKeyTracker: HardKeyTracker.registerKeySequence():170 Register key sequence njr{labelResId=2132020516, callback=cif@bcb0052, lastModifier=2, keyCodes=[50], actions=[0]}
10-29 01:57:44.349 18285 18285 I HardKeyTracker: HardKeyTracker.unregisterKeySequence():221 Unregister key sequence njr{labelResId=2132020516, callback=cif@fd8c3a7, lastModifier=2, keyCodes=[50], actions=[0]}
10-29 01:57:44.349 18285 18285 I HardKeyTracker: HardKeyTracker.registerKeySequence():170 Register key sequence njr{labelResId=2132020516, callback=cif@f44f23, lastModifier=2, keyCodes=[50], actions=[0]}
10-29 01:57:44.349 18285 18285 W NotificationCenter: NotificationCenter$NotificationQueue.notifyPendingNotificationsOnExecutor():877 Heavy notify work detected on UI thread: [lyp->fww, lyp->jwr, lyp->ldc, lyp->jwr, lyp->jwr, lyp->jwr, lyp->nmc, lyp->jwr, lyp->lxi, lyp->lxr, lyp->jym, lyp->jwr, lyp->lko, lyp->jwr, lyp->gxl, lyp->hol, lyp->jwr, lyp->jwr, lyp->fzd, lyp->jwr, lyp->jwr, lyp->oaf, lyp->jwr, lyp->jwr, nli->mxd, nli->mxd, nli->mxd, nli->mxd, nli->mxd, nli->mxd, nli->mxd, nli->mxd, nli->mxd, nli->mxd, nli->mxd, nli->mxd, nli->mxd, nli->mxd, nli->mxd, nli->mxd, nli->mxd, nli->mxd, nli->mxd, nli->mxd, nli->mxd, nli->mxd, nli->mxd, nlh->mxd, jwm->gnq, jwm->gnq, jwm->gnq, mtk->mtj, jwm->gnq, jwm->gnq, jwm->gnq, mtk->mtj, jwm->gnq, jwm->gnq, mtk->mtj, mtk->mtj, mtk->mtj, jwm->gnq, jwm->gnq, jwm->gnq, mtk->mtj, mtk->mtj, jwm->gnq, jwm->gnq, mtk->mtj, mtk->mtj, mtk->mtj] takes 33ms
10-29 01:57:44.351 18285 32154 I KeyboardGroupDefParser: KeyboardGroupDefParser.parseKeyboardGroupDef():86 parseKeyboardGroupDef() 2132213990 -> 0_resource_name_obfuscated : WaitTime = 1 ms : RunTime = 7 ms
10-29 01:57:44.351 18285 32155 I KeyboardGroupDefParser: KeyboardGroupDefParser.parseKeyboardGroupDef():86 parseKeyboardGroupDef() 2132213998 -> 0_resource_name_obfuscated : WaitTime = 3 ms : RunTime = 1 ms
10-29 01:57:44.356 18285 31333 I KeyboardGroupDefParser: KeyboardGroupDefParser.parseKeyboardGroupDef():86 parseKeyboardGroupDef() 2132213997 -> 0_resource_name_obfuscated : WaitTime = 1 ms : RunTime = 9 ms
10-29 01:57:44.358 19858 19905 W Settings: Setting airplane_mode_on has moved from android.provider.Settings.System to android.provider.Settings.Global, returning read-only value.
10-29 01:57:44.361 19858 31484 I NearbySharing: Starting scanning for Fast Initiation.
10-29 01:57:44.362 19858 31484 I NearbySharing: Failed to scan for FastInitiation. Scanning is not supported on this device.
10-29 01:57:44.362 19858 31484 I NearbySharing: Dismissing HUN as there's no device nearby.
10-29 01:57:44.368 19858 32149 I NearbyMediums: ModuleInitializer handles incoming intent android.intent.action.USER_PRESENT
10-29 01:57:44.377 19858 31484 I Nearby  : (REDACTED) Beginning attempt #%d out of %d for %s...
10-29 01:57:44.379 19858 31484 I NearbyMediums: BluetoothAdapter's name was not set by Nearby Connections, ignoring call to restore default scan mode.
10-29 01:57:44.380 19858 31484 I NearbyMediums: BluetoothAdapter's name was not set by Nearby Connections, ignoring call to restore device name
10-29 01:57:44.385 19858 32046 W SystemServiceRegistry: No service published for: wifirtt
10-29 01:57:44.393  7741 32163 I PersonalSafety: ConnectivityProtectionLockingIntentOperation: cancelled task [CONTEXT service_id=310 ]
10-29 01:57:44.415 19858 19858 I RCNIntentOperation: RCN is disabled on this network.
10-29 01:57:44.508 24095 28486 I ReactNativeJS: 🔍 [NOTIFICATIONS] ===== DATABASE QUERY RESULT =====
10-29 01:57:44.509 24095 28486 I ReactNativeJS: '🔍 [NOTIFICATIONS] Query result:', { hasError: false,
10-29 01:57:44.509 24095 28486 I ReactNativeJS:   errorMessage: undefined,
10-29 01:57:44.509 24095 28486 I ReactNativeJS:   errorCode: undefined,
10-29 01:57:44.509 24095 28486 I ReactNativeJS:   errorDetails: undefined,
10-29 01:57:44.509 24095 28486 I ReactNativeJS:   dataCount: 50,
10-29 01:57:44.509 24095 28486 I ReactNativeJS:   tripCompletedCount: 0,
10-29 01:57:44.509 24095 28486 I ReactNativeJS:   unreadTripCompletedCount: 0,
10-29 01:57:44.509 24095 28486 I ReactNativeJS:   allTypes: 
10-29 01:57:44.509 24095 28486 I ReactNativeJS:    [ 'ride_status_changed',
10-29 01:57:44.509 24095 28486 I ReactNativeJS:      'ride_completed',
10-29 01:57:44.509 24095 28486 I ReactNativeJS:      'ride_cancelled',
10-29 01:57:44.509 24095 28486 I ReactNativeJS:      'booking_completed' ],
10-29 01:57:44.509 24095 28486 I ReactNativeJS:   recentNotifications: 
10-29 01:57:44.509 24095 28486 I ReactNativeJS:    [ { id: '4d94777c-3394-41d7-a4e8-3441cd70a67e',
10-29 01:57:44.509 24095 28486 I ReactNativeJS:        type: 'ride_status_changed',
10-29 01:57:44.509 24095 28486 I ReactNativeJS:        status: 'read',
10-29 01:57:44.509 24095 28486 I ReactNativeJS:        title: 'Ride Status Updated',
10-29 01:57:44.509 24095 28486 I ReactNativeJS:        created_at: '2025-10-28T16:37:26.562493+00:00',
10-29 01:57:44.509 24095 28486 I ReactNativeJS:        age_seconds: 13818 },
10-29 01:57:44.509 24095 28486 I ReactNativeJS:      { id: '144a4af1-a367-4454-9806-826ce1449f8a',
10-29 01:57:44.509 24095 28486 I ReactNativeJS:        type: 'ride_status_changed',
10-29 01:57:44.509 24095 28486 I ReactNativeJS:        status: 'read',
10-29 01:57:44.509 24095 28486 I ReactNativeJS:        title: 'Ride Status Updated',
10-29 01:57:44.509 24095 28486 I ReactNativeJS:        created_at: '2025-10-28T10:28:34.019262+00:00',
10-29 01:57:44.509 24095 28486 I ReactNativeJS:        age_seconds: 35950 },
10-29 01:57:44.509 24095 28486 I ReactNativeJS:      { id: 'add35cdb-e468-476c-a5b9-c40251c1e41a',
10-29 01:57:44.509 24095 28486 I ReactNativeJS:        type: 'ride_status_changed',
10-29 01:57:44.509 24095 28486 I ReactNativeJS:        status: 'read',
10-29 01:57:44.509 24095 28486 I ReactNativeJS:        title: 'Ride Status Updated',
10-29 01:57:44.509 24095 28486 I ReactNativeJS:        created_at: '2025-10-28T10:18:35.748489+00:00',
10-29 01:57:44.509 24095 28486 I ReactNativeJS:        age_seconds: 36549 },
10-29 01:57:44.509 24095 28486 I ReactNativeJS:      { id: '4296b6d5-ed88-4b61-bad8-60516c41755c',
10-29 01:57:44.509 24095 28486 I ReactNativeJS:        type: 'ride_status_changed',
10-29 01:57:44.509 24095 28486 I ReactNativeJS:        status: 'read',
10-29 01:57:44.509 24095 28486 I ReactNativeJS:        title: 'Ride Status Updated',
10-29 01:57:44.509 24095 28486 I ReactNativeJS:        created_at: '2025-10-28T10:03:21.54663+00:00',
10-29 01:57:44.509 24095 28486 I ReactNativeJS:        age_seconds: 37463 },
10-29 01:57:44.509 24095 28486 I ReactNativeJS:      { id: '1d173af3-dc7a-409d-b8cc-e175b876f574',
10-29 01:57:44.509 24095 28486 I ReactNativeJS:        type: 'ride_status_changed',
10-29 01:57:44.509 24095 28486 I ReactNativeJS:        status: 'read',
10-29 01:57:44.509 24095 28486 I ReactNativeJS:        title: 'Ride Status Updated',
10-29 01:57:44.509 24095 28486 I ReactNativeJS:        created_at: '2025-10-28T10:01:27.239635+00:00',
10-29 01:57:44.509 24095 28486 I ReactNativeJS:        age_seconds: 37577 } ] }
10-29 01:57:44.509 24095 28486 I ReactNativeJS: ✅ [NOTIFICATIONS] ===== SETTING NOTIFICATIONS IN STATE =====
10-29 01:57:44.510 24095 28486 I ReactNativeJS: '✅ [NOTIFICATIONS] Notifications to set:', { total: 50,
10-29 01:57:44.510 24095 28486 I ReactNativeJS:   tripCompleted: 0,
10-29 01:57:44.510 24095 28486 I ReactNativeJS:   unreadTripCompleted: 0,
10-29 01:57:44.510 24095 28486 I ReactNativeJS:   allNotificationIds: 
10-29 01:57:44.510 24095 28486 I ReactNativeJS:    [ '4d94777c-3394-41d7-a4e8-3441cd70a67e',
10-29 01:57:44.510 24095 28486 I ReactNativeJS:      '144a4af1-a367-4454-9806-826ce1449f8a',
10-29 01:57:44.510 24095 28486 I ReactNativeJS:      'add35cdb-e468-476c-a5b9-c40251c1e41a',
10-29 01:57:44.510 24095 28486 I ReactNativeJS:      '4296b6d5-ed88-4b61-bad8-60516c41755c',
10-29 01:57:44.510 24095 28486 I ReactNativeJS:      '1d173af3-dc7a-409d-b8cc-e175b876f574',
10-29 01:57:44.510 24095 28486 I ReactNativeJS:      '90600fab-11e3-4f76-88bd-ee30d6fdf959',
10-29 01:57:44.510 24095 28486 I ReactNativeJS:      '1559d90d-e8f9-4222-a38e-95cd2cedb54b',
10-29 01:57:44.510 24095 28486 I ReactNativeJS:      '58aa7f29-e6fe-4929-b68d-e5b4efca8313',
10-29 01:57:44.510 24095 28486 I ReactNativeJS:      '631c3d4b-990b-4dd4-b58c-9ea5a7dbc09b',
10-29 01:57:44.510 24095 28486 I ReactNativeJS:      'c78e8747-3e62-4288-a6ec-18251c86162e',
10-29 01:57:44.510 24095 28486 I ReactNativeJS:      'ab124522-d8db-4442-bee0-7eae618332ba',
10-29 01:57:44.510 24095 28486 I ReactNativeJS:      'afb57e5f-6261-40ce-ad5f-6bd86dcc0e90',
10-29 01:57:44.510 24095 28486 I ReactNativeJS:      '49bfc6e0-6625-487a-aaf7-e05963502aaf',
10-29 01:57:44.510 24095 28486 I ReactNativeJS:      'cd3a072e-633c-4082-be88-4d2e72c969cd',
10-29 01:57:44.510 24095 28486 I ReactNativeJS:      'e9b1aae2-803a-40ed-90e2-0b0db3fe4093',
10-29 01:57:44.510 24095 28486 I ReactNativeJS:      '9da30c15-ab30-4460-891a-6d1aacfa97db',
10-29 01:57:44.510 24095 28486 I ReactNativeJS:      '1686738b-1efe-4c7f-a038-682edfbec9a4',
10-29 01:57:44.510 24095 28486 I ReactNativeJS:      '44d4790c-4bfc-48ca-8e21-7044f1a7fec3',
10-29 01:57:44.510 24095 28486 I ReactNativeJS:      'e951ca3c-4929-4c79-9928-8b53075090f4',
10-29 01:57:44.510 24095 28486 I ReactNativeJS:      '16f1e79d-27eb-44c5-bb3b-5374b3fd2b6a',
10-29 01:57:44.510 24095 28486 I ReactNativeJS:      '9e8d6c2a-5bc5-4a6c-9300-f865d2348b57',
10-29 01:57:44.510 24095 28486 I ReactNativeJS:      'a8af0ab9-380f-4c16-a158-cec6ec004e38',
10-29 01:57:44.510 24095 28486 I ReactNativeJS:      '845baa06-82f2-4a78-8722-445e20ef1341',
10-29 01:57:44.510 24095 28486 I ReactNativeJS:      '3c2c809e-8541-476d-a994-c03d5248f4a9',
10-29 01:57:44.510 24095 28486 I ReactNativeJS:      '6777aaa3-72d6-4831-a83d-09ecf8b6b034',
10-29 01:57:44.510 24095 28486 I ReactNativeJS:      'ca98fc68-911e-4405-b847-381ad78231cc',
10-29 01:57:44.510 24095 28486 I ReactNativeJS:      '69d832b5-27ce-4bc1-9d30-466337056e3e',
10-29 01:57:44.510 24095 28486 I ReactNativeJS:      '06d486ab-0bfc-435e-be4b-f0597f3cf25c',
10-29 01:57:44.510 24095 28486 I ReactNativeJS:      'f4fe77ae-f104-475b-8db7-8e1712aab1f3',
10-29 01:57:44.510 24095 28486 I ReactNativeJS:      '12f2b6f4-610b-4ed1-b68a-af1c6380b337',
10-29 01:57:44.510 24095 28486 I ReactNativeJS:      '92dc53fa-efe9-41d4-8aa5-583736147707',
10-29 01:57:44.510 24095 28486 I ReactNativeJS:      'a0449087-13ce-42cf-aa22-4754f757a435',
10-29 01:57:44.510 24095 28486 I ReactNativeJS:      'd71c2b0b-2aa2-40fb-96b1-fb7148fcea2f',
10-29 01:57:44.510 24095 28486 I ReactNativeJS:      '6d7bbbcf-7bff-4fd2-9aae-fe0f3682656f',
10-29 01:57:44.510 24095 28486 I ReactNativeJS:      'a80ac15d-6e78-47ac-964a-bf68115da687',
10-29 01:57:44.510 24095 28486 I ReactNativeJS:      '2f6d39e3-f397-4958-8923-fd7d6886388c',
10-29 01:57:44.510 24095 28486 I ReactNativeJS:      'be32d02c-8115-4fc6-9163-2a41271c3c7c',
10-29 01:57:44.510 24095 28486 I ReactNativeJS:      '24623e7f-fcd7-4e97-b8ea-4ce32bcaef30',
10-29 01:57:44.510 24095 28486 I ReactNativeJS:      'af6603ac-80cb-47ea-9726-1c766f81928e',
10-29 01:57:44.510 24095 28486 I ReactNativeJS:      'b58d6054-4a77-49f6-a0d7-a234d9b67384',
10-29 01:57:44.510 24095 28486 I ReactNativeJS:      '8b7fb62f-87e8-493d-93a1-adc6715eca92',
10-29 01:57:44.510 24095 28486 I ReactNativeJS:      '96c43310-5678-4c6b-8885-a5b44f405720',
10-29 01:57:44.510 24095 28486 I ReactNativeJS:      'bb6b982a-a670-48b0-924e-ffe9c6ddef88',
10-29 01:57:44.510 24095 28486 I ReactNativeJS:      'abe1e7dd-db15-457a-941e-d205d464a2e8',
10-29 01:57:44.510 24095 28486 I ReactNativeJS:      '79f39413-f8b1-42b2-a24f-d656e1e27b0d',
10-29 01:57:44.510 24095 28486 I ReactNativeJS:      '8ef06922-b846-4c90-958b-ca276ab1e73d',
10-29 01:57:44.510 24095 28486 I ReactNativeJS:      '814ee0db-6c52-45bf-b308-a40df6d0b601',
10-29 01:57:44.510 24095 28486 I ReactNativeJS:      '528a5c88-b3b6-4c1a-8965-233ff3d94e83',
10-29 01:57:44.510 24095 28486 I ReactNativeJS:      'adecef55-2495-4123-9966-fb8668f17d50',
10-29 01:57:44.510 24095 28486 I ReactNativeJS:      '13da3b8e-beea-44d7-8b65-b6f9bbd110ed' ],
10-29 01:57:44.510 24095 28486 I ReactNativeJS:   tripCompletedNotificationIds: [],
10-29 01:57:44.510 24095 28486 I ReactNativeJS:   unreadTripCompletedNotificationIds: [] }
10-29 01:57:44.511 24095 28486 W ReactNativeJS: '🎯 [TRIP_NOTIFICATION] Component render, notifications count:', 50
10-29 01:57:44.512 24095 28486 W ReactNativeJS: '🎯 [TRIP_NOTIFICATION] Notifications:', '[{"id":"4d94777c-3394-41d7-a4e8-3441cd70a67e","type":"ride_status_changed","status":"read"},{"id":"144a4af1-a367-4454-9806-826ce1449f8a","type":"ride_status_changed","status":"read"},{"id":"add35cdb-e468-476c-a5b9-c40251c1e41a","type":"ride_status_changed","status":"read"},{"id":"4296b6d5-ed88-4b61-bad8-60516c41755c","type":"ride_status_changed","status":"read"},{"id":"1d173af3-dc7a-409d-b8cc-e175b876f574","type":"ride_status_changed","status":"read"},{"id":"90600fab-11e3-4f76-88bd-ee30d6fdf959","type":"ride_status_changed","status":"read"},{"id":"1559d90d-e8f9-4222-a38e-95cd2cedb54b","type":"ride_status_changed","status":"read"},{"id":"58aa7f29-e6fe-4929-b68d-e5b4efca8313","type":"ride_completed","status":"read"},{"id":"631c3d4b-990b-4dd4-b58c-9ea5a7dbc09b","type":"ride_status_changed","status":"read"},{"id":"c78e8747-3e62-4288-a6ec-18251c86162e","type":"ride_status_changed","status":"read"},{"id":"ab124522-d8db-4442-bee0-7eae618332ba","type":"ride_status_changed","status":"read"},{"id":"afb57e5f-6261-40ce-ad5f-6bd86dcc0e90","type":"ride_status_changed","status":"read"},{"id":"49bfc6e0-6625-487a-aaf7-e05963502aaf","type":"ride_completed","status":"read"},{"id":"cd3a072e-633c-4082-be88-4d2e72c969cd","type":"ride_status_changed","status":"read"},{"id":"e9b1aae2-803a-40ed-90e2-0b0db3fe4093","type":"ride_status_changed","status":"read"},{"id":"9da30c15-ab30-4460-891a-6d1aacfa97db","type":"ride_status_changed","status":"read"},{"id":"1686738b-1efe-4c7f-a038-682edfbec9a4","type":"ride_status_changed","status":"read"},{"id":"44d4790c-4bfc-48ca-8e21-7044f1a7fec3","type":"ride_status_changed","status":"read"},{"id":"e951ca3c-4929-4c79-9928-8b53075090f4","type":"ride_cancelled","status":"read"},{"id":"16f1e79d-27eb-44c5-bb3b-5374b3fd2b6a","type":"ride_status_changed","status":"read"},{"id":"9e8d6c2a-5bc5-4a6c-9300-f865d2348b57","type":"ride_status_changed","status":"read"},{"id":"a8af0ab9-380f-4c16-a158-cec6ec004e38","type":"ride_cancelled","status":"read"},{"id":"845baa06-82f2-4a78-8722-445e20ef1341","type":"ride_status_changed","status":"read"},{"id":"3c2c809e-8541-476d-a994-c03d5248f4a9","type":"ride_status_changed","status":"read"},{"id":"6777aaa3-72d6-4831-a83d-09ecf8b6b034","type":"ride_completed","status":"read"},{"id":"ca98fc68-911e-4405-b847-381ad78231cc","type":"ride_status_changed","status":"read"},{"id":"69d832b5-27ce-4bc1-9d30-466337056e3e","type":"ride_status_changed","status":"read"},{"id":"06d486ab-0bfc-435e-be4b-f0597f3cf25c","type":"ride_status_changed","status":"read"},{"id":"f4fe77ae-f104-475b-8db7-8e1712aab1f3","type":"ride_status_changed","status":"read"},{"id":"12f2b6f4-610b-4ed1-b68a-af1c6380b337","type":"ride_status_changed","status":"read"},{"id":"92dc53fa-efe9-41d4-8aa5-583736147707","type":"ride_completed","status":"read"},{"id":"a0449087-13ce-42cf-aa22-4754f757a435","type":"ride_status_changed","status":"read"},{"id":"d71c2b0b-2aa2-40fb-96b1-fb7148fcea2f","type":"ride_status_changed","status":"read"},{"id":"6d7bbbcf-7bff-4fd2-9aae-fe0f3682656f","type":"ride_status_changed","status":"read"},{"id":"a80ac15d-6e78-47ac-964a-bf68115da687","type":"ride_completed","status":"read"},{"id":"2f6d39e3-f397-4958-8923-fd7d6886388c","type":"ride_status_changed","status":"read"},{"id":"be32d02c-8115-4fc6-9163-2a41271c3c7c","type":"ride_status_changed","status":"read"},{"id":"24623e7f-fcd7-4e97-b8ea-4ce32bcaef30","type":"ride_status_changed","status":"read"},{"id":"af6603ac-80cb-47ea-9726-1c766f81928e","type":"ride_status_changed","status":"read"},{"id":"b58d6054-4a77-49f6-a0d7-a234d9b67384","type":"ride_status_changed","status":"read"},{"id":"8b7fb62f-87e8-493d-93a1-adc6715eca92","type":"ride_status_changed","status":"read"},{"id":"96c43310-5678-4c6b-8885-a5b44f405720","type":"ride_completed","status":"read"},{"id":"bb6b982a-a670-48b0-924e-ffe9c6ddef88","type":"ride_status_changed","status":"read"},{"id":"abe1e7dd-db15-457a-941e-d205d464a2e8","type":"ride_status_changed","status":"read"},{"id":"79f39413-f8b1-42b2-a24f-d656e1e27b0d
10-29 01:57:44.512 24095 28486 I ReactNativeJS: '🔍 [TRIP_NOTIFICATION] Component render - visible:', false, 'notification:', false
10-29 01:57:44.512 24095 28486 W ReactNativeJS: 🎯 [TRIP_NOTIFICATION] ===== useEffect TRIGGERED - CHECKING FOR COMPLETION NOTIFICATIONS =====
10-29 01:57:44.512 24095 28486 W ReactNativeJS: '🎯 [TRIP_NOTIFICATION] Notifications array length:', 50
10-29 01:57:44.512 24095 28486 W ReactNativeJS: '🎯 [TRIP_NOTIFICATION] Total notifications received:', 50
10-29 01:57:44.512 24095 28486 W ReactNativeJS: '🎯 [TRIP_NOTIFICATION] Notification types:', '["ride_status_changed","ride_status_changed","ride_status_changed","ride_status_changed","ride_status_changed","ride_status_changed","ride_status_changed","ride_completed","ride_status_changed","ride_status_changed","ride_status_changed","ride_status_changed","ride_completed","ride_status_changed","ride_status_changed","ride_status_changed","ride_status_changed","ride_status_changed","ride_cancelled","ride_status_changed","ride_status_changed","ride_cancelled","ride_status_changed","ride_status_changed","ride_completed","ride_status_changed","ride_status_changed","ride_status_changed","ride_status_changed","ride_status_changed","ride_completed","ride_status_changed","ride_status_changed","ride_status_changed","ride_completed","ride_status_changed","ride_status_changed","ride_status_changed","ride_status_changed","ride_status_changed","ride_status_changed","ride_completed","ride_status_changed","ride_status_changed","ride_status_changed","ride_status_changed","booking_completed","ride_status_changed","ride_status_changed","ride_status_changed"]'
10-29 01:57:44.512 24095 28486 W ReactNativeJS: '🎯 [TRIP_NOTIFICATION] ride_completed count:', 6
10-29 01:57:44.512 24095 28486 W ReactNativeJS: '🎯 [TRIP_NOTIFICATION] Unread ride_completed:', 0
10-29 01:57:44.512 24095 28486 W ReactNativeJS: '🎯 [TRIP_NOTIFICATION] Already shown count:', 0
10-29 01:57:44.512 24095 28486 W ReactNativeJS: '🎯 [TRIP_NOTIFICATION] Currently visible:', false
10-29 01:57:44.512 24095 28486 W ReactNativeJS: '🎯 [TRIP_NOTIFICATION] Filtered completion notifications:', 0
10-29 01:57:44.513 24095 28486 W ReactNativeJS: '🎯 [TRIP_NOTIFICATION] Component render, notifications count:', 50
10-29 01:57:44.513 24095 28486 W ReactNativeJS: '🎯 [TRIP_NOTIFICATION] Notifications:', '[{"id":"4d94777c-3394-41d7-a4e8-3441cd70a67e","type":"ride_status_changed","status":"read"},{"id":"144a4af1-a367-4454-9806-826ce1449f8a","type":"ride_status_changed","status":"read"},{"id":"add35cdb-e468-476c-a5b9-c40251c1e41a","type":"ride_status_changed","status":"read"},{"id":"4296b6d5-ed88-4b61-bad8-60516c41755c","type":"ride_status_changed","status":"read"},{"id":"1d173af3-dc7a-409d-b8cc-e175b876f574","type":"ride_status_changed","status":"read"},{"id":"90600fab-11e3-4f76-88bd-ee30d6fdf959","type":"ride_status_changed","status":"read"},{"id":"1559d90d-e8f9-4222-a38e-95cd2cedb54b","type":"ride_status_changed","status":"read"},{"id":"58aa7f29-e6fe-4929-b68d-e5b4efca8313","type":"ride_completed","status":"read"},{"id":"631c3d4b-990b-4dd4-b58c-9ea5a7dbc09b","type":"ride_status_changed","status":"read"},{"id":"c78e8747-3e62-4288-a6ec-18251c86162e","type":"ride_status_changed","status":"read"},{"id":"ab124522-d8db-4442-bee0-7eae618332ba","type":"ride_status_changed","status":"read"},{"id":"afb57e5f-6261-40ce-ad5f-6bd86dcc0e90","type":"ride_status_changed","status":"read"},{"id":"49bfc6e0-6625-487a-aaf7-e05963502aaf","type":"ride_completed","status":"read"},{"id":"cd3a072e-633c-4082-be88-4d2e72c969cd","type":"ride_status_changed","status":"read"},{"id":"e9b1aae2-803a-40ed-90e2-0b0db3fe4093","type":"ride_status_changed","status":"read"},{"id":"9da30c15-ab30-4460-891a-6d1aacfa97db","type":"ride_status_changed","status":"read"},{"id":"1686738b-1efe-4c7f-a038-682edfbec9a4","type":"ride_status_changed","status":"read"},{"id":"44d4790c-4bfc-48ca-8e21-7044f1a7fec3","type":"ride_status_changed","status":"read"},{"id":"e951ca3c-4929-4c79-9928-8b53075090f4","type":"ride_cancelled","status":"read"},{"id":"16f1e79d-27eb-44c5-bb3b-5374b3fd2b6a","type":"ride_status_changed","status":"read"},{"id":"9e8d6c2a-5bc5-4a6c-9300-f865d2348b57","type":"ride_status_changed","status":"read"},{"id":"a8af0ab9-380f-4c16-a158-cec6ec004e38","type":"ride_cancelled","status":"read"},{"id":"845baa06-82f2-4a78-8722-445e20ef1341","type":"ride_status_changed","status":"read"},{"id":"3c2c809e-8541-476d-a994-c03d5248f4a9","type":"ride_status_changed","status":"read"},{"id":"6777aaa3-72d6-4831-a83d-09ecf8b6b034","type":"ride_completed","status":"read"},{"id":"ca98fc68-911e-4405-b847-381ad78231cc","type":"ride_status_changed","status":"read"},{"id":"69d832b5-27ce-4bc1-9d30-466337056e3e","type":"ride_status_changed","status":"read"},{"id":"06d486ab-0bfc-435e-be4b-f0597f3cf25c","type":"ride_status_changed","status":"read"},{"id":"f4fe77ae-f104-475b-8db7-8e1712aab1f3","type":"ride_status_changed","status":"read"},{"id":"12f2b6f4-610b-4ed1-b68a-af1c6380b337","type":"ride_status_changed","status":"read"},{"id":"92dc53fa-efe9-41d4-8aa5-583736147707","type":"ride_completed","status":"read"},{"id":"a0449087-13ce-42cf-aa22-4754f757a435","type":"ride_status_changed","status":"read"},{"id":"d71c2b0b-2aa2-40fb-96b1-fb7148fcea2f","type":"ride_status_changed","status":"read"},{"id":"6d7bbbcf-7bff-4fd2-9aae-fe0f3682656f","type":"ride_status_changed","status":"read"},{"id":"a80ac15d-6e78-47ac-964a-bf68115da687","type":"ride_completed","status":"read"},{"id":"2f6d39e3-f397-4958-8923-fd7d6886388c","type":"ride_status_changed","status":"read"},{"id":"be32d02c-8115-4fc6-9163-2a41271c3c7c","type":"ride_status_changed","status":"read"},{"id":"24623e7f-fcd7-4e97-b8ea-4ce32bcaef30","type":"ride_status_changed","status":"read"},{"id":"af6603ac-80cb-47ea-9726-1c766f81928e","type":"ride_status_changed","status":"read"},{"id":"b58d6054-4a77-49f6-a0d7-a234d9b67384","type":"ride_status_changed","status":"read"},{"id":"8b7fb62f-87e8-493d-93a1-adc6715eca92","type":"ride_status_changed","status":"read"},{"id":"96c43310-5678-4c6b-8885-a5b44f405720","type":"ride_completed","status":"read"},{"id":"bb6b982a-a670-48b0-924e-ffe9c6ddef88","type":"ride_status_changed","status":"read"},{"id":"abe1e7dd-db15-457a-941e-d205d464a2e8","type":"ride_status_changed","status":"read"},{"id":"79f39413-f8b1-42b2-a24f-d656e1e27b0d
10-29 01:57:44.513 24095 28486 I ReactNativeJS: '🔍 [TRIP_NOTIFICATION] Component render - visible:', false, 'notification:', false
10-29 01:57:44.514 24095 28486 I ReactNativeJS: ✅ [NOTIFICATIONS] ===== CHECKING FOR IMMEDIATE TRIP COMPLETION =====
10-29 01:57:44.514 24095 28486 I ReactNativeJS: ❌ [NOTIFICATIONS] No immediate trip completion notifications found
10-29 01:57:44.514 24095 28486 I ReactNativeJS: '❌ [NOTIFICATIONS] Available notification types:', [ 'ride_status_changed',
10-29 01:57:44.514 24095 28486 I ReactNativeJS:   'ride_status_changed',
10-29 01:57:44.514 24095 28486 I ReactNativeJS:   'ride_status_changed',
10-29 01:57:44.514 24095 28486 I ReactNativeJS:   'ride_status_changed',
10-29 01:57:44.514 24095 28486 I ReactNativeJS:   'ride_status_changed',
10-29 01:57:44.514 24095 28486 I ReactNativeJS:   'ride_status_changed',
10-29 01:57:44.514 24095 28486 I ReactNativeJS:   'ride_status_changed',
10-29 01:57:44.514 24095 28486 I ReactNativeJS:   'ride_completed',
10-29 01:57:44.514 24095 28486 I ReactNativeJS:   'ride_status_changed',
10-29 01:57:44.514 24095 28486 I ReactNativeJS:   'ride_status_changed',
10-29 01:57:44.514 24095 28486 I ReactNativeJS:   'ride_status_changed',
10-29 01:57:44.514 24095 28486 I ReactNativeJS:   'ride_status_changed',
10-29 01:57:44.514 24095 28486 I ReactNativeJS:   'ride_completed',
10-29 01:57:44.514 24095 28486 I ReactNativeJS:   'ride_status_changed',
10-29 01:57:44.514 24095 28486 I ReactNativeJS:   'ride_status_changed',
10-29 01:57:44.514 24095 28486 I ReactNativeJS:   'ride_status_changed',
10-29 01:57:44.514 24095 28486 I ReactNativeJS:   'ride_status_changed',
10-29 01:57:44.514 24095 28486 I ReactNativeJS:   'ride_status_changed',
10-29 01:57:44.514 24095 28486 I ReactNativeJS:   'ride_cancelled',
10-29 01:57:44.514 24095 28486 I ReactNativeJS:   'ride_status_changed',
10-29 01:57:44.514 24095 28486 I ReactNativeJS:   'ride_status_changed',
10-29 01:57:44.514 24095 28486 I ReactNativeJS:   'ride_cancelled',
10-29 01:57:44.514 24095 28486 I ReactNativeJS:   'ride_status_changed',
10-29 01:57:44.514 24095 28486 I ReactNativeJS:   'ride_status_changed',
10-29 01:57:44.514 24095 28486 I ReactNativeJS:   'ride_completed',
10-29 01:57:44.514 24095 28486 I ReactNativeJS:   'ride_status_changed',
10-29 01:57:44.514 24095 28486 I ReactNativeJS:   'ride_status_changed',
10-29 01:57:44.514 24095 28486 I ReactNativeJS:   'ride_status_changed',
10-29 01:57:44.514 24095 28486 I ReactNativeJS:   'ride_status_changed',
10-29 01:57:44.514 24095 28486 I ReactNativeJS:   'ride_status_changed',
10-29 01:57:44.514 24095 28486 I ReactNativeJS:   'ride_completed',
10-29 01:57:44.514 24095 28486 I ReactNativeJS:   'ride_status_changed',
10-29 01:57:44.514 24095 28486 I ReactNativeJS:   'ride_status_changed',
10-29 01:57:44.514 24095 28486 I ReactNativeJS:   'ride_status_changed',
10-29 01:57:44.514 24095 28486 I ReactNativeJS:   'ride_completed',
10-29 01:57:44.514 24095 28486 I ReactNativeJS:   'ride_status_changed',
10-29 01:57:44.514 24095 28486 I ReactNativeJS:   'ride_status_changed',
10-29 01:57:44.514 24095 28486 I ReactNativeJS:   'ride_status_changed',
10-29 01:57:44.514 24095 28486 I ReactNativeJS:   'ride_status_changed',
10-29 01:57:44.514 24095 28486 I ReactNativeJS:   'ride_status_changed',
10-29 01:57:44.514 24095 28486 I ReactNativeJS:   'ride_status_changed',
10-29 01:57:44.514 24095 28486 I ReactNativeJS:   'ride_completed',
10-29 01:57:44.514 24095 28486 I ReactNativeJS:   'ride_status_changed',
10-29 01:57:44.514 24095 28486 I ReactNativeJS:   'ride_status_changed',
10-29 01:57:44.514 24095 28486 I ReactNativeJS:   'ride_status_changed',
10-29 01:57:44.514 24095 28486 I ReactNativeJS:   'ride_status_changed',
10-29 01:57:44.514 24095 28486 I ReactNativeJS:   'booking_completed',
10-29 01:57:44.514 24095 28486 I ReactNativeJS:   'ride_status_changed',
10-29 01:57:44.514 24095 28486 I ReactNativeJS:   'ride_status_changed',
10-29 01:57:44.514 24095 28486 I ReactNativeJS:   'ride_status_changed' ]
10-29 01:57:44.514 24095 28486 I ReactNativeJS: '❌ [NOTIFICATIONS] Trip completed notifications (all statuses):', []
10-29 01:57:44.707 24095 28486 I ReactNativeJS: 🔍 [NOTIFICATIONS] ===== DATABASE QUERY RESULT =====
10-29 01:57:44.710 24095 28486 I ReactNativeJS: '🔍 [NOTIFICATIONS] Query result:', { hasError: false,
10-29 01:57:44.710 24095 28486 I ReactNativeJS:   errorMessage: undefined,
10-29 01:57:44.710 24095 28486 I ReactNativeJS:   errorCode: undefined,
10-29 01:57:44.710 24095 28486 I ReactNativeJS:   errorDetails: undefined,
10-29 01:57:44.710 24095 28486 I ReactNativeJS:   dataCount: 50,
10-29 01:57:44.710 24095 28486 I ReactNativeJS:   tripCompletedCount: 0,
10-29 01:57:44.710 24095 28486 I ReactNativeJS:   unreadTripCompletedCount: 0,
10-29 01:57:44.710 24095 28486 I ReactNativeJS:   allTypes: 
10-29 01:57:44.710 24095 28486 I ReactNativeJS:    [ 'ride_status_changed',
10-29 01:57:44.710 24095 28486 I ReactNativeJS:      'ride_completed',
10-29 01:57:44.710 24095 28486 I ReactNativeJS:      'ride_cancelled',
10-29 01:57:44.710 24095 28486 I ReactNativeJS:      'booking_completed' ],
10-29 01:57:44.710 24095 28486 I ReactNativeJS:   recentNotifications: 
10-29 01:57:44.710 24095 28486 I ReactNativeJS:    [ { id: '4d94777c-3394-41d7-a4e8-3441cd70a67e',
10-29 01:57:44.710 24095 28486 I ReactNativeJS:        type: 'ride_status_changed',
10-29 01:57:44.710 24095 28486 I ReactNativeJS:        status: 'read',
10-29 01:57:44.710 24095 28486 I ReactNativeJS:        title: 'Ride Status Updated',
10-29 01:57:44.710 24095 28486 I ReactNativeJS:        created_at: '2025-10-28T16:37:26.562493+00:00',
10-29 01:57:44.710 24095 28486 I ReactNativeJS:        age_seconds: 13818 },
10-29 01:57:44.710 24095 28486 I ReactNativeJS:      { id: '144a4af1-a367-4454-9806-826ce1449f8a',
10-29 01:57:44.710 24095 28486 I ReactNativeJS:        type: 'ride_status_changed',
10-29 01:57:44.710 24095 28486 I ReactNativeJS:        status: 'read',
10-29 01:57:44.710 24095 28486 I ReactNativeJS:        title: 'Ride Status Updated',
10-29 01:57:44.710 24095 28486 I ReactNativeJS:        created_at: '2025-10-28T10:28:34.019262+00:00',
10-29 01:57:44.710 24095 28486 I ReactNativeJS:        age_seconds: 35951 },
10-29 01:57:44.710 24095 28486 I ReactNativeJS:      { id: 'add35cdb-e468-476c-a5b9-c40251c1e41a',
10-29 01:57:44.710 24095 28486 I ReactNativeJS:        type: 'ride_status_changed',
10-29 01:57:44.710 24095 28486 I ReactNativeJS:        status: 'read',
10-29 01:57:44.710 24095 28486 I ReactNativeJS:        title: 'Ride Status Updated',
10-29 01:57:44.710 24095 28486 I ReactNativeJS:        created_at: '2025-10-28T10:18:35.748489+00:00',
10-29 01:57:44.710 24095 28486 I ReactNativeJS:        age_seconds: 36549 },
10-29 01:57:44.710 24095 28486 I ReactNativeJS:      { id: '4296b6d5-ed88-4b61-bad8-60516c41755c',
10-29 01:57:44.710 24095 28486 I ReactNativeJS:        type: 'ride_status_changed',
10-29 01:57:44.710 24095 28486 I ReactNativeJS:        status: 'read',
10-29 01:57:44.710 24095 28486 I ReactNativeJS:        title: 'Ride Status Updated',
10-29 01:57:44.710 24095 28486 I ReactNativeJS:        created_at: '2025-10-28T10:03:21.54663+00:00',
10-29 01:57:44.710 24095 28486 I ReactNativeJS:        age_seconds: 37463 },
10-29 01:57:44.710 24095 28486 I ReactNativeJS:      { id: '1d173af3-dc7a-409d-b8cc-e175b876f574',
10-29 01:57:44.710 24095 28486 I ReactNativeJS:        type: 'ride_status_changed',
10-29 01:57:44.710 24095 28486 I ReactNativeJS:        status: 'read',
10-29 01:57:44.710 24095 28486 I ReactNativeJS:        title: 'Ride Status Updated',
10-29 01:57:44.710 24095 28486 I ReactNativeJS:        created_at: '2025-10-28T10:01:27.239635+00:00',
10-29 01:57:44.710 24095 28486 I ReactNativeJS:        age_seconds: 37577 } ] }
10-29 01:57:44.710 24095 28486 I ReactNativeJS: ✅ [NOTIFICATIONS] ===== SETTING NOTIFICATIONS IN STATE =====
10-29 01:57:44.720 24095 28486 I ReactNativeJS: '✅ [NOTIFICATIONS] Notifications to set:', { total: 50,
10-29 01:57:44.720 24095 28486 I ReactNativeJS:   tripCompleted: 0,
10-29 01:57:44.720 24095 28486 I ReactNativeJS:   unreadTripCompleted: 0,
10-29 01:57:44.720 24095 28486 I ReactNativeJS:   allNotificationIds: 
10-29 01:57:44.720 24095 28486 I ReactNativeJS:    [ '4d94777c-3394-41d7-a4e8-3441cd70a67e',
10-29 01:57:44.720 24095 28486 I ReactNativeJS:      '144a4af1-a367-4454-9806-826ce1449f8a',
10-29 01:57:44.720 24095 28486 I ReactNativeJS:      'add35cdb-e468-476c-a5b9-c40251c1e41a',
10-29 01:57:44.720 24095 28486 I ReactNativeJS:      '4296b6d5-ed88-4b61-bad8-60516c41755c',
10-29 01:57:44.720 24095 28486 I ReactNativeJS:      '1d173af3-dc7a-409d-b8cc-e175b876f574',
10-29 01:57:44.720 24095 28486 I ReactNativeJS:      '90600fab-11e3-4f76-88bd-ee30d6fdf959',
10-29 01:57:44.720 24095 28486 I ReactNativeJS:      '1559d90d-e8f9-4222-a38e-95cd2cedb54b',
10-29 01:57:44.720 24095 28486 I ReactNativeJS:      '58aa7f29-e6fe-4929-b68d-e5b4efca8313',
10-29 01:57:44.720 24095 28486 I ReactNativeJS:      '631c3d4b-990b-4dd4-b58c-9ea5a7dbc09b',
10-29 01:57:44.720 24095 28486 I ReactNativeJS:      'c78e8747-3e62-4288-a6ec-18251c86162e',
10-29 01:57:44.720 24095 28486 I ReactNativeJS:      'ab124522-d8db-4442-bee0-7eae618332ba',
10-29 01:57:44.720 24095 28486 I ReactNativeJS:      'afb57e5f-6261-40ce-ad5f-6bd86dcc0e90',
10-29 01:57:44.720 24095 28486 I ReactNativeJS:      '49bfc6e0-6625-487a-aaf7-e05963502aaf',
10-29 01:57:44.720 24095 28486 I ReactNativeJS:      'cd3a072e-633c-4082-be88-4d2e72c969cd',
10-29 01:57:44.720 24095 28486 I ReactNativeJS:      'e9b1aae2-803a-40ed-90e2-0b0db3fe4093',
10-29 01:57:44.720 24095 28486 I ReactNativeJS:      '9da30c15-ab30-4460-891a-6d1aacfa97db',
10-29 01:57:44.720 24095 28486 I ReactNativeJS:      '1686738b-1efe-4c7f-a038-682edfbec9a4',
10-29 01:57:44.720 24095 28486 I ReactNativeJS:      '44d4790c-4bfc-48ca-8e21-7044f1a7fec3',
10-29 01:57:44.720 24095 28486 I ReactNativeJS:      'e951ca3c-4929-4c79-9928-8b53075090f4',
10-29 01:57:44.720 24095 28486 I ReactNativeJS:      '16f1e79d-27eb-44c5-bb3b-5374b3fd2b6a',
10-29 01:57:44.720 24095 28486 I ReactNativeJS:      '9e8d6c2a-5bc5-4a6c-9300-f865d2348b57',
10-29 01:57:44.720 24095 28486 I ReactNativeJS:      'a8af0ab9-380f-4c16-a158-cec6ec004e38',
10-29 01:57:44.720 24095 28486 I ReactNativeJS:      '845baa06-82f2-4a78-8722-445e20ef1341',
10-29 01:57:44.720 24095 28486 I ReactNativeJS:      '3c2c809e-8541-476d-a994-c03d5248f4a9',
10-29 01:57:44.720 24095 28486 I ReactNativeJS:      '6777aaa3-72d6-4831-a83d-09ecf8b6b034',
10-29 01:57:44.720 24095 28486 I ReactNativeJS:      'ca98fc68-911e-4405-b847-381ad78231cc',
10-29 01:57:44.720 24095 28486 I ReactNativeJS:      '69d832b5-27ce-4bc1-9d30-466337056e3e',
10-29 01:57:44.720 24095 28486 I ReactNativeJS:      '06d486ab-0bfc-435e-be4b-f0597f3cf25c',
10-29 01:57:44.720 24095 28486 I ReactNativeJS:      'f4fe77ae-f104-475b-8db7-8e1712aab1f3',
10-29 01:57:44.720 24095 28486 I ReactNativeJS:      '12f2b6f4-610b-4ed1-b68a-af1c6380b337',
10-29 01:57:44.720 24095 28486 I ReactNativeJS:      '92dc53fa-efe9-41d4-8aa5-583736147707',
10-29 01:57:44.720 24095 28486 I ReactNativeJS:      'a0449087-13ce-42cf-aa22-4754f757a435',
10-29 01:57:44.720 24095 28486 I ReactNativeJS:      'd71c2b0b-2aa2-40fb-96b1-fb7148fcea2f',
10-29 01:57:44.720 24095 28486 I ReactNativeJS:      '6d7bbbcf-7bff-4fd2-9aae-fe0f3682656f',
10-29 01:57:44.720 24095 28486 I ReactNativeJS:      'a80ac15d-6e78-47ac-964a-bf68115da687',
10-29 01:57:44.720 24095 28486 I ReactNativeJS:      '2f6d39e3-f397-4958-8923-fd7d6886388c',
10-29 01:57:44.720 24095 28486 I ReactNativeJS:      'be32d02c-8115-4fc6-9163-2a41271c3c7c',
10-29 01:57:44.720 24095 28486 I ReactNativeJS:      '24623e7f-fcd7-4e97-b8ea-4ce32bcaef30',
10-29 01:57:44.720 24095 28486 I ReactNativeJS:      'af6603ac-80cb-47ea-9726-1c766f81928e',
10-29 01:57:44.720 24095 28486 I ReactNativeJS:      'b58d6054-4a77-49f6-a0d7-a234d9b67384',
10-29 01:57:44.720 24095 28486 I ReactNativeJS:      '8b7fb62f-87e8-493d-93a1-adc6715eca92',
10-29 01:57:44.720 24095 28486 I ReactNativeJS:      '96c43310-5678-4c6b-8885-a5b44f405720',
10-29 01:57:44.720 24095 28486 I ReactNativeJS:      'bb6b982a-a670-48b0-924e-ffe9c6ddef88',
10-29 01:57:44.720 24095 28486 I ReactNativeJS:      'abe1e7dd-db15-457a-941e-d205d464a2e8',
10-29 01:57:44.720 24095 28486 I ReactNativeJS:      '79f39413-f8b1-42b2-a24f-d656e1e27b0d',
10-29 01:57:44.720 24095 28486 I ReactNativeJS:      '8ef06922-b846-4c90-958b-ca276ab1e73d',
10-29 01:57:44.720 24095 28486 I ReactNativeJS:      '814ee0db-6c52-45bf-b308-a40df6d0b601',
10-29 01:57:44.720 24095 28486 I ReactNativeJS:      '528a5c88-b3b6-4c1a-8965-233ff3d94e83',
10-29 01:57:44.720 24095 28486 I ReactNativeJS:      'adecef55-2495-4123-9966-fb8668f17d50',
10-29 01:57:44.720 24095 28486 I ReactNativeJS:      '13da3b8e-beea-44d7-8b65-b6f9bbd110ed' ],
10-29 01:57:44.720 24095 28486 I ReactNativeJS:   tripCompletedNotificationIds: [],
10-29 01:57:44.720 24095 28486 I ReactNativeJS:   unreadTripCompletedNotificationIds: [] }
10-29 01:57:44.721 24095 28486 W ReactNativeJS: 🏠 [HOME] ===== RENDERING HOME SCREEN =====
10-29 01:57:44.721 24095 28486 W ReactNativeJS: '🏠 [HOME] currentLocation:', '{"altitude":769.5,"heading":0,"altitudeAccuracy":8.610026359558105,"latitude":12.7487048,"speed":0.059044625610113144,"longitude":77.8299853,"accuracy":3.059999942779541}'
10-29 01:57:44.721 24095 28486 W ReactNativeJS: '🏠 [HOME] pickupCoords:', '{"latitude":12.7351914,"longitude":77.8276848}'
10-29 01:57:44.722 24095 28486 W ReactNativeJS: '🏠 [HOME] destinationCoords:', '{"latitude":12.6619826,"longitude":77.841731}'
10-29 01:57:44.722 24095 28486 W ReactNativeJS: '🏠 [HOME] pickupLocation text:', 'Hosur busstand, Hamumanthapuram, Avalapalli Hudco, Tamil Nadu, India'
10-29 01:57:44.722 24095 28486 W ReactNativeJS: '🏠 [HOME] availableDrivers count:', 1
10-29 01:57:44.722 24095 28486 W ReactNativeJS: '🏠 [HOME] showDriversOnMap:', false
10-29 01:57:44.722 24095 28486 I ReactNativeJS: '🏠🏠🏠 [HOME-V2] ABOUT TO RENDER SimpleHosurMap with props:', { hasUserLocation: true,
10-29 01:57:44.722 24095 28486 I ReactNativeJS:   hasPickup: true,
10-29 01:57:44.722 24095 28486 I ReactNativeJS:   hasDestination: true,
10-29 01:57:44.722 24095 28486 I ReactNativeJS:   showDriversOnMap: false,
10-29 01:57:44.722 24095 28486 I ReactNativeJS:   timestamp: '2025-10-28T20:27:44.722Z' }
10-29 01:57:44.722 24095 28486 I ReactNativeJS: '💰 [UI] Displaying fare for hatchback:', { fare: 553,
10-29 01:57:44.722 24095 28486 I ReactNativeJS:   isSelected: false,
10-29 01:57:44.722 24095 28486 I ReactNativeJS:   showingCalculated: true,
10-29 01:57:44.722 24095 28486 I ReactNativeJS:   source: 'calculated' }
10-29 01:57:44.723 24095 28486 I ReactNativeJS: '💰 [UI] Displaying fare for sedan:', { fare: 554,
10-29 01:57:44.723 24095 28486 I ReactNativeJS:   isSelected: true,
10-29 01:57:44.723 24095 28486 I ReactNativeJS:   showingCalculated: true,
10-29 01:57:44.723 24095 28486 I ReactNativeJS:   source: 'calculated' }
10-29 01:57:44.725 24095 28486 I ReactNativeJS: '💰 [UI] Displaying fare for sedan_ac:', { fare: 583,
10-29 01:57:44.725 24095 28486 I ReactNativeJS:   isSelected: false,
10-29 01:57:44.725 24095 28486 I ReactNativeJS:   showingCalculated: true,
10-29 01:57:44.725 24095 28486 I ReactNativeJS:   source: 'calculated' }
10-29 01:57:44.726 24095 28486 I ReactNativeJS: '💰 [UI] Displaying fare for suv:', { fare: 908,
10-29 01:57:44.726 24095 28486 I ReactNativeJS:   isSelected: false,
10-29 01:57:44.726 24095 28486 I ReactNativeJS:   showingCalculated: true,
10-29 01:57:44.726 24095 28486 I ReactNativeJS:   source: 'calculated' }
10-29 01:57:44.727 24095 28486 I ReactNativeJS: '💰 [UI] Displaying fare for suv_ac:', { fare: 2092,
10-29 01:57:44.727 24095 28486 I ReactNativeJS:   isSelected: false,
10-29 01:57:44.727 24095 28486 I ReactNativeJS:   showingCalculated: true,
10-29 01:57:44.727 24095 28486 I ReactNativeJS:   source: 'calculated' }
10-29 01:57:44.728 24095 28486 I ReactNativeJS: '🗺️ [MAP] Rendering SimpleHosurMap with:', { hasUserLocation: true,
10-29 01:57:44.728 24095 28486 I ReactNativeJS:   hasPickup: true,
10-29 01:57:44.728 24095 28486 I ReactNativeJS:   hasDestination: true,
10-29 01:57:44.728 24095 28486 I ReactNativeJS:   hasDriverLocation: false,
10-29 01:57:44.728 24095 28486 I ReactNativeJS:   availableDrivers: 1,
