10-18 20:17:13.973 15708 19060 I ReactNativeJS:   radius: '10km',
10-18 20:17:13.973 15708 19060 I ReactNativeJS:   vehicleType: 'all',
10-18 20:17:13.973 15708 19060 I ReactNativeJS:   timestamp: '2025-10-18T14:47:13.973Z' }
10-18 20:17:13.974 15708 19060 I ReactNativeJS: 'ðŸŒ [DRIVER-SERVICE] Constructed Edge Function URL:', 'https://whubaypabojomdyfqxcf.supabase.co/functions/v1/get-drivers-with-locations?lat=12.7485967&lng=77.8299667&radius=10'
10-18 20:17:13.975 15708 19060 I ReactNativeJS: âœ… [HOME] Location state updated successfully
10-18 20:17:13.988 15708 19060 I ReactNativeJS: ðŸ“ [HOME] Location loading state set to false
10-18 20:17:13.988 15708 19060 I ReactNativeJS: 'ðŸ—ºï¸ [MAP] Props updated:', { showRoute: true,
10-18 20:17:13.988 15708 19060 I ReactNativeJS:   showDriverToPickupRoute: false,
10-18 20:17:13.988 15708 19060 I ReactNativeJS:   hasDriverLocation: false,
10-18 20:17:13.988 15708 19060 I ReactNativeJS:   hasPickupCoords: true,
10-18 20:17:13.988 15708 19060 I ReactNativeJS:   hasDestinationCoords: false,
10-18 20:17:13.988 15708 19060 I ReactNativeJS:   driverLocation: null,
10-18 20:17:13.988 15708 19060 I ReactNativeJS:   pickupCoords: { lat: 12.7485967, lng: 77.8299667 },
10-18 20:17:13.988 15708 19060 I ReactNativeJS:   destinationCoords: null }
10-18 20:17:13.989 15708 19060 I ReactNativeJS: ðŸ“ Enhanced Location Service: Starting location detection...
10-18 20:17:13.989 15708 19060 I ReactNativeJS: 'ðŸŒ Platform:', 'android'
10-18 20:17:13.992 15708 19060 I ReactNativeJS: âœ… Enhanced Location Service: Permission granted, attempting detection...
10-18 20:17:13.992 15708 19060 I ReactNativeJS: ðŸŽ¯ Enhanced Location Service: Attempting high accuracy GPS...
10-18 20:17:13.992 15708 19060 I ReactNativeJS: ðŸ“± Using Expo Location for high accuracy...
10-18 20:17:14.001 15708 15708 I Google Android Maps SDK: Google Play services package version: 253931035
10-18 20:17:14.001 15708 15708 I Google Android Maps SDK: Google Play services maps renderer version(maps_core): 253425402
10-18 20:17:14.004 26036 32437 I FusedOrientationManager: Registering orientation client. [CONTEXT service_id=6 ]
10-18 20:17:14.004 15708 15708 W ProxyAndroidLoggerBackend: Too many Flogger logs received before configuration. Dropping old logs.
10-18 20:17:14.005 15708 15708 W ProxyAndroidLoggerBackend: Too many Flogger logs received before configuration. Dropping old logs.
10-18 20:17:14.005 15708 15708 W ProxyAndroidLoggerBackend: Too many Flogger logs received before configuration. Dropping old logs.
10-18 20:17:14.005 15708 15708 W ProxyAndroidLoggerBackend: Too many Flogger logs received before configuration. Dropping old logs.
10-18 20:17:14.005 15708   429 W ProxyAndroidLoggerBackend: Too many Flogger logs received before configuration. Dropping old logs.
10-18 20:17:14.006 15708 15708 W ProxyAndroidLoggerBackend: Too many Flogger logs received before configuration. Dropping old logs.
10-18 20:17:14.006 15708   429 W ProxyAndroidLoggerBackend: Too many Flogger logs received before configuration. Dropping old logs.
10-18 20:17:14.006 15708 15708 W ProxyAndroidLoggerBackend: Too many Flogger logs received before configuration. Dropping old logs.
10-18 20:17:14.006 15708 15708 W ProxyAndroidLoggerBackend: Too many Flogger logs received before configuration. Dropping old logs.
10-18 20:17:14.014 15708   429 W ProxyAndroidLoggerBackend: Too many Flogger logs received before configuration. Dropping old logs.
10-18 20:17:14.014 15708   429 W ProxyAndroidLoggerBackend: Too many Flogger logs received before configuration. Dropping old logs.
10-18 20:17:14.017 15708   429 W ProxyAndroidLoggerBackend: Too many Flogger logs received before configuration. Dropping old logs.
10-18 20:17:14.017 15708   429 W ProxyAndroidLoggerBackend: Too many Flogger logs received before configuration. Dropping old logs.
10-18 20:17:14.020 26036 32437 I FusedOrientationManager: Registering orientation client. [CONTEXT service_id=6 ]
10-18 20:17:14.020 15708   429 W ProxyAndroidLoggerBackend: Too many Flogger logs received before configuration. Dropping old logs.
10-18 20:17:14.020 15708   429 W ProxyAndroidLoggerBackend: Too many Flogger logs received before configuration. Dropping old logs.
10-18 20:17:14.022 15708   413 W ProxyAndroidLoggerBackend: Too many Flogger logs received before configuration. Dropping old logs.
10-18 20:17:14.022 15708   413 W ProxyAndroidLoggerBackend: Too many Flogger logs received before configuration. Dropping old logs.
10-18 20:17:14.026 15708 19060 I ReactNativeJS: 'âœ… Enhanced Location Service: High accuracy location obtained:', { lat: 12.7485967,
10-18 20:17:14.026 15708 19060 I ReactNativeJS:   lng: 77.8299667,
10-18 20:17:14.026 15708 19060 I ReactNativeJS:   accuracy: '2.572000026702881m' }
10-18 20:17:14.032 15708   413 W ProxyAndroidLoggerBackend: Too many Flogger logs received before configuration. Dropping old logs.
10-18 20:17:14.032 15708   413 W ProxyAndroidLoggerBackend: Too many Flogger logs received before configuration. Dropping old logs.
10-18 20:17:14.034 26036 32437 I PhenotypeResourceReader: unable to find any Phenotype resource metadata for com.a1taxi.a1taxicustomer
10-18 20:17:14.034 15708   413 W ProxyAndroidLoggerBackend: Too many Flogger logs received before configuration. Dropping old logs.
10-18 20:17:14.034 15708   413 W ProxyAndroidLoggerBackend: Too many Flogger logs received before configuration. Dropping old logs.
10-18 20:17:14.035 15708   413 W ProxyAndroidLoggerBackend: Too many Flogger logs received before configuration. Dropping old logs.
10-18 20:17:14.035 15708   413 W ProxyAndroidLoggerBackend: Too many Flogger logs received before configuration. Dropping old logs.
10-18 20:17:14.038 15708   427 W ProxyAndroidLoggerBackend: Too many Flogger logs received before configuration. Dropping old logs.
10-18 20:17:14.038 15708   427 W ProxyAndroidLoggerBackend: Too many Flogger logs received before configuration. Dropping old logs.
10-18 20:17:14.040 15708   427 W ProxyAndroidLoggerBackend: Too many Flogger logs received before configuration. Dropping old logs.
10-18 20:17:14.040 15708   427 W ProxyAndroidLoggerBackend: Too many Flogger logs received before configuration. Dropping old logs.
10-18 20:17:14.041 15708   427 W ProxyAndroidLoggerBackend: Too many Flogger logs received before configuration. Dropping old logs.
10-18 20:17:14.041 15708   427 W ProxyAndroidLoggerBackend: Too many Flogger logs received before configuration. Dropping old logs.
10-18 20:17:14.044 15708   427 W ProxyAndroidLoggerBackend: Too many Flogger logs received before configuration. Dropping old logs.
10-18 20:17:14.044 15708   427 W ProxyAndroidLoggerBackend: Too many Flogger logs received before configuration. Dropping old logs.
10-18 20:17:14.045 15708   427 W ProxyAndroidLoggerBackend: Too many Flogger logs received before configuration. Dropping old logs.
10-18 20:17:14.045 15708   427 W ProxyAndroidLoggerBackend: Too many Flogger logs received before configuration. Dropping old logs.
10-18 20:17:14.047 15708   427 W ProxyAndroidLoggerBackend: Too many Flogger logs received before configuration. Dropping old logs.
10-18 20:17:14.047 15708   427 W ProxyAndroidLoggerBackend: Too many Flogger logs received before configuration. Dropping old logs.
10-18 20:17:14.050 15708   429 W ProxyAndroidLoggerBackend: Too many Flogger logs received before configuration. Dropping old logs.
10-18 20:17:14.050 15708   429 W ProxyAndroidLoggerBackend: Too many Flogger logs received before configuration. Dropping old logs.
10-18 20:17:14.051 15708   429 W ProxyAndroidLoggerBackend: Too many Flogger logs received before configuration. Dropping old logs.
10-18 20:17:14.051 15708   429 W ProxyAndroidLoggerBackend: Too many Flogger logs received before configuration. Dropping old logs.
10-18 20:17:14.054 15708   429 W ProxyAndroidLoggerBackend: Too many Flogger logs received before configuration. Dropping old logs.
10-18 20:17:14.054 15708   429 W ProxyAndroidLoggerBackend: Too many Flogger logs received before configuration. Dropping old logs.
10-18 20:17:14.055 15708   429 W ProxyAndroidLoggerBackend: Too many Flogger logs received before configuration. Dropping old logs.
10-18 20:17:14.055 15708   429 W ProxyAndroidLoggerBackend: Too many Flogger logs received before configuration. Dropping old logs.
10-18 20:17:14.056 15708   427 W ProxyAndroidLoggerBackend: Too many Flogger logs received before configuration. Dropping old logs.
10-18 20:17:14.056 15708   427 W ProxyAndroidLoggerBackend: Too many Flogger logs received before configuration. Dropping old logs.
10-18 20:17:14.061 15708   413 W ProxyAndroidLoggerBackend: Too many Flogger logs received before configuration. Dropping old logs.
10-18 20:17:14.061 15708   413 W ProxyAndroidLoggerBackend: Too many Flogger logs received before configuration. Dropping old logs.
10-18 20:17:14.089 15708   464 W ProxyAndroidLoggerBackend: Too many Flogger logs received before configuration. Dropping old logs.
10-18 20:17:14.097 15708   413 W ProxyAndroidLoggerBackend: Too many Flogger logs received before configuration. Dropping old logs.
10-18 20:17:14.097 15708   413 W ProxyAndroidLoggerBackend: Too many Flogger logs received before configuration. Dropping old logs.
10-18 20:17:14.480 15708   469 W ProxyAndroidLoggerBackend: Too many Flogger logs received before configuration. Dropping old logs.
10-18 20:17:14.481 15708   469 W ProxyAndroidLoggerBackend: Too many Flogger logs received before configuration. Dropping old logs.
10-18 20:17:14.481 15708   469 W ProxyAndroidLoggerBackend: Too many Flogger logs received before configuration. Dropping old logs.
10-18 20:17:14.481 15708   469 W ProxyAndroidLoggerBackend: Too many Flogger logs received before configuration. Dropping old logs.
10-18 20:17:14.481 15708   469 W ProxyAndroidLoggerBackend: Too many Flogger logs received before configuration. Dropping old logs.
10-18 20:17:14.481 15708   469 W ProxyAndroidLoggerBackend: Too many Flogger logs received before configuration. Dropping old logs.
10-18 20:17:14.482 15708   469 W ProxyAndroidLoggerBackend: Too many Flogger logs received before configuration. Dropping old logs.
10-18 20:17:14.482 15708   469 W ProxyAndroidLoggerBackend: Too many Flogger logs received before configuration. Dropping old logs.
10-18 20:17:14.482 15708   469 W ProxyAndroidLoggerBackend: Too many Flogger logs received before configuration. Dropping old logs.
10-18 20:17:14.483 15708   469 W ProxyAndroidLoggerBackend: Too many Flogger logs received before configuration. Dropping old logs.
10-18 20:17:14.483 15708   469 W ProxyAndroidLoggerBackend: Too many Flogger logs received before configuration. Dropping old logs.
10-18 20:17:14.483 15708   469 W ProxyAndroidLoggerBackend: Too many Flogger logs received before configuration. Dropping old logs.
10-18 20:17:14.484 15708   469 W ProxyAndroidLoggerBackend: Too many Flogger logs received before configuration. Dropping old logs.
10-18 20:17:14.484 15708   469 W ProxyAndroidLoggerBackend: Too many Flogger logs received before configuration. Dropping old logs.
10-18 20:17:14.485 15708   469 W ProxyAndroidLoggerBackend: Too many Flogger logs received before configuration. Dropping old logs.
10-18 20:17:14.485 15708   469 W ProxyAndroidLoggerBackend: Too many Flogger logs received before configuration. Dropping old logs.
10-18 20:17:14.485 15708   469 W ProxyAndroidLoggerBackend: Too many Flogger logs received before configuration. Dropping old logs.
10-18 20:17:14.485 15708   469 W ProxyAndroidLoggerBackend: Too many Flogger logs received before configuration. Dropping old logs.
10-18 20:17:14.486 15708   469 W ProxyAndroidLoggerBackend: Too many Flogger logs received before configuration. Dropping old logs.
10-18 20:17:14.486 15708   469 W ProxyAndroidLoggerBackend: Too many Flogger logs received before configuration. Dropping old logs.
10-18 20:17:14.486 15708   469 W ProxyAndroidLoggerBackend: Too many Flogger logs received before configuration. Dropping old logs.
10-18 20:17:14.486 15708   469 W ProxyAndroidLoggerBackend: Too many Flogger logs received before configuration. Dropping old logs.
10-18 20:17:14.486 15708   469 W ProxyAndroidLoggerBackend: Too many Flogger logs received before configuration. Dropping old logs.
10-18 20:17:14.486 15708   469 W ProxyAndroidLoggerBackend: Too many Flogger logs received before configuration. Dropping old logs.
10-18 20:17:14.486 15708   469 W ProxyAndroidLoggerBackend: Too many Flogger logs received before configuration. Dropping old logs.
10-18 20:17:14.486 15708   469 W ProxyAndroidLoggerBackend: Too many Flogger logs received before configuration. Dropping old logs.
10-18 20:17:14.487 15708   469 W ProxyAndroidLoggerBackend: Too many Flogger logs received before configuration. Dropping old logs.
10-18 20:17:14.487 15708   469 W ProxyAndroidLoggerBackend: Too many Flogger logs received before configuration. Dropping old logs.
10-18 20:17:14.487 15708   469 W ProxyAndroidLoggerBackend: Too many Flogger logs received before configuration. Dropping old logs.
10-18 20:17:14.487 15708   469 W ProxyAndroidLoggerBackend: Too many Flogger logs received before configuration. Dropping old logs.
10-18 20:17:14.502 26036 26172 I FusedLocation: (REDACTED) location delivery to %s blocked - too fast
10-18 20:17:14.502 26036 26172 I FusedLocation: (REDACTED) location delivery to %s blocked - too close
10-18 20:17:14.503 26036 26172 I FusedLocation: (REDACTED) location delivery to %s blocked - too close
10-18 20:17:14.503 26036 26172 I FusedLocation: (REDACTED) location delivery to %s blocked - too fast
10-18 20:17:14.506 26036 26172 I FusedLocation: (REDACTED) location delivery to %s blocked - too close
10-18 20:17:14.506 26036 26172 I FusedLocation: (REDACTED) location delivery to %s blocked - too fast
10-18 20:17:14.905 15708 19061 W unknown:ReactNative: Attempt to set local data for view with unknown tag: -1
10-18 20:17:14.905 15708 19061 W unknown:ReactNative: Attempt to set local data for view with unknown tag: -1
10-18 20:17:14.905 15708 19061 W unknown:ReactNative: Attempt to set local data for view with unknown tag: -1
10-18 20:17:14.906 15708 19060 I ReactNativeJS: 'ðŸ“š Loaded', 1, 'recent searches'
10-18 20:17:15.049  5589  5589 I GoogleInputMethodService: GoogleInputMethodService.onFinishInput():2085 
10-18 20:17:15.050  5589  5589 I Module  : DeviceLockedStatusModuleProvider$Module.updateDeviceLockedStatus():100 repeatCheckTimes = 0, locked = false
10-18 20:17:15.050  5589  5589 I GoogleInputMethodService: GoogleInputMethodService.onStartInput():1346 onStartInput(EditorInfo{EditorInfo{packageName=com.a1taxi.a1taxicustomer, inputType=4001, inputTypeString=Normal[CapSentences], enableLearning=true, autoCorrection=true, autoComplete=true, imeOptions=3, privateImeOptions=null, actionName=SEARCH, actionLabel=null, initialSelStart=0, initialSelEnd=0, initialCapsMode=2000, label=null, fieldId=15523, fieldName=null, extras=Bundle[mParcelledData.dataSize=404], hintText=non-empty, hintLocales=[]}}, false)
10-18 20:17:15.051  5589  5589 I Module  : DeviceLockedStatusModuleProvider$Module.updateDeviceLockedStatus():100 repeatCheckTimes = 1, locked = false
10-18 20:17:15.059 26036 27730 I NullBinder: NullBinder for com.google.android.gms.lockbox.service.START triggering remote TransactionTooLargeException due to Service without Chimera impl, calling uid: 10202, calling pid: 26106
10-18 20:17:15.060 26036 27730 W .gms.persistent: Large reply transaction of 1056768 bytes, interface descriptor , code 46
10-18 20:17:15.060 26106 26139 E IPCThreadState: Binder transaction failure. id: 441139970, BR_*: 29201, error: -28 (No space left on device)
10-18 20:17:15.061 26106 26139 E JavaBinder: !!! FAILED BINDER TRANSACTION !!!  (parcel size = 408)
10-18 20:17:15.061 26106 26139 W GmsClient: IGmsServiceBroker.getService failed
10-18 20:17:15.061 26106 26139 W GmsClient: android.os.DeadObjectException: Transaction failed on small parcel; remote process probably died, but this could also be caused by running out of binder buffer space
10-18 20:17:15.061 26106 26139 W GmsClient: 	at android.os.BinderProxy.transactNative(Native Method)
10-18 20:17:15.061 26106 26139 W GmsClient: 	at android.os.BinderProxy.transact(BinderProxy.java:692)
10-18 20:17:15.061 26106 26139 W GmsClient: 	at bbkc.a(:com.google.android.gms@253931035@25.39.31 (260400-813878953):33)
10-18 20:17:15.061 26106 26139 W GmsClient: 	at bbid.z(:com.google.android.gms@253931035@25.39.31 (260400-813878953):160)
10-18 20:17:15.061 26106 26139 W GmsClient: 	at baoz.run(:com.google.android.gms@253931035@25.39.31 (260400-813878953):42)
10-18 20:17:15.061 26106 26139 W GmsClient: 	at android.os.Handler.handleCallback(Handler.java:1014)
10-18 20:17:15.061 26106 26139 W GmsClient: 	at android.os.Handler.dispatchMessage(Handler.java:102)
10-18 20:17:15.061 26106 26139 W GmsClient: 	at cmjd.mC(:com.google.android.gms@253931035@25.39.31 (260400-813878953):1)
10-18 20:17:15.061 26106 26139 W GmsClient: 	at cmjd.dispatchMessage(:com.google.android.gms@253931035@25.39.31 (260400-813878953):144)
10-18 20:17:15.061 26106 26139 W GmsClient: 	at android.os.Looper.loopOnce(Looper.java:250)
10-18 20:17:15.061 26106 26139 W GmsClient: 	at android.os.Looper.loop(Looper.java:340)
10-18 20:17:15.061 26106 26139 W GmsClient: 	at android.os.HandlerThread.run(HandlerThread.java:107)
10-18 20:17:15.096 15708 19060 I ReactNativeJS: 'ðŸ”„ [DRIVER-SERVICE] Initial fetch completed:', 1, 'drivers'
10-18 20:17:15.096 15708 19060 I ReactNativeJS: 'ðŸ“ [HOME] Received driver locations update:', 1, 'drivers'
10-18 20:17:15.098 15708 19060 I ReactNativeJS: 'ðŸ—ºï¸ [MAP] Rendering marker 1 for driver:', { driver_id: 'eb91d7e5-e2f2-4021-a8c8-3739a3d4cae4',
10-18 20:17:15.098 15708 19060 I ReactNativeJS:   vehicle_type: 'sedan',
10-18 20:17:15.098 15708 19060 I ReactNativeJS:   coordinates: { lat: 12.7485927, lng: 77.8299838 },
10-18 20:17:15.098 15708 19060 I ReactNativeJS:   marker_key: 'available_driver_eb91d7e5-e2f2-4021-a8c8-3739a3d4cae4',
10-18 20:17:15.098 15708 19060 I ReactNativeJS:   marker_identifier: 'available_driver_eb91d7e5-e2f2-4021-a8c8-3739a3d4cae4' }
10-18 20:17:15.098 15708 19060 I ReactNativeJS: 'ðŸ—ºï¸ [MAP] Total driver markers rendered:', 1
10-18 20:17:15.112 15708 19060 I ReactNativeJS: ðŸ“Š [HOME] ===== AVAILABLE DRIVERS STATE CHANGED =====
10-18 20:17:15.112 15708 19060 I ReactNativeJS: 'ðŸ“Š [HOME] availableDrivers state update:', { count: 1,
10-18 20:17:15.112 15708 19060 I ReactNativeJS:   showDriversOnMap: true,
10-18 20:17:15.112 15708 19060 I ReactNativeJS:   driversPassedToMap: 1,
10-18 20:17:15.112 15708 19060 I ReactNativeJS:   drivers: 
10-18 20:17:15.112 15708 19060 I ReactNativeJS:    [ { id: 'eb91d7e5-e2f2-4021-a8c8-3739a3d4cae4',
10-18 20:17:15.112 15708 19060 I ReactNativeJS:        vehicle_type: 'sedan',
10-18 20:17:15.112 15708 19060 I ReactNativeJS:        distance: '0.00km',
10-18 20:17:15.112 15708 19060 I ReactNativeJS:        coordinates: { lat: 12.7485927, lng: 77.8299838 },
10-18 20:17:15.112 15708 19060 I ReactNativeJS:        heading: null,
10-18 20:17:15.112 15708 19060 I ReactNativeJS:        rating: 5 } ] }
10-18 20:17:15.112 15708 19060 I ReactNativeJS: ðŸ—ºï¸ [HOME] ===== DRIVERS BEING PASSED TO MAP =====
10-18 20:17:15.112 15708 19060 I ReactNativeJS: 'ðŸ—ºï¸ [HOME] Map will receive', 1, 'drivers:'
10-18 20:17:15.113 15708 19060 I ReactNativeJS: 'ðŸ—ºï¸ [HOME] Driver 1 for map:', { driver_id: 'eb91d7e5-e2f2-4021-a8c8-3739a3d4cae4',
10-18 20:17:15.113 15708 19060 I ReactNativeJS:   user_id: '1c4ac410-54d8-4b5e-960b-3afcbebd115d',
10-18 20:17:15.113 15708 19060 I ReactNativeJS:   vehicle_type: 'sedan',
10-18 20:17:15.113 15708 19060 I ReactNativeJS:   coordinates: { lat: 12.7485927, lng: 77.8299838 },
10-18 20:17:15.113 15708 19060 I ReactNativeJS:   distance: '0.0000km',
10-18 20:17:15.113 15708 19060 I ReactNativeJS:   rating: 5,
10-18 20:17:15.113 15708 19060 I ReactNativeJS:   heading: null,
10-18 20:17:15.113 15708 19060 I ReactNativeJS:   updated_at: '2025-10-18T14:46:36.450998+00:00' }
10-18 20:17:15.160 26036 27730 I NullBinder: NullBinder for com.google.android.gms.lockbox.service.START triggering remote TransactionTooLargeException due to Service without Chimera impl, calling uid: 10202, calling pid: 26106
10-18 20:17:15.160 26036 27730 W .gms.persistent: Large reply transaction of 1056768 bytes, interface descriptor , code 46
10-18 20:17:15.161 26106 26139 E IPCThreadState: Binder transaction failure. id: 441140100, BR_*: 29201, error: -28 (No space left on device)
10-18 20:17:15.161 26106 26139 E JavaBinder: !!! FAILED BINDER TRANSACTION !!!  (parcel size = 408)
10-18 20:17:15.162 26106 26139 W GmsClient: IGmsServiceBroker.getService failed
10-18 20:17:15.162 26106 26139 W GmsClient: android.os.DeadObjectException: Transaction failed on small parcel; remote process probably died, but this could also be caused by running out of binder buffer space
10-18 20:17:15.162 26106 26139 W GmsClient: 	at android.os.BinderProxy.transactNative(Native Method)
10-18 20:17:15.162 26106 26139 W GmsClient: 	at android.os.BinderProxy.transact(BinderProxy.java:692)
10-18 20:17:15.162 26106 26139 W GmsClient: 	at bbkc.a(:com.google.android.gms@253931035@25.39.31 (260400-813878953):33)
10-18 20:17:15.162 26106 26139 W GmsClient: 	at bbid.z(:com.google.android.gms@253931035@25.39.31 (260400-813878953):160)
10-18 20:17:15.162 26106 26139 W GmsClient: 	at baoz.run(:com.google.android.gms@253931035@25.39.31 (260400-813878953):42)
10-18 20:17:15.162 26106 26139 W GmsClient: 	at android.os.Handler.handleCallback(Handler.java:1014)
10-18 20:17:15.162 26106 26139 W GmsClient: 	at android.os.Handler.dispatchMessage(Handler.java:102)
10-18 20:17:15.162 26106 26139 W GmsClient: 	at cmjd.mC(:com.google.android.gms@253931035@25.39.31 (260400-813878953):1)
10-18 20:17:15.162 26106 26139 W GmsClient: 	at cmjd.dispatchMessage(:com.google.android.gms@253931035@25.39.31 (260400-813878953):144)
10-18 20:17:15.162 26106 26139 W GmsClient: 	at android.os.Looper.loopOnce(Looper.java:250)
10-18 20:17:15.162 26106 26139 W GmsClient: 	at android.os.Looper.loop(Looper.java:340)
10-18 20:17:15.162 26106 26139 W GmsClient: 	at android.os.HandlerThread.run(HandlerThread.java:107)
10-18 20:17:15.205 26036 27730 I NullBinder: NullBinder for com.google.android.gms.lockbox.service.START triggering remote TransactionTooLargeException due to Service without Chimera impl, calling uid: 10202, calling pid: 26106
10-18 20:17:15.206 26036 27730 W .gms.persistent: Large reply transaction of 1056768 bytes, interface descriptor , code 46
10-18 20:17:15.206 26106 26139 E IPCThreadState: Binder transaction failure. id: 441140138, BR_*: 29201, error: -28 (No space left on device)
10-18 20:17:15.206 26106 26139 E JavaBinder: !!! FAILED BINDER TRANSACTION !!!  (parcel size = 408)
10-18 20:17:15.207 26106 26139 W GmsClient: IGmsServiceBroker.getService failed
10-18 20:17:15.207 26106 26139 W GmsClient: android.os.DeadObjectException: Transaction failed on small parcel; remote process probably died, but this could also be caused by running out of binder buffer space
10-18 20:17:15.207 26106 26139 W GmsClient: 	at android.os.BinderProxy.transactNative(Native Method)
10-18 20:17:15.207 26106 26139 W GmsClient: 	at android.os.BinderProxy.transact(BinderProxy.java:692)
10-18 20:17:15.207 26106 26139 W GmsClient: 	at bbkc.a(:com.google.android.gms@253931035@25.39.31 (260400-813878953):33)
10-18 20:17:15.207 26106 26139 W GmsClient: 	at bbid.z(:com.google.android.gms@253931035@25.39.31 (260400-813878953):160)
10-18 20:17:15.207 26106 26139 W GmsClient: 	at baoz.run(:com.google.android.gms@253931035@25.39.31 (260400-813878953):42)
10-18 20:17:15.207 26106 26139 W GmsClient: 	at android.os.Handler.handleCallback(Handler.java:1014)
10-18 20:17:15.207 26106 26139 W GmsClient: 	at android.os.Handler.dispatchMessage(Handler.java:102)
10-18 20:17:15.207 26106 26139 W GmsClient: 	at cmjd.mC(:com.google.android.gms@253931035@25.39.31 (260400-813878953):1)
10-18 20:17:15.207 26106 26139 W GmsClient: 	at cmjd.dispatchMessage(:com.google.android.gms@253931035@25.39.31 (260400-813878953):144)
10-18 20:17:15.207 26106 26139 W GmsClient: 	at android.os.Looper.loopOnce(Looper.java:250)
10-18 20:17:15.207 26106 26139 W GmsClient: 	at android.os.Looper.loop(Looper.java:340)
10-18 20:17:15.207 26106 26139 W GmsClient: 	at android.os.HandlerThread.run(HandlerThread.java:107)
10-18 20:17:15.492 15708 19060 I ReactNativeJS: 'ðŸ“¡ [REALTIME] Ride subscription status for ab10282a-8c94-44dc-a563-7cbdaa1f2152:', 'SUBSCRIBED'
10-18 20:17:15.494 15708 19060 I ReactNativeJS: 'ðŸ“¡ [REALTIME] Ride subscription status for a7bde9c8-d6fb-412e-a29f-8c04d59a5526:', 'SUBSCRIBED'
10-18 20:17:15.495 15708 19060 I ReactNativeJS: 'ðŸ“¡ [REALTIME] Ride subscription status for 25c9b86c-1bcc-4c83-a52a-2bf9112a1805:', 'SUBSCRIBED'
10-18 20:17:15.496 15708 19060 I ReactNativeJS: 'ðŸ“¡ [REALTIME] Ride subscription status for 62a975b5-e38c-4d14-bdb9-2804cd5efd62:', 'SUBSCRIBED'
10-18 20:17:15.497 15708 19060 I ReactNativeJS: 'ðŸ“¡ [REALTIME] Ride subscription status for e5863667-c95a-40ff-9572-d05a921bea53:', 'SUBSCRIBED'
10-18 20:17:15.498 15708 19060 I ReactNativeJS: 'ðŸ“¡ [REALTIME] Ride subscription status for 97334bab-4520-4c46-8c5e-568c16476c7e:', 'SUBSCRIBED'
10-18 20:17:15.499 15708 19060 I ReactNativeJS: 'ðŸ“¡ [REALTIME] Ride subscription status for 8ddb9bb2-571b-4e13-94a0-afe448d23214:', 'SUBSCRIBED'
10-18 20:17:15.500 15708 19060 I ReactNativeJS: 'ðŸ“¡ [REALTIME] Ride subscription status for 9bad33c5-02a8-49c2-9bf6-be2ec0abc239:', 'SUBSCRIBED'
10-18 20:17:15.501 15708 19060 I ReactNativeJS: 'ðŸ“¡ [REALTIME] Ride subscription status for 6877deb9-b84c-426f-b966-4f3d2767cead:', 'SUBSCRIBED'
10-18 20:17:15.595 15708 19060 I ReactNativeJS: 'ðŸ”„ [DRIVER-SERVICE] Initial fetch completed:', 1, 'drivers'
10-18 20:17:15.595 15708 19060 I ReactNativeJS: 'ðŸ“ [HOME] Received driver locations update:', 1, 'drivers'
10-18 20:17:15.599 15708 19060 I ReactNativeJS: 'ðŸ—ºï¸ [MAP] Rendering marker 1 for driver:', { driver_id: 'eb91d7e5-e2f2-4021-a8c8-3739a3d4cae4',
10-18 20:17:15.599 15708 19060 I ReactNativeJS:   vehicle_type: 'sedan',
10-18 20:17:15.599 15708 19060 I ReactNativeJS:   coordinates: { lat: 12.7485927, lng: 77.8299838 },
10-18 20:17:15.599 15708 19060 I ReactNativeJS:   marker_key: 'available_driver_eb91d7e5-e2f2-4021-a8c8-3739a3d4cae4',
10-18 20:17:15.599 15708 19060 I ReactNativeJS:   marker_identifier: 'available_driver_eb91d7e5-e2f2-4021-a8c8-3739a3d4cae4' }
10-18 20:17:15.599 15708 19060 I ReactNativeJS: 'ðŸ—ºï¸ [MAP] Total driver markers rendered:', 1
10-18 20:17:15.622 15708 19060 I ReactNativeJS: ðŸ“Š [HOME] ===== AVAILABLE DRIVERS STATE CHANGED =====
10-18 20:17:15.623 15708 19060 I ReactNativeJS: 'ðŸ“Š [HOME] availableDrivers state update:', { count: 1,
10-18 20:17:15.623 15708 19060 I ReactNativeJS:   showDriversOnMap: true,
10-18 20:17:15.623 15708 19060 I ReactNativeJS:   driversPassedToMap: 1,
10-18 20:17:15.623 15708 19060 I ReactNativeJS:   drivers: 
10-18 20:17:15.623 15708 19060 I ReactNativeJS:    [ { id: 'eb91d7e5-e2f2-4021-a8c8-3739a3d4cae4',
10-18 20:17:15.623 15708 19060 I ReactNativeJS:        vehicle_type: 'sedan',
10-18 20:17:15.623 15708 19060 I ReactNativeJS:        distance: '0.00km',
10-18 20:17:15.623 15708 19060 I ReactNativeJS:        coordinates: { lat: 12.7485927, lng: 77.8299838 },
10-18 20:17:15.623 15708 19060 I ReactNativeJS:        heading: null,
10-18 20:17:15.623 15708 19060 I ReactNativeJS:        rating: 5 } ] }
10-18 20:17:15.623 15708 19060 I ReactNativeJS: ðŸ—ºï¸ [HOME] ===== DRIVERS BEING PASSED TO MAP =====
10-18 20:17:15.623 15708 19060 I ReactNativeJS: 'ðŸ—ºï¸ [HOME] Map will receive', 1, 'drivers:'
10-18 20:17:15.623 15708 19060 I ReactNativeJS: 'ðŸ—ºï¸ [HOME] Driver 1 for map:', { driver_id: 'eb91d7e5-e2f2-4021-a8c8-3739a3d4cae4',
10-18 20:17:15.623 15708 19060 I ReactNativeJS:   user_id: '1c4ac410-54d8-4b5e-960b-3afcbebd115d',
10-18 20:17:15.623 15708 19060 I ReactNativeJS:   vehicle_type: 'sedan',
10-18 20:17:15.623 15708 19060 I ReactNativeJS:   coordinates: { lat: 12.7485927, lng: 77.8299838 },
10-18 20:17:15.623 15708 19060 I ReactNativeJS:   distance: '0.0000km',
10-18 20:17:15.623 15708 19060 I ReactNativeJS:   rating: 5,
10-18 20:17:15.623 15708 19060 I ReactNativeJS:   heading: null,
10-18 20:17:15.623 15708 19060 I ReactNativeJS:   updated_at: '2025-10-18T14:46:36.450998+00:00' }
10-18 20:17:15.694 15708 19060 I ReactNativeJS: 'ðŸ“ Location selected:', { description: 'Bagalur, Tamil Nadu, India',
10-18 20:17:15.694 15708 19060 I ReactNativeJS:   coordinates: { latitude: 12.8303987, longitude: 77.86623689999999 },
10-18 20:17:15.694 15708 19060 I ReactNativeJS:   type: 'recent' }
10-18 20:17:15.694 15708 19060 I ReactNativeJS: âœ… Calling onLocationSelect with valid coordinates
10-18 20:17:15.694 15708 19060 I ReactNativeJS: ðŸ” Destination location selected, validating zone...
10-18 20:17:15.694 15708 19060 I ReactNativeJS: 'ðŸ” Selected destination:', { location: 'Bagalur, Tamil Nadu, India',
10-18 20:17:15.694 15708 19060 I ReactNativeJS:   coords: { latitude: 12.8303987, longitude: 77.86623689999999 } }
10-18 20:17:15.694 15708 19060 I ReactNativeJS: 'ðŸ” Active zones for validation:', 2
10-18 20:17:15.694 15708 19060 I ReactNativeJS: ðŸ” [ZONE-VALIDATION] Starting destination zone validation
10-18 20:17:15.694 15708 19060 I ReactNativeJS: 'ðŸ” [ZONE-VALIDATION] Location:', 'Bagalur, Tamil Nadu, India'
10-18 20:17:15.694 15708 19060 I ReactNativeJS: 'ðŸ” [ZONE-VALIDATION] Coordinates:', { latitude: 12.8303987, longitude: 77.86623689999999 }
10-18 20:17:15.695 15708 19060 I ReactNativeJS: 'ðŸ” [ZONE-VALIDATION] Active zones available:', 2
10-18 20:17:15.695 15708 19060 I ReactNativeJS: 'ðŸ” [ZONE-VALIDATION] Zone names:', [ 'Inner Ring', 'Outer Ring' ]
10-18 20:17:15.695 15708 19060 I ReactNativeJS: 'ðŸ” [ZONE-VALIDATION] Full zone data:', '[\n  {\n    "id": "227fb7d8-2e9a-439b-b315-a28619795daa",\n    "name": "Inner Ring",\n    "city": "Hosur",\n    "state": "Tamil Nadu",\n    "coordinates": {\n      "type": "circle",\n      "center": {\n        "lat": 12.739137771576607,\n        "lng": 77.82861131744386\n      },\n      "radius": 7740.280633057722\n    },\n    "center_latitude": 12.73913777,\n    "center_longitude": 77.82861132,\n    "radius_km": 7.74,\n    "base_fare": 50,\n    "per_km_rate": 12,\n    "surge_multiplier": 1,\n    "is_active": true,\n    "created_at": "2025-10-14T06:53:07.902747+00:00",\n    "updated_at": "2025-10-14T06:53:07.902747+00:00"\n  },\n  {\n    "id": "743ead3b-5e3c-4812-9bd7-d056934e7ad5",\n    "name": "Outer Ring",\n    "city": "Hosur",\n    "state": "Tamil Nadu",\n    "coordinates": {\n      "type": "circle",\n      "center": {\n        "lat": 12.738133154875067,\n        "lng": 77.82916921691896\n      },\n      "radius": 13156.583388351022\n    },\n    "center_latitude": 12.73813315,\n    "center_longitude": 77.82916922,\n    "radius_km": 13.16,\n    "base_fare": 50,\n    "per_km_rate": 12,\n    "surge_multiplier": 1,\n    "is_active": true,\n    "created_at": "2025-10-14T06:53:40.388587+00:00",\n    "updated_at": "2025-10-14T06:53:40.388587+00:00"\n  }\n]'
10-18 20:17:15.696 15708 19060 I ReactNativeJS: 'ðŸ” Checking if point is in service area:', { coordinates: { latitude: 12.8303987, longitude: 77.86623689999999 },
10-18 20:17:15.696 15708 19060 I ReactNativeJS:   zonesCount: 2,
10-18 20:17:15.696 15708 19060 I ReactNativeJS:   zones: 
10-18 20:17:15.696 15708 19060 I ReactNativeJS:    [ { name: 'Inner Ring',
10-18 20:17:15.696 15708 19060 I ReactNativeJS:        type: 'circle',
10-18 20:17:15.696 15708 19060 I ReactNativeJS:        radius_km: 7.74,
10-18 20:17:15.696 15708 19060 I ReactNativeJS:        center_lat: 12.73913777,
10-18 20:17:15.696 15708 19060 I ReactNativeJS:        center_lng: 77.82861132 },
10-18 20:17:15.696 15708 19060 I ReactNativeJS:      { name: 'Outer Ring',
10-18 20:17:15.696 15708 19060 I ReactNativeJS:        type: 'circle',
10-18 20:17:15.696 15708 19060 I ReactNativeJS:        radius_km: 13.16,
10-18 20:17:15.696 15708 19060 I ReactNativeJS:        center_lat: 12.73813315,
10-18 20:17:15.696 15708 19060 I ReactNativeJS:        center_lng: 77.82916922 } ] }
10-18 20:17:15.696 15708 19060 I ReactNativeJS: ðŸ” Using circle-based zone validation
10-18 20:17:15.696 15708 19060 I ReactNativeJS: 'ðŸ” Raw Outer Ring data:', { center_latitude: 12.73813315,
10-18 20:17:15.696 15708 19060 I ReactNativeJS:   center_latitude_type: 'number',
10-18 20:17:15.696 15708 19060 I ReactNativeJS:   center_longitude: 77.82916922,
10-18 20:17:15.696 15708 19060 I ReactNativeJS:   center_longitude_type: 'number',
10-18 20:17:15.696 15708 19060 I ReactNativeJS:   radius_km: 13.16,
10-18 20:17:15.696 15708 19060 I ReactNativeJS:   radius_km_type: 'number' }
10-18 20:17:15.696 15708 19060 I ReactNativeJS: 'ðŸ” Parsed values:', { centerLat: 12.73813315,
10-18 20:17:15.696 15708 19060 I ReactNativeJS:   centerLng: 77.82916922,
10-18 20:17:15.696 15708 19060 I ReactNativeJS:   radiusKm: 13.16,
10-18 20:17:15.696 15708 19060 I ReactNativeJS:   allValid: true }
10-18 20:17:15.696 15708 19060 I ReactNativeJS: 'ðŸ” Circle zone check:', { point: { latitude: 12.8303987, longitude: 77.86623689999999 },
10-18 20:17:15.696 15708 19060 I ReactNativeJS:   center: { latitude: 12.73813315, longitude: 77.82916922 },
10-18 20:17:15.696 15708 19060 I ReactNativeJS:   radiusKm: '13.16km',
10-18 20:17:15.696 15708 19060 I ReactNativeJS:   calculatedDistance: '11.02km',
10-18 20:17:15.696 15708 19060 I ReactNativeJS:   difference: '-2.14km',
10-18 20:17:15.696 15708 19060 I ReactNativeJS:   isInside: 'âœ… INSIDE' }
10-18 20:17:15.696 15708 19060 I ReactNativeJS: ðŸ” Point is INSIDE Outer Ring (13.16km radius)
10-18 20:17:15.696 15708 19060 I ReactNativeJS: âœ… [ZONE-VALIDATION] Destination location is within active zones
10-18 20:17:15.698 15708 19060 I ReactNativeJS: 'ðŸ’° [UI] Displaying fare for hatchback:', { fare: 0,
10-18 20:17:15.698 15708 19060 I ReactNativeJS:   isSelected: false,
10-18 20:17:15.698 15708 19060 I ReactNativeJS:   showingCalculated: false,
10-18 20:17:15.698 15708 19060 I ReactNativeJS:   source: 'minimum_fare' }
10-18 20:17:15.711 15708 19060 I ReactNativeJS: 'ðŸ’° [UI] Displaying fare for hatchback_ac:', { fare: 0,
10-18 20:17:15.711 15708 19060 I ReactNativeJS:   isSelected: false,
10-18 20:17:15.711 15708 19060 I ReactNativeJS:   showingCalculated: false,
10-18 20:17:15.711 15708 19060 I ReactNativeJS:   source: 'minimum_fare' }
10-18 20:17:15.713 15708 19060 I ReactNativeJS: 'ðŸ’° [UI] Displaying fare for sedan:', { fare: 0,
10-18 20:17:15.713 15708 19060 I ReactNativeJS:   isSelected: true,
10-18 20:17:15.713 15708 19060 I ReactNativeJS:   showingCalculated: false,
10-18 20:17:15.713 15708 19060 I ReactNativeJS:   source: 'minimum_fare' }
10-18 20:17:15.715 15708 19060 I ReactNativeJS: 'ðŸ’° [UI] Displaying fare for sedan_ac:', { fare: 0,
10-18 20:17:15.715 15708 19060 I ReactNativeJS:   isSelected: false,
10-18 20:17:15.715 15708 19060 I ReactNativeJS:   showingCalculated: false,
10-18 20:17:15.715 15708 19060 I ReactNativeJS:   source: 'minimum_fare' }
10-18 20:17:15.716 15708 19060 I ReactNativeJS: 'ðŸ’° [UI] Displaying fare for suv:', { fare: 90,
10-18 20:17:15.716 15708 19060 I ReactNativeJS:   isSelected: false,
10-18 20:17:15.716 15708 19060 I ReactNativeJS:   showingCalculated: true,
10-18 20:17:15.716 15708 19060 I ReactNativeJS:   source: 'calculated' }
10-18 20:17:15.718 15708 19060 I ReactNativeJS: 'ðŸ’° [UI] Displaying fare for suv_ac:', { fare: 0,
10-18 20:17:15.718 15708 19060 I ReactNativeJS:   isSelected: false,
10-18 20:17:15.718 15708 19060 I ReactNativeJS:   showingCalculated: false,
10-18 20:17:15.718 15708 19060 I ReactNativeJS:   source: 'minimum_fare' }
10-18 20:17:15.720 15708 19060 I ReactNativeJS: 'ðŸ—ºï¸ [MAP] Rendering marker 1 for driver:', { driver_id: 'eb91d7e5-e2f2-4021-a8c8-3739a3d4cae4',
10-18 20:17:15.720 15708 19060 I ReactNativeJS:   vehicle_type: 'sedan',
10-18 20:17:15.720 15708 19060 I ReactNativeJS:   coordinates: { lat: 12.7485927, lng: 77.8299838 },
10-18 20:17:15.720 15708 19060 I ReactNativeJS:   marker_key: 'available_driver_eb91d7e5-e2f2-4021-a8c8-3739a3d4cae4',
10-18 20:17:15.720 15708 19060 I ReactNativeJS:   marker_identifier: 'available_driver_eb91d7e5-e2f2-4021-a8c8-3739a3d4cae4' }
10-18 20:17:15.720 15708 19060 I ReactNativeJS: 'ðŸ—ºï¸ [MAP] Total driver markers rendered:', 1
10-18 20:17:15.738 15708 19060 I ReactNativeJS: 'ðŸ—ºï¸ [MAP] Props updated:', { showRoute: true,
10-18 20:17:15.738 15708 19060 I ReactNativeJS:   showDriverToPickupRoute: false,
10-18 20:17:15.738 15708 19060 I ReactNativeJS:   hasDriverLocation: false,
10-18 20:17:15.738 15708 19060 I ReactNativeJS:   hasPickupCoords: true,
10-18 20:17:15.738 15708 19060 I ReactNativeJS:   hasDestinationCoords: true,
10-18 20:17:15.738 15708 19060 I ReactNativeJS:   driverLocation: null,
10-18 20:17:15.738 15708 19060 I ReactNativeJS:   pickupCoords: { lat: 12.7485967, lng: 77.8299667 },
10-18 20:17:15.738 15708 19060 I ReactNativeJS:   destinationCoords: { lat: 12.8303987, lng: 77.86623689999999 } }
10-18 20:17:15.738 15708 19060 I ReactNativeJS: 'ðŸ—ºï¸ Calculating route between:', { latitude: 12.7485967, longitude: 77.8299667 }, 'and', { latitude: 12.8303987, longitude: 77.86623689999999 }
10-18 20:17:15.738 15708 19060 I ReactNativeJS: 'ðŸ—ºï¸ [GOOGLE-MAPS] Getting directions from', { lat: 12.7485967, lng: 77.8299667 }, 'to', { lat: 12.8303987, lng: 77.86623689999999 }
10-18 20:17:15.739 15708 19060 I ReactNativeJS: 'ðŸŒ Making proxy request to:', 'https://whubaypabojomdyfqxcf.supabase.co/functions/v1/places-proxy/directions?origin=12.7485967%2C77.8299667&destination=12.8303987%2C77.86623689999999&mode=driving'
10-18 20:17:15.739 15708 19060 I ReactNativeJS: ðŸ—ºï¸ [HOME] ===== HIDING DRIVERS FOR ROUTE DISPLAY =====
10-18 20:17:15.739 15708 19060 I ReactNativeJS: ðŸ—ºï¸ [HOME] Both pickup and destination selected, hiding drivers to show route
10-18 20:17:15.739 15708 19060 I ReactNativeJS: ðŸ›‘ [HOME] Stopping driver location polling
10-18 20:17:15.739 15708 19060 I ReactNativeJS: ðŸ›‘ [DRIVER-SERVICE] Stopped driver location polling
10-18 20:17:15.739 15708 19060 I ReactNativeJS: ðŸ”„ [HOME] Triggering fare calculation due to location/vehicle change
10-18 20:17:15.739 15708 19060 I ReactNativeJS: ðŸ’° [HOME] ===== STARTING FARE CALCULATION WITH DEADHEAD =====
10-18 20:17:15.739 15708 19060 I ReactNativeJS: 'ðŸ’° [HOME] Calculating fare for Bagalur trip:', { pickup: 'PRXJ+F32, Brindavan Nagar, Plot 87, NGGO\'s Colony, Anand Nagar, Hosur, Tamil Nadu 635109, India',
10-18 20:17:15.739 15708 19060 I ReactNativeJS:   destination: 'Bagalur, Tamil Nadu, India',
10-18 20:17:15.739 15708 19060 I ReactNativeJS:   pickupCoords: { latitude: 12.7485967, longitude: 77.8299667 },
10-18 20:17:15.739 15708 19060 I ReactNativeJS:   destinationCoords: { latitude: 12.8303987, longitude: 77.86623689999999 },
10-18 20:17:15.739 15708 19060 I ReactNativeJS:   selectedVehicle: 'sedan',
10-18 20:17:15.739 15708 19060 I ReactNativeJS:   timestamp: '2025-10-18T14:47:15.739Z',
10-18 20:17:15.739 15708 19060 I ReactNativeJS:   shouldHaveDeadhead: true }
10-18 20:17:15.739 15708 19060 I ReactNativeJS: ðŸ’° [HOME] Calling fareCalculator.calculateFare...
10-18 20:17:15.740 15708 19060 I ReactNativeJS: 'ðŸ’° [FARE-CALC] Input parameters:', { vehicleType: 'sedan',
10-18 20:17:15.740 15708 19060 I ReactNativeJS:   pickup: { latitude: 12.7485967, longitude: 77.8299667 },
10-18 20:17:15.740 15708 19060 I ReactNativeJS:   destination: { latitude: 12.8303987, longitude: 77.86623689999999 },
10-18 20:17:15.740 15708 19060 I ReactNativeJS:   timestamp: '2025-10-18T14:47:15.739Z',
10-18 20:17:15.740 15708 19060 I ReactNativeJS:   supabaseUrl: 'SET',
10-18 20:17:15.740 15708 19060 I ReactNativeJS:   supabaseKey: 'SET' }
10-18 20:17:15.740 15708 19060 I ReactNativeJS: ðŸŽ¯ [FARE-CALC] Using edge function for deadhead calculation...
10-18 20:17:15.740 15708 19060 I ReactNativeJS: 'ðŸ” [FARE-CALC] Environment validation:', { supabaseUrl: 'SET',
10-18 20:17:15.740 15708 19060 I ReactNativeJS:   supabaseKey: 'SET',
10-18 20:17:15.740 15708 19060 I ReactNativeJS:   urlValid: true,
10-18 20:17:15.740 15708 19060 I ReactNativeJS:   keyValid: true }
10-18 20:17:15.740 15708 19060 I ReactNativeJS: 'ðŸŽ¯ [FARE-CALC] Edge function URL:', 'https://whubaypabojomdyfqxcf.supabase.co/functions/v1/fare-calculation'
10-18 20:17:15.740 15708 19060 I ReactNativeJS: ðŸ“¡ [FARE-CALC] Making request to edge function...
10-18 20:17:15.740 15708 19060 I ReactNativeJS: 'ðŸ“¡ [FARE-CALC] Request body:', { pickup_latitude: 12.7485967,
10-18 20:17:15.740 15708 19060 I ReactNativeJS:   pickup_longitude: 77.8299667,
10-18 20:17:15.740 15708 19060 I ReactNativeJS:   destination_latitude: 12.8303987,
10-18 20:17:15.740 15708 19060 I ReactNativeJS:   destination_longitude: 77.86623689999999,
10-18 20:17:15.740 15708 19060 I ReactNativeJS:   vehicle_type: 'sedan',
10-18 20:17:15.740 15708 19060 I ReactNativeJS:   booking_type: 'regular' }
10-18 20:17:15.740 15708 19060 I ReactNativeJS: 'ðŸ’° [UI] Displaying fare for hatchback:', { fare: 0,
10-18 20:17:15.740 15708 19060 I ReactNativeJS:   isSelected: false,
10-18 20:17:15.740 15708 19060 I ReactNativeJS:   showingCalculated: false,
10-18 20:17:15.740 15708 19060 I ReactNativeJS:   source: 'minimum_fare' }
10-18 20:17:15.741 15708 19060 I ReactNativeJS: 'ðŸ’° [UI] Displaying fare for hatchback_ac:', { fare: 0,
10-18 20:17:15.741 15708 19060 I ReactNativeJS:   isSelected: false,
10-18 20:17:15.741 15708 19060 I ReactNativeJS:   showingCalculated: false,
10-18 20:17:15.741 15708 19060 I ReactNativeJS:   source: 'minimum_fare' }
10-18 20:17:15.742 15708 19060 I ReactNativeJS: 'ðŸ’° [UI] Displaying fare for sedan:', { fare: 0,
10-18 20:17:15.742 15708 19060 I ReactNativeJS:   isSelected: true,
10-18 20:17:15.742 15708 19060 I ReactNativeJS:   showingCalculated: false,
10-18 20:17:15.742 15708 19060 I ReactNativeJS:   source: 'minimum_fare' }
10-18 20:17:15.742 15708 19060 I ReactNativeJS: 'ðŸ’° [UI] Displaying fare for sedan_ac:', { fare: 0,
10-18 20:17:15.742 15708 19060 I ReactNativeJS:   isSelected: false,
10-18 20:17:15.742 15708 19060 I ReactNativeJS:   showingCalculated: false,
10-18 20:17:15.742 15708 19060 I ReactNativeJS:   source: 'minimum_fare' }
10-18 20:17:15.743 15708 19060 I ReactNativeJS: 'ðŸ’° [UI] Displaying fare for suv:', { fare: 90,
10-18 20:17:15.743 15708 19060 I ReactNativeJS:   isSelected: false,
10-18 20:17:15.743 15708 19060 I ReactNativeJS:   showingCalculated: true,
10-18 20:17:15.743 15708 19060 I ReactNativeJS:   source: 'calculated' }
10-18 20:17:15.744 15708 19060 I ReactNativeJS: 'ðŸ’° [UI] Displaying fare for suv_ac:', { fare: 0,
10-18 20:17:15.744 15708 19060 I ReactNativeJS:   isSelected: false,
10-18 20:17:15.744 15708 19060 I ReactNativeJS:   showingCalculated: false,
10-18 20:17:15.744 15708 19060 I ReactNativeJS:   source: 'minimum_fare' }
10-18 20:17:15.769 15708 15708 I ImeTracker: com.a1taxi.a1taxicustomer:8533a030: onRequestHide at ORIGIN_CLIENT reason HIDE_SOFT_INPUT fromUser false
10-18 20:17:15.795 15708 15708 W WindowOnBackDispatcher: sendCancelIfRunning: isInProgress=false callback=android.view.ViewRootImpl$$ExternalSyntheticLambda11@609e705
10-18 20:17:15.872  5589  5589 I GoogleInputMethodService: GoogleInputMethodService.onFinishInput():2085 
10-18 20:17:15.873  5589  5589 I Module  : DeviceLockedStatusModuleProvider$Module.updateDeviceLockedStatus():100 repeatCheckTimes = 0, locked = false
10-18 20:17:15.873  5589  5589 I GoogleInputMethodService: GoogleInputMethodService.onStartInput():1346 onStartInput(EditorInfo{EditorInfo{packageName=com.a1taxi.a1taxicustomer, inputType=0, inputTypeString=NULL, enableLearning=false, autoCorrection=false, autoComplete=false, imeOptions=0, privateImeOptions=null, actionName=UNSPECIFIED, actionLabel=null, initialSelStart=-1, initialSelEnd=-1, initialCapsMode=0, label=null, fieldId=0, fieldName=null, extras=null, hintText=null, hintLocales=[]}}, false)
10-18 20:17:15.875  5589  5589 I Module  : DeviceLockedStatusModuleProvider$Module.updateDeviceLockedStatus():100 repeatCheckTimes = 1, locked = false
10-18 20:17:16.051 22548 22567 I Finsky  : [45213] Stats for Executor: GrpcBackgroundExecutor ubw@a51f5fc[Running, pool size = 4, active threads = 0, queued tasks = 0, completed tasks = 4]
10-18 20:17:16.189 15708 19060 I ReactNativeJS: 'âœ… Proxy response received:', 'OK'
10-18 20:17:16.190 15708 19060 I ReactNativeJS: 'âœ… [GOOGLE-MAPS] Directions retrieved:', { distance: '10.5 km',
10-18 20:17:16.190 15708 19060 I ReactNativeJS:   duration: '15 mins',
10-18 20:17:16.190 15708 19060 I ReactNativeJS:   distance_km: '10.55',
10-18 20:17:16.190 15708 19060 I ReactNativeJS:   duration_min: '15.5',
10-18 20:17:16.190 15708 19060 I ReactNativeJS:   source: 'Google Directions API' }
10-18 20:17:16.191 15708 19060 I ReactNativeJS: 'âœ… Got directions from Google API:', { distance: { text: '10.5 km', value: 10548 },
10-18 20:17:16.191 15708 19060 I ReactNativeJS:   duration: { text: '15 mins', value: 928 },
10-18 20:17:16.191 15708 19060 I ReactNativeJS:   polyline: { points: 'q}xlAyd`zMb@JZ{@\\cAoAa@^iBHWAQAS?K@MHM`@I`@sEP_DgHJkDJoA?o@CM@GB]A}ASeEmA{Cy@yIkBgB]wBk@sBc@yAa@SIWQy@y@q@s@a@Uq@Yq@S}@OeAS{A]o@Wy@e@s@c@gAo@cC{A_CuAiDiB]O_CeAcCiAiAi@cBeAk@_@aCuAUM_Bm@mC}@mDcAeCy@}As@oBiAMQeAm@u@e@kEkCiAo@mGsCmCqAuBgAqBkAcDsBeCwAiDsBeB_AUCsDyAw@]SOyJyDeAk@}AaAqB_AmCeAwD{AgDyAsAq@kHiDaCmAoE{B_C_AsCeAsA_@s@MwEw@aCg@_C]kC[e@IyCw@{A[a@KgBYiDg@qBOoF{@WG}A[kAO{AEqFQcACwCSwAQwDs@_BQa@Ca@CqCYsAA}APmCn@e@BgBCk@F[CcAByAJuABiAIUEgBk@}Bw@yDoAiC}@oB{@}L_FaG_CmBm@{C{@[?uAa@gIaCuA[eASi@EyCc@cD[eDUgGS]KSCk@OqB{@wBkAq@c@_CwAq@k@a@s@c@iAOSSOk@UwAo@iA_@[Ew@AaCA' } }
10-18 20:17:16.195 15708 19060 I ReactNativeJS: ðŸ’° [HOME] ===== STARTING FARE CALCULATION WITH DEADHEAD =====
10-18 20:17:16.195 15708 19060 I ReactNativeJS: 'ðŸ’° [HOME] Calculating fare for Bagalur trip:', { pickup: 'PRXJ+F32, Brindavan Nagar, Plot 87, NGGO\'s Colony, Anand Nagar, Hosur, Tamil Nadu 635109, India',
10-18 20:17:16.195 15708 19060 I ReactNativeJS:   destination: 'Bagalur, Tamil Nadu, India',
10-18 20:17:16.195 15708 19060 I ReactNativeJS:   pickupCoords: { latitude: 12.7485967, longitude: 77.8299667 },
10-18 20:17:16.195 15708 19060 I ReactNativeJS:   destinationCoords: { latitude: 12.8303987, longitude: 77.86623689999999 },
10-18 20:17:16.195 15708 19060 I ReactNativeJS:   selectedVehicle: 'sedan',
10-18 20:17:16.195 15708 19060 I ReactNativeJS:   timestamp: '2025-10-18T14:47:16.195Z',
10-18 20:17:16.195 15708 19060 I ReactNativeJS:   shouldHaveDeadhead: true }
10-18 20:17:16.195 15708 19060 I ReactNativeJS: ðŸ’° [HOME] Calling fareCalculator.calculateFare...
10-18 20:17:16.196 15708 19060 I ReactNativeJS: 'ðŸ’° [FARE-CALC] Input parameters:', { vehicleType: 'sedan',
10-18 20:17:16.196 15708 19060 I ReactNativeJS:   pickup: { latitude: 12.7485967, longitude: 77.8299667 },
10-18 20:17:16.196 15708 19060 I ReactNativeJS:   destination: { latitude: 12.8303987, longitude: 77.86623689999999 },
10-18 20:17:16.196 15708 19060 I ReactNativeJS:   timestamp: '2025-10-18T14:47:16.195Z',
10-18 20:17:16.196 15708 19060 I ReactNativeJS:   supabaseUrl: 'SET',
10-18 20:17:16.196 15708 19060 I ReactNativeJS:   supabaseKey: 'SET' }
10-18 20:17:16.196 15708 19060 I ReactNativeJS: ðŸŽ¯ [FARE-CALC] Using edge function for deadhead calculation...
10-18 20:17:16.196 15708 19060 I ReactNativeJS: 'ðŸ” [FARE-CALC] Environment validation:', { supabaseUrl: 'SET',
10-18 20:17:16.196 15708 19060 I ReactNativeJS:   supabaseKey: 'SET',
10-18 20:17:16.196 15708 19060 I ReactNativeJS:   urlValid: true,
10-18 20:17:16.196 15708 19060 I ReactNativeJS:   keyValid: true }
10-18 20:17:16.196 15708 19060 I ReactNativeJS: 'ðŸŽ¯ [FARE-CALC] Edge function URL:', 'https://whubaypabojomdyfqxcf.supabase.co/functions/v1/fare-calculation'
10-18 20:17:16.196 15708 19060 I ReactNativeJS: ðŸ“¡ [FARE-CALC] Making request to edge function...
10-18 20:17:16.197 15708 19060 I ReactNativeJS: 'ðŸ“¡ [FARE-CALC] Request body:', { pickup_latitude: 12.7485967,
10-18 20:17:16.197 15708 19060 I ReactNativeJS:   pickup_longitude: 77.8299667,
10-18 20:17:16.197 15708 19060 I ReactNativeJS:   destination_latitude: 12.8303987,
10-18 20:17:16.197 15708 19060 I ReactNativeJS:   destination_longitude: 77.86623689999999,
10-18 20:17:16.197 15708 19060 I ReactNativeJS:   vehicle_type: 'sedan',
10-18 20:17:16.197 15708 19060 I ReactNativeJS:   booking_type: 'regular' }
10-18 20:17:17.037 15708 19060 I ReactNativeJS: 'ðŸ“¡ [FARE-CALC] Edge function response status:', 200
10-18 20:17:17.041 15708 19060 I ReactNativeJS: 'ðŸ“Š [FARE-CALC] Edge function raw result for Bagalur:', { success: true,
10-18 20:17:17.041 15708 19060 I ReactNativeJS:   fareBreakdown: 
10-18 20:17:17.041 15708 19060 I ReactNativeJS:    { baseFare: 145,
10-18 20:17:17.041 15708 19060 I ReactNativeJS:      distanceFare: 164,
10-18 20:17:17.041 15708 19060 I ReactNativeJS:      timeFare: 0,
10-18 20:17:17.041 15708 19060 I ReactNativeJS:      surgeFare: 0,
10-18 20:17:17.041 15708 19060 I ReactNativeJS:      platformFee: 0,
10-18 20:17:17.041 15708 19060 I ReactNativeJS:      deadheadCharge: 138,
10-18 20:17:17.041 15708 19060 I ReactNativeJS:      totalFare: 447,
10-18 20:17:17.041 15708 19060 I ReactNativeJS:      distance: 10.55,
10-18 20:17:17.041 15708 19060 I ReactNativeJS:      duration: 15,
10-18 20:17:17.041 15708 19060 I ReactNativeJS:      deadheadDistance: 11.03 },
10-18 20:17:17.041 15708 19060 I ReactNativeJS:   config: 
10-18 20:17:17.041 15708 19060 I ReactNativeJS:    { vehicle_type: 'sedan',
10-18 20:17:17.041 15708 19060 I ReactNativeJS:      base_fare: 145,
10-18 20:17:17.041 15708 19060 I ReactNativeJS:      per_km_rate: 25,
