10-19 20:15:35.584  5589  5589 I ProactiveSuggestionsHolderManager: ProactiveSuggestionsHolderManager$2.display():195 Requesting to show proactive suggestions: AUTO_FILL PREEMPTIVE_WITH_SUPPRESSION
10-19 20:15:35.587  3458  3458 D ViewRootImpl: AppSizeAfterRelayout, size: Point(660, 121), rotation: ROTATION_0
10-19 20:15:35.587  3458  3458 D BufferQueueConsumer: [](id:d8200000231,api:0,p:-1,c:3458) connect: controlledByApp=false
10-19 20:15:35.587  3458  3458 D BLASTBufferQueue: [VRI[]#561](f:0,a:0) constructor()
10-19 20:15:35.587  3458  3458 D BLASTBufferQueue: [VRI[]#561](f:0,a:0) update width=660 height=121 format=-2 mTransformHint=0
10-19 20:15:35.588  5589  5589 D BufferQueueConsumer: [](id:15d50000090a,api:0,p:-1,c:5589) connect: controlledByApp=false
10-19 20:15:35.588  5589  5589 D BLASTBufferQueue: [SurfaceView[InputMethod]#2314](f:0,a:0) constructor()
10-19 20:15:35.588  5589  5589 D BLASTBufferQueue: [SurfaceView[InputMethod]#2314](f:0,a:0) update width=770 height=121 format=-2 mTransformHint=0
10-19 20:15:35.590  1870  2671 D BatteryStatsService: noteVideoSurfaceChanged  noteWhich: 49,arg1: 770, arg2: 121, arg3: 5589, arg4: 105641, name: com.google.android.inputmethod.latin
10-19 20:15:35.591  5589  5589 I ProactiveSuggestionsHolderManager: ProactiveSuggestionsHolderManager$Holder.setSuggestionsAndShow():898 succeed to show proactive suggestions AUTO_FILL PREEMPTIVE_WITH_SUPPRESSION
10-19 20:15:35.593  3458 31463 D BLASTBufferQueue: [VRI[]#561](f:0,a:1) acquireNextBufferLocked size=660x121 mFrameNumber=1 applyTransaction=true mTimestamp=647906231027078(auto) mPendingTransactions.size=0 graphicBufferId=14851996913495 transform=0
10-19 20:15:35.600  5589  5589 I KeyboardModeUtils: KeyboardModeUtils.getKeyboardBottomOffset():435 inch: 0.000000 ydpi: 387.429993 adjustKeyboardBottomByDisplaySize: false currentDensityDpi: 440 defaultDensityDpi: 440 keyboardBottomToScreenPx: 0 keyboardBottomToNavBarPx: -116 navBarHeight: 116
10-19 20:15:35.600  5589  5589 I KeyboardHeightUtil: KeyboardHeightUtil.calculateMaxKeyboardBodyHeight():50 leave 267 height for app when ime window height:2171, header height:121 and isFullscreenMode:false, so the max keyboard body height is:1783
10-19 20:15:35.600  5589  5589 I KeyboardHeightUtil: KeyboardHeightUtil.calculateMaxKeyboardBodyHeight():50 leave 267 height for app when ime window height:2171, header height:121 and isFullscreenMode:false, so the max keyboard body height is:1783
10-19 20:15:35.600  5589  5589 I AndroidIME: KeyboardViewManager.updateKeyboardBodyViewHolderPaddingBottom():472 Set finalPaddingBottom = 5 while holderPaddingBottom = 5; navigationHeight = 116
10-19 20:15:35.603  5589  5589 D BufferQueueConsumer: [](id:15d50000090b,api:0,p:-1,c:5589) connect: controlledByApp=false
10-19 20:15:35.603  5589  5589 D BLASTBufferQueue: [SurfaceView[InputMethod]#2315](f:0,a:0) constructor()
10-19 20:15:35.603  5589  5589 D BLASTBufferQueue: [SurfaceView[InputMethod]#2315](f:0,a:0) update width=660 height=121 format=-2 mTransformHint=0
10-19 20:15:35.605  1870  2718 D BatteryStatsService: noteVideoSurfaceChanged  noteWhich: 49,arg1: 660, arg2: 121, arg3: 5589, arg4: 110146, name: com.google.android.inputmethod.latin
10-19 20:15:35.607  5589  5657 D BLASTBufferQueue: [SurfaceView[InputMethod]#2315](f:0,a:1) acquireNextBufferLocked size=660x121 mFrameNumber=1 applyTransaction=true mTimestamp=647906245330771(auto) mPendingTransactions.size=0 graphicBufferId=24004572224937 transform=0
10-19 20:15:35.608  3458  3490 W id.ext.services: Reducing the number of considered missed Gc histogram windows from 221 to 100
10-19 20:15:35.608  1870  2718 D BatteryStatsService: noteVideoSurfaceChanged  noteWhich: 49,arg1: 330, arg2: 13, arg3: 5589, arg4: 110146, name: com.google.android.inputmethod.latin
10-19 20:15:35.609  1870  2718 D BatteryStatsService: noteVideoSurfaceChanged  noteWhich: 49,arg1: 770, arg2: 121, arg3: 5589, arg4: 105641, name: com.google.android.inputmethod.latin
10-19 20:15:35.617  1870  2859 D BatteryStatsService: noteVideoSurfaceChanged  noteWhich: 49,arg1: 402, arg2: 37, arg3: 5589, arg4: 110146, name: com.google.android.inputmethod.latin
10-19 20:15:35.621  3458  3492 W System  : A resource failed to call release. 
10-19 20:15:35.621  3458  3492 W System  : A resource failed to call release. 
10-19 20:15:35.621  3458  3492 W System  : A resource failed to call release. 
10-19 20:15:35.621  3458  3492 W System  : A resource failed to call release. 
10-19 20:15:35.621  3458  3492 W System  : A resource failed to call release. 
10-19 20:15:35.622  3458  3492 W System  : A resource failed to call release. 
10-19 20:15:35.622  3458  3492 W System  : A resource failed to call release. 
10-19 20:15:35.622  3458  3492 W System  : A resource failed to call release. 
10-19 20:15:35.622  3458  3492 W System  : A resource failed to call release. 
10-19 20:15:35.622  3458  3492 W System  : A resource failed to call release. 
10-19 20:15:35.622  3458  3492 W System  : A resource failed to call release. 
10-19 20:15:35.622  3458  3492 W System  : A resource failed to call release. 
10-19 20:15:35.622  3458  3492 W System  : A resource failed to call release. 
10-19 20:15:35.623  3458  3492 W System  : A resource failed to call release. 
10-19 20:15:35.623  3458  3492 W System  : A resource failed to call release. 
10-19 20:15:35.623  3458  3492 W System  : A resource failed to call release. 
10-19 20:15:35.625  3458  3492 W System  : A resource failed to call release. 
10-19 20:15:35.625  3458  3492 W System  : A resource failed to call release. 
10-19 20:15:35.627  3458  3492 W System  : A resource failed to call release. 
10-19 20:15:35.628  3458  3492 W System  : A resource failed to call release. 
10-19 20:15:35.630  3458  3492 W System  : A resource failed to call release. 
10-19 20:15:35.630  3458  3492 W System  : A resource failed to call release. 
10-19 20:15:35.630  3458  3492 W System  : A resource failed to call release. 
10-19 20:15:35.630  3458  3492 W System  : A resource failed to call release. 
10-19 20:15:35.634  1870  2859 D BatteryStatsService: noteVideoSurfaceChanged  noteWhich: 49,arg1: 464, arg2: 57, arg3: 5589, arg4: 110146, name: com.google.android.inputmethod.latin
10-19 20:15:35.652  1870  2859 D BatteryStatsService: noteVideoSurfaceChanged  noteWhich: 49,arg1: 514, arg2: 73, arg3: 5589, arg4: 110146, name: com.google.android.inputmethod.latin
10-19 20:15:35.668  1870  1997 D BatteryStatsService: noteVideoSurfaceChanged  noteWhich: 49,arg1: 560, arg2: 89, arg3: 5589, arg4: 110146, name: com.google.android.inputmethod.latin
10-19 20:15:35.685  1870  1997 D BatteryStatsService: noteVideoSurfaceChanged  noteWhich: 49,arg1: 598, arg2: 101, arg3: 5589, arg4: 110146, name: com.google.android.inputmethod.latin
10-19 20:15:35.702  1870  1997 D BatteryStatsService: noteVideoSurfaceChanged  noteWhich: 49,arg1: 624, arg2: 109, arg3: 5589, arg4: 110146, name: com.google.android.inputmethod.latin
10-19 20:15:35.719  1870  6192 D BatteryStatsService: noteVideoSurfaceChanged  noteWhich: 49,arg1: 646, arg2: 117, arg3: 5589, arg4: 110146, name: com.google.android.inputmethod.latin
10-19 20:15:35.736  1870  6192 D BatteryStatsService: noteVideoSurfaceChanged  noteWhich: 49,arg1: 658, arg2: 121, arg3: 5589, arg4: 110146, name: com.google.android.inputmethod.latin
10-19 20:15:35.752  1870  6192 D BatteryStatsService: noteVideoSurfaceChanged  noteWhich: 49,arg1: 660, arg2: 121, arg3: 5589, arg4: 110146, name: com.google.android.inputmethod.latin
10-19 20:15:36.305 21163 21163 D BoundBrokerSvc: onUnbind: Intent { act=com.google.android.gms.auth.service.START pkg=com.google.android.gms }
10-19 20:15:36.493 21104 21184 I FusedLocation: (REDACTED) location delivery to %s blocked - too fast
10-19 20:15:36.493 21104 21184 I FusedLocation: (REDACTED) location delivery to %s blocked - too close
10-19 20:15:36.493 21104 21184 I FusedLocation: (REDACTED) location delivery to %s blocked - too close
10-19 20:15:36.496 21104 21184 I FusedLocation: (REDACTED) location delivery to %s blocked - too close
10-19 20:15:36.502 21104  7486 I SemanticLocation: [InfMgr] No location reports after filtering [CONTEXT service_id=173 ]
10-19 20:15:36.731 21104 21188 W Settings: Setting airplane_mode_on has moved from android.provider.Settings.System to android.provider.Settings.Global, returning read-only value.
10-19 20:15:36.741 21104  7123 W SystemServiceRegistry: No service published for: wifirtt
10-19 20:15:36.785  5589  5589 I GoogleInputMethodService: GoogleInputMethodService.onFinishInputView():1571 onFinishInputView(false)
10-19 20:15:36.785  5589  5589 I GlobeKeyExtension: GlobeKeyExtension.onDeactivate():144 
10-19 20:15:36.785  5589  5589 W TooltipLifecycleManager: TooltipLifecycleManager.dismissTooltips():153 Tooltip with id SUGGESTION_VIEW_EDU_MINI_DIALOG not found in tooltipManager.
10-19 20:15:36.787  1870  3346 D BatteryStatsService: noteVideoSurfaceChanged  noteWhich: 49,arg1: -1, arg2: -1, arg3: 5589, arg4: 110146, name: com.google.android.inputmethod.latin
10-19 20:15:36.788  5589  5657 E BufferQueueProducer: [SurfaceView[InputMethod]#2315(BLAST Consumer)2315](id:15d50000090b,api:0,p:-1,c:5589) disconnect: not connected (req=1)
10-19 20:15:36.788  5589  5657 W libEGL  : EGLNativeWindowType 0xb4000077e027fae0 disconnect failed
10-19 20:15:36.789  5589  5589 D BLASTBufferQueue: [SurfaceView[InputMethod]#2315](f:0,a:1) destructor()
10-19 20:15:36.789  5589  5589 D BufferQueueConsumer: [SurfaceView[InputMethod]#2315(BLAST Consumer)2315](id:15d50000090b,api:0,p:-1,c:5589) disconnect
10-19 20:15:36.791  5589  5589 W TooltipLifecycleManager: TooltipLifecycleManager.dismissTooltips():153 Tooltip with id SUGGESTION_VIEW_EDU_MINI_DIALOG not found in tooltipManager.
10-19 20:15:36.791  5589  5589 I VoiceInputManagerWrapper: VoiceInputManagerWrapper.shutdown():131 shutdown()
10-19 20:15:36.792  5589  5589 W TooltipLifecycleManager: TooltipLifecycleManager.dismissTooltips():153 Tooltip with id spell_check_add_to_dictionary not found in tooltipManager.
10-19 20:15:36.796  5589  5589 D BLASTBufferQueue: [SurfaceView[InputMethod]#2314](f:0,a:0) destructor()
10-19 20:15:36.796  5589  5589 D BufferQueueConsumer: [SurfaceView[InputMethod]#2314(BLAST Consumer)2314](id:15d50000090a,api:0,p:-1,c:5589) disconnect
10-19 20:15:36.797  5589  5589 W TooltipLifecycleManager: TooltipLifecycleManager.dismissTooltips():153 Tooltip with id undo_access_point_promotion_banner not found in tooltipManager.
10-19 20:15:36.798  1870  6192 D BatteryStatsService: noteVideoSurfaceChanged  noteWhich: 49,arg1: -1, arg2: -1, arg3: 5589, arg4: 105641, name: com.google.android.inputmethod.latin
10-19 20:15:36.806 21104 21188 I ActivityScheduler: nextTriggerTime: 1329311169, in 5000ms, detectorType: 39, FULL_TYPE alarmWindowMillis: 625
10-19 20:15:36.815  5589  5589 I KeyboardModeUtils: KeyboardModeUtils.getKeyboardBottomOffset():435 inch: 0.000000 ydpi: 387.429993 adjustKeyboardBottomByDisplaySize: false currentDensityDpi: 440 defaultDensityDpi: 440 keyboardBottomToScreenPx: 0 keyboardBottomToNavBarPx: -116 navBarHeight: 116
10-19 20:15:36.815  5589  5589 I KeyboardHeightUtil: KeyboardHeightUtil.calculateMaxKeyboardBodyHeight():50 leave 267 height for app when ime window height:2171, header height:121 and isFullscreenMode:false, so the max keyboard body height is:1783
10-19 20:15:36.815  5589  5589 I KeyboardHeightUtil: KeyboardHeightUtil.calculateMaxKeyboardBodyHeight():50 leave 267 height for app when ime window height:2171, header height:121 and isFullscreenMode:false, so the max keyboard body height is:1783
10-19 20:15:36.815  5589  5589 I AndroidIME: KeyboardViewManager.updateKeyboardBodyViewHolderPaddingBottom():472 Set finalPaddingBottom = 5 while holderPaddingBottom = 5; navigationHeight = 116
10-19 20:15:36.861  5589  5589 I GoogleInputMethodService: GoogleInputMethodService.onFinishInput():2085 
10-19 20:15:36.862  5589  5589 I Module  : DeviceLockedStatusModuleProvider$Module.updateDeviceLockedStatus():100 repeatCheckTimes = 0, locked = false
10-19 20:15:36.862  5589  5589 W TooltipLifecycleManager: TooltipLifecycleManager.dismissTooltips():153 Tooltip with id SUGGESTION_VIEW_EDU_MINI_DIALOG not found in tooltipManager.
10-19 20:15:36.863  5589  5589 I GoogleInputMethodService: GoogleInputMethodService.onStartInput():1346 onStartInput(EditorInfo{EditorInfo{packageName=com.a1taxi.driverpro, inputType=0, inputTypeString=NULL, enableLearning=false, autoCorrection=false, autoComplete=false, imeOptions=0, privateImeOptions=null, actionName=UNSPECIFIED, actionLabel=null, initialSelStart=-1, initialSelEnd=-1, initialCapsMode=0, label=null, fieldId=0, fieldName=null, extras=null, hintText=null, hintLocales=[]}}, false)
10-19 20:15:36.863  5589  5589 I Module  : DeviceLockedStatusModuleProvider$Module.updateDeviceLockedStatus():100 repeatCheckTimes = 1, locked = false
10-19 20:15:36.863  5589  5589 I HardKeyTracker: HardKeyTracker.registerKeySequence():170 Register key sequence nfz{labelResId=0, callback=gds@45a50b9, lastModifier=0, keyCodes=[57, 57], actions=[1, 0]}
10-19 20:15:36.863  5589  5589 I HardKeyTracker: HardKeyTracker.registerKeySequence():170 Register key sequence nfz{labelResId=0, callback=gds@87c16ac, lastModifier=0, keyCodes=[58, 58], actions=[1, 0]}
10-19 20:15:36.884  5589  5589 I KeyboardModeUtils: KeyboardModeUtils.getKeyboardBottomOffset():435 inch: 0.000000 ydpi: 387.429993 adjustKeyboardBottomByDisplaySize: false currentDensityDpi: 440 defaultDensityDpi: 440 keyboardBottomToScreenPx: 0 keyboardBottomToNavBarPx: -116 navBarHeight: 116
10-19 20:15:36.884  5589  5589 I KeyboardHeightUtil: KeyboardHeightUtil.calculateMaxKeyboardBodyHeight():50 leave 267 height for app when ime window height:2171, header height:121 and isFullscreenMode:false, so the max keyboard body height is:1783
10-19 20:15:36.884  5589  5589 I KeyboardHeightUtil: KeyboardHeightUtil.calculateMaxKeyboardBodyHeight():50 leave 267 height for app when ime window height:2171, header height:121 and isFullscreenMode:false, so the max keyboard body height is:1783
10-19 20:15:36.884  5589  5589 I AndroidIME: KeyboardViewManager.updateKeyboardBodyViewHolderPaddingBottom():472 Set finalPaddingBottom = 5 while holderPaddingBottom = 5; navigationHeight = 116
10-19 20:15:37.021  3458  3458 V InlineSuggestionRenderService: Releasing inline suggestion view host
10-19 20:15:37.036  3458  3458 D BLASTBufferQueue: [VRI[]#561](f:0,a:4) destructor()
10-19 20:15:37.037  3458  3458 D BufferQueueConsumer: [VRI[]#561(BLAST Consumer)561](id:d8200000231,api:0,p:-1,c:3458) disconnect
10-19 20:15:37.041  3458  3458 V InlineSuggestionRenderService: Removed the inline suggestion from the cache, current size=0
10-19 20:15:37.401  5589  5589 W TooltipLifecycleManager: TooltipLifecycleManager.dismissTooltips():153 Tooltip with id undo_access_point_promotion_banner not found in tooltipManager.
10-19 20:15:37.433  5589  5589 D ViewRootImpl: AppSizeAfterRelayout, size: Point(1080, 2287), rotation: ROTATION_0
10-19 20:15:37.434  5589  5589 D BLASTBufferQueue: [VRI[InputMethod]#2309](f:0,a:4) destructor()
10-19 20:15:37.434  5589  5589 D BufferQueueConsumer: [VRI[InputMethod]#2309(BLAST Consumer)2309](id:15d500000905,api:0,p:-1,c:5589) disconnect
10-19 20:15:37.486 21104 21140 I WifiScanner: onFullResults
10-19 20:15:37.486 21104 21143 I WifiScanner: onFullResults
10-19 20:15:37.487 21104 21140 I WifiScanner: onFullResults
10-19 20:15:37.495 21104 21184 I FusedLocation: (REDACTED) location delivery to %s blocked - too fast
10-19 20:15:37.495 21104 21184 I FusedLocation: (REDACTED) location delivery to %s blocked - too close
10-19 20:15:37.495 21104 21184 I FusedLocation: (REDACTED) location delivery to %s blocked - too close
10-19 20:15:37.497 21104 21184 I FusedLocation: (REDACTED) location delivery to %s blocked - too fast
10-19 20:15:37.497 21104 21184 I FusedLocation: (REDACTED) location delivery to %s blocked - too close
10-19 20:15:37.497 21104 21184 I FusedLocation: (REDACTED) location delivery to %s blocked - too fast
10-19 20:15:37.504 21104  7448 I FrewleTileCacheManagerV: (REDACTED) Fetched %d AP models from cache
10-19 20:15:37.531 21104 21188 I ActivityScheduler: nextTriggerTime: 1329312842, in 5948ms, detectorType: 39, FULL_TYPE alarmWindowMillis: 625
10-19 20:15:37.534 21104 21184 I FusedLocation: (REDACTED) location delivery to %s blocked - too fast
10-19 20:15:37.534 21104 21184 I FusedLocation: (REDACTED) location delivery to %s blocked - too close
10-19 20:15:37.534 21104 21184 I FusedLocation: (REDACTED) location delivery to %s blocked - too close
10-19 20:15:37.535 21104 21184 I FusedLocation: (REDACTED) location delivery to %s blocked - too fast
10-19 20:15:37.535 21104 21184 I FusedLocation: (REDACTED) location delivery to %s blocked - too fast
10-19 20:15:37.535 21104 21184 I FusedLocation: (REDACTED) location delivery to %s blocked - too close
10-19 20:15:37.535 21104 21184 I FusedLocation: (REDACTED) location delivery to %s blocked - too fast
10-19 20:15:37.540 21104 21184 I fznc    : Received empty WiFi-RTT scan. [CONTEXT service_id=6 ]
10-19 20:15:38.688 21104 22003 I IPCThreadState: oneway function results for code 1 on binder at 0xb4000077d01da610 will be dropped but finished with status UNKNOWN_TRANSACTION and reply parcel size 80
10-19 20:15:39.919 21163 21163 D BoundBrokerSvc: onUnbind: Intent { act=com.google.android.gms.wallet.service.BIND pkg=com.google.android.gms }
10-19 20:15:42.489 21104 21188 W Settings: Setting airplane_mode_on has moved from android.provider.Settings.System to android.provider.Settings.Global, returning read-only value.
10-19 20:15:42.500 21104  7448 W SystemServiceRegistry: No service published for: wifirtt
10-19 20:15:42.501 21104 21184 I FusedLocation: (REDACTED) location delivery to %s blocked - too fast
10-19 20:15:42.501 21104 21184 I FusedLocation: (REDACTED) location delivery to %s blocked - too close
10-19 20:15:42.501 21104 21184 I FusedLocation: (REDACTED) location delivery to %s blocked - too close
10-19 20:15:42.503 21104 21184 I FusedLocation: (REDACTED) location delivery to %s blocked - too close
10-19 20:15:42.503 21104 21184 I FusedLocation: (REDACTED) location delivery to %s blocked - too fast
10-19 20:15:42.511 21104 22003 I WifiScanner: onFullResults
10-19 20:15:42.511 21104 21140 I WifiScanner: onFullResults
10-19 20:15:42.511 21104 21143 I WifiScanner: onFullResults
10-19 20:15:42.537 21104 21188 I ActivityScheduler: nextTriggerTime: 1329316900, in 5000ms, detectorType: 39, FULL_TYPE alarmWindowMillis: 625
10-19 20:15:42.540 21104  7448 I FrewleTileCacheManagerV: (REDACTED) Fetched %d AP models from cache
10-19 20:15:42.555 21104 21188 I ActivityScheduler: nextTriggerTime: 1329317871, in 5953ms, detectorType: 39, FULL_TYPE alarmWindowMillis: 625
10-19 20:15:42.556 21104 21184 I FusedLocation: (REDACTED) location delivery to %s blocked - too fast
10-19 20:15:42.556 21104 21184 I FusedLocation: (REDACTED) location delivery to %s blocked - too close
10-19 20:15:42.556 21104 21184 I FusedLocation: (REDACTED) location delivery to %s blocked - too close
10-19 20:15:42.557 21104 21184 I FusedLocation: (REDACTED) location delivery to %s blocked - too fast
10-19 20:15:42.557 21104 21184 I FusedLocation: (REDACTED) location delivery to %s blocked - too fast
10-19 20:15:42.557 21104 21184 I FusedLocation: (REDACTED) location delivery to %s blocked - too close
10-19 20:15:42.557 21104 21184 I FusedLocation: (REDACTED) location delivery to %s blocked - too fast
10-19 20:15:42.558 21104 21184 I fznc    : Received empty WiFi-RTT scan. [CONTEXT service_id=6 ]
10-19 20:15:43.658  7096  7120 I native  : I0000 00:00:1760885143.658502    7120 soda_async_impl.cc:1383] Current audio timestamp: 1760885143543258
10-19 20:15:43.658  5589  5589 I GoogleInputMethodService: GoogleInputMethodService.onFinishInput():2085 
10-19 20:15:43.660  5589  5589 I Module  : DeviceLockedStatusModuleProvider$Module.updateDeviceLockedStatus():100 repeatCheckTimes = 0, locked = false
10-19 20:15:43.661  5589  5589 I GoogleInputMethodService: GoogleInputMethodService.onStartInput():1346 onStartInput(EditorInfo{EditorInfo{packageName=com.a1taxi.driverpro, inputType=0, inputTypeString=NULL, enableLearning=false, autoCorrection=false, autoComplete=false, imeOptions=0, privateImeOptions=null, actionName=UNSPECIFIED, actionLabel=null, initialSelStart=-1, initialSelEnd=-1, initialCapsMode=0, label=null, fieldId=0, fieldName=null, extras=null, hintText=null, hintLocales=[]}}, false)
10-19 20:15:43.663  5589  5589 I Module  : DeviceLockedStatusModuleProvider$Module.updateDeviceLockedStatus():100 repeatCheckTimes = 1, locked = false
10-19 20:15:43.856  7096  7126 W ProxyAndroidLoggerBackend: Too many Flogger logs received before configuration. Dropping old logs.
10-19 20:15:47.303 14485 14485 I bnlz    : onStart
10-19 20:15:47.307 14485 14485 I bldh    : (REDACTED) [%s] onStart()
10-19 20:15:47.307 14485 14485 I blfn    : Reloading theme data
10-19 20:15:47.307 14485 14485 I bnlz    : onResume
10-19 20:15:47.322 14485 14485 D VRI[Launcher]: visibilityChanged oldVisibility=false newVisibility=true
10-19 20:15:47.335 14485 14485 D ViewRootImpl: AppSizeAfterRelayout, size: Point(1080, 2392), rotation: ROTATION_0
10-19 20:15:47.336 14485 14485 D BufferQueueConsumer: [](id:3895000000e0,api:0,p:-1,c:14485) connect: controlledByApp=false
10-19 20:15:47.336 14485 14485 D BLASTBufferQueue: [VRI[Launcher]#224](f:0,a:0) constructor()
10-19 20:15:47.336 14485 14485 D BLASTBufferQueue: [VRI[Launcher]#224](f:0,a:0) update width=1080 height=2392 format=-2 mTransformHint=0
10-19 20:15:47.342 14485 14785 D BLASTBufferQueue: [VRI[Launcher]#224](f:0,a:1) acquireNextBufferLocked size=1080x2392 mFrameNumber=1 applyTransaction=true mTimestamp=647917980508541(auto) mPendingTransactions.size=0 graphicBufferId=62212601284129 transform=0
10-19 20:15:47.478 21104 21184 I FusedLocation: (REDACTED) location delivery to %s blocked - too fast
10-19 20:15:47.478 21104 21184 I FusedLocation: (REDACTED) location delivery to %s blocked - too close
10-19 20:15:47.479 21104 21184 I FusedLocation: (REDACTED) location delivery to %s blocked - too close
10-19 20:15:47.481 21104 21184 I FusedLocation: (REDACTED) location delivery to %s blocked - too close
10-19 20:15:47.482 21104 21184 I FusedLocation: (REDACTED) location delivery to %s blocked - too fast
10-19 20:15:47.512 21104 21188 W Settings: Setting airplane_mode_on has moved from android.provider.Settings.System to android.provider.Settings.Global, returning read-only value.
10-19 20:15:47.515 21104  7486 W SystemServiceRegistry: No service published for: wifirtt
10-19 20:15:47.554 21104 21188 I ActivityScheduler: nextTriggerTime: 1329321918, in 5000ms, detectorType: 39, FULL_TYPE alarmWindowMillis: 625
10-19 20:15:47.856 14485 14485 I bnft    : (REDACTED) onApplyWindowInsets: systemWindowInsets=%s
10-19 20:15:47.857 14485 14485 I bnft    : (REDACTED) onApplyWindowInsets: systemWindowInsets=%s
10-19 20:15:47.876  5589  5589 I GoogleInputMethodService: GoogleInputMethodService.onFinishInput():2085 
10-19 20:15:47.877  5589  5589 I Module  : DeviceLockedStatusModuleProvider$Module.updateDeviceLockedStatus():100 repeatCheckTimes = 0, locked = false
10-19 20:15:47.877  5589  5589 I GoogleInputMethodService: GoogleInputMethodService.onStartInput():1346 onStartInput(EditorInfo{EditorInfo{packageName=com.android.launcher3, inputType=0, inputTypeString=NULL, enableLearning=false, autoCorrection=false, autoComplete=false, imeOptions=0, privateImeOptions=null, actionName=UNSPECIFIED, actionLabel=null, initialSelStart=-1, initialSelEnd=-1, initialCapsMode=0, label=null, fieldId=0, fieldName=null, extras=null, hintText=null, hintLocales=[]}}, false)
10-19 20:15:47.878  5589  5589 I Module  : DeviceLockedStatusModuleProvider$Module.updateDeviceLockedStatus():100 repeatCheckTimes = 1, locked = false
10-19 20:15:48.017 21104 21143 I WifiScanner: onFullResults
10-19 20:15:48.017 21104 21140 I WifiScanner: onFullResults
10-19 20:15:48.017 21104 22003 I WifiScanner: onFullResults
10-19 20:15:48.029 21104  7586 I FrewleTileCacheManagerV: (REDACTED) Fetched %d AP models from cache
10-19 20:15:48.057 21104 21188 I ActivityScheduler: nextTriggerTime: 1329323372, in 5952ms, detectorType: 39, FULL_TYPE alarmWindowMillis: 625
10-19 20:15:48.060 21104 21184 I FusedLocation: (REDACTED) location delivery to %s blocked - too fast
10-19 20:15:48.060 21104 21184 I FusedLocation: (REDACTED) location delivery to %s blocked - too close
10-19 20:15:48.060 21104 21184 I FusedLocation: (REDACTED) location delivery to %s blocked - too close
10-19 20:15:48.061 21104 21184 I FusedLocation: (REDACTED) location delivery to %s blocked - too fast
10-19 20:15:48.061 21104 21184 I FusedLocation: (REDACTED) location delivery to %s blocked - too fast
10-19 20:15:48.061 21104 21184 I FusedLocation: (REDACTED) location delivery to %s blocked - too close
10-19 20:15:48.061 21104 21184 I FusedLocation: (REDACTED) location delivery to %s blocked - too fast
10-19 20:15:48.062 21104 21184 I fznc    : Received empty WiFi-RTT scan. [CONTEXT service_id=6 ]
10-19 20:15:48.422 21163 21163 D BoundBrokerSvc: onUnbind: Intent { act=com.google.android.gms.auth.api.phone.service.InternalService.START dat=chimera-action:/... cmp=com.google.android.gms/.chimera.GmsInternalApiService }
10-19 20:15:50.395 14485 14485 I bnft    : (REDACTED) onApplyWindowInsets: systemWindowInsets=%s
10-19 20:15:50.395 14485 14485 I bnft    : (REDACTED) onApplyWindowInsets: systemWindowInsets=%s
10-19 20:15:50.474 14485 14485 I bnlz    : onPause
10-19 20:15:50.490 14485 26446 V ClearcutMetricXmitter: Transmission is done.
10-19 20:15:50.505  5589  5589 I GoogleInputMethodService: GoogleInputMethodService.onFinishInput():2085 
10-19 20:15:50.506  5589  5589 I Module  : DeviceLockedStatusModuleProvider$Module.updateDeviceLockedStatus():100 repeatCheckTimes = 0, locked = false
10-19 20:15:50.506  5589  5589 I GoogleInputMethodService: GoogleInputMethodService.onStartInput():1346 onStartInput(EditorInfo{EditorInfo{packageName=com.a1taxi.a1taxicustomer, inputType=0, inputTypeString=NULL, enableLearning=false, autoCorrection=false, autoComplete=false, imeOptions=0, privateImeOptions=null, actionName=UNSPECIFIED, actionLabel=null, initialSelStart=-1, initialSelEnd=-1, initialCapsMode=0, label=null, fieldId=0, fieldName=null, extras=null, hintText=null, hintLocales=[]}}, false)
10-19 20:15:50.507  5589  5589 I Module  : DeviceLockedStatusModuleProvider$Module.updateDeviceLockedStatus():100 repeatCheckTimes = 1, locked = false
10-19 20:15:50.908 14485 14485 D VRI[Launcher]: visibilityChanged oldVisibility=true newVisibility=false
10-19 20:15:50.928 14485 14485 D ViewRootImpl: AppSizeAfterRelayout, size: Point(1080, 2392), rotation: ROTATION_0
10-19 20:15:50.928 14485 14485 D BLASTBufferQueue: [VRI[Launcher]#224](f:0,a:3) destructor()
10-19 20:15:50.928 14485 14485 D BufferQueueConsumer: [VRI[Launcher]#224(BLAST Consumer)224](id:3895000000e0,api:0,p:-1,c:14485) disconnect
10-19 20:15:50.950 14485 14485 I bnlz    : onStop
10-19 20:15:51.267 21104  7162 I FusedOrientationManager: Registering orientation client. [CONTEXT service_id=6 ]
10-19 20:15:51.274 21104 21188 I ActivityScheduler: nextTriggerTime: 1329316918, in -3720ms, detectorType: 39, FULL_TYPE alarmWindowMillis: 0
10-19 20:15:51.278 21104  7593 I FusedOrientationManager: Registering orientation client. [CONTEXT service_id=6 ]
10-19 20:15:51.285 21104 21188 I ActivityScheduler: nextTriggerTime: 1329323372, in 2724ms, detectorType: 39, FULL_TYPE alarmWindowMillis: 625
10-19 20:15:51.468 21104 21184 I FusedLocation: (REDACTED) location delivery to %s blocked - too fast
10-19 20:15:51.469 21104 21184 I FusedLocation: (REDACTED) location delivery to %s blocked - too close
10-19 20:15:51.470 21104 21184 I FusedLocation: (REDACTED) location delivery to %s blocked - too fast
10-19 20:15:51.536 21104  7448 I TFLite-in-PlayServices: Created interpreter.
10-19 20:15:51.563 21104  7448 I TFLite-in-PlayServices: Created interpreter.
10-19 20:15:51.589 21104  7448 I SemanticLocation: (REDACTED) [Inferrer] %s%s
10-19 20:15:52.160 21104  7422 I PhenotypeResourceReader: unable to find any Phenotype resource metadata for com.a1taxi.a1taxicustomer
10-19 20:15:52.177  1870  2895 D BatteryStatsService: noteVideoSurfaceChanged  noteWhich: 49,arg1: 1080, arg2: 2056, arg3: 4859, arg4: 2005, name: com.a1taxi.a1taxicustomer
10-19 20:15:52.719 21104  7162 I FusedOrientationManager: Registering orientation client. [CONTEXT service_id=6 ]
10-19 20:15:52.731 21104 21188 I ActivityScheduler: nextTriggerTime: 1329316918, in -5176ms, detectorType: 39, FULL_TYPE alarmWindowMillis: 0
10-19 20:15:52.736 21104  7162 I FusedOrientationManager: Registering orientation client. [CONTEXT service_id=6 ]
10-19 20:15:52.744 21104 21188 I ActivityScheduler: nextTriggerTime: 1329323372, in 1265ms, detectorType: 39, FULL_TYPE alarmWindowMillis: 625
10-19 20:15:53.016 21104 21188 W Settings: Setting airplane_mode_on has moved from android.provider.Settings.System to android.provider.Settings.Global, returning read-only value.
10-19 20:15:53.020 21104  7448 W SystemServiceRegistry: No service published for: wifirtt
10-19 20:15:53.036 21104 21143 I WifiScanner: onFullResults
10-19 20:15:53.036 21104 21140 I WifiScanner: onFullResults
10-19 20:15:53.036 21104 21250 I WifiScanner: onFullResults
10-19 20:15:53.057 21104 21188 I ActivityScheduler: nextTriggerTime: 1329327420, in 5000ms, detectorType: 39, FULL_TYPE alarmWindowMillis: 625
10-19 20:15:53.061 21104  7486 I FrewleTileCacheManagerV: (REDACTED) Fetched %d AP models from cache
10-19 20:15:53.073 21104 21188 I ActivityScheduler: nextTriggerTime: 1329328394, in 5958ms, detectorType: 39, FULL_TYPE alarmWindowMillis: 625
10-19 20:15:53.074 21104 21184 I FusedLocation: (REDACTED) location delivery to %s blocked - too fast
10-19 20:15:53.074 21104 21184 I FusedLocation: (REDACTED) location delivery to %s blocked - too fast
10-19 20:15:53.074 21104 21184 I FusedLocation: (REDACTED) location delivery to %s blocked - too close
10-19 20:15:53.075 21104 21184 I FusedLocation: (REDACTED) location delivery to %s blocked - too fast
10-19 20:15:53.075 21104 21184 I FusedLocation: (REDACTED) location delivery to %s blocked - too fast
10-19 20:15:53.077 21104 21184 I fznc    : Received empty WiFi-RTT scan. [CONTEXT service_id=6 ]
10-19 20:15:53.178  1870  6192 D BatteryStatsService: noteVideoSurfaceChanged  noteWhich: 49,arg1: -1, arg2: -1, arg3: 4859, arg4: 2005, name: com.a1taxi.a1taxicustomer
10-19 20:15:53.515 21104 21184 I FusedLocation: (REDACTED) location delivery to %s blocked - too fast
10-19 20:15:53.516 21104 21184 I FusedLocation: (REDACTED) location delivery to %s blocked - too fast
10-19 20:15:53.516 21104 21184 I FusedLocation: (REDACTED) location delivery to %s blocked - too close
10-19 20:15:53.518 21104 21184 I FusedLocation: (REDACTED) location delivery to %s blocked - too fast
10-19 20:15:53.518 21104 21184 I FusedLocation: (REDACTED) location delivery to %s blocked - too fast
10-19 20:15:53.518 21104 21184 I FusedLocation: (REDACTED) location delivery to %s blocked - too fast
10-19 20:15:53.518 21104 21184 I FusedLocation: (REDACTED) location delivery to %s blocked - too fast
10-19 20:15:53.872  5589  5589 I GoogleInputMethodService: GoogleInputMethodService.onFinishInput():2085 
10-19 20:15:53.873  5589  5589 I Module  : DeviceLockedStatusModuleProvider$Module.updateDeviceLockedStatus():100 repeatCheckTimes = 0, locked = false
10-19 20:15:53.873  5589  5589 I GoogleInputMethodService: GoogleInputMethodService.onStartInput():1346 onStartInput(EditorInfo{EditorInfo{packageName=com.a1taxi.a1taxicustomer, inputType=4001, inputTypeString=Normal[CapSentences], enableLearning=true, autoCorrection=true, autoComplete=true, imeOptions=3, privateImeOptions=null, actionName=SEARCH, actionLabel=null, initialSelStart=0, initialSelEnd=0, initialCapsMode=2000, label=null, fieldId=5779, fieldName=null, extras=Bundle[mParcelledData.dataSize=404], hintText=non-empty, hintLocales=[]}}, false)
10-19 20:15:53.875  5589  5589 I Module  : DeviceLockedStatusModuleProvider$Module.updateDeviceLockedStatus():100 repeatCheckTimes = 1, locked = false
10-19 20:15:55.196  5589  5589 I StylusModule: StylusModule.onUpdateToolType():800 Update tool type = 1
10-19 20:15:55.197  5589  5589 I GoogleInputMethodService: GoogleInputMethodService.onStartInputView():1439 onStartInputView(EditorInfo{EditorInfo{packageName=com.a1taxi.a1taxicustomer, inputType=4001, inputTypeString=Normal[CapSentences], enableLearning=true, autoCorrection=true, autoComplete=true, imeOptions=3, privateImeOptions=null, actionName=SEARCH, actionLabel=null, initialSelStart=0, initialSelEnd=0, initialCapsMode=2000, label=null, fieldId=5779, fieldName=null, extras=Bundle[{android.support.text.emoji.emojiCompat_metadataVersion=11, androidx.core.view.inputmethod.EditorInfoCompat.STYLUS_HANDWRITING_ENABLED=true, android.support.text.emoji.emojiCompat_replaceAll=false}], hintText=non-empty, hintLocales=[]}}, false)
10-19 20:15:55.198  5589  5589 I KeyboardHeightUtil: KeyboardHeightUtil.getOemKeyboardHeightRatio():108 systemKeyboardHeightRatio:1.000000.
10-19 20:15:55.199  5589  5589 I AndroidIME: InputBundleManager.loadActiveInputBundleId():528 loadActiveInputBundleId: en-US, ime_english_united_states
10-19 20:15:55.199  5589  5589 I AndroidIME: AbstractIme.onActivate():96 LatinIme.onActivate() : EditorInfo = EditorInfo{packageName=com.a1taxi.a1taxicustomer, inputType=4001, inputTypeString=Normal[CapSentences], enableLearning=true, autoCorrection=true, autoComplete=true, imeOptions=3, privateImeOptions=null, actionName=SEARCH, actionLabel=null, initialSelStart=0, initialSelEnd=0, initialCapsMode=2000, label=null, fieldId=5779, fieldName=null, extras=Bundle[{android.support.text.emoji.emojiCompat_metadataVersion=11, androidx.core.view.inputmethod.EditorInfoCompat.STYLUS_HANDWRITING_ENABLED=true, android.support.text.emoji.emojiCompat_replaceAll=false}], hintText=non-empty, hintLocales=[]}, IncognitoMode = false, DeviceLocked = false
10-19 20:15:55.199  5589  5589 I InputBundle: InputBundle.consumeEvent():1032 Skip consuming an event as keyboard status is INACTIVE
10-19 20:15:55.200  5589  5589 I Delight5Facilitator: Delight5Facilitator.initializeForIme():740 initializeForIme() : Locale = [en_US], layout = qwerty
10-19 20:15:55.201  5589  5589 I LatinIme: LatinIme.updateEnableInlineSuggestionsOnDecoderSideFlags():1247 inline flag updated to:false
10-19 20:15:55.201  5589  5589 I LatinIme: LatinIme.updateEnableInlineSuggestionsOnDecoderSideFlags():1247 inline flag updated to:false
10-19 20:15:55.205  5589  5589 I InputBundle: InputBundle.consumeEvent():1032 Skip consuming an event as keyboard status is INACTIVE
10-19 20:15:55.206  5589  5589 I LatinIme: LatinIme.resetInputContext():2251 resetInputContext(): reason=1, externalEditsInfo=ExternalEditsInfo{action=0, offset=-1, text=null, originalText=null, edits=null}
10-19 20:15:55.206  5589  5589 I InputBundle: InputBundle.consumeEvent():1032 Skip consuming an event as keyboard status is INACTIVE
10-19 20:15:55.207  5589  5589 I KeyboardWrapper: KeyboardWrapper.activateKeyboard():581 activateKeyboard(): type=prime, status=INACTIVE, imeDef=mkk{stringId=ime_english_united_states, language=en-US, languageTag=en-US, processedConditions={writing_helper_enable_by_word_revert=false, true=true, enable_number_row=true, device=phone, enable_pk_simulator=false}, className=com.google.android.apps.inputmethod.libs.latin5.LatinIme, label=0, keyEventInterpreter=null, inlineComposing=true, autoCapital=true, announceAutoSelectedCandidate=true, statusIcon=0, indicatorIcon=0, indicatorLabel=US, displayAppCompletions=true, extraValues=mkd{#0x7f0b02e0=TypedValue{t=0x3/d=0x0 "com.google.android.apps.inputmethod.libs.latin5.LatinIme"}}, processors=mmb@7d3d911, unacceptableMetaKeys=4098, languageSpecificSettings=0, asciiCapable=true, alwaysShowSuggestions=false, useAsciiPasswordKeyboard=false, keyboardGroupDef=mlk@9ed8bf6, phenotypeFlagId=0, localizationLanguageTag=null, supportsInlineSuggestion=true}
10-19 20:15:55.207  5589  5589 I KeyboardManager: KeyboardManager.requestKeyboard():248 Creating keyboard prime, imeId=ime_english_united_states, cacheKey=theme,!gsf,!pgsans,!pgsf,!use_system_font,BORDER,FLAVOR_DPI=XXHDPI,GOOGLE_ICONS,KEYBOARD_WIDTH_CATEGORY=NORMAL,KEY_BORDER_SHAPE=1,LIGHT_THEME=false,PHYSICAL_DIAGONAL=5.748144,POPUP,SCREEN_SHORTEST_WIDTH=393,SCREEN_SHORTEST_WIDTH_NO_SCALE=393,XXHDPI,bottom4dp,enable_emoji_kitchen_browse_color_v2=true,enable_google_fonts_icons=true,enable_popup_on_keypress=true,keyboard_redesign_google_sans=true,non_linear_scale,noshadow,overlay_builtin_dynamic_color_dark_base.binarypb:gm3-dark-ff131313-ffffffff-4d9204e36e3ccb6a165e3e3dbe763ce0,roundedchip,silkpopup
10-19 20:15:55.207  5589  5589 I KeyboardWrapper: KeyboardWrapper.onKeyboardReady():224 onKeyboardReady(): type=prime(prime), kb=com.google.android.apps.inputmethod.latin.keyboard.LatinPrimeKeyboard@5f2e513
10-19 20:15:55.207  5589  5589 I KeyboardWrapper: KeyboardWrapper.doActivateKeyboard():611 doActivateKeyboard(): prime
10-19 20:15:55.220  5589  5589 I KeyboardViewHelper: KeyboardViewHelper.getView():180 Get view with height ratio:1.000000
10-19 20:15:55.221  5589  5589 I KeyboardHeightUtil: KeyboardHeightUtil.calculateMaxKeyboardBodyHeight():50 leave 267 height for app when ime window height:2171, header height:121 and isFullscreenMode:false, so the max keyboard body height is:1783
10-19 20:15:55.221  5589  5589 W TooltipLifecycleManager: TooltipLifecycleManager.dismissTooltips():153 Tooltip with id undo_access_point_promotion_banner not found in tooltipManager.
10-19 20:15:55.222  5589  5589 I KeyboardModeUtils: KeyboardModeUtils.getKeyboardBottomOffset():435 inch: 0.000000 ydpi: 387.429993 adjustKeyboardBottomByDisplaySize: false currentDensityDpi: 440 defaultDensityDpi: 440 keyboardBottomToScreenPx: 0 keyboardBottomToNavBarPx: -116 navBarHeight: 116
10-19 20:15:55.222  5589  5589 I KeyboardHeightUtil: KeyboardHeightUtil.calculateMaxKeyboardBodyHeight():50 leave 267 height for app when ime window height:2171, header height:121 and isFullscreenMode:false, so the max keyboard body height is:1783
10-19 20:15:55.222  5589  5589 I KeyboardHeightUtil: KeyboardHeightUtil.calculateMaxKeyboardBodyHeight():50 leave 267 height for app when ime window height:2171, header height:121 and isFullscreenMode:false, so the max keyboard body height is:1783
10-19 20:15:55.222  5589  5589 I AndroidIME: KeyboardViewManager.updateKeyboardBodyViewHolderPaddingBottom():472 Set finalPaddingBottom = 5 while holderPaddingBottom = 5; navigationHeight = 116
10-19 20:15:55.222  5589  5589 I KeyboardHeightUtil: KeyboardHeightUtil.calculateMaxKeyboardBodyHeight():50 leave 267 height for app when ime window height:2171, header height:121 and isFullscreenMode:false, so the max keyboard body height is:1783
10-19 20:15:55.222  5589  5589 I KeyboardHeightUtil: KeyboardHeightUtil.calculateMaxKeyboardBodyHeight():50 leave 267 height for app when ime window height:2171, header height:121 and isFullscreenMode:false, so the max keyboard body height is:1783
10-19 20:15:55.222  5589  5589 I KeyboardModeUtils: KeyboardModeUtils.getKeyboardBottomOffset():435 inch: 0.000000 ydpi: 387.429993 adjustKeyboardBottomByDisplaySize: false currentDensityDpi: 440 defaultDensityDpi: 440 keyboardBottomToScreenPx: 0 keyboardBottomToNavBarPx: -116 navBarHeight: 116
10-19 20:15:55.222  5589  5589 I KeyboardHeightUtil: KeyboardHeightUtil.calculateMaxKeyboardBodyHeight():50 leave 267 height for app when ime window height:2171, header height:121 and isFullscreenMode:false, so the max keyboard body height is:1783
10-19 20:15:55.223  5589  5589 I KeyboardHeightUtil: KeyboardHeightUtil.calculateMaxKeyboardBodyHeight():50 leave 267 height for app when ime window height:2171, header height:121 and isFullscreenMode:false, so the max keyboard body height is:1783
10-19 20:15:55.223  5589  5589 I AndroidIME: KeyboardViewManager.updateKeyboardBodyViewHolderPaddingBottom():472 Set finalPaddingBottom = 5 while holderPaddingBottom = 5; navigationHeight = 116
10-19 20:15:55.223  5589  5589 I KeyboardHeightUtil: KeyboardHeightUtil.calculateMaxKeyboardBodyHeight():50 leave 267 height for app when ime window height:2171, header height:121 and isFullscreenMode:false, so the max keyboard body height is:1783
10-19 20:15:55.223  5589  5589 I KeyboardHeightUtil: KeyboardHeightUtil.calculateMaxKeyboardBodyHeight():50 leave 267 height for app when ime window height:2171, header height:121 and isFullscreenMode:false, so the max keyboard body height is:1783
10-19 20:15:55.223  5589  5589 I GlobeKeyExtension: GlobeKeyExtension.getKeyboardInitialStates():175 
10-19 20:15:55.223  5589  5589 W Keyboard: Keyboard.getKeyboardViewHelper():609 null helper is returned: keyboardDef=mle{processedConditions={show_comma_key=true, enable_more_candidates_view_for_multilingual=false, layout_9key_split=false, enable_secondary_symbols=false, pref_enable_flick_symbols=false, language=en-US, deprecate_long_press_space_for_ime_picker=false, expressions=normal, enable_flick_symbols=true, variant=qwerty, show_period_key=true, enable_number_row=true, device=phone, keyboard_mode=normal, show_secondary_digits=false, enable_preemptive_decode=true, enable_pk_simulator=false, bottom_period_popup_slash=false}, globalConditions={global_theme_key=theme,!gsf,!pgsans,!pgsf,!use_system_font,BORDER,FLAVOR_DPI=XXHDPI,GOOGLE_ICONS,KEYBOARD_WIDTH_CATEGORY=NORMAL,KEY_BORDER_SHAPE=1,LIGHT_THEME=false,PHYSICAL_DIAGONAL=5.748144,POPUP,SCREEN_SHORTEST_WIDTH=393,SCREEN_SHORTEST_WIDTH_NO_SCALE=393,XXHDPI,bottom4dp,enable_emoji_kitchen_browse_color_v2=true,enable_google_fonts_icons=true,enable_popup_on_keypress=true,keyboard_redesign_google_sans=true,non_linear_scale,noshadow,overlay_builtin_dynamic_color_dark_base.binarypb:gm3-dark-ff131313-ffffffff-4d9204e36e3ccb6a165e3e3dbe763ce0,roundedchip,silkpopup, global_locale=en_US, global_density_dpi=440, global_orientation=1}, className=.latin.keyboard.LatinPrimeKeyboard, resourceIds=[#0x7f1705fb, #0x7f17088d], initialStates=0, keyboardViewDefs=[mls{direction=null, id=#0x7f0b0224, isScalable=true, layoutId=#0x7f0e029f, type=BODY, touchable=true, defaultShow=true}, mls{direction=null, id=#0x7f0b0224, isScalable=false, layoutId=#0x7f0e01f9, type=FLOATING_CANDIDATES, touchable=false, defaultShow=false}, mls{direction=LOCALE, id=#0x7f0b0224, isScalable=false, layoutId=#0x7f0e0500, type=HEADER, touchable=true, defaultShow=true}], persistentStates=0, persistentStatesPrefKey=null, popupBubbleLayoutId=#0x7f0e05f1, recentKeyLayoutId=0, recentKeyPopupLayoutId=0, recentKeyType=null, rememberRecentKey=NONE, sessionStates=17592186044419}, type=WIDGET, helpersCreated=[lxm@939c0f4, lxm@719b01d, lxm@d070292, null], context.getResources().getConfiguration(): {1.0 405mcc869mnc [en_US] ldltr sw393dp w393dp h790dp 440dpi nrml long port night finger -keyb/v/h -nav/h winConfig={ mBounds=Rect(0, 0 - 1080, 2392) mAppBounds=Rect(0, 103 - 1080, 2276) mMaxBounds=Rect(0, 0 - 1080, 2392) mDisplayRotation=ROTATION_0 mWindowingMode=fullscreen mActivityType=undefined mAlwaysOnTop=undefined mRotation=ROTATION_0 isEmbedding:false} s.5420 fontWeightAdjustment=0 themeId=2 themeParameter=0 nightModeLevel = -1 typefaceChanged=0.0 ?spacesystem eaMode=1}
10-19 20:15:55.223  5589  5589 I KeyboardHeightUtil: KeyboardHeightUtil.calculateMaxKeyboardBodyHeight():50 leave 267 height for app when ime window height:2171, header height:121 and isFullscreenMode:false, so the max keyboard body height is:1783
10-19 20:15:55.226  5589  5589 I AndroidIME: InputBundleManager.startInput():358 startInput() with mlo[keyboardType=prime, payload=null]
10-19 20:15:55.227  5589  5589 I GlobeKeyExtension: GlobeKeyExtension.onActivate():120 
10-19 20:15:55.228  5589  5589 I LanguagePromoExtension: LanguagePromoExtension.checkDisplayPreconditions():174 Not show language promo: exceeds the max display times.
10-19 20:15:55.228  5589  5589 I HardKeyTracker: HardKeyTracker.unregisterKeySequence():221 Unregister key sequence nfz{labelResId=2132020497, callback=cgp@1070407, lastModifier=2, keyCodes=[56], actions=[0]}
10-19 20:15:55.228  5589  5589 I HardKeyTracker: HardKeyTracker.unregisterKeySequence():221 Unregister key sequence nfz{labelResId=2132020497, callback=cgp@f5a24d2, lastModifier=0, keyCodes=[317], actions=[0]}
10-19 20:15:55.228  5589  5589 I HardKeyTracker: HardKeyTracker.registerKeySequence():170 Register key sequence nfz{labelResId=2132020497, callback=cgp@744f064, lastModifier=2, keyCodes=[56], actions=[0]}
10-19 20:15:55.228  5589  5589 I HardKeyTracker: HardKeyTracker.registerKeySequence():170 Register key sequence nfz{labelResId=2132020497, callback=cgp@c1f8e93, lastModifier=0, keyCodes=[317], actions=[0]}
10-19 20:15:55.228  5589  5589 I VoiceInputManagerWrapper: VoiceInputManagerWrapper.cancelShutdown():109 cancelShutdown()
10-19 20:15:55.228  5589  5589 I VoiceInputManagerWrapper: VoiceInputManagerWrapper.syncLanguagePacks():121 syncLanguagePacks()
10-19 20:15:55.228  5589  5589 I VoiceInputManager: VoiceInputManager.onKeyboardActivated():1173 onKeyboardActivated() [UD]
10-19 20:15:55.228  5589  6558 I SpeechFactory: SpeechRecognitionFactory.maybeScheduleAutoPackDownloadForFallback():217 maybeScheduleAutoPackDownloadForFallback()
10-19 20:15:55.229  5589  5589 I PkModeUpdater: PkModeUpdater.onActivate():74 onActivate false true
10-19 20:15:55.229  5589  6558 I FallbackOnDeviceRecognitionProvider: FallbackOnDeviceRecognitionProvider.maybeScheduleAutoPackDownload():205 maybeScheduleAutoPackDownload() for language tag en-US
10-19 20:15:55.229  5589  5589 I AccessoryInputModeManager: AccessoryInputModeManager.onModeStarted():318 Accessory input mode started: null
10-19 20:15:55.229  5589  5589 W SupplementaryKeyboardsWrapper: SupplementaryKeyboardsWrapper.deactivateKeyboard():161 keyboard accessory_candidates_consumer is not activated before!
10-19 20:15:55.229  5589  5589 I KeyboardModeUtils: KeyboardModeUtils.getKeyboardBottomOffset():435 inch: 0.000000 ydpi: 387.429993 adjustKeyboardBottomByDisplaySize: false currentDensityDpi: 440 defaultDensityDpi: 440 keyboardBottomToScreenPx: 0 keyboardBottomToNavBarPx: -116 navBarHeight: 116
10-19 20:15:55.229  5589  5589 I KeyboardHeightUtil: KeyboardHeightUtil.calculateMaxKeyboardBodyHeight():50 leave 267 height for app when ime window height:2171, header height:121 and isFullscreenMode:false, so the max keyboard body height is:1783
10-19 20:15:55.229  5589  5589 I KeyboardHeightUtil: KeyboardHeightUtil.calculateMaxKeyboardBodyHeight():50 leave 267 height for app when ime window height:2171, header height:121 and isFullscreenMode:false, so the max keyboard body height is:1783
10-19 20:15:55.229  5589  5589 I AndroidIME: KeyboardViewManager.updateKeyboardBodyViewHolderPaddingBottom():472 Set finalPaddingBottom = 5 while holderPaddingBottom = 5; navigationHeight = 116
10-19 20:15:55.229  5589  5589 I KeyboardHeightUtil: KeyboardHeightUtil.calculateMaxKeyboardBodyHeight():50 leave 267 height for app when ime window height:2171, header height:121 and isFullscreenMode:false, so the max keyboard body height is:1783
10-19 20:15:55.229  5589  5589 I KeyboardHeightUtil: KeyboardHeightUtil.calculateMaxKeyboardBodyHeight():50 leave 267 height for app when ime window height:2171, header height:121 and isFullscreenMode:false, so the max keyboard body height is:1783
10-19 20:15:55.229  5589  5589 W ExtensionWrapper: ExtensionWrapper.setExtensionViewVisibility():811 interface mas is not activate
10-19 20:15:55.230  5589  5589 I Module  : DeviceLockedStatusModuleProvider$Module.updateDeviceLockedStatus():100 repeatCheckTimes = 1, locked = false
10-19 20:15:55.230  5589  5589 I HardKeyTracker: HardKeyTracker.unregisterKeySequence():221 Unregister key sequence nfz{labelResId=2132020501, callback=cgp@ada3115, lastModifier=2, keyCodes=[48], actions=[0]}
10-19 20:15:55.230  5589  5589 I HardKeyTracker: HardKeyTracker.registerKeySequence():170 Register key sequence nfz{labelResId=2132020501, callback=cgp@bf3d4da, lastModifier=2, keyCodes=[48], actions=[0]}
10-19 20:15:55.231  5589  5589 I HardKeyTracker: HardKeyTracker.unregisterKeySequence():221 Unregister key sequence nfz{labelResId=2132020501, callback=cgp@6ab30f6, lastModifier=2, keyCodes=[48], actions=[0]}
10-19 20:15:55.231  5589  5589 I HardKeyTracker: HardKeyTracker.registerKeySequence():170 Register key sequence nfz{labelResId=2132020501, callback=cgp@5bb9ee7, lastModifier=2, keyCodes=[48], actions=[0]}
10-19 20:15:55.231  5589  5589 I HardKeyTracker: HardKeyTracker.unregisterKeySequence():221 Unregister key sequence nfz{labelResId=2132020497, callback=cgp@5d319c9, lastModifier=2, keyCodes=[56], actions=[0]}
10-19 20:15:55.231  5589  5589 I HardKeyTracker: HardKeyTracker.unregisterKeySequence():221 Unregister key sequence nfz{labelResId=2132020497, callback=cgp@359fefc, lastModifier=0, keyCodes=[317], actions=[0]}
10-19 20:15:55.231  5589  5589 I HardKeyTracker: HardKeyTracker.registerKeySequence():170 Register key sequence nfz{labelResId=2132020497, callback=cgp@2383df, lastModifier=2, keyCodes=[56], actions=[0]}
10-19 20:15:55.231  5589  5589 I HardKeyTracker: HardKeyTracker.registerKeySequence():170 Register key sequence nfz{labelResId=2132020497, callback=cgp@8db288a, lastModifier=0, keyCodes=[317], actions=[0]}
10-19 20:15:55.231  5589  5589 I HardKeyTracker: HardKeyTracker.unregisterKeySequence():221 Unregister key sequence nfz{labelResId=2132020502, callback=cgp@a4f3901, lastModifier=2, keyCodes=[32], actions=[0]}
10-19 20:15:55.231  5589  5589 I HardKeyTracker: HardKeyTracker.registerKeySequence():170 Register key sequence nfz{labelResId=2132020502, callback=cgp@a140fd7, lastModifier=2, keyCodes=[32], actions=[0]}
