10-19 23:35:58.916 29120 29656 I ReactNativeJS:   license_expiry: '2029-10-30',
10-19 23:35:58.916 29120 29656 I ReactNativeJS:   status: 'online',
10-19 23:35:58.916 29120 29656 I ReactNativeJS:   rating: 5,
10-19 23:35:58.916 29120 29656 I ReactNativeJS:   total_rides: 0,
10-19 23:35:58.916 29120 29656 I ReactNativeJS:   is_verified: true,
10-19 23:35:58.916 29120 29656 I ReactNativeJS:   vehicle_id: '7383d52b-05e9-45cd-8bed-2f638efc189d',
10-19 23:35:58.916 29120 29656 I ReactNativeJS:   vendor_id: null,
10-19 23:35:58.916 29120 29656 I ReactNativeJS:   phone_number: '9898989796',
10-19 23:35:58.916 29120 29656 I ReactNativeJS:   name: 'Shyam',
10-19 23:35:58.916 29120 29656 I ReactNativeJS:   created_at: '2025-09-18T15:23:10.168326+00:00',
10-19 23:35:58.916 29120 29656 I ReactNativeJS:   updated_at: '2025-10-19T18:05:16.895444+00:00',
10-19 23:35:58.916 29120 29656 I ReactNativeJS:   vehicles: 
10-19 23:35:58.916 29120 29656 I ReactNativeJS:    { id: '7383d52b-05e9-45cd-8bed-2f638efc189d',
10-19 23:35:58.916 29120 29656 I ReactNativeJS:      registration_number: 'KA59BM1199',
10-19 23:35:58.916 29120 29656 I ReactNativeJS:      make: 'Mahindra',
10-19 23:35:58.916 29120 29656 I ReactNativeJS:      model: 'XUV700',
10-19 23:35:58.916 29120 29656 I ReactNativeJS:      year: 2023,
10-19 23:35:58.916 29120 29656 I ReactNativeJS:      color: 'Blue',
10-19 23:35:58.916 29120 29656 I ReactNativeJS:      vehicle_type: 'suv',
10-19 23:35:58.916 29120 29656 I ReactNativeJS:      capacity: 4 },
10-19 23:35:58.916 29120 29656 I ReactNativeJS:   user: 
10-19 23:35:58.916 29120 29656 I ReactNativeJS:    { id: '1945e7ff-e1fe-4e6b-b1ab-e301e66924a4',
10-19 23:35:58.916 29120 29656 I ReactNativeJS:      email: 'shyam@hotmail.com',
10-19 23:35:58.916 29120 29656 I ReactNativeJS:      role: 'driver',
10-19 23:35:58.916 29120 29656 I ReactNativeJS:      full_name: 'Shyam',
10-19 23:35:58.916 29120 29656 I ReactNativeJS:      phone_number: '9898989796',
10-19 23:35:58.916 29120 29656 I ReactNativeJS:      avatar_url: null,
10-19 23:35:58.916 29120 29656 I ReactNativeJS:      is_active: true,
10-19 23:35:58.916 29120 29656 I ReactNativeJS:      created_at: '2025-09-18T15:23:09.204685+00:00',
10-19 23:35:58.916 29120 29656 I ReactNativeJS:      updated_at: '2025-09-18T15:23:09.204685+00:00' },
10-19 23:35:58.916 29120 29656 I ReactNativeJS:   vehicle: 
10-19 23:35:58.916 29120 29656 I ReactNativeJS:    { id: '7383d52b-05e9-45cd-8bed-2f638efc189d',
10-19 23:35:58.916 29120 29656 I ReactNativeJS:      registration_number: 'KA59BM1199',
10-19 23:35:58.916 29120 29656 I ReactNativeJS:      make: 'Mahindra',
10-19 23:35:58.916 29120 29656 I ReactNativeJS:      model: 'XUV700',
10-19 23:35:58.916 29120 29656 I ReactNativeJS:      year: 2023,
10-19 23:35:58.916 29120 29656 I ReactNativeJS:      color: 'Blue',
10-19 23:35:58.916 29120 29656 I ReactNativeJS:      vehicle_type: 'suv',
10-19 23:35:58.916 29120 29656 I ReactNativeJS:      capacity: 4 } }
10-19 23:35:58.916 29120 29656 I ReactNativeJS: Redirecting to main app - authenticated
10-19 23:35:58.919 21104 30313 I FusedOrientationManager: Registering orientation client. [CONTEXT service_id=6 ]
10-19 23:35:58.925 21104 21184 W inertial-anchor: Triggering reinit due to mag declination change
10-19 23:35:58.925 21104 21184 W Looper  : Looper already prepared for this thread with a different value for the LOOPER_PREPARE_ALLOW_NON_CALLBACKS option.
10-19 23:35:58.942 29120 29657 W unknown:ReactNative: Attempt to set local data for view with unknown tag: -1
10-19 23:35:58.942 29120 29657 W unknown:ReactNative: Attempt to set local data for view with unknown tag: -1
10-19 23:35:58.942 29120 29657 W unknown:ReactNative: Attempt to set local data for view with unknown tag: -1
10-19 23:35:58.947 29120 29656 I ReactNativeJS: === NAVIGATION CHECK ===
10-19 23:35:58.947 29120 29656 I ReactNativeJS: 'In auth group:', false
10-19 23:35:58.947 29120 29656 I ReactNativeJS: 'Has session:', false
10-19 23:35:58.947 29120 29656 I ReactNativeJS: 'Has driver:', true
10-19 23:35:58.947 29120 29657 W unknown:ReactNative: Attempt to set local data for view with unknown tag: -1
10-19 23:35:58.947 29120 29656 I ReactNativeJS: 'Current segments:', [ '(tabs)' ]
10-19 23:35:58.947 29120 29657 W unknown:ReactNative: Attempt to set local data for view with unknown tag: -1
10-19 23:35:58.947 29120 29656 I ReactNativeJS: 'Loading state:', false
10-19 23:35:58.948 29120 29656 I ReactNativeJS: 'Is authenticated:', { id: 'e1c0754c-46a6-4171-a3b3-c98dad57629f',
10-19 23:35:58.948 29120 29656 I ReactNativeJS:   user_id: '1945e7ff-e1fe-4e6b-b1ab-e301e66924a4',
10-19 23:35:58.948 29120 29656 I ReactNativeJS:   license_number: 'TN7056112',
10-19 23:35:58.948 29120 29656 I ReactNativeJS:   license_expiry: '2029-10-30',
10-19 23:35:58.948 29120 29656 I ReactNativeJS:   status: 'online',
10-19 23:35:58.948 29120 29656 I ReactNativeJS:   rating: 5,
10-19 23:35:58.948 29120 29656 I ReactNativeJS:   total_rides: 0,
10-19 23:35:58.948 29120 29656 I ReactNativeJS:   is_verified: true,
10-19 23:35:58.948 29120 29656 I ReactNativeJS:   vehicle_id: '7383d52b-05e9-45cd-8bed-2f638efc189d',
10-19 23:35:58.948 29120 29656 I ReactNativeJS:   vendor_id: null,
10-19 23:35:58.948 29120 29656 I ReactNativeJS:   phone_number: '9898989796',
10-19 23:35:58.948 29120 29656 I ReactNativeJS:   name: 'Shyam',
10-19 23:35:58.948 29120 29656 I ReactNativeJS:   created_at: '2025-09-18T15:23:10.168326+00:00',
10-19 23:35:58.948 29120 29656 I ReactNativeJS:   updated_at: '2025-10-19T18:05:16.895444+00:00',
10-19 23:35:58.948 29120 29656 I ReactNativeJS:   vehicles: 
10-19 23:35:58.948 29120 29656 I ReactNativeJS:    { id: '7383d52b-05e9-45cd-8bed-2f638efc189d',
10-19 23:35:58.948 29120 29656 I ReactNativeJS:      registration_number: 'KA59BM1199',
10-19 23:35:58.948 29120 29656 I ReactNativeJS:      make: 'Mahindra',
10-19 23:35:58.948 29120 29656 I ReactNativeJS:      model: 'XUV700',
10-19 23:35:58.948 29120 29656 I ReactNativeJS:      year: 2023,
10-19 23:35:58.948 29120 29656 I ReactNativeJS:      color: 'Blue',
10-19 23:35:58.948 29120 29656 I ReactNativeJS:      vehicle_type: 'suv',
10-19 23:35:58.948 29120 29656 I ReactNativeJS:      capacity: 4 },
10-19 23:35:58.948 29120 29656 I ReactNativeJS:   user: 
10-19 23:35:58.948 29120 29656 I ReactNativeJS:    { id: '1945e7ff-e1fe-4e6b-b1ab-e301e66924a4',
10-19 23:35:58.948 29120 29656 I ReactNativeJS:      email: 'shyam@hotmail.com',
10-19 23:35:58.948 29120 29656 I ReactNativeJS:      role: 'driver',
10-19 23:35:58.948 29120 29656 I ReactNativeJS:      full_name: 'Shyam',
10-19 23:35:58.948 29120 29656 I ReactNativeJS:      phone_number: '9898989796',
10-19 23:35:58.948 29120 29656 I ReactNativeJS:      avatar_url: null,
10-19 23:35:58.948 29120 29656 I ReactNativeJS:      is_active: true,
10-19 23:35:58.948 29120 29656 I ReactNativeJS:      created_at: '2025-09-18T15:23:09.204685+00:00',
10-19 23:35:58.948 29120 29656 I ReactNativeJS:      updated_at: '2025-09-18T15:23:09.204685+00:00' },
10-19 23:35:58.948 29120 29656 I ReactNativeJS:   vehicle: 
10-19 23:35:58.948 29120 29656 I ReactNativeJS:    { id: '7383d52b-05e9-45cd-8bed-2f638efc189d',
10-19 23:35:58.948 29120 29656 I ReactNativeJS:      registration_number: 'KA59BM1199',
10-19 23:35:58.948 29120 29656 I ReactNativeJS:      make: 'Mahindra',
10-19 23:35:58.948 29120 29656 I ReactNativeJS:      model: 'XUV700',
10-19 23:35:58.948 29120 29656 I ReactNativeJS:      year: 2023,
10-19 23:35:58.948 29120 29656 I ReactNativeJS:      color: 'Blue',
10-19 23:35:58.948 29120 29656 I ReactNativeJS:      vehicle_type: 'suv',
10-19 23:35:58.948 29120 29656 I ReactNativeJS:      capacity: 4 } }
10-19 23:35:58.948 29120 29656 I ReactNativeJS: No navigation needed - staying in current route
10-19 23:35:58.948 29120 29657 W unknown:ReactNative: Attempt to set local data for view with unknown tag: -1
10-19 23:35:58.952 29120 29657 W unknown:ReactNative: Attempt to set local data for view with unknown tag: 1973
10-19 23:35:58.952 29120 29657 W unknown:ReactNative: Attempt to set local data for view with unknown tag: 1973
10-19 23:35:58.955 29120 29657 W unknown:ReactNative: Attempt to set local data for view with unknown tag: 1997
10-19 23:35:58.958 29120 29657 W unknown:ReactNative: Attempt to set local data for view with unknown tag: 1957
10-19 23:35:58.958 29120 29657 W unknown:ReactNative: Attempt to set local data for view with unknown tag: 1957
10-19 23:35:58.958 29120 29657 W unknown:ReactNative: Attempt to set local data for view with unknown tag: 1973
10-19 23:35:58.958 29120 29657 W unknown:ReactNative: Attempt to set local data for view with unknown tag: 1973
10-19 23:35:58.959 29120 29656 I ReactNativeJS: '🎯🎯🎯 TripCompletionModal RENDER - visible:', false
10-19 23:35:58.959 29120 29656 I ReactNativeJS: '🎯🎯🎯 tripData:', '{\n  "distance": 0,\n  "duration": 0,\n  "fareBreakdown": {\n    "booking_type": "regular",\n    "vehicle_type": "sedan",\n    "base_fare": 0,\n    "distance_fare": 0,\n    "time_fare": 0,\n    "surge_charges": 0,\n    "deadhead_charges": 0,\n    "platform_fee": 0,\n    "gst_on_charges": 0,\n    "gst_on_platform_fee": 0,\n    "extra_km_charges": 0,\n    "driver_allowance": 0,\n    "total_fare": 0,\n    "details": {\n      "actual_distance_km": 0,\n      "actual_duration_minutes": 0,\n      "per_km_rate": 0\n    }\n  },\n  "pickup_address": "",\n  "destination_address": "",\n  "booking_type": "regular",\n  "rental_hours": null\n}'
10-19 23:35:58.959 29120 29656 I ReactNativeJS: ❌ Not visible - returning null
10-19 23:35:58.971 29120 29656 I ReactNativeJS: === RIDES SCREEN STATE DEBUG ===
10-19 23:35:58.971 29120 29656 I ReactNativeJS: 🔄 Component state updated:
10-19 23:35:58.971 29120 29656 I ReactNativeJS: '  - Current ride:', 'null'
10-19 23:35:58.971 29120 29656 I ReactNativeJS: '  - Pending rides count:', 0
10-19 23:35:58.972 29120 29656 I ReactNativeJS: '  - Driver status:', 'online'
10-19 23:35:58.972 29120 29656 I ReactNativeJS: '  - Loading:', true
10-19 23:35:58.972 29120 29656 I ReactNativeJS: '  - Error:', null
10-19 23:35:58.972 29120 29656 I ReactNativeJS: '  - Show modal:', false
10-19 23:35:58.972 29120 29656 I ReactNativeJS: '  - Timestamp:', '2025-10-19T18:05:58.972Z'
10-19 23:35:58.972 29120 29656 I ReactNativeJS: ❌ NO CURRENT RIDE - showing empty state
10-19 23:35:58.972 29120 29656 I ReactNativeJS: === COMPLETION MODAL STATE DEBUG ===
10-19 23:35:58.972 29120 29656 I ReactNativeJS: '📊 visible:', false
10-19 23:35:58.972 29120 29656 I ReactNativeJS: '📊 data exists:', false
10-19 23:35:58.972 29120 29656 I ReactNativeJS: '📊 data:', 'null'
10-19 23:35:58.972 29120 29656 I ReactNativeJS: === RIDE REQUEST MODAL LOGIC DEBUG ===
10-19 23:35:58.972 29120 29656 I ReactNativeJS: 🔄 Checking if should show ride request modal:
10-19 23:35:58.972 29120 29656 I ReactNativeJS: '  - Pending rides:', 0
10-19 23:35:58.972 29120 29656 I ReactNativeJS: '  - Modal already showing:', false
10-19 23:35:58.972 29120 29656 I ReactNativeJS: '  - Driver status:', 'online'
10-19 23:35:58.972 29120 29656 I ReactNativeJS: '  - Has current ride:', false
10-19 23:35:58.972 29120 29656 I ReactNativeJS: ❌ NOT SHOWING MODAL - reasons:
10-19 23:35:58.972 29120 29656 I ReactNativeJS: '🚗 Analysis:', { pendingRidesCount: 0,
10-19 23:35:58.972 29120 29656 I ReactNativeJS:   modalAlreadyShowing: false,
10-19 23:35:58.972 29120 29656 I ReactNativeJS:   driverStatus: 'online',
10-19 23:35:58.972 29120 29656 I ReactNativeJS:   hasCurrentRide: false }
10-19 23:35:58.976 29120 29656 I ReactNativeJS: === NAVIGATION CHECK ===
10-19 23:35:58.976 29120 29656 I ReactNativeJS: 'In auth group:', false
10-19 23:35:58.976 29120 29656 I ReactNativeJS: 'Has session:', false
10-19 23:35:58.976 29120 29656 I ReactNativeJS: 'Has driver:', true
10-19 23:35:58.976 29120 29656 I ReactNativeJS: 'Current segments:', [ '(tabs)', 'rides' ]
10-19 23:35:58.976 29120 29656 I ReactNativeJS: 'Loading state:', false
10-19 23:35:58.977 29120 29656 I ReactNativeJS: 'Is authenticated:', { id: 'e1c0754c-46a6-4171-a3b3-c98dad57629f',
10-19 23:35:58.977 29120 29656 I ReactNativeJS:   user_id: '1945e7ff-e1fe-4e6b-b1ab-e301e66924a4',
10-19 23:35:58.977 29120 29656 I ReactNativeJS:   license_number: 'TN7056112',
10-19 23:35:58.977 29120 29656 I ReactNativeJS:   license_expiry: '2029-10-30',
10-19 23:35:58.977 29120 29656 I ReactNativeJS:   status: 'online',
10-19 23:35:58.977 29120 29656 I ReactNativeJS:   rating: 5,
10-19 23:35:58.977 29120 29656 I ReactNativeJS:   total_rides: 0,
10-19 23:35:58.977 29120 29656 I ReactNativeJS:   is_verified: true,
10-19 23:35:58.977 29120 29656 I ReactNativeJS:   vehicle_id: '7383d52b-05e9-45cd-8bed-2f638efc189d',
10-19 23:35:58.977 29120 29656 I ReactNativeJS:   vendor_id: null,
10-19 23:35:58.977 29120 29656 I ReactNativeJS:   phone_number: '9898989796',
10-19 23:35:58.977 29120 29656 I ReactNativeJS:   name: 'Shyam',
10-19 23:35:58.977 29120 29656 I ReactNativeJS:   created_at: '2025-09-18T15:23:10.168326+00:00',
10-19 23:35:58.977 29120 29656 I ReactNativeJS:   updated_at: '2025-10-19T18:05:16.895444+00:00',
10-19 23:35:58.977 29120 29656 I ReactNativeJS:   vehicles: 
10-19 23:35:58.977 29120 29656 I ReactNativeJS:    { id: '7383d52b-05e9-45cd-8bed-2f638efc189d',
10-19 23:35:58.977 29120 29656 I ReactNativeJS:      registration_number: 'KA59BM1199',
10-19 23:35:58.977 29120 29656 I ReactNativeJS:      make: 'Mahindra',
10-19 23:35:58.977 29120 29656 I ReactNativeJS:      model: 'XUV700',
10-19 23:35:58.977 29120 29656 I ReactNativeJS:      year: 2023,
10-19 23:35:58.977 29120 29656 I ReactNativeJS:      color: 'Blue',
10-19 23:35:58.977 29120 29656 I ReactNativeJS:      vehicle_type: 'suv',
10-19 23:35:58.977 29120 29656 I ReactNativeJS:      capacity: 4 },
10-19 23:35:58.977 29120 29656 I ReactNativeJS:   user: 
10-19 23:35:58.977 29120 29656 I ReactNativeJS:    { id: '1945e7ff-e1fe-4e6b-b1ab-e301e66924a4',
10-19 23:35:58.977 29120 29656 I ReactNativeJS:      email: 'shyam@hotmail.com',
10-19 23:35:58.977 29120 29656 I ReactNativeJS:      role: 'driver',
10-19 23:35:58.977 29120 29656 I ReactNativeJS:      full_name: 'Shyam',
10-19 23:35:58.977 29120 29656 I ReactNativeJS:      phone_number: '9898989796',
10-19 23:35:58.977 29120 29656 I ReactNativeJS:      avatar_url: null,
10-19 23:35:58.977 29120 29656 I ReactNativeJS:      is_active: true,
10-19 23:35:58.977 29120 29656 I ReactNativeJS:      created_at: '2025-09-18T15:23:09.204685+00:00',
10-19 23:35:58.977 29120 29656 I ReactNativeJS:      updated_at: '2025-09-18T15:23:09.204685+00:00' },
10-19 23:35:58.977 29120 29656 I ReactNativeJS:   vehicle: 
10-19 23:35:58.977 29120 29656 I ReactNativeJS:    { id: '7383d52b-05e9-45cd-8bed-2f638efc189d',
10-19 23:35:58.977 29120 29656 I ReactNativeJS:      registration_number: 'KA59BM1199',
10-19 23:35:58.977 29120 29656 I ReactNativeJS:      make: 'Mahindra',
10-19 23:35:58.977 29120 29656 I ReactNativeJS:      model: 'XUV700',
10-19 23:35:58.977 29120 29656 I ReactNativeJS:      year: 2023,
10-19 23:35:58.977 29120 29656 I ReactNativeJS:      color: 'Blue',
10-19 23:35:58.977 29120 29656 I ReactNativeJS:      vehicle_type: 'suv',
10-19 23:35:58.977 29120 29656 I ReactNativeJS:      capacity: 4 } }
10-19 23:35:58.977 29120 29656 I ReactNativeJS: No navigation needed - staying in current route
10-19 23:35:58.977 29120 29657 W unknown:ReactNative: Attempt to set local data for view with unknown tag: 1957
10-19 23:35:58.977 29120 29657 W unknown:ReactNative: Attempt to set local data for view with unknown tag: 1957
10-19 23:35:58.977 29120 29657 W unknown:ReactNative: Attempt to set local data for view with unknown tag: 1957
10-19 23:35:58.977 29120 29657 W unknown:ReactNative: Attempt to set local data for view with unknown tag: 1973
10-19 23:35:58.977 29120 29657 W unknown:ReactNative: Tried to update size of non-existent tag: 2007
10-19 23:35:58.977 29120 29657 W unknown:ReactNative: Tried to update size of non-existent tag: 2023
10-19 23:35:59.166 29120 29656 I ReactNativeJS: '✅ Current ride loaded:', 'none'
10-19 23:35:59.166 29120 29656 I ReactNativeJS: 🔍 Loading pending ride notifications...
10-19 23:35:59.465 29120 29656 I ReactNativeJS: 📋 Found 0 unread ride notifications
10-19 23:35:59.477 29120 29656 I ReactNativeJS: '🎯🎯🎯 TripCompletionModal RENDER - visible:', false
10-19 23:35:59.477 29120 29656 I ReactNativeJS: '🎯🎯🎯 tripData:', '{\n  "distance": 0,\n  "duration": 0,\n  "fareBreakdown": {\n    "booking_type": "regular",\n    "vehicle_type": "sedan",\n    "base_fare": 0,\n    "distance_fare": 0,\n    "time_fare": 0,\n    "surge_charges": 0,\n    "deadhead_charges": 0,\n    "platform_fee": 0,\n    "gst_on_charges": 0,\n    "gst_on_platform_fee": 0,\n    "extra_km_charges": 0,\n    "driver_allowance": 0,\n    "total_fare": 0,\n    "details": {\n      "actual_distance_km": 0,\n      "actual_duration_minutes": 0,\n      "per_km_rate": 0\n    }\n  },\n  "pickup_address": "",\n  "destination_address": "",\n  "booking_type": "regular",\n  "rental_hours": null\n}'
10-19 23:35:59.477 29120 29656 I ReactNativeJS: ❌ Not visible - returning null
10-19 23:35:59.479 29120 29656 I ReactNativeJS: ✅ No pending ride notifications
10-19 23:35:59.479 29120 29656 I ReactNativeJS: === RIDES SCREEN STATE DEBUG ===
10-19 23:35:59.479 29120 29656 I ReactNativeJS: 🔄 Component state updated:
10-19 23:35:59.479 29120 29656 I ReactNativeJS: '  - Current ride:', 'null'
10-19 23:35:59.479 29120 29656 I ReactNativeJS: '  - Pending rides count:', 0
10-19 23:35:59.479 29120 29656 I ReactNativeJS: '  - Driver status:', 'online'
10-19 23:35:59.479 29120 29656 I ReactNativeJS: '  - Loading:', true
10-19 23:35:59.479 29120 29656 I ReactNativeJS: '  - Error:', null
10-19 23:35:59.480 29120 29656 I ReactNativeJS: '  - Show modal:', false
10-19 23:35:59.480 29120 29656 I ReactNativeJS: '  - Timestamp:', '2025-10-19T18:05:59.480Z'
10-19 23:35:59.480 29120 29656 I ReactNativeJS: ❌ NO CURRENT RIDE - showing empty state
10-19 23:35:59.480 29120 29656 I ReactNativeJS: === RIDE REQUEST MODAL LOGIC DEBUG ===
10-19 23:35:59.480 29120 29656 I ReactNativeJS: 🔄 Checking if should show ride request modal:
10-19 23:35:59.480 29120 29656 I ReactNativeJS: '  - Pending rides:', 0
10-19 23:35:59.480 29120 29656 I ReactNativeJS: '  - Modal already showing:', false
10-19 23:35:59.480 29120 29656 I ReactNativeJS: '  - Driver status:', 'online'
10-19 23:35:59.480 29120 29656 I ReactNativeJS: '  - Has current ride:', false
10-19 23:35:59.480 29120 29656 I ReactNativeJS: ❌ NOT SHOWING MODAL - reasons:
10-19 23:35:59.480 29120 29656 I ReactNativeJS: '🚗 Analysis:', { pendingRidesCount: 0,
10-19 23:35:59.480 29120 29656 I ReactNativeJS:   modalAlreadyShowing: false,
10-19 23:35:59.480 29120 29656 I ReactNativeJS:   driverStatus: 'online',
10-19 23:35:59.480 29120 29656 I ReactNativeJS:   hasCurrentRide: false }
10-19 23:35:59.485 29120 29656 I ReactNativeJS: '🎯🎯🎯 TripCompletionModal RENDER - visible:', false
10-19 23:35:59.485 29120 29656 I ReactNativeJS: '🎯🎯🎯 tripData:', '{\n  "distance": 0,\n  "duration": 0,\n  "fareBreakdown": {\n    "booking_type": "regular",\n    "vehicle_type": "sedan",\n    "base_fare": 0,\n    "distance_fare": 0,\n    "time_fare": 0,\n    "surge_charges": 0,\n    "deadhead_charges": 0,\n    "platform_fee": 0,\n    "gst_on_charges": 0,\n    "gst_on_platform_fee": 0,\n    "extra_km_charges": 0,\n    "driver_allowance": 0,\n    "total_fare": 0,\n    "details": {\n      "actual_distance_km": 0,\n      "actual_duration_minutes": 0,\n      "per_km_rate": 0\n    }\n  },\n  "pickup_address": "",\n  "destination_address": "",\n  "booking_type": "regular",\n  "rental_hours": null\n}'
10-19 23:35:59.485 29120 29656 I ReactNativeJS: ❌ Not visible - returning null
10-19 23:35:59.486 29120 29656 I ReactNativeJS: === RIDES SCREEN STATE DEBUG ===
10-19 23:35:59.486 29120 29656 I ReactNativeJS: 🔄 Component state updated:
10-19 23:35:59.486 29120 29656 I ReactNativeJS: '  - Current ride:', 'null'
10-19 23:35:59.486 29120 29656 I ReactNativeJS: '  - Pending rides count:', 0
10-19 23:35:59.486 29120 29656 I ReactNativeJS: '  - Driver status:', 'online'
10-19 23:35:59.486 29120 29656 I ReactNativeJS: '  - Loading:', false
10-19 23:35:59.486 29120 29656 I ReactNativeJS: '  - Error:', null
10-19 23:35:59.486 29120 29656 I ReactNativeJS: '  - Show modal:', false
10-19 23:35:59.486 29120 29656 I ReactNativeJS: '  - Timestamp:', '2025-10-19T18:05:59.486Z'
10-19 23:35:59.487 29120 29656 I ReactNativeJS: ❌ NO CURRENT RIDE - showing empty state
10-19 23:35:59.544 21104 21184 I FusedLocation: (REDACTED) location delivery to %s blocked - too close
10-19 23:35:59.545 21104 21184 I FusedLocation: (REDACTED) location delivery to %s blocked - too fast
10-19 23:35:59.545 21104 21184 I FusedLocation: (REDACTED) location delivery to %s blocked - too close
10-19 23:35:59.551 29120 29656 I ReactNativeJS: '✅ Got native location:', { accuracy: 2.299999952316284,
10-19 23:35:59.551 29120 29656 I ReactNativeJS:   longitude: 77.8299967,
10-19 23:35:59.551 29120 29656 I ReactNativeJS:   altitude: 773,
10-19 23:35:59.551 29120 29656 I ReactNativeJS:   heading: 0,
10-19 23:35:59.551 29120 29656 I ReactNativeJS:   latitude: 12.7486967,
10-19 23:35:59.551 29120 29656 I ReactNativeJS:   altitudeAccuracy: 100.22382354736328,
10-19 23:35:59.551 29120 29656 I ReactNativeJS:   speed: 0.013382777571678162 }
10-19 23:35:59.554 21104 30309 I FusedLocation: (REDACTED) stationary throttling engaged @%s
10-19 23:35:59.561 21104 30309 I FusedOrientationManager: Unregistering orientation client. [CONTEXT service_id=6 ]
10-19 23:35:59.580 21104 30255 I TFLite-in-PlayServices: Created interpreter.
10-19 23:35:59.587 21104 30255 I TFLite-in-PlayServices: Created interpreter.
10-19 23:35:59.594 21104 30255 I SemanticLocation: (REDACTED) [Inferrer] %s%s
10-19 23:35:59.607 21104 21250 I WifiScanner: onFullResults
10-19 23:35:59.608 21104 23957 I WifiScanner: onFullResults
10-19 23:35:59.608 21104 24145 I WifiScanner: onFullResults
10-19 23:35:59.619 21104 27845 I FrewleTileCacheManagerV: (REDACTED) Fetched %d AP models from cache
10-19 23:35:59.637 21104 21184 I FusedLocation: (REDACTED) location delivery to %s blocked - too close
10-19 23:35:59.637 21104 21184 I FusedLocation: (REDACTED) location delivery to %s blocked - too fast
10-19 23:35:59.637 21104 21184 I FusedLocation: (REDACTED) location delivery to %s blocked - too close
10-19 23:35:59.638 21104 21184 I FusedLocation: (REDACTED) location delivery to %s blocked - too fast
10-19 23:35:59.638 21104 21184 I FusedLocation: (REDACTED) location delivery to %s blocked - too fast
10-19 23:35:59.638 21104 21184 I FusedLocation: (REDACTED) location delivery to %s blocked - too fast
10-19 23:35:59.863 29120 29656 I ReactNativeJS: '✅ Location record', 'updated', 'successfully via RPC'
10-19 23:35:59.863 29120 29656 I ReactNativeJS: ✅ Location record confirmed, starting tracking...
10-19 23:35:59.863 29120 29656 I ReactNativeJS: ✅ Driver is now available for customer bookings
10-19 23:35:59.863 29120 29656 I ReactNativeJS: === STARTING LOCATION TRACKING ===
10-19 23:35:59.863 29120 29656 I ReactNativeJS: 'Driver:', 'Shyam'
10-19 23:35:59.864 29120 29656 I ReactNativeJS: 'Status:', 'online'
10-19 23:35:59.864 29120 29656 I ReactNativeJS: 'Permission:', true
10-19 23:35:59.873 29120 29656 I ReactNativeJS: '🎯🎯🎯 TripCompletionModal RENDER - visible:', false
10-19 23:35:59.874 29120 29656 I ReactNativeJS: '🎯🎯🎯 tripData:', '{\n  "distance": 0,\n  "duration": 0,\n  "fareBreakdown": {\n    "booking_type": "regular",\n    "vehicle_type": "sedan",\n    "base_fare": 0,\n    "distance_fare": 0,\n    "time_fare": 0,\n    "surge_charges": 0,\n    "deadhead_charges": 0,\n    "platform_fee": 0,\n    "gst_on_charges": 0,\n    "gst_on_platform_fee": 0,\n    "extra_km_charges": 0,\n    "driver_allowance": 0,\n    "total_fare": 0,\n    "details": {\n      "actual_distance_km": 0,\n      "actual_duration_minutes": 0,\n      "per_km_rate": 0\n    }\n  },\n  "pickup_address": "",\n  "destination_address": "",\n  "booking_type": "regular",\n  "rental_hours": null\n}'
10-19 23:35:59.874 29120 29656 I ReactNativeJS: ❌ Not visible - returning null
10-19 23:35:59.876 29120 29656 I ReactNativeJS: ✅ isTracking state set to TRUE at start
10-19 23:35:59.877 29120 29656 I ReactNativeJS: === UPDATING LOCATION WITH GOOGLE MAPS ===
10-19 23:35:59.877 29120 29656 I ReactNativeJS: 📱 Using native location...
10-19 23:35:59.878 29120 29656 I ReactNativeJS: === DRIVER STATUS CHANGE DETECTED ===
10-19 23:35:59.878 29120 29656 I ReactNativeJS: 'Driver:', 'Shyam'
10-19 23:35:59.878 29120 29656 I ReactNativeJS: 'Driver Status:', 'online'
10-19 23:35:59.878 29120 29656 I ReactNativeJS: 'Driver User ID:', '1945e7ff-e1fe-4e6b-b1ab-e301e66924a4'
10-19 23:35:59.878 29120 29656 I ReactNativeJS: 'Driver Verified:', true
10-19 23:35:59.878 29120 29656 I ReactNativeJS: 🔍 Checking conditions:
10-19 23:35:59.878 29120 29656 I ReactNativeJS: '  - driver exists:', true
10-19 23:35:59.878 29120 29656 I ReactNativeJS: '  - status is online/busy:', true
10-19 23:35:59.878 29120 29656 I ReactNativeJS: '  - locationPermission:', true
10-19 23:35:59.878 29120 29656 I ReactNativeJS: '  - NOT isTracking:', false
10-19 23:35:59.878 29120 29656 I ReactNativeJS: '  - NOT isBackgroundTrackingActive:', true
10-19 23:35:59.878 29120 29656 I ReactNativeJS: '  - NOT isHandlingActiveDriver:', false
10-19 23:35:59.878 29120 29656 I ReactNativeJS: ❌ Conditions not met for starting location tracking
10-19 23:35:59.895 21104 30300 I FusedLocation: stationary throttling disengaged [CONTEXT service_id=6 ]
10-19 23:35:59.904 21104 30309 I FusedLocation: (REDACTED) stationary throttling engaged @%s
10-19 23:35:59.920 21104 30309 I FusedOrientationManager: Registering orientation client. [CONTEXT service_id=6 ]
10-19 23:35:59.931 21104 30300 I FusedOrientationManager: Unregistering orientation client. [CONTEXT service_id=6 ]
10-19 23:35:59.938 21104 21184 W inertial-anchor: Triggering reinit due to mag declination change
10-19 23:35:59.938 21104 21184 W Looper  : Looper already prepared for this thread with a different value for the LOOPER_PREPARE_ALLOW_NON_CALLBACKS option.
10-19 23:36:00.114 29120 29656 I ReactNativeJS: '✅ Location obtained:', { accuracy: 2.3959999084472656,
10-19 23:36:00.114 29120 29656 I ReactNativeJS:   longitude: 77.8299967,
10-19 23:36:00.114 29120 29656 I ReactNativeJS:   altitude: 772.5999755859375,
10-19 23:36:00.114 29120 29656 I ReactNativeJS:   heading: 0,
10-19 23:36:00.114 29120 29656 I ReactNativeJS:   latitude: 12.7486967,
10-19 23:36:00.114 29120 29656 I ReactNativeJS:   altitudeAccuracy: 1.1406625509262085,
10-19 23:36:00.114 29120 29656 I ReactNativeJS:   speed: 0.013379623182117939 }
10-19 23:36:00.122 29120 29656 I ReactNativeJS: '🎯🎯🎯 TripCompletionModal RENDER - visible:', false
10-19 23:36:00.122 29120 29656 I ReactNativeJS: '🎯🎯🎯 tripData:', '{\n  "distance": 0,\n  "duration": 0,\n  "fareBreakdown": {\n    "booking_type": "regular",\n    "vehicle_type": "sedan",\n    "base_fare": 0,\n    "distance_fare": 0,\n    "time_fare": 0,\n    "surge_charges": 0,\n    "deadhead_charges": 0,\n    "platform_fee": 0,\n    "gst_on_charges": 0,\n    "gst_on_platform_fee": 0,\n    "extra_km_charges": 0,\n    "driver_allowance": 0,\n    "total_fare": 0,\n    "details": {\n      "actual_distance_km": 0,\n      "actual_duration_minutes": 0,\n      "per_km_rate": 0\n    }\n  },\n  "pickup_address": "",\n  "destination_address": "",\n  "booking_type": "regular",\n  "rental_hours": null\n}'
10-19 23:36:00.122 29120 29656 I ReactNativeJS: ❌ Not visible - returning null
10-19 23:36:00.124 29120 29656 I ReactNativeJS: === SENDING LOCATION TO EDGE FUNCTION ===
10-19 23:36:00.124 29120 29656 I ReactNativeJS: 'Driver User ID:', '1945e7ff-e1fe-4e6b-b1ab-e301e66924a4'
10-19 23:36:00.124 29120 29656 I ReactNativeJS: 'Location:', { latitude: 12.7486967,
10-19 23:36:00.124 29120 29656 I ReactNativeJS:   longitude: 77.8299967,
10-19 23:36:00.124 29120 29656 I ReactNativeJS:   accuracy: 2.3959999084472656 }
10-19 23:36:00.124 29120 29656 I ReactNativeJS: 📤 Updating location via RPC...
10-19 23:36:00.381 29120 29656 I ReactNativeJS: '✅ Location', 'updated', 'successfully via RPC'
10-19 23:36:00.382 29120 29656 I ReactNativeJS: 📱 Starting native location watching with 5s intervals
10-19 23:36:00.398 21104 30300 I FusedLocation: stationary throttling disengaged [CONTEXT service_id=6 ]
10-19 23:36:00.398 29120 29656 I ReactNativeJS: '🎯🎯🎯 TripCompletionModal RENDER - visible:', false
10-19 23:36:00.399 29120 29656 I ReactNativeJS: '🎯🎯🎯 tripData:', '{\n  "distance": 0,\n  "duration": 0,\n  "fareBreakdown": {\n    "booking_type": "regular",\n    "vehicle_type": "sedan",\n    "base_fare": 0,\n    "distance_fare": 0,\n    "time_fare": 0,\n    "surge_charges": 0,\n    "deadhead_charges": 0,\n    "platform_fee": 0,\n    "gst_on_charges": 0,\n    "gst_on_platform_fee": 0,\n    "extra_km_charges": 0,\n    "driver_allowance": 0,\n    "total_fare": 0,\n    "details": {\n      "actual_distance_km": 0,\n      "actual_duration_minutes": 0,\n      "per_km_rate": 0\n    }\n  },\n  "pickup_address": "",\n  "destination_address": "",\n  "booking_type": "regular",\n  "rental_hours": null\n}'
10-19 23:36:00.399 29120 29656 I ReactNativeJS: ❌ Not visible - returning null
10-19 23:36:00.401 29120 29656 I ReactNativeJS: ✅ Location tracking started successfully
10-19 23:36:00.401 29120 29656 I ReactNativeJS: === STARTING BACKGROUND LOCATION TRACKING ===
10-19 23:36:00.401 29120 29656 I ReactNativeJS: 'Driver:', 'Shyam'
10-19 23:36:00.401 29120 29656 I ReactNativeJS: 'Status:', 'online'
10-19 23:36:00.401 29120 29656 I ReactNativeJS: === STARTING BACKGROUND LOCATION TRACKING ===
10-19 23:36:00.401 29120 29656 I ReactNativeJS: 'Driver User ID:', '1945e7ff-e1fe-4e6b-b1ab-e301e66924a4'
10-19 23:36:00.402 29120 29656 I ReactNativeJS: 'Platform:', 'android'
10-19 23:36:00.403 29120 29656 I ReactNativeJS: '📍 5-second location watch update:', { altitude: 772.5999755859375,
10-19 23:36:00.403 29120 29656 I ReactNativeJS:   heading: 0,
10-19 23:36:00.403 29120 29656 I ReactNativeJS:   altitudeAccuracy: 1.1406625509262085,
10-19 23:36:00.403 29120 29656 I ReactNativeJS:   latitude: 12.7486967,
10-19 23:36:00.403 29120 29656 I ReactNativeJS:   speed: 0.013379623182117939,
10-19 23:36:00.403 29120 29656 I ReactNativeJS:   longitude: 77.8299967,
10-19 23:36:00.403 29120 29656 I ReactNativeJS:   accuracy: 2.3959999084472656 }
10-19 23:36:00.408 29120 29656 I ReactNativeJS: '🎯🎯🎯 TripCompletionModal RENDER - visible:', false
10-19 23:36:00.408 29120 29656 I ReactNativeJS: '🎯🎯🎯 tripData:', '{\n  "distance": 0,\n  "duration": 0,\n  "fareBreakdown": {\n    "booking_type": "regular",\n    "vehicle_type": "sedan",\n    "base_fare": 0,\n    "distance_fare": 0,\n    "time_fare": 0,\n    "surge_charges": 0,\n    "deadhead_charges": 0,\n    "platform_fee": 0,\n    "gst_on_charges": 0,\n    "gst_on_platform_fee": 0,\n    "extra_km_charges": 0,\n    "driver_allowance": 0,\n    "total_fare": 0,\n    "details": {\n      "actual_distance_km": 0,\n      "actual_duration_minutes": 0,\n      "per_km_rate": 0\n    }\n  },\n  "pickup_address": "",\n  "destination_address": "",\n  "booking_type": "regular",\n  "rental_hours": null\n}'
10-19 23:36:00.408 29120 29656 I ReactNativeJS: ❌ Not visible - returning null
10-19 23:36:00.420 21104 30300 I FusedOrientationManager: Registering orientation client. [CONTEXT service_id=6 ]
10-19 23:36:00.426 21104 21184 W inertial-anchor: Triggering reinit due to mag declination change
10-19 23:36:00.426 21104 21184 W Looper  : Looper already prepared for this thread with a different value for the LOOPER_PREPARE_ALLOW_NON_CALLBACKS option.
10-19 23:36:00.486 28149 28149 D ViewRootImpl: AppSizeAfterRelayout, size: Point(1202, 177), rotation: ROTATION_0
10-19 23:36:00.486 28149 28149 D BufferQueueConsumer: [](id:6df500000005,api:0,p:-1,c:28149) connect: controlledByApp=false
10-19 23:36:00.487 28149 28149 D BLASTBufferQueue: [VRI[GrantPermissionsActivity]#5](f:0,a:0) constructor()
10-19 23:36:00.487 28149 28149 D BLASTBufferQueue: [VRI[GrantPermissionsActivity]#5](f:0,a:0) update width=1202 height=177 format=-2 mTransformHint=0
10-19 23:36:00.501  5720 14794 D SQLiteQueryBuilder: SELECT _id, _data, _size, date_modified, bucket_id, orientation, datetaken FROM images WHERE ((((is_pending=0 AND NOT _modifier=4) OR (is_pending=1 AND lower(_data) NOT REGEXP '.*/\.pending-(\d+)-([^/]+)$' AND owner_package_name IN ( 'com.vivo.widget.gallery' , 'com.vivo.gallery' )))) AND (is_trashed=0) AND (volume_name IN ( 'external_primary' ))) AND (( bucket_id IN ( -1212198981, -1695567127, -53910322, -2140495773, 606811175, 1251957395, 1115488879, 1092149518, 390907738, -1694063856, -803954635, -1690180765, -1816304744, 911081060, -1291404494, -1285319851, -651554454, 151630153, 543621159, -2002206485, 73761835, -1760112825, -71543827, -302991967, -1227671927, -156420408, -1516374533, 1829735780, -1450708494, -506316380, -1341114264, 1114833418, 1152093397, -1733679058, -2131021710, -680697881, 2084439217, -2024679488, -1447456465, 700805465, 991906690, 1345966226, 657155968, 1266435012, -1966306697, -1897284014, -1949680778, 434583847, 990381004, -1526850504, -1612742889, -1273942824, -1004938028, 331203438, 708879003, 255899559, -528275350, -602893060, -1055518229, 545491069, -1716401999, 668104411, -1118657469, 1040014575, 849662899, -174887798, -1292465169, 1101584562, -613830029, -1577375515, -1628155945, -1033534650, -328196774, -2071947861, 805181138, -1104308479, 181789691, 619245019, 616142335, -1829889111, -1578944343, -1809455754, 1690766750, -793566743, 272894235, -435605656, -1858432929, -792464988, -434569360, -1462931038, -879973635, 65759896, -924335728, -1809287853, 1755148769, -223571158, 2126348076, 48382832, 700217390, 630412299, 183872366, 1059985074, -1806957104, -1641691205, -571335571, 1519174419, 1036004452, -2031220924, -1537104433, 1829930144, -745596364, -8122821, 1366741172, 1548299660, 1674287630, -1535937100, 13148420, 1909659649, 264986155, -9482612, 13005089, -2089205090, -1022498075, -919133986, -884178250, -1422443828, -670014994, -2121027476, 2020100714, 489993, 448544941, -2101462868, -261299595, 1172023232, 1278178828, -607125002, -856420653, -1973993346, 1498690426, -1527464249, -1945110980, 395625896, 1909316592, 569711560, -1686988495, 1763470175, -1488038648, 2113906615, -550734493, 85651275, -1964037955, 428383196, -1949793892, 1136101865, 2018234913, -18391924, 1490911920, -884178653, -1170470833, -1215953411, 1077477957, -1198914825, 1461775709, -643464410, 1900774339, 1272506704, -485246563, 1960476238, -1291404897, -1950041765, 1664549270, 2070856141, 1220790880, 359301071, 278762032, 470519460, -924530092, -1382559966, 904275793, 1298630565, 1186223222, -519179321, 232691476, -1684913851, -750954006, 83641895, 1145800364, -2012790048, 1286776387, 397907126, 1330064451, -1804177550, -1809174739, 174397812, 2043613916, -675937132, 1736146008, -1702973091, -1184968074, 1502601919, 1574223589, 445258174, -1682700158, -351293385, 638217523, 2052700512, 949947357, -1318309340, 616722321, -1406249091, 656868479, -402361508, -1410236246, -1193446467, -1415689986, -1935708161, 1786892787, -2041971395, -1087402833, -1809045590, 658433208, 1208185747, 761624307, 250774884, 12344107, -1415495622, 35166595, -175675851, 912551383, -1432612566, 39258592, -131644514, -1950760957, -1022555983, -1656404229, -731336746, 1106324018, 1962141495, -643270046, 133162019, -2075879543, 945165185, -1572118126, 1746875333, -2129001792, -1739773001, -214169408, 1354535744, -1551292529, 581197485, 1732723533, 1456888538, -1448813142, 13311172, -1569520032, -1527994117, 348164313, 1631149349, -242606674, -1914187326, -1445556762, 211087524, -219150656, -1422672119, -1530754818, -1171388910, -2072752055, -1325148867, 361712075, -1730634595, -340891674, 1407102871, 53870456, -508660256, 2028258487, -815228101, -1694937425, -519178918, 1561178453, -1131671344, 1431320847, 2046578077, -781677303, 1291266200, 848578299, -1972390376, -978314959, -1319727662, 943502520, 1028125135, -175466238, 1195992005, 1920382715, 2108277051, 443703009, 675671268, 263662367, -347572232, 183545411, 1450478273, -1879659704, 1957916785, 1976953110, -1157253172, -1407948598, 
10-19 23:36:00.502  1870  1976 I ActivityTaskManager: Displayed com.google.android.permissioncontroller/com.android.permissioncontroller.permission.ui.GrantPermissionsActivity for user 0: +86ms
10-19 23:36:00.528 29120 29656 I ReactNativeJS: ✅ Background location permission granted
10-19 23:36:00.528 28149 28149 V ImeFocusController: onWindowFocus: com.android.internal.policy.DecorView{744da25 V.E...... R.....ID 0,0-1026,0}[GrantPermissionsActivity] softInputMode=STATE_ALWAYS_HIDDEN|ADJUST_NOTHING|IS_FORWARD_NAVIGATION
10-19 23:36:00.530 29120 29647 I TaskService: Registered task with name 'background-location-task' for app with scoping identifier 'com.a1taxi.driverpro'.
10-19 23:36:00.537 29120 29647 I TaskService: Registered task with name 'background-fetch-task' for app with scoping identifier 'com.a1taxi.driverpro'.
10-19 23:36:00.541 28149 28149 D VRI[GrantPermissionsActivity]: visibilityChanged oldVisibility=true newVisibility=false
10-19 23:36:00.545  5589  5589 I GoogleInputMethodService: GoogleInputMethodService.onFinishInput():2085 
10-19 23:36:00.546  5589  5589 I Module  : DeviceLockedStatusModuleProvider$Module.updateDeviceLockedStatus():100 repeatCheckTimes = 0, locked = false
10-19 23:36:00.546  5589  5589 I GoogleInputMethodService: GoogleInputMethodService.onStartInput():1346 onStartInput(EditorInfo{EditorInfo{packageName=com.google.android.permissioncontroller, inputType=0, inputTypeString=NULL, enableLearning=false, autoCorrection=false, autoComplete=false, imeOptions=0, privateImeOptions=null, actionName=UNSPECIFIED, actionLabel=null, initialSelStart=-1, initialSelEnd=-1, initialCapsMode=0, label=null, fieldId=0, fieldName=null, extras=null, hintText=null, hintLocales=[]}}, false)
10-19 23:36:00.550  5589  5589 I Module  : DeviceLockedStatusModuleProvider$Module.updateDeviceLockedStatus():100 repeatCheckTimes = 1, locked = false
10-19 23:36:00.550  5589  5589 I HardKeyTracker: HardKeyTracker.registerKeySequence():170 Register key sequence nfz{labelResId=0, callback=gds@b9d0522, lastModifier=0, keyCodes=[57, 57], actions=[1, 0]}
10-19 23:36:00.550  5589  5589 I HardKeyTracker: HardKeyTracker.registerKeySequence():170 Register key sequence nfz{labelResId=0, callback=gds@e67c0e9, lastModifier=0, keyCodes=[58, 58], actions=[1, 0]}
10-19 23:36:00.553 29120 29656 I ReactNativeJS: ✅ Background location tracking started
10-19 23:36:00.553 29120 29656 I ReactNativeJS: ✅ Foreground service notification will be shown
10-19 23:36:00.553 29120 29656 I ReactNativeJS: ✅ Location will update every 5 seconds even when app is closed
10-19 23:36:00.563 29120 29656 I ReactNativeJS: '🎯🎯🎯 TripCompletionModal RENDER - visible:', false
10-19 23:36:00.563 29120 29656 I ReactNativeJS: '🎯🎯🎯 tripData:', '{\n  "distance": 0,\n  "duration": 0,\n  "fareBreakdown": {\n    "booking_type": "regular",\n    "vehicle_type": "sedan",\n    "base_fare": 0,\n    "distance_fare": 0,\n    "time_fare": 0,\n    "surge_charges": 0,\n    "deadhead_charges": 0,\n    "platform_fee": 0,\n    "gst_on_charges": 0,\n    "gst_on_platform_fee": 0,\n    "extra_km_charges": 0,\n    "driver_allowance": 0,\n    "total_fare": 0,\n    "details": {\n      "actual_distance_km": 0,\n      "actual_duration_minutes": 0,\n      "per_km_rate": 0\n    }\n  },\n  "pickup_address": "",\n  "destination_address": "",\n  "booking_type": "regular",\n  "rental_hours": null\n}'
10-19 23:36:00.563 29120 29656 I ReactNativeJS: ❌ Not visible - returning null
10-19 23:36:00.570 29120 29656 I ReactNativeJS: '🎯🎯🎯 TripCompletionModal RENDER - visible:', false
10-19 23:36:00.570 29120 29656 I ReactNativeJS: '🎯🎯🎯 tripData:', '{\n  "distance": 0,\n  "duration": 0,\n  "fareBreakdown": {\n    "booking_type": "regular",\n    "vehicle_type": "sedan",\n    "base_fare": 0,\n    "distance_fare": 0,\n    "time_fare": 0,\n    "surge_charges": 0,\n    "deadhead_charges": 0,\n    "platform_fee": 0,\n    "gst_on_charges": 0,\n    "gst_on_platform_fee": 0,\n    "extra_km_charges": 0,\n    "driver_allowance": 0,\n    "total_fare": 0,\n    "details": {\n      "actual_distance_km": 0,\n      "actual_duration_minutes": 0,\n      "per_km_rate": 0\n    }\n  },\n  "pickup_address": "",\n  "destination_address": "",\n  "booking_type": "regular",\n  "rental_hours": null\n}'
10-19 23:36:00.570 29120 29656 I ReactNativeJS: ❌ Not visible - returning null
10-19 23:36:00.571 29120 29656 I ReactNativeJS: ✅ Background location tracking started successfully
10-19 23:36:00.571 29120 29656 I ReactNativeJS: ✅ Driver location will be sent every 5 seconds even when app is closed
10-19 23:36:00.571 29120 29656 I ReactNativeJS: === DRIVER STATUS CHANGE DETECTED ===
10-19 23:36:00.571 29120 29656 I ReactNativeJS: 'Driver:', 'Shyam'
10-19 23:36:00.571 29120 29656 I ReactNativeJS: 'Driver Status:', 'online'
10-19 23:36:00.571 29120 29656 I ReactNativeJS: 'Driver User ID:', '1945e7ff-e1fe-4e6b-b1ab-e301e66924a4'
10-19 23:36:00.572 29120 29656 I ReactNativeJS: 'Driver Verified:', true
10-19 23:36:00.572 29120 29656 I ReactNativeJS: 🔍 Checking conditions:
10-19 23:36:00.572 29120 29656 I ReactNativeJS: '  - driver exists:', true
10-19 23:36:00.572 29120 29656 I ReactNativeJS: '  - status is online/busy:', true
10-19 23:36:00.572 29120 29656 I ReactNativeJS: '  - locationPermission:', true
10-19 23:36:00.572 29120 29656 I ReactNativeJS: '  - NOT isTracking:', false
10-19 23:36:00.572 29120 29656 I ReactNativeJS: '  - NOT isBackgroundTrackingActive:', false
10-19 23:36:00.572 29120 29656 I ReactNativeJS: '  - NOT isHandlingActiveDriver:', false
10-19 23:36:00.572 29120 29656 I ReactNativeJS: ❌ Conditions not met for starting location tracking
10-19 23:36:00.574 29120 29120 V ImeFocusController: onWindowFocus: com.android.internal.policy.DecorView{e311d29 V.E...... R......D 0,0-1080,2392 aid=0}[MainActivity] softInputMode=STATE_UNSPECIFIED|ADJUST_RESIZE
10-19 23:36:00.575 29120 29656 I ReactNativeJS: '🎯🎯🎯 TripCompletionModal RENDER - visible:', false
10-19 23:36:00.575 29120 29656 I ReactNativeJS: '🎯🎯🎯 tripData:', '{\n  "distance": 0,\n  "duration": 0,\n  "fareBreakdown": {\n    "booking_type": "regular",\n    "vehicle_type": "sedan",\n    "base_fare": 0,\n    "distance_fare": 0,\n    "time_fare": 0,\n    "surge_charges": 0,\n    "deadhead_charges": 0,\n    "platform_fee": 0,\n    "gst_on_charges": 0,\n    "gst_on_platform_fee": 0,\n    "extra_km_charges": 0,\n    "driver_allowance": 0,\n    "total_fare": 0,\n    "details": {\n      "actual_distance_km": 0,\n      "actual_duration_minutes": 0,\n      "per_km_rate": 0\n    }\n  },\n  "pickup_address": "",\n  "destination_address": "",\n  "booking_type": "regular",\n  "rental_hours": null\n}'
10-19 23:36:00.575 29120 29656 I ReactNativeJS: ❌ Not visible - returning null
10-19 23:36:00.576 29120 29656 I ReactNativeJS: === DRIVER STATUS CHANGE DETECTED ===
10-19 23:36:00.576 29120 29656 I ReactNativeJS: 'Driver:', 'Shyam'
10-19 23:36:00.576 29120 29656 I ReactNativeJS: 'Driver Status:', 'online'
10-19 23:36:00.576 29120 29656 I ReactNativeJS: 'Driver User ID:', '1945e7ff-e1fe-4e6b-b1ab-e301e66924a4'
10-19 23:36:00.576 29120 29656 I ReactNativeJS: 'Driver Verified:', true
10-19 23:36:00.576 29120 29656 I ReactNativeJS: 🔍 Checking conditions:
10-19 23:36:00.576 29120 29656 I ReactNativeJS: '  - driver exists:', true
10-19 23:36:00.576 29120 29656 I ReactNativeJS: '  - status is online/busy:', true
10-19 23:36:00.577 29120 29656 I ReactNativeJS: '  - locationPermission:', true
10-19 23:36:00.577 29120 29656 I ReactNativeJS: '  - NOT isTracking:', false
10-19 23:36:00.577 29120 29656 I ReactNativeJS: '  - NOT isBackgroundTrackingActive:', false
10-19 23:36:00.577 29120 29656 I ReactNativeJS: '  - NOT isHandlingActiveDriver:', true
10-19 23:36:00.577 29120 29656 I ReactNativeJS: ❌ Conditions not met for starting location tracking
10-19 23:36:00.584  5589  5589 W DynamicLanguageSetterModule: DynamicLanguageSetterModule.getApplicationLocales():393 Failed to get the application locales
10-19 23:36:00.584  5589  5589 W DynamicLanguageSetterModule: java.lang.SecurityException: getApplicationLocales: Neither user 10145 nor current process has android.permission.READ_APP_SPECIFIC_LOCALES.
10-19 23:36:00.584  5589  5589 W DynamicLanguageSetterModule: 	at android.os.Parcel.createExceptionOrNull(Parcel.java:3256)
10-19 23:36:00.584  5589  5589 W DynamicLanguageSetterModule: 	at android.os.Parcel.createException(Parcel.java:3240)
10-19 23:36:00.584  5589  5589 W DynamicLanguageSetterModule: 	at android.os.Parcel.readException(Parcel.java:3223)
10-19 23:36:00.584  5589  5589 W DynamicLanguageSetterModule: 	at android.os.Parcel.readException(Parcel.java:3165)
10-19 23:36:00.584  5589  5589 W DynamicLanguageSetterModule: 	at android.app.ILocaleManager$Stub$Proxy.getApplicationLocales(ILocaleManager.java:233)
10-19 23:36:00.584  5589  5589 W DynamicLanguageSetterModule: 	at android.app.LocaleManager.getApplicationLocales(LocaleManager.java:149)
10-19 23:36:00.584  5589  5589 W DynamicLanguageSetterModule: 	at a$$ExternalSyntheticApiModelOutline2.m(D8$$SyntheticClass:21)
10-19 23:36:00.584  5589  5589 W DynamicLanguageSetterModule: 	at kvi.f(PG:56)
10-19 23:36:00.584  5589  5589 W DynamicLanguageSetterModule: 	at kve.c(PG:10)
10-19 23:36:00.584  5589  5589 W DynamicLanguageSetterModule: 	at luz.dr(PG:47)
10-19 23:36:00.584  5589  5589 W DynamicLanguageSetterModule: 	at mwb.run(PG:844)
10-19 23:36:00.584  5589  5589 W DynamicLanguageSetterModule: 	at syb.execute(PG:1)
10-19 23:36:00.584  5589  5589 W DynamicLanguageSetterModule: 	at nlk.t(PG:13)
10-19 23:36:00.584  5589  5589 W DynamicLanguageSetterModule: 	at mua.m(PG:95)
10-19 23:36:00.584  5589  5589 W DynamicLanguageSetterModule: 	at mua.k(PG:24)
10-19 23:36:00.584  5589  5589 W DynamicLanguageSetterModule: 	at ltf.onStartInput(PG:252)
10-19 23:36:00.584  5589  5589 W DynamicLanguageSetterModule: 	at android.inputmethodservice.InputMethodService.doStartInput(InputMethodService.java:3642)
10-19 23:36:00.584  5589  5589 W DynamicLanguageSetterModule: 	at android.inputmethodservice.InputMethodService$InputMethodImpl.startInput(InputMethodService.java:872)
10-19 23:36:00.584  5589  5589 W DynamicLanguageSetterModule: 	at android.inputmethodservice.InputMethodService$InputMethodImpl.dispatchStartInput(InputMethodService.java:901)
10-19 23:36:00.584  5589  5589 W DynamicLanguageSetterModule: 	at android.inputmethodservice.IInputMethodWrapper.executeMessage(IInputMethodWrapper.java:208)
10-19 23:36:00.584  5589  5589 W DynamicLanguageSetterModule: 	at com.android.internal.os.HandlerCaller$MyHandler.handleMessage(HandlerCaller.java:44)
10-19 23:36:00.584  5589  5589 W DynamicLanguageSetterModule: 	at android.os.Handler.dispatchMessage(Handler.java:109)
10-19 23:36:00.584  5589  5589 W DynamicLanguageSetterModule: 	at android.os.Looper.loopOnce(Looper.java:250)
10-19 23:36:00.584  5589  5589 W DynamicLanguageSetterModule: 	at android.os.Looper.loop(Looper.java:340)
10-19 23:36:00.584  5589  5589 W DynamicLanguageSetterModule: 	at android.app.ActivityThread.main(ActivityThread.java:9928)
10-19 23:36:00.584  5589  5589 W DynamicLanguageSetterModule: 	at java.lang.reflect.Method.invoke(Native Method)
10-19 23:36:00.584  5589  5589 W DynamicLanguageSetterModule: 	at com.android.internal.os.RuntimeInit$MethodAndArgsCaller.run(RuntimeInit.java:625)
10-19 23:36:00.584  5589  5589 W DynamicLanguageSetterModule: 	at com.android.internal.os.ZygoteInit.main(ZygoteInit.java:957)
10-19 23:36:00.584  5589  5589 W DynamicLanguageSetterModule: Caused by: android.os.RemoteException: Remote stack trace:
10-19 23:36:00.584  5589  5589 W DynamicLanguageSetterModule: 	at android.app.ContextImpl.enforce(ContextImpl.java:2472)
10-19 23:36:00.584  5589  5589 W DynamicLanguageSetterModule: 	at android.app.ContextImpl.enforceCallingOrSelfPermission(ContextImpl.java:2500)
10-19 23:36:00.584  5589  5589 W DynamicLanguageSetterModule: 	at com.android.server.locales.LocaleManagerService.enforceReadAppSpecificLocalesPermission(LocaleManagerService.java:504)
10-19 23:36:00.584  5589  5589 W DynamicLanguageSetterModule: 	at com.android.server.locales.LocaleManagerService.getApplicationLocales(LocaleManagerService.java:432)
10-19 23:36:00.584  5589  5589 W DynamicLanguageSetterModule: 	at com.android.server.locales.LocaleManagerService$LocaleManagerBinderService.getApplicationLocales(LocaleManagerService.java:196)
10-19 23:36:00.584  5589  5589 W NotificationCenter: NotificationCenter$NotificationQueue.notifyPendingNotificationsOnExecutor():877 Heavy notify work detected on UI thread: [lva->kve] takes 33ms
10-19 23:36:00.584 28149 28149 D ViewRootImpl: AppSizeAfterRelayout, size: Point(1202, 177), rotation: ROTATION_0
10-19 23:36:00.585 28149 28149 D BLASTBufferQueue: [VRI[GrantPermissionsActivity]#5](f:0,a:0) destructor()
10-19 23:36:00.585 28149 28149 D BufferQueueConsumer: [VRI[GrantPermissionsActivity]#5(BLAST Consumer)5](id:6df500000005,api:0,p:-1,c:28149) disconnect
10-19 23:36:00.588 29120 29656 I ReactNativeJS: === SENDING LOCATION TO EDGE FUNCTION ===
10-19 23:36:00.589 29120 29656 I ReactNativeJS: 'Driver User ID:', '1945e7ff-e1fe-4e6b-b1ab-e301e66924a4'
10-19 23:36:00.589 29120 29656 I ReactNativeJS: 'Location:', { latitude: 12.7486967,
10-19 23:36:00.589 29120 29656 I ReactNativeJS:   longitude: 77.8299967,
10-19 23:36:00.589 29120 29656 I ReactNativeJS:   accuracy: 2.3959999084472656 }
10-19 23:36:00.589 29120 29656 I ReactNativeJS: 📤 Updating location via RPC...
10-19 23:36:00.593  5589  5589 I GoogleInputMethodService: GoogleInputMethodService.onFinishInput():2085 
