--------- beginning of main
10-20 22:58:29.446 27060 27485 I ReactNativeJS: ğŸ”„ Auto-refreshing rides (2-second interval)...
10-20 22:58:29.447 27060 27485 I ReactNativeJS: === LOADING RIDES ===
10-20 22:58:29.447 27060 27485 I ReactNativeJS: 'Driver ID:', 'eb91d7e5-e2f2-4021-a8c8-3739a3d4cae4'
10-20 22:58:29.447 27060 27485 I ReactNativeJS: 'Driver User ID:', '1c4ac410-54d8-4b5e-960b-3afcbebd115d'
10-20 22:58:29.452 27060 27485 I ReactNativeJS: 'ğŸ¯ğŸ¯ğŸ¯ TripCompletionModal RENDER - visible:', false
10-20 22:58:29.452 27060 27485 I ReactNativeJS: 'ğŸ¯ğŸ¯ğŸ¯ tripData:', '{\n  "distance": 0,\n  "duration": 0,\n  "fareBreakdown": {\n    "booking_type": "regular",\n    "vehicle_type": "sedan",\n    "base_fare": 0,\n    "distance_fare": 0,\n    "time_fare": 0,\n    "surge_charges": 0,\n    "deadhead_charges": 0,\n    "platform_fee": 0,\n    "gst_on_charges": 0,\n    "gst_on_platform_fee": 0,\n    "extra_km_charges": 0,\n    "driver_allowance": 0,\n    "total_fare": 0,\n    "details": {\n      "actual_distance_km": 0,\n      "actual_duration_minutes": 0,\n      "per_km_rate": 0\n    }\n  },\n  "pickup_address": "",\n  "destination_address": "",\n  "booking_type": "regular",\n  "rental_hours": null\n}'
10-20 22:58:29.452 27060 27485 I ReactNativeJS: âŒ Not visible - returning null
10-20 22:58:29.453 27060 27485 I ReactNativeJS: ğŸ” Loading current ride...
10-20 22:58:29.455 27060 27485 I ReactNativeJS: === RIDES SCREEN STATE DEBUG ===
10-20 22:58:29.455 27060 27485 I ReactNativeJS: ğŸ”„ Component state updated:
10-20 22:58:29.455 27060 27485 I ReactNativeJS: '  - Current ride:', 'null'
10-20 22:58:29.455 27060 27485 I ReactNativeJS: '  - Pending rides count:', 0
10-20 22:58:29.455 27060 27485 I ReactNativeJS: '  - Driver status:', 'online'
10-20 22:58:29.455 27060 27485 I ReactNativeJS: '  - Loading:', true
10-20 22:58:29.455 27060 27485 I ReactNativeJS: '  - Error:', null
10-20 22:58:29.455 27060 27485 I ReactNativeJS: '  - Show modal:', false
10-20 22:58:29.456 27060 27485 I ReactNativeJS: '  - Timestamp:', '2025-10-20T17:28:29.455Z'
10-20 22:58:29.456 27060 27485 I ReactNativeJS: âŒ NO CURRENT RIDE - showing empty state
10-20 22:58:29.481 21104 21184 I FusedLocation: (REDACTED) location delivery to %s blocked - too close
10-20 22:58:29.484 21104 21184 I FusedLocation: (REDACTED) location delivery to %s blocked - too fast
10-20 22:58:29.485 21104 21184 I FusedLocation: (REDACTED) location delivery to %s blocked - too close
10-20 22:58:29.487 21104 21184 I FusedLocation: (REDACTED) location delivery to %s blocked - too close
10-20 22:58:29.488 21104 21184 I FusedLocation: (REDACTED) location delivery to %s blocked - too close
10-20 22:58:29.488 21104 21184 I FusedLocation: (REDACTED) location delivery to %s blocked - too fast
10-20 22:58:29.493 21163 15423 E Icing   : Failed to remove thing with error code :error uri not found
10-20 22:58:29.852 27060 27485 I ReactNativeJS: 'âœ… Current ride loaded:', 'none'
10-20 22:58:29.852 27060 27485 I ReactNativeJS: ğŸ” Loading pending ride notifications...
10-20 22:58:30.038  7096  7126 W ProxyAndroidLoggerBackend: Too many Flogger logs received before configuration. Dropping old logs.
10-20 22:58:30.062 21163 15423 I Blockstore: (REDACTED) [BlockstoreImpl] Skip trying to update access for exempt package %s
10-20 22:58:30.124 27060 27485 I ReactNativeJS: ğŸ“‹ Found 0 unread ride notifications
10-20 22:58:30.137 27060 27485 I ReactNativeJS: 'ğŸ¯ğŸ¯ğŸ¯ TripCompletionModal RENDER - visible:', false
10-20 22:58:30.137 27060 27485 I ReactNativeJS: 'ğŸ¯ğŸ¯ğŸ¯ tripData:', '{\n  "distance": 0,\n  "duration": 0,\n  "fareBreakdown": {\n    "booking_type": "regular",\n    "vehicle_type": "sedan",\n    "base_fare": 0,\n    "distance_fare": 0,\n    "time_fare": 0,\n    "surge_charges": 0,\n    "deadhead_charges": 0,\n    "platform_fee": 0,\n    "gst_on_charges": 0,\n    "gst_on_platform_fee": 0,\n    "extra_km_charges": 0,\n    "driver_allowance": 0,\n    "total_fare": 0,\n    "details": {\n      "actual_distance_km": 0,\n      "actual_duration_minutes": 0,\n      "per_km_rate": 0\n    }\n  },\n  "pickup_address": "",\n  "destination_address": "",\n  "booking_type": "regular",\n  "rental_hours": null\n}'
10-20 22:58:30.137 27060 27485 I ReactNativeJS: âŒ Not visible - returning null
10-20 22:58:30.139 27060 27485 I ReactNativeJS: âœ… No pending ride notifications
10-20 22:58:30.140 27060 27485 I ReactNativeJS: === RIDES SCREEN STATE DEBUG ===
10-20 22:58:30.140 27060 27485 I ReactNativeJS: ğŸ”„ Component state updated:
10-20 22:58:30.140 27060 27485 I ReactNativeJS: '  - Current ride:', 'null'
10-20 22:58:30.140 27060 27485 I ReactNativeJS: '  - Pending rides count:', 0
10-20 22:58:30.140 27060 27485 I ReactNativeJS: '  - Driver status:', 'online'
10-20 22:58:30.140 27060 27485 I ReactNativeJS: '  - Loading:', true
10-20 22:58:30.140 27060 27485 I ReactNativeJS: '  - Error:', null
10-20 22:58:30.140 27060 27485 I ReactNativeJS: '  - Show modal:', false
10-20 22:58:30.140 27060 27485 I ReactNativeJS: '  - Timestamp:', '2025-10-20T17:28:30.140Z'
10-20 22:58:30.140 27060 27485 I ReactNativeJS: âŒ NO CURRENT RIDE - showing empty state
10-20 22:58:30.140 27060 27485 I ReactNativeJS: === RIDE REQUEST MODAL LOGIC DEBUG ===
10-20 22:58:30.140 27060 27485 I ReactNativeJS: ğŸ”„ Checking if should show ride request modal:
10-20 22:58:30.140 27060 27485 I ReactNativeJS: '  - Pending rides:', 0
10-20 22:58:30.140 27060 27485 I ReactNativeJS: '  - Modal already showing:', false
10-20 22:58:30.140 27060 27485 I ReactNativeJS: '  - Driver status:', 'online'
10-20 22:58:30.141 27060 27485 I ReactNativeJS: '  - Has current ride:', false
10-20 22:58:30.141 27060 27485 I ReactNativeJS: âŒ NOT SHOWING MODAL - reasons:
10-20 22:58:30.141 27060 27485 I ReactNativeJS: 'ğŸš— Analysis:', { pendingRidesCount: 0,
10-20 22:58:30.141 27060 27485 I ReactNativeJS:   modalAlreadyShowing: false,
10-20 22:58:30.141 27060 27485 I ReactNativeJS:   driverStatus: 'online',
10-20 22:58:30.141 27060 27485 I ReactNativeJS:   hasCurrentRide: false }
10-20 22:58:30.146 27060 27485 I ReactNativeJS: 'ğŸ¯ğŸ¯ğŸ¯ TripCompletionModal RENDER - visible:', false
10-20 22:58:30.146 27060 27485 I ReactNativeJS: 'ğŸ¯ğŸ¯ğŸ¯ tripData:', '{\n  "distance": 0,\n  "duration": 0,\n  "fareBreakdown": {\n    "booking_type": "regular",\n    "vehicle_type": "sedan",\n    "base_fare": 0,\n    "distance_fare": 0,\n    "time_fare": 0,\n    "surge_charges": 0,\n    "deadhead_charges": 0,\n    "platform_fee": 0,\n    "gst_on_charges": 0,\n    "gst_on_platform_fee": 0,\n    "extra_km_charges": 0,\n    "driver_allowance": 0,\n    "total_fare": 0,\n    "details": {\n      "actual_distance_km": 0,\n      "actual_duration_minutes": 0,\n      "per_km_rate": 0\n    }\n  },\n  "pickup_address": "",\n  "destination_address": "",\n  "booking_type": "regular",\n  "rental_hours": null\n}'
10-20 22:58:30.146 27060 27485 I ReactNativeJS: âŒ Not visible - returning null
10-20 22:58:30.148 27060 27485 I ReactNativeJS: === RIDES SCREEN STATE DEBUG ===
10-20 22:58:30.148 27060 27485 I ReactNativeJS: ğŸ”„ Component state updated:
10-20 22:58:30.148 27060 27485 I ReactNativeJS: '  - Current ride:', 'null'
10-20 22:58:30.148 27060 27485 I ReactNativeJS: '  - Pending rides count:', 0
10-20 22:58:30.148 27060 27485 I ReactNativeJS: '  - Driver status:', 'online'
10-20 22:58:30.148 27060 27485 I ReactNativeJS: '  - Loading:', false
10-20 22:58:30.148 27060 27485 I ReactNativeJS: '  - Error:', null
10-20 22:58:30.148 27060 27485 I ReactNativeJS: '  - Show modal:', false
10-20 22:58:30.148 27060 27485 I ReactNativeJS: '  - Timestamp:', '2025-10-20T17:28:30.148Z'
10-20 22:58:30.148 27060 27485 I ReactNativeJS: âŒ NO CURRENT RIDE - showing empty state
10-20 22:58:31.447 27060 27485 I ReactNativeJS: ğŸ”„ Auto-refreshing rides (2-second interval)...
10-20 22:58:31.448 27060 27485 I ReactNativeJS: === LOADING RIDES ===
10-20 22:58:31.448 27060 27485 I ReactNativeJS: 'Driver ID:', 'eb91d7e5-e2f2-4021-a8c8-3739a3d4cae4'
10-20 22:58:31.448 27060 27485 I ReactNativeJS: 'Driver User ID:', '1c4ac410-54d8-4b5e-960b-3afcbebd115d'
10-20 22:58:31.452 27060 27485 I ReactNativeJS: 'ğŸ¯ğŸ¯ğŸ¯ TripCompletionModal RENDER - visible:', false
10-20 22:58:31.453 27060 27485 I ReactNativeJS: 'ğŸ¯ğŸ¯ğŸ¯ tripData:', '{\n  "distance": 0,\n  "duration": 0,\n  "fareBreakdown": {\n    "booking_type": "regular",\n    "vehicle_type": "sedan",\n    "base_fare": 0,\n    "distance_fare": 0,\n    "time_fare": 0,\n    "surge_charges": 0,\n    "deadhead_charges": 0,\n    "platform_fee": 0,\n    "gst_on_charges": 0,\n    "gst_on_platform_fee": 0,\n    "extra_km_charges": 0,\n    "driver_allowance": 0,\n    "total_fare": 0,\n    "details": {\n      "actual_distance_km": 0,\n      "actual_duration_minutes": 0,\n      "per_km_rate": 0\n    }\n  },\n  "pickup_address": "",\n  "destination_address": "",\n  "booking_type": "regular",\n  "rental_hours": null\n}'
10-20 22:58:31.453 27060 27485 I ReactNativeJS: âŒ Not visible - returning null
10-20 22:58:31.454 27060 27485 I ReactNativeJS: ğŸ” Loading current ride...
10-20 22:58:31.455 27060 27485 I ReactNativeJS: === RIDES SCREEN STATE DEBUG ===
10-20 22:58:31.455 27060 27485 I ReactNativeJS: ğŸ”„ Component state updated:
10-20 22:58:31.455 27060 27485 I ReactNativeJS: '  - Current ride:', 'null'
10-20 22:58:31.455 27060 27485 I ReactNativeJS: '  - Pending rides count:', 0
10-20 22:58:31.455 27060 27485 I ReactNativeJS: '  - Driver status:', 'online'
10-20 22:58:31.455 27060 27485 I ReactNativeJS: '  - Loading:', true
10-20 22:58:31.455 27060 27485 I ReactNativeJS: '  - Error:', null
10-20 22:58:31.455 27060 27485 I ReactNativeJS: '  - Show modal:', false
10-20 22:58:31.455 27060 27485 I ReactNativeJS: '  - Timestamp:', '2025-10-20T17:28:31.455Z'
10-20 22:58:31.455 27060 27485 I ReactNativeJS: âŒ NO CURRENT RIDE - showing empty state
10-20 22:58:31.745 27060 27485 I ReactNativeJS: 'âœ… Current ride loaded:', 'none'
10-20 22:58:31.745 27060 27485 I ReactNativeJS: ğŸ” Loading pending ride notifications...
10-20 22:58:32.029 27060 27485 I ReactNativeJS: ğŸ“‹ Found 0 unread ride notifications
10-20 22:58:32.043 27060 27485 I ReactNativeJS: 'ğŸ¯ğŸ¯ğŸ¯ TripCompletionModal RENDER - visible:', false
10-20 22:58:32.044 27060 27485 I ReactNativeJS: 'ğŸ¯ğŸ¯ğŸ¯ tripData:', '{\n  "distance": 0,\n  "duration": 0,\n  "fareBreakdown": {\n    "booking_type": "regular",\n    "vehicle_type": "sedan",\n    "base_fare": 0,\n    "distance_fare": 0,\n    "time_fare": 0,\n    "surge_charges": 0,\n    "deadhead_charges": 0,\n    "platform_fee": 0,\n    "gst_on_charges": 0,\n    "gst_on_platform_fee": 0,\n    "extra_km_charges": 0,\n    "driver_allowance": 0,\n    "total_fare": 0,\n    "details": {\n      "actual_distance_km": 0,\n      "actual_duration_minutes": 0,\n      "per_km_rate": 0\n    }\n  },\n  "pickup_address": "",\n  "destination_address": "",\n  "booking_type": "regular",\n  "rental_hours": null\n}'
10-20 22:58:32.044 27060 27485 I ReactNativeJS: âŒ Not visible - returning null
10-20 22:58:32.046 27060 27485 I ReactNativeJS: âœ… No pending ride notifications
10-20 22:58:32.047 27060 27485 I ReactNativeJS: === RIDES SCREEN STATE DEBUG ===
10-20 22:58:32.047 27060 27485 I ReactNativeJS: ğŸ”„ Component state updated:
10-20 22:58:32.047 27060 27485 I ReactNativeJS: '  - Current ride:', 'null'
10-20 22:58:32.047 27060 27485 I ReactNativeJS: '  - Pending rides count:', 0
10-20 22:58:32.047 27060 27485 I ReactNativeJS: '  - Driver status:', 'online'
10-20 22:58:32.047 27060 27485 I ReactNativeJS: '  - Loading:', true
10-20 22:58:32.047 27060 27485 I ReactNativeJS: '  - Error:', null
10-20 22:58:32.047 27060 27485 I ReactNativeJS: '  - Show modal:', false
10-20 22:58:32.047 27060 27485 I ReactNativeJS: '  - Timestamp:', '2025-10-20T17:28:32.047Z'
10-20 22:58:32.047 27060 27485 I ReactNativeJS: âŒ NO CURRENT RIDE - showing empty state
10-20 22:58:32.047 27060 27485 I ReactNativeJS: === RIDE REQUEST MODAL LOGIC DEBUG ===
10-20 22:58:32.047 27060 27485 I ReactNativeJS: ğŸ”„ Checking if should show ride request modal:
10-20 22:58:32.047 27060 27485 I ReactNativeJS: '  - Pending rides:', 0
10-20 22:58:32.047 27060 27485 I ReactNativeJS: '  - Modal already showing:', false
10-20 22:58:32.047 27060 27485 I ReactNativeJS: '  - Driver status:', 'online'
10-20 22:58:32.047 27060 27485 I ReactNativeJS: '  - Has current ride:', false
10-20 22:58:32.047 27060 27485 I ReactNativeJS: âŒ NOT SHOWING MODAL - reasons:
10-20 22:58:32.048 27060 27485 I ReactNativeJS: 'ğŸš— Analysis:', { pendingRidesCount: 0,
10-20 22:58:32.048 27060 27485 I ReactNativeJS:   modalAlreadyShowing: false,
10-20 22:58:32.048 27060 27485 I ReactNativeJS:   driverStatus: 'online',
10-20 22:58:32.048 27060 27485 I ReactNativeJS:   hasCurrentRide: false }
10-20 22:58:32.054 27060 27485 I ReactNativeJS: 'ğŸ¯ğŸ¯ğŸ¯ TripCompletionModal RENDER - visible:', false
10-20 22:58:32.054 27060 27485 I ReactNativeJS: 'ğŸ¯ğŸ¯ğŸ¯ tripData:', '{\n  "distance": 0,\n  "duration": 0,\n  "fareBreakdown": {\n    "booking_type": "regular",\n    "vehicle_type": "sedan",\n    "base_fare": 0,\n    "distance_fare": 0,\n    "time_fare": 0,\n    "surge_charges": 0,\n    "deadhead_charges": 0,\n    "platform_fee": 0,\n    "gst_on_charges": 0,\n    "gst_on_platform_fee": 0,\n    "extra_km_charges": 0,\n    "driver_allowance": 0,\n    "total_fare": 0,\n    "details": {\n      "actual_distance_km": 0,\n      "actual_duration_minutes": 0,\n      "per_km_rate": 0\n    }\n  },\n  "pickup_address": "",\n  "destination_address": "",\n  "booking_type": "regular",\n  "rental_hours": null\n}'
10-20 22:58:32.054 27060 27485 I ReactNativeJS: âŒ Not visible - returning null
10-20 22:58:32.055 27060 27485 I ReactNativeJS: === RIDES SCREEN STATE DEBUG ===
10-20 22:58:32.056 27060 27485 I ReactNativeJS: ğŸ”„ Component state updated:
10-20 22:58:32.056 27060 27485 I ReactNativeJS: '  - Current ride:', 'null'
10-20 22:58:32.056 27060 27485 I ReactNativeJS: '  - Pending rides count:', 0
10-20 22:58:32.056 27060 27485 I ReactNativeJS: '  - Driver status:', 'online'
10-20 22:58:32.056 27060 27485 I ReactNativeJS: '  - Loading:', false
10-20 22:58:32.056 27060 27485 I ReactNativeJS: '  - Error:', null
10-20 22:58:32.056 27060 27485 I ReactNativeJS: '  - Show modal:', false
10-20 22:58:32.056 27060 27485 I ReactNativeJS: '  - Timestamp:', '2025-10-20T17:28:32.056Z'
10-20 22:58:32.056 27060 27485 I ReactNativeJS: âŒ NO CURRENT RIDE - showing empty state
10-20 22:58:32.716 21104 21188 W Settings: Setting airplane_mode_on has moved from android.provider.Settings.System to android.provider.Settings.Global, returning read-only value.
10-20 22:58:32.725 21104 27973 W SystemServiceRegistry: No service published for: wifirtt
10-20 22:58:33.447 27060 27485 I ReactNativeJS: ğŸ”„ Auto-refreshing rides (2-second interval)...
10-20 22:58:33.447 27060 27485 I ReactNativeJS: === LOADING RIDES ===
10-20 22:58:33.447 27060 27485 I ReactNativeJS: 'Driver ID:', 'eb91d7e5-e2f2-4021-a8c8-3739a3d4cae4'
10-20 22:58:33.447 27060 27485 I ReactNativeJS: 'Driver User ID:', '1c4ac410-54d8-4b5e-960b-3afcbebd115d'
10-20 22:58:33.451 27060 27485 I ReactNativeJS: 'ğŸ¯ğŸ¯ğŸ¯ TripCompletionModal RENDER - visible:', false
10-20 22:58:33.452 27060 27485 I ReactNativeJS: 'ğŸ¯ğŸ¯ğŸ¯ tripData:', '{\n  "distance": 0,\n  "duration": 0,\n  "fareBreakdown": {\n    "booking_type": "regular",\n    "vehicle_type": "sedan",\n    "base_fare": 0,\n    "distance_fare": 0,\n    "time_fare": 0,\n    "surge_charges": 0,\n    "deadhead_charges": 0,\n    "platform_fee": 0,\n    "gst_on_charges": 0,\n    "gst_on_platform_fee": 0,\n    "extra_km_charges": 0,\n    "driver_allowance": 0,\n    "total_fare": 0,\n    "details": {\n      "actual_distance_km": 0,\n      "actual_duration_minutes": 0,\n      "per_km_rate": 0\n    }\n  },\n  "pickup_address": "",\n  "destination_address": "",\n  "booking_type": "regular",\n  "rental_hours": null\n}'
10-20 22:58:33.452 27060 27485 I ReactNativeJS: âŒ Not visible - returning null
10-20 22:58:33.453 27060 27485 I ReactNativeJS: ğŸ” Loading current ride...
10-20 22:58:33.454 27060 27485 I ReactNativeJS: === RIDES SCREEN STATE DEBUG ===
10-20 22:58:33.454 27060 27485 I ReactNativeJS: ğŸ”„ Component state updated:
10-20 22:58:33.454 27060 27485 I ReactNativeJS: '  - Current ride:', 'null'
10-20 22:58:33.454 27060 27485 I ReactNativeJS: '  - Pending rides count:', 0
10-20 22:58:33.455 27060 27485 I ReactNativeJS: '  - Driver status:', 'online'
10-20 22:58:33.455 27060 27485 I ReactNativeJS: '  - Loading:', true
10-20 22:58:33.455 27060 27485 I ReactNativeJS: '  - Error:', null
10-20 22:58:33.455 27060 27485 I ReactNativeJS: '  - Show modal:', false
10-20 22:58:33.455 27060 27485 I ReactNativeJS: '  - Timestamp:', '2025-10-20T17:28:33.455Z'
10-20 22:58:33.455 27060 27485 I ReactNativeJS: âŒ NO CURRENT RIDE - showing empty state
10-20 22:58:33.964 27060 27485 I ReactNativeJS: 'âœ… Current ride loaded:', 'none'
10-20 22:58:33.964 27060 27485 I ReactNativeJS: ğŸ” Loading pending ride notifications...
10-20 22:58:34.175 21104 21332 I WifiScanner: onFullResults
10-20 22:58:34.176 21104 23957 I WifiScanner: onFullResults
10-20 22:58:34.177 21104 22003 I WifiScanner: onFullResults
10-20 22:58:34.191 21104 27973 I FrewleTileCacheManagerV: (REDACTED) Fetched %d AP models from cache
10-20 22:58:34.230 21104 21184 I FusedLocation: (REDACTED) location delivery to %s blocked - too close
10-20 22:58:34.231 27060 27485 I ReactNativeJS: ğŸ“‹ Found 0 unread ride notifications
10-20 22:58:34.231 21104 21184 I FusedLocation: (REDACTED) location delivery to %s blocked - too fast
10-20 22:58:34.232 21104 21184 I FusedLocation: (REDACTED) location delivery to %s blocked - too close
10-20 22:58:34.233 21104 21184 I FusedLocation: (REDACTED) location delivery to %s blocked - too close
10-20 22:58:34.233 21104 21184 I FusedLocation: (REDACTED) location delivery to %s blocked - too close
10-20 22:58:34.233 21104 21184 I FusedLocation: (REDACTED) location delivery to %s blocked - too fast
10-20 22:58:34.236 21104 21184 I fznc    : Received empty WiFi-RTT scan. [CONTEXT service_id=6 ]
10-20 22:58:34.237 27060 27485 I ReactNativeJS: 'ğŸ¯ğŸ¯ğŸ¯ TripCompletionModal RENDER - visible:', false
10-20 22:58:34.237 27060 27485 I ReactNativeJS: 'ğŸ¯ğŸ¯ğŸ¯ tripData:', '{\n  "distance": 0,\n  "duration": 0,\n  "fareBreakdown": {\n    "booking_type": "regular",\n    "vehicle_type": "sedan",\n    "base_fare": 0,\n    "distance_fare": 0,\n    "time_fare": 0,\n    "surge_charges": 0,\n    "deadhead_charges": 0,\n    "platform_fee": 0,\n    "gst_on_charges": 0,\n    "gst_on_platform_fee": 0,\n    "extra_km_charges": 0,\n    "driver_allowance": 0,\n    "total_fare": 0,\n    "details": {\n      "actual_distance_km": 0,\n      "actual_duration_minutes": 0,\n      "per_km_rate": 0\n    }\n  },\n  "pickup_address": "",\n  "destination_address": "",\n  "booking_type": "regular",\n  "rental_hours": null\n}'
10-20 22:58:34.237 27060 27485 I ReactNativeJS: âŒ Not visible - returning null
10-20 22:58:34.238 27060 27485 I ReactNativeJS: âœ… No pending ride notifications
10-20 22:58:34.239 27060 27485 I ReactNativeJS: === RIDES SCREEN STATE DEBUG ===
10-20 22:58:34.239 27060 27485 I ReactNativeJS: ğŸ”„ Component state updated:
10-20 22:58:34.239 27060 27485 I ReactNativeJS: '  - Current ride:', 'null'
10-20 22:58:34.239 27060 27485 I ReactNativeJS: '  - Pending rides count:', 0
10-20 22:58:34.239 27060 27485 I ReactNativeJS: '  - Driver status:', 'online'
10-20 22:58:34.239 27060 27485 I ReactNativeJS: '  - Loading:', true
10-20 22:58:34.239 27060 27485 I ReactNativeJS: '  - Error:', null
10-20 22:58:34.239 27060 27485 I ReactNativeJS: '  - Show modal:', false
10-20 22:58:34.239 27060 27485 I ReactNativeJS: '  - Timestamp:', '2025-10-20T17:28:34.239Z'
10-20 22:58:34.239 27060 27485 I ReactNativeJS: âŒ NO CURRENT RIDE - showing empty state
10-20 22:58:34.239 27060 27485 I ReactNativeJS: === RIDE REQUEST MODAL LOGIC DEBUG ===
10-20 22:58:34.239 27060 27485 I ReactNativeJS: ğŸ”„ Checking if should show ride request modal:
10-20 22:58:34.239 27060 27485 I ReactNativeJS: '  - Pending rides:', 0
10-20 22:58:34.239 27060 27485 I ReactNativeJS: '  - Modal already showing:', false
10-20 22:58:34.239 27060 27485 I ReactNativeJS: '  - Driver status:', 'online'
10-20 22:58:34.239 27060 27485 I ReactNativeJS: '  - Has current ride:', false
10-20 22:58:34.239 27060 27485 I ReactNativeJS: âŒ NOT SHOWING MODAL - reasons:
10-20 22:58:34.240 27060 27485 I ReactNativeJS: 'ğŸš— Analysis:', { pendingRidesCount: 0,
10-20 22:58:34.240 27060 27485 I ReactNativeJS:   modalAlreadyShowing: false,
10-20 22:58:34.240 27060 27485 I ReactNativeJS:   driverStatus: 'online',
10-20 22:58:34.240 27060 27485 I ReactNativeJS:   hasCurrentRide: false }
10-20 22:58:34.246 27060 27485 I ReactNativeJS: 'ğŸ¯ğŸ¯ğŸ¯ TripCompletionModal RENDER - visible:', false
10-20 22:58:34.247 27060 27485 I ReactNativeJS: 'ğŸ¯ğŸ¯ğŸ¯ tripData:', '{\n  "distance": 0,\n  "duration": 0,\n  "fareBreakdown": {\n    "booking_type": "regular",\n    "vehicle_type": "sedan",\n    "base_fare": 0,\n    "distance_fare": 0,\n    "time_fare": 0,\n    "surge_charges": 0,\n    "deadhead_charges": 0,\n    "platform_fee": 0,\n    "gst_on_charges": 0,\n    "gst_on_platform_fee": 0,\n    "extra_km_charges": 0,\n    "driver_allowance": 0,\n    "total_fare": 0,\n    "details": {\n      "actual_distance_km": 0,\n      "actual_duration_minutes": 0,\n      "per_km_rate": 0\n    }\n  },\n  "pickup_address": "",\n  "destination_address": "",\n  "booking_type": "regular",\n  "rental_hours": null\n}'
10-20 22:58:34.247 27060 27485 I ReactNativeJS: âŒ Not visible - returning null
10-20 22:58:34.248 27060 27485 I ReactNativeJS: === RIDES SCREEN STATE DEBUG ===
10-20 22:58:34.248 27060 27485 I ReactNativeJS: ğŸ”„ Component state updated:
10-20 22:58:34.248 27060 27485 I ReactNativeJS: '  - Current ride:', 'null'
10-20 22:58:34.248 27060 27485 I ReactNativeJS: '  - Pending rides count:', 0
10-20 22:58:34.248 27060 27485 I ReactNativeJS: '  - Driver status:', 'online'
10-20 22:58:34.248 27060 27485 I ReactNativeJS: '  - Loading:', false
10-20 22:58:34.248 27060 27485 I ReactNativeJS: '  - Error:', null
10-20 22:58:34.248 27060 27485 I ReactNativeJS: '  - Show modal:', false
10-20 22:58:34.248 27060 27485 I ReactNativeJS: '  - Timestamp:', '2025-10-20T17:28:34.248Z'
10-20 22:58:34.248 27060 27485 I ReactNativeJS: âŒ NO CURRENT RIDE - showing empty state
10-20 22:58:34.488 21104 21184 I FusedLocation: (REDACTED) location delivery to %s blocked - too fast
10-20 22:58:34.489 21104 21184 I FusedLocation: (REDACTED) location delivery to %s blocked - too close
10-20 22:58:34.491 21104 21184 I FusedLocation: (REDACTED) location delivery to %s blocked - too fast
10-20 22:58:34.492 21104 21184 I FusedLocation: (REDACTED) location delivery to %s blocked - too fast
10-20 22:58:34.492 21104 21184 I FusedLocation: (REDACTED) location delivery to %s blocked - too close
10-20 22:58:34.497 21104 21184 I FusedLocation: (REDACTED) location delivery to %s blocked - too close
10-20 22:58:34.497 21104 21184 I FusedLocation: (REDACTED) location delivery to %s blocked - too close
10-20 22:58:34.498 21104 21184 I FusedLocation: (REDACTED) location delivery to %s blocked - too fast
10-20 22:58:35.447 27060 27485 I ReactNativeJS: ğŸ”„ Auto-refreshing rides (2-second interval)...
10-20 22:58:35.447 27060 27485 I ReactNativeJS: === LOADING RIDES ===
10-20 22:58:35.448 27060 27485 I ReactNativeJS: 'Driver ID:', 'eb91d7e5-e2f2-4021-a8c8-3739a3d4cae4'
10-20 22:58:35.448 27060 27485 I ReactNativeJS: 'Driver User ID:', '1c4ac410-54d8-4b5e-960b-3afcbebd115d'
10-20 22:58:35.453 27060 27485 I ReactNativeJS: 'ğŸ¯ğŸ¯ğŸ¯ TripCompletionModal RENDER - visible:', false
10-20 22:58:35.453 27060 27485 I ReactNativeJS: 'ğŸ¯ğŸ¯ğŸ¯ tripData:', '{\n  "distance": 0,\n  "duration": 0,\n  "fareBreakdown": {\n    "booking_type": "regular",\n    "vehicle_type": "sedan",\n    "base_fare": 0,\n    "distance_fare": 0,\n    "time_fare": 0,\n    "surge_charges": 0,\n    "deadhead_charges": 0,\n    "platform_fee": 0,\n    "gst_on_charges": 0,\n    "gst_on_platform_fee": 0,\n    "extra_km_charges": 0,\n    "driver_allowance": 0,\n    "total_fare": 0,\n    "details": {\n      "actual_distance_km": 0,\n      "actual_duration_minutes": 0,\n      "per_km_rate": 0\n    }\n  },\n  "pickup_address": "",\n  "destination_address": "",\n  "booking_type": "regular",\n  "rental_hours": null\n}'
10-20 22:58:35.453 27060 27485 I ReactNativeJS: âŒ Not visible - returning null
10-20 22:58:35.454 27060 27485 I ReactNativeJS: ğŸ” Loading current ride...
10-20 22:58:35.456 27060 27485 I ReactNativeJS: === RIDES SCREEN STATE DEBUG ===
10-20 22:58:35.456 27060 27485 I ReactNativeJS: ğŸ”„ Component state updated:
10-20 22:58:35.456 27060 27485 I ReactNativeJS: '  - Current ride:', 'null'
10-20 22:58:35.456 27060 27485 I ReactNativeJS: '  - Pending rides count:', 0
10-20 22:58:35.457 27060 27485 I ReactNativeJS: '  - Driver status:', 'online'
10-20 22:58:35.457 27060 27485 I ReactNativeJS: '  - Loading:', true
10-20 22:58:35.457 27060 27485 I ReactNativeJS: '  - Error:', null
10-20 22:58:35.457 27060 27485 I ReactNativeJS: '  - Show modal:', false
10-20 22:58:35.457 27060 27485 I ReactNativeJS: '  - Timestamp:', '2025-10-20T17:28:35.457Z'
10-20 22:58:35.457 27060 27485 I ReactNativeJS: âŒ NO CURRENT RIDE - showing empty state
10-20 22:58:35.474 21104 21184 I FusedLocation: (REDACTED) location delivery to %s blocked - too fast
10-20 22:58:35.476 21104 21184 I FusedLocation: (REDACTED) location delivery to %s blocked - too close
10-20 22:58:35.477 21104 21184 I FusedLocation: (REDACTED) location delivery to %s blocked - too fast
10-20 22:58:35.479 21104 21184 I FusedLocation: (REDACTED) location delivery to %s blocked - too close
10-20 22:58:35.480 21104 21184 I FusedLocation: (REDACTED) location delivery to %s blocked - too close
10-20 22:58:35.480 21104 21184 I FusedLocation: (REDACTED) location delivery to %s blocked - too close
10-20 22:58:35.480 21104 21184 I FusedLocation: (REDACTED) location delivery to %s blocked - too fast
10-20 22:58:35.736 27060 27485 I ReactNativeJS: 'âœ… Current ride loaded:', 'none'
10-20 22:58:35.736 27060 27485 I ReactNativeJS: ğŸ” Loading pending ride notifications...
10-20 22:58:35.903 21104 21184 I FusedLocation: (REDACTED) location delivery to %s blocked - too fast
10-20 22:58:35.906 21104 21184 I FusedLocation: (REDACTED) location delivery to %s blocked - too close
10-20 22:58:35.909 21104 21184 I FusedLocation: (REDACTED) location delivery to %s blocked - too fast
10-20 22:58:35.909 21104 21184 I FusedLocation: (REDACTED) location delivery to %s blocked - too fast
10-20 22:58:35.909 21104 21184 I FusedLocation: (REDACTED) location delivery to %s blocked - too close
10-20 22:58:35.911 21104 21184 I FusedLocation: (REDACTED) location delivery to %s blocked - too close
10-20 22:58:35.912 21104 21184 I FusedLocation: (REDACTED) location delivery to %s blocked - too close
10-20 22:58:35.913 21104 21184 I FusedLocation: (REDACTED) location delivery to %s blocked - too fast
10-20 22:58:36.052 27060 27485 I ReactNativeJS: ğŸ“‹ Found 0 unread ride notifications
10-20 22:58:36.065 27060 27485 I ReactNativeJS: 'ğŸ¯ğŸ¯ğŸ¯ TripCompletionModal RENDER - visible:', false
10-20 22:58:36.065 27060 27485 I ReactNativeJS: 'ğŸ¯ğŸ¯ğŸ¯ tripData:', '{\n  "distance": 0,\n  "duration": 0,\n  "fareBreakdown": {\n    "booking_type": "regular",\n    "vehicle_type": "sedan",\n    "base_fare": 0,\n    "distance_fare": 0,\n    "time_fare": 0,\n    "surge_charges": 0,\n    "deadhead_charges": 0,\n    "platform_fee": 0,\n    "gst_on_charges": 0,\n    "gst_on_platform_fee": 0,\n    "extra_km_charges": 0,\n    "driver_allowance": 0,\n    "total_fare": 0,\n    "details": {\n      "actual_distance_km": 0,\n      "actual_duration_minutes": 0,\n      "per_km_rate": 0\n    }\n  },\n  "pickup_address": "",\n  "destination_address": "",\n  "booking_type": "regular",\n  "rental_hours": null\n}'
10-20 22:58:36.066 27060 27485 I ReactNativeJS: âŒ Not visible - returning null
10-20 22:58:36.068 27060 27485 I ReactNativeJS: âœ… No pending ride notifications
10-20 22:58:36.068 27060 27485 I ReactNativeJS: === RIDES SCREEN STATE DEBUG ===
10-20 22:58:36.069 27060 27485 I ReactNativeJS: ğŸ”„ Component state updated:
10-20 22:58:36.069 27060 27485 I ReactNativeJS: '  - Current ride:', 'null'
10-20 22:58:36.069 27060 27485 I ReactNativeJS: '  - Pending rides count:', 0
10-20 22:58:36.069 27060 27485 I ReactNativeJS: '  - Driver status:', 'online'
10-20 22:58:36.069 27060 27485 I ReactNativeJS: '  - Loading:', true
10-20 22:58:36.069 27060 27485 I ReactNativeJS: '  - Error:', null
10-20 22:58:36.069 27060 27485 I ReactNativeJS: '  - Show modal:', false
10-20 22:58:36.069 27060 27485 I ReactNativeJS: '  - Timestamp:', '2025-10-20T17:28:36.069Z'
10-20 22:58:36.069 27060 27485 I ReactNativeJS: âŒ NO CURRENT RIDE - showing empty state
10-20 22:58:36.069 27060 27485 I ReactNativeJS: === RIDE REQUEST MODAL LOGIC DEBUG ===
10-20 22:58:36.069 27060 27485 I ReactNativeJS: ğŸ”„ Checking if should show ride request modal:
10-20 22:58:36.069 27060 27485 I ReactNativeJS: '  - Pending rides:', 0
10-20 22:58:36.069 27060 27485 I ReactNativeJS: '  - Modal already showing:', false
10-20 22:58:36.069 27060 27485 I ReactNativeJS: '  - Driver status:', 'online'
10-20 22:58:36.069 27060 27485 I ReactNativeJS: '  - Has current ride:', false
10-20 22:58:36.070 27060 27485 I ReactNativeJS: âŒ NOT SHOWING MODAL - reasons:
10-20 22:58:36.070 27060 27485 I ReactNativeJS: 'ğŸš— Analysis:', { pendingRidesCount: 0,
10-20 22:58:36.070 27060 27485 I ReactNativeJS:   modalAlreadyShowing: false,
10-20 22:58:36.070 27060 27485 I ReactNativeJS:   driverStatus: 'online',
10-20 22:58:36.070 27060 27485 I ReactNativeJS:   hasCurrentRide: false }
10-20 22:58:36.076 27060 27485 I ReactNativeJS: 'ğŸ¯ğŸ¯ğŸ¯ TripCompletionModal RENDER - visible:', false
10-20 22:58:36.076 27060 27485 I ReactNativeJS: 'ğŸ¯ğŸ¯ğŸ¯ tripData:', '{\n  "distance": 0,\n  "duration": 0,\n  "fareBreakdown": {\n    "booking_type": "regular",\n    "vehicle_type": "sedan",\n    "base_fare": 0,\n    "distance_fare": 0,\n    "time_fare": 0,\n    "surge_charges": 0,\n    "deadhead_charges": 0,\n    "platform_fee": 0,\n    "gst_on_charges": 0,\n    "gst_on_platform_fee": 0,\n    "extra_km_charges": 0,\n    "driver_allowance": 0,\n    "total_fare": 0,\n    "details": {\n      "actual_distance_km": 0,\n      "actual_duration_minutes": 0,\n      "per_km_rate": 0\n    }\n  },\n  "pickup_address": "",\n  "destination_address": "",\n  "booking_type": "regular",\n  "rental_hours": null\n}'
10-20 22:58:36.076 27060 27485 I ReactNativeJS: âŒ Not visible - returning null
10-20 22:58:36.078 27060 27485 I ReactNativeJS: === RIDES SCREEN STATE DEBUG ===
10-20 22:58:36.078 27060 27485 I ReactNativeJS: ğŸ”„ Component state updated:
10-20 22:58:36.078 27060 27485 I ReactNativeJS: '  - Current ride:', 'null'
10-20 22:58:36.078 27060 27485 I ReactNativeJS: '  - Pending rides count:', 0
10-20 22:58:36.078 27060 27485 I ReactNativeJS: '  - Driver status:', 'online'
10-20 22:58:36.078 27060 27485 I ReactNativeJS: '  - Loading:', false
10-20 22:58:36.078 27060 27485 I ReactNativeJS: '  - Error:', null
10-20 22:58:36.078 27060 27485 I ReactNativeJS: '  - Show modal:', false
10-20 22:58:36.078 27060 27485 I ReactNativeJS: '  - Timestamp:', '2025-10-20T17:28:36.078Z'
10-20 22:58:36.078 27060 27485 I ReactNativeJS: âŒ NO CURRENT RIDE - showing empty state
10-20 22:58:36.325 21104 21184 I FusedLocation: (REDACTED) location delivery to %s blocked - too fast
10-20 22:58:36.328 21104 21184 I FusedLocation: (REDACTED) location delivery to %s blocked - too close
10-20 22:58:36.332 21104 21184 I FusedLocation: (REDACTED) location delivery to %s blocked - too fast
10-20 22:58:36.334 21104 21184 I FusedLocation: (REDACTED) location delivery to %s blocked - too close
10-20 22:58:36.335 21104 21184 I FusedLocation: (REDACTED) location delivery to %s blocked - too close
10-20 22:58:36.336 21104 21184 I FusedLocation: (REDACTED) location delivery to %s blocked - too close
10-20 22:58:36.336 21104 21184 I FusedLocation: (REDACTED) location delivery to %s blocked - too fast
10-20 22:58:36.516 21163 21163 D BoundBrokerSvc: onUnbind: Intent { act=com.google.android.gms.auth.service.START pkg=com.google.android.gms }
10-20 22:58:37.068 27060 27060 I ScrollIdentify: on fling
10-20 22:58:37.449 27060 27485 I ReactNativeJS: ğŸ”„ Auto-refreshing rides (2-second interval)...
10-20 22:58:37.449 27060 27485 I ReactNativeJS: === LOADING RIDES ===
10-20 22:58:37.449 27060 27485 I ReactNativeJS: 'Driver ID:', 'eb91d7e5-e2f2-4021-a8c8-3739a3d4cae4'
10-20 22:58:37.449 27060 27485 I ReactNativeJS: 'Driver User ID:', '1c4ac410-54d8-4b5e-960b-3afcbebd115d'
10-20 22:58:37.452 27060 27485 I ReactNativeJS: 'ğŸ¯ğŸ¯ğŸ¯ TripCompletionModal RENDER - visible:', false
10-20 22:58:37.452 27060 27485 I ReactNativeJS: 'ğŸ¯ğŸ¯ğŸ¯ tripData:', '{\n  "distance": 0,\n  "duration": 0,\n  "fareBreakdown": {\n    "booking_type": "regular",\n    "vehicle_type": "sedan",\n    "base_fare": 0,\n    "distance_fare": 0,\n    "time_fare": 0,\n    "surge_charges": 0,\n    "deadhead_charges": 0,\n    "platform_fee": 0,\n    "gst_on_charges": 0,\n    "gst_on_platform_fee": 0,\n    "extra_km_charges": 0,\n    "driver_allowance": 0,\n    "total_fare": 0,\n    "details": {\n      "actual_distance_km": 0,\n      "actual_duration_minutes": 0,\n      "per_km_rate": 0\n    }\n  },\n  "pickup_address": "",\n  "destination_address": "",\n  "booking_type": "regular",\n  "rental_hours": null\n}'
10-20 22:58:37.452 27060 27485 I ReactNativeJS: âŒ Not visible - returning null
10-20 22:58:37.453 27060 27485 I ReactNativeJS: ğŸ” Loading current ride...
10-20 22:58:37.454 27060 27485 I ReactNativeJS: === RIDES SCREEN STATE DEBUG ===
10-20 22:58:37.454 27060 27485 I ReactNativeJS: ğŸ”„ Component state updated:
10-20 22:58:37.455 27060 27485 I ReactNativeJS: '  - Current ride:', 'null'
10-20 22:58:37.455 27060 27485 I ReactNativeJS: '  - Pending rides count:', 0
10-20 22:58:37.455 27060 27485 I ReactNativeJS: '  - Driver status:', 'online'
10-20 22:58:37.455 27060 27485 I ReactNativeJS: '  - Loading:', true
10-20 22:58:37.455 27060 27485 I ReactNativeJS: '  - Error:', null
10-20 22:58:37.455 27060 27485 I ReactNativeJS: '  - Show modal:', false
10-20 22:58:37.455 27060 27485 I ReactNativeJS: '  - Timestamp:', '2025-10-20T17:28:37.455Z'
10-20 22:58:37.455 27060 27485 I ReactNativeJS: âŒ NO CURRENT RIDE - showing empty state
10-20 22:58:37.638 21163 28063 I gle.android.gms: Explicit concurrent copying GC freed 10MB AllocSpace bytes, 18(816KB) LOS objects, 41% free, 34MB/58MB, paused 259us,132us total 543.002ms
10-20 22:58:37.700 27060 27485 I ReactNativeJS: 'âœ… Current ride loaded:', 'none'
10-20 22:58:37.700 27060 27485 I ReactNativeJS: ğŸ” Loading pending ride notifications...
10-20 22:58:37.971 27060 27485 I ReactNativeJS: ğŸ“‹ Found 0 unread ride notifications
10-20 22:58:37.974 27060 27485 I ReactNativeJS: 'ğŸ¯ğŸ¯ğŸ¯ TripCompletionModal RENDER - visible:', false
10-20 22:58:37.974 27060 27485 I ReactNativeJS: 'ğŸ¯ğŸ¯ğŸ¯ tripData:', '{\n  "distance": 0,\n  "duration": 0,\n  "fareBreakdown": {\n    "booking_type": "regular",\n    "vehicle_type": "sedan",\n    "base_fare": 0,\n    "distance_fare": 0,\n    "time_fare": 0,\n    "surge_charges": 0,\n    "deadhead_charges": 0,\n    "platform_fee": 0,\n    "gst_on_charges": 0,\n    "gst_on_platform_fee": 0,\n    "extra_km_charges": 0,\n    "driver_allowance": 0,\n    "total_fare": 0,\n    "details": {\n      "actual_distance_km": 0,\n      "actual_duration_minutes": 0,\n      "per_km_rate": 0\n    }\n  },\n  "pickup_address": "",\n  "destination_address": "",\n  "booking_type": "regular",\n  "rental_hours": null\n}'
10-20 22:58:37.974 27060 27485 I ReactNativeJS: âŒ Not visible - returning null
10-20 22:58:37.975 27060 27485 I ReactNativeJS: âœ… No pending ride notifications
10-20 22:58:37.975 27060 27485 I ReactNativeJS: === RIDES SCREEN STATE DEBUG ===
10-20 22:58:37.975 27060 27485 I ReactNativeJS: ğŸ”„ Component state updated:
10-20 22:58:37.975 27060 27485 I ReactNativeJS: '  - Current ride:', 'null'
10-20 22:58:37.975 27060 27485 I ReactNativeJS: '  - Pending rides count:', 0
10-20 22:58:37.975 27060 27485 I ReactNativeJS: '  - Driver status:', 'online'
10-20 22:58:37.975 27060 27485 I ReactNativeJS: '  - Loading:', true
10-20 22:58:37.975 27060 27485 I ReactNativeJS: '  - Error:', null
10-20 22:58:37.975 27060 27485 I ReactNativeJS: '  - Show modal:', false
10-20 22:58:37.975 27060 27485 I ReactNativeJS: '  - Timestamp:', '2025-10-20T17:28:37.975Z'
10-20 22:58:37.975 27060 27485 I ReactNativeJS: âŒ NO CURRENT RIDE - showing empty state
10-20 22:58:37.975 27060 27485 I ReactNativeJS: === RIDE REQUEST MODAL LOGIC DEBUG ===
10-20 22:58:37.975 27060 27485 I ReactNativeJS: ğŸ”„ Checking if should show ride request modal:
10-20 22:58:37.975 27060 27485 I ReactNativeJS: '  - Pending rides:', 0
10-20 22:58:37.975 27060 27485 I ReactNativeJS: '  - Modal already showing:', false
10-20 22:58:37.975 27060 27485 I ReactNativeJS: '  - Driver status:', 'online'
10-20 22:58:37.975 27060 27485 I ReactNativeJS: '  - Has current ride:', false
10-20 22:58:37.975 27060 27485 I ReactNativeJS: âŒ NOT SHOWING MODAL - reasons:
10-20 22:58:37.976 27060 27485 I ReactNativeJS: 'ğŸš— Analysis:', { pendingRidesCount: 0,
10-20 22:58:37.976 27060 27485 I ReactNativeJS:   modalAlreadyShowing: false,
10-20 22:58:37.976 27060 27485 I ReactNativeJS:   driverStatus: 'online',
10-20 22:58:37.976 27060 27485 I ReactNativeJS:   hasCurrentRide: false }
10-20 22:58:37.978 27060 27485 I ReactNativeJS: 'ğŸ¯ğŸ¯ğŸ¯ TripCompletionModal RENDER - visible:', false
10-20 22:58:37.978 27060 27485 I ReactNativeJS: 'ğŸ¯ğŸ¯ğŸ¯ tripData:', '{\n  "distance": 0,\n  "duration": 0,\n  "fareBreakdown": {\n    "booking_type": "regular",\n    "vehicle_type": "sedan",\n    "base_fare": 0,\n    "distance_fare": 0,\n    "time_fare": 0,\n    "surge_charges": 0,\n    "deadhead_charges": 0,\n    "platform_fee": 0,\n    "gst_on_charges": 0,\n    "gst_on_platform_fee": 0,\n    "extra_km_charges": 0,\n    "driver_allowance": 0,\n    "total_fare": 0,\n    "details": {\n      "actual_distance_km": 0,\n      "actual_duration_minutes": 0,\n      "per_km_rate": 0\n    }\n  },\n  "pickup_address": "",\n  "destination_address": "",\n  "booking_type": "regular",\n  "rental_hours": null\n}'
10-20 22:58:37.978 27060 27485 I ReactNativeJS: âŒ Not visible - returning null
10-20 22:58:37.979 27060 27485 I ReactNativeJS: === RIDES SCREEN STATE DEBUG ===
10-20 22:58:37.979 27060 27485 I ReactNativeJS: ğŸ”„ Component state updated:
10-20 22:58:37.979 27060 27485 I ReactNativeJS: '  - Current ride:', 'null'
10-20 22:58:37.979 27060 27485 I ReactNativeJS: '  - Pending rides count:', 0
10-20 22:58:37.979 27060 27485 I ReactNativeJS: '  - Driver status:', 'online'
10-20 22:58:37.979 27060 27485 I ReactNativeJS: '  - Loading:', false
10-20 22:58:37.979 27060 27485 I ReactNativeJS: '  - Error:', null
10-20 22:58:37.979 27060 27485 I ReactNativeJS: '  - Show modal:', false
10-20 22:58:37.979 27060 27485 I ReactNativeJS: '  - Timestamp:', '2025-10-20T17:28:37.979Z'
10-20 22:58:37.979 27060 27485 I ReactNativeJS: âŒ NO CURRENT RIDE - showing empty state
10-20 22:58:39.168 21104 21188 W Settings: Setting airplane_mode_on has moved from android.provider.Settings.System to android.provider.Settings.Global, returning read-only value.
10-20 22:58:39.173 21104 27964 W SystemServiceRegistry: No service published for: wifirtt
10-20 22:58:39.185 21104 21140 I WifiScanner: onFullResults
10-20 22:58:39.185 21104 21249 I WifiScanner: onFullResults
10-20 22:58:39.186 21104 21143 I WifiScanner: onFullResults
10-20 22:58:39.192 21104 27973 I FrewleTileCacheManagerV: (REDACTED) Fetched %d AP models from cache
10-20 22:58:39.208 21104 21184 I FusedLocation: (REDACTED) location delivery to %s blocked - too close
10-20 22:58:39.209 21104 21184 I FusedLocation: (REDACTED) location delivery to %s blocked - too fast
10-20 22:58:39.210 21104 21184 I FusedLocation: (REDACTED) location delivery to %s blocked - too close
10-20 22:58:39.212 21104 21184 I FusedLocation: (REDACTED) location delivery to %s blocked - too close
10-20 22:58:39.212 21104 21184 I FusedLocation: (REDACTED) location delivery to %s blocked - too close
10-20 22:58:39.212 21104 21184 I FusedLocation: (REDACTED) location delivery to %s blocked - too fast
10-20 22:58:39.215 21104 21184 I fznc    : Received empty WiFi-RTT scan. [CONTEXT service_id=6 ]
10-20 22:58:39.450 27060 27485 I ReactNativeJS: ğŸ”„ Auto-refreshing rides (2-second interval)...
10-20 22:58:39.451 27060 27485 I ReactNativeJS: === LOADING RIDES ===
10-20 22:58:39.451 27060 27485 I ReactNativeJS: 'Driver ID:', 'eb91d7e5-e2f2-4021-a8c8-3739a3d4cae4'
10-20 22:58:39.451 27060 27485 I ReactNativeJS: 'Driver User ID:', '1c4ac410-54d8-4b5e-960b-3afcbebd115d'
10-20 22:58:39.455 27060 27485 I ReactNativeJS: 'ğŸ¯ğŸ¯ğŸ¯ TripCompletionModal RENDER - visible:', false
10-20 22:58:39.456 27060 27485 I ReactNativeJS: 'ğŸ¯ğŸ¯ğŸ¯ tripData:', '{\n  "distance": 0,\n  "duration": 0,\n  "fareBreakdown": {\n    "booking_type": "regular",\n    "vehicle_type": "sedan",\n    "base_fare": 0,\n    "distance_fare": 0,\n    "time_fare": 0,\n    "surge_charges": 0,\n    "deadhead_charges": 0,\n    "platform_fee": 0,\n    "gst_on_charges": 0,\n    "gst_on_platform_fee": 0,\n    "extra_km_charges": 0,\n    "driver_allowance": 0,\n    "total_fare": 0,\n    "details": {\n      "actual_distance_km": 0,\n      "actual_duration_minutes": 0,\n      "per_km_rate": 0\n    }\n  },\n  "pickup_address": "",\n  "destination_address": "",\n  "booking_type": "regular",\n  "rental_hours": null\n}'
10-20 22:58:39.456 27060 27485 I ReactNativeJS: âŒ Not visible - returning null
10-20 22:58:39.457 27060 27485 I ReactNativeJS: ğŸ” Loading current ride...
10-20 22:58:39.459 27060 27485 I ReactNativeJS: === RIDES SCREEN STATE DEBUG ===
10-20 22:58:39.459 27060 27485 I ReactNativeJS: ğŸ”„ Component state updated:
10-20 22:58:39.459 27060 27485 I ReactNativeJS: '  - Current ride:', 'null'
10-20 22:58:39.459 27060 27485 I ReactNativeJS: '  - Pending rides count:', 0
10-20 22:58:39.459 27060 27485 I ReactNativeJS: '  - Driver status:', 'online'
10-20 22:58:39.459 27060 27485 I ReactNativeJS: '  - Loading:', true
10-20 22:58:39.459 27060 27485 I ReactNativeJS: '  - Error:', null
10-20 22:58:39.459 27060 27485 I ReactNativeJS: '  - Show modal:', false
10-20 22:58:39.459 27060 27485 I ReactNativeJS: '  - Timestamp:', '2025-10-20T17:28:39.459Z'
10-20 22:58:39.459 27060 27485 I ReactNativeJS: âŒ NO CURRENT RIDE - showing empty state
10-20 22:58:39.476 21104 21184 I FusedLocation: (REDACTED) location delivery to %s blocked - too fast
10-20 22:58:39.477 21104 21184 I FusedLocation: (REDACTED) location delivery to %s blocked - too close
10-20 22:58:39.480 21104 21184 I FusedLocation: (REDACTED) location delivery to %s blocked - too fast
10-20 22:58:39.480 21104 21184 I FusedLocation: (REDACTED) location delivery to %s blocked - too fast
10-20 22:58:39.481 21104 21184 I FusedLocation: (REDACTED) location delivery to %s blocked - too close
10-20 22:58:39.482 21104 21184 I FusedLocation: (REDACTED) location delivery to %s blocked - too close
10-20 22:58:39.482 21104 21184 I FusedLocation: (REDACTED) location delivery to %s blocked - too close
10-20 22:58:39.482 21104 21184 I FusedLocation: (REDACTED) location delivery to %s blocked - too fast
10-20 22:58:39.592 21104 21184 I FusedLocation: (REDACTED) location delivery to %s blocked - too fast
10-20 22:58:39.593 21104 21184 I FusedLocation: (REDACTED) location delivery to %s blocked - too close
10-20 22:58:39.594 21104 21184 I FusedLocation: (REDACTED) location delivery to %s blocked - too fast
10-20 22:58:39.595 21104 21184 I FusedLocation: (REDACTED) location delivery to %s blocked - too fast
10-20 22:58:39.595 21104 21184 I FusedLocation: (REDACTED) location delivery to %s blocked - too close
10-20 22:58:39.596 21104 21184 I FusedLocation: (REDACTED) location delivery to %s blocked - too close
10-20 22:58:39.597 21104 21184 I FusedLocation: (REDACTED) location delivery to %s blocked - too close
10-20 22:58:39.597 21104 21184 I FusedLocation: (REDACTED) location delivery to %s blocked - too fast
10-20 22:58:39.722 27060 27485 I ReactNativeJS: 'âœ… Current ride loaded:', 'none'
10-20 22:58:39.722 27060 27485 I ReactNativeJS: ğŸ” Loading pending ride notifications...
10-20 22:58:39.885 21163 28063 I RecoverableKeyStoreGms: (REDACTED) [GetSyncStatusOperation] GetSyncStatusOperation: %s
10-20 22:58:39.938 21163 28063 I RecoverableKeyStoreGms: [FolsomSyncManager] Checking if synced for event: GET_SYNC_STATUS
10-20 22:58:39.940 21163 18689 I Blockstore: (REDACTED) [FolsomEncryptor] Folsom sync status: %s
10-20 22:58:39.940 21163 27924 I System.out: isEncryptionAvailabletrue
10-20 22:58:39.940 21163 27924 I System.out: calling store bytes
10-20 22:58:39.941 21163 27924 I System.out: calling store bytes done
10-20 22:58:39.967 21163 27924 I System.out: actual sizetrue
10-20 22:58:39.971 21163 27924 I constellation: [verification_manager] No challenge issued due to state: VERIFIED
10-20 22:58:39.971 21163 27924 I constellation: [verification_manager] No challenge issued due to state: VERIFIED
10-20 22:58:39.980 21163 27924 I constellation: [event_manager] Successfully synced verification
10-20 22:58:39.981 27060 27485 I ReactNativeJS: ğŸ“‹ Found 0 unread ride notifications
10-20 22:58:39.982 21163 15423 I constellation: [refresh_gcm_service] Successfully completed sync
10-20 22:58:39.991 27060 27485 I ReactNativeJS: 'ğŸ¯ğŸ¯ğŸ¯ TripCompletionModal RENDER - visible:', false
10-20 22:58:39.992 27060 27485 I ReactNativeJS: 'ğŸ¯ğŸ¯ğŸ¯ tripData:', '{\n  "distance": 0,\n  "duration": 0,\n  "fareBreakdown": {\n    "booking_type": "regular",\n    "vehicle_type": "sedan",\n    "base_fare": 0,\n    "distance_fare": 0,\n    "time_fare": 0,\n    "surge_charges": 0,\n    "deadhead_charges": 0,\n    "platform_fee": 0,\n    "gst_on_charges": 0,\n    "gst_on_platform_fee": 0,\n    "extra_km_charges": 0,\n    "driver_allowance": 0,\n    "total_fare": 0,\n    "details": {\n      "actual_distance_km": 0,\n      "actual_duration_minutes": 0,\n      "per_km_rate": 0\n    }\n  },\n  "pickup_address": "",\n  "destination_address": "",\n  "booking_type": "regular",\n  "rental_hours": null\n}'
10-20 22:58:39.992 27060 27485 I ReactNativeJS: âŒ Not visible - returning null
10-20 22:58:39.994 27060 27485 I ReactNativeJS: âœ… No pending ride notifications
10-20 22:58:39.994 27060 27485 I ReactNativeJS: === RIDES SCREEN STATE DEBUG ===
10-20 22:58:39.994 27060 27485 I ReactNativeJS: ğŸ”„ Component state updated:
10-20 22:58:39.995 27060 27485 I ReactNativeJS: '  - Current ride:', 'null'
10-20 22:58:39.995 27060 27485 I ReactNativeJS: '  - Pending rides count:', 0
10-20 22:58:39.995 27060 27485 I ReactNativeJS: '  - Driver status:', 'online'
10-20 22:58:39.995 27060 27485 I ReactNativeJS: '  - Loading:', true
10-20 22:58:39.995 27060 27485 I ReactNativeJS: '  - Error:', null
10-20 22:58:39.995 27060 27485 I ReactNativeJS: '  - Show modal:', false
10-20 22:58:39.995 27060 27485 I ReactNativeJS: '  - Timestamp:', '2025-10-20T17:28:39.995Z'
10-20 22:58:39.995 27060 27485 I ReactNativeJS: âŒ NO CURRENT RIDE - showing empty state
10-20 22:58:39.995 27060 27485 I ReactNativeJS: === RIDE REQUEST MODAL LOGIC DEBUG ===
10-20 22:58:39.995 27060 27485 I ReactNativeJS: ğŸ”„ Checking if should show ride request modal:
10-20 22:58:39.995 27060 27485 I ReactNativeJS: '  - Pending rides:', 0
10-20 22:58:39.995 27060 27485 I ReactNativeJS: '  - Modal already showing:', false
10-20 22:58:39.995 27060 27485 I ReactNativeJS: '  - Driver status:', 'online'
10-20 22:58:39.995 27060 27485 I ReactNativeJS: '  - Has current ride:', false
10-20 22:58:39.995 27060 27485 I ReactNativeJS: âŒ NOT SHOWING MODAL - reasons:
10-20 22:58:39.996 27060 27485 I ReactNativeJS: 'ğŸš— Analysis:', { pendingRidesCount: 0,
10-20 22:58:39.996 27060 27485 I ReactNativeJS:   modalAlreadyShowing: false,
10-20 22:58:39.996 27060 27485 I ReactNativeJS:   driverStatus: 'online',
10-20 22:58:39.996 27060 27485 I ReactNativeJS:   hasCurrentRide: false }
10-20 22:58:40.001 27060 27485 I ReactNativeJS: 'ğŸ¯ğŸ¯ğŸ¯ TripCompletionModal RENDER - visible:', false
10-20 22:58:40.001 27060 27485 I ReactNativeJS: 'ğŸ¯ğŸ¯ğŸ¯ tripData:', '{\n  "distance": 0,\n  "duration": 0,\n  "fareBreakdown": {\n    "booking_type": "regular",\n    "vehicle_type": "sedan",\n    "base_fare": 0,\n    "distance_fare": 0,\n    "time_fare": 0,\n    "surge_charges": 0,\n    "deadhead_charges": 0,\n    "platform_fee": 0,\n    "gst_on_charges": 0,\n    "gst_on_platform_fee": 0,\n    "extra_km_charges": 0,\n    "driver_allowance": 0,\n    "total_fare": 0,\n    "details": {\n      "actual_distance_km": 0,\n      "actual_duration_minutes": 0,\n      "per_km_rate": 0\n    }\n  },\n  "pickup_address": "",\n  "destination_address": "",\n  "booking_type": "regular",\n  "rental_hours": null\n}'
10-20 22:58:40.001 27060 27485 I ReactNativeJS: âŒ Not visible - returning null
10-20 22:58:40.003 27060 27485 I ReactNativeJS: === RIDES SCREEN STATE DEBUG ===
10-20 22:58:40.003 27060 27485 I ReactNativeJS: ğŸ”„ Component state updated:
10-20 22:58:40.003 27060 27485 I ReactNativeJS: '  - Current ride:', 'null'
10-20 22:58:40.003 27060 27485 I ReactNativeJS: '  - Pending rides count:', 0
10-20 22:58:40.003 27060 27485 I ReactNativeJS: '  - Driver status:', 'online'
10-20 22:58:40.003 27060 27485 I ReactNativeJS: '  - Loading:', false
10-20 22:58:40.003 27060 27485 I ReactNativeJS: '  - Error:', null
10-20 22:58:40.003 27060 27485 I ReactNativeJS: '  - Show modal:', false
10-20 22:58:40.003 27060 27485 I ReactNativeJS: '  - Timestamp:', '2025-10-20T17:28:40.003Z'
10-20 22:58:40.003 27060 27485 I ReactNativeJS: âŒ NO CURRENT RIDE - showing empty state
