--------- beginning of main
10-19 17:12:04.871 21104 21188 W Settings: Setting airplane_mode_on has moved from android.provider.Settings.System to android.provider.Settings.Global, returning read-only value.
10-19 17:12:04.878 21104  6500 W SystemServiceRegistry: No service published for: wifirtt
10-19 17:12:04.897 21104 21143 I WifiScanner: onFullResults
10-19 17:12:04.898 21104 21118 I WifiScanner: onFullResults
10-19 17:12:04.899 21104 22617 I WifiScanner: onFullResults
10-19 17:12:04.933 21104 21188 I ActivityScheduler: nextTriggerTime: 1318299297, in 5000ms, detectorType: 39, FULL_TYPE alarmWindowMillis: 625
10-19 17:12:04.938 21104  4912 I FrewleTileCacheManagerV: (REDACTED) Fetched %d AP models from cache
10-19 17:12:04.955 21104 21188 I ActivityScheduler: nextTriggerTime: 1318300257, in 5938ms, detectorType: 39, FULL_TYPE alarmWindowMillis: 625
10-19 17:12:04.957 21104 21184 I FusedLocation: (REDACTED) location delivery to %s blocked - too close
10-19 17:12:04.957 21104 21184 I FusedLocation: (REDACTED) location delivery to %s blocked - too fast
10-19 17:12:04.957 21104 21184 I FusedLocation: (REDACTED) location delivery to %s blocked - too close
10-19 17:12:04.958 21104 21184 I FusedLocation: (REDACTED) location delivery to %s blocked - too close
10-19 17:12:04.960 21104 21184 I FusedLocation: (REDACTED) location delivery to %s blocked - too fast
10-19 17:12:04.960 21104 21184 I FusedLocation: (REDACTED) location delivery to %s blocked - too fast
10-19 17:12:04.961 21104 21184 I fznc    : Received empty WiFi-RTT scan. [CONTEXT service_id=6 ]
10-19 17:12:07.844 21104  6581 I NearbyPresence: (REDACTED) %s verified [==] new request %s equals to the old request
10-19 17:12:08.516 21104 21184 I FusedLocation: (REDACTED) location delivery to %s blocked - too close
10-19 17:12:08.517 21104 21184 I FusedLocation: (REDACTED) location delivery to %s blocked - too fast
10-19 17:12:08.517 21104 21184 I FusedLocation: (REDACTED) location delivery to %s blocked - too close
10-19 17:12:08.519 21104 21184 I FusedLocation: (REDACTED) location delivery to %s blocked - too close
10-19 17:12:08.523 21104 21184 I FusedLocation: (REDACTED) location delivery to %s blocked - too fast
10-19 17:12:09.903 21104 21188 W Settings: Setting airplane_mode_on has moved from android.provider.Settings.System to android.provider.Settings.Global, returning read-only value.
10-19 17:12:09.908 21104  4912 W SystemServiceRegistry: No service published for: wifirtt
10-19 17:12:09.955 21104 21188 I ActivityScheduler: nextTriggerTime: 1318304318, in 5000ms, detectorType: 39, FULL_TYPE alarmWindowMillis: 625
10-19 17:12:10.411 21104 21142 I WifiScanner: onFullResults
10-19 17:12:10.411 21104 22617 I WifiScanner: onFullResults
10-19 17:12:10.411 21104 22225 I WifiScanner: onFullResults
10-19 17:12:10.454 21104  4912 I FrewleTileCacheManagerV: (REDACTED) Fetched %d AP models from cache
10-19 17:12:10.460 11830 23774 D VivoJavaJsonManager: failed to find appName:com.google.android.googlequicksearchbox from config key:mProtakePackages
10-19 17:12:10.462 21163 21203 D VivoJavaJsonManager: failed to find appName:com.google.android.gms from config key:mProtakePackages
10-19 17:12:10.492  5589  5589 I PkDeviceHelper: PkDeviceHelper.refreshDevices():93 refreshing devices
10-19 17:12:10.495  5589  5589 I PkDeviceHelper: PkDeviceHelper.refreshDevices():93 refreshing devices
10-19 17:12:10.496  5589  5589 I PkDeviceHelper: PkDeviceHelper.refreshDevices():93 refreshing devices
10-19 17:12:10.514  5589  6691 I DeviceStatusMonitor: DeviceStatusMonitor.handleBroadcast():123 onReceive() : Action = android.intent.action.SCREEN_ON
10-19 17:12:10.514  5589  6691 I DeviceStatusMonitor: DeviceStatusMonitor.updateCountryInfo():139 updateCountryInfo(), notifyAnyway = false
10-19 17:12:10.531 21104 21188 I ActivityScheduler: nextTriggerTime: 1318305767, in 5873ms, detectorType: 39, FULL_TYPE alarmWindowMillis: 625
10-19 17:12:10.555 14485 11901 D VivoJavaJsonManager: failed to find appName:com.google.android.googlequicksearchbox from config key:mProtakePackages
10-19 17:12:10.592 21104 21184 I FusedLocation: (REDACTED) location delivery to %s blocked - too close
10-19 17:12:10.593 21104 21184 I FusedLocation: (REDACTED) location delivery to %s blocked - too fast
10-19 17:12:10.593 21104 21184 I FusedLocation: (REDACTED) location delivery to %s blocked - too close
10-19 17:12:10.594 21104 21184 I FusedLocation: (REDACTED) location delivery to %s blocked - too close
10-19 17:12:10.599 21104 21184 I FusedLocation: (REDACTED) location delivery to %s blocked - too fast
10-19 17:12:10.600 21104 21184 I FusedLocation: (REDACTED) location delivery to %s blocked - too fast
10-19 17:12:10.605 21104 21188 I ActivityScheduler: nextTriggerTime: 1318305767, in 5798ms, detectorType: 39, FULL_TYPE alarmWindowMillis: 625
10-19 17:12:10.608 21104 21184 I fznc    : Received empty WiFi-RTT scan. [CONTEXT service_id=6 ]
10-19 17:12:10.722 21104  6710 W DatabaseProcessor: processLocalDevices: failed to get the network info with non-null networkId.
10-19 17:12:10.723 21104 21104 I CastMediaRouteProvider: Published 0 routes
10-19 17:12:10.772 21104 21142 I NullBinder: NullBinder for android.net.action.RECOMMEND_NETWORKS triggering remote TransactionTooLargeException due to Service without Chimera impl, calling uid: 1000, calling pid: 0
10-19 17:12:10.772 21104 21142 W .gms.persistent: Large reply transaction of 1056768 bytes, interface descriptor , code 1
10-19 17:12:10.837 21104 21142 I NullBinder: NullBinder for android.net.action.RECOMMEND_NETWORKS triggering remote TransactionTooLargeException due to Service without Chimera impl, calling uid: 1000, calling pid: 0
10-19 17:12:10.838 21104 21142 W .gms.persistent: Large reply transaction of 1056768 bytes, interface descriptor , code 1
10-19 17:12:10.839 21104 22617 I NullBinder: NullBinder for android.net.action.RECOMMEND_NETWORKS triggering remote TransactionTooLargeException due to Service without Chimera impl, calling uid: 1000, calling pid: 0
10-19 17:12:10.840 21104 22617 W .gms.persistent: Large reply transaction of 1056768 bytes, interface descriptor , code 1
10-19 17:12:10.898 21104 21127 I MdnsServiceBrowser: (REDACTED) registering %s
10-19 17:12:11.419 21104  6581 I NearbySharing: Network state changed: NetworkState(isRestricted=false, isOnline=true, isCongested=false, isMetered=false, isWifiConnected=true)
10-19 17:12:11.432 14485 14485 D VRI[Launcher]: visibilityChanged oldVisibility=false newVisibility=true
--------- beginning of system
10-19 17:12:11.553  1870  3607 D BatteryStatsService: noteVideoSurfaceChanged  noteWhich: 49,arg1: 1080, arg2: 2392, arg3: 2704, arg4: 250, name: com.android.systemui
10-19 17:12:11.574 14485 14485 D ViewRootImpl: AppSizeAfterRelayout, size: Point(1080, 2392), rotation: ROTATION_0
10-19 17:12:11.575 14485 14485 D BufferQueueConsumer: [](id:389500000075,api:0,p:-1,c:14485) connect: controlledByApp=false
10-19 17:12:11.575 14485 14485 D BLASTBufferQueue: [VRI[Launcher]#117](f:0,a:0) constructor()
10-19 17:12:11.575 14485 14485 D BLASTBufferQueue: [VRI[Launcher]#117](f:0,a:0) update width=1080 height=2392 format=-2 mTransformHint=0
10-19 17:12:11.602 14485 14785 D BLASTBufferQueue: [VRI[Launcher]#117](f:0,a:1) acquireNextBufferLocked size=1080x2392 mFrameNumber=1 applyTransaction=true mTimestamp=637502152537843(auto) mPendingTransactions.size=0 graphicBufferId=62212601283380 transform=0
10-19 17:12:11.620 14485 14485 I bnlz    : onStart
10-19 17:12:11.626 14485 14485 I bldh    : (REDACTED) [%s] onStart()
10-19 17:12:11.626 14485 14485 I blfn    : Reloading theme data
10-19 17:12:11.638  1870  2929 D BatteryStatsService: noteVideoSurfaceChanged  noteWhich: 49,arg1: -1, arg2: -1, arg3: 3218, arg4: 8354, name: com.vivo.fingerprintui
10-19 17:12:11.644  1870  2896 D BatteryStatsService: noteVideoSurfaceChanged  noteWhich: 49,arg1: -1, arg2: -1, arg3: 2704, arg4: 394, name: com.vivo.systemuiplugin
10-19 17:12:11.645 14485 14485 I bnlz    : onResume
10-19 17:12:11.655 11830 20257 D VivoJavaJsonManager: failed to find appName:com.google.android.googlequicksearchbox from config key:mProtakePackages
10-19 17:12:11.657 21163 21203 D VivoJavaJsonManager: failed to find appName:com.google.android.gms from config key:mProtakePackages
10-19 17:12:11.660 14485 11895 D VivoJavaJsonManager: failed to find appName:com.google.android.googlequicksearchbox from config key:mProtakePackages
10-19 17:12:11.701  1870  3647 D BatteryStatsService: noteVideoSurfaceChanged  noteWhich: 49,arg1: -2, arg2: -1, arg3: 2704, arg4: 230, name: com.android.systemui
10-19 17:12:11.728  1870  3647 D BatteryStatsService: noteVideoSurfaceChanged  noteWhich: 49,arg1: -2, arg2: -1, arg3: 2704, arg4: 236, name: com.android.systemui
10-19 17:12:11.764  1870  2610 D BatteryStatsService: noteVideoSurfaceChanged  noteWhich: 49,arg1: -2, arg2: -1, arg3: 2704, arg4: 250, name: com.android.systemui
10-19 17:12:11.766  1870  2610 D BatteryStatsService: noteVideoSurfaceChanged  noteWhich: 49,arg1: -2, arg2: -1, arg3: 2704, arg4: 250, name: com.android.systemui
10-19 17:12:11.817  1870  1997 D BatteryStatsService: noteVideoSurfaceChanged  noteWhich: 49,arg1: -2, arg2: -1, arg3: 2704, arg4: 250, name: com.android.systemui
10-19 17:12:11.842  1870  6015 D BatteryStatsService: noteVideoSurfaceChanged  noteWhich: 49,arg1: -2, arg2: -1, arg3: 2704, arg4: 230, name: com.android.systemui
10-19 17:12:11.842  1870  6015 D BatteryStatsService: noteVideoSurfaceChanged  noteWhich: 49,arg1: -2, arg2: -1, arg3: 2704, arg4: 236, name: com.android.systemui
10-19 17:12:11.842  1870  6015 D BatteryStatsService: noteVideoSurfaceChanged  noteWhich: 49,arg1: -2, arg2: -1, arg3: 2704, arg4: 250, name: com.android.systemui
10-19 17:12:11.878 21104  6581 I NearbySharing: Screen is unlocked
10-19 17:12:11.878 21104  6581 I NearbySharing: Uwb feature is off.
10-19 17:12:11.878 21104  6581 I NearbySharing: Uwb feature is off.
10-19 17:12:11.879 21104  6581 I NearbySharing: Stopping scanning because Bluetooth is disabled.
10-19 17:12:11.916 21104  6581 I NearbySharing: Stopping Fast Init advertisement because Bluetooth is off.
10-19 17:12:11.916 21104  6581 I NearbySharing: Stopping advertising because Bluetooth is disabled.
10-19 17:12:11.923  5589  5589 I GoogleInputMethodService: GoogleInputMethodService.onStartInput():1346 onStartInput(EditorInfo{EditorInfo{packageName=com.android.launcher3, inputType=0, inputTypeString=NULL, enableLearning=false, autoCorrection=false, autoComplete=false, imeOptions=0, privateImeOptions=null, actionName=UNSPECIFIED, actionLabel=null, initialSelStart=-1, initialSelEnd=-1, initialCapsMode=0, label=null, fieldId=0, fieldName=null, extras=null, hintText=null, hintLocales=[]}}, false)
10-19 17:12:11.925  5589  5589 I Module  : DeviceLockedStatusModuleProvider$Module.updateDeviceLockedStatus():100 repeatCheckTimes = 1, locked = false
10-19 17:12:11.995  7096  7122 W ProxyAndroidLoggerBackend: Too many Flogger logs received before configuration. Dropping old logs.
10-19 17:12:11.995  7096  7122 W ProxyAndroidLoggerBackend: Too many Flogger logs received before configuration. Dropping old logs.
10-19 17:12:11.995  7096  7122 W ProxyAndroidLoggerBackend: Too many Flogger logs received before configuration. Dropping old logs.
10-19 17:12:11.995  7096  7122 W ProxyAndroidLoggerBackend: Too many Flogger logs received before configuration. Dropping old logs.
10-19 17:12:11.995  7096  7122 W ProxyAndroidLoggerBackend: Too many Flogger logs received before configuration. Dropping old logs.
10-19 17:12:11.998 21104  6676 I NearbyMediums: ModuleInitializer handles incoming intent android.intent.action.USER_PRESENT
10-19 17:12:12.005  7096  7122 E VivoAudioPolicyProxyNative: VivoAudioPolicyProxy getInstanceInter: binding to vivoaudiopolicy service failed, service up?
10-19 17:12:12.005  7096  7122 D AudioRecord: set(): 0xb40000778002a280, inputSource 1999, sampleRate 16000, format 0x1, channelMask 0x10, frameCount 128000, notificationFrames 0, sessionId 0, transferType 0, flags 0, attributionSource AttributionSourceState{pid: 7096, uid: 99384, deviceId: 0, packageName: com.google.android.googlequicksearchbox, attributionTag: (null), token: binder:0xb40000760002ff90, renouncedPermissions: [], next: []} uid -1, pid -1
10-19 17:12:12.005  7096  7122 I AudioRecord: set final client name com.google.android.googlequicksearchbox(0)
10-19 17:12:12.005  7096  7122 E word_detector_0: RecordingActivityTracker(): binding to audio service failed, service up?
10-19 17:12:12.006  7096  7122 I AudioRecord: set(): getPolicyInputSourceForVoip mAttributes inputsource=1999, input source= 1999,flags:0
10-19 17:12:12.007 21104  6501 I Nearby  : (REDACTED) Beginning attempt #%d out of %d for %s...
10-19 17:12:12.009 21104  6581 I NearbySharing: Starting scanning for Fast Initiation.
10-19 17:12:12.013 21104  6581 I NearbySharing: Failed to scan for FastInitiation. Scanning is not supported on this device.
10-19 17:12:12.014 21104  6581 I NearbySharing: Dismissing HUN as there's no device nearby.
10-19 17:12:12.015 21104  6501 I NearbyMediums: BluetoothAdapter's name was not set by Nearby Connections, ignoring call to restore default scan mode.
10-19 17:12:12.017 21104  6501 I NearbyMediums: BluetoothAdapter's name was not set by Nearby Connections, ignoring call to restore device name
10-19 17:12:12.044  7096  7122 D AudioRecord: openRecord_l: 0xb40000778002a280, mCblk = 0x7abab1b000
10-19 17:12:12.045 21163  6851 I PersonalSafety: ConnectivityProtectionLockingIntentOperation: cancelled task [CONTEXT service_id=310 ]
10-19 17:12:12.050  7096  7122 W ProxyAndroidLoggerBackend: Too many Flogger logs received before configuration. Dropping old logs.
10-19 17:12:12.050  7096  7126 W ProxyAndroidLoggerBackend: Too many Flogger logs received before configuration. Dropping old logs.
10-19 17:12:12.051  7096  7126 W ProxyAndroidLoggerBackend: Too many Flogger logs received before configuration. Dropping old logs.
10-19 17:12:12.051  7096  7126 D AudioRecord: start(25075): 0xb40000778002a280, sync event 0 trigger session 0
10-19 17:12:12.051  7096  7126 E VivoAudioPolicyProxyNative: VivoAudioPolicyProxy getInstanceInter: binding to vivoaudiopolicy service failed, service up?
10-19 17:12:12.060 21104 21104 I RCNIntentOperation: RCN is disabled on this network.
10-19 17:12:12.060  7096  7122 I native  : I0000 00:00:1760874132.060490    7122 soda_client.cc:330] Starting capture.
10-19 17:12:12.061  7096  7122 I native  : I0000 00:00:1760874132.060715    7122 soda_async_impl.cc:651] SODA session starting (require_hotword:1, hotword_timeout_in_millis:0, trigger_type:TRIGGER_TYPE_UNSPECIFIED, hybrid_asr_config.mode:MODE_DEFAULT)
10-19 17:12:12.063 13532 13532 W fbservices-stub:InitStatus: Not blocking Service (51888160)
10-19 17:12:12.064 13532 13532 W fbservices-stub:InitStatus: Not blocking Service (51888160)
10-19 17:12:12.073  7096  7130 W ProxyAndroidLoggerBackend: Too many Flogger logs received before configuration. Dropping old logs.
10-19 17:12:12.075  7096  7126 D AudioRecord: start(25075): return status 0
10-19 17:12:12.075  7096  7126 W ProxyAndroidLoggerBackend: Too many Flogger logs received before configuration. Dropping old logs.
10-19 17:12:12.075  7096  7126 D AudioSystem: +setParameters(): MAGT-Process=7096;MAGT-AudioThread=7126 
10-19 17:12:12.179  7096  7120 I native  : I0000 00:00:1760874132.178941    7120 soda_async_impl.cc:1357] SODA received first mic audio buffer, size in bytes: 320, format: 1, channels: 1, sample rate: 16000
10-19 17:12:12.336 13532 13532 W fbservices-stub:InitStatus: Not blocking Service (51888160)
10-19 17:12:12.336 13532 13532 W fbservices-stub:InitStatus: Not blocking Service (51888160)
10-19 17:12:12.599  7096  7120 I native  : I0000 00:00:1760874132.598186    7120 soda_async_impl.cc:1126] Not receiving any loopback audio in 500ms. Last audio received time: 1970-01-01T05:30:00+05:30, Current time: 2025-10-19T17:12:12.598183796+05:30
10-19 17:12:13.477 21104 21184 I FusedLocation: (REDACTED) location delivery to %s blocked - too close
10-19 17:12:13.477 21104 21184 I FusedLocation: (REDACTED) location delivery to %s blocked - too fast
10-19 17:12:13.477 21104 21184 I FusedLocation: (REDACTED) location delivery to %s blocked - too close
10-19 17:12:13.479 21104 21184 I FusedLocation: (REDACTED) location delivery to %s blocked - too close
10-19 17:12:13.483 21104 21184 I FusedLocation: (REDACTED) location delivery to %s blocked - too fast
10-19 17:12:14.699  7096  7126 W ProxyAndroidLoggerBackend: Too many Flogger logs received before configuration. Dropping old logs.
10-19 17:12:15.407 21104 21188 W Settings: Setting airplane_mode_on has moved from android.provider.Settings.System to android.provider.Settings.Global, returning read-only value.
10-19 17:12:15.410 21104  4912 W SystemServiceRegistry: No service published for: wifirtt
10-19 17:12:15.419 21104 23957 I WifiScanner: onFullResults
10-19 17:12:15.419 21104 22617 I WifiScanner: onFullResults
10-19 17:12:15.422 21104 21142 I WifiScanner: onFullResults
10-19 17:12:15.464 21104 21188 I ActivityScheduler: nextTriggerTime: 1318309827, in 5000ms, detectorType: 39, FULL_TYPE alarmWindowMillis: 625
10-19 17:12:15.470 21104  6710 I FrewleTileCacheManagerV: (REDACTED) Fetched %d AP models from cache
10-19 17:12:15.486 21104 21188 I ActivityScheduler: nextTriggerTime: 1318310780, in 5931ms, detectorType: 39, FULL_TYPE alarmWindowMillis: 625
10-19 17:12:15.487 21104 21184 I FusedLocation: (REDACTED) location delivery to %s blocked - too close
10-19 17:12:15.487 21104 21184 I FusedLocation: (REDACTED) location delivery to %s blocked - too fast
10-19 17:12:15.488 21104 21184 I FusedLocation: (REDACTED) location delivery to %s blocked - too close
10-19 17:12:15.488 21104 21184 I FusedLocation: (REDACTED) location delivery to %s blocked - too close
10-19 17:12:15.490 21104 21184 I FusedLocation: (REDACTED) location delivery to %s blocked - too fast
10-19 17:12:15.490 21104 21184 I FusedLocation: (REDACTED) location delivery to %s blocked - too fast
10-19 17:12:15.491 21104 21184 I fznc    : Received empty WiFi-RTT scan. [CONTEXT service_id=6 ]
10-19 17:12:16.137  1870  2605 D BatteryStatsService: noteVideoSurfaceChanged  noteWhich: 49,arg1: 1080, arg2: 2056, arg3: 30055, arg4: 1656, name: com.a1taxi.a1taxicustomer
10-19 17:12:16.192  1870  3607 D BatteryStatsService: noteVideoSurfaceChanged  noteWhich: 49,arg1: 1080, arg2: 2056, arg3: 30055, arg4: 1656, name: com.a1taxi.a1taxicustomer
10-19 17:12:16.231 14485 14485 I bnlz    : onPause
10-19 17:12:16.334  5589  5589 I GoogleInputMethodService: GoogleInputMethodService.onFinishInput():2085 
10-19 17:12:16.335  5589  5589 I Module  : DeviceLockedStatusModuleProvider$Module.updateDeviceLockedStatus():100 repeatCheckTimes = 0, locked = false
10-19 17:12:16.335  5589  5589 I GoogleInputMethodService: GoogleInputMethodService.onStartInput():1346 onStartInput(EditorInfo{EditorInfo{packageName=com.a1taxi.a1taxicustomer, inputType=0, inputTypeString=NULL, enableLearning=false, autoCorrection=false, autoComplete=false, imeOptions=0, privateImeOptions=null, actionName=UNSPECIFIED, actionLabel=null, initialSelStart=-1, initialSelEnd=-1, initialCapsMode=0, label=null, fieldId=0, fieldName=null, extras=null, hintText=null, hintLocales=[]}}, false)
10-19 17:12:16.336  5589  5589 I Module  : DeviceLockedStatusModuleProvider$Module.updateDeviceLockedStatus():100 repeatCheckTimes = 1, locked = false
10-19 17:12:16.785 14485 14485 D VRI[Launcher]: visibilityChanged oldVisibility=true newVisibility=false
10-19 17:12:16.822 14485 14485 D ViewRootImpl: AppSizeAfterRelayout, size: Point(1080, 2392), rotation: ROTATION_0
10-19 17:12:16.823 14485 14485 D BLASTBufferQueue: [VRI[Launcher]#117](f:0,a:1) destructor()
10-19 17:12:16.823 14485 14485 D BufferQueueConsumer: [VRI[Launcher]#117(BLAST Consumer)117](id:389500000075,api:0,p:-1,c:14485) disconnect
10-19 17:12:16.829 14485 14485 I bnlz    : onStop
10-19 17:12:18.154  5589  5589 I GoogleInputMethodService: GoogleInputMethodService.onFinishInput():2085 
10-19 17:12:18.155  5589  5589 I Module  : DeviceLockedStatusModuleProvider$Module.updateDeviceLockedStatus():100 repeatCheckTimes = 0, locked = false
10-19 17:12:18.158  5589  5589 I GoogleInputMethodService: GoogleInputMethodService.onStartInput():1346 onStartInput(EditorInfo{EditorInfo{packageName=com.a1taxi.a1taxicustomer, inputType=4001, inputTypeString=Normal[CapSentences], enableLearning=true, autoCorrection=true, autoComplete=true, imeOptions=3, privateImeOptions=null, actionName=SEARCH, actionLabel=null, initialSelStart=0, initialSelEnd=0, initialCapsMode=2000, label=null, fieldId=3885, fieldName=null, extras=Bundle[mParcelledData.dataSize=404], hintText=non-empty, hintLocales=[]}}, false)
10-19 17:12:18.160  5589  5589 I Module  : DeviceLockedStatusModuleProvider$Module.updateDeviceLockedStatus():100 repeatCheckTimes = 1, locked = false
10-19 17:12:18.479 21104 21184 I FusedLocation: (REDACTED) location delivery to %s blocked - too close
10-19 17:12:18.480 21104 21184 I FusedLocation: (REDACTED) location delivery to %s blocked - too fast
10-19 17:12:18.480 21104 21184 I FusedLocation: (REDACTED) location delivery to %s blocked - too close
10-19 17:12:18.481 21104 21184 I FusedLocation: (REDACTED) location delivery to %s blocked - too close
10-19 17:12:18.491 21104  6553 I SemanticLocation: [InfMgr] No location reports after filtering [CONTEXT service_id=173 ]
10-19 17:12:18.589 27588  6870 E FbnsAIDLClientManager: Max Try reached for binding to FbnsAIDLService, threadId 47921
10-19 17:12:18.589 27588  6870 E FbnsAIDLClientManager: Fbns AIDL request got RemoteException
10-19 17:12:18.589 27588  6870 E FbnsAIDLClientManager: android.os.RemoteException: AIDLService is not bound
10-19 17:12:18.589 27588  6870 E FbnsAIDLClientManager: 	at X.HVM.call(:2479)
10-19 17:12:18.589 27588  6870 E FbnsAIDLClientManager: 	at java.util.concurrent.FutureTask.run(FutureTask.java:317)
10-19 17:12:18.589 27588  6870 E FbnsAIDLClientManager: 	at java.util.concurrent.ThreadPoolExecutor.runWorker(ThreadPoolExecutor.java:1156)
10-19 17:12:18.589 27588  6870 E FbnsAIDLClientManager: 	at java.util.concurrent.ThreadPoolExecutor$Worker.run(ThreadPoolExecutor.java:651)
10-19 17:12:18.589 27588  6870 E FbnsAIDLClientManager: 	at java.lang.Thread.run(Thread.java:1119)
10-19 17:12:19.213  5589  5589 I GoogleInputMethodService: GoogleInputMethodService.onFinishInput():2085 
10-19 17:12:19.214  5589  5589 I Module  : DeviceLockedStatusModuleProvider$Module.updateDeviceLockedStatus():100 repeatCheckTimes = 0, locked = false
10-19 17:12:19.215  5589  5589 I GoogleInputMethodService: GoogleInputMethodService.onStartInput():1346 onStartInput(EditorInfo{EditorInfo{packageName=com.a1taxi.a1taxicustomer, inputType=0, inputTypeString=NULL, enableLearning=false, autoCorrection=false, autoComplete=false, imeOptions=0, privateImeOptions=null, actionName=UNSPECIFIED, actionLabel=null, initialSelStart=-1, initialSelEnd=-1, initialCapsMode=0, label=null, fieldId=0, fieldName=null, extras=null, hintText=null, hintLocales=[]}}, false)
10-19 17:12:19.216  5589  5589 I Module  : DeviceLockedStatusModuleProvider$Module.updateDeviceLockedStatus():100 repeatCheckTimes = 1, locked = false
10-19 17:12:20.424 21104 21188 W Settings: Setting airplane_mode_on has moved from android.provider.Settings.System to android.provider.Settings.Global, returning read-only value.
10-19 17:12:20.435 21104  4912 W SystemServiceRegistry: No service published for: wifirtt
10-19 17:12:20.483 21104 21188 I ActivityScheduler: nextTriggerTime: 1318314846, in 5000ms, detectorType: 39, FULL_TYPE alarmWindowMillis: 625
10-19 17:12:20.722 21104  6551 I NearbyPresence: (REDACTED) %s verified [==] new request %s equals to the old request
10-19 17:12:21.173 21104 21140 I WifiScanner: onFullResults
10-19 17:12:21.173 21104 21142 I WifiScanner: onFullResults
10-19 17:12:21.173 21104 23957 I WifiScanner: onFullResults
10-19 17:12:21.182 21104  6710 I FrewleTileCacheManagerV: (REDACTED) Fetched %d AP models from cache
10-19 17:12:21.201 21104 21184 I FusedLocation: (REDACTED) location delivery to %s blocked - too close
10-19 17:12:21.202 21104 21184 I FusedLocation: (REDACTED) location delivery to %s blocked - too fast
10-19 17:12:21.202 21104 21184 I FusedLocation: (REDACTED) location delivery to %s blocked - too close
10-19 17:12:21.202 21104 21188 I ActivityScheduler: nextTriggerTime: 1318316531, in 5966ms, detectorType: 39, FULL_TYPE alarmWindowMillis: 625
10-19 17:12:21.203 21104 21184 I FusedLocation: (REDACTED) location delivery to %s blocked - too close
10-19 17:12:21.204 21104 21184 I FusedLocation: (REDACTED) location delivery to %s blocked - too fast
10-19 17:12:21.204 21104 21184 I FusedLocation: (REDACTED) location delivery to %s blocked - too fast
10-19 17:12:21.205 21104 21184 I fznc    : Received empty WiFi-RTT scan. [CONTEXT service_id=6 ]
10-19 17:12:23.502 21104 21184 I FusedLocation: (REDACTED) location delivery to %s blocked - too close
10-19 17:12:23.503 21104 21184 I FusedLocation: (REDACTED) location delivery to %s blocked - too fast
10-19 17:12:23.503 21104 21184 I FusedLocation: (REDACTED) location delivery to %s blocked - too close
10-19 17:12:23.505 21104 21184 I FusedLocation: (REDACTED) location delivery to %s blocked - too close
10-19 17:12:23.507 21104 21184 I FusedLocation: (REDACTED) location delivery to %s blocked - too fast
10-19 17:12:25.942  1870  2610 D BatteryStatsService: noteVideoSurfaceChanged  noteWhich: 49,arg1: 970, arg2: 825, arg3: 30055, arg4: 1865, name: com.a1taxi.a1taxicustomer
10-19 17:12:25.947 21104  6581 I PhenotypeResourceReader: unable to find any Phenotype resource metadata for com.a1taxi.a1taxicustomer
10-19 17:12:25.968 14485 14485 I bnlz    : onStart
10-19 17:12:25.970 14485 14485 I bldh    : (REDACTED) [%s] onStart()
10-19 17:12:25.970 14485 14485 I blfn    : Reloading theme data
10-19 17:12:25.971 14485 14485 I bnlz    : onResume
10-19 17:12:25.980 14485 14485 D VRI[Launcher]: visibilityChanged oldVisibility=false newVisibility=true
10-19 17:12:26.027 14485 14485 D ViewRootImpl: AppSizeAfterRelayout, size: Point(1080, 2392), rotation: ROTATION_0
10-19 17:12:26.027 14485 14485 D BufferQueueConsumer: [](id:389500000076,api:0,p:-1,c:14485) connect: controlledByApp=false
10-19 17:12:26.028 14485 14485 D BLASTBufferQueue: [VRI[Launcher]#118](f:0,a:0) constructor()
10-19 17:12:26.028 14485 14485 D BLASTBufferQueue: [VRI[Launcher]#118](f:0,a:0) update width=1080 height=2392 format=-2 mTransformHint=0
10-19 17:12:26.039 14485 14785 D BLASTBufferQueue: [VRI[Launcher]#118](f:0,a:1) acquireNextBufferLocked size=1080x2392 mFrameNumber=1 applyTransaction=true mTimestamp=637516590262844(auto) mPendingTransactions.size=0 graphicBufferId=62212601283387 transform=0
10-19 17:12:26.179 21104 21188 W Settings: Setting airplane_mode_on has moved from android.provider.Settings.System to android.provider.Settings.Global, returning read-only value.
10-19 17:12:26.183 21104  6553 W SystemServiceRegistry: No service published for: wifirtt
10-19 17:12:26.238 21104 21140 I WifiScanner: onFullResults
10-19 17:12:26.239 21104 23957 I WifiScanner: onFullResults
10-19 17:12:26.243 21104 22224 I WifiScanner: onFullResults
10-19 17:12:26.292  1870  2960 D BatteryStatsService: noteVideoSurfaceChanged  noteWhich: 49,arg1: -1, arg2: -1, arg3: 30055, arg4: 1656, name: com.a1taxi.a1taxicustomer
10-19 17:12:26.309 21104 21188 I ActivityScheduler: nextTriggerTime: 1318320672, in 5000ms, detectorType: 39, FULL_TYPE alarmWindowMillis: 625
10-19 17:12:26.331 21104  6710 I FrewleTileCacheManagerV: (REDACTED) Fetched %d AP models from cache
10-19 17:12:26.359 21104 21184 I FusedLocation: (REDACTED) location delivery to %s blocked - too close
10-19 17:12:26.359 21104 21184 I FusedLocation: (REDACTED) location delivery to %s blocked - too fast
10-19 17:12:26.359 21104 21184 I FusedLocation: (REDACTED) location delivery to %s blocked - too close
10-19 17:12:26.361 21104 21184 I FusedLocation: (REDACTED) location delivery to %s blocked - too close
10-19 17:12:26.362 21104 21188 I ActivityScheduler: nextTriggerTime: 1318321596, in 5870ms, detectorType: 39, FULL_TYPE alarmWindowMillis: 625
10-19 17:12:26.363 21104 21184 I FusedLocation: (REDACTED) location delivery to %s blocked - too fast
10-19 17:12:26.363 21104 21184 I FusedLocation: (REDACTED) location delivery to %s blocked - too fast
10-19 17:12:26.365 21104 21184 I fznc    : Received empty WiFi-RTT scan. [CONTEXT service_id=6 ]
10-19 17:12:26.587 14485 14485 I bnft    : (REDACTED) onApplyWindowInsets: systemWindowInsets=%s
10-19 17:12:26.588 14485 14485 I bnft    : (REDACTED) onApplyWindowInsets: systemWindowInsets=%s
10-19 17:12:26.592  5589  5589 I GoogleInputMethodService: GoogleInputMethodService.onFinishInput():2085 
10-19 17:12:26.593  5589  5589 I Module  : DeviceLockedStatusModuleProvider$Module.updateDeviceLockedStatus():100 repeatCheckTimes = 0, locked = false
10-19 17:12:26.595  5589  5589 I GoogleInputMethodService: GoogleInputMethodService.onStartInput():1346 onStartInput(EditorInfo{EditorInfo{packageName=com.android.launcher3, inputType=0, inputTypeString=NULL, enableLearning=false, autoCorrection=false, autoComplete=false, imeOptions=0, privateImeOptions=null, actionName=UNSPECIFIED, actionLabel=null, initialSelStart=-1, initialSelEnd=-1, initialCapsMode=0, label=null, fieldId=0, fieldName=null, extras=null, hintText=null, hintLocales=[]}}, false)
10-19 17:12:26.596  5589  5589 I Module  : DeviceLockedStatusModuleProvider$Module.updateDeviceLockedStatus():100 repeatCheckTimes = 1, locked = false
10-19 17:12:26.602  1870  2891 D BatteryStatsService: noteVideoSurfaceChanged  noteWhich: 49,arg1: -2, arg2: -1, arg3: 30055, arg4: 1865, name: com.a1taxi.a1taxicustomer
10-19 17:12:28.231 30930 30930 I BackgroundFetchTaskConsumer: Stopping an alarm for task 'background-fetch-task'.
10-19 17:12:28.237 30930  2759 I ReactNativeJS: 🔄 Auto-refreshing rides (2-second interval)...
10-19 17:12:28.237 30930  2759 I ReactNativeJS: === LOADING RIDES ===
10-19 17:12:28.238 30930  2759 I ReactNativeJS: 'Driver ID:', 'eb91d7e5-e2f2-4021-a8c8-3739a3d4cae4'
10-19 17:12:28.238 30930  2759 I ReactNativeJS: 'Driver User ID:', '1c4ac410-54d8-4b5e-960b-3afcbebd115d'
10-19 17:12:28.245 30930 30930 D ViewRootImpl: AppSizeAfterRelayout, size: Point(1080, 2392), rotation: ROTATION_0
10-19 17:12:28.246 30930 30930 D BufferQueueConsumer: [](id:78d20000000c,api:0,p:-1,c:30930) connect: controlledByApp=false
10-19 17:12:28.246 30930 30930 D BLASTBufferQueue: [VRI[MainActivity]#11](f:0,a:0) constructor()
10-19 17:12:28.246 30930 30930 D BLASTBufferQueue: [VRI[MainActivity]#11](f:0,a:0) update width=1080 height=2392 format=-1 mTransformHint=0
10-19 17:12:28.267 30930  2759 I ReactNativeJS: 🎯 TripCompletionModal RENDER
10-19 17:12:28.267 30930  2759 I ReactNativeJS: '🎯 visible:', false
10-19 17:12:28.267 30930  2759 I ReactNativeJS: '🎯 tripData:', '{\n  "distance": 0,\n  "duration": 0,\n  "fareBreakdown": {\n    "booking_type": "regular",\n    "vehicle_type": "sedan",\n    "base_fare": 0,\n    "distance_fare": 0,\n    "time_fare": 0,\n    "surge_charges": 0,\n    "deadhead_charges": 0,\n    "platform_fee": 0,\n    "gst_on_charges": 0,\n    "gst_on_platform_fee": 0,\n    "extra_km_charges": 0,\n    "driver_allowance": 0,\n    "total_fare": 0,\n    "details": {\n      "actual_distance_km": 0,\n      "actual_duration_minutes": 0,\n      "per_km_rate": 0\n    }\n  },\n  "pickup_address": "",\n  "destination_address": "",\n  "booking_type": "regular",\n  "rental_hours": null\n}'
10-19 17:12:28.270 30930  2759 I ReactNativeJS: 🔍 Loading current ride...
10-19 17:12:28.283 30930  2759 I ReactNativeJS: === RIDES SCREEN STATE DEBUG ===
10-19 17:12:28.283 30930  2759 I ReactNativeJS: 🔄 Component state updated:
10-19 17:12:28.284 30930  2759 I ReactNativeJS: '  - Current ride:', 'null'
10-19 17:12:28.284 30930  2759 I ReactNativeJS: '  - Pending rides count:', 0
10-19 17:12:28.284 30930  2759 I ReactNativeJS: '  - Driver status:', 'online'
10-19 17:12:28.284 30930  2759 I ReactNativeJS: '  - Loading:', true
10-19 17:12:28.285 30930  2759 I ReactNativeJS: '  - Error:', null
10-19 17:12:28.285 30930  2759 I ReactNativeJS: '  - Show modal:', false
10-19 17:12:28.287 30930  2759 I ReactNativeJS: '  - Timestamp:', '2025-10-19T11:42:28.285Z'
10-19 17:12:28.287 30930  2759 I ReactNativeJS: ❌ NO CURRENT RIDE - showing empty state
10-19 17:12:28.297 30930  2717 D BLASTBufferQueue: [VRI[MainActivity]#11](f:0,a:1) acquireNextBufferLocked size=1080x2392 mFrameNumber=1 applyTransaction=true mTimestamp=637518848067459(auto) mPendingTransactions.size=0 graphicBufferId=132843338465365 transform=0
10-19 17:12:28.320 14485 14485 I bnlz    : onPause
10-19 17:12:28.324 30930 30930 V ImeFocusController: onWindowFocus: com.android.internal.policy.DecorView{e311d29 V.E...... R......D 0,0-1080,2392 aid=0}[MainActivity] softInputMode=STATE_UNSPECIFIED|ADJUST_RESIZE|IS_FORWARD_NAVIGATION
10-19 17:12:28.332  5589  5589 I GoogleInputMethodService: GoogleInputMethodService.onFinishInput():2085 
10-19 17:12:28.333  5589  5589 I Module  : DeviceLockedStatusModuleProvider$Module.updateDeviceLockedStatus():100 repeatCheckTimes = 0, locked = false
10-19 17:12:28.334  5589  5589 I GoogleInputMethodService: GoogleInputMethodService.onStartInput():1346 onStartInput(EditorInfo{EditorInfo{packageName=com.a1taxi.driverpro, inputType=0, inputTypeString=NULL, enableLearning=false, autoCorrection=false, autoComplete=false, imeOptions=0, privateImeOptions=null, actionName=UNSPECIFIED, actionLabel=null, initialSelStart=-1, initialSelEnd=-1, initialCapsMode=0, label=null, fieldId=0, fieldName=null, extras=null, hintText=null, hintLocales=[]}}, false)
10-19 17:12:28.335  5589  5589 I Module  : DeviceLockedStatusModuleProvider$Module.updateDeviceLockedStatus():100 repeatCheckTimes = 1, locked = false
10-19 17:12:28.355 14485 14485 I bnft    : (REDACTED) onApplyWindowInsets: systemWindowInsets=%s
10-19 17:12:28.356 14485 14485 I bnft    : (REDACTED) onApplyWindowInsets: systemWindowInsets=%s
10-19 17:12:28.372 14485 11895 V ClearcutMetricXmitter: Transmission is done.
10-19 17:12:28.472 21104 21184 I FusedLocation: (REDACTED) location delivery to %s blocked - too close
10-19 17:12:28.473 21104 21184 I FusedLocation: (REDACTED) location delivery to %s blocked - too fast
10-19 17:12:28.473 21104 21184 I FusedLocation: (REDACTED) location delivery to %s blocked - too close
10-19 17:12:28.473 21104 21184 I FusedLocation: (REDACTED) location delivery to %s blocked - too close
10-19 17:12:28.475 21104 21184 I FusedLocation: (REDACTED) location delivery to %s blocked - too fast
10-19 17:12:28.771 14485 14485 D VRI[Launcher]: visibilityChanged oldVisibility=true newVisibility=false
10-19 17:12:28.793 14485 14485 D ViewRootImpl: AppSizeAfterRelayout, size: Point(1080, 2392), rotation: ROTATION_0
10-19 17:12:28.794 14485 14485 D BLASTBufferQueue: [VRI[Launcher]#118](f:0,a:3) destructor()
10-19 17:12:28.794 14485 14485 D BufferQueueConsumer: [VRI[Launcher]#118(BLAST Consumer)118](id:389500000076,api:0,p:-1,c:14485) disconnect
10-19 17:12:28.796 14485 14485 I bnlz    : onStop
10-19 17:12:28.907 30930  2759 I ReactNativeJS: '✅ Current ride loaded:', 'none'
10-19 17:12:28.907 30930  2759 I ReactNativeJS: 🔍 Loading pending ride notifications...
10-19 17:12:29.210 30930  2759 I ReactNativeJS: 📋 Found 1 unread ride notifications
10-19 17:12:29.438 30930  2759 I ReactNativeJS: ✅ 1 rides are still valid and available
10-19 17:12:29.441 30930  2759 I ReactNativeJS: 🎯 TripCompletionModal RENDER
10-19 17:12:29.441 30930  2759 I ReactNativeJS: '🎯 visible:', false
10-19 17:12:29.441 30930  2759 I ReactNativeJS: '🎯 tripData:', '{\n  "distance": 0,\n  "duration": 0,\n  "fareBreakdown": {\n    "booking_type": "regular",\n    "vehicle_type": "sedan",\n    "base_fare": 0,\n    "distance_fare": 0,\n    "time_fare": 0,\n    "surge_charges": 0,\n    "deadhead_charges": 0,\n    "platform_fee": 0,\n    "gst_on_charges": 0,\n    "gst_on_platform_fee": 0,\n    "extra_km_charges": 0,\n    "driver_allowance": 0,\n    "total_fare": 0,\n    "details": {\n      "actual_distance_km": 0,\n      "actual_duration_minutes": 0,\n      "per_km_rate": 0\n    }\n  },\n  "pickup_address": "",\n  "destination_address": "",\n  "booking_type": "regular",\n  "rental_hours": null\n}'
10-19 17:12:29.447 30930  2759 I ReactNativeJS: 🎯 TripCompletionModal RENDER
10-19 17:12:29.447 30930  2759 I ReactNativeJS: '🎯 visible:', false
10-19 17:12:29.447 30930  2759 I ReactNativeJS: '🎯 tripData:', '{\n  "distance": 0,\n  "duration": 0,\n  "fareBreakdown": {\n    "booking_type": "regular",\n    "vehicle_type": "sedan",\n    "base_fare": 0,\n    "distance_fare": 0,\n    "time_fare": 0,\n    "surge_charges": 0,\n    "deadhead_charges": 0,\n    "platform_fee": 0,\n    "gst_on_charges": 0,\n    "gst_on_platform_fee": 0,\n    "extra_km_charges": 0,\n    "driver_allowance": 0,\n    "total_fare": 0,\n    "details": {\n      "actual_distance_km": 0,\n      "actual_duration_minutes": 0,\n      "per_km_rate": 0\n    }\n  },\n  "pickup_address": "",\n  "destination_address": "",\n  "booking_type": "regular",\n  "rental_hours": null\n}'
10-19 17:12:29.448 30930  2759 I ReactNativeJS: '✅ Pending rides loaded:', 1
10-19 17:12:29.448 30930  2759 I ReactNativeJS: === RIDES SCREEN STATE DEBUG ===
10-19 17:12:29.448 30930  2759 I ReactNativeJS: 🔄 Component state updated:
10-19 17:12:29.448 30930  2759 I ReactNativeJS: '  - Current ride:', 'null'
10-19 17:12:29.448 30930  2759 I ReactNativeJS: '  - Pending rides count:', 1
10-19 17:12:29.448 30930  2759 I ReactNativeJS: '  - Driver status:', 'online'
10-19 17:12:29.448 30930  2759 I ReactNativeJS: '  - Loading:', true
10-19 17:12:29.448 30930  2759 I ReactNativeJS: '  - Error:', null
10-19 17:12:29.448 30930  2759 I ReactNativeJS: '  - Show modal:', false
10-19 17:12:29.448 30930  2759 I ReactNativeJS: '  - Timestamp:', '2025-10-19T11:42:29.448Z'
10-19 17:12:29.448 30930  2759 I ReactNativeJS: ❌ NO CURRENT RIDE - showing empty state
10-19 17:12:29.448 30930  2759 I ReactNativeJS: === RIDE REQUEST MODAL LOGIC DEBUG ===
10-19 17:12:29.448 30930  2759 I ReactNativeJS: 🔄 Checking if should show ride request modal:
10-19 17:12:29.448 30930  2759 I ReactNativeJS: '  - Pending rides:', 1
10-19 17:12:29.448 30930  2759 I ReactNativeJS: '  - Modal already showing:', false
10-19 17:12:29.449 30930  2759 I ReactNativeJS: '  - Driver status:', 'online'
10-19 17:12:29.449 30930  2759 I ReactNativeJS: '  - Has current ride:', false
10-19 17:12:29.449 30930  2759 I ReactNativeJS: ✅ SHOWING RIDE REQUEST MODAL
10-19 17:12:29.449 30930  2759 I ReactNativeJS: '🚗 Showing ride request modal for:', '26174bc5-3632-4104-b463-80df9679884c'
10-19 17:12:29.449 30930  2759 I ReactNativeJS: '🚗 Ride details:', { pickup: 'PRXJ+F32, Brindavan Nagar, Plot 87, NGGO\'s Colony, Anand Nagar, Hosur, Tamil Nadu 635109, India',
10-19 17:12:29.449 30930  2759 I ReactNativeJS:   destination: 'Bagalur, Tamil Nadu, India',
10-19 17:12:29.449 30930  2759 I ReactNativeJS:   customer: 'Ricco' }
10-19 17:12:29.452 30930  2759 I ReactNativeJS: '🚗 RideRequestModal - Full ride object:', '{\n  "id": "26174bc5-3632-4104-b463-80df9679884c",\n  "ride_code": "U2H8A0",\n  "customer_id": "e95a4f14-8958-49e9-8ede-d81b82a7ba12",\n  "driver_id": null,\n  "pickup_latitude": 12.7486933,\n  "pickup_longitude": 77.830005,\n  "pickup_address": "PRXJ+F32, Brindavan Nagar, Plot 87, NGGO\'s Colony, Anand Nagar, Hosur, Tamil Nadu 635109, India",\n  "destination_latitude": 12.8303987,\n  "destination_longitude": 77.8662369,\n  "destination_address": "Bagalur, Tamil Nadu, India",\n  "status": "requested",\n  "fare_amount": 447,\n  "distance_km": null,\n  "duration_minutes": null,\n  "payment_status": "pending",\n  "payment_method": "cash",\n  "rating": null,\n  "feedback": null,\n  "cancelled_by": null,\n  "cancellation_reason": null,\n  "booking_type": "regular",\n  "vehicle_type": "sedan",\n  "pickup_otp": null,\n  "drop_otp": null,\n  "created_at": "2025-10-19T11:42:25.915565+00:00",\n  "updated_at": "2025-10-19T11:42:25.915565+00:00",\n  "scheduled_time": null,\n  "customer": {\n    "id": "e95a4f14-8958-49e9-8ede-d81b82a7ba12",\n    "full_name": "Ricco",\n    "phone_number": "",\n    "email": ""\n  }\n}'
10-19 17:12:29.467 30930  2759 I ReactNativeJS: 🎯 TripCompletionModal RENDER
10-19 17:12:29.467 30930  2759 I ReactNativeJS: '🎯 visible:', false
10-19 17:12:29.467 30930  2759 I ReactNativeJS: '🎯 tripData:', '{\n  "distance": 0,\n  "duration": 0,\n  "fareBreakdown": {\n    "booking_type": "regular",\n    "vehicle_type": "sedan",\n    "base_fare": 0,\n    "distance_fare": 0,\n    "time_fare": 0,\n    "surge_charges": 0,\n    "deadhead_charges": 0,\n    "platform_fee": 0,\n    "gst_on_charges": 0,\n    "gst_on_platform_fee": 0,\n    "extra_km_charges": 0,\n    "driver_allowance": 0,\n    "total_fare": 0,\n    "details": {\n      "actual_distance_km": 0,\n      "actual_duration_minutes": 0,\n      "per_km_rate": 0\n    }\n  },\n  "pickup_address": "",\n  "destination_address": "",\n  "booking_type": "regular",\n  "rental_hours": null\n}'
10-19 17:12:29.469 30930  2759 I ReactNativeJS: 🗺️ Fetching trip distance from Google Maps...
10-19 17:12:29.470 30930  2759 I ReactNativeJS: '🗺️ getRouteInfo called with:', { origin: { latitude: 12.7486933, longitude: 77.830005 },
10-19 17:12:29.470 30930  2759 I ReactNativeJS:   destination: { latitude: 12.8303987, longitude: 77.8662369 } }
10-19 17:12:29.470 30930  2759 I ReactNativeJS: '📡 Calling edge function:', 'https://whubaypabojomdyfqxcf.supabase.co/functions/v1/calculate-distance'
10-19 17:12:29.470 30930  2759 I ReactNativeJS: === RIDES SCREEN STATE DEBUG ===
10-19 17:12:29.470 30930  2759 I ReactNativeJS: 🔄 Component state updated:
10-19 17:12:29.470 30930  2759 I ReactNativeJS: '  - Current ride:', 'null'
10-19 17:12:29.470 30930  2759 I ReactNativeJS: '  - Pending rides count:', 1
10-19 17:12:29.470 30930  2759 I ReactNativeJS: '  - Driver status:', 'online'
10-19 17:12:29.470 30930  2759 I ReactNativeJS: '  - Loading:', false
10-19 17:12:29.470 30930  2759 I ReactNativeJS: '  - Error:', null
10-19 17:12:29.470 30930  2759 I ReactNativeJS: '  - Show modal:', true
10-19 17:12:29.470 30930  2759 I ReactNativeJS: '  - Timestamp:', '2025-10-19T11:42:29.470Z'
10-19 17:12:29.470 30930  2759 I ReactNativeJS: ❌ NO CURRENT RIDE - showing empty state
10-19 17:12:29.470 30930  2759 I ReactNativeJS: === RIDE REQUEST MODAL LOGIC DEBUG ===
10-19 17:12:29.470 30930  2759 I ReactNativeJS: 🔄 Checking if should show ride request modal:
10-19 17:12:29.470 30930  2759 I ReactNativeJS: '  - Pending rides:', 1
10-19 17:12:29.470 30930  2759 I ReactNativeJS: '  - Modal already showing:', true
10-19 17:12:29.471 30930  2759 I ReactNativeJS: '  - Driver status:', 'online'
10-19 17:12:29.471 30930  2759 I ReactNativeJS: '  - Has current ride:', false
10-19 17:12:29.471 30930  2759 I ReactNativeJS: ❌ NOT SHOWING MODAL - reasons:
10-19 17:12:29.471 30930  2759 I ReactNativeJS: '🚗 Analysis:', { pendingRidesCount: 1,
10-19 17:12:29.471 30930  2759 I ReactNativeJS:   modalAlreadyShowing: true,
10-19 17:12:29.471 30930  2759 I ReactNativeJS:   driverStatus: 'online',
10-19 17:12:29.471 30930  2759 I ReactNativeJS:   hasCurrentRide: false }
10-19 17:12:29.471 30930  2759 I ReactNativeJS: '🚗 RideRequestModal - Full ride object:', '{\n  "id": "26174bc5-3632-4104-b463-80df9679884c",\n  "ride_code": "U2H8A0",\n  "customer_id": "e95a4f14-8958-49e9-8ede-d81b82a7ba12",\n  "driver_id": null,\n  "pickup_latitude": 12.7486933,\n  "pickup_longitude": 77.830005,\n  "pickup_address": "PRXJ+F32, Brindavan Nagar, Plot 87, NGGO\'s Colony, Anand Nagar, Hosur, Tamil Nadu 635109, India",\n  "destination_latitude": 12.8303987,\n  "destination_longitude": 77.8662369,\n  "destination_address": "Bagalur, Tamil Nadu, India",\n  "status": "requested",\n  "fare_amount": 447,\n  "distance_km": null,\n  "duration_minutes": null,\n  "payment_status": "pending",\n  "payment_method": "cash",\n  "rating": null,\n  "feedback": null,\n  "cancelled_by": null,\n  "cancellation_reason": null,\n  "booking_type": "regular",\n  "vehicle_type": "sedan",\n  "pickup_otp": null,\n  "drop_otp": null,\n  "created_at": "2025-10-19T11:42:25.915565+00:00",\n  "updated_at": "2025-10-19T11:42:25.915565+00:00",\n  "scheduled_time": null,\n  "customer": {\n    "id": "e95a4f14-8958-49e9-8ede-d81b82a7ba12",\n    "full_name": "Ricco",\n    "phone_number": "",\n    "email": ""\n  }\n}'
10-19 17:12:29.492 30930 30930 E unknown:ReactModalHost: Creating new dialog from context: com.a1taxi.driverpro.MainActivity@de5a225@233153061
10-19 17:12:29.511 30930 30930 D ViewRootImpl: AppSizeAfterRelayout, size: Point(1080, 2392), rotation: ROTATION_0
10-19 17:12:29.511 30930 30930 D BufferQueueConsumer: [](id:78d20000000d,api:0,p:-1,c:30930) connect: controlledByApp=false
10-19 17:12:29.511 30930 30930 D BLASTBufferQueue: [VRI[MainActivity]#12](f:0,a:0) constructor()
10-19 17:12:29.511 30930 30930 D BLASTBufferQueue: [VRI[MainActivity]#12](f:0,a:0) update width=1080 height=2392 format=-2 mTransformHint=0
10-19 17:12:29.525 30930  2717 D BLASTBufferQueue: [VRI[MainActivity]#12](f:0,a:1) acquireNextBufferLocked size=1080x2392 mFrameNumber=1 applyTransaction=true mTimestamp=637520076743998(auto) mPendingTransactions.size=0 graphicBufferId=132843338465370 transform=0
10-19 17:12:29.528 30930 30930 E unknown:ReactModalHost: Updating existing dialog with context: com.a1taxi.driverpro.MainActivity@de5a225@233153061
10-19 17:12:29.570 30930 30930 V ImeFocusController: onWindowFocus: com.android.internal.policy.DecorView{d8216c9 V.E...... R....... 0,0-1080,2392}[MainActivity] softInputMode=STATE_UNSPECIFIED|ADJUST_RESIZE
10-19 17:12:29.572  5589  5589 I GoogleInputMethodService: GoogleInputMethodService.onFinishInput():2085 
10-19 17:12:29.573  5589  5589 I Module  : DeviceLockedStatusModuleProvider$Module.updateDeviceLockedStatus():100 repeatCheckTimes = 0, locked = false
10-19 17:12:29.573  5589  5589 I GoogleInputMethodService: GoogleInputMethodService.onStartInput():1346 onStartInput(EditorInfo{EditorInfo{packageName=com.a1taxi.driverpro, inputType=0, inputTypeString=NULL, enableLearning=false, autoCorrection=false, autoComplete=false, imeOptions=0, privateImeOptions=null, actionName=UNSPECIFIED, actionLabel=null, initialSelStart=-1, initialSelEnd=-1, initialCapsMode=0, label=null, fieldId=0, fieldName=null, extras=null, hintText=null, hintLocales=[]}}, false)
10-19 17:12:29.574  5589  5589 I Module  : DeviceLockedStatusModuleProvider$Module.updateDeviceLockedStatus():100 repeatCheckTimes = 1, locked = false
10-19 17:12:29.910 30930  2759 I ReactNativeJS: '📥 Edge function response status:', 200
10-19 17:12:29.911 30930  2759 I ReactNativeJS: '✅ Distance calculation result from edge function:', { distance: '10.6 km',
10-19 17:12:29.911 30930  2759 I ReactNativeJS:   duration: '16 mins',
10-19 17:12:29.911 30930  2759 I ReactNativeJS:   distanceValue: 10.561,
10-19 17:12:29.911 30930  2759 I ReactNativeJS:   durationValue: 15.533333333333333 }
10-19 17:12:29.911 30930  2759 I ReactNativeJS: '✅ Google Maps trip distance:', 10.561, 'km'
10-19 17:12:29.912 30930  2759 I ReactNativeJS: '🚗 RideRequestModal - Full ride object:', '{\n  "id": "26174bc5-3632-4104-b463-80df9679884c",\n  "ride_code": "U2H8A0",\n  "customer_id": "e95a4f14-8958-49e9-8ede-d81b82a7ba12",\n  "driver_id": null,\n  "pickup_latitude": 12.7486933,\n  "pickup_longitude": 77.830005,\n  "pickup_address": "PRXJ+F32, Brindavan Nagar, Plot 87, NGGO\'s Colony, Anand Nagar, Hosur, Tamil Nadu 635109, India",\n  "destination_latitude": 12.8303987,\n  "destination_longitude": 77.8662369,\n  "destination_address": "Bagalur, Tamil Nadu, India",\n  "status": "requested",\n  "fare_amount": 447,\n  "distance_km": null,\n  "duration_minutes": null,\n  "payment_status": "pending",\n  "payment_method": "cash",\n  "rating": null,\n  "feedback": null,\n  "cancelled_by": null,\n  "cancellation_reason": null,\n  "booking_type": "regular",\n  "vehicle_type": "sedan",\n  "pickup_otp": null,\n  "drop_otp": null,\n  "created_at": "2025-10-19T11:42:25.915565+00:00",\n  "updated_at": "2025-10-19T11:42:25.915565+00:00",\n  "scheduled_time": null,\n  "customer": {\n    "id": "e95a4f14-8958-49e9-8ede-d81b82a7ba12",\n    "full_name": "Ricco",\n    "phone_number": "",\n    "email": ""\n  }\n}'
10-19 17:12:29.918 30930  2759 I ReactNativeJS: '🚗 RideRequestModal - Full ride object:', '{\n  "id": "26174bc5-3632-4104-b463-80df9679884c",\n  "ride_code": "U2H8A0",\n  "customer_id": "e95a4f14-8958-49e9-8ede-d81b82a7ba12",\n  "driver_id": null,\n  "pickup_latitude": 12.7486933,\n  "pickup_longitude": 77.830005,\n  "pickup_address": "PRXJ+F32, Brindavan Nagar, Plot 87, NGGO\'s Colony, Anand Nagar, Hosur, Tamil Nadu 635109, India",\n  "destination_latitude": 12.8303987,\n  "destination_longitude": 77.8662369,\n  "destination_address": "Bagalur, Tamil Nadu, India",\n  "status": "requested",\n  "fare_amount": 447,\n  "distance_km": null,\n  "duration_minutes": null,\n  "payment_status": "pending",\n  "payment_method": "cash",\n  "rating": null,\n  "feedback": null,\n  "cancelled_by": null,\n  "cancellation_reason": null,\n  "booking_type": "regular",\n  "vehicle_type": "sedan",\n  "pickup_otp": null,\n  "drop_otp": null,\n  "created_at": "2025-10-19T11:42:25.915565+00:00",\n  "updated_at": "2025-10-19T11:42:25.915565+00:00",\n  "scheduled_time": null,\n  "customer": {\n    "id": "e95a4f14-8958-49e9-8ede-d81b82a7ba12",\n    "full_name": "Ricco",\n    "phone_number": "",\n    "email": ""\n  }\n}'
10-19 17:12:30.224 30930  2759 I ReactNativeJS: 🔄 Auto-refreshing rides (2-second interval)...
10-19 17:12:30.224 30930  2759 I ReactNativeJS: === LOADING RIDES ===
