10-18 04:47:13.228 15708 19060 I ReactNativeJS:     created_at: '2025-10-17T21:48:48.688739+00:00',
10-18 04:47:13.228 15708 19060 I ReactNativeJS:     updated_at: '2025-10-17T22:08:13.414874+00:00',
10-18 04:47:13.228 15708 19060 I ReactNativeJS:     expires_at: null },
10-18 04:47:13.228 15708 19060 I ReactNativeJS:   { id: '95e45585-7c89-456b-a5c7-4d840ee0707e',
10-18 04:47:13.228 15708 19060 I ReactNativeJS:     user_id: 'e95a4f14-8958-49e9-8ede-d81b82a7ba12',
10-18 04:47:13.228 15708 19060 I ReactNativeJS:     type: 'ride_status_changed',
10-18 04:47:13.228 15708 19060 I ReactNativeJS:     title: 'Ride Status Updated',
10-18 04:47:13.228 15708 19060 I ReactNativeJS:     message: 'Your ride status has been updated to: cancelled',
10-18 04:47:13.228 15708 19060 I ReactNativeJS:     data: 
10-18 04:47:13.228 15708 19060 I ReactNativeJS:      { ride_id: '1e83cf5b-ce62-4603-bb02-60379e7c34c8',
10-18 04:47:13.228 15708 19060 I ReactNativeJS:        new_status: 'cancelled',
10-18 04:47:13.228 15708 19060 I ReactNativeJS:        old_status: 'requested' },
10-18 04:47:13.228 15708 19060 I ReactNativeJS:     status: 'read',
10-18 04:47:13.228 15708 19060 I ReactNativeJS:     created_at: '2025-10-17T21:03:39.697562+00:00',
10-18 04:47:13.228 15708 19060 I ReactNativeJS:     updated_at: '2025-10-17T21:34:43.15897+00:00',
10-18 04:47:13.228 15708 19060 I ReactNativeJS:     expires_at: null } ]
10-18 04:47:13.228 15708 19060 I ReactNativeJS: '🎯 [TRIP_NOTIFICATION] Total notifications received:', 12
10-18 04:47:13.228 15708 19060 I ReactNativeJS: '🎯 [TRIP_NOTIFICATION] Notification types:', [ 'ride_status_changed',
10-18 04:47:13.228 15708 19060 I ReactNativeJS:   'ride_status_changed',
10-18 04:47:13.228 15708 19060 I ReactNativeJS:   'ride_status_changed',
10-18 04:47:13.228 15708 19060 I ReactNativeJS:   'ride_status_changed',
10-18 04:47:13.228 15708 19060 I ReactNativeJS:   'ride_status_changed',
10-18 04:47:13.228 15708 19060 I ReactNativeJS:   'ride_status_changed',
10-18 04:47:13.228 15708 19060 I ReactNativeJS:   'booking_completed',
10-18 04:47:13.228 15708 19060 I ReactNativeJS:   'ride_cancelled',
10-18 04:47:13.228 15708 19060 I ReactNativeJS:   'ride_status_changed',
10-18 04:47:13.228 15708 19060 I ReactNativeJS:   'ride_status_changed',
10-18 04:47:13.228 15708 19060 I ReactNativeJS:   'ride_status_changed',
10-18 04:47:13.228 15708 19060 I ReactNativeJS:   'ride_status_changed' ]
10-18 04:47:13.229 15708 19060 I ReactNativeJS: '🎯 [TRIP_NOTIFICATION] ride_completed count:', 0
10-18 04:47:13.229 15708 19060 I ReactNativeJS: '🎯 [TRIP_NOTIFICATION] Unread ride_completed:', 0
10-18 04:47:13.229 15708 19060 I ReactNativeJS: '🎯 [TRIP_NOTIFICATION] Already shown count:', 0
10-18 04:47:13.229 15708 19060 I ReactNativeJS: '🎯 [TRIP_NOTIFICATION] Currently visible:', false
10-18 04:47:13.229 15708 19060 I ReactNativeJS: '🎯 [TRIP_NOTIFICATION] Filtered completion notifications:', 0
10-18 04:47:13.230 15708 19060 I ReactNativeJS: '🎯 [TRIP_NOTIFICATION] Component mounted, notifications count:', 12
10-18 04:47:13.230 15708 19060 I ReactNativeJS: '🔍 [TRIP_NOTIFICATION] Component render - visible:', false, 'notification:', false
10-18 04:47:13.230 15708 19060 I ReactNativeJS: ✅ [NOTIFICATIONS] ===== CHECKING FOR IMMEDIATE TRIP COMPLETION =====
10-18 04:47:13.230 15708 19060 I ReactNativeJS: ❌ [NOTIFICATIONS] No immediate trip completion notifications found
10-18 04:47:13.231 15708 19060 I ReactNativeJS: '❌ [NOTIFICATIONS] Available notification types:', [ 'ride_status_changed',
10-18 04:47:13.231 15708 19060 I ReactNativeJS:   'ride_status_changed',
10-18 04:47:13.231 15708 19060 I ReactNativeJS:   'ride_status_changed',
10-18 04:47:13.231 15708 19060 I ReactNativeJS:   'ride_status_changed',
10-18 04:47:13.231 15708 19060 I ReactNativeJS:   'ride_status_changed',
10-18 04:47:13.231 15708 19060 I ReactNativeJS:   'ride_status_changed',
10-18 04:47:13.231 15708 19060 I ReactNativeJS:   'booking_completed',
10-18 04:47:13.231 15708 19060 I ReactNativeJS:   'ride_cancelled',
10-18 04:47:13.231 15708 19060 I ReactNativeJS:   'ride_status_changed',
10-18 04:47:13.231 15708 19060 I ReactNativeJS:   'ride_status_changed',
10-18 04:47:13.231 15708 19060 I ReactNativeJS:   'ride_status_changed',
10-18 04:47:13.231 15708 19060 I ReactNativeJS:   'ride_status_changed' ]
10-18 04:47:13.231 15708 19060 I ReactNativeJS: '❌ [NOTIFICATIONS] Trip completed notifications (all statuses):', []
10-18 04:47:13.231 15708 19060 I ReactNativeJS: '🎯 [TRIP_NOTIFICATION] Component mounted, notifications count:', 12
10-18 04:47:13.231 15708 19060 I ReactNativeJS: '🔍 [TRIP_NOTIFICATION] Component render - visible:', false, 'notification:', false
10-18 04:47:13.236 15708 19060 I ReactNativeJS: 🔍 [NOTIFICATIONS] ===== DATABASE QUERY RESULT =====
10-18 04:47:13.238 15708 19060 I ReactNativeJS: '🔍 [NOTIFICATIONS] Query result:', { hasError: false,
10-18 04:47:13.238 15708 19060 I ReactNativeJS:   errorMessage: undefined,
10-18 04:47:13.238 15708 19060 I ReactNativeJS:   errorCode: undefined,
10-18 04:47:13.238 15708 19060 I ReactNativeJS:   errorDetails: undefined,
10-18 04:47:13.238 15708 19060 I ReactNativeJS:   dataCount: 12,
10-18 04:47:13.238 15708 19060 I ReactNativeJS:   tripCompletedCount: 0,
10-18 04:47:13.238 15708 19060 I ReactNativeJS:   unreadTripCompletedCount: 0,
10-18 04:47:13.238 15708 19060 I ReactNativeJS:   allTypes: [ 'ride_status_changed', 'booking_completed', 'ride_cancelled' ],
10-18 04:47:13.238 15708 19060 I ReactNativeJS:   recentNotifications: 
10-18 04:47:13.238 15708 19060 I ReactNativeJS:    [ { id: '545c5e68-1353-4e95-b9e4-08f883b88a66',
10-18 04:47:13.238 15708 19060 I ReactNativeJS:        type: 'ride_status_changed',
10-18 04:47:13.238 15708 19060 I ReactNativeJS:        status: 'unread',
10-18 04:47:13.238 15708 19060 I ReactNativeJS:        title: 'Ride Status Updated',
10-18 04:47:13.238 15708 19060 I ReactNativeJS:        created_at: '2025-10-17T23:15:42.259673+00:00',
10-18 04:47:13.238 15708 19060 I ReactNativeJS:        age_seconds: 91 },
10-18 04:47:13.238 15708 19060 I ReactNativeJS:      { id: '9c6911c2-87ea-4956-8c97-3e822ef63307',
10-18 04:47:13.238 15708 19060 I ReactNativeJS:        type: 'ride_status_changed',
10-18 04:47:13.238 15708 19060 I ReactNativeJS:        status: 'unread',
10-18 04:47:13.238 15708 19060 I ReactNativeJS:        title: 'Ride Status Updated',
10-18 04:47:13.238 15708 19060 I ReactNativeJS:        created_at: '2025-10-17T23:15:32.28332+00:00',
10-18 04:47:13.238 15708 19060 I ReactNativeJS:        age_seconds: 101 },
10-18 04:47:13.238 15708 19060 I ReactNativeJS:      { id: '4e097013-42dd-4f82-b288-bf6aaf220fda',
10-18 04:47:13.238 15708 19060 I ReactNativeJS:        type: 'ride_status_changed',
10-18 04:47:13.238 15708 19060 I ReactNativeJS:        status: 'unread',
10-18 04:47:13.238 15708 19060 I ReactNativeJS:        title: 'Ride Status Updated',
10-18 04:47:13.238 15708 19060 I ReactNativeJS:        created_at: '2025-10-17T23:14:43.97886+00:00',
10-18 04:47:13.238 15708 19060 I ReactNativeJS:        age_seconds: 149 },
10-18 04:47:13.238 15708 19060 I ReactNativeJS:      { id: '2e43addf-b9f4-4627-83ec-77c15684569b',
10-18 04:47:13.238 15708 19060 I ReactNativeJS:        type: 'ride_status_changed',
10-18 04:47:13.238 15708 19060 I ReactNativeJS:        status: 'unread',
10-18 04:47:13.238 15708 19060 I ReactNativeJS:        title: 'Ride Status Updated',
10-18 04:47:13.238 15708 19060 I ReactNativeJS:        created_at: '2025-10-17T23:14:25.571174+00:00',
10-18 04:47:13.238 15708 19060 I ReactNativeJS:        age_seconds: 168 },
10-18 04:47:13.238 15708 19060 I ReactNativeJS:      { id: '4c443433-9f76-4ff7-8a7a-09b0c1a8250e',
10-18 04:47:13.238 15708 19060 I ReactNativeJS:        type: 'ride_status_changed',
10-18 04:47:13.238 15708 19060 I ReactNativeJS:        status: 'unread',
10-18 04:47:13.238 15708 19060 I ReactNativeJS:        title: 'Ride Status Updated',
10-18 04:47:13.238 15708 19060 I ReactNativeJS:        created_at: '2025-10-17T23:13:41.392807+00:00',
10-18 04:47:13.238 15708 19060 I ReactNativeJS:        age_seconds: 212 } ] }
10-18 04:47:13.238 15708 19060 I ReactNativeJS: ✅ [NOTIFICATIONS] ===== SETTING NOTIFICATIONS IN STATE =====
10-18 04:47:13.238 15708 19060 I ReactNativeJS: '✅ [NOTIFICATIONS] Notifications to set:', { total: 12,
10-18 04:47:13.238 15708 19060 I ReactNativeJS:   tripCompleted: 0,
10-18 04:47:13.238 15708 19060 I ReactNativeJS:   unreadTripCompleted: 0,
10-18 04:47:13.238 15708 19060 I ReactNativeJS:   allNotificationIds: 
10-18 04:47:13.238 15708 19060 I ReactNativeJS:    [ '545c5e68-1353-4e95-b9e4-08f883b88a66',
10-18 04:47:13.238 15708 19060 I ReactNativeJS:      '9c6911c2-87ea-4956-8c97-3e822ef63307',
10-18 04:47:13.238 15708 19060 I ReactNativeJS:      '4e097013-42dd-4f82-b288-bf6aaf220fda',
10-18 04:47:13.238 15708 19060 I ReactNativeJS:      '2e43addf-b9f4-4627-83ec-77c15684569b',
10-18 04:47:13.238 15708 19060 I ReactNativeJS:      '4c443433-9f76-4ff7-8a7a-09b0c1a8250e',
10-18 04:47:13.238 15708 19060 I ReactNativeJS:      'e424c186-10d1-4a49-93be-be7dfa9edb7e',
10-18 04:47:13.238 15708 19060 I ReactNativeJS:      'c101ac4b-a09b-42b2-9ba8-aeecf8d1e085',
10-18 04:47:13.238 15708 19060 I ReactNativeJS:      '3b7c6b23-a18d-4ba7-be7e-9eb312125937',
10-18 04:47:13.238 15708 19060 I ReactNativeJS:      'ea6218b2-280d-457c-b056-7a321067ab73',
10-18 04:47:13.238 15708 19060 I ReactNativeJS:      'b65bfbea-d7a8-4219-8131-e12d12f00fe0',
10-18 04:47:13.238 15708 19060 I ReactNativeJS:      'f5f74a9c-3334-4a54-b3a9-d6b0efc5f9f1',
10-18 04:47:13.238 15708 19060 I ReactNativeJS:      '95e45585-7c89-456b-a5c7-4d840ee0707e' ],
10-18 04:47:13.238 15708 19060 I ReactNativeJS:   tripCompletedNotificationIds: [],
10-18 04:47:13.238 15708 19060 I ReactNativeJS:   unreadTripCompletedNotificationIds: [] }
10-18 04:47:13.241 15708 19060 I ReactNativeJS: ✅ [NOTIFICATIONS] ===== CHECKING FOR IMMEDIATE TRIP COMPLETION =====
10-18 04:47:13.241 15708 19060 I ReactNativeJS: ❌ [NOTIFICATIONS] No immediate trip completion notifications found
10-18 04:47:13.241 15708 19060 I ReactNativeJS: '❌ [NOTIFICATIONS] Available notification types:', [ 'ride_status_changed',
10-18 04:47:13.241 15708 19060 I ReactNativeJS:   'ride_status_changed',
10-18 04:47:13.241 15708 19060 I ReactNativeJS:   'ride_status_changed',
10-18 04:47:13.241 15708 19060 I ReactNativeJS:   'ride_status_changed',
10-18 04:47:13.241 15708 19060 I ReactNativeJS:   'ride_status_changed',
10-18 04:47:13.241 15708 19060 I ReactNativeJS:   'ride_status_changed',
10-18 04:47:13.241 15708 19060 I ReactNativeJS:   'booking_completed',
10-18 04:47:13.241 15708 19060 I ReactNativeJS:   'ride_cancelled',
10-18 04:47:13.241 15708 19060 I ReactNativeJS:   'ride_status_changed',
10-18 04:47:13.241 15708 19060 I ReactNativeJS:   'ride_status_changed',
10-18 04:47:13.241 15708 19060 I ReactNativeJS:   'ride_status_changed',
10-18 04:47:13.241 15708 19060 I ReactNativeJS:   'ride_status_changed' ]
10-18 04:47:13.241 15708 19060 I ReactNativeJS: '❌ [NOTIFICATIONS] Trip completed notifications (all statuses):', []
10-18 04:47:13.244 15708 19060 I ReactNativeJS: 🔔 [BANNER_DEBUG] ===== NOTIFICATION BANNER EFFECT =====
10-18 04:47:13.244 15708 19060 I ReactNativeJS: '🔔 [BANNER_DEBUG] Banner summary:', { totalNotifications: 12,
10-18 04:47:13.244 15708 19060 I ReactNativeJS:   currentlyVisible: false,
10-18 04:47:13.244 15708 19060 I ReactNativeJS:   currentNotification: undefined,
10-18 04:47:13.244 15708 19060 I ReactNativeJS:   shownNotificationsCount: 0,
10-18 04:47:13.244 15708 19060 I ReactNativeJS:   tripCompletedNotifications: 0,
10-18 04:47:13.244 15708 19060 I ReactNativeJS:   unreadTripCompleted: 0 }
10-18 04:47:13.244 15708 19060 I ReactNativeJS: 📱 [BANNER_DEBUG] ===== BANNER DISPLAY DECISION =====
10-18 04:47:13.250 15708 19060 I ReactNativeJS: 🔔 [BANNER_DEBUG] ===== NOTIFICATION BANNER EFFECT =====
10-18 04:47:13.250 15708 19060 I ReactNativeJS: '🔔 [BANNER_DEBUG] Banner summary:', { totalNotifications: 12,
10-18 04:47:13.250 15708 19060 I ReactNativeJS:   currentlyVisible: true,
10-18 04:47:13.250 15708 19060 I ReactNativeJS:   currentNotification: '545c5e68-1353-4e95-b9e4-08f883b88a66',
10-18 04:47:13.250 15708 19060 I ReactNativeJS:   shownNotificationsCount: 1,
10-18 04:47:13.250 15708 19060 I ReactNativeJS:   tripCompletedNotifications: 0,
10-18 04:47:13.250 15708 19060 I ReactNativeJS:   unreadTripCompleted: 0 }
10-18 04:47:13.250 15708 19060 I ReactNativeJS: 📱 [BANNER_DEBUG] ===== BANNER DISPLAY DECISION =====
10-18 04:47:13.269 15708 19060 I ReactNativeJS: 🔍 [NOTIFICATIONS] ===== DATABASE QUERY RESULT =====
10-18 04:47:13.269 15708 19060 I ReactNativeJS: '🔍 [NOTIFICATIONS] Query result:', { hasError: false,
10-18 04:47:13.269 15708 19060 I ReactNativeJS:   errorMessage: undefined,
10-18 04:47:13.269 15708 19060 I ReactNativeJS:   errorCode: undefined,
10-18 04:47:13.269 15708 19060 I ReactNativeJS:   errorDetails: undefined,
10-18 04:47:13.269 15708 19060 I ReactNativeJS:   dataCount: 12,
10-18 04:47:13.269 15708 19060 I ReactNativeJS:   tripCompletedCount: 0,
10-18 04:47:13.269 15708 19060 I ReactNativeJS:   unreadTripCompletedCount: 0,
10-18 04:47:13.269 15708 19060 I ReactNativeJS:   allTypes: [ 'ride_status_changed', 'booking_completed', 'ride_cancelled' ],
10-18 04:47:13.269 15708 19060 I ReactNativeJS:   recentNotifications: 
10-18 04:47:13.269 15708 19060 I ReactNativeJS:    [ { id: '545c5e68-1353-4e95-b9e4-08f883b88a66',
10-18 04:47:13.269 15708 19060 I ReactNativeJS:        type: 'ride_status_changed',
10-18 04:47:13.269 15708 19060 I ReactNativeJS:        status: 'unread',
10-18 04:47:13.269 15708 19060 I ReactNativeJS:        title: 'Ride Status Updated',
10-18 04:47:13.269 15708 19060 I ReactNativeJS:        created_at: '2025-10-17T23:15:42.259673+00:00',
10-18 04:47:13.269 15708 19060 I ReactNativeJS:        age_seconds: 91 },
10-18 04:47:13.269 15708 19060 I ReactNativeJS:      { id: '9c6911c2-87ea-4956-8c97-3e822ef63307',
10-18 04:47:13.269 15708 19060 I ReactNativeJS:        type: 'ride_status_changed',
10-18 04:47:13.269 15708 19060 I ReactNativeJS:        status: 'unread',
10-18 04:47:13.269 15708 19060 I ReactNativeJS:        title: 'Ride Status Updated',
10-18 04:47:13.269 15708 19060 I ReactNativeJS:        created_at: '2025-10-17T23:15:32.28332+00:00',
10-18 04:47:13.269 15708 19060 I ReactNativeJS:        age_seconds: 101 },
10-18 04:47:13.269 15708 19060 I ReactNativeJS:      { id: '4e097013-42dd-4f82-b288-bf6aaf220fda',
10-18 04:47:13.269 15708 19060 I ReactNativeJS:        type: 'ride_status_changed',
10-18 04:47:13.269 15708 19060 I ReactNativeJS:        status: 'unread',
10-18 04:47:13.269 15708 19060 I ReactNativeJS:        title: 'Ride Status Updated',
10-18 04:47:13.269 15708 19060 I ReactNativeJS:        created_at: '2025-10-17T23:14:43.97886+00:00',
10-18 04:47:13.269 15708 19060 I ReactNativeJS:        age_seconds: 149 },
10-18 04:47:13.269 15708 19060 I ReactNativeJS:      { id: '2e43addf-b9f4-4627-83ec-77c15684569b',
10-18 04:47:13.269 15708 19060 I ReactNativeJS:        type: 'ride_status_changed',
10-18 04:47:13.269 15708 19060 I ReactNativeJS:        status: 'unread',
10-18 04:47:13.269 15708 19060 I ReactNativeJS:        title: 'Ride Status Updated',
10-18 04:47:13.269 15708 19060 I ReactNativeJS:        created_at: '2025-10-17T23:14:25.571174+00:00',
10-18 04:47:13.269 15708 19060 I ReactNativeJS:        age_seconds: 168 },
10-18 04:47:13.269 15708 19060 I ReactNativeJS:      { id: '4c443433-9f76-4ff7-8a7a-09b0c1a8250e',
10-18 04:47:13.269 15708 19060 I ReactNativeJS:        type: 'ride_status_changed',
10-18 04:47:13.269 15708 19060 I ReactNativeJS:        status: 'unread',
10-18 04:47:13.269 15708 19060 I ReactNativeJS:        title: 'Ride Status Updated',
10-18 04:47:13.269 15708 19060 I ReactNativeJS:        created_at: '2025-10-17T23:13:41.392807+00:00',
10-18 04:47:13.269 15708 19060 I ReactNativeJS:        age_seconds: 212 } ] }
10-18 04:47:13.269 15708 19060 I ReactNativeJS: ✅ [NOTIFICATIONS] ===== SETTING NOTIFICATIONS IN STATE =====
10-18 04:47:13.270 15708 19060 I ReactNativeJS: '✅ [NOTIFICATIONS] Notifications to set:', { total: 12,
10-18 04:47:13.270 15708 19060 I ReactNativeJS:   tripCompleted: 0,
10-18 04:47:13.270 15708 19060 I ReactNativeJS:   unreadTripCompleted: 0,
10-18 04:47:13.270 15708 19060 I ReactNativeJS:   allNotificationIds: 
10-18 04:47:13.270 15708 19060 I ReactNativeJS:    [ '545c5e68-1353-4e95-b9e4-08f883b88a66',
10-18 04:47:13.270 15708 19060 I ReactNativeJS:      '9c6911c2-87ea-4956-8c97-3e822ef63307',
10-18 04:47:13.270 15708 19060 I ReactNativeJS:      '4e097013-42dd-4f82-b288-bf6aaf220fda',
10-18 04:47:13.270 15708 19060 I ReactNativeJS:      '2e43addf-b9f4-4627-83ec-77c15684569b',
10-18 04:47:13.270 15708 19060 I ReactNativeJS:      '4c443433-9f76-4ff7-8a7a-09b0c1a8250e',
10-18 04:47:13.270 15708 19060 I ReactNativeJS:      'e424c186-10d1-4a49-93be-be7dfa9edb7e',
10-18 04:47:13.270 15708 19060 I ReactNativeJS:      'c101ac4b-a09b-42b2-9ba8-aeecf8d1e085',
10-18 04:47:13.270 15708 19060 I ReactNativeJS:      '3b7c6b23-a18d-4ba7-be7e-9eb312125937',
10-18 04:47:13.270 15708 19060 I ReactNativeJS:      'ea6218b2-280d-457c-b056-7a321067ab73',
10-18 04:47:13.270 15708 19060 I ReactNativeJS:      'b65bfbea-d7a8-4219-8131-e12d12f00fe0',
10-18 04:47:13.270 15708 19060 I ReactNativeJS:      'f5f74a9c-3334-4a54-b3a9-d6b0efc5f9f1',
10-18 04:47:13.270 15708 19060 I ReactNativeJS:      '95e45585-7c89-456b-a5c7-4d840ee0707e' ],
10-18 04:47:13.270 15708 19060 I ReactNativeJS:   tripCompletedNotificationIds: [],
10-18 04:47:13.270 15708 19060 I ReactNativeJS:   unreadTripCompletedNotificationIds: [] }
10-18 04:47:13.271 15708 19060 I ReactNativeJS: ✅ [NOTIFICATIONS] ===== CHECKING FOR IMMEDIATE TRIP COMPLETION =====
10-18 04:47:13.271 15708 19060 I ReactNativeJS: ❌ [NOTIFICATIONS] No immediate trip completion notifications found
10-18 04:47:13.271 15708 19060 I ReactNativeJS: '❌ [NOTIFICATIONS] Available notification types:', [ 'ride_status_changed',
10-18 04:47:13.271 15708 19060 I ReactNativeJS:   'ride_status_changed',
10-18 04:47:13.271 15708 19060 I ReactNativeJS:   'ride_status_changed',
10-18 04:47:13.271 15708 19060 I ReactNativeJS:   'ride_status_changed',
10-18 04:47:13.271 15708 19060 I ReactNativeJS:   'ride_status_changed',
10-18 04:47:13.271 15708 19060 I ReactNativeJS:   'ride_status_changed',
10-18 04:47:13.271 15708 19060 I ReactNativeJS:   'booking_completed',
10-18 04:47:13.271 15708 19060 I ReactNativeJS:   'ride_cancelled',
10-18 04:47:13.271 15708 19060 I ReactNativeJS:   'ride_status_changed',
10-18 04:47:13.271 15708 19060 I ReactNativeJS:   'ride_status_changed',
10-18 04:47:13.271 15708 19060 I ReactNativeJS:   'ride_status_changed',
10-18 04:47:13.271 15708 19060 I ReactNativeJS:   'ride_status_changed' ]
10-18 04:47:13.271 15708 19060 I ReactNativeJS: '❌ [NOTIFICATIONS] Trip completed notifications (all statuses):', []
10-18 04:47:13.272 15708 19060 I ReactNativeJS: '✅ Loaded', 6, 'fare configs from fare_matrix table:', [ { vehicle_type: 'hatchback', base_fare: 140, per_km_rate: 20 },
10-18 04:47:13.272 15708 19060 I ReactNativeJS:   { vehicle_type: 'hatchback_ac', base_fare: 150, per_km_rate: 25 },
10-18 04:47:13.272 15708 19060 I ReactNativeJS:   { vehicle_type: 'sedan', base_fare: 150, per_km_rate: 20 },
10-18 04:47:13.272 15708 19060 I ReactNativeJS:   { vehicle_type: 'sedan_ac', base_fare: 160, per_km_rate: 25 },
10-18 04:47:13.272 15708 19060 I ReactNativeJS:   { vehicle_type: 'suv', base_fare: 400, per_km_rate: 30 },
10-18 04:47:13.272 15708 19060 I ReactNativeJS:   { vehicle_type: 'suv_ac', base_fare: 1500, per_km_rate: 35 } ]
10-18 04:47:13.474 15708 15708 D BufferQueueConsumer: [SurfaceTexture-0-15708-9](id:3d5c00000018,api:0,p:-1,c:15708) disconnect
10-18 04:47:13.474  1870  3343 D BatteryStatsService: noteVideoSurfaceChanged  noteWhich: 49,arg1: -1, arg2: -1, arg3: 15708, arg4: 2464, name: com.a1taxi.a1taxicustomer
10-18 04:47:13.492 26036 26172 I FusedLocation: (REDACTED) location delivery to %s blocked - too fast
10-18 04:47:13.493 26036 26172 I FusedLocation: (REDACTED) location delivery to %s blocked - too close
10-18 04:47:13.494 26036 26172 I FusedLocation: (REDACTED) location delivery to %s blocked - too close
10-18 04:47:13.496 26036 26172 I FusedLocation: (REDACTED) location delivery to %s blocked - too fast
10-18 04:47:13.496 26036 26172 I FusedLocation: (REDACTED) location delivery to %s blocked - too fast
10-18 04:47:13.498 26036 26172 I FusedLocation: (REDACTED) location delivery to %s blocked - too close
10-18 04:47:13.507 26036 29964 I SemanticLocation: [InfMgr] No location reports after filtering [CONTEXT service_id=173 ]
10-18 04:47:13.971 15708 19060 I ReactNativeJS: '✅ Proxy response received:', 'OK'
10-18 04:47:13.972 15708 19060 I ReactNativeJS: '✅ Geocoded address:', 'PRXJ+F32, Brindavan Nagar, Plot 87, NGGO\'s Colony, Anand Nagar, Hosur, Tamil Nadu 635109, India'
10-18 04:47:13.972 15708 19060 I ReactNativeJS: '✅ Geocoded address:', 'PRXJ+F32, Brindavan Nagar, Plot 87, NGGO\'s Colony, Anand Nagar, Hosur, Tamil Nadu 635109, India'
10-18 04:47:13.972 15708 19060 I ReactNativeJS: '🏠 Enhanced Location Service: Got address:', 'PRXJ+F32, Brindavan Nagar, Plot 87, NGGO\'s Colony, Anand Nagar, Hosur, Tamil Nadu 635109, India'
10-18 04:47:13.972 15708 19060 I ReactNativeJS: '✅ [HOME] Location obtained:', { lat: 12.7486533,
10-18 04:47:13.972 15708 19060 I ReactNativeJS:   lng: 77.8300267,
10-18 04:47:13.972 15708 19060 I ReactNativeJS:   address: 'PRXJ+F32, Brindavan Nagar, Plot 87, NGGO\'s Colony, Anand Nagar, Hosur, Tamil Nadu 635109, India' }
10-18 04:47:13.976 15708 19060 I ReactNativeJS: 🚗 [HOME] ===== STARTING IMMEDIATE DRIVER DISPLAY =====
10-18 04:47:13.976 15708 19060 I ReactNativeJS: 🚗 [HOME] Current location available, showing drivers immediately
10-18 04:47:13.976 15708 19060 I ReactNativeJS: '🚗 [HOME] Location details:', { latitude: 12.7486533,
10-18 04:47:13.976 15708 19060 I ReactNativeJS:   longitude: 77.8300267,
10-18 04:47:13.976 15708 19060 I ReactNativeJS:   accuracy: 26.757999420166016 }
10-18 04:47:13.976 15708 19060 I ReactNativeJS: 🚗 [HOME] Showing ALL vehicle types (no filter applied)
10-18 04:47:13.976 15708 19060 I ReactNativeJS: '🚗 [HOME] Should show drivers on map:', true
10-18 04:47:13.977 15708 19060 I ReactNativeJS: '🔄 [HOME] Starting driver location polling with:', { currentLocation: { latitude: 12.7486533, longitude: 77.8300267 },
10-18 04:47:13.977 15708 19060 I ReactNativeJS:   vehicleType: 'sedan',
10-18 04:47:13.977 15708 19060 I ReactNativeJS:   radius: 10 }
10-18 04:47:13.977 15708 19060 I ReactNativeJS: 🛑 [HOME] Stopping driver location polling
10-18 04:47:13.977 15708 19060 I ReactNativeJS: '🔄 [DRIVER-SERVICE] Starting driver location polling every', 10, 'seconds'
10-18 04:47:13.978 15708 19060 I ReactNativeJS: '🔄 [DRIVER-SERVICE] Polling parameters:', { customerLocation: { lat: 12.7486533, lng: 77.8300267 },
10-18 04:47:13.978 15708 19060 I ReactNativeJS:   vehicleType: 'all',
10-18 04:47:13.978 15708 19060 I ReactNativeJS:   interval: '10000ms' }
10-18 04:47:13.978 15708 19060 I ReactNativeJS: '🗺️ [DRIVER-SERVICE] Fetching available drivers via edge function:', { location: { lat: 12.7486533, lng: 77.8300267 },
10-18 04:47:13.978 15708 19060 I ReactNativeJS:   radius: '10km',
10-18 04:47:13.978 15708 19060 I ReactNativeJS:   vehicleType: 'all',
10-18 04:47:13.978 15708 19060 I ReactNativeJS:   timestamp: '2025-10-17T23:17:13.978Z' }
10-18 04:47:13.979 15708 19060 I ReactNativeJS: '🌐 [DRIVER-SERVICE] Constructed Edge Function URL:', 'https://whubaypabojomdyfqxcf.supabase.co/functions/v1/get-drivers-with-locations?lat=12.7486533&lng=77.8300267&radius=10'
10-18 04:47:13.983 15708 19060 I ReactNativeJS: 🚗 [HOME] ===== SHOWING DRIVERS AGAIN =====
10-18 04:47:13.983 15708 19060 I ReactNativeJS: 🚗 [HOME] Not both locations selected, showing drivers on map
10-18 04:47:13.983 15708 19060 I ReactNativeJS: '🚗 [HOME] Pickup coords:', true, 'Destination coords:', false
10-18 04:47:13.983 15708 19060 I ReactNativeJS: '🔄 [HOME] Starting driver location polling with:', { currentLocation: { latitude: 12.7486533, longitude: 77.8300267 },
10-18 04:47:13.983 15708 19060 I ReactNativeJS:   vehicleType: 'sedan',
10-18 04:47:13.983 15708 19060 I ReactNativeJS:   radius: 10 }
10-18 04:47:13.983 15708 19060 I ReactNativeJS: 🛑 [HOME] Stopping driver location polling
10-18 04:47:13.984 15708 19060 I ReactNativeJS: 🛑 [DRIVER-SERVICE] Stopped driver location polling
10-18 04:47:13.984 15708 19060 I ReactNativeJS: '🔄 [DRIVER-SERVICE] Starting driver location polling every', 10, 'seconds'
10-18 04:47:13.984 15708 19060 I ReactNativeJS: '🔄 [DRIVER-SERVICE] Polling parameters:', { customerLocation: { lat: 12.7486533, lng: 77.8300267 },
10-18 04:47:13.984 15708 19060 I ReactNativeJS:   vehicleType: 'all',
10-18 04:47:13.984 15708 19060 I ReactNativeJS:   interval: '10000ms' }
10-18 04:47:13.984 15708 19060 I ReactNativeJS: '🗺️ [DRIVER-SERVICE] Fetching available drivers via edge function:', { location: { lat: 12.7486533, lng: 77.8300267 },
10-18 04:47:13.984 15708 19060 I ReactNativeJS:   radius: '10km',
10-18 04:47:13.984 15708 19060 I ReactNativeJS:   vehicleType: 'all',
10-18 04:47:13.984 15708 19060 I ReactNativeJS:   timestamp: '2025-10-17T23:17:13.984Z' }
10-18 04:47:13.985 15708 19060 I ReactNativeJS: '🌐 [DRIVER-SERVICE] Constructed Edge Function URL:', 'https://whubaypabojomdyfqxcf.supabase.co/functions/v1/get-drivers-with-locations?lat=12.7486533&lng=77.8300267&radius=10'
10-18 04:47:13.986 15708 19060 I ReactNativeJS: ✅ [HOME] Location state updated successfully
10-18 04:47:14.002 15708 19060 I ReactNativeJS: 📍 [HOME] Location loading state set to false
10-18 04:47:14.003 15708 19060 I ReactNativeJS: '🗺️ [MAP] Props updated:', { showRoute: true,
10-18 04:47:14.003 15708 19060 I ReactNativeJS:   showDriverToPickupRoute: false,
10-18 04:47:14.003 15708 19060 I ReactNativeJS:   hasDriverLocation: false,
10-18 04:47:14.003 15708 19060 I ReactNativeJS:   hasPickupCoords: true,
10-18 04:47:14.003 15708 19060 I ReactNativeJS:   hasDestinationCoords: false,
10-18 04:47:14.003 15708 19060 I ReactNativeJS:   driverLocation: null,
10-18 04:47:14.003 15708 19060 I ReactNativeJS:   pickupCoords: { lat: 12.7486533, lng: 77.8300267 },
10-18 04:47:14.003 15708 19060 I ReactNativeJS:   destinationCoords: null }
10-18 04:47:14.003 15708 19060 I ReactNativeJS: 📍 Enhanced Location Service: Starting location detection...
10-18 04:47:14.003 15708 19060 I ReactNativeJS: '🌍 Platform:', 'android'
10-18 04:47:14.023 15708 19060 I ReactNativeJS: ✅ Enhanced Location Service: Permission granted, attempting detection...
10-18 04:47:14.023 15708 19060 I ReactNativeJS: 🎯 Enhanced Location Service: Attempting high accuracy GPS...
10-18 04:47:14.023 15708 19060 I ReactNativeJS: 📱 Using Expo Location for high accuracy...
10-18 04:47:14.042 15708 15708 D MapsInitializer: preferredRenderer: null
10-18 04:47:14.042 15708 15708 D zzcc    : preferredRenderer: null
10-18 04:47:14.043 15708 15708 I Google Android Maps SDK: Google Play services package version: 253931035
10-18 04:47:14.043 15708 15708 I Google Android Maps SDK: Google Play services maps renderer version(maps_core): 253425402
10-18 04:47:14.047 26036 29898 I PhenotypeResourceReader: unable to find any Phenotype resource metadata for com.a1taxi.a1taxicustomer
10-18 04:47:14.047 15708 15708 W ProxyAndroidLoggerBackend: Too many Flogger logs received before configuration. Dropping old logs.
10-18 04:47:14.048 15708 15708 W ProxyAndroidLoggerBackend: Too many Flogger logs received before configuration. Dropping old logs.
10-18 04:47:14.048 15708 15708 W ProxyAndroidLoggerBackend: Too many Flogger logs received before configuration. Dropping old logs.
10-18 04:47:14.048 15708 15708 W ProxyAndroidLoggerBackend: Too many Flogger logs received before configuration. Dropping old logs.
10-18 04:47:14.049 15708 15708 W ProxyAndroidLoggerBackend: Too many Flogger logs received before configuration. Dropping old logs.
10-18 04:47:14.049 15708 30369 W ProxyAndroidLoggerBackend: Too many Flogger logs received before configuration. Dropping old logs.
10-18 04:47:14.049 15708 30369 W ProxyAndroidLoggerBackend: Too many Flogger logs received before configuration. Dropping old logs.
10-18 04:47:14.049 26036 29978 I FusedOrientationManager: Registering orientation client. [CONTEXT service_id=6 ]
10-18 04:47:14.050 15708 15708 W ProxyAndroidLoggerBackend: Too many Flogger logs received before configuration. Dropping old logs.
10-18 04:47:14.050 15708 15708 W ProxyAndroidLoggerBackend: Too many Flogger logs received before configuration. Dropping old logs.
10-18 04:47:14.054 15708 30369 W ProxyAndroidLoggerBackend: Too many Flogger logs received before configuration. Dropping old logs.
10-18 04:47:14.054 15708 30369 W ProxyAndroidLoggerBackend: Too many Flogger logs received before configuration. Dropping old logs.
10-18 04:47:14.056 15708 30369 W ProxyAndroidLoggerBackend: Too many Flogger logs received before configuration. Dropping old logs.
10-18 04:47:14.056 15708 30369 W ProxyAndroidLoggerBackend: Too many Flogger logs received before configuration. Dropping old logs.
10-18 04:47:14.059 15708 30368 W ProxyAndroidLoggerBackend: Too many Flogger logs received before configuration. Dropping old logs.
10-18 04:47:14.059 15708 30368 W ProxyAndroidLoggerBackend: Too many Flogger logs received before configuration. Dropping old logs.
10-18 04:47:14.061 15708 15708 D BufferQueueConsumer: [](id:3d5c00000019,api:0,p:-1,c:15708) connect: controlledByApp=true
10-18 04:47:14.061 26036 29978 I FusedOrientationManager: Registering orientation client. [CONTEXT service_id=6 ]
10-18 04:47:14.066 15708 30368 W ProxyAndroidLoggerBackend: Too many Flogger logs received before configuration. Dropping old logs.
10-18 04:47:14.066 15708 30368 W ProxyAndroidLoggerBackend: Too many Flogger logs received before configuration. Dropping old logs.
10-18 04:47:14.070 15708 30368 W ProxyAndroidLoggerBackend: Too many Flogger logs received before configuration. Dropping old logs.
10-18 04:47:14.070 15708 30368 W ProxyAndroidLoggerBackend: Too many Flogger logs received before configuration. Dropping old logs.
10-18 04:47:14.071 15708 19060 I ReactNativeJS: '✅ Enhanced Location Service: High accuracy location obtained:', { lat: 12.7486533,
10-18 04:47:14.071 15708 19060 I ReactNativeJS:   lng: 77.8300267,
10-18 04:47:14.071 15708 19060 I ReactNativeJS:   accuracy: '18.57200050354004m' }
10-18 04:47:14.073 15708 30367 W ProxyAndroidLoggerBackend: Too many Flogger logs received before configuration. Dropping old logs.
10-18 04:47:14.073 15708 30367 W ProxyAndroidLoggerBackend: Too many Flogger logs received before configuration. Dropping old logs.
10-18 04:47:14.074 15708 30367 W ProxyAndroidLoggerBackend: Too many Flogger logs received before configuration. Dropping old logs.
10-18 04:47:14.074 15708 30367 W ProxyAndroidLoggerBackend: Too many Flogger logs received before configuration. Dropping old logs.
10-18 04:47:14.077 15708 30367 W ProxyAndroidLoggerBackend: Too many Flogger logs received before configuration. Dropping old logs.
10-18 04:47:14.078 15708 30367 W ProxyAndroidLoggerBackend: Too many Flogger logs received before configuration. Dropping old logs.
10-18 04:47:14.080 15708 30367 W ProxyAndroidLoggerBackend: Too many Flogger logs received before configuration. Dropping old logs.
10-18 04:47:14.080 15708 30367 W ProxyAndroidLoggerBackend: Too many Flogger logs received before configuration. Dropping old logs.
10-18 04:47:14.080 15708 30367 W ProxyAndroidLoggerBackend: Too many Flogger logs received before configuration. Dropping old logs.
10-18 04:47:14.080 15708 30367 W ProxyAndroidLoggerBackend: Too many Flogger logs received before configuration. Dropping old logs.
10-18 04:47:14.082 15708 30369 W ProxyAndroidLoggerBackend: Too many Flogger logs received before configuration. Dropping old logs.
10-18 04:47:14.083 15708 30369 W ProxyAndroidLoggerBackend: Too many Flogger logs received before configuration. Dropping old logs.
10-18 04:47:14.083 15708 30369 W ProxyAndroidLoggerBackend: Too many Flogger logs received before configuration. Dropping old logs.
10-18 04:47:14.083 15708 30369 W ProxyAndroidLoggerBackend: Too many Flogger logs received before configuration. Dropping old logs.
10-18 04:47:14.084 15708 30369 W ProxyAndroidLoggerBackend: Too many Flogger logs received before configuration. Dropping old logs.
10-18 04:47:14.084 15708 30369 W ProxyAndroidLoggerBackend: Too many Flogger logs received before configuration. Dropping old logs.
10-18 04:47:14.086 15708 30368 W ProxyAndroidLoggerBackend: Too many Flogger logs received before configuration. Dropping old logs.
10-18 04:47:14.087 15708 30368 W ProxyAndroidLoggerBackend: Too many Flogger logs received before configuration. Dropping old logs.
10-18 04:47:14.090 15708 30368 W ProxyAndroidLoggerBackend: Too many Flogger logs received before configuration. Dropping old logs.
10-18 04:47:14.090 15708 30368 W ProxyAndroidLoggerBackend: Too many Flogger logs received before configuration. Dropping old logs.
10-18 04:47:14.093 15708 30368 W ProxyAndroidLoggerBackend: Too many Flogger logs received before configuration. Dropping old logs.
10-18 04:47:14.093 15708 30368 W ProxyAndroidLoggerBackend: Too many Flogger logs received before configuration. Dropping old logs.
10-18 04:47:14.094 15708 30368 W ProxyAndroidLoggerBackend: Too many Flogger logs received before configuration. Dropping old logs.
10-18 04:47:14.094  1870  2610 D BatteryStatsService: noteVideoSurfaceChanged  noteWhich: 49,arg1: 1080, arg2: 2056, arg3: 15708, arg4: 2649, name: com.a1taxi.a1taxicustomer
10-18 04:47:14.095 15708 30368 W ProxyAndroidLoggerBackend: Too many Flogger logs received before configuration. Dropping old logs.
10-18 04:47:14.098 15708 30369 W ProxyAndroidLoggerBackend: Too many Flogger logs received before configuration. Dropping old logs.
10-18 04:47:14.098 15708 30369 W ProxyAndroidLoggerBackend: Too many Flogger logs received before configuration. Dropping old logs.
10-18 04:47:14.101 15708 30367 W ProxyAndroidLoggerBackend: Too many Flogger logs received before configuration. Dropping old logs.
10-18 04:47:14.101 15708 30367 W ProxyAndroidLoggerBackend: Too many Flogger logs received before configuration. Dropping old logs.
10-18 04:47:14.131 15708 30367 W ProxyAndroidLoggerBackend: Too many Flogger logs received before configuration. Dropping old logs.
10-18 04:47:14.131 15708 30367 W ProxyAndroidLoggerBackend: Too many Flogger logs received before configuration. Dropping old logs.
10-18 04:47:14.138 15708 30417 W ProxyAndroidLoggerBackend: Too many Flogger logs received before configuration. Dropping old logs.
10-18 04:47:14.468 15708 19060 I ReactNativeJS: '📡 [REALTIME] Ride subscription status for e5863667-c95a-40ff-9572-d05a921bea53:', 'SUBSCRIBED'
10-18 04:47:14.470 15708 30419 W ProxyAndroidLoggerBackend: Too many Flogger logs received before configuration. Dropping old logs.
10-18 04:47:14.471 15708 30419 W ProxyAndroidLoggerBackend: Too many Flogger logs received before configuration. Dropping old logs.
10-18 04:47:14.471 15708 30419 W ProxyAndroidLoggerBackend: Too many Flogger logs received before configuration. Dropping old logs.
10-18 04:47:14.471 15708 30419 W ProxyAndroidLoggerBackend: Too many Flogger logs received before configuration. Dropping old logs.
10-18 04:47:14.472 15708 30419 W ProxyAndroidLoggerBackend: Too many Flogger logs received before configuration. Dropping old logs.
10-18 04:47:14.472 15708 30419 W ProxyAndroidLoggerBackend: Too many Flogger logs received before configuration. Dropping old logs.
10-18 04:47:14.472 15708 30419 W ProxyAndroidLoggerBackend: Too many Flogger logs received before configuration. Dropping old logs.
10-18 04:47:14.473 15708 30419 W ProxyAndroidLoggerBackend: Too many Flogger logs received before configuration. Dropping old logs.
10-18 04:47:14.473 15708 30419 W ProxyAndroidLoggerBackend: Too many Flogger logs received before configuration. Dropping old logs.
10-18 04:47:14.473 15708 19060 I ReactNativeJS: '📡 [REALTIME] Ride subscription status for 97334bab-4520-4c46-8c5e-568c16476c7e:', 'SUBSCRIBED'
10-18 04:47:14.473 15708 30419 W ProxyAndroidLoggerBackend: Too many Flogger logs received before configuration. Dropping old logs.
10-18 04:47:14.473 15708 30419 W ProxyAndroidLoggerBackend: Too many Flogger logs received before configuration. Dropping old logs.
10-18 04:47:14.473 15708 30419 W ProxyAndroidLoggerBackend: Too many Flogger logs received before configuration. Dropping old logs.
10-18 04:47:14.473 15708 30419 W ProxyAndroidLoggerBackend: Too many Flogger logs received before configuration. Dropping old logs.
10-18 04:47:14.474 15708 30419 W ProxyAndroidLoggerBackend: Too many Flogger logs received before configuration. Dropping old logs.
10-18 04:47:14.474 15708 30419 W ProxyAndroidLoggerBackend: Too many Flogger logs received before configuration. Dropping old logs.
10-18 04:47:14.474 15708 30419 W ProxyAndroidLoggerBackend: Too many Flogger logs received before configuration. Dropping old logs.
10-18 04:47:14.474 15708 30419 W ProxyAndroidLoggerBackend: Too many Flogger logs received before configuration. Dropping old logs.
10-18 04:47:14.474 15708 30419 W ProxyAndroidLoggerBackend: Too many Flogger logs received before configuration. Dropping old logs.
10-18 04:47:14.474 15708 30419 W ProxyAndroidLoggerBackend: Too many Flogger logs received before configuration. Dropping old logs.
10-18 04:47:14.474 15708 30419 W ProxyAndroidLoggerBackend: Too many Flogger logs received before configuration. Dropping old logs.
10-18 04:47:14.496 26036 26172 I FusedLocation: (REDACTED) location delivery to %s blocked - too fast
10-18 04:47:14.497 26036 26172 I FusedLocation: (REDACTED) location delivery to %s blocked - too fast
10-18 04:47:14.500 26036 26172 I FusedLocation: (REDACTED) location delivery to %s blocked - too close
10-18 04:47:14.500 26036 26172 I FusedLocation: (REDACTED) location delivery to %s blocked - too close
10-18 04:47:14.502 26036 26172 I FusedLocation: (REDACTED) location delivery to %s blocked - too fast
10-18 04:47:14.503 26036 26172 I FusedLocation: (REDACTED) location delivery to %s blocked - too close
10-18 04:47:14.567 15708 19060 I ReactNativeJS: 🔔 [BANNER_DEBUG] ===== NOTIFICATION BANNER EFFECT =====
10-18 04:47:14.567 15708 19060 I ReactNativeJS: '🔔 [BANNER_DEBUG] Banner summary:', { totalNotifications: 12,
10-18 04:47:14.567 15708 19060 I ReactNativeJS:   currentlyVisible: true,
10-18 04:47:14.567 15708 19060 I ReactNativeJS:   currentNotification: '545c5e68-1353-4e95-b9e4-08f883b88a66',
10-18 04:47:14.567 15708 19060 I ReactNativeJS:   shownNotificationsCount: 1,
10-18 04:47:14.567 15708 19060 I ReactNativeJS:   tripCompletedNotifications: 0,
10-18 04:47:14.567 15708 19060 I ReactNativeJS:   unreadTripCompleted: 0 }
10-18 04:47:14.567 15708 19060 I ReactNativeJS: 📱 [BANNER_DEBUG] ===== BANNER DISPLAY DECISION =====
10-18 04:47:14.570 15708 19060 I ReactNativeJS: 🔔 [BANNER_DEBUG] ===== NOTIFICATION BANNER EFFECT =====
10-18 04:47:14.571 15708 19060 I ReactNativeJS: '🔔 [BANNER_DEBUG] Banner summary:', { totalNotifications: 12,
10-18 04:47:14.571 15708 19060 I ReactNativeJS:   currentlyVisible: false,
10-18 04:47:14.571 15708 19060 I ReactNativeJS:   currentNotification: undefined,
10-18 04:47:14.571 15708 19060 I ReactNativeJS:   shownNotificationsCount: 1,
10-18 04:47:14.571 15708 19060 I ReactNativeJS:   tripCompletedNotifications: 0,
10-18 04:47:14.571 15708 19060 I ReactNativeJS:   unreadTripCompleted: 0 }
10-18 04:47:14.571 15708 19060 I ReactNativeJS: 📱 [BANNER_DEBUG] ===== BANNER DISPLAY DECISION =====
10-18 04:47:14.578 15708 19060 I ReactNativeJS: 🔔 [BANNER_DEBUG] ===== NOTIFICATION BANNER EFFECT =====
10-18 04:47:14.578 15708 19060 I ReactNativeJS: '🔔 [BANNER_DEBUG] Banner summary:', { totalNotifications: 12,
10-18 04:47:14.578 15708 19060 I ReactNativeJS:   currentlyVisible: true,
10-18 04:47:14.578 15708 19060 I ReactNativeJS:   currentNotification: '9c6911c2-87ea-4956-8c97-3e822ef63307',
10-18 04:47:14.578 15708 19060 I ReactNativeJS:   shownNotificationsCount: 2,
10-18 04:47:14.578 15708 19060 I ReactNativeJS:   tripCompletedNotifications: 0,
10-18 04:47:14.578 15708 19060 I ReactNativeJS:   unreadTripCompleted: 0 }
10-18 04:47:14.579 15708 19060 I ReactNativeJS: 📱 [BANNER_DEBUG] ===== BANNER DISPLAY DECISION =====
10-18 04:47:14.722 15708 19060 I ReactNativeJS: '🔄 [DRIVER-SERVICE] Initial fetch completed:', 0, 'drivers'
10-18 04:47:14.722 15708 19060 I ReactNativeJS: '📍 [HOME] Received driver locations update:', 0, 'drivers'
10-18 04:47:14.741 15708 19060 I ReactNativeJS: 📊 [HOME] ===== AVAILABLE DRIVERS STATE CHANGED =====
10-18 04:47:14.742 15708 19060 I ReactNativeJS: '📊 [HOME] availableDrivers state update:', { count: 0,
10-18 04:47:14.742 15708 19060 I ReactNativeJS:   showDriversOnMap: true,
10-18 04:47:14.742 15708 19060 I ReactNativeJS:   driversPassedToMap: 0,
10-18 04:47:14.742 15708 19060 I ReactNativeJS:   drivers: [] }
10-18 04:47:14.742 15708 19060 I ReactNativeJS: 🗺️ [HOME] No drivers to pass to map (availableDrivers is empty)
10-18 04:47:14.836 15708 19060 I ReactNativeJS: '🔄 [DRIVER-SERVICE] Initial fetch completed:', 0, 'drivers'
10-18 04:47:14.836 15708 19060 I ReactNativeJS: '📍 [HOME] Received driver locations update:', 0, 'drivers'
10-18 04:47:14.844 15708 19060 I ReactNativeJS: 📊 [HOME] ===== AVAILABLE DRIVERS STATE CHANGED =====
10-18 04:47:14.844 15708 19060 I ReactNativeJS: '📊 [HOME] availableDrivers state update:', { count: 0,
10-18 04:47:14.844 15708 19060 I ReactNativeJS:   showDriversOnMap: true,
10-18 04:47:14.844 15708 19060 I ReactNativeJS:   driversPassedToMap: 0,
10-18 04:47:14.844 15708 19060 I ReactNativeJS:   drivers: [] }
10-18 04:47:14.844 15708 19060 I ReactNativeJS: 🗺️ [HOME] No drivers to pass to map (availableDrivers is empty)
10-18 04:47:15.173 15708 19061 W unknown:ReactNative: Attempt to set local data for view with unknown tag: -1
10-18 04:47:15.173 15708 19061 W unknown:ReactNative: Attempt to set local data for view with unknown tag: -1
10-18 04:47:15.173 15708 19061 W unknown:ReactNative: Attempt to set local data for view with unknown tag: -1
10-18 04:47:15.175 15708 19060 I ReactNativeJS: '📚 Loaded', 1, 'recent searches'
10-18 04:47:15.224 15708 15708 D AutofillManager: view not autofillable - not passing ime action check
10-18 04:47:15.224 15708 15708 D AutofillManager: view not autofillable - not passing ime action check
10-18 04:47:15.224 15708 15708 D AutofillManager: view not autofillable - not passing ime action check
10-18 04:47:15.245 15708 15708 D ViewRootImpl: AppSizeAfterRelayout, size: Point(1080, 2392), rotation: ROTATION_0
10-18 04:47:15.246 15708 15708 D BufferQueueConsumer: [](id:3d5c0000001a,api:0,p:-1,c:15708) connect: controlledByApp=false
10-18 04:47:15.247 15708 15708 D BLASTBufferQueue: [VRI[MainActivity]#15](f:0,a:0) constructor()
10-18 04:47:15.247 15708 15708 D BLASTBufferQueue: [VRI[MainActivity]#15](f:0,a:0) update width=1080 height=2392 format=-2 mTransformHint=0
10-18 04:47:15.265 15708 19040 D BLASTBufferQueue: [VRI[MainActivity]#15](f:0,a:1) acquireNextBufferLocked size=1080x2392 mFrameNumber=1 applyTransaction=true mTimestamp=576714487731450(auto) mPendingTransactions.size=0 graphicBufferId=67465346285707 transform=0
10-18 04:47:15.314 15708 15708 V ImeFocusController: onWindowFocus: com.facebook.react.views.textinput.ReactEditText{ed8c4c6 VFED..CL. .F...... 135,36-923,169 #19c7 aid=1073742361} softInputMode=STATE_UNSPECIFIED|ADJUST_RESIZE
10-18 04:47:15.323  5589  5589 I GoogleInputMethodService: GoogleInputMethodService.onFinishInput():2085 
10-18 04:47:15.324  5589  5589 I Module  : DeviceLockedStatusModuleProvider$Module.updateDeviceLockedStatus():100 repeatCheckTimes = 0, locked = false
10-18 04:47:15.325  5589  5589 I GoogleInputMethodService: GoogleInputMethodService.onStartInput():1346 onStartInput(EditorInfo{EditorInfo{packageName=com.a1taxi.a1taxicustomer, inputType=4001, inputTypeString=Normal[CapSentences], enableLearning=true, autoCorrection=true, autoComplete=true, imeOptions=3, privateImeOptions=null, actionName=SEARCH, actionLabel=null, initialSelStart=0, initialSelEnd=0, initialCapsMode=2000, label=null, fieldId=6599, fieldName=null, extras=Bundle[mParcelledData.dataSize=404], hintText=non-empty, hintLocales=[]}}, false)
10-18 04:47:15.332  5589  5589 I Module  : DeviceLockedStatusModuleProvider$Module.updateDeviceLockedStatus():100 repeatCheckTimes = 1, locked = false
10-18 04:47:15.667 26036 26104 W Settings: Setting airplane_mode_on has moved from android.provider.Settings.System to android.provider.Settings.Global, returning read-only value.
10-18 04:47:15.672 26036 29964 W SystemServiceRegistry: No service published for: wifirtt
10-18 04:47:16.068 26036 26081 I WifiScanner: onFullResults
10-18 04:47:16.068 26036 26052 I WifiScanner: onFullResults
10-18 04:47:16.069 26036 26081 I WifiScanner: onFullResults
10-18 04:47:16.075 26036 29833 I FrewleTileCacheManagerV: (REDACTED) Fetched %d AP models from cache
10-18 04:47:16.092 26036 26172 I FusedLocation: (REDACTED) location delivery to %s blocked - too fast
10-18 04:47:16.092 26036 26172 I FusedLocation: (REDACTED) location delivery to %s blocked - too fast
10-18 04:47:16.093 26036 26172 I FusedLocation: (REDACTED) location delivery to %s blocked - too close
10-18 04:47:16.093 26036 26172 I FusedLocation: (REDACTED) location delivery to %s blocked - too close
10-18 04:47:16.095 26036 26172 I FusedLocation: (REDACTED) location delivery to %s blocked - too fast
10-18 04:47:16.095 26036 26172 I FusedLocation: (REDACTED) location delivery to %s blocked - too fast
10-18 04:47:16.096 26036 26172 I FusedLocation: (REDACTED) location delivery to %s blocked - too close
10-18 04:47:16.099 26036 26172 I fyyu    : Received empty WiFi-RTT scan. [CONTEXT service_id=6 ]
10-18 04:47:16.111 15708 19060 I ReactNativeJS: '📍 Location selected:', { description: 'Bagalur, Tamil Nadu, India',
10-18 04:47:16.111 15708 19060 I ReactNativeJS:   coordinates: { latitude: 12.8303987, longitude: 77.86623689999999 },
10-18 04:47:16.111 15708 19060 I ReactNativeJS:   type: 'recent' }
10-18 04:47:16.111 15708 19060 I ReactNativeJS: ✅ Calling onLocationSelect with valid coordinates
10-18 04:47:16.111 15708 19060 I ReactNativeJS: 🔍 Destination location selected, validating zone...
10-18 04:47:16.111 15708 19060 I ReactNativeJS: '🔍 Selected destination:', { location: 'Bagalur, Tamil Nadu, India',
10-18 04:47:16.111 15708 19060 I ReactNativeJS:   coords: { latitude: 12.8303987, longitude: 77.86623689999999 } }
10-18 04:47:16.111 15708 19060 I ReactNativeJS: '🔍 Active zones for validation:', 2
10-18 04:47:16.111 15708 19060 I ReactNativeJS: 🔍 [ZONE-VALIDATION] Starting destination zone validation
10-18 04:47:16.111 15708 19060 I ReactNativeJS: '🔍 [ZONE-VALIDATION] Location:', 'Bagalur, Tamil Nadu, India'
10-18 04:47:16.112 15708 19060 I ReactNativeJS: '🔍 [ZONE-VALIDATION] Coordinates:', { latitude: 12.8303987, longitude: 77.86623689999999 }
10-18 04:47:16.112 15708 19060 I ReactNativeJS: '🔍 [ZONE-VALIDATION] Active zones available:', 2
10-18 04:47:16.112 15708 19060 I ReactNativeJS: '🔍 [ZONE-VALIDATION] Zone names:', [ 'Inner Ring', 'Outer Ring' ]
10-18 04:47:16.112 15708 19060 I ReactNativeJS: '🔍 [ZONE-VALIDATION] Full zone data:', '[\n  {\n    "id": "227fb7d8-2e9a-439b-b315-a28619795daa",\n    "name": "Inner Ring",\n    "city": "Hosur",\n    "state": "Tamil Nadu",\n    "coordinates": {\n      "type": "circle",\n      "center": {\n        "lat": 12.739137771576607,\n        "lng": 77.82861131744386\n      },\n      "radius": 7740.280633057722\n    },\n    "center_latitude": 12.73913777,\n    "center_longitude": 77.82861132,\n    "radius_km": 7.74,\n    "base_fare": 50,\n    "per_km_rate": 12,\n    "surge_multiplier": 1,\n    "is_active": true,\n    "created_at": "2025-10-14T06:53:07.902747+00:00",\n    "updated_at": "2025-10-14T06:53:07.902747+00:00"\n  },\n  {\n    "id": "743ead3b-5e3c-4812-9bd7-d056934e7ad5",\n    "name": "Outer Ring",\n    "city": "Hosur",\n    "state": "Tamil Nadu",\n    "coordinates": {\n      "type": "circle",\n      "center": {\n        "lat": 12.738133154875067,\n        "lng": 77.82916921691896\n      },\n      "radius": 13156.583388351022\n    },\n    "center_latitude": 12.73813315,\n    "center_longitude": 77.82916922,\n    "radius_km": 13.16,\n    "base_fare": 50,\n    "per_km_rate": 12,\n    "surge_multiplier": 1,\n    "is_active": true,\n    "created_at": "2025-10-14T06:53:40.388587+00:00",\n    "updated_at": "2025-10-14T06:53:40.388587+00:00"\n  }\n]'
10-18 04:47:16.113 15708 19060 I ReactNativeJS: '🔍 Checking if point is in service area:', { coordinates: { latitude: 12.8303987, longitude: 77.86623689999999 },
10-18 04:47:16.113 15708 19060 I ReactNativeJS:   zonesCount: 2,
10-18 04:47:16.113 15708 19060 I ReactNativeJS:   zones: 
10-18 04:47:16.113 15708 19060 I ReactNativeJS:    [ { name: 'Inner Ring',
10-18 04:47:16.113 15708 19060 I ReactNativeJS:        type: 'circle',
10-18 04:47:16.113 15708 19060 I ReactNativeJS:        radius_km: 7.74,
10-18 04:47:16.113 15708 19060 I ReactNativeJS:        center_lat: 12.73913777,
10-18 04:47:16.113 15708 19060 I ReactNativeJS:        center_lng: 77.82861132 },
10-18 04:47:16.113 15708 19060 I ReactNativeJS:      { name: 'Outer Ring',
10-18 04:47:16.113 15708 19060 I ReactNativeJS:        type: 'circle',
10-18 04:47:16.113 15708 19060 I ReactNativeJS:        radius_km: 13.16,
10-18 04:47:16.113 15708 19060 I ReactNativeJS:        center_lat: 12.73813315,
10-18 04:47:16.113 15708 19060 I ReactNativeJS:        center_lng: 77.82916922 } ] }
10-18 04:47:16.113 15708 19060 I ReactNativeJS: 🔍 Using circle-based zone validation
